collecting from 2631 replay JSON files → data/top10_winner_states.npz
  file 1/2631 (75829347.json): +420 | total=420 (0.3s)
  file 51/2631 (75830035.json): +442 | total=24234 (9.3s)
  file 101/2631 (75830413.json): +258 | total=47392 (18.7s)
  file 151/2631 (75830812.json): +390 | total=71036 (28.1s)
  file 201/2631 (75831430.json): +480 | total=95114 (38.0s)
  file 251/2631 (75832000.json): +800 | total=121688 (48.9s)
  file 301/2631 (75832740.json): +158 | total=147570 (59.9s)
  file 351/2631 (75833356.json): +352 | total=174058 (70.8s)
  file 401/2631 (75835388.json): +800 | total=198756 (81.1s)
  file 451/2631 (75835818.json): +394 | total=222232 (90.8s)
  file 501/2631 (75836056.json): +334 | total=246154 (100.9s)
  file 551/2631 (75836484.json): +526 | total=271318 (111.5s)
  file 601/2631 (75837698.json): +586 | total=295088 (121.7s)
  file 651/2631 (75838215.json): +438 | total=319208 (131.7s)
  file 701/2631 (75838792.json): +800 | total=344368 (143.0s)
  file 751/2631 (75839621.json): +504 | total=371874 (154.7s)
  file 801/2631 (75840896.json): +390 | total=394338 (164.1s)
  file 851/2631 (75841849.json): +800 | total=417990 (174.3s)
  file 901/2631 (75842504.json): +800 | total=444238 (185.3s)
  file 951/2631 (75843898.json): +416 | total=468084 (196.0s)
  file 1001/2631 (75844419.json): +324 | total=493354 (206.8s)
  file 1051/2631 (75845396.json): +366 | total=517772 (217.3s)
  file 1101/2631 (75846020.json): +508 | total=540372 (226.9s)
  file 1151/2631 (75847184.json): +800 | total=566216 (238.5s)
  file 1201/2631 (75848359.json): +624 | total=591004 (249.2s)
  file 1251/2631 (75848803.json): +250 | total=617040 (260.5s)
  file 1301/2631 (75849294.json): +362 | total=644630 (272.5s)
  file 1351/2631 (75850412.json): +426 | total=668382 (282.6s)
  file 1401/2631 (75850861.json): +416 | total=692356 (293.1s)
  file 1451/2631 (75852450.json): +264 | total=718494 (304.3s)
  file 1501/2631 (75853270.json): +800 | total=743370 (314.6s)
  file 1551/2631 (75853701.json): +340 | total=768940 (325.4s)
  file 1601/2631 (75854229.json): +316 | total=795646 (337.1s)
  file 1651/2631 (75855271.json): +740 | total=818798 (347.0s)
  file 1701/2631 (75856680.json): +376 | total=842604 (357.3s)
  file 1751/2631 (75859787.json): +294 | total=867146 (367.8s)
  file 1801/2631 (75861895.json): +692 | total=891154 (378.3s)
  file 1851/2631 (75862922.json): +392 | total=915254 (388.9s)
  file 1901/2631 (75863153.json): +300 | total=940450 (399.7s)
  file 1951/2631 (75864601.json): +426 | total=963952 (409.9s)
  file 2001/2631 (75864917.json): +800 | total=988210 (420.6s)
  file 2051/2631 (75866034.json): +704 | total=1011704 (430.8s)
  file 2101/2631 (75866956.json): +372 | total=1036560 (441.4s)
  file 2151/2631 (75867833.json): +800 | total=1060538 (451.9s)
  file 2201/2631 (75868631.json): +342 | total=1084266 (462.0s)
  file 2251/2631 (75870248.json): +364 | total=1109002 (472.7s)
  file 2301/2631 (75870515.json): +286 | total=1132908 (482.9s)
  file 2351/2631 (75871312.json): +364 | total=1158534 (494.1s)
  file 2401/2631 (75871599.json): +800 | total=1182258 (504.2s)
  file 2451/2631 (75872531.json): +576 | total=1207866 (515.2s)
  file 2501/2631 (75873397.json): +440 | total=1232802 (526.1s)
  file 2551/2631 (75873643.json): +800 | total=1259652 (538.0s)
  file 2601/2631 (75874781.json): +324 | total=1284120 (548.4s)
  file 2631/2631 (dataset-metadata.json): +0 | total=1298568 (554.8s)

stacking 1298568 states...
total states : 1298568
step range   : [0, 399] mean=35.6
  step [0,40): 1022686 (78.8%)
  step [40,80): 52640 (4.1%)
  step [80,120): 53074 (4.1%)
  step [120,160): 49072 (3.8%)
  step [160,200): 37902 (2.9%)
  step [200,239): 27166 (2.1%)
  step [239,279): 19062 (1.5%)
  step [279,319): 14580 (1.1%)
  step [319,359): 11836 (0.9%)
  step [359,399): 10550 (0.8%)

writing data/top10_winner_states.npz...
  size: 259.6 MB  |  2630/2631 files in 598.2s
