
=== [2026-06-11T00:23:50Z] v14d_binary_v2_a_p0i7_lr_peak_5e-05_16eb713b77 phase=a kind=probe chunk=400 env={"ORBITWARS_SHAPING_HOLD_BONUS": 0.004, "ORBITWARS_SHAPING_CAPTURE": 0.04, "ORBITWARS_SHAPING_RELEASE": 0.012, "ORBITWARS_SHAPING_RELEASE_K": 17.0, "ORBITWARS_SHAPING_PROD_SHARE_DELTA": 0.025, "ORBITWARS_SHAPING_ONE_SHIP_PENALTY": 0.04} ppo={"ent_coef_emit": 0.006, "lr_peak": 5e-05} ===
[reward] kaggle-aligned: terminal +1 win/+1 tie>0/-1 loss/-1 double-wipeout; is_terminal at step >= episode_steps-2; SHAPING_SCALE=0.0; v1: KEEP_HOME=0.0 FLEET_SIZE=0.0/norm20.0; v2 (expert-replay calibrated): PROD_SHARE=0.0 PLANET_SHARE=0.0 FLEET_LOG=0.0/ref500.0/floor0.3; v3 (top10-2630ep calibrated): PROD_SHARE_DELTA=0.025 EMIT_LOG=0.0 EMIT_GATED=0.0 RELEASE=0.012/K17.0 CAPTURE=0.04; episode_steps=500 (kaggle=500, mismatch=False)
[symmetric] Frog Parade style: same params drive BOTH players, no frozen/strong/buffer opponents, zero_sum_value=True
upd    0  steps    2048  sps 38  opp symm  loss +0.103  pg +0.1078  v 0.006  ev +0.39  adv_std 0.106  tR +0.00  ent[s/d/p/e] 0.28/1.15/1.05/0.19  emits 0.38  spf 11.7  z0 0.73  garr 13.9  tG 16  e2 0.08  nF 2.7  pS 0.06  ptS 0.06  fLog 0.38  pdΔ -0.4378  pkR 4.28  clip 0.03  kl +0.000
upd    1  steps    4096  sps 75  opp symm  loss +0.030  pg +0.0331  v 0.013  ev +0.43  adv_std 0.162  tR -1.00  ent[s/d/p/e] 0.67/1.08/1.03/0.39  emits 0.83  spf 11.9  z0 0.56  garr 12.1  tG 27  e2 0.22  nF 9.7  pS 0.10  ptS 0.10  fLog 0.37  pdΔ -0.3960  pkR 9.63  clip 0.09  kl +0.000
upd    2  steps    6144  sps 111  opp symm  loss +0.063  pg +0.0684  v 0.013  ev +0.52  adv_std 0.155  tR +1.00  ent[s/d/p/e] 1.00/1.41/1.01/0.48  emits 1.11  spf 14.1  z0 0.49  garr 13.8  tG 52  e2 0.28  nF 14.1  pS 0.16  ptS 0.15  fLog 0.38  pdΔ -0.3418  pkR 13.32  clip 0.14  kl -0.001
upd    3  steps    8192  sps 146  opp symm  loss +0.020  pg +0.0233  v 0.018  ev +0.33  adv_std 0.169  tR +0.33  ent[s/d/p/e] 1.26/1.63/0.97/0.53  emits 1.35  spf 16.5  z0 0.45  garr 15.9  tG 87  e2 0.34  nF 18.1  pS 0.20  ptS 0.19  fLog 0.39  pdΔ -0.2969  pkR 13.38  clip 0.19  kl +0.005
upd    4  steps   10240  sps 180  opp symm  loss +0.079  pg +0.0845  v 0.017  ev +0.36  adv_std 0.167  tR +1.00  ent[s/d/p/e] 1.38/1.74/1.01/0.57  emits 1.32  spf 20.4  z0 0.45  garr 21.4  tG 146  e2 0.32  nF 19.1  pS 0.24  ptS 0.24  fLog 0.41  pdΔ -0.2554  pkR 8.97  clip 0.32  kl +0.010
upd    5  steps   12288  sps 214  opp symm  loss +0.058  pg +0.0655  v 0.013  ev +0.41  adv_std 0.161  tR +1.00  ent[s/d/p/e] 1.51/1.89/1.04/0.59  emits 1.12  spf 24.6  z0 0.49  garr 26.8  tG 206  e2 0.27  nF 17.1  pS 0.27  ptS 0.26  fLog 0.44  pdΔ -0.2273  pkR 6.53  clip 0.40  kl +0.016
upd    6  steps   14336  sps 247  opp symm  loss +0.019  pg +0.0293  v 0.008  ev +0.57  adv_std 0.131  tR +0.33  ent[s/d/p/e] 1.61/1.98/1.04/0.59  emits 1.14  spf 30.4  z0 0.51  garr 30.2  tG 276  e2 0.28  nF 14.9  pS 0.31  ptS 0.29  fLog 0.46  pdΔ -0.1946  pkR 6.78  clip 0.47  kl +0.025
upd    7  steps   16384  sps 279  opp symm  loss -0.111  pg -0.1055  v 0.018  ev +0.32  adv_std 0.193  tR -0.33  ent[s/d/p/e] 1.65/1.98/1.01/0.60  emits 1.17  spf 31.5  z0 0.48  garr 30.5  tG 301  e2 0.29  nF 15.0  pS 0.31  ptS 0.31  fLog 0.46  pdΔ -0.1896  pkR 8.27  clip 0.37  kl +0.017
upd    8  steps   18432  sps 310  opp symm  loss +0.010  pg +0.0201  v 0.010  ev +0.39  adv_std 0.131  tR +0.00  ent[s/d/p/e] 1.61/1.92/1.00/0.57  emits 1.28  spf 29.6  z0 0.46  garr 29.7  tG 308  e2 0.32  nF 14.8  pS 0.31  ptS 0.31  fLog 0.45  pdΔ -0.1860  pkR 10.33  clip 0.26  kl +0.008
upd    9  steps   20480  sps 341  opp symm  loss -0.064  pg -0.0523  v 0.007  ev +0.49  adv_std 0.114  tR -1.00  ent[s/d/p/e] 1.66/1.97/1.05/0.58  emits 1.15  spf 31.8  z0 0.50  garr 30.6  tG 325  e2 0.28  nF 14.9  pS 0.32  ptS 0.32  fLog 0.47  pdΔ -0.1788  pkR 8.88  clip 0.32  kl +0.010
upd   10  steps   22528  sps 371  opp symm  loss -0.020  pg -0.0075  v 0.005  ev +0.68  adv_std 0.104  tR +0.33  ent[s/d/p/e] 1.70/2.02/1.08/0.56  emits 1.04  spf 33.4  z0 0.52  garr 33.5  tG 369  e2 0.26  nF 13.9  pS 0.34  ptS 0.33  fLog 0.48  pdΔ -0.1650  pkR 9.56  clip 0.28  kl +0.008
upd   11  steps   24576  sps 401  opp symm  loss +0.019  pg +0.0315  v 0.006  ev +0.81  adv_std 0.109  tR +0.33  ent[s/d/p/e] 1.72/2.02/1.04/0.56  emits 1.06  spf 36.1  z0 0.53  garr 33.4  tG 382  e2 0.26  nF 12.5  pS 0.34  ptS 0.33  fLog 0.48  pdΔ -0.1648  pkR 13.60  clip 0.28  kl +0.009
upd   12  steps   26624  sps 429  opp symm  loss -0.040  pg -0.0292  v 0.008  ev +0.84  adv_std 0.137  tR +0.33  ent[s/d/p/e] 1.69/2.01/1.05/0.55  emits 1.04  spf 33.1  z0 0.54  garr 28.7  tG 323  e2 0.25  nF 12.4  pS 0.32  ptS 0.31  fLog 0.48  pdΔ -0.1808  pkR 9.86  clip 0.28  kl +0.011
upd   13  steps   28672  sps 458  opp symm  loss -0.039  pg -0.0269  v 0.004  ev +0.92  adv_std 0.095  tR -1.00  ent[s/d/p/e] 1.75/2.06/0.99/0.53  emits 1.14  spf 33.5  z0 0.53  garr 29.9  tG 372  e2 0.26  nF 13.3  pS 0.33  ptS 0.32  fLog 0.47  pdΔ -0.1699  pkR 15.75  clip 0.29  kl +0.008
upd   14  steps   30720  sps 485  opp symm  loss -0.021  pg -0.0091  v 0.005  ev +0.94  adv_std 0.105  tR +0.00  ent[s/d/p/e] 1.71/2.03/1.02/0.53  emits 1.18  spf 33.8  z0 0.51  garr 31.7  tG 388  e2 0.27  nF 14.3  pS 0.33  ptS 0.33  fLog 0.48  pdΔ -0.1653  pkR 18.40  clip 0.24  kl +0.010
upd   15  steps   32768  sps 512  opp symm  loss +0.017  pg +0.0174  v 0.027  ev +0.77  adv_std 0.245  tR +0.13  ent[s/d/p/e] 1.62/1.99/1.02/0.48  emits 1.10  spf 30.5  z0 0.55  garr 23.2  tG 226  e2 0.25  nF 11.3  pS 0.26  ptS 0.26  fLog 0.47  pdΔ -0.2380  pkR 13.56  clip 0.25  kl +0.001
upd   16  steps   34816  sps 539  opp symm  loss +0.050  pg +0.0586  v 0.007  ev +0.82  adv_std 0.117  tR +0.00  ent[s/d/p/e] 1.21/1.68/1.03/0.45  emits 0.96  spf 22.0  z0 0.55  garr 18.0  tG 104  e2 0.23  nF 9.1  pS 0.18  ptS 0.18  fLog 0.45  pdΔ -0.3155  pkR 11.51  clip 0.23  kl +0.005
upd   17  steps   36864  sps 565  opp symm  loss +0.047  pg +0.0568  v 0.008  ev +0.88  adv_std 0.131  tR -1.00  ent[s/d/p/e] 1.31/1.72/1.14/0.53  emits 1.09  spf 24.5  z0 0.49  garr 21.7  tG 153  e2 0.27  nF 11.6  pS 0.23  ptS 0.23  fLog 0.45  pdΔ -0.2672  pkR 10.56  clip 0.21  kl +0.006
upd   18  steps   38912  sps 591  opp symm  loss +0.029  pg +0.0391  v 0.009  ev +0.93  adv_std 0.134  tR -0.50  ent[s/d/p/e] 1.47/1.89/1.15/0.59  emits 1.03  spf 27.7  z0 0.50  garr 28.1  tG 216  e2 0.26  nF 11.9  pS 0.27  ptS 0.26  fLog 0.47  pdΔ -0.2305  pkR 8.85  clip 0.27  kl +0.006
upd   19  steps   40960  sps 616  opp symm  loss +0.020  pg +0.0301  v 0.010  ev +0.92  adv_std 0.147  tR -0.33  ent[s/d/p/e] 1.59/2.00/1.17/0.58  emits 0.99  spf 32.6  z0 0.51  garr 33.0  tG 289  e2 0.24  nF 11.0  pS 0.31  ptS 0.29  fLog 0.49  pdΔ -0.1907  pkR 9.07  clip 0.18  kl +0.007
upd   20  steps   43008  sps 640  opp symm  loss +0.017  pg +0.0281  v 0.009  ev +0.94  adv_std 0.133  tR -0.43  ent[s/d/p/e] 1.68/2.11/1.10/0.59  emits 0.97  spf 37.9  z0 0.55  garr 34.6  tG 336  e2 0.24  nF 10.5  pS 0.33  ptS 0.31  fLog 0.51  pdΔ -0.1718  pkR 8.45  clip 0.21  kl +0.005
upd   21  steps   45056  sps 664  opp symm  loss -0.002  pg +0.0091  v 0.009  ev +0.94  adv_std 0.138  tR +0.50  ent[s/d/p/e] 1.67/2.10/1.20/0.56  emits 0.98  spf 40.7  z0 0.53  garr 35.5  tG 365  e2 0.23  nF 10.4  pS 0.33  ptS 0.32  fLog 0.51  pdΔ -0.1665  pkR 7.65  clip 0.20  kl +0.005
upd   22  steps   47104  sps 688  opp symm  loss +0.043  pg +0.0533  v 0.009  ev +0.95  adv_std 0.141  tR +0.33  ent[s/d/p/e] 1.67/2.06/1.14/0.56  emits 1.03  spf 42.2  z0 0.53  garr 34.8  tG 374  e2 0.24  nF 10.8  pS 0.34  ptS 0.33  fLog 0.51  pdΔ -0.1574  pkR 8.97  clip 0.15  kl +0.009
upd   23  steps   49152  sps 711  opp symm  loss +0.010  pg +0.0196  v 0.011  ev +0.95  adv_std 0.153  tR +1.00  ent[s/d/p/e] 1.55/1.96/1.15/0.55  emits 0.95  spf 36.3  z0 0.53  garr 31.9  tG 333  e2 0.23  nF 10.5  pS 0.32  ptS 0.30  fLog 0.49  pdΔ -0.1829  pkR 7.60  clip 0.20  kl +0.002
upd   24  steps   51200  sps 734  opp symm  loss +0.002  pg +0.0123  v 0.009  ev +0.96  adv_std 0.134  tR +0.00  ent[s/d/p/e] 1.53/1.94/1.19/0.54  emits 1.06  spf 32.4  z0 0.51  garr 28.8  tG 303  e2 0.25  nF 11.7  pS 0.30  ptS 0.29  fLog 0.48  pdΔ -0.1964  pkR 10.77  clip 0.19  kl +0.006
upd   25  steps   53248  sps 756  opp symm  loss +0.017  pg +0.0259  v 0.011  ev +0.95  adv_std 0.152  tR +1.00  ent[s/d/p/e] 1.54/1.96/1.14/0.53  emits 1.02  spf 34.9  z0 0.49  garr 31.8  tG 344  e2 0.24  nF 12.8  pS 0.32  ptS 0.31  fLog 0.49  pdΔ -0.1803  pkR 14.68  clip 0.22  kl -0.000
upd   26  steps   55296  sps 778  opp symm  loss +0.015  pg +0.0252  v 0.011  ev +0.96  adv_std 0.145  tR +1.00  ent[s/d/p/e] 1.62/2.01/1.18/0.56  emits 1.06  spf 34.6  z0 0.50  garr 30.2  tG 324  e2 0.25  nF 13.4  pS 0.33  ptS 0.31  fLog 0.49  pdΔ -0.1739  pkR 8.33  clip 0.26  kl +0.006
upd   27  steps   57344  sps 800  opp symm  loss +0.025  pg +0.0350  v 0.011  ev +0.96  adv_std 0.147  tR -0.33  ent[s/d/p/e] 1.62/2.04/1.18/0.56  emits 0.98  spf 36.4  z0 0.55  garr 33.8  tG 389  e2 0.22  nF 12.8  pS 0.34  ptS 0.32  fLog 0.50  pdΔ -0.1638  pkR 11.48  clip 0.10  kl +0.005
upd   28  steps   59392  sps 821  opp symm  loss -0.008  pg -0.0004  v 0.016  ev +0.94  adv_std 0.185  tR -0.50  ent[s/d/p/e] 1.66/2.07/1.20/0.55  emits 0.96  spf 38.6  z0 0.55  garr 39.4  tG 483  e2 0.23  nF 11.3  pS 0.36  ptS 0.34  fLog 0.50  pdΔ -0.1446  pkR 11.43  clip 0.20  kl +0.002
upd   29  steps   61440  sps 842  opp symm  loss -0.001  pg +0.0092  v 0.012  ev +0.96  adv_std 0.158  tR +0.00  ent[s/d/p/e] 1.69/2.02/1.20/0.58  emits 0.98  spf 41.7  z0 0.53  garr 40.6  tG 523  e2 0.24  nF 11.8  pS 0.38  ptS 0.37  fLog 0.50  pdΔ -0.1189  pkR 8.64  clip 0.14  kl -0.001
upd   30  steps   63488  sps 862  opp symm  loss +0.003  pg +0.0149  v 0.009  ev +0.97  adv_std 0.139  tR +0.43  ent[s/d/p/e] 1.74/2.11/1.20/0.57  emits 0.84  spf 49.9  z0 0.58  garr 47.2  tG 607  e2 0.20  nF 10.5  pS 0.40  ptS 0.38  fLog 0.54  pdΔ -0.1024  pkR 8.76  clip 0.17  kl +0.003
upd   31  steps   65536  sps 882  opp symm  loss +0.031  pg +0.0381  v 0.013  ev +0.94  adv_std 0.166  tR +0.29  ent[s/d/p/e] 1.38/1.82/1.16/0.50  emits 0.64  spf 40.8  z0 0.63  garr 35.8  tG 379  e2 0.16  nF 7.4  pS 0.27  ptS 0.26  fLog 0.51  pdΔ -0.2335  pkR 14.06  clip 0.22  kl +0.006
upd   32  steps   67584  sps 902  opp symm  loss +0.045  pg +0.0526  v 0.013  ev +0.94  adv_std 0.164  tR +0.00  ent[s/d/p/e] 1.34/1.78/1.12/0.55  emits 0.79  spf 36.4  z0 0.58  garr 33.2  tG 327  e2 0.20  nF 8.3  pS 0.26  ptS 0.25  fLog 0.49  pdΔ -0.2390  pkR 9.92  clip 0.22  kl +0.005
upd   33  steps   69632  sps 921  opp symm  loss +0.011  pg +0.0217  v 0.009  ev +0.97  adv_std 0.136  tR -1.00  ent[s/d/p/e] 1.49/1.90/1.17/0.59  emits 0.70  spf 41.1  z0 0.62  garr 35.7  tG 373  e2 0.17  nF 8.8  pS 0.29  ptS 0.28  fLog 0.51  pdΔ -0.2128  pkR 8.56  clip 0.09  kl +0.004
upd   34  steps   71680  sps 940  opp symm  loss +0.003  pg +0.0131  v 0.011  ev +0.96  adv_std 0.147  tR -0.25  ent[s/d/p/e] 1.54/1.96/1.21/0.59  emits 0.66  spf 44.4  z0 0.62  garr 41.8  tG 453  e2 0.16  nF 7.8  pS 0.31  ptS 0.30  fLog 0.52  pdΔ -0.1940  pkR 7.82  clip 0.09  kl +0.005
upd   35  steps   73728  sps 959  opp symm  loss +0.024  pg +0.0337  v 0.011  ev +0.96  adv_std 0.150  tR +0.50  ent[s/d/p/e] 1.45/1.89/1.17/0.57  emits 0.67  spf 39.9  z0 0.60  garr 46.2  tG 529  e2 0.16  nF 7.2  pS 0.31  ptS 0.30  fLog 0.51  pdΔ -0.1856  pkR 9.92  clip 0.23  kl +0.008
upd   36  steps   75776  sps 977  opp symm  loss -0.023  pg -0.0136  v 0.012  ev +0.96  adv_std 0.153  tR +0.50  ent[s/d/p/e] 1.45/1.92/1.13/0.58  emits 0.71  spf 45.7  z0 0.61  garr 51.6  tG 591  e2 0.17  nF 7.4  pS 0.31  ptS 0.30  fLog 0.52  pdΔ -0.1922  pkR 10.80  clip 0.11  kl +0.002
upd   37  steps   77824  sps 996  opp symm  loss +0.027  pg +0.0360  v 0.011  ev +0.96  adv_std 0.150  tR +0.50  ent[s/d/p/e] 1.40/1.88/1.24/0.56  emits 0.62  spf 36.8  z0 0.63  garr 51.8  tG 604  e2 0.13  nF 7.0  pS 0.30  ptS 0.29  fLog 0.50  pdΔ -0.2010  pkR 15.42  clip 0.10  kl +0.002
upd   38  steps   79872  sps 1013  opp symm  loss -0.007  pg +0.0038  v 0.008  ev +0.97  adv_std 0.129  tR -0.50  ent[s/d/p/e] 1.53/1.98/1.23/0.58  emits 0.61  spf 42.2  z0 0.64  garr 47.6  tG 457  e2 0.15  nF 6.6  pS 0.30  ptS 0.29  fLog 0.52  pdΔ -0.2044  pkR 18.76  clip 0.10  kl +0.005
upd   39  steps   81920  sps 1031  opp symm  loss +0.009  pg +0.0199  v 0.009  ev +0.97  adv_std 0.134  tR +0.00  ent[s/d/p/e] 1.57/2.03/1.28/0.57  emits 0.59  spf 46.8  z0 0.65  garr 47.9  tG 446  e2 0.13  nF 6.3  pS 0.29  ptS 0.28  fLog 0.54  pdΔ -0.2077  pkR 9.22  clip 0.14  kl +0.009
upd   40  steps   83968  sps 1048  opp symm  loss +0.000  pg +0.0104  v 0.010  ev +0.96  adv_std 0.144  tR -0.20  ent[s/d/p/e] 1.45/1.90/1.31/0.56  emits 0.55  spf 47.9  z0 0.65  garr 48.0  tG 450  e2 0.12  nF 6.0  pS 0.29  ptS 0.27  fLog 0.53  pdΔ -0.2144  pkR 10.25  clip 0.17  kl +0.006
upd   41  steps   86016  sps 1065  opp symm  loss +0.030  pg +0.0393  v 0.013  ev +0.95  adv_std 0.162  tR -0.20  ent[s/d/p/e] 1.50/1.99/1.28/0.53  emits 0.48  spf 53.1  z0 0.70  garr 51.5  tG 469  e2 0.11  nF 5.3  pS 0.28  ptS 0.27  fLog 0.55  pdΔ -0.2171  pkR 10.68  clip 0.13  kl +0.004
upd   42  steps   88064  sps 1082  opp symm  loss +0.009  pg +0.0191  v 0.010  ev +0.96  adv_std 0.143  tR +0.33  ent[s/d/p/e] 1.48/2.03/1.25/0.57  emits 0.52  spf 48.5  z0 0.67  garr 51.5  tG 476  e2 0.11  nF 5.7  pS 0.29  ptS 0.28  fLog 0.53  pdΔ -0.2142  pkR 6.77  clip 0.06  kl +0.001
upd   43  steps   90112  sps 1098  opp symm  loss +0.016  pg +0.0267  v 0.010  ev +0.96  adv_std 0.142  tR -0.43  ent[s/d/p/e] 1.56/2.10/1.27/0.55  emits 0.44  spf 61.1  z0 0.70  garr 57.8  tG 548  e2 0.10  nF 5.0  pS 0.30  ptS 0.29  fLog 0.57  pdΔ -0.2026  pkR 6.08  clip 0.09  kl +0.002
upd   44  steps   92160  sps 1114  opp symm  loss -0.001  pg +0.0094  v 0.011  ev +0.96  adv_std 0.146  tR +0.33  ent[s/d/p/e] 1.58/2.08/1.27/0.58  emits 0.52  spf 59.2  z0 0.67  garr 59.2  tG 562  e2 0.12  nF 4.8  pS 0.30  ptS 0.29  fLog 0.57  pdΔ -0.1968  pkR 6.18  clip 0.05  kl +0.002
upd   45  steps   94208  sps 1130  opp symm  loss -0.018  pg -0.0066  v 0.009  ev +0.97  adv_std 0.128  tR +0.00  ent[s/d/p/e] 1.67/2.14/1.27/0.57  emits 0.45  spf 61.1  z0 0.70  garr 65.3  tG 642  e2 0.10  nF 4.8  pS 0.32  ptS 0.31  fLog 0.58  pdΔ -0.1823  pkR 5.63  clip 0.07  kl +0.001
upd   46  steps   96256  sps 1146  opp symm  loss -0.008  pg +0.0028  v 0.011  ev +0.96  adv_std 0.147  tR +0.08  ent[s/d/p/e] 1.66/2.15/1.25/0.56  emits 0.48  spf 64.5  z0 0.70  garr 63.4  tG 617  e2 0.11  nF 4.5  pS 0.30  ptS 0.29  fLog 0.58  pdΔ -0.2014  pkR 6.11  clip 0.07  kl +0.002
upd   47  steps   98304  sps 1161  opp symm  loss -0.023  pg -0.0140  v 0.012  ev +0.94  adv_std 0.157  tR -0.20  ent[s/d/p/e] 1.52/2.10/1.27/0.53  emits 0.44  spf 57.2  z0 0.71  garr 48.7  tG 402  e2 0.10  nF 4.5  pS 0.24  ptS 0.24  fLog 0.56  pdΔ -0.2587  pkR 8.46  clip 0.06  kl +0.002
upd   48  steps  100352  sps 1176  opp symm  loss -0.023  pg -0.0124  v 0.011  ev +0.95  adv_std 0.147  tR -1.00  ent[s/d/p/e] 1.50/2.08/1.30/0.57  emits 0.46  spf 55.3  z0 0.70  garr 49.8  tG 402  e2 0.10  nF 4.5  pS 0.26  ptS 0.25  fLog 0.57  pdΔ -0.2446  pkR 8.07  clip 0.07  kl +0.002
upd   49  steps  102400  sps 1191  opp symm  loss +0.013  pg +0.0236  v 0.011  ev +0.95  adv_std 0.145  tR -0.33  ent[s/d/p/e] 1.54/2.15/1.34/0.57  emits 0.46  spf 56.0  z0 0.69  garr 57.6  tG 476  e2 0.10  nF 4.9  pS 0.28  ptS 0.28  fLog 0.57  pdΔ -0.2163  pkR 8.69  clip 0.09  kl +0.003
upd   50  steps  104448  sps 1206  opp symm  loss -0.014  pg -0.0015  v 0.007  ev +0.97  adv_std 0.117  tR +0.00  ent[s/d/p/e] 1.54/2.16/1.32/0.58  emits 0.42  spf 59.9  z0 0.72  garr 61.1  tG 486  e2 0.09  nF 4.8  pS 0.29  ptS 0.28  fLog 0.59  pdΔ -0.2123  pkR 5.98  clip 0.08  kl +0.004
upd   51  steps  106496  sps 1220  opp symm  loss -0.016  pg -0.0039  v 0.009  ev +0.97  adv_std 0.123  tR +1.00  ent[s/d/p/e] 1.57/2.20/1.37/0.53  emits 0.40  spf 66.0  z0 0.73  garr 70.7  tG 574  e2 0.08  nF 4.4  pS 0.30  ptS 0.29  fLog 0.60  pdΔ -0.2044  pkR 4.55  clip 0.16  kl +0.007
upd   52  steps  108544  sps 1235  opp symm  loss -0.032  pg -0.0199  v 0.009  ev +0.97  adv_std 0.123  tR +0.00  ent[s/d/p/e] 1.61/2.15/1.28/0.56  emits 0.39  spf 66.7  z0 0.72  garr 74.3  tG 641  e2 0.08  nF 4.2  pS 0.32  ptS 0.32  fLog 0.59  pdΔ -0.1768  pkR 4.91  clip 0.07  kl +0.005
upd   53  steps  110592  sps 1249  opp symm  loss +0.000  pg +0.0133  v 0.007  ev +0.98  adv_std 0.118  tR +0.00  ent[s/d/p/e] 1.75/2.29/1.35/0.56  emits 0.40  spf 76.6  z0 0.73  garr 79.3  tG 724  e2 0.08  nF 4.0  pS 0.33  ptS 0.33  fLog 0.63  pdΔ -0.1655  pkR 5.30  clip 0.09  kl +0.004
upd   54  steps  112640  sps 1263  opp symm  loss -0.014  pg -0.0021  v 0.009  ev +0.97  adv_std 0.129  tR -0.67  ent[s/d/p/e] 1.72/2.24/1.32/0.57  emits 0.42  spf 82.7  z0 0.71  garr 77.8  tG 768  e2 0.09  nF 3.6  pS 0.34  ptS 0.34  fLog 0.63  pdΔ -0.1563  pkR 6.46  clip 0.07  kl +0.004
upd   55  steps  114688  sps 1276  opp symm  loss -0.012  pg -0.0011  v 0.011  ev +0.96  adv_std 0.150  tR -0.14  ent[s/d/p/e] 1.73/2.28/1.32/0.57  emits 0.44  spf 79.6  z0 0.71  garr 72.6  tG 747  e2 0.09  nF 3.9  pS 0.35  ptS 0.35  fLog 0.63  pdΔ -0.1486  pkR 6.79  clip 0.09  kl +0.001
upd   56  steps  116736  sps 1290  opp symm  loss -0.033  pg -0.0223  v 0.010  ev +0.96  adv_std 0.140  tR +0.50  ent[s/d/p/e] 1.69/2.20/1.29/0.55  emits 0.42  spf 76.0  z0 0.70  garr 72.1  tG 763  e2 0.09  nF 4.1  pS 0.36  ptS 0.35  fLog 0.62  pdΔ -0.1383  pkR 5.66  clip 0.08  kl +0.004
upd   57  steps  118784  sps 1303  opp symm  loss -0.033  pg -0.0201  v 0.008  ev +0.97  adv_std 0.121  tR -0.50  ent[s/d/p/e] 1.80/2.32/1.34/0.57  emits 0.40  spf 86.5  z0 0.72  garr 81.7  tG 902  e2 0.08  nF 4.1  pS 0.38  ptS 0.37  fLog 0.64  pdΔ -0.1161  pkR 5.81  clip 0.09  kl +0.005
upd   58  steps  120832  sps 1316  opp symm  loss -0.015  pg -0.0028  v 0.010  ev +0.96  adv_std 0.141  tR -0.14  ent[s/d/p/e] 1.78/2.30/1.38/0.59  emits 0.45  spf 91.0  z0 0.71  garr 85.2  tG 953  e2 0.10  nF 4.3  pS 0.39  ptS 0.38  fLog 0.64  pdΔ -0.1080  pkR 7.21  clip 0.08  kl +0.002
upd   59  steps  122880  sps 1329  opp symm  loss -0.017  pg -0.0061  v 0.012  ev +0.95  adv_std 0.154  tR +0.43  ent[s/d/p/e] 1.73/2.32/1.38/0.57  emits 0.45  spf 101.8  z0 0.69  garr 84.5  tG 938  e2 0.09  nF 4.0  pS 0.37  ptS 0.36  fLog 0.66  pdΔ -0.1293  pkR 8.64  clip 0.08  kl +0.001
upd   60  steps  124928  sps 1342  opp symm  loss -0.020  pg -0.0101  v 0.013  ev +0.95  adv_std 0.162  tR +1.00  ent[s/d/p/e] 1.74/2.31/1.30/0.58  emits 0.49  spf 80.1  z0 0.70  garr 72.5  tG 776  e2 0.11  nF 4.3  pS 0.36  ptS 0.36  fLog 0.63  pdΔ -0.1363  pkR 6.73  clip 0.09  kl +0.003
upd   61  steps  126976  sps 1355  opp symm  loss -0.010  pg +0.0014  v 0.011  ev +0.96  adv_std 0.148  tR -0.50  ent[s/d/p/e] 1.73/2.33/1.33/0.61  emits 0.48  spf 80.5  z0 0.70  garr 75.9  tG 784  e2 0.11  nF 4.6  pS 0.37  ptS 0.36  fLog 0.63  pdΔ -0.1308  pkR 5.94  clip 0.08  kl +0.002
upd   62  steps  129024  sps 1367  opp symm  loss +0.002  pg +0.0130  v 0.012  ev +0.95  adv_std 0.146  tR +0.60  ent[s/d/p/e] 1.67/2.30/1.33/0.56  emits 0.45  spf 75.9  z0 0.70  garr 72.0  tG 716  e2 0.10  nF 4.1  pS 0.34  ptS 0.34  fLog 0.62  pdΔ -0.1552  pkR 8.42  clip 0.10  kl +0.001
upd   63  steps  131072  sps 1379  opp symm  loss -0.007  pg +0.0053  v 0.008  ev +0.97  adv_std 0.126  tR +0.50  ent[s/d/p/e] 1.56/2.21/1.39/0.56  emits 0.44  spf 71.8  z0 0.71  garr 63.9  tG 578  e2 0.10  nF 4.1  pS 0.31  ptS 0.31  fLog 0.62  pdΔ -0.1865  pkR 9.66  clip 0.10  kl +0.000
upd   64  steps  133120  sps 1391  opp symm  loss -0.023  pg -0.0123  v 0.012  ev +0.95  adv_std 0.156  tR -0.33  ent[s/d/p/e] 1.64/2.28/1.39/0.55  emits 0.44  spf 82.2  z0 0.72  garr 70.0  tG 671  e2 0.09  nF 3.9  pS 0.33  ptS 0.33  fLog 0.64  pdΔ -0.1679  pkR 6.71  clip 0.08  kl +0.005
upd   65  steps  135168  sps 1403  opp symm  loss +0.030  pg +0.0419  v 0.009  ev +0.96  adv_std 0.131  tR +1.00  ent[s/d/p/e] 1.68/2.30/1.30/0.54  emits 0.41  spf 89.0  z0 0.73  garr 75.7  tG 746  e2 0.09  nF 3.6  pS 0.34  ptS 0.33  fLog 0.64  pdΔ -0.1638  pkR 7.84  clip 0.11  kl +0.004
upd   66  steps  137216  sps 1415  opp symm  loss +0.000  pg +0.0141  v 0.006  ev +0.98  adv_std 0.100  tR -1.00  ent[s/d/p/e] 1.68/2.29/1.40/0.52  emits 0.35  spf 90.4  z0 0.76  garr 80.4  tG 746  e2 0.07  nF 3.4  pS 0.33  ptS 0.33  fLog 0.64  pdΔ -0.1715  pkR 8.37  clip 0.05  kl +0.001
upd   67  steps  139264  sps 1427  opp symm  loss -0.014  pg -0.0046  v 0.014  ev +0.95  adv_std 0.156  tR +0.50  ent[s/d/p/e] 1.68/2.32/1.46/0.50  emits 0.31  spf 105.1  z0 0.78  garr 83.6  tG 777  e2 0.06  nF 3.1  pS 0.33  ptS 0.33  fLog 0.68  pdΔ -0.1694  pkR 7.17  clip 0.08  kl +0.001
upd   68  steps  141312  sps 1438  opp symm  loss +0.007  pg +0.0191  v 0.008  ev +0.97  adv_std 0.114  tR +0.00  ent[s/d/p/e] 1.59/2.25/1.38/0.52  emits 0.34  spf 88.0  z0 0.76  garr 82.2  tG 754  e2 0.06  nF 2.9  pS 0.32  ptS 0.32  fLog 0.66  pdΔ -0.1797  pkR 8.77  clip 0.08  kl +0.004
upd   69  steps  143360  sps 1449  opp symm  loss +0.020  pg +0.0325  v 0.007  ev +0.97  adv_std 0.116  tR +0.00  ent[s/d/p/e] 1.63/2.33/1.35/0.47  emits 0.24  spf 98.5  z0 0.81  garr 93.6  tG 846  e2 0.04  nF 2.7  pS 0.33  ptS 0.33  fLog 0.67  pdΔ -0.1720  pkR 9.09  clip 0.06  kl -0.002
upd   70  steps  145408  sps 1460  opp symm  loss +0.011  pg +0.0211  v 0.011  ev +0.96  adv_std 0.134  tR +0.33  ent[s/d/p/e] 1.58/2.30/1.33/0.46  emits 0.25  spf 118.3  z0 0.82  garr 102.4  tG 901  e2 0.05  nF 2.2  pS 0.31  ptS 0.31  fLog 0.68  pdΔ -0.1916  pkR 9.31  clip 0.06  kl -0.000
upd   71  steps  147456  sps 1471  opp symm  loss -0.023  pg -0.0123  v 0.011  ev +0.96  adv_std 0.146  tR +0.00  ent[s/d/p/e] 1.46/2.22/1.35/0.49  emits 0.25  spf 96.0  z0 0.80  garr 90.2  tG 767  e2 0.04  nF 2.5  pS 0.29  ptS 0.29  fLog 0.65  pdΔ -0.2131  pkR 8.50  clip 0.07  kl +0.003
upd   72  steps  149504  sps 1482  opp symm  loss +0.011  pg +0.0200  v 0.012  ev +0.95  adv_std 0.162  tR -0.50  ent[s/d/p/e] 1.50/2.17/1.35/0.42  emits 0.24  spf 99.4  z0 0.82  garr 94.7  tG 828  e2 0.04  nF 2.4  pS 0.29  ptS 0.29  fLog 0.66  pdΔ -0.2063  pkR 8.37  clip 0.09  kl +0.004
upd   73  steps  151552  sps 1493  opp symm  loss +0.031  pg +0.0400  v 0.013  ev +0.95  adv_std 0.162  tR +0.43  ent[s/d/p/e] 1.53/2.22/1.35/0.45  emits 0.22  spf 99.2  z0 0.83  garr 95.6  tG 823  e2 0.03  nF 2.3  pS 0.28  ptS 0.29  fLog 0.65  pdΔ -0.2158  pkR 8.35  clip 0.06  kl +0.002
upd   74  steps  153600  sps 1504  opp symm  loss +0.028  pg +0.0373  v 0.011  ev +0.96  adv_std 0.151  tR +0.43  ent[s/d/p/e] 1.39/2.16/1.47/0.35  emits 0.19  spf 78.7  z0 0.85  garr 91.3  tG 733  e2 0.02  nF 1.8  pS 0.26  ptS 0.26  fLog 0.63  pdΔ -0.2366  pkR 6.41  clip 0.10  kl +0.005
upd   75  steps  155648  sps 1514  opp symm  loss -0.053  pg -0.0430  v 0.011  ev +0.96  adv_std 0.145  tR +1.00  ent[s/d/p/e] 1.46/2.21/1.37/0.41  emits 0.18  spf 101.3  z0 0.86  garr 97.1  tG 749  e2 0.03  nF 1.9  pS 0.26  ptS 0.26  fLog 0.66  pdΔ -0.2441  pkR 6.71  clip 0.07  kl +0.001
upd   76  steps  157696  sps 1524  opp symm  loss -0.037  pg -0.0261  v 0.010  ev +0.96  adv_std 0.134  tR -1.00  ent[s/d/p/e] 1.43/2.31/1.44/0.37  emits 0.16  spf 89.2  z0 0.87  garr 106.0  tG 773  e2 0.02  nF 1.6  pS 0.26  ptS 0.26  fLog 0.66  pdΔ -0.2443  pkR 5.67  clip 0.05  kl -0.000
upd   77  steps  159744  sps 1535  opp symm  loss -0.043  pg -0.0334  v 0.012  ev +0.95  adv_std 0.148  tR +0.00  ent[s/d/p/e] 1.55/2.36/1.42/0.39  emits 0.16  spf 113.6  z0 0.86  garr 115.3  tG 860  e2 0.02  nF 1.5  pS 0.26  ptS 0.26  fLog 0.68  pdΔ -0.2442  pkR 6.27  clip 0.04  kl +0.001
upd   78  steps  161792  sps 1545  opp symm  loss -0.033  pg -0.0223  v 0.010  ev +0.95  adv_std 0.129  tR -0.67  ent[s/d/p/e] 1.33/2.19/1.43/0.41  emits 0.19  spf 92.5  z0 0.84  garr 114.7  tG 919  e2 0.03  nF 1.6  pS 0.26  ptS 0.26  fLog 0.64  pdΔ -0.2372  pkR 7.28  clip 0.04  kl +0.001
upd   79  steps  163840  sps 1555  opp symm  loss -0.030  pg -0.0181  v 0.009  ev +0.96  adv_std 0.126  tR -1.00  ent[s/d/p/e] 1.40/2.18/1.51/0.46  emits 0.21  spf 96.6  z0 0.83  garr 122.6  tG 1042  e2 0.03  nF 1.9  pS 0.29  ptS 0.28  fLog 0.65  pdΔ -0.2139  pkR 7.40  clip 0.06  kl +0.005
upd   80  steps  165888  sps 1564  opp symm  loss +0.025  pg +0.0361  v 0.009  ev +0.95  adv_std 0.133  tR +1.00  ent[s/d/p/e] 1.52/2.28/1.41/0.47  emits 0.25  spf 104.8  z0 0.81  garr 125.3  tG 1098  e2 0.04  nF 2.1  pS 0.31  ptS 0.30  fLog 0.67  pdΔ -0.1899  pkR 8.00  clip 0.06  kl +0.002
upd   81  steps  167936  sps 1574  opp symm  loss -0.028  pg -0.0156  v 0.009  ev +0.95  adv_std 0.134  tR +0.00  ent[s/d/p/e] 1.71/2.39/1.39/0.49  emits 0.25  spf 125.9  z0 0.81  garr 132.1  tG 1175  e2 0.04  nF 2.1  pS 0.33  ptS 0.32  fLog 0.70  pdΔ -0.1682  pkR 8.09  clip 0.05  kl +0.001
upd   82  steps  169984  sps 1584  opp symm  loss -0.047  pg -0.0360  v 0.010  ev +0.96  adv_std 0.136  tR +0.00  ent[s/d/p/e] 1.65/2.29/1.37/0.48  emits 0.27  spf 110.5  z0 0.80  garr 129.7  tG 1123  e2 0.05  nF 2.2  pS 0.34  ptS 0.32  fLog 0.69  pdΔ -0.1634  pkR 8.50  clip 0.06  kl +0.002
upd   83  steps  172032  sps 1593  opp symm  loss -0.015  pg -0.0023  v 0.007  ev +0.97  adv_std 0.117  tR +0.20  ent[s/d/p/e] 1.64/2.26/1.36/0.49  emits 0.25  spf 106.4  z0 0.81  garr 125.1  tG 1088  e2 0.04  nF 2.2  pS 0.33  ptS 0.32  fLog 0.67  pdΔ -0.1664  pkR 5.55  clip 0.05  kl +0.002
upd   84  steps  174080  sps 1603  opp symm  loss +0.007  pg +0.0196  v 0.008  ev +0.97  adv_std 0.118  tR -1.00  ent[s/d/p/e] 1.63/2.29/1.42/0.45  emits 0.24  spf 112.4  z0 0.81  garr 119.3  tG 1037  e2 0.04  nF 2.2  pS 0.32  ptS 0.32  fLog 0.69  pdΔ -0.1759  pkR 6.33  clip 0.06  kl +0.002
upd   85  steps  176128  sps 1612  opp symm  loss -0.017  pg -0.0049  v 0.008  ev +0.97  adv_std 0.128  tR +0.50  ent[s/d/p/e] 1.63/2.24/1.35/0.45  emits 0.23  spf 103.7  z0 0.82  garr 120.9  tG 1022  e2 0.04  nF 2.1  pS 0.32  ptS 0.32  fLog 0.67  pdΔ -0.1763  pkR 5.50  clip 0.05  kl +0.002
upd   86  steps  178176  sps 1621  opp symm  loss -0.034  pg -0.0241  v 0.012  ev +0.96  adv_std 0.144  tR +0.14  ent[s/d/p/e] 1.61/2.27/1.41/0.47  emits 0.25  spf 103.8  z0 0.81  garr 126.6  tG 1061  e2 0.04  nF 2.1  pS 0.32  ptS 0.31  fLog 0.68  pdΔ -0.1765  pkR 5.49  clip 0.03  kl +0.001
upd   87  steps  180224  sps 1630  opp symm  loss +0.018  pg +0.0289  v 0.010  ev +0.96  adv_std 0.137  tR +0.20  ent[s/d/p/e] 1.56/2.16/1.44/0.46  emits 0.26  spf 95.7  z0 0.80  garr 114.6  tG 946  e2 0.05  nF 2.3  pS 0.31  ptS 0.30  fLog 0.66  pdΔ -0.1865  pkR 5.21  clip 0.07  kl +0.001
upd   88  steps  182272  sps 1639  opp symm  loss -0.016  pg -0.0051  v 0.011  ev +0.95  adv_std 0.146  tR -0.50  ent[s/d/p/e] 1.55/2.18/1.47/0.46  emits 0.24  spf 84.2  z0 0.82  garr 113.6  tG 885  e2 0.04  nF 2.3  pS 0.31  ptS 0.30  fLog 0.65  pdΔ -0.1909  pkR 4.27  clip 0.06  kl +0.000
upd   89  steps  184320  sps 1648  opp symm  loss -0.017  pg -0.0095  v 0.017  ev +0.93  adv_std 0.177  tR -0.11  ent[s/d/p/e] 1.53/2.19/1.46/0.48  emits 0.25  spf 87.4  z0 0.81  garr 107.7  tG 857  e2 0.05  nF 2.3  pS 0.30  ptS 0.29  fLog 0.65  pdΔ -0.1958  pkR 4.08  clip 0.08  kl +0.001
upd   90  steps  186368  sps 1656  opp symm  loss -0.027  pg -0.0168  v 0.012  ev +0.94  adv_std 0.153  tR -0.67  ent[s/d/p/e] 1.54/2.18/1.43/0.44  emits 0.23  spf 82.0  z0 0.82  garr 107.0  tG 873  e2 0.04  nF 2.1  pS 0.31  ptS 0.29  fLog 0.65  pdΔ -0.1887  pkR 4.35  clip 0.07  kl +0.000
upd   91  steps  188416  sps 1665  opp symm  loss -0.032  pg -0.0192  v 0.007  ev +0.97  adv_std 0.109  tR +1.00  ent[s/d/p/e] 1.65/2.31/1.36/0.48  emits 0.24  spf 96.7  z0 0.82  garr 119.7  tG 1015  e2 0.04  nF 2.1  pS 0.33  ptS 0.32  fLog 0.67  pdΔ -0.1686  pkR 4.49  clip 0.07  kl +0.001
upd   92  steps  190464  sps 1674  opp symm  loss -0.061  pg -0.0486  v 0.009  ev +0.96  adv_std 0.120  tR +1.00  ent[s/d/p/e] 1.69/2.35/1.34/0.48  emits 0.21  spf 110.6  z0 0.84  garr 136.2  tG 1189  e2 0.04  nF 2.1  pS 0.35  ptS 0.33  fLog 0.70  pdΔ -0.1542  pkR 4.87  clip 0.04  kl +0.003
upd   93  steps  192512  sps 1682  opp symm  loss -0.015  pg -0.0041  v 0.011  ev +0.95  adv_std 0.140  tR +0.75  ent[s/d/p/e] 1.72/2.36/1.28/0.50  emits 0.28  spf 105.6  z0 0.79  garr 130.8  tG 1155  e2 0.05  nF 2.4  pS 0.34  ptS 0.33  fLog 0.69  pdΔ -0.1628  pkR 6.22  clip 0.07  kl +0.002
upd   94  steps  194560  sps 1690  opp symm  loss -0.029  pg -0.0206  v 0.015  ev +0.94  adv_std 0.173  tR +0.50  ent[s/d/p/e] 1.68/2.31/1.25/0.48  emits 0.31  spf 93.9  z0 0.78  garr 110.9  tG 982  e2 0.06  nF 2.8  pS 0.33  ptS 0.32  fLog 0.66  pdΔ -0.1733  pkR 8.02  clip 0.04  kl -0.000
upd   95  steps  196608  sps 1699  opp symm  loss +0.001  pg +0.0125  v 0.009  ev +0.97  adv_std 0.127  tR +0.00  ent[s/d/p/e] 1.77/2.33/1.23/0.46  emits 0.27  spf 92.5  z0 0.81  garr 107.0  tG 973  e2 0.05  nF 2.7  pS 0.34  ptS 0.32  fLog 0.66  pdΔ -0.1622  pkR 9.08  clip 0.05  kl +0.002
upd   96  steps  198656  sps 1707  opp symm  loss +0.007  pg +0.0189  v 0.009  ev +0.96  adv_std 0.134  tR +1.00  ent[s/d/p/e] 1.76/2.29/1.25/0.50  emits 0.27  spf 93.3  z0 0.80  garr 118.6  tG 1086  e2 0.05  nF 2.6  pS 0.35  ptS 0.34  fLog 0.66  pdΔ -0.1538  pkR 8.70  clip 0.05  kl +0.002
upd   97  steps  200704  sps 1715  opp symm  loss -0.004  pg +0.0075  v 0.008  ev +0.97  adv_std 0.126  tR +1.00  ent[s/d/p/e] 1.82/2.27/1.19/0.49  emits 0.26  spf 92.0  z0 0.80  garr 123.0  tG 1143  e2 0.05  nF 2.5  pS 0.36  ptS 0.35  fLog 0.66  pdΔ -0.1434  pkR 9.42  clip 0.03  kl +0.002
upd   98  steps  202752  sps 1723  opp symm  loss -0.054  pg -0.0424  v 0.009  ev +0.97  adv_std 0.131  tR +0.20  ent[s/d/p/e] 1.85/2.24/1.18/0.51  emits 0.30  spf 107.9  z0 0.78  garr 121.3  tG 1161  e2 0.05  nF 2.7  pS 0.37  ptS 0.36  fLog 0.69  pdΔ -0.1345  pkR 8.58  clip 0.07  kl +0.005
[eval_vs_v20] u99 tag=train_u99  bin0=0.0%  spf=27.67  garr=127.46  flip=37.50%  z0=69.7%  e8=0.0%  e2+=0.4%  WLD=0/3/0
upd   99  steps  204800  sps 1731  opp symm  loss -0.067  pg -0.0558  v 0.009  ev +0.97  adv_std 0.132  tR +0.14  ent[s/d/p/e] 1.70/2.17/1.18/0.49  emits 0.29  spf 91.5  z0 0.79  garr 111.8  tG 976  e2 0.06  nF 2.7  pS 0.34  ptS 0.33  fLog 0.66  pdΔ -0.1611  pkR 5.38  clip 0.05  kl +0.001 WRr 1.00 v20[spf 27.7 flip 37.5% e2+ 0.4%]
upd  100  steps  206848  sps 939  opp symm  loss -0.006  pg +0.0037  v 0.010  ev +0.96  adv_std 0.143  tR -1.00  ent[s/d/p/e] 1.77/2.20/1.08/0.51  emits 0.31  spf 88.3  z0 0.78  garr 107.8  tG 924  e2 0.06  nF 2.8  pS 0.33  ptS 0.33  fLog 0.66  pdΔ -0.1694  pkR 5.55  clip 0.06  kl +0.003
upd  101  steps  208896  sps 946  opp symm  loss +0.014  pg +0.0233  v 0.010  ev +0.96  adv_std 0.147  tR -0.50  ent[s/d/p/e] 1.76/2.25/1.03/0.46  emits 0.27  spf 98.5  z0 0.80  garr 114.1  tG 1020  e2 0.05  nF 2.8  pS 0.34  ptS 0.34  fLog 0.67  pdΔ -0.1579  pkR 5.51  clip 0.07  kl +0.001
upd  102  steps  210944  sps 952  opp symm  loss -0.015  pg -0.0038  v 0.009  ev +0.97  adv_std 0.130  tR -0.50  ent[s/d/p/e] 1.78/2.29/1.03/0.47  emits 0.27  spf 99.3  z0 0.80  garr 115.0  tG 1031  e2 0.04  nF 2.4  pS 0.34  ptS 0.33  fLog 0.67  pdΔ -0.1611  pkR 5.41  clip 0.06  kl +0.003
upd  103  steps  212992  sps 959  opp symm  loss -0.003  pg +0.0072  v 0.009  ev +0.97  adv_std 0.129  tR +0.43  ent[s/d/p/e] 1.68/2.24/1.05/0.45  emits 0.22  spf 93.7  z0 0.84  garr 110.4  tG 981  e2 0.04  nF 2.5  pS 0.32  ptS 0.32  fLog 0.66  pdΔ -0.1767  pkR 7.06  clip 0.04  kl -0.002
upd  104  steps  215040  sps 965  opp symm  loss +0.002  pg +0.0119  v 0.009  ev +0.96  adv_std 0.131  tR +0.60  ent[s/d/p/e] 1.56/2.21/1.08/0.45  emits 0.25  spf 88.7  z0 0.81  garr 105.9  tG 816  e2 0.05  nF 2.4  pS 0.29  ptS 0.28  fLog 0.65  pdΔ -0.2094  pkR 7.73  clip 0.04  kl -0.000
upd  105  steps  217088  sps 972  opp symm  loss +0.019  pg +0.0285  v 0.010  ev +0.96  adv_std 0.142  tR -1.00  ent[s/d/p/e] 1.47/2.13/1.14/0.45  emits 0.22  spf 75.2  z0 0.83  garr 107.1  tG 809  e2 0.03  nF 2.3  pS 0.29  ptS 0.28  fLog 0.63  pdΔ -0.2066  pkR 6.37  clip 0.04  kl -0.000
upd  106  steps  219136  sps 978  opp symm  loss -0.070  pg -0.0593  v 0.007  ev +0.97  adv_std 0.111  tR +0.33  ent[s/d/p/e] 1.40/2.14/1.20/0.43  emits 0.20  spf 79.2  z0 0.85  garr 106.7  tG 804  e2 0.03  nF 2.0  pS 0.29  ptS 0.28  fLog 0.64  pdΔ -0.2142  pkR 6.63  clip 0.03  kl +0.002
upd  107  steps  221184  sps 984  opp symm  loss +0.007  pg +0.0167  v 0.011  ev +0.96  adv_std 0.147  tR -0.33  ent[s/d/p/e] 1.51/2.13/1.18/0.46  emits 0.23  spf 83.0  z0 0.82  garr 109.0  tG 868  e2 0.04  nF 2.3  pS 0.29  ptS 0.28  fLog 0.64  pdΔ -0.2139  pkR 7.18  clip 0.05  kl +0.000
upd  108  steps  223232  sps 990  opp symm  loss -0.044  pg -0.0334  v 0.008  ev +0.97  adv_std 0.128  tR -0.33  ent[s/d/p/e] 1.58/2.16/1.25/0.46  emits 0.25  spf 86.3  z0 0.81  garr 115.1  tG 919  e2 0.04  nF 2.5  pS 0.30  ptS 0.29  fLog 0.64  pdΔ -0.1990  pkR 7.35  clip 0.04  kl +0.001
upd  109  steps  225280  sps 997  opp symm  loss +0.003  pg +0.0125  v 0.012  ev +0.95  adv_std 0.157  tR -1.00  ent[s/d/p/e] 1.59/2.15/1.23/0.44  emits 0.22  spf 87.5  z0 0.83  garr 111.2  tG 905  e2 0.04  nF 2.4  pS 0.31  ptS 0.30  fLog 0.65  pdΔ -0.1938  pkR 6.30  clip 0.06  kl +0.001
upd  110  steps  227328  sps 1003  opp symm  loss -0.028  pg -0.0193  v 0.011  ev +0.95  adv_std 0.147  tR -0.33  ent[s/d/p/e] 1.59/2.15/1.18/0.44  emits 0.22  spf 88.1  z0 0.83  garr 116.7  tG 980  e2 0.03  nF 2.3  pS 0.31  ptS 0.31  fLog 0.65  pdΔ -0.1862  pkR 5.35  clip 0.04  kl +0.001
upd  111  steps  229376  sps 1009  opp symm  loss -0.009  pg +0.0012  v 0.010  ev +0.96  adv_std 0.131  tR +0.50  ent[s/d/p/e] 1.63/2.10/1.18/0.48  emits 0.23  spf 79.9  z0 0.82  garr 118.7  tG 1016  e2 0.04  nF 2.5  pS 0.32  ptS 0.32  fLog 0.63  pdΔ -0.1801  pkR 5.25  clip 0.08  kl +0.003
upd  112  steps  231424  sps 1015  opp symm  loss +0.011  pg +0.0231  v 0.007  ev +0.98  adv_std 0.109  tR -1.00  ent[s/d/p/e] 1.73/2.28/1.16/0.43  emits 0.21  spf 97.6  z0 0.83  garr 130.3  tG 1150  e2 0.03  nF 2.2  pS 0.34  ptS 0.34  fLog 0.66  pdΔ -0.1602  pkR 5.33  clip 0.07  kl +0.001
upd  113  steps  233472  sps 1021  opp symm  loss -0.020  pg -0.0074  v 0.006  ev +0.98  adv_std 0.104  tR +0.60  ent[s/d/p/e] 1.74/2.28/1.13/0.47  emits 0.23  spf 97.8  z0 0.83  garr 142.7  tG 1238  e2 0.04  nF 2.0  pS 0.34  ptS 0.34  fLog 0.67  pdΔ -0.1598  pkR 5.37  clip 0.08  kl +0.002
upd  114  steps  235520  sps 1027  opp symm  loss -0.028  pg -0.0165  v 0.007  ev +0.97  adv_std 0.112  tR +0.60  ent[s/d/p/e] 1.74/2.29/1.19/0.42  emits 0.21  spf 93.4  z0 0.84  garr 140.8  tG 1164  e2 0.04  nF 2.2  pS 0.33  ptS 0.32  fLog 0.66  pdΔ -0.1747  pkR 6.50  clip 0.05  kl +0.001
upd  115  steps  237568  sps 1033  opp symm  loss -0.017  pg -0.0061  v 0.007  ev +0.97  adv_std 0.120  tR +0.50  ent[s/d/p/e] 1.65/2.21/1.15/0.47  emits 0.20  spf 83.2  z0 0.84  garr 136.6  tG 1071  e2 0.04  nF 2.2  pS 0.31  ptS 0.31  fLog 0.66  pdΔ -0.1859  pkR 6.60  clip 0.07  kl +0.002
upd  116  steps  239616  sps 1039  opp symm  loss -0.029  pg -0.0188  v 0.009  ev +0.97  adv_std 0.128  tR -0.20  ent[s/d/p/e] 1.65/2.22/1.13/0.47  emits 0.25  spf 91.8  z0 0.81  garr 152.8  tG 1172  e2 0.04  nF 2.4  pS 0.32  ptS 0.31  fLog 0.65  pdΔ -0.1810  pkR 5.91  clip 0.04  kl +0.001
upd  117  steps  241664  sps 1045  opp symm  loss -0.008  pg +0.0013  v 0.011  ev +0.95  adv_std 0.144  tR -1.00  ent[s/d/p/e] 1.69/2.26/1.09/0.49  emits 0.26  spf 103.3  z0 0.80  garr 148.9  tG 1207  e2 0.04  nF 2.4  pS 0.34  ptS 0.33  fLog 0.67  pdΔ -0.1629  pkR 6.73  clip 0.03  kl +0.001
upd  118  steps  243712  sps 1051  opp symm  loss +0.029  pg +0.0395  v 0.009  ev +0.96  adv_std 0.126  tR -0.33  ent[s/d/p/e] 1.71/2.23/1.13/0.49  emits 0.29  spf 92.8  z0 0.79  garr 144.5  tG 1196  e2 0.06  nF 2.5  pS 0.34  ptS 0.34  fLog 0.66  pdΔ -0.1560  pkR 4.85  clip 0.07  kl +0.002
upd  119  steps  245760  sps 1057  opp symm  loss -0.024  pg -0.0142  v 0.011  ev +0.94  adv_std 0.147  tR +0.67  ent[s/d/p/e] 1.67/2.13/1.16/0.48  emits 0.25  spf 94.7  z0 0.81  garr 139.6  tG 1145  e2 0.05  nF 2.5  pS 0.34  ptS 0.33  fLog 0.66  pdΔ -0.1611  pkR 4.79  clip 0.05  kl +0.002
upd  120  steps  247808  sps 1063  opp symm  loss +0.018  pg +0.0284  v 0.009  ev +0.95  adv_std 0.133  tR +0.60  ent[s/d/p/e] 1.71/2.16/1.20/0.49  emits 0.29  spf 99.4  z0 0.80  garr 145.0  tG 1220  e2 0.06  nF 2.3  pS 0.35  ptS 0.34  fLog 0.67  pdΔ -0.1526  pkR 5.62  clip 0.07  kl +0.000
upd  121  steps  249856  sps 1069  opp symm  loss -0.013  pg -0.0011  v 0.007  ev +0.96  adv_std 0.114  tR +0.00  ent[s/d/p/e] 1.65/2.14/1.24/0.46  emits 0.24  spf 92.7  z0 0.81  garr 138.2  tG 1199  e2 0.04  nF 2.4  pS 0.34  ptS 0.34  fLog 0.67  pdΔ -0.1603  pkR 6.49  clip 0.06  kl +0.002
upd  122  steps  251904  sps 1075  opp symm  loss +0.022  pg +0.0331  v 0.010  ev +0.94  adv_std 0.136  tR +0.33  ent[s/d/p/e] 1.65/2.16/1.31/0.45  emits 0.27  spf 97.6  z0 0.81  garr 134.2  tG 1190  e2 0.05  nF 2.3  pS 0.34  ptS 0.34  fLog 0.68  pdΔ -0.1596  pkR 5.95  clip 0.04  kl +0.001
upd  123  steps  253952  sps 1080  opp symm  loss -0.026  pg -0.0132  v 0.006  ev +0.97  adv_std 0.108  tR +1.00  ent[s/d/p/e] 1.69/2.21/1.34/0.46  emits 0.24  spf 110.7  z0 0.82  garr 148.9  tG 1298  e2 0.04  nF 2.3  pS 0.35  ptS 0.35  fLog 0.70  pdΔ -0.1471  pkR 4.53  clip 0.05  kl +0.001
upd  124  steps  256000  sps 1086  opp symm  loss -0.016  pg -0.0042  v 0.009  ev +0.97  adv_std 0.124  tR +0.33  ent[s/d/p/e] 1.65/2.23/1.39/0.48  emits 0.23  spf 111.4  z0 0.82  garr 151.2  tG 1279  e2 0.04  nF 2.2  pS 0.35  ptS 0.34  fLog 0.70  pdΔ -0.1528  pkR 5.27  clip 0.06  kl +0.004
upd  125  steps  258048  sps 1092  opp symm  loss -0.051  pg -0.0384  v 0.007  ev +0.97  adv_std 0.121  tR -0.50  ent[s/d/p/e] 1.64/2.21/1.36/0.43  emits 0.22  spf 118.3  z0 0.83  garr 158.6  tG 1379  e2 0.04  nF 2.1  pS 0.35  ptS 0.34  fLog 0.70  pdΔ -0.1479  pkR 4.97  clip 0.06  kl +0.001
upd  126  steps  260096  sps 1097  opp symm  loss -0.019  pg -0.0077  v 0.009  ev +0.97  adv_std 0.135  tR +1.00  ent[s/d/p/e] 1.71/2.21/1.31/0.46  emits 0.22  spf 122.9  z0 0.84  garr 155.2  tG 1345  e2 0.04  nF 2.1  pS 0.35  ptS 0.35  fLog 0.71  pdΔ -0.1451  pkR 5.35  clip 0.06  kl +0.002
upd  127  steps  262144  sps 1103  opp symm  loss +0.007  pg +0.0184  v 0.009  ev +0.97  adv_std 0.133  tR -0.33  ent[s/d/p/e] 1.70/2.24/1.33/0.41  emits 0.20  spf 120.0  z0 0.84  garr 162.2  tG 1417  e2 0.03  nF 1.7  pS 0.35  ptS 0.35  fLog 0.71  pdΔ -0.1470  pkR 5.59  clip 0.06  kl +0.001
upd  128  steps  264192  sps 1109  opp symm  loss -0.027  pg -0.0138  v 0.005  ev +0.98  adv_std 0.100  tR +1.00  ent[s/d/p/e] 1.73/2.27/1.35/0.45  emits 0.21  spf 127.7  z0 0.84  garr 172.6  tG 1440  e2 0.04  nF 1.9  pS 0.35  ptS 0.35  fLog 0.72  pdΔ -0.1497  pkR 3.88  clip 0.08  kl +0.000
upd  129  steps  266240  sps 1114  opp symm  loss -0.029  pg -0.0162  v 0.006  ev +0.98  adv_std 0.110  tR +0.14  ent[s/d/p/e] 1.71/2.28/1.28/0.41  emits 0.22  spf 120.1  z0 0.83  garr 166.9  tG 1412  e2 0.04  nF 1.8  pS 0.34  ptS 0.33  fLog 0.71  pdΔ -0.1599  pkR 3.90  clip 0.04  kl +0.001
upd  130  steps  268288  sps 1120  opp symm  loss -0.031  pg -0.0209  v 0.011  ev +0.97  adv_std 0.143  tR +0.00  ent[s/d/p/e] 1.69/2.20/1.28/0.45  emits 0.22  spf 112.1  z0 0.83  garr 162.5  tG 1377  e2 0.04  nF 1.9  pS 0.33  ptS 0.33  fLog 0.69  pdΔ -0.1652  pkR 4.74  clip 0.05  kl +0.000
upd  131  steps  270336  sps 1125  opp symm  loss -0.009  pg +0.0019  v 0.009  ev +0.97  adv_std 0.134  tR -1.00  ent[s/d/p/e] 1.69/2.21/1.29/0.44  emits 0.23  spf 115.3  z0 0.83  garr 155.1  tG 1342  e2 0.04  nF 2.0  pS 0.33  ptS 0.33  fLog 0.70  pdΔ -0.1660  pkR 5.16  clip 0.05  kl -0.002
upd  132  steps  272384  sps 1131  opp symm  loss -0.026  pg -0.0154  v 0.010  ev +0.97  adv_std 0.131  tR +0.33  ent[s/d/p/e] 1.60/2.20/1.34/0.44  emits 0.19  spf 103.9  z0 0.85  garr 152.0  tG 1281  e2 0.03  nF 1.9  pS 0.33  ptS 0.32  fLog 0.69  pdΔ -0.1742  pkR 5.47  clip 0.05  kl +0.001
upd  133  steps  274432  sps 1136  opp symm  loss -0.013  pg -0.0017  v 0.009  ev +0.97  adv_std 0.126  tR +0.50  ent[s/d/p/e] 1.63/2.25/1.38/0.42  emits 0.22  spf 109.9  z0 0.83  garr 144.5  tG 1198  e2 0.04  nF 1.9  pS 0.32  ptS 0.32  fLog 0.70  pdΔ -0.1764  pkR 4.84  clip 0.06  kl +0.003
upd  134  steps  276480  sps 1142  opp symm  loss -0.010  pg +0.0009  v 0.011  ev +0.96  adv_std 0.151  tR +0.33  ent[s/d/p/e] 1.63/2.29/1.44/0.47  emits 0.21  spf 114.7  z0 0.84  garr 147.0  tG 1221  e2 0.04  nF 1.9  pS 0.33  ptS 0.32  fLog 0.70  pdΔ -0.1689  pkR 5.43  clip 0.07  kl +0.006
upd  135  steps  278528  sps 1147  opp symm  loss -0.023  pg -0.0117  v 0.009  ev +0.97  adv_std 0.138  tR +0.33  ent[s/d/p/e] 1.48/2.23/1.38/0.42  emits 0.22  spf 118.4  z0 0.83  garr 138.2  tG 1173  e2 0.03  nF 1.9  pS 0.31  ptS 0.30  fLog 0.70  pdΔ -0.1915  pkR 6.13  clip 0.08  kl +0.002
upd  136  steps  280576  sps 1152  opp symm  loss -0.022  pg -0.0137  v 0.016  ev +0.94  adv_std 0.181  tR -0.67  ent[s/d/p/e] 1.54/2.28/1.41/0.46  emits 0.20  spf 118.3  z0 0.84  garr 134.3  tG 1160  e2 0.03  nF 1.9  pS 0.30  ptS 0.30  fLog 0.71  pdΔ -0.1977  pkR 6.45  clip 0.04  kl +0.002
upd  137  steps  282624  sps 1158  opp symm  loss +0.008  pg +0.0169  v 0.014  ev +0.94  adv_std 0.160  tR +0.60  ent[s/d/p/e] 1.52/2.24/1.29/0.45  emits 0.24  spf 110.8  z0 0.82  garr 120.6  tG 1088  e2 0.04  nF 2.1  pS 0.31  ptS 0.31  fLog 0.68  pdΔ -0.1891  pkR 6.00  clip 0.05  kl +0.001
upd  138  steps  284672  sps 1163  opp symm  loss -0.015  pg -0.0059  v 0.013  ev +0.95  adv_std 0.157  tR +1.00  ent[s/d/p/e] 1.55/2.29/1.26/0.44  emits 0.22  spf 107.5  z0 0.84  garr 130.0  tG 1151  e2 0.04  nF 2.1  pS 0.33  ptS 0.32  fLog 0.69  pdΔ -0.1736  pkR 5.36  clip 0.02  kl -0.000
upd  139  steps  286720  sps 1168  opp symm  loss +0.014  pg +0.0252  v 0.009  ev +0.97  adv_std 0.130  tR +0.50  ent[s/d/p/e] 1.54/2.25/1.31/0.45  emits 0.22  spf 115.2  z0 0.83  garr 146.8  tG 1279  e2 0.04  nF 1.9  pS 0.35  ptS 0.34  fLog 0.71  pdΔ -0.1521  pkR 4.93  clip 0.06  kl +0.001
upd  140  steps  288768  sps 1173  opp symm  loss +0.019  pg +0.0247  v 0.019  ev +0.90  adv_std 0.199  tR -0.33  ent[s/d/p/e] 1.51/2.25/1.35/0.46  emits 0.22  spf 122.7  z0 0.83  garr 139.8  tG 1273  e2 0.04  nF 1.7  pS 0.36  ptS 0.35  fLog 0.71  pdΔ -0.1413  pkR 4.59  clip 0.05  kl +0.001
upd  141  steps  290816  sps 1179  opp symm  loss +0.029  pg +0.0385  v 0.011  ev +0.94  adv_std 0.148  tR +1.00  ent[s/d/p/e] 1.50/2.30/1.37/0.41  emits 0.22  spf 113.9  z0 0.83  garr 146.6  tG 1319  e2 0.04  nF 1.8  pS 0.36  ptS 0.35  fLog 0.71  pdΔ -0.1372  pkR 4.72  clip 0.06  kl +0.002
upd  142  steps  292864  sps 1184  opp symm  loss +0.024  pg +0.0350  v 0.010  ev +0.95  adv_std 0.138  tR +0.67  ent[s/d/p/e] 1.52/2.31/1.40/0.40  emits 0.19  spf 111.5  z0 0.85  garr 150.4  tG 1275  e2 0.03  nF 1.7  pS 0.36  ptS 0.34  fLog 0.70  pdΔ -0.1434  pkR 4.50  clip 0.04  kl +0.001
upd  143  steps  294912  sps 1189  opp symm  loss +0.011  pg +0.0184  v 0.016  ev +0.92  adv_std 0.176  tR +0.00  ent[s/d/p/e] 1.44/2.26/1.40/0.38  emits 0.16  spf 109.4  z0 0.87  garr 166.7  tG 1391  e2 0.02  nF 1.4  pS 0.35  ptS 0.34  fLog 0.70  pdΔ -0.1483  pkR 4.21  clip 0.03  kl +0.001
upd  144  steps  296960  sps 1194  opp symm  loss -0.003  pg +0.0055  v 0.014  ev +0.93  adv_std 0.169  tR +0.50  ent[s/d/p/e] 1.54/2.27/1.34/0.38  emits 0.15  spf 120.0  z0 0.88  garr 191.1  tG 1572  e2 0.02  nF 1.4  pS 0.36  ptS 0.35  fLog 0.72  pdΔ -0.1371  pkR 4.28  clip 0.03  kl +0.002
upd  145  steps  299008  sps 1199  opp symm  loss -0.027  pg -0.0180  v 0.012  ev +0.94  adv_std 0.154  tR +0.50  ent[s/d/p/e] 1.57/2.28/1.35/0.36  emits 0.16  spf 149.5  z0 0.87  garr 198.7  tG 1595  e2 0.02  nF 1.4  pS 0.36  ptS 0.34  fLog 0.75  pdΔ -0.1439  pkR 4.61  clip 0.05  kl +0.001
upd  146  steps  301056  sps 1204  opp symm  loss -0.009  pg -0.0002  v 0.013  ev +0.94  adv_std 0.165  tR +0.33  ent[s/d/p/e] 1.57/2.25/1.37/0.35  emits 0.13  spf 134.1  z0 0.89  garr 194.5  tG 1504  e2 0.02  nF 1.3  pS 0.33  ptS 0.32  fLog 0.73  pdΔ -0.1706  pkR 5.34  clip 0.02  kl +0.000
upd  147  steps  303104  sps 1210  opp symm  loss -0.042  pg -0.0335  v 0.012  ev +0.95  adv_std 0.160  tR +0.33  ent[s/d/p/e] 1.62/2.23/1.33/0.32  emits 0.12  spf 149.2  z0 0.90  garr 208.0  tG 1642  e2 0.01  nF 1.1  pS 0.33  ptS 0.32  fLog 0.75  pdΔ -0.1653  pkR 6.00  clip 0.03  kl -0.001
upd  148  steps  305152  sps 1215  opp symm  loss -0.043  pg -0.0342  v 0.011  ev +0.96  adv_std 0.146  tR +0.00  ent[s/d/p/e] 1.46/2.14/1.31/0.32  emits 0.13  spf 147.5  z0 0.89  garr 208.2  tG 1643  e2 0.02  nF 1.0  pS 0.32  ptS 0.31  fLog 0.73  pdΔ -0.1761  pkR 6.45  clip 0.01  kl -0.000
upd  149  steps  307200  sps 1220  opp symm  loss -0.035  pg -0.0248  v 0.010  ev +0.96  adv_std 0.142  tR +0.00  ent[s/d/p/e] 1.48/2.21/1.32/0.35  emits 0.14  spf 153.1  z0 0.89  garr 211.9  tG 1745  e2 0.02  nF 1.2  pS 0.33  ptS 0.32  fLog 0.73  pdΔ -0.1669  pkR 6.40  clip 0.04  kl +0.001
upd  150  steps  309248  sps 1225  opp symm  loss -0.068  pg -0.0603  v 0.014  ev +0.95  adv_std 0.165  tR +0.11  ent[s/d/p/e] 1.44/2.12/1.35/0.31  emits 0.12  spf 135.4  z0 0.90  garr 202.9  tG 1575  e2 0.02  nF 1.1  pS 0.31  ptS 0.29  fLog 0.71  pdΔ -0.1908  pkR 7.37  clip 0.05  kl +0.001
upd  151  steps  311296  sps 1230  opp symm  loss -0.065  pg -0.0549  v 0.008  ev +0.97  adv_std 0.127  tR +0.00  ent[s/d/p/e] 1.44/2.14/1.33/0.36  emits 0.13  spf 133.9  z0 0.89  garr 207.4  tG 1549  e2 0.02  nF 1.3  pS 0.31  ptS 0.29  fLog 0.71  pdΔ -0.1938  pkR 8.42  clip 0.05  kl +0.003
upd  152  steps  313344  sps 1234  opp symm  loss -0.025  pg -0.0154  v 0.010  ev +0.97  adv_std 0.137  tR +0.75  ent[s/d/p/e] 1.44/2.10/1.39/0.35  emits 0.14  spf 117.9  z0 0.89  garr 201.8  tG 1438  e2 0.02  nF 1.1  pS 0.30  ptS 0.28  fLog 0.71  pdΔ -0.2030  pkR 7.08  clip 0.03  kl +0.000
upd  153  steps  315392  sps 1239  opp symm  loss -0.006  pg +0.0048  v 0.007  ev +0.98  adv_std 0.118  tR -1.00  ent[s/d/p/e] 1.33/2.03/1.38/0.36  emits 0.14  spf 120.6  z0 0.88  garr 202.3  tG 1386  e2 0.02  nF 1.2  pS 0.28  ptS 0.27  fLog 0.69  pdΔ -0.2160  pkR 5.92  clip 0.04  kl +0.002
upd  154  steps  317440  sps 1244  opp symm  loss +0.010  pg +0.0197  v 0.011  ev +0.97  adv_std 0.144  tR +0.33  ent[s/d/p/e] 1.46/2.14/1.36/0.33  emits 0.15  spf 147.7  z0 0.88  garr 207.4  tG 1434  e2 0.02  nF 1.2  pS 0.30  ptS 0.28  fLog 0.71  pdΔ -0.2033  pkR 6.06  clip 0.05  kl +0.003
upd  155  steps  319488  sps 1249  opp symm  loss -0.006  pg +0.0048  v 0.007  ev +0.98  adv_std 0.110  tR +0.60  ent[s/d/p/e] 1.40/2.15/1.31/0.33  emits 0.14  spf 135.9  z0 0.88  garr 194.7  tG 1314  e2 0.02  nF 1.2  pS 0.29  ptS 0.28  fLog 0.70  pdΔ -0.2122  pkR 7.03  clip 0.03  kl -0.000
upd  156  steps  321536  sps 1254  opp symm  loss -0.009  pg +0.0006  v 0.011  ev +0.97  adv_std 0.144  tR +0.33  ent[s/d/p/e] 1.31/2.14/1.45/0.32  emits 0.12  spf 121.5  z0 0.90  garr 185.7  tG 1192  e2 0.02  nF 1.0  pS 0.27  ptS 0.26  fLog 0.72  pdΔ -0.2314  pkR 5.07  clip 0.02  kl +0.001
upd  157  steps  323584  sps 1259  opp symm  loss +0.016  pg +0.0265  v 0.007  ev +0.98  adv_std 0.122  tR -0.33  ent[s/d/p/e] 1.26/2.10/1.41/0.29  emits 0.13  spf 126.8  z0 0.89  garr 190.6  tG 1212  e2 0.02  nF 1.0  pS 0.27  ptS 0.26  fLog 0.71  pdΔ -0.2273  pkR 5.25  clip 0.04  kl +0.003
upd  158  steps  325632  sps 1264  opp symm  loss -0.007  pg +0.0019  v 0.009  ev +0.97  adv_std 0.137  tR +0.00  ent[s/d/p/e] 1.28/2.03/1.43/0.28  emits 0.09  spf 119.8  z0 0.92  garr 205.2  tG 1270  e2 0.01  nF 0.9  pS 0.27  ptS 0.25  fLog 0.71  pdΔ -0.2330  pkR 5.15  clip 0.01  kl -0.000
upd  159  steps  327680  sps 1268  opp symm  loss -0.032  pg -0.0215  v 0.007  ev +0.98  adv_std 0.117  tR +0.00  ent[s/d/p/e] 1.34/1.97/1.40/0.29  emits 0.11  spf 129.2  z0 0.91  garr 226.9  tG 1378  e2 0.01  nF 0.8  pS 0.27  ptS 0.26  fLog 0.72  pdΔ -0.2273  pkR 4.28  clip 0.03  kl +0.000
upd  160  steps  329728  sps 1273  opp symm  loss +0.031  pg +0.0401  v 0.009  ev +0.97  adv_std 0.138  tR -0.50  ent[s/d/p/e] 1.36/1.98/1.42/0.28  emits 0.11  spf 113.5  z0 0.90  garr 239.0  tG 1522  e2 0.01  nF 0.9  pS 0.29  ptS 0.27  fLog 0.71  pdΔ -0.2108  pkR 4.69  clip 0.03  kl +0.001
upd  161  steps  331776  sps 1278  opp symm  loss -0.036  pg -0.0279  v 0.012  ev +0.96  adv_std 0.156  tR -0.20  ent[s/d/p/e] 1.43/1.96/1.43/0.31  emits 0.10  spf 133.1  z0 0.92  garr 257.6  tG 1713  e2 0.01  nF 0.9  pS 0.30  ptS 0.29  fLog 0.72  pdΔ -0.1969  pkR 4.69  clip 0.02  kl +0.003
upd  162  steps  333824  sps 1282  opp symm  loss -0.081  pg -0.0715  v 0.009  ev +0.97  adv_std 0.127  tR -0.33  ent[s/d/p/e] 1.51/1.98/1.36/0.35  emits 0.12  spf 122.8  z0 0.90  garr 262.7  tG 1830  e2 0.02  nF 1.0  pS 0.31  ptS 0.30  fLog 0.71  pdΔ -0.1892  pkR 4.63  clip 0.05  kl +0.002
upd  163  steps  335872  sps 1287  opp symm  loss -0.034  pg -0.0231  v 0.008  ev +0.97  adv_std 0.122  tR -0.50  ent[s/d/p/e] 1.51/2.01/1.35/0.35  emits 0.15  spf 131.0  z0 0.88  garr 259.2  tG 1847  e2 0.02  nF 1.2  pS 0.31  ptS 0.30  fLog 0.71  pdΔ -0.1914  pkR 4.61  clip 0.04  kl +0.001
upd  164  steps  337920  sps 1292  opp symm  loss -0.019  pg -0.0082  v 0.008  ev +0.97  adv_std 0.122  tR -0.20  ent[s/d/p/e] 1.52/1.99/1.31/0.37  emits 0.16  spf 103.8  z0 0.88  garr 227.5  tG 1730  e2 0.03  nF 1.3  pS 0.32  ptS 0.31  fLog 0.68  pdΔ -0.1842  pkR 4.86  clip 0.05  kl +0.002
upd  165  steps  339968  sps 1296  opp symm  loss +0.007  pg +0.0142  v 0.014  ev +0.95  adv_std 0.166  tR +0.40  ent[s/d/p/e] 1.43/1.91/1.29/0.38  emits 0.17  spf 118.6  z0 0.87  garr 211.6  tG 1645  e2 0.03  nF 1.6  pS 0.31  ptS 0.30  fLog 0.68  pdΔ -0.1909  pkR 3.83  clip 0.04  kl +0.000
upd  166  steps  342016  sps 1301  opp symm  loss -0.009  pg -0.0005  v 0.011  ev +0.95  adv_std 0.154  tR +0.33  ent[s/d/p/e] 1.35/1.91/1.36/0.42  emits 0.21  spf 97.3  z0 0.85  garr 178.7  tG 1358  e2 0.04  nF 2.1  pS 0.28  ptS 0.28  fLog 0.65  pdΔ -0.2185  pkR 4.99  clip 0.07  kl +0.001
upd  167  steps  344064  sps 1306  opp symm  loss +0.001  pg +0.0099  v 0.011  ev +0.96  adv_std 0.144  tR +0.20  ent[s/d/p/e] 1.27/1.88/1.42/0.38  emits 0.19  spf 90.3  z0 0.85  garr 188.6  tG 1482  e2 0.03  nF 2.2  pS 0.30  ptS 0.29  fLog 0.64  pdΔ -0.2012  pkR 5.16  clip 0.05  kl +0.001
upd  168  steps  346112  sps 1310  opp symm  loss -0.003  pg +0.0054  v 0.011  ev +0.96  adv_std 0.146  tR +0.00  ent[s/d/p/e] 1.44/1.91/1.34/0.36  emits 0.17  spf 91.0  z0 0.87  garr 180.7  tG 1412  e2 0.02  nF 2.0  pS 0.30  ptS 0.29  fLog 0.64  pdΔ -0.1981  pkR 5.94  clip 0.06  kl +0.002
upd  169  steps  348160  sps 1315  opp symm  loss -0.040  pg -0.0317  v 0.012  ev +0.95  adv_std 0.156  tR -0.33  ent[s/d/p/e] 1.58/1.94/1.37/0.36  emits 0.16  spf 84.9  z0 0.87  garr 198.1  tG 1528  e2 0.03  nF 1.8  pS 0.32  ptS 0.31  fLog 0.66  pdΔ -0.1797  pkR 6.50  clip 0.03  kl +0.002
upd  170  steps  350208  sps 1319  opp symm  loss +0.007  pg +0.0183  v 0.007  ev +0.97  adv_std 0.112  tR +0.00  ent[s/d/p/e] 1.57/1.99/1.37/0.37  emits 0.15  spf 110.6  z0 0.88  garr 215.8  tG 1755  e2 0.02  nF 1.4  pS 0.33  ptS 0.32  fLog 0.68  pdΔ -0.1666  pkR 6.35  clip 0.03  kl +0.001
upd  171  steps  352256  sps 1324  opp symm  loss +0.008  pg +0.0177  v 0.010  ev +0.96  adv_std 0.139  tR +0.00  ent[s/d/p/e] 1.52/1.88/1.33/0.36  emits 0.17  spf 117.3  z0 0.86  garr 211.8  tG 1675  e2 0.02  nF 1.6  pS 0.33  ptS 0.31  fLog 0.68  pdΔ -0.1701  pkR 7.11  clip 0.03  kl +0.002
upd  172  steps  354304  sps 1328  opp symm  loss -0.005  pg +0.0076  v 0.005  ev +0.98  adv_std 0.094  tR +0.71  ent[s/d/p/e] 1.48/1.99/1.35/0.37  emits 0.16  spf 115.6  z0 0.88  garr 216.6  tG 1651  e2 0.02  nF 1.3  pS 0.31  ptS 0.30  fLog 0.70  pdΔ -0.1855  pkR 5.20  clip 0.04  kl +0.001
upd  173  steps  356352  sps 1332  opp symm  loss -0.023  pg -0.0136  v 0.009  ev +0.97  adv_std 0.131  tR +0.20  ent[s/d/p/e] 1.42/2.00/1.32/0.33  emits 0.15  spf 108.1  z0 0.88  garr 217.0  tG 1587  e2 0.02  nF 1.4  pS 0.30  ptS 0.29  fLog 0.67  pdΔ -0.1993  pkR 4.91  clip 0.04  kl +0.002
upd  174  steps  358400  sps 1337  opp symm  loss -0.071  pg -0.0600  v 0.006  ev +0.98  adv_std 0.109  tR -0.33  ent[s/d/p/e] 1.38/2.07/1.38/0.36  emits 0.16  spf 108.2  z0 0.87  garr 206.5  tG 1485  e2 0.02  nF 1.3  pS 0.29  ptS 0.28  fLog 0.67  pdΔ -0.2094  pkR 4.13  clip 0.05  kl -0.000
upd  175  steps  360448  sps 1341  opp symm  loss +0.006  pg +0.0153  v 0.010  ev +0.97  adv_std 0.139  tR -0.33  ent[s/d/p/e] 1.50/2.15/1.20/0.36  emits 0.15  spf 108.1  z0 0.88  garr 224.6  tG 1644  e2 0.02  nF 1.4  pS 0.31  ptS 0.30  fLog 0.69  pdΔ -0.1933  pkR 4.08  clip 0.04  kl +0.000
upd  176  steps  362496  sps 1346  opp symm  loss -0.030  pg -0.0202  v 0.008  ev +0.98  adv_std 0.124  tR +1.00  ent[s/d/p/e] 1.53/2.14/1.20/0.32  emits 0.13  spf 121.4  z0 0.89  garr 237.4  tG 1766  e2 0.02  nF 1.2  pS 0.31  ptS 0.30  fLog 0.70  pdΔ -0.1870  pkR 3.94  clip 0.04  kl -0.002
upd  177  steps  364544  sps 1350  opp symm  loss -0.023  pg -0.0138  v 0.008  ev +0.98  adv_std 0.121  tR -0.20  ent[s/d/p/e] 1.44/2.05/1.10/0.35  emits 0.13  spf 104.0  z0 0.89  garr 237.4  tG 1726  e2 0.02  nF 1.3  pS 0.31  ptS 0.29  fLog 0.67  pdΔ -0.1949  pkR 4.73  clip 0.05  kl +0.002
upd  178  steps  366592  sps 1354  opp symm  loss +0.007  pg +0.0154  v 0.010  ev +0.97  adv_std 0.139  tR -0.60  ent[s/d/p/e] 1.46/2.04/1.09/0.36  emits 0.16  spf 127.0  z0 0.87  garr 246.6  tG 1812  e2 0.03  nF 1.3  pS 0.31  ptS 0.30  fLog 0.70  pdΔ -0.1944  pkR 5.08  clip 0.03  kl +0.000
upd  179  steps  368640  sps 1359  opp symm  loss -0.063  pg -0.0540  v 0.008  ev +0.97  adv_std 0.125  tR +0.00  ent[s/d/p/e] 1.42/2.06/1.15/0.34  emits 0.13  spf 143.2  z0 0.89  garr 227.8  tG 1735  e2 0.01  nF 1.3  pS 0.30  ptS 0.29  fLog 0.71  pdΔ -0.1959  pkR 5.10  clip 0.03  kl +0.001
upd  180  steps  370688  sps 1363  opp symm  loss -0.023  pg -0.0130  v 0.007  ev +0.98  adv_std 0.121  tR +0.67  ent[s/d/p/e] 1.35/1.98/1.15/0.35  emits 0.14  spf 112.7  z0 0.88  garr 227.8  tG 1649  e2 0.02  nF 1.2  pS 0.30  ptS 0.28  fLog 0.70  pdΔ -0.2006  pkR 5.63  clip 0.04  kl +0.002
upd  181  steps  372736  sps 1367  opp symm  loss -0.048  pg -0.0381  v 0.007  ev +0.98  adv_std 0.114  tR +0.00  ent[s/d/p/e] 1.41/1.97/1.14/0.36  emits 0.15  spf 108.8  z0 0.88  garr 198.3  tG 1387  e2 0.02  nF 1.2  pS 0.29  ptS 0.27  fLog 0.69  pdΔ -0.2136  pkR 5.78  clip 0.03  kl +0.000
upd  182  steps  374784  sps 1372  opp symm  loss -0.037  pg -0.0270  v 0.006  ev +0.98  adv_std 0.101  tR -1.00  ent[s/d/p/e] 1.31/1.94/1.16/0.37  emits 0.15  spf 95.5  z0 0.88  garr 182.7  tG 1240  e2 0.02  nF 1.4  pS 0.28  ptS 0.26  fLog 0.68  pdΔ -0.2226  pkR 4.95  clip 0.03  kl -0.000