
=== [2026-06-10T23:11:41Z] v14d_binary_v2_a_p0i1_ORBITWARS_SHAPING_HOLD_BONUS_0.008_52a811dae0 phase=a kind=probe chunk=400 env={"ORBITWARS_SHAPING_HOLD_BONUS": 0.008, "ORBITWARS_SHAPING_CAPTURE": 0.04, "ORBITWARS_SHAPING_RELEASE": 0.0075, "ORBITWARS_SHAPING_RELEASE_K": 17.0, "ORBITWARS_SHAPING_PROD_SHARE_DELTA": 0.025, "ORBITWARS_SHAPING_ONE_SHIP_PENALTY": 0.025} ppo={"ent_coef_emit": 0.004, "lr_peak": 4e-05} ===
[reward] kaggle-aligned: terminal +1 win/+1 tie>0/-1 loss/-1 double-wipeout; is_terminal at step >= episode_steps-2; SHAPING_SCALE=0.0; v1: KEEP_HOME=0.0 FLEET_SIZE=0.0/norm20.0; v2 (expert-replay calibrated): PROD_SHARE=0.0 PLANET_SHARE=0.0 FLEET_LOG=0.0/ref500.0/floor0.3; v3 (top10-2630ep calibrated): PROD_SHARE_DELTA=0.025 EMIT_LOG=0.0 EMIT_GATED=0.0 RELEASE=0.0075/K17.0 CAPTURE=0.04; episode_steps=500 (kaggle=500, mismatch=False)
[symmetric] Frog Parade style: same params drive BOTH players, no frozen/strong/buffer opponents, zero_sum_value=True
upd    0  steps    2048  sps 38  opp symm  loss +0.185  pg +0.1918  v 0.008  ev -0.32  adv_std 0.129  tR +0.00  ent[s/d/p/e] 0.22/1.48/1.51/0.29  emits 0.15  spf 19.4  z0 0.86  garr 22.3  tG 30  e2 0.01  nF 1.1  pS 0.06  ptS 0.06  fLog 0.45  pdΔ -0.4401  pkR 6.51  clip 0.04  kl +0.002
upd    1  steps    4096  sps 74  opp symm  loss +0.097  pg +0.1044  v 0.009  ev -0.25  adv_std 0.125  tR +0.00  ent[s/d/p/e] 0.73/1.67/1.40/0.35  emits 0.17  spf 28.3  z0 0.85  garr 39.1  tG 99  e2 0.02  nF 2.3  pS 0.11  ptS 0.11  fLog 0.48  pdΔ -0.3942  pkR 5.33  clip 0.08  kl +0.004
upd    2  steps    6144  sps 110  opp symm  loss +0.128  pg +0.1381  v 0.007  ev +0.15  adv_std 0.107  tR +1.00  ent[s/d/p/e] 0.99/1.99/1.49/0.34  emits 0.15  spf 43.5  z0 0.87  garr 65.5  tG 239  e2 0.02  nF 2.0  pS 0.15  ptS 0.15  fLog 0.54  pdΔ -0.3465  pkR 5.01  clip 0.07  kl +0.004
upd    3  steps    8192  sps 145  opp symm  loss +0.076  pg +0.0882  v 0.003  ev +0.32  adv_std 0.060  tR +0.00  ent[s/d/p/e] 1.14/2.17/1.55/0.30  emits 0.12  spf 62.5  z0 0.90  garr 97.0  tG 443  e2 0.01  nF 1.8  pS 0.19  ptS 0.19  fLog 0.59  pdΔ -0.3089  pkR 4.52  clip 0.05  kl +0.001
upd    4  steps   10240  sps 180  opp symm  loss +0.054  pg +0.0670  v 0.004  ev +0.50  adv_std 0.052  tR +0.00  ent[s/d/p/e] 1.28/2.28/1.63/0.32  emits 0.12  spf 78.3  z0 0.89  garr 134.3  tG 695  e2 0.01  nF 1.3  pS 0.22  ptS 0.21  fLog 0.63  pdΔ -0.2802  pkR 3.98  clip 0.03  kl +0.000
upd    5  steps   12288  sps 213  opp symm  loss -0.018  pg -0.0071  v 0.008  ev +0.47  adv_std 0.094  tR +1.00  ent[s/d/p/e] 1.40/2.33/1.53/0.31  emits 0.11  spf 93.4  z0 0.90  garr 164.5  tG 947  e2 0.01  nF 1.3  pS 0.24  ptS 0.24  fLog 0.64  pdΔ -0.2573  pkR 3.63  clip 0.03  kl +0.001
upd    6  steps   14336  sps 246  opp symm  loss -0.051  pg -0.0378  v 0.004  ev +0.69  adv_std 0.054  tR +0.00  ent[s/d/p/e] 1.42/2.43/1.70/0.27  emits 0.09  spf 124.4  z0 0.91  garr 199.3  tG 1196  e2 0.01  nF 1.0  pS 0.25  ptS 0.25  fLog 0.69  pdΔ -0.2451  pkR 3.63  clip 0.04  kl +0.001
upd    7  steps   16384  sps 278  opp symm  loss -0.010  pg +0.0025  v 0.004  ev +0.67  adv_std 0.052  tR +0.00  ent[s/d/p/e] 1.52/2.33/1.46/0.35  emits 0.13  spf 143.6  z0 0.89  garr 228.8  tG 1458  e2 0.01  nF 1.0  pS 0.27  ptS 0.26  fLog 0.69  pdΔ -0.2320  pkR 3.96  clip 0.03  kl +0.001
upd    8  steps   18432  sps 309  opp symm  loss -0.013  pg -0.0004  v 0.006  ev +0.39  adv_std 0.082  tR -1.00  ent[s/d/p/e] 1.60/2.29/1.56/0.36  emits 0.15  spf 145.1  z0 0.88  garr 235.2  tG 1590  e2 0.02  nF 1.3  pS 0.29  ptS 0.28  fLog 0.69  pdΔ -0.2137  pkR 3.70  clip 0.06  kl +0.003
upd    9  steps   20480  sps 340  opp symm  loss +0.058  pg +0.0723  v 0.004  ev +0.66  adv_std 0.044  tR +0.00  ent[s/d/p/e] 1.71/2.44/1.57/0.35  emits 0.13  spf 153.8  z0 0.89  garr 255.8  tG 1816  e2 0.02  nF 1.1  pS 0.30  ptS 0.30  fLog 0.72  pdΔ -0.1952  pkR 3.02  clip 0.05  kl +0.002
upd   10  steps   22528  sps 370  opp symm  loss -0.044  pg -0.0299  v 0.004  ev +0.59  adv_std 0.042  tR +0.00  ent[s/d/p/e] 1.76/2.39/1.46/0.37  emits 0.14  spf 165.4  z0 0.88  garr 269.1  tG 1952  e2 0.02  nF 1.3  pS 0.32  ptS 0.31  fLog 0.72  pdΔ -0.1848  pkR 3.15  clip 0.05  kl +0.001
upd   11  steps   24576  sps 400  opp symm  loss -0.011  pg +0.0015  v 0.004  ev +0.49  adv_std 0.060  tR -1.00  ent[s/d/p/e] 1.78/2.31/1.31/0.37  emits 0.15  spf 161.0  z0 0.87  garr 283.9  tG 2124  e2 0.02  nF 1.4  pS 0.33  ptS 0.33  fLog 0.69  pdΔ -0.1680  pkR 2.87  clip 0.05  kl +0.003
upd   12  steps   26624  sps 428  opp symm  loss -0.053  pg -0.0394  v 0.005  ev +0.38  adv_std 0.080  tR -1.00  ent[s/d/p/e] 1.83/2.38/1.49/0.41  emits 0.21  spf 190.5  z0 0.83  garr 284.3  tG 2122  e2 0.03  nF 1.9  pS 0.34  ptS 0.33  fLog 0.71  pdΔ -0.1622  pkR 3.05  clip 0.08  kl +0.004
upd   13  steps   28672  sps 457  opp symm  loss +0.038  pg +0.0518  v 0.003  ev +0.60  adv_std 0.043  tR +0.00  ent[s/d/p/e] 1.88/2.36/1.36/0.43  emits 0.20  spf 166.6  z0 0.84  garr 281.3  tG 2132  e2 0.03  nF 2.0  pS 0.35  ptS 0.34  fLog 0.68  pdΔ -0.1488  pkR 3.57  clip 0.05  kl +0.002
upd   14  steps   30720  sps 484  opp symm  loss +0.063  pg +0.0756  v 0.005  ev +0.54  adv_std 0.069  tR +1.00  ent[s/d/p/e] 1.92/2.33/1.35/0.42  emits 0.22  spf 149.6  z0 0.83  garr 272.9  tG 2119  e2 0.04  nF 2.2  pS 0.36  ptS 0.35  fLog 0.67  pdΔ -0.1361  pkR 3.60  clip 0.12  kl +0.006
upd   15  steps   32768  sps 511  opp symm  loss +0.117  pg +0.0822  v 0.100  ev +0.25  adv_std 0.470  tR -0.10  ent[s/d/p/e] 1.76/2.27/1.43/0.30  emits 0.16  spf 149.4  z0 0.88  garr 162.2  tG 1175  e2 0.03  nF 1.4  pS 0.23  ptS 0.22  fLog 0.66  pdΔ -0.2683  pkR 6.55  clip 0.08  kl +0.001
upd   16  steps   34816  sps 538  opp symm  loss +0.279  pg +0.2888  v 0.005  ev +0.54  adv_std 0.066  tR +0.00  ent[s/d/p/e] 0.19/1.98/1.78/0.09  emits 0.02  spf 44.4  z0 0.98  garr 90.3  tG 125  e2 0.00  nF 0.2  pS 0.07  ptS 0.06  fLog 0.57  pdΔ -0.4350  pkR 11.62  clip 0.01  kl +0.000
upd   17  steps   36864  sps 564  opp symm  loss +0.104  pg +0.1153  v 0.006  ev +0.74  adv_std 0.062  tR +0.00  ent[s/d/p/e] 0.61/2.38/1.83/0.12  emits 0.03  spf 114.4  z0 0.98  garr 150.7  tG 212  e2 0.00  nF 0.2  pS 0.07  ptS 0.07  fLog 0.65  pdΔ -0.4253  pkR 7.71  clip 0.01  kl +0.002
upd   18  steps   38912  sps 589  opp symm  loss +0.181  pg +0.1937  v 0.004  ev +0.81  adv_std 0.065  tR -1.00  ent[s/d/p/e] 0.97/2.39/1.79/0.16  emits 0.05  spf 71.0  z0 0.97  garr 195.5  tG 318  e2 0.01  nF 0.3  pS 0.09  ptS 0.09  fLog 0.61  pdΔ -0.4106  pkR 2.69  clip 0.02  kl +0.000
upd   19  steps   40960  sps 614  opp symm  loss +0.224  pg +0.2351  v 0.005  ev +0.78  adv_std 0.076  tR +0.00  ent[s/d/p/e] 1.05/2.25/1.67/0.22  emits 0.09  spf 57.0  z0 0.94  garr 205.2  tG 414  e2 0.01  nF 0.9  pS 0.12  ptS 0.11  fLog 0.54  pdΔ -0.3847  pkR 2.77  clip 0.03  kl +0.003
upd   20  steps   43008  sps 639  opp symm  loss +0.105  pg +0.1174  v 0.004  ev +0.89  adv_std 0.061  tR +0.00  ent[s/d/p/e] 1.05/2.31/1.65/0.22  emits 0.08  spf 83.6  z0 0.94  garr 215.8  tG 537  e2 0.01  nF 1.2  pS 0.14  ptS 0.13  fLog 0.62  pdΔ -0.3633  pkR 2.54  clip 0.03  kl -0.000
upd   21  steps   45056  sps 663  opp symm  loss +0.082  pg +0.0950  v 0.006  ev +0.84  adv_std 0.083  tR -1.00  ent[s/d/p/e] 1.03/2.66/1.84/0.20  emits 0.05  spf 121.1  z0 0.95  garr 225.4  tG 673  e2 0.00  nF 0.5  pS 0.16  ptS 0.15  fLog 0.72  pdΔ -0.3439  pkR 2.68  clip 0.02  kl -0.001
upd   22  steps   47104  sps 687  opp symm  loss +0.039  pg +0.0521  v 0.005  ev +0.92  adv_std 0.053  tR +0.00  ent[s/d/p/e] 1.12/2.54/1.77/0.24  emits 0.08  spf 114.0  z0 0.93  garr 235.2  tG 819  e2 0.01  nF 0.6  pS 0.17  ptS 0.17  fLog 0.69  pdΔ -0.3260  pkR 3.13  clip 0.02  kl +0.000
upd   23  steps   49152  sps 710  opp symm  loss -0.018  pg -0.0045  v 0.005  ev +0.93  adv_std 0.054  tR +0.00  ent[s/d/p/e] 1.31/2.48/1.71/0.27  emits 0.10  spf 112.0  z0 0.91  garr 241.0  tG 988  e2 0.01  nF 0.9  pS 0.20  ptS 0.20  fLog 0.69  pdΔ -0.2957  pkR 2.98  clip 0.03  kl +0.001
upd   24  steps   51200  sps 733  opp symm  loss +0.021  pg +0.0343  v 0.004  ev +0.92  adv_std 0.064  tR +0.00  ent[s/d/p/e] 1.52/2.45/1.62/0.36  emits 0.16  spf 123.5  z0 0.88  garr 241.7  tG 1135  e2 0.03  nF 1.2  pS 0.24  ptS 0.23  fLog 0.68  pdΔ -0.2613  pkR 3.16  clip 0.05  kl +0.001
upd   25  steps   53248  sps 755  opp symm  loss +0.076  pg +0.0893  v 0.005  ev +0.92  adv_std 0.068  tR +0.00  ent[s/d/p/e] 1.68/2.39/1.49/0.44  emits 0.23  spf 103.9  z0 0.84  garr 225.1  tG 1210  e2 0.04  nF 2.0  pS 0.28  ptS 0.26  fLog 0.66  pdΔ -0.2242  pkR 3.45  clip 0.08  kl +0.001
upd   26  steps   55296  sps 777  opp symm  loss +0.113  pg +0.1257  v 0.006  ev +0.89  adv_std 0.096  tR +1.00  ent[s/d/p/e] 1.73/2.22/1.36/0.54  emits 0.41  spf 80.1  z0 0.75  garr 194.4  tG 1208  e2 0.09  nF 3.6  pS 0.32  ptS 0.30  fLog 0.59  pdΔ -0.1830  pkR 3.73  clip 0.09  kl +0.004
upd   27  steps   57344  sps 798  opp symm  loss +0.113  pg +0.1259  v 0.005  ev +0.92  adv_std 0.092  tR +0.00  ent[s/d/p/e] 1.87/2.21/1.38/0.56  emits 0.53  spf 65.1  z0 0.70  garr 168.1  tG 1157  e2 0.13  nF 5.6  pS 0.34  ptS 0.33  fLog 0.57  pdΔ -0.1606  pkR 3.68  clip 0.17  kl +0.006
upd   28  steps   59392  sps 820  opp symm  loss +0.087  pg +0.0987  v 0.007  ev +0.92  adv_std 0.115  tR -1.00  ent[s/d/p/e] 1.96/2.22/1.23/0.56  emits 0.62  spf 59.5  z0 0.69  garr 160.8  tG 1172  e2 0.14  nF 6.7  pS 0.36  ptS 0.35  fLog 0.55  pdΔ -0.1360  pkR 4.53  clip 0.24  kl +0.006
upd   29  steps   61440  sps 840  opp symm  loss +0.114  pg +0.1260  v 0.007  ev +0.95  adv_std 0.114  tR -1.00  ent[s/d/p/e] 1.94/2.20/1.18/0.57  emits 0.67  spf 56.8  z0 0.66  garr 153.8  tG 1192  e2 0.15  nF 7.7  pS 0.38  ptS 0.36  fLog 0.54  pdΔ -0.1233  pkR 5.63  clip 0.23  kl +0.008
upd   30  steps   63488  sps 861  opp symm  loss +0.128  pg +0.1378  v 0.010  ev +0.94  adv_std 0.148  tR -1.00  ent[s/d/p/e] 1.89/2.13/1.11/0.55  emits 0.78  spf 48.0  z0 0.64  garr 148.2  tG 1219  e2 0.18  nF 8.8  pS 0.39  ptS 0.38  fLog 0.50  pdΔ -0.1060  pkR 5.34  clip 0.28  kl +0.011
upd   31  steps   65536  sps 881  opp symm  loss +0.468  pg +0.4714  v 0.016  ev +0.79  adv_std 0.176  tR -0.05  ent[s/d/p/e] 1.52/2.00/0.98/0.19  emits 0.17  spf 39.0  z0 0.93  garr 84.1  tG 282  e2 0.04  nF 2.4  pS 0.11  ptS 0.10  fLog 0.46  pdΔ -0.3889  pkR 20.16  clip 0.07  kl +0.008
upd   32  steps   67584  sps 900  opp symm  loss +0.379  pg +0.3869  v 0.005  ev +0.85  adv_std 0.076  tR +0.00  ent[s/d/p/e] 0.84/1.96/1.15/0.12  emits 0.04  spf 51.3  z0 0.97  garr 145.1  tG 238  e2 0.01  nF 1.2  pS 0.08  ptS 0.07  fLog 0.52  pdΔ -0.4224  pkR 13.72  clip 0.01  kl +0.000
upd   33  steps   69632  sps 920  opp symm  loss +0.084  pg +0.0949  v 0.004  ev +0.88  adv_std 0.066  tR -1.00  ent[s/d/p/e] 0.69/2.41/1.61/0.10  emits 0.03  spf 81.2  z0 0.97  garr 206.9  tG 357  e2 0.00  nF 0.5  pS 0.09  ptS 0.08  fLog 0.65  pdΔ -0.4124  pkR 11.53  clip 0.01  kl -0.001
upd   34  steps   71680  sps 939  opp symm  loss -0.017  pg -0.0040  v 0.003  ev +0.85  adv_std 0.067  tR +0.00  ent[s/d/p/e] 0.74/2.70/1.70/0.09  emits 0.02  spf 134.8  z0 0.98  garr 261.6  tG 492  e2 0.00  nF 0.2  pS 0.10  ptS 0.09  fLog 0.74  pdΔ -0.4006  pkR 9.54  clip 0.00  kl -0.000
upd   35  steps   73728  sps 958  opp symm  loss +0.024  pg +0.0359  v 0.003  ev +0.90  adv_std 0.056  tR +0.00  ent[s/d/p/e] 0.87/2.69/1.43/0.11  emits 0.02  spf 183.0  z0 0.98  garr 311.6  tG 651  e2 0.00  nF 0.2  pS 0.11  ptS 0.10  fLog 0.76  pdΔ -0.3883  pkR 8.29  clip 0.01  kl +0.001
upd   36  steps   75776  sps 976  opp symm  loss +0.083  pg +0.0933  v 0.007  ev +0.80  adv_std 0.106  tR -1.00  ent[s/d/p/e] 0.78/2.66/1.67/0.12  emits 0.03  spf 158.0  z0 0.97  garr 338.4  tG 802  e2 0.00  nF 0.3  pS 0.13  ptS 0.11  fLog 0.76  pdΔ -0.3733  pkR 7.15  clip 0.01  kl -0.000
upd   37  steps   77824  sps 994  opp symm  loss -0.032  pg -0.0199  v 0.004  ev +0.90  adv_std 0.070  tR +0.00  ent[s/d/p/e] 0.79/2.68/1.79/0.13  emits 0.03  spf 151.7  z0 0.97  garr 334.8  tG 832  e2 0.00  nF 0.2  pS 0.14  ptS 0.12  fLog 0.75  pdΔ -0.3599  pkR 3.33  clip 0.01  kl +0.001
upd   38  steps   79872  sps 1012  opp symm  loss +0.015  pg +0.0277  v 0.004  ev +0.91  adv_std 0.072  tR +0.00  ent[s/d/p/e] 0.95/2.68/1.79/0.16  emits 0.04  spf 212.2  z0 0.96  garr 350.9  tG 985  e2 0.00  nF 0.2  pS 0.16  ptS 0.14  fLog 0.79  pdΔ -0.3436  pkR 3.17  clip 0.01  kl +0.001
upd   39  steps   81920  sps 1029  opp symm  loss -0.076  pg -0.0630  v 0.004  ev +0.92  adv_std 0.074  tR +0.00  ent[s/d/p/e] 1.06/2.66/1.79/0.19  emits 0.05  spf 158.5  z0 0.95  garr 344.2  tG 1127  e2 0.00  nF 0.4  pS 0.18  ptS 0.16  fLog 0.77  pdΔ -0.3174  pkR 3.33  clip 0.02  kl -0.001
upd   40  steps   83968  sps 1047  opp symm  loss +0.006  pg +0.0187  v 0.005  ev +0.93  adv_std 0.076  tR +0.00  ent[s/d/p/e] 1.18/2.54/1.64/0.23  emits 0.07  spf 153.0  z0 0.93  garr 355.7  tG 1307  e2 0.01  nF 0.5  pS 0.20  ptS 0.18  fLog 0.75  pdΔ -0.2962  pkR 3.25  clip 0.04  kl +0.001
upd   41  steps   86016  sps 1064  opp symm  loss -0.028  pg -0.0149  v 0.005  ev +0.93  adv_std 0.086  tR +0.00  ent[s/d/p/e] 1.38/2.54/1.67/0.25  emits 0.08  spf 156.4  z0 0.92  garr 363.2  tG 1506  e2 0.01  nF 0.5  pS 0.23  ptS 0.20  fLog 0.75  pdΔ -0.2724  pkR 3.44  clip 0.03  kl +0.000
upd   42  steps   88064  sps 1080  opp symm  loss -0.008  pg +0.0050  v 0.006  ev +0.93  adv_std 0.096  tR +1.00  ent[s/d/p/e] 1.51/2.48/1.65/0.30  emits 0.11  spf 169.2  z0 0.91  garr 351.6  tG 1614  e2 0.01  nF 0.7  pS 0.25  ptS 0.22  fLog 0.74  pdΔ -0.2520  pkR 3.85  clip 0.04  kl +0.000
upd   43  steps   90112  sps 1097  opp symm  loss -0.001  pg +0.0113  v 0.006  ev +0.94  adv_std 0.089  tR +0.00  ent[s/d/p/e] 1.60/2.44/1.57/0.29  emits 0.10  spf 139.1  z0 0.91  garr 353.0  tG 1724  e2 0.01  nF 0.9  pS 0.26  ptS 0.24  fLog 0.73  pdΔ -0.2353  pkR 4.24  clip 0.04  kl -0.002
upd   44  steps   92160  sps 1113  opp symm  loss +0.005  pg +0.0158  v 0.011  ev +0.87  adv_std 0.137  tR -0.33  ent[s/d/p/e] 1.57/2.50/1.63/0.32  emits 0.12  spf 206.5  z0 0.90  garr 352.0  tG 1851  e2 0.01  nF 0.9  pS 0.28  ptS 0.25  fLog 0.78  pdΔ -0.2213  pkR 4.34  clip 0.02  kl +0.001
upd   45  steps   94208  sps 1129  opp symm  loss +0.015  pg +0.0250  v 0.011  ev +0.88  adv_std 0.137  tR -1.00  ent[s/d/p/e] 1.65/2.42/1.40/0.36  emits 0.13  spf 173.9  z0 0.89  garr 343.8  tG 1914  e2 0.01  nF 1.0  pS 0.29  ptS 0.26  fLog 0.74  pdΔ -0.2129  pkR 4.79  clip 0.05  kl +0.000
upd   46  steps   96256  sps 1145  opp symm  loss +0.026  pg +0.0015  v 0.078  ev +0.66  adv_std 0.424  tR -0.13  ent[s/d/p/e] 1.56/2.40/1.42/0.29  emits 0.12  spf 192.1  z0 0.90  garr 254.5  tG 1394  e2 0.02  nF 0.7  pS 0.22  ptS 0.20  fLog 0.74  pdΔ -0.2795  pkR 7.16  clip 0.04  kl +0.003
upd   47  steps   98304  sps 1160  opp symm  loss +0.260  pg +0.2687  v 0.006  ev +0.89  adv_std 0.095  tR +0.00  ent[s/d/p/e] 0.68/2.52/1.28/0.12  emits 0.04  spf 64.7  z0 0.97  garr 108.5  tG 170  e2 0.00  nF 0.3  pS 0.07  ptS 0.06  fLog 0.63  pdΔ -0.4295  pkR 14.49  clip 0.01  kl +0.001
upd   48  steps  100352  sps 1175  opp symm  loss +0.127  pg +0.1346  v 0.008  ev +0.89  adv_std 0.109  tR +0.00  ent[s/d/p/e] 0.45/2.61/1.13/0.12  emits 0.03  spf 88.5  z0 0.97  garr 162.2  tG 267  e2 0.00  nF 0.3  pS 0.09  ptS 0.08  fLog 0.67  pdΔ -0.4143  pkR 10.76  clip 0.01  kl +0.001
upd   49  steps  102400  sps 1190  opp symm  loss +0.003  pg +0.0114  v 0.006  ev +0.91  adv_std 0.093  tR -1.00  ent[s/d/p/e] 0.69/2.60/1.09/0.13  emits 0.03  spf 97.9  z0 0.97  garr 204.9  tG 405  e2 0.00  nF 0.2  pS 0.10  ptS 0.10  fLog 0.68  pdΔ -0.3964  pkR 8.48  clip 0.01  kl +0.000
upd   50  steps  104448  sps 1205  opp symm  loss +0.022  pg +0.0325  v 0.004  ev +0.95  adv_std 0.069  tR +0.00  ent[s/d/p/e] 0.78/2.58/1.24/0.14  emits 0.03  spf 129.1  z0 0.97  garr 249.2  tG 575  e2 0.00  nF 0.3  pS 0.12  ptS 0.11  fLog 0.74  pdΔ -0.3801  pkR 6.13  clip 0.02  kl -0.001
upd   51  steps  106496  sps 1219  opp symm  loss -0.028  pg -0.0178  v 0.005  ev +0.91  adv_std 0.103  tR +0.00  ent[s/d/p/e] 0.91/2.55/1.33/0.17  emits 0.05  spf 138.5  z0 0.96  garr 273.9  tG 752  e2 0.00  nF 0.3  pS 0.14  ptS 0.13  fLog 0.72  pdΔ -0.3607  pkR 5.06  clip 0.02  kl +0.001
upd   52  steps  108544  sps 1233  opp symm  loss +0.070  pg +0.0770  v 0.011  ev +0.89  adv_std 0.143  tR -1.00  ent[s/d/p/e] 0.94/2.44/1.27/0.16  emits 0.05  spf 114.9  z0 0.96  garr 304.8  tG 919  e2 0.00  nF 0.4  pS 0.15  ptS 0.14  fLog 0.71  pdΔ -0.3460  pkR 4.66  clip 0.02  kl +0.000
upd   53  steps  110592  sps 1247  opp symm  loss +0.028  pg +0.0351  v 0.010  ev +0.91  adv_std 0.134  tR +0.00  ent[s/d/p/e] 0.86/2.47/1.20/0.18  emits 0.04  spf 122.5  z0 0.96  garr 324.4  tG 1121  e2 0.00  nF 0.3  pS 0.17  ptS 0.16  fLog 0.71  pdΔ -0.3273  pkR 4.37  clip 0.02  kl +0.001
upd   54  steps  112640  sps 1261  opp symm  loss +0.071  pg +0.0801  v 0.008  ev +0.94  adv_std 0.127  tR +0.00  ent[s/d/p/e] 1.08/2.41/1.28/0.19  emits 0.06  spf 159.1  z0 0.95  garr 355.1  tG 1379  e2 0.00  nF 0.5  pS 0.19  ptS 0.18  fLog 0.75  pdΔ -0.3105  pkR 4.09  clip 0.02  kl +0.001
upd   55  steps  114688  sps 1275  opp symm  loss +0.071  pg +0.0770  v 0.014  ev +0.94  adv_std 0.164  tR +0.00  ent[s/d/p/e] 1.17/2.35/1.26/0.20  emits 0.06  spf 174.1  z0 0.94  garr 374.0  tG 1620  e2 0.00  nF 0.5  pS 0.21  ptS 0.20  fLog 0.75  pdΔ -0.2893  pkR 4.10  clip 0.01  kl +0.000
upd   56  steps  116736  sps 1289  opp symm  loss -0.053  pg -0.0432  v 0.006  ev +0.97  adv_std 0.104  tR +0.00  ent[s/d/p/e] 1.21/2.36/1.25/0.24  emits 0.06  spf 164.2  z0 0.94  garr 395.9  tG 1919  e2 0.00  nF 0.5  pS 0.24  ptS 0.22  fLog 0.76  pdΔ -0.2647  pkR 4.02  clip 0.03  kl +0.000
upd   57  steps  118784  sps 1302  opp symm  loss +0.005  pg +0.0133  v 0.010  ev +0.96  adv_std 0.136  tR -1.00  ent[s/d/p/e] 1.37/2.32/1.12/0.26  emits 0.09  spf 200.4  z0 0.92  garr 412.9  tG 2218  e2 0.01  nF 0.6  pS 0.26  ptS 0.24  fLog 0.76  pdΔ -0.2419  pkR 3.82  clip 0.02  kl +0.001
upd   58  steps  120832  sps 1315  opp symm  loss +0.011  pg +0.0187  v 0.008  ev +0.97  adv_std 0.114  tR +1.00  ent[s/d/p/e] 1.42/2.10/0.98/0.31  emits 0.11  spf 163.7  z0 0.90  garr 415.2  tG 2352  e2 0.01  nF 0.8  pS 0.27  ptS 0.26  fLog 0.71  pdΔ -0.2292  pkR 4.05  clip 0.02  kl +0.000
upd   59  steps  122880  sps 1328  opp symm  loss +0.052  pg +0.0610  v 0.007  ev +0.97  adv_std 0.114  tR +1.00  ent[s/d/p/e] 1.54/2.16/1.04/0.36  emits 0.13  spf 170.6  z0 0.89  garr 427.4  tG 2535  e2 0.02  nF 1.0  pS 0.29  ptS 0.27  fLog 0.70  pdΔ -0.2127  pkR 3.94  clip 0.05  kl +0.001
upd   60  steps  124928  sps 1341  opp symm  loss +0.039  pg +0.0474  v 0.008  ev +0.97  adv_std 0.125  tR +1.00  ent[s/d/p/e] 1.54/2.17/1.00/0.31  emits 0.13  spf 178.5  z0 0.89  garr 430.9  tG 2641  e2 0.02  nF 1.1  pS 0.29  ptS 0.27  fLog 0.72  pdΔ -0.2107  pkR 3.33  clip 0.07  kl +0.002
upd   61  steps  126976  sps 1353  opp symm  loss -0.025  pg -0.0201  v 0.017  ev +0.93  adv_std 0.182  tR -1.00  ent[s/d/p/e] 1.62/2.22/1.05/0.42  emits 0.18  spf 149.1  z0 0.87  garr 428.6  tG 2699  e2 0.03  nF 1.5  pS 0.30  ptS 0.28  fLog 0.69  pdΔ -0.2035  pkR 3.75  clip 0.08  kl +0.001
upd   62  steps  129024  sps 1366  opp symm  loss +0.149  pg +0.1426  v 0.036  ev +0.82  adv_std 0.278  tR -0.02  ent[s/d/p/e] 1.33/2.04/0.97/0.13  emits 0.04  spf 142.2  z0 0.96  garr 164.3  tG 798  e2 0.01  nF 0.5  pS 0.12  ptS 0.12  fLog 0.62  pdΔ -0.3807  pkR 12.06  clip 0.02  kl +0.000
upd   63  steps  131072  sps 1378  opp symm  loss -0.012  pg -0.0044  v 0.004  ev +0.93  adv_std 0.051  tR +0.00  ent[s/d/p/e] 0.38/2.33/0.96/0.07  emits 0.01  spf 49.4  z0 0.99  garr 144.9  tG 245  e2 0.00  nF 0.1  pS 0.06  ptS 0.06  fLog 0.59  pdΔ -0.4394  pkR 18.30  clip 0.00  kl -0.000
upd   64  steps  133120  sps 1390  opp symm  loss +0.120  pg +0.1273  v 0.005  ev +0.91  adv_std 0.084  tR -1.00  ent[s/d/p/e] 0.43/2.47/0.95/0.09  emits 0.02  spf 111.9  z0 0.98  garr 202.5  tG 332  e2 0.00  nF 0.2  pS 0.07  ptS 0.07  fLog 0.71  pdΔ -0.4307  pkR 14.35  clip 0.01  kl +0.000
upd   65  steps  135168  sps 1402  opp symm  loss +0.028  pg +0.0364  v 0.005  ev +0.94  adv_std 0.076  tR +0.00  ent[s/d/p/e] 0.65/2.38/1.14/0.11  emits 0.02  spf 116.0  z0 0.98  garr 231.0  tG 414  e2 0.00  nF 0.2  pS 0.08  ptS 0.08  fLog 0.74  pdΔ -0.4188  pkR 12.34  clip 0.01  kl +0.000
upd   66  steps  137216  sps 1414  opp symm  loss -0.039  pg -0.0329  v 0.008  ev +0.91  adv_std 0.120  tR +0.00  ent[s/d/p/e] 0.51/2.22/1.07/0.16  emits 0.04  spf 107.1  z0 0.96  garr 253.4  tG 513  e2 0.00  nF 0.3  pS 0.10  ptS 0.10  fLog 0.69  pdΔ -0.4046  pkR 8.95  clip 0.02  kl -0.000
upd   67  steps  139264  sps 1425  opp symm  loss +0.072  pg +0.0761  v 0.013  ev +0.91  adv_std 0.150  tR +0.00  ent[s/d/p/e] 0.82/2.01/1.03/0.17  emits 0.05  spf 97.1  z0 0.96  garr 257.9  tG 613  e2 0.01  nF 0.4  pS 0.11  ptS 0.11  fLog 0.66  pdΔ -0.3897  pkR 7.56  clip 0.02  kl +0.001
upd   68  steps  141312  sps 1437  opp symm  loss +0.030  pg +0.0322  v 0.018  ev +0.89  adv_std 0.189  tR +0.00  ent[s/d/p/e] 0.85/2.04/1.13/0.22  emits 0.05  spf 116.1  z0 0.95  garr 253.4  tG 669  e2 0.00  nF 0.4  pS 0.12  ptS 0.12  fLog 0.70  pdΔ -0.3798  pkR 3.64  clip 0.03  kl +0.001
upd   69  steps  143360  sps 1448  opp symm  loss +0.011  pg +0.0174  v 0.011  ev +0.96  adv_std 0.145  tR +0.00  ent[s/d/p/e] 0.97/2.12/1.17/0.22  emits 0.08  spf 115.9  z0 0.93  garr 247.9  tG 771  e2 0.01  nF 0.7  pS 0.14  ptS 0.14  fLog 0.69  pdΔ -0.3630  pkR 3.04  clip 0.02  kl +0.000
upd   70  steps  145408  sps 1459  opp symm  loss +0.000  pg +0.0056  v 0.014  ev +0.95  adv_std 0.162  tR +0.00  ent[s/d/p/e] 1.04/2.12/1.18/0.25  emits 0.08  spf 112.1  z0 0.92  garr 243.5  tG 897  e2 0.01  nF 0.7  pS 0.16  ptS 0.16  fLog 0.68  pdΔ -0.3437  pkR 3.35  clip 0.03  kl +0.001
upd   71  steps  147456  sps 1470  opp symm  loss +0.045  pg +0.0524  v 0.011  ev +0.96  adv_std 0.143  tR -1.00  ent[s/d/p/e] 1.16/2.03/1.24/0.28  emits 0.09  spf 100.1  z0 0.92  garr 253.3  tG 1042  e2 0.01  nF 0.8  pS 0.18  ptS 0.18  fLog 0.65  pdΔ -0.3208  pkR 3.33  clip 0.03  kl +0.000
upd   72  steps  149504  sps 1481  opp symm  loss +0.051  pg +0.0584  v 0.011  ev +0.96  adv_std 0.139  tR +0.00  ent[s/d/p/e] 1.30/2.14/1.19/0.27  emits 0.08  spf 136.4  z0 0.93  garr 271.1  tG 1226  e2 0.01  nF 0.7  pS 0.20  ptS 0.20  fLog 0.70  pdΔ -0.2982  pkR 3.36  clip 0.02  kl -0.000
upd   73  steps  151552  sps 1492  opp symm  loss +0.110  pg +0.1176  v 0.011  ev +0.97  adv_std 0.141  tR +0.00  ent[s/d/p/e] 1.22/2.02/1.19/0.30  emits 0.12  spf 120.2  z0 0.89  garr 283.7  tG 1399  e2 0.01  nF 1.0  pS 0.22  ptS 0.21  fLog 0.67  pdΔ -0.2838  pkR 3.80  clip 0.05  kl +0.003
upd   74  steps  153600  sps 1503  opp symm  loss +0.079  pg +0.0877  v 0.009  ev +0.97  adv_std 0.128  tR -1.00  ent[s/d/p/e] 1.34/2.00/1.15/0.34  emits 0.14  spf 132.7  z0 0.88  garr 275.5  tG 1490  e2 0.02  nF 1.2  pS 0.23  ptS 0.22  fLog 0.67  pdΔ -0.2735  pkR 4.40  clip 0.06  kl +0.003
upd   75  steps  155648  sps 1513  opp symm  loss +0.135  pg +0.1431  v 0.009  ev +0.97  adv_std 0.121  tR +0.00  ent[s/d/p/e] 1.43/2.10/1.18/0.28  emits 0.11  spf 118.2  z0 0.91  garr 288.3  tG 1663  e2 0.01  nF 1.1  pS 0.25  ptS 0.24  fLog 0.66  pdΔ -0.2544  pkR 4.72  clip 0.06  kl +0.002
upd   76  steps  157696  sps 1523  opp symm  loss +0.119  pg +0.1263  v 0.010  ev +0.97  adv_std 0.131  tR +0.00  ent[s/d/p/e] 1.59/2.01/1.08/0.29  emits 0.12  spf 161.3  z0 0.91  garr 308.6  tG 1854  e2 0.02  nF 1.1  pS 0.26  ptS 0.25  fLog 0.69  pdΔ -0.2377  pkR 4.77  clip 0.04  kl +0.002
upd   77  steps  159744  sps 1534  opp symm  loss +0.044  pg +0.0295  v 0.054  ev +0.83  adv_std 0.345  tR +0.07  ent[s/d/p/e] 1.54/2.04/1.07/0.26  emits 0.10  spf 119.0  z0 0.92  garr 273.8  tG 1661  e2 0.01  nF 0.9  pS 0.23  ptS 0.22  fLog 0.65  pdΔ -0.2672  pkR 6.24  clip 0.02  kl +0.000
upd   78  steps  161792  sps 1544  opp symm  loss +0.440  pg +0.4485  v 0.005  ev +0.96  adv_std 0.051  tR +0.00  ent[s/d/p/e] 0.38/2.29/1.35/0.04  emits 0.01  spf 109.2  z0 0.99  garr 114.7  tG 166  e2 0.00  nF 0.1  pS 0.06  ptS 0.06  fLog 0.70  pdΔ -0.4367  pkR 8.78  clip 0.00  kl +0.000
upd   79  steps  163840  sps 1554  opp symm  loss +0.177  pg +0.1852  v 0.005  ev +0.95  adv_std 0.075  tR +0.00  ent[s/d/p/e] 0.29/2.30/1.31/0.06  emits 0.01  spf 135.0  z0 0.99  garr 180.0  tG 261  e2 0.00  nF 0.1  pS 0.07  ptS 0.07  fLog 0.72  pdΔ -0.4285  pkR 5.86  clip 0.01  kl -0.000
upd   80  steps  165888  sps 1563  opp symm  loss -0.050  pg -0.0418  v 0.007  ev +0.95  adv_std 0.084  tR -1.00  ent[s/d/p/e] 0.33/2.37/1.60/0.09  emits 0.02  spf 131.5  z0 0.98  garr 239.0  tG 362  e2 0.00  nF 0.1  pS 0.08  ptS 0.07  fLog 0.74  pdΔ -0.4198  pkR 5.31  clip 0.01  kl +0.000
upd   81  steps  167936  sps 1573  opp symm  loss +0.015  pg +0.0248  v 0.006  ev +0.96  adv_std 0.085  tR +0.00  ent[s/d/p/e] 0.46/2.34/1.58/0.14  emits 0.03  spf 123.2  z0 0.97  garr 271.4  tG 475  e2 0.00  nF 0.2  pS 0.09  ptS 0.09  fLog 0.73  pdΔ -0.4064  pkR 5.31  clip 0.02  kl +0.000
upd   82  steps  169984  sps 1583  opp symm  loss -0.025  pg -0.0171  v 0.010  ev +0.94  adv_std 0.140  tR +0.00  ent[s/d/p/e] 0.69/2.40/1.42/0.17  emits 0.04  spf 129.0  z0 0.96  garr 271.3  tG 576  e2 0.00  nF 0.4  pS 0.12  ptS 0.11  fLog 0.73  pdΔ -0.3844  pkR 4.82  clip 0.02  kl -0.000
upd   83  steps  172032  sps 1592  opp symm  loss -0.050  pg -0.0403  v 0.008  ev +0.96  adv_std 0.105  tR +0.00  ent[s/d/p/e] 0.81/2.40/1.47/0.20  emits 0.06  spf 111.8  z0 0.95  garr 258.9  tG 680  e2 0.00  nF 0.4  pS 0.14  ptS 0.13  fLog 0.71  pdΔ -0.3620  pkR 4.14  clip 0.02  kl +0.001
upd   84  steps  174080  sps 1602  opp symm  loss -0.002  pg +0.0095  v 0.005  ev +0.97  adv_std 0.080  tR +0.00  ent[s/d/p/e] 1.08/2.50/1.38/0.20  emits 0.07  spf 111.9  z0 0.94  garr 255.8  tG 776  e2 0.01  nF 0.6  pS 0.16  ptS 0.15  fLog 0.71  pdΔ -0.3397  pkR 4.21  clip 0.03  kl +0.001
upd   85  steps  176128  sps 1611  opp symm  loss +0.112  pg +0.1215  v 0.006  ev +0.96  adv_std 0.106  tR +0.00  ent[s/d/p/e] 1.09/2.52/1.25/0.23  emits 0.06  spf 130.0  z0 0.94  garr 277.8  tG 965  e2 0.00  nF 0.5  pS 0.19  ptS 0.17  fLog 0.73  pdΔ -0.3145  pkR 3.98  clip 0.02  kl +0.000
upd   86  steps  178176  sps 1620  opp symm  loss +0.075  pg +0.0840  v 0.007  ev +0.96  adv_std 0.112  tR -1.00  ent[s/d/p/e] 1.29/2.49/1.15/0.17  emits 0.05  spf 153.3  z0 0.95  garr 306.4  tG 1184  e2 0.00  nF 0.4  pS 0.21  ptS 0.19  fLog 0.75  pdΔ -0.2946  pkR 3.96  clip 0.04  kl +0.001