
=== [2026-06-10T23:43:16Z] v14d_binary_v2_a_p0i4_ORBITWARS_SHAPING_RELEASE_0.012_5ec44792b5 phase=a kind=probe chunk=400 env={"ORBITWARS_SHAPING_HOLD_BONUS": 0.004, "ORBITWARS_SHAPING_CAPTURE": 0.04, "ORBITWARS_SHAPING_RELEASE": 0.012, "ORBITWARS_SHAPING_RELEASE_K": 17.0, "ORBITWARS_SHAPING_PROD_SHARE_DELTA": 0.025, "ORBITWARS_SHAPING_ONE_SHIP_PENALTY": 0.04} ppo={"ent_coef_emit": 0.004, "lr_peak": 4e-05} ===
[reward] kaggle-aligned: terminal +1 win/+1 tie>0/-1 loss/-1 double-wipeout; is_terminal at step >= episode_steps-2; SHAPING_SCALE=0.0; v1: KEEP_HOME=0.0 FLEET_SIZE=0.0/norm20.0; v2 (expert-replay calibrated): PROD_SHARE=0.0 PLANET_SHARE=0.0 FLEET_LOG=0.0/ref500.0/floor0.3; v3 (top10-2630ep calibrated): PROD_SHARE_DELTA=0.025 EMIT_LOG=0.0 EMIT_GATED=0.0 RELEASE=0.012/K17.0 CAPTURE=0.04; episode_steps=500 (kaggle=500, mismatch=False)
[symmetric] Frog Parade style: same params drive BOTH players, no frozen/strong/buffer opponents, zero_sum_value=True
upd    0  steps    2048  sps 38  opp symm  loss +0.208  pg +0.2107  v 0.009  ev -0.51  adv_std 0.131  tR +0.00  ent[s/d/p/e] 0.31/1.00/1.12/0.20  emits 0.51  spf 11.4  z0 0.67  garr 13.0  tG 16  e2 0.11  nF 3.3  pS 0.07  ptS 0.06  fLog 0.38  pdΔ -0.4344  pkR 4.59  clip 0.02  kl +0.002
upd    1  steps    4096  sps 75  opp symm  loss +0.124  pg +0.1217  v 0.022  ev +0.14  adv_std 0.170  tR -1.00  ent[s/d/p/e] 0.73/1.16/0.99/0.33  emits 1.33  spf 10.8  z0 0.45  garr 10.3  tG 24  e2 0.34  nF 12.1  pS 0.12  ptS 0.11  fLog 0.36  pdΔ -0.3840  pkR 5.26  clip 0.19  kl +0.004
upd    2  steps    6144  sps 112  opp symm  loss +0.110  pg +0.1057  v 0.030  ev +0.27  adv_std 0.191  tR +0.00  ent[s/d/p/e] 1.02/1.48/0.97/0.41  emits 1.83  spf 11.0  z0 0.36  garr 10.6  tG 39  e2 0.43  nF 21.8  pS 0.17  ptS 0.16  fLog 0.36  pdΔ -0.3318  pkR 6.72  clip 0.19  kl +0.005
upd    3  steps    8192  sps 147  opp symm  loss +0.065  pg +0.0595  v 0.034  ev +0.31  adv_std 0.183  tR -1.00  ent[s/d/p/e] 1.28/1.72/0.98/0.47  emits 2.11  spf 12.6  z0 0.33  garr 12.6  tG 71  e2 0.48  nF 28.7  pS 0.23  ptS 0.22  fLog 0.37  pdΔ -0.2715  pkR 9.90  clip 0.28  kl +0.007
upd    4  steps   10240  sps 182  opp symm  loss +0.050  pg +0.0413  v 0.044  ev +0.21  adv_std 0.210  tR -1.00  ent[s/d/p/e] 1.54/1.95/0.97/0.47  emits 2.19  spf 14.7  z0 0.33  garr 14.2  tG 111  e2 0.47  nF 32.7  pS 0.28  ptS 0.27  fLog 0.38  pdΔ -0.2234  pkR 10.81  clip 0.26  kl +0.005
upd    5  steps   12288  sps 216  opp symm  loss +0.094  pg +0.0848  v 0.045  ev +0.22  adv_std 0.231  tR -0.33  ent[s/d/p/e] 1.71/2.07/0.97/0.47  emits 2.18  spf 15.7  z0 0.37  garr 15.5  tG 147  e2 0.47  nF 32.6  pS 0.31  ptS 0.31  fLog 0.38  pdΔ -0.1878  pkR 13.82  clip 0.28  kl +0.009
upd    6  steps   14336  sps 249  opp symm  loss +0.054  pg +0.0540  v 0.028  ev +0.22  adv_std 0.181  tR -0.33  ent[s/d/p/e] 1.74/2.08/1.02/0.50  emits 2.08  spf 17.9  z0 0.37  garr 17.3  tG 170  e2 0.44  nF 31.7  pS 0.32  ptS 0.32  fLog 0.40  pdΔ -0.1783  pkR 9.27  clip 0.33  kl +0.019
upd    7  steps   16384  sps 281  opp symm  loss +0.051  pg +0.0538  v 0.023  ev +0.45  adv_std 0.179  tR +0.50  ent[s/d/p/e] 1.80/2.12/1.01/0.51  emits 1.86  spf 18.8  z0 0.39  garr 18.6  tG 207  e2 0.41  nF 29.0  pS 0.33  ptS 0.33  fLog 0.41  pdΔ -0.1674  pkR 16.17  clip 0.32  kl +0.015
upd    8  steps   18432  sps 313  opp symm  loss +0.010  pg +0.0168  v 0.015  ev +0.59  adv_std 0.149  tR -0.20  ent[s/d/p/e] 1.79/2.12/1.04/0.51  emits 1.61  spf 21.9  z0 0.44  garr 18.7  tG 191  e2 0.37  nF 24.2  pS 0.31  ptS 0.31  fLog 0.43  pdΔ -0.1851  pkR 12.64  clip 0.36  kl +0.015
upd    9  steps   20480  sps 344  opp symm  loss +0.006  pg +0.0121  v 0.016  ev +0.64  adv_std 0.156  tR +0.14  ent[s/d/p/e] 1.79/2.13/1.05/0.49  emits 1.69  spf 21.9  z0 0.44  garr 17.3  tG 175  e2 0.37  nF 22.2  pS 0.30  ptS 0.30  fLog 0.43  pdΔ -0.2015  pkR 15.22  clip 0.23  kl +0.007
upd   10  steps   22528  sps 374  opp symm  loss +0.018  pg +0.0269  v 0.010  ev +0.74  adv_std 0.120  tR -0.50  ent[s/d/p/e] 1.72/2.08/1.05/0.49  emits 1.60  spf 21.8  z0 0.44  garr 17.9  tG 174  e2 0.36  nF 20.9  pS 0.30  ptS 0.30  fLog 0.43  pdΔ -0.1969  pkR 9.52  clip 0.33  kl +0.005
upd   11  steps   24576  sps 404  opp symm  loss +0.076  pg +0.0822  v 0.014  ev +0.76  adv_std 0.146  tR -0.20  ent[s/d/p/e] 1.67/2.04/1.02/0.51  emits 1.66  spf 20.0  z0 0.44  garr 18.9  tG 207  e2 0.37  nF 21.3  pS 0.31  ptS 0.31  fLog 0.42  pdΔ -0.1938  pkR 14.63  clip 0.27  kl +0.007
upd   12  steps   26624  sps 433  opp symm  loss +0.068  pg +0.0736  v 0.015  ev +0.84  adv_std 0.139  tR +0.20  ent[s/d/p/e] 1.60/2.00/1.05/0.49  emits 1.62  spf 19.5  z0 0.44  garr 21.1  tG 244  e2 0.36  nF 20.9  pS 0.30  ptS 0.31  fLog 0.42  pdΔ -0.1981  pkR 15.61  clip 0.22  kl +0.006
upd   13  steps   28672  sps 461  opp symm  loss +0.096  pg +0.1006  v 0.016  ev +0.84  adv_std 0.161  tR +0.33  ent[s/d/p/e] 1.57/1.97/1.03/0.50  emits 1.49  spf 20.0  z0 0.47  garr 21.1  tG 243  e2 0.32  nF 19.1  pS 0.29  ptS 0.29  fLog 0.41  pdΔ -0.2130  pkR 17.19  clip 0.26  kl +0.003
upd   14  steps   30720  sps 489  opp symm  loss +0.071  pg +0.0775  v 0.013  ev +0.88  adv_std 0.135  tR -0.33  ent[s/d/p/e] 1.61/1.99/1.01/0.49  emits 1.50  spf 19.8  z0 0.47  garr 17.5  tG 165  e2 0.34  nF 18.3  pS 0.27  ptS 0.27  fLog 0.42  pdΔ -0.2305  pkR 18.48  clip 0.18  kl +0.008
upd   15  steps   32768  sps 516  opp symm  loss +0.036  pg +0.0354  v 0.028  ev +0.79  adv_std 0.243  tR +0.00  ent[s/d/p/e] 1.52/1.93/1.06/0.45  emits 1.38  spf 20.4  z0 0.50  garr 17.6  tG 151  e2 0.31  nF 16.1  pS 0.24  ptS 0.24  fLog 0.42  pdΔ -0.2570  pkR 14.82  clip 0.15  kl +0.002
upd   16  steps   34816  sps 543  opp symm  loss +0.065  pg +0.0710  v 0.013  ev +0.90  adv_std 0.157  tR -0.33  ent[s/d/p/e] 1.33/1.74/1.12/0.41  emits 1.28  spf 19.0  z0 0.49  garr 15.4  tG 116  e2 0.29  nF 14.1  pS 0.20  ptS 0.20  fLog 0.42  pdΔ -0.2959  pkR 17.17  clip 0.18  kl +0.003
upd   17  steps   36864  sps 569  opp symm  loss +0.050  pg +0.0552  v 0.015  ev +0.91  adv_std 0.165  tR +0.00  ent[s/d/p/e] 1.38/1.77/1.05/0.45  emits 1.57  spf 19.1  z0 0.42  garr 15.1  tG 136  e2 0.37  nF 16.9  pS 0.24  ptS 0.24  fLog 0.41  pdΔ -0.2603  pkR 17.19  clip 0.20  kl +0.005
upd   18  steps   38912  sps 595  opp symm  loss +0.077  pg +0.0824  v 0.015  ev +0.92  adv_std 0.159  tR -0.33  ent[s/d/p/e] 1.39/1.81/1.09/0.46  emits 1.46  spf 19.0  z0 0.46  garr 16.7  tG 151  e2 0.35  nF 17.8  pS 0.25  ptS 0.24  fLog 0.42  pdΔ -0.2501  pkR 16.32  clip 0.19  kl +0.002
upd   19  steps   40960  sps 620  opp symm  loss +0.062  pg +0.0672  v 0.016  ev +0.92  adv_std 0.162  tR -0.60  ent[s/d/p/e] 1.50/1.90/1.09/0.46  emits 1.53  spf 19.8  z0 0.44  garr 18.7  tG 207  e2 0.35  nF 17.9  pS 0.26  ptS 0.26  fLog 0.42  pdΔ -0.2362  pkR 21.03  clip 0.24  kl +0.005
upd   20  steps   43008  sps 645  opp symm  loss +0.101  pg +0.1027  v 0.022  ev +0.93  adv_std 0.172  tR +1.00  ent[s/d/p/e] 1.45/1.90/1.05/0.43  emits 1.81  spf 17.7  z0 0.43  garr 22.2  tG 285  e2 0.39  nF 20.0  pS 0.29  ptS 0.29  fLog 0.41  pdΔ -0.2147  pkR 21.55  clip 0.23  kl +0.003
upd   21  steps   45056  sps 669  opp symm  loss +0.099  pg +0.1060  v 0.013  ev +0.96  adv_std 0.137  tR +0.25  ent[s/d/p/e] 1.50/1.91/1.07/0.45  emits 1.53  spf 18.7  z0 0.46  garr 17.7  tG 189  e2 0.34  nF 19.7  pS 0.26  ptS 0.26  fLog 0.42  pdΔ -0.2443  pkR 27.32  clip 0.17  kl +0.002
upd   22  steps   47104  sps 693  opp symm  loss +0.067  pg +0.0719  v 0.016  ev +0.94  adv_std 0.163  tR -0.50  ent[s/d/p/e] 1.53/1.95/1.07/0.46  emits 1.57  spf 20.1  z0 0.46  garr 15.2  tG 130  e2 0.34  nF 18.7  pS 0.25  ptS 0.25  fLog 0.43  pdΔ -0.2488  pkR 10.46  clip 0.16  kl +0.004
upd   23  steps   49152  sps 716  opp symm  loss +0.086  pg +0.0911  v 0.016  ev +0.95  adv_std 0.154  tR -0.60  ent[s/d/p/e] 1.56/1.94/1.05/0.46  emits 1.49  spf 21.1  z0 0.46  garr 15.7  tG 151  e2 0.33  nF 19.0  pS 0.26  ptS 0.26  fLog 0.43  pdΔ -0.2394  pkR 10.28  clip 0.19  kl +0.007
upd   24  steps   51200  sps 739  opp symm  loss +0.087  pg +0.0943  v 0.011  ev +0.95  adv_std 0.140  tR +0.00  ent[s/d/p/e] 1.57/1.97/1.06/0.44  emits 1.41  spf 22.1  z0 0.50  garr 16.5  tG 160  e2 0.31  nF 17.2  pS 0.25  ptS 0.25  fLog 0.44  pdΔ -0.2486  pkR 10.35  clip 0.20  kl +0.006
upd   25  steps   53248  sps 762  opp symm  loss +0.067  pg +0.0746  v 0.011  ev +0.95  adv_std 0.145  tR -0.25  ent[s/d/p/e] 1.57/1.96/1.09/0.47  emits 1.31  spf 22.5  z0 0.51  garr 17.4  tG 170  e2 0.29  nF 15.6  pS 0.26  ptS 0.25  fLog 0.44  pdΔ -0.2443  pkR 10.35  clip 0.16  kl +0.005
upd   26  steps   55296  sps 784  opp symm  loss +0.043  pg +0.0485  v 0.016  ev +0.94  adv_std 0.166  tR -0.11  ent[s/d/p/e] 1.52/1.93/1.07/0.46  emits 1.26  spf 20.5  z0 0.51  garr 18.3  tG 170  e2 0.28  nF 15.3  pS 0.26  ptS 0.25  fLog 0.44  pdΔ -0.2406  pkR 17.64  clip 0.15  kl +0.003
upd   27  steps   57344  sps 805  opp symm  loss +0.053  pg +0.0583  v 0.015  ev +0.93  adv_std 0.168  tR +1.00  ent[s/d/p/e] 1.46/1.86/1.10/0.45  emits 1.29  spf 18.9  z0 0.48  garr 16.0  tG 130  e2 0.29  nF 15.3  pS 0.25  ptS 0.24  fLog 0.43  pdΔ -0.2540  pkR 18.49  clip 0.14  kl +0.003
upd   28  steps   59392  sps 827  opp symm  loss +0.060  pg +0.0671  v 0.013  ev +0.94  adv_std 0.155  tR +0.33  ent[s/d/p/e] 1.55/1.91/1.13/0.48  emits 1.40  spf 20.8  z0 0.47  garr 15.9  tG 131  e2 0.32  nF 15.9  pS 0.25  ptS 0.25  fLog 0.44  pdΔ -0.2483  pkR 8.36  clip 0.21  kl +0.006
upd   29  steps   61440  sps 847  opp symm  loss +0.030  pg +0.0362  v 0.014  ev +0.92  adv_std 0.163  tR +0.00  ent[s/d/p/e] 1.45/1.84/1.07/0.49  emits 1.37  spf 20.5  z0 0.48  garr 15.8  tG 129  e2 0.31  nF 15.2  pS 0.24  ptS 0.24  fLog 0.44  pdΔ -0.2581  pkR 9.60  clip 0.19  kl +0.005
upd   30  steps   63488  sps 868  opp symm  loss +0.031  pg +0.0364  v 0.014  ev +0.93  adv_std 0.166  tR -0.20  ent[s/d/p/e] 1.47/1.86/1.09/0.49  emits 1.33  spf 21.0  z0 0.47  garr 17.5  tG 162  e2 0.28  nF 14.6  pS 0.26  ptS 0.25  fLog 0.44  pdΔ -0.2420  pkR 14.29  clip 0.21  kl +0.004
upd   31  steps   65536  sps 888  opp symm  loss +0.077  pg +0.0830  v 0.013  ev +0.94  adv_std 0.146  tR +0.60  ent[s/d/p/e] 1.41/1.82/1.09/0.47  emits 1.45  spf 19.5  z0 0.48  garr 18.4  tG 166  e2 0.32  nF 13.8  pS 0.24  ptS 0.23  fLog 0.43  pdΔ -0.2640  pkR 25.21  clip 0.21  kl +0.003
upd   32  steps   67584  sps 908  opp symm  loss +0.072  pg +0.0780  v 0.014  ev +0.93  adv_std 0.162  tR -0.50  ent[s/d/p/e] 1.39/1.82/1.09/0.49  emits 1.48  spf 20.0  z0 0.45  garr 16.5  tG 120  e2 0.32  nF 14.9  pS 0.22  ptS 0.22  fLog 0.43  pdΔ -0.2757  pkR 19.24  clip 0.17  kl +0.001
upd   33  steps   69632  sps 927  opp symm  loss +0.042  pg +0.0443  v 0.021  ev +0.90  adv_std 0.200  tR -1.00  ent[s/d/p/e] 1.52/1.94/1.14/0.50  emits 1.56  spf 23.8  z0 0.44  garr 18.5  tG 151  e2 0.35  nF 16.5  pS 0.26  ptS 0.25  fLog 0.45  pdΔ -0.2445  pkR 14.31  clip 0.27  kl +0.013
upd   34  steps   71680  sps 947  opp symm  loss +0.059  pg +0.0649  v 0.014  ev +0.94  adv_std 0.166  tR -0.25  ent[s/d/p/e] 1.55/1.94/1.09/0.48  emits 1.46  spf 25.5  z0 0.46  garr 19.3  tG 164  e2 0.33  nF 15.6  pS 0.26  ptS 0.25  fLog 0.46  pdΔ -0.2396  pkR 11.29  clip 0.24  kl +0.004
upd   35  steps   73728  sps 965  opp symm  loss +0.034  pg +0.0385  v 0.017  ev +0.92  adv_std 0.173  tR +0.00  ent[s/d/p/e] 1.48/1.88/1.08/0.46  emits 1.55  spf 21.4  z0 0.42  garr 17.2  tG 133  e2 0.36  nF 16.3  pS 0.25  ptS 0.24  fLog 0.44  pdΔ -0.2472  pkR 8.08  clip 0.18  kl +0.003
upd   36  steps   75776  sps 984  opp symm  loss +0.036  pg +0.0391  v 0.018  ev +0.92  adv_std 0.190  tR +1.00  ent[s/d/p/e] 1.42/1.89/1.07/0.45  emits 1.53  spf 23.3  z0 0.46  garr 17.5  tG 144  e2 0.33  nF 16.2  pS 0.25  ptS 0.24  fLog 0.44  pdΔ -0.2546  pkR 14.58  clip 0.31  kl +0.009
upd   37  steps   77824  sps 1002  opp symm  loss +0.042  pg +0.0484  v 0.012  ev +0.95  adv_std 0.149  tR +0.00  ent[s/d/p/e] 1.39/1.86/1.06/0.44  emits 1.41  spf 19.2  z0 0.48  garr 16.3  tG 150  e2 0.30  nF 16.1  pS 0.23  ptS 0.23  fLog 0.42  pdΔ -0.2713  pkR 27.10  clip 0.22  kl +0.006
upd   38  steps   79872  sps 1020  opp symm  loss +0.069  pg +0.0745  v 0.014  ev +0.95  adv_std 0.161  tR -1.00  ent[s/d/p/e] 1.42/1.85/1.12/0.47  emits 1.31  spf 20.5  z0 0.49  garr 15.4  tG 130  e2 0.30  nF 16.3  pS 0.23  ptS 0.23  fLog 0.43  pdΔ -0.2706  pkR 12.50  clip 0.18  kl +0.001
upd   39  steps   81920  sps 1037  opp symm  loss +0.089  pg +0.0905  v 0.023  ev +0.93  adv_std 0.201  tR -0.11  ent[s/d/p/e] 1.45/1.90/1.12/0.46  emits 1.38  spf 20.8  z0 0.51  garr 15.8  tG 140  e2 0.30  nF 16.4  pS 0.23  ptS 0.23  fLog 0.43  pdΔ -0.2710  pkR 12.37  clip 0.24  kl +0.007
upd   40  steps   83968  sps 1055  opp symm  loss +0.057  pg +0.0621  v 0.016  ev +0.94  adv_std 0.175  tR -0.20  ent[s/d/p/e] 1.41/1.92/1.08/0.47  emits 1.22  spf 20.5  z0 0.56  garr 15.9  tG 121  e2 0.25  nF 15.4  pS 0.21  ptS 0.22  fLog 0.43  pdΔ -0.2872  pkR 13.21  clip 0.17  kl +0.001
upd   41  steps   86016  sps 1072  opp symm  loss +0.097  pg +0.0989  v 0.021  ev +0.92  adv_std 0.210  tR +0.20  ent[s/d/p/e] 1.40/1.91/1.06/0.42  emits 1.25  spf 19.6  z0 0.54  garr 17.1  tG 151  e2 0.27  nF 14.3  pS 0.21  ptS 0.22  fLog 0.43  pdΔ -0.2945  pkR 24.52  clip 0.19  kl +0.004
upd   42  steps   88064  sps 1089  opp symm  loss +0.077  pg +0.0786  v 0.023  ev +0.90  adv_std 0.211  tR -0.11  ent[s/d/p/e] 1.42/1.90/1.05/0.47  emits 1.28  spf 18.6  z0 0.53  garr 15.1  tG 115  e2 0.28  nF 15.6  pS 0.21  ptS 0.21  fLog 0.43  pdΔ -0.2940  pkR 26.79  clip 0.16  kl +0.005
upd   43  steps   90112  sps 1105  opp symm  loss +0.074  pg +0.0774  v 0.019  ev +0.93  adv_std 0.190  tR +0.20  ent[s/d/p/e] 1.40/1.87/1.05/0.48  emits 1.40  spf 17.4  z0 0.51  garr 14.3  tG 105  e2 0.31  nF 17.4  pS 0.21  ptS 0.21  fLog 0.41  pdΔ -0.2908  pkR 18.54  clip 0.24  kl +0.007
upd   44  steps   92160  sps 1121  opp symm  loss +0.112  pg +0.1117  v 0.027  ev +0.90  adv_std 0.227  tR -1.00  ent[s/d/p/e] 1.44/1.93/1.10/0.46  emits 1.31  spf 17.8  z0 0.54  garr 15.0  tG 105  e2 0.28  nF 18.0  pS 0.21  ptS 0.22  fLog 0.42  pdΔ -0.2895  pkR 17.75  clip 0.10  kl +0.004
upd   45  steps   94208  sps 1137  opp symm  loss +0.050  pg +0.0545  v 0.017  ev +0.94  adv_std 0.181  tR +0.00  ent[s/d/p/e] 1.47/1.98/1.10/0.49  emits 1.29  spf 19.5  z0 0.53  garr 16.7  tG 122  e2 0.28  nF 17.8  pS 0.23  ptS 0.23  fLog 0.43  pdΔ -0.2665  pkR 17.72  clip 0.16  kl +0.001
upd   46  steps   96256  sps 1153  opp symm  loss +0.032  pg +0.0356  v 0.019  ev +0.94  adv_std 0.195  tR -0.75  ent[s/d/p/e] 1.53/2.02/1.06/0.52  emits 1.36  spf 21.4  z0 0.51  garr 17.4  tG 147  e2 0.29  nF 17.1  pS 0.27  ptS 0.27  fLog 0.45  pdΔ -0.2277  pkR 10.52  clip 0.15  kl +0.006
upd   47  steps   98304  sps 1168  opp symm  loss +0.037  pg +0.0443  v 0.013  ev +0.96  adv_std 0.158  tR +0.33  ent[s/d/p/e] 1.54/2.03/1.07/0.52  emits 1.36  spf 23.5  z0 0.50  garr 20.6  tG 205  e2 0.29  nF 15.9  pS 0.30  ptS 0.29  fLog 0.46  pdΔ -0.1988  pkR 14.23  clip 0.20  kl +0.006
upd   48  steps  100352  sps 1183  opp symm  loss +0.032  pg +0.0383  v 0.014  ev +0.95  adv_std 0.171  tR +0.50  ent[s/d/p/e] 1.62/2.11/1.09/0.52  emits 1.41  spf 24.6  z0 0.49  garr 21.8  tG 206  e2 0.31  nF 16.2  pS 0.30  ptS 0.29  fLog 0.47  pdΔ -0.1997  pkR 16.04  clip 0.19  kl +0.007
upd   49  steps  102400  sps 1198  opp symm  loss +0.105  pg +0.1098  v 0.019  ev +0.95  adv_std 0.190  tR +1.00  ent[s/d/p/e] 1.65/2.13/1.06/0.50  emits 1.47  spf 25.0  z0 0.49  garr 23.1  tG 222  e2 0.30  nF 16.9  pS 0.31  ptS 0.31  fLog 0.46  pdΔ -0.1853  pkR 10.09  clip 0.20  kl +0.005
upd   50  steps  104448  sps 1213  opp symm  loss +0.080  pg +0.0877  v 0.012  ev +0.96  adv_std 0.157  tR -0.11  ent[s/d/p/e] 1.60/2.08/1.07/0.52  emits 1.26  spf 23.9  z0 0.53  garr 24.5  tG 234  e2 0.27  nF 15.3  pS 0.30  ptS 0.30  fLog 0.46  pdΔ -0.1969  pkR 8.90  clip 0.19  kl +0.004
upd   51  steps  106496  sps 1228  opp symm  loss +0.065  pg +0.0720  v 0.014  ev +0.96  adv_std 0.157  tR +1.00  ent[s/d/p/e] 1.53/2.04/1.11/0.54  emits 1.06  spf 27.0  z0 0.56  garr 26.6  tG 253  e2 0.23  nF 12.4  pS 0.28  ptS 0.27  fLog 0.46  pdΔ -0.2233  pkR 11.39  clip 0.15  kl +0.003
upd   52  steps  108544  sps 1242  opp symm  loss +0.049  pg +0.0542  v 0.017  ev +0.94  adv_std 0.187  tR -1.00  ent[s/d/p/e] 1.44/1.96/1.10/0.54  emits 1.00  spf 28.3  z0 0.57  garr 30.1  tG 312  e2 0.22  nF 11.5  pS 0.28  ptS 0.28  fLog 0.47  pdΔ -0.2224  pkR 11.89  clip 0.10  kl +0.002
upd   53  steps  110592  sps 1256  opp symm  loss -0.005  pg +0.0009  v 0.015  ev +0.95  adv_std 0.170  tR +0.67  ent[s/d/p/e] 1.41/1.98/1.15/0.53  emits 0.89  spf 30.5  z0 0.59  garr 32.9  tG 357  e2 0.20  nF 10.4  pS 0.27  ptS 0.27  fLog 0.47  pdΔ -0.2280  pkR 12.27  clip 0.24  kl +0.009
upd   54  steps  112640  sps 1270  opp symm  loss +0.041  pg +0.0477  v 0.015  ev +0.95  adv_std 0.173  tR -0.14  ent[s/d/p/e] 1.48/2.00/1.16/0.53  emits 0.88  spf 33.4  z0 0.59  garr 36.1  tG 414  e2 0.20  nF 9.2  pS 0.28  ptS 0.28  fLog 0.48  pdΔ -0.2214  pkR 13.90  clip 0.13  kl +0.005
upd   55  steps  114688  sps 1284  opp symm  loss +0.033  pg +0.0417  v 0.009  ev +0.97  adv_std 0.139  tR -0.14  ent[s/d/p/e] 1.46/1.96/1.14/0.53  emits 0.89  spf 30.7  z0 0.61  garr 34.7  tG 383  e2 0.20  nF 9.6  pS 0.28  ptS 0.27  fLog 0.47  pdΔ -0.2249  pkR 16.23  clip 0.14  kl +0.003
upd   56  steps  116736  sps 1297  opp symm  loss +0.055  pg +0.0591  v 0.019  ev +0.93  adv_std 0.201  tR -0.14  ent[s/d/p/e] 1.53/2.01/1.10/0.51  emits 0.95  spf 29.2  z0 0.62  garr 31.4  tG 311  e2 0.21  nF 10.2  pS 0.26  ptS 0.26  fLog 0.47  pdΔ -0.2376  pkR 12.50  clip 0.12  kl +0.005
upd   57  steps  118784  sps 1311  opp symm  loss +0.027  pg +0.0319  v 0.016  ev +0.94  adv_std 0.180  tR -0.25  ent[s/d/p/e] 1.44/1.91/1.10/0.52  emits 0.88  spf 28.6  z0 0.62  garr 29.5  tG 307  e2 0.19  nF 9.9  pS 0.25  ptS 0.25  fLog 0.47  pdΔ -0.2468  pkR 12.61  clip 0.12  kl +0.006
upd   58  steps  120832  sps 1324  opp symm  loss +0.076  pg +0.0835  v 0.011  ev +0.95  adv_std 0.151  tR -0.20  ent[s/d/p/e] 1.40/1.93/1.17/0.52  emits 0.71  spf 35.5  z0 0.66  garr 34.8  tG 349  e2 0.16  nF 8.3  pS 0.25  ptS 0.25  fLog 0.48  pdΔ -0.2505  pkR 9.93  clip 0.13  kl +0.003
upd   59  steps  122880  sps 1337  opp symm  loss +0.017  pg +0.0234  v 0.014  ev +0.94  adv_std 0.167  tR -0.14  ent[s/d/p/e] 1.34/1.85/1.18/0.51  emits 0.73  spf 32.7  z0 0.65  garr 39.1  tG 373  e2 0.16  nF 7.8  pS 0.24  ptS 0.24  fLog 0.48  pdΔ -0.2580  pkR 11.66  clip 0.16  kl +0.004
upd   60  steps  124928  sps 1349  opp symm  loss +0.005  pg +0.0118  v 0.014  ev +0.95  adv_std 0.165  tR -0.50  ent[s/d/p/e] 1.37/1.85/1.18/0.53  emits 0.72  spf 31.2  z0 0.65  garr 42.1  tG 443  e2 0.16  nF 8.5  pS 0.26  ptS 0.27  fLog 0.48  pdΔ -0.2377  pkR 11.26  clip 0.15  kl +0.009
upd   61  steps  126976  sps 1362  opp symm  loss +0.036  pg +0.0447  v 0.010  ev +0.97  adv_std 0.147  tR +0.20  ent[s/d/p/e] 1.52/1.99/1.20/0.56  emits 0.82  spf 37.4  z0 0.62  garr 48.0  tG 528  e2 0.19  nF 9.7  pS 0.30  ptS 0.30  fLog 0.50  pdΔ -0.2017  pkR 10.75  clip 0.08  kl +0.003
upd   62  steps  129024  sps 1375  opp symm  loss +0.037  pg +0.0455  v 0.012  ev +0.96  adv_std 0.160  tR +0.50  ent[s/d/p/e] 1.54/2.05/1.24/0.55  emits 0.82  spf 35.8  z0 0.62  garr 44.0  tG 468  e2 0.18  nF 9.4  pS 0.30  ptS 0.30  fLog 0.51  pdΔ -0.1988  pkR 9.00  clip 0.17  kl +0.000
upd   63  steps  131072  sps 1387  opp symm  loss -0.016  pg -0.0084  v 0.014  ev +0.95  adv_std 0.168  tR +0.00  ent[s/d/p/e] 1.59/2.08/1.20/0.54  emits 0.75  spf 38.8  z0 0.63  garr 46.1  tG 511  e2 0.16  nF 8.4  pS 0.32  ptS 0.31  fLog 0.52  pdΔ -0.1833  pkR 9.32  clip 0.12  kl +0.005
upd   64  steps  133120  sps 1399  opp symm  loss +0.004  pg +0.0135  v 0.010  ev +0.96  adv_std 0.148  tR +1.00  ent[s/d/p/e] 1.60/2.11/1.24/0.54  emits 0.66  spf 44.7  z0 0.65  garr 52.4  tG 598  e2 0.15  nF 6.9  pS 0.32  ptS 0.32  fLog 0.53  pdΔ -0.1791  pkR 8.56  clip 0.11  kl +0.002
upd   65  steps  135168  sps 1411  opp symm  loss +0.081  pg +0.0901  v 0.012  ev +0.96  adv_std 0.154  tR +1.00  ent[s/d/p/e] 1.52/2.10/1.26/0.54  emits 0.57  spf 45.5  z0 0.71  garr 58.2  tG 635  e2 0.12  nF 6.0  pS 0.31  ptS 0.30  fLog 0.53  pdΔ -0.1934  pkR 10.08  clip 0.12  kl +0.002
upd   66  steps  137216  sps 1423  opp symm  loss +0.042  pg +0.0509  v 0.011  ev +0.96  adv_std 0.147  tR +0.50  ent[s/d/p/e] 1.50/2.04/1.20/0.54  emits 0.58  spf 45.0  z0 0.68  garr 60.6  tG 636  e2 0.13  nF 5.9  pS 0.30  ptS 0.30  fLog 0.52  pdΔ -0.1991  pkR 10.47  clip 0.10  kl +0.001
upd   67  steps  139264  sps 1434  opp symm  loss +0.072  pg +0.0788  v 0.013  ev +0.95  adv_std 0.164  tR +0.25  ent[s/d/p/e] 1.44/1.98/1.18/0.52  emits 0.70  spf 37.4  z0 0.68  garr 52.6  tG 529  e2 0.15  nF 6.0  pS 0.28  ptS 0.28  fLog 0.49  pdΔ -0.2209  pkR 7.98  clip 0.10  kl +0.002
upd   68  steps  141312  sps 1446  opp symm  loss +0.021  pg +0.0286  v 0.011  ev +0.95  adv_std 0.150  tR -0.50  ent[s/d/p/e] 1.43/1.97/1.18/0.53  emits 0.62  spf 38.3  z0 0.69  garr 56.0  tG 542  e2 0.14  nF 6.2  pS 0.27  ptS 0.26  fLog 0.50  pdΔ -0.2341  pkR 10.71  clip 0.10  kl +0.003
upd   69  steps  143360  sps 1457  opp symm  loss +0.064  pg +0.0722  v 0.010  ev +0.96  adv_std 0.141  tR -0.33  ent[s/d/p/e] 1.37/1.92/1.20/0.54  emits 0.67  spf 40.7  z0 0.67  garr 57.9  tG 594  e2 0.14  nF 7.0  pS 0.28  ptS 0.27  fLog 0.50  pdΔ -0.2220  pkR 12.50  clip 0.10  kl +0.005
upd   70  steps  145408  sps 1468  opp symm  loss +0.074  pg +0.0791  v 0.016  ev +0.94  adv_std 0.182  tR -1.00  ent[s/d/p/e] 1.37/1.95/1.24/0.55  emits 0.71  spf 37.4  z0 0.65  garr 59.8  tG 618  e2 0.16  nF 7.7  pS 0.28  ptS 0.28  fLog 0.50  pdΔ -0.2180  pkR 12.97  clip 0.12  kl +0.003
upd   71  steps  147456  sps 1479  opp symm  loss +0.019  pg +0.0278  v 0.011  ev +0.96  adv_std 0.147  tR -0.14  ent[s/d/p/e] 1.47/2.04/1.16/0.55  emits 0.84  spf 44.0  z0 0.63  garr 55.3  tG 584  e2 0.18  nF 8.3  pS 0.28  ptS 0.28  fLog 0.51  pdΔ -0.2188  pkR 11.78  clip 0.08  kl +0.002
upd   72  steps  149504  sps 1490  opp symm  loss +0.042  pg +0.0506  v 0.011  ev +0.95  adv_std 0.151  tR +0.25  ent[s/d/p/e] 1.48/2.04/1.14/0.55  emits 0.80  spf 39.7  z0 0.62  garr 46.3  tG 443  e2 0.18  nF 8.5  pS 0.26  ptS 0.25  fLog 0.51  pdΔ -0.2411  pkR 15.61  clip 0.13  kl +0.004
upd   73  steps  151552  sps 1501  opp symm  loss -0.006  pg +0.0033  v 0.009  ev +0.96  adv_std 0.135  tR -0.50  ent[s/d/p/e] 1.45/2.01/1.11/0.56  emits 0.81  spf 34.4  z0 0.63  garr 36.7  tG 303  e2 0.19  nF 8.6  pS 0.24  ptS 0.24  fLog 0.51  pdΔ -0.2555  pkR 22.91  clip 0.08  kl +0.002
upd   74  steps  153600  sps 1511  opp symm  loss -0.002  pg +0.0065  v 0.010  ev +0.96  adv_std 0.142  tR -1.00  ent[s/d/p/e] 1.51/2.02/1.08/0.55  emits 0.96  spf 32.6  z0 0.60  garr 37.9  tG 342  e2 0.22  nF 9.4  pS 0.27  ptS 0.26  fLog 0.50  pdΔ -0.2309  pkR 20.23  clip 0.24  kl +0.010
upd   75  steps  155648  sps 1522  opp symm  loss +0.015  pg +0.0232  v 0.011  ev +0.96  adv_std 0.149  tR -0.14  ent[s/d/p/e] 1.61/2.12/1.14/0.57  emits 0.83  spf 38.4  z0 0.63  garr 39.9  tG 353  e2 0.19  nF 9.0  pS 0.29  ptS 0.28  fLog 0.52  pdΔ -0.2103  pkR 13.72  clip 0.11  kl +0.004
upd   76  steps  157696  sps 1532  opp symm  loss +0.001  pg +0.0107  v 0.010  ev +0.97  adv_std 0.142  tR -1.00  ent[s/d/p/e] 1.63/2.14/1.16/0.56  emits 0.85  spf 36.0  z0 0.63  garr 43.2  tG 417  e2 0.19  nF 8.9  pS 0.31  ptS 0.30  fLog 0.52  pdΔ -0.1858  pkR 10.55  clip 0.06  kl +0.004
upd   77  steps  159744  sps 1542  opp symm  loss +0.028  pg +0.0345  v 0.015  ev +0.95  adv_std 0.175  tR +0.60  ent[s/d/p/e] 1.61/2.13/1.18/0.55  emits 0.76  spf 41.4  z0 0.64  garr 48.3  tG 498  e2 0.18  nF 8.5  pS 0.32  ptS 0.32  fLog 0.53  pdΔ -0.1758  pkR 8.78  clip 0.06  kl +0.001
upd   78  steps  161792  sps 1552  opp symm  loss +0.036  pg +0.0426  v 0.014  ev +0.95  adv_std 0.165  tR -0.14  ent[s/d/p/e] 1.52/2.06/1.16/0.55  emits 0.86  spf 39.8  z0 0.62  garr 42.5  tG 432  e2 0.20  nF 8.6  pS 0.32  ptS 0.31  fLog 0.51  pdΔ -0.1845  pkR 9.82  clip 0.16  kl +0.003
upd   79  steps  163840  sps 1562  opp symm  loss +0.073  pg +0.0814  v 0.010  ev +0.96  adv_std 0.146  tR +0.00  ent[s/d/p/e] 1.49/2.08/1.17/0.55  emits 0.82  spf 38.6  z0 0.64  garr 48.6  tG 499  e2 0.17  nF 8.8  pS 0.30  ptS 0.30  fLog 0.52  pdΔ -0.1959  pkR 11.51  clip 0.12  kl +0.003
upd   80  steps  165888  sps 1572  opp symm  loss +0.074  pg +0.0834  v 0.010  ev +0.96  adv_std 0.145  tR +0.33  ent[s/d/p/e] 1.56/2.14/1.23/0.54  emits 0.65  spf 44.4  z0 0.67  garr 55.5  tG 590  e2 0.15  nF 7.9  pS 0.31  ptS 0.30  fLog 0.53  pdΔ -0.1933  pkR 10.23  clip 0.13  kl +0.004
upd   81  steps  167936  sps 1582  opp symm  loss +0.084  pg +0.0934  v 0.010  ev +0.96  adv_std 0.143  tR +1.00  ent[s/d/p/e] 1.53/2.12/1.23/0.53  emits 0.63  spf 37.6  z0 0.71  garr 55.8  tG 533  e2 0.13  nF 6.2  pS 0.28  ptS 0.27  fLog 0.51  pdΔ -0.2224  pkR 11.11  clip 0.08  kl +0.002
upd   82  steps  169984  sps 1592  opp symm  loss +0.024  pg +0.0325  v 0.012  ev +0.94  adv_std 0.157  tR -0.50  ent[s/d/p/e] 1.42/2.08/1.31/0.51  emits 0.53  spf 46.3  z0 0.71  garr 59.7  tG 548  e2 0.12  nF 5.9  pS 0.26  ptS 0.26  fLog 0.53  pdΔ -0.2379  pkR 13.01  clip 0.10  kl +0.006
upd   83  steps  172032  sps 1601  opp symm  loss +0.025  pg +0.0354  v 0.008  ev +0.96  adv_std 0.124  tR -0.75  ent[s/d/p/e] 1.52/2.09/1.28/0.50  emits 0.58  spf 43.9  z0 0.70  garr 54.4  tG 532  e2 0.13  nF 5.7  pS 0.27  ptS 0.26  fLog 0.53  pdΔ -0.2304  pkR 13.45  clip 0.10  kl +0.003
upd   84  steps  174080  sps 1610  opp symm  loss +0.037  pg +0.0474  v 0.008  ev +0.96  adv_std 0.125  tR +0.00  ent[s/d/p/e] 1.59/2.06/1.21/0.53  emits 0.69  spf 34.5  z0 0.68  garr 55.3  tG 593  e2 0.15  nF 6.9  pS 0.29  ptS 0.28  fLog 0.50  pdΔ -0.2131  pkR 15.18  clip 0.13  kl +0.002
upd   85  steps  176128  sps 1620  opp symm  loss +0.010  pg +0.0204  v 0.009  ev +0.97  adv_std 0.126  tR -0.20  ent[s/d/p/e] 1.63/2.12/1.23/0.53  emits 0.64  spf 45.8  z0 0.69  garr 62.1  tG 703  e2 0.14  nF 7.0  pS 0.31  ptS 0.31  fLog 0.53  pdΔ -0.1882  pkR 14.07  clip 0.13  kl +0.007
upd   86  steps  178176  sps 1629  opp symm  loss +0.010  pg +0.0213  v 0.007  ev +0.97  adv_std 0.121  tR +0.25  ent[s/d/p/e] 1.63/2.12/1.24/0.52  emits 0.58  spf 45.5  z0 0.71  garr 65.6  tG 675  e2 0.13  nF 6.4  pS 0.31  ptS 0.31  fLog 0.54  pdΔ -0.1912  pkR 15.07  clip 0.18  kl +0.005
upd   87  steps  180224  sps 1638  opp symm  loss +0.054  pg +0.0651  v 0.006  ev +0.97  adv_std 0.105  tR -0.11  ent[s/d/p/e] 1.49/2.05/1.24/0.50  emits 0.52  spf 38.7  z0 0.73  garr 62.6  tG 594  e2 0.11  nF 5.8  pS 0.29  ptS 0.28  fLog 0.52  pdΔ -0.2100  pkR 13.73  clip 0.10  kl +0.005
upd   88  steps  182272  sps 1647  opp symm  loss +0.037  pg +0.0470  v 0.007  ev +0.96  adv_std 0.125  tR +0.20  ent[s/d/p/e] 1.45/2.03/1.26/0.51  emits 0.56  spf 41.3  z0 0.71  garr 63.1  tG 584  e2 0.12  nF 5.9  pS 0.29  ptS 0.28  fLog 0.53  pdΔ -0.2132  pkR 14.11  clip 0.12  kl +0.005
upd   89  steps  184320  sps 1656  opp symm  loss +0.127  pg +0.1375  v 0.007  ev +0.96  adv_std 0.123  tR +0.50  ent[s/d/p/e] 1.41/2.05/1.26/0.51  emits 0.59  spf 35.1  z0 0.71  garr 63.3  tG 484  e2 0.13  nF 5.9  pS 0.27  ptS 0.26  fLog 0.51  pdΔ -0.2349  pkR 12.71  clip 0.12  kl +0.002
upd   90  steps  186368  sps 1664  opp symm  loss +0.017  pg +0.0273  v 0.008  ev +0.96  adv_std 0.124  tR -1.00  ent[s/d/p/e] 1.49/2.16/1.26/0.49  emits 0.55  spf 39.7  z0 0.74  garr 76.4  tG 570  e2 0.11  nF 6.3  pS 0.27  ptS 0.27  fLog 0.53  pdΔ -0.2276  pkR 12.09  clip 0.06  kl +0.002
upd   91  steps  188416  sps 1673  opp symm  loss +0.046  pg +0.0538  v 0.013  ev +0.93  adv_std 0.164  tR -0.60  ent[s/d/p/e] 1.54/2.19/1.23/0.44  emits 0.52  spf 42.9  z0 0.77  garr 83.2  tG 654  e2 0.10  nF 5.6  pS 0.28  ptS 0.28  fLog 0.54  pdΔ -0.2169  pkR 10.92  clip 0.10  kl +0.005
upd   92  steps  190464  sps 1681  opp symm  loss -0.092  pg -0.0819  v 0.008  ev +0.96  adv_std 0.126  tR +0.00  ent[s/d/p/e] 1.46/2.19/1.29/0.40  emits 0.39  spf 40.7  z0 0.82  garr 91.3  tG 699  e2 0.08  nF 4.3  pS 0.26  ptS 0.26  fLog 0.54  pdΔ -0.2405  pkR 12.38  clip 0.11  kl +0.007
upd   93  steps  192512  sps 1690  opp symm  loss +0.070  pg +0.0791  v 0.008  ev +0.96  adv_std 0.123  tR -0.14  ent[s/d/p/e] 1.45/2.10/1.18/0.39  emits 0.33  spf 43.2  z0 0.83  garr 106.3  tG 808  e2 0.06  nF 3.6  pS 0.26  ptS 0.25  fLog 0.54  pdΔ -0.2392  pkR 12.53  clip 0.10  kl +0.004
upd   94  steps  194560  sps 1698  opp symm  loss +0.041  pg +0.0501  v 0.007  ev +0.96  adv_std 0.120  tR -0.75  ent[s/d/p/e] 1.32/2.02/1.25/0.37  emits 0.29  spf 46.4  z0 0.83  garr 114.6  tG 923  e2 0.06  nF 3.1  pS 0.26  ptS 0.25  fLog 0.55  pdΔ -0.2376  pkR 12.92  clip 0.09  kl +0.004
upd   95  steps  196608  sps 1706  opp symm  loss +0.070  pg +0.0792  v 0.007  ev +0.96  adv_std 0.114  tR +0.20  ent[s/d/p/e] 1.29/1.99/1.20/0.40  emits 0.32  spf 42.0  z0 0.84  garr 129.4  tG 1081  e2 0.07  nF 2.8  pS 0.27  ptS 0.26  fLog 0.53  pdΔ -0.2296  pkR 12.94  clip 0.08  kl +0.003
upd   96  steps  198656  sps 1715  opp symm  loss +0.054  pg +0.0619  v 0.010  ev +0.93  adv_std 0.143  tR +0.00  ent[s/d/p/e] 1.24/2.02/1.21/0.39  emits 0.36  spf 42.4  z0 0.82  garr 142.3  tG 1060  e2 0.08  nF 3.5  pS 0.26  ptS 0.25  fLog 0.54  pdΔ -0.2360  pkR 10.65  clip 0.06  kl +0.002
upd   97  steps  200704  sps 1723  opp symm  loss +0.029  pg +0.0365  v 0.011  ev +0.93  adv_std 0.145  tR -1.00  ent[s/d/p/e] 1.40/2.08/1.19/0.40  emits 0.40  spf 55.0  z0 0.81  garr 150.8  tG 1116  e2 0.08  nF 3.9  pS 0.27  ptS 0.26  fLog 0.56  pdΔ -0.2269  pkR 8.30  clip 0.05  kl +0.001
upd   98  steps  202752  sps 1731  opp symm  loss +0.007  pg +0.0162  v 0.010  ev +0.94  adv_std 0.136  tR +0.00  ent[s/d/p/e] 1.47/2.15/1.31/0.42  emits 0.38  spf 52.4  z0 0.81  garr 156.9  tG 1216  e2 0.08  nF 4.3  pS 0.29  ptS 0.28  fLog 0.55  pdΔ -0.2077  pkR 7.42  clip 0.07  kl -0.000
[eval_vs_v20] u99 tag=train_u99  bin0=0.0%  spf=27.65  garr=42.09  flip=9.09%  z0=75.1%  e8=1.8%  e2+=3.6%  WLD=0/3/0
upd   99  steps  204800  sps 1738  opp symm  loss +0.031  pg +0.0426  v 0.007  ev +0.96  adv_std 0.112  tR +0.14  ent[s/d/p/e] 1.55/2.23/1.33/0.41  emits 0.35  spf 52.1  z0 0.82  garr 151.2  tG 1097  e2 0.07  nF 4.1  pS 0.29  ptS 0.27  fLog 0.57  pdΔ -0.2122  pkR 9.43  clip 0.05  kl +0.000 WRr 0.81 v20[spf 27.6 flip 9.1% e2+ 3.6%]
upd  100  steps  206848  sps 1124  opp symm  loss +0.097  pg +0.1081  v 0.006  ev +0.96  adv_std 0.106  tR -1.00  ent[s/d/p/e] 1.66/2.24/1.30/0.35  emits 0.24  spf 67.8  z0 0.87  garr 158.9  tG 1036  e2 0.05  nF 3.2  pS 0.28  ptS 0.26  fLog 0.59  pdΔ -0.2165  pkR 5.98  clip 0.05  kl +0.001
upd  101  steps  208896  sps 1132  opp symm  loss +0.078  pg +0.0870  v 0.010  ev +0.95  adv_std 0.131  tR +0.60  ent[s/d/p/e] 1.47/2.13/1.33/0.35  emits 0.22  spf 58.4  z0 0.87  garr 163.7  tG 1116  e2 0.04  nF 2.4  pS 0.29  ptS 0.27  fLog 0.58  pdΔ -0.2131  pkR 5.85  clip 0.04  kl +0.001
upd  102  steps  210944  sps 1139  opp symm  loss -0.035  pg -0.0257  v 0.009  ev +0.95  adv_std 0.132  tR -0.50  ent[s/d/p/e] 1.45/2.17/1.27/0.31  emits 0.19  spf 60.8  z0 0.88  garr 164.6  tG 1155  e2 0.03  nF 2.3  pS 0.28  ptS 0.26  fLog 0.59  pdΔ -0.2209  pkR 6.19  clip 0.04  kl +0.002
upd  103  steps  212992  sps 1146  opp symm  loss -0.023  pg -0.0136  v 0.008  ev +0.96  adv_std 0.118  tR -0.50  ent[s/d/p/e] 1.36/2.14/1.23/0.33  emits 0.18  spf 66.3  z0 0.88  garr 161.8  tG 1166  e2 0.03  nF 2.1  pS 0.27  ptS 0.25  fLog 0.60  pdΔ -0.2289  pkR 7.19  clip 0.04  kl +0.001
upd  104  steps  215040  sps 1153  opp symm  loss -0.009  pg +0.0004  v 0.008  ev +0.96  adv_std 0.128  tR -0.50  ent[s/d/p/e] 1.34/2.18/1.29/0.34  emits 0.18  spf 73.4  z0 0.87  garr 177.6  tG 1371  e2 0.03  nF 2.0  pS 0.30  ptS 0.28  fLog 0.61  pdΔ -0.2030  pkR 6.88  clip 0.04  kl -0.000
upd  105  steps  217088  sps 1160  opp symm  loss -0.018  pg -0.0076  v 0.009  ev +0.96  adv_std 0.117  tR +0.33  ent[s/d/p/e] 1.41/2.30/1.40/0.38  emits 0.17  spf 99.0  z0 0.88  garr 197.8  tG 1582  e2 0.03  nF 1.7  pS 0.31  ptS 0.29  fLog 0.64  pdΔ -0.1859  pkR 6.66  clip 0.05  kl +0.004
upd  106  steps  219136  sps 1167  opp symm  loss -0.023  pg -0.0114  v 0.007  ev +0.97  adv_std 0.102  tR +1.00  ent[s/d/p/e] 1.49/2.28/1.43/0.43  emits 0.25  spf 78.8  z0 0.83  garr 209.4  tG 1673  e2 0.05  nF 2.2  pS 0.33  ptS 0.31  fLog 0.62  pdΔ -0.1657  pkR 6.44  clip 0.09  kl +0.002
upd  107  steps  221184  sps 1173  opp symm  loss +0.057  pg +0.0679  v 0.008  ev +0.96  adv_std 0.126  tR +0.00  ent[s/d/p/e] 1.62/2.25/1.37/0.46  emits 0.36  spf 80.7  z0 0.79  garr 199.0  tG 1614  e2 0.07  nF 3.2  pS 0.35  ptS 0.33  fLog 0.61  pdΔ -0.1496  pkR 5.58  clip 0.08  kl +0.003
upd  108  steps  223232  sps 1180  opp symm  loss +0.059  pg +0.0684  v 0.012  ev +0.95  adv_std 0.144  tR +0.50  ent[s/d/p/e] 1.65/2.21/1.37/0.49  emits 0.41  spf 67.4  z0 0.78  garr 170.9  tG 1462  e2 0.09  nF 4.2  pS 0.36  ptS 0.34  fLog 0.59  pdΔ -0.1424  pkR 5.18  clip 0.09  kl +0.001
upd  109  steps  225280  sps 1187  opp symm  loss +0.016  pg +0.0263  v 0.009  ev +0.96  adv_std 0.123  tR +0.33  ent[s/d/p/e] 1.70/2.23/1.34/0.47  emits 0.37  spf 70.8  z0 0.79  garr 146.8  tG 1308  e2 0.08  nF 4.3  pS 0.37  ptS 0.35  fLog 0.60  pdΔ -0.1270  pkR 5.52  clip 0.13  kl +0.003
upd  110  steps  227328  sps 1194  opp symm  loss +0.060  pg +0.0704  v 0.010  ev +0.96  adv_std 0.129  tR +0.71  ent[s/d/p/e] 1.58/2.20/1.38/0.49  emits 0.38  spf 62.0  z0 0.77  garr 129.5  tG 1141  e2 0.08  nF 3.8  pS 0.36  ptS 0.34  fLog 0.59  pdΔ -0.1409  pkR 6.40  clip 0.10  kl +0.003
upd  111  steps  229376  sps 1200  opp symm  loss +0.005  pg +0.0164  v 0.009  ev +0.96  adv_std 0.123  tR +0.50  ent[s/d/p/e] 1.70/2.24/1.39/0.49  emits 0.38  spf 74.5  z0 0.76  garr 127.6  tG 1129  e2 0.08  nF 3.8  pS 0.37  ptS 0.35  fLog 0.62  pdΔ -0.1313  pkR 7.21  clip 0.08  kl -0.000
upd  112  steps  231424  sps 1207  opp symm  loss +0.040  pg +0.0495  v 0.012  ev +0.94  adv_std 0.152  tR -0.20  ent[s/d/p/e] 1.67/2.31/1.39/0.48  emits 0.32  spf 78.2  z0 0.79  garr 120.2  tG 1052  e2 0.06  nF 3.3  pS 0.36  ptS 0.34  fLog 0.63  pdΔ -0.1361  pkR 5.17  clip 0.07  kl +0.001
upd  113  steps  233472  sps 1214  opp symm  loss -0.008  pg +0.0023  v 0.010  ev +0.95  adv_std 0.139  tR +1.00  ent[s/d/p/e] 1.66/2.34/1.40/0.43  emits 0.25  spf 79.4  z0 0.83  garr 135.6  tG 1268  e2 0.05  nF 2.7  pS 0.39  ptS 0.37  fLog 0.64  pdΔ -0.1099  pkR 5.34  clip 0.10  kl +0.004
upd  114  steps  235520  sps 1220  opp symm  loss +0.018  pg +0.0302  v 0.007  ev +0.98  adv_std 0.106  tR +1.00  ent[s/d/p/e] 1.80/2.42/1.36/0.43  emits 0.21  spf 113.2  z0 0.84  garr 159.0  tG 1564  e2 0.04  nF 2.0  pS 0.41  ptS 0.39  fLog 0.69  pdΔ -0.0922  pkR 4.43  clip 0.08  kl +0.001
upd  115  steps  237568  sps 1227  opp symm  loss -0.022  pg -0.0113  v 0.008  ev +0.97  adv_std 0.122  tR -0.25  ent[s/d/p/e] 1.70/2.46/1.34/0.36  emits 0.18  spf 125.0  z0 0.86  garr 160.1  tG 1571  e2 0.03  nF 1.6  pS 0.38  ptS 0.36  fLog 0.70  pdΔ -0.1167  pkR 4.76  clip 0.08  kl +0.004
upd  116  steps  239616  sps 1233  opp symm  loss +0.036  pg +0.0464  v 0.009  ev +0.96  adv_std 0.126  tR +0.20  ent[s/d/p/e] 1.49/2.32/1.40/0.39  emits 0.19  spf 113.1  z0 0.86  garr 166.1  tG 1696  e2 0.03  nF 1.7  pS 0.37  ptS 0.35  fLog 0.66  pdΔ -0.1303  pkR 4.68  clip 0.04  kl +0.003
upd  117  steps  241664  sps 1240  opp symm  loss -0.041  pg -0.0296  v 0.008  ev +0.97  adv_std 0.125  tR +0.67  ent[s/d/p/e] 1.68/2.37/1.39/0.43  emits 0.20  spf 127.0  z0 0.85  garr 169.9  tG 1703  e2 0.03  nF 2.0  pS 0.37  ptS 0.35  fLog 0.68  pdΔ -0.1323  pkR 4.58  clip 0.06  kl +0.002
upd  118  steps  243712  sps 1246  opp symm  loss +0.045  pg +0.0554  v 0.010  ev +0.96  adv_std 0.138  tR +0.14  ent[s/d/p/e] 1.54/2.37/1.39/0.44  emits 0.24  spf 109.2  z0 0.83  garr 148.9  tG 1370  e2 0.04  nF 2.0  pS 0.34  ptS 0.32  fLog 0.67  pdΔ -0.1614  pkR 5.96  clip 0.06  kl +0.003
upd  119  steps  245760  sps 1252  opp symm  loss +0.004  pg +0.0137  v 0.011  ev +0.96  adv_std 0.146  tR -0.33  ent[s/d/p/e] 1.51/2.33/1.37/0.43  emits 0.23  spf 104.3  z0 0.83  garr 144.7  tG 1362  e2 0.04  nF 2.1  pS 0.34  ptS 0.32  fLog 0.67  pdΔ -0.1579  pkR 6.81  clip 0.08  kl -0.000
upd  120  steps  247808  sps 1259  opp symm  loss -0.001  pg +0.0096  v 0.009  ev +0.97  adv_std 0.129  tR +0.33  ent[s/d/p/e] 1.64/2.41/1.43/0.42  emits 0.21  spf 110.4  z0 0.84  garr 144.6  tG 1319  e2 0.04  nF 2.2  pS 0.35  ptS 0.33  fLog 0.68  pdΔ -0.1539  pkR 7.20  clip 0.06  kl +0.004
upd  121  steps  249856  sps 1265  opp symm  loss +0.011  pg +0.0222  v 0.008  ev +0.97  adv_std 0.120  tR +1.00  ent[s/d/p/e] 1.62/2.41/1.42/0.37  emits 0.17  spf 125.3  z0 0.86  garr 154.6  tG 1387  e2 0.03  nF 1.8  pS 0.35  ptS 0.33  fLog 0.69  pdΔ -0.1493  pkR 7.93  clip 0.04  kl +0.002
upd  122  steps  251904  sps 1271  opp symm  loss +0.026  pg +0.0384  v 0.007  ev +0.97  adv_std 0.114  tR +0.00  ent[s/d/p/e] 1.64/2.47/1.64/0.35  emits 0.13  spf 154.4  z0 0.89  garr 181.3  tG 1608  e2 0.01  nF 1.3  pS 0.36  ptS 0.35  fLog 0.74  pdΔ -0.1389  pkR 7.46  clip 0.06  kl +0.002
upd  123  steps  253952  sps 1277  opp symm  loss -0.016  pg -0.0031  v 0.006  ev +0.98  adv_std 0.103  tR +0.33  ent[s/d/p/e] 1.65/2.50/1.59/0.34  emits 0.12  spf 180.0  z0 0.90  garr 190.2  tG 1623  e2 0.02  nF 1.0  pS 0.35  ptS 0.33  fLog 0.75  pdΔ -0.1543  pkR 7.56  clip 0.02  kl +0.000
upd  124  steps  256000  sps 1283  opp symm  loss +0.035  pg +0.0449  v 0.012  ev +0.96  adv_std 0.151  tR -0.33  ent[s/d/p/e] 1.59/2.49/1.61/0.31  emits 0.11  spf 172.2  z0 0.91  garr 199.0  tG 1725  e2 0.02  nF 1.0  pS 0.34  ptS 0.33  fLog 0.74  pdΔ -0.1584  pkR 7.60  clip 0.03  kl +0.000
upd  125  steps  258048  sps 1289  opp symm  loss -0.044  pg -0.0320  v 0.008  ev +0.97  adv_std 0.118  tR +1.00  ent[s/d/p/e] 1.45/2.51/1.65/0.35  emits 0.13  spf 172.8  z0 0.89  garr 200.7  tG 1602  e2 0.02  nF 0.9  pS 0.31  ptS 0.30  fLog 0.75  pdΔ -0.1887  pkR 5.47  clip 0.05  kl +0.003
upd  126  steps  260096  sps 1296  opp symm  loss -0.004  pg +0.0070  v 0.010  ev +0.96  adv_std 0.134  tR +0.33  ent[s/d/p/e] 1.43/2.51/1.63/0.33  emits 0.14  spf 156.8  z0 0.88  garr 188.9  tG 1513  e2 0.02  nF 1.1  pS 0.30  ptS 0.29  fLog 0.74  pdΔ -0.2035  pkR 6.63  clip 0.03  kl +0.001
upd  127  steps  262144  sps 1302  opp symm  loss -0.019  pg -0.0085  v 0.010  ev +0.96  adv_std 0.132  tR +0.00  ent[s/d/p/e] 1.34/2.44/1.64/0.32  emits 0.12  spf 133.9  z0 0.90  garr 191.6  tG 1521  e2 0.01  nF 1.1  pS 0.29  ptS 0.28  fLog 0.71  pdΔ -0.2082  pkR 6.85  clip 0.03  kl +0.002
upd  128  steps  264192  sps 1308  opp symm  loss -0.012  pg -0.0009  v 0.010  ev +0.97  adv_std 0.128  tR +0.00  ent[s/d/p/e] 1.44/2.46/1.68/0.33  emits 0.13  spf 145.3  z0 0.89  garr 193.0  tG 1527  e2 0.01  nF 1.2  pS 0.29  ptS 0.28  fLog 0.73  pdΔ -0.2071  pkR 6.76  clip 0.04  kl +0.000
upd  129  steps  266240  sps 1313  opp symm  loss +0.005  pg +0.0161  v 0.010  ev +0.96  adv_std 0.143  tR +1.00  ent[s/d/p/e] 1.63/2.52/1.64/0.35  emits 0.12  spf 178.0  z0 0.89  garr 198.5  tG 1550  e2 0.02  nF 1.0  pS 0.30  ptS 0.29  fLog 0.75  pdΔ -0.2005  pkR 6.71  clip 0.03  kl +0.001
upd  130  steps  268288  sps 1319  opp symm  loss -0.022  pg -0.0126  v 0.013  ev +0.95  adv_std 0.157  tR +0.14  ent[s/d/p/e] 1.55/2.50/1.63/0.33  emits 0.12  spf 161.8  z0 0.90  garr 201.1  tG 1557  e2 0.02  nF 0.9  pS 0.31  ptS 0.30  fLog 0.75  pdΔ -0.1923  pkR 5.97  clip 0.04  kl +0.002
upd  131  steps  270336  sps 1325  opp symm  loss +0.034  pg +0.0446  v 0.010  ev +0.97  adv_std 0.134  tR +0.33  ent[s/d/p/e] 1.45/2.41/1.54/0.33  emits 0.13  spf 147.4  z0 0.89  garr 187.9  tG 1423  e2 0.01  nF 1.1  pS 0.30  ptS 0.29  fLog 0.73  pdΔ -0.2015  pkR 4.41  clip 0.04  kl +0.002
upd  132  steps  272384  sps 1331  opp symm  loss -0.041  pg -0.0303  v 0.011  ev +0.96  adv_std 0.145  tR +0.20  ent[s/d/p/e] 1.51/2.41/1.59/0.33  emits 0.12  spf 160.0  z0 0.90  garr 190.1  tG 1449  e2 0.02  nF 0.9  pS 0.30  ptS 0.29  fLog 0.73  pdΔ -0.1967  pkR 4.48  clip 0.04  kl +0.000
upd  133  steps  274432  sps 1337  opp symm  loss -0.037  pg -0.0242  v 0.006  ev +0.97  adv_std 0.113  tR -0.33  ent[s/d/p/e] 1.57/2.39/1.63/0.36  emits 0.15  spf 140.8  z0 0.87  garr 177.9  tG 1358  e2 0.02  nF 1.1  pS 0.30  ptS 0.29  fLog 0.72  pdΔ -0.1992  pkR 5.63  clip 0.03  kl +0.001
upd  134  steps  276480  sps 1343  opp symm  loss -0.041  pg -0.0328  v 0.013  ev +0.94  adv_std 0.166  tR +0.50  ent[s/d/p/e] 1.41/2.33/1.58/0.36  emits 0.14  spf 128.0  z0 0.88  garr 165.4  tG 1216  e2 0.01  nF 1.1  pS 0.28  ptS 0.27  fLog 0.71  pdΔ -0.2168  pkR 6.75  clip 0.03  kl +0.001
upd  135  steps  278528  sps 1348  opp symm  loss -0.010  pg -0.0021  v 0.016  ev +0.93  adv_std 0.183  tR -0.20  ent[s/d/p/e] 1.45/2.35/1.69/0.40  emits 0.17  spf 120.9  z0 0.86  garr 162.5  tG 1129  e2 0.02  nF 1.3  pS 0.28  ptS 0.27  fLog 0.70  pdΔ -0.2175  pkR 5.76  clip 0.06  kl +0.002
upd  136  steps  280576  sps 1354  opp symm  loss -0.044  pg -0.0334  v 0.010  ev +0.96  adv_std 0.138  tR +0.00  ent[s/d/p/e] 1.48/2.35/1.71/0.37  emits 0.16  spf 116.0  z0 0.86  garr 170.1  tG 1171  e2 0.02  nF 1.3  pS 0.29  ptS 0.28  fLog 0.70  pdΔ -0.2129  pkR 3.88  clip 0.06  kl +0.002
upd  137  steps  282624  sps 1360  opp symm  loss -0.042  pg -0.0309  v 0.009  ev +0.97  adv_std 0.124  tR -1.00  ent[s/d/p/e] 1.56/2.34/1.62/0.40  emits 0.16  spf 121.0  z0 0.87  garr 178.6  tG 1274  e2 0.02  nF 1.4  pS 0.31  ptS 0.30  fLog 0.71  pdΔ -0.1924  pkR 3.89  clip 0.06  kl +0.001
upd  138  steps  284672  sps 1365  opp symm  loss +0.009  pg +0.0209  v 0.008  ev +0.97  adv_std 0.122  tR +0.20  ent[s/d/p/e] 1.64/2.39/1.56/0.40  emits 0.19  spf 122.3  z0 0.84  garr 195.6  tG 1440  e2 0.03  nF 1.6  pS 0.33  ptS 0.32  fLog 0.71  pdΔ -0.1663  pkR 4.35  clip 0.05  kl +0.000
upd  139  steps  286720  sps 1371  opp symm  loss -0.002  pg +0.0090  v 0.010  ev +0.95  adv_std 0.139  tR -0.33  ent[s/d/p/e] 1.68/2.38/1.54/0.44  emits 0.20  spf 118.7  z0 0.84  garr 189.7  tG 1445  e2 0.03  nF 1.6  pS 0.33  ptS 0.32  fLog 0.70  pdΔ -0.1690  pkR 4.84  clip 0.06  kl +0.001
upd  140  steps  288768  sps 1376  opp symm  loss -0.038  pg -0.0287  v 0.014  ev +0.94  adv_std 0.167  tR -0.14  ent[s/d/p/e] 1.73/2.35/1.57/0.42  emits 0.23  spf 117.0  z0 0.83  garr 175.6  tG 1363  e2 0.04  nF 1.9  pS 0.34  ptS 0.32  fLog 0.70  pdΔ -0.1642  pkR 5.47  clip 0.05  kl +0.001
upd  141  steps  290816  sps 1382  opp symm  loss +0.003  pg +0.0141  v 0.009  ev +0.96  adv_std 0.124  tR +0.00  ent[s/d/p/e] 1.58/2.33/1.49/0.42  emits 0.19  spf 114.7  z0 0.84  garr 159.8  tG 1239  e2 0.03  nF 1.6  pS 0.31  ptS 0.30  fLog 0.70  pdΔ -0.1889  pkR 4.80  clip 0.06  kl +0.002
upd  142  steps  292864  sps 1387  opp symm  loss -0.002  pg +0.0086  v 0.010  ev +0.94  adv_std 0.131  tR +1.00  ent[s/d/p/e] 1.61/2.34/1.53/0.40  emits 0.23  spf 96.2  z0 0.83  garr 144.6  tG 1132  e2 0.04  nF 2.1  pS 0.30  ptS 0.29  fLog 0.67  pdΔ -0.1978  pkR 5.14  clip 0.06  kl +0.002
upd  143  steps  294912  sps 1393  opp symm  loss +0.024  pg +0.0334  v 0.012  ev +0.92  adv_std 0.151  tR -0.20  ent[s/d/p/e] 1.56/2.32/1.48/0.41  emits 0.20  spf 90.1  z0 0.85  garr 134.1  tG 978  e2 0.04  nF 1.9  pS 0.28  ptS 0.28  fLog 0.67  pdΔ -0.2155  pkR 6.11  clip 0.03  kl +0.001
upd  144  steps  296960  sps 1398  opp symm  loss -0.056  pg -0.0462  v 0.011  ev +0.93  adv_std 0.148  tR -1.00  ent[s/d/p/e] 1.57/2.40/1.44/0.39  emits 0.20  spf 88.4  z0 0.85  garr 143.3  tG 1100  e2 0.04  nF 1.9  pS 0.30  ptS 0.29  fLog 0.66  pdΔ -0.1979  pkR 6.19  clip 0.05  kl +0.000
upd  145  steps  299008  sps 1403  opp symm  loss +0.021  pg +0.0314  v 0.009  ev +0.95  adv_std 0.134  tR +0.00  ent[s/d/p/e] 1.59/2.40/1.46/0.42  emits 0.18  spf 110.1  z0 0.86  garr 167.4  tG 1315  e2 0.03  nF 1.6  pS 0.32  ptS 0.30  fLog 0.69  pdΔ -0.1838  pkR 5.25  clip 0.05  kl +0.003
upd  146  steps  301056  sps 1409  opp symm  loss -0.008  pg -0.0010  v 0.017  ev +0.91  adv_std 0.185  tR +0.00  ent[s/d/p/e] 1.64/2.34/1.51/0.38  emits 0.20  spf 100.5  z0 0.85  garr 160.7  tG 1285  e2 0.03  nF 1.8  pS 0.32  ptS 0.31  fLog 0.69  pdΔ -0.1838  pkR 5.12  clip 0.07  kl +0.003
upd  147  steps  303104  sps 1414  opp symm  loss -0.069  pg -0.0575  v 0.008  ev +0.96  adv_std 0.114  tR +0.00  ent[s/d/p/e] 1.69/2.28/1.60/0.39  emits 0.18  spf 99.5  z0 0.87  garr 169.1  tG 1283  e2 0.03  nF 1.7  pS 0.31  ptS 0.30  fLog 0.69  pdΔ -0.1928  pkR 5.76  clip 0.05  kl +0.003
upd  148  steps  305152  sps 1419  opp symm  loss -0.046  pg -0.0363  v 0.012  ev +0.94  adv_std 0.151  tR -0.11  ent[s/d/p/e] 1.60/2.25/1.58/0.40  emits 0.22  spf 95.2  z0 0.84  garr 172.0  tG 1317  e2 0.04  nF 1.8  pS 0.31  ptS 0.30  fLog 0.68  pdΔ -0.1902  pkR 5.56  clip 0.05  kl -0.001
upd  149  steps  307200  sps 1425  opp symm  loss +0.042  pg +0.0533  v 0.007  ev +0.96  adv_std 0.115  tR +0.50  ent[s/d/p/e] 1.55/2.21/1.53/0.42  emits 0.26  spf 88.6  z0 0.81  garr 160.7  tG 1275  e2 0.05  nF 2.1  pS 0.31  ptS 0.30  fLog 0.65  pdΔ -0.1916  pkR 6.14  clip 0.06  kl +0.003
upd  150  steps  309248  sps 1430  opp symm  loss +0.010  pg +0.0193  v 0.012  ev +0.94  adv_std 0.155  tR -0.33  ent[s/d/p/e] 1.63/2.23/1.53/0.39  emits 0.19  spf 98.8  z0 0.85  garr 176.7  tG 1373  e2 0.03  nF 2.1  pS 0.32  ptS 0.31  fLog 0.67  pdΔ -0.1781  pkR 6.47  clip 0.05  kl +0.002
upd  151  steps  311296  sps 1435  opp symm  loss +0.031  pg +0.0416  v 0.010  ev +0.95  adv_std 0.136  tR +0.50  ent[s/d/p/e] 1.60/2.33/1.55/0.35  emits 0.18  spf 104.9  z0 0.85  garr 177.5  tG 1406  e2 0.03  nF 1.6  pS 0.32  ptS 0.31  fLog 0.69  pdΔ -0.1762  pkR 6.86  clip 0.06  kl +0.005
upd  152  steps  313344  sps 1440  opp symm  loss -0.003  pg +0.0088  v 0.007  ev +0.97  adv_std 0.107  tR +0.00  ent[s/d/p/e] 1.66/2.36/1.53/0.34  emits 0.13  spf 115.8  z0 0.89  garr 186.9  tG 1525  e2 0.02  nF 1.3  pS 0.34  ptS 0.32  fLog 0.71  pdΔ -0.1637  pkR 5.54  clip 0.04  kl +0.001
upd  153  steps  315392  sps 1445  opp symm  loss -0.027  pg -0.0135  v 0.005  ev +0.98  adv_std 0.085  tR +1.00  ent[s/d/p/e] 1.70/2.32/1.64/0.30  emits 0.13  spf 131.7  z0 0.89  garr 217.2  tG 1817  e2 0.02  nF 1.0  pS 0.35  ptS 0.34  fLog 0.74  pdΔ -0.1503  pkR 4.79  clip 0.03  kl +0.001
upd  154  steps  317440  sps 1450  opp symm  loss -0.076  pg -0.0659  v 0.009  ev +0.96  adv_std 0.130  tR +0.20  ent[s/d/p/e] 1.74/2.29/1.44/0.30  emits 0.11  spf 149.9  z0 0.90  garr 243.7  tG 2070  e2 0.01  nF 0.9  pS 0.35  ptS 0.34  fLog 0.74  pdΔ -0.1484  pkR 4.47  clip 0.04  kl -0.001
upd  155  steps  319488  sps 1455  opp symm  loss -0.036  pg -0.0237  v 0.005  ev +0.98  adv_std 0.101  tR -1.00  ent[s/d/p/e] 1.77/2.34/1.48/0.30  emits 0.12  spf 156.6  z0 0.90  garr 255.2  tG 2267  e2 0.01  nF 0.9  pS 0.35  ptS 0.35  fLog 0.76  pdΔ -0.1461  pkR 4.80  clip 0.03  kl +0.002
upd  156  steps  321536  sps 1460  opp symm  loss +0.007  pg +0.0151  v 0.013  ev +0.95  adv_std 0.154  tR +0.20  ent[s/d/p/e] 1.67/2.34/1.42/0.30  emits 0.14  spf 181.8  z0 0.89  garr 243.6  tG 2043  e2 0.02  nF 0.9  pS 0.32  ptS 0.32  fLog 0.76  pdΔ -0.1774  pkR 5.15  clip 0.02  kl +0.000
upd  157  steps  323584  sps 1465  opp symm  loss +0.046  pg +0.0541  v 0.012  ev +0.94  adv_std 0.155  tR +0.00  ent[s/d/p/e] 1.42/2.24/1.38/0.30  emits 0.12  spf 134.3  z0 0.90  garr 228.0  tG 1910  e2 0.02  nF 1.1  pS 0.31  ptS 0.30  fLog 0.68  pdΔ -0.1915  pkR 5.93  clip 0.03  kl +0.001
upd  158  steps  325632  sps 1470  opp symm  loss -0.016  pg -0.0068  v 0.010  ev +0.96  adv_std 0.141  tR +0.33  ent[s/d/p/e] 1.53/2.37/1.40/0.30  emits 0.12  spf 144.0  z0 0.90  garr 231.5  tG 1871  e2 0.01  nF 1.0  pS 0.30  ptS 0.29  fLog 0.72  pdΔ -0.2011  pkR 6.07  clip 0.02  kl +0.000
upd  159  steps  327680  sps 1475  opp symm  loss +0.062  pg +0.0724  v 0.009  ev +0.96  adv_std 0.134  tR -1.00  ent[s/d/p/e] 1.45/2.31/1.50/0.29  emits 0.12  spf 136.7  z0 0.90  garr 217.5  tG 1745  e2 0.01  nF 1.1  pS 0.29  ptS 0.29  fLog 0.70  pdΔ -0.2063  pkR 5.45  clip 0.02  kl -0.000
upd  160  steps  329728  sps 1480  opp symm  loss -0.001  pg +0.0100  v 0.007  ev +0.97  adv_std 0.117  tR -0.33  ent[s/d/p/e] 1.50/2.26/1.56/0.29  emits 0.10  spf 151.6  z0 0.91  garr 245.4  tG 1965  e2 0.01  nF 0.8  pS 0.31  ptS 0.30  fLog 0.73  pdΔ -0.1918  pkR 4.91  clip 0.03  kl +0.001
upd  161  steps  331776  sps 1485  opp symm  loss +0.023  pg +0.0321  v 0.012  ev +0.95  adv_std 0.149  tR +1.00  ent[s/d/p/e] 1.42/2.32/1.68/0.28  emits 0.09  spf 152.1  z0 0.92  garr 271.9  tG 2171  e2 0.01  nF 0.6  pS 0.32  ptS 0.31  fLog 0.75  pdΔ -0.1827  pkR 5.05  clip 0.02  kl -0.000
upd  162  steps  333824  sps 1490  opp symm  loss -0.030  pg -0.0200  v 0.010  ev +0.96  adv_std 0.142  tR +0.00  ent[s/d/p/e] 1.37/2.25/1.73/0.29  emits 0.11  spf 145.6  z0 0.90  garr 264.8  tG 1998  e2 0.01  nF 0.8  pS 0.30  ptS 0.28  fLog 0.73  pdΔ -0.2048  pkR 6.24  clip 0.03  kl -0.000
upd  163  steps  335872  sps 1495  opp symm  loss +0.016  pg +0.0282  v 0.007  ev +0.98  adv_std 0.114  tR +1.00  ent[s/d/p/e] 1.41/2.25/1.68/0.28  emits 0.11  spf 140.0  z0 0.91  garr 266.0  tG 1841  e2 0.01  nF 0.9  pS 0.28  ptS 0.26  fLog 0.71  pdΔ -0.2227  pkR 7.50  clip 0.02  kl +0.001
upd  164  steps  337920  sps 1500  opp symm  loss -0.025  pg -0.0127  v 0.005  ev +0.98  adv_std 0.102  tR +0.00  ent[s/d/p/e] 1.39/2.20/1.73/0.28  emits 0.11  spf 133.8  z0 0.91  garr 241.9  tG 1539  e2 0.01  nF 0.8  pS 0.26  ptS 0.25  fLog 0.71  pdΔ -0.2383  pkR 8.62  clip 0.02  kl +0.002
upd  165  steps  339968  sps 1504  opp symm  loss +0.039  pg +0.0501  v 0.008  ev +0.97  adv_std 0.129  tR -0.50  ent[s/d/p/e] 1.28/2.22/1.74/0.25  emits 0.10  spf 89.4  z0 0.92  garr 221.2  tG 1343  e2 0.02  nF 0.8  pS 0.26  ptS 0.25  fLog 0.67  pdΔ -0.2393  pkR 4.97  clip 0.04  kl +0.001
upd  166  steps  342016  sps 1509  opp symm  loss +0.002  pg +0.0121  v 0.010  ev +0.96  adv_std 0.140  tR +0.33  ent[s/d/p/e] 1.16/2.18/1.78/0.25  emits 0.08  spf 80.8  z0 0.93  garr 230.1  tG 1414  e2 0.01  nF 0.8  pS 0.27  ptS 0.25  fLog 0.66  pdΔ -0.2350  pkR 4.48  clip 0.02  kl +0.001
upd  167  steps  344064  sps 1514  opp symm  loss +0.034  pg +0.0434  v 0.012  ev +0.96  adv_std 0.151  tR +1.00  ent[s/d/p/e] 1.24/2.22/1.77/0.29  emits 0.11  spf 93.9  z0 0.92  garr 238.8  tG 1500  e2 0.02  nF 0.9  pS 0.27  ptS 0.26  fLog 0.68  pdΔ -0.2257  pkR 4.33  clip 0.03  kl -0.000
upd  168  steps  346112  sps 1519  opp symm  loss +0.038  pg +0.0496  v 0.007  ev +0.98  adv_std 0.114  tR -1.00  ent[s/d/p/e] 1.37/2.19/1.70/0.28  emits 0.13  spf 103.2  z0 0.89  garr 260.3  tG 1702  e2 0.02  nF 1.1  pS 0.29  ptS 0.28  fLog 0.68  pdΔ -0.2086  pkR 4.36  clip 0.04  kl +0.002
upd  169  steps  348160  sps 1523  opp symm  loss -0.042  pg -0.0311  v 0.008  ev +0.98  adv_std 0.118  tR -0.50  ent[s/d/p/e] 1.49/2.22/1.68/0.25  emits 0.10  spf 114.4  z0 0.92  garr 301.1  tG 2020  e2 0.02  nF 1.0  pS 0.31  ptS 0.30  fLog 0.70  pdΔ -0.1866  pkR 4.08  clip 0.02  kl -0.000
upd  170  steps  350208  sps 1528  opp symm  loss -0.051  pg -0.0402  v 0.008  ev +0.97  adv_std 0.126  tR +0.00  ent[s/d/p/e] 1.41/2.24/1.67/0.25  emits 0.09  spf 120.9  z0 0.92  garr 306.6  tG 2177  e2 0.01  nF 0.7  pS 0.32  ptS 0.31  fLog 0.71  pdΔ -0.1774  pkR 3.71  clip 0.02  kl -0.000
upd  171  steps  352256  sps 1532  opp symm  loss -0.060  pg -0.0470  v 0.006  ev +0.98  adv_std 0.106  tR -0.60  ent[s/d/p/e] 1.52/2.25/1.76/0.25  emits 0.09  spf 124.4  z0 0.93  garr 336.8  tG 2439  e2 0.01  nF 0.8  pS 0.33  ptS 0.31  fLog 0.72  pdΔ -0.1727  pkR 3.81  clip 0.02  kl +0.001
upd  172  steps  354304  sps 1537  opp symm  loss -0.002  pg +0.0084  v 0.009  ev +0.97  adv_std 0.131  tR +0.09  ent[s/d/p/e] 1.41/2.29/1.62/0.24  emits 0.08  spf 142.4  z0 0.93  garr 292.4  tG 2250  e2 0.01  nF 0.8  pS 0.31  ptS 0.30  fLog 0.73  pdΔ -0.1914  pkR 4.86  clip 0.02  kl +0.002
upd  173  steps  356352  sps 1542  opp symm  loss -0.076  pg -0.0669  v 0.011  ev +0.95  adv_std 0.143  tR +1.00  ent[s/d/p/e] 1.23/2.32/1.66/0.27  emits 0.10  spf 118.0  z0 0.91  garr 278.7  tG 2155  e2 0.01  nF 0.8  pS 0.30  ptS 0.29  fLog 0.69  pdΔ -0.1955  pkR 5.10  clip 0.03  kl -0.000
upd  174  steps  358400  sps 1546  opp symm  loss -0.062  pg -0.0528  v 0.013  ev +0.95  adv_std 0.152  tR +0.71  ent[s/d/p/e] 1.29/2.32/1.68/0.28  emits 0.11  spf 124.9  z0 0.90  garr 268.4  tG 2011  e2 0.01  nF 1.1  pS 0.30  ptS 0.28  fLog 0.70  pdΔ -0.1994  pkR 5.26  clip 0.02  kl +0.002
upd  175  steps  360448  sps 1551  opp symm  loss +0.020  pg +0.0307  v 0.007  ev +0.97  adv_std 0.117  tR +1.00  ent[s/d/p/e] 1.17/2.34/1.56/0.31  emits 0.12  spf 106.9  z0 0.91  garr 261.3  tG 1941  e2 0.02  nF 1.0  pS 0.29  ptS 0.27  fLog 0.68  pdΔ -0.2074  pkR 6.48  clip 0.03  kl +0.001
upd  176  steps  362496  sps 1555  opp symm  loss -0.036  pg -0.0236  v 0.006  ev +0.98  adv_std 0.110  tR +0.00  ent[s/d/p/e] 1.29/2.37/1.65/0.31  emits 0.15  spf 108.1  z0 0.89  garr 276.9  tG 2042  e2 0.02  nF 1.2  pS 0.31  ptS 0.29  fLog 0.69  pdΔ -0.1892  pkR 7.02  clip 0.02  kl -0.000
upd  177  steps  364544  sps 1560  opp symm  loss -0.071  pg -0.0603  v 0.009  ev +0.97  adv_std 0.129  tR +0.11  ent[s/d/p/e] 1.24/2.26/1.62/0.28  emits 0.12  spf 100.5  z0 0.90  garr 254.1  tG 1868  e2 0.02  nF 1.1  pS 0.31  ptS 0.30  fLog 0.69  pdΔ -0.1855  pkR 7.38  clip 0.02  kl +0.001
upd  178  steps  366592  sps 1564  opp symm  loss -0.049  pg -0.0381  v 0.009  ev +0.96  adv_std 0.129  tR -0.60  ent[s/d/p/e] 1.45/2.25/1.56/0.34  emits 0.15  spf 121.5  z0 0.88  garr 236.8  tG 1725  e2 0.02  nF 1.2  pS 0.32  ptS 0.30  fLog 0.71  pdΔ -0.1797  pkR 5.22  clip 0.06  kl +0.002
upd  179  steps  368640  sps 1568  opp symm  loss +0.016  pg +0.0233  v 0.015  ev +0.94  adv_std 0.175  tR -0.60  ent[s/d/p/e] 1.45/2.15/1.61/0.32  emits 0.16  spf 106.0  z0 0.88  garr 237.8  tG 1836  e2 0.03  nF 1.4  pS 0.33  ptS 0.31  fLog 0.68  pdΔ -0.1667  pkR 5.07  clip 0.04  kl +0.000
upd  180  steps  370688  sps 1573  opp symm  loss -0.028  pg -0.0179  v 0.010  ev +0.96  adv_std 0.134  tR +0.20  ent[s/d/p/e] 1.46/2.13/1.63/0.31  emits 0.14  spf 113.2  z0 0.89  garr 239.9  tG 1922  e2 0.02  nF 1.2  pS 0.33  ptS 0.31  fLog 0.69  pdΔ -0.1652  pkR 5.73  clip 0.02  kl -0.001
upd  181  steps  372736  sps 1577  opp symm  loss -0.005  pg +0.0057  v 0.007  ev +0.97  adv_std 0.119  tR +0.33  ent[s/d/p/e] 1.25/2.16/1.56/0.30  emits 0.13  spf 112.5  z0 0.90  garr 234.4  tG 1821  e2 0.02  nF 1.3  pS 0.32  ptS 0.29  fLog 0.69  pdΔ -0.1848  pkR 6.83  clip 0.03  kl +0.002
upd  182  steps  374784  sps 1581  opp symm  loss +0.043  pg +0.0510  v 0.012  ev +0.95  adv_std 0.159  tR +0.33  ent[s/d/p/e] 1.22/2.21/1.62/0.28  emits 0.11  spf 112.2  z0 0.91  garr 247.6  tG 1850  e2 0.02  nF 1.2  pS 0.31  ptS 0.28  fLog 0.68  pdΔ -0.1922  pkR 5.92  clip 0.03  kl +0.001