
=== [2026-06-10T23:47:46Z] v14d_binary_v2_a_p0i5_ORBITWARS_SHAPING_RELEASE_K_14.0_f210889184 phase=a kind=probe chunk=400 env={"ORBITWARS_SHAPING_HOLD_BONUS": 0.004, "ORBITWARS_SHAPING_CAPTURE": 0.04, "ORBITWARS_SHAPING_RELEASE": 0.012, "ORBITWARS_SHAPING_RELEASE_K": 14.0, "ORBITWARS_SHAPING_PROD_SHARE_DELTA": 0.025, "ORBITWARS_SHAPING_ONE_SHIP_PENALTY": 0.04} ppo={"ent_coef_emit": 0.004, "lr_peak": 4e-05} ===
[reward] kaggle-aligned: terminal +1 win/+1 tie>0/-1 loss/-1 double-wipeout; is_terminal at step >= episode_steps-2; SHAPING_SCALE=0.0; v1: KEEP_HOME=0.0 FLEET_SIZE=0.0/norm20.0; v2 (expert-replay calibrated): PROD_SHARE=0.0 PLANET_SHARE=0.0 FLEET_LOG=0.0/ref500.0/floor0.3; v3 (top10-2630ep calibrated): PROD_SHARE_DELTA=0.025 EMIT_LOG=0.0 EMIT_GATED=0.0 RELEASE=0.012/K14.0 CAPTURE=0.04; episode_steps=500 (kaggle=500, mismatch=False)
[symmetric] Frog Parade style: same params drive BOTH players, no frozen/strong/buffer opponents, zero_sum_value=True
upd    0  steps    2048  sps 38  opp symm  loss +0.178  pg +0.1845  v 0.005  ev -0.26  adv_std 0.105  tR +0.00  ent[s/d/p/e] 0.39/1.26/1.13/0.31  emits 0.37  spf 13.9  z0 0.73  garr 15.0  tG 21  e2 0.06  nF 2.3  pS 0.07  ptS 0.07  fLog 0.41  pdΔ -0.4344  pkR 7.24  clip 0.05  kl +0.000
upd    1  steps    4096  sps 75  opp symm  loss +0.145  pg +0.1528  v 0.006  ev +0.13  adv_std 0.113  tR +0.00  ent[s/d/p/e] 0.90/1.55/1.07/0.48  emits 0.63  spf 19.0  z0 0.65  garr 18.1  tG 55  e2 0.14  nF 6.4  pS 0.12  ptS 0.12  fLog 0.43  pdΔ -0.3801  pkR 7.80  clip 0.14  kl +0.004
upd    2  steps    6144  sps 111  opp symm  loss +0.015  pg +0.0223  v 0.009  ev +0.41  adv_std 0.130  tR +0.00  ent[s/d/p/e] 1.23/1.68/1.02/0.55  emits 0.83  spf 20.0  z0 0.59  garr 20.4  tG 102  e2 0.21  nF 9.4  pS 0.18  ptS 0.17  fLog 0.43  pdΔ -0.3244  pkR 9.35  clip 0.20  kl +0.008
upd    3  steps    8192  sps 147  opp symm  loss -0.002  pg +0.0075  v 0.007  ev +0.64  adv_std 0.121  tR +0.33  ent[s/d/p/e] 1.30/1.77/1.05/0.56  emits 0.90  spf 23.2  z0 0.57  garr 24.6  tG 152  e2 0.22  nF 11.4  pS 0.20  ptS 0.20  fLog 0.44  pdΔ -0.2953  pkR 9.33  clip 0.18  kl +0.004
upd    4  steps   10240  sps 181  opp symm  loss -0.004  pg +0.0071  v 0.004  ev +0.83  adv_std 0.097  tR -1.00  ent[s/d/p/e] 1.41/1.82/1.09/0.58  emits 0.89  spf 25.7  z0 0.57  garr 29.5  tG 219  e2 0.22  nF 11.9  pS 0.24  ptS 0.23  fLog 0.45  pdΔ -0.2633  pkR 11.53  clip 0.19  kl +0.006
upd    5  steps   12288  sps 215  opp symm  loss +0.018  pg +0.0280  v 0.006  ev +0.86  adv_std 0.118  tR -0.33  ent[s/d/p/e] 1.50/1.91/1.08/0.57  emits 0.97  spf 29.6  z0 0.54  garr 33.8  tG 274  e2 0.24  nF 12.5  pS 0.27  ptS 0.26  fLog 0.46  pdΔ -0.2327  pkR 8.72  clip 0.18  kl +0.008
upd    6  steps   14336  sps 248  opp symm  loss +0.063  pg +0.0741  v 0.006  ev +0.93  adv_std 0.113  tR +1.00  ent[s/d/p/e] 1.57/1.94/1.14/0.57  emits 1.02  spf 29.7  z0 0.53  garr 35.5  tG 311  e2 0.25  nF 13.9  pS 0.29  ptS 0.29  fLog 0.46  pdΔ -0.2052  pkR 5.81  clip 0.28  kl +0.007
upd    7  steps   16384  sps 280  opp symm  loss +0.067  pg +0.0777  v 0.007  ev +0.94  adv_std 0.127  tR +0.00  ent[s/d/p/e] 1.66/1.99/1.10/0.56  emits 1.14  spf 31.7  z0 0.51  garr 37.8  tG 366  e2 0.27  nF 15.2  pS 0.33  ptS 0.32  fLog 0.47  pdΔ -0.1744  pkR 6.47  clip 0.28  kl +0.009
upd    8  steps   18432  sps 312  opp symm  loss +0.057  pg +0.0682  v 0.005  ev +0.96  adv_std 0.109  tR +1.00  ent[s/d/p/e] 1.69/1.97/1.07/0.56  emits 0.90  spf 34.1  z0 0.55  garr 39.9  tG 424  e2 0.22  nF 13.6  pS 0.34  ptS 0.33  fLog 0.47  pdΔ -0.1633  pkR 6.39  clip 0.26  kl -0.003
upd    9  steps   20480  sps 343  opp symm  loss +0.045  pg +0.0559  v 0.005  ev +0.98  adv_std 0.106  tR +0.00  ent[s/d/p/e] 1.70/1.97/1.04/0.54  emits 0.79  spf 42.8  z0 0.60  garr 45.6  tG 508  e2 0.19  nF 11.5  pS 0.34  ptS 0.33  fLog 0.50  pdΔ -0.1600  pkR 5.67  clip 0.27  kl +0.010
upd   10  steps   22528  sps 373  opp symm  loss +0.091  pg +0.1023  v 0.007  ev +0.97  adv_std 0.120  tR -1.00  ent[s/d/p/e] 1.78/2.05/1.07/0.55  emits 0.85  spf 42.5  z0 0.61  garr 46.8  tG 552  e2 0.19  nF 11.4  pS 0.35  ptS 0.34  fLog 0.49  pdΔ -0.1512  pkR 5.55  clip 0.33  kl +0.011
upd   11  steps   24576  sps 403  opp symm  loss +0.068  pg +0.0785  v 0.008  ev +0.97  adv_std 0.134  tR -0.60  ent[s/d/p/e] 1.82/2.07/1.12/0.53  emits 0.90  spf 45.0  z0 0.59  garr 48.5  tG 596  e2 0.21  nF 11.1  pS 0.35  ptS 0.34  fLog 0.50  pdΔ -0.1489  pkR 5.65  clip 0.18  kl +0.004
upd   12  steps   26624  sps 432  opp symm  loss +0.081  pg +0.0888  v 0.012  ev +0.96  adv_std 0.164  tR +0.33  ent[s/d/p/e] 1.74/2.01/1.08/0.52  emits 0.92  spf 44.2  z0 0.58  garr 48.3  tG 616  e2 0.21  nF 12.0  pS 0.36  ptS 0.35  fLog 0.49  pdΔ -0.1390  pkR 6.57  clip 0.17  kl +0.005
upd   13  steps   28672  sps 460  opp symm  loss +0.094  pg +0.1011  v 0.015  ev +0.95  adv_std 0.174  tR +1.00  ent[s/d/p/e] 1.74/2.03/1.14/0.52  emits 0.99  spf 43.0  z0 0.58  garr 47.8  tG 609  e2 0.23  nF 11.8  pS 0.34  ptS 0.34  fLog 0.48  pdΔ -0.1574  pkR 6.77  clip 0.21  kl +0.013
upd   14  steps   30720  sps 488  opp symm  loss +0.114  pg +0.1193  v 0.017  ev +0.95  adv_std 0.185  tR +0.00  ent[s/d/p/e] 1.64/1.93/1.11/0.51  emits 0.84  spf 42.3  z0 0.60  garr 49.7  tG 651  e2 0.20  nF 12.7  pS 0.35  ptS 0.34  fLog 0.47  pdΔ -0.1510  pkR 6.55  clip 0.17  kl +0.003
upd   15  steps   32768  sps 515  opp symm  loss +0.082  pg +0.0804  v 0.030  ev +0.88  adv_std 0.249  tR +0.08  ent[s/d/p/e] 1.52/1.90/1.14/0.46  emits 0.59  spf 39.9  z0 0.69  garr 42.9  tG 458  e2 0.14  nF 8.4  pS 0.25  ptS 0.25  fLog 0.47  pdΔ -0.2458  pkR 11.58  clip 0.16  kl +0.008
upd   16  steps   34816  sps 542  opp symm  loss +0.203  pg +0.2020  v 0.027  ev +0.83  adv_std 0.237  tR +0.00  ent[s/d/p/e] 1.24/1.86/1.16/0.41  emits 0.39  spf 33.8  z0 0.78  garr 42.5  tG 211  e2 0.09  nF 4.8  pS 0.16  ptS 0.16  fLog 0.46  pdΔ -0.3359  pkR 17.30  clip 0.10  kl +0.003
upd   17  steps   36864  sps 568  opp symm  loss +0.149  pg +0.1551  v 0.012  ev +0.93  adv_std 0.159  tR +0.00  ent[s/d/p/e] 1.32/1.83/1.17/0.43  emits 0.40  spf 34.9  z0 0.78  garr 58.8  tG 316  e2 0.09  nF 5.6  pS 0.19  ptS 0.19  fLog 0.46  pdΔ -0.3061  pkR 13.11  clip 0.07  kl +0.000
upd   18  steps   38912  sps 593  opp symm  loss +0.119  pg +0.1240  v 0.017  ev +0.92  adv_std 0.189  tR -0.33  ent[s/d/p/e] 1.34/1.88/1.26/0.43  emits 0.40  spf 43.6  z0 0.76  garr 70.5  tG 419  e2 0.09  nF 5.5  pS 0.22  ptS 0.22  fLog 0.48  pdΔ -0.2790  pkR 10.67  clip 0.10  kl +0.001
upd   19  steps   40960  sps 619  opp symm  loss +0.126  pg +0.1309  v 0.017  ev +0.92  adv_std 0.192  tR +0.00  ent[s/d/p/e] 1.48/2.07/1.26/0.46  emits 0.46  spf 48.1  z0 0.75  garr 69.9  tG 468  e2 0.10  nF 5.9  pS 0.24  ptS 0.24  fLog 0.51  pdΔ -0.2586  pkR 12.46  clip 0.17  kl +0.008
upd   20  steps   43008  sps 643  opp symm  loss +0.058  pg +0.0649  v 0.014  ev +0.94  adv_std 0.172  tR -1.00  ent[s/d/p/e] 1.51/2.10/1.25/0.48  emits 0.40  spf 54.5  z0 0.75  garr 74.7  tG 488  e2 0.08  nF 5.3  pS 0.25  ptS 0.25  fLog 0.54  pdΔ -0.2460  pkR 7.58  clip 0.08  kl +0.004
upd   21  steps   45056  sps 667  opp symm  loss +0.050  pg +0.0584  v 0.012  ev +0.94  adv_std 0.159  tR -1.00  ent[s/d/p/e] 1.72/2.25/1.20/0.50  emits 0.39  spf 66.5  z0 0.76  garr 84.4  tG 589  e2 0.09  nF 4.6  pS 0.28  ptS 0.28  fLog 0.58  pdΔ -0.2186  pkR 6.54  clip 0.09  kl +0.003
upd   22  steps   47104  sps 691  opp symm  loss +0.030  pg +0.0392  v 0.010  ev +0.96  adv_std 0.140  tR +0.00  ent[s/d/p/e] 1.70/2.20/1.22/0.49  emits 0.35  spf 75.9  z0 0.77  garr 96.2  tG 706  e2 0.07  nF 4.3  pS 0.30  ptS 0.30  fLog 0.58  pdΔ -0.1965  pkR 5.25  clip 0.08  kl +0.001
upd   23  steps   49152  sps 714  opp symm  loss +0.076  pg +0.0874  v 0.008  ev +0.96  adv_std 0.129  tR -1.00  ent[s/d/p/e] 1.73/2.23/1.29/0.51  emits 0.40  spf 76.1  z0 0.74  garr 100.1  tG 817  e2 0.09  nF 4.4  pS 0.33  ptS 0.32  fLog 0.59  pdΔ -0.1736  pkR 4.80  clip 0.13  kl +0.010
upd   24  steps   51200  sps 737  opp symm  loss +0.006  pg +0.0166  v 0.010  ev +0.97  adv_std 0.136  tR -0.33  ent[s/d/p/e] 1.83/2.26/1.29/0.56  emits 0.49  spf 85.0  z0 0.70  garr 100.3  tG 891  e2 0.11  nF 5.0  pS 0.34  ptS 0.33  fLog 0.61  pdΔ -0.1621  pkR 5.34  clip 0.14  kl +0.005
upd   25  steps   53248  sps 760  opp symm  loss +0.027  pg +0.0394  v 0.008  ev +0.97  adv_std 0.119  tR -0.20  ent[s/d/p/e] 1.84/2.30/1.31/0.55  emits 0.48  spf 77.6  z0 0.72  garr 92.7  tG 814  e2 0.10  nF 5.2  pS 0.33  ptS 0.33  fLog 0.60  pdΔ -0.1678  pkR 5.34  clip 0.10  kl +0.008
upd   26  steps   55296  sps 782  opp symm  loss +0.004  pg +0.0163  v 0.006  ev +0.98  adv_std 0.106  tR +0.00  ent[s/d/p/e] 1.84/2.28/1.27/0.53  emits 0.44  spf 84.1  z0 0.74  garr 95.1  tG 821  e2 0.10  nF 5.1  pS 0.33  ptS 0.33  fLog 0.61  pdΔ -0.1657  pkR 5.48  clip 0.10  kl +0.003
upd   27  steps   57344  sps 803  opp symm  loss +0.023  pg +0.0347  v 0.007  ev +0.97  adv_std 0.118  tR -1.00  ent[s/d/p/e] 1.81/2.30/1.32/0.51  emits 0.41  spf 80.4  z0 0.75  garr 102.3  tG 895  e2 0.09  nF 4.4  pS 0.34  ptS 0.33  fLog 0.61  pdΔ -0.1622  pkR 5.40  clip 0.08  kl +0.001
upd   28  steps   59392  sps 825  opp symm  loss -0.025  pg -0.0120  v 0.006  ev +0.98  adv_std 0.100  tR +0.33  ent[s/d/p/e] 1.94/2.41/1.38/0.51  emits 0.33  spf 88.5  z0 0.77  garr 106.1  tG 912  e2 0.06  nF 3.9  pS 0.34  ptS 0.33  fLog 0.63  pdΔ -0.1641  pkR 5.35  clip 0.08  kl +0.002
upd   29  steps   61440  sps 845  opp symm  loss -0.026  pg -0.0155  v 0.010  ev +0.96  adv_std 0.131  tR +0.33  ent[s/d/p/e] 1.87/2.38/1.27/0.48  emits 0.28  spf 99.9  z0 0.81  garr 115.1  tG 997  e2 0.06  nF 3.0  pS 0.33  ptS 0.33  fLog 0.66  pdΔ -0.1669  pkR 5.71  clip 0.07  kl +0.000
upd   30  steps   63488  sps 866  opp symm  loss -0.022  pg -0.0110  v 0.010  ev +0.96  adv_std 0.134  tR -0.33  ent[s/d/p/e] 1.90/2.43/1.41/0.50  emits 0.30  spf 111.7  z0 0.78  garr 119.9  tG 1057  e2 0.06  nF 3.1  pS 0.35  ptS 0.34  fLog 0.68  pdΔ -0.1540  pkR 5.15  clip 0.05  kl -0.000
upd   31  steps   65536  sps 886  opp symm  loss -0.002  pg +0.0058  v 0.014  ev +0.90  adv_std 0.161  tR +0.29  ent[s/d/p/e] 1.56/2.46/1.48/0.33  emits 0.15  spf 111.7  z0 0.88  garr 95.6  tG 644  e2 0.03  nF 1.3  pS 0.20  ptS 0.20  fLog 0.67  pdΔ -0.2957  pkR 9.07  clip 0.07  kl +0.005
upd   32  steps   67584  sps 906  opp symm  loss +0.029  pg +0.0400  v 0.007  ev +0.95  adv_std 0.111  tR +0.00  ent[s/d/p/e] 1.36/2.42/1.51/0.35  emits 0.15  spf 99.1  z0 0.88  garr 102.2  tG 652  e2 0.02  nF 1.5  pS 0.21  ptS 0.21  fLog 0.67  pdΔ -0.2853  pkR 9.04  clip 0.04  kl +0.001
upd   33  steps   69632  sps 925  opp symm  loss +0.027  pg +0.0393  v 0.006  ev +0.96  adv_std 0.108  tR +0.00  ent[s/d/p/e] 1.59/2.54/1.45/0.33  emits 0.13  spf 109.3  z0 0.89  garr 122.4  tG 802  e2 0.02  nF 1.4  pS 0.24  ptS 0.23  fLog 0.69  pdΔ -0.2607  pkR 8.05  clip 0.05  kl -0.001
upd   34  steps   71680  sps 944  opp symm  loss -0.038  pg -0.0247  v 0.005  ev +0.98  adv_std 0.088  tR +1.00  ent[s/d/p/e] 1.47/2.50/1.60/0.36  emits 0.15  spf 105.0  z0 0.88  garr 130.6  tG 807  e2 0.02  nF 1.5  pS 0.25  ptS 0.23  fLog 0.68  pdΔ -0.2547  pkR 8.11  clip 0.05  kl +0.002
upd   35  steps   73728  sps 963  opp symm  loss -0.033  pg -0.0193  v 0.005  ev +0.98  adv_std 0.092  tR -0.33  ent[s/d/p/e] 1.63/2.50/1.52/0.39  emits 0.15  spf 122.0  z0 0.88  garr 149.0  tG 881  e2 0.02  nF 1.5  pS 0.25  ptS 0.23  fLog 0.70  pdΔ -0.2532  pkR 7.55  clip 0.06  kl +0.005
upd   36  steps   75776  sps 982  opp symm  loss +0.114  pg +0.1265  v 0.006  ev +0.96  adv_std 0.111  tR +0.00  ent[s/d/p/e] 1.63/2.56/1.60/0.27  emits 0.13  spf 148.4  z0 0.89  garr 151.7  tG 887  e2 0.02  nF 1.1  pS 0.24  ptS 0.23  fLog 0.73  pdΔ -0.2562  pkR 6.98  clip 0.08  kl +0.004
upd   37  steps   77824  sps 1000  opp symm  loss +0.021  pg +0.0343  v 0.004  ev +0.98  adv_std 0.085  tR +1.00  ent[s/d/p/e] 1.56/2.52/1.63/0.28  emits 0.10  spf 143.4  z0 0.91  garr 167.2  tG 899  e2 0.01  nF 0.9  pS 0.23  ptS 0.22  fLog 0.73  pdΔ -0.2693  pkR 5.51  clip 0.03  kl +0.000
upd   38  steps   79872  sps 1018  opp symm  loss -0.007  pg +0.0051  v 0.005  ev +0.97  adv_std 0.093  tR +0.00  ent[s/d/p/e] 1.40/2.46/1.58/0.26  emits 0.09  spf 136.4  z0 0.92  garr 184.7  tG 995  e2 0.01  nF 0.8  pS 0.23  ptS 0.22  fLog 0.73  pdΔ -0.2663  pkR 4.66  clip 0.02  kl +0.000
upd   39  steps   81920  sps 1035  opp symm  loss +0.010  pg +0.0240  v 0.004  ev +0.98  adv_std 0.084  tR -1.00  ent[s/d/p/e] 1.57/2.53/1.58/0.33  emits 0.09  spf 163.3  z0 0.92  garr 206.9  tG 1143  e2 0.01  nF 0.8  pS 0.24  ptS 0.23  fLog 0.76  pdΔ -0.2597  pkR 3.67  clip 0.04  kl +0.003
upd   40  steps   83968  sps 1052  opp symm  loss +0.024  pg +0.0339  v 0.011  ev +0.93  adv_std 0.143  tR -0.33  ent[s/d/p/e] 1.54/2.47/1.51/0.33  emits 0.12  spf 160.2  z0 0.89  garr 214.7  tG 1229  e2 0.01  nF 0.8  pS 0.25  ptS 0.24  fLog 0.75  pdΔ -0.2474  pkR 3.83  clip 0.04  kl +0.000
upd   41  steps   86016  sps 1069  opp symm  loss -0.033  pg -0.0198  v 0.005  ev +0.97  adv_std 0.091  tR -1.00  ent[s/d/p/e] 1.56/2.52/1.66/0.30  emits 0.09  spf 177.9  z0 0.92  garr 213.6  tG 1242  e2 0.01  nF 0.8  pS 0.25  ptS 0.24  fLog 0.75  pdΔ -0.2511  pkR 3.85  clip 0.04  kl +0.000
upd   42  steps   88064  sps 1086  opp symm  loss -0.013  pg +0.0006  v 0.006  ev +0.96  adv_std 0.101  tR -0.50  ent[s/d/p/e] 1.56/2.49/1.65/0.36  emits 0.14  spf 165.3  z0 0.88  garr 208.5  tG 1307  e2 0.02  nF 1.1  pS 0.26  ptS 0.25  fLog 0.75  pdΔ -0.2399  pkR 3.81  clip 0.05  kl -0.001
upd   43  steps   90112  sps 1103  opp symm  loss -0.025  pg -0.0115  v 0.006  ev +0.96  adv_std 0.100  tR -0.33  ent[s/d/p/e] 1.72/2.55/1.63/0.31  emits 0.13  spf 174.6  z0 0.89  garr 204.3  tG 1367  e2 0.02  nF 1.3  pS 0.27  ptS 0.26  fLog 0.75  pdΔ -0.2271  pkR 4.32  clip 0.05  kl +0.002
upd   44  steps   92160  sps 1119  opp symm  loss -0.048  pg -0.0347  v 0.005  ev +0.96  adv_std 0.101  tR -0.33  ent[s/d/p/e] 1.73/2.52/1.57/0.37  emits 0.13  spf 173.4  z0 0.89  garr 201.3  tG 1347  e2 0.02  nF 1.2  pS 0.28  ptS 0.26  fLog 0.75  pdΔ -0.2225  pkR 4.65  clip 0.07  kl +0.002
upd   45  steps   94208  sps 1135  opp symm  loss -0.039  pg -0.0271  v 0.007  ev +0.96  adv_std 0.114  tR +1.00  ent[s/d/p/e] 1.68/2.54/1.53/0.32  emits 0.12  spf 168.3  z0 0.90  garr 202.7  tG 1347  e2 0.02  nF 1.0  pS 0.27  ptS 0.26  fLog 0.76  pdΔ -0.2281  pkR 5.36  clip 0.04  kl +0.000
upd   46  steps   96256  sps 1150  opp symm  loss -0.022  pg -0.0217  v 0.030  ev +0.84  adv_std 0.250  tR -0.07  ent[s/d/p/e] 1.42/2.46/1.49/0.31  emits 0.10  spf 133.9  z0 0.91  garr 162.2  tG 1058  e2 0.01  nF 0.7  pS 0.23  ptS 0.22  fLog 0.71  pdΔ -0.2723  pkR 7.30  clip 0.04  kl +0.003
upd   47  steps   98304  sps 1166  opp symm  loss +0.081  pg +0.0892  v 0.011  ev +0.90  adv_std 0.150  tR +0.00  ent[s/d/p/e] 1.01/2.39/1.61/0.27  emits 0.12  spf 63.7  z0 0.90  garr 98.3  tG 413  e2 0.02  nF 1.0  pS 0.15  ptS 0.14  fLog 0.61  pdΔ -0.3458  pkR 7.53  clip 0.04  kl +0.001
upd   48  steps  100352  sps 1181  opp symm  loss +0.093  pg +0.1026  v 0.010  ev +0.91  adv_std 0.139  tR +0.00  ent[s/d/p/e] 1.17/2.40/1.62/0.31  emits 0.10  spf 82.3  z0 0.92  garr 120.5  tG 564  e2 0.01  nF 1.0  pS 0.19  ptS 0.18  fLog 0.64  pdΔ -0.3130  pkR 6.21  clip 0.04  kl -0.000
upd   49  steps  102400  sps 1196  opp symm  loss -0.017  pg -0.0055  v 0.007  ev +0.94  adv_std 0.124  tR -1.00  ent[s/d/p/e] 1.27/2.52/1.64/0.29  emits 0.10  spf 90.5  z0 0.91  garr 141.6  tG 711  e2 0.01  nF 1.0  pS 0.22  ptS 0.20  fLog 0.67  pdΔ -0.2821  pkR 5.41  clip 0.02  kl +0.001
upd   50  steps  104448  sps 1211  opp symm  loss -0.037  pg -0.0254  v 0.006  ev +0.96  adv_std 0.102  tR +1.00  ent[s/d/p/e] 1.35/2.49/1.52/0.28  emits 0.10  spf 96.1  z0 0.91  garr 164.2  tG 877  e2 0.01  nF 0.9  pS 0.23  ptS 0.22  fLog 0.68  pdΔ -0.2657  pkR 5.25  clip 0.01  kl +0.000
upd   51  steps  106496  sps 1225  opp symm  loss -0.023  pg -0.0142  v 0.010  ev +0.93  adv_std 0.134  tR -0.33  ent[s/d/p/e] 1.37/2.41/1.36/0.28  emits 0.09  spf 83.7  z0 0.92  garr 178.3  tG 1013  e2 0.01  nF 0.9  pS 0.25  ptS 0.23  fLog 0.66  pdΔ -0.2531  pkR 6.04  clip 0.02  kl +0.000
upd   52  steps  108544  sps 1239  opp symm  loss -0.008  pg +0.0034  v 0.006  ev +0.94  adv_std 0.110  tR +0.00  ent[s/d/p/e] 1.29/2.45/1.48/0.26  emits 0.10  spf 105.7  z0 0.92  garr 188.3  tG 1097  e2 0.01  nF 0.9  pS 0.25  ptS 0.23  fLog 0.67  pdΔ -0.2510  pkR 6.42  clip 0.03  kl +0.002
upd   53  steps  110592  sps 1254  opp symm  loss +0.018  pg +0.0285  v 0.008  ev +0.94  adv_std 0.119  tR -0.33  ent[s/d/p/e] 1.43/2.48/1.49/0.28  emits 0.09  spf 117.8  z0 0.92  garr 211.8  tG 1313  e2 0.01  nF 0.8  pS 0.26  ptS 0.24  fLog 0.69  pdΔ -0.2365  pkR 6.15  clip 0.04  kl +0.000
upd   54  steps  112640  sps 1267  opp symm  loss +0.045  pg +0.0568  v 0.005  ev +0.96  adv_std 0.096  tR +0.00  ent[s/d/p/e] 1.46/2.43/1.40/0.26  emits 0.10  spf 139.3  z0 0.91  garr 233.1  tG 1511  e2 0.01  nF 0.8  pS 0.27  ptS 0.26  fLog 0.71  pdΔ -0.2269  pkR 6.30  clip 0.04  kl +0.005
upd   55  steps  114688  sps 1281  opp symm  loss +0.018  pg +0.0305  v 0.005  ev +0.97  adv_std 0.092  tR +0.00  ent[s/d/p/e] 1.56/2.45/1.41/0.26  emits 0.07  spf 140.3  z0 0.94  garr 262.6  tG 1754  e2 0.01  nF 0.6  pS 0.29  ptS 0.27  fLog 0.72  pdΔ -0.2089  pkR 6.28  clip 0.01  kl +0.001
upd   56  steps  116736  sps 1295  opp symm  loss -0.016  pg -0.0040  v 0.006  ev +0.96  adv_std 0.105  tR +0.20  ent[s/d/p/e] 1.54/2.47/1.50/0.24  emits 0.08  spf 147.9  z0 0.93  garr 283.8  tG 1868  e2 0.01  nF 0.7  pS 0.29  ptS 0.27  fLog 0.73  pdΔ -0.2073  pkR 5.19  clip 0.02  kl +0.000
upd   57  steps  118784  sps 1308  opp symm  loss -0.038  pg -0.0258  v 0.004  ev +0.97  adv_std 0.090  tR -1.00  ent[s/d/p/e] 1.42/2.47/1.47/0.23  emits 0.07  spf 166.8  z0 0.94  garr 301.4  tG 1980  e2 0.00  nF 0.7  pS 0.30  ptS 0.27  fLog 0.74  pdΔ -0.2046  pkR 3.52  clip 0.02  kl -0.000
upd   58  steps  120832  sps 1321  opp symm  loss -0.030  pg -0.0218  v 0.011  ev +0.91  adv_std 0.144  tR -0.33  ent[s/d/p/e] 1.53/2.42/1.27/0.23  emits 0.08  spf 183.4  z0 0.93  garr 325.0  tG 2208  e2 0.01  nF 0.6  pS 0.30  ptS 0.28  fLog 0.73  pdΔ -0.1961  pkR 3.51  clip 0.02  kl +0.001
upd   59  steps  122880  sps 1334  opp symm  loss -0.075  pg -0.0667  v 0.011  ev +0.91  adv_std 0.151  tR -0.33  ent[s/d/p/e] 1.42/2.38/1.38/0.28  emits 0.08  spf 154.5  z0 0.93  garr 350.0  tG 2357  e2 0.00  nF 0.8  pS 0.30  ptS 0.28  fLog 0.71  pdΔ -0.1996  pkR 3.31  clip 0.06  kl +0.004
upd   60  steps  124928  sps 1347  opp symm  loss -0.030  pg -0.0190  v 0.005  ev +0.96  adv_std 0.094  tR +0.33  ent[s/d/p/e] 1.41/2.42/1.39/0.20  emits 0.07  spf 182.0  z0 0.93  garr 352.7  tG 2378  e2 0.01  nF 0.7  pS 0.30  ptS 0.28  fLog 0.74  pdΔ -0.2021  pkR 3.05  clip 0.06  kl +0.004
upd   61  steps  126976  sps 1359  opp symm  loss +0.006  pg +0.0176  v 0.005  ev +0.96  adv_std 0.096  tR +0.33  ent[s/d/p/e] 1.49/2.44/1.29/0.21  emits 0.07  spf 184.5  z0 0.94  garr 372.1  tG 2587  e2 0.00  nF 0.6  pS 0.30  ptS 0.28  fLog 0.74  pdΔ -0.1977  pkR 3.11  clip 0.03  kl -0.000
upd   62  steps  129024  sps 1372  opp symm  loss -0.028  pg -0.0349  v 0.037  ev +0.76  adv_std 0.282  tR -0.29  ent[s/d/p/e] 0.72/2.08/1.34/0.19  emits 0.08  spf 79.6  z0 0.92  garr 204.3  tG 1371  e2 0.01  nF 0.7  pS 0.20  ptS 0.19  fLog 0.58  pdΔ -0.2973  pkR 5.91  clip 0.04  kl +0.003
upd   63  steps  131072  sps 1384  opp symm  loss -0.017  pg -0.0101  v 0.011  ev +0.93  adv_std 0.144  tR -1.00  ent[s/d/p/e] 0.89/2.16/1.30/0.23  emits 0.09  spf 68.6  z0 0.92  garr 175.7  tG 1120  e2 0.01  nF 1.0  pS 0.19  ptS 0.18  fLog 0.59  pdΔ -0.3083  pkR 7.70  clip 0.03  kl +0.001
upd   64  steps  133120  sps 1396  opp symm  loss +0.049  pg +0.0597  v 0.006  ev +0.97  adv_std 0.105  tR -1.00  ent[s/d/p/e] 1.10/2.37/1.38/0.26  emits 0.08  spf 89.0  z0 0.93  garr 214.1  tG 1356  e2 0.01  nF 1.0  pS 0.22  ptS 0.20  fLog 0.64  pdΔ -0.2848  pkR 7.37  clip 0.04  kl +0.000
upd   65  steps  135168  sps 1408  opp symm  loss +0.051  pg +0.0600  v 0.008  ev +0.96  adv_std 0.124  tR -1.00  ent[s/d/p/e] 1.07/2.38/1.40/0.17  emits 0.06  spf 102.1  z0 0.95  garr 246.5  tG 1603  e2 0.00  nF 0.6  pS 0.23  ptS 0.22  fLog 0.67  pdΔ -0.2659  pkR 7.26  clip 0.04  kl +0.005
upd   66  steps  137216  sps 1420  opp symm  loss +0.013  pg +0.0221  v 0.009  ev +0.96  adv_std 0.134  tR -1.00  ent[s/d/p/e] 1.31/2.56/1.45/0.17  emits 0.04  spf 151.6  z0 0.97  garr 275.5  tG 1753  e2 0.00  nF 0.4  pS 0.24  ptS 0.23  fLog 0.73  pdΔ -0.2565  pkR 7.38  clip 0.01  kl +0.000
upd   67  steps  139264  sps 1432  opp symm  loss -0.013  pg -0.0034  v 0.009  ev +0.96  adv_std 0.127  tR +1.00  ent[s/d/p/e] 1.12/2.47/1.40/0.20  emits 0.06  spf 117.9  z0 0.95  garr 268.8  tG 1598  e2 0.00  nF 0.5  pS 0.23  ptS 0.22  fLog 0.69  pdΔ -0.2701  pkR 8.87  clip 0.03  kl +0.000
upd   68  steps  141312  sps 1443  opp symm  loss +0.021  pg +0.0320  v 0.006  ev +0.97  adv_std 0.107  tR -1.00  ent[s/d/p/e] 1.12/2.45/1.47/0.19  emits 0.06  spf 133.8  z0 0.95  garr 268.4  tG 1410  e2 0.01  nF 0.5  pS 0.22  ptS 0.21  fLog 0.72  pdΔ -0.2825  pkR 6.51  clip 0.01  kl -0.001
upd   69  steps  143360  sps 1454  opp symm  loss -0.040  pg -0.0295  v 0.008  ev +0.96  adv_std 0.128  tR -1.00  ent[s/d/p/e] 1.24/2.54/1.56/0.18  emits 0.05  spf 141.2  z0 0.95  garr 287.8  tG 1548  e2 0.00  nF 0.4  pS 0.23  ptS 0.21  fLog 0.73  pdΔ -0.2744  pkR 6.53  clip 0.01  kl -0.000
upd   70  steps  145408  sps 1465  opp symm  loss -0.003  pg +0.0091  v 0.003  ev +0.99  adv_std 0.076  tR +1.00  ent[s/d/p/e] 1.21/2.46/1.51/0.16  emits 0.05  spf 152.3  z0 0.95  garr 317.9  tG 1731  e2 0.00  nF 0.4  pS 0.24  ptS 0.22  fLog 0.74  pdΔ -0.2649  pkR 6.48  clip 0.03  kl +0.002
upd   71  steps  147456  sps 1476  opp symm  loss +0.036  pg +0.0461  v 0.006  ev +0.97  adv_std 0.113  tR -1.00  ent[s/d/p/e] 1.15/2.43/1.43/0.19  emits 0.04  spf 154.0  z0 0.96  garr 334.3  tG 1823  e2 0.00  nF 0.4  pS 0.24  ptS 0.23  fLog 0.73  pdΔ -0.2623  pkR 5.14  clip 0.02  kl +0.002
upd   72  steps  149504  sps 1487  opp symm  loss +0.054  pg +0.0656  v 0.005  ev +0.98  adv_std 0.089  tR +0.50  ent[s/d/p/e] 1.33/2.54/1.51/0.14  emits 0.05  spf 175.4  z0 0.95  garr 336.1  tG 1899  e2 0.00  nF 0.4  pS 0.23  ptS 0.22  fLog 0.76  pdΔ -0.2671  pkR 5.57  clip 0.03  kl +0.003
upd   73  steps  151552  sps 1498  opp symm  loss +0.063  pg +0.0751  v 0.002  ev +0.99  adv_std 0.070  tR -0.33  ent[s/d/p/e] 1.27/2.57/1.33/0.16  emits 0.03  spf 210.8  z0 0.97  garr 374.3  tG 2108  e2 0.00  nF 0.3  pS 0.23  ptS 0.22  fLog 0.77  pdΔ -0.2669  pkR 5.63  clip 0.02  kl +0.002
upd   74  steps  153600  sps 1509  opp symm  loss -0.175  pg -0.1634  v 0.003  ev +0.99  adv_std 0.075  tR -1.00  ent[s/d/p/e] 1.24/2.54/1.38/0.12  emits 0.03  spf 183.1  z0 0.97  garr 401.0  tG 2280  e2 0.00  nF 0.3  pS 0.23  ptS 0.22  fLog 0.74  pdΔ -0.2677  pkR 5.74  clip 0.03  kl +0.001
upd   75  steps  155648  sps 1519  opp symm  loss -0.039  pg -0.0282  v 0.004  ev +0.98  adv_std 0.080  tR +0.33  ent[s/d/p/e] 1.24/2.51/1.23/0.10  emits 0.02  spf 179.1  z0 0.98  garr 443.8  tG 2526  e2 0.00  nF 0.2  pS 0.23  ptS 0.23  fLog 0.75  pdΔ -0.2652  pkR 5.63  clip 0.01  kl +0.001
upd   76  steps  157696  sps 1529  opp symm  loss -0.046  pg -0.0348  v 0.003  ev +0.99  adv_std 0.071  tR +0.00  ent[s/d/p/e] 1.11/2.48/1.33/0.11  emits 0.03  spf 174.9  z0 0.97  garr 473.8  tG 2668  e2 0.00  nF 0.2  pS 0.24  ptS 0.23  fLog 0.73  pdΔ -0.2644  pkR 5.36  clip 0.01  kl +0.000
upd   77  steps  159744  sps 1540  opp symm  loss +0.016  pg +0.0143  v 0.029  ev +0.87  adv_std 0.241  tR +0.10  ent[s/d/p/e] 1.06/2.57/1.28/0.12  emits 0.02  spf 165.0  z0 0.98  garr 454.1  tG 2491  e2 0.00  nF 0.2  pS 0.21  ptS 0.21  fLog 0.71  pdΔ -0.2859  pkR 6.10  clip 0.01  kl +0.000
upd   78  steps  161792  sps 1550  opp symm  loss -0.090  pg -0.0804  v 0.005  ev +0.96  adv_std 0.104  tR +0.00  ent[s/d/p/e] 0.57/2.48/1.36/0.18  emits 0.04  spf 98.8  z0 0.96  garr 246.8  tG 1106  e2 0.00  nF 0.4  pS 0.14  ptS 0.14  fLog 0.63  pdΔ -0.3592  pkR 7.85  clip 0.02  kl +0.003
upd   79  steps  163840  sps 1560  opp symm  loss -0.032  pg -0.0246  v 0.011  ev +0.93  adv_std 0.146  tR -1.00  ent[s/d/p/e] 0.68/2.49/1.25/0.22  emits 0.06  spf 88.9  z0 0.94  garr 274.3  tG 1278  e2 0.00  nF 0.5  pS 0.17  ptS 0.16  fLog 0.64  pdΔ -0.3339  pkR 7.58  clip 0.02  kl +0.001
upd   80  steps  165888  sps 1569  opp symm  loss -0.081  pg -0.0738  v 0.010  ev +0.95  adv_std 0.138  tR +0.00  ent[s/d/p/e] 0.98/2.35/1.19/0.21  emits 0.06  spf 80.4  z0 0.94  garr 291.5  tG 1399  e2 0.00  nF 0.6  pS 0.18  ptS 0.18  fLog 0.63  pdΔ -0.3159  pkR 7.21  clip 0.02  kl +0.000
upd   81  steps  167936  sps 1579  opp symm  loss -0.041  pg -0.0335  v 0.009  ev +0.96  adv_std 0.131  tR -1.00  ent[s/d/p/e] 1.03/2.51/1.09/0.19  emits 0.05  spf 126.9  z0 0.95  garr 308.0  tG 1489  e2 0.00  nF 0.5  pS 0.20  ptS 0.19  fLog 0.70  pdΔ -0.3024  pkR 7.67  clip 0.03  kl +0.001
upd   82  steps  169984  sps 1589  opp symm  loss +0.011  pg +0.0166  v 0.012  ev +0.95  adv_std 0.155  tR -0.50  ent[s/d/p/e] 1.09/2.43/1.07/0.23  emits 0.06  spf 126.6  z0 0.94  garr 317.4  tG 1586  e2 0.01  nF 0.5  pS 0.21  ptS 0.20  fLog 0.68  pdΔ -0.2886  pkR 6.91  clip 0.04  kl +0.001
upd   83  steps  172032  sps 1598  opp symm  loss +0.014  pg +0.0233  v 0.005  ev +0.98  adv_std 0.101  tR +0.00  ent[s/d/p/e] 1.01/2.48/1.07/0.20  emits 0.06  spf 104.6  z0 0.95  garr 278.2  tG 1484  e2 0.00  nF 0.5  pS 0.22  ptS 0.20  fLog 0.68  pdΔ -0.2847  pkR 6.07  clip 0.02  kl +0.000
upd   84  steps  174080  sps 1608  opp symm  loss -0.086  pg -0.0768  v 0.004  ev +0.98  adv_std 0.087  tR +0.00  ent[s/d/p/e] 1.01/2.44/0.95/0.19  emits 0.05  spf 108.6  z0 0.95  garr 298.5  tG 1662  e2 0.00  nF 0.6  pS 0.23  ptS 0.22  fLog 0.68  pdΔ -0.2710  pkR 6.00  clip 0.01  kl -0.001
upd   85  steps  176128  sps 1617  opp symm  loss -0.038  pg -0.0298  v 0.006  ev +0.97  adv_std 0.110  tR +1.00  ent[s/d/p/e] 1.18/2.41/0.83/0.24  emits 0.06  spf 122.5  z0 0.94  garr 340.8  tG 1903  e2 0.00  nF 0.5  pS 0.24  ptS 0.22  fLog 0.70  pdΔ -0.2643  pkR 6.11  clip 0.04  kl +0.002