
=== [2026-06-11T00:07:19Z] v14d_binary_v2_a_p0i6_ent_coef_emit_0.006_4ecaf5402d phase=a kind=probe chunk=400 env={"ORBITWARS_SHAPING_HOLD_BONUS": 0.004, "ORBITWARS_SHAPING_CAPTURE": 0.04, "ORBITWARS_SHAPING_RELEASE": 0.012, "ORBITWARS_SHAPING_RELEASE_K": 17.0, "ORBITWARS_SHAPING_PROD_SHARE_DELTA": 0.025, "ORBITWARS_SHAPING_ONE_SHIP_PENALTY": 0.04} ppo={"ent_coef_emit": 0.006, "lr_peak": 4e-05} ===
[reward] kaggle-aligned: terminal +1 win/+1 tie>0/-1 loss/-1 double-wipeout; is_terminal at step >= episode_steps-2; SHAPING_SCALE=0.0; v1: KEEP_HOME=0.0 FLEET_SIZE=0.0/norm20.0; v2 (expert-replay calibrated): PROD_SHARE=0.0 PLANET_SHARE=0.0 FLEET_LOG=0.0/ref500.0/floor0.3; v3 (top10-2630ep calibrated): PROD_SHARE_DELTA=0.025 EMIT_LOG=0.0 EMIT_GATED=0.0 RELEASE=0.012/K17.0 CAPTURE=0.04; episode_steps=500 (kaggle=500, mismatch=False)
[symmetric] Frog Parade style: same params drive BOTH players, no frozen/strong/buffer opponents, zero_sum_value=True
upd    0  steps    2048  sps 38  opp symm  loss +0.093  pg +0.1022  v 0.002  ev +0.00  adv_std 0.065  tR +0.00  ent[s/d/p/e] 0.27/1.28/1.26/0.33  emits 0.33  spf 13.2  z0 0.73  garr 14.2  tG 18  e2 0.05  nF 2.5  pS 0.06  ptS 0.06  fLog 0.40  pdΔ -0.4376  pkR 5.08  clip 0.01  kl -0.001
upd    1  steps    4096  sps 75  opp symm  loss +0.044  pg +0.0551  v 0.003  ev +0.39  adv_std 0.074  tR +0.00  ent[s/d/p/e] 0.74/1.41/1.20/0.52  emits 0.55  spf 16.5  z0 0.66  garr 17.9  tG 46  e2 0.13  nF 6.2  pS 0.11  ptS 0.11  fLog 0.42  pdΔ -0.3899  pkR 10.26  clip 0.13  kl +0.002
upd    2  steps    6144  sps 111  opp symm  loss -0.017  pg -0.0047  v 0.003  ev +0.59  adv_std 0.075  tR +0.00  ent[s/d/p/e] 1.12/1.70/1.17/0.59  emits 0.62  spf 21.9  z0 0.63  garr 24.8  tG 108  e2 0.15  nF 8.1  pS 0.17  ptS 0.17  fLog 0.44  pdΔ -0.3319  pkR 8.84  clip 0.06  kl +0.000
upd    3  steps    8192  sps 146  opp symm  loss -0.028  pg -0.0145  v 0.004  ev +0.58  adv_std 0.092  tR -1.00  ent[s/d/p/e] 1.38/1.89/1.20/0.60  emits 0.58  spf 31.2  z0 0.64  garr 34.9  tG 206  e2 0.14  nF 8.2  pS 0.22  ptS 0.22  fLog 0.48  pdΔ -0.2783  pkR 7.01  clip 0.08  kl +0.002
upd    4  steps   10240  sps 180  opp symm  loss -0.058  pg -0.0443  v 0.004  ev +0.72  adv_std 0.095  tR -0.33  ent[s/d/p/e] 1.53/2.07/1.19/0.59  emits 0.53  spf 40.6  z0 0.68  garr 45.1  tG 307  e2 0.13  nF 6.9  pS 0.25  ptS 0.25  fLog 0.52  pdΔ -0.2457  pkR 4.78  clip 0.09  kl +0.000
upd    5  steps   12288  sps 214  opp symm  loss -0.052  pg -0.0381  v 0.004  ev +0.83  adv_std 0.095  tR -0.33  ent[s/d/p/e] 1.64/2.10/1.22/0.61  emits 0.56  spf 46.2  z0 0.65  garr 51.8  tG 391  e2 0.13  nF 6.6  pS 0.29  ptS 0.29  fLog 0.53  pdΔ -0.2095  pkR 4.25  clip 0.17  kl +0.009
upd    6  steps   14336  sps 247  opp symm  loss +0.007  pg +0.0220  v 0.003  ev +0.86  adv_std 0.071  tR -1.00  ent[s/d/p/e] 1.69/2.14/1.21/0.61  emits 0.64  spf 48.5  z0 0.63  garr 52.8  tG 415  e2 0.15  nF 7.3  pS 0.31  ptS 0.30  fLog 0.54  pdΔ -0.1914  pkR 4.66  clip 0.17  kl +0.006
upd    7  steps   16384  sps 279  opp symm  loss -0.008  pg +0.0073  v 0.002  ev +0.89  adv_std 0.067  tR +0.00  ent[s/d/p/e] 1.71/2.12/1.12/0.64  emits 0.77  spf 45.4  z0 0.58  garr 55.7  tG 471  e2 0.19  nF 8.4  pS 0.33  ptS 0.33  fLog 0.53  pdΔ -0.1675  pkR 5.27  clip 0.12  kl +0.001
upd    8  steps   18432  sps 310  opp symm  loss -0.041  pg -0.0263  v 0.003  ev +0.90  adv_std 0.083  tR -1.00  ent[s/d/p/e] 1.79/2.19/1.21/0.63  emits 0.67  spf 51.3  z0 0.61  garr 60.2  tG 536  e2 0.16  nF 8.3  pS 0.35  ptS 0.35  fLog 0.55  pdΔ -0.1521  pkR 5.04  clip 0.17  kl +0.005
upd    9  steps   20480  sps 341  opp symm  loss -0.010  pg +0.0055  v 0.002  ev +0.94  adv_std 0.066  tR -1.00  ent[s/d/p/e] 1.81/2.24/1.18/0.63  emits 0.68  spf 55.9  z0 0.62  garr 63.7  tG 580  e2 0.17  nF 7.4  pS 0.35  ptS 0.35  fLog 0.56  pdΔ -0.1514  pkR 5.10  clip 0.13  kl +0.002
upd   10  steps   22528  sps 371  opp symm  loss -0.066  pg -0.0513  v 0.004  ev +0.92  adv_std 0.091  tR -0.33  ent[s/d/p/e] 1.86/2.24/1.18/0.60  emits 0.58  spf 62.7  z0 0.66  garr 67.4  tG 653  e2 0.14  nF 7.1  pS 0.37  ptS 0.37  fLog 0.58  pdΔ -0.1348  pkR 4.70  clip 0.18  kl +0.005
upd   11  steps   24576  sps 401  opp symm  loss +0.025  pg +0.0404  v 0.003  ev +0.94  adv_std 0.067  tR +0.00  ent[s/d/p/e] 1.89/2.28/1.19/0.61  emits 0.55  spf 62.6  z0 0.66  garr 73.0  tG 700  e2 0.12  nF 6.3  pS 0.37  ptS 0.37  fLog 0.58  pdΔ -0.1272  pkR 5.65  clip 0.11  kl -0.001
upd   12  steps   26624  sps 429  opp symm  loss -0.026  pg -0.0104  v 0.003  ev +0.96  adv_std 0.070  tR +1.00  ent[s/d/p/e] 1.87/2.25/1.23/0.61  emits 0.52  spf 71.1  z0 0.67  garr 82.1  tG 818  e2 0.12  nF 5.8  pS 0.39  ptS 0.38  fLog 0.60  pdΔ -0.1124  pkR 6.28  clip 0.16  kl +0.004
upd   13  steps   28672  sps 458  opp symm  loss -0.031  pg -0.0149  v 0.003  ev +0.97  adv_std 0.067  tR -1.00  ent[s/d/p/e] 1.84/2.24/1.27/0.61  emits 0.51  spf 75.5  z0 0.68  garr 88.1  tG 875  e2 0.11  nF 5.1  pS 0.39  ptS 0.38  fLog 0.61  pdΔ -0.1127  pkR 6.46  clip 0.09  kl +0.000
upd   14  steps   30720  sps 485  opp symm  loss -0.043  pg -0.0276  v 0.003  ev +0.97  adv_std 0.071  tR +0.00  ent[s/d/p/e] 1.89/2.27/1.15/0.60  emits 0.47  spf 81.2  z0 0.71  garr 88.3  tG 894  e2 0.11  nF 4.6  pS 0.39  ptS 0.38  fLog 0.62  pdΔ -0.1096  pkR 6.95  clip 0.09  kl +0.002
upd   15  steps   32768  sps 512  opp symm  loss +0.016  pg +0.0084  v 0.047  ev +0.72  adv_std 0.331  tR -0.12  ent[s/d/p/e] 1.72/2.21/1.16/0.51  emits 0.35  spf 71.3  z0 0.76  garr 65.8  tG 598  e2 0.07  nF 3.5  pS 0.28  ptS 0.27  fLog 0.59  pdΔ -0.2189  pkR 7.92  clip 0.06  kl +0.000
upd   16  steps   34816  sps 539  opp symm  loss +0.060  pg +0.0705  v 0.008  ev +0.88  adv_std 0.127  tR +0.00  ent[s/d/p/e] 0.90/2.11/1.43/0.37  emits 0.18  spf 59.4  z0 0.85  garr 52.5  tG 282  e2 0.02  nF 1.9  pS 0.15  ptS 0.13  fLog 0.57  pdΔ -0.3543  pkR 16.78  clip 0.06  kl +0.001
upd   17  steps   36864  sps 565  opp symm  loss +0.010  pg +0.0222  v 0.005  ev +0.94  adv_std 0.095  tR +1.00  ent[s/d/p/e] 1.20/2.18/1.42/0.40  emits 0.17  spf 65.5  z0 0.86  garr 68.9  tG 372  e2 0.02  nF 2.2  pS 0.18  ptS 0.17  fLog 0.58  pdΔ -0.3172  pkR 13.63  clip 0.04  kl +0.001
upd   18  steps   38912  sps 591  opp symm  loss -0.019  pg -0.0067  v 0.006  ev +0.94  adv_std 0.100  tR +1.00  ent[s/d/p/e] 1.37/2.29/1.45/0.40  emits 0.18  spf 77.8  z0 0.85  garr 91.1  tG 504  e2 0.03  nF 2.0  pS 0.21  ptS 0.20  fLog 0.62  pdΔ -0.2875  pkR 11.75  clip 0.05  kl +0.001
upd   19  steps   40960  sps 616  opp symm  loss +0.003  pg +0.0155  v 0.007  ev +0.94  adv_std 0.112  tR +0.33  ent[s/d/p/e] 1.39/2.36/1.50/0.43  emits 0.19  spf 75.3  z0 0.84  garr 104.7  tG 664  e2 0.02  nF 2.0  pS 0.25  ptS 0.23  fLog 0.63  pdΔ -0.2491  pkR 12.82  clip 0.03  kl +0.002
upd   20  steps   43008  sps 640  opp symm  loss -0.015  pg -0.0017  v 0.006  ev +0.93  adv_std 0.105  tR +0.33  ent[s/d/p/e] 1.48/2.45/1.47/0.41  emits 0.19  spf 89.3  z0 0.84  garr 108.3  tG 625  e2 0.03  nF 1.9  pS 0.25  ptS 0.23  fLog 0.66  pdΔ -0.2467  pkR 6.28  clip 0.07  kl +0.001
upd   21  steps   45056  sps 664  opp symm  loss +0.011  pg +0.0249  v 0.006  ev +0.93  adv_std 0.108  tR +0.00  ent[s/d/p/e] 1.57/2.45/1.43/0.48  emits 0.26  spf 89.3  z0 0.81  garr 114.3  tG 700  e2 0.05  nF 2.3  pS 0.28  ptS 0.25  fLog 0.66  pdΔ -0.2200  pkR 5.31  clip 0.08  kl +0.004
upd   22  steps   47104  sps 688  opp symm  loss -0.033  pg -0.0185  v 0.005  ev +0.95  adv_std 0.097  tR +0.00  ent[s/d/p/e] 1.64/2.46/1.44/0.47  emits 0.21  spf 92.2  z0 0.83  garr 123.1  tG 821  e2 0.03  nF 2.4  pS 0.31  ptS 0.28  fLog 0.66  pdΔ -0.1911  pkR 4.33  clip 0.05  kl +0.001
upd   23  steps   49152  sps 711  opp symm  loss +0.002  pg +0.0166  v 0.005  ev +0.95  adv_std 0.093  tR +0.00  ent[s/d/p/e] 1.72/2.45/1.38/0.46  emits 0.26  spf 104.0  z0 0.80  garr 127.4  tG 923  e2 0.04  nF 2.5  pS 0.33  ptS 0.31  fLog 0.68  pdΔ -0.1672  pkR 4.23  clip 0.06  kl +0.000
upd   24  steps   51200  sps 734  opp symm  loss +0.038  pg +0.0509  v 0.007  ev +0.93  adv_std 0.114  tR +0.00  ent[s/d/p/e] 1.79/2.48/1.36/0.46  emits 0.26  spf 111.6  z0 0.80  garr 130.6  tG 993  e2 0.05  nF 2.4  pS 0.34  ptS 0.32  fLog 0.70  pdΔ -0.1557  pkR 4.74  clip 0.07  kl +0.005
upd   25  steps   53248  sps 756  opp symm  loss -0.055  pg -0.0404  v 0.005  ev +0.96  adv_std 0.090  tR -1.00  ent[s/d/p/e] 1.85/2.50/1.36/0.47  emits 0.25  spf 125.9  z0 0.80  garr 142.5  tG 1137  e2 0.04  nF 2.3  pS 0.37  ptS 0.34  fLog 0.71  pdΔ -0.1344  pkR 4.78  clip 0.05  kl +0.002
upd   26  steps   55296  sps 778  opp symm  loss -0.026  pg -0.0131  v 0.007  ev +0.93  adv_std 0.116  tR -0.33  ent[s/d/p/e] 1.83/2.47/1.37/0.50  emits 0.23  spf 112.9  z0 0.82  garr 149.3  tG 1232  e2 0.04  nF 2.1  pS 0.38  ptS 0.36  fLog 0.70  pdΔ -0.1210  pkR 4.63  clip 0.07  kl +0.001
upd   27  steps   57344  sps 800  opp symm  loss -0.033  pg -0.0186  v 0.005  ev +0.96  adv_std 0.094  tR +1.00  ent[s/d/p/e] 1.92/2.50/1.24/0.53  emits 0.28  spf 123.5  z0 0.79  garr 151.2  tG 1275  e2 0.05  nF 2.4  pS 0.38  ptS 0.36  fLog 0.71  pdΔ -0.1168  pkR 3.94  clip 0.06  kl +0.002
upd   28  steps   59392  sps 821  opp symm  loss -0.011  pg +0.0027  v 0.005  ev +0.96  adv_std 0.094  tR +1.00  ent[s/d/p/e] 1.93/2.43/1.18/0.53  emits 0.29  spf 126.4  z0 0.78  garr 148.1  tG 1274  e2 0.06  nF 2.6  pS 0.40  ptS 0.37  fLog 0.70  pdΔ -0.1044  pkR 3.52  clip 0.06  kl +0.003
upd   29  steps   61440  sps 842  opp symm  loss -0.013  pg +0.0013  v 0.005  ev +0.96  adv_std 0.090  tR +0.00  ent[s/d/p/e] 1.96/2.48/1.21/0.53  emits 0.33  spf 127.0  z0 0.76  garr 141.0  tG 1212  e2 0.06  nF 2.8  pS 0.39  ptS 0.37  fLog 0.72  pdΔ -0.1085  pkR 3.98  clip 0.06  kl +0.002
upd   30  steps   63488  sps 862  opp symm  loss -0.025  pg -0.0108  v 0.005  ev +0.97  adv_std 0.083  tR +0.00  ent[s/d/p/e] 1.96/2.49/1.21/0.56  emits 0.33  spf 114.6  z0 0.76  garr 136.9  tG 1193  e2 0.07  nF 3.1  pS 0.40  ptS 0.38  fLog 0.70  pdΔ -0.1017  pkR 4.36  clip 0.06  kl +0.001
upd   31  steps   65536  sps 882  opp symm  loss -0.008  pg -0.0032  v 0.019  ev +0.74  adv_std 0.194  tR +0.02  ent[s/d/p/e] 1.25/2.34/1.31/0.35  emits 0.14  spf 82.1  z0 0.89  garr 74.5  tG 412  e2 0.02  nF 1.2  pS 0.16  ptS 0.15  fLog 0.63  pdΔ -0.3388  pkR 11.94  clip 0.05  kl -0.000
upd   32  steps   67584  sps 902  opp symm  loss -0.002  pg +0.0080  v 0.009  ev +0.87  adv_std 0.132  tR +0.00  ent[s/d/p/e] 0.94/2.30/1.39/0.38  emits 0.16  spf 67.3  z0 0.87  garr 82.4  tG 357  e2 0.02  nF 1.6  pS 0.15  ptS 0.14  fLog 0.60  pdΔ -0.3520  pkR 14.19  clip 0.06  kl +0.003
upd   33  steps   69632  sps 921  opp symm  loss -0.047  pg -0.0366  v 0.008  ev +0.93  adv_std 0.126  tR +1.00  ent[s/d/p/e] 1.29/2.39/1.32/0.36  emits 0.17  spf 75.4  z0 0.86  garr 92.5  tG 425  e2 0.02  nF 1.8  pS 0.18  ptS 0.17  fLog 0.62  pdΔ -0.3249  pkR 9.52  clip 0.07  kl +0.005
upd   34  steps   71680  sps 940  opp symm  loss -0.001  pg +0.0101  v 0.007  ev +0.95  adv_std 0.112  tR +0.00  ent[s/d/p/e] 1.28/2.41/1.34/0.39  emits 0.14  spf 73.2  z0 0.88  garr 103.1  tG 470  e2 0.02  nF 1.5  pS 0.19  ptS 0.19  fLog 0.64  pdΔ -0.3053  pkR 5.68  clip 0.04  kl +0.001
upd   35  steps   73728  sps 959  opp symm  loss +0.004  pg +0.0135  v 0.013  ev +0.90  adv_std 0.159  tR -0.67  ent[s/d/p/e] 1.39/2.42/1.38/0.42  emits 0.18  spf 92.6  z0 0.86  garr 114.7  tG 586  e2 0.03  nF 1.4  pS 0.22  ptS 0.22  fLog 0.67  pdΔ -0.2765  pkR 4.86  clip 0.05  kl +0.001
upd   36  steps   75776  sps 977  opp symm  loss -0.024  pg -0.0121  v 0.007  ev +0.95  adv_std 0.111  tR +0.00  ent[s/d/p/e] 1.42/2.40/1.35/0.43  emits 0.19  spf 88.1  z0 0.85  garr 117.4  tG 631  e2 0.03  nF 1.8  pS 0.23  ptS 0.23  fLog 0.66  pdΔ -0.2664  pkR 4.60  clip 0.06  kl +0.001
upd   37  steps   77824  sps 996  opp symm  loss -0.024  pg -0.0113  v 0.007  ev +0.95  adv_std 0.110  tR +0.00  ent[s/d/p/e] 1.55/2.37/1.36/0.44  emits 0.20  spf 99.8  z0 0.83  garr 124.7  tG 740  e2 0.03  nF 2.0  pS 0.26  ptS 0.25  fLog 0.68  pdΔ -0.2371  pkR 3.73  clip 0.04  kl +0.000
upd   38  steps   79872  sps 1013  opp symm  loss -0.032  pg -0.0184  v 0.006  ev +0.96  adv_std 0.103  tR +0.00  ent[s/d/p/e] 1.65/2.38/1.39/0.45  emits 0.21  spf 102.3  z0 0.83  garr 135.2  tG 885  e2 0.03  nF 1.9  pS 0.30  ptS 0.29  fLog 0.69  pdΔ -0.2048  pkR 3.92  clip 0.07  kl +0.004
upd   39  steps   81920  sps 1031  opp symm  loss +0.024  pg +0.0377  v 0.005  ev +0.97  adv_std 0.093  tR -1.00  ent[s/d/p/e] 1.75/2.36/1.30/0.48  emits 0.29  spf 103.7  z0 0.79  garr 138.2  tG 953  e2 0.05  nF 2.4  pS 0.32  ptS 0.31  fLog 0.69  pdΔ -0.1810  pkR 3.53  clip 0.08  kl +0.002
upd   40  steps   83968  sps 1048  opp symm  loss +0.025  pg +0.0384  v 0.006  ev +0.96  adv_std 0.102  tR +0.00  ent[s/d/p/e] 1.84/2.35/1.23/0.47  emits 0.22  spf 108.3  z0 0.83  garr 142.5  tG 1046  e2 0.04  nF 2.1  pS 0.34  ptS 0.33  fLog 0.70  pdΔ -0.1639  pkR 3.21  clip 0.07  kl +0.001
upd   41  steps   86016  sps 1065  opp symm  loss +0.010  pg +0.0221  v 0.008  ev +0.94  adv_std 0.122  tR +0.50  ent[s/d/p/e] 1.83/2.40/1.31/0.43  emits 0.21  spf 119.3  z0 0.83  garr 155.9  tG 1150  e2 0.03  nF 1.8  pS 0.33  ptS 0.32  fLog 0.71  pdΔ -0.1695  pkR 3.23  clip 0.08  kl +0.001
upd   42  steps   88064  sps 1082  opp symm  loss +0.000  pg +0.0135  v 0.006  ev +0.96  adv_std 0.103  tR -0.33  ent[s/d/p/e] 1.77/2.38/1.29/0.46  emits 0.23  spf 130.5  z0 0.82  garr 155.9  tG 1182  e2 0.04  nF 1.9  pS 0.33  ptS 0.33  fLog 0.73  pdΔ -0.1681  pkR 3.63  clip 0.05  kl +0.001
upd   43  steps   90112  sps 1098  opp symm  loss -0.035  pg -0.0206  v 0.005  ev +0.97  adv_std 0.089  tR +0.00  ent[s/d/p/e] 1.87/2.46/1.29/0.47  emits 0.21  spf 139.9  z0 0.83  garr 167.2  tG 1324  e2 0.04  nF 1.9  pS 0.35  ptS 0.34  fLog 0.75  pdΔ -0.1521  pkR 3.96  clip 0.06  kl +0.002
upd   44  steps   92160  sps 1114  opp symm  loss -0.059  pg -0.0460  v 0.007  ev +0.95  adv_std 0.113  tR +0.33  ent[s/d/p/e] 1.85/2.41/1.21/0.46  emits 0.23  spf 138.4  z0 0.82  garr 169.1  tG 1358  e2 0.04  nF 2.0  pS 0.36  ptS 0.35  fLog 0.73  pdΔ -0.1429  pkR 3.84  clip 0.07  kl +0.000
upd   45  steps   94208  sps 1130  opp symm  loss -0.008  pg +0.0061  v 0.005  ev +0.97  adv_std 0.095  tR -1.00  ent[s/d/p/e] 1.86/2.39/1.18/0.49  emits 0.27  spf 144.3  z0 0.80  garr 170.7  tG 1385  e2 0.05  nF 2.1  pS 0.36  ptS 0.35  fLog 0.73  pdΔ -0.1360  pkR 3.89  clip 0.06  kl +0.001
upd   46  steps   96256  sps 1146  opp symm  loss -0.010  pg -0.0122  v 0.036  ev +0.84  adv_std 0.286  tR -0.23  ent[s/d/p/e] 1.78/2.34/1.23/0.47  emits 0.25  spf 139.4  z0 0.80  garr 137.3  tG 1115  e2 0.04  nF 2.1  pS 0.32  ptS 0.31  fLog 0.72  pdΔ -0.1825  pkR 4.19  clip 0.07  kl +0.002
upd   47  steps   98304  sps 1161  opp symm  loss +0.024  pg +0.0314  v 0.013  ev +0.90  adv_std 0.160  tR +0.00  ent[s/d/p/e] 1.08/2.04/1.28/0.40  emits 0.19  spf 70.8  z0 0.84  garr 78.7  tG 546  e2 0.03  nF 1.9  pS 0.20  ptS 0.19  fLog 0.61  pdΔ -0.3034  pkR 8.57  clip 0.06  kl +0.001
upd   48  steps  100352  sps 1176  opp symm  loss +0.026  pg +0.0348  v 0.012  ev +0.93  adv_std 0.160  tR +1.00  ent[s/d/p/e] 1.24/2.14/1.36/0.45  emits 0.22  spf 74.3  z0 0.83  garr 91.5  tG 648  e2 0.04  nF 2.5  pS 0.22  ptS 0.22  fLog 0.63  pdΔ -0.2764  pkR 8.88  clip 0.05  kl -0.000
upd   49  steps  102400  sps 1191  opp symm  loss -0.005  pg +0.0050  v 0.009  ev +0.95  adv_std 0.129  tR +1.00  ent[s/d/p/e] 1.36/2.22/1.31/0.42  emits 0.21  spf 77.3  z0 0.84  garr 99.0  tG 636  e2 0.04  nF 2.1  pS 0.23  ptS 0.23  fLog 0.64  pdΔ -0.2663  pkR 7.61  clip 0.08  kl +0.004
upd   50  steps  104448  sps 1206  opp symm  loss +0.017  pg +0.0280  v 0.011  ev +0.95  adv_std 0.142  tR +0.20  ent[s/d/p/e] 1.47/2.31/1.40/0.46  emits 0.24  spf 85.7  z0 0.81  garr 103.0  tG 679  e2 0.04  nF 2.4  pS 0.26  ptS 0.25  fLog 0.66  pdΔ -0.2393  pkR 7.98  clip 0.07  kl +0.002
upd   51  steps  106496  sps 1220  opp symm  loss +0.010  pg +0.0185  v 0.014  ev +0.93  adv_std 0.172  tR -0.67  ent[s/d/p/e] 1.36/2.20/1.37/0.45  emits 0.21  spf 68.6  z0 0.83  garr 95.2  tG 596  e2 0.04  nF 2.2  pS 0.25  ptS 0.24  fLog 0.64  pdΔ -0.2535  pkR 5.55  clip 0.06  kl +0.001
upd   52  steps  108544  sps 1235  opp symm  loss -0.001  pg +0.0069  v 0.015  ev +0.94  adv_std 0.175  tR +1.00  ent[s/d/p/e] 1.39/2.16/1.38/0.44  emits 0.19  spf 81.2  z0 0.85  garr 103.5  tG 682  e2 0.03  nF 2.1  pS 0.25  ptS 0.25  fLog 0.66  pdΔ -0.2503  pkR 6.31  clip 0.07  kl -0.001
upd   53  steps  110592  sps 1249  opp symm  loss -0.045  pg -0.0341  v 0.009  ev +0.97  adv_std 0.124  tR -1.00  ent[s/d/p/e] 1.53/2.18/1.28/0.43  emits 0.23  spf 91.7  z0 0.82  garr 113.2  tG 787  e2 0.03  nF 2.1  pS 0.27  ptS 0.27  fLog 0.67  pdΔ -0.2276  pkR 5.94  clip 0.05  kl +0.000
upd   54  steps  112640  sps 1263  opp symm  loss -0.028  pg -0.0163  v 0.007  ev +0.98  adv_std 0.110  tR +1.00  ent[s/d/p/e] 1.50/2.19/1.27/0.40  emits 0.18  spf 91.6  z0 0.85  garr 126.8  tG 934  e2 0.03  nF 1.8  pS 0.30  ptS 0.29  fLog 0.68  pdΔ -0.2035  pkR 6.06  clip 0.06  kl +0.001
upd   55  steps  114688  sps 1276  opp symm  loss +0.004  pg +0.0146  v 0.008  ev +0.97  adv_std 0.124  tR -0.33  ent[s/d/p/e] 1.58/2.22/1.17/0.44  emits 0.19  spf 112.4  z0 0.84  garr 139.5  tG 1046  e2 0.03  nF 1.8  pS 0.30  ptS 0.30  fLog 0.69  pdΔ -0.1995  pkR 5.56  clip 0.05  kl +0.002
upd   56  steps  116736  sps 1290  opp symm  loss -0.020  pg -0.0096  v 0.008  ev +0.97  adv_std 0.120  tR -0.50  ent[s/d/p/e] 1.64/2.23/1.08/0.45  emits 0.20  spf 115.3  z0 0.84  garr 144.8  tG 1125  e2 0.03  nF 1.8  pS 0.32  ptS 0.31  fLog 0.70  pdΔ -0.1826  pkR 5.21  clip 0.06  kl +0.003
upd   57  steps  118784  sps 1303  opp symm  loss -0.003  pg +0.0081  v 0.008  ev +0.97  adv_std 0.123  tR +0.33  ent[s/d/p/e] 1.60/2.24/1.17/0.45  emits 0.22  spf 104.0  z0 0.82  garr 141.8  tG 1065  e2 0.03  nF 1.8  pS 0.31  ptS 0.30  fLog 0.69  pdΔ -0.1905  pkR 3.48  clip 0.07  kl +0.003
upd   58  steps  120832  sps 1316  opp symm  loss +0.012  pg +0.0213  v 0.010  ev +0.96  adv_std 0.140  tR -1.00  ent[s/d/p/e] 1.57/2.18/1.07/0.44  emits 0.20  spf 102.7  z0 0.84  garr 146.4  tG 1121  e2 0.03  nF 1.7  pS 0.31  ptS 0.31  fLog 0.68  pdΔ -0.1868  pkR 3.26  clip 0.06  kl +0.002
upd   59  steps  122880  sps 1329  opp symm  loss -0.009  pg +0.0015  v 0.008  ev +0.97  adv_std 0.122  tR -1.00  ent[s/d/p/e] 1.67/2.19/1.10/0.42  emits 0.20  spf 108.7  z0 0.84  garr 157.9  tG 1253  e2 0.03  nF 1.7  pS 0.34  ptS 0.33  fLog 0.70  pdΔ -0.1640  pkR 3.37  clip 0.07  kl +0.003
upd   60  steps  124928  sps 1342  opp symm  loss -0.027  pg -0.0156  v 0.007  ev +0.97  adv_std 0.120  tR +1.00  ent[s/d/p/e] 1.75/2.18/1.09/0.46  emits 0.21  spf 112.2  z0 0.83  garr 164.6  tG 1380  e2 0.03  nF 1.9  pS 0.36  ptS 0.35  fLog 0.71  pdΔ -0.1403  pkR 3.59  clip 0.05  kl +0.003
upd   61  steps  126976  sps 1355  opp symm  loss -0.026  pg -0.0141  v 0.006  ev +0.98  adv_std 0.107  tR +1.00  ent[s/d/p/e] 1.78/2.17/1.00/0.49  emits 0.23  spf 125.2  z0 0.81  garr 163.7  tG 1402  e2 0.03  nF 1.9  pS 0.36  ptS 0.35  fLog 0.71  pdΔ -0.1416  pkR 4.42  clip 0.10  kl +0.005
upd   62  steps  129024  sps 1367  opp symm  loss +0.004  pg +0.0054  v 0.024  ev +0.89  adv_std 0.221  tR -0.12  ent[s/d/p/e] 1.25/1.95/1.15/0.38  emits 0.19  spf 83.9  z0 0.84  garr 104.4  tG 792  e2 0.03  nF 1.5  pS 0.22  ptS 0.22  fLog 0.62  pdΔ -0.2766  pkR 7.05  clip 0.06  kl +0.002
upd   63  steps  131072  sps 1379  opp symm  loss -0.003  pg +0.0031  v 0.016  ev +0.93  adv_std 0.178  tR +0.00  ent[s/d/p/e] 1.14/2.00/1.15/0.43  emits 0.17  spf 78.9  z0 0.86  garr 97.5  tG 662  e2 0.02  nF 1.8  pS 0.21  ptS 0.20  fLog 0.63  pdΔ -0.2936  pkR 6.95  clip 0.10  kl +0.006
upd   64  steps  133120  sps 1391  opp symm  loss +0.006  pg +0.0115  v 0.016  ev +0.94  adv_std 0.180  tR +0.33  ent[s/d/p/e] 1.27/2.14/1.19/0.38  emits 0.19  spf 84.9  z0 0.84  garr 107.2  tG 729  e2 0.03  nF 1.9  pS 0.24  ptS 0.22  fLog 0.65  pdΔ -0.2644  pkR 8.29  clip 0.09  kl +0.001
upd   65  steps  135168  sps 1403  opp symm  loss -0.023  pg -0.0117  v 0.007  ev +0.98  adv_std 0.108  tR +1.00  ent[s/d/p/e] 1.32/2.17/1.25/0.41  emits 0.18  spf 80.7  z0 0.86  garr 112.4  tG 737  e2 0.03  nF 2.0  pS 0.24  ptS 0.23  fLog 0.66  pdΔ -0.2555  pkR 6.75  clip 0.05  kl +0.001
upd   66  steps  137216  sps 1415  opp symm  loss -0.038  pg -0.0268  v 0.006  ev +0.98  adv_std 0.109  tR -0.25  ent[s/d/p/e] 1.42/2.21/1.26/0.42  emits 0.19  spf 91.6  z0 0.85  garr 116.9  tG 801  e2 0.03  nF 1.9  pS 0.26  ptS 0.25  fLog 0.67  pdΔ -0.2379  pkR 6.35  clip 0.06  kl +0.002
upd   67  steps  139264  sps 1426  opp symm  loss -0.059  pg -0.0473  v 0.007  ev +0.97  adv_std 0.115  tR +0.00  ent[s/d/p/e] 1.52/2.07/1.25/0.46  emits 0.24  spf 93.0  z0 0.82  garr 111.8  tG 815  e2 0.04  nF 2.2  pS 0.28  ptS 0.27  fLog 0.68  pdΔ -0.2224  pkR 6.56  clip 0.08  kl +0.005
upd   68  steps  141312  sps 1438  opp symm  loss -0.042  pg -0.0317  v 0.010  ev +0.97  adv_std 0.141  tR -0.33  ent[s/d/p/e] 1.55/1.98/1.24/0.43  emits 0.23  spf 94.7  z0 0.83  garr 118.3  tG 954  e2 0.04  nF 2.3  pS 0.31  ptS 0.30  fLog 0.66  pdΔ -0.1918  pkR 6.67  clip 0.05  kl +0.002
upd   69  steps  143360  sps 1449  opp symm  loss -0.004  pg +0.0056  v 0.011  ev +0.96  adv_std 0.147  tR -1.00  ent[s/d/p/e] 1.63/2.09/1.27/0.44  emits 0.24  spf 103.0  z0 0.81  garr 128.4  tG 1034  e2 0.04  nF 2.3  pS 0.32  ptS 0.31  fLog 0.69  pdΔ -0.1809  pkR 5.04  clip 0.05  kl +0.001
upd   70  steps  145408  sps 1460  opp symm  loss -0.067  pg -0.0560  v 0.008  ev +0.97  adv_std 0.120  tR -0.60  ent[s/d/p/e] 1.69/2.04/1.33/0.44  emits 0.21  spf 98.9  z0 0.84  garr 134.1  tG 1149  e2 0.04  nF 2.2  pS 0.34  ptS 0.33  fLog 0.69  pdΔ -0.1561  pkR 4.43  clip 0.06  kl +0.003
upd   71  steps  147456  sps 1471  opp symm  loss -0.059  pg -0.0492  v 0.011  ev +0.96  adv_std 0.146  tR +0.33  ent[s/d/p/e] 1.72/2.06/1.28/0.46  emits 0.23  spf 108.9  z0 0.82  garr 145.9  tG 1325  e2 0.04  nF 2.1  pS 0.36  ptS 0.35  fLog 0.70  pdΔ -0.1405  pkR 4.26  clip 0.08  kl +0.003
upd   72  steps  149504  sps 1482  opp symm  loss -0.017  pg -0.0074  v 0.011  ev +0.96  adv_std 0.147  tR +0.50  ent[s/d/p/e] 1.75/2.08/1.23/0.36  emits 0.22  spf 135.4  z0 0.83  garr 148.2  tG 1401  e2 0.03  nF 1.9  pS 0.35  ptS 0.35  fLog 0.73  pdΔ -0.1453  pkR 4.67  clip 0.16  kl +0.009
upd   73  steps  151552  sps 1493  opp symm  loss -0.044  pg -0.0366  v 0.016  ev +0.94  adv_std 0.181  tR +0.00  ent[s/d/p/e] 1.74/2.04/1.29/0.45  emits 0.19  spf 128.6  z0 0.86  garr 157.7  tG 1531  e2 0.03  nF 1.9  pS 0.35  ptS 0.35  fLog 0.72  pdΔ -0.1465  pkR 5.61  clip 0.13  kl +0.010
upd   74  steps  153600  sps 1503  opp symm  loss -0.022  pg -0.0131  v 0.012  ev +0.96  adv_std 0.152  tR +1.00  ent[s/d/p/e] 1.73/2.02/1.28/0.41  emits 0.21  spf 119.9  z0 0.84  garr 168.7  tG 1716  e2 0.03  nF 2.0  pS 0.37  ptS 0.36  fLog 0.71  pdΔ -0.1341  pkR 6.35  clip 0.11  kl +0.004
upd   75  steps  155648  sps 1514  opp symm  loss -0.030  pg -0.0177  v 0.007  ev +0.98  adv_std 0.110  tR +1.00  ent[s/d/p/e] 1.75/2.03/1.22/0.46  emits 0.22  spf 132.9  z0 0.83  garr 169.7  tG 1719  e2 0.03  nF 2.1  pS 0.38  ptS 0.37  fLog 0.71  pdΔ -0.1239  pkR 5.01  clip 0.09  kl +0.003
upd   76  steps  157696  sps 1524  opp symm  loss -0.050  pg -0.0395  v 0.010  ev +0.97  adv_std 0.140  tR +1.00  ent[s/d/p/e] 1.79/2.06/1.33/0.44  emits 0.23  spf 151.5  z0 0.83  garr 180.6  tG 1876  e2 0.04  nF 2.1  pS 0.39  ptS 0.38  fLog 0.74  pdΔ -0.1098  pkR 4.80  clip 0.06  kl +0.001
upd   77  steps  159744  sps 1534  opp symm  loss +0.014  pg +0.0156  v 0.027  ev +0.91  adv_std 0.233  tR +0.14  ent[s/d/p/e] 1.64/1.98/1.31/0.42  emits 0.21  spf 122.6  z0 0.83  garr 155.3  tG 1541  e2 0.03  nF 1.9  pS 0.34  ptS 0.33  fLog 0.70  pdΔ -0.1598  pkR 6.21  clip 0.06  kl +0.001
upd   78  steps  161792  sps 1544  opp symm  loss +0.032  pg +0.0387  v 0.012  ev +0.94  adv_std 0.157  tR +0.00  ent[s/d/p/e] 1.13/1.61/1.29/0.39  emits 0.21  spf 81.0  z0 0.83  garr 82.4  tG 649  e2 0.03  nF 1.9  pS 0.21  ptS 0.21  fLog 0.60  pdΔ -0.2874  pkR 13.14  clip 0.06  kl +0.002
upd   79  steps  163840  sps 1554  opp symm  loss +0.022  pg +0.0320  v 0.008  ev +0.97  adv_std 0.128  tR -1.00  ent[s/d/p/e] 1.21/1.80/1.32/0.44  emits 0.21  spf 83.5  z0 0.83  garr 99.8  tG 815  e2 0.03  nF 2.1  pS 0.25  ptS 0.24  fLog 0.61  pdΔ -0.2532  pkR 11.42  clip 0.07  kl +0.002
upd   80  steps  165888  sps 1564  opp symm  loss -0.008  pg +0.0030  v 0.007  ev +0.97  adv_std 0.117  tR -0.33  ent[s/d/p/e] 1.42/1.88/1.29/0.41  emits 0.21  spf 85.1  z0 0.84  garr 112.8  tG 944  e2 0.04  nF 2.0  pS 0.27  ptS 0.27  fLog 0.64  pdΔ -0.2277  pkR 12.37  clip 0.06  kl +0.001
upd   81  steps  167936  sps 1574  opp symm  loss +0.001  pg +0.0130  v 0.006  ev +0.98  adv_std 0.105  tR +1.00  ent[s/d/p/e] 1.45/1.84/1.38/0.45  emits 0.22  spf 89.9  z0 0.83  garr 126.2  tG 1027  e2 0.04  nF 2.1  pS 0.30  ptS 0.29  fLog 0.66  pdΔ -0.2018  pkR 12.35  clip 0.06  kl +0.002
upd   82  steps  169984  sps 1583  opp symm  loss -0.018  pg -0.0081  v 0.010  ev +0.96  adv_std 0.142  tR -0.33  ent[s/d/p/e] 1.46/1.73/1.35/0.45  emits 0.24  spf 88.0  z0 0.82  garr 132.6  tG 1129  e2 0.04  nF 2.2  pS 0.31  ptS 0.30  fLog 0.66  pdΔ -0.1883  pkR 12.05  clip 0.06  kl +0.004
upd   83  steps  172032  sps 1593  opp symm  loss +0.028  pg +0.0392  v 0.008  ev +0.97  adv_std 0.126  tR +1.00  ent[s/d/p/e] 1.54/1.80/1.34/0.47  emits 0.22  spf 93.7  z0 0.83  garr 148.3  tG 1296  e2 0.04  nF 2.2  pS 0.33  ptS 0.32  fLog 0.67  pdΔ -0.1682  pkR 11.53  clip 0.06  kl +0.002
upd   84  steps  174080  sps 1602  opp symm  loss +0.000  pg +0.0118  v 0.007  ev +0.98  adv_std 0.115  tR -0.20  ent[s/d/p/e] 1.46/1.87/1.37/0.44  emits 0.21  spf 103.4  z0 0.83  garr 148.5  tG 1196  e2 0.03  nF 2.1  pS 0.32  ptS 0.31  fLog 0.69  pdΔ -0.1805  pkR 6.23  clip 0.04  kl +0.002
upd   85  steps  176128  sps 1612  opp symm  loss -0.014  pg -0.0024  v 0.006  ev +0.98  adv_std 0.113  tR -0.33  ent[s/d/p/e] 1.55/1.81/1.41/0.41  emits 0.20  spf 105.0  z0 0.85  garr 159.1  tG 1340  e2 0.04  nF 1.7  pS 0.34  ptS 0.32  fLog 0.69  pdΔ -0.1645  pkR 6.68  clip 0.04  kl +0.000
upd   86  steps  178176  sps 1621  opp symm  loss -0.013  pg -0.0002  v 0.005  ev +0.99  adv_std 0.089  tR +0.20  ent[s/d/p/e] 1.53/1.76/1.48/0.40  emits 0.20  spf 104.6  z0 0.85  garr 159.6  tG 1313  e2 0.03  nF 1.6  pS 0.33  ptS 0.32  fLog 0.69  pdΔ -0.1703  pkR 6.75  clip 0.06  kl +0.001
upd   87  steps  180224  sps 1630  opp symm  loss -0.030  pg -0.0185  v 0.006  ev +0.98  adv_std 0.097  tR +0.20  ent[s/d/p/e] 1.48/1.76/1.43/0.43  emits 0.18  spf 102.9  z0 0.85  garr 162.1  tG 1314  e2 0.03  nF 1.6  pS 0.32  ptS 0.31  fLog 0.67  pdΔ -0.1765  pkR 4.62  clip 0.07  kl +0.004
upd   88  steps  182272  sps 1639  opp symm  loss -0.023  pg -0.0103  v 0.005  ev +0.98  adv_std 0.096  tR +0.00  ent[s/d/p/e] 1.50/1.83/1.45/0.40  emits 0.19  spf 102.0  z0 0.85  garr 170.7  tG 1369  e2 0.03  nF 1.6  pS 0.33  ptS 0.31  fLog 0.69  pdΔ -0.1744  pkR 4.97  clip 0.07  kl +0.001
upd   89  steps  184320  sps 1647  opp symm  loss +0.039  pg +0.0504  v 0.006  ev +0.98  adv_std 0.103  tR -1.00  ent[s/d/p/e] 1.52/1.83/1.37/0.42  emits 0.21  spf 112.2  z0 0.83  garr 171.2  tG 1405  e2 0.03  nF 1.8  pS 0.33  ptS 0.32  fLog 0.68  pdΔ -0.1659  pkR 5.01  clip 0.06  kl +0.004
upd   90  steps  186368  sps 1656  opp symm  loss -0.008  pg +0.0053  v 0.003  ev +0.99  adv_std 0.072  tR +0.00  ent[s/d/p/e] 1.60/1.81/1.44/0.38  emits 0.18  spf 125.0  z0 0.86  garr 193.6  tG 1662  e2 0.03  nF 1.6  pS 0.35  ptS 0.34  fLog 0.72  pdΔ -0.1482  pkR 4.86  clip 0.04  kl +0.001
upd   91  steps  188416  sps 1665  opp symm  loss -0.017  pg -0.0055  v 0.006  ev +0.98  adv_std 0.098  tR +1.00  ent[s/d/p/e] 1.57/1.89/1.38/0.40  emits 0.15  spf 145.4  z0 0.88  garr 213.3  tG 1834  e2 0.02  nF 1.3  pS 0.35  ptS 0.34  fLog 0.74  pdΔ -0.1469  pkR 5.17  clip 0.04  kl +0.003
upd   92  steps  190464  sps 1673  opp symm  loss -0.033  pg -0.0215  v 0.007  ev +0.97  adv_std 0.113  tR +0.00  ent[s/d/p/e] 1.65/1.87/1.41/0.39  emits 0.16  spf 160.4  z0 0.87  garr 229.1  tG 1997  e2 0.02  nF 1.3  pS 0.36  ptS 0.35  fLog 0.76  pdΔ -0.1398  pkR 4.94  clip 0.05  kl +0.002
upd   93  steps  192512  sps 1682  opp symm  loss -0.033  pg -0.0265  v 0.014  ev +0.92  adv_std 0.167  tR +0.08  ent[s/d/p/e] 1.35/1.73/1.39/0.35  emits 0.16  spf 128.6  z0 0.86  garr 165.1  tG 1336  e2 0.02  nF 1.2  pS 0.28  ptS 0.27  fLog 0.69  pdΔ -0.2194  pkR 6.87  clip 0.05  kl +0.003
upd   94  steps  194560  sps 1690  opp symm  loss -0.028  pg -0.0197  v 0.011  ev +0.92  adv_std 0.145  tR +0.00  ent[s/d/p/e] 1.14/1.69/1.32/0.40  emits 0.19  spf 88.3  z0 0.85  garr 141.8  tG 1055  e2 0.03  nF 1.6  pS 0.26  ptS 0.25  fLog 0.64  pdΔ -0.2418  pkR 6.49  clip 0.05  kl -0.000
upd   95  steps  196608  sps 1698  opp symm  loss +0.019  pg +0.0288  v 0.009  ev +0.95  adv_std 0.125  tR +0.00  ent[s/d/p/e] 1.24/1.93/1.41/0.41  emits 0.20  spf 89.9  z0 0.85  garr 152.7  tG 1138  e2 0.04  nF 1.8  pS 0.28  ptS 0.27  fLog 0.66  pdΔ -0.2209  pkR 6.10  clip 0.06  kl +0.001
upd   96  steps  198656  sps 1706  opp symm  loss -0.009  pg +0.0026  v 0.006  ev +0.97  adv_std 0.103  tR -1.00  ent[s/d/p/e] 1.36/1.92/1.49/0.37  emits 0.17  spf 100.4  z0 0.86  garr 157.4  tG 1215  e2 0.03  nF 1.6  pS 0.30  ptS 0.29  fLog 0.68  pdΔ -0.2023  pkR 5.13  clip 0.05  kl +0.002
upd   97  steps  200704  sps 1714  opp symm  loss -0.014  pg -0.0012  v 0.005  ev +0.97  adv_std 0.098  tR -0.20  ent[s/d/p/e] 1.47/1.82/1.49/0.40  emits 0.16  spf 112.8  z0 0.87  garr 170.5  tG 1319  e2 0.02  nF 1.4  pS 0.31  ptS 0.30  fLog 0.70  pdΔ -0.1870  pkR 4.62  clip 0.04  kl +0.001
upd   98  steps  202752  sps 1722  opp symm  loss -0.020  pg -0.0090  v 0.007  ev +0.96  adv_std 0.119  tR +0.50  ent[s/d/p/e] 1.47/1.78/1.48/0.41  emits 0.19  spf 107.3  z0 0.85  garr 171.6  tG 1351  e2 0.04  nF 1.5  pS 0.31  ptS 0.31  fLog 0.69  pdΔ -0.1867  pkR 4.80  clip 0.08  kl +0.000
[eval_vs_v20] u99 tag=train_u99  bin0=0.0%  spf=14.75  garr=44.89  flip=13.16%  z0=65.0%  e8=0.0%  e2+=2.9%  WLD=0/3/0
upd   99  steps  204800  sps 1730  opp symm  loss -0.045  pg -0.0334  v 0.005  ev +0.97  adv_std 0.093  tR +1.00  ent[s/d/p/e] 1.37/1.72/1.50/0.36  emits 0.17  spf 97.2  z0 0.87  garr 172.4  tG 1319  e2 0.03  nF 1.6  pS 0.31  ptS 0.30  fLog 0.68  pdΔ -0.1930  pkR 5.08  clip 0.05  kl +0.001 WRr 1.00 v20[spf 14.8 flip 13.2% e2+ 2.9%]
upd  100  steps  206848  sps 1017  opp symm  loss -0.025  pg -0.0133  v 0.006  ev +0.97  adv_std 0.110  tR +1.00  ent[s/d/p/e] 1.53/1.84/1.43/0.42  emits 0.16  spf 107.6  z0 0.87  garr 184.2  tG 1376  e2 0.02  nF 1.6  pS 0.32  ptS 0.30  fLog 0.70  pdΔ -0.1843  pkR 4.57  clip 0.06  kl +0.004
upd  101  steps  208896  sps 1024  opp symm  loss +0.011  pg +0.0212  v 0.010  ev +0.95  adv_std 0.137  tR +0.50  ent[s/d/p/e] 1.60/1.81/1.42/0.40  emits 0.18  spf 106.5  z0 0.86  garr 197.0  tG 1443  e2 0.03  nF 1.6  pS 0.32  ptS 0.31  fLog 0.70  pdΔ -0.1837  pkR 4.71  clip 0.03  kl -0.001
upd  102  steps  210944  sps 1031  opp symm  loss +0.008  pg +0.0199  v 0.005  ev +0.98  adv_std 0.101  tR +0.43  ent[s/d/p/e] 1.53/1.73/1.45/0.39  emits 0.18  spf 105.7  z0 0.85  garr 185.6  tG 1350  e2 0.03  nF 1.6  pS 0.30  ptS 0.29  fLog 0.67  pdΔ -0.1962  pkR 4.82  clip 0.06  kl +0.003
upd  103  steps  212992  sps 1038  opp symm  loss +0.010  pg +0.0205  v 0.007  ev +0.97  adv_std 0.119  tR +0.20  ent[s/d/p/e] 1.46/1.61/1.41/0.36  emits 0.18  spf 92.1  z0 0.86  garr 173.8  tG 1311  e2 0.03  nF 1.6  pS 0.29  ptS 0.28  fLog 0.66  pdΔ -0.2100  pkR 5.34  clip 0.07  kl +0.003
upd  104  steps  215040  sps 1044  opp symm  loss +0.012  pg +0.0235  v 0.005  ev +0.98  adv_std 0.098  tR -0.33  ent[s/d/p/e] 1.38/1.70/1.42/0.42  emits 0.18  spf 97.2  z0 0.86  garr 174.9  tG 1373  e2 0.02  nF 1.5  pS 0.29  ptS 0.28  fLog 0.66  pdΔ -0.2075  pkR 5.94  clip 0.06  kl +0.002
upd  105  steps  217088  sps 1051  opp symm  loss -0.005  pg +0.0066  v 0.006  ev +0.97  adv_std 0.106  tR +0.00  ent[s/d/p/e] 1.55/1.78/1.37/0.39  emits 0.21  spf 112.4  z0 0.84  garr 178.7  tG 1488  e2 0.03  nF 1.6  pS 0.31  ptS 0.31  fLog 0.68  pdΔ -0.1853  pkR 6.18  clip 0.06  kl +0.004
upd  106  steps  219136  sps 1057  opp symm  loss -0.049  pg -0.0368  v 0.005  ev +0.98  adv_std 0.094  tR +0.33  ent[s/d/p/e] 1.57/1.79/1.34/0.42  emits 0.18  spf 117.7  z0 0.86  garr 188.4  tG 1588  e2 0.02  nF 1.7  pS 0.33  ptS 0.32  fLog 0.67  pdΔ -0.1731  pkR 6.08  clip 0.07  kl +0.003
upd  107  steps  221184  sps 1064  opp symm  loss -0.010  pg +0.0024  v 0.005  ev +0.98  adv_std 0.093  tR +1.00  ent[s/d/p/e] 1.66/1.76/1.42/0.40  emits 0.21  spf 117.1  z0 0.84  garr 210.6  tG 1793  e2 0.03  nF 1.8  pS 0.35  ptS 0.34  fLog 0.69  pdΔ -0.1511  pkR 5.25  clip 0.09  kl +0.004
upd  108  steps  223232  sps 1071  opp symm  loss -0.025  pg -0.0223  v 0.025  ev +0.90  adv_std 0.233  tR +0.23  ent[s/d/p/e] 1.69/1.79/1.40/0.44  emits 0.21  spf 119.5  z0 0.83  garr 200.1  tG 1743  e2 0.03  nF 1.9  pS 0.35  ptS 0.34  fLog 0.70  pdΔ -0.1498  pkR 4.66  clip 0.08  kl -0.000
upd  109  steps  225280  sps 1077  opp symm  loss -0.052  pg -0.0410  v 0.005  ev +0.97  adv_std 0.094  tR +0.00  ent[s/d/p/e] 1.21/1.38/1.33/0.41  emits 0.22  spf 73.5  z0 0.82  garr 108.9  tG 964  e2 0.03  nF 1.9  pS 0.26  ptS 0.25  fLog 0.61  pdΔ -0.2354  pkR 7.07  clip 0.05  kl +0.003
upd  110  steps  227328  sps 1083  opp symm  loss -0.023  pg -0.0175  v 0.016  ev +0.94  adv_std 0.182  tR +0.00  ent[s/d/p/e] 1.41/1.60/1.28/0.44  emits 0.23  spf 84.9  z0 0.83  garr 129.8  tG 1172  e2 0.04  nF 2.4  pS 0.31  ptS 0.29  fLog 0.64  pdΔ -0.1873  pkR 6.34  clip 0.06  kl +0.001
upd  111  steps  229376  sps 1090  opp symm  loss +0.022  pg +0.0295  v 0.014  ev +0.95  adv_std 0.162  tR +0.33  ent[s/d/p/e] 1.56/1.65/1.38/0.46  emits 0.26  spf 104.6  z0 0.81  garr 143.7  tG 1330  e2 0.05  nF 2.4  pS 0.34  ptS 0.32  fLog 0.66  pdΔ -0.1593  pkR 6.06  clip 0.10  kl +0.004
upd  112  steps  231424  sps 1096  opp symm  loss +0.036  pg +0.0469  v 0.008  ev +0.98  adv_std 0.121  tR +1.00  ent[s/d/p/e] 1.64/1.77/1.44/0.41  emits 0.22  spf 95.9  z0 0.83  garr 165.1  tG 1515  e2 0.04  nF 2.1  pS 0.35  ptS 0.33  fLog 0.66  pdΔ -0.1486  pkR 5.62  clip 0.09  kl +0.006
upd  113  steps  233472  sps 1103  opp symm  loss -0.041  pg -0.0278  v 0.005  ev +0.98  adv_std 0.090  tR +0.50  ent[s/d/p/e] 1.65/1.82/1.42/0.44  emits 0.22  spf 114.6  z0 0.84  garr 172.4  tG 1589  e2 0.04  nF 1.9  pS 0.36  ptS 0.34  fLog 0.69  pdΔ -0.1416  pkR 5.48  clip 0.06  kl +0.002
upd  114  steps  235520  sps 1109  opp symm  loss -0.049  pg -0.0399  v 0.012  ev +0.96  adv_std 0.153  tR +0.33  ent[s/d/p/e] 1.53/1.77/1.49/0.37  emits 0.21  spf 119.8  z0 0.83  garr 165.9  tG 1461  e2 0.03  nF 1.8  pS 0.34  ptS 0.33  fLog 0.68  pdΔ -0.1585  pkR 5.98  clip 0.09  kl +0.006
upd  115  steps  237568  sps 1115  opp symm  loss +0.009  pg +0.0214  v 0.006  ev +0.97  adv_std 0.109  tR +0.00  ent[s/d/p/e] 1.58/1.88/1.38/0.41  emits 0.18  spf 115.6  z0 0.85  garr 172.5  tG 1481  e2 0.03  nF 1.8  pS 0.34  ptS 0.32  fLog 0.69  pdΔ -0.1643  pkR 6.91  clip 0.06  kl +0.001
upd  116  steps  239616  sps 1121  opp symm  loss -0.020  pg -0.0092  v 0.008  ev +0.97  adv_std 0.130  tR +0.00  ent[s/d/p/e] 1.53/1.86/1.46/0.36  emits 0.15  spf 129.0  z0 0.88  garr 191.9  tG 1639  e2 0.02  nF 1.5  pS 0.33  ptS 0.32  fLog 0.69  pdΔ -0.1676  pkR 7.29  clip 0.04  kl +0.001
upd  117  steps  241664  sps 1127  opp symm  loss -0.030  pg -0.0212  v 0.011  ev +0.96  adv_std 0.142  tR -0.11  ent[s/d/p/e] 1.45/1.79/1.39/0.37  emits 0.16  spf 126.3  z0 0.86  garr 208.9  tG 1839  e2 0.02  nF 1.3  pS 0.33  ptS 0.32  fLog 0.69  pdΔ -0.1683  pkR 8.01  clip 0.04  kl +0.003
upd  118  steps  243712  sps 1134  opp symm  loss +0.028  pg +0.0368  v 0.008  ev +0.96  adv_std 0.120  tR +0.00  ent[s/d/p/e] 1.33/1.69/1.25/0.37  emits 0.16  spf 116.2  z0 0.86  garr 215.3  tG 1889  e2 0.02  nF 1.4  pS 0.32  ptS 0.31  fLog 0.67  pdΔ -0.1750  pkR 8.19  clip 0.05  kl +0.002
upd  119  steps  245760  sps 1140  opp symm  loss -0.028  pg -0.0178  v 0.008  ev +0.96  adv_std 0.123  tR +1.00  ent[s/d/p/e] 1.42/1.84/1.31/0.40  emits 0.16  spf 130.5  z0 0.87  garr 212.6  tG 1784  e2 0.02  nF 1.5  pS 0.32  ptS 0.31  fLog 0.68  pdΔ -0.1791  pkR 8.05  clip 0.04  kl +0.002
upd  120  steps  247808  sps 1146  opp symm  loss +0.006  pg +0.0173  v 0.006  ev +0.97  adv_std 0.111  tR +0.00  ent[s/d/p/e] 1.40/1.92/1.41/0.38  emits 0.19  spf 119.8  z0 0.84  garr 206.4  tG 1652  e2 0.03  nF 1.6  pS 0.32  ptS 0.30  fLog 0.68  pdΔ -0.1784  pkR 5.12  clip 0.06  kl -0.001
upd  121  steps  249856  sps 1152  opp symm  loss -0.009  pg +0.0037  v 0.004  ev +0.99  adv_std 0.085  tR +1.00  ent[s/d/p/e] 1.52/1.94/1.37/0.39  emits 0.18  spf 118.4  z0 0.86  garr 221.3  tG 1802  e2 0.03  nF 1.6  pS 0.34  ptS 0.32  fLog 0.69  pdΔ -0.1585  pkR 5.27  clip 0.04  kl +0.001
upd  122  steps  251904  sps 1158  opp symm  loss -0.001  pg +0.0116  v 0.005  ev +0.99  adv_std 0.094  tR -1.00  ent[s/d/p/e] 1.61/2.08/1.39/0.36  emits 0.16  spf 138.0  z0 0.87  garr 237.2  tG 1958  e2 0.02  nF 1.5  pS 0.35  ptS 0.33  fLog 0.72  pdΔ -0.1516  pkR 5.17  clip 0.04  kl +0.000
upd  123  steps  253952  sps 1164  opp symm  loss -0.058  pg -0.0439  v 0.003  ev +0.99  adv_std 0.079  tR -0.20  ent[s/d/p/e] 1.72/2.06/1.40/0.36  emits 0.13  spf 157.3  z0 0.90  garr 253.1  tG 2152  e2 0.02  nF 1.3  pS 0.36  ptS 0.35  fLog 0.73  pdΔ -0.1362  pkR 4.55  clip 0.03  kl +0.002
upd  124  steps  256000  sps 1170  opp symm  loss +0.005  pg +0.0109  v 0.016  ev +0.92  adv_std 0.176  tR +0.18  ent[s/d/p/e] 1.35/1.78/1.29/0.36  emits 0.17  spf 127.0  z0 0.86  garr 190.6  tG 1558  e2 0.02  nF 1.2  pS 0.30  ptS 0.29  fLog 0.67  pdΔ -0.2024  pkR 6.22  clip 0.05  kl +0.001
upd  125  steps  258048  sps 1176  opp symm  loss +0.032  pg +0.0415  v 0.008  ev +0.95  adv_std 0.122  tR +0.00  ent[s/d/p/e] 1.25/1.88/1.28/0.39  emits 0.17  spf 98.8  z0 0.87  garr 140.3  tG 1057  e2 0.02  nF 1.8  pS 0.26  ptS 0.25  fLog 0.65  pdΔ -0.2406  pkR 8.37  clip 0.05  kl +0.003
upd  126  steps  260096  sps 1181  opp symm  loss +0.008  pg +0.0162  v 0.012  ev +0.94  adv_std 0.151  tR +1.00  ent[s/d/p/e] 1.34/2.00/1.29/0.36  emits 0.16  spf 111.9  z0 0.86  garr 168.6  tG 1229  e2 0.02  nF 1.5  pS 0.28  ptS 0.27  fLog 0.68  pdΔ -0.2191  pkR 7.56  clip 0.06  kl +0.003
upd  127  steps  262144  sps 1187  opp symm  loss -0.032  pg -0.0226  v 0.009  ev +0.95  adv_std 0.138  tR +0.00  ent[s/d/p/e] 1.45/1.97/1.27/0.38  emits 0.17  spf 104.8  z0 0.87  garr 178.9  tG 1312  e2 0.02  nF 1.4  pS 0.29  ptS 0.28  fLog 0.69  pdΔ -0.2068  pkR 5.22  clip 0.05  kl +0.001
upd  128  steps  264192  sps 1193  opp symm  loss -0.024  pg -0.0143  v 0.009  ev +0.96  adv_std 0.137  tR -1.00  ent[s/d/p/e] 1.46/1.98/1.38/0.34  emits 0.14  spf 110.0  z0 0.88  garr 200.2  tG 1544  e2 0.02  nF 1.3  pS 0.31  ptS 0.30  fLog 0.70  pdΔ -0.1865  pkR 5.46  clip 0.02  kl -0.001
upd  129  steps  266240  sps 1199  opp symm  loss -0.044  pg -0.0332  v 0.007  ev +0.97  adv_std 0.112  tR +0.60  ent[s/d/p/e] 1.54/1.86/1.28/0.36  emits 0.14  spf 131.8  z0 0.89  garr 207.5  tG 1635  e2 0.02  nF 1.1  pS 0.31  ptS 0.30  fLog 0.72  pdΔ -0.1859  pkR 6.03  clip 0.04  kl +0.002
upd  130  steps  268288  sps 1204  opp symm  loss -0.026  pg -0.0151  v 0.005  ev +0.98  adv_std 0.095  tR +0.00  ent[s/d/p/e] 1.56/1.76/1.16/0.35  emits 0.15  spf 130.4  z0 0.89  garr 201.0  tG 1606  e2 0.02  nF 1.3  pS 0.31  ptS 0.30  fLog 0.71  pdΔ -0.1939  pkR 6.59  clip 0.04  kl +0.001
upd  131  steps  270336  sps 1210  opp symm  loss -0.002  pg +0.0071  v 0.008  ev +0.97  adv_std 0.131  tR -0.33  ent[s/d/p/e] 1.45/1.77/1.12/0.31  emits 0.13  spf 117.2  z0 0.89  garr 219.2  tG 1769  e2 0.02  nF 1.3  pS 0.31  ptS 0.30  fLog 0.70  pdΔ -0.1868  pkR 6.96  clip 0.06  kl +0.002
upd  132  steps  272384  sps 1216  opp symm  loss -0.014  pg -0.0036  v 0.005  ev +0.98  adv_std 0.098  tR +0.33  ent[s/d/p/e] 1.48/1.71/1.17/0.31  emits 0.12  spf 119.4  z0 0.90  garr 241.8  tG 1924  e2 0.01  nF 1.0  pS 0.31  ptS 0.31  fLog 0.70  pdΔ -0.1858  pkR 7.28  clip 0.04  kl -0.001
upd  133  steps  274432  sps 1221  opp symm  loss -0.023  pg -0.0165  v 0.012  ev +0.96  adv_std 0.160  tR +0.00  ent[s/d/p/e] 1.43/1.67/1.10/0.35  emits 0.14  spf 106.0  z0 0.89  garr 245.5  tG 2018  e2 0.02  nF 1.1  pS 0.31  ptS 0.30  fLog 0.67  pdΔ -0.1867  pkR 7.61  clip 0.06  kl -0.000
upd  134  steps  276480  sps 1227  opp symm  loss -0.035  pg -0.0248  v 0.006  ev +0.98  adv_std 0.110  tR +0.00  ent[s/d/p/e] 1.33/1.78/1.15/0.30  emits 0.14  spf 100.1  z0 0.89  garr 227.1  tG 1788  e2 0.02  nF 1.2  pS 0.31  ptS 0.29  fLog 0.66  pdΔ -0.1949  pkR 5.42  clip 0.07  kl +0.004
upd  135  steps  278528  sps 1232  opp symm  loss -0.036  pg -0.0256  v 0.006  ev +0.98  adv_std 0.107  tR +0.50  ent[s/d/p/e] 1.39/1.85/1.19/0.34  emits 0.14  spf 105.1  z0 0.89  garr 237.8  tG 1785  e2 0.02  nF 1.2  pS 0.30  ptS 0.29  fLog 0.68  pdΔ -0.2022  pkR 4.88  clip 0.05  kl +0.001
upd  136  steps  280576  sps 1238  opp symm  loss -0.004  pg +0.0067  v 0.005  ev +0.98  adv_std 0.099  tR +0.00  ent[s/d/p/e] 1.57/1.88/1.16/0.33  emits 0.13  spf 119.6  z0 0.89  garr 247.8  tG 1901  e2 0.02  nF 1.2  pS 0.32  ptS 0.30  fLog 0.69  pdΔ -0.1843  pkR 5.04  clip 0.04  kl -0.000
upd  137  steps  282624  sps 1243  opp symm  loss -0.045  pg -0.0351  v 0.009  ev +0.97  adv_std 0.126  tR +0.00  ent[s/d/p/e] 1.56/1.82/1.15/0.39  emits 0.15  spf 135.1  z0 0.88  garr 282.8  tG 2175  e2 0.03  nF 1.1  pS 0.33  ptS 0.32  fLog 0.72  pdΔ -0.1684  pkR 4.85  clip 0.08  kl +0.004
upd  138  steps  284672  sps 1249  opp symm  loss +0.012  pg +0.0218  v 0.006  ev +0.98  adv_std 0.105  tR +0.00  ent[s/d/p/e] 1.47/1.80/0.99/0.36  emits 0.17  spf 133.1  z0 0.86  garr 302.0  tG 2438  e2 0.03  nF 1.3  pS 0.35  ptS 0.34  fLog 0.70  pdΔ -0.1465  pkR 5.05  clip 0.06  kl +0.003
upd  139  steps  286720  sps 1254  opp symm  loss -0.049  pg -0.0391  v 0.005  ev +0.98  adv_std 0.099  tR -0.20  ent[s/d/p/e] 1.47/1.81/1.00/0.40  emits 0.17  spf 127.0  z0 0.87  garr 285.7  tG 2388  e2 0.02  nF 1.4  pS 0.36  ptS 0.34  fLog 0.70  pdΔ -0.1382  pkR 5.16  clip 0.07  kl +0.002
upd  140  steps  288768  sps 1260  opp symm  loss +0.011  pg +0.0190  v 0.007  ev +0.96  adv_std 0.109  tR +0.00  ent[s/d/p/e] 1.13/1.49/1.04/0.35  emits 0.19  spf 90.0  z0 0.85  garr 154.1  tG 1221  e2 0.03  nF 1.5  pS 0.26  ptS 0.25  fLog 0.62  pdΔ -0.2409  pkR 6.10  clip 0.08  kl +0.005
upd  141  steps  290816  sps 1265  opp symm  loss -0.029  pg -0.0200  v 0.007  ev +0.96  adv_std 0.115  tR +0.00  ent[s/d/p/e] 1.13/1.55/1.07/0.39  emits 0.17  spf 77.0  z0 0.86  garr 175.5  tG 1397  e2 0.03  nF 1.7  pS 0.28  ptS 0.26  fLog 0.62  pdΔ -0.2229  pkR 6.00  clip 0.03  kl +0.001
upd  142  steps  292864  sps 1270  opp symm  loss -0.002  pg +0.0083  v 0.006  ev +0.97  adv_std 0.112  tR +1.00  ent[s/d/p/e] 1.24/1.78/1.07/0.44  emits 0.19  spf 88.3  z0 0.85  garr 198.7  tG 1620  e2 0.03  nF 1.7  pS 0.29  ptS 0.28  fLog 0.64  pdΔ -0.2071  pkR 6.04  clip 0.09  kl +0.004
upd  143  steps  294912  sps 1276  opp symm  loss -0.012  pg -0.0027  v 0.009  ev +0.96  adv_std 0.132  tR +0.00  ent[s/d/p/e] 1.31/1.84/1.12/0.41  emits 0.21  spf 97.5  z0 0.84  garr 210.3  tG 1795  e2 0.03  nF 1.8  pS 0.31  ptS 0.30  fLog 0.66  pdΔ -0.1896  pkR 5.88  clip 0.08  kl +0.003
upd  144  steps  296960  sps 1281  opp symm  loss -0.013  pg -0.0038  v 0.007  ev +0.97  adv_std 0.117  tR +0.00  ent[s/d/p/e] 1.34/1.84/1.10/0.41  emits 0.20  spf 122.3  z0 0.84  garr 221.3  tG 1932  e2 0.03  nF 1.7  pS 0.32  ptS 0.30  fLog 0.67  pdΔ -0.1838  pkR 6.30  clip 0.05  kl +0.003
upd  145  steps  299008  sps 1286  opp symm  loss -0.026  pg -0.0164  v 0.007  ev +0.97  adv_std 0.118  tR +0.00  ent[s/d/p/e] 1.29/1.77/1.12/0.42  emits 0.19  spf 94.6  z0 0.85  garr 217.7  tG 1928  e2 0.03  nF 1.5  pS 0.31  ptS 0.30  fLog 0.66  pdΔ -0.1932  pkR 6.40  clip 0.03  kl -0.000
upd  146  steps  301056  sps 1291  opp symm  loss -0.038  pg -0.0266  v 0.004  ev +0.98  adv_std 0.086  tR +1.00  ent[s/d/p/e] 1.29/1.79/1.20/0.41  emits 0.19  spf 105.1  z0 0.85  garr 221.6  tG 1853  e2 0.03  nF 1.7  pS 0.30  ptS 0.30  fLog 0.67  pdΔ -0.1951  pkR 7.07  clip 0.05  kl +0.003
upd  147  steps  303104  sps 1297  opp symm  loss -0.046  pg -0.0353  v 0.006  ev +0.97  adv_std 0.113  tR +0.00  ent[s/d/p/e] 1.39/1.85/1.20/0.41  emits 0.19  spf 109.0  z0 0.85  garr 235.1  tG 1947  e2 0.03  nF 1.6  pS 0.31  ptS 0.31  fLog 0.67  pdΔ -0.1857  pkR 6.75  clip 0.04  kl +0.001
upd  148  steps  305152  sps 1302  opp symm  loss -0.027  pg -0.0221  v 0.015  ev +0.94  adv_std 0.177  tR +0.00  ent[s/d/p/e] 1.32/1.76/1.08/0.40  emits 0.19  spf 112.9  z0 0.85  garr 245.3  tG 2052  e2 0.03  nF 1.7  pS 0.32  ptS 0.31  fLog 0.66  pdΔ -0.1833  pkR 7.19  clip 0.06  kl +0.001
upd  149  steps  307200  sps 1307  opp symm  loss +0.024  pg +0.0327  v 0.007  ev +0.97  adv_std 0.121  tR +0.25  ent[s/d/p/e] 1.18/1.68/1.08/0.40  emits 0.19  spf 99.7  z0 0.85  garr 211.8  tG 1524  e2 0.03  nF 1.7  pS 0.27  ptS 0.27  fLog 0.64  pdΔ -0.2254  pkR 7.79  clip 0.04  kl +0.000
upd  150  steps  309248  sps 1312  opp symm  loss +0.011  pg +0.0173  v 0.013  ev +0.95  adv_std 0.162  tR -0.33  ent[s/d/p/e] 1.05/1.61/1.07/0.44  emits 0.20  spf 82.9  z0 0.84  garr 192.1  tG 1320  e2 0.03  nF 2.0  pS 0.27  ptS 0.26  fLog 0.62  pdΔ -0.2269  pkR 4.61  clip 0.06  kl +0.003
upd  151  steps  311296  sps 1317  opp symm  loss -0.033  pg -0.0262  v 0.011  ev +0.96  adv_std 0.154  tR -1.00  ent[s/d/p/e] 1.25/1.53/1.09/0.44  emits 0.21  spf 76.2  z0 0.82  garr 187.6  tG 1329  e2 0.02  nF 2.0  pS 0.29  ptS 0.27  fLog 0.63  pdΔ -0.2082  pkR 4.56  clip 0.06  kl +0.005
upd  152  steps  313344  sps 1322  opp symm  loss -0.031  pg -0.0203  v 0.006  ev +0.98  adv_std 0.104  tR +1.00  ent[s/d/p/e] 1.36/1.68/1.11/0.50  emits 0.25  spf 86.9  z0 0.81  garr 199.2  tG 1454  e2 0.04  nF 2.1  pS 0.32  ptS 0.30  fLog 0.65  pdΔ -0.1848  pkR 4.57  clip 0.08  kl +0.006
upd  153  steps  315392  sps 1327  opp symm  loss -0.020  pg -0.0104  v 0.006  ev +0.98  adv_std 0.108  tR +0.00  ent[s/d/p/e] 1.39/1.67/1.10/0.43  emits 0.23  spf 92.8  z0 0.83  garr 201.9  tG 1503  e2 0.04  nF 2.2  pS 0.32  ptS 0.30  fLog 0.65  pdΔ -0.1829  pkR 4.47  clip 0.05  kl +0.000
upd  154  steps  317440  sps 1332  opp symm  loss -0.015  pg -0.0063  v 0.008  ev +0.97  adv_std 0.122  tR -0.60  ent[s/d/p/e] 1.43/1.58/1.05/0.46  emits 0.24  spf 93.8  z0 0.83  garr 220.3  tG 1651  e2 0.04  nF 2.2  pS 0.33  ptS 0.31  fLog 0.66  pdΔ -0.1738  pkR 3.94  clip 0.08  kl -0.002