
=== [2026-06-11T00:01:18Z] v14d_binary_v2_a_p0i6_ent_coef_emit_0.004_5ec44792b5 phase=a kind=probe chunk=400 env={"ORBITWARS_SHAPING_HOLD_BONUS": 0.004, "ORBITWARS_SHAPING_CAPTURE": 0.04, "ORBITWARS_SHAPING_RELEASE": 0.012, "ORBITWARS_SHAPING_RELEASE_K": 17.0, "ORBITWARS_SHAPING_PROD_SHARE_DELTA": 0.025, "ORBITWARS_SHAPING_ONE_SHIP_PENALTY": 0.04} ppo={"ent_coef_emit": 0.004, "lr_peak": 4e-05} ===
[reward] kaggle-aligned: terminal +1 win/+1 tie>0/-1 loss/-1 double-wipeout; is_terminal at step >= episode_steps-2; SHAPING_SCALE=0.0; v1: KEEP_HOME=0.0 FLEET_SIZE=0.0/norm20.0; v2 (expert-replay calibrated): PROD_SHARE=0.0 PLANET_SHARE=0.0 FLEET_LOG=0.0/ref500.0/floor0.3; v3 (top10-2630ep calibrated): PROD_SHARE_DELTA=0.025 EMIT_LOG=0.0 EMIT_GATED=0.0 RELEASE=0.012/K17.0 CAPTURE=0.04; episode_steps=500 (kaggle=500, mismatch=False)
[symmetric] Frog Parade style: same params drive BOTH players, no frozen/strong/buffer opponents, zero_sum_value=True
upd    0  steps    2048  sps 38  opp symm  loss +0.208  pg +0.2107  v 0.009  ev -0.51  adv_std 0.131  tR +0.00  ent[s/d/p/e] 0.31/1.00/1.12/0.20  emits 0.51  spf 11.4  z0 0.67  garr 13.0  tG 16  e2 0.11  nF 3.3  pS 0.07  ptS 0.06  fLog 0.38  pdΔ -0.4344  pkR 4.59  clip 0.02  kl +0.002
upd    1  steps    4096  sps 75  opp symm  loss +0.125  pg +0.1230  v 0.023  ev +0.14  adv_std 0.172  tR -1.00  ent[s/d/p/e] 0.73/1.16/0.99/0.33  emits 1.33  spf 10.9  z0 0.45  garr 10.3  tG 24  e2 0.34  nF 12.1  pS 0.12  ptS 0.11  fLog 0.36  pdΔ -0.3840  pkR 5.26  clip 0.19  kl +0.003
upd    2  steps    6144  sps 111  opp symm  loss +0.112  pg +0.1071  v 0.030  ev +0.28  adv_std 0.191  tR +0.00  ent[s/d/p/e] 1.02/1.49/0.96/0.41  emits 1.82  spf 10.9  z0 0.37  garr 10.5  tG 39  e2 0.43  nF 21.9  pS 0.17  ptS 0.16  fLog 0.35  pdΔ -0.3311  pkR 6.74  clip 0.19  kl +0.006
upd    3  steps    8192  sps 146  opp symm  loss +0.063  pg +0.0580  v 0.034  ev +0.34  adv_std 0.183  tR -1.00  ent[s/d/p/e] 1.28/1.72/0.97/0.47  emits 2.09  spf 12.7  z0 0.33  garr 12.5  tG 71  e2 0.48  nF 28.7  pS 0.23  ptS 0.22  fLog 0.37  pdΔ -0.2699  pkR 9.63  clip 0.28  kl +0.006
upd    4  steps   10240  sps 181  opp symm  loss +0.034  pg +0.0243  v 0.046  ev +0.30  adv_std 0.223  tR -0.50  ent[s/d/p/e] 1.51/1.93/1.00/0.49  emits 2.06  spf 14.9  z0 0.35  garr 14.4  tG 108  e2 0.45  nF 31.5  pS 0.27  ptS 0.26  fLog 0.38  pdΔ -0.2282  pkR 13.01  clip 0.26  kl +0.004
upd    5  steps   12288  sps 214  opp symm  loss +0.094  pg +0.0886  v 0.038  ev +0.28  adv_std 0.205  tR +1.00  ent[s/d/p/e] 1.72/2.08/0.99/0.48  emits 2.20  spf 15.8  z0 0.35  garr 15.5  tG 142  e2 0.47  nF 31.7  pS 0.31  ptS 0.31  fLog 0.38  pdΔ -0.1853  pkR 10.54  clip 0.27  kl +0.007
upd    6  steps   14336  sps 247  opp symm  loss +0.114  pg +0.1123  v 0.031  ev +0.32  adv_std 0.198  tR +1.00  ent[s/d/p/e] 1.76/2.10/1.02/0.50  emits 2.03  spf 16.6  z0 0.39  garr 18.7  tG 212  e2 0.41  nF 30.7  pS 0.33  ptS 0.33  fLog 0.39  pdΔ -0.1688  pkR 17.88  clip 0.28  kl +0.016
upd    7  steps   16384  sps 280  opp symm  loss +0.024  pg +0.0303  v 0.016  ev +0.61  adv_std 0.151  tR -0.50  ent[s/d/p/e] 1.84/2.16/1.03/0.54  emits 1.73  spf 20.8  z0 0.42  garr 21.8  tG 249  e2 0.37  nF 27.3  pS 0.34  ptS 0.34  fLog 0.42  pdΔ -0.1600  pkR 21.92  clip 0.33  kl +0.011
upd    8  steps   18432  sps 311  opp symm  loss +0.005  pg +0.0150  v 0.009  ev +0.77  adv_std 0.116  tR +0.33  ent[s/d/p/e] 1.86/2.19/1.11/0.56  emits 1.52  spf 24.2  z0 0.43  garr 21.0  tG 216  e2 0.33  nF 23.0  pS 0.33  ptS 0.33  fLog 0.44  pdΔ -0.1664  pkR 7.89  clip 0.29  kl +0.008
upd    9  steps   20480  sps 342  opp symm  loss -0.052  pg -0.0414  v 0.008  ev +0.86  adv_std 0.122  tR +0.00  ent[s/d/p/e] 1.87/2.18/1.10/0.58  emits 1.41  spf 25.0  z0 0.46  garr 22.9  tG 246  e2 0.32  nF 18.9  pS 0.34  ptS 0.34  fLog 0.45  pdΔ -0.1586  pkR 10.05  clip 0.26  kl +0.006
upd   10  steps   22528  sps 372  opp symm  loss -0.006  pg +0.0057  v 0.006  ev +0.89  adv_std 0.107  tR +0.60  ent[s/d/p/e] 1.75/2.09/1.12/0.58  emits 1.13  spf 27.7  z0 0.51  garr 25.3  tG 256  e2 0.27  nF 16.0  pS 0.32  ptS 0.31  fLog 0.47  pdΔ -0.1816  pkR 13.64  clip 0.22  kl +0.005
upd   11  steps   24576  sps 402  opp symm  loss +0.033  pg +0.0454  v 0.005  ev +0.92  adv_std 0.094  tR +0.00  ent[s/d/p/e] 1.79/2.14/1.15/0.57  emits 1.18  spf 28.4  z0 0.50  garr 25.7  tG 256  e2 0.28  nF 15.0  pS 0.31  ptS 0.31  fLog 0.47  pdΔ -0.1881  pkR 19.81  clip 0.32  kl +0.010
upd   12  steps   26624  sps 430  opp symm  loss +0.016  pg +0.0277  v 0.006  ev +0.92  adv_std 0.104  tR -1.00  ent[s/d/p/e] 1.74/2.08/1.15/0.59  emits 1.21  spf 29.3  z0 0.49  garr 26.3  tG 271  e2 0.28  nF 15.7  pS 0.32  ptS 0.31  fLog 0.47  pdΔ -0.1845  pkR 11.10  clip 0.25  kl +0.007
upd   13  steps   28672  sps 459  opp symm  loss +0.044  pg +0.0562  v 0.004  ev +0.95  adv_std 0.087  tR +0.00  ent[s/d/p/e] 1.74/2.09/1.08/0.58  emits 1.20  spf 29.6  z0 0.48  garr 29.4  tG 335  e2 0.29  nF 15.1  pS 0.34  ptS 0.33  fLog 0.47  pdΔ -0.1649  pkR 15.23  clip 0.21  kl +0.004
upd   14  steps   30720  sps 487  opp symm  loss -0.005  pg +0.0072  v 0.005  ev +0.96  adv_std 0.090  tR -0.33  ent[s/d/p/e] 1.70/2.04/1.10/0.60  emits 1.18  spf 30.1  z0 0.50  garr 30.4  tG 329  e2 0.29  nF 14.9  pS 0.32  ptS 0.33  fLog 0.47  pdΔ -0.1754  pkR 12.64  clip 0.24  kl +0.007
upd   15  steps   32768  sps 514  opp symm  loss +0.029  pg +0.0284  v 0.028  ev +0.81  adv_std 0.254  tR -0.09  ent[s/d/p/e] 1.57/2.01/1.11/0.53  emits 0.83  spf 30.6  z0 0.59  garr 27.3  tG 245  e2 0.19  nF 10.8  pS 0.25  ptS 0.25  fLog 0.47  pdΔ -0.2524  pkR 11.66  clip 0.15  kl +0.003
upd   16  steps   34816  sps 540  opp symm  loss +0.022  pg +0.0306  v 0.007  ev +0.91  adv_std 0.125  tR +0.00  ent[s/d/p/e] 1.21/1.72/1.03/0.49  emits 0.78  spf 23.5  z0 0.60  garr 20.3  tG 142  e2 0.17  nF 8.7  pS 0.19  ptS 0.19  fLog 0.45  pdΔ -0.3078  pkR 11.47  clip 0.22  kl +0.005
upd   17  steps   36864  sps 566  opp symm  loss +0.049  pg +0.0575  v 0.009  ev +0.91  adv_std 0.138  tR -0.20  ent[s/d/p/e] 1.38/1.83/1.12/0.54  emits 0.91  spf 26.4  z0 0.55  garr 22.8  tG 179  e2 0.24  nF 10.7  pS 0.23  ptS 0.23  fLog 0.46  pdΔ -0.2653  pkR 13.21  clip 0.27  kl +0.011
upd   18  steps   38912  sps 592  opp symm  loss +0.035  pg +0.0441  v 0.009  ev +0.90  adv_std 0.133  tR -0.50  ent[s/d/p/e] 1.48/1.93/1.07/0.58  emits 1.00  spf 27.3  z0 0.54  garr 26.4  tG 232  e2 0.23  nF 11.2  pS 0.28  ptS 0.27  fLog 0.47  pdΔ -0.2247  pkR 14.79  clip 0.23  kl +0.004
upd   19  steps   40960  sps 617  opp symm  loss +0.035  pg +0.0450  v 0.008  ev +0.93  adv_std 0.122  tR +1.00  ent[s/d/p/e] 1.53/1.97/1.09/0.59  emits 1.04  spf 28.8  z0 0.51  garr 27.9  tG 254  e2 0.25  nF 12.1  pS 0.28  ptS 0.28  fLog 0.47  pdΔ -0.2173  pkR 14.68  clip 0.14  kl +0.001
upd   20  steps   43008  sps 642  opp symm  loss +0.046  pg +0.0539  v 0.013  ev +0.92  adv_std 0.161  tR +0.00  ent[s/d/p/e] 1.58/2.00/1.08/0.59  emits 1.03  spf 31.2  z0 0.53  garr 27.8  tG 278  e2 0.25  nF 13.0  pS 0.29  ptS 0.29  fLog 0.47  pdΔ -0.2051  pkR 15.47  clip 0.20  kl +0.002
upd   21  steps   45056  sps 666  opp symm  loss +0.037  pg +0.0473  v 0.008  ev +0.96  adv_std 0.124  tR +1.00  ent[s/d/p/e] 1.59/1.97/1.09/0.59  emits 1.02  spf 30.6  z0 0.52  garr 30.2  tG 330  e2 0.25  nF 12.3  pS 0.32  ptS 0.32  fLog 0.47  pdΔ -0.1820  pkR 14.11  clip 0.22  kl +0.009
upd   22  steps   47104  sps 690  opp symm  loss +0.014  pg +0.0231  v 0.009  ev +0.96  adv_std 0.130  tR +0.60  ent[s/d/p/e] 1.63/2.00/1.05/0.58  emits 0.98  spf 35.5  z0 0.54  garr 31.7  tG 338  e2 0.24  nF 11.5  pS 0.30  ptS 0.31  fLog 0.49  pdΔ -0.1954  pkR 10.47  clip 0.13  kl +0.004
upd   23  steps   49152  sps 713  opp symm  loss +0.027  pg +0.0356  v 0.008  ev +0.95  adv_std 0.131  tR -0.14  ent[s/d/p/e] 1.53/1.96/0.99/0.55  emits 0.81  spf 34.0  z0 0.58  garr 29.0  tG 283  e2 0.19  nF 10.3  pS 0.25  ptS 0.26  fLog 0.49  pdΔ -0.2488  pkR 19.01  clip 0.24  kl +0.004
upd   24  steps   51200  sps 736  opp symm  loss +0.046  pg +0.0545  v 0.008  ev +0.95  adv_std 0.134  tR -0.60  ent[s/d/p/e] 1.50/1.91/1.06/0.54  emits 0.85  spf 30.3  z0 0.59  garr 24.9  tG 199  e2 0.20  nF 10.1  pS 0.23  ptS 0.24  fLog 0.48  pdΔ -0.2692  pkR 13.51  clip 0.15  kl +0.003
upd   25  steps   53248  sps 758  opp symm  loss +0.037  pg +0.0448  v 0.010  ev +0.95  adv_std 0.143  tR -0.33  ent[s/d/p/e] 1.46/1.92/1.07/0.55  emits 0.83  spf 32.5  z0 0.58  garr 27.2  tG 220  e2 0.20  nF 9.9  pS 0.25  ptS 0.25  fLog 0.49  pdΔ -0.2521  pkR 10.38  clip 0.17  kl +0.002
upd   26  steps   55296  sps 780  opp symm  loss -0.003  pg +0.0063  v 0.009  ev +0.96  adv_std 0.132  tR +0.00  ent[s/d/p/e] 1.56/1.96/1.03/0.57  emits 0.88  spf 33.2  z0 0.56  garr 29.2  tG 257  e2 0.21  nF 10.2  pS 0.27  ptS 0.27  fLog 0.49  pdΔ -0.2265  pkR 7.59  clip 0.14  kl +0.003
upd   27  steps   57344  sps 802  opp symm  loss +0.013  pg +0.0241  v 0.006  ev +0.98  adv_std 0.106  tR +0.00  ent[s/d/p/e] 1.61/2.01/1.06/0.57  emits 0.86  spf 35.9  z0 0.57  garr 29.0  tG 259  e2 0.20  nF 9.2  pS 0.28  ptS 0.28  fLog 0.50  pdΔ -0.2218  pkR 8.87  clip 0.28  kl +0.001
upd   28  steps   59392  sps 823  opp symm  loss +0.040  pg +0.0481  v 0.011  ev +0.95  adv_std 0.147  tR +1.00  ent[s/d/p/e] 1.62/2.04/1.05/0.56  emits 0.94  spf 35.8  z0 0.55  garr 27.0  tG 237  e2 0.23  nF 9.8  pS 0.27  ptS 0.27  fLog 0.49  pdΔ -0.2288  pkR 8.26  clip 0.19  kl +0.005
upd   29  steps   61440  sps 844  opp symm  loss -0.021  pg -0.0122  v 0.010  ev +0.96  adv_std 0.145  tR -0.20  ent[s/d/p/e] 1.66/2.08/1.13/0.59  emits 0.82  spf 34.5  z0 0.58  garr 30.5  tG 293  e2 0.19  nF 9.8  pS 0.29  ptS 0.29  fLog 0.50  pdΔ -0.2102  pkR 12.79  clip 0.27  kl +0.008
upd   30  steps   63488  sps 864  opp symm  loss -0.035  pg -0.0242  v 0.007  ev +0.97  adv_std 0.118  tR +0.00  ent[s/d/p/e] 1.70/2.12/1.13/0.58  emits 0.92  spf 37.4  z0 0.55  garr 29.6  tG 269  e2 0.21  nF 10.2  pS 0.30  ptS 0.29  fLog 0.51  pdΔ -0.2039  pkR 5.88  clip 0.12  kl +0.004
upd   31  steps   65536  sps 884  opp symm  loss +0.009  pg +0.0178  v 0.009  ev +0.95  adv_std 0.134  tR -0.47  ent[s/d/p/e] 1.58/2.05/1.09/0.54  emits 0.90  spf 32.2  z0 0.56  garr 26.0  tG 219  e2 0.20  nF 9.3  pS 0.27  ptS 0.26  fLog 0.49  pdΔ -0.2340  pkR 6.26  clip 0.11  kl +0.002
upd   32  steps   67584  sps 904  opp symm  loss +0.002  pg +0.0109  v 0.011  ev +0.95  adv_std 0.144  tR +0.00  ent[s/d/p/e] 1.54/1.95/1.13/0.56  emits 0.96  spf 32.7  z0 0.53  garr 26.9  tG 242  e2 0.22  nF 10.3  pS 0.27  ptS 0.27  fLog 0.49  pdΔ -0.2260  pkR 8.00  clip 0.12  kl +0.006
upd   33  steps   69632  sps 923  opp symm  loss -0.002  pg +0.0054  v 0.012  ev +0.95  adv_std 0.156  tR +0.50  ent[s/d/p/e] 1.61/2.04/1.09/0.58  emits 0.90  spf 34.4  z0 0.56  garr 30.4  tG 299  e2 0.22  nF 10.8  pS 0.30  ptS 0.29  fLog 0.50  pdΔ -0.1988  pkR 10.22  clip 0.14  kl +0.003
upd   34  steps   71680  sps 942  opp symm  loss +0.012  pg +0.0205  v 0.011  ev +0.95  adv_std 0.150  tR +0.33  ent[s/d/p/e] 1.70/2.09/1.06/0.57  emits 0.77  spf 37.2  z0 0.59  garr 33.0  tG 335  e2 0.18  nF 9.8  pS 0.30  ptS 0.29  fLog 0.52  pdΔ -0.1974  pkR 14.72  clip 0.19  kl +0.004
upd   35  steps   73728  sps 961  opp symm  loss +0.004  pg +0.0132  v 0.010  ev +0.96  adv_std 0.142  tR -1.00  ent[s/d/p/e] 1.69/2.09/1.04/0.58  emits 0.89  spf 39.2  z0 0.55  garr 33.2  tG 342  e2 0.21  nF 9.8  pS 0.32  ptS 0.31  fLog 0.51  pdΔ -0.1817  pkR 5.97  clip 0.12  kl +0.003
upd   36  steps   75776  sps 980  opp symm  loss -0.018  pg -0.0077  v 0.009  ev +0.97  adv_std 0.132  tR -0.60  ent[s/d/p/e] 1.81/2.22/1.08/0.60  emits 0.89  spf 43.5  z0 0.57  garr 35.2  tG 383  e2 0.20  nF 9.5  pS 0.33  ptS 0.32  fLog 0.53  pdΔ -0.1709  pkR 6.57  clip 0.16  kl +0.005
upd   37  steps   77824  sps 998  opp symm  loss +0.010  pg +0.0196  v 0.010  ev +0.96  adv_std 0.142  tR +0.00  ent[s/d/p/e] 1.81/2.20/1.04/0.59  emits 0.85  spf 45.9  z0 0.57  garr 38.6  tG 428  e2 0.19  nF 9.8  pS 0.35  ptS 0.34  fLog 0.53  pdΔ -0.1502  pkR 6.25  clip 0.18  kl +0.003
upd   38  steps   79872  sps 1015  opp symm  loss -0.028  pg -0.0189  v 0.012  ev +0.96  adv_std 0.156  tR -0.20  ent[s/d/p/e] 1.78/2.22/1.08/0.61  emits 0.78  spf 51.3  z0 0.59  garr 44.7  tG 491  e2 0.19  nF 8.3  pS 0.35  ptS 0.34  fLog 0.55  pdΔ -0.1515  pkR 6.32  clip 0.18  kl +0.003
upd   39  steps   81920  sps 1033  opp symm  loss +0.008  pg +0.0173  v 0.010  ev +0.96  adv_std 0.145  tR +0.14  ent[s/d/p/e] 1.77/2.21/1.04/0.59  emits 0.86  spf 45.7  z0 0.56  garr 41.4  tG 442  e2 0.20  nF 8.5  pS 0.33  ptS 0.33  fLog 0.54  pdΔ -0.1683  pkR 8.45  clip 0.13  kl +0.002
upd   40  steps   83968  sps 1050  opp symm  loss -0.002  pg +0.0058  v 0.012  ev +0.94  adv_std 0.156  tR +0.20  ent[s/d/p/e] 1.71/2.15/1.08/0.59  emits 0.85  spf 43.6  z0 0.58  garr 38.9  tG 369  e2 0.19  nF 8.8  pS 0.32  ptS 0.31  fLog 0.53  pdΔ -0.1819  pkR 8.61  clip 0.13  kl +0.002
upd   41  steps   86016  sps 1067  opp symm  loss -0.001  pg +0.0084  v 0.011  ev +0.95  adv_std 0.153  tR +1.00  ent[s/d/p/e] 1.73/2.18/1.09/0.61  emits 0.87  spf 43.5  z0 0.56  garr 39.3  tG 374  e2 0.21  nF 9.2  pS 0.33  ptS 0.32  fLog 0.54  pdΔ -0.1717  pkR 6.75  clip 0.13  kl +0.001
upd   42  steps   88064  sps 1084  opp symm  loss -0.008  pg +0.0022  v 0.009  ev +0.96  adv_std 0.132  tR +0.00  ent[s/d/p/e] 1.77/2.22/1.14/0.61  emits 0.80  spf 46.5  z0 0.60  garr 41.2  tG 403  e2 0.19  nF 8.4  pS 0.33  ptS 0.33  fLog 0.55  pdΔ -0.1696  pkR 6.97  clip 0.15  kl +0.003
upd   43  steps   90112  sps 1100  opp symm  loss +0.012  pg +0.0209  v 0.011  ev +0.95  adv_std 0.146  tR +1.00  ent[s/d/p/e] 1.74/2.20/1.08/0.61  emits 0.87  spf 46.1  z0 0.57  garr 42.9  tG 440  e2 0.21  nF 8.7  pS 0.35  ptS 0.34  fLog 0.55  pdΔ -0.1543  pkR 9.46  clip 0.21  kl +0.009
upd   44  steps   92160  sps 1117  opp symm  loss +0.010  pg +0.0205  v 0.009  ev +0.97  adv_std 0.140  tR +0.33  ent[s/d/p/e] 1.79/2.22/1.12/0.62  emits 0.92  spf 46.3  z0 0.56  garr 42.1  tG 423  e2 0.23  nF 9.3  pS 0.35  ptS 0.34  fLog 0.55  pdΔ -0.1501  pkR 10.71  clip 0.26  kl +0.007
upd   45  steps   94208  sps 1133  opp symm  loss +0.006  pg +0.0143  v 0.011  ev +0.96  adv_std 0.147  tR +0.00  ent[s/d/p/e] 1.77/2.19/1.02/0.60  emits 1.00  spf 43.4  z0 0.54  garr 36.6  tG 364  e2 0.23  nF 10.3  pS 0.33  ptS 0.33  fLog 0.53  pdΔ -0.1660  pkR 7.29  clip 0.12  kl +0.004
upd   46  steps   96256  sps 1148  opp symm  loss -0.002  pg +0.0070  v 0.012  ev +0.96  adv_std 0.156  tR +0.00  ent[s/d/p/e] 1.70/2.16/1.13/0.58  emits 0.77  spf 43.1  z0 0.61  garr 35.1  tG 343  e2 0.17  nF 8.6  pS 0.30  ptS 0.29  fLog 0.54  pdΔ -0.2009  pkR 11.61  clip 0.20  kl +0.006
upd   47  steps   98304  sps 1163  opp symm  loss +0.031  pg +0.0395  v 0.010  ev +0.96  adv_std 0.143  tR +1.00  ent[s/d/p/e] 1.54/1.98/0.98/0.55  emits 0.79  spf 39.1  z0 0.58  garr 32.0  tG 306  e2 0.18  nF 8.1  pS 0.27  ptS 0.27  fLog 0.51  pdΔ -0.2253  pkR 10.30  clip 0.13  kl +0.001
upd   48  steps  100352  sps 1179  opp symm  loss -0.034  pg -0.0237  v 0.008  ev +0.97  adv_std 0.130  tR -1.00  ent[s/d/p/e] 1.65/2.06/1.05/0.57  emits 0.90  spf 42.5  z0 0.57  garr 29.5  tG 286  e2 0.20  nF 9.2  pS 0.29  ptS 0.28  fLog 0.53  pdΔ -0.2095  pkR 7.35  clip 0.13  kl +0.003
upd   49  steps  102400  sps 1194  opp symm  loss +0.001  pg +0.0113  v 0.007  ev +0.98  adv_std 0.122  tR -0.25  ent[s/d/p/e] 1.65/2.08/1.07/0.58  emits 0.83  spf 37.0  z0 0.59  garr 30.3  tG 306  e2 0.18  nF 8.7  pS 0.29  ptS 0.28  fLog 0.52  pdΔ -0.2055  pkR 9.99  clip 0.14  kl +0.002
upd   50  steps  104448  sps 1208  opp symm  loss +0.031  pg +0.0397  v 0.009  ev +0.97  adv_std 0.137  tR +0.00  ent[s/d/p/e] 1.54/2.01/1.03/0.58  emits 0.79  spf 40.7  z0 0.58  garr 33.9  tG 339  e2 0.19  nF 8.7  pS 0.29  ptS 0.29  fLog 0.52  pdΔ -0.2062  pkR 8.87  clip 0.11  kl +0.003
upd   51  steps  106496  sps 1223  opp symm  loss +0.016  pg +0.0241  v 0.011  ev +0.96  adv_std 0.153  tR -0.50  ent[s/d/p/e] 1.59/2.09/1.04/0.59  emits 0.76  spf 46.4  z0 0.59  garr 40.5  tG 428  e2 0.18  nF 8.1  pS 0.30  ptS 0.30  fLog 0.54  pdΔ -0.1996  pkR 9.24  clip 0.13  kl +0.007
upd   52  steps  108544  sps 1237  opp symm  loss -0.028  pg -0.0177  v 0.008  ev +0.97  adv_std 0.130  tR +0.20  ent[s/d/p/e] 1.64/2.16/1.07/0.58  emits 0.70  spf 46.1  z0 0.62  garr 40.8  tG 414  e2 0.15  nF 7.6  pS 0.30  ptS 0.30  fLog 0.54  pdΔ -0.2008  pkR 12.00  clip 0.10  kl -0.000
upd   53  steps  110592  sps 1251  opp symm  loss -0.010  pg -0.0005  v 0.010  ev +0.96  adv_std 0.142  tR +0.33  ent[s/d/p/e] 1.62/2.14/1.09/0.58  emits 0.62  spf 46.6  z0 0.65  garr 41.1  tG 388  e2 0.14  nF 6.8  pS 0.30  ptS 0.29  fLog 0.55  pdΔ -0.2035  pkR 11.02  clip 0.09  kl +0.002
upd   54  steps  112640  sps 1265  opp symm  loss +0.019  pg +0.0247  v 0.017  ev +0.93  adv_std 0.184  tR -0.43  ent[s/d/p/e] 1.68/2.19/0.99/0.61  emits 0.68  spf 52.1  z0 0.63  garr 44.3  tG 431  e2 0.16  nF 6.4  pS 0.32  ptS 0.30  fLog 0.56  pdΔ -0.1819  pkR 9.18  clip 0.13  kl +0.005
upd   55  steps  114688  sps 1279  opp symm  loss +0.023  pg +0.0315  v 0.012  ev +0.95  adv_std 0.153  tR +0.33  ent[s/d/p/e] 1.66/2.23/1.01/0.60  emits 0.72  spf 47.9  z0 0.62  garr 42.9  tG 406  e2 0.17  nF 6.9  pS 0.31  ptS 0.30  fLog 0.56  pdΔ -0.1889  pkR 10.09  clip 0.12  kl +0.004
upd   56  steps  116736  sps 1292  opp symm  loss -0.000  pg +0.0088  v 0.010  ev +0.96  adv_std 0.139  tR +0.14  ent[s/d/p/e] 1.62/2.18/1.01/0.60  emits 0.76  spf 43.5  z0 0.61  garr 37.8  tG 340  e2 0.18  nF 7.8  pS 0.30  ptS 0.29  fLog 0.55  pdΔ -0.1977  pkR 8.87  clip 0.11  kl +0.005
upd   57  steps  118784  sps 1306  opp symm  loss -0.016  pg -0.0066  v 0.011  ev +0.95  adv_std 0.149  tR -1.00  ent[s/d/p/e] 1.66/2.23/1.11/0.61  emits 0.76  spf 46.8  z0 0.60  garr 40.1  tG 385  e2 0.17  nF 7.8  pS 0.32  ptS 0.31  fLog 0.56  pdΔ -0.1796  pkR 7.29  clip 0.18  kl +0.006
upd   58  steps  120832  sps 1319  opp symm  loss +0.004  pg +0.0132  v 0.010  ev +0.96  adv_std 0.145  tR +0.00  ent[s/d/p/e] 1.70/2.25/1.11/0.61  emits 0.66  spf 48.4  z0 0.63  garr 48.0  tG 495  e2 0.16  nF 7.2  pS 0.35  ptS 0.34  fLog 0.56  pdΔ -0.1464  pkR 7.41  clip 0.21  kl +0.008
upd   59  steps  122880  sps 1332  opp symm  loss -0.033  pg -0.0217  v 0.006  ev +0.98  adv_std 0.111  tR -0.33  ent[s/d/p/e] 1.74/2.31/1.12/0.61  emits 0.62  spf 55.7  z0 0.64  garr 50.6  tG 522  e2 0.14  nF 6.4  pS 0.35  ptS 0.34  fLog 0.58  pdΔ -0.1531  pkR 8.37  clip 0.08  kl +0.001
upd   60  steps  124928  sps 1345  opp symm  loss -0.030  pg -0.0184  v 0.006  ev +0.98  adv_std 0.114  tR +0.60  ent[s/d/p/e] 1.81/2.35/1.11/0.60  emits 0.60  spf 62.7  z0 0.65  garr 51.9  tG 534  e2 0.14  nF 6.4  pS 0.35  ptS 0.35  fLog 0.59  pdΔ -0.1495  pkR 7.94  clip 0.09  kl +0.001
upd   61  steps  126976  sps 1357  opp symm  loss +0.002  pg +0.0121  v 0.010  ev +0.97  adv_std 0.135  tR +0.33  ent[s/d/p/e] 1.73/2.29/1.14/0.59  emits 0.59  spf 62.5  z0 0.64  garr 52.6  tG 519  e2 0.13  nF 5.8  pS 0.33  ptS 0.32  fLog 0.59  pdΔ -0.1691  pkR 9.11  clip 0.09  kl +0.002
upd   62  steps  129024  sps 1370  opp symm  loss -0.009  pg +0.0014  v 0.008  ev +0.97  adv_std 0.129  tR +0.40  ent[s/d/p/e] 1.63/2.18/1.09/0.57  emits 0.61  spf 64.8  z0 0.65  garr 47.7  tG 491  e2 0.13  nF 5.4  pS 0.30  ptS 0.30  fLog 0.58  pdΔ -0.1968  pkR 8.64  clip 0.12  kl +0.003
upd   63  steps  131072  sps 1382  opp symm  loss -0.006  pg +0.0019  v 0.012  ev +0.95  adv_std 0.155  tR -1.00  ent[s/d/p/e] 1.51/2.10/1.05/0.55  emits 0.52  spf 55.7  z0 0.67  garr 51.1  tG 504  e2 0.11  nF 5.4  pS 0.30  ptS 0.30  fLog 0.57  pdΔ -0.1989  pkR 8.02  clip 0.19  kl +0.007
upd   64  steps  133120  sps 1394  opp symm  loss -0.003  pg +0.0042  v 0.014  ev +0.95  adv_std 0.168  tR -0.33  ent[s/d/p/e] 1.61/2.21/1.13/0.60  emits 0.62  spf 64.5  z0 0.64  garr 55.3  tG 562  e2 0.15  nF 6.0  pS 0.33  ptS 0.32  fLog 0.59  pdΔ -0.1711  pkR 7.74  clip 0.17  kl +0.003
upd   65  steps  135168  sps 1406  opp symm  loss -0.014  pg -0.0029  v 0.007  ev +0.97  adv_std 0.119  tR +0.25  ent[s/d/p/e] 1.56/2.31/1.19/0.58  emits 0.50  spf 64.3  z0 0.69  garr 54.3  tG 524  e2 0.11  nF 5.2  pS 0.31  ptS 0.30  fLog 0.60  pdΔ -0.1920  pkR 9.54  clip 0.07  kl +0.001
upd   66  steps  137216  sps 1418  opp symm  loss -0.041  pg -0.0329  v 0.012  ev +0.94  adv_std 0.157  tR -0.50  ent[s/d/p/e] 1.54/2.27/1.18/0.54  emits 0.43  spf 62.3  z0 0.72  garr 57.6  tG 535  e2 0.09  nF 4.7  pS 0.30  ptS 0.29  fLog 0.59  pdΔ -0.2016  pkR 9.86  clip 0.08  kl -0.001
upd   67  steps  139264  sps 1429  opp symm  loss +0.008  pg +0.0169  v 0.010  ev +0.95  adv_std 0.142  tR +0.33  ent[s/d/p/e] 1.57/2.24/1.11/0.54  emits 0.43  spf 67.7  z0 0.72  garr 63.0  tG 596  e2 0.09  nF 4.4  pS 0.31  ptS 0.30  fLog 0.60  pdΔ -0.1922  pkR 9.32  clip 0.09  kl +0.004
upd   68  steps  141312  sps 1441  opp symm  loss -0.035  pg -0.0257  v 0.011  ev +0.95  adv_std 0.149  tR -0.43  ent[s/d/p/e] 1.51/2.21/1.24/0.53  emits 0.39  spf 64.9  z0 0.73  garr 65.8  tG 609  e2 0.08  nF 4.2  pS 0.30  ptS 0.29  fLog 0.60  pdΔ -0.2030  pkR 9.18  clip 0.08  kl +0.002
upd   69  steps  143360  sps 1452  opp symm  loss -0.012  pg -0.0025  v 0.008  ev +0.96  adv_std 0.130  tR +0.60  ent[s/d/p/e] 1.52/2.20/1.16/0.51  emits 0.36  spf 77.4  z0 0.74  garr 71.5  tG 649  e2 0.07  nF 3.7  pS 0.29  ptS 0.28  fLog 0.61  pdΔ -0.2071  pkR 8.89  clip 0.08  kl +0.001
upd   70  steps  145408  sps 1463  opp symm  loss -0.002  pg +0.0066  v 0.011  ev +0.95  adv_std 0.142  tR +0.20  ent[s/d/p/e] 1.40/2.11/1.13/0.55  emits 0.45  spf 61.3  z0 0.71  garr 63.6  tG 519  e2 0.09  nF 4.2  pS 0.27  ptS 0.26  fLog 0.58  pdΔ -0.2252  pkR 8.47  clip 0.10  kl +0.001
upd   71  steps  147456  sps 1474  opp symm  loss -0.030  pg -0.0213  v 0.011  ev +0.95  adv_std 0.136  tR +1.00  ent[s/d/p/e] 1.50/2.21/1.16/0.53  emits 0.42  spf 63.1  z0 0.73  garr 68.0  tG 536  e2 0.09  nF 4.5  pS 0.28  ptS 0.27  fLog 0.59  pdΔ -0.2172  pkR 8.48  clip 0.09  kl +0.004
upd   72  steps  149504  sps 1485  opp symm  loss +0.003  pg +0.0119  v 0.011  ev +0.93  adv_std 0.151  tR -0.33  ent[s/d/p/e] 1.47/2.21/1.26/0.54  emits 0.42  spf 59.1  z0 0.72  garr 67.7  tG 492  e2 0.09  nF 4.4  pS 0.29  ptS 0.28  fLog 0.59  pdΔ -0.2092  pkR 5.62  clip 0.07  kl +0.000
upd   73  steps  151552  sps 1496  opp symm  loss -0.014  pg -0.0023  v 0.006  ev +0.97  adv_std 0.105  tR -1.00  ent[s/d/p/e] 1.53/2.25/1.16/0.55  emits 0.44  spf 62.5  z0 0.73  garr 70.9  tG 542  e2 0.10  nF 4.3  pS 0.30  ptS 0.29  fLog 0.60  pdΔ -0.1968  pkR 5.88  clip 0.06  kl +0.002
upd   74  steps  153600  sps 1506  opp symm  loss -0.031  pg -0.0200  v 0.007  ev +0.96  adv_std 0.113  tR +0.00  ent[s/d/p/e] 1.62/2.33/1.18/0.55  emits 0.37  spf 73.0  z0 0.75  garr 76.5  tG 613  e2 0.07  nF 4.0  pS 0.31  ptS 0.31  fLog 0.63  pdΔ -0.1851  pkR 6.33  clip 0.06  kl +0.001
upd   75  steps  155648  sps 1517  opp symm  loss -0.026  pg -0.0153  v 0.008  ev +0.95  adv_std 0.123  tR -0.33  ent[s/d/p/e] 1.60/2.34/1.18/0.52  emits 0.38  spf 74.6  z0 0.74  garr 80.3  tG 644  e2 0.07  nF 3.6  pS 0.31  ptS 0.30  fLog 0.63  pdΔ -0.1926  pkR 6.12  clip 0.06  kl +0.004
upd   76  steps  157696  sps 1527  opp symm  loss -0.001  pg +0.0086  v 0.009  ev +0.94  adv_std 0.126  tR -0.67  ent[s/d/p/e] 1.60/2.27/1.15/0.53  emits 0.38  spf 81.8  z0 0.75  garr 84.9  tG 719  e2 0.08  nF 3.4  pS 0.31  ptS 0.31  fLog 0.63  pdΔ -0.1867  pkR 6.05  clip 0.09  kl +0.002
upd   77  steps  159744  sps 1537  opp symm  loss +0.002  pg +0.0136  v 0.006  ev +0.96  adv_std 0.107  tR -0.20  ent[s/d/p/e] 1.68/2.36/1.21/0.53  emits 0.40  spf 87.0  z0 0.73  garr 89.2  tG 751  e2 0.09  nF 3.5  pS 0.32  ptS 0.31  fLog 0.64  pdΔ -0.1802  pkR 6.52  clip 0.07  kl +0.002
upd   78  steps  161792  sps 1547  opp symm  loss -0.024  pg -0.0124  v 0.007  ev +0.96  adv_std 0.115  tR +0.33  ent[s/d/p/e] 1.64/2.36/1.28/0.52  emits 0.34  spf 94.0  z0 0.76  garr 82.4  tG 663  e2 0.07  nF 3.2  pS 0.31  ptS 0.29  fLog 0.66  pdΔ -0.1936  pkR 6.50  clip 0.07  kl +0.002
upd   79  steps  163840  sps 1557  opp symm  loss -0.016  pg -0.0062  v 0.010  ev +0.95  adv_std 0.137  tR +0.00  ent[s/d/p/e] 1.65/2.34/1.19/0.51  emits 0.35  spf 83.0  z0 0.75  garr 81.7  tG 672  e2 0.07  nF 3.3  pS 0.32  ptS 0.31  fLog 0.64  pdΔ -0.1798  pkR 4.91  clip 0.08  kl +0.002
upd   80  steps  165888  sps 1567  opp symm  loss +0.015  pg +0.0269  v 0.007  ev +0.97  adv_std 0.109  tR +0.60  ent[s/d/p/e] 1.61/2.33/1.25/0.53  emits 0.34  spf 84.2  z0 0.75  garr 90.0  tG 770  e2 0.07  nF 3.5  pS 0.33  ptS 0.32  fLog 0.64  pdΔ -0.1658  pkR 4.54  clip 0.07  kl -0.001
upd   81  steps  167936  sps 1577  opp symm  loss -0.036  pg -0.0262  v 0.009  ev +0.96  adv_std 0.128  tR -0.43  ent[s/d/p/e] 1.56/2.33/1.25/0.48  emits 0.31  spf 88.2  z0 0.77  garr 89.1  tG 747  e2 0.06  nF 3.2  pS 0.32  ptS 0.30  fLog 0.64  pdΔ -0.1835  pkR 5.18  clip 0.07  kl +0.002
upd   82  steps  169984  sps 1586  opp symm  loss -0.023  pg -0.0106  v 0.006  ev +0.98  adv_std 0.100  tR +0.33  ent[s/d/p/e] 1.59/2.37/1.31/0.52  emits 0.33  spf 94.7  z0 0.76  garr 93.6  tG 813  e2 0.06  nF 3.0  pS 0.32  ptS 0.31  fLog 0.66  pdΔ -0.1779  pkR 4.27  clip 0.08  kl +0.001
upd   83  steps  172032  sps 1596  opp symm  loss +0.014  pg +0.0222  v 0.014  ev +0.94  adv_std 0.166  tR -0.20  ent[s/d/p/e] 1.58/2.32/1.32/0.48  emits 0.31  spf 94.2  z0 0.78  garr 94.5  tG 839  e2 0.06  nF 3.0  pS 0.33  ptS 0.32  fLog 0.65  pdΔ -0.1703  pkR 5.69  clip 0.06  kl +0.002
upd   84  steps  174080  sps 1605  opp symm  loss +0.007  pg +0.0169  v 0.009  ev +0.96  adv_std 0.132  tR -1.00  ent[s/d/p/e] 1.51/2.32/1.35/0.47  emits 0.29  spf 92.1  z0 0.79  garr 95.3  tG 845  e2 0.05  nF 2.8  pS 0.32  ptS 0.31  fLog 0.65  pdΔ -0.1789  pkR 6.57  clip 0.09  kl +0.004
upd   85  steps  176128  sps 1614  opp symm  loss -0.067  pg -0.0565  v 0.008  ev +0.97  adv_std 0.121  tR -0.14  ent[s/d/p/e] 1.52/2.38/1.32/0.50  emits 0.29  spf 93.9  z0 0.79  garr 101.3  tG 949  e2 0.06  nF 2.6  pS 0.33  ptS 0.32  fLog 0.65  pdΔ -0.1660  pkR 6.61  clip 0.06  kl +0.002
upd   86  steps  178176  sps 1624  opp symm  loss +0.030  pg +0.0409  v 0.009  ev +0.96  adv_std 0.136  tR -1.00  ent[s/d/p/e] 1.57/2.34/1.31/0.49  emits 0.30  spf 103.0  z0 0.79  garr 108.6  tG 1019  e2 0.06  nF 2.8  pS 0.34  ptS 0.32  fLog 0.66  pdΔ -0.1625  pkR 7.41  clip 0.06  kl +0.002
upd   87  steps  180224  sps 1633  opp symm  loss -0.027  pg -0.0169  v 0.011  ev +0.95  adv_std 0.143  tR +0.00  ent[s/d/p/e] 1.65/2.42/1.34/0.48  emits 0.29  spf 118.0  z0 0.79  garr 115.5  tG 1107  e2 0.05  nF 2.6  pS 0.34  ptS 0.33  fLog 0.69  pdΔ -0.1576  pkR 8.57  clip 0.03  kl +0.001
upd   88  steps  182272  sps 1641  opp symm  loss +0.005  pg +0.0160  v 0.010  ev +0.96  adv_std 0.137  tR -0.33  ent[s/d/p/e] 1.66/2.41/1.40/0.48  emits 0.28  spf 116.4  z0 0.79  garr 105.3  tG 1003  e2 0.05  nF 2.7  pS 0.34  ptS 0.33  fLog 0.68  pdΔ -0.1623  pkR 5.16  clip 0.05  kl +0.002
upd   89  steps  184320  sps 1650  opp symm  loss +0.020  pg +0.0294  v 0.012  ev +0.95  adv_std 0.152  tR +0.00  ent[s/d/p/e] 1.67/2.38/1.43/0.46  emits 0.28  spf 120.8  z0 0.79  garr 106.5  tG 1027  e2 0.05  nF 2.5  pS 0.34  ptS 0.33  fLog 0.69  pdΔ -0.1628  pkR 5.43  clip 0.09  kl +0.004
upd   90  steps  186368  sps 1659  opp symm  loss -0.038  pg -0.0264  v 0.008  ev +0.97  adv_std 0.119  tR +0.20  ent[s/d/p/e] 1.69/2.38/1.43/0.49  emits 0.28  spf 128.9  z0 0.79  garr 102.6  tG 972  e2 0.05  nF 2.7  pS 0.33  ptS 0.32  fLog 0.69  pdΔ -0.1742  pkR 6.44  clip 0.05  kl +0.002
upd   91  steps  188416  sps 1668  opp symm  loss -0.019  pg -0.0079  v 0.008  ev +0.97  adv_std 0.131  tR +0.00  ent[s/d/p/e] 1.59/2.39/1.42/0.49  emits 0.25  spf 112.5  z0 0.81  garr 98.1  tG 900  e2 0.05  nF 2.4  pS 0.32  ptS 0.31  fLog 0.68  pdΔ -0.1840  pkR 8.28  clip 0.05  kl +0.003
upd   92  steps  190464  sps 1676  opp symm  loss -0.006  pg +0.0046  v 0.010  ev +0.96  adv_std 0.136  tR +1.00  ent[s/d/p/e] 1.54/2.33/1.47/0.47  emits 0.29  spf 103.9  z0 0.79  garr 93.1  tG 858  e2 0.05  nF 2.8  pS 0.31  ptS 0.30  fLog 0.67  pdΔ -0.1948  pkR 9.32  clip 0.06  kl +0.001
upd   93  steps  192512  sps 1684  opp symm  loss -0.045  pg -0.0346  v 0.011  ev +0.96  adv_std 0.141  tR +0.00  ent[s/d/p/e] 1.49/2.36/1.54/0.49  emits 0.27  spf 109.6  z0 0.80  garr 92.6  tG 860  e2 0.05  nF 2.5  pS 0.31  ptS 0.30  fLog 0.68  pdΔ -0.1949  pkR 10.12  clip 0.03  kl -0.001
upd   94  steps  194560  sps 1693  opp symm  loss -0.011  pg -0.0005  v 0.009  ev +0.97  adv_std 0.127  tR -0.33  ent[s/d/p/e] 1.49/2.33/1.39/0.48  emits 0.28  spf 97.9  z0 0.78  garr 81.6  tG 688  e2 0.04  nF 2.5  pS 0.30  ptS 0.30  fLog 0.67  pdΔ -0.1963  pkR 5.94  clip 0.06  kl +0.001
upd   95  steps  196608  sps 1701  opp symm  loss -0.024  pg -0.0147  v 0.013  ev +0.96  adv_std 0.147  tR +0.20  ent[s/d/p/e] 1.55/2.38/1.47/0.51  emits 0.29  spf 93.4  z0 0.79  garr 86.9  tG 748  e2 0.06  nF 2.5  pS 0.33  ptS 0.31  fLog 0.68  pdΔ -0.1733  pkR 5.80  clip 0.06  kl -0.000
upd   96  steps  198656  sps 1709  opp symm  loss -0.001  pg +0.0097  v 0.011  ev +0.96  adv_std 0.141  tR +0.20  ent[s/d/p/e] 1.52/2.42/1.45/0.46  emits 0.27  spf 94.5  z0 0.80  garr 91.5  tG 776  e2 0.06  nF 2.5  pS 0.32  ptS 0.31  fLog 0.68  pdΔ -0.1754  pkR 5.26  clip 0.07  kl +0.002
upd   97  steps  200704  sps 1717  opp symm  loss -0.062  pg -0.0503  v 0.009  ev +0.96  adv_std 0.132  tR +0.20  ent[s/d/p/e] 1.51/2.42/1.60/0.48  emits 0.25  spf 96.8  z0 0.81  garr 92.9  tG 788  e2 0.04  nF 2.5  pS 0.31  ptS 0.30  fLog 0.68  pdΔ -0.1905  pkR 5.54  clip 0.11  kl +0.002
upd   98  steps  202752  sps 1725  opp symm  loss -0.008  pg +0.0052  v 0.007  ev +0.97  adv_std 0.115  tR +0.33  ent[s/d/p/e] 1.62/2.47/1.54/0.46  emits 0.26  spf 108.0  z0 0.80  garr 99.5  tG 842  e2 0.04  nF 2.4  pS 0.33  ptS 0.32  fLog 0.69  pdΔ -0.1723  pkR 6.15  clip 0.06  kl +0.002
[eval_vs_v20] u99 tag=train_u99  bin0=0.0%  spf=30.55  garr=68.06  flip=7.69%  z0=77.1%  e8=0.4%  e2+=0.9%  WLD=0/3/0
upd   99  steps  204800  sps 1733  opp symm  loss -0.035  pg -0.0221  v 0.007  ev +0.97  adv_std 0.117  tR -0.50  ent[s/d/p/e] 1.63/2.46/1.58/0.49  emits 0.24  spf 104.8  z0 0.81  garr 103.1  tG 836  e2 0.04  nF 2.2  pS 0.32  ptS 0.31  fLog 0.69  pdΔ -0.1783  pkR 5.95  clip 0.07  kl +0.003 WRr 1.00 v20[spf 30.6 flip 7.7% e2+ 0.9%]
upd  100  steps  206848  sps 1004  opp symm  loss -0.009  pg +0.0021  v 0.010  ev +0.96  adv_std 0.136  tR -0.50  ent[s/d/p/e] 1.65/2.42/1.47/0.46  emits 0.27  spf 110.7  z0 0.81  garr 107.9  tG 897  e2 0.05  nF 2.2  pS 0.33  ptS 0.32  fLog 0.70  pdΔ -0.1692  pkR 5.83  clip 0.06  kl +0.002
upd  101  steps  208896  sps 1011  opp symm  loss +0.024  pg +0.0370  v 0.007  ev +0.97  adv_std 0.113  tR +0.20  ent[s/d/p/e] 1.67/2.45/1.55/0.45  emits 0.25  spf 123.1  z0 0.81  garr 107.3  tG 898  e2 0.05  nF 2.2  pS 0.33  ptS 0.32  fLog 0.72  pdΔ -0.1686  pkR 6.48  clip 0.06  kl +0.001
upd  102  steps  210944  sps 1017  opp symm  loss -0.033  pg -0.0203  v 0.006  ev +0.98  adv_std 0.095  tR +1.00  ent[s/d/p/e] 1.66/2.46/1.47/0.42  emits 0.22  spf 118.0  z0 0.83  garr 115.6  tG 938  e2 0.04  nF 1.8  pS 0.34  ptS 0.33  fLog 0.71  pdΔ -0.1563  pkR 4.64  clip 0.06  kl +0.001
upd  103  steps  212992  sps 1024  opp symm  loss -0.028  pg -0.0156  v 0.009  ev +0.96  adv_std 0.127  tR +0.00  ent[s/d/p/e] 1.70/2.50/1.53/0.46  emits 0.23  spf 127.1  z0 0.82  garr 123.4  tG 1019  e2 0.04  nF 1.7  pS 0.34  ptS 0.33  fLog 0.72  pdΔ -0.1606  pkR 4.76  clip 0.06  kl +0.002
upd  104  steps  215040  sps 1031  opp symm  loss -0.026  pg -0.0133  v 0.008  ev +0.97  adv_std 0.108  tR +1.00  ent[s/d/p/e] 1.73/2.48/1.64/0.45  emits 0.22  spf 150.7  z0 0.83  garr 132.3  tG 1100  e2 0.04  nF 1.9  pS 0.35  ptS 0.33  fLog 0.74  pdΔ -0.1550  pkR 4.82  clip 0.05  kl +0.000
upd  105  steps  217088  sps 1037  opp symm  loss -0.072  pg -0.0604  v 0.009  ev +0.96  adv_std 0.129  tR +0.00  ent[s/d/p/e] 1.63/2.48/1.62/0.46  emits 0.21  spf 143.8  z0 0.84  garr 137.0  tG 1126  e2 0.03  nF 1.9  pS 0.34  ptS 0.33  fLog 0.73  pdΔ -0.1560  pkR 4.96  clip 0.05  kl +0.002
upd  106  steps  219136  sps 1044  opp symm  loss -0.043  pg -0.0308  v 0.007  ev +0.97  adv_std 0.116  tR +0.14  ent[s/d/p/e] 1.49/2.41/1.60/0.48  emits 0.26  spf 130.9  z0 0.81  garr 126.3  tG 996  e2 0.05  nF 2.0  pS 0.33  ptS 0.31  fLog 0.72  pdΔ -0.1657  pkR 5.81  clip 0.05  kl +0.001
upd  107  steps  221184  sps 1050  opp symm  loss -0.003  pg +0.0082  v 0.010  ev +0.96  adv_std 0.133  tR +0.00  ent[s/d/p/e] 1.43/2.40/1.60/0.49  emits 0.26  spf 119.2  z0 0.80  garr 111.7  tG 849  e2 0.04  nF 2.1  pS 0.32  ptS 0.29  fLog 0.71  pdΔ -0.1833  pkR 5.86  clip 0.08  kl +0.004
upd  108  steps  223232  sps 1057  opp symm  loss -0.007  pg +0.0056  v 0.008  ev +0.96  adv_std 0.123  tR +0.11  ent[s/d/p/e] 1.49/2.46/1.69/0.39  emits 0.23  spf 126.8  z0 0.83  garr 108.3  tG 820  e2 0.04  nF 1.9  pS 0.31  ptS 0.30  fLog 0.71  pdΔ -0.1862  pkR 6.67  clip 0.14  kl +0.010
upd  109  steps  225280  sps 1063  opp symm  loss -0.005  pg +0.0068  v 0.009  ev +0.97  adv_std 0.118  tR +0.00  ent[s/d/p/e] 1.33/2.36/1.67/0.42  emits 0.18  spf 99.9  z0 0.85  garr 105.6  tG 767  e2 0.02  nF 1.8  pS 0.29  ptS 0.27  fLog 0.68  pdΔ -0.2104  pkR 6.35  clip 0.09  kl +0.001
upd  110  steps  227328  sps 1070  opp symm  loss -0.036  pg -0.0243  v 0.008  ev +0.97  adv_std 0.120  tR +1.00  ent[s/d/p/e] 1.41/2.48/1.69/0.43  emits 0.16  spf 110.6  z0 0.86  garr 120.8  tG 810  e2 0.02  nF 1.6  pS 0.29  ptS 0.27  fLog 0.70  pdΔ -0.2090  pkR 5.86  clip 0.07  kl +0.004
upd  111  steps  229376  sps 1076  opp symm  loss -0.049  pg -0.0380  v 0.010  ev +0.95  adv_std 0.141  tR -1.00  ent[s/d/p/e] 1.44/2.46/1.64/0.41  emits 0.20  spf 109.0  z0 0.84  garr 122.4  tG 858  e2 0.03  nF 1.7  pS 0.30  ptS 0.28  fLog 0.70  pdΔ -0.2015  pkR 5.26  clip 0.06  kl +0.004
upd  112  steps  231424  sps 1082  opp symm  loss +0.002  pg +0.0116  v 0.013  ev +0.94  adv_std 0.149  tR +0.60  ent[s/d/p/e] 1.43/2.42/1.64/0.44  emits 0.21  spf 114.7  z0 0.84  garr 121.2  tG 875  e2 0.03  nF 1.7  pS 0.31  ptS 0.29  fLog 0.70  pdΔ -0.1924  pkR 4.97  clip 0.04  kl +0.002
upd  113  steps  233472  sps 1089  opp symm  loss -0.011  pg +0.0006  v 0.009  ev +0.96  adv_std 0.132  tR +0.00  ent[s/d/p/e] 1.43/2.39/1.68/0.41  emits 0.21  spf 107.7  z0 0.83  garr 119.6  tG 903  e2 0.03  nF 1.6  pS 0.32  ptS 0.30  fLog 0.70  pdΔ -0.1823  pkR 4.68  clip 0.07  kl +0.003
upd  114  steps  235520  sps 1095  opp symm  loss -0.039  pg -0.0265  v 0.007  ev +0.97  adv_std 0.114  tR +0.20  ent[s/d/p/e] 1.44/2.41/1.69/0.43  emits 0.18  spf 110.7  z0 0.85  garr 134.7  tG 1021  e2 0.03  nF 1.6  pS 0.32  ptS 0.30  fLog 0.70  pdΔ -0.1763  pkR 4.00  clip 0.07  kl -0.001
upd  115  steps  237568  sps 1101  opp symm  loss +0.048  pg +0.0602  v 0.008  ev +0.96  adv_std 0.119  tR +1.00  ent[s/d/p/e] 1.49/2.43/1.69/0.38  emits 0.20  spf 126.7  z0 0.85  garr 139.4  tG 1066  e2 0.03  nF 1.6  pS 0.32  ptS 0.30  fLog 0.72  pdΔ -0.1778  pkR 4.42  clip 0.08  kl +0.005
upd  116  steps  239616  sps 1107  opp symm  loss -0.002  pg +0.0091  v 0.010  ev +0.95  adv_std 0.139  tR -0.14  ent[s/d/p/e] 1.45/2.40/1.66/0.39  emits 0.17  spf 122.3  z0 0.85  garr 140.7  tG 1056  e2 0.02  nF 1.5  pS 0.31  ptS 0.29  fLog 0.72  pdΔ -0.1876  pkR 4.61  clip 0.03  kl +0.001
upd  117  steps  241664  sps 1113  opp symm  loss +0.015  pg +0.0271  v 0.007  ev +0.96  adv_std 0.121  tR -1.00  ent[s/d/p/e] 1.41/2.39/1.63/0.41  emits 0.17  spf 136.9  z0 0.86  garr 151.0  tG 1132  e2 0.02  nF 1.3  pS 0.31  ptS 0.29  fLog 0.72  pdΔ -0.1885  pkR 3.61  clip 0.04  kl +0.001
upd  118  steps  243712  sps 1120  opp symm  loss +0.006  pg +0.0167  v 0.011  ev +0.94  adv_std 0.152  tR -1.00  ent[s/d/p/e] 1.57/2.48/1.63/0.43  emits 0.18  spf 155.0  z0 0.85  garr 162.0  tG 1249  e2 0.02  nF 1.5  pS 0.33  ptS 0.31  fLog 0.75  pdΔ -0.1704  pkR 3.26  clip 0.05  kl +0.005
upd  119  steps  245760  sps 1126  opp symm  loss -0.033  pg -0.0197  v 0.006  ev +0.97  adv_std 0.104  tR +1.00  ent[s/d/p/e] 1.61/2.50/1.67/0.41  emits 0.20  spf 161.0  z0 0.84  garr 162.8  tG 1275  e2 0.03  nF 1.6  pS 0.34  ptS 0.32  fLog 0.77  pdΔ -0.1605  pkR 4.00  clip 0.04  kl +0.002
upd  120  steps  247808  sps 1132  opp symm  loss -0.029  pg -0.0163  v 0.008  ev +0.97  adv_std 0.119  tR -0.50  ent[s/d/p/e] 1.64/2.48/1.65/0.44  emits 0.19  spf 149.0  z0 0.84  garr 164.7  tG 1320  e2 0.03  nF 1.5  pS 0.34  ptS 0.32  fLog 0.75  pdΔ -0.1590  pkR 3.60  clip 0.06  kl +0.001
upd  121  steps  249856  sps 1138  opp symm  loss +0.034  pg +0.0429  v 0.014  ev +0.94  adv_std 0.169  tR -1.00  ent[s/d/p/e] 1.69/2.49/1.62/0.39  emits 0.20  spf 153.5  z0 0.84  garr 161.3  tG 1326  e2 0.03  nF 1.6  pS 0.34  ptS 0.33  fLog 0.76  pdΔ -0.1553  pkR 3.67  clip 0.06  kl +0.001
upd  122  steps  251904  sps 1144  opp symm  loss +0.029  pg +0.0393  v 0.011  ev +0.95  adv_std 0.149  tR +0.43  ent[s/d/p/e] 1.55/2.44/1.53/0.39  emits 0.19  spf 144.1  z0 0.86  garr 144.0  tG 1207  e2 0.03  nF 1.4  pS 0.32  ptS 0.31  fLog 0.74  pdΔ -0.1752  pkR 4.22  clip 0.05  kl +0.001
upd  123  steps  253952  sps 1150  opp symm  loss -0.026  pg -0.0150  v 0.010  ev +0.95  adv_std 0.134  tR +0.33  ent[s/d/p/e] 1.44/2.40/1.62/0.44  emits 0.20  spf 123.4  z0 0.85  garr 138.5  tG 1172  e2 0.03  nF 1.6  pS 0.31  ptS 0.31  fLog 0.71  pdΔ -0.1853  pkR 4.76  clip 0.05  kl +0.003
upd  124  steps  256000  sps 1155  opp symm  loss +0.021  pg +0.0314  v 0.012  ev +0.94  adv_std 0.153  tR +0.00  ent[s/d/p/e] 1.50/2.41/1.62/0.41  emits 0.21  spf 137.8  z0 0.84  garr 132.9  tG 1112  e2 0.04  nF 1.6  pS 0.32  ptS 0.31  fLog 0.72  pdΔ -0.1817  pkR 5.44  clip 0.07  kl +0.002
upd  125  steps  258048  sps 1161  opp symm  loss -0.046  pg -0.0333  v 0.008  ev +0.96  adv_std 0.123  tR -0.20  ent[s/d/p/e] 1.48/2.46/1.67/0.42  emits 0.22  spf 124.9  z0 0.85  garr 122.4  tG 992  e2 0.04  nF 1.8  pS 0.31  ptS 0.30  fLog 0.72  pdΔ -0.1872  pkR 6.47  clip 0.06  kl +0.000
upd  126  steps  260096  sps 1167  opp symm  loss -0.061  pg -0.0500  v 0.011  ev +0.94  adv_std 0.147  tR +0.00  ent[s/d/p/e] 1.51/2.42/1.67/0.43  emits 0.21  spf 111.2  z0 0.84  garr 127.1  tG 1096  e2 0.04  nF 1.7  pS 0.34  ptS 0.32  fLog 0.71  pdΔ -0.1626  pkR 6.85  clip 0.05  kl +0.002
upd  127  steps  262144  sps 1173  opp symm  loss -0.010  pg +0.0017  v 0.008  ev +0.95  adv_std 0.133  tR +0.50  ent[s/d/p/e] 1.56/2.36/1.61/0.40  emits 0.19  spf 125.8  z0 0.85  garr 125.4  tG 1092  e2 0.03  nF 1.7  pS 0.33  ptS 0.32  fLog 0.72  pdΔ -0.1702  pkR 6.41  clip 0.05  kl +0.001
upd  128  steps  264192  sps 1179  opp symm  loss +0.035  pg +0.0462  v 0.010  ev +0.95  adv_std 0.136  tR +0.43  ent[s/d/p/e] 1.50/2.37/1.74/0.42  emits 0.19  spf 125.6  z0 0.85  garr 120.2  tG 984  e2 0.03  nF 1.6  pS 0.32  ptS 0.30  fLog 0.72  pdΔ -0.1849  pkR 4.82  clip 0.05  kl +0.000
upd  129  steps  266240  sps 1184  opp symm  loss -0.050  pg -0.0402  v 0.012  ev +0.95  adv_std 0.150  tR +1.00  ent[s/d/p/e] 1.56/2.42/1.58/0.45  emits 0.23  spf 131.5  z0 0.83  garr 122.2  tG 991  e2 0.04  nF 1.6  pS 0.32  ptS 0.31  fLog 0.73  pdΔ -0.1799  pkR 4.47  clip 0.10  kl +0.004
upd  130  steps  268288  sps 1190  opp symm  loss -0.053  pg -0.0428  v 0.011  ev +0.95  adv_std 0.145  tR -0.20  ent[s/d/p/e] 1.52/2.39/1.60/0.37  emits 0.17  spf 121.2  z0 0.86  garr 125.2  tG 1078  e2 0.03  nF 1.6  pS 0.34  ptS 0.33  fLog 0.72  pdΔ -0.1598  pkR 4.71  clip 0.08  kl +0.002
upd  131  steps  270336  sps 1196  opp symm  loss +0.009  pg +0.0176  v 0.014  ev +0.94  adv_std 0.165  tR +0.33  ent[s/d/p/e] 1.44/2.37/1.54/0.42  emits 0.21  spf 120.6  z0 0.84  garr 137.6  tG 1216  e2 0.03  nF 1.7  pS 0.35  ptS 0.33  fLog 0.72  pdΔ -0.1543  pkR 4.84  clip 0.07  kl +0.002
upd  132  steps  272384  sps 1201  opp symm  loss +0.028  pg +0.0355  v 0.015  ev +0.94  adv_std 0.175  tR +0.33  ent[s/d/p/e] 1.45/2.29/1.44/0.38  emits 0.19  spf 124.2  z0 0.85  garr 143.6  tG 1243  e2 0.03  nF 1.6  pS 0.34  ptS 0.33  fLog 0.71  pdΔ -0.1643  pkR 4.66  clip 0.07  kl +0.003
upd  133  steps  274432  sps 1207  opp symm  loss -0.023  pg -0.0115  v 0.008  ev +0.97  adv_std 0.124  tR -1.00  ent[s/d/p/e] 1.54/2.30/1.49/0.42  emits 0.19  spf 133.3  z0 0.85  garr 151.9  tG 1289  e2 0.03  nF 1.8  pS 0.33  ptS 0.32  fLog 0.72  pdΔ -0.1685  pkR 5.01  clip 0.06  kl +0.002
upd  134  steps  276480  sps 1213  opp symm  loss -0.020  pg -0.0087  v 0.007  ev +0.98  adv_std 0.122  tR +0.50  ent[s/d/p/e] 1.54/2.29/1.48/0.38  emits 0.17  spf 138.3  z0 0.85  garr 159.4  tG 1359  e2 0.02  nF 1.6  pS 0.34  ptS 0.33  fLog 0.73  pdΔ -0.1630  pkR 4.65  clip 0.03  kl +0.002
upd  135  steps  278528  sps 1218  opp symm  loss -0.028  pg -0.0157  v 0.007  ev +0.98  adv_std 0.112  tR +0.00  ent[s/d/p/e] 1.56/2.34/1.57/0.38  emits 0.17  spf 146.0  z0 0.86  garr 164.9  tG 1436  e2 0.02  nF 1.4  pS 0.35  ptS 0.34  fLog 0.75  pdΔ -0.1549  pkR 4.94  clip 0.07  kl +0.001
upd  136  steps  280576  sps 1224  opp symm  loss -0.028  pg -0.0183  v 0.012  ev +0.96  adv_std 0.150  tR -0.11  ent[s/d/p/e] 1.41/2.25/1.53/0.42  emits 0.19  spf 149.3  z0 0.85  garr 158.2  tG 1392  e2 0.03  nF 1.5  pS 0.33  ptS 0.32  fLog 0.72  pdΔ -0.1720  pkR 5.51  clip 0.05  kl +0.001
upd  137  steps  282624  sps 1229  opp symm  loss -0.010  pg +0.0004  v 0.008  ev +0.97  adv_std 0.127  tR +0.71  ent[s/d/p/e] 1.38/2.27/1.52/0.41  emits 0.20  spf 128.5  z0 0.84  garr 142.7  tG 1136  e2 0.03  nF 1.7  pS 0.30  ptS 0.29  fLog 0.71  pdΔ -0.2009  pkR 5.04  clip 0.05  kl +0.001
upd  138  steps  284672  sps 1234  opp symm  loss -0.027  pg -0.0173  v 0.010  ev +0.96  adv_std 0.137  tR -0.14  ent[s/d/p/e] 1.32/2.20/1.52/0.42  emits 0.20  spf 106.3  z0 0.85  garr 123.2  tG 924  e2 0.03  nF 1.6  pS 0.27  ptS 0.26  fLog 0.68  pdΔ -0.2255  pkR 5.25  clip 0.06  kl -0.000
upd  139  steps  286720  sps 1240  opp symm  loss +0.030  pg +0.0400  v 0.011  ev +0.95  adv_std 0.154  tR +0.50  ent[s/d/p/e] 1.46/2.29/1.50/0.43  emits 0.21  spf 114.3  z0 0.84  garr 124.0  tG 970  e2 0.04  nF 1.6  pS 0.30  ptS 0.28  fLog 0.71  pdΔ -0.2009  pkR 4.86  clip 0.05  kl +0.001
upd  140  steps  288768  sps 1245  opp symm  loss -0.076  pg -0.0657  v 0.010  ev +0.96  adv_std 0.139  tR +0.14  ent[s/d/p/e] 1.30/2.28/1.54/0.39  emits 0.19  spf 97.2  z0 0.85  garr 110.4  tG 792  e2 0.03  nF 1.8  pS 0.27  ptS 0.26  fLog 0.68  pdΔ -0.2333  pkR 5.12  clip 0.03  kl -0.000
upd  141  steps  290816  sps 1250  opp symm  loss -0.020  pg -0.0075  v 0.005  ev +0.98  adv_std 0.102  tR -1.00  ent[s/d/p/e] 1.40/2.27/1.54/0.41  emits 0.21  spf 98.0  z0 0.84  garr 117.4  tG 897  e2 0.03  nF 1.9  pS 0.29  ptS 0.28  fLog 0.68  pdΔ -0.2071  pkR 5.18  clip 0.04  kl +0.001
upd  142  steps  292864  sps 1256  opp symm  loss -0.048  pg -0.0391  v 0.013  ev +0.95  adv_std 0.159  tR +0.00  ent[s/d/p/e] 1.46/2.33/1.54/0.42  emits 0.20  spf 96.3  z0 0.84  garr 129.3  tG 1040  e2 0.03  nF 1.8  pS 0.32  ptS 0.31  fLog 0.68  pdΔ -0.1808  pkR 5.48  clip 0.03  kl +0.002
upd  143  steps  294912  sps 1261  opp symm  loss -0.026  pg -0.0173  v 0.012  ev +0.94  adv_std 0.153  tR +0.00  ent[s/d/p/e] 1.54/2.29/1.40/0.45  emits 0.21  spf 104.7  z0 0.83  garr 132.0  tG 1077  e2 0.04  nF 1.9  pS 0.33  ptS 0.31  fLog 0.69  pdΔ -0.1743  pkR 5.75  clip 0.06  kl +0.002
upd  144  steps  296960  sps 1266  opp symm  loss -0.036  pg -0.0238  v 0.006  ev +0.98  adv_std 0.102  tR +1.00  ent[s/d/p/e] 1.59/2.31/1.38/0.39  emits 0.20  spf 114.3  z0 0.84  garr 142.4  tG 1242  e2 0.03  nF 1.8  pS 0.36  ptS 0.33  fLog 0.70  pdΔ -0.1448  pkR 5.89  clip 0.06  kl +0.003
upd  145  steps  299008  sps 1272  opp symm  loss -0.028  pg -0.0168  v 0.007  ev +0.97  adv_std 0.117  tR +0.50  ent[s/d/p/e] 1.64/2.28/1.38/0.43  emits 0.19  spf 133.5  z0 0.85  garr 158.1  tG 1455  e2 0.03  nF 1.5  pS 0.37  ptS 0.35  fLog 0.74  pdΔ -0.1288  pkR 6.25  clip 0.05  kl +0.002
upd  146  steps  301056  sps 1277  opp symm  loss -0.014  pg -0.0026  v 0.008  ev +0.97  adv_std 0.118  tR -0.33  ent[s/d/p/e] 1.62/2.25/1.39/0.38  emits 0.20  spf 137.7  z0 0.85  garr 160.8  tG 1509  e2 0.04  nF 1.6  pS 0.36  ptS 0.35  fLog 0.73  pdΔ -0.1365  pkR 7.15  clip 0.10  kl +0.004
upd  147  steps  303104  sps 1282  opp symm  loss -0.040  pg -0.0307  v 0.013  ev +0.94  adv_std 0.165  tR +0.33  ent[s/d/p/e] 1.62/2.26/1.42/0.48  emits 0.21  spf 136.0  z0 0.84  garr 163.0  tG 1484  e2 0.04  nF 1.6  pS 0.37  ptS 0.35  fLog 0.73  pdΔ -0.1347  pkR 6.42  clip 0.18  kl +0.010
upd  148  steps  305152  sps 1287  opp symm  loss +0.004  pg +0.0146  v 0.008  ev +0.97  adv_std 0.124  tR +1.00  ent[s/d/p/e] 1.56/2.17/1.37/0.40  emits 0.20  spf 124.5  z0 0.84  garr 155.6  tG 1371  e2 0.03  nF 1.7  pS 0.35  ptS 0.34  fLog 0.72  pdΔ -0.1543  pkR 4.63  clip 0.07  kl +0.002
upd  149  steps  307200  sps 1292  opp symm  loss +0.015  pg +0.0257  v 0.008  ev +0.97  adv_std 0.125  tR -0.50  ent[s/d/p/e] 1.59/2.21/1.28/0.45  emits 0.22  spf 133.8  z0 0.83  garr 166.0  tG 1431  e2 0.03  nF 1.8  pS 0.35  ptS 0.34  fLog 0.72  pdΔ -0.1538  pkR 3.98  clip 0.08  kl +0.002
upd  150  steps  309248  sps 1297  opp symm  loss -0.027  pg -0.0209  v 0.016  ev +0.93  adv_std 0.179  tR +0.00  ent[s/d/p/e] 1.56/2.16/1.29/0.40  emits 0.21  spf 127.3  z0 0.84  garr 172.3  tG 1553  e2 0.03  nF 1.8  pS 0.36  ptS 0.35  fLog 0.71  pdΔ -0.1440  pkR 4.15  clip 0.07  kl +0.004
upd  151  steps  311296  sps 1302  opp symm  loss +0.033  pg +0.0432  v 0.008  ev +0.97  adv_std 0.128  tR -0.33  ent[s/d/p/e] 1.69/2.20/1.29/0.39  emits 0.21  spf 142.8  z0 0.84  garr 181.9  tG 1718  e2 0.03  nF 1.6  pS 0.37  ptS 0.37  fLog 0.73  pdΔ -0.1252  pkR 4.34  clip 0.08  kl +0.006
upd  152  steps  313344  sps 1307  opp symm  loss +0.026  pg +0.0331  v 0.013  ev +0.93  adv_std 0.160  tR +0.14  ent[s/d/p/e] 1.52/2.19/1.25/0.38  emits 0.15  spf 139.6  z0 0.88  garr 168.1  tG 1544  e2 0.02  nF 1.4  pS 0.34  ptS 0.33  fLog 0.72  pdΔ -0.1576  pkR 4.68  clip 0.05  kl +0.001
upd  153  steps  315392  sps 1312  opp symm  loss -0.012  pg -0.0053  v 0.014  ev +0.93  adv_std 0.171  tR -0.25  ent[s/d/p/e] 1.43/2.26/1.28/0.34  emits 0.16  spf 140.3  z0 0.86  garr 156.9  tG 1405  e2 0.02  nF 1.4  pS 0.32  ptS 0.31  fLog 0.72  pdΔ -0.1835  pkR 4.57  clip 0.11  kl +0.004
upd  154  steps  317440  sps 1317  opp symm  loss +0.018  pg +0.0289  v 0.007  ev +0.97  adv_std 0.116  tR +0.33  ent[s/d/p/e] 1.41/2.26/1.34/0.38  emits 0.17  spf 145.6  z0 0.86  garr 148.9  tG 1301  e2 0.03  nF 1.4  pS 0.32  ptS 0.31  fLog 0.74  pdΔ -0.1822  pkR 4.84  clip 0.04  kl +0.001
upd  155  steps  319488  sps 1322  opp symm  loss -0.039  pg -0.0285  v 0.007  ev +0.97  adv_std 0.112  tR +0.33  ent[s/d/p/e] 1.35/2.28/1.29/0.34  emits 0.15  spf 142.7  z0 0.87  garr 148.7  tG 1259  e2 0.02  nF 1.4  pS 0.32  ptS 0.30  fLog 0.73  pdΔ -0.1797  pkR 4.90  clip 0.05  kl +0.001
upd  156  steps  321536  sps 1327  opp symm  loss -0.034  pg -0.0236  v 0.006  ev +0.97  adv_std 0.115  tR +0.33  ent[s/d/p/e] 1.35/2.33/1.31/0.37  emits 0.15  spf 120.8  z0 0.87  garr 149.6  tG 1208  e2 0.02  nF 1.2  pS 0.31  ptS 0.29  fLog 0.72  pdΔ -0.1930  pkR 5.35  clip 0.07  kl +0.002
upd  157  steps  323584  sps 1332  opp symm  loss -0.033  pg -0.0251  v 0.013  ev +0.95  adv_std 0.157  tR -0.33  ent[s/d/p/e] 1.44/2.28/1.31/0.30  emits 0.15  spf 155.9  z0 0.88  garr 162.5  tG 1321  e2 0.02  nF 1.3  pS 0.32  ptS 0.30  fLog 0.75  pdΔ -0.1839  pkR 6.38  clip 0.10  kl +0.008
upd  158  steps  325632  sps 1337  opp symm  loss -0.050  pg -0.0411  v 0.011  ev +0.95  adv_std 0.146  tR +0.00  ent[s/d/p/e] 1.43/2.35/1.38/0.33  emits 0.13  spf 151.3  z0 0.89  garr 165.1  tG 1350  e2 0.02  nF 1.2  pS 0.32  ptS 0.30  fLog 0.74  pdΔ -0.1847  pkR 7.62  clip 0.04  kl -0.001
upd  159  steps  327680  sps 1342  opp symm  loss -0.029  pg -0.0196  v 0.011  ev +0.94  adv_std 0.145  tR +1.00  ent[s/d/p/e] 1.61/2.42/1.30/0.31  emits 0.13  spf 157.6  z0 0.89  garr 168.7  tG 1437  e2 0.02  nF 1.2  pS 0.32  ptS 0.31  fLog 0.76  pdΔ -0.1799  pkR 7.87  clip 0.04  kl +0.002
upd  160  steps  329728  sps 1347  opp symm  loss -0.066  pg -0.0584  v 0.014  ev +0.94  adv_std 0.170  tR +1.00  ent[s/d/p/e] 1.53/2.44/1.27/0.36  emits 0.11  spf 165.2  z0 0.90  garr 189.6  tG 1572  e2 0.01  nF 1.0  pS 0.33  ptS 0.31  fLog 0.76  pdΔ -0.1750  pkR 7.87  clip 0.05  kl +0.002
upd  161  steps  331776  sps 1351  opp symm  loss +0.010  pg +0.0208  v 0.008  ev +0.96  adv_std 0.126  tR +0.20  ent[s/d/p/e] 1.52/2.41/1.35/0.35  emits 0.13  spf 176.1  z0 0.89  garr 193.4  tG 1588  e2 0.02  nF 1.0  pS 0.33  ptS 0.32  fLog 0.77  pdΔ -0.1683  pkR 4.24  clip 0.02  kl +0.001
upd  162  steps  333824  sps 1356  opp symm  loss +0.003  pg +0.0108  v 0.013  ev +0.95  adv_std 0.164  tR +0.33  ent[s/d/p/e] 1.57/2.32/1.29/0.32  emits 0.13  spf 151.7  z0 0.89  garr 189.2  tG 1568  e2 0.02  nF 1.1  pS 0.33  ptS 0.33  fLog 0.76  pdΔ -0.1659  pkR 3.88  clip 0.04  kl +0.002
upd  163  steps  335872  sps 1361  opp symm  loss -0.043  pg -0.0323  v 0.007  ev +0.98  adv_std 0.116  tR +1.00  ent[s/d/p/e] 1.55/2.21/1.27/0.32  emits 0.11  spf 160.2  z0 0.91  garr 189.5  tG 1545  e2 0.01  nF 0.9  pS 0.33  ptS 0.32  fLog 0.76  pdΔ -0.1742  pkR 4.59  clip 0.03  kl -0.000
upd  164  steps  337920  sps 1366  opp symm  loss -0.054  pg -0.0426  v 0.005  ev +0.99  adv_std 0.100  tR +0.00  ent[s/d/p/e] 1.57/2.17/1.24/0.33  emits 0.14  spf 150.6  z0 0.89  garr 192.9  tG 1553  e2 0.02  nF 1.1  pS 0.32  ptS 0.31  fLog 0.75  pdΔ -0.1828  pkR 5.16  clip 0.03  kl +0.002
upd  165  steps  339968  sps 1370  opp symm  loss -0.028  pg -0.0169  v 0.005  ev +0.99  adv_std 0.088  tR +0.71  ent[s/d/p/e] 1.39/2.14/1.24/0.29  emits 0.11  spf 141.1  z0 0.91  garr 179.6  tG 1331  e2 0.02  nF 1.0  pS 0.28  ptS 0.28  fLog 0.73  pdΔ -0.2193  pkR 5.52  clip 0.05  kl +0.000
upd  166  steps  342016  sps 1375  opp symm  loss +0.033  pg +0.0426  v 0.007  ev +0.98  adv_std 0.118  tR -1.00  ent[s/d/p/e] 1.32/2.06/1.15/0.35  emits 0.12  spf 122.9  z0 0.90  garr 190.3  tG 1355  e2 0.02  nF 1.0  pS 0.28  ptS 0.27  fLog 0.71  pdΔ -0.2208  pkR 4.78  clip 0.08  kl +0.003
upd  167  steps  344064  sps 1380  opp symm  loss -0.082  pg -0.0738  v 0.009  ev +0.97  adv_std 0.139  tR -0.71  ent[s/d/p/e] 1.32/2.13/1.24/0.28  emits 0.11  spf 139.2  z0 0.91  garr 204.5  tG 1511  e2 0.02  nF 1.0  pS 0.29  ptS 0.29  fLog 0.73  pdΔ -0.2077  pkR 4.88  clip 0.07  kl +0.006
upd  168  steps  346112  sps 1384  opp symm  loss +0.016  pg +0.0263  v 0.005  ev +0.98  adv_std 0.098  tR -0.11  ent[s/d/p/e] 1.30/2.13/1.30/0.31  emits 0.12  spf 148.5  z0 0.90  garr 189.3  tG 1404  e2 0.02  nF 0.9  pS 0.28  ptS 0.27  fLog 0.75  pdΔ -0.2189  pkR 5.85  clip 0.04  kl -0.000
upd  169  steps  348160  sps 1389  opp symm  loss -0.011  pg -0.0012  v 0.006  ev +0.98  adv_std 0.104  tR +0.71  ent[s/d/p/e] 1.37/2.08/1.24/0.27  emits 0.10  spf 146.0  z0 0.91  garr 168.7  tG 1211  e2 0.01  nF 0.9  pS 0.27  ptS 0.27  fLog 0.74  pdΔ -0.2316  pkR 4.91  clip 0.04  kl +0.000
upd  170  steps  350208  sps 1393  opp symm  loss -0.001  pg +0.0078  v 0.007  ev +0.97  adv_std 0.125  tR -1.00  ent[s/d/p/e] 1.15/1.98/1.22/0.30  emits 0.10  spf 121.4  z0 0.91  garr 177.2  tG 1179  e2 0.01  nF 0.8  pS 0.25  ptS 0.25  fLog 0.72  pdΔ -0.2465  pkR 5.15  clip 0.04  kl +0.001
upd  171  steps  352256  sps 1398  opp symm  loss -0.085  pg -0.0792  v 0.013  ev +0.94  adv_std 0.161  tR +0.00  ent[s/d/p/e] 1.33/1.87/1.17/0.32  emits 0.12  spf 123.1  z0 0.90  garr 182.1  tG 1230  e2 0.02  nF 0.9  pS 0.26  ptS 0.26  fLog 0.73  pdΔ -0.2375  pkR 5.11  clip 0.05  kl -0.000
upd  172  steps  354304  sps 1403  opp symm  loss -0.053  pg -0.0453  v 0.009  ev +0.96  adv_std 0.140  tR +1.00  ent[s/d/p/e] 1.36/1.97/1.17/0.30  emits 0.12  spf 122.7  z0 0.90  garr 200.9  tG 1376  e2 0.02  nF 1.0  pS 0.28  ptS 0.27  fLog 0.72  pdΔ -0.2222  pkR 4.92  clip 0.04  kl +0.001
upd  173  steps  356352  sps 1407  opp symm  loss -0.024  pg -0.0131  v 0.005  ev +0.98  adv_std 0.095  tR +0.33  ent[s/d/p/e] 1.50/2.08/1.21/0.34  emits 0.12  spf 157.4  z0 0.90  garr 218.5  tG 1529  e2 0.01  nF 0.9  pS 0.29  ptS 0.28  fLog 0.75  pdΔ -0.2127  pkR 4.83  clip 0.05  kl +0.002
upd  174  steps  358400  sps 1412  opp symm  loss -0.031  pg -0.0212  v 0.005  ev +0.98  adv_std 0.100  tR +0.20  ent[s/d/p/e] 1.38/2.13/1.09/0.31  emits 0.12  spf 149.8  z0 0.90  garr 223.9  tG 1601  e2 0.01  nF 0.9  pS 0.29  ptS 0.29  fLog 0.74  pdΔ -0.2067  pkR 4.80  clip 0.04  kl +0.001
upd  175  steps  360448  sps 1416  opp symm  loss -0.033  pg -0.0241  v 0.007  ev +0.98  adv_std 0.119  tR +1.00  ent[s/d/p/e] 1.39/2.02/1.13/0.31  emits 0.10  spf 168.4  z0 0.91  garr 233.8  tG 1630  e2 0.01  nF 0.8  pS 0.29  ptS 0.28  fLog 0.76  pdΔ -0.2059  pkR 4.16  clip 0.02  kl +0.001
upd  176  steps  362496  sps 1420  opp symm  loss -0.072  pg -0.0615  v 0.004  ev +0.99  adv_std 0.083  tR -0.33  ent[s/d/p/e] 1.45/1.98/1.21/0.32  emits 0.13  spf 171.9  z0 0.90  garr 262.0  tG 1856  e2 0.02  nF 0.8  pS 0.31  ptS 0.29  fLog 0.76  pdΔ -0.1897  pkR 4.12  clip 0.04  kl +0.001
upd  177  steps  364544  sps 1425  opp symm  loss -0.043  pg -0.0327  v 0.006  ev +0.98  adv_std 0.107  tR +0.00  ent[s/d/p/e] 1.46/2.17/1.29/0.28  emits 0.12  spf 178.5  z0 0.90  garr 260.1  tG 1845  e2 0.02  nF 0.8  pS 0.31  ptS 0.29  fLog 0.78  pdΔ -0.1943  pkR 4.07  clip 0.06  kl +0.003
upd  178  steps  366592  sps 1429  opp symm  loss +0.017  pg +0.0276  v 0.007  ev +0.98  adv_std 0.115  tR +1.00  ent[s/d/p/e] 1.45/2.11/1.37/0.31  emits 0.11  spf 170.7  z0 0.90  garr 278.4  tG 1987  e2 0.01  nF 0.8  pS 0.31  ptS 0.29  fLog 0.76  pdΔ -0.1928  pkR 4.11  clip 0.03  kl +0.002
upd  179  steps  368640  sps 1434  opp symm  loss -0.051  pg -0.0396  v 0.005  ev +0.98  adv_std 0.095  tR +0.00  ent[s/d/p/e] 1.53/2.00/1.34/0.28  emits 0.11  spf 168.9  z0 0.91  garr 269.1  tG 1825  e2 0.01  nF 0.9  pS 0.29  ptS 0.27  fLog 0.76  pdΔ -0.2128  pkR 4.72  clip 0.02  kl +0.001
upd  180  steps  370688  sps 1438  opp symm  loss -0.039  pg -0.0302  v 0.009  ev +0.97  adv_std 0.134  tR -0.43  ent[s/d/p/e] 1.39/1.97/1.40/0.32  emits 0.11  spf 176.7  z0 0.91  garr 268.1  tG 1911  e2 0.01  nF 0.8  pS 0.29  ptS 0.28  fLog 0.75  pdΔ -0.2056  pkR 5.46  clip 0.04  kl +0.002
upd  181  steps  372736  sps 1442  opp symm  loss -0.030  pg -0.0239  v 0.016  ev +0.93  adv_std 0.176  tR +0.00  ent[s/d/p/e] 1.38/1.94/1.40/0.31  emits 0.14  spf 179.3  z0 0.88  garr 245.7  tG 1847  e2 0.02  nF 1.0  pS 0.29  ptS 0.28  fLog 0.76  pdΔ -0.2066  pkR 6.37  clip 0.04  kl +0.002
upd  182  steps  374784  sps 1447  opp symm  loss -0.009  pg -0.0032  v 0.015  ev +0.94  adv_std 0.172  tR +0.33  ent[s/d/p/e] 1.34/1.95/1.38/0.32  emits 0.12  spf 144.1  z0 0.90  garr 252.7  tG 1881  e2 0.02  nF 0.9  pS 0.29  ptS 0.28  fLog 0.72  pdΔ -0.2059  pkR 6.75  clip 0.03  kl +0.001