
=== [2026-06-10T17:17:34Z] v14d_binary_v2_a_p0i0_ORBITWARS_SHAPING_CAPTURE_0.06_14e6720f43 phase=a kind=probe chunk=400 env={"ORBITWARS_SHAPING_HOLD_BONUS": 0.004, "ORBITWARS_SHAPING_CAPTURE": 0.06, "ORBITWARS_SHAPING_RELEASE": 0.0075, "ORBITWARS_SHAPING_RELEASE_K": 17.0, "ORBITWARS_SHAPING_PROD_SHARE_DELTA": 0.025, "ORBITWARS_SHAPING_ONE_SHIP_PENALTY": 0.025} ppo={"ent_coef_emit": 0.004, "lr_peak": 4e-05} ===
[reward] kaggle-aligned: terminal +1 win/+1 tie>0/-1 loss/-1 double-wipeout; is_terminal at step >= episode_steps-2; SHAPING_SCALE=0.0; v1: KEEP_HOME=0.0 FLEET_SIZE=0.0/norm20.0; v2 (expert-replay calibrated): PROD_SHARE=0.0 PLANET_SHARE=0.0 FLEET_LOG=0.0/ref500.0/floor0.3; v3 (top10-2630ep calibrated): PROD_SHARE_DELTA=0.025 EMIT_LOG=0.0 EMIT_GATED=0.0 RELEASE=0.0075/K17.0 CAPTURE=0.06; episode_steps=500 (kaggle=500, mismatch=False)
[symmetric] Frog Parade style: same params drive BOTH players, no frozen/strong/buffer opponents, zero_sum_value=True
upd    0  steps    2048  sps 38  opp symm  loss +0.079  pg +0.0878  v 0.002  ev +0.12  adv_std 0.067  tR +0.00  ent[s/d/p/e] 0.35/1.33/1.39/0.39  emits 0.35  spf 15.4  z0 0.73  garr 17.0  tG 24  e2 0.06  nF 2.3  pS 0.07  ptS 0.07  fLog 0.42  pdΔ -0.4289  pkR 5.48  clip 0.01  kl +0.001
upd    1  steps    4096  sps 75  opp symm  loss +0.065  pg +0.0742  v 0.004  ev +0.18  adv_std 0.092  tR +0.00  ent[s/d/p/e] 0.78/1.40/1.25/0.54  emits 0.59  spf 17.7  z0 0.63  garr 20.8  tG 58  e2 0.13  nF 6.7  pS 0.12  ptS 0.12  fLog 0.42  pdΔ -0.3777  pkR 6.83  clip 0.16  kl +0.008
upd    2  steps    6144  sps 111  opp symm  loss +0.066  pg +0.0777  v 0.003  ev +0.37  adv_std 0.075  tR +0.00  ent[s/d/p/e] 1.10/1.65/1.23/0.58  emits 0.68  spf 22.9  z0 0.60  garr 30.1  tG 140  e2 0.17  nF 9.3  pS 0.18  ptS 0.17  fLog 0.43  pdΔ -0.3194  pkR 6.47  clip 0.08  kl +0.002
upd    3  steps    8192  sps 146  opp symm  loss +0.068  pg +0.0803  v 0.003  ev +0.27  adv_std 0.082  tR -1.00  ent[s/d/p/e] 1.37/1.89/1.24/0.59  emits 0.67  spf 32.7  z0 0.61  garr 43.4  tG 265  e2 0.16  nF 9.4  pS 0.24  ptS 0.23  fLog 0.47  pdΔ -0.2563  pkR 5.24  clip 0.26  kl +0.005
upd    4  steps   10240  sps 180  opp symm  loss +0.063  pg +0.0758  v 0.002  ev +0.69  adv_std 0.065  tR +0.00  ent[s/d/p/e] 1.46/1.95/1.24/0.60  emits 0.65  spf 40.0  z0 0.62  garr 58.2  tG 427  e2 0.16  nF 8.8  pS 0.29  ptS 0.27  fLog 0.49  pdΔ -0.2121  pkR 5.31  clip 0.18  kl +0.004
upd    5  steps   12288  sps 214  opp symm  loss -0.003  pg +0.0090  v 0.005  ev +0.56  adv_std 0.103  tR -1.00  ent[s/d/p/e] 1.53/1.93/1.22/0.61  emits 0.73  spf 44.9  z0 0.58  garr 72.0  tG 569  e2 0.18  nF 9.0  pS 0.32  ptS 0.30  fLog 0.49  pdΔ -0.1795  pkR 5.55  clip 0.26  kl +0.011
upd    6  steps   14336  sps 246  opp symm  loss +0.071  pg +0.0848  v 0.002  ev +0.78  adv_std 0.060  tR +0.00  ent[s/d/p/e] 1.76/2.15/1.21/0.62  emits 0.85  spf 51.4  z0 0.55  garr 69.0  tG 607  e2 0.21  nF 10.3  pS 0.35  ptS 0.34  fLog 0.53  pdΔ -0.1466  pkR 5.15  clip 0.24  kl +0.013
upd    7  steps   16384  sps 279  opp symm  loss +0.017  pg +0.0304  v 0.004  ev +0.79  adv_std 0.087  tR +0.33  ent[s/d/p/e] 1.73/2.13/1.21/0.61  emits 0.75  spf 51.5  z0 0.59  garr 66.9  tG 616  e2 0.19  nF 9.4  pS 0.35  ptS 0.34  fLog 0.53  pdΔ -0.1457  pkR 5.57  clip 0.17  kl +0.005
upd    8  steps   18432  sps 310  opp symm  loss -0.006  pg +0.0061  v 0.004  ev +0.83  adv_std 0.090  tR -0.33  ent[s/d/p/e] 1.72/2.04/1.17/0.62  emits 0.66  spf 52.5  z0 0.61  garr 70.7  tG 688  e2 0.16  nF 9.0  pS 0.35  ptS 0.35  fLog 0.52  pdΔ -0.1457  pkR 4.15  clip 0.28  kl +0.006
upd    9  steps   20480  sps 341  opp symm  loss +0.000  pg +0.0134  v 0.004  ev +0.86  adv_std 0.091  tR -0.33  ent[s/d/p/e] 1.77/2.10/1.24/0.62  emits 0.68  spf 63.2  z0 0.61  garr 76.0  tG 754  e2 0.16  nF 8.9  pS 0.37  ptS 0.37  fLog 0.54  pdΔ -0.1307  pkR 4.61  clip 0.21  kl +0.008
upd   10  steps   22528  sps 371  opp symm  loss -0.040  pg -0.0255  v 0.002  ev +0.92  adv_std 0.059  tR -1.00  ent[s/d/p/e] 1.90/2.25/1.19/0.61  emits 0.57  spf 68.1  z0 0.65  garr 82.0  tG 806  e2 0.13  nF 8.2  pS 0.37  ptS 0.37  fLog 0.58  pdΔ -0.1302  pkR 5.02  clip 0.11  kl +0.003
upd   11  steps   24576  sps 400  opp symm  loss -0.132  pg -0.1181  v 0.003  ev +0.92  adv_std 0.082  tR -1.00  ent[s/d/p/e] 1.93/2.25/1.21/0.62  emits 0.58  spf 75.4  z0 0.64  garr 87.8  tG 866  e2 0.13  nF 6.5  pS 0.39  ptS 0.38  fLog 0.60  pdΔ -0.1135  pkR 4.34  clip 0.16  kl +0.008
upd   12  steps   26624  sps 429  opp symm  loss -0.000  pg +0.0140  v 0.003  ev +0.94  adv_std 0.070  tR -1.00  ent[s/d/p/e] 1.91/2.25/1.22/0.60  emits 0.55  spf 75.9  z0 0.66  garr 95.7  tG 957  e2 0.13  nF 5.6  pS 0.40  ptS 0.39  fLog 0.60  pdΔ -0.0978  pkR 4.14  clip 0.15  kl +0.007
upd   13  steps   28672  sps 457  opp symm  loss +0.041  pg +0.0559  v 0.002  ev +0.96  adv_std 0.063  tR +1.00  ent[s/d/p/e] 1.94/2.26/1.25/0.63  emits 0.71  spf 76.5  z0 0.60  garr 90.9  tG 932  e2 0.17  nF 6.5  pS 0.42  ptS 0.41  fLog 0.59  pdΔ -0.0793  pkR 4.27  clip 0.19  kl +0.006
upd   14  steps   30720  sps 485  opp symm  loss +0.011  pg +0.0253  v 0.003  ev +0.96  adv_std 0.074  tR +1.00  ent[s/d/p/e] 1.90/2.23/1.23/0.63  emits 0.66  spf 78.2  z0 0.62  garr 87.5  tG 899  e2 0.15  nF 6.7  pS 0.41  ptS 0.41  fLog 0.60  pdΔ -0.0858  pkR 4.08  clip 0.13  kl +0.004
upd   15  steps   32768  sps 512  opp symm  loss -0.024  pg -0.0316  v 0.046  ev +0.69  adv_std 0.328  tR -0.07  ent[s/d/p/e] 1.84/2.30/1.26/0.55  emits 0.49  spf 74.0  z0 0.70  garr 65.2  tG 620  e2 0.11  nF 4.6  pS 0.31  ptS 0.31  fLog 0.60  pdΔ -0.1883  pkR 6.31  clip 0.10  kl +0.001
upd   16  steps   34816  sps 539  opp symm  loss +0.035  pg +0.0473  v 0.005  ev +0.89  adv_std 0.097  tR +0.00  ent[s/d/p/e] 1.48/2.19/1.40/0.50  emits 0.39  spf 53.8  z0 0.75  garr 45.7  tG 291  e2 0.08  nF 3.4  pS 0.21  ptS 0.20  fLog 0.57  pdΔ -0.2881  pkR 8.21  clip 0.10  kl +0.005
upd   17  steps   36864  sps 565  opp symm  loss +0.003  pg +0.0150  v 0.006  ev +0.92  adv_std 0.113  tR +0.00  ent[s/d/p/e] 1.50/2.12/1.31/0.54  emits 0.44  spf 49.7  z0 0.71  garr 48.4  tG 366  e2 0.09  nF 5.0  pS 0.25  ptS 0.24  fLog 0.55  pdΔ -0.2453  pkR 7.18  clip 0.13  kl +0.003
upd   18  steps   38912  sps 590  opp symm  loss +0.015  pg +0.0254  v 0.009  ev +0.92  adv_std 0.134  tR +0.00  ent[s/d/p/e] 1.57/2.15/1.31/0.57  emits 0.45  spf 54.4  z0 0.69  garr 58.2  tG 483  e2 0.10  nF 5.2  pS 0.30  ptS 0.29  fLog 0.56  pdΔ -0.2004  pkR 6.56  clip 0.09  kl +0.000
upd   19  steps   40960  sps 615  opp symm  loss +0.017  pg +0.0291  v 0.007  ev +0.95  adv_std 0.115  tR +1.00  ent[s/d/p/e] 1.61/2.22/1.36/0.55  emits 0.41  spf 70.0  z0 0.72  garr 71.2  tG 610  e2 0.09  nF 4.5  pS 0.32  ptS 0.31  fLog 0.60  pdΔ -0.1787  pkR 6.64  clip 0.09  kl +0.002
upd   20  steps   43008  sps 640  opp symm  loss -0.008  pg +0.0026  v 0.009  ev +0.94  adv_std 0.133  tR +0.00  ent[s/d/p/e] 1.59/2.21/1.33/0.58  emits 0.42  spf 72.9  z0 0.71  garr 75.9  tG 678  e2 0.09  nF 4.7  pS 0.33  ptS 0.32  fLog 0.60  pdΔ -0.1651  pkR 6.17  clip 0.10  kl +0.003
upd   21  steps   45056  sps 664  opp symm  loss -0.015  pg -0.0024  v 0.006  ev +0.97  adv_std 0.106  tR +1.00  ent[s/d/p/e] 1.70/2.28/1.33/0.56  emits 0.39  spf 84.7  z0 0.73  garr 84.2  tG 776  e2 0.08  nF 4.3  pS 0.35  ptS 0.34  fLog 0.64  pdΔ -0.1458  pkR 5.41  clip 0.09  kl +0.002
upd   22  steps   47104  sps 688  opp symm  loss +0.001  pg +0.0134  v 0.007  ev +0.97  adv_std 0.109  tR +0.33  ent[s/d/p/e] 1.75/2.35/1.38/0.56  emits 0.38  spf 85.6  z0 0.72  garr 96.8  tG 900  e2 0.07  nF 3.6  pS 0.37  ptS 0.35  fLog 0.64  pdΔ -0.1282  pkR 5.89  clip 0.12  kl +0.004
upd   23  steps   49152  sps 711  opp symm  loss -0.001  pg +0.0122  v 0.005  ev +0.97  adv_std 0.098  tR +0.60  ent[s/d/p/e] 1.76/2.38/1.34/0.52  emits 0.31  spf 89.4  z0 0.77  garr 102.8  tG 926  e2 0.06  nF 3.2  pS 0.37  ptS 0.35  fLog 0.65  pdΔ -0.1334  pkR 5.69  clip 0.08  kl +0.002
upd   24  steps   51200  sps 733  opp symm  loss -0.055  pg -0.0425  v 0.006  ev +0.96  adv_std 0.104  tR +0.00  ent[s/d/p/e] 1.74/2.39/1.35/0.56  emits 0.33  spf 97.6  z0 0.76  garr 108.0  tG 952  e2 0.06  nF 3.0  pS 0.35  ptS 0.34  fLog 0.66  pdΔ -0.1462  pkR 4.09  clip 0.08  kl +0.005
upd   25  steps   53248  sps 756  opp symm  loss -0.008  pg +0.0047  v 0.006  ev +0.96  adv_std 0.105  tR +1.00  ent[s/d/p/e] 1.84/2.47/1.35/0.56  emits 0.38  spf 111.7  z0 0.74  garr 110.7  tG 1008  e2 0.08  nF 2.9  pS 0.36  ptS 0.35  fLog 0.68  pdΔ -0.1396  pkR 4.45  clip 0.08  kl +0.004
upd   26  steps   55296  sps 778  opp symm  loss +0.002  pg +0.0143  v 0.007  ev +0.95  adv_std 0.111  tR +0.50  ent[s/d/p/e] 1.73/2.39/1.37/0.51  emits 0.29  spf 95.1  z0 0.78  garr 109.8  tG 953  e2 0.05  nF 2.8  pS 0.33  ptS 0.32  fLog 0.66  pdΔ -0.1660  pkR 4.16  clip 0.04  kl +0.000
upd   27  steps   57344  sps 799  opp symm  loss +0.014  pg +0.0266  v 0.005  ev +0.96  adv_std 0.098  tR -1.00  ent[s/d/p/e] 1.76/2.42/1.32/0.47  emits 0.25  spf 112.2  z0 0.81  garr 122.6  tG 1054  e2 0.04  nF 2.2  pS 0.33  ptS 0.33  fLog 0.69  pdΔ -0.1654  pkR 4.36  clip 0.09  kl +0.002
upd   28  steps   59392  sps 820  opp symm  loss -0.023  pg -0.0102  v 0.006  ev +0.95  adv_std 0.101  tR -1.00  ent[s/d/p/e] 1.79/2.40/1.29/0.52  emits 0.31  spf 102.9  z0 0.77  garr 125.7  tG 1124  e2 0.06  nF 2.6  pS 0.34  ptS 0.34  fLog 0.67  pdΔ -0.1556  pkR 4.30  clip 0.07  kl +0.001
upd   29  steps   61440  sps 841  opp symm  loss -0.013  pg +0.0007  v 0.004  ev +0.97  adv_std 0.079  tR -0.50  ent[s/d/p/e] 1.84/2.39/1.25/0.52  emits 0.29  spf 117.9  z0 0.78  garr 126.9  tG 1164  e2 0.05  nF 2.5  pS 0.36  ptS 0.35  fLog 0.68  pdΔ -0.1434  pkR 4.34  clip 0.10  kl +0.003
upd   30  steps   63488  sps 862  opp symm  loss +0.037  pg +0.0504  v 0.004  ev +0.96  adv_std 0.080  tR +1.00  ent[s/d/p/e] 1.82/2.42/1.24/0.49  emits 0.28  spf 103.5  z0 0.78  garr 135.5  tG 1244  e2 0.05  nF 2.6  pS 0.37  ptS 0.36  fLog 0.67  pdΔ -0.1263  pkR 4.85  clip 0.08  kl +0.000
upd   31  steps   65536  sps 882  opp symm  loss +0.004  pg +0.0072  v 0.020  ev +0.69  adv_std 0.199  tR +0.14  ent[s/d/p/e] 1.13/2.12/1.37/0.40  emits 0.20  spf 56.9  z0 0.83  garr 60.7  tG 403  e2 0.02  nF 1.8  pS 0.18  ptS 0.18  fLog 0.57  pdΔ -0.3199  pkR 14.22  clip 0.06  kl +0.003
upd   32  steps   67584  sps 901  opp symm  loss -0.019  pg -0.0084  v 0.008  ev +0.88  adv_std 0.124  tR -1.00  ent[s/d/p/e] 1.20/2.14/1.35/0.48  emits 0.25  spf 56.1  z0 0.80  garr 59.8  tG 353  e2 0.04  nF 2.6  pS 0.19  ptS 0.19  fLog 0.57  pdΔ -0.3090  pkR 7.27  clip 0.05  kl +0.002
upd   33  steps   69632  sps 921  opp symm  loss -0.014  pg -0.0024  v 0.006  ev +0.91  adv_std 0.112  tR +0.00  ent[s/d/p/e] 1.30/2.24/1.41/0.48  emits 0.27  spf 54.6  z0 0.79  garr 66.8  tG 423  e2 0.04  nF 2.9  pS 0.23  ptS 0.22  fLog 0.58  pdΔ -0.2740  pkR 7.21  clip 0.06  kl +0.002
upd   34  steps   71680  sps 940  opp symm  loss +0.006  pg +0.0175  v 0.007  ev +0.93  adv_std 0.110  tR +1.00  ent[s/d/p/e] 1.44/2.27/1.36/0.51  emits 0.31  spf 58.2  z0 0.76  garr 73.7  tG 469  e2 0.05  nF 3.3  pS 0.24  ptS 0.24  fLog 0.59  pdΔ -0.2557  pkR 7.20  clip 0.06  kl +0.002
upd   35  steps   73728  sps 959  opp symm  loss -0.028  pg -0.0157  v 0.006  ev +0.96  adv_std 0.103  tR -1.00  ent[s/d/p/e] 1.53/2.38/1.40/0.52  emits 0.27  spf 70.4  z0 0.79  garr 83.4  tG 582  e2 0.05  nF 3.2  pS 0.27  ptS 0.27  fLog 0.62  pdΔ -0.2271  pkR 4.88  clip 0.05  kl +0.001
upd   36  steps   75776  sps 977  opp symm  loss +0.008  pg +0.0209  v 0.006  ev +0.96  adv_std 0.112  tR -1.00  ent[s/d/p/e] 1.64/2.39/1.38/0.51  emits 0.28  spf 77.6  z0 0.78  garr 91.7  tG 682  e2 0.05  nF 2.9  pS 0.29  ptS 0.29  fLog 0.63  pdΔ -0.2070  pkR 4.43  clip 0.05  kl -0.000
upd   37  steps   77824  sps 995  opp symm  loss +0.009  pg +0.0224  v 0.004  ev +0.98  adv_std 0.083  tR +1.00  ent[s/d/p/e] 1.72/2.42/1.36/0.45  emits 0.21  spf 94.1  z0 0.83  garr 107.0  tG 804  e2 0.03  nF 2.3  pS 0.30  ptS 0.30  fLog 0.66  pdΔ -0.1963  pkR 4.23  clip 0.04  kl -0.001
upd   38  steps   79872  sps 1013  opp symm  loss +0.018  pg +0.0314  v 0.004  ev +0.98  adv_std 0.081  tR +0.33  ent[s/d/p/e] 1.64/2.41/1.42/0.43  emits 0.20  spf 97.5  z0 0.84  garr 126.0  tG 923  e2 0.03  nF 1.8  pS 0.30  ptS 0.29  fLog 0.67  pdΔ -0.2006  pkR 3.61  clip 0.05  kl +0.001
upd   39  steps   81920  sps 1030  opp symm  loss -0.002  pg +0.0102  v 0.006  ev +0.96  adv_std 0.110  tR -0.60  ent[s/d/p/e] 1.61/2.43/1.41/0.40  emits 0.18  spf 101.5  z0 0.85  garr 137.5  tG 1043  e2 0.02  nF 1.7  pS 0.30  ptS 0.30  fLog 0.67  pdΔ -0.1957  pkR 4.13  clip 0.04  kl +0.003
upd   40  steps   83968  sps 1048  opp symm  loss -0.030  pg -0.0162  v 0.004  ev +0.97  adv_std 0.086  tR +0.00  ent[s/d/p/e] 1.75/2.49/1.42/0.41  emits 0.18  spf 132.4  z0 0.85  garr 153.9  tG 1186  e2 0.02  nF 1.6  pS 0.31  ptS 0.30  fLog 0.72  pdΔ -0.1872  pkR 4.09  clip 0.03  kl -0.001
upd   41  steps   86016  sps 1065  opp symm  loss -0.049  pg -0.0373  v 0.007  ev +0.96  adv_std 0.110  tR +0.20  ent[s/d/p/e] 1.64/2.45/1.50/0.40  emits 0.15  spf 121.3  z0 0.87  garr 172.7  tG 1356  e2 0.02  nF 1.4  pS 0.32  ptS 0.31  fLog 0.69  pdΔ -0.1792  pkR 4.32  clip 0.06  kl +0.003
upd   42  steps   88064  sps 1081  opp symm  loss +0.013  pg +0.0265  v 0.004  ev +0.98  adv_std 0.080  tR +1.00  ent[s/d/p/e] 1.63/2.47/1.54/0.35  emits 0.15  spf 140.3  z0 0.87  garr 188.9  tG 1515  e2 0.02  nF 1.4  pS 0.32  ptS 0.31  fLog 0.71  pdΔ -0.1830  pkR 4.26  clip 0.08  kl +0.006
upd   43  steps   90112  sps 1098  opp symm  loss -0.073  pg -0.0596  v 0.005  ev +0.97  adv_std 0.087  tR -1.00  ent[s/d/p/e] 1.66/2.50/1.46/0.42  emits 0.15  spf 147.1  z0 0.87  garr 200.3  tG 1648  e2 0.02  nF 1.3  pS 0.32  ptS 0.31  fLog 0.72  pdΔ -0.1773  pkR 4.20  clip 0.08  kl +0.002
upd   44  steps   92160  sps 1114  opp symm  loss +0.012  pg +0.0250  v 0.005  ev +0.97  adv_std 0.096  tR +1.00  ent[s/d/p/e] 1.68/2.50/1.48/0.34  emits 0.16  spf 154.2  z0 0.86  garr 217.3  tG 1812  e2 0.02  nF 1.3  pS 0.34  ptS 0.32  fLog 0.72  pdΔ -0.1636  pkR 3.89  clip 0.10  kl +0.005
upd   45  steps   94208  sps 1130  opp symm  loss +0.004  pg +0.0167  v 0.005  ev +0.97  adv_std 0.094  tR +0.33  ent[s/d/p/e] 1.67/2.50/1.33/0.38  emits 0.14  spf 172.4  z0 0.88  garr 218.5  tG 1801  e2 0.02  nF 1.3  pS 0.33  ptS 0.32  fLog 0.74  pdΔ -0.1690  pkR 4.16  clip 0.05  kl +0.000
upd   46  steps   96256  sps 1145  opp symm  loss -0.036  pg -0.0362  v 0.030  ev +0.84  adv_std 0.248  tR +0.06  ent[s/d/p/e] 1.56/2.39/1.41/0.36  emits 0.15  spf 131.2  z0 0.87  garr 178.1  tG 1450  e2 0.02  nF 1.1  pS 0.28  ptS 0.27  fLog 0.68  pdΔ -0.2173  pkR 5.36  clip 0.04  kl +0.000
upd   47  steps   98304  sps 1161  opp symm  loss -0.033  pg -0.0220  v 0.005  ev +0.94  adv_std 0.100  tR +0.00  ent[s/d/p/e] 0.97/2.22/1.49/0.40  emits 0.17  spf 63.1  z0 0.85  garr 84.6  tG 528  e2 0.02  nF 1.4  pS 0.17  ptS 0.17  fLog 0.59  pdΔ -0.3275  pkR 13.74  clip 0.05  kl -0.000
upd   48  steps  100352  sps 1176  opp symm  loss +0.006  pg +0.0170  v 0.006  ev +0.95  adv_std 0.104  tR +1.00  ent[s/d/p/e] 1.17/2.28/1.47/0.38  emits 0.18  spf 70.8  z0 0.85  garr 93.7  tG 559  e2 0.02  nF 1.9  pS 0.20  ptS 0.19  fLog 0.60  pdΔ -0.3046  pkR 12.93  clip 0.07  kl +0.003
upd   49  steps  102400  sps 1191  opp symm  loss +0.020  pg +0.0308  v 0.007  ev +0.94  adv_std 0.120  tR -1.00  ent[s/d/p/e] 1.25/2.27/1.42/0.43  emits 0.20  spf 76.6  z0 0.84  garr 100.0  tG 567  e2 0.03  nF 1.9  pS 0.21  ptS 0.20  fLog 0.62  pdΔ -0.2884  pkR 8.91  clip 0.08  kl +0.001
upd   50  steps  104448  sps 1205  opp symm  loss -0.036  pg -0.0242  v 0.006  ev +0.96  adv_std 0.099  tR -1.00  ent[s/d/p/e] 1.27/2.36/1.52/0.34  emits 0.15  spf 74.4  z0 0.87  garr 119.4  tG 731  e2 0.02  nF 1.5  pS 0.24  ptS 0.23  fLog 0.63  pdΔ -0.2632  pkR 7.24  clip 0.05  kl +0.002
upd   51  steps  106496  sps 1220  opp symm  loss +0.019  pg +0.0308  v 0.007  ev +0.95  adv_std 0.113  tR +0.00  ent[s/d/p/e] 1.42/2.47/1.50/0.39  emits 0.13  spf 102.5  z0 0.88  garr 143.5  tG 972  e2 0.01  nF 1.3  pS 0.27  ptS 0.26  fLog 0.68  pdΔ -0.2276  pkR 6.28  clip 0.04  kl +0.003
upd   52  steps  108544  sps 1234  opp symm  loss -0.003  pg +0.0096  v 0.005  ev +0.96  adv_std 0.093  tR -1.00  ent[s/d/p/e] 1.55/2.47/1.41/0.36  emits 0.14  spf 119.5  z0 0.88  garr 166.5  tG 1200  e2 0.02  nF 1.3  pS 0.29  ptS 0.28  fLog 0.70  pdΔ -0.2058  pkR 5.64  clip 0.04  kl +0.002
upd   53  steps  110592  sps 1248  opp symm  loss -0.037  pg -0.0243  v 0.005  ev +0.97  adv_std 0.092  tR +0.50  ent[s/d/p/e] 1.57/2.49/1.41/0.35  emits 0.13  spf 139.1  z0 0.88  garr 184.8  tG 1336  e2 0.02  nF 1.2  pS 0.30  ptS 0.28  fLog 0.71  pdΔ -0.2027  pkR 5.29  clip 0.04  kl +0.000
upd   54  steps  112640  sps 1262  opp symm  loss -0.014  pg -0.0022  v 0.007  ev +0.95  adv_std 0.115  tR +0.50  ent[s/d/p/e] 1.54/2.44/1.39/0.34  emits 0.14  spf 138.8  z0 0.88  garr 189.2  tG 1334  e2 0.01  nF 1.2  pS 0.29  ptS 0.28  fLog 0.71  pdΔ -0.2075  pkR 5.66  clip 0.04  kl +0.000
upd   55  steps  114688  sps 1276  opp symm  loss +0.005  pg +0.0168  v 0.005  ev +0.97  adv_std 0.096  tR -0.33  ent[s/d/p/e] 1.52/2.36/1.32/0.36  emits 0.14  spf 113.0  z0 0.88  garr 186.9  tG 1283  e2 0.02  nF 1.2  pS 0.28  ptS 0.27  fLog 0.68  pdΔ -0.2186  pkR 4.18  clip 0.03  kl +0.000
upd   56  steps  116736  sps 1290  opp symm  loss -0.030  pg -0.0199  v 0.009  ev +0.95  adv_std 0.130  tR +1.00  ent[s/d/p/e] 1.55/2.29/1.34/0.37  emits 0.17  spf 109.4  z0 0.86  garr 197.4  tG 1406  e2 0.02  nF 1.6  pS 0.30  ptS 0.29  fLog 0.66  pdΔ -0.1990  pkR 4.23  clip 0.04  kl +0.000
upd   57  steps  118784  sps 1303  opp symm  loss -0.035  pg -0.0241  v 0.008  ev +0.96  adv_std 0.119  tR -1.00  ent[s/d/p/e] 1.65/2.43/1.31/0.32  emits 0.15  spf 115.1  z0 0.87  garr 211.6  tG 1563  e2 0.02  nF 1.5  pS 0.31  ptS 0.30  fLog 0.67  pdΔ -0.1891  pkR 4.28  clip 0.07  kl +0.001
upd   58  steps  120832  sps 1316  opp symm  loss +0.020  pg +0.0316  v 0.006  ev +0.97  adv_std 0.104  tR +1.00  ent[s/d/p/e] 1.61/2.42/1.41/0.35  emits 0.14  spf 104.9  z0 0.88  garr 228.5  tG 1693  e2 0.02  nF 1.3  pS 0.31  ptS 0.30  fLog 0.67  pdΔ -0.1887  pkR 4.46  clip 0.03  kl -0.000
upd   59  steps  122880  sps 1329  opp symm  loss +0.002  pg +0.0143  v 0.006  ev +0.97  adv_std 0.108  tR -1.00  ent[s/d/p/e] 1.73/2.44/1.41/0.34  emits 0.14  spf 144.7  z0 0.88  garr 251.0  tG 1867  e2 0.02  nF 1.2  pS 0.31  ptS 0.30  fLog 0.70  pdΔ -0.1859  pkR 4.64  clip 0.03  kl +0.002
upd   60  steps  124928  sps 1342  opp symm  loss +0.070  pg +0.0809  v 0.008  ev +0.96  adv_std 0.117  tR +1.00  ent[s/d/p/e] 1.64/2.41/1.37/0.31  emits 0.13  spf 132.8  z0 0.89  garr 263.1  tG 1904  e2 0.01  nF 1.1  pS 0.31  ptS 0.30  fLog 0.69  pdΔ -0.1927  pkR 4.89  clip 0.03  kl +0.001
upd   61  steps  126976  sps 1354  opp symm  loss +0.041  pg +0.0529  v 0.006  ev +0.97  adv_std 0.097  tR +1.00  ent[s/d/p/e] 1.52/2.43/1.34/0.29  emits 0.09  spf 150.1  z0 0.92  garr 273.4  tG 2008  e2 0.01  nF 0.9  pS 0.31  ptS 0.29  fLog 0.69  pdΔ -0.1941  pkR 5.33  clip 0.01  kl +0.001
upd   62  steps  129024  sps 1367  opp symm  loss +0.038  pg +0.0410  v 0.020  ev +0.85  adv_std 0.202  tR -0.12  ent[s/d/p/e] 1.03/2.16/1.32/0.27  emits 0.12  spf 86.7  z0 0.89  garr 148.7  tG 1049  e2 0.01  nF 1.1  pS 0.21  ptS 0.21  fLog 0.60  pdΔ -0.2864  pkR 8.55  clip 0.04  kl +0.002
upd   63  steps  131072  sps 1379  opp symm  loss +0.007  pg +0.0158  v 0.008  ev +0.93  adv_std 0.120  tR +1.00  ent[s/d/p/e] 1.04/2.14/1.30/0.34  emits 0.15  spf 61.7  z0 0.88  garr 123.3  tG 825  e2 0.02  nF 1.5  pS 0.21  ptS 0.20  fLog 0.57  pdΔ -0.2874  pkR 7.81  clip 0.03  kl +0.001
upd   64  steps  133120  sps 1391  opp symm  loss -0.034  pg -0.0236  v 0.007  ev +0.94  adv_std 0.121  tR +0.00  ent[s/d/p/e] 1.26/2.31/1.40/0.37  emits 0.16  spf 72.3  z0 0.87  garr 139.6  tG 958  e2 0.02  nF 1.7  pS 0.24  ptS 0.22  fLog 0.61  pdΔ -0.2620  pkR 7.31  clip 0.04  kl -0.000
upd   65  steps  135168  sps 1403  opp symm  loss +0.022  pg +0.0330  v 0.008  ev +0.94  adv_std 0.128  tR +1.00  ent[s/d/p/e] 1.47/2.36/1.45/0.34  emits 0.15  spf 92.3  z0 0.88  garr 155.9  tG 1081  e2 0.02  nF 1.6  pS 0.25  ptS 0.24  fLog 0.64  pdΔ -0.2492  pkR 7.63  clip 0.03  kl +0.002
upd   66  steps  137216  sps 1415  opp symm  loss +0.027  pg +0.0394  v 0.006  ev +0.96  adv_std 0.105  tR -1.00  ent[s/d/p/e] 1.56/2.45/1.56/0.30  emits 0.11  spf 105.9  z0 0.90  garr 181.6  tG 1258  e2 0.01  nF 1.2  pS 0.26  ptS 0.26  fLog 0.68  pdΔ -0.2387  pkR 7.87  clip 0.03  kl +0.000
upd   67  steps  139264  sps 1426  opp symm  loss +0.011  pg +0.0247  v 0.004  ev +0.98  adv_std 0.086  tR -1.00  ent[s/d/p/e] 1.65/2.43/1.58/0.28  emits 0.08  spf 145.0  z0 0.92  garr 219.5  tG 1520  e2 0.00  nF 0.8  pS 0.28  ptS 0.27  fLog 0.72  pdΔ -0.2209  pkR 7.12  clip 0.03  kl +0.001
upd   68  steps  141312  sps 1438  opp symm  loss +0.038  pg +0.0514  v 0.004  ev +0.98  adv_std 0.079  tR +1.00  ent[s/d/p/e] 1.66/2.41/1.62/0.23  emits 0.08  spf 131.1  z0 0.92  garr 246.2  tG 1692  e2 0.01  nF 0.8  pS 0.28  ptS 0.28  fLog 0.72  pdΔ -0.2178  pkR 6.83  clip 0.04  kl +0.002
upd   69  steps  143360  sps 1449  opp symm  loss +0.051  pg +0.0646  v 0.003  ev +0.98  adv_std 0.076  tR +0.50  ent[s/d/p/e] 1.55/2.37/1.64/0.24  emits 0.07  spf 130.9  z0 0.93  garr 256.2  tG 1676  e2 0.01  nF 0.6  pS 0.28  ptS 0.27  fLog 0.71  pdΔ -0.2245  pkR 4.95  clip 0.02  kl +0.001
upd   70  steps  145408  sps 1460  opp symm  loss +0.026  pg +0.0373  v 0.006  ev +0.97  adv_std 0.101  tR -0.20  ent[s/d/p/e] 1.44/2.26/1.54/0.22  emits 0.08  spf 113.8  z0 0.93  garr 283.8  tG 1797  e2 0.01  nF 0.7  pS 0.26  ptS 0.26  fLog 0.67  pdΔ -0.2360  pkR 5.35  clip 0.01  kl +0.001
upd   71  steps  147456  sps 1471  opp symm  loss +0.108  pg +0.1200  v 0.004  ev +0.98  adv_std 0.079  tR +0.00  ent[s/d/p/e] 1.29/2.31/1.56/0.23  emits 0.08  spf 102.9  z0 0.93  garr 307.5  tG 1960  e2 0.01  nF 0.7  pS 0.27  ptS 0.26  fLog 0.65  pdΔ -0.2308  pkR 5.41  clip 0.02  kl +0.000
upd   72  steps  149504  sps 1482  opp symm  loss +0.054  pg +0.0635  v 0.007  ev +0.96  adv_std 0.115  tR +0.50  ent[s/d/p/e] 1.19/2.10/1.48/0.20  emits 0.07  spf 102.1  z0 0.94  garr 346.7  tG 2235  e2 0.01  nF 0.7  pS 0.27  ptS 0.27  fLog 0.64  pdΔ -0.2257  pkR 5.18  clip 0.02  kl +0.000
upd   73  steps  151552  sps 1493  opp symm  loss +0.094  pg +0.1054  v 0.006  ev +0.97  adv_std 0.100  tR -1.00  ent[s/d/p/e] 1.32/2.32/1.53/0.17  emits 0.06  spf 130.8  z0 0.95  garr 347.8  tG 2184  e2 0.00  nF 0.7  pS 0.27  ptS 0.26  fLog 0.66  pdΔ -0.2287  pkR 4.02  clip 0.02  kl +0.001
upd   74  steps  153600  sps 1503  opp symm  loss -0.143  pg -0.1321  v 0.008  ev +0.96  adv_std 0.117  tR -1.00  ent[s/d/p/e] 1.27/2.39/1.68/0.16  emits 0.04  spf 162.7  z0 0.96  garr 387.5  tG 2437  e2 0.00  nF 0.6  pS 0.27  ptS 0.27  fLog 0.71  pdΔ -0.2264  pkR 4.00  clip 0.01  kl -0.000
upd   75  steps  155648  sps 1514  opp symm  loss -0.032  pg -0.0200  v 0.005  ev +0.98  adv_std 0.094  tR +0.00  ent[s/d/p/e] 1.31/2.43/1.58/0.16  emits 0.05  spf 139.8  z0 0.95  garr 425.9  tG 2677  e2 0.00  nF 0.5  pS 0.27  ptS 0.26  fLog 0.69  pdΔ -0.2275  pkR 4.09  clip 0.02  kl +0.000
upd   76  steps  157696  sps 1524  opp symm  loss +0.006  pg +0.0183  v 0.004  ev +0.98  adv_std 0.086  tR +0.50  ent[s/d/p/e] 1.26/2.44/1.73/0.14  emits 0.04  spf 175.9  z0 0.96  garr 449.0  tG 2753  e2 0.00  nF 0.5  pS 0.26  ptS 0.25  fLog 0.71  pdΔ -0.2383  pkR 4.49  clip 0.01  kl -0.000
upd   77  steps  159744  sps 1534  opp symm  loss -0.045  pg -0.0398  v 0.016  ev +0.93  adv_std 0.185  tR -0.23  ent[s/d/p/e] 1.06/2.27/1.52/0.15  emits 0.04  spf 138.4  z0 0.96  garr 413.4  tG 2505  e2 0.00  nF 0.5  pS 0.24  ptS 0.23  fLog 0.66  pdΔ -0.2595  pkR 5.18  clip 0.01  kl -0.001
upd   78  steps  161792  sps 1544  opp symm  loss -0.002  pg +0.0076  v 0.007  ev +0.93  adv_std 0.116  tR +0.00  ent[s/d/p/e] 0.58/2.30/1.57/0.27  emits 0.09  spf 55.1  z0 0.92  garr 174.5  tG 895  e2 0.01  nF 0.8  pS 0.16  ptS 0.15  fLog 0.58  pdΔ -0.3440  pkR 6.66  clip 0.03  kl +0.000
upd   79  steps  163840  sps 1554  opp symm  loss -0.022  pg -0.0152  v 0.012  ev +0.90  adv_std 0.153  tR +0.33  ent[s/d/p/e] 0.85/2.28/1.45/0.29  emits 0.10  spf 56.8  z0 0.91  garr 203.0  tG 1081  e2 0.01  nF 0.9  pS 0.18  ptS 0.18  fLog 0.59  pdΔ -0.3158  pkR 6.57  clip 0.03  kl -0.001
upd   80  steps  165888  sps 1564  opp symm  loss -0.094  pg -0.0835  v 0.009  ev +0.94  adv_std 0.126  tR +0.33  ent[s/d/p/e] 1.13/2.41/1.56/0.29  emits 0.10  spf 65.1  z0 0.91  garr 219.1  tG 1204  e2 0.01  nF 1.0  pS 0.21  ptS 0.20  fLog 0.60  pdΔ -0.2871  pkR 6.60  clip 0.03  kl -0.000
upd   81  steps  167936  sps 1574  opp symm  loss -0.039  pg -0.0274  v 0.006  ev +0.96  adv_std 0.105  tR +1.00  ent[s/d/p/e] 1.38/2.44/1.46/0.33  emits 0.12  spf 80.0  z0 0.90  garr 241.8  tG 1349  e2 0.02  nF 1.0  pS 0.24  ptS 0.22  fLog 0.63  pdΔ -0.2560  pkR 6.38  clip 0.04  kl +0.002
upd   82  steps  169984  sps 1583  opp symm  loss +0.078  pg +0.0905  v 0.005  ev +0.97  adv_std 0.101  tR +0.00  ent[s/d/p/e] 1.50/2.52/1.47/0.23  emits 0.09  spf 105.7  z0 0.92  garr 266.3  tG 1562  e2 0.01  nF 0.9  pS 0.27  ptS 0.25  fLog 0.69  pdΔ -0.2259  pkR 5.38  clip 0.06  kl +0.004
upd   83  steps  172032  sps 1593  opp symm  loss +0.024  pg +0.0365  v 0.005  ev +0.98  adv_std 0.096  tR -1.00  ent[s/d/p/e] 1.67/2.49/1.52/0.19  emits 0.06  spf 122.2  z0 0.94  garr 321.5  tG 1962  e2 0.00  nF 0.5  pS 0.29  ptS 0.27  fLog 0.71  pdΔ -0.2109  pkR 4.92  clip 0.01  kl +0.001
upd   84  steps  174080  sps 1602  opp symm  loss +0.028  pg +0.0393  v 0.007  ev +0.97  adv_std 0.117  tR -0.33  ent[s/d/p/e] 1.54/2.51/1.43/0.16  emits 0.04  spf 187.9  z0 0.96  garr 369.7  tG 2286  e2 0.00  nF 0.4  pS 0.29  ptS 0.27  fLog 0.77  pdΔ -0.2064  pkR 4.74  clip 0.02  kl +0.000
upd   85  steps  176128  sps 1611  opp symm  loss +0.004  pg +0.0157  v 0.006  ev +0.97  adv_std 0.107  tR +0.33  ent[s/d/p/e] 1.42/2.48/1.53/0.15  emits 0.04  spf 155.5  z0 0.96  garr 410.0  tG 2485  e2 0.00  nF 0.3  pS 0.28  ptS 0.26  fLog 0.72  pdΔ -0.2165  pkR 3.96  clip 0.01  kl -0.001