
=== [2026-06-10T17:13:04Z] v14d_binary_v2_a_p0i0_ORBITWARS_SHAPING_CAPTURE_0.04_8eb6d1f0ee phase=a kind=probe chunk=400 env={"ORBITWARS_SHAPING_HOLD_BONUS": 0.004, "ORBITWARS_SHAPING_CAPTURE": 0.04, "ORBITWARS_SHAPING_RELEASE": 0.0075, "ORBITWARS_SHAPING_RELEASE_K": 17.0, "ORBITWARS_SHAPING_PROD_SHARE_DELTA": 0.025, "ORBITWARS_SHAPING_ONE_SHIP_PENALTY": 0.025} ppo={"ent_coef_emit": 0.004, "lr_peak": 4e-05} ===
[reward] kaggle-aligned: terminal +1 win/+1 tie>0/-1 loss/-1 double-wipeout; is_terminal at step >= episode_steps-2; SHAPING_SCALE=0.0; v1: KEEP_HOME=0.0 FLEET_SIZE=0.0/norm20.0; v2 (expert-replay calibrated): PROD_SHARE=0.0 PLANET_SHARE=0.0 FLEET_LOG=0.0/ref500.0/floor0.3; v3 (top10-2630ep calibrated): PROD_SHARE_DELTA=0.025 EMIT_LOG=0.0 EMIT_GATED=0.0 RELEASE=0.0075/K17.0 CAPTURE=0.04; episode_steps=500 (kaggle=500, mismatch=False)
[symmetric] Frog Parade style: same params drive BOTH players, no frozen/strong/buffer opponents, zero_sum_value=True
upd    0  steps    2048  sps 38  opp symm  loss +0.171  pg +0.1802  v 0.002  ev -0.15  adv_std 0.066  tR +0.00  ent[s/d/p/e] 0.23/1.47/1.49/0.32  emits 0.20  spf 19.3  z0 0.82  garr 18.6  tG 25  e2 0.02  nF 1.3  pS 0.06  ptS 0.06  fLog 0.46  pdΔ -0.4357  pkR 8.16  clip 0.03  kl +0.001
upd    1  steps    4096  sps 74  opp symm  loss +0.055  pg +0.0663  v 0.002  ev -0.04  adv_std 0.067  tR +0.00  ent[s/d/p/e] 0.71/1.68/1.36/0.42  emits 0.28  spf 26.5  z0 0.78  garr 26.9  tG 71  e2 0.05  nF 3.0  pS 0.11  ptS 0.10  fLog 0.48  pdΔ -0.3890  pkR 8.58  clip 0.11  kl +0.006
upd    2  steps    6144  sps 110  opp symm  loss -0.029  pg -0.0175  v 0.003  ev -0.06  adv_std 0.073  tR -1.00  ent[s/d/p/e] 1.07/1.94/1.31/0.48  emits 0.30  spf 39.0  z0 0.76  garr 43.1  tG 168  e2 0.05  nF 3.4  pS 0.17  ptS 0.15  fLog 0.52  pdΔ -0.3342  pkR 6.60  clip 0.08  kl +0.002
upd    3  steps    8192  sps 146  opp symm  loss +0.001  pg +0.0132  v 0.003  ev +0.13  adv_std 0.075  tR +1.00  ent[s/d/p/e] 1.35/2.09/1.31/0.51  emits 0.33  spf 50.9  z0 0.77  garr 58.7  tG 296  e2 0.07  nF 3.4  pS 0.21  ptS 0.20  fLog 0.55  pdΔ -0.2882  pkR 5.81  clip 0.12  kl +0.009
upd    4  steps   10240  sps 180  opp symm  loss -0.141  pg -0.1280  v 0.004  ev +0.37  adv_std 0.096  tR -1.00  ent[s/d/p/e] 1.56/2.14/1.30/0.59  emits 0.54  spf 49.0  z0 0.67  garr 56.4  tG 349  e2 0.12  nF 4.8  pS 0.25  ptS 0.24  fLog 0.54  pdΔ -0.2452  pkR 5.19  clip 0.08  kl +0.006
upd    5  steps   12288  sps 213  opp symm  loss +0.008  pg +0.0224  v 0.002  ev +0.47  adv_std 0.050  tR +0.00  ent[s/d/p/e] 1.65/2.12/1.26/0.62  emits 0.59  spf 48.5  z0 0.64  garr 61.1  tG 442  e2 0.14  nF 6.3  pS 0.30  ptS 0.28  fLog 0.53  pdΔ -0.2012  pkR 4.02  clip 0.13  kl +0.005
upd    6  steps   14336  sps 246  opp symm  loss +0.005  pg +0.0189  v 0.003  ev +0.36  adv_std 0.070  tR +1.00  ent[s/d/p/e] 1.71/2.11/1.20/0.60  emits 0.65  spf 46.4  z0 0.61  garr 61.8  tG 491  e2 0.15  nF 7.0  pS 0.32  ptS 0.31  fLog 0.52  pdΔ -0.1756  pkR 4.40  clip 0.18  kl +0.006
upd    7  steps   16384  sps 278  opp symm  loss +0.024  pg +0.0381  v 0.001  ev +0.73  adv_std 0.051  tR +0.00  ent[s/d/p/e] 1.81/2.16/1.14/0.61  emits 0.69  spf 50.7  z0 0.61  garr 62.8  tG 558  e2 0.16  nF 7.5  pS 0.35  ptS 0.34  fLog 0.54  pdΔ -0.1480  pkR 4.03  clip 0.16  kl +0.005
upd    8  steps   18432  sps 310  opp symm  loss -0.030  pg -0.0164  v 0.003  ev +0.77  adv_std 0.074  tR +0.00  ent[s/d/p/e] 1.83/2.22/1.20/0.59  emits 0.62  spf 55.5  z0 0.64  garr 71.4  tG 655  e2 0.15  nF 6.8  pS 0.36  ptS 0.35  fLog 0.56  pdΔ -0.1359  pkR 4.35  clip 0.22  kl +0.008
upd    9  steps   20480  sps 340  opp symm  loss -0.012  pg +0.0018  v 0.002  ev +0.85  adv_std 0.069  tR +1.00  ent[s/d/p/e] 1.83/2.18/1.18/0.60  emits 0.58  spf 59.7  z0 0.64  garr 82.9  tG 783  e2 0.13  nF 5.9  pS 0.37  ptS 0.36  fLog 0.56  pdΔ -0.1297  pkR 5.07  clip 0.16  kl +0.007
upd   10  steps   22528  sps 371  opp symm  loss +0.011  pg +0.0256  v 0.002  ev +0.89  adv_std 0.056  tR -1.00  ent[s/d/p/e] 1.91/2.24/1.15/0.61  emits 0.60  spf 63.7  z0 0.64  garr 80.6  tG 790  e2 0.14  nF 6.4  pS 0.38  ptS 0.37  fLog 0.56  pdΔ -0.1190  pkR 5.11  clip 0.28  kl +0.012
upd   11  steps   24576  sps 400  opp symm  loss -0.008  pg +0.0060  v 0.003  ev +0.88  adv_std 0.074  tR -1.00  ent[s/d/p/e] 1.91/2.22/1.15/0.60  emits 0.75  spf 64.3  z0 0.60  garr 81.7  tG 845  e2 0.17  nF 6.9  pS 0.40  ptS 0.39  fLog 0.56  pdΔ -0.0980  pkR 5.93  clip 0.43  kl +0.019
upd   12  steps   26624  sps 429  opp symm  loss +0.037  pg +0.0511  v 0.002  ev +0.90  adv_std 0.070  tR +1.00  ent[s/d/p/e] 1.93/2.25/1.20/0.61  emits 0.69  spf 65.3  z0 0.62  garr 82.2  tG 865  e2 0.16  nF 7.5  pS 0.41  ptS 0.40  fLog 0.57  pdΔ -0.0858  pkR 5.74  clip 0.23  kl +0.008
upd   13  steps   28672  sps 457  opp symm  loss +0.060  pg +0.0741  v 0.002  ev +0.91  adv_std 0.067  tR +0.00  ent[s/d/p/e] 1.90/2.20/1.15/0.61  emits 0.80  spf 59.1  z0 0.57  garr 81.2  tG 904  e2 0.19  nF 7.8  pS 0.42  ptS 0.41  fLog 0.55  pdΔ -0.0758  pkR 5.49  clip 0.39  kl +0.013
upd   14  steps   30720  sps 485  opp symm  loss +0.041  pg +0.0553  v 0.002  ev +0.95  adv_std 0.059  tR +0.00  ent[s/d/p/e] 1.88/2.17/1.12/0.60  emits 0.73  spf 63.5  z0 0.60  garr 86.8  tG 1003  e2 0.17  nF 8.0  pS 0.44  ptS 0.42  fLog 0.55  pdΔ -0.0631  pkR 5.84  clip 0.16  kl +0.005
upd   15  steps   32768  sps 512  opp symm  loss +0.065  pg +0.0461  v 0.067  ev +0.59  adv_std 0.381  tR +0.29  ent[s/d/p/e] 1.80/2.15/1.17/0.49  emits 0.51  spf 62.1  z0 0.72  garr 67.8  tG 687  e2 0.12  nF 5.0  pS 0.30  ptS 0.29  fLog 0.55  pdΔ -0.1972  pkR 9.55  clip 0.10  kl +0.001
upd   16  steps   34816  sps 538  opp symm  loss +0.040  pg +0.0513  v 0.004  ev +0.87  adv_std 0.082  tR +0.00  ent[s/d/p/e] 1.08/2.20/1.39/0.33  emits 0.15  spf 54.4  z0 0.88  garr 55.6  tG 243  e2 0.02  nF 1.8  pS 0.13  ptS 0.13  fLog 0.58  pdΔ -0.3656  pkR 18.21  clip 0.06  kl -0.000
upd   17  steps   36864  sps 564  opp symm  loss +0.001  pg +0.0136  v 0.004  ev +0.91  adv_std 0.084  tR +1.00  ent[s/d/p/e] 1.35/2.42/1.39/0.38  emits 0.18  spf 75.1  z0 0.86  garr 70.7  tG 345  e2 0.03  nF 1.7  pS 0.17  ptS 0.16  fLog 0.63  pdΔ -0.3272  pkR 14.15  clip 0.06  kl +0.000
upd   18  steps   38912  sps 590  opp symm  loss -0.025  pg -0.0125  v 0.004  ev +0.90  adv_std 0.093  tR -1.00  ent[s/d/p/e] 1.33/2.33/1.44/0.43  emits 0.24  spf 69.9  z0 0.82  garr 80.6  tG 427  e2 0.04  nF 2.0  pS 0.21  ptS 0.19  fLog 0.62  pdΔ -0.2945  pkR 11.03  clip 0.06  kl +0.003
upd   19  steps   40960  sps 615  opp symm  loss +0.033  pg +0.0458  v 0.005  ev +0.90  adv_std 0.094  tR +0.00  ent[s/d/p/e] 1.56/2.39/1.37/0.50  emits 0.31  spf 75.3  z0 0.78  garr 86.6  tG 525  e2 0.06  nF 2.4  pS 0.25  ptS 0.24  fLog 0.62  pdΔ -0.2466  pkR 9.07  clip 0.10  kl +0.002
upd   20  steps   43008  sps 639  opp symm  loss +0.026  pg +0.0385  v 0.006  ev +0.92  adv_std 0.103  tR +1.00  ent[s/d/p/e] 1.58/2.29/1.38/0.56  emits 0.46  spf 67.6  z0 0.72  garr 75.2  tG 478  e2 0.10  nF 3.9  pS 0.28  ptS 0.27  fLog 0.60  pdΔ -0.2225  pkR 6.51  clip 0.12  kl +0.006
upd   21  steps   45056  sps 663  opp symm  loss -0.012  pg +0.0015  v 0.005  ev +0.95  adv_std 0.095  tR +0.00  ent[s/d/p/e] 1.70/2.33/1.33/0.58  emits 0.46  spf 63.1  z0 0.69  garr 73.9  tG 521  e2 0.10  nF 4.2  pS 0.31  ptS 0.30  fLog 0.60  pdΔ -0.1911  pkR 4.52  clip 0.10  kl +0.002
upd   22  steps   47104  sps 687  opp symm  loss +0.039  pg +0.0521  v 0.005  ev +0.96  adv_std 0.093  tR -1.00  ent[s/d/p/e] 1.79/2.33/1.30/0.59  emits 0.54  spf 66.3  z0 0.68  garr 75.0  tG 593  e2 0.13  nF 4.6  pS 0.34  ptS 0.33  fLog 0.60  pdΔ -0.1647  pkR 4.81  clip 0.16  kl +0.007
upd   23  steps   49152  sps 710  opp symm  loss +0.005  pg +0.0179  v 0.005  ev +0.97  adv_std 0.100  tR +1.00  ent[s/d/p/e] 1.85/2.30/1.22/0.62  emits 0.64  spf 59.7  z0 0.62  garr 71.6  tG 637  e2 0.15  nF 6.2  pS 0.37  ptS 0.36  fLog 0.58  pdΔ -0.1315  pkR 4.42  clip 0.19  kl +0.006
upd   24  steps   51200  sps 733  opp symm  loss +0.019  pg +0.0304  v 0.009  ev +0.95  adv_std 0.128  tR +0.50  ent[s/d/p/e] 1.82/2.24/1.21/0.63  emits 0.68  spf 59.0  z0 0.61  garr 67.8  tG 623  e2 0.16  nF 6.7  pS 0.36  ptS 0.36  fLog 0.57  pdΔ -0.1374  pkR 4.60  clip 0.20  kl +0.010
upd   25  steps   53248  sps 755  opp symm  loss +0.018  pg +0.0296  v 0.006  ev +0.96  adv_std 0.110  tR +0.33  ent[s/d/p/e] 1.81/2.19/1.18/0.61  emits 0.64  spf 58.3  z0 0.63  garr 67.5  tG 626  e2 0.15  nF 6.8  pS 0.36  ptS 0.36  fLog 0.57  pdΔ -0.1414  pkR 5.18  clip 0.17  kl +0.005
upd   26  steps   55296  sps 777  opp symm  loss +0.018  pg +0.0303  v 0.005  ev +0.97  adv_std 0.100  tR +1.00  ent[s/d/p/e] 1.75/2.14/1.19/0.60  emits 0.70  spf 59.2  z0 0.61  garr 67.8  tG 625  e2 0.17  nF 6.8  pS 0.35  ptS 0.35  fLog 0.57  pdΔ -0.1533  pkR 5.32  clip 0.11  kl +0.005
upd   27  steps   57344  sps 799  opp symm  loss +0.026  pg +0.0384  v 0.006  ev +0.97  adv_std 0.109  tR +1.00  ent[s/d/p/e] 1.76/2.14/1.17/0.61  emits 0.66  spf 56.8  z0 0.60  garr 66.2  tG 635  e2 0.15  nF 6.9  pS 0.35  ptS 0.35  fLog 0.56  pdΔ -0.1467  pkR 4.90  clip 0.16  kl +0.001
upd   28  steps   59392  sps 820  opp symm  loss +0.008  pg +0.0199  v 0.006  ev +0.98  adv_std 0.105  tR -0.33  ent[s/d/p/e] 1.79/2.15/1.22/0.59  emits 0.65  spf 59.8  z0 0.64  garr 64.6  tG 654  e2 0.16  nF 6.9  pS 0.36  ptS 0.36  fLog 0.57  pdΔ -0.1405  pkR 5.93  clip 0.33  kl +0.006
upd   29  steps   61440  sps 841  opp symm  loss -0.008  pg +0.0055  v 0.004  ev +0.98  adv_std 0.093  tR +0.33  ent[s/d/p/e] 1.77/2.14/1.20/0.61  emits 0.65  spf 54.0  z0 0.63  garr 64.1  tG 675  e2 0.15  nF 6.8  pS 0.35  ptS 0.35  fLog 0.55  pdΔ -0.1458  pkR 6.57  clip 0.25  kl +0.009
upd   30  steps   63488  sps 861  opp symm  loss -0.005  pg +0.0079  v 0.004  ev +0.98  adv_std 0.097  tR +1.00  ent[s/d/p/e] 1.75/2.09/1.23/0.59  emits 0.67  spf 58.6  z0 0.62  garr 65.6  tG 723  e2 0.15  nF 7.1  pS 0.36  ptS 0.36  fLog 0.56  pdΔ -0.1387  pkR 7.03  clip 0.14  kl +0.005
upd   31  steps   65536  sps 881  opp symm  loss -0.011  pg -0.0049  v 0.014  ev +0.89  adv_std 0.163  tR -0.10  ent[s/d/p/e] 1.22/1.99/1.34/0.43  emits 0.31  spf 48.6  z0 0.79  garr 38.7  tG 235  e2 0.06  nF 3.0  pS 0.17  ptS 0.16  fLog 0.55  pdΔ -0.3319  pkR 14.81  clip 0.08  kl +0.004
upd   32  steps   67584  sps 901  opp symm  loss -0.007  pg +0.0019  v 0.011  ev +0.90  adv_std 0.149  tR -1.00  ent[s/d/p/e] 1.36/2.19/1.45/0.49  emits 0.33  spf 52.3  z0 0.78  garr 46.3  tG 239  e2 0.07  nF 3.4  pS 0.19  ptS 0.18  fLog 0.57  pdΔ -0.3055  pkR 13.27  clip 0.08  kl +0.000
upd   33  steps   69632  sps 920  opp symm  loss -0.025  pg -0.0150  v 0.010  ev +0.93  adv_std 0.143  tR -1.00  ent[s/d/p/e] 1.50/2.20/1.39/0.52  emits 0.38  spf 50.0  z0 0.76  garr 57.4  tG 342  e2 0.08  nF 3.7  pS 0.24  ptS 0.23  fLog 0.57  pdΔ -0.2606  pkR 9.89  clip 0.07  kl +0.001
upd   34  steps   71680  sps 939  opp symm  loss +0.036  pg +0.0462  v 0.011  ev +0.94  adv_std 0.144  tR +1.00  ent[s/d/p/e] 1.62/2.23/1.38/0.57  emits 0.53  spf 55.0  z0 0.68  garr 57.2  tG 393  e2 0.12  nF 5.3  pS 0.28  ptS 0.26  fLog 0.59  pdΔ -0.2234  pkR 9.52  clip 0.26  kl +0.013
upd   35  steps   73728  sps 958  opp symm  loss +0.022  pg +0.0317  v 0.012  ev +0.94  adv_std 0.154  tR -1.00  ent[s/d/p/e] 1.69/2.24/1.33/0.58  emits 0.49  spf 56.8  z0 0.69  garr 59.8  tG 464  e2 0.11  nF 5.4  pS 0.32  ptS 0.30  fLog 0.59  pdΔ -0.1844  pkR 7.76  clip 0.19  kl +0.005
upd   36  steps   75776  sps 976  opp symm  loss +0.011  pg +0.0197  v 0.014  ev +0.93  adv_std 0.166  tR +0.00  ent[s/d/p/e] 1.79/2.28/1.30/0.59  emits 0.55  spf 64.0  z0 0.67  garr 65.8  tG 545  e2 0.12  nF 5.3  pS 0.33  ptS 0.32  fLog 0.60  pdΔ -0.1696  pkR 6.31  clip 0.19  kl +0.008
upd   37  steps   77824  sps 994  opp symm  loss -0.015  pg -0.0036  v 0.009  ev +0.96  adv_std 0.139  tR -1.00  ent[s/d/p/e] 1.78/2.26/1.31/0.60  emits 0.57  spf 63.3  z0 0.65  garr 69.0  tG 620  e2 0.13  nF 5.8  pS 0.34  ptS 0.34  fLog 0.60  pdΔ -0.1551  pkR 7.42  clip 0.22  kl +0.010
upd   38  steps   79872  sps 1012  opp symm  loss +0.027  pg +0.0390  v 0.007  ev +0.96  adv_std 0.121  tR +0.00  ent[s/d/p/e] 1.83/2.27/1.30/0.62  emits 0.67  spf 64.9  z0 0.61  garr 69.5  tG 675  e2 0.16  nF 6.6  pS 0.37  ptS 0.36  fLog 0.60  pdΔ -0.1297  pkR 7.21  clip 0.29  kl +0.012
upd   39  steps   81920  sps 1030  opp symm  loss +0.021  pg +0.0327  v 0.009  ev +0.96  adv_std 0.124  tR +1.00  ent[s/d/p/e] 1.85/2.24/1.27/0.61  emits 0.61  spf 68.4  z0 0.63  garr 69.9  tG 688  e2 0.14  nF 6.7  pS 0.38  ptS 0.36  fLog 0.61  pdΔ -0.1249  pkR 7.43  clip 0.27  kl +0.005
upd   40  steps   83968  sps 1047  opp symm  loss -0.011  pg +0.0014  v 0.006  ev +0.98  adv_std 0.103  tR +0.33  ent[s/d/p/e] 1.85/2.27/1.31/0.60  emits 0.49  spf 68.9  z0 0.69  garr 71.4  tG 677  e2 0.11  nF 5.5  pS 0.36  ptS 0.34  fLog 0.62  pdΔ -0.1442  pkR 8.41  clip 0.15  kl +0.004
upd   41  steps   86016  sps 1064  opp symm  loss -0.007  pg +0.0061  v 0.006  ev +0.98  adv_std 0.100  tR -0.20  ent[s/d/p/e] 1.81/2.23/1.30/0.56  emits 0.45  spf 75.4  z0 0.71  garr 79.9  tG 781  e2 0.10  nF 4.6  pS 0.36  ptS 0.35  fLog 0.62  pdΔ -0.1383  pkR 7.79  clip 0.12  kl +0.005
upd   42  steps   88064  sps 1081  opp symm  loss -0.001  pg +0.0121  v 0.005  ev +0.98  adv_std 0.100  tR +0.00  ent[s/d/p/e] 1.82/2.25/1.32/0.58  emits 0.47  spf 77.4  z0 0.70  garr 87.2  tG 837  e2 0.10  nF 4.7  pS 0.37  ptS 0.36  fLog 0.63  pdΔ -0.1272  pkR 6.88  clip 0.11  kl +0.005
upd   43  steps   90112  sps 1097  opp symm  loss -0.024  pg -0.0127  v 0.009  ev +0.97  adv_std 0.124  tR +0.33  ent[s/d/p/e] 1.86/2.27/1.32/0.58  emits 0.48  spf 78.2  z0 0.70  garr 89.4  tG 891  e2 0.10  nF 4.6  pS 0.38  ptS 0.37  fLog 0.63  pdΔ -0.1193  pkR 7.48  clip 0.12  kl +0.002
upd   44  steps   92160  sps 1113  opp symm  loss -0.013  pg +0.0013  v 0.004  ev +0.99  adv_std 0.089  tR +0.33  ent[s/d/p/e] 1.88/2.30/1.31/0.60  emits 0.50  spf 79.2  z0 0.68  garr 89.2  tG 903  e2 0.11  nF 4.8  pS 0.39  ptS 0.38  fLog 0.63  pdΔ -0.1114  pkR 4.99  clip 0.12  kl +0.007
upd   45  steps   94208  sps 1129  opp symm  loss +0.012  pg +0.0242  v 0.006  ev +0.98  adv_std 0.110  tR -1.00  ent[s/d/p/e] 1.95/2.33/1.27/0.56  emits 0.46  spf 81.7  z0 0.71  garr 92.6  tG 994  e2 0.10  nF 4.3  pS 0.40  ptS 0.39  fLog 0.64  pdΔ -0.1000  pkR 5.12  clip 0.12  kl +0.003
upd   46  steps   96256  sps 1145  opp symm  loss -0.036  pg -0.0289  v 0.017  ev +0.93  adv_std 0.188  tR +0.08  ent[s/d/p/e] 1.85/2.30/1.39/0.51  emits 0.40  spf 81.4  z0 0.75  garr 77.8  tG 809  e2 0.08  nF 3.5  pS 0.34  ptS 0.32  fLog 0.64  pdΔ -0.1620  pkR 6.23  clip 0.09  kl +0.001
upd   47  steps   98304  sps 1160  opp symm  loss +0.026  pg +0.0360  v 0.009  ev +0.92  adv_std 0.136  tR +1.00  ent[s/d/p/e] 1.46/2.26/1.45/0.46  emits 0.35  spf 57.5  z0 0.79  garr 49.9  tG 382  e2 0.07  nF 2.8  pS 0.21  ptS 0.20  fLog 0.59  pdΔ -0.2888  pkR 13.81  clip 0.06  kl +0.001
upd   48  steps  100352  sps 1175  opp symm  loss +0.018  pg +0.0270  v 0.013  ev +0.90  adv_std 0.158  tR +0.33  ent[s/d/p/e] 1.48/2.24/1.54/0.49  emits 0.38  spf 54.3  z0 0.76  garr 53.0  tG 357  e2 0.08  nF 3.3  pS 0.22  ptS 0.21  fLog 0.59  pdΔ -0.2756  pkR 14.18  clip 0.09  kl +0.002
upd   49  steps  102400  sps 1190  opp symm  loss +0.001  pg +0.0124  v 0.009  ev +0.93  adv_std 0.133  tR -1.00  ent[s/d/p/e] 1.61/2.30/1.50/0.54  emits 0.44  spf 56.2  z0 0.73  garr 55.8  tG 379  e2 0.09  nF 3.8  pS 0.26  ptS 0.25  fLog 0.60  pdΔ -0.2370  pkR 9.64  clip 0.09  kl +0.001
upd   50  steps  104448  sps 1205  opp symm  loss -0.002  pg +0.0103  v 0.009  ev +0.94  adv_std 0.132  tR -1.00  ent[s/d/p/e] 1.77/2.34/1.48/0.56  emits 0.49  spf 60.3  z0 0.71  garr 63.9  tG 492  e2 0.11  nF 4.3  pS 0.30  ptS 0.29  fLog 0.62  pdΔ -0.1959  pkR 9.24  clip 0.13  kl +0.004
upd   51  steps  106496  sps 1219  opp symm  loss -0.013  pg -0.0003  v 0.007  ev +0.96  adv_std 0.115  tR -1.00  ent[s/d/p/e] 1.85/2.31/1.42/0.58  emits 0.56  spf 63.6  z0 0.67  garr 66.1  tG 562  e2 0.12  nF 4.9  pS 0.35  ptS 0.33  fLog 0.62  pdΔ -0.1535  pkR 7.51  clip 0.25  kl +0.011
upd   52  steps  108544  sps 1234  opp symm  loss -0.005  pg +0.0078  v 0.007  ev +0.97  adv_std 0.114  tR -1.00  ent[s/d/p/e] 1.91/2.33/1.45/0.58  emits 0.50  spf 65.2  z0 0.69  garr 75.8  tG 684  e2 0.12  nF 4.7  pS 0.37  ptS 0.36  fLog 0.63  pdΔ -0.1301  pkR 6.88  clip 0.12  kl +0.004
upd   53  steps  110592  sps 1248  opp symm  loss +0.002  pg +0.0150  v 0.007  ev +0.97  adv_std 0.116  tR +1.00  ent[s/d/p/e] 1.97/2.36/1.43/0.58  emits 0.50  spf 77.3  z0 0.69  garr 83.2  tG 792  e2 0.11  nF 4.7  pS 0.39  ptS 0.38  fLog 0.64  pdΔ -0.1110  pkR 5.88  clip 0.11  kl +0.006
upd   54  steps  112640  sps 1262  opp symm  loss -0.010  pg +0.0035  v 0.007  ev +0.97  adv_std 0.114  tR -1.00  ent[s/d/p/e] 1.98/2.34/1.40/0.60  emits 0.54  spf 76.7  z0 0.68  garr 87.3  tG 869  e2 0.12  nF 4.8  pS 0.40  ptS 0.39  fLog 0.64  pdΔ -0.1012  pkR 5.35  clip 0.13  kl +0.003
upd   55  steps  114688  sps 1275  opp symm  loss -0.007  pg +0.0062  v 0.006  ev +0.97  adv_std 0.110  tR +0.33  ent[s/d/p/e] 1.98/2.35/1.45/0.57  emits 0.43  spf 81.1  z0 0.72  garr 89.6  tG 890  e2 0.09  nF 4.3  pS 0.39  ptS 0.38  fLog 0.65  pdΔ -0.1094  pkR 5.60  clip 0.08  kl +0.000
upd   56  steps  116736  sps 1289  opp symm  loss +0.019  pg +0.0317  v 0.006  ev +0.97  adv_std 0.109  tR +0.20  ent[s/d/p/e] 1.92/2.28/1.45/0.53  emits 0.39  spf 80.5  z0 0.74  garr 83.6  tG 777  e2 0.08  nF 3.8  pS 0.35  ptS 0.35  fLog 0.65  pdΔ -0.1503  pkR 6.66  clip 0.12  kl +0.001
upd   57  steps  118784  sps 1302  opp symm  loss -0.035  pg -0.0218  v 0.007  ev +0.96  adv_std 0.114  tR -0.50  ent[s/d/p/e] 1.90/2.32/1.43/0.53  emits 0.35  spf 77.0  z0 0.76  garr 83.7  tG 777  e2 0.07  nF 3.5  pS 0.34  ptS 0.34  fLog 0.65  pdΔ -0.1607  pkR 7.12  clip 0.05  kl +0.000
upd   58  steps  120832  sps 1315  opp symm  loss +0.021  pg +0.0343  v 0.005  ev +0.97  adv_std 0.097  tR -1.00  ent[s/d/p/e] 1.90/2.30/1.38/0.51  emits 0.39  spf 82.3  z0 0.74  garr 88.1  tG 801  e2 0.08  nF 3.7  pS 0.33  ptS 0.33  fLog 0.65  pdΔ -0.1720  pkR 5.72  clip 0.09  kl +0.005
upd   59  steps  122880  sps 1328  opp symm  loss +0.018  pg +0.0309  v 0.006  ev +0.97  adv_std 0.105  tR +0.00  ent[s/d/p/e] 1.87/2.30/1.39/0.52  emits 0.35  spf 91.4  z0 0.76  garr 90.6  tG 817  e2 0.07  nF 3.6  pS 0.33  ptS 0.33  fLog 0.67  pdΔ -0.1729  pkR 7.02  clip 0.08  kl +0.005
upd   60  steps  124928  sps 1341  opp symm  loss +0.010  pg +0.0234  v 0.005  ev +0.98  adv_std 0.100  tR +1.00  ent[s/d/p/e] 1.85/2.27/1.37/0.49  emits 0.33  spf 87.2  z0 0.76  garr 92.7  tG 828  e2 0.06  nF 3.3  pS 0.34  ptS 0.34  fLog 0.66  pdΔ -0.1629  pkR 6.70  clip 0.15  kl +0.010
upd   61  steps  126976  sps 1354  opp symm  loss +0.016  pg +0.0289  v 0.005  ev +0.98  adv_std 0.099  tR -0.33  ent[s/d/p/e] 1.83/2.26/1.37/0.48  emits 0.26  spf 96.4  z0 0.80  garr 106.1  tG 947  e2 0.04  nF 2.7  pS 0.33  ptS 0.33  fLog 0.67  pdΔ -0.1713  pkR 7.57  clip 0.08  kl +0.002
upd   62  steps  129024  sps 1366  opp symm  loss +0.048  pg +0.0550  v 0.015  ev +0.90  adv_std 0.177  tR -0.19  ent[s/d/p/e] 1.45/2.19/1.43/0.39  emits 0.20  spf 75.6  z0 0.85  garr 73.7  tG 508  e2 0.04  nF 1.8  pS 0.21  ptS 0.21  fLog 0.64  pdΔ -0.2902  pkR 8.76  clip 0.06  kl +0.002
upd   63  steps  131072  sps 1378  opp symm  loss -0.038  pg -0.0287  v 0.009  ev +0.94  adv_std 0.134  tR +1.00  ent[s/d/p/e] 1.28/2.25/1.43/0.39  emits 0.16  spf 70.6  z0 0.88  garr 69.8  tG 419  e2 0.03  nF 1.7  pS 0.18  ptS 0.19  fLog 0.64  pdΔ -0.3160  pkR 12.14  clip 0.08  kl +0.003
upd   64  steps  133120  sps 1390  opp symm  loss +0.006  pg +0.0179  v 0.006  ev +0.96  adv_std 0.111  tR +1.00  ent[s/d/p/e] 1.32/2.24/1.57/0.33  emits 0.18  spf 66.7  z0 0.86  garr 78.2  tG 448  e2 0.03  nF 1.8  pS 0.20  ptS 0.20  fLog 0.63  pdΔ -0.3039  pkR 12.88  clip 0.10  kl +0.007
upd   65  steps  135168  sps 1402  opp symm  loss -0.016  pg -0.0034  v 0.007  ev +0.96  adv_std 0.115  tR +0.00  ent[s/d/p/e] 1.39/2.31/1.60/0.39  emits 0.17  spf 70.4  z0 0.87  garr 83.6  tG 477  e2 0.03  nF 1.8  pS 0.21  ptS 0.21  fLog 0.65  pdΔ -0.2898  pkR 12.29  clip 0.07  kl +0.001
upd   66  steps  137216  sps 1414  opp symm  loss +0.000  pg +0.0125  v 0.005  ev +0.97  adv_std 0.103  tR -1.00  ent[s/d/p/e] 1.49/2.32/1.53/0.34  emits 0.14  spf 77.4  z0 0.89  garr 96.2  tG 532  e2 0.02  nF 1.6  pS 0.22  ptS 0.22  fLog 0.66  pdΔ -0.2773  pkR 4.68  clip 0.03  kl +0.000
upd   67  steps  139264  sps 1425  opp symm  loss +0.006  pg +0.0170  v 0.008  ev +0.95  adv_std 0.119  tR +0.00  ent[s/d/p/e] 1.50/2.29/1.58/0.36  emits 0.15  spf 92.9  z0 0.87  garr 111.7  tG 626  e2 0.02  nF 1.5  pS 0.24  ptS 0.23  fLog 0.68  pdΔ -0.2618  pkR 4.31  clip 0.06  kl +0.002
upd   68  steps  141312  sps 1437  opp symm  loss +0.028  pg +0.0412  v 0.005  ev +0.97  adv_std 0.090  tR -1.00  ent[s/d/p/e] 1.53/2.36/1.63/0.35  emits 0.15  spf 97.3  z0 0.88  garr 123.9  tG 744  e2 0.02  nF 1.4  pS 0.26  ptS 0.25  fLog 0.69  pdΔ -0.2411  pkR 4.42  clip 0.04  kl +0.002
upd   69  steps  143360  sps 1448  opp symm  loss +0.018  pg +0.0305  v 0.006  ev +0.96  adv_std 0.100  tR +1.00  ent[s/d/p/e] 1.49/2.29/1.57/0.35  emits 0.15  spf 107.8  z0 0.88  garr 135.2  tG 844  e2 0.02  nF 1.4  pS 0.27  ptS 0.26  fLog 0.70  pdΔ -0.2327  pkR 4.72  clip 0.05  kl +0.002
upd   70  steps  145408  sps 1459  opp symm  loss +0.011  pg +0.0219  v 0.009  ev +0.94  adv_std 0.128  tR -0.60  ent[s/d/p/e] 1.62/2.31/1.61/0.37  emits 0.13  spf 108.0  z0 0.89  garr 150.0  tG 997  e2 0.02  nF 1.3  pS 0.28  ptS 0.28  fLog 0.71  pdΔ -0.2168  pkR 4.86  clip 0.05  kl +0.001
upd   71  steps  147456  sps 1470  opp symm  loss -0.008  pg +0.0036  v 0.006  ev +0.97  adv_std 0.102  tR +0.00  ent[s/d/p/e] 1.57/2.28/1.54/0.30  emits 0.13  spf 137.7  z0 0.89  garr 166.7  tG 1138  e2 0.01  nF 1.2  pS 0.28  ptS 0.28  fLog 0.74  pdΔ -0.2163  pkR 4.91  clip 0.07  kl +0.004
upd   72  steps  149504  sps 1481  opp symm  loss -0.027  pg -0.0161  v 0.009  ev +0.94  adv_std 0.134  tR -0.60  ent[s/d/p/e] 1.51/2.27/1.61/0.35  emits 0.13  spf 126.9  z0 0.90  garr 170.9  tG 1171  e2 0.02  nF 1.1  pS 0.28  ptS 0.27  fLog 0.72  pdΔ -0.2204  pkR 4.89  clip 0.05  kl +0.001
upd   73  steps  151552  sps 1492  opp symm  loss +0.023  pg +0.0364  v 0.004  ev +0.98  adv_std 0.084  tR -1.00  ent[s/d/p/e] 1.61/2.31/1.63/0.29  emits 0.12  spf 150.4  z0 0.90  garr 178.9  tG 1233  e2 0.02  nF 1.0  pS 0.28  ptS 0.28  fLog 0.75  pdΔ -0.2175  pkR 5.94  clip 0.05  kl +0.000
upd   74  steps  153600  sps 1502  opp symm  loss +0.005  pg +0.0174  v 0.006  ev +0.96  adv_std 0.108  tR +0.00  ent[s/d/p/e] 1.56/2.27/1.61/0.33  emits 0.11  spf 160.4  z0 0.90  garr 190.7  tG 1320  e2 0.02  nF 0.9  pS 0.29  ptS 0.28  fLog 0.76  pdΔ -0.2147  pkR 5.30  clip 0.03  kl +0.001
upd   75  steps  155648  sps 1513  opp symm  loss -0.076  pg -0.0646  v 0.007  ev +0.95  adv_std 0.118  tR -1.00  ent[s/d/p/e] 1.53/2.30/1.61/0.32  emits 0.11  spf 152.1  z0 0.90  garr 197.8  tG 1440  e2 0.01  nF 0.9  pS 0.29  ptS 0.28  fLog 0.74  pdΔ -0.2138  pkR 5.55  clip 0.04  kl +0.001
upd   76  steps  157696  sps 1523  opp symm  loss -0.037  pg -0.0248  v 0.005  ev +0.97  adv_std 0.096  tR +1.00  ent[s/d/p/e] 1.63/2.27/1.48/0.33  emits 0.13  spf 164.7  z0 0.89  garr 205.7  tG 1549  e2 0.02  nF 1.0  pS 0.30  ptS 0.29  fLog 0.76  pdΔ -0.1984  pkR 6.76  clip 0.03  kl +0.001
upd   77  steps  159744  sps 1533  opp symm  loss -0.029  pg -0.0218  v 0.016  ev +0.93  adv_std 0.186  tR +0.04  ent[s/d/p/e] 1.54/2.23/1.59/0.33  emits 0.11  spf 156.9  z0 0.90  garr 196.5  tG 1494  e2 0.01  nF 0.9  pS 0.29  ptS 0.28  fLog 0.74  pdΔ -0.2108  pkR 7.70  clip 0.03  kl +0.001
upd   78  steps  161792  sps 1543  opp symm  loss +0.036  pg +0.0449  v 0.011  ev +0.92  adv_std 0.147  tR -1.00  ent[s/d/p/e] 1.13/2.23/1.51/0.34  emits 0.15  spf 104.0  z0 0.88  garr 117.2  tG 694  e2 0.02  nF 1.0  pS 0.20  ptS 0.19  fLog 0.68  pdΔ -0.3018  pkR 6.99  clip 0.04  kl +0.002
upd   79  steps  163840  sps 1553  opp symm  loss -0.040  pg -0.0281  v 0.006  ev +0.96  adv_std 0.114  tR -1.00  ent[s/d/p/e] 1.30/2.22/1.61/0.38  emits 0.17  spf 103.4  z0 0.87  garr 125.6  tG 785  e2 0.02  nF 1.4  pS 0.23  ptS 0.22  fLog 0.68  pdΔ -0.2670  pkR 6.41  clip 0.04  kl +0.000
upd   80  steps  165888  sps 1563  opp symm  loss +0.011  pg +0.0226  v 0.008  ev +0.96  adv_std 0.123  tR +0.00  ent[s/d/p/e] 1.32/2.26/1.63/0.36  emits 0.14  spf 103.2  z0 0.88  garr 144.7  tG 939  e2 0.02  nF 1.4  pS 0.25  ptS 0.24  fLog 0.69  pdΔ -0.2454  pkR 5.75  clip 0.04  kl +0.000
upd   81  steps  167936  sps 1573  opp symm  loss +0.011  pg +0.0225  v 0.008  ev +0.96  adv_std 0.123  tR +0.00  ent[s/d/p/e] 1.44/2.21/1.75/0.37  emits 0.15  spf 118.9  z0 0.88  garr 152.5  tG 985  e2 0.02  nF 1.4  pS 0.26  ptS 0.25  fLog 0.72  pdΔ -0.2367  pkR 5.21  clip 0.07  kl +0.003
upd   82  steps  169984  sps 1582  opp symm  loss +0.001  pg +0.0106  v 0.011  ev +0.95  adv_std 0.145  tR +1.00  ent[s/d/p/e] 1.42/2.23/1.74/0.29  emits 0.12  spf 126.5  z0 0.90  garr 163.3  tG 1078  e2 0.01  nF 1.1  pS 0.27  ptS 0.26  fLog 0.72  pdΔ -0.2328  pkR 5.06  clip 0.05  kl +0.003
upd   83  steps  172032  sps 1592  opp symm  loss -0.025  pg -0.0139  v 0.008  ev +0.96  adv_std 0.123  tR +1.00  ent[s/d/p/e] 1.45/2.18/1.62/0.35  emits 0.14  spf 114.5  z0 0.88  garr 172.6  tG 1144  e2 0.02  nF 1.2  pS 0.27  ptS 0.27  fLog 0.71  pdΔ -0.2256  pkR 4.61  clip 0.04  kl -0.002
upd   84  steps  174080  sps 1601  opp symm  loss -0.006  pg +0.0050  v 0.008  ev +0.96  adv_std 0.122  tR +0.00  ent[s/d/p/e] 1.47/2.15/1.71/0.29  emits 0.12  spf 128.5  z0 0.90  garr 183.6  tG 1204  e2 0.01  nF 1.2  pS 0.28  ptS 0.27  fLog 0.73  pdΔ -0.2248  pkR 4.21  clip 0.04  kl +0.002
upd   85  steps  176128  sps 1611  opp symm  loss -0.012  pg +0.0002  v 0.007  ev +0.97  adv_std 0.113  tR -1.00  ent[s/d/p/e] 1.55/2.14/1.59/0.33  emits 0.11  spf 147.8  z0 0.90  garr 202.4  tG 1327  e2 0.01  nF 1.1  pS 0.28  ptS 0.28  fLog 0.75  pdΔ -0.2180  pkR 3.82  clip 0.04  kl +0.001
upd   86  steps  178176  sps 1620  opp symm  loss -0.017  pg -0.0067  v 0.009  ev +0.96  adv_std 0.132  tR +0.50  ent[s/d/p/e] 1.60/2.07/1.54/0.31  emits 0.14  spf 157.9  z0 0.88  garr 199.0  tG 1324  e2 0.02  nF 1.0  pS 0.28  ptS 0.28  fLog 0.77  pdΔ -0.2165  pkR 3.59  clip 0.05  kl +0.004
upd   87  steps  180224  sps 1629  opp symm  loss -0.028  pg -0.0192  v 0.012  ev +0.95  adv_std 0.156  tR +0.00  ent[s/d/p/e] 1.60/2.08/1.58/0.31  emits 0.13  spf 143.1  z0 0.89  garr 183.5  tG 1227  e2 0.02  nF 1.1  pS 0.28  ptS 0.27  fLog 0.76  pdΔ -0.2223  pkR 3.85  clip 0.03  kl -0.000
upd   88  steps  182272  sps 1638  opp symm  loss -0.045  pg -0.0362  v 0.011  ev +0.96  adv_std 0.146  tR +0.00  ent[s/d/p/e] 1.55/2.02/1.46/0.33  emits 0.11  spf 152.0  z0 0.91  garr 185.2  tG 1222  e2 0.02  nF 0.9  pS 0.27  ptS 0.27  fLog 0.76  pdΔ -0.2271  pkR 4.35  clip 0.04  kl +0.000
upd   89  steps  184320  sps 1646  opp symm  loss -0.008  pg +0.0026  v 0.007  ev +0.98  adv_std 0.115  tR -1.00  ent[s/d/p/e] 1.52/1.94/1.43/0.31  emits 0.12  spf 145.5  z0 0.89  garr 196.3  tG 1331  e2 0.02  nF 1.1  pS 0.28  ptS 0.28  fLog 0.75  pdΔ -0.2218  pkR 4.51  clip 0.05  kl +0.003
upd   90  steps  186368  sps 1655  opp symm  loss -0.020  pg -0.0107  v 0.010  ev +0.96  adv_std 0.138  tR -0.33  ent[s/d/p/e] 1.58/1.96/1.33/0.34  emits 0.13  spf 145.5  z0 0.89  garr 198.4  tG 1359  e2 0.02  nF 1.0  pS 0.28  ptS 0.28  fLog 0.75  pdΔ -0.2206  pkR 4.75  clip 0.06  kl -0.000
upd   91  steps  188416  sps 1664  opp symm  loss +0.078  pg +0.0858  v 0.012  ev +0.95  adv_std 0.158  tR +1.00  ent[s/d/p/e] 1.48/1.98/1.33/0.31  emits 0.12  spf 133.2  z0 0.90  garr 208.0  tG 1437  e2 0.02  nF 1.0  pS 0.29  ptS 0.28  fLog 0.73  pdΔ -0.2147  pkR 4.52  clip 0.04  kl +0.002
upd   92  steps  190464  sps 1672  opp symm  loss +0.091  pg +0.0992  v 0.010  ev +0.96  adv_std 0.140  tR -1.00  ent[s/d/p/e] 1.44/1.99/1.31/0.31  emits 0.11  spf 145.2  z0 0.91  garr 224.2  tG 1538  e2 0.01  nF 1.0  pS 0.29  ptS 0.28  fLog 0.75  pdΔ -0.2141  pkR 4.46  clip 0.04  kl +0.002
upd   93  steps  192512  sps 1681  opp symm  loss -0.029  pg -0.0214  v 0.010  ev +0.96  adv_std 0.141  tR -0.17  ent[s/d/p/e] 1.14/2.05/1.24/0.26  emits 0.08  spf 110.7  z0 0.92  garr 174.5  tG 1119  e2 0.01  nF 0.7  pS 0.22  ptS 0.22  fLog 0.69  pdΔ -0.2756  pkR 7.03  clip 0.02  kl +0.002
upd   94  steps  194560  sps 1689  opp symm  loss +0.011  pg +0.0210  v 0.004  ev +0.98  adv_std 0.088  tR +0.00  ent[s/d/p/e] 1.04/1.95/1.16/0.29  emits 0.10  spf 102.0  z0 0.91  garr 156.3  tG 897  e2 0.01  nF 0.9  pS 0.20  ptS 0.20  fLog 0.67  pdΔ -0.3026  pkR 9.13  clip 0.03  kl +0.000
upd   95  steps  196608  sps 1697  opp symm  loss +0.006  pg +0.0156  v 0.005  ev +0.97  adv_std 0.102  tR -1.00  ent[s/d/p/e] 1.10/2.04/1.13/0.27  emits 0.10  spf 100.5  z0 0.92  garr 172.9  tG 1026  e2 0.01  nF 0.9  pS 0.21  ptS 0.21  fLog 0.69  pdΔ -0.2930  pkR 8.36  clip 0.03  kl +0.003
upd   96  steps  198656  sps 1705  opp symm  loss +0.108  pg +0.1176  v 0.006  ev +0.97  adv_std 0.099  tR +0.00  ent[s/d/p/e] 1.26/2.04/1.18/0.28  emits 0.10  spf 113.7  z0 0.92  garr 197.1  tG 1186  e2 0.01  nF 0.9  pS 0.23  ptS 0.23  fLog 0.70  pdΔ -0.2723  pkR 8.52  clip 0.05  kl +0.004
upd   97  steps  200704  sps 1713  opp symm  loss +0.121  pg +0.1300  v 0.007  ev +0.97  adv_std 0.113  tR -0.50  ent[s/d/p/e] 1.37/1.95/1.25/0.24  emits 0.08  spf 139.8  z0 0.93  garr 220.7  tG 1259  e2 0.01  nF 0.8  pS 0.24  ptS 0.23  fLog 0.74  pdΔ -0.2622  pkR 5.65  clip 0.04  kl +0.003
upd   98  steps  202752  sps 1721  opp symm  loss +0.114  pg +0.1230  v 0.007  ev +0.97  adv_std 0.112  tR +0.00  ent[s/d/p/e] 1.40/1.85/1.33/0.21  emits 0.08  spf 125.6  z0 0.93  garr 231.4  tG 1217  e2 0.01  nF 0.8  pS 0.23  ptS 0.23  fLog 0.72  pdΔ -0.2666  pkR 5.53  clip 0.04  kl +0.002
[eval_vs_v20] u99 tag=train_u99  bin0=0.0%  spf=72.80  garr=119.40  flip=13.33%  z0=61.0%  e8=0.0%  e2+=0.4%  WLD=0/3/0
upd   99  steps  204800  sps 1729  opp symm  loss -0.013  pg -0.0016  v 0.004  ev +0.98  adv_std 0.090  tR -1.00  ent[s/d/p/e] 1.34/2.03/1.41/0.21  emits 0.07  spf 112.1  z0 0.93  garr 251.9  tG 1355  e2 0.01  nF 0.7  pS 0.24  ptS 0.24  fLog 0.71  pdΔ -0.2583  pkR 3.06  clip 0.02  kl -0.001 WRr 1.00 v20[spf 72.8 flip 13.3% e2+ 0.4%]
upd  100  steps  206848  sps 944  opp symm  loss -0.008  pg +0.0024  v 0.006  ev +0.97  adv_std 0.104  tR -1.00  ent[s/d/p/e] 1.33/2.03/1.34/0.23  emits 0.07  spf 126.0  z0 0.94  garr 275.7  tG 1563  e2 0.01  nF 0.7  pS 0.25  ptS 0.25  fLog 0.70  pdΔ -0.2461  pkR 3.06  clip 0.03  kl +0.000
upd  101  steps  208896  sps 950  opp symm  loss -0.005  pg +0.0048  v 0.006  ev +0.97  adv_std 0.107  tR -0.33  ent[s/d/p/e] 1.53/1.93/1.20/0.20  emits 0.08  spf 153.4  z0 0.93  garr 304.3  tG 1777  e2 0.01  nF 0.7  pS 0.27  ptS 0.26  fLog 0.75  pdΔ -0.2317  pkR 3.14  clip 0.02  kl +0.001
upd  102  steps  210944  sps 957  opp symm  loss -0.060  pg -0.0501  v 0.006  ev +0.97  adv_std 0.105  tR -0.50  ent[s/d/p/e] 1.53/1.93/1.26/0.22  emits 0.07  spf 147.1  z0 0.94  garr 314.8  tG 1911  e2 0.01  nF 0.7  pS 0.28  ptS 0.27  fLog 0.72  pdΔ -0.2214  pkR 3.02  clip 0.03  kl +0.001
upd  103  steps  212992  sps 963  opp symm  loss -0.012  pg -0.0043  v 0.010  ev +0.95  adv_std 0.143  tR -0.60  ent[s/d/p/e] 1.35/1.90/1.18/0.22  emits 0.08  spf 120.9  z0 0.93  garr 329.7  tG 2061  e2 0.01  nF 0.6  pS 0.29  ptS 0.27  fLog 0.70  pdΔ -0.2149  pkR 3.23  clip 0.03  kl +0.001
upd  104  steps  215040  sps 970  opp symm  loss -0.061  pg -0.0510  v 0.006  ev +0.97  adv_std 0.111  tR -1.00  ent[s/d/p/e] 1.37/1.89/1.32/0.25  emits 0.08  spf 141.6  z0 0.93  garr 347.4  tG 2200  e2 0.01  nF 0.7  pS 0.28  ptS 0.27  fLog 0.72  pdΔ -0.2186  pkR 3.73  clip 0.03  kl +0.001
upd  105  steps  217088  sps 976  opp symm  loss +0.068  pg +0.0768  v 0.007  ev +0.97  adv_std 0.119  tR +0.33  ent[s/d/p/e] 1.44/1.83/1.36/0.20  emits 0.07  spf 167.4  z0 0.94  garr 378.5  tG 2408  e2 0.01  nF 0.6  pS 0.29  ptS 0.27  fLog 0.75  pdΔ -0.2148  pkR 3.99  clip 0.03  kl +0.000
upd  106  steps  219136  sps 982  opp symm  loss +0.045  pg +0.0555  v 0.005  ev +0.98  adv_std 0.101  tR +1.00  ent[s/d/p/e] 1.38/1.68/1.45/0.23  emits 0.08  spf 174.8  z0 0.94  garr 370.0  tG 2276  e2 0.01  nF 0.5  pS 0.27  ptS 0.26  fLog 0.74  pdΔ -0.2315  pkR 4.84  clip 0.03  kl +0.000
upd  107  steps  221184  sps 989  opp symm  loss -0.048  pg -0.0384  v 0.005  ev +0.98  adv_std 0.098  tR -1.00  ent[s/d/p/e] 1.44/1.80/1.25/0.24  emits 0.07  spf 215.7  z0 0.94  garr 396.0  tG 2514  e2 0.01  nF 0.6  pS 0.28  ptS 0.27  fLog 0.78  pdΔ -0.2186  pkR 4.92  clip 0.03  kl +0.002
upd  108  steps  223232  sps 995  opp symm  loss -0.047  pg -0.0468  v 0.025  ev +0.89  adv_std 0.229  tR +0.38  ent[s/d/p/e] 1.31/1.86/1.25/0.24  emits 0.08  spf 207.0  z0 0.93  garr 389.2  tG 2565  e2 0.00  nF 0.7  pS 0.29  ptS 0.27  fLog 0.77  pdΔ -0.2135  pkR 4.84  clip 0.03  kl +0.001
upd  109  steps  225280  sps 1001  opp symm  loss +0.000  pg +0.0081  v 0.006  ev +0.96  adv_std 0.111  tR +0.00  ent[s/d/p/e] 0.83/1.66/1.20/0.26  emits 0.12  spf 95.6  z0 0.90  garr 195.3  tG 1335  e2 0.01  nF 0.9  pS 0.21  ptS 0.20  fLog 0.61  pdΔ -0.2879  pkR 6.69  clip 0.06  kl +0.002
upd  110  steps  227328  sps 1007  opp symm  loss -0.007  pg +0.0012  v 0.008  ev +0.96  adv_std 0.132  tR +0.00  ent[s/d/p/e] 1.11/1.83/1.27/0.33  emits 0.14  spf 100.8  z0 0.90  garr 208.1  tG 1345  e2 0.02  nF 1.2  pS 0.24  ptS 0.22  fLog 0.63  pdΔ -0.2649  pkR 6.95  clip 0.04  kl +0.001
upd  111  steps  229376  sps 1014  opp symm  loss -0.049  pg -0.0399  v 0.007  ev +0.97  adv_std 0.116  tR +0.00  ent[s/d/p/e] 1.35/1.75/1.41/0.30  emits 0.13  spf 98.3  z0 0.90  garr 223.4  tG 1437  e2 0.02  nF 1.4  pS 0.26  ptS 0.25  fLog 0.66  pdΔ -0.2358  pkR 6.60  clip 0.05  kl +0.002
upd  112  steps  231424  sps 1020  opp symm  loss -0.005  pg +0.0031  v 0.010  ev +0.96  adv_std 0.144  tR +0.33  ent[s/d/p/e] 1.53/1.55/1.39/0.32  emits 0.14  spf 115.1  z0 0.89  garr 230.4  tG 1461  e2 0.02  nF 1.3  pS 0.28  ptS 0.27  fLog 0.69  pdΔ -0.2192  pkR 6.10  clip 0.05  kl +0.001
upd  113  steps  233472  sps 1026  opp symm  loss -0.010  pg -0.0011  v 0.008  ev +0.97  adv_std 0.120  tR +0.20  ent[s/d/p/e] 1.49/1.45/1.41/0.34  emits 0.11  spf 127.2  z0 0.91  garr 235.8  tG 1489  e2 0.01  nF 1.1  pS 0.28  ptS 0.27  fLog 0.71  pdΔ -0.2173  pkR 4.95  clip 0.08  kl +0.008
upd  114  steps  235520  sps 1032  opp symm  loss -0.010  pg -0.0001  v 0.006  ev +0.98  adv_std 0.109  tR -1.00  ent[s/d/p/e] 1.54/1.51/1.30/0.27  emits 0.12  spf 144.1  z0 0.90  garr 234.3  tG 1513  e2 0.01  nF 1.0  pS 0.29  ptS 0.28  fLog 0.74  pdΔ -0.2115  pkR 5.18  clip 0.07  kl +0.003
upd  115  steps  237568  sps 1038  opp symm  loss -0.004  pg +0.0064  v 0.006  ev +0.98  adv_std 0.100  tR +0.33  ent[s/d/p/e] 1.46/1.64/1.33/0.31  emits 0.10  spf 118.8  z0 0.92  garr 249.6  tG 1650  e2 0.01  nF 0.8  pS 0.30  ptS 0.29  fLog 0.70  pdΔ -0.1985  pkR 4.92  clip 0.04  kl +0.001
upd  116  steps  239616  sps 1044  opp symm  loss -0.013  pg -0.0042  v 0.007  ev +0.97  adv_std 0.118  tR +0.00  ent[s/d/p/e] 1.62/1.62/1.17/0.29  emits 0.11  spf 146.5  z0 0.90  garr 279.4  tG 1914  e2 0.01  nF 1.1  pS 0.32  ptS 0.31  fLog 0.74  pdΔ -0.1776  pkR 4.24  clip 0.04  kl +0.000
upd  117  steps  241664  sps 1050  opp symm  loss +0.101  pg +0.1095  v 0.006  ev +0.98  adv_std 0.111  tR -0.50  ent[s/d/p/e] 1.66/1.61/1.10/0.30  emits 0.12  spf 145.3  z0 0.90  garr 290.1  tG 2033  e2 0.02  nF 1.1  pS 0.33  ptS 0.31  fLog 0.75  pdΔ -0.1706  pkR 4.39  clip 0.04  kl +0.002
upd  118  steps  243712  sps 1056  opp symm  loss -0.021  pg -0.0168  v 0.015  ev +0.94  adv_std 0.179  tR +0.00  ent[s/d/p/e] 1.58/1.44/1.06/0.31  emits 0.11  spf 151.8  z0 0.91  garr 288.8  tG 2018  e2 0.01  nF 1.0  pS 0.32  ptS 0.30  fLog 0.74  pdΔ -0.1793  pkR 4.93  clip 0.03  kl +0.003
upd  119  steps  245760  sps 1062  opp symm  loss +0.025  pg +0.0345  v 0.005  ev +0.98  adv_std 0.086  tR -0.33  ent[s/d/p/e] 1.48/1.52/1.15/0.29  emits 0.11  spf 124.6  z0 0.91  garr 289.5  tG 2093  e2 0.02  nF 0.9  pS 0.32  ptS 0.31  fLog 0.71  pdΔ -0.1770  pkR 5.29  clip 0.04  kl +0.001
upd  120  steps  247808  sps 1068  opp symm  loss +0.175  pg +0.1828  v 0.010  ev +0.96  adv_std 0.142  tR +1.00  ent[s/d/p/e] 1.42/1.68/1.31/0.28  emits 0.11  spf 121.3  z0 0.91  garr 314.0  tG 2389  e2 0.01  nF 1.2  pS 0.34  ptS 0.32  fLog 0.69  pdΔ -0.1606  pkR 5.75  clip 0.04  kl +0.002
upd  121  steps  249856  sps 1073  opp symm  loss +0.099  pg +0.1069  v 0.008  ev +0.97  adv_std 0.131  tR +0.33  ent[s/d/p/e] 1.55/1.63/1.15/0.24  emits 0.12  spf 141.0  z0 0.90  garr 323.1  tG 2479  e2 0.02  nF 1.2  pS 0.33  ptS 0.32  fLog 0.70  pdΔ -0.1671  pkR 5.19  clip 0.07  kl +0.005
upd  122  steps  251904  sps 1079  opp symm  loss +0.048  pg +0.0559  v 0.007  ev +0.97  adv_std 0.120  tR -1.00  ent[s/d/p/e] 1.53/1.70/1.16/0.26  emits 0.09  spf 109.5  z0 0.93  garr 346.0  tG 2695  e2 0.01  nF 0.9  pS 0.34  ptS 0.33  fLog 0.69  pdΔ -0.1623  pkR 4.61  clip 0.03  kl +0.002
upd  123  steps  253952  sps 1085  opp symm  loss +0.051  pg +0.0609  v 0.004  ev +0.98  adv_std 0.086  tR -1.00  ent[s/d/p/e] 1.52/1.71/1.23/0.23  emits 0.10  spf 114.7  z0 0.92  garr 387.7  tG 3052  e2 0.01  nF 0.9  pS 0.35  ptS 0.34  fLog 0.68  pdΔ -0.1485  pkR 4.50  clip 0.03  kl +0.000
upd  124  steps  256000  sps 1091  opp symm  loss +0.039  pg +0.0384  v 0.022  ev +0.90  adv_std 0.218  tR +0.12  ent[s/d/p/e] 1.20/1.47/1.07/0.26  emits 0.12  spf 84.9  z0 0.91  garr 293.1  tG 2248  e2 0.02  nF 1.2  pS 0.28  ptS 0.27  fLog 0.63  pdΔ -0.2165  pkR 6.45  clip 0.04  kl +0.001
upd  125  steps  258048  sps 1096  opp symm  loss -0.039  pg -0.0333  v 0.010  ev +0.95  adv_std 0.134  tR +1.00  ent[s/d/p/e] 1.06/1.44/1.12/0.32  emits 0.15  spf 60.9  z0 0.89  garr 208.4  tG 1452  e2 0.03  nF 1.5  pS 0.25  ptS 0.24  fLog 0.60  pdΔ -0.2519  pkR 7.70  clip 0.03  kl -0.001
upd  126  steps  260096  sps 1102  opp symm  loss -0.018  pg -0.0108  v 0.011  ev +0.94  adv_std 0.150  tR +0.00  ent[s/d/p/e] 1.35/1.61/1.26/0.36  emits 0.19  spf 67.6  z0 0.86  garr 230.2  tG 1551  e2 0.03  nF 1.5  pS 0.27  ptS 0.26  fLog 0.63  pdΔ -0.2270  pkR 5.56  clip 0.05  kl -0.000