
=== [2026-06-10T23:25:13Z] v14d_binary_v2_a_p0i3_ORBITWARS_SHAPING_PROD_SHARE_DELTA_0.01_77d5af9a26 phase=a kind=probe chunk=400 env={"ORBITWARS_SHAPING_HOLD_BONUS": 0.004, "ORBITWARS_SHAPING_CAPTURE": 0.04, "ORBITWARS_SHAPING_RELEASE": 0.0075, "ORBITWARS_SHAPING_RELEASE_K": 17.0, "ORBITWARS_SHAPING_PROD_SHARE_DELTA": 0.01, "ORBITWARS_SHAPING_ONE_SHIP_PENALTY": 0.04} ppo={"ent_coef_emit": 0.004, "lr_peak": 4e-05} ===
[reward] kaggle-aligned: terminal +1 win/+1 tie>0/-1 loss/-1 double-wipeout; is_terminal at step >= episode_steps-2; SHAPING_SCALE=0.0; v1: KEEP_HOME=0.0 FLEET_SIZE=0.0/norm20.0; v2 (expert-replay calibrated): PROD_SHARE=0.0 PLANET_SHARE=0.0 FLEET_LOG=0.0/ref500.0/floor0.3; v3 (top10-2630ep calibrated): PROD_SHARE_DELTA=0.01 EMIT_LOG=0.0 EMIT_GATED=0.0 RELEASE=0.0075/K17.0 CAPTURE=0.04; episode_steps=500 (kaggle=500, mismatch=False)
[symmetric] Frog Parade style: same params drive BOTH players, no frozen/strong/buffer opponents, zero_sum_value=True
upd    0  steps    2048  sps 38  opp symm  loss -0.069  pg -0.0613  v 0.003  ev +0.12  adv_std 0.076  tR +0.00  ent[s/d/p/e] 0.34/1.31/1.20/0.33  emits 0.30  spf 15.9  z0 0.77  garr 15.2  tG 22  e2 0.05  nF 1.9  pS 0.07  ptS 0.07  fLog 0.42  pdΔ -0.4348  pkR 8.84  clip 0.02  kl +0.001
upd    1  steps    4096  sps 75  opp symm  loss +0.010  pg +0.0168  v 0.007  ev +0.40  adv_std 0.115  tR -1.00  ent[s/d/p/e] 0.77/1.30/1.10/0.50  emits 0.70  spf 16.4  z0 0.59  garr 15.0  tG 45  e2 0.17  nF 7.0  pS 0.12  ptS 0.11  fLog 0.40  pdΔ -0.3836  pkR 9.37  clip 0.13  kl +0.000
upd    2  steps    6144  sps 111  opp symm  loss +0.061  pg +0.0692  v 0.006  ev +0.64  adv_std 0.108  tR +0.00  ent[s/d/p/e] 1.08/1.58/1.00/0.54  emits 1.13  spf 17.6  z0 0.49  garr 16.9  tG 77  e2 0.28  nF 13.6  pS 0.17  ptS 0.17  fLog 0.40  pdΔ -0.3253  pkR 8.31  clip 0.13  kl -0.001
upd    3  steps    8192  sps 146  opp symm  loss +0.029  pg +0.0371  v 0.008  ev +0.69  adv_std 0.120  tR +0.00  ent[s/d/p/e] 1.38/1.82/0.99/0.56  emits 1.21  spf 20.8  z0 0.47  garr 21.5  tG 130  e2 0.29  nF 17.4  pS 0.24  ptS 0.22  fLog 0.42  pdΔ -0.2649  pkR 8.66  clip 0.19  kl +0.010
upd    4  steps   10240  sps 181  opp symm  loss +0.031  pg +0.0367  v 0.014  ev +0.51  adv_std 0.158  tR +1.00  ent[s/d/p/e] 1.49/1.91/0.98/0.60  emits 1.17  spf 25.9  z0 0.49  garr 28.0  tG 213  e2 0.29  nF 17.4  pS 0.28  ptS 0.27  fLog 0.44  pdΔ -0.2175  pkR 7.77  clip 0.23  kl +0.005
upd    5  steps   12288  sps 214  opp symm  loss +0.059  pg +0.0680  v 0.009  ev +0.56  adv_std 0.131  tR +0.00  ent[s/d/p/e] 1.60/1.97/1.00/0.61  emits 1.11  spf 28.4  z0 0.49  garr 35.5  tG 305  e2 0.29  nF 16.6  pS 0.32  ptS 0.31  fLog 0.44  pdΔ -0.1818  pkR 6.88  clip 0.26  kl +0.006
upd    6  steps   14336  sps 247  opp symm  loss +0.043  pg +0.0533  v 0.007  ev +0.67  adv_std 0.122  tR +1.00  ent[s/d/p/e] 1.66/2.07/0.97/0.62  emits 0.95  spf 35.2  z0 0.53  garr 42.9  tG 397  e2 0.25  nF 14.9  pS 0.34  ptS 0.34  fLog 0.47  pdΔ -0.1574  pkR 5.72  clip 0.27  kl +0.003
upd    7  steps   16384  sps 279  opp symm  loss -0.008  pg +0.0038  v 0.007  ev +0.74  adv_std 0.118  tR +0.00  ent[s/d/p/e] 1.79/2.17/1.05/0.63  emits 0.75  spf 45.2  z0 0.59  garr 52.0  tG 523  e2 0.20  nF 12.7  pS 0.36  ptS 0.36  fLog 0.50  pdΔ -0.1357  pkR 6.54  clip 0.14  kl +0.004
upd    8  steps   18432  sps 311  opp symm  loss +0.020  pg +0.0324  v 0.004  ev +0.83  adv_std 0.095  tR -1.00  ent[s/d/p/e] 1.79/2.13/1.05/0.60  emits 0.63  spf 49.9  z0 0.65  garr 67.1  tG 727  e2 0.15  nF 10.1  pS 0.39  ptS 0.39  fLog 0.51  pdΔ -0.1095  pkR 5.65  clip 0.20  kl +0.007
upd    9  steps   20480  sps 342  opp symm  loss +0.019  pg +0.0314  v 0.005  ev +0.84  adv_std 0.106  tR +1.00  ent[s/d/p/e] 1.86/2.21/1.05/0.59  emits 0.62  spf 62.7  z0 0.64  garr 73.9  tG 822  e2 0.15  nF 8.0  pS 0.39  ptS 0.39  fLog 0.54  pdΔ -0.1084  pkR 5.25  clip 0.17  kl +0.006
upd   10  steps   22528  sps 372  opp symm  loss -0.004  pg +0.0087  v 0.005  ev +0.89  adv_std 0.105  tR +0.00  ent[s/d/p/e] 1.88/2.24/1.12/0.60  emits 0.59  spf 66.2  z0 0.66  garr 77.3  tG 861  e2 0.14  nF 7.9  pS 0.39  ptS 0.39  fLog 0.54  pdΔ -0.1058  pkR 5.88  clip 0.12  kl +0.001
upd   11  steps   24576  sps 401  opp symm  loss +0.047  pg +0.0608  v 0.004  ev +0.93  adv_std 0.092  tR -1.00  ent[s/d/p/e] 1.91/2.25/1.15/0.57  emits 0.51  spf 67.7  z0 0.70  garr 84.2  tG 918  e2 0.12  nF 7.4  pS 0.40  ptS 0.40  fLog 0.55  pdΔ -0.1007  pkR 5.08  clip 0.15  kl +0.007
upd   12  steps   26624  sps 430  opp symm  loss +0.090  pg +0.1033  v 0.003  ev +0.95  adv_std 0.084  tR +0.33  ent[s/d/p/e] 1.91/2.25/1.12/0.56  emits 0.44  spf 80.1  z0 0.71  garr 96.5  tG 1081  e2 0.09  nF 6.1  pS 0.41  ptS 0.41  fLog 0.58  pdΔ -0.0887  pkR 4.64  clip 0.13  kl +0.000
upd   13  steps   28672  sps 458  opp symm  loss +0.055  pg +0.0676  v 0.004  ev +0.94  adv_std 0.097  tR +0.00  ent[s/d/p/e] 1.84/2.20/1.21/0.55  emits 0.46  spf 83.0  z0 0.70  garr 101.1  tG 1131  e2 0.10  nF 5.5  pS 0.40  ptS 0.39  fLog 0.58  pdΔ -0.1027  pkR 6.14  clip 0.20  kl +0.007
upd   14  steps   30720  sps 486  opp symm  loss +0.066  pg +0.0792  v 0.004  ev +0.96  adv_std 0.080  tR +1.00  ent[s/d/p/e] 1.93/2.27/1.15/0.57  emits 0.50  spf 92.4  z0 0.69  garr 97.2  tG 1073  e2 0.12  nF 5.9  pS 0.41  ptS 0.40  fLog 0.59  pdΔ -0.0941  pkR 6.37  clip 0.16  kl +0.002
upd   15  steps   32768  sps 513  opp symm  loss +0.035  pg +0.0310  v 0.037  ev +0.75  adv_std 0.291  tR +0.10  ent[s/d/p/e] 1.78/2.21/1.20/0.51  emits 0.39  spf 75.2  z0 0.75  garr 77.6  tG 758  e2 0.08  nF 4.1  pS 0.30  ptS 0.29  fLog 0.57  pdΔ -0.2009  pkR 7.67  clip 0.07  kl +0.003
upd   16  steps   34816  sps 540  opp symm  loss -0.007  pg +0.0039  v 0.004  ev +0.91  adv_std 0.091  tR +0.00  ent[s/d/p/e] 1.18/2.07/1.32/0.42  emits 0.21  spf 67.2  z0 0.83  garr 58.0  tG 397  e2 0.03  nF 2.2  pS 0.18  ptS 0.18  fLog 0.58  pdΔ -0.3194  pkR 18.33  clip 0.06  kl +0.002
upd   17  steps   36864  sps 566  opp symm  loss +0.012  pg +0.0239  v 0.003  ev +0.95  adv_std 0.079  tR +0.00  ent[s/d/p/e] 1.28/2.04/1.23/0.45  emits 0.25  spf 64.1  z0 0.81  garr 68.9  tG 493  e2 0.04  nF 2.3  pS 0.21  ptS 0.21  fLog 0.58  pdΔ -0.2895  pkR 15.21  clip 0.07  kl +0.005
upd   18  steps   38912  sps 592  opp symm  loss +0.007  pg +0.0190  v 0.004  ev +0.95  adv_std 0.086  tR +1.00  ent[s/d/p/e] 1.49/2.18/1.22/0.46  emits 0.25  spf 71.0  z0 0.81  garr 84.1  tG 609  e2 0.04  nF 2.5  pS 0.25  ptS 0.25  fLog 0.60  pdΔ -0.2484  pkR 11.36  clip 0.08  kl +0.003
upd   19  steps   40960  sps 617  opp symm  loss -0.003  pg +0.0089  v 0.004  ev +0.94  adv_std 0.090  tR +1.00  ent[s/d/p/e] 1.50/2.18/1.26/0.49  emits 0.26  spf 74.4  z0 0.82  garr 94.2  tG 619  e2 0.05  nF 2.5  pS 0.26  ptS 0.25  fLog 0.61  pdΔ -0.2377  pkR 7.19  clip 0.07  kl +0.003
upd   20  steps   43008  sps 641  opp symm  loss +0.023  pg +0.0340  v 0.007  ev +0.93  adv_std 0.113  tR +0.00  ent[s/d/p/e] 1.61/2.24/1.29/0.45  emits 0.25  spf 86.5  z0 0.81  garr 106.0  tG 742  e2 0.04  nF 2.5  pS 0.29  ptS 0.28  fLog 0.64  pdΔ -0.2124  pkR 5.79  clip 0.12  kl +0.005
upd   21  steps   45056  sps 665  opp symm  loss +0.033  pg +0.0467  v 0.003  ev +0.97  adv_std 0.079  tR +1.00  ent[s/d/p/e] 1.68/2.28/1.30/0.53  emits 0.29  spf 84.9  z0 0.78  garr 110.7  tG 805  e2 0.05  nF 2.9  pS 0.30  ptS 0.29  fLog 0.63  pdΔ -0.2000  pkR 5.27  clip 0.11  kl +0.004
upd   22  steps   47104  sps 689  opp symm  loss +0.025  pg +0.0377  v 0.004  ev +0.97  adv_std 0.083  tR +0.00  ent[s/d/p/e] 1.71/2.31/1.21/0.47  emits 0.25  spf 91.6  z0 0.80  garr 122.7  tG 914  e2 0.04  nF 2.3  pS 0.31  ptS 0.30  fLog 0.64  pdΔ -0.1881  pkR 4.88  clip 0.08  kl +0.001
upd   23  steps   49152  sps 712  opp symm  loss +0.011  pg +0.0228  v 0.006  ev +0.95  adv_std 0.098  tR +1.00  ent[s/d/p/e] 1.73/2.30/1.24/0.50  emits 0.27  spf 98.9  z0 0.79  garr 127.3  tG 968  e2 0.05  nF 2.5  pS 0.32  ptS 0.31  fLog 0.65  pdΔ -0.1800  pkR 4.40  clip 0.08  kl +0.003
upd   24  steps   51200  sps 735  opp symm  loss -0.021  pg -0.0096  v 0.007  ev +0.95  adv_std 0.110  tR -0.20  ent[s/d/p/e] 1.74/2.31/1.21/0.48  emits 0.24  spf 109.1  z0 0.81  garr 129.5  tG 1050  e2 0.04  nF 2.0  pS 0.32  ptS 0.32  fLog 0.67  pdΔ -0.1750  pkR 4.42  clip 0.06  kl +0.002
upd   25  steps   53248  sps 758  opp symm  loss -0.004  pg +0.0085  v 0.005  ev +0.95  adv_std 0.095  tR -1.00  ent[s/d/p/e] 1.76/2.30/1.22/0.52  emits 0.28  spf 101.0  z0 0.79  garr 127.8  tG 1061  e2 0.06  nF 2.3  pS 0.33  ptS 0.32  fLog 0.65  pdΔ -0.1720  pkR 4.11  clip 0.05  kl +0.001
upd   26  steps   55296  sps 780  opp symm  loss -0.003  pg +0.0092  v 0.007  ev +0.94  adv_std 0.112  tR -0.50  ent[s/d/p/e] 1.81/2.39/1.20/0.50  emits 0.30  spf 102.8  z0 0.78  garr 128.6  tG 1073  e2 0.06  nF 2.5  pS 0.33  ptS 0.32  fLog 0.66  pdΔ -0.1728  pkR 4.33  clip 0.05  kl +0.003
upd   27  steps   57344  sps 801  opp symm  loss +0.005  pg +0.0170  v 0.006  ev +0.95  adv_std 0.108  tR +0.00  ent[s/d/p/e] 1.78/2.35/1.22/0.51  emits 0.32  spf 100.5  z0 0.78  garr 125.8  tG 1080  e2 0.07  nF 2.7  pS 0.33  ptS 0.32  fLog 0.66  pdΔ -0.1658  pkR 4.38  clip 0.08  kl -0.000
upd   28  steps   59392  sps 822  opp symm  loss -0.002  pg +0.0095  v 0.008  ev +0.95  adv_std 0.118  tR +0.00  ent[s/d/p/e] 1.80/2.39/1.19/0.54  emits 0.34  spf 111.7  z0 0.76  garr 119.5  tG 1026  e2 0.07  nF 2.8  pS 0.33  ptS 0.31  fLog 0.66  pdΔ -0.1732  pkR 4.17  clip 0.11  kl +0.003
upd   29  steps   61440  sps 843  opp symm  loss +0.005  pg +0.0177  v 0.004  ev +0.97  adv_std 0.090  tR -0.33  ent[s/d/p/e] 1.75/2.35/1.09/0.48  emits 0.27  spf 101.2  z0 0.80  garr 125.9  tG 1114  e2 0.05  nF 2.6  pS 0.33  ptS 0.32  fLog 0.65  pdΔ -0.1654  pkR 4.11  clip 0.11  kl +0.003
upd   30  steps   63488  sps 864  opp symm  loss +0.002  pg +0.0142  v 0.004  ev +0.97  adv_std 0.090  tR -1.00  ent[s/d/p/e] 1.73/2.34/1.14/0.48  emits 0.23  spf 109.3  z0 0.81  garr 134.6  tG 1207  e2 0.04  nF 2.3  pS 0.34  ptS 0.32  fLog 0.66  pdΔ -0.1649  pkR 4.56  clip 0.06  kl +0.002
upd   31  steps   65536  sps 884  opp symm  loss +0.028  pg +0.0335  v 0.015  ev +0.77  adv_std 0.173  tR -0.18  ent[s/d/p/e] 1.07/2.05/1.24/0.37  emits 0.17  spf 67.8  z0 0.86  garr 82.3  tG 549  e2 0.02  nF 1.4  pS 0.19  ptS 0.18  fLog 0.57  pdΔ -0.3136  pkR 9.21  clip 0.06  kl -0.000
upd   32  steps   67584  sps 903  opp symm  loss +0.013  pg +0.0237  v 0.005  ev +0.89  adv_std 0.101  tR +0.00  ent[s/d/p/e] 1.19/2.15/1.25/0.42  emits 0.21  spf 69.2  z0 0.83  garr 89.6  tG 556  e2 0.03  nF 1.8  pS 0.21  ptS 0.19  fLog 0.60  pdΔ -0.2944  pkR 7.11  clip 0.07  kl +0.001
upd   33  steps   69632  sps 923  opp symm  loss -0.027  pg -0.0159  v 0.005  ev +0.92  adv_std 0.100  tR +0.00  ent[s/d/p/e] 1.44/2.33/1.11/0.42  emits 0.18  spf 98.0  z0 0.86  garr 108.2  tG 672  e2 0.03  nF 1.7  pS 0.24  ptS 0.23  fLog 0.65  pdΔ -0.2633  pkR 6.18  clip 0.03  kl +0.001
upd   34  steps   71680  sps 942  opp symm  loss +0.001  pg +0.0123  v 0.005  ev +0.95  adv_std 0.088  tR +0.33  ent[s/d/p/e] 1.57/2.42/1.05/0.44  emits 0.19  spf 92.5  z0 0.85  garr 124.1  tG 800  e2 0.03  nF 1.7  pS 0.26  ptS 0.25  fLog 0.66  pdΔ -0.2352  pkR 5.42  clip 0.04  kl +0.001
upd   35  steps   73728  sps 961  opp symm  loss +0.025  pg +0.0364  v 0.006  ev +0.90  adv_std 0.102  tR +1.00  ent[s/d/p/e] 1.63/2.48/1.09/0.41  emits 0.20  spf 103.7  z0 0.84  garr 135.6  tG 890  e2 0.03  nF 1.8  pS 0.28  ptS 0.27  fLog 0.69  pdΔ -0.2208  pkR 5.64  clip 0.05  kl +0.002
upd   36  steps   75776  sps 979  opp symm  loss +0.051  pg +0.0627  v 0.005  ev +0.93  adv_std 0.087  tR +0.00  ent[s/d/p/e] 1.71/2.47/1.09/0.41  emits 0.16  spf 115.0  z0 0.87  garr 151.3  tG 1047  e2 0.02  nF 1.5  pS 0.30  ptS 0.29  fLog 0.69  pdΔ -0.2036  pkR 5.65  clip 0.06  kl +0.003
upd   37  steps   77824  sps 997  opp symm  loss +0.042  pg +0.0538  v 0.004  ev +0.95  adv_std 0.083  tR +0.00  ent[s/d/p/e] 1.68/2.45/1.08/0.41  emits 0.17  spf 133.6  z0 0.86  garr 174.6  tG 1214  e2 0.03  nF 1.5  pS 0.31  ptS 0.29  fLog 0.71  pdΔ -0.1926  pkR 5.53  clip 0.03  kl +0.000
upd   38  steps   79872  sps 1015  opp symm  loss +0.039  pg +0.0519  v 0.003  ev +0.96  adv_std 0.074  tR +0.00  ent[s/d/p/e] 1.66/2.50/1.25/0.38  emits 0.15  spf 154.7  z0 0.87  garr 188.3  tG 1340  e2 0.02  nF 1.3  pS 0.32  ptS 0.30  fLog 0.72  pdΔ -0.1803  pkR 5.82  clip 0.07  kl +0.002
upd   39  steps   81920  sps 1033  opp symm  loss +0.033  pg +0.0453  v 0.004  ev +0.96  adv_std 0.075  tR +0.33  ent[s/d/p/e] 1.77/2.45/1.15/0.38  emits 0.15  spf 151.0  z0 0.87  garr 185.4  tG 1326  e2 0.02  nF 1.3  pS 0.32  ptS 0.31  fLog 0.73  pdΔ -0.1758  pkR 3.85  clip 0.03  kl +0.000
upd   40  steps   83968  sps 1050  opp symm  loss -0.023  pg -0.0127  v 0.008  ev +0.90  adv_std 0.121  tR +0.20  ent[s/d/p/e] 1.75/2.41/1.23/0.37  emits 0.14  spf 136.1  z0 0.88  garr 195.5  tG 1384  e2 0.02  nF 1.2  pS 0.32  ptS 0.30  fLog 0.72  pdΔ -0.1793  pkR 3.56  clip 0.05  kl +0.001
upd   41  steps   86016  sps 1067  opp symm  loss -0.011  pg +0.0008  v 0.006  ev +0.94  adv_std 0.093  tR +1.00  ent[s/d/p/e] 1.60/2.39/1.25/0.36  emits 0.15  spf 128.2  z0 0.87  garr 204.1  tG 1440  e2 0.02  nF 1.3  pS 0.31  ptS 0.29  fLog 0.71  pdΔ -0.1896  pkR 3.55  clip 0.06  kl +0.002
upd   42  steps   88064  sps 1084  opp symm  loss +0.017  pg +0.0290  v 0.004  ev +0.95  adv_std 0.089  tR +0.00  ent[s/d/p/e] 1.59/2.38/1.30/0.34  emits 0.14  spf 153.7  z0 0.87  garr 195.7  tG 1403  e2 0.02  nF 1.2  pS 0.31  ptS 0.29  fLog 0.73  pdΔ -0.1943  pkR 4.08  clip 0.05  kl +0.002
upd   43  steps   90112  sps 1100  opp symm  loss +0.016  pg +0.0271  v 0.007  ev +0.94  adv_std 0.104  tR +0.00  ent[s/d/p/e] 1.51/2.38/1.32/0.33  emits 0.13  spf 133.0  z0 0.89  garr 210.7  tG 1527  e2 0.02  nF 1.1  pS 0.31  ptS 0.29  fLog 0.71  pdΔ -0.1935  pkR 4.04  clip 0.04  kl -0.001
upd   44  steps   92160  sps 1116  opp symm  loss +0.011  pg +0.0230  v 0.004  ev +0.96  adv_std 0.078  tR +0.33  ent[s/d/p/e] 1.50/2.32/1.27/0.33  emits 0.13  spf 133.5  z0 0.89  garr 222.4  tG 1618  e2 0.02  nF 1.2  pS 0.31  ptS 0.29  fLog 0.69  pdΔ -0.1931  pkR 4.31  clip 0.03  kl +0.002
upd   45  steps   94208  sps 1132  opp symm  loss +0.002  pg +0.0142  v 0.005  ev +0.94  adv_std 0.097  tR -0.33  ent[s/d/p/e] 1.55/2.39/1.31/0.33  emits 0.11  spf 137.3  z0 0.91  garr 246.4  tG 1796  e2 0.01  nF 1.0  pS 0.31  ptS 0.30  fLog 0.70  pdΔ -0.1906  pkR 4.33  clip 0.03  kl +0.002
upd   46  steps   96256  sps 1148  opp symm  loss +0.023  pg +0.0168  v 0.039  ev +0.74  adv_std 0.289  tR +0.15  ent[s/d/p/e] 1.23/2.24/1.32/0.32  emits 0.12  spf 110.7  z0 0.90  garr 207.7  tG 1462  e2 0.01  nF 0.9  pS 0.26  ptS 0.25  fLog 0.66  pdΔ -0.2368  pkR 5.22  clip 0.04  kl +0.001
upd   47  steps   98304  sps 1163  opp symm  loss -0.014  pg -0.0048  v 0.006  ev +0.92  adv_std 0.111  tR +0.00  ent[s/d/p/e] 0.75/2.10/1.33/0.38  emits 0.15  spf 51.9  z0 0.88  garr 110.3  tG 562  e2 0.02  nF 1.5  pS 0.16  ptS 0.15  fLog 0.57  pdΔ -0.3380  pkR 8.36  clip 0.04  kl +0.001
upd   48  steps  100352  sps 1178  opp symm  loss -0.015  pg -0.0044  v 0.005  ev +0.95  adv_std 0.096  tR +0.00  ent[s/d/p/e] 0.99/2.08/1.34/0.39  emits 0.17  spf 70.6  z0 0.86  garr 126.5  tG 696  e2 0.03  nF 1.9  pS 0.20  ptS 0.19  fLog 0.60  pdΔ -0.3001  pkR 6.00  clip 0.05  kl +0.002
upd   49  steps  102400  sps 1193  opp symm  loss -0.031  pg -0.0189  v 0.005  ev +0.96  adv_std 0.098  tR +0.00  ent[s/d/p/e] 1.28/2.27/1.40/0.39  emits 0.16  spf 81.2  z0 0.86  garr 146.3  tG 852  e2 0.02  nF 1.9  pS 0.23  ptS 0.22  fLog 0.63  pdΔ -0.2674  pkR 5.49  clip 0.06  kl -0.000
upd   50  steps  104448  sps 1208  opp symm  loss -0.026  pg -0.0139  v 0.006  ev +0.96  adv_std 0.103  tR -0.33  ent[s/d/p/e] 1.35/2.31/1.51/0.33  emits 0.13  spf 90.2  z0 0.89  garr 156.6  tG 932  e2 0.02  nF 1.5  pS 0.25  ptS 0.24  fLog 0.66  pdΔ -0.2515  pkR 5.36  clip 0.05  kl +0.001
upd   51  steps  106496  sps 1222  opp symm  loss -0.011  pg +0.0007  v 0.006  ev +0.96  adv_std 0.101  tR -1.00  ent[s/d/p/e] 1.40/2.23/1.44/0.35  emits 0.12  spf 86.9  z0 0.89  garr 177.9  tG 1119  e2 0.01  nF 1.4  pS 0.27  ptS 0.26  fLog 0.65  pdΔ -0.2321  pkR 3.95  clip 0.05  kl +0.000
upd   52  steps  108544  sps 1237  opp symm  loss -0.065  pg -0.0537  v 0.008  ev +0.96  adv_std 0.111  tR +1.00  ent[s/d/p/e] 1.52/2.38/1.45/0.35  emits 0.12  spf 113.9  z0 0.90  garr 196.3  tG 1304  e2 0.02  nF 1.2  pS 0.29  ptS 0.28  fLog 0.70  pdΔ -0.2121  pkR 3.80  clip 0.05  kl +0.003
upd   53  steps  110592  sps 1251  opp symm  loss -0.050  pg -0.0372  v 0.005  ev +0.97  adv_std 0.090  tR -1.00  ent[s/d/p/e] 1.67/2.36/1.35/0.35  emits 0.12  spf 134.3  z0 0.89  garr 221.3  tG 1514  e2 0.01  nF 1.2  pS 0.30  ptS 0.29  fLog 0.72  pdΔ -0.2006  pkR 3.65  clip 0.03  kl +0.001
upd   54  steps  112640  sps 1265  opp symm  loss -0.049  pg -0.0367  v 0.006  ev +0.97  adv_std 0.100  tR +0.00  ent[s/d/p/e] 1.58/2.31/1.38/0.38  emits 0.14  spf 140.6  z0 0.88  garr 234.9  tG 1672  e2 0.02  nF 1.2  pS 0.31  ptS 0.30  fLog 0.72  pdΔ -0.1876  pkR 3.75  clip 0.05  kl +0.000
upd   55  steps  114688  sps 1279  opp symm  loss -0.030  pg -0.0187  v 0.006  ev +0.97  adv_std 0.104  tR -0.50  ent[s/d/p/e] 1.62/2.31/1.26/0.41  emits 0.15  spf 142.9  z0 0.88  garr 245.5  tG 1803  e2 0.02  nF 1.3  pS 0.31  ptS 0.31  fLog 0.73  pdΔ -0.1850  pkR 3.63  clip 0.05  kl +0.001
upd   56  steps  116736  sps 1292  opp symm  loss -0.016  pg -0.0043  v 0.006  ev +0.96  adv_std 0.104  tR -0.33  ent[s/d/p/e] 1.58/2.23/1.24/0.38  emits 0.18  spf 136.9  z0 0.85  garr 239.0  tG 1777  e2 0.03  nF 1.5  pS 0.31  ptS 0.30  fLog 0.71  pdΔ -0.1922  pkR 3.88  clip 0.06  kl +0.005
upd   57  steps  118784  sps 1305  opp symm  loss -0.019  pg -0.0091  v 0.008  ev +0.95  adv_std 0.127  tR +0.00  ent[s/d/p/e] 1.62/2.23/1.22/0.43  emits 0.18  spf 120.8  z0 0.85  garr 231.7  tG 1791  e2 0.03  nF 1.6  pS 0.31  ptS 0.31  fLog 0.68  pdΔ -0.1864  pkR 3.59  clip 0.07  kl +0.003
upd   58  steps  120832  sps 1318  opp symm  loss +0.019  pg +0.0286  v 0.008  ev +0.95  adv_std 0.119  tR +0.00  ent[s/d/p/e] 1.59/2.21/1.19/0.38  emits 0.17  spf 112.1  z0 0.86  garr 227.1  tG 1837  e2 0.02  nF 1.9  pS 0.32  ptS 0.32  fLog 0.68  pdΔ -0.1760  pkR 3.67  clip 0.04  kl +0.001
upd   59  steps  122880  sps 1331  opp symm  loss -0.033  pg -0.0243  v 0.011  ev +0.94  adv_std 0.143  tR +0.00  ent[s/d/p/e] 1.71/2.29/1.18/0.38  emits 0.16  spf 142.3  z0 0.86  garr 227.8  tG 1908  e2 0.02  nF 1.5  pS 0.33  ptS 0.33  fLog 0.70  pdΔ -0.1750  pkR 3.80  clip 0.04  kl +0.001
upd   60  steps  124928  sps 1344  opp symm  loss -0.022  pg -0.0121  v 0.009  ev +0.95  adv_std 0.128  tR +0.33  ent[s/d/p/e] 1.60/2.28/1.13/0.43  emits 0.20  spf 117.2  z0 0.85  garr 230.3  tG 1951  e2 0.03  nF 1.8  pS 0.33  ptS 0.33  fLog 0.68  pdΔ -0.1697  pkR 3.53  clip 0.07  kl +0.003
upd   61  steps  126976  sps 1357  opp symm  loss -0.005  pg +0.0064  v 0.005  ev +0.98  adv_std 0.095  tR +1.00  ent[s/d/p/e] 1.71/2.28/1.01/0.34  emits 0.15  spf 136.8  z0 0.87  garr 242.1  tG 2019  e2 0.02  nF 1.5  pS 0.33  ptS 0.32  fLog 0.69  pdΔ -0.1738  pkR 3.56  clip 0.10  kl +0.005
upd   62  steps  129024  sps 1369  opp symm  loss +0.002  pg +0.0045  v 0.018  ev +0.87  adv_std 0.194  tR -0.12  ent[s/d/p/e] 1.06/2.07/0.98/0.36  emits 0.17  spf 73.9  z0 0.86  garr 132.6  tG 1046  e2 0.02  nF 1.5  pS 0.22  ptS 0.21  fLog 0.58  pdΔ -0.2849  pkR 6.51  clip 0.04  kl +0.000
upd   63  steps  131072  sps 1381  opp symm  loss -0.042  pg -0.0345  v 0.007  ev +0.92  adv_std 0.117  tR +0.00  ent[s/d/p/e] 1.02/2.10/0.96/0.38  emits 0.17  spf 64.9  z0 0.86  garr 105.4  tG 796  e2 0.03  nF 2.0  pS 0.20  ptS 0.19  fLog 0.57  pdΔ -0.2990  pkR 9.26  clip 0.04  kl +0.001
upd   64  steps  133120  sps 1394  opp symm  loss -0.040  pg -0.0301  v 0.005  ev +0.95  adv_std 0.098  tR +0.00  ent[s/d/p/e] 1.29/2.12/1.02/0.44  emits 0.21  spf 66.3  z0 0.84  garr 131.2  tG 1013  e2 0.04  nF 2.0  pS 0.24  ptS 0.23  fLog 0.58  pdΔ -0.2595  pkR 8.54  clip 0.05  kl +0.001
upd   65  steps  135168  sps 1405  opp symm  loss +0.022  pg +0.0298  v 0.011  ev +0.92  adv_std 0.149  tR +0.00  ent[s/d/p/e] 1.44/2.24/1.16/0.39  emits 0.19  spf 87.3  z0 0.84  garr 151.3  tG 1185  e2 0.03  nF 2.0  pS 0.27  ptS 0.26  fLog 0.63  pdΔ -0.2317  pkR 8.41  clip 0.08  kl +0.002
upd   66  steps  137216  sps 1417  opp symm  loss -0.022  pg -0.0139  v 0.011  ev +0.94  adv_std 0.146  tR +1.00  ent[s/d/p/e] 1.45/2.24/1.16/0.45  emits 0.18  spf 93.1  z0 0.85  garr 158.7  tG 1225  e2 0.03  nF 1.9  pS 0.27  ptS 0.26  fLog 0.65  pdΔ -0.2274  pkR 9.39  clip 0.11  kl +0.004
upd   67  steps  139264  sps 1429  opp symm  loss +0.012  pg +0.0230  v 0.005  ev +0.97  adv_std 0.101  tR +0.00  ent[s/d/p/e] 1.58/2.32/1.20/0.35  emits 0.16  spf 120.9  z0 0.86  garr 168.6  tG 1373  e2 0.02  nF 1.6  pS 0.30  ptS 0.28  fLog 0.68  pdΔ -0.2047  pkR 9.88  clip 0.08  kl +0.005
upd   68  steps  141312  sps 1440  opp symm  loss -0.046  pg -0.0358  v 0.007  ev +0.97  adv_std 0.112  tR +1.00  ent[s/d/p/e] 1.61/2.24/1.13/0.40  emits 0.15  spf 112.6  z0 0.88  garr 183.1  tG 1500  e2 0.02  nF 1.3  pS 0.31  ptS 0.29  fLog 0.68  pdΔ -0.1936  pkR 10.09  clip 0.07  kl +0.006
upd   69  steps  143360  sps 1452  opp symm  loss -0.014  pg -0.0036  v 0.006  ev +0.97  adv_std 0.106  tR -1.00  ent[s/d/p/e] 1.60/2.21/1.02/0.37  emits 0.15  spf 117.1  z0 0.87  garr 204.8  tG 1614  e2 0.02  nF 1.2  pS 0.31  ptS 0.29  fLog 0.68  pdΔ -0.1926  pkR 10.30  clip 0.04  kl +0.001
upd   70  steps  145408  sps 1463  opp symm  loss +0.038  pg +0.0482  v 0.006  ev +0.97  adv_std 0.110  tR +0.33  ent[s/d/p/e] 1.64/2.25/0.99/0.35  emits 0.14  spf 132.2  z0 0.88  garr 216.9  tG 1593  e2 0.02  nF 1.2  pS 0.31  ptS 0.29  fLog 0.70  pdΔ -0.1936  pkR 8.08  clip 0.05  kl -0.000
upd   71  steps  147456  sps 1474  opp symm  loss +0.036  pg +0.0434  v 0.009  ev +0.95  adv_std 0.134  tR -0.50  ent[s/d/p/e] 1.55/2.13/0.89/0.26  emits 0.14  spf 120.9  z0 0.89  garr 217.4  tG 1626  e2 0.02  nF 1.3  pS 0.30  ptS 0.29  fLog 0.67  pdΔ -0.2029  pkR 5.55  clip 0.09  kl +0.014
upd   72  steps  149504  sps 1485  opp symm  loss +0.051  pg +0.0597  v 0.005  ev +0.97  adv_std 0.098  tR -1.00  ent[s/d/p/e] 1.23/1.91/0.89/0.26  emits 0.08  spf 94.3  z0 0.93  garr 239.8  tG 1788  e2 0.01  nF 1.0  pS 0.29  ptS 0.28  fLog 0.62  pdΔ -0.2091  pkR 5.80  clip 0.03  kl +0.001
upd   73  steps  151552  sps 1495  opp symm  loss -0.006  pg +0.0039  v 0.005  ev +0.97  adv_std 0.099  tR -1.00  ent[s/d/p/e] 1.43/2.26/1.07/0.23  emits 0.08  spf 132.9  z0 0.93  garr 266.2  tG 2032  e2 0.01  nF 0.8  pS 0.29  ptS 0.28  fLog 0.69  pdΔ -0.2076  pkR 5.26  clip 0.03  kl +0.001
upd   74  steps  153600  sps 1506  opp symm  loss -0.016  pg -0.0062  v 0.006  ev +0.97  adv_std 0.100  tR +0.50  ent[s/d/p/e] 1.43/2.24/1.00/0.24  emits 0.07  spf 130.9  z0 0.93  garr 281.7  tG 2090  e2 0.00  nF 0.8  pS 0.29  ptS 0.28  fLog 0.70  pdΔ -0.2136  pkR 5.34  clip 0.02  kl +0.001
upd   75  steps  155648  sps 1516  opp symm  loss -0.042  pg -0.0328  v 0.007  ev +0.96  adv_std 0.119  tR -0.50  ent[s/d/p/e] 1.36/2.25/0.99/0.27  emits 0.10  spf 158.4  z0 0.91  garr 268.0  tG 1880  e2 0.01  nF 0.9  pS 0.27  ptS 0.26  fLog 0.70  pdΔ -0.2345  pkR 4.02  clip 0.02  kl +0.000
upd   76  steps  157696  sps 1527  opp symm  loss -0.039  pg -0.0313  v 0.008  ev +0.95  adv_std 0.127  tR +0.33  ent[s/d/p/e] 1.37/2.11/0.91/0.31  emits 0.11  spf 132.0  z0 0.90  garr 262.1  tG 1889  e2 0.01  nF 0.9  pS 0.27  ptS 0.26  fLog 0.67  pdΔ -0.2333  pkR 4.45  clip 0.04  kl +0.001
upd   77  steps  159744  sps 1537  opp symm  loss -0.014  pg -0.0196  v 0.034  ev +0.84  adv_std 0.273  tR -0.39  ent[s/d/p/e] 1.22/2.04/0.84/0.30  emits 0.12  spf 112.4  z0 0.90  garr 233.1  tG 1669  e2 0.01  nF 0.9  pS 0.25  ptS 0.24  fLog 0.63  pdΔ -0.2532  pkR 5.32  clip 0.03  kl +0.001
upd   78  steps  161792  sps 1547  opp symm  loss +0.040  pg +0.0435  v 0.011  ev +0.91  adv_std 0.150  tR -1.00  ent[s/d/p/e] 0.62/1.92/0.76/0.33  emits 0.15  spf 43.2  z0 0.88  garr 98.3  tG 539  e2 0.02  nF 1.3  pS 0.14  ptS 0.14  fLog 0.53  pdΔ -0.3568  pkR 11.84  clip 0.06  kl +0.001
upd   79  steps  163840  sps 1557  opp symm  loss +0.038  pg +0.0414  v 0.013  ev +0.91  adv_std 0.166  tR +0.00  ent[s/d/p/e] 0.95/1.97/0.76/0.36  emits 0.16  spf 49.0  z0 0.87  garr 116.8  tG 656  e2 0.02  nF 1.6  pS 0.17  ptS 0.17  fLog 0.56  pdΔ -0.3284  pkR 9.47  clip 0.04  kl +0.002
upd   80  steps  165888  sps 1567  opp symm  loss +0.046  pg +0.0527  v 0.010  ev +0.94  adv_std 0.140  tR -1.00  ent[s/d/p/e] 1.13/2.15/1.02/0.29  emits 0.13  spf 80.9  z0 0.89  garr 141.1  tG 811  e2 0.01  nF 1.4  pS 0.19  ptS 0.19  fLog 0.61  pdΔ -0.3052  pkR 6.70  clip 0.06  kl +0.005
upd   81  steps  167936  sps 1576  opp symm  loss +0.091  pg +0.0999  v 0.007  ev +0.97  adv_std 0.114  tR -1.00  ent[s/d/p/e] 1.24/2.16/1.09/0.27  emits 0.09  spf 81.0  z0 0.91  garr 154.5  tG 906  e2 0.01  nF 1.1  pS 0.21  ptS 0.21  fLog 0.64  pdΔ -0.2896  pkR 6.30  clip 0.03  kl +0.001
upd   82  steps  169984  sps 1586  opp symm  loss +0.051  pg +0.0595  v 0.006  ev +0.97  adv_std 0.110  tR -0.33  ent[s/d/p/e] 1.21/2.18/1.08/0.22  emits 0.07  spf 84.9  z0 0.94  garr 182.2  tG 1101  e2 0.00  nF 0.7  pS 0.23  ptS 0.23  fLog 0.64  pdΔ -0.2705  pkR 5.83  clip 0.04  kl +0.004
upd   83  steps  172032  sps 1596  opp symm  loss -0.069  pg -0.0604  v 0.006  ev +0.97  adv_std 0.105  tR +1.00  ent[s/d/p/e] 1.24/2.11/0.98/0.21  emits 0.06  spf 103.5  z0 0.95  garr 217.4  tG 1326  e2 0.00  nF 0.6  pS 0.24  ptS 0.24  fLog 0.67  pdΔ -0.2613  pkR 5.70  clip 0.02  kl -0.001
upd   84  steps  174080  sps 1605  opp symm  loss -0.040  pg -0.0308  v 0.007  ev +0.97  adv_std 0.112  tR +0.00  ent[s/d/p/e] 1.30/2.28/1.03/0.23  emits 0.06  spf 125.9  z0 0.95  garr 252.1  tG 1590  e2 0.00  nF 0.5  pS 0.25  ptS 0.25  fLog 0.72  pdΔ -0.2469  pkR 5.23  clip 0.02  kl +0.001
upd   85  steps  176128  sps 1614  opp symm  loss -0.080  pg -0.0713  v 0.007  ev +0.97  adv_std 0.118  tR -1.00  ent[s/d/p/e] 1.42/2.21/1.03/0.25  emits 0.07  spf 148.6  z0 0.94  garr 281.2  tG 1824  e2 0.00  nF 0.6  pS 0.26  ptS 0.26  fLog 0.73  pdΔ -0.2367  pkR 5.13  clip 0.04  kl +0.002
upd   86  steps  178176  sps 1623  opp symm  loss -0.061  pg -0.0524  v 0.005  ev +0.98  adv_std 0.100  tR +1.00  ent[s/d/p/e] 1.30/2.17/0.88/0.24  emits 0.08  spf 125.0  z0 0.93  garr 307.1  tG 2054  e2 0.01  nF 0.6  pS 0.27  ptS 0.27  fLog 0.70  pdΔ -0.2275  pkR 5.08  clip 0.02  kl +0.001