
=== [2026-06-10T23:28:14Z] v14d_binary_v2_a_p0i3_ORBITWARS_SHAPING_PROD_SHARE_DELTA_0.025_7b50688ef3 phase=a kind=probe chunk=400 env={"ORBITWARS_SHAPING_HOLD_BONUS": 0.004, "ORBITWARS_SHAPING_CAPTURE": 0.04, "ORBITWARS_SHAPING_RELEASE": 0.0075, "ORBITWARS_SHAPING_RELEASE_K": 17.0, "ORBITWARS_SHAPING_PROD_SHARE_DELTA": 0.025, "ORBITWARS_SHAPING_ONE_SHIP_PENALTY": 0.04} ppo={"ent_coef_emit": 0.004, "lr_peak": 4e-05} ===
[reward] kaggle-aligned: terminal +1 win/+1 tie>0/-1 loss/-1 double-wipeout; is_terminal at step >= episode_steps-2; SHAPING_SCALE=0.0; v1: KEEP_HOME=0.0 FLEET_SIZE=0.0/norm20.0; v2 (expert-replay calibrated): PROD_SHARE=0.0 PLANET_SHARE=0.0 FLEET_LOG=0.0/ref500.0/floor0.3; v3 (top10-2630ep calibrated): PROD_SHARE_DELTA=0.025 EMIT_LOG=0.0 EMIT_GATED=0.0 RELEASE=0.0075/K17.0 CAPTURE=0.04; episode_steps=500 (kaggle=500, mismatch=False)
[symmetric] Frog Parade style: same params drive BOTH players, no frozen/strong/buffer opponents, zero_sum_value=True
upd    0  steps    2048  sps 38  opp symm  loss +0.104  pg +0.1112  v 0.006  ev -0.32  adv_std 0.109  tR +0.00  ent[s/d/p/e] 0.34/1.47/1.28/0.37  emits 0.26  spf 19.2  z0 0.79  garr 18.8  tG 28  e2 0.04  nF 1.8  pS 0.07  ptS 0.07  fLog 0.45  pdΔ -0.4254  pkR 6.03  clip 0.03  kl +0.001
upd    1  steps    4096  sps 75  opp symm  loss +0.010  pg +0.0186  v 0.006  ev +0.22  adv_std 0.112  tR -1.00  ent[s/d/p/e] 0.86/1.67/1.20/0.49  emits 0.34  spf 29.3  z0 0.75  garr 33.3  tG 104  e2 0.06  nF 3.4  pS 0.14  ptS 0.13  fLog 0.49  pdΔ -0.3631  pkR 6.17  clip 0.08  kl +0.003
upd    2  steps    6144  sps 111  opp symm  loss +0.014  pg +0.0255  v 0.002  ev +0.41  adv_std 0.063  tR +0.00  ent[s/d/p/e] 1.16/1.85/1.17/0.52  emits 0.37  spf 44.4  z0 0.73  garr 46.8  tG 200  e2 0.08  nF 3.8  pS 0.19  ptS 0.18  fLog 0.53  pdΔ -0.3124  pkR 5.37  clip 0.04  kl +0.002
upd    3  steps    8192  sps 146  opp symm  loss -0.049  pg -0.0364  v 0.002  ev +0.51  adv_std 0.059  tR +0.00  ent[s/d/p/e] 1.39/2.04/1.14/0.56  emits 0.39  spf 50.7  z0 0.73  garr 56.4  tG 311  e2 0.09  nF 3.9  pS 0.24  ptS 0.22  fLog 0.55  pdΔ -0.2645  pkR 5.61  clip 0.03  kl +0.001
upd    4  steps   10240  sps 181  opp symm  loss -0.032  pg -0.0186  v 0.001  ev +0.72  adv_std 0.045  tR +0.00  ent[s/d/p/e] 1.55/2.11/1.16/0.56  emits 0.42  spf 60.0  z0 0.71  garr 63.4  tG 418  e2 0.09  nF 4.1  pS 0.27  ptS 0.26  fLog 0.57  pdΔ -0.2275  pkR 5.24  clip 0.05  kl -0.000
upd    5  steps   12288  sps 214  opp symm  loss +0.003  pg +0.0165  v 0.001  ev +0.73  adv_std 0.045  tR +0.00  ent[s/d/p/e] 1.69/2.17/1.15/0.54  emits 0.37  spf 65.5  z0 0.73  garr 75.4  tG 536  e2 0.07  nF 4.1  pS 0.30  ptS 0.29  fLog 0.58  pdΔ -0.1978  pkR 4.57  clip 0.15  kl +0.004
upd    6  steps   14336  sps 247  opp symm  loss -0.005  pg +0.0087  v 0.003  ev +0.66  adv_std 0.065  tR +0.00  ent[s/d/p/e] 1.73/2.23/1.27/0.58  emits 0.47  spf 74.6  z0 0.69  garr 84.4  tG 654  e2 0.11  nF 4.2  pS 0.33  ptS 0.31  fLog 0.60  pdΔ -0.1729  pkR 4.14  clip 0.10  kl +0.006
upd    7  steps   16384  sps 279  opp symm  loss -0.004  pg +0.0118  v 0.001  ev +0.84  adv_std 0.040  tR +0.00  ent[s/d/p/e] 1.86/2.33/1.37/0.58  emits 0.45  spf 78.5  z0 0.69  garr 82.4  tG 678  e2 0.10  nF 4.4  pS 0.35  ptS 0.34  fLog 0.61  pdΔ -0.1469  pkR 4.29  clip 0.09  kl +0.001
upd    8  steps   18432  sps 311  opp symm  loss -0.065  pg -0.0501  v 0.004  ev +0.68  adv_std 0.084  tR +0.00  ent[s/d/p/e] 1.96/2.38/1.33/0.61  emits 0.49  spf 81.4  z0 0.69  garr 88.4  tG 784  e2 0.12  nF 4.3  pS 0.38  ptS 0.37  fLog 0.62  pdΔ -0.1175  pkR 4.49  clip 0.12  kl +0.009
upd    9  steps   20480  sps 342  opp symm  loss +0.011  pg +0.0256  v 0.004  ev +0.79  adv_std 0.081  tR +1.00  ent[s/d/p/e] 1.96/2.36/1.27/0.59  emits 0.51  spf 78.6  z0 0.68  garr 87.5  tG 797  e2 0.13  nF 4.8  pS 0.39  ptS 0.38  fLog 0.61  pdΔ -0.1071  pkR 4.06  clip 0.44  kl +0.010
upd   10  steps   22528  sps 372  opp symm  loss +0.037  pg +0.0524  v 0.002  ev +0.87  adv_std 0.060  tR +0.00  ent[s/d/p/e] 1.92/2.32/1.28/0.64  emits 0.85  spf 64.4  z0 0.58  garr 72.8  tG 692  e2 0.21  nF 7.6  pS 0.39  ptS 0.37  fLog 0.57  pdΔ -0.1148  pkR 6.84  clip 0.17  kl +0.009
upd   11  steps   24576  sps 401  opp symm  loss +0.021  pg +0.0366  v 0.002  ev +0.92  adv_std 0.060  tR +0.00  ent[s/d/p/e] 1.94/2.30/1.29/0.63  emits 0.75  spf 59.1  z0 0.59  garr 65.1  tG 667  e2 0.19  nF 8.7  pS 0.41  ptS 0.39  fLog 0.57  pdΔ -0.0943  pkR 7.71  clip 0.19  kl +0.005
upd   12  steps   26624  sps 430  opp symm  loss +0.001  pg +0.0165  v 0.002  ev +0.95  adv_std 0.061  tR +1.00  ent[s/d/p/e] 1.95/2.31/1.28/0.61  emits 0.67  spf 63.5  z0 0.63  garr 66.9  tG 699  e2 0.16  nF 7.3  pS 0.41  ptS 0.39  fLog 0.58  pdΔ -0.0924  pkR 7.34  clip 0.29  kl +0.012
upd   13  steps   28672  sps 459  opp symm  loss -0.027  pg -0.0123  v 0.003  ev +0.93  adv_std 0.085  tR -0.50  ent[s/d/p/e] 1.94/2.30/1.31/0.61  emits 0.72  spf 62.3  z0 0.61  garr 65.4  tG 671  e2 0.17  nF 7.6  pS 0.40  ptS 0.38  fLog 0.57  pdΔ -0.1011  pkR 6.42  clip 0.30  kl +0.012
upd   14  steps   30720  sps 486  opp symm  loss +0.009  pg +0.0241  v 0.002  ev +0.96  adv_std 0.066  tR +0.00  ent[s/d/p/e] 1.96/2.33/1.26/0.63  emits 0.83  spf 55.8  z0 0.59  garr 63.7  tG 648  e2 0.20  nF 8.4  pS 0.40  ptS 0.39  fLog 0.56  pdΔ -0.0967  pkR 6.68  clip 0.15  kl +0.005
upd   15  steps   32768  sps 513  opp symm  loss +0.053  pg +0.0413  v 0.055  ev +0.62  adv_std 0.352  tR -0.04  ent[s/d/p/e] 1.90/2.29/1.32/0.51  emits 0.51  spf 59.4  z0 0.72  garr 49.1  tG 427  e2 0.12  nF 5.4  pS 0.28  ptS 0.27  fLog 0.55  pdΔ -0.2226  pkR 10.08  clip 0.13  kl +0.003
upd   16  steps   34816  sps 540  opp symm  loss +0.016  pg +0.0286  v 0.004  ev +0.66  adv_std 0.082  tR +0.00  ent[s/d/p/e] 1.11/2.30/1.65/0.35  emits 0.14  spf 50.1  z0 0.88  garr 49.4  tG 136  e2 0.02  nF 1.2  pS 0.11  ptS 0.11  fLog 0.57  pdΔ -0.3859  pkR 10.75  clip 0.05  kl +0.005
upd   17  steps   36864  sps 566  opp symm  loss -0.065  pg -0.0536  v 0.006  ev +0.83  adv_std 0.107  tR +1.00  ent[s/d/p/e] 1.23/2.30/1.58/0.37  emits 0.17  spf 57.8  z0 0.87  garr 61.1  tG 211  e2 0.03  nF 1.6  pS 0.15  ptS 0.14  fLog 0.59  pdΔ -0.3481  pkR 7.04  clip 0.04  kl +0.001
upd   18  steps   38912  sps 592  opp symm  loss +0.042  pg +0.0553  v 0.005  ev +0.89  adv_std 0.098  tR +0.00  ent[s/d/p/e] 1.30/2.30/1.61/0.44  emits 0.23  spf 65.5  z0 0.82  garr 67.3  tG 290  e2 0.04  nF 1.9  pS 0.19  ptS 0.18  fLog 0.61  pdΔ -0.3077  pkR 4.98  clip 0.05  kl +0.003
upd   19  steps   40960  sps 617  opp symm  loss -0.015  pg -0.0017  v 0.005  ev +0.92  adv_std 0.095  tR +0.00  ent[s/d/p/e] 1.47/2.35/1.57/0.45  emits 0.25  spf 64.5  z0 0.82  garr 78.7  tG 394  e2 0.05  nF 2.3  pS 0.23  ptS 0.22  fLog 0.61  pdΔ -0.2699  pkR 3.82  clip 0.08  kl +0.001
upd   20  steps   43008  sps 641  opp symm  loss +0.007  pg +0.0208  v 0.005  ev +0.94  adv_std 0.097  tR +0.00  ent[s/d/p/e] 1.64/2.38/1.53/0.54  emits 0.32  spf 74.3  z0 0.77  garr 82.5  tG 493  e2 0.07  nF 3.0  pS 0.27  ptS 0.25  fLog 0.61  pdΔ -0.2312  pkR 4.15  clip 0.07  kl +0.003
upd   21  steps   45056  sps 666  opp symm  loss +0.016  pg +0.0284  v 0.008  ev +0.91  adv_std 0.124  tR -0.33  ent[s/d/p/e] 1.72/2.38/1.54/0.53  emits 0.38  spf 71.3  z0 0.75  garr 83.3  tG 550  e2 0.08  nF 3.2  pS 0.29  ptS 0.27  fLog 0.61  pdΔ -0.2084  pkR 5.03  clip 0.12  kl +0.005
upd   22  steps   47104  sps 689  opp symm  loss +0.037  pg +0.0511  v 0.004  ev +0.96  adv_std 0.087  tR +1.00  ent[s/d/p/e] 1.70/2.28/1.43/0.54  emits 0.40  spf 69.4  z0 0.73  garr 84.0  tG 586  e2 0.09  nF 3.6  pS 0.30  ptS 0.28  fLog 0.60  pdΔ -0.2009  pkR 5.43  clip 0.10  kl +0.007
upd   23  steps   49152  sps 712  opp symm  loss +0.015  pg +0.0289  v 0.005  ev +0.96  adv_std 0.093  tR +0.00  ent[s/d/p/e] 1.73/2.30/1.44/0.58  emits 0.43  spf 71.0  z0 0.72  garr 82.9  tG 589  e2 0.09  nF 4.0  pS 0.31  ptS 0.29  fLog 0.60  pdΔ -0.1935  pkR 6.51  clip 0.15  kl +0.010
upd   24  steps   51200  sps 735  opp symm  loss +0.048  pg +0.0625  v 0.004  ev +0.97  adv_std 0.089  tR -0.50  ent[s/d/p/e] 1.76/2.30/1.46/0.51  emits 0.34  spf 79.3  z0 0.76  garr 84.5  tG 638  e2 0.07  nF 3.3  pS 0.31  ptS 0.30  fLog 0.62  pdΔ -0.1890  pkR 6.55  clip 0.08  kl +0.003
upd   25  steps   53248  sps 758  opp symm  loss -0.024  pg -0.0108  v 0.006  ev +0.96  adv_std 0.104  tR +0.33  ent[s/d/p/e] 1.74/2.26/1.42/0.53  emits 0.35  spf 79.2  z0 0.77  garr 88.7  tG 669  e2 0.08  nF 3.2  pS 0.31  ptS 0.29  fLog 0.62  pdΔ -0.1948  pkR 5.13  clip 0.06  kl +0.002
upd   26  steps   55296  sps 780  opp symm  loss +0.006  pg +0.0201  v 0.003  ev +0.98  adv_std 0.080  tR +0.00  ent[s/d/p/e] 1.75/2.26/1.37/0.52  emits 0.39  spf 74.5  z0 0.74  garr 95.7  tG 725  e2 0.08  nF 3.5  pS 0.31  ptS 0.30  fLog 0.61  pdΔ -0.1912  pkR 4.87  clip 0.11  kl +0.004
upd   27  steps   57344  sps 801  opp symm  loss +0.012  pg +0.0257  v 0.005  ev +0.97  adv_std 0.100  tR -0.33  ent[s/d/p/e] 1.78/2.27/1.42/0.57  emits 0.45  spf 71.3  z0 0.73  garr 90.9  tG 720  e2 0.10  nF 4.5  pS 0.32  ptS 0.31  fLog 0.60  pdΔ -0.1806  pkR 5.68  clip 0.14  kl +0.005
upd   28  steps   59392  sps 822  opp symm  loss +0.005  pg +0.0192  v 0.004  ev +0.98  adv_std 0.081  tR +0.00  ent[s/d/p/e] 1.82/2.34/1.43/0.55  emits 0.40  spf 80.0  z0 0.74  garr 94.1  tG 831  e2 0.09  nF 4.1  pS 0.34  ptS 0.33  fLog 0.62  pdΔ -0.1604  pkR 6.03  clip 0.07  kl +0.002
upd   29  steps   61440  sps 843  opp symm  loss -0.003  pg +0.0112  v 0.003  ev +0.99  adv_std 0.073  tR +0.20  ent[s/d/p/e] 1.73/2.25/1.49/0.51  emits 0.31  spf 91.2  z0 0.78  garr 106.8  tG 965  e2 0.06  nF 3.3  pS 0.34  ptS 0.32  fLog 0.63  pdΔ -0.1643  pkR 5.88  clip 0.03  kl +0.001
upd   30  steps   63488  sps 864  opp symm  loss +0.016  pg +0.0296  v 0.005  ev +0.97  adv_std 0.095  tR -0.20  ent[s/d/p/e] 1.83/2.34/1.48/0.51  emits 0.37  spf 107.4  z0 0.75  garr 111.6  tG 982  e2 0.08  nF 3.3  pS 0.32  ptS 0.31  fLog 0.66  pdΔ -0.1797  pkR 6.10  clip 0.06  kl +0.003
upd   31  steps   65536  sps 884  opp symm  loss +0.100  pg +0.1062  v 0.017  ev +0.75  adv_std 0.184  tR -0.15  ent[s/d/p/e] 1.28/2.29/1.63/0.36  emits 0.16  spf 77.1  z0 0.87  garr 63.0  tG 317  e2 0.02  nF 1.5  pS 0.14  ptS 0.14  fLog 0.61  pdΔ -0.3555  pkR 16.91  clip 0.03  kl +0.000
upd   32  steps   67584  sps 903  opp symm  loss +0.006  pg +0.0173  v 0.008  ev +0.87  adv_std 0.127  tR +1.00  ent[s/d/p/e] 1.23/2.38/1.62/0.40  emits 0.19  spf 69.1  z0 0.85  garr 65.9  tG 265  e2 0.03  nF 1.9  pS 0.16  ptS 0.16  fLog 0.62  pdΔ -0.3449  pkR 6.83  clip 0.05  kl +0.001
upd   33  steps   69632  sps 923  opp symm  loss -0.077  pg -0.0639  v 0.006  ev +0.92  adv_std 0.108  tR +0.00  ent[s/d/p/e] 1.39/2.39/1.61/0.45  emits 0.22  spf 71.9  z0 0.82  garr 73.5  tG 366  e2 0.03  nF 2.1  pS 0.21  ptS 0.20  fLog 0.63  pdΔ -0.2905  pkR 6.45  clip 0.07  kl +0.002
upd   34  steps   71680  sps 942  opp symm  loss -0.064  pg -0.0503  v 0.006  ev +0.95  adv_std 0.100  tR +0.00  ent[s/d/p/e] 1.56/2.45/1.65/0.48  emits 0.26  spf 76.9  z0 0.80  garr 87.9  tG 513  e2 0.05  nF 2.4  pS 0.26  ptS 0.25  fLog 0.64  pdΔ -0.2441  pkR 6.30  clip 0.08  kl +0.003
upd   35  steps   73728  sps 961  opp symm  loss +0.042  pg +0.0557  v 0.006  ev +0.94  adv_std 0.111  tR +0.00  ent[s/d/p/e] 1.73/2.43/1.54/0.53  emits 0.35  spf 78.3  z0 0.76  garr 95.8  tG 624  e2 0.07  nF 3.2  pS 0.30  ptS 0.29  fLog 0.64  pdΔ -0.1993  pkR 4.54  clip 0.08  kl +0.001
upd   36  steps   75776  sps 979  opp symm  loss +0.019  pg +0.0325  v 0.005  ev +0.96  adv_std 0.101  tR +0.00  ent[s/d/p/e] 1.81/2.44/1.49/0.50  emits 0.31  spf 86.1  z0 0.77  garr 105.1  tG 759  e2 0.06  nF 3.3  pS 0.33  ptS 0.32  fLog 0.65  pdΔ -0.1702  pkR 3.41  clip 0.08  kl +0.005
upd   37  steps   77824  sps 997  opp symm  loss +0.026  pg +0.0404  v 0.006  ev +0.96  adv_std 0.104  tR -0.33  ent[s/d/p/e] 1.82/2.45/1.55/0.52  emits 0.33  spf 94.7  z0 0.76  garr 100.1  tG 766  e2 0.06  nF 3.5  pS 0.34  ptS 0.33  fLog 0.67  pdΔ -0.1647  pkR 3.99  clip 0.08  kl +0.004
upd   38  steps   79872  sps 1015  opp symm  loss -0.023  pg -0.0092  v 0.006  ev +0.96  adv_std 0.100  tR +1.00  ent[s/d/p/e] 1.83/2.42/1.48/0.56  emits 0.36  spf 94.4  z0 0.76  garr 101.3  tG 761  e2 0.08  nF 3.4  pS 0.33  ptS 0.32  fLog 0.67  pdΔ -0.1674  pkR 4.24  clip 0.08  kl +0.001
upd   39  steps   81920  sps 1033  opp symm  loss +0.008  pg +0.0206  v 0.007  ev +0.96  adv_std 0.119  tR -1.00  ent[s/d/p/e] 1.85/2.41/1.45/0.56  emits 0.39  spf 86.4  z0 0.73  garr 94.3  tG 726  e2 0.08  nF 3.8  pS 0.35  ptS 0.34  fLog 0.65  pdΔ -0.1490  pkR 3.39  clip 0.08  kl +0.003
upd   40  steps   83968  sps 1050  opp symm  loss -0.014  pg -0.0005  v 0.005  ev +0.97  adv_std 0.095  tR +1.00  ent[s/d/p/e] 1.83/2.34/1.44/0.54  emits 0.36  spf 77.8  z0 0.75  garr 89.4  tG 733  e2 0.08  nF 4.0  pS 0.35  ptS 0.34  fLog 0.64  pdΔ -0.1501  pkR 4.13  clip 0.07  kl +0.001
upd   41  steps   86016  sps 1067  opp symm  loss -0.002  pg +0.0113  v 0.005  ev +0.98  adv_std 0.090  tR -1.00  ent[s/d/p/e] 1.86/2.38/1.41/0.55  emits 0.33  spf 89.5  z0 0.77  garr 100.6  tG 869  e2 0.07  nF 3.8  pS 0.36  ptS 0.35  fLog 0.65  pdΔ -0.1421  pkR 4.21  clip 0.08  kl +0.002
upd   42  steps   88064  sps 1084  opp symm  loss +0.006  pg +0.0198  v 0.005  ev +0.98  adv_std 0.096  tR +1.00  ent[s/d/p/e] 1.97/2.44/1.41/0.58  emits 0.44  spf 93.1  z0 0.72  garr 96.0  tG 885  e2 0.10  nF 4.1  pS 0.38  ptS 0.37  fLog 0.66  pdΔ -0.1212  pkR 4.42  clip 0.11  kl +0.002
upd   43  steps   90112  sps 1100  opp symm  loss -0.002  pg +0.0112  v 0.006  ev +0.97  adv_std 0.110  tR +0.00  ent[s/d/p/e] 1.97/2.42/1.31/0.58  emits 0.44  spf 87.8  z0 0.71  garr 90.9  tG 856  e2 0.10  nF 4.5  pS 0.38  ptS 0.38  fLog 0.66  pdΔ -0.1161  pkR 4.56  clip 0.11  kl +0.002
upd   44  steps   92160  sps 1116  opp symm  loss -0.007  pg +0.0060  v 0.006  ev +0.97  adv_std 0.109  tR +0.00  ent[s/d/p/e] 1.97/2.43/1.34/0.58  emits 0.44  spf 79.7  z0 0.70  garr 92.7  tG 882  e2 0.10  nF 4.6  pS 0.40  ptS 0.39  fLog 0.64  pdΔ -0.1005  pkR 4.60  clip 0.12  kl +0.004
upd   45  steps   94208  sps 1132  opp symm  loss -0.021  pg -0.0071  v 0.005  ev +0.98  adv_std 0.096  tR -1.00  ent[s/d/p/e] 1.96/2.44/1.39/0.55  emits 0.35  spf 94.8  z0 0.76  garr 108.4  tG 1048  e2 0.07  nF 3.9  pS 0.41  ptS 0.40  fLog 0.67  pdΔ -0.0926  pkR 4.13  clip 0.08  kl +0.002
upd   46  steps   96256  sps 1148  opp symm  loss -0.021  pg -0.0197  v 0.028  ev +0.87  adv_std 0.247  tR +0.00  ent[s/d/p/e] 1.76/2.38/1.32/0.43  emits 0.23  spf 97.3  z0 0.82  garr 95.7  tG 868  e2 0.04  nF 2.6  pS 0.32  ptS 0.31  fLog 0.66  pdΔ -0.1829  pkR 5.56  clip 0.07  kl +0.002
upd   47  steps   98304  sps 1163  opp symm  loss +0.023  pg +0.0313  v 0.011  ev +0.90  adv_std 0.141  tR +0.00  ent[s/d/p/e] 1.09/2.23/1.51/0.37  emits 0.18  spf 57.6  z0 0.86  garr 53.5  tG 304  e2 0.03  nF 1.9  pS 0.16  ptS 0.16  fLog 0.60  pdΔ -0.3393  pkR 8.33  clip 0.06  kl +0.000
upd   48  steps  100352  sps 1178  opp symm  loss +0.001  pg +0.0118  v 0.008  ev +0.94  adv_std 0.128  tR +1.00  ent[s/d/p/e] 1.25/2.38/1.61/0.42  emits 0.20  spf 68.9  z0 0.85  garr 63.5  tG 368  e2 0.03  nF 2.0  pS 0.19  ptS 0.19  fLog 0.62  pdΔ -0.3083  pkR 7.47  clip 0.07  kl +0.000
upd   49  steps  102400  sps 1193  opp symm  loss -0.030  pg -0.0193  v 0.009  ev +0.94  adv_std 0.127  tR +1.00  ent[s/d/p/e] 1.46/2.42/1.60/0.42  emits 0.21  spf 83.5  z0 0.84  garr 79.5  tG 493  e2 0.03  nF 2.0  pS 0.22  ptS 0.22  fLog 0.65  pdΔ -0.2764  pkR 6.58  clip 0.04  kl +0.001
upd   50  steps  104448  sps 1208  opp symm  loss -0.073  pg -0.0607  v 0.009  ev +0.94  adv_std 0.135  tR +0.00  ent[s/d/p/e] 1.52/2.47/1.64/0.47  emits 0.23  spf 83.8  z0 0.83  garr 92.6  tG 619  e2 0.04  nF 2.2  pS 0.26  ptS 0.25  fLog 0.66  pdΔ -0.2448  pkR 6.26  clip 0.05  kl +0.002
upd   51  steps  106496  sps 1222  opp symm  loss -0.020  pg -0.0071  v 0.007  ev +0.96  adv_std 0.116  tR +0.00  ent[s/d/p/e] 1.71/2.47/1.56/0.44  emits 0.25  spf 95.8  z0 0.81  garr 102.7  tG 740  e2 0.04  nF 2.4  pS 0.29  ptS 0.29  fLog 0.68  pdΔ -0.2085  pkR 4.77  clip 0.06  kl +0.001
upd   52  steps  108544  sps 1237  opp symm  loss -0.012  pg +0.0011  v 0.008  ev +0.96  adv_std 0.124  tR +1.00  ent[s/d/p/e] 1.77/2.52/1.58/0.49  emits 0.25  spf 109.1  z0 0.81  garr 115.0  tG 858  e2 0.04  nF 2.2  pS 0.31  ptS 0.30  fLog 0.70  pdΔ -0.1909  pkR 5.23  clip 0.05  kl +0.002
upd   53  steps  110592  sps 1251  opp symm  loss -0.002  pg +0.0108  v 0.008  ev +0.96  adv_std 0.124  tR +0.50  ent[s/d/p/e] 1.81/2.51/1.64/0.45  emits 0.24  spf 119.5  z0 0.82  garr 112.4  tG 843  e2 0.04  nF 2.2  pS 0.30  ptS 0.29  fLog 0.70  pdΔ -0.2024  pkR 5.93  clip 0.08  kl +0.002
upd   54  steps  112640  sps 1265  opp symm  loss +0.001  pg +0.0135  v 0.009  ev +0.96  adv_std 0.123  tR +1.00  ent[s/d/p/e] 1.83/2.47/1.60/0.46  emits 0.26  spf 106.9  z0 0.81  garr 110.4  tG 894  e2 0.05  nF 2.3  pS 0.32  ptS 0.31  fLog 0.69  pdΔ -0.1837  pkR 6.93  clip 0.05  kl +0.001
upd   55  steps  114688  sps 1278  opp symm  loss +0.004  pg +0.0178  v 0.005  ev +0.97  adv_std 0.099  tR +0.20  ent[s/d/p/e] 1.84/2.46/1.53/0.42  emits 0.21  spf 108.3  z0 0.84  garr 119.6  tG 951  e2 0.04  nF 2.0  pS 0.31  ptS 0.31  fLog 0.69  pdΔ -0.1876  pkR 4.23  clip 0.07  kl +0.003
upd   56  steps  116736  sps 1292  opp symm  loss +0.004  pg +0.0168  v 0.007  ev +0.96  adv_std 0.113  tR +0.00  ent[s/d/p/e] 1.86/2.49/1.55/0.39  emits 0.19  spf 118.2  z0 0.85  garr 129.2  tG 956  e2 0.03  nF 1.7  pS 0.29  ptS 0.29  fLog 0.71  pdΔ -0.2075  pkR 5.82  clip 0.04  kl +0.000
upd   57  steps  118784  sps 1305  opp symm  loss +0.027  pg +0.0406  v 0.006  ev +0.97  adv_std 0.091  tR +0.00  ent[s/d/p/e] 1.67/2.47/1.59/0.32  emits 0.15  spf 114.1  z0 0.88  garr 135.6  tG 979  e2 0.02  nF 1.4  pS 0.28  ptS 0.28  fLog 0.70  pdΔ -0.2154  pkR 4.63  clip 0.05  kl +0.004
upd   58  steps  120832  sps 1318  opp symm  loss -0.005  pg +0.0087  v 0.005  ev +0.97  adv_std 0.088  tR -0.33  ent[s/d/p/e] 1.74/2.40/1.54/0.35  emits 0.14  spf 117.2  z0 0.88  garr 157.5  tG 1181  e2 0.02  nF 1.2  pS 0.30  ptS 0.30  fLog 0.70  pdΔ -0.2020  pkR 4.44  clip 0.03  kl +0.000
upd   59  steps  122880  sps 1331  opp symm  loss -0.043  pg -0.0305  v 0.007  ev +0.96  adv_std 0.110  tR -1.00  ent[s/d/p/e] 1.79/2.52/1.58/0.34  emits 0.13  spf 137.3  z0 0.89  garr 177.6  tG 1346  e2 0.02  nF 1.2  pS 0.30  ptS 0.30  fLog 0.72  pdΔ -0.1985  pkR 4.44  clip 0.04  kl +0.001
upd   60  steps  124928  sps 1344  opp symm  loss -0.018  pg -0.0045  v 0.007  ev +0.96  adv_std 0.115  tR -0.50  ent[s/d/p/e] 1.62/2.47/1.72/0.37  emits 0.14  spf 136.0  z0 0.88  garr 192.2  tG 1489  e2 0.02  nF 1.2  pS 0.30  ptS 0.30  fLog 0.72  pdΔ -0.1992  pkR 4.73  clip 0.04  kl +0.001
upd   61  steps  126976  sps 1357  opp symm  loss -0.028  pg -0.0164  v 0.009  ev +0.94  adv_std 0.137  tR -1.00  ent[s/d/p/e] 1.63/2.48/1.67/0.40  emits 0.17  spf 165.8  z0 0.86  garr 190.4  tG 1525  e2 0.02  nF 1.3  pS 0.31  ptS 0.31  fLog 0.74  pdΔ -0.1904  pkR 5.04  clip 0.05  kl +0.001
upd   62  steps  129024  sps 1369  opp symm  loss -0.042  pg -0.0399  v 0.026  ev +0.81  adv_std 0.233  tR +0.00  ent[s/d/p/e] 1.41/2.38/1.58/0.39  emits 0.16  spf 115.5  z0 0.87  garr 104.4  tG 735  e2 0.02  nF 1.3  pS 0.21  ptS 0.21  fLog 0.68  pdΔ -0.2857  pkR 8.87  clip 0.06  kl +0.002
upd   63  steps  131072  sps 1381  opp symm  loss -0.062  pg -0.0543  v 0.015  ev +0.87  adv_std 0.172  tR +0.00  ent[s/d/p/e] 1.20/2.40/1.64/0.40  emits 0.18  spf 80.1  z0 0.85  garr 84.5  tG 490  e2 0.03  nF 1.7  pS 0.20  ptS 0.20  fLog 0.65  pdΔ -0.2985  pkR 8.76  clip 0.04  kl +0.001
upd   64  steps  133120  sps 1393  opp symm  loss -0.004  pg +0.0061  v 0.012  ev +0.92  adv_std 0.157  tR +0.00  ent[s/d/p/e] 1.38/2.45/1.69/0.44  emits 0.23  spf 89.0  z0 0.83  garr 90.2  tG 556  e2 0.04  nF 2.0  pS 0.25  ptS 0.23  fLog 0.67  pdΔ -0.2544  pkR 5.63  clip 0.04  kl +0.003
upd   65  steps  135168  sps 1405  opp symm  loss -0.017  pg -0.0041  v 0.007  ev +0.96  adv_std 0.114  tR +0.00  ent[s/d/p/e] 1.56/2.46/1.71/0.45  emits 0.21  spf 81.2  z0 0.83  garr 107.0  tG 730  e2 0.04  nF 2.2  pS 0.29  ptS 0.28  fLog 0.66  pdΔ -0.2088  pkR 4.68  clip 0.04  kl +0.001
upd   66  steps  137216  sps 1417  opp symm  loss -0.007  pg +0.0058  v 0.007  ev +0.97  adv_std 0.107  tR +1.00  ent[s/d/p/e] 1.69/2.45/1.64/0.45  emits 0.25  spf 101.7  z0 0.82  garr 122.7  tG 896  e2 0.05  nF 2.3  pS 0.32  ptS 0.31  fLog 0.69  pdΔ -0.1766  pkR 4.34  clip 0.06  kl +0.002
upd   67  steps  139264  sps 1429  opp symm  loss -0.045  pg -0.0320  v 0.007  ev +0.96  adv_std 0.121  tR +0.00  ent[s/d/p/e] 1.79/2.43/1.62/0.50  emits 0.28  spf 107.8  z0 0.80  garr 126.2  tG 999  e2 0.05  nF 2.3  pS 0.36  ptS 0.34  fLog 0.71  pdΔ -0.1426  pkR 4.61  clip 0.07  kl +0.001
upd   68  steps  141312  sps 1440  opp symm  loss -0.038  pg -0.0272  v 0.011  ev +0.95  adv_std 0.146  tR -0.50  ent[s/d/p/e] 1.87/2.47/1.47/0.46  emits 0.25  spf 116.7  z0 0.81  garr 136.7  tG 1175  e2 0.04  nF 2.1  pS 0.38  ptS 0.37  fLog 0.72  pdΔ -0.1180  pkR 4.00  clip 0.04  kl +0.001
upd   69  steps  143360  sps 1451  opp symm  loss -0.054  pg -0.0400  v 0.006  ev +0.97  adv_std 0.106  tR -1.00  ent[s/d/p/e] 1.98/2.53/1.52/0.44  emits 0.19  spf 143.9  z0 0.85  garr 152.0  tG 1349  e2 0.03  nF 1.8  pS 0.38  ptS 0.38  fLog 0.75  pdΔ -0.1163  pkR 4.15  clip 0.05  kl +0.003
upd   70  steps  145408  sps 1462  opp symm  loss -0.028  pg -0.0149  v 0.008  ev +0.96  adv_std 0.124  tR +0.60  ent[s/d/p/e] 2.00/2.53/1.51/0.43  emits 0.24  spf 143.7  z0 0.83  garr 166.4  tG 1473  e2 0.05  nF 1.9  pS 0.39  ptS 0.39  fLog 0.75  pdΔ -0.1067  pkR 3.72  clip 0.08  kl +0.003
upd   71  steps  147456  sps 1473  opp symm  loss -0.013  pg -0.0030  v 0.013  ev +0.95  adv_std 0.149  tR +1.00  ent[s/d/p/e] 1.94/2.52/1.45/0.48  emits 0.25  spf 134.4  z0 0.81  garr 158.4  tG 1340  e2 0.04  nF 2.1  pS 0.37  ptS 0.36  fLog 0.73  pdΔ -0.1258  pkR 4.45  clip 0.07  kl +0.002
upd   72  steps  149504  sps 1484  opp symm  loss -0.016  pg -0.0045  v 0.009  ev +0.96  adv_std 0.129  tR +0.33  ent[s/d/p/e] 1.89/2.47/1.44/0.44  emits 0.24  spf 130.9  z0 0.82  garr 149.7  tG 1297  e2 0.04  nF 2.2  pS 0.37  ptS 0.36  fLog 0.71  pdΔ -0.1269  pkR 4.71  clip 0.07  kl +0.002
upd   73  steps  151552  sps 1495  opp symm  loss -0.013  pg -0.0032  v 0.012  ev +0.95  adv_std 0.153  tR +1.00  ent[s/d/p/e] 1.81/2.44/1.43/0.47  emits 0.24  spf 124.5  z0 0.82  garr 148.8  tG 1264  e2 0.05  nF 2.0  pS 0.36  ptS 0.35  fLog 0.71  pdΔ -0.1375  pkR 5.11  clip 0.08  kl +0.000
upd   74  steps  153600  sps 1505  opp symm  loss -0.025  pg -0.0141  v 0.009  ev +0.96  adv_std 0.130  tR +1.00  ent[s/d/p/e] 1.70/2.42/1.47/0.37  emits 0.19  spf 113.4  z0 0.85  garr 142.0  tG 1115  e2 0.04  nF 1.8  pS 0.33  ptS 0.31  fLog 0.70  pdΔ -0.1719  pkR 6.07  clip 0.14  kl +0.009
upd   75  steps  155648  sps 1516  opp symm  loss +0.020  pg +0.0284  v 0.015  ev +0.94  adv_std 0.175  tR -0.20  ent[s/d/p/e] 1.64/2.37/1.47/0.43  emits 0.20  spf 86.3  z0 0.85  garr 155.2  tG 1218  e2 0.04  nF 2.0  pS 0.34  ptS 0.32  fLog 0.66  pdΔ -0.1622  pkR 4.25  clip 0.07  kl +0.001
upd   76  steps  157696  sps 1526  opp symm  loss -0.053  pg -0.0416  v 0.009  ev +0.96  adv_std 0.132  tR -0.50  ent[s/d/p/e] 1.56/2.36/1.52/0.38  emits 0.18  spf 104.5  z0 0.86  garr 163.3  tG 1288  e2 0.03  nF 1.8  pS 0.32  ptS 0.31  fLog 0.68  pdΔ -0.1753  pkR 5.36  clip 0.05  kl +0.000
upd   77  steps  159744  sps 1536  opp symm  loss +0.004  pg +0.0074  v 0.023  ev +0.91  adv_std 0.218  tR +0.04  ent[s/d/p/e] 1.53/2.33/1.47/0.38  emits 0.17  spf 101.6  z0 0.86  garr 158.0  tG 1223  e2 0.03  nF 1.9  pS 0.30  ptS 0.29  fLog 0.67  pdΔ -0.1964  pkR 5.90  clip 0.04  kl -0.000
upd   78  steps  161792  sps 1547  opp symm  loss +0.021  pg +0.0264  v 0.018  ev +0.90  adv_std 0.192  tR +1.00  ent[s/d/p/e] 1.14/2.16/1.48/0.39  emits 0.20  spf 68.2  z0 0.85  garr 87.0  tG 594  e2 0.03  nF 1.9  pS 0.23  ptS 0.22  fLog 0.62  pdΔ -0.2680  pkR 12.27  clip 0.05  kl +0.002
upd   79  steps  163840  sps 1556  opp symm  loss -0.014  pg -0.0033  v 0.009  ev +0.96  adv_std 0.130  tR -1.00  ent[s/d/p/e] 1.39/2.32/1.54/0.38  emits 0.18  spf 78.4  z0 0.86  garr 104.6  tG 684  e2 0.02  nF 2.0  pS 0.26  ptS 0.24  fLog 0.65  pdΔ -0.2403  pkR 5.22  clip 0.04  kl -0.000
upd   80  steps  165888  sps 1566  opp symm  loss +0.038  pg +0.0486  v 0.010  ev +0.96  adv_std 0.136  tR -1.00  ent[s/d/p/e] 1.53/2.40/1.55/0.38  emits 0.16  spf 84.6  z0 0.88  garr 135.5  tG 924  e2 0.02  nF 1.6  pS 0.30  ptS 0.28  fLog 0.67  pdΔ -0.2005  pkR 4.48  clip 0.03  kl -0.001
upd   81  steps  167936  sps 1576  opp symm  loss +0.009  pg +0.0216  v 0.006  ev +0.98  adv_std 0.107  tR -1.00  ent[s/d/p/e] 1.61/2.41/1.49/0.38  emits 0.18  spf 110.9  z0 0.86  garr 163.4  tG 1178  e2 0.03  nF 1.5  pS 0.33  ptS 0.31  fLog 0.70  pdΔ -0.1745  pkR 3.95  clip 0.04  kl +0.001
upd   82  steps  169984  sps 1586  opp symm  loss -0.033  pg -0.0221  v 0.008  ev +0.97  adv_std 0.123  tR +0.00  ent[s/d/p/e] 1.76/2.39/1.48/0.33  emits 0.13  spf 122.8  z0 0.89  garr 193.0  tG 1449  e2 0.02  nF 1.2  pS 0.34  ptS 0.33  fLog 0.73  pdΔ -0.1568  pkR 3.82  clip 0.05  kl +0.000
upd   83  steps  172032  sps 1595  opp symm  loss +0.006  pg +0.0193  v 0.004  ev +0.98  adv_std 0.090  tR +0.00  ent[s/d/p/e] 1.75/2.38/1.33/0.34  emits 0.10  spf 148.4  z0 0.91  garr 233.7  tG 1779  e2 0.01  nF 0.9  pS 0.35  ptS 0.33  fLog 0.75  pdΔ -0.1484  pkR 3.63  clip 0.04  kl +0.003
upd   84  steps  174080  sps 1604  opp symm  loss -0.099  pg -0.0873  v 0.007  ev +0.97  adv_std 0.114  tR +0.60  ent[s/d/p/e] 1.70/2.36/1.42/0.31  emits 0.09  spf 168.0  z0 0.92  garr 253.3  tG 1935  e2 0.01  nF 0.8  pS 0.34  ptS 0.32  fLog 0.77  pdΔ -0.1572  pkR 3.87  clip 0.03  kl +0.002
upd   85  steps  176128  sps 1614  opp symm  loss -0.011  pg +0.0002  v 0.006  ev +0.97  adv_std 0.104  tR -1.00  ent[s/d/p/e] 1.69/2.33/1.31/0.38  emits 0.14  spf 156.3  z0 0.88  garr 266.7  tG 2017  e2 0.02  nF 0.9  pS 0.34  ptS 0.32  fLog 0.75  pdΔ -0.1633  pkR 3.84  clip 0.05  kl +0.002
upd   86  steps  178176  sps 1623  opp symm  loss +0.016  pg +0.0255  v 0.009  ev +0.96  adv_std 0.131  tR -0.33  ent[s/d/p/e] 1.61/2.31/1.36/0.30  emits 0.13  spf 161.1  z0 0.89  garr 256.1  tG 1964  e2 0.02  nF 1.2  pS 0.33  ptS 0.31  fLog 0.73  pdΔ -0.1651  pkR 3.89  clip 0.08  kl +0.006
upd   87  steps  180224  sps 1632  opp symm  loss +0.037  pg +0.0455  v 0.011  ev +0.94  adv_std 0.145  tR +0.33  ent[s/d/p/e] 1.52/2.27/1.44/0.31  emits 0.12  spf 136.6  z0 0.91  garr 256.5  tG 1967  e2 0.02  nF 1.0  pS 0.33  ptS 0.31  fLog 0.71  pdΔ -0.1730  pkR 4.77  clip 0.04  kl +0.000
upd   88  steps  182272  sps 1641  opp symm  loss +0.063  pg +0.0718  v 0.010  ev +0.96  adv_std 0.140  tR +0.50  ent[s/d/p/e] 1.31/2.17/1.48/0.24  emits 0.09  spf 116.2  z0 0.92  garr 266.8  tG 1968  e2 0.01  nF 0.8  pS 0.31  ptS 0.29  fLog 0.67  pdΔ -0.1879  pkR 4.34  clip 0.05  kl -0.000
upd   89  steps  184320  sps 1650  opp symm  loss -0.004  pg +0.0042  v 0.012  ev +0.95  adv_std 0.152  tR -0.50  ent[s/d/p/e] 1.20/2.21/1.54/0.24  emits 0.07  spf 138.9  z0 0.94  garr 274.8  tG 1988  e2 0.00  nF 0.7  pS 0.30  ptS 0.28  fLog 0.69  pdΔ -0.2036  pkR 4.22  clip 0.02  kl -0.000
upd   90  steps  186368  sps 1658  opp symm  loss +0.010  pg +0.0193  v 0.009  ev +0.96  adv_std 0.127  tR +0.00  ent[s/d/p/e] 1.19/2.19/1.43/0.24  emits 0.10  spf 111.0  z0 0.92  garr 279.4  tG 2042  e2 0.01  nF 0.8  pS 0.30  ptS 0.28  fLog 0.66  pdΔ -0.2008  pkR 4.34  clip 0.03  kl +0.001
upd   91  steps  188416  sps 1667  opp symm  loss +0.049  pg +0.0563  v 0.013  ev +0.94  adv_std 0.154  tR +0.33  ent[s/d/p/e] 1.26/2.37/1.47/0.24  emits 0.08  spf 120.2  z0 0.93  garr 292.8  tG 2166  e2 0.01  nF 0.7  pS 0.29  ptS 0.27  fLog 0.69  pdΔ -0.2113  pkR 4.66  clip 0.02  kl +0.001
upd   92  steps  190464  sps 1675  opp symm  loss -0.048  pg -0.0381  v 0.008  ev +0.97  adv_std 0.120  tR +0.67  ent[s/d/p/e] 1.28/2.27/1.56/0.22  emits 0.07  spf 108.1  z0 0.94  garr 303.2  tG 2256  e2 0.01  nF 0.6  pS 0.28  ptS 0.26  fLog 0.67  pdΔ -0.2219  pkR 4.86  clip 0.02  kl +0.001
upd   93  steps  192512  sps 1684  opp symm  loss -0.061  pg -0.0555  v 0.015  ev +0.92  adv_std 0.173  tR +0.13  ent[s/d/p/e] 0.83/2.02/1.55/0.28  emits 0.10  spf 74.0  z0 0.91  garr 194.2  tG 1220  e2 0.01  nF 0.8  pS 0.20  ptS 0.19  fLog 0.59  pdΔ -0.2989  pkR 8.82  clip 0.03  kl +0.002
upd   94  steps  194560  sps 1692  opp symm  loss +0.020  pg +0.0297  v 0.007  ev +0.96  adv_std 0.119  tR +0.00  ent[s/d/p/e] 0.93/2.00/1.45/0.34  emits 0.17  spf 59.8  z0 0.87  garr 123.4  tG 652  e2 0.03  nF 1.5  pS 0.20  ptS 0.18  fLog 0.59  pdΔ -0.3037  pkR 5.63  clip 0.04  kl +0.004
upd   95  steps  196608  sps 1700  opp symm  loss +0.021  pg +0.0284  v 0.013  ev +0.93  adv_std 0.165  tR +1.00  ent[s/d/p/e] 1.07/2.19/1.48/0.35  emits 0.13  spf 62.8  z0 0.90  garr 148.5  tG 845  e2 0.02  nF 1.6  pS 0.23  ptS 0.21  fLog 0.61  pdΔ -0.2668  pkR 5.25  clip 0.03  kl +0.003
upd   96  steps  198656  sps 1708  opp symm  loss -0.031  pg -0.0211  v 0.009  ev +0.96  adv_std 0.131  tR +1.00  ent[s/d/p/e] 1.32/2.25/1.54/0.33  emits 0.14  spf 85.9  z0 0.88  garr 177.7  tG 1061  e2 0.02  nF 1.5  pS 0.27  ptS 0.25  fLog 0.65  pdΔ -0.2323  pkR 5.19  clip 0.04  kl +0.001
upd   97  steps  200704  sps 1716  opp symm  loss -0.098  pg -0.0868  v 0.007  ev +0.97  adv_std 0.114  tR +0.00  ent[s/d/p/e] 1.48/2.32/1.57/0.32  emits 0.11  spf 111.6  z0 0.90  garr 200.8  tG 1261  e2 0.01  nF 1.0  pS 0.29  ptS 0.27  fLog 0.70  pdΔ -0.2107  pkR 5.06  clip 0.02  kl +0.001
upd   98  steps  202752  sps 1724  opp symm  loss -0.002  pg +0.0087  v 0.009  ev +0.96  adv_std 0.131  tR +0.00  ent[s/d/p/e] 1.57/2.35/1.51/0.33  emits 0.12  spf 138.0  z0 0.91  garr 233.1  tG 1525  e2 0.02  nF 0.9  pS 0.31  ptS 0.29  fLog 0.73  pdΔ -0.1868  pkR 5.04  clip 0.03  kl -0.001
[eval_vs_v20] u99 tag=train_u99  bin0=0.0%  spf=27.00  garr=59.23  flip=11.76%  z0=70.7%  e8=0.5%  e2+=0.9%  WLD=0/3/0
upd   99  steps  204800  sps 1732  opp symm  loss -0.047  pg -0.0382  v 0.011  ev +0.95  adv_std 0.150  tR -0.33  ent[s/d/p/e] 1.50/2.31/1.30/0.33  emits 0.13  spf 136.5  z0 0.89  garr 238.9  tG 1647  e2 0.02  nF 0.9  pS 0.33  ptS 0.30  fLog 0.74  pdΔ -0.1746  pkR 4.82  clip 0.03  kl +0.001 WRr 1.00 v20[spf 27.0 flip 11.8% e2+ 0.9%]
upd  100  steps  206848  sps 984  opp symm  loss +0.026  pg +0.0368  v 0.008  ev +0.97  adv_std 0.119  tR +0.20  ent[s/d/p/e] 1.57/2.33/1.29/0.32  emits 0.13  spf 138.9  z0 0.89  garr 222.7  tG 1629  e2 0.02  nF 1.1  pS 0.32  ptS 0.30  fLog 0.74  pdΔ -0.1766  pkR 5.41  clip 0.04  kl +0.003
upd  101  steps  208896  sps 991  opp symm  loss +0.020  pg +0.0290  v 0.011  ev +0.95  adv_std 0.147  tR -0.33  ent[s/d/p/e] 1.58/2.33/1.24/0.34  emits 0.14  spf 165.8  z0 0.88  garr 220.8  tG 1645  e2 0.02  nF 1.1  pS 0.33  ptS 0.31  fLog 0.74  pdΔ -0.1725  pkR 5.55  clip 0.03  kl -0.001
upd  102  steps  210944  sps 997  opp symm  loss +0.001  pg +0.0119  v 0.006  ev +0.97  adv_std 0.107  tR +1.00  ent[s/d/p/e] 1.55/2.39/1.28/0.31  emits 0.12  spf 145.9  z0 0.90  garr 210.5  tG 1635  e2 0.01  nF 1.0  pS 0.34  ptS 0.32  fLog 0.72  pdΔ -0.1646  pkR 5.83  clip 0.03  kl +0.001
upd  103  steps  212992  sps 1004  opp symm  loss +0.043  pg +0.0540  v 0.005  ev +0.98  adv_std 0.094  tR -0.20  ent[s/d/p/e] 1.51/2.37/1.17/0.31  emits 0.10  spf 161.1  z0 0.92  garr 236.1  tG 1859  e2 0.01  nF 0.9  pS 0.34  ptS 0.32  fLog 0.73  pdΔ -0.1615  pkR 5.61  clip 0.03  kl +0.001
upd  104  steps  215040  sps 1010  opp symm  loss -0.015  pg -0.0061  v 0.007  ev +0.97  adv_std 0.120  tR +1.00  ent[s/d/p/e] 1.25/2.20/1.19/0.30  emits 0.10  spf 143.8  z0 0.91  garr 248.0  tG 2022  e2 0.02  nF 0.8  pS 0.34  ptS 0.32  fLog 0.71  pdΔ -0.1625  pkR 5.64  clip 0.04  kl +0.002
upd  105  steps  217088  sps 1017  opp symm  loss -0.025  pg -0.0148  v 0.006  ev +0.98  adv_std 0.105  tR +0.33  ent[s/d/p/e] 1.35/2.27/1.11/0.33  emits 0.13  spf 129.9  z0 0.89  garr 243.2  tG 1912  e2 0.01  nF 1.0  pS 0.31  ptS 0.30  fLog 0.69  pdΔ -0.1905  pkR 4.82  clip 0.02  kl +0.001
upd  106  steps  219136  sps 1023  opp symm  loss -0.037  pg -0.0268  v 0.006  ev +0.97  adv_std 0.102  tR -0.33  ent[s/d/p/e] 1.48/2.29/1.02/0.34  emits 0.15  spf 148.3  z0 0.88  garr 255.8  tG 2061  e2 0.02  nF 1.2  pS 0.32  ptS 0.31  fLog 0.70  pdΔ -0.1788  pkR 5.00  clip 0.04  kl +0.003
upd  107  steps  221184  sps 1030  opp symm  loss +0.011  pg +0.0198  v 0.007  ev +0.96  adv_std 0.119  tR +0.33  ent[s/d/p/e] 1.48/2.27/0.98/0.33  emits 0.13  spf 137.7  z0 0.89  garr 258.8  tG 2158  e2 0.02  nF 1.2  pS 0.33  ptS 0.32  fLog 0.70  pdΔ -0.1670  pkR 4.72  clip 0.02  kl +0.001
upd  108  steps  223232  sps 1036  opp symm  loss +0.041  pg +0.0394  v 0.028  ev +0.88  adv_std 0.236  tR +0.08  ent[s/d/p/e] 1.38/2.06/0.94/0.30  emits 0.13  spf 134.4  z0 0.90  garr 261.0  tG 2170  e2 0.02  nF 1.1  pS 0.32  ptS 0.30  fLog 0.68  pdΔ -0.1800  pkR 5.34  clip 0.04  kl +0.002
upd  109  steps  225280  sps 1043  opp symm  loss +0.035  pg +0.0393  v 0.013  ev +0.92  adv_std 0.162  tR +1.00  ent[s/d/p/e] 1.06/1.84/0.95/0.37  emits 0.16  spf 73.6  z0 0.87  garr 141.0  tG 950  e2 0.03  nF 1.4  pS 0.22  ptS 0.21  fLog 0.61  pdΔ -0.2750  pkR 8.45  clip 0.06  kl +0.000
upd  110  steps  227328  sps 1049  opp symm  loss +0.046  pg +0.0513  v 0.013  ev +0.94  adv_std 0.164  tR +1.00  ent[s/d/p/e] 1.22/2.10/0.91/0.35  emits 0.15  spf 76.7  z0 0.88  garr 154.8  tG 970  e2 0.02  nF 1.6  pS 0.25  ptS 0.23  fLog 0.62  pdΔ -0.2492  pkR 8.65  clip 0.04  kl +0.001
upd  111  steps  229376  sps 1055  opp symm  loss +0.029  pg +0.0370  v 0.009  ev +0.96  adv_std 0.136  tR +1.00  ent[s/d/p/e] 1.36/2.30/0.98/0.33  emits 0.14  spf 98.5  z0 0.88  garr 178.0  tG 1088  e2 0.02  nF 1.5  pS 0.27  ptS 0.25  fLog 0.67  pdΔ -0.2316  pkR 4.25  clip 0.02  kl +0.001
upd  112  steps  231424  sps 1062  opp symm  loss +0.037  pg +0.0445  v 0.010  ev +0.96  adv_std 0.140  tR +0.00  ent[s/d/p/e] 1.42/2.22/1.02/0.31  emits 0.12  spf 106.3  z0 0.90  garr 203.9  tG 1324  e2 0.02  nF 1.3  pS 0.29  ptS 0.27  fLog 0.67  pdΔ -0.2129  pkR 4.02  clip 0.04  kl +0.001
upd  113  steps  233472  sps 1068  opp symm  loss -0.028  pg -0.0186  v 0.007  ev +0.97  adv_std 0.113  tR +0.00  ent[s/d/p/e] 1.42/2.19/1.01/0.30  emits 0.10  spf 130.6  z0 0.92  garr 244.8  tG 1641  e2 0.01  nF 0.9  pS 0.30  ptS 0.28  fLog 0.70  pdΔ -0.2033  pkR 4.20  clip 0.04  kl +0.001
upd  114  steps  235520  sps 1074  opp symm  loss -0.010  pg -0.0005  v 0.006  ev +0.98  adv_std 0.112  tR -0.33  ent[s/d/p/e] 1.46/2.27/1.06/0.31  emits 0.12  spf 128.5  z0 0.89  garr 270.7  tG 1867  e2 0.01  nF 1.0  pS 0.31  ptS 0.29  fLog 0.71  pdΔ -0.1943  pkR 4.45  clip 0.03  kl +0.001
upd  115  steps  237568  sps 1080  opp symm  loss +0.009  pg +0.0177  v 0.007  ev +0.97  adv_std 0.120  tR +0.14  ent[s/d/p/e] 1.50/2.23/0.98/0.29  emits 0.11  spf 132.0  z0 0.91  garr 272.1  tG 1894  e2 0.01  nF 1.1  pS 0.31  ptS 0.29  fLog 0.71  pdΔ -0.1938  pkR 4.39  clip 0.03  kl +0.001
upd  116  steps  239616  sps 1086  opp symm  loss +0.010  pg +0.0201  v 0.005  ev +0.98  adv_std 0.097  tR -1.00  ent[s/d/p/e] 1.44/2.23/1.02/0.35  emits 0.13  spf 139.8  z0 0.89  garr 273.7  tG 1947  e2 0.02  nF 1.1  pS 0.30  ptS 0.29  fLog 0.71  pdΔ -0.2019  pkR 4.93  clip 0.06  kl +0.004
upd  117  steps  241664  sps 1092  opp symm  loss +0.053  pg +0.0623  v 0.005  ev +0.98  adv_std 0.102  tR -0.20  ent[s/d/p/e] 1.43/2.13/0.93/0.26  emits 0.12  spf 132.7  z0 0.90  garr 280.7  tG 2095  e2 0.02  nF 1.1  pS 0.31  ptS 0.30  fLog 0.69  pdΔ -0.1912  pkR 5.15  clip 0.08  kl +0.003
upd  118  steps  243712  sps 1098  opp symm  loss +0.032  pg +0.0390  v 0.010  ev +0.96  adv_std 0.141  tR -1.00  ent[s/d/p/e] 1.60/2.14/0.87/0.23  emits 0.07  spf 138.7  z0 0.94  garr 293.5  tG 2224  e2 0.01  nF 0.9  pS 0.32  ptS 0.31  fLog 0.71  pdΔ -0.1830  pkR 5.67  clip 0.01  kl -0.000
upd  119  steps  245760  sps 1104  opp symm  loss -0.086  pg -0.0770  v 0.006  ev +0.98  adv_std 0.099  tR +0.50  ent[s/d/p/e] 1.41/2.19/1.00/0.26  emits 0.08  spf 126.2  z0 0.93  garr 318.3  tG 2455  e2 0.01  nF 0.6  pS 0.31  ptS 0.30  fLog 0.69  pdΔ -0.1919  pkR 5.68  clip 0.03  kl +0.001
upd  120  steps  247808  sps 1110  opp symm  loss +0.078  pg +0.0868  v 0.005  ev +0.98  adv_std 0.096  tR +0.60  ent[s/d/p/e] 1.46/2.05/0.91/0.27  emits 0.11  spf 128.4  z0 0.91  garr 314.1  tG 2341  e2 0.02  nF 1.0  pS 0.30  ptS 0.29  fLog 0.68  pdΔ -0.2032  pkR 5.87  clip 0.02  kl +0.001
upd  121  steps  249856  sps 1116  opp symm  loss -0.007  pg +0.0011  v 0.007  ev +0.97  adv_std 0.110  tR -0.33  ent[s/d/p/e] 1.23/2.07/0.93/0.25  emits 0.09  spf 104.6  z0 0.92  garr 303.4  tG 2211  e2 0.01  nF 1.0  pS 0.29  ptS 0.29  fLog 0.66  pdΔ -0.2070  pkR 5.12  clip 0.03  kl +0.001
upd  122  steps  251904  sps 1122  opp symm  loss +0.079  pg +0.0870  v 0.008  ev +0.96  adv_std 0.129  tR -1.00  ent[s/d/p/e] 1.49/2.22/0.93/0.25  emits 0.09  spf 105.5  z0 0.92  garr 322.5  tG 2371  e2 0.01  nF 1.0  pS 0.30  ptS 0.29  fLog 0.69  pdΔ -0.2024  pkR 5.31  clip 0.02  kl +0.000
upd  123  steps  253952  sps 1128  opp symm  loss +0.082  pg +0.0912  v 0.006  ev +0.97  adv_std 0.106  tR +0.60  ent[s/d/p/e] 1.42/2.11/0.95/0.22  emits 0.09  spf 116.1  z0 0.93  garr 338.2  tG 2460  e2 0.01  nF 0.9  pS 0.30  ptS 0.29  fLog 0.69  pdΔ -0.2018  pkR 5.62  clip 0.02  kl +0.002
upd  124  steps  256000  sps 1134  opp symm  loss -0.075  pg -0.0683  v 0.008  ev +0.96  adv_std 0.129  tR +0.00  ent[s/d/p/e] 1.02/1.87/0.93/0.24  emits 0.08  spf 70.7  z0 0.93  garr 255.1  tG 1791  e2 0.01  nF 0.8  pS 0.25  ptS 0.25  fLog 0.60  pdΔ -0.2470  pkR 7.63  clip 0.03  kl -0.001
upd  125  steps  258048  sps 1140  opp symm  loss -0.034  pg -0.0267  v 0.008  ev +0.94  adv_std 0.131  tR -1.00  ent[s/d/p/e] 1.05/2.01/1.00/0.27  emits 0.10  spf 73.5  z0 0.91  garr 196.8  tG 1295  e2 0.01  nF 1.0  pS 0.23  ptS 0.23  fLog 0.61  pdΔ -0.2687  pkR 6.34  clip 0.05  kl +0.001
upd  126  steps  260096  sps 1146  opp symm  loss -0.015  pg -0.0068  v 0.008  ev +0.95  adv_std 0.125  tR -1.00  ent[s/d/p/e] 1.22/2.13/0.96/0.31  emits 0.11  spf 84.4  z0 0.91  garr 212.0  tG 1513  e2 0.02  nF 1.0  pS 0.26  ptS 0.26  fLog 0.65  pdΔ -0.2403  pkR 6.05  clip 0.04  kl +0.002
upd  127  steps  262144  sps 1151  opp symm  loss +0.024  pg +0.0332  v 0.007  ev +0.96  adv_std 0.118  tR +1.00  ent[s/d/p/e] 1.42/2.26/1.01/0.27  emits 0.10  spf 86.4  z0 0.92  garr 254.6  tG 1803  e2 0.02  nF 0.9  pS 0.28  ptS 0.28  fLog 0.67  pdΔ -0.2157  pkR 5.56  clip 0.01  kl +0.000
upd  128  steps  264192  sps 1157  opp symm  loss -0.019  pg -0.0106  v 0.009  ev +0.96  adv_std 0.133  tR -1.00  ent[s/d/p/e] 1.45/2.23/1.03/0.31  emits 0.10  spf 118.7  z0 0.92  garr 285.2  tG 2062  e2 0.01  nF 0.8  pS 0.30  ptS 0.29  fLog 0.70  pdΔ -0.2002  pkR 5.49  clip 0.10  kl +0.005
upd  129  steps  266240  sps 1163  opp symm  loss -0.008  pg +0.0012  v 0.006  ev +0.98  adv_std 0.098  tR +1.00  ent[s/d/p/e] 1.55/2.19/1.00/0.26  emits 0.12  spf 107.9  z0 0.91  garr 317.9  tG 2327  e2 0.02  nF 1.2  pS 0.31  ptS 0.30  fLog 0.68  pdΔ -0.1889  pkR 5.31  clip 0.03  kl +0.001
upd  130  steps  268288  sps 1168  opp symm  loss -0.005  pg +0.0047  v 0.005  ev +0.98  adv_std 0.096  tR +0.20  ent[s/d/p/e] 1.49/2.21/0.91/0.25  emits 0.09  spf 131.4  z0 0.93  garr 318.4  tG 2339  e2 0.01  nF 0.9  pS 0.31  ptS 0.30  fLog 0.68  pdΔ -0.1878  pkR 4.60  clip 0.02  kl +0.001
upd  131  steps  270336  sps 1174  opp symm  loss +0.035  pg +0.0429  v 0.008  ev +0.96  adv_std 0.132  tR +0.20  ent[s/d/p/e] 1.52/2.13/0.92/0.25  emits 0.11  spf 127.5  z0 0.92  garr 297.9  tG 2213  e2 0.02  nF 1.0  pS 0.30  ptS 0.29  fLog 0.68  pdΔ -0.2023  pkR 3.99  clip 0.03  kl +0.000
upd  132  steps  272384  sps 1180  opp symm  loss -0.029  pg -0.0233  v 0.013  ev +0.95  adv_std 0.165  tR -1.00  ent[s/d/p/e] 1.50/2.20/0.98/0.23  emits 0.11  spf 91.1  z0 0.92  garr 309.8  tG 2361  e2 0.02  nF 1.1  pS 0.31  ptS 0.30  fLog 0.65  pdΔ -0.1911  pkR 4.16  clip 0.02  kl +0.001
upd  133  steps  274432  sps 1185  opp symm  loss +0.040  pg +0.0469  v 0.010  ev +0.96  adv_std 0.139  tR -0.33  ent[s/d/p/e] 1.31/2.08/0.91/0.24  emits 0.10  spf 94.6  z0 0.92  garr 330.6  tG 2580  e2 0.02  nF 1.0  pS 0.32  ptS 0.31  fLog 0.62  pdΔ -0.1819  pkR 4.39  clip 0.02  kl -0.000
upd  134  steps  276480  sps 1191  opp symm  loss +0.078  pg +0.0825  v 0.014  ev +0.94  adv_std 0.172  tR -0.50  ent[s/d/p/e] 1.51/2.10/0.87/0.24  emits 0.13  spf 98.6  z0 0.91  garr 346.6  tG 2703  e2 0.03  nF 1.3  pS 0.32  ptS 0.31  fLog 0.63  pdΔ -0.1797  pkR 4.25  clip 0.03  kl +0.001
upd  135  steps  278528  sps 1196  opp symm  loss +0.053  pg +0.0589  v 0.010  ev +0.96  adv_std 0.139  tR -0.50  ent[s/d/p/e] 1.35/1.95/0.90/0.24  emits 0.15  spf 66.8  z0 0.91  garr 349.8  tG 2627  e2 0.03  nF 1.5  pS 0.31  ptS 0.30  fLog 0.59  pdΔ -0.1917  pkR 4.87  clip 0.02  kl +0.002
upd  136  steps  280576  sps 1202  opp symm  loss +0.061  pg +0.0696  v 0.005  ev +0.98  adv_std 0.098  tR +1.00  ent[s/d/p/e] 1.39/1.88/0.93/0.25  emits 0.13  spf 62.0  z0 0.92  garr 346.2  tG 2554  e2 0.02  nF 1.5  pS 0.30  ptS 0.29  fLog 0.59  pdΔ -0.2017  pkR 5.70  clip 0.03  kl -0.000
upd  137  steps  282624  sps 1207  opp symm  loss -0.035  pg -0.0263  v 0.005  ev +0.98  adv_std 0.092  tR +0.00  ent[s/d/p/e] 1.54/1.96/0.83/0.26  emits 0.11  spf 75.1  z0 0.92  garr 372.0  tG 2716  e2 0.02  nF 1.2  pS 0.30  ptS 0.30  fLog 0.64  pdΔ -0.1954  pkR 5.89  clip 0.03  kl +0.000
upd  138  steps  284672  sps 1212  opp symm  loss +0.065  pg +0.0739  v 0.005  ev +0.98  adv_std 0.098  tR +1.00  ent[s/d/p/e] 1.55/1.97/0.89/0.25  emits 0.12  spf 90.2  z0 0.91  garr 376.6  tG 2663  e2 0.02  nF 1.1  pS 0.31  ptS 0.31  fLog 0.66  pdΔ -0.1868  pkR 5.56  clip 0.03  kl +0.001
upd  139  steps  286720  sps 1218  opp symm  loss -0.021  pg -0.0147  v 0.009  ev +0.97  adv_std 0.134  tR +0.33  ent[s/d/p/e] 1.43/1.86/0.85/0.30  emits 0.12  spf 103.0  z0 0.91  garr 363.9  tG 2582  e2 0.02  nF 0.9  pS 0.30  ptS 0.30  fLog 0.66  pdΔ -0.1987  pkR 4.74  clip 0.08  kl +0.003
upd  140  steps  288768  sps 1223  opp symm  loss +0.008  pg +0.0104  v 0.016  ev +0.93  adv_std 0.181  tR -0.05  ent[s/d/p/e] 1.08/1.63/0.90/0.34  emits 0.19  spf 61.6  z0 0.86  garr 168.1  tG 1155  e2 0.03  nF 1.7  pS 0.22  ptS 0.22  fLog 0.59  pdΔ -0.2751  pkR 8.63  clip 0.06  kl +0.003
upd  141  steps  290816  sps 1228  opp symm  loss +0.076  pg +0.0821  v 0.009  ev +0.96  adv_std 0.138  tR -0.33  ent[s/d/p/e] 1.20/1.70/0.82/0.40  emits 0.22  spf 51.8  z0 0.85  garr 172.7  tG 1181  e2 0.04  nF 2.2  pS 0.25  ptS 0.24  fLog 0.57  pdΔ -0.2545  pkR 7.36  clip 0.05  kl +0.002
upd  142  steps  292864  sps 1234  opp symm  loss +0.044  pg +0.0500  v 0.010  ev +0.96  adv_std 0.148  tR +1.00  ent[s/d/p/e] 1.29/1.74/0.86/0.34  emits 0.16  spf 66.1  z0 0.88  garr 196.6  tG 1342  e2 0.03  nF 1.9  pS 0.26  ptS 0.26  fLog 0.61  pdΔ -0.2368  pkR 6.30  clip 0.05  kl +0.000
upd  143  steps  294912  sps 1239  opp symm  loss +0.030  pg +0.0353  v 0.013  ev +0.95  adv_std 0.163  tR +0.00  ent[s/d/p/e] 1.42/1.89/0.90/0.32  emits 0.13  spf 82.7  z0 0.90  garr 240.6  tG 1638  e2 0.02  nF 1.5  pS 0.29  ptS 0.29  fLog 0.64  pdΔ -0.2101  pkR 5.72  clip 0.04  kl +0.001
upd  144  steps  296960  sps 1244  opp symm  loss +0.084  pg +0.0904  v 0.010  ev +0.96  adv_std 0.145  tR -1.00  ent[s/d/p/e] 1.45/2.01/0.91/0.28  emits 0.12  spf 87.3  z0 0.90  garr 265.0  tG 1775  e2 0.02  nF 1.2  pS 0.31  ptS 0.30  fLog 0.67  pdΔ -0.1928  pkR 6.02  clip 0.04  kl +0.003
upd  145  steps  299008  sps 1249  opp symm  loss -0.076  pg -0.0690  v 0.009  ev +0.97  adv_std 0.128  tR +0.00  ent[s/d/p/e] 1.50/2.10/0.91/0.24  emits 0.08  spf 104.9  z0 0.94  garr 293.3  tG 2035  e2 0.01  nF 0.8  pS 0.32  ptS 0.31  fLog 0.69  pdΔ -0.1790  pkR 5.64  clip 0.02  kl +0.001
upd  146  steps  301056  sps 1254  opp symm  loss +0.020  pg +0.0291  v 0.006  ev +0.98  adv_std 0.108  tR -0.20  ent[s/d/p/e] 1.55/2.20/0.99/0.19  emits 0.07  spf 128.7  z0 0.94  garr 320.9  tG 2260  e2 0.01  nF 0.5  pS 0.32  ptS 0.31  fLog 0.72  pdΔ -0.1823  pkR 5.77  clip 0.03  kl +0.000
upd  147  steps  303104  sps 1260  opp symm  loss +0.014  pg +0.0232  v 0.005  ev +0.98  adv_std 0.096  tR +0.00  ent[s/d/p/e] 1.45/2.12/1.02/0.22  emits 0.09  spf 116.7  z0 0.93  garr 314.0  tG 2310  e2 0.02  nF 0.8  pS 0.32  ptS 0.31  fLog 0.69  pdΔ -0.1834  pkR 4.66  clip 0.03  kl -0.001
upd  148  steps  305152  sps 1265  opp symm  loss +0.115  pg +0.1245  v 0.005  ev +0.98  adv_std 0.098  tR +0.00  ent[s/d/p/e] 1.39/2.13/0.91/0.20  emits 0.07  spf 123.8  z0 0.94  garr 340.0  tG 2543  e2 0.01  nF 0.8  pS 0.32  ptS 0.32  fLog 0.69  pdΔ -0.1759  pkR 4.63  clip 0.01  kl -0.000
upd  149  steps  307200  sps 1270  opp symm  loss -0.079  pg -0.0731  v 0.010  ev +0.96  adv_std 0.134  tR +0.33  ent[s/d/p/e] 1.32/2.14/0.88/0.17  emits 0.05  spf 138.2  z0 0.95  garr 364.2  tG 2610  e2 0.01  nF 0.4  pS 0.30  ptS 0.30  fLog 0.71  pdΔ -0.1973  pkR 4.40  clip 0.01  kl +0.001
upd  150  steps  309248  sps 1275  opp symm  loss +0.026  pg +0.0326  v 0.009  ev +0.96  adv_std 0.133  tR +0.00  ent[s/d/p/e] 1.25/2.14/0.91/0.20  emits 0.07  spf 128.7  z0 0.94  garr 383.0  tG 2782  e2 0.00  nF 0.6  pS 0.30  ptS 0.30  fLog 0.69  pdΔ -0.1952  pkR 4.05  clip 0.03  kl -0.000
upd  151  steps  311296  sps 1280  opp symm  loss +0.039  pg +0.0475  v 0.006  ev +0.98  adv_std 0.109  tR +0.33  ent[s/d/p/e] 1.25/2.13/1.10/0.18  emits 0.06  spf 128.9  z0 0.95  garr 383.6  tG 2839  e2 0.00  nF 0.6  pS 0.30  ptS 0.29  fLog 0.68  pdΔ -0.2008  pkR 4.39  clip 0.02  kl -0.001
upd  152  steps  313344  sps 1285  opp symm  loss +0.058  pg +0.0667  v 0.006  ev +0.98  adv_std 0.107  tR +0.33  ent[s/d/p/e] 0.97/2.12/1.06/0.20  emits 0.05  spf 110.2  z0 0.95  garr 374.4  tG 2805  e2 0.00  nF 0.6  pS 0.29  ptS 0.28  fLog 0.66  pdΔ -0.2135  pkR 5.17  clip 0.02  kl +0.002
upd  153  steps  315392  sps 1290  opp symm  loss +0.015  pg +0.0260  v 0.003  ev +0.99  adv_std 0.071  tR +0.00  ent[s/d/p/e] 0.98/2.27/1.17/0.21  emits 0.06  spf 118.3  z0 0.95  garr 405.5  tG 3028  e2 0.01  nF 0.5  pS 0.29  ptS 0.28  fLog 0.66  pdΔ -0.2102  pkR 5.04  clip 0.01  kl -0.001
upd  154  steps  317440  sps 1295  opp symm  loss +0.003  pg +0.0131  v 0.003  ev +0.99  adv_std 0.077  tR +0.00  ent[s/d/p/e] 1.08/2.25/1.03/0.21  emits 0.07  spf 124.9  z0 0.95  garr 441.6  tG 3305  e2 0.01  nF 0.6  pS 0.30  ptS 0.29  fLog 0.69  pdΔ -0.2031  pkR 5.21  clip 0.02  kl +0.000
