
=== [2026-06-10T23:07:10Z] v14d_binary_v2_a_p0i1_ORBITWARS_SHAPING_HOLD_BONUS_0.004_8eb6d1f0ee phase=a kind=probe chunk=400 env={"ORBITWARS_SHAPING_HOLD_BONUS": 0.004, "ORBITWARS_SHAPING_CAPTURE": 0.04, "ORBITWARS_SHAPING_RELEASE": 0.0075, "ORBITWARS_SHAPING_RELEASE_K": 17.0, "ORBITWARS_SHAPING_PROD_SHARE_DELTA": 0.025, "ORBITWARS_SHAPING_ONE_SHIP_PENALTY": 0.025} ppo={"ent_coef_emit": 0.004, "lr_peak": 4e-05} ===
[reward] kaggle-aligned: terminal +1 win/+1 tie>0/-1 loss/-1 double-wipeout; is_terminal at step >= episode_steps-2; SHAPING_SCALE=0.0; v1: KEEP_HOME=0.0 FLEET_SIZE=0.0/norm20.0; v2 (expert-replay calibrated): PROD_SHARE=0.0 PLANET_SHARE=0.0 FLEET_LOG=0.0/ref500.0/floor0.3; v3 (top10-2630ep calibrated): PROD_SHARE_DELTA=0.025 EMIT_LOG=0.0 EMIT_GATED=0.0 RELEASE=0.0075/K17.0 CAPTURE=0.04; episode_steps=500 (kaggle=500, mismatch=False)
[symmetric] Frog Parade style: same params drive BOTH players, no frozen/strong/buffer opponents, zero_sum_value=True
upd    0  steps    2048  sps 38  opp symm  loss +0.171  pg +0.1802  v 0.002  ev -0.15  adv_std 0.066  tR +0.00  ent[s/d/p/e] 0.23/1.47/1.49/0.32  emits 0.20  spf 19.3  z0 0.82  garr 18.6  tG 25  e2 0.02  nF 1.3  pS 0.06  ptS 0.06  fLog 0.46  pdΔ -0.4357  pkR 8.16  clip 0.03  kl +0.001
upd    1  steps    4096  sps 75  opp symm  loss +0.056  pg +0.0663  v 0.002  ev -0.04  adv_std 0.067  tR +0.00  ent[s/d/p/e] 0.71/1.68/1.36/0.42  emits 0.28  spf 26.5  z0 0.78  garr 26.9  tG 71  e2 0.05  nF 3.0  pS 0.11  ptS 0.10  fLog 0.48  pdΔ -0.3890  pkR 8.58  clip 0.10  kl +0.006
upd    2  steps    6144  sps 111  opp symm  loss -0.025  pg -0.0130  v 0.003  ev -0.05  adv_std 0.072  tR -1.00  ent[s/d/p/e] 1.07/1.95/1.31/0.48  emits 0.30  spf 39.2  z0 0.76  garr 43.3  tG 169  e2 0.05  nF 3.4  pS 0.17  ptS 0.15  fLog 0.52  pdΔ -0.3343  pkR 6.57  clip 0.07  kl +0.003
upd    3  steps    8192  sps 146  opp symm  loss +0.008  pg +0.0208  v 0.003  ev +0.07  adv_std 0.075  tR +1.00  ent[s/d/p/e] 1.34/2.08/1.31/0.49  emits 0.32  spf 51.8  z0 0.77  garr 58.4  tG 295  e2 0.07  nF 3.3  pS 0.21  ptS 0.20  fLog 0.55  pdΔ -0.2876  pkR 5.35  clip 0.18  kl +0.010
upd    4  steps   10240  sps 181  opp symm  loss -0.116  pg -0.1036  v 0.005  ev +0.30  adv_std 0.101  tR -1.00  ent[s/d/p/e] 1.49/2.08/1.31/0.59  emits 0.56  spf 47.0  z0 0.66  garr 55.5  tG 341  e2 0.12  nF 5.0  pS 0.25  ptS 0.24  fLog 0.53  pdΔ -0.2463  pkR 5.12  clip 0.17  kl +0.010
upd    5  steps   12288  sps 214  opp symm  loss +0.035  pg +0.0489  v 0.002  ev +0.48  adv_std 0.057  tR +0.00  ent[s/d/p/e] 1.63/2.08/1.22/0.62  emits 0.69  spf 42.5  z0 0.60  garr 52.6  tG 387  e2 0.17  nF 7.5  pS 0.30  ptS 0.29  fLog 0.51  pdΔ -0.1985  pkR 4.07  clip 0.19  kl +0.006
upd    6  steps   14336  sps 247  opp symm  loss +0.055  pg +0.0672  v 0.004  ev +0.32  adv_std 0.099  tR +1.00  ent[s/d/p/e] 1.65/2.04/1.15/0.61  emits 0.91  spf 36.8  z0 0.54  garr 52.8  tG 440  e2 0.22  nF 10.0  pS 0.33  ptS 0.31  fLog 0.48  pdΔ -0.1700  pkR 4.53  clip 0.24  kl +0.010
upd    7  steps   16384  sps 279  opp symm  loss -0.018  pg -0.0064  v 0.005  ev +0.62  adv_std 0.104  tR -1.00  ent[s/d/p/e] 1.76/2.11/1.06/0.61  emits 1.07  spf 39.3  z0 0.52  garr 50.8  tG 464  e2 0.25  nF 12.3  pS 0.35  ptS 0.33  fLog 0.49  pdΔ -0.1514  pkR 6.02  clip 0.25  kl +0.008
upd    8  steps   18432  sps 311  opp symm  loss +0.043  pg +0.0567  v 0.002  ev +0.90  adv_std 0.061  tR +0.00  ent[s/d/p/e] 1.79/2.10/1.07/0.60  emits 0.97  spf 40.0  z0 0.54  garr 50.4  tG 493  e2 0.23  nF 12.2  pS 0.37  ptS 0.36  fLog 0.49  pdΔ -0.1320  pkR 6.61  clip 0.28  kl +0.010
upd    9  steps   20480  sps 342  opp symm  loss -0.012  pg +0.0005  v 0.004  ev +0.86  adv_std 0.093  tR +0.33  ent[s/d/p/e] 1.86/2.18/1.09/0.61  emits 0.84  spf 48.7  z0 0.58  garr 58.3  tG 594  e2 0.20  nF 10.0  pS 0.37  ptS 0.36  fLog 0.52  pdΔ -0.1258  pkR 6.66  clip 0.28  kl +0.010
upd   10  steps   22528  sps 372  opp symm  loss -0.042  pg -0.0290  v 0.003  ev +0.91  adv_std 0.084  tR -0.50  ent[s/d/p/e] 1.85/2.16/1.12/0.60  emits 0.68  spf 49.6  z0 0.61  garr 64.1  tG 663  e2 0.16  nF 8.4  pS 0.38  ptS 0.37  fLog 0.53  pdΔ -0.1211  pkR 5.87  clip 0.28  kl +0.011
upd   11  steps   24576  sps 401  opp symm  loss +0.022  pg +0.0363  v 0.002  ev +0.96  adv_std 0.063  tR +0.00  ent[s/d/p/e] 1.87/2.19/1.12/0.60  emits 0.68  spf 59.1  z0 0.62  garr 75.9  tG 800  e2 0.16  nF 7.3  pS 0.39  ptS 0.38  fLog 0.55  pdΔ -0.1083  pkR 4.65  clip 0.26  kl +0.011
upd   12  steps   26624  sps 430  opp symm  loss +0.041  pg +0.0553  v 0.003  ev +0.96  adv_std 0.073  tR +1.00  ent[s/d/p/e] 1.91/2.23/1.19/0.60  emits 0.73  spf 62.2  z0 0.61  garr 79.2  tG 873  e2 0.17  nF 7.9  pS 0.41  ptS 0.40  fLog 0.56  pdΔ -0.0888  pkR 6.18  clip 0.21  kl +0.007
upd   13  steps   28672  sps 459  opp symm  loss +0.054  pg +0.0673  v 0.003  ev +0.96  adv_std 0.082  tR +1.00  ent[s/d/p/e] 1.87/2.17/1.13/0.61  emits 0.83  spf 54.4  z0 0.58  garr 66.1  tG 729  e2 0.20  nF 8.5  pS 0.40  ptS 0.39  fLog 0.54  pdΔ -0.1012  pkR 4.76  clip 0.21  kl +0.007
upd   14  steps   30720  sps 486  opp symm  loss +0.053  pg +0.0659  v 0.004  ev +0.96  adv_std 0.084  tR +0.33  ent[s/d/p/e] 1.84/2.13/1.05/0.58  emits 0.74  spf 54.7  z0 0.60  garr 70.1  tG 757  e2 0.18  nF 8.0  pS 0.38  ptS 0.38  fLog 0.53  pdΔ -0.1156  pkR 5.14  clip 0.26  kl +0.003
upd   15  steps   32768  sps 513  opp symm  loss -0.010  pg -0.0154  v 0.040  ev +0.75  adv_std 0.293  tR +0.32  ent[s/d/p/e] 1.72/2.14/1.13/0.51  emits 0.53  spf 55.5  z0 0.71  garr 55.7  tG 506  e2 0.11  nF 5.5  pS 0.27  ptS 0.27  fLog 0.54  pdΔ -0.2287  pkR 7.04  clip 0.08  kl +0.002
upd   16  steps   34816  sps 540  opp symm  loss +0.043  pg +0.0536  v 0.005  ev +0.89  adv_std 0.092  tR +0.00  ent[s/d/p/e] 1.21/2.06/1.26/0.40  emits 0.24  spf 49.6  z0 0.82  garr 44.7  tG 202  e2 0.04  nF 2.7  pS 0.15  ptS 0.14  fLog 0.55  pdΔ -0.3544  pkR 17.80  clip 0.12  kl +0.002
upd   17  steps   36864  sps 566  opp symm  loss +0.007  pg +0.0190  v 0.006  ev +0.91  adv_std 0.109  tR -1.00  ent[s/d/p/e] 1.51/2.28/1.34/0.46  emits 0.30  spf 60.2  z0 0.81  garr 52.9  tG 261  e2 0.06  nF 3.0  pS 0.19  ptS 0.19  fLog 0.59  pdΔ -0.3058  pkR 12.30  clip 0.10  kl +0.004
upd   18  steps   38912  sps 592  opp symm  loss +0.032  pg +0.0434  v 0.007  ev +0.91  adv_std 0.112  tR -1.00  ent[s/d/p/e] 1.57/2.26/1.30/0.55  emits 0.40  spf 50.8  z0 0.73  garr 58.0  tG 325  e2 0.08  nF 3.7  pS 0.25  ptS 0.24  fLog 0.58  pdΔ -0.2519  pkR 7.83  clip 0.15  kl +0.007
upd   19  steps   40960  sps 617  opp symm  loss +0.012  pg +0.0248  v 0.006  ev +0.94  adv_std 0.102  tR +1.00  ent[s/d/p/e] 1.69/2.30/1.23/0.56  emits 0.39  spf 57.0  z0 0.74  garr 67.8  tG 435  e2 0.08  nF 3.9  pS 0.29  ptS 0.27  fLog 0.59  pdΔ -0.2080  pkR 6.13  clip 0.11  kl +0.003
upd   20  steps   43008  sps 641  opp symm  loss +0.011  pg +0.0231  v 0.007  ev +0.94  adv_std 0.116  tR +0.00  ent[s/d/p/e] 1.76/2.30/1.26/0.57  emits 0.49  spf 58.1  z0 0.69  garr 69.6  tG 484  e2 0.11  nF 4.2  pS 0.31  ptS 0.30  fLog 0.59  pdΔ -0.1863  pkR 4.28  clip 0.16  kl +0.007
upd   21  steps   45056  sps 666  opp symm  loss +0.008  pg +0.0204  v 0.006  ev +0.96  adv_std 0.107  tR +0.00  ent[s/d/p/e] 1.85/2.38/1.22/0.58  emits 0.49  spf 61.4  z0 0.69  garr 73.1  tG 564  e2 0.11  nF 4.5  pS 0.34  ptS 0.32  fLog 0.60  pdΔ -0.1637  pkR 3.12  clip 0.14  kl +0.005
upd   22  steps   47104  sps 689  opp symm  loss +0.010  pg +0.0232  v 0.006  ev +0.96  adv_std 0.105  tR -1.00  ent[s/d/p/e] 1.95/2.38/1.19/0.61  emits 0.65  spf 60.5  z0 0.65  garr 73.9  tG 622  e2 0.16  nF 5.6  pS 0.37  ptS 0.35  fLog 0.59  pdΔ -0.1343  pkR 3.36  clip 0.17  kl +0.010
upd   23  steps   49152  sps 713  opp symm  loss +0.017  pg +0.0292  v 0.007  ev +0.96  adv_std 0.118  tR +0.00  ent[s/d/p/e] 2.00/2.40/1.25/0.62  emits 0.65  spf 59.1  z0 0.63  garr 69.4  tG 645  e2 0.15  nF 6.5  pS 0.40  ptS 0.39  fLog 0.59  pdΔ -0.1005  pkR 3.30  clip 0.21  kl +0.008
upd   24  steps   51200  sps 735  opp symm  loss -0.013  pg -0.0005  v 0.007  ev +0.96  adv_std 0.113  tR +1.00  ent[s/d/p/e] 2.06/2.44/1.26/0.63  emits 0.57  spf 64.4  z0 0.66  garr 76.1  tG 721  e2 0.12  nF 5.9  pS 0.41  ptS 0.39  fLog 0.60  pdΔ -0.0946  pkR 3.37  clip 0.09  kl +0.005
upd   25  steps   53248  sps 758  opp symm  loss +0.001  pg +0.0137  v 0.007  ev +0.96  adv_std 0.108  tR +0.00  ent[s/d/p/e] 2.02/2.39/1.18/0.61  emits 0.57  spf 67.9  z0 0.66  garr 80.4  tG 785  e2 0.13  nF 5.5  pS 0.41  ptS 0.40  fLog 0.61  pdΔ -0.0897  pkR 3.34  clip 0.13  kl +0.006
upd   26  steps   55296  sps 780  opp symm  loss +0.020  pg +0.0324  v 0.009  ev +0.95  adv_std 0.130  tR -1.00  ent[s/d/p/e] 2.10/2.46/1.22/0.62  emits 0.64  spf 69.9  z0 0.63  garr 81.4  tG 828  e2 0.15  nF 5.9  pS 0.43  ptS 0.41  fLog 0.62  pdΔ -0.0703  pkR 3.70  clip 0.21  kl +0.009
upd   27  steps   57344  sps 801  opp symm  loss +0.021  pg +0.0337  v 0.008  ev +0.96  adv_std 0.124  tR +0.00  ent[s/d/p/e] 2.11/2.46/1.22/0.63  emits 0.70  spf 66.4  z0 0.60  garr 79.4  tG 825  e2 0.15  nF 6.4  pS 0.46  ptS 0.44  fLog 0.61  pdΔ -0.0447  pkR 3.55  clip 0.25  kl +0.002
upd   28  steps   59392  sps 823  opp symm  loss +0.014  pg +0.0277  v 0.005  ev +0.98  adv_std 0.099  tR +0.60  ent[s/d/p/e] 2.14/2.43/1.17/0.63  emits 0.79  spf 61.0  z0 0.60  garr 73.3  tG 798  e2 0.18  nF 7.5  pS 0.46  ptS 0.45  fLog 0.60  pdΔ -0.0435  pkR 3.92  clip 0.27  kl +0.003
upd   29  steps   61440  sps 843  opp symm  loss -0.007  pg +0.0050  v 0.009  ev +0.97  adv_std 0.133  tR -1.00  ent[s/d/p/e] 2.12/2.41/1.20/0.63  emits 0.68  spf 64.0  z0 0.62  garr 73.1  tG 808  e2 0.16  nF 7.1  pS 0.44  ptS 0.44  fLog 0.60  pdΔ -0.0557  pkR 4.26  clip 0.33  kl +0.010
upd   30  steps   63488  sps 864  opp symm  loss +0.003  pg +0.0169  v 0.006  ev +0.98  adv_std 0.108  tR +0.00  ent[s/d/p/e] 2.18/2.41/1.18/0.63  emits 0.81  spf 62.0  z0 0.58  garr 69.8  tG 820  e2 0.19  nF 7.7  pS 0.46  ptS 0.45  fLog 0.60  pdΔ -0.0402  pkR 5.08  clip 0.16  kl +0.006
upd   31  steps   65536  sps 884  opp symm  loss -0.027  pg -0.0210  v 0.017  ev +0.90  adv_std 0.187  tR +0.15  ent[s/d/p/e] 1.80/2.25/1.15/0.51  emits 0.50  spf 50.8  z0 0.72  garr 45.3  tG 407  e2 0.11  nF 4.8  pS 0.27  ptS 0.26  fLog 0.57  pdΔ -0.2335  pkR 8.55  clip 0.11  kl +0.004
upd   32  steps   67584  sps 904  opp symm  loss -0.034  pg -0.0251  v 0.012  ev +0.93  adv_std 0.154  tR +1.00  ent[s/d/p/e] 1.73/2.20/1.15/0.56  emits 0.56  spf 49.4  z0 0.69  garr 41.6  tG 357  e2 0.13  nF 5.7  pS 0.27  ptS 0.26  fLog 0.57  pdΔ -0.2346  pkR 8.59  clip 0.07  kl +0.003
upd   33  steps   69632  sps 923  opp symm  loss -0.015  pg -0.0054  v 0.010  ev +0.95  adv_std 0.144  tR -0.33  ent[s/d/p/e] 1.77/2.23/1.10/0.58  emits 0.64  spf 45.9  z0 0.67  garr 40.1  tG 361  e2 0.14  nF 6.2  pS 0.29  ptS 0.28  fLog 0.56  pdΔ -0.2100  pkR 8.64  clip 0.25  kl +0.014
upd   34  steps   71680  sps 942  opp symm  loss -0.015  pg -0.0035  v 0.008  ev +0.96  adv_std 0.124  tR +0.50  ent[s/d/p/e] 1.78/2.24/1.17/0.56  emits 0.54  spf 53.8  z0 0.68  garr 49.7  tG 450  e2 0.12  nF 6.1  pS 0.31  ptS 0.30  fLog 0.59  pdΔ -0.1915  pkR 9.49  clip 0.12  kl +0.003
upd   35  steps   73728  sps 961  opp symm  loss +0.021  pg +0.0298  v 0.012  ev +0.94  adv_std 0.151  tR +0.33  ent[s/d/p/e] 1.79/2.25/1.12/0.58  emits 0.54  spf 52.0  z0 0.68  garr 50.5  tG 457  e2 0.12  nF 5.7  pS 0.31  ptS 0.30  fLog 0.58  pdΔ -0.1923  pkR 12.55  clip 0.12  kl +0.006
upd   36  steps   75776  sps 979  opp symm  loss -0.000  pg +0.0080  v 0.012  ev +0.95  adv_std 0.161  tR +0.00  ent[s/d/p/e] 1.76/2.21/1.08/0.56  emits 0.54  spf 48.6  z0 0.68  garr 48.0  tG 416  e2 0.12  nF 5.5  pS 0.30  ptS 0.29  fLog 0.57  pdΔ -0.2044  pkR 8.66  clip 0.16  kl +0.005
upd   37  steps   77824  sps 998  opp symm  loss -0.001  pg +0.0080  v 0.012  ev +0.96  adv_std 0.153  tR +0.00  ent[s/d/p/e] 1.80/2.22/1.08/0.57  emits 0.59  spf 48.4  z0 0.66  garr 45.8  tG 393  e2 0.13  nF 6.2  pS 0.30  ptS 0.30  fLog 0.57  pdΔ -0.2009  pkR 5.18  clip 0.15  kl +0.006
upd   38  steps   79872  sps 1015  opp symm  loss -0.009  pg +0.0013  v 0.008  ev +0.97  adv_std 0.121  tR -0.33  ent[s/d/p/e] 1.79/2.24/1.08/0.58  emits 0.58  spf 52.3  z0 0.67  garr 47.4  tG 404  e2 0.13  nF 6.0  pS 0.30  ptS 0.30  fLog 0.58  pdΔ -0.1967  pkR 5.12  clip 0.11  kl +0.000
upd   39  steps   81920  sps 1033  opp symm  loss +0.032  pg +0.0420  v 0.010  ev +0.96  adv_std 0.141  tR -0.50  ent[s/d/p/e] 1.84/2.25/1.11/0.59  emits 0.67  spf 48.6  z0 0.65  garr 44.7  tG 391  e2 0.14  nF 7.1  pS 0.32  ptS 0.31  fLog 0.58  pdΔ -0.1770  pkR 6.10  clip 0.14  kl +0.007
upd   40  steps   83968  sps 1050  opp symm  loss -0.016  pg -0.0060  v 0.010  ev +0.96  adv_std 0.139  tR -0.20  ent[s/d/p/e] 1.83/2.26/1.11/0.59  emits 0.66  spf 50.1  z0 0.66  garr 45.1  tG 404  e2 0.15  nF 6.7  pS 0.33  ptS 0.32  fLog 0.58  pdΔ -0.1727  pkR 6.05  clip 0.19  kl +0.006
upd   41  steps   86016  sps 1067  opp symm  loss +0.037  pg +0.0456  v 0.011  ev +0.95  adv_std 0.155  tR +0.33  ent[s/d/p/e] 1.90/2.25/1.04/0.57  emits 0.64  spf 50.1  z0 0.66  garr 47.5  tG 486  e2 0.15  nF 7.2  pS 0.36  ptS 0.35  fLog 0.59  pdΔ -0.1423  pkR 9.77  clip 0.16  kl +0.004
upd   42  steps   88064  sps 1084  opp symm  loss -0.016  pg -0.0057  v 0.008  ev +0.97  adv_std 0.124  tR +0.00  ent[s/d/p/e] 1.85/2.21/1.04/0.57  emits 0.62  spf 51.0  z0 0.66  garr 50.8  tG 518  e2 0.14  nF 6.6  pS 0.34  ptS 0.34  fLog 0.58  pdΔ -0.1557  pkR 8.34  clip 0.11  kl +0.006
upd   43  steps   90112  sps 1100  opp symm  loss +0.020  pg +0.0312  v 0.008  ev +0.97  adv_std 0.123  tR +0.00  ent[s/d/p/e] 1.89/2.24/1.08/0.58  emits 0.67  spf 53.3  z0 0.66  garr 48.6  tG 497  e2 0.15  nF 6.9  pS 0.35  ptS 0.35  fLog 0.59  pdΔ -0.1539  pkR 9.13  clip 0.13  kl +0.004
upd   44  steps   92160  sps 1117  opp symm  loss -0.030  pg -0.0186  v 0.006  ev +0.97  adv_std 0.114  tR -0.33  ent[s/d/p/e] 1.88/2.26/1.06/0.57  emits 0.68  spf 53.7  z0 0.66  garr 48.3  tG 471  e2 0.15  nF 6.8  pS 0.34  ptS 0.34  fLog 0.59  pdΔ -0.1598  pkR 9.24  clip 0.11  kl +0.004
upd   45  steps   94208  sps 1133  opp symm  loss +0.014  pg +0.0242  v 0.009  ev +0.97  adv_std 0.139  tR +0.20  ent[s/d/p/e] 1.94/2.26/1.04/0.56  emits 0.68  spf 52.5  z0 0.66  garr 46.8  tG 481  e2 0.15  nF 7.2  pS 0.34  ptS 0.35  fLog 0.59  pdΔ -0.1562  pkR 10.61  clip 0.21  kl +0.010
upd   46  steps   96256  sps 1148  opp symm  loss +0.020  pg +0.0272  v 0.014  ev +0.95  adv_std 0.163  tR +0.12  ent[s/d/p/e] 1.82/2.17/1.04/0.55  emits 0.56  spf 48.7  z0 0.69  garr 44.5  tG 450  e2 0.13  nF 5.9  pS 0.31  ptS 0.32  fLog 0.57  pdΔ -0.1857  pkR 10.21  clip 0.12  kl +0.004
upd   47  steps   98304  sps 1163  opp symm  loss -0.030  pg -0.0208  v 0.010  ev +0.95  adv_std 0.141  tR +0.50  ent[s/d/p/e] 1.72/2.19/1.09/0.53  emits 0.51  spf 50.1  z0 0.72  garr 39.9  tG 315  e2 0.11  nF 4.9  pS 0.25  ptS 0.25  fLog 0.58  pdΔ -0.2478  pkR 6.43  clip 0.11  kl +0.005
upd   48  steps  100352  sps 1179  opp symm  loss -0.015  pg -0.0056  v 0.009  ev +0.96  adv_std 0.130  tR +1.00  ent[s/d/p/e] 1.69/2.19/1.10/0.54  emits 0.52  spf 49.1  z0 0.70  garr 43.2  tG 335  e2 0.12  nF 5.1  pS 0.28  ptS 0.27  fLog 0.58  pdΔ -0.2237  pkR 7.54  clip 0.08  kl +0.002
upd   49  steps  102400  sps 1194  opp symm  loss -0.032  pg -0.0232  v 0.012  ev +0.94  adv_std 0.156  tR +0.00  ent[s/d/p/e] 1.77/2.22/1.15/0.58  emits 0.58  spf 49.6  z0 0.68  garr 46.3  tG 379  e2 0.13  nF 5.2  pS 0.30  ptS 0.29  fLog 0.58  pdΔ -0.2006  pkR 7.76  clip 0.15  kl +0.002
upd   50  steps  104448  sps 1208  opp symm  loss -0.020  pg -0.0097  v 0.009  ev +0.96  adv_std 0.131  tR +0.00  ent[s/d/p/e] 1.85/2.30/1.08/0.58  emits 0.58  spf 57.4  z0 0.68  garr 52.0  tG 455  e2 0.14  nF 5.4  pS 0.32  ptS 0.31  fLog 0.60  pdΔ -0.1812  pkR 7.86  clip 0.15  kl +0.005
upd   51  steps  106496  sps 1223  opp symm  loss +0.011  pg +0.0218  v 0.010  ev +0.96  adv_std 0.143  tR -0.33  ent[s/d/p/e] 1.95/2.31/1.17/0.56  emits 0.54  spf 59.0  z0 0.69  garr 54.1  tG 497  e2 0.11  nF 5.1  pS 0.34  ptS 0.33  fLog 0.61  pdΔ -0.1607  pkR 5.36  clip 0.17  kl +0.006
upd   52  steps  108544  sps 1237  opp symm  loss +0.001  pg +0.0120  v 0.009  ev +0.96  adv_std 0.131  tR +0.33  ent[s/d/p/e] 1.95/2.31/1.12/0.59  emits 0.57  spf 61.2  z0 0.67  garr 56.4  tG 528  e2 0.14  nF 5.2  pS 0.35  ptS 0.35  fLog 0.62  pdΔ -0.1470  pkR 4.84  clip 0.08  kl +0.001
upd   53  steps  110592  sps 1251  opp symm  loss +0.026  pg +0.0371  v 0.009  ev +0.96  adv_std 0.129  tR +0.60  ent[s/d/p/e] 1.95/2.31/1.16/0.57  emits 0.54  spf 65.2  z0 0.69  garr 61.6  tG 600  e2 0.13  nF 5.0  pS 0.37  ptS 0.36  fLog 0.62  pdΔ -0.1311  pkR 5.29  clip 0.14  kl +0.004
upd   54  steps  112640  sps 1265  opp symm  loss -0.028  pg -0.0174  v 0.008  ev +0.96  adv_std 0.120  tR +0.43  ent[s/d/p/e] 1.87/2.30/1.17/0.56  emits 0.45  spf 67.8  z0 0.72  garr 65.3  tG 604  e2 0.10  nF 4.4  pS 0.35  ptS 0.34  fLog 0.63  pdΔ -0.1536  pkR 7.68  clip 0.07  kl +0.004
upd   55  steps  114688  sps 1279  opp symm  loss +0.037  pg +0.0467  v 0.011  ev +0.94  adv_std 0.147  tR +1.00  ent[s/d/p/e] 1.78/2.24/1.20/0.55  emits 0.49  spf 61.8  z0 0.70  garr 63.7  tG 553  e2 0.11  nF 4.2  pS 0.32  ptS 0.32  fLog 0.62  pdΔ -0.1777  pkR 6.86  clip 0.17  kl +0.004
upd   56  steps  116736  sps 1293  opp symm  loss -0.034  pg -0.0235  v 0.011  ev +0.96  adv_std 0.140  tR -0.33  ent[s/d/p/e] 1.81/2.32/1.22/0.57  emits 0.45  spf 67.3  z0 0.72  garr 67.7  tG 588  e2 0.10  nF 4.1  pS 0.33  ptS 0.32  fLog 0.63  pdΔ -0.1656  pkR 7.26  clip 0.13  kl +0.006
upd   57  steps  118784  sps 1306  opp symm  loss -0.020  pg -0.0091  v 0.010  ev +0.96  adv_std 0.134  tR +0.50  ent[s/d/p/e] 1.79/2.32/1.24/0.56  emits 0.42  spf 67.0  z0 0.73  garr 71.9  tG 603  e2 0.09  nF 3.9  pS 0.33  ptS 0.32  fLog 0.63  pdΔ -0.1699  pkR 6.51  clip 0.09  kl +0.002
upd   58  steps  120832  sps 1319  opp symm  loss +0.014  pg +0.0242  v 0.010  ev +0.96  adv_std 0.135  tR +1.00  ent[s/d/p/e] 1.77/2.29/1.19/0.51  emits 0.36  spf 71.7  z0 0.76  garr 74.7  tG 648  e2 0.07  nF 3.4  pS 0.34  ptS 0.33  fLog 0.64  pdΔ -0.1597  pkR 6.12  clip 0.11  kl +0.005
upd   59  steps  122880  sps 1332  opp symm  loss +0.036  pg +0.0457  v 0.011  ev +0.96  adv_std 0.145  tR -1.00  ent[s/d/p/e] 1.87/2.35/1.17/0.56  emits 0.40  spf 77.3  z0 0.74  garr 77.9  tG 692  e2 0.09  nF 3.4  pS 0.35  ptS 0.34  fLog 0.65  pdΔ -0.1526  pkR 6.36  clip 0.10  kl +0.006
upd   60  steps  124928  sps 1345  opp symm  loss -0.002  pg +0.0096  v 0.007  ev +0.97  adv_std 0.112  tR +0.33  ent[s/d/p/e] 1.88/2.39/1.27/0.50  emits 0.35  spf 79.8  z0 0.76  garr 81.8  tG 722  e2 0.07  nF 3.4  pS 0.35  ptS 0.33  fLog 0.66  pdΔ -0.1547  pkR 6.13  clip 0.13  kl +0.005
upd   61  steps  126976  sps 1357  opp symm  loss -0.017  pg -0.0053  v 0.007  ev +0.98  adv_std 0.114  tR +0.71  ent[s/d/p/e] 1.83/2.32/1.19/0.53  emits 0.34  spf 82.4  z0 0.76  garr 82.1  tG 719  e2 0.06  nF 2.9  pS 0.33  ptS 0.33  fLog 0.66  pdΔ -0.1664  pkR 7.01  clip 0.11  kl +0.007
upd   62  steps  129024  sps 1370  opp symm  loss +0.045  pg +0.0540  v 0.012  ev +0.95  adv_std 0.152  tR -0.25  ent[s/d/p/e] 1.67/2.36/1.24/0.47  emits 0.28  spf 79.7  z0 0.81  garr 77.4  tG 585  e2 0.06  nF 2.6  pS 0.28  ptS 0.27  fLog 0.65  pdΔ -0.2196  pkR 6.38  clip 0.07  kl +0.001
upd   63  steps  131072  sps 1382  opp symm  loss +0.008  pg +0.0192  v 0.008  ev +0.97  adv_std 0.125  tR +0.00  ent[s/d/p/e] 1.65/2.38/1.25/0.49  emits 0.30  spf 86.6  z0 0.80  garr 77.1  tG 577  e2 0.06  nF 2.6  pS 0.28  ptS 0.27  fLog 0.67  pdΔ -0.2230  pkR 6.83  clip 0.07  kl +0.004
upd   64  steps  133120  sps 1394  opp symm  loss +0.009  pg +0.0197  v 0.009  ev +0.97  adv_std 0.129  tR +0.33  ent[s/d/p/e] 1.71/2.37/1.20/0.48  emits 0.31  spf 78.5  z0 0.79  garr 80.4  tG 595  e2 0.06  nF 2.8  pS 0.30  ptS 0.29  fLog 0.66  pdΔ -0.2028  pkR 5.11  clip 0.09  kl +0.009
upd   65  steps  135168  sps 1406  opp symm  loss +0.004  pg +0.0125  v 0.013  ev +0.95  adv_std 0.163  tR +1.00  ent[s/d/p/e] 1.74/2.38/1.21/0.47  emits 0.23  spf 85.2  z0 0.83  garr 96.0  tG 675  e2 0.05  nF 2.4  pS 0.31  ptS 0.30  fLog 0.67  pdΔ -0.1934  pkR 5.66  clip 0.07  kl -0.002
upd   66  steps  137216  sps 1418  opp symm  loss +0.005  pg +0.0176  v 0.006  ev +0.97  adv_std 0.113  tR -1.00  ent[s/d/p/e] 1.76/2.43/1.37/0.44  emits 0.23  spf 97.6  z0 0.82  garr 113.1  tG 818  e2 0.04  nF 2.2  pS 0.33  ptS 0.31  fLog 0.69  pdΔ -0.1739  pkR 5.40  clip 0.06  kl +0.001
upd   67  steps  139264  sps 1430  opp symm  loss +0.004  pg +0.0153  v 0.007  ev +0.98  adv_std 0.109  tR +0.20  ent[s/d/p/e] 1.79/2.49/1.17/0.43  emits 0.21  spf 105.2  z0 0.84  garr 125.8  tG 944  e2 0.03  nF 2.1  pS 0.34  ptS 0.32  fLog 0.71  pdΔ -0.1644  pkR 5.71  clip 0.05  kl +0.004
upd   68  steps  141312  sps 1441  opp symm  loss -0.039  pg -0.0280  v 0.009  ev +0.96  adv_std 0.131  tR +0.00  ent[s/d/p/e] 1.70/2.43/1.23/0.47  emits 0.21  spf 103.8  z0 0.83  garr 126.2  tG 907  e2 0.03  nF 1.8  pS 0.32  ptS 0.31  fLog 0.70  pdΔ -0.1789  pkR 3.57  clip 0.06  kl +0.002
upd   69  steps  143360  sps 1452  opp symm  loss -0.052  pg -0.0422  v 0.011  ev +0.96  adv_std 0.140  tR +0.33  ent[s/d/p/e] 1.69/2.41/1.25/0.45  emits 0.21  spf 107.6  z0 0.83  garr 122.4  tG 920  e2 0.03  nF 1.9  pS 0.32  ptS 0.31  fLog 0.70  pdΔ -0.1826  pkR 3.93  clip 0.06  kl +0.003
upd   70  steps  145408  sps 1463  opp symm  loss -0.013  pg -0.0028  v 0.009  ev +0.96  adv_std 0.137  tR -0.14  ent[s/d/p/e] 1.66/2.41/1.23/0.46  emits 0.21  spf 102.7  z0 0.84  garr 119.0  tG 878  e2 0.04  nF 2.0  pS 0.31  ptS 0.30  fLog 0.70  pdΔ -0.1891  pkR 4.18  clip 0.06  kl +0.002
upd   71  steps  147456  sps 1474  opp symm  loss -0.002  pg +0.0084  v 0.009  ev +0.96  adv_std 0.134  tR +0.20  ent[s/d/p/e] 1.68/2.39/1.15/0.40  emits 0.20  spf 110.9  z0 0.83  garr 122.5  tG 897  e2 0.03  nF 1.7  pS 0.30  ptS 0.29  fLog 0.70  pdΔ -0.2032  pkR 3.70  clip 0.07  kl +0.005
upd   72  steps  149504  sps 1485  opp symm  loss -0.039  pg -0.0293  v 0.011  ev +0.95  adv_std 0.148  tR -0.33  ent[s/d/p/e] 1.70/2.37/1.14/0.49  emits 0.22  spf 108.4  z0 0.83  garr 126.9  tG 969  e2 0.04  nF 1.8  pS 0.31  ptS 0.30  fLog 0.70  pdΔ -0.1907  pkR 3.56  clip 0.09  kl +0.008
upd   73  steps  151552  sps 1496  opp symm  loss -0.002  pg +0.0065  v 0.011  ev +0.95  adv_std 0.145  tR -0.20  ent[s/d/p/e] 1.69/2.33/1.13/0.42  emits 0.23  spf 111.3  z0 0.82  garr 131.5  tG 1023  e2 0.04  nF 2.2  pS 0.31  ptS 0.30  fLog 0.69  pdΔ -0.1880  pkR 3.87  clip 0.08  kl +0.004
upd   74  steps  153600  sps 1507  opp symm  loss +0.040  pg +0.0496  v 0.009  ev +0.96  adv_std 0.132  tR +0.33  ent[s/d/p/e] 1.58/2.29/1.15/0.44  emits 0.19  spf 117.0  z0 0.85  garr 132.5  tG 1030  e2 0.03  nF 2.0  pS 0.30  ptS 0.29  fLog 0.69  pdΔ -0.2023  pkR 4.44  clip 0.06  kl +0.002
upd   75  steps  155648  sps 1517  opp symm  loss +0.020  pg +0.0275  v 0.011  ev +0.95  adv_std 0.144  tR +0.33  ent[s/d/p/e] 1.41/2.23/1.25/0.35  emits 0.17  spf 104.5  z0 0.85  garr 143.1  tG 1068  e2 0.02  nF 1.7  pS 0.28  ptS 0.28  fLog 0.66  pdΔ -0.2161  pkR 5.01  clip 0.09  kl +0.002
upd   76  steps  157696  sps 1527  opp symm  loss +0.045  pg +0.0550  v 0.009  ev +0.95  adv_std 0.134  tR -0.60  ent[s/d/p/e] 1.50/2.27/1.24/0.39  emits 0.17  spf 99.7  z0 0.86  garr 151.2  tG 1102  e2 0.02  nF 1.7  pS 0.28  ptS 0.28  fLog 0.67  pdΔ -0.2167  pkR 4.35  clip 0.06  kl -0.000
upd   77  steps  159744  sps 1538  opp symm  loss -0.059  pg -0.0516  v 0.012  ev +0.93  adv_std 0.156  tR -0.40  ent[s/d/p/e] 1.48/2.29/1.22/0.40  emits 0.16  spf 106.8  z0 0.87  garr 158.1  tG 1124  e2 0.02  nF 1.6  pS 0.28  ptS 0.27  fLog 0.68  pdΔ -0.2246  pkR 4.79  clip 0.05  kl +0.001
upd   78  steps  161792  sps 1548  opp symm  loss -0.041  pg -0.0321  v 0.009  ev +0.95  adv_std 0.132  tR +1.00  ent[s/d/p/e] 1.37/2.28/1.24/0.40  emits 0.18  spf 95.9  z0 0.85  garr 143.9  tG 990  e2 0.03  nF 1.7  pS 0.25  ptS 0.25  fLog 0.66  pdΔ -0.2464  pkR 5.92  clip 0.03  kl +0.002
upd   79  steps  163840  sps 1558  opp symm  loss -0.029  pg -0.0182  v 0.007  ev +0.96  adv_std 0.113  tR +0.00  ent[s/d/p/e] 1.44/2.31/1.28/0.44  emits 0.19  spf 104.8  z0 0.85  garr 153.0  tG 1068  e2 0.03  nF 1.8  pS 0.27  ptS 0.26  fLog 0.68  pdΔ -0.2288  pkR 6.59  clip 0.07  kl +0.001
upd   80  steps  165888  sps 1568  opp symm  loss +0.005  pg +0.0152  v 0.009  ev +0.95  adv_std 0.132  tR +0.50  ent[s/d/p/e] 1.57/2.30/1.33/0.40  emits 0.18  spf 115.4  z0 0.86  garr 166.8  tG 1158  e2 0.03  nF 1.6  pS 0.28  ptS 0.27  fLog 0.68  pdΔ -0.2170  pkR 6.63  clip 0.07  kl +0.002
upd   81  steps  167936  sps 1577  opp symm  loss +0.040  pg +0.0507  v 0.007  ev +0.96  adv_std 0.113  tR +0.00  ent[s/d/p/e] 1.55/2.32/1.30/0.42  emits 0.20  spf 122.3  z0 0.85  garr 166.5  tG 1171  e2 0.03  nF 1.8  pS 0.29  ptS 0.28  fLog 0.69  pdΔ -0.2116  pkR 6.96  clip 0.05  kl +0.001
upd   82  steps  169984  sps 1587  opp symm  loss +0.039  pg +0.0510  v 0.005  ev +0.97  adv_std 0.096  tR +1.00  ent[s/d/p/e] 1.57/2.39/1.28/0.35  emits 0.17  spf 132.1  z0 0.86  garr 179.8  tG 1212  e2 0.03  nF 1.6  pS 0.29  ptS 0.28  fLog 0.72  pdΔ -0.2068  pkR 5.81  clip 0.10  kl +0.006
upd   83  steps  172032  sps 1596  opp symm  loss -0.013  pg -0.0024  v 0.008  ev +0.96  adv_std 0.114  tR +0.60  ent[s/d/p/e] 1.62/2.45/1.35/0.41  emits 0.15  spf 128.4  z0 0.87  garr 180.0  tG 1219  e2 0.02  nF 1.3  pS 0.30  ptS 0.29  fLog 0.72  pdΔ -0.2006  pkR 4.77  clip 0.08  kl +0.002
upd   84  steps  174080  sps 1606  opp symm  loss +0.031  pg +0.0420  v 0.007  ev +0.97  adv_std 0.105  tR +0.50  ent[s/d/p/e] 1.63/2.40/1.35/0.33  emits 0.15  spf 116.9  z0 0.87  garr 179.6  tG 1288  e2 0.02  nF 1.4  pS 0.31  ptS 0.30  fLog 0.71  pdΔ -0.1889  pkR 4.17  clip 0.08  kl +0.005
upd   85  steps  176128  sps 1615  opp symm  loss -0.053  pg -0.0427  v 0.009  ev +0.95  adv_std 0.131  tR -0.50  ent[s/d/p/e] 1.55/2.38/1.32/0.35  emits 0.12  spf 130.8  z0 0.90  garr 180.1  tG 1347  e2 0.01  nF 1.1  pS 0.30  ptS 0.30  fLog 0.72  pdΔ -0.1962  pkR 3.95  clip 0.04  kl +0.002
upd   86  steps  178176  sps 1624  opp symm  loss +0.044  pg +0.0544  v 0.007  ev +0.96  adv_std 0.118  tR -0.60  ent[s/d/p/e] 1.39/2.26/1.25/0.33  emits 0.15  spf 125.4  z0 0.88  garr 185.9  tG 1408  e2 0.02  nF 1.2  pS 0.29  ptS 0.29  fLog 0.70  pdΔ -0.2098  pkR 3.97  clip 0.03  kl +0.002
upd   87  steps  180224  sps 1633  opp symm  loss -0.034  pg -0.0239  v 0.007  ev +0.95  adv_std 0.120  tR -1.00  ent[s/d/p/e] 1.44/2.28/1.34/0.36  emits 0.14  spf 137.0  z0 0.88  garr 193.1  tG 1451  e2 0.02  nF 1.5  pS 0.29  ptS 0.29  fLog 0.71  pdΔ -0.2140  pkR 4.16  clip 0.03  kl -0.000
upd   88  steps  182272  sps 1642  opp symm  loss -0.027  pg -0.0145  v 0.005  ev +0.97  adv_std 0.090  tR -0.33  ent[s/d/p/e] 1.54/2.30/1.37/0.38  emits 0.15  spf 125.3  z0 0.88  garr 201.8  tG 1609  e2 0.02  nF 1.2  pS 0.30  ptS 0.30  fLog 0.71  pdΔ -0.1983  pkR 4.70  clip 0.03  kl +0.001
upd   89  steps  184320  sps 1651  opp symm  loss -0.059  pg -0.0478  v 0.007  ev +0.96  adv_std 0.120  tR -0.67  ent[s/d/p/e] 1.60/2.30/1.41/0.39  emits 0.16  spf 130.9  z0 0.87  garr 201.6  tG 1697  e2 0.02  nF 1.4  pS 0.32  ptS 0.32  fLog 0.70  pdΔ -0.1834  pkR 4.80  clip 0.04  kl +0.001
upd   90  steps  186368  sps 1660  opp symm  loss -0.046  pg -0.0353  v 0.009  ev +0.95  adv_std 0.129  tR -0.50  ent[s/d/p/e] 1.67/2.32/1.37/0.39  emits 0.17  spf 120.8  z0 0.87  garr 198.8  tG 1664  e2 0.03  nF 1.4  pS 0.32  ptS 0.32  fLog 0.69  pdΔ -0.1778  pkR 4.95  clip 0.04  kl +0.003
upd   91  steps  188416  sps 1668  opp symm  loss -0.007  pg +0.0060  v 0.005  ev +0.98  adv_std 0.091  tR +0.50  ent[s/d/p/e] 1.71/2.27/1.39/0.41  emits 0.21  spf 114.1  z0 0.84  garr 187.6  tG 1586  e2 0.04  nF 1.7  pS 0.33  ptS 0.33  fLog 0.69  pdΔ -0.1698  pkR 5.06  clip 0.05  kl +0.001
upd   92  steps  190464  sps 1677  opp symm  loss +0.029  pg +0.0408  v 0.007  ev +0.96  adv_std 0.113  tR -0.20  ent[s/d/p/e] 1.70/2.25/1.47/0.44  emits 0.21  spf 117.1  z0 0.84  garr 177.6  tG 1475  e2 0.04  nF 1.8  pS 0.32  ptS 0.32  fLog 0.70  pdΔ -0.1788  pkR 5.56  clip 0.06  kl +0.004
upd   93  steps  192512  sps 1685  opp symm  loss +0.034  pg +0.0435  v 0.010  ev +0.94  adv_std 0.138  tR +0.40  ent[s/d/p/e] 1.57/2.11/1.45/0.37  emits 0.18  spf 101.7  z0 0.86  garr 159.9  tG 1273  e2 0.03  nF 1.6  pS 0.30  ptS 0.30  fLog 0.67  pdΔ -0.1992  pkR 6.15  clip 0.08  kl +0.002
upd   94  steps  194560  sps 1694  opp symm  loss +0.008  pg +0.0194  v 0.007  ev +0.95  adv_std 0.123  tR +0.50  ent[s/d/p/e] 1.55/2.11/1.51/0.40  emits 0.19  spf 97.5  z0 0.85  garr 145.3  tG 1108  e2 0.03  nF 1.9  pS 0.28  ptS 0.28  fLog 0.66  pdΔ -0.2217  pkR 5.71  clip 0.07  kl +0.001
upd   95  steps  196608  sps 1702  opp symm  loss +0.017  pg +0.0279  v 0.009  ev +0.95  adv_std 0.125  tR +0.33  ent[s/d/p/e] 1.50/2.11/1.58/0.34  emits 0.17  spf 98.4  z0 0.87  garr 160.9  tG 1178  e2 0.02  nF 1.6  pS 0.28  ptS 0.28  fLog 0.67  pdΔ -0.2189  pkR 4.64  clip 0.07  kl +0.004
upd   96  steps  198656  sps 1710  opp symm  loss +0.014  pg +0.0240  v 0.009  ev +0.95  adv_std 0.130  tR +1.00  ent[s/d/p/e] 1.52/2.13/1.56/0.38  emits 0.16  spf 96.2  z0 0.88  garr 162.8  tG 1171  e2 0.02  nF 1.5  pS 0.29  ptS 0.29  fLog 0.67  pdΔ -0.2146  pkR 4.56  clip 0.07  kl +0.003
upd   97  steps  200704  sps 1718  opp symm  loss -0.088  pg -0.0771  v 0.008  ev +0.96  adv_std 0.122  tR -0.33  ent[s/d/p/e] 1.58/2.13/1.56/0.35  emits 0.14  spf 105.1  z0 0.88  garr 174.9  tG 1273  e2 0.02  nF 1.2  pS 0.29  ptS 0.29  fLog 0.70  pdΔ -0.2064  pkR 4.68  clip 0.04  kl +0.002
upd   98  steps  202752  sps 1726  opp symm  loss -0.047  pg -0.0346  v 0.006  ev +0.98  adv_std 0.103  tR -0.33  ent[s/d/p/e] 1.67/2.11/1.57/0.38  emits 0.17  spf 107.6  z0 0.87  garr 187.4  tG 1405  e2 0.03  nF 1.5  pS 0.31  ptS 0.30  fLog 0.70  pdΔ -0.1886  pkR 4.92  clip 0.05  kl +0.001
[eval_vs_v20] u99 tag=train_u99  bin0=0.0%  spf=11.80  garr=112.97  flip=30.00%  z0=77.1%  e8=0.0%  e2+=0.4%  WLD=0/3/0
upd   99  steps  204800  sps 1734  opp symm  loss +0.003  pg +0.0133  v 0.010  ev +0.96  adv_std 0.139  tR +0.33  ent[s/d/p/e] 1.68/2.09/1.63/0.37  emits 0.19  spf 123.2  z0 0.85  garr 185.2  tG 1410  e2 0.03  nF 1.6  pS 0.32  ptS 0.31  fLog 0.71  pdΔ -0.1773  pkR 4.77  clip 0.08  kl +0.007 WRr 1.00 v20[spf 11.8 flip 30.0% e2+ 0.4%]
upd  100  steps  206848  sps 1026  opp symm  loss -0.037  pg -0.0243  v 0.006  ev +0.98  adv_std 0.106  tR -0.50  ent[s/d/p/e] 1.71/2.03/1.59/0.39  emits 0.19  spf 105.0  z0 0.86  garr 189.0  tG 1503  e2 0.04  nF 1.7  pS 0.34  ptS 0.32  fLog 0.69  pdΔ -0.1635  pkR 5.07  clip 0.05  kl +0.002
upd  101  steps  208896  sps 1032  opp symm  loss +0.015  pg +0.0241  v 0.012  ev +0.94  adv_std 0.156  tR +0.00  ent[s/d/p/e] 1.67/2.04/1.56/0.37  emits 0.19  spf 116.5  z0 0.86  garr 183.3  tG 1521  e2 0.03  nF 1.5  pS 0.34  ptS 0.32  fLog 0.70  pdΔ -0.1623  pkR 5.64  clip 0.05  kl +0.002
upd  102  steps  210944  sps 1039  opp symm  loss -0.005  pg +0.0041  v 0.010  ev +0.96  adv_std 0.136  tR +0.50  ent[s/d/p/e] 1.45/1.92/1.53/0.35  emits 0.14  spf 109.0  z0 0.88  garr 162.6  tG 1303  e2 0.02  nF 1.5  pS 0.31  ptS 0.30  fLog 0.68  pdΔ -0.1881  pkR 6.50  clip 0.04  kl +0.001
upd  103  steps  212992  sps 1046  opp symm  loss -0.001  pg +0.0083  v 0.009  ev +0.96  adv_std 0.131  tR +0.00  ent[s/d/p/e] 1.22/1.81/1.54/0.35  emits 0.17  spf 82.6  z0 0.87  garr 171.4  tG 1287  e2 0.03  nF 1.6  pS 0.30  ptS 0.28  fLog 0.63  pdΔ -0.2043  pkR 4.70  clip 0.05  kl +0.002
upd  104  steps  215040  sps 1053  opp symm  loss +0.019  pg +0.0277  v 0.012  ev +0.95  adv_std 0.152  tR +0.00  ent[s/d/p/e] 1.48/1.93/1.65/0.34  emits 0.17  spf 99.5  z0 0.87  garr 187.9  tG 1416  e2 0.03  nF 1.7  pS 0.31  ptS 0.30  fLog 0.67  pdΔ -0.1886  pkR 4.69  clip 0.05  kl +0.003
upd  105  steps  217088  sps 1059  opp symm  loss +0.029  pg +0.0407  v 0.006  ev +0.98  adv_std 0.111  tR -0.50  ent[s/d/p/e] 1.46/1.83/1.67/0.40  emits 0.20  spf 97.5  z0 0.86  garr 183.7  tG 1379  e2 0.03  nF 1.9  pS 0.32  ptS 0.30  fLog 0.67  pdΔ -0.1826  pkR 5.38  clip 0.07  kl +0.001
upd  106  steps  219136  sps 1066  opp symm  loss +0.005  pg +0.0159  v 0.008  ev +0.96  adv_std 0.128  tR +0.43  ent[s/d/p/e] 1.51/1.88/1.61/0.35  emits 0.21  spf 91.2  z0 0.86  garr 180.5  tG 1370  e2 0.04  nF 1.9  pS 0.32  ptS 0.31  fLog 0.67  pdΔ -0.1763  pkR 6.30  clip 0.07  kl +0.005
upd  107  steps  221184  sps 1073  opp symm  loss -0.001  pg +0.0083  v 0.011  ev +0.95  adv_std 0.151  tR +0.00  ent[s/d/p/e] 1.56/1.89/1.61/0.38  emits 0.19  spf 93.5  z0 0.86  garr 177.5  tG 1303  e2 0.03  nF 1.6  pS 0.32  ptS 0.31  fLog 0.67  pdΔ -0.1844  pkR 4.35  clip 0.08  kl +0.004
upd  108  steps  223232  sps 1079  opp symm  loss +0.031  pg +0.0414  v 0.009  ev +0.97  adv_std 0.130  tR +0.14  ent[s/d/p/e] 1.51/1.88/1.58/0.37  emits 0.20  spf 77.7  z0 0.85  garr 178.7  tG 1273  e2 0.03  nF 1.7  pS 0.31  ptS 0.30  fLog 0.64  pdΔ -0.1872  pkR 4.78  clip 0.06  kl +0.002
upd  109  steps  225280  sps 1086  opp symm  loss -0.000  pg +0.0103  v 0.009  ev +0.96  adv_std 0.134  tR -0.20  ent[s/d/p/e] 1.46/1.89/1.63/0.39  emits 0.20  spf 82.2  z0 0.86  garr 156.2  tG 1146  e2 0.03  nF 1.8  pS 0.30  ptS 0.29  fLog 0.66  pdΔ -0.2005  pkR 4.77  clip 0.04  kl +0.001
upd  110  steps  227328  sps 1092  opp symm  loss -0.021  pg -0.0100  v 0.007  ev +0.97  adv_std 0.126  tR -1.00  ent[s/d/p/e] 1.54/1.89/1.62/0.36  emits 0.19  spf 84.4  z0 0.85  garr 170.6  tG 1325  e2 0.03  nF 1.7  pS 0.32  ptS 0.31  fLog 0.66  pdΔ -0.1800  pkR 3.93  clip 0.04  kl +0.001
upd  111  steps  229376  sps 1099  opp symm  loss -0.021  pg -0.0099  v 0.006  ev +0.98  adv_std 0.106  tR +0.50  ent[s/d/p/e] 1.59/2.00/1.55/0.36  emits 0.17  spf 90.3  z0 0.88  garr 191.0  tG 1495  e2 0.03  nF 1.7  pS 0.33  ptS 0.33  fLog 0.67  pdΔ -0.1693  pkR 4.27  clip 0.04  kl +0.005
upd  112  steps  231424  sps 1105  opp symm  loss -0.032  pg -0.0192  v 0.004  ev +0.98  adv_std 0.084  tR -0.33  ent[s/d/p/e] 1.71/1.98/1.55/0.30  emits 0.15  spf 108.9  z0 0.88  garr 212.3  tG 1700  e2 0.02  nF 1.5  pS 0.34  ptS 0.34  fLog 0.70  pdΔ -0.1590  pkR 4.32  clip 0.04  kl +0.001
upd  113  steps  233472  sps 1111  opp symm  loss -0.032  pg -0.0200  v 0.005  ev +0.98  adv_std 0.099  tR +1.00  ent[s/d/p/e] 1.71/1.89/1.62/0.35  emits 0.13  spf 104.3  z0 0.90  garr 242.3  tG 1987  e2 0.02  nF 1.2  pS 0.34  ptS 0.34  fLog 0.69  pdΔ -0.1554  pkR 4.04  clip 0.07  kl +0.004
upd  114  steps  235520  sps 1118  opp symm  loss -0.019  pg -0.0081  v 0.008  ev +0.97  adv_std 0.123  tR +0.00  ent[s/d/p/e] 1.70/1.95/1.59/0.25  emits 0.13  spf 124.3  z0 0.90  garr 261.7  tG 2145  e2 0.02  nF 1.2  pS 0.34  ptS 0.34  fLog 0.71  pdΔ -0.1594  pkR 4.34  clip 0.09  kl +0.009
upd  115  steps  237568  sps 1124  opp symm  loss -0.003  pg +0.0086  v 0.007  ev +0.97  adv_std 0.111  tR +0.00  ent[s/d/p/e] 1.64/2.02/1.62/0.27  emits 0.09  spf 144.1  z0 0.93  garr 284.5  tG 2389  e2 0.01  nF 0.8  pS 0.35  ptS 0.34  fLog 0.73  pdΔ -0.1521  pkR 4.44  clip 0.03  kl +0.002
upd  116  steps  239616  sps 1130  opp symm  loss +0.015  pg +0.0264  v 0.006  ev +0.98  adv_std 0.104  tR +0.60  ent[s/d/p/e] 1.58/1.94/1.55/0.25  emits 0.10  spf 140.3  z0 0.91  garr 295.5  tG 2516  e2 0.01  nF 0.8  pS 0.35  ptS 0.34  fLog 0.71  pdΔ -0.1533  pkR 4.61  clip 0.04  kl +0.001
upd  117  steps  241664  sps 1136  opp symm  loss +0.005  pg +0.0149  v 0.009  ev +0.96  adv_std 0.134  tR +0.11  ent[s/d/p/e] 1.57/2.04/1.56/0.28  emits 0.10  spf 143.8  z0 0.91  garr 288.4  tG 2457  e2 0.01  nF 1.0  pS 0.33  ptS 0.32  fLog 0.72  pdΔ -0.1705  pkR 5.07  clip 0.02  kl +0.000
upd  118  steps  243712  sps 1143  opp symm  loss -0.032  pg -0.0213  v 0.008  ev +0.97  adv_std 0.119  tR -0.50  ent[s/d/p/e] 1.38/2.12/1.54/0.28  emits 0.11  spf 121.5  z0 0.91  garr 269.4  tG 2286  e2 0.01  nF 0.9  pS 0.31  ptS 0.30  fLog 0.69  pdΔ -0.1898  pkR 5.93  clip 0.03  kl -0.000
upd  119  steps  245760  sps 1149  opp symm  loss -0.051  pg -0.0396  v 0.006  ev +0.97  adv_std 0.106  tR +0.33  ent[s/d/p/e] 1.32/2.11/1.64/0.31  emits 0.11  spf 102.2  z0 0.91  garr 253.6  tG 2128  e2 0.01  nF 1.0  pS 0.31  ptS 0.30  fLog 0.66  pdΔ -0.1893  pkR 4.81  clip 0.04  kl +0.002
upd  120  steps  247808  sps 1155  opp symm  loss +0.023  pg +0.0311  v 0.013  ev +0.94  adv_std 0.161  tR +0.00  ent[s/d/p/e] 1.44/2.09/1.62/0.30  emits 0.12  spf 124.6  z0 0.90  garr 253.6  tG 2158  e2 0.02  nF 1.1  pS 0.33  ptS 0.31  fLog 0.69  pdΔ -0.1739  pkR 5.38  clip 0.05  kl +0.003
upd  121  steps  249856  sps 1161  opp symm  loss -0.016  pg -0.0068  v 0.012  ev +0.95  adv_std 0.155  tR -0.33  ent[s/d/p/e] 1.63/2.07/1.58/0.35  emits 0.14  spf 131.5  z0 0.89  garr 251.5  tG 2207  e2 0.02  nF 1.2  pS 0.34  ptS 0.33  fLog 0.70  pdΔ -0.1631  pkR 5.30  clip 0.04  kl +0.001
upd  122  steps  251904  sps 1167  opp symm  loss -0.013  pg -0.0015  v 0.006  ev +0.97  adv_std 0.111  tR -1.00  ent[s/d/p/e] 1.49/2.12/1.62/0.33  emits 0.14  spf 115.0  z0 0.89  garr 240.1  tG 2173  e2 0.02  nF 1.2  pS 0.33  ptS 0.32  fLog 0.70  pdΔ -0.1687  pkR 6.22  clip 0.05  kl +0.001
upd  123  steps  253952  sps 1173  opp symm  loss -0.018  pg -0.0055  v 0.006  ev +0.97  adv_std 0.102  tR +1.00  ent[s/d/p/e] 1.55/2.13/1.61/0.37  emits 0.14  spf 118.8  z0 0.88  garr 237.0  tG 2060  e2 0.02  nF 1.2  pS 0.33  ptS 0.32  fLog 0.69  pdΔ -0.1727  pkR 7.30  clip 0.04  kl +0.003
upd  124  steps  256000  sps 1179  opp symm  loss -0.002  pg +0.0056  v 0.015  ev +0.92  adv_std 0.169  tR +0.40  ent[s/d/p/e] 1.66/2.12/1.57/0.32  emits 0.16  spf 120.9  z0 0.87  garr 211.3  tG 1636  e2 0.02  nF 1.5  pS 0.31  ptS 0.30  fLog 0.70  pdΔ -0.1869  pkR 8.21  clip 0.09  kl +0.003
upd  125  steps  258048  sps 1185  opp symm  loss +0.031  pg +0.0410  v 0.010  ev +0.94  adv_std 0.143  tR +0.33  ent[s/d/p/e] 1.55/2.07/1.58/0.37  emits 0.17  spf 102.3  z0 0.87  garr 178.9  tG 1249  e2 0.03  nF 1.3  pS 0.29  ptS 0.28  fLog 0.68  pdΔ -0.2071  pkR 4.74  clip 0.06  kl +0.002
upd  126  steps  260096  sps 1191  opp symm  loss -0.030  pg -0.0223  v 0.013  ev +0.92  adv_std 0.164  tR -1.00  ent[s/d/p/e] 1.56/2.07/1.57/0.33  emits 0.15  spf 102.7  z0 0.88  garr 195.4  tG 1391  e2 0.02  nF 1.2  pS 0.31  ptS 0.29  fLog 0.68  pdΔ -0.1923  pkR 4.94  clip 0.04  kl +0.001
upd  127  steps  262144  sps 1196  opp symm  loss -0.035  pg -0.0228  v 0.006  ev +0.97  adv_std 0.097  tR +1.00  ent[s/d/p/e] 1.59/2.07/1.59/0.36  emits 0.15  spf 105.8  z0 0.88  garr 208.4  tG 1524  e2 0.02  nF 1.2  pS 0.32  ptS 0.31  fLog 0.69  pdΔ -0.1788  pkR 4.22  clip 0.05  kl +0.000
upd  128  steps  264192  sps 1202  opp symm  loss +0.008  pg +0.0201  v 0.007  ev +0.96  adv_std 0.111  tR +1.00  ent[s/d/p/e] 1.67/2.12/1.57/0.33  emits 0.16  spf 124.7  z0 0.87  garr 211.7  tG 1645  e2 0.02  nF 1.4  pS 0.34  ptS 0.32  fLog 0.72  pdΔ -0.1636  pkR 3.49  clip 0.05  kl +0.004
upd  129  steps  266240  sps 1208  opp symm  loss -0.002  pg +0.0097  v 0.006  ev +0.97  adv_std 0.104  tR +0.00  ent[s/d/p/e] 1.67/2.12/1.53/0.34  emits 0.12  spf 139.7  z0 0.90  garr 232.9  tG 1842  e2 0.02  nF 1.1  pS 0.35  ptS 0.32  fLog 0.73  pdΔ -0.1550  pkR 3.59  clip 0.04  kl +0.000
upd  130  steps  268288  sps 1214  opp symm  loss +0.032  pg +0.0432  v 0.006  ev +0.96  adv_std 0.110  tR -0.33  ent[s/d/p/e] 1.54/2.05/1.51/0.33  emits 0.14  spf 127.1  z0 0.89  garr 244.0  tG 1943  e2 0.02  nF 1.0  pS 0.34  ptS 0.32  fLog 0.72  pdΔ -0.1589  pkR 4.11  clip 0.04  kl +0.002
upd  131  steps  270336  sps 1219  opp symm  loss -0.027  pg -0.0157  v 0.006  ev +0.97  adv_std 0.105  tR +0.00  ent[s/d/p/e] 1.59/2.04/1.53/0.32  emits 0.14  spf 148.0  z0 0.89  garr 253.0  tG 2088  e2 0.02  nF 1.1  pS 0.35  ptS 0.33  fLog 0.73  pdΔ -0.1474  pkR 4.22  clip 0.03  kl +0.003
upd  132  steps  272384  sps 1225  opp symm  loss +0.053  pg +0.0652  v 0.005  ev +0.98  adv_std 0.093  tR +0.50  ent[s/d/p/e] 1.56/1.95/1.49/0.30  emits 0.13  spf 131.0  z0 0.90  garr 269.2  tG 2237  e2 0.02  nF 1.0  pS 0.36  ptS 0.34  fLog 0.71  pdΔ -0.1448  pkR 4.25  clip 0.05  kl +0.004
upd  133  steps  274432  sps 1231  opp symm  loss -0.045  pg -0.0355  v 0.010  ev +0.93  adv_std 0.142  tR +0.00  ent[s/d/p/e] 1.50/1.92/1.54/0.32  emits 0.13  spf 117.1  z0 0.90  garr 259.1  tG 2170  e2 0.02  nF 1.1  pS 0.35  ptS 0.33  fLog 0.69  pdΔ -0.1541  pkR 4.50  clip 0.04  kl +0.001
upd  134  steps  276480  sps 1236  opp symm  loss -0.025  pg -0.0161  v 0.011  ev +0.91  adv_std 0.148  tR +0.33  ent[s/d/p/e] 1.50/1.92/1.56/0.30  emits 0.14  spf 116.9  z0 0.89  garr 250.1  tG 2126  e2 0.02  nF 0.9  pS 0.33  ptS 0.31  fLog 0.68  pdΔ -0.1687  pkR 5.17  clip 0.04  kl +0.002
upd  135  steps  278528  sps 1242  opp symm  loss +0.045  pg +0.0535  v 0.011  ev +0.92  adv_std 0.152  tR +1.00  ent[s/d/p/e] 1.56/1.98/1.53/0.31  emits 0.13  spf 96.8  z0 0.90  garr 266.1  tG 2283  e2 0.02  nF 1.1  pS 0.34  ptS 0.33  fLog 0.66  pdΔ -0.1552  pkR 5.88  clip 0.03  kl -0.001
upd  136  steps  280576  sps 1247  opp symm  loss -0.042  pg -0.0352  v 0.015  ev +0.91  adv_std 0.173  tR +0.00  ent[s/d/p/e] 1.60/1.95/1.50/0.35  emits 0.15  spf 114.4  z0 0.88  garr 266.6  tG 2211  e2 0.02  nF 1.3  pS 0.34  ptS 0.33  fLog 0.68  pdΔ -0.1599  pkR 4.98  clip 0.05  kl +0.002
upd  137  steps  282624  sps 1253  opp symm  loss -0.011  pg -0.0039  v 0.015  ev +0.92  adv_std 0.182  tR +0.00  ent[s/d/p/e] 1.69/1.88/1.66/0.30  emits 0.14  spf 109.0  z0 0.89  garr 273.6  tG 2333  e2 0.02  nF 1.3  pS 0.35  ptS 0.33  fLog 0.69  pdΔ -0.1532  pkR 4.91  clip 0.05  kl -0.000
upd  138  steps  284672  sps 1258  opp symm  loss -0.048  pg -0.0381  v 0.010  ev +0.95  adv_std 0.137  tR +1.00  ent[s/d/p/e] 1.69/1.90/1.59/0.36  emits 0.16  spf 132.9  z0 0.88  garr 267.6  tG 2364  e2 0.02  nF 1.3  pS 0.35  ptS 0.34  fLog 0.72  pdΔ -0.1474  pkR 5.36  clip 0.05  kl +0.003
upd  139  steps  286720  sps 1264  opp symm  loss -0.052  pg -0.0401  v 0.005  ev +0.97  adv_std 0.103  tR +1.00  ent[s/d/p/e] 1.59/1.94/1.52/0.32  emits 0.14  spf 124.0  z0 0.89  garr 272.5  tG 2356  e2 0.02  nF 1.3  pS 0.36  ptS 0.35  fLog 0.70  pdΔ -0.1388  pkR 5.49  clip 0.04  kl -0.000
upd  140  steps  288768  sps 1269  opp symm  loss -0.026  pg -0.0175  v 0.012  ev +0.95  adv_std 0.156  tR +0.80  ent[s/d/p/e] 1.68/2.10/1.50/0.38  emits 0.14  spf 138.7  z0 0.89  garr 224.3  tG 1926  e2 0.02  nF 1.3  pS 0.34  ptS 0.33  fLog 0.72  pdΔ -0.1639  pkR 5.45  clip 0.08  kl +0.006
upd  141  steps  290816  sps 1275  opp symm  loss -0.086  pg -0.0771  v 0.011  ev +0.95  adv_std 0.151  tR +0.00  ent[s/d/p/e] 1.51/2.00/1.45/0.39  emits 0.18  spf 130.6  z0 0.85  garr 198.4  tG 1704  e2 0.02  nF 1.5  pS 0.33  ptS 0.32  fLog 0.68  pdΔ -0.1723  pkR 5.31  clip 0.05  kl +0.001
upd  142  steps  292864  sps 1280  opp symm  loss -0.031  pg -0.0215  v 0.010  ev +0.95  adv_std 0.143  tR +0.33  ent[s/d/p/e] 1.51/1.95/1.61/0.43  emits 0.19  spf 111.1  z0 0.85  garr 217.8  tG 1863  e2 0.03  nF 1.3  pS 0.34  ptS 0.33  fLog 0.69  pdΔ -0.1622  pkR 5.35  clip 0.08  kl +0.005
upd  143  steps  294912  sps 1285  opp symm  loss +0.006  pg +0.0168  v 0.006  ev +0.97  adv_std 0.111  tR +1.00  ent[s/d/p/e] 1.45/1.82/1.52/0.38  emits 0.18  spf 109.5  z0 0.86  garr 208.9  tG 1758  e2 0.03  nF 1.5  pS 0.34  ptS 0.33  fLog 0.68  pdΔ -0.1646  pkR 6.24  clip 0.05  kl +0.001
upd  144  steps  296960  sps 1291  opp symm  loss -0.032  pg -0.0198  v 0.006  ev +0.98  adv_std 0.105  tR +1.00  ent[s/d/p/e] 1.48/1.82/1.66/0.38  emits 0.15  spf 105.8  z0 0.88  garr 216.5  tG 1773  e2 0.02  nF 1.5  pS 0.33  ptS 0.33  fLog 0.69  pdΔ -0.1691  pkR 6.64  clip 0.04  kl +0.003
upd  145  steps  299008  sps 1296  opp symm  loss +0.026  pg +0.0319  v 0.015  ev +0.94  adv_std 0.169  tR +0.00  ent[s/d/p/e] 1.36/1.72/1.60/0.34  emits 0.14  spf 99.0  z0 0.89  garr 226.3  tG 1692  e2 0.02  nF 1.3  pS 0.32  ptS 0.32  fLog 0.68  pdΔ -0.1800  pkR 6.73  clip 0.04  kl -0.000
upd  146  steps  301056  sps 1301  opp symm  loss -0.004  pg +0.0073  v 0.006  ev +0.98  adv_std 0.101  tR -1.00  ent[s/d/p/e] 1.33/1.81/1.69/0.29  emits 0.11  spf 111.4  z0 0.91  garr 247.6  tG 1903  e2 0.01  nF 1.0  pS 0.33  ptS 0.33  fLog 0.69  pdΔ -0.1700  pkR 4.68  clip 0.03  kl +0.001
upd  147  steps  303104  sps 1306  opp symm  loss -0.022  pg -0.0106  v 0.005  ev +0.98  adv_std 0.102  tR -0.33  ent[s/d/p/e] 1.30/1.73/1.66/0.31  emits 0.12  spf 109.5  z0 0.90  garr 269.7  tG 2129  e2 0.01  nF 1.0  pS 0.34  ptS 0.33  fLog 0.67  pdΔ -0.1614  pkR 4.62  clip 0.05  kl +0.002
upd  148  steps  305152  sps 1311  opp symm  loss +0.047  pg +0.0557  v 0.010  ev +0.96  adv_std 0.139  tR +0.00  ent[s/d/p/e] 1.27/1.78/1.66/0.27  emits 0.11  spf 113.1  z0 0.90  garr 272.1  tG 2222  e2 0.01  nF 1.2  pS 0.34  ptS 0.33  fLog 0.68  pdΔ -0.1605  pkR 5.29  clip 0.04  kl +0.002
upd  149  steps  307200  sps 1317  opp symm  loss +0.021  pg +0.0319  v 0.005  ev +0.97  adv_std 0.099  tR +0.00  ent[s/d/p/e] 1.20/1.77/1.59/0.29  emits 0.09  spf 111.5  z0 0.92  garr 268.8  tG 2221  e2 0.01  nF 0.9  pS 0.33  ptS 0.31  fLog 0.66  pdΔ -0.1734  pkR 5.30  clip 0.02  kl -0.000
upd  150  steps  309248  sps 1322  opp symm  loss +0.000  pg +0.0096  v 0.009  ev +0.95  adv_std 0.130  tR +0.33  ent[s/d/p/e] 1.17/1.88/1.58/0.29  emits 0.12  spf 110.4  z0 0.90  garr 266.0  tG 2175  e2 0.02  nF 1.1  pS 0.31  ptS 0.30  fLog 0.66  pdΔ -0.1859  pkR 4.85  clip 0.03  kl +0.002
upd  151  steps  311296  sps 1327  opp symm  loss -0.024  pg -0.0132  v 0.007  ev +0.96  adv_std 0.119  tR +0.33  ent[s/d/p/e] 1.39/2.05/1.63/0.31  emits 0.12  spf 135.3  z0 0.90  garr 288.2  tG 2387  e2 0.01  nF 1.1  pS 0.32  ptS 0.31  fLog 0.70  pdΔ -0.1775  pkR 4.94  clip 0.04  kl -0.001
upd  152  steps  313344  sps 1332  opp symm  loss +0.023  pg +0.0314  v 0.011  ev +0.95  adv_std 0.148  tR -0.33  ent[s/d/p/e] 1.40/1.93/1.47/0.26  emits 0.10  spf 120.9  z0 0.91  garr 302.9  tG 2501  e2 0.01  nF 1.0  pS 0.32  ptS 0.31  fLog 0.67  pdΔ -0.1797  pkR 5.42  clip 0.04  kl +0.000
upd  153  steps  315392  sps 1337  opp symm  loss -0.040  pg -0.0289  v 0.006  ev +0.97  adv_std 0.098  tR +0.67  ent[s/d/p/e] 1.27/2.00/1.53/0.28  emits 0.09  spf 128.8  z0 0.92  garr 293.3  tG 2408  e2 0.01  nF 0.9  pS 0.31  ptS 0.30  fLog 0.67  pdΔ -0.1943  pkR 6.09  clip 0.03  kl +0.003
upd  154  steps  317440  sps 1342  opp symm  loss -0.023  pg -0.0125  v 0.006  ev +0.97  adv_std 0.109  tR +1.00  ent[s/d/p/e] 1.28/2.09/1.41/0.31  emits 0.11  spf 127.8  z0 0.91  garr 297.3  tG 2305  e2 0.01  nF 1.0  pS 0.30  ptS 0.29  fLog 0.68  pdΔ -0.2029  pkR 6.42  clip 0.04  kl +0.003