
=== [2026-06-10T23:50:47Z] v14d_binary_v2_a_p0i5_ORBITWARS_SHAPING_RELEASE_K_17.0_5ec44792b5 phase=a kind=probe chunk=400 env={"ORBITWARS_SHAPING_HOLD_BONUS": 0.004, "ORBITWARS_SHAPING_CAPTURE": 0.04, "ORBITWARS_SHAPING_RELEASE": 0.012, "ORBITWARS_SHAPING_RELEASE_K": 17.0, "ORBITWARS_SHAPING_PROD_SHARE_DELTA": 0.025, "ORBITWARS_SHAPING_ONE_SHIP_PENALTY": 0.04} ppo={"ent_coef_emit": 0.004, "lr_peak": 4e-05} ===
[reward] kaggle-aligned: terminal +1 win/+1 tie>0/-1 loss/-1 double-wipeout; is_terminal at step >= episode_steps-2; SHAPING_SCALE=0.0; v1: KEEP_HOME=0.0 FLEET_SIZE=0.0/norm20.0; v2 (expert-replay calibrated): PROD_SHARE=0.0 PLANET_SHARE=0.0 FLEET_LOG=0.0/ref500.0/floor0.3; v3 (top10-2630ep calibrated): PROD_SHARE_DELTA=0.025 EMIT_LOG=0.0 EMIT_GATED=0.0 RELEASE=0.012/K17.0 CAPTURE=0.04; episode_steps=500 (kaggle=500, mismatch=False)
[symmetric] Frog Parade style: same params drive BOTH players, no frozen/strong/buffer opponents, zero_sum_value=True
upd    0  steps    2048  sps 38  opp symm  loss +0.208  pg +0.2107  v 0.009  ev -0.51  adv_std 0.131  tR +0.00  ent[s/d/p/e] 0.31/1.00/1.12/0.20  emits 0.51  spf 11.4  z0 0.67  garr 13.0  tG 16  e2 0.11  nF 3.3  pS 0.07  ptS 0.06  fLog 0.38  pdΔ -0.4344  pkR 4.59  clip 0.02  kl +0.002
upd    1  steps    4096  sps 75  opp symm  loss +0.124  pg +0.1217  v 0.022  ev +0.14  adv_std 0.170  tR -1.00  ent[s/d/p/e] 0.73/1.16/0.99/0.33  emits 1.33  spf 10.8  z0 0.45  garr 10.3  tG 24  e2 0.34  nF 12.1  pS 0.12  ptS 0.11  fLog 0.36  pdΔ -0.3840  pkR 5.26  clip 0.18  kl +0.004
upd    2  steps    6144  sps 111  opp symm  loss +0.110  pg +0.1044  v 0.032  ev +0.26  adv_std 0.194  tR +0.00  ent[s/d/p/e] 1.02/1.48/0.97/0.41  emits 1.83  spf 10.9  z0 0.36  garr 10.6  tG 39  e2 0.43  nF 21.9  pS 0.17  ptS 0.16  fLog 0.35  pdΔ -0.3325  pkR 6.80  clip 0.19  kl +0.005
upd    3  steps    8192  sps 147  opp symm  loss +0.065  pg +0.0605  v 0.033  ev +0.33  adv_std 0.180  tR -1.00  ent[s/d/p/e] 1.27/1.71/0.98/0.47  emits 2.12  spf 12.6  z0 0.32  garr 12.7  tG 71  e2 0.49  nF 28.8  pS 0.23  ptS 0.22  fLog 0.37  pdΔ -0.2734  pkR 10.11  clip 0.28  kl +0.006
upd    4  steps   10240  sps 181  opp symm  loss +0.061  pg +0.0532  v 0.041  ev +0.24  adv_std 0.209  tR -1.00  ent[s/d/p/e] 1.50/1.91/0.98/0.48  emits 2.12  spf 15.2  z0 0.32  garr 15.0  tG 115  e2 0.47  nF 31.6  pS 0.27  ptS 0.27  fLog 0.38  pdΔ -0.2272  pkR 10.65  clip 0.24  kl +0.002
upd    5  steps   12288  sps 215  opp symm  loss +0.081  pg +0.0758  v 0.038  ev +0.22  adv_std 0.222  tR +0.50  ent[s/d/p/e] 1.63/2.01/0.98/0.48  emits 1.98  spf 15.7  z0 0.38  garr 15.2  tG 132  e2 0.43  nF 29.1  pS 0.28  ptS 0.28  fLog 0.38  pdΔ -0.2185  pkR 15.75  clip 0.28  kl +0.008
upd    6  steps   14336  sps 248  opp symm  loss +0.061  pg +0.0624  v 0.024  ev +0.40  adv_std 0.167  tR -0.33  ent[s/d/p/e] 1.68/2.06/1.04/0.51  emits 1.89  spf 17.8  z0 0.40  garr 16.8  tG 150  e2 0.40  nF 27.4  pS 0.29  ptS 0.29  fLog 0.40  pdΔ -0.2074  pkR 12.25  clip 0.42  kl +0.030
upd    7  steps   16384  sps 281  opp symm  loss +0.083  pg +0.0838  v 0.025  ev +0.42  adv_std 0.175  tR +0.33  ent[s/d/p/e] 1.67/2.05/1.05/0.48  emits 1.90  spf 17.8  z0 0.40  garr 17.3  tG 159  e2 0.42  nF 26.8  pS 0.29  ptS 0.29  fLog 0.40  pdΔ -0.2092  pkR 16.25  clip 0.25  kl +0.009
upd    8  steps   18432  sps 312  opp symm  loss +0.009  pg +0.0149  v 0.017  ev +0.63  adv_std 0.150  tR -0.33  ent[s/d/p/e] 1.72/2.08/1.09/0.52  emits 1.64  spf 20.8  z0 0.44  garr 17.9  tG 154  e2 0.36  nF 23.5  pS 0.28  ptS 0.28  fLog 0.43  pdΔ -0.2217  pkR 7.21  clip 0.35  kl +0.016
upd    9  steps   20480  sps 343  opp symm  loss +0.030  pg +0.0371  v 0.014  ev +0.75  adv_std 0.129  tR -1.00  ent[s/d/p/e] 1.75/2.12/1.08/0.52  emits 1.64  spf 20.5  z0 0.43  garr 18.8  tG 159  e2 0.37  nF 21.2  pS 0.29  ptS 0.29  fLog 0.43  pdΔ -0.2050  pkR 6.49  clip 0.31  kl +0.007
upd   10  steps   22528  sps 373  opp symm  loss +0.050  pg +0.0601  v 0.008  ev +0.83  adv_std 0.113  tR -1.00  ent[s/d/p/e] 1.73/2.10/1.14/0.55  emits 1.51  spf 25.5  z0 0.45  garr 23.6  tG 223  e2 0.36  nF 20.0  pS 0.32  ptS 0.32  fLog 0.46  pdΔ -0.1814  pkR 7.26  clip 0.25  kl +0.008
upd   11  steps   24576  sps 403  opp symm  loss +0.020  pg +0.0313  v 0.007  ev +0.90  adv_std 0.109  tR -0.33  ent[s/d/p/e] 1.82/2.16/1.12/0.56  emits 1.54  spf 27.5  z0 0.44  garr 26.1  tG 265  e2 0.35  nF 18.5  pS 0.34  ptS 0.34  fLog 0.46  pdΔ -0.1593  pkR 6.09  clip 0.23  kl +0.005
upd   12  steps   26624  sps 432  opp symm  loss +0.020  pg +0.0315  v 0.007  ev +0.91  adv_std 0.102  tR -1.00  ent[s/d/p/e] 1.84/2.17/1.13/0.58  emits 1.48  spf 28.1  z0 0.44  garr 26.4  tG 278  e2 0.34  nF 18.9  pS 0.35  ptS 0.35  fLog 0.47  pdΔ -0.1460  pkR 5.53  clip 0.28  kl +0.011
upd   13  steps   28672  sps 460  opp symm  loss +0.037  pg +0.0486  v 0.007  ev +0.92  adv_std 0.108  tR +0.50  ent[s/d/p/e] 1.80/2.17/1.13/0.57  emits 1.42  spf 27.4  z0 0.45  garr 27.4  tG 296  e2 0.33  nF 18.1  pS 0.36  ptS 0.36  fLog 0.46  pdΔ -0.1431  pkR 8.89  clip 0.20  kl +0.004
upd   14  steps   30720  sps 488  opp symm  loss +0.012  pg +0.0218  v 0.009  ev +0.91  adv_std 0.131  tR -0.20  ent[s/d/p/e] 1.81/2.15/1.12/0.56  emits 1.33  spf 28.3  z0 0.48  garr 27.8  tG 303  e2 0.31  nF 17.1  pS 0.34  ptS 0.34  fLog 0.47  pdΔ -0.1594  pkR 12.86  clip 0.18  kl +0.006
upd   15  steps   32768  sps 515  opp symm  loss -0.003  pg -0.0052  v 0.032  ev +0.75  adv_std 0.268  tR +0.09  ent[s/d/p/e] 1.62/2.02/1.14/0.49  emits 1.01  spf 29.0  z0 0.56  garr 23.1  tG 195  e2 0.23  nF 11.9  pS 0.24  ptS 0.24  fLog 0.47  pdΔ -0.2554  pkR 7.85  clip 0.15  kl +0.002
upd   16  steps   34816  sps 542  opp symm  loss +0.003  pg +0.0118  v 0.008  ev +0.86  adv_std 0.122  tR -1.00  ent[s/d/p/e] 1.26/1.76/1.16/0.44  emits 0.89  spf 23.6  z0 0.57  garr 18.1  tG 121  e2 0.19  nF 10.6  pS 0.18  ptS 0.18  fLog 0.45  pdΔ -0.3209  pkR 13.45  clip 0.23  kl +0.009
upd   17  steps   36864  sps 568  opp symm  loss +0.075  pg +0.0816  v 0.012  ev +0.88  adv_std 0.155  tR +0.00  ent[s/d/p/e] 1.33/1.75/1.19/0.50  emits 1.08  spf 21.8  z0 0.51  garr 18.5  tG 134  e2 0.26  nF 12.7  pS 0.21  ptS 0.20  fLog 0.44  pdΔ -0.2897  pkR 13.98  clip 0.25  kl +0.006
upd   18  steps   38912  sps 594  opp symm  loss -0.009  pg -0.0002  v 0.010  ev +0.92  adv_std 0.136  tR -0.50  ent[s/d/p/e] 1.45/1.85/1.17/0.53  emits 1.09  spf 24.4  z0 0.52  garr 20.6  tG 160  e2 0.26  nF 13.1  pS 0.24  ptS 0.23  fLog 0.45  pdΔ -0.2636  pkR 9.76  clip 0.16  kl +0.006
upd   19  steps   40960  sps 619  opp symm  loss +0.032  pg +0.0413  v 0.010  ev +0.93  adv_std 0.134  tR +0.33  ent[s/d/p/e] 1.57/1.96/1.19/0.55  emits 1.18  spf 27.3  z0 0.49  garr 22.9  tG 199  e2 0.29  nF 13.2  pS 0.27  ptS 0.26  fLog 0.46  pdΔ -0.2273  pkR 9.81  clip 0.26  kl +0.005
upd   20  steps   43008  sps 644  opp symm  loss +0.026  pg +0.0332  v 0.015  ev +0.91  adv_std 0.162  tR -0.14  ent[s/d/p/e] 1.57/2.00/1.22/0.57  emits 1.11  spf 27.1  z0 0.51  garr 24.3  tG 219  e2 0.26  nF 13.0  pS 0.28  ptS 0.27  fLog 0.46  pdΔ -0.2222  pkR 14.13  clip 0.24  kl +0.007
upd   21  steps   45056  sps 668  opp symm  loss +0.033  pg +0.0424  v 0.009  ev +0.94  adv_std 0.131  tR +0.20  ent[s/d/p/e] 1.60/2.01/1.17/0.57  emits 1.07  spf 28.4  z0 0.51  garr 25.1  tG 226  e2 0.27  nF 12.9  pS 0.28  ptS 0.27  fLog 0.47  pdΔ -0.2169  pkR 12.96  clip 0.15  kl +0.002
upd   22  steps   47104  sps 692  opp symm  loss +0.007  pg +0.0152  v 0.013  ev +0.91  adv_std 0.161  tR -0.33  ent[s/d/p/e] 1.62/1.99/1.20/0.57  emits 1.04  spf 28.0  z0 0.53  garr 24.8  tG 218  e2 0.24  nF 11.8  pS 0.28  ptS 0.27  fLog 0.47  pdΔ -0.2191  pkR 7.52  clip 0.10  kl +0.004
upd   23  steps   49152  sps 715  opp symm  loss +0.018  pg +0.0256  v 0.013  ev +0.93  adv_std 0.160  tR -0.50  ent[s/d/p/e] 1.56/1.91/1.18/0.56  emits 1.09  spf 28.9  z0 0.50  garr 27.5  tG 259  e2 0.26  nF 12.3  pS 0.29  ptS 0.28  fLog 0.47  pdΔ -0.2140  pkR 9.32  clip 0.20  kl +0.006
upd   24  steps   51200  sps 738  opp symm  loss +0.030  pg +0.0398  v 0.008  ev +0.96  adv_std 0.125  tR -0.50  ent[s/d/p/e] 1.58/1.97/1.19/0.56  emits 1.22  spf 28.8  z0 0.49  garr 26.1  tG 243  e2 0.29  nF 13.0  pS 0.28  ptS 0.28  fLog 0.47  pdΔ -0.2186  pkR 10.37  clip 0.23  kl +0.005
upd   25  steps   53248  sps 760  opp symm  loss +0.009  pg +0.0169  v 0.011  ev +0.95  adv_std 0.146  tR +0.00  ent[s/d/p/e] 1.63/2.02/1.15/0.55  emits 1.18  spf 28.2  z0 0.51  garr 26.5  tG 276  e2 0.27  nF 13.3  pS 0.29  ptS 0.29  fLog 0.47  pdΔ -0.2060  pkR 15.44  clip 0.22  kl +0.001
upd   26  steps   55296  sps 782  opp symm  loss +0.033  pg +0.0444  v 0.007  ev +0.97  adv_std 0.114  tR -0.33  ent[s/d/p/e] 1.72/2.12/1.16/0.56  emits 1.23  spf 27.3  z0 0.51  garr 26.1  tG 278  e2 0.28  nF 13.7  pS 0.31  ptS 0.31  fLog 0.47  pdΔ -0.1918  pkR 17.57  clip 0.31  kl +0.010
upd   27  steps   57344  sps 804  opp symm  loss +0.016  pg +0.0253  v 0.011  ev +0.96  adv_std 0.145  tR -0.50  ent[s/d/p/e] 1.79/2.14/1.26/0.58  emits 1.06  spf 33.1  z0 0.52  garr 30.8  tG 335  e2 0.26  nF 12.5  pS 0.33  ptS 0.33  fLog 0.49  pdΔ -0.1712  pkR 8.96  clip 0.12  kl -0.001
upd   28  steps   59392  sps 825  opp symm  loss +0.019  pg +0.0301  v 0.007  ev +0.97  adv_std 0.121  tR -0.33  ent[s/d/p/e] 1.73/2.08/1.22/0.59  emits 1.07  spf 36.0  z0 0.52  garr 37.4  tG 445  e2 0.26  nF 12.1  pS 0.35  ptS 0.35  fLog 0.49  pdΔ -0.1453  pkR 7.65  clip 0.13  kl +0.005
upd   29  steps   61440  sps 846  opp symm  loss +0.007  pg +0.0172  v 0.009  ev +0.96  adv_std 0.136  tR +0.60  ent[s/d/p/e] 1.70/2.07/1.25/0.57  emits 0.95  spf 38.6  z0 0.56  garr 39.4  tG 480  e2 0.22  nF 11.1  pS 0.34  ptS 0.34  fLog 0.50  pdΔ -0.1590  pkR 10.74  clip 0.16  kl -0.000
upd   30  steps   63488  sps 867  opp symm  loss -0.009  pg +0.0017  v 0.008  ev +0.96  adv_std 0.130  tR -0.25  ent[s/d/p/e] 1.67/2.11/1.27/0.58  emits 0.77  spf 38.7  z0 0.60  garr 39.2  tG 450  e2 0.18  nF 9.4  pS 0.30  ptS 0.30  fLog 0.51  pdΔ -0.1980  pkR 12.95  clip 0.12  kl +0.004
upd   31  steps   65536  sps 887  opp symm  loss -0.045  pg -0.0367  v 0.013  ev +0.93  adv_std 0.164  tR -0.23  ent[s/d/p/e] 1.55/2.08/1.27/0.55  emits 0.75  spf 40.4  z0 0.60  garr 33.2  tG 316  e2 0.17  nF 8.1  pS 0.26  ptS 0.25  fLog 0.51  pdΔ -0.2409  pkR 12.20  clip 0.07  kl +0.001
upd   32  steps   67584  sps 907  opp symm  loss -0.020  pg -0.0108  v 0.010  ev +0.96  adv_std 0.146  tR -1.00  ent[s/d/p/e] 1.60/2.11/1.26/0.58  emits 0.81  spf 40.7  z0 0.57  garr 35.2  tG 340  e2 0.19  nF 8.8  pS 0.29  ptS 0.28  fLog 0.51  pdΔ -0.2145  pkR 11.02  clip 0.13  kl +0.005
upd   33  steps   69632  sps 926  opp symm  loss +0.003  pg +0.0139  v 0.008  ev +0.97  adv_std 0.121  tR -1.00  ent[s/d/p/e] 1.68/2.18/1.24/0.59  emits 0.75  spf 42.9  z0 0.59  garr 40.3  tG 405  e2 0.18  nF 9.2  pS 0.32  ptS 0.31  fLog 0.52  pdΔ -0.1818  pkR 9.31  clip 0.16  kl +0.008
upd   34  steps   71680  sps 945  opp symm  loss -0.012  pg -0.0024  v 0.011  ev +0.96  adv_std 0.143  tR +0.60  ent[s/d/p/e] 1.75/2.21/1.24/0.61  emits 0.77  spf 44.8  z0 0.58  garr 44.8  tG 464  e2 0.18  nF 8.0  pS 0.34  ptS 0.33  fLog 0.54  pdΔ -0.1592  pkR 8.16  clip 0.14  kl +0.002
upd   35  steps   73728  sps 964  opp symm  loss -0.007  pg +0.0023  v 0.011  ev +0.96  adv_std 0.148  tR +0.33  ent[s/d/p/e] 1.69/2.13/1.21/0.60  emits 0.80  spf 46.1  z0 0.57  garr 45.4  tG 469  e2 0.19  nF 8.6  pS 0.33  ptS 0.32  fLog 0.53  pdΔ -0.1707  pkR 7.02  clip 0.09  kl +0.000
upd   36  steps   75776  sps 982  opp symm  loss +0.024  pg +0.0328  v 0.013  ev +0.95  adv_std 0.160  tR -0.20  ent[s/d/p/e] 1.64/2.14/1.18/0.58  emits 0.75  spf 45.0  z0 0.61  garr 43.4  tG 453  e2 0.16  nF 8.6  pS 0.31  ptS 0.30  fLog 0.53  pdΔ -0.1865  pkR 7.81  clip 0.14  kl +0.009
upd   37  steps   77824  sps 1000  opp symm  loss +0.009  pg +0.0177  v 0.011  ev +0.96  adv_std 0.150  tR -0.29  ent[s/d/p/e] 1.64/2.10/1.17/0.56  emits 0.74  spf 39.2  z0 0.61  garr 38.2  tG 416  e2 0.16  nF 8.5  pS 0.30  ptS 0.29  fLog 0.51  pdΔ -0.1966  pkR 9.57  clip 0.08  kl +0.000
upd   38  steps   79872  sps 1018  opp symm  loss +0.024  pg +0.0306  v 0.015  ev +0.94  adv_std 0.173  tR +0.50  ent[s/d/p/e] 1.45/1.92/1.16/0.54  emits 0.73  spf 34.8  z0 0.60  garr 33.7  tG 321  e2 0.18  nF 8.2  pS 0.27  ptS 0.26  fLog 0.50  pdΔ -0.2293  pkR 11.62  clip 0.16  kl +0.005
upd   39  steps   81920  sps 1036  opp symm  loss -0.006  pg +0.0021  v 0.010  ev +0.96  adv_std 0.145  tR -1.00  ent[s/d/p/e] 1.39/1.87/1.20/0.57  emits 0.69  spf 34.0  z0 0.61  garr 34.9  tG 324  e2 0.17  nF 8.0  pS 0.27  ptS 0.26  fLog 0.49  pdΔ -0.2326  pkR 8.72  clip 0.12  kl +0.002
upd   40  steps   83968  sps 1053  opp symm  loss -0.008  pg +0.0019  v 0.009  ev +0.96  adv_std 0.133  tR +0.60  ent[s/d/p/e] 1.49/1.96/1.24/0.58  emits 0.72  spf 34.3  z0 0.60  garr 36.5  tG 330  e2 0.17  nF 8.5  pS 0.27  ptS 0.27  fLog 0.50  pdΔ -0.2267  pkR 10.22  clip 0.08  kl +0.002
upd   41  steps   86016  sps 1070  opp symm  loss +0.002  pg +0.0098  v 0.014  ev +0.94  adv_std 0.166  tR +0.33  ent[s/d/p/e] 1.50/2.00/1.30/0.57  emits 0.66  spf 38.5  z0 0.62  garr 37.4  tG 321  e2 0.15  nF 7.7  pS 0.26  ptS 0.26  fLog 0.51  pdΔ -0.2402  pkR 12.21  clip 0.11  kl +0.001
upd   42  steps   88064  sps 1087  opp symm  loss +0.001  pg +0.0100  v 0.010  ev +0.96  adv_std 0.144  tR -0.33  ent[s/d/p/e] 1.50/2.02/1.26/0.58  emits 0.61  spf 37.0  z0 0.64  garr 45.3  tG 409  e2 0.14  nF 7.1  pS 0.28  ptS 0.28  fLog 0.51  pdΔ -0.2197  pkR 14.98  clip 0.13  kl +0.004
upd   43  steps   90112  sps 1103  opp symm  loss +0.013  pg +0.0227  v 0.010  ev +0.95  adv_std 0.147  tR -1.00  ent[s/d/p/e] 1.60/2.15/1.28/0.57  emits 0.62  spf 46.0  z0 0.64  garr 46.6  tG 382  e2 0.15  nF 6.5  pS 0.29  ptS 0.28  fLog 0.54  pdΔ -0.2135  pkR 8.12  clip 0.11  kl +0.003
upd   44  steps   92160  sps 1120  opp symm  loss +0.003  pg +0.0139  v 0.008  ev +0.97  adv_std 0.127  tR -0.50  ent[s/d/p/e] 1.61/2.14/1.32/0.60  emits 0.60  spf 49.1  z0 0.64  garr 49.8  tG 431  e2 0.14  nF 6.3  pS 0.30  ptS 0.30  fLog 0.56  pdΔ -0.1960  pkR 7.48  clip 0.12  kl +0.006
upd   45  steps   94208  sps 1136  opp symm  loss -0.021  pg -0.0107  v 0.010  ev +0.96  adv_std 0.136  tR +0.00  ent[s/d/p/e] 1.67/2.17/1.32/0.60  emits 0.62  spf 54.4  z0 0.63  garr 49.2  tG 450  e2 0.14  nF 6.2  pS 0.31  ptS 0.31  fLog 0.57  pdΔ -0.1923  pkR 9.15  clip 0.11  kl -0.001
upd   46  steps   96256  sps 1151  opp symm  loss -0.001  pg +0.0088  v 0.010  ev +0.96  adv_std 0.141  tR -0.08  ent[s/d/p/e] 1.69/2.20/1.27/0.59  emits 0.60  spf 55.8  z0 0.65  garr 48.1  tG 453  e2 0.14  nF 6.0  pS 0.31  ptS 0.31  fLog 0.57  pdΔ -0.1892  pkR 10.14  clip 0.20  kl +0.003
upd   47  steps   98304  sps 1166  opp symm  loss +0.001  pg +0.0098  v 0.012  ev +0.93  adv_std 0.155  tR +1.00  ent[s/d/p/e] 1.61/2.16/1.31/0.56  emits 0.52  spf 56.0  z0 0.66  garr 51.2  tG 475  e2 0.11  nF 5.2  pS 0.30  ptS 0.30  fLog 0.57  pdΔ -0.2008  pkR 8.04  clip 0.11  kl +0.001
upd   48  steps  100352  sps 1182  opp symm  loss +0.021  pg +0.0307  v 0.011  ev +0.94  adv_std 0.150  tR +1.00  ent[s/d/p/e] 1.61/2.10/1.32/0.59  emits 0.61  spf 53.2  z0 0.63  garr 50.2  tG 472  e2 0.14  nF 6.0  pS 0.31  ptS 0.31  fLog 0.56  pdΔ -0.1901  pkR 7.38  clip 0.13  kl +0.006
upd   49  steps  102400  sps 1197  opp symm  loss -0.004  pg +0.0063  v 0.009  ev +0.95  adv_std 0.132  tR -0.33  ent[s/d/p/e] 1.67/2.21/1.30/0.58  emits 0.52  spf 59.4  z0 0.67  garr 56.8  tG 530  e2 0.11  nF 5.3  pS 0.32  ptS 0.32  fLog 0.58  pdΔ -0.1767  pkR 6.90  clip 0.09  kl +0.003
upd   50  steps  104448  sps 1212  opp symm  loss -0.016  pg -0.0064  v 0.012  ev +0.94  adv_std 0.147  tR +0.50  ent[s/d/p/e] 1.69/2.25/1.28/0.59  emits 0.48  spf 65.3  z0 0.70  garr 62.8  tG 593  e2 0.10  nF 4.5  pS 0.33  ptS 0.32  fLog 0.60  pdΔ -0.1726  pkR 6.75  clip 0.11  kl +0.004
upd   51  steps  106496  sps 1226  opp symm  loss +0.017  pg +0.0282  v 0.010  ev +0.95  adv_std 0.136  tR -0.60  ent[s/d/p/e] 1.76/2.34/1.35/0.59  emits 0.52  spf 68.3  z0 0.67  garr 63.6  tG 586  e2 0.11  nF 4.9  pS 0.33  ptS 0.32  fLog 0.61  pdΔ -0.1679  pkR 6.63  clip 0.10  kl +0.002
upd   52  steps  108544  sps 1240  opp symm  loss +0.008  pg +0.0190  v 0.010  ev +0.95  adv_std 0.144  tR -0.33  ent[s/d/p/e] 1.76/2.33/1.37/0.58  emits 0.44  spf 70.1  z0 0.69  garr 69.4  tG 646  e2 0.10  nF 4.3  pS 0.35  ptS 0.34  fLog 0.61  pdΔ -0.1540  pkR 5.41  clip 0.05  kl +0.001
upd   53  steps  110592  sps 1255  opp symm  loss +0.028  pg +0.0371  v 0.012  ev +0.93  adv_std 0.146  tR +0.43  ent[s/d/p/e] 1.64/2.28/1.30/0.55  emits 0.43  spf 61.8  z0 0.70  garr 60.6  tG 532  e2 0.09  nF 3.9  pS 0.31  ptS 0.30  fLog 0.60  pdΔ -0.1874  pkR 6.84  clip 0.11  kl +0.006
upd   54  steps  112640  sps 1268  opp symm  loss +0.013  pg +0.0224  v 0.011  ev +0.93  adv_std 0.151  tR +0.00  ent[s/d/p/e] 1.54/2.24/1.38/0.55  emits 0.37  spf 64.3  z0 0.73  garr 67.5  tG 571  e2 0.07  nF 3.9  pS 0.31  ptS 0.30  fLog 0.60  pdΔ -0.1873  pkR 6.04  clip 0.09  kl +0.002
upd   55  steps  114688  sps 1282  opp symm  loss -0.040  pg -0.0279  v 0.008  ev +0.96  adv_std 0.117  tR -1.00  ent[s/d/p/e] 1.63/2.31/1.39/0.53  emits 0.32  spf 76.0  z0 0.76  garr 77.2  tG 627  e2 0.06  nF 3.1  pS 0.31  ptS 0.30  fLog 0.63  pdΔ -0.1881  pkR 6.53  clip 0.06  kl +0.002
upd   56  steps  116736  sps 1296  opp symm  loss -0.022  pg -0.0120  v 0.011  ev +0.94  adv_std 0.151  tR -0.20  ent[s/d/p/e] 1.71/2.36/1.41/0.56  emits 0.35  spf 91.3  z0 0.74  garr 86.4  tG 714  e2 0.07  nF 3.2  pS 0.32  ptS 0.31  fLog 0.65  pdΔ -0.1807  pkR 6.44  clip 0.08  kl +0.002
upd   57  steps  118784  sps 1309  opp symm  loss -0.007  pg +0.0039  v 0.010  ev +0.95  adv_std 0.138  tR +0.00  ent[s/d/p/e] 1.76/2.37/1.39/0.55  emits 0.39  spf 83.5  z0 0.72  garr 84.5  tG 712  e2 0.08  nF 3.4  pS 0.33  ptS 0.32  fLog 0.64  pdΔ -0.1742  pkR 6.51  clip 0.03  kl +0.001
upd   58  steps  120832  sps 1322  opp symm  loss -0.017  pg -0.0063  v 0.011  ev +0.94  adv_std 0.140  tR +1.00  ent[s/d/p/e] 1.70/2.35/1.41/0.50  emits 0.35  spf 83.0  z0 0.76  garr 85.2  tG 715  e2 0.07  nF 3.4  pS 0.33  ptS 0.32  fLog 0.64  pdΔ -0.1707  pkR 6.06  clip 0.11  kl +0.006
upd   59  steps  122880  sps 1335  opp symm  loss -0.030  pg -0.0173  v 0.007  ev +0.96  adv_std 0.113  tR +1.00  ent[s/d/p/e] 1.70/2.34/1.49/0.54  emits 0.30  spf 86.9  z0 0.77  garr 92.9  tG 785  e2 0.05  nF 3.1  pS 0.34  ptS 0.33  fLog 0.65  pdΔ -0.1640  pkR 6.42  clip 0.07  kl +0.003
upd   60  steps  124928  sps 1348  opp symm  loss -0.028  pg -0.0162  v 0.009  ev +0.95  adv_std 0.129  tR -0.50  ent[s/d/p/e] 1.71/2.36/1.53/0.53  emits 0.30  spf 96.2  z0 0.77  garr 103.5  tG 922  e2 0.05  nF 2.9  pS 0.35  ptS 0.34  fLog 0.67  pdΔ -0.1509  pkR 6.25  clip 0.04  kl +0.000
upd   61  steps  126976  sps 1361  opp symm  loss -0.051  pg -0.0389  v 0.006  ev +0.97  adv_std 0.104  tR +0.50  ent[s/d/p/e] 1.66/2.34/1.41/0.52  emits 0.29  spf 109.3  z0 0.79  garr 111.7  tG 1025  e2 0.05  nF 2.7  pS 0.35  ptS 0.34  fLog 0.67  pdΔ -0.1516  pkR 6.34  clip 0.04  kl +0.001
upd   62  steps  129024  sps 1373  opp symm  loss +0.005  pg +0.0146  v 0.011  ev +0.92  adv_std 0.146  tR -0.09  ent[s/d/p/e] 1.52/2.30/1.46/0.45  emits 0.27  spf 97.9  z0 0.80  garr 94.0  tG 810  e2 0.05  nF 2.5  pS 0.29  ptS 0.28  fLog 0.66  pdΔ -0.2092  pkR 6.68  clip 0.10  kl +0.002
upd   63  steps  131072  sps 1385  opp symm  loss +0.024  pg +0.0357  v 0.007  ev +0.95  adv_std 0.115  tR +0.33  ent[s/d/p/e] 1.38/2.19/1.45/0.49  emits 0.32  spf 77.4  z0 0.76  garr 87.8  tG 761  e2 0.06  nF 2.7  pS 0.29  ptS 0.29  fLog 0.63  pdΔ -0.2087  pkR 7.52  clip 0.06  kl +0.002
upd   64  steps  133120  sps 1397  opp symm  loss +0.026  pg +0.0362  v 0.009  ev +0.94  adv_std 0.127  tR +1.00  ent[s/d/p/e] 1.42/2.14/1.36/0.47  emits 0.32  spf 72.2  z0 0.77  garr 87.9  tG 735  e2 0.06  nF 3.1  pS 0.29  ptS 0.29  fLog 0.61  pdΔ -0.2112  pkR 5.04  clip 0.04  kl +0.002
upd   65  steps  135168  sps 1409  opp symm  loss -0.022  pg -0.0104  v 0.008  ev +0.95  adv_std 0.124  tR -0.50  ent[s/d/p/e] 1.51/2.29/1.42/0.45  emits 0.23  spf 92.0  z0 0.82  garr 97.0  tG 809  e2 0.04  nF 2.8  pS 0.30  ptS 0.30  fLog 0.64  pdΔ -0.1998  pkR 5.36  clip 0.09  kl -0.001
upd   66  steps  137216  sps 1421  opp symm  loss -0.021  pg -0.0093  v 0.008  ev +0.95  adv_std 0.127  tR -1.00  ent[s/d/p/e] 1.47/2.29/1.51/0.49  emits 0.23  spf 91.9  z0 0.81  garr 107.2  tG 918  e2 0.04  nF 2.3  pS 0.30  ptS 0.30  fLog 0.65  pdΔ -0.1987  pkR 4.27  clip 0.15  kl +0.009
upd   67  steps  139264  sps 1433  opp symm  loss +0.006  pg +0.0178  v 0.007  ev +0.96  adv_std 0.117  tR +0.33  ent[s/d/p/e] 1.59/2.33/1.45/0.47  emits 0.29  spf 103.5  z0 0.78  garr 106.0  tG 913  e2 0.05  nF 2.6  pS 0.30  ptS 0.30  fLog 0.66  pdΔ -0.2009  pkR 4.42  clip 0.10  kl +0.003
upd   68  steps  141312  sps 1444  opp symm  loss -0.037  pg -0.0284  v 0.013  ev +0.93  adv_std 0.152  tR +0.54  ent[s/d/p/e] 1.46/2.27/1.56/0.48  emits 0.25  spf 100.0  z0 0.80  garr 102.4  tG 799  e2 0.04  nF 2.7  pS 0.27  ptS 0.27  fLog 0.64  pdΔ -0.2253  pkR 5.28  clip 0.07  kl +0.001
upd   69  steps  143360  sps 1455  opp symm  loss -0.039  pg -0.0286  v 0.010  ev +0.94  adv_std 0.139  tR +0.00  ent[s/d/p/e] 1.30/2.25/1.59/0.49  emits 0.26  spf 85.6  z0 0.80  garr 88.1  tG 598  e2 0.04  nF 2.5  pS 0.24  ptS 0.24  fLog 0.63  pdΔ -0.2552  pkR 6.46  clip 0.06  kl +0.003
upd   70  steps  145408  sps 1467  opp symm  loss -0.010  pg +0.0018  v 0.007  ev +0.96  adv_std 0.111  tR +0.00  ent[s/d/p/e] 1.38/2.23/1.53/0.47  emits 0.29  spf 73.7  z0 0.78  garr 75.0  tG 510  e2 0.05  nF 2.8  pS 0.25  ptS 0.25  fLog 0.62  pdΔ -0.2502  pkR 5.89  clip 0.09  kl +0.003
upd   71  steps  147456  sps 1478  opp symm  loss +0.016  pg +0.0273  v 0.009  ev +0.95  adv_std 0.132  tR +0.00  ent[s/d/p/e] 1.47/2.29/1.60/0.48  emits 0.27  spf 71.8  z0 0.80  garr 76.2  tG 540  e2 0.04  nF 2.9  pS 0.27  ptS 0.27  fLog 0.63  pdΔ -0.2277  pkR 5.34  clip 0.06  kl +0.002
upd   72  steps  149504  sps 1488  opp symm  loss -0.057  pg -0.0433  v 0.004  ev +0.98  adv_std 0.083  tR -0.20  ent[s/d/p/e] 1.50/2.38/1.61/0.47  emits 0.23  spf 83.0  z0 0.82  garr 83.9  tG 570  e2 0.04  nF 2.3  pS 0.27  ptS 0.27  fLog 0.66  pdΔ -0.2265  pkR 4.90  clip 0.05  kl +0.003
upd   73  steps  151552  sps 1499  opp symm  loss -0.033  pg -0.0199  v 0.007  ev +0.97  adv_std 0.106  tR -1.00  ent[s/d/p/e] 1.61/2.41/1.59/0.48  emits 0.25  spf 89.1  z0 0.82  garr 95.5  tG 653  e2 0.05  nF 2.4  pS 0.29  ptS 0.28  fLog 0.67  pdΔ -0.2116  pkR 3.98  clip 0.04  kl +0.001
upd   74  steps  153600  sps 1510  opp symm  loss -0.009  pg +0.0026  v 0.008  ev +0.96  adv_std 0.118  tR +0.00  ent[s/d/p/e] 1.52/2.29/1.56/0.45  emits 0.22  spf 89.4  z0 0.82  garr 96.0  tG 719  e2 0.03  nF 2.1  pS 0.30  ptS 0.30  fLog 0.66  pdΔ -0.1957  pkR 5.00  clip 0.05  kl +0.001
upd   75  steps  155648  sps 1520  opp symm  loss -0.001  pg +0.0123  v 0.006  ev +0.97  adv_std 0.104  tR +0.50  ent[s/d/p/e] 1.62/2.33/1.56/0.46  emits 0.26  spf 94.7  z0 0.79  garr 103.9  tG 805  e2 0.04  nF 2.2  pS 0.31  ptS 0.31  fLog 0.67  pdΔ -0.1855  pkR 4.98  clip 0.04  kl +0.000
upd   76  steps  157696  sps 1531  opp symm  loss +0.011  pg +0.0251  v 0.004  ev +0.98  adv_std 0.088  tR -1.00  ent[s/d/p/e] 1.54/2.31/1.63/0.42  emits 0.20  spf 105.9  z0 0.84  garr 109.6  tG 835  e2 0.03  nF 2.0  pS 0.31  ptS 0.30  fLog 0.69  pdΔ -0.1898  pkR 4.19  clip 0.03  kl -0.000
upd   77  steps  159744  sps 1541  opp symm  loss -0.002  pg +0.0077  v 0.012  ev +0.94  adv_std 0.146  tR +0.00  ent[s/d/p/e] 1.45/2.34/1.66/0.42  emits 0.19  spf 102.2  z0 0.84  garr 115.8  tG 890  e2 0.03  nF 1.8  pS 0.30  ptS 0.29  fLog 0.68  pdΔ -0.1950  pkR 4.01  clip 0.03  kl +0.002
upd   78  steps  161792  sps 1551  opp symm  loss -0.039  pg -0.0265  v 0.005  ev +0.97  adv_std 0.096  tR -1.00  ent[s/d/p/e] 1.42/2.32/1.60/0.40  emits 0.19  spf 93.3  z0 0.85  garr 110.5  tG 849  e2 0.03  nF 2.1  pS 0.28  ptS 0.28  fLog 0.66  pdΔ -0.2194  pkR 5.17  clip 0.06  kl +0.002
upd   79  steps  163840  sps 1561  opp symm  loss -0.011  pg +0.0024  v 0.006  ev +0.97  adv_std 0.100  tR +1.00  ent[s/d/p/e] 1.49/2.41/1.73/0.45  emits 0.17  spf 104.4  z0 0.86  garr 126.6  tG 994  e2 0.02  nF 1.7  pS 0.30  ptS 0.29  fLog 0.69  pdΔ -0.2026  pkR 5.57  clip 0.05  kl +0.004
upd   80  steps  165888  sps 1571  opp symm  loss -0.032  pg -0.0192  v 0.007  ev +0.96  adv_std 0.115  tR -1.00  ent[s/d/p/e] 1.57/2.43/1.71/0.42  emits 0.21  spf 123.8  z0 0.83  garr 128.4  tG 1026  e2 0.03  nF 1.8  pS 0.30  ptS 0.30  fLog 0.71  pdΔ -0.2014  pkR 6.00  clip 0.05  kl +0.001
upd   81  steps  167936  sps 1580  opp symm  loss -0.031  pg -0.0189  v 0.008  ev +0.96  adv_std 0.117  tR -0.33  ent[s/d/p/e] 1.55/2.37/1.72/0.45  emits 0.21  spf 101.3  z0 0.83  garr 121.0  tG 969  e2 0.03  nF 1.9  pS 0.30  ptS 0.30  fLog 0.67  pdΔ -0.1980  pkR 5.79  clip 0.06  kl +0.000
upd   82  steps  169984  sps 1590  opp symm  loss -0.036  pg -0.0225  v 0.007  ev +0.96  adv_std 0.113  tR +0.33  ent[s/d/p/e] 1.61/2.44/1.76/0.43  emits 0.23  spf 113.3  z0 0.81  garr 120.8  tG 934  e2 0.04  nF 2.1  pS 0.30  ptS 0.29  fLog 0.71  pdΔ -0.1978  pkR 5.02  clip 0.04  kl +0.002
upd   83  steps  172032  sps 1599  opp symm  loss -0.042  pg -0.0290  v 0.008  ev +0.97  adv_std 0.116  tR -1.00  ent[s/d/p/e] 1.63/2.36/1.71/0.45  emits 0.23  spf 118.0  z0 0.82  garr 116.2  tG 938  e2 0.03  nF 2.0  pS 0.31  ptS 0.30  fLog 0.69  pdΔ -0.1879  pkR 4.46  clip 0.06  kl -0.000
upd   84  steps  174080  sps 1609  opp symm  loss -0.020  pg -0.0085  v 0.011  ev +0.94  adv_std 0.139  tR -0.11  ent[s/d/p/e] 1.55/2.36/1.68/0.47  emits 0.25  spf 97.0  z0 0.80  garr 108.1  tG 903  e2 0.04  nF 2.2  pS 0.30  ptS 0.29  fLog 0.67  pdΔ -0.1995  pkR 5.19  clip 0.06  kl +0.003
upd   85  steps  176128  sps 1618  opp symm  loss -0.024  pg -0.0122  v 0.010  ev +0.95  adv_std 0.137  tR +1.00  ent[s/d/p/e] 1.56/2.33/1.68/0.46  emits 0.25  spf 100.8  z0 0.81  garr 106.4  tG 891  e2 0.04  nF 2.3  pS 0.30  ptS 0.30  fLog 0.67  pdΔ -0.1958  pkR 4.34  clip 0.07  kl +0.003
upd   86  steps  178176  sps 1627  opp symm  loss -0.005  pg +0.0057  v 0.012  ev +0.94  adv_std 0.144  tR +0.00  ent[s/d/p/e] 1.59/2.37/1.70/0.47  emits 0.24  spf 96.8  z0 0.81  garr 107.5  tG 892  e2 0.04  nF 2.4  pS 0.31  ptS 0.30  fLog 0.66  pdΔ -0.1930  pkR 4.83  clip 0.06  kl +0.001
upd   87  steps  180224  sps 1636  opp symm  loss +0.005  pg +0.0169  v 0.009  ev +0.96  adv_std 0.125  tR +1.00  ent[s/d/p/e] 1.54/2.36/1.77/0.44  emits 0.22  spf 99.0  z0 0.82  garr 120.3  tG 1018  e2 0.03  nF 2.3  pS 0.33  ptS 0.31  fLog 0.67  pdΔ -0.1741  pkR 4.37  clip 0.06  kl +0.001
upd   88  steps  182272  sps 1645  opp symm  loss +0.002  pg +0.0142  v 0.009  ev +0.96  adv_std 0.132  tR -0.33  ent[s/d/p/e] 1.57/2.34/1.69/0.41  emits 0.21  spf 109.1  z0 0.83  garr 125.4  tG 1096  e2 0.03  nF 2.1  pS 0.33  ptS 0.32  fLog 0.68  pdΔ -0.1719  pkR 4.17  clip 0.06  kl +0.003
upd   89  steps  184320  sps 1654  opp symm  loss +0.011  pg +0.0227  v 0.010  ev +0.97  adv_std 0.126  tR +0.33  ent[s/d/p/e] 1.74/2.43/1.69/0.45  emits 0.19  spf 135.3  z0 0.84  garr 146.0  tG 1273  e2 0.02  nF 1.6  pS 0.33  ptS 0.33  fLog 0.72  pdΔ -0.1658  pkR 4.59  clip 0.07  kl +0.003
upd   90  steps  186368  sps 1663  opp symm  loss +0.045  pg +0.0560  v 0.011  ev +0.96  adv_std 0.148  tR -0.33  ent[s/d/p/e] 1.68/2.40/1.67/0.38  emits 0.19  spf 151.7  z0 0.84  garr 151.0  tG 1337  e2 0.03  nF 1.6  pS 0.34  ptS 0.33  fLog 0.73  pdΔ -0.1627  pkR 4.79  clip 0.11  kl +0.005
upd   91  steps  188416  sps 1671  opp symm  loss +0.012  pg +0.0243  v 0.009  ev +0.97  adv_std 0.126  tR +0.50  ent[s/d/p/e] 1.64/2.36/1.72/0.41  emits 0.16  spf 133.8  z0 0.86  garr 153.8  tG 1342  e2 0.02  nF 1.4  pS 0.33  ptS 0.32  fLog 0.71  pdΔ -0.1720  pkR 4.61  clip 0.04  kl +0.002
upd   92  steps  190464  sps 1680  opp symm  loss +0.025  pg +0.0352  v 0.013  ev +0.95  adv_std 0.151  tR +1.00  ent[s/d/p/e] 1.61/2.40/1.70/0.39  emits 0.18  spf 123.6  z0 0.85  garr 158.7  tG 1317  e2 0.02  nF 1.6  pS 0.32  ptS 0.31  fLog 0.70  pdΔ -0.1832  pkR 4.71  clip 0.05  kl +0.001
upd   93  steps  192512  sps 1688  opp symm  loss +0.003  pg +0.0130  v 0.011  ev +0.96  adv_std 0.143  tR +0.56  ent[s/d/p/e] 1.44/2.28/1.68/0.39  emits 0.16  spf 109.1  z0 0.87  garr 144.4  tG 1125  e2 0.02  nF 1.5  pS 0.28  ptS 0.27  fLog 0.68  pdΔ -0.2183  pkR 5.39  clip 0.05  kl +0.000
upd   94  steps  194560  sps 1697  opp symm  loss -0.007  pg +0.0045  v 0.008  ev +0.97  adv_std 0.118  tR +1.00  ent[s/d/p/e] 1.44/2.29/1.69/0.38  emits 0.16  spf 116.9  z0 0.86  garr 151.2  tG 1192  e2 0.02  nF 1.4  pS 0.28  ptS 0.27  fLog 0.69  pdΔ -0.2177  pkR 6.07  clip 0.03  kl +0.001
upd   95  steps  196608  sps 1705  opp symm  loss -0.045  pg -0.0332  v 0.009  ev +0.97  adv_std 0.127  tR +0.50  ent[s/d/p/e] 1.40/2.26/1.73/0.39  emits 0.15  spf 113.1  z0 0.88  garr 162.8  tG 1225  e2 0.02  nF 1.4  pS 0.28  ptS 0.27  fLog 0.69  pdΔ -0.2246  pkR 6.58  clip 0.02  kl +0.002
upd   96  steps  198656  sps 1713  opp symm  loss +0.010  pg +0.0221  v 0.008  ev +0.97  adv_std 0.123  tR +0.25  ent[s/d/p/e] 1.36/2.30/1.70/0.38  emits 0.16  spf 134.9  z0 0.87  garr 164.9  tG 1220  e2 0.02  nF 1.4  pS 0.27  ptS 0.27  fLog 0.70  pdΔ -0.2270  pkR 7.00  clip 0.04  kl -0.000
upd   97  steps  200704  sps 1721  opp symm  loss -0.012  pg -0.0008  v 0.008  ev +0.97  adv_std 0.126  tR -1.00  ent[s/d/p/e] 1.38/2.34/1.71/0.34  emits 0.14  spf 126.3  z0 0.87  garr 159.6  tG 1155  e2 0.01  nF 1.4  pS 0.26  ptS 0.26  fLog 0.69  pdΔ -0.2356  pkR 7.52  clip 0.03  kl +0.000
upd   98  steps  202752  sps 1729  opp symm  loss -0.025  pg -0.0131  v 0.008  ev +0.97  adv_std 0.126  tR -0.33  ent[s/d/p/e] 1.45/2.37/1.70/0.37  emits 0.14  spf 116.3  z0 0.89  garr 170.8  tG 1261  e2 0.02  nF 1.3  pS 0.28  ptS 0.28  fLog 0.70  pdΔ -0.2203  pkR 6.60  clip 0.04  kl +0.001
[eval_vs_v20] u99 tag=train_u99  bin0=0.0%  spf=0.00  garr=128.50  flip=0.00%  z0=71.9%  e8=0.0%  e2+=0.0%  WLD=0/3/0
upd   99  steps  204800  sps 1737  opp symm  loss -0.059  pg -0.0493  v 0.012  ev +0.95  adv_std 0.151  tR -0.27  ent[s/d/p/e] 1.38/2.30/1.71/0.36  emits 0.13  spf 116.7  z0 0.89  garr 159.8  tG 1158  e2 0.02  nF 1.2  pS 0.27  ptS 0.27  fLog 0.69  pdΔ -0.2304  pkR 7.15  clip 0.02  kl +0.000 WRr 1.00 v20[spf 0.0 flip 0.0% e2+ 0.0%]
upd  100  steps  206848  sps 942  opp symm  loss -0.012  pg -0.0022  v 0.012  ev +0.95  adv_std 0.157  tR +0.00  ent[s/d/p/e] 1.31/2.27/1.72/0.39  emits 0.16  spf 91.4  z0 0.88  garr 134.2  tG 895  e2 0.02  nF 1.5  pS 0.25  ptS 0.24  fLog 0.65  pdΔ -0.2506  pkR 6.07  clip 0.04  kl +0.001
upd  101  steps  208896  sps 948  opp symm  loss -0.027  pg -0.0183  v 0.014  ev +0.95  adv_std 0.167  tR -1.00  ent[s/d/p/e] 1.36/2.26/1.64/0.39  emits 0.18  spf 96.7  z0 0.85  garr 136.2  tG 933  e2 0.02  nF 1.7  pS 0.27  ptS 0.26  fLog 0.66  pdΔ -0.2347  pkR 6.07  clip 0.06  kl +0.002
upd  102  steps  210944  sps 955  opp symm  loss -0.034  pg -0.0230  v 0.010  ev +0.97  adv_std 0.131  tR +1.00  ent[s/d/p/e] 1.52/2.31/1.62/0.38  emits 0.17  spf 98.2  z0 0.86  garr 148.8  tG 1051  e2 0.02  nF 1.6  pS 0.29  ptS 0.28  fLog 0.67  pdΔ -0.2143  pkR 5.99  clip 0.05  kl +0.002
upd  103  steps  212992  sps 961  opp symm  loss +0.027  pg +0.0367  v 0.011  ev +0.96  adv_std 0.144  tR -0.50  ent[s/d/p/e] 1.42/2.20/1.60/0.34  emits 0.15  spf 89.9  z0 0.86  garr 144.7  tG 1015  e2 0.01  nF 1.6  pS 0.28  ptS 0.28  fLog 0.66  pdΔ -0.2153  pkR 4.11  clip 0.07  kl +0.003
upd  104  steps  215040  sps 968  opp symm  loss +0.022  pg +0.0326  v 0.009  ev +0.97  adv_std 0.127  tR +0.33  ent[s/d/p/e] 1.33/2.14/1.58/0.34  emits 0.13  spf 89.5  z0 0.89  garr 155.5  tG 1113  e2 0.02  nF 1.6  pS 0.29  ptS 0.28  fLog 0.65  pdΔ -0.2094  pkR 4.55  clip 0.04  kl +0.001
upd  105  steps  217088  sps 974  opp symm  loss -0.044  pg -0.0315  v 0.006  ev +0.98  adv_std 0.101  tR -0.50  ent[s/d/p/e] 1.39/2.29/1.64/0.31  emits 0.11  spf 90.4  z0 0.90  garr 178.4  tG 1337  e2 0.01  nF 1.2  pS 0.30  ptS 0.30  fLog 0.66  pdΔ -0.1989  pkR 4.61  clip 0.03  kl -0.000
upd  106  steps  219136  sps 980  opp symm  loss +0.052  pg +0.0624  v 0.008  ev +0.97  adv_std 0.122  tR -1.00  ent[s/d/p/e] 1.48/2.26/1.48/0.31  emits 0.12  spf 110.9  z0 0.90  garr 200.1  tG 1606  e2 0.01  nF 1.2  pS 0.31  ptS 0.31  fLog 0.67  pdΔ -0.1852  pkR 4.48  clip 0.03  kl -0.001
upd  107  steps  221184  sps 987  opp symm  loss +0.004  pg +0.0137  v 0.009  ev +0.97  adv_std 0.129  tR +1.00  ent[s/d/p/e] 1.40/2.23/1.45/0.32  emits 0.12  spf 121.2  z0 0.89  garr 222.9  tG 1788  e2 0.01  nF 1.0  pS 0.31  ptS 0.31  fLog 0.68  pdΔ -0.1853  pkR 4.41  clip 0.03  kl -0.000
upd  108  steps  223232  sps 993  opp symm  loss +0.056  pg +0.0655  v 0.009  ev +0.97  adv_std 0.132  tR +0.00  ent[s/d/p/e] 1.46/2.18/1.47/0.32  emits 0.14  spf 123.2  z0 0.88  garr 227.0  tG 1850  e2 0.02  nF 1.1  pS 0.32  ptS 0.31  fLog 0.68  pdΔ -0.1835  pkR 4.29  clip 0.03  kl +0.000
upd  109  steps  225280  sps 999  opp symm  loss +0.005  pg +0.0151  v 0.007  ev +0.97  adv_std 0.118  tR -1.00  ent[s/d/p/e] 1.25/2.08/1.48/0.31  emits 0.12  spf 113.7  z0 0.89  garr 221.0  tG 1743  e2 0.01  nF 1.0  pS 0.29  ptS 0.29  fLog 0.66  pdΔ -0.2061  pkR 4.43  clip 0.02  kl +0.001
upd  110  steps  227328  sps 1005  opp symm  loss -0.028  pg -0.0170  v 0.007  ev +0.98  adv_std 0.113  tR -0.33  ent[s/d/p/e] 1.48/2.20/1.42/0.35  emits 0.12  spf 137.0  z0 0.89  garr 242.5  tG 1915  e2 0.01  nF 1.0  pS 0.31  ptS 0.30  fLog 0.70  pdΔ -0.1910  pkR 4.65  clip 0.03  kl +0.001
upd  111  steps  229376  sps 1012  opp symm  loss -0.041  pg -0.0318  v 0.010  ev +0.97  adv_std 0.131  tR +0.00  ent[s/d/p/e] 1.45/2.19/1.48/0.37  emits 0.14  spf 140.0  z0 0.88  garr 246.7  tG 1962  e2 0.02  nF 1.1  pS 0.32  ptS 0.31  fLog 0.70  pdΔ -0.1792  pkR 4.73  clip 0.05  kl +0.000
upd  112  steps  231424  sps 1018  opp symm  loss -0.039  pg -0.0289  v 0.008  ev +0.97  adv_std 0.121  tR +0.00  ent[s/d/p/e] 1.40/2.15/1.49/0.39  emits 0.16  spf 127.6  z0 0.87  garr 235.3  tG 1854  e2 0.02  nF 1.4  pS 0.32  ptS 0.31  fLog 0.68  pdΔ -0.1764  pkR 5.07  clip 0.04  kl +0.000
upd  113  steps  233472  sps 1024  opp symm  loss +0.049  pg +0.0603  v 0.008  ev +0.97  adv_std 0.124  tR -1.00  ent[s/d/p/e] 1.47/2.14/1.50/0.39  emits 0.19  spf 122.1  z0 0.85  garr 226.9  tG 1843  e2 0.03  nF 1.6  pS 0.34  ptS 0.32  fLog 0.67  pdΔ -0.1643  pkR 5.18  clip 0.04  kl -0.001
upd  114  steps  235520  sps 1030  opp symm  loss -0.014  pg -0.0017  v 0.005  ev +0.98  adv_std 0.094  tR +1.00  ent[s/d/p/e] 1.50/2.15/1.59/0.35  emits 0.15  spf 130.2  z0 0.88  garr 237.6  tG 1947  e2 0.01  nF 1.4  pS 0.34  ptS 0.33  fLog 0.69  pdΔ -0.1555  pkR 4.94  clip 0.04  kl -0.000
upd  115  steps  237568  sps 1036  opp symm  loss -0.014  pg -0.0045  v 0.011  ev +0.94  adv_std 0.149  tR -0.33  ent[s/d/p/e] 1.37/1.98/1.66/0.33  emits 0.15  spf 114.6  z0 0.88  garr 199.0  tG 1569  e2 0.02  nF 1.3  pS 0.31  ptS 0.30  fLog 0.68  pdΔ -0.1889  pkR 6.07  clip 0.02  kl +0.001
upd  116  steps  239616  sps 1042  opp symm  loss -0.018  pg -0.0074  v 0.008  ev +0.96  adv_std 0.123  tR +0.00  ent[s/d/p/e] 1.28/1.93/1.61/0.34  emits 0.14  spf 102.3  z0 0.88  garr 191.6  tG 1501  e2 0.02  nF 1.5  pS 0.30  ptS 0.29  fLog 0.65  pdΔ -0.2002  pkR 5.69  clip 0.03  kl +0.002
upd  117  steps  241664  sps 1048  opp symm  loss -0.041  pg -0.0304  v 0.007  ev +0.96  adv_std 0.118  tR +0.00  ent[s/d/p/e] 1.42/2.10/1.56/0.39  emits 0.14  spf 115.4  z0 0.88  garr 199.9  tG 1576  e2 0.02  nF 1.4  pS 0.30  ptS 0.30  fLog 0.68  pdΔ -0.1957  pkR 5.54  clip 0.04  kl +0.003
upd  118  steps  243712  sps 1054  opp symm  loss -0.015  pg -0.0074  v 0.015  ev +0.92  adv_std 0.174  tR -0.33  ent[s/d/p/e] 1.36/2.05/1.58/0.39  emits 0.16  spf 113.3  z0 0.87  garr 206.7  tG 1591  e2 0.03  nF 1.4  pS 0.31  ptS 0.30  fLog 0.67  pdΔ -0.1932  pkR 5.37  clip 0.03  kl +0.000
upd  119  steps  245760  sps 1060  opp symm  loss +0.021  pg +0.0285  v 0.013  ev +0.94  adv_std 0.153  tR +0.33  ent[s/d/p/e] 1.31/1.95/1.50/0.39  emits 0.20  spf 103.4  z0 0.84  garr 185.3  tG 1439  e2 0.03  nF 1.7  pS 0.31  ptS 0.30  fLog 0.65  pdΔ -0.1949  pkR 5.06  clip 0.06  kl +0.004
upd  120  steps  247808  sps 1066  opp symm  loss +0.014  pg +0.0238  v 0.009  ev +0.96  adv_std 0.129  tR +1.00  ent[s/d/p/e] 1.41/2.03/1.52/0.39  emits 0.17  spf 109.8  z0 0.86  garr 187.3  tG 1463  e2 0.03  nF 1.6  pS 0.32  ptS 0.31  fLog 0.68  pdΔ -0.1805  pkR 4.70  clip 0.03  kl +0.002
upd  121  steps  249856  sps 1071  opp symm  loss +0.045  pg +0.0544  v 0.011  ev +0.95  adv_std 0.149  tR -1.00  ent[s/d/p/e] 1.55/2.07/1.50/0.36  emits 0.18  spf 107.1  z0 0.85  garr 192.0  tG 1460  e2 0.03  nF 1.6  pS 0.33  ptS 0.32  fLog 0.69  pdΔ -0.1745  pkR 4.29  clip 0.05  kl +0.001
upd  122  steps  251904  sps 1077  opp symm  loss +0.002  pg +0.0107  v 0.011  ev +0.95  adv_std 0.142  tR -0.50  ent[s/d/p/e] 1.50/2.01/1.41/0.35  emits 0.14  spf 111.2  z0 0.89  garr 206.6  tG 1587  e2 0.02  nF 1.4  pS 0.33  ptS 0.32  fLog 0.70  pdΔ -0.1717  pkR 4.17  clip 0.03  kl +0.001
upd  123  steps  253952  sps 1083  opp symm  loss -0.011  pg -0.0007  v 0.008  ev +0.97  adv_std 0.120  tR -0.50  ent[s/d/p/e] 1.58/2.06/1.42/0.36  emits 0.15  spf 120.3  z0 0.88  garr 225.6  tG 1776  e2 0.02  nF 1.2  pS 0.34  ptS 0.33  fLog 0.71  pdΔ -0.1596  pkR 3.63  clip 0.03  kl -0.001
upd  124  steps  256000  sps 1089  opp symm  loss -0.011  pg -0.0077  v 0.018  ev +0.91  adv_std 0.191  tR +0.25  ent[s/d/p/e] 1.29/1.87/1.30/0.36  emits 0.16  spf 94.7  z0 0.87  garr 213.8  tG 1682  e2 0.02  nF 1.2  pS 0.32  ptS 0.31  fLog 0.66  pdΔ -0.1779  pkR 4.16  clip 0.05  kl +0.001
upd  125  steps  258048  sps 1094  opp symm  loss -0.004  pg +0.0056  v 0.008  ev +0.96  adv_std 0.119  tR +1.00  ent[s/d/p/e] 1.43/2.01/1.41/0.36  emits 0.18  spf 115.0  z0 0.86  garr 218.2  tG 1721  e2 0.03  nF 1.5  pS 0.34  ptS 0.32  fLog 0.69  pdΔ -0.1649  pkR 4.64  clip 0.06  kl +0.003
upd  126  steps  260096  sps 1100  opp symm  loss +0.023  pg +0.0326  v 0.010  ev +0.96  adv_std 0.138  tR -0.50  ent[s/d/p/e] 1.44/1.99/1.44/0.38  emits 0.18  spf 108.6  z0 0.86  garr 229.1  tG 1818  e2 0.03  nF 1.6  pS 0.35  ptS 0.33  fLog 0.68  pdΔ -0.1517  pkR 4.82  clip 0.03  kl -0.000