
=== [2026-06-10T23:20:43Z] v14d_binary_v2_a_p0i2_ORBITWARS_SHAPING_ONE_SHIP_PENALTY_0.04_7b50688ef3 phase=a kind=probe chunk=400 env={"ORBITWARS_SHAPING_HOLD_BONUS": 0.004, "ORBITWARS_SHAPING_CAPTURE": 0.04, "ORBITWARS_SHAPING_RELEASE": 0.0075, "ORBITWARS_SHAPING_RELEASE_K": 17.0, "ORBITWARS_SHAPING_PROD_SHARE_DELTA": 0.025, "ORBITWARS_SHAPING_ONE_SHIP_PENALTY": 0.04} ppo={"ent_coef_emit": 0.004, "lr_peak": 4e-05} ===
[reward] kaggle-aligned: terminal +1 win/+1 tie>0/-1 loss/-1 double-wipeout; is_terminal at step >= episode_steps-2; SHAPING_SCALE=0.0; v1: KEEP_HOME=0.0 FLEET_SIZE=0.0/norm20.0; v2 (expert-replay calibrated): PROD_SHARE=0.0 PLANET_SHARE=0.0 FLEET_LOG=0.0/ref500.0/floor0.3; v3 (top10-2630ep calibrated): PROD_SHARE_DELTA=0.025 EMIT_LOG=0.0 EMIT_GATED=0.0 RELEASE=0.0075/K17.0 CAPTURE=0.04; episode_steps=500 (kaggle=500, mismatch=False)
[symmetric] Frog Parade style: same params drive BOTH players, no frozen/strong/buffer opponents, zero_sum_value=True
upd    0  steps    2048  sps 38  opp symm  loss +0.104  pg +0.1112  v 0.006  ev -0.32  adv_std 0.109  tR +0.00  ent[s/d/p/e] 0.34/1.47/1.28/0.37  emits 0.26  spf 19.2  z0 0.79  garr 18.8  tG 28  e2 0.04  nF 1.8  pS 0.07  ptS 0.07  fLog 0.45  pdΔ -0.4254  pkR 6.03  clip 0.03  kl +0.001
upd    1  steps    4096  sps 75  opp symm  loss +0.010  pg +0.0192  v 0.006  ev +0.23  adv_std 0.111  tR -1.00  ent[s/d/p/e] 0.86/1.67/1.20/0.49  emits 0.34  spf 29.3  z0 0.75  garr 33.4  tG 103  e2 0.06  nF 3.4  pS 0.14  ptS 0.13  fLog 0.49  pdΔ -0.3635  pkR 6.18  clip 0.08  kl +0.003
upd    2  steps    6144  sps 111  opp symm  loss +0.014  pg +0.0259  v 0.002  ev +0.42  adv_std 0.063  tR +0.00  ent[s/d/p/e] 1.16/1.85/1.17/0.52  emits 0.37  spf 44.1  z0 0.74  garr 46.8  tG 198  e2 0.08  nF 3.8  pS 0.19  ptS 0.18  fLog 0.53  pdΔ -0.3131  pkR 5.40  clip 0.05  kl +0.002
upd    3  steps    8192  sps 146  opp symm  loss -0.039  pg -0.0264  v 0.002  ev +0.50  adv_std 0.060  tR +0.00  ent[s/d/p/e] 1.39/2.03/1.15/0.56  emits 0.40  spf 49.9  z0 0.73  garr 56.4  tG 308  e2 0.09  nF 3.9  pS 0.24  ptS 0.22  fLog 0.55  pdΔ -0.2640  pkR 5.62  clip 0.03  kl +0.001
upd    4  steps   10240  sps 180  opp symm  loss -0.013  pg +0.0003  v 0.001  ev +0.70  adv_std 0.044  tR +0.00  ent[s/d/p/e] 1.55/2.11/1.15/0.54  emits 0.40  spf 59.5  z0 0.72  garr 66.1  tG 439  e2 0.09  nF 4.2  pS 0.27  ptS 0.26  fLog 0.57  pdΔ -0.2264  pkR 5.12  clip 0.08  kl +0.002
upd    5  steps   12288  sps 214  opp symm  loss -0.009  pg +0.0056  v 0.001  ev +0.73  adv_std 0.043  tR +0.00  ent[s/d/p/e] 1.69/2.21/1.20/0.54  emits 0.37  spf 70.6  z0 0.73  garr 79.5  tG 573  e2 0.07  nF 3.9  pS 0.31  ptS 0.29  fLog 0.59  pdΔ -0.1926  pkR 4.68  clip 0.10  kl +0.003
upd    6  steps   14336  sps 247  opp symm  loss -0.009  pg +0.0062  v 0.001  ev +0.84  adv_std 0.040  tR +0.00  ent[s/d/p/e] 1.77/2.31/1.28/0.55  emits 0.42  spf 82.5  z0 0.72  garr 91.8  tG 713  e2 0.09  nF 4.1  pS 0.33  ptS 0.32  fLog 0.62  pdΔ -0.1662  pkR 4.26  clip 0.11  kl +0.007
upd    7  steps   16384  sps 279  opp symm  loss +0.002  pg +0.0175  v 0.001  ev +0.87  adv_std 0.034  tR +0.00  ent[s/d/p/e] 1.85/2.36/1.36/0.58  emits 0.43  spf 80.3  z0 0.70  garr 91.5  tG 729  e2 0.10  nF 4.3  pS 0.35  ptS 0.33  fLog 0.61  pdΔ -0.1534  pkR 4.73  clip 0.10  kl +0.003
upd    8  steps   18432  sps 310  opp symm  loss -0.124  pg -0.1107  v 0.005  ev +0.54  adv_std 0.101  tR -1.00  ent[s/d/p/e] 1.90/2.36/1.23/0.55  emits 0.40  spf 91.3  z0 0.72  garr 100.3  tG 834  e2 0.09  nF 3.8  pS 0.37  ptS 0.35  fLog 0.63  pdΔ -0.1347  pkR 4.54  clip 0.22  kl +0.004
upd    9  steps   20480  sps 341  opp symm  loss +0.026  pg +0.0411  v 0.001  ev +0.83  adv_std 0.039  tR +0.00  ent[s/d/p/e] 1.97/2.39/1.28/0.60  emits 0.51  spf 90.8  z0 0.68  garr 99.1  tG 845  e2 0.12  nF 4.6  pS 0.38  ptS 0.37  fLog 0.61  pdΔ -0.1152  pkR 4.59  clip 0.12  kl +0.004
upd   10  steps   22528  sps 371  opp symm  loss +0.053  pg +0.0688  v 0.001  ev +0.84  adv_std 0.039  tR +0.00  ent[s/d/p/e] 2.02/2.41/1.25/0.59  emits 0.50  spf 86.7  z0 0.70  garr 94.2  tG 839  e2 0.12  nF 5.6  pS 0.40  ptS 0.39  fLog 0.61  pdΔ -0.0980  pkR 5.75  clip 0.13  kl +0.005
upd   11  steps   24576  sps 401  opp symm  loss +0.007  pg +0.0229  v 0.001  ev +0.89  adv_std 0.036  tR +0.00  ent[s/d/p/e] 2.05/2.43/1.26/0.59  emits 0.46  spf 84.4  z0 0.70  garr 100.6  tG 940  e2 0.11  nF 5.4  pS 0.43  ptS 0.41  fLog 0.62  pdΔ -0.0734  pkR 5.88  clip 0.12  kl +0.002
upd   12  steps   26624  sps 430  opp symm  loss +0.022  pg +0.0374  v 0.001  ev +0.91  adv_std 0.038  tR +0.00  ent[s/d/p/e] 2.05/2.46/1.26/0.60  emits 0.50  spf 100.3  z0 0.68  garr 108.5  tG 1010  e2 0.11  nF 4.9  pS 0.43  ptS 0.41  fLog 0.64  pdΔ -0.0712  pkR 4.83  clip 0.11  kl +0.003
upd   13  steps   28672  sps 458  opp symm  loss -0.040  pg -0.0249  v 0.003  ev +0.83  adv_std 0.075  tR +1.00  ent[s/d/p/e] 2.06/2.47/1.29/0.56  emits 0.38  spf 107.6  z0 0.74  garr 106.4  tG 1040  e2 0.07  nF 4.2  pS 0.44  ptS 0.43  fLog 0.66  pdΔ -0.0571  pkR 3.46  clip 0.12  kl +0.006
upd   14  steps   30720  sps 486  opp symm  loss -0.044  pg -0.0285  v 0.001  ev +0.96  adv_std 0.041  tR +0.00  ent[s/d/p/e] 2.05/2.48/1.31/0.53  emits 0.33  spf 126.2  z0 0.76  garr 123.6  tG 1140  e2 0.06  nF 3.1  pS 0.42  ptS 0.41  fLog 0.68  pdΔ -0.0759  pkR 3.05  clip 0.06  kl +0.002
upd   15  steps   32768  sps 513  opp symm  loss +0.014  pg -0.0079  v 0.075  ev +0.51  adv_std 0.414  tR +0.03  ent[s/d/p/e] 1.89/2.41/1.43/0.41  emits 0.27  spf 104.0  z0 0.82  garr 82.9  tG 678  e2 0.05  nF 2.1  pS 0.27  ptS 0.26  fLog 0.66  pdΔ -0.2287  pkR 4.88  clip 0.08  kl +0.005
upd   16  steps   34816  sps 539  opp symm  loss +0.065  pg +0.0778  v 0.003  ev +0.48  adv_std 0.063  tR +0.00  ent[s/d/p/e] 0.48/2.36/1.89/0.26  emits 0.07  spf 54.5  z0 0.94  garr 63.3  tG 142  e2 0.00  nF 0.5  pS 0.08  ptS 0.08  fLog 0.59  pdΔ -0.4172  pkR 13.40  clip 0.04  kl +0.002
upd   17  steps   36864  sps 565  opp symm  loss -0.066  pg -0.0534  v 0.005  ev +0.71  adv_std 0.092  tR +1.00  ent[s/d/p/e] 0.99/2.48/1.76/0.27  emits 0.10  spf 70.8  z0 0.92  garr 83.7  tG 207  e2 0.01  nF 0.8  pS 0.11  ptS 0.11  fLog 0.63  pdΔ -0.3860  pkR 7.47  clip 0.04  kl +0.002
upd   18  steps   38912  sps 591  opp symm  loss +0.006  pg +0.0191  v 0.006  ev +0.85  adv_std 0.103  tR +0.00  ent[s/d/p/e] 1.08/2.50/1.77/0.34  emits 0.16  spf 70.5  z0 0.87  garr 87.3  tG 287  e2 0.02  nF 1.2  pS 0.16  ptS 0.15  fLog 0.64  pdΔ -0.3435  pkR 5.06  clip 0.07  kl +0.001
upd   19  steps   40960  sps 616  opp symm  loss -0.034  pg -0.0205  v 0.005  ev +0.92  adv_std 0.092  tR +0.00  ent[s/d/p/e] 1.33/2.50/1.69/0.39  emits 0.16  spf 78.7  z0 0.87  garr 101.3  tG 438  e2 0.02  nF 1.2  pS 0.20  ptS 0.19  fLog 0.65  pdΔ -0.2963  pkR 3.54  clip 0.06  kl +0.001
upd   20  steps   43008  sps 641  opp symm  loss -0.023  pg -0.0083  v 0.005  ev +0.94  adv_std 0.091  tR +1.00  ent[s/d/p/e] 1.56/2.59/1.69/0.44  emits 0.19  spf 94.2  z0 0.85  garr 113.6  tG 608  e2 0.03  nF 1.6  pS 0.25  ptS 0.23  fLog 0.67  pdΔ -0.2540  pkR 3.62  clip 0.03  kl +0.002
upd   21  steps   45056  sps 665  opp symm  loss +0.023  pg +0.0366  v 0.005  ev +0.93  adv_std 0.094  tR +0.00  ent[s/d/p/e] 1.67/2.52/1.56/0.47  emits 0.23  spf 107.1  z0 0.82  garr 122.6  tG 756  e2 0.04  nF 1.8  pS 0.28  ptS 0.27  fLog 0.68  pdΔ -0.2175  pkR 3.66  clip 0.05  kl +0.002
upd   22  steps   47104  sps 688  opp symm  loss -0.051  pg -0.0360  v 0.004  ev +0.95  adv_std 0.082  tR +0.00  ent[s/d/p/e] 1.71/2.55/1.57/0.50  emits 0.26  spf 110.0  z0 0.80  garr 126.7  tG 886  e2 0.05  nF 2.1  pS 0.31  ptS 0.30  fLog 0.69  pdΔ -0.1897  pkR 3.85  clip 0.06  kl +0.000
upd   23  steps   49152  sps 711  opp symm  loss -0.065  pg -0.0507  v 0.005  ev +0.95  adv_std 0.090  tR +1.00  ent[s/d/p/e] 1.87/2.55/1.51/0.53  emits 0.31  spf 113.4  z0 0.78  garr 126.7  tG 977  e2 0.06  nF 2.2  pS 0.34  ptS 0.33  fLog 0.69  pdΔ -0.1613  pkR 4.01  clip 0.09  kl +0.007
upd   24  steps   51200  sps 734  opp symm  loss -0.002  pg +0.0121  v 0.006  ev +0.94  adv_std 0.103  tR -0.33  ent[s/d/p/e] 1.90/2.50/1.47/0.51  emits 0.34  spf 111.7  z0 0.76  garr 120.2  tG 966  e2 0.07  nF 2.8  pS 0.33  ptS 0.32  fLog 0.68  pdΔ -0.1656  pkR 4.23  clip 0.16  kl +0.005
upd   25  steps   53248  sps 757  opp symm  loss +0.019  pg +0.0332  v 0.004  ev +0.97  adv_std 0.075  tR +0.00  ent[s/d/p/e] 1.93/2.52/1.41/0.46  emits 0.24  spf 114.8  z0 0.82  garr 130.2  tG 1069  e2 0.05  nF 2.3  pS 0.35  ptS 0.34  fLog 0.69  pdΔ -0.1501  pkR 3.65  clip 0.06  kl +0.001
upd   26  steps   55296  sps 779  opp symm  loss +0.003  pg +0.0180  v 0.003  ev +0.97  adv_std 0.072  tR +0.00  ent[s/d/p/e] 1.97/2.52/1.48/0.46  emits 0.25  spf 126.5  z0 0.81  garr 153.5  tG 1267  e2 0.04  nF 2.2  pS 0.36  ptS 0.35  fLog 0.70  pdΔ -0.1397  pkR 3.30  clip 0.09  kl +0.002
upd   27  steps   57344  sps 800  opp symm  loss -0.012  pg +0.0027  v 0.004  ev +0.98  adv_std 0.076  tR +1.00  ent[s/d/p/e] 2.03/2.53/1.43/0.54  emits 0.37  spf 123.8  z0 0.76  garr 141.8  tG 1199  e2 0.08  nF 3.2  pS 0.37  ptS 0.36  fLog 0.69  pdΔ -0.1293  pkR 3.78  clip 0.10  kl +0.004
upd   28  steps   59392  sps 821  opp symm  loss -0.075  pg -0.0602  v 0.005  ev +0.97  adv_std 0.086  tR -1.00  ent[s/d/p/e] 2.06/2.52/1.40/0.52  emits 0.35  spf 112.1  z0 0.77  garr 138.3  tG 1241  e2 0.07  nF 3.1  pS 0.38  ptS 0.37  fLog 0.68  pdΔ -0.1153  pkR 3.83  clip 0.06  kl +0.003
upd   29  steps   61440  sps 842  opp symm  loss +0.045  pg +0.0592  v 0.006  ev +0.96  adv_std 0.108  tR -1.00  ent[s/d/p/e] 2.09/2.51/1.36/0.55  emits 0.43  spf 105.4  z0 0.73  garr 134.3  tG 1232  e2 0.10  nF 3.9  pS 0.39  ptS 0.38  fLog 0.66  pdΔ -0.1128  pkR 3.72  clip 0.07  kl +0.002
upd   30  steps   63488  sps 863  opp symm  loss +0.011  pg +0.0253  v 0.004  ev +0.98  adv_std 0.082  tR -1.00  ent[s/d/p/e] 2.05/2.47/1.31/0.57  emits 0.51  spf 107.6  z0 0.70  garr 117.2  tG 1083  e2 0.11  nF 4.9  pS 0.39  ptS 0.38  fLog 0.65  pdΔ -0.1081  pkR 3.90  clip 0.06  kl +0.002
upd   31  steps   65536  sps 883  opp symm  loss -0.022  pg -0.0189  v 0.024  ev +0.59  adv_std 0.219  tR +0.06  ent[s/d/p/e] 1.22/2.34/1.55/0.37  emits 0.17  spf 61.9  z0 0.87  garr 50.6  tG 215  e2 0.02  nF 1.5  pS 0.13  ptS 0.12  fLog 0.58  pdΔ -0.3739  pkR 17.41  clip 0.07  kl +0.002
upd   32  steps   67584  sps 902  opp symm  loss -0.060  pg -0.0494  v 0.008  ev +0.70  adv_std 0.125  tR +1.00  ent[s/d/p/e] 1.08/2.28/1.55/0.42  emits 0.22  spf 48.1  z0 0.83  garr 53.4  tG 166  e2 0.04  nF 2.2  pS 0.14  ptS 0.13  fLog 0.57  pdΔ -0.3620  pkR 9.89  clip 0.07  kl +0.002
upd   33  steps   69632  sps 922  opp symm  loss -0.039  pg -0.0262  v 0.006  ev +0.87  adv_std 0.107  tR +0.00  ent[s/d/p/e] 1.29/2.41/1.64/0.46  emits 0.24  spf 53.3  z0 0.81  garr 66.4  tG 275  e2 0.04  nF 2.3  pS 0.19  ptS 0.18  fLog 0.59  pdΔ -0.3070  pkR 6.69  clip 0.09  kl -0.001
upd   34  steps   71680  sps 941  opp symm  loss -0.051  pg -0.0383  v 0.009  ev +0.91  adv_std 0.126  tR +0.00  ent[s/d/p/e] 1.59/2.47/1.64/0.57  emits 0.42  spf 60.9  z0 0.72  garr 70.5  tG 382  e2 0.09  nF 3.5  pS 0.27  ptS 0.25  fLog 0.62  pdΔ -0.2321  pkR 3.62  clip 0.12  kl +0.002
upd   35  steps   73728  sps 960  opp symm  loss -0.033  pg -0.0195  v 0.006  ev +0.96  adv_std 0.110  tR -1.00  ent[s/d/p/e] 1.79/2.50/1.50/0.56  emits 0.40  spf 70.9  z0 0.74  garr 77.1  tG 527  e2 0.09  nF 4.0  pS 0.32  ptS 0.31  fLog 0.63  pdΔ -0.1757  pkR 3.18  clip 0.10  kl +0.005
upd   36  steps   75776  sps 978  opp symm  loss -0.003  pg +0.0092  v 0.009  ev +0.95  adv_std 0.127  tR -0.33  ent[s/d/p/e] 1.89/2.53/1.48/0.57  emits 0.47  spf 76.4  z0 0.71  garr 82.1  tG 641  e2 0.10  nF 4.4  pS 0.36  ptS 0.35  fLog 0.65  pdΔ -0.1387  pkR 3.78  clip 0.13  kl +0.007
upd   37  steps   77824  sps 996  opp symm  loss +0.040  pg +0.0538  v 0.006  ev +0.97  adv_std 0.105  tR -1.00  ent[s/d/p/e] 2.04/2.55/1.32/0.60  emits 0.57  spf 76.5  z0 0.67  garr 81.8  tG 705  e2 0.14  nF 5.1  pS 0.40  ptS 0.38  fLog 0.64  pdΔ -0.1038  pkR 3.32  clip 0.16  kl +0.005
upd   38  steps   79872  sps 1014  opp symm  loss +0.009  pg +0.0221  v 0.008  ev +0.96  adv_std 0.126  tR -1.00  ent[s/d/p/e] 2.10/2.54/1.31/0.63  emits 0.74  spf 71.9  z0 0.62  garr 73.9  tG 696  e2 0.18  nF 6.7  pS 0.43  ptS 0.42  fLog 0.63  pdΔ -0.0665  pkR 3.76  clip 0.11  kl +0.003
upd   39  steps   81920  sps 1032  opp symm  loss -0.011  pg +0.0014  v 0.009  ev +0.96  adv_std 0.130  tR +0.50  ent[s/d/p/e] 2.15/2.56/1.29/0.62  emits 0.65  spf 72.4  z0 0.63  garr 78.1  tG 754  e2 0.15  nF 7.0  pS 0.45  ptS 0.44  fLog 0.63  pdΔ -0.0467  pkR 3.80  clip 0.20  kl +0.004
upd   40  steps   83968  sps 1049  opp symm  loss +0.014  pg +0.0285  v 0.005  ev +0.98  adv_std 0.096  tR +0.20  ent[s/d/p/e] 2.17/2.57/1.24/0.61  emits 0.71  spf 75.6  z0 0.64  garr 76.8  tG 726  e2 0.17  nF 6.8  pS 0.44  ptS 0.42  fLog 0.64  pdΔ -0.0599  pkR 4.96  clip 0.23  kl +0.006
upd   41  steps   86016  sps 1066  opp symm  loss +0.040  pg +0.0530  v 0.007  ev +0.97  adv_std 0.121  tR +1.00  ent[s/d/p/e] 2.05/2.50/1.22/0.62  emits 0.80  spf 69.9  z0 0.61  garr 67.3  tG 621  e2 0.20  nF 7.5  pS 0.41  ptS 0.40  fLog 0.62  pdΔ -0.0877  pkR 4.41  clip 0.12  kl +0.004
upd   42  steps   88064  sps 1082  opp symm  loss +0.015  pg +0.0284  v 0.007  ev +0.97  adv_std 0.112  tR -1.00  ent[s/d/p/e] 2.06/2.49/1.26/0.62  emits 0.75  spf 65.1  z0 0.62  garr 62.5  tG 578  e2 0.19  nF 8.0  pS 0.42  ptS 0.41  fLog 0.61  pdΔ -0.0821  pkR 3.54  clip 0.15  kl +0.004
upd   43  steps   90112  sps 1099  opp symm  loss +0.006  pg +0.0190  v 0.006  ev +0.97  adv_std 0.114  tR -0.33  ent[s/d/p/e] 2.06/2.51/1.25/0.63  emits 0.84  spf 59.2  z0 0.61  garr 61.6  tG 563  e2 0.20  nF 8.6  pS 0.42  ptS 0.41  fLog 0.60  pdΔ -0.0793  pkR 4.51  clip 0.15  kl +0.006
upd   44  steps   92160  sps 1115  opp symm  loss +0.023  pg +0.0352  v 0.008  ev +0.97  adv_std 0.127  tR +0.33  ent[s/d/p/e] 2.01/2.44/1.29/0.61  emits 0.82  spf 56.0  z0 0.58  garr 59.6  tG 548  e2 0.20  nF 9.5  pS 0.42  ptS 0.41  fLog 0.59  pdΔ -0.0833  pkR 3.94  clip 0.15  kl +0.009
upd   45  steps   94208  sps 1131  opp symm  loss -0.018  pg -0.0055  v 0.007  ev +0.97  adv_std 0.118  tR +0.50  ent[s/d/p/e] 2.07/2.47/1.24/0.62  emits 0.99  spf 50.3  z0 0.57  garr 52.9  tG 481  e2 0.24  nF 9.9  pS 0.41  ptS 0.41  fLog 0.57  pdΔ -0.0870  pkR 4.82  clip 0.14  kl +0.005
upd   46  steps   96256  sps 1147  opp symm  loss +0.026  pg +0.0302  v 0.024  ev +0.88  adv_std 0.223  tR +0.05  ent[s/d/p/e] 1.99/2.44/1.21/0.56  emits 0.73  spf 45.2  z0 0.65  garr 46.7  tG 354  e2 0.17  nF 8.0  pS 0.32  ptS 0.31  fLog 0.55  pdΔ -0.1820  pkR 5.04  clip 0.11  kl +0.002
upd   47  steps   98304  sps 1162  opp symm  loss +0.017  pg +0.0272  v 0.009  ev +0.90  adv_std 0.131  tR -1.00  ent[s/d/p/e] 1.44/2.44/1.38/0.40  emits 0.26  spf 55.3  z0 0.83  garr 49.9  tG 198  e2 0.05  nF 2.8  pS 0.16  ptS 0.16  fLog 0.60  pdΔ -0.3373  pkR 8.36  clip 0.06  kl +0.000
upd   48  steps  100352  sps 1177  opp symm  loss +0.008  pg +0.0200  v 0.007  ev +0.95  adv_std 0.108  tR +0.00  ent[s/d/p/e] 1.54/2.44/1.37/0.45  emits 0.30  spf 55.8  z0 0.81  garr 57.8  tG 263  e2 0.06  nF 3.0  pS 0.20  ptS 0.20  fLog 0.60  pdΔ -0.3030  pkR 6.50  clip 0.07  kl +0.003
upd   49  steps  102400  sps 1192  opp symm  loss -0.028  pg -0.0161  v 0.008  ev +0.95  adv_std 0.117  tR +0.00  ent[s/d/p/e] 1.70/2.51/1.41/0.47  emits 0.30  spf 62.1  z0 0.81  garr 71.7  tG 373  e2 0.06  nF 3.5  pS 0.24  ptS 0.24  fLog 0.62  pdΔ -0.2613  pkR 6.04  clip 0.06  kl +0.005
upd   50  steps  104448  sps 1207  opp symm  loss -0.013  pg -0.0006  v 0.007  ev +0.96  adv_std 0.112  tR +0.00  ent[s/d/p/e] 1.74/2.54/1.35/0.51  emits 0.37  spf 73.5  z0 0.77  garr 81.5  tG 487  e2 0.08  nF 3.5  pS 0.28  ptS 0.27  fLog 0.64  pdΔ -0.2237  pkR 5.82  clip 0.06  kl +0.005
upd   51  steps  106496  sps 1221  opp symm  loss -0.033  pg -0.0225  v 0.010  ev +0.95  adv_std 0.137  tR +1.00  ent[s/d/p/e] 1.77/2.51/1.37/0.49  emits 0.39  spf 73.0  z0 0.74  garr 78.2  tG 559  e2 0.08  nF 3.8  pS 0.32  ptS 0.31  fLog 0.64  pdΔ -0.1839  pkR 5.28  clip 0.18  kl +0.009
upd   52  steps  108544  sps 1236  opp symm  loss +0.010  pg +0.0219  v 0.009  ev +0.96  adv_std 0.132  tR +0.33  ent[s/d/p/e] 1.82/2.49/1.33/0.52  emits 0.35  spf 88.3  z0 0.78  garr 82.1  tG 643  e2 0.08  nF 3.5  pS 0.32  ptS 0.32  fLog 0.66  pdΔ -0.1801  pkR 6.10  clip 0.07  kl +0.002
upd   53  steps  110592  sps 1250  opp symm  loss -0.004  pg +0.0089  v 0.007  ev +0.96  adv_std 0.115  tR +0.50  ent[s/d/p/e] 1.80/2.51/1.37/0.46  emits 0.28  spf 87.7  z0 0.81  garr 94.5  tG 788  e2 0.06  nF 3.0  pS 0.33  ptS 0.33  fLog 0.66  pdΔ -0.1737  pkR 7.58  clip 0.07  kl +0.003
upd   54  steps  112640  sps 1264  opp symm  loss -0.034  pg -0.0215  v 0.007  ev +0.96  adv_std 0.111  tR -0.50  ent[s/d/p/e] 1.88/2.50/1.37/0.47  emits 0.32  spf 92.7  z0 0.79  garr 92.7  tG 722  e2 0.06  nF 3.0  pS 0.31  ptS 0.31  fLog 0.67  pdΔ -0.1869  pkR 6.01  clip 0.08  kl +0.002
upd   55  steps  114688  sps 1277  opp symm  loss -0.023  pg -0.0106  v 0.008  ev +0.96  adv_std 0.115  tR +0.50  ent[s/d/p/e] 1.91/2.54/1.31/0.50  emits 0.35  spf 100.3  z0 0.78  garr 94.7  tG 763  e2 0.08  nF 3.2  pS 0.33  ptS 0.32  fLog 0.68  pdΔ -0.1734  pkR 5.93  clip 0.05  kl +0.002
upd   56  steps  116736  sps 1291  opp symm  loss +0.040  pg +0.0522  v 0.007  ev +0.96  adv_std 0.119  tR +1.00  ent[s/d/p/e] 1.91/2.51/1.21/0.51  emits 0.36  spf 87.5  z0 0.77  garr 92.6  tG 701  e2 0.07  nF 3.3  pS 0.33  ptS 0.32  fLog 0.66  pdΔ -0.1730  pkR 4.88  clip 0.10  kl +0.005
upd   57  steps  118784  sps 1304  opp symm  loss -0.020  pg -0.0075  v 0.006  ev +0.97  adv_std 0.105  tR +0.00  ent[s/d/p/e] 1.80/2.50/1.33/0.47  emits 0.29  spf 89.6  z0 0.79  garr 106.7  tG 813  e2 0.05  nF 2.8  pS 0.33  ptS 0.32  fLog 0.67  pdΔ -0.1705  pkR 4.94  clip 0.05  kl -0.000
upd   58  steps  120832  sps 1317  opp symm  loss +0.006  pg +0.0168  v 0.009  ev +0.95  adv_std 0.128  tR +1.00  ent[s/d/p/e] 1.82/2.47/1.26/0.46  emits 0.28  spf 98.7  z0 0.80  garr 117.1  tG 882  e2 0.05  nF 2.7  pS 0.33  ptS 0.32  fLog 0.68  pdΔ -0.1707  pkR 5.09  clip 0.07  kl +0.003
upd   59  steps  122880  sps 1330  opp symm  loss -0.011  pg +0.0027  v 0.005  ev +0.97  adv_std 0.095  tR -1.00  ent[s/d/p/e] 1.85/2.50/1.31/0.46  emits 0.27  spf 102.8  z0 0.81  garr 123.2  tG 887  e2 0.06  nF 2.4  pS 0.31  ptS 0.31  fLog 0.69  pdΔ -0.1864  pkR 3.51  clip 0.07  kl +0.001
upd   60  steps  124928  sps 1343  opp symm  loss +0.045  pg +0.0577  v 0.006  ev +0.96  adv_std 0.109  tR -0.50  ent[s/d/p/e] 1.88/2.49/1.31/0.46  emits 0.29  spf 101.8  z0 0.80  garr 125.0  tG 917  e2 0.06  nF 2.4  pS 0.32  ptS 0.31  fLog 0.68  pdΔ -0.1829  pkR 3.88  clip 0.08  kl +0.005
upd   61  steps  126976  sps 1356  opp symm  loss +0.023  pg +0.0345  v 0.007  ev +0.96  adv_std 0.112  tR -0.50  ent[s/d/p/e] 1.85/2.47/1.21/0.47  emits 0.30  spf 96.0  z0 0.78  garr 112.1  tG 872  e2 0.05  nF 2.6  pS 0.32  ptS 0.32  fLog 0.67  pdΔ -0.1806  pkR 4.08  clip 0.08  kl +0.005
upd   62  steps  129024  sps 1368  opp symm  loss +0.006  pg +0.0110  v 0.019  ev +0.84  adv_std 0.197  tR -0.23  ent[s/d/p/e] 1.44/2.41/1.39/0.37  emits 0.17  spf 84.2  z0 0.87  garr 82.0  tG 530  e2 0.03  nF 1.6  pS 0.20  ptS 0.20  fLog 0.64  pdΔ -0.2961  pkR 7.16  clip 0.04  kl +0.002
upd   63  steps  131072  sps 1380  opp symm  loss -0.046  pg -0.0358  v 0.009  ev +0.92  adv_std 0.125  tR +1.00  ent[s/d/p/e] 1.31/2.46/1.36/0.38  emits 0.17  spf 84.5  z0 0.87  garr 85.5  tG 453  e2 0.03  nF 1.8  pS 0.19  ptS 0.18  fLog 0.65  pdΔ -0.3148  pkR 8.52  clip 0.04  kl +0.003
upd   64  steps  133120  sps 1392  opp symm  loss +0.012  pg +0.0239  v 0.006  ev +0.95  adv_std 0.110  tR +0.00  ent[s/d/p/e] 1.36/2.50/1.41/0.42  emits 0.20  spf 83.8  z0 0.84  garr 92.8  tG 501  e2 0.03  nF 1.9  pS 0.22  ptS 0.21  fLog 0.66  pdΔ -0.2834  pkR 8.70  clip 0.05  kl -0.000
upd   65  steps  135168  sps 1404  opp symm  loss -0.040  pg -0.0284  v 0.007  ev +0.96  adv_std 0.112  tR +1.00  ent[s/d/p/e] 1.53/2.49/1.31/0.47  emits 0.25  spf 87.3  z0 0.81  garr 100.9  tG 597  e2 0.05  nF 2.3  pS 0.25  ptS 0.24  fLog 0.66  pdΔ -0.2479  pkR 7.40  clip 0.05  kl +0.003
upd   66  steps  137216  sps 1416  opp symm  loss +0.010  pg +0.0229  v 0.006  ev +0.97  adv_std 0.099  tR -1.00  ent[s/d/p/e] 1.62/2.47/1.27/0.48  emits 0.32  spf 79.3  z0 0.80  garr 99.0  tG 566  e2 0.07  nF 3.1  pS 0.26  ptS 0.25  fLog 0.65  pdΔ -0.2351  pkR 5.44  clip 0.06  kl +0.002
upd   67  steps  139264  sps 1428  opp symm  loss -0.009  pg +0.0032  v 0.006  ev +0.96  adv_std 0.105  tR -0.33  ent[s/d/p/e] 1.73/2.47/1.19/0.49  emits 0.30  spf 77.3  z0 0.80  garr 99.1  tG 635  e2 0.06  nF 3.0  pS 0.29  ptS 0.28  fLog 0.64  pdΔ -0.2065  pkR 4.71  clip 0.07  kl +0.001
upd   68  steps  141312  sps 1439  opp symm  loss +0.030  pg +0.0416  v 0.007  ev +0.96  adv_std 0.115  tR +0.00  ent[s/d/p/e] 1.80/2.54/1.16/0.43  emits 0.25  spf 91.5  z0 0.82  garr 114.3  tG 752  e2 0.05  nF 2.3  pS 0.30  ptS 0.29  fLog 0.68  pdΔ -0.2012  pkR 3.80  clip 0.08  kl +0.004
upd   69  steps  143360  sps 1450  opp symm  loss -0.028  pg -0.0165  v 0.007  ev +0.96  adv_std 0.111  tR -0.20  ent[s/d/p/e] 1.83/2.52/1.20/0.46  emits 0.25  spf 100.8  z0 0.83  garr 125.3  tG 855  e2 0.05  nF 2.3  pS 0.31  ptS 0.30  fLog 0.69  pdΔ -0.1936  pkR 3.95  clip 0.04  kl +0.003
upd   70  steps  145408  sps 1462  opp symm  loss +0.018  pg +0.0300  v 0.006  ev +0.96  adv_std 0.105  tR +0.00  ent[s/d/p/e] 1.82/2.56/1.17/0.38  emits 0.21  spf 104.5  z0 0.84  garr 130.7  tG 904  e2 0.04  nF 1.9  pS 0.30  ptS 0.29  fLog 0.70  pdΔ -0.1967  pkR 3.97  clip 0.09  kl +0.002
upd   71  steps  147456  sps 1473  opp symm  loss +0.011  pg +0.0227  v 0.007  ev +0.96  adv_std 0.112  tR +0.50  ent[s/d/p/e] 1.66/2.56/1.17/0.40  emits 0.18  spf 113.0  z0 0.86  garr 146.3  tG 971  e2 0.03  nF 1.6  pS 0.28  ptS 0.27  fLog 0.71  pdΔ -0.2181  pkR 3.95  clip 0.04  kl +0.003
upd   72  steps  149504  sps 1483  opp symm  loss -0.082  pg -0.0704  v 0.006  ev +0.97  adv_std 0.099  tR -1.00  ent[s/d/p/e] 1.63/2.60/1.26/0.36  emits 0.17  spf 121.4  z0 0.86  garr 157.3  tG 1034  e2 0.03  nF 1.7  pS 0.28  ptS 0.27  fLog 0.72  pdΔ -0.2174  pkR 4.03  clip 0.06  kl +0.002
upd   73  steps  151552  sps 1494  opp symm  loss +0.005  pg +0.0163  v 0.007  ev +0.96  adv_std 0.121  tR -1.00  ent[s/d/p/e] 1.73/2.58/1.17/0.43  emits 0.23  spf 119.1  z0 0.83  garr 160.2  tG 1096  e2 0.04  nF 2.0  pS 0.31  ptS 0.29  fLog 0.72  pdΔ -0.1944  pkR 3.97  clip 0.02  kl -0.000
upd   74  steps  153600  sps 1505  opp symm  loss +0.019  pg +0.0310  v 0.006  ev +0.97  adv_std 0.102  tR -1.00  ent[s/d/p/e] 1.78/2.55/1.09/0.44  emits 0.23  spf 113.7  z0 0.83  garr 164.0  tG 1127  e2 0.04  nF 2.0  pS 0.32  ptS 0.30  fLog 0.70  pdΔ -0.1848  pkR 3.71  clip 0.04  kl +0.003
upd   75  steps  155648  sps 1515  opp symm  loss +0.024  pg +0.0363  v 0.006  ev +0.97  adv_std 0.107  tR +0.00  ent[s/d/p/e] 1.83/2.57/1.12/0.42  emits 0.22  spf 122.2  z0 0.83  garr 172.2  tG 1178  e2 0.04  nF 2.2  pS 0.33  ptS 0.32  fLog 0.72  pdΔ -0.1702  pkR 3.27  clip 0.05  kl -0.001
upd   76  steps  157696  sps 1526  opp symm  loss -0.014  pg -0.0020  v 0.006  ev +0.97  adv_std 0.109  tR +0.50  ent[s/d/p/e] 1.81/2.55/1.17/0.42  emits 0.21  spf 107.1  z0 0.85  garr 175.0  tG 1216  e2 0.04  nF 2.0  pS 0.33  ptS 0.31  fLog 0.69  pdΔ -0.1696  pkR 3.69  clip 0.04  kl +0.003
upd   77  steps  159744  sps 1536  opp symm  loss -0.037  pg -0.0353  v 0.026  ev +0.89  adv_std 0.229  tR +0.09  ent[s/d/p/e] 1.72/2.47/1.08/0.41  emits 0.19  spf 99.9  z0 0.86  garr 159.8  tG 1106  e2 0.03  nF 1.9  pS 0.30  ptS 0.29  fLog 0.67  pdΔ -0.1988  pkR 4.86  clip 0.06  kl +0.005
upd   78  steps  161792  sps 1546  opp symm  loss +0.024  pg +0.0315  v 0.010  ev +0.93  adv_std 0.140  tR +0.00  ent[s/d/p/e] 0.85/2.18/1.29/0.32  emits 0.16  spf 62.7  z0 0.87  garr 109.5  tG 593  e2 0.02  nF 1.6  pS 0.19  ptS 0.18  fLog 0.59  pdΔ -0.3107  pkR 5.93  clip 0.07  kl +0.005
upd   79  steps  163840  sps 1556  opp symm  loss -0.022  pg -0.0116  v 0.007  ev +0.95  adv_std 0.119  tR +0.00  ent[s/d/p/e] 1.18/2.42/1.33/0.39  emits 0.18  spf 62.7  z0 0.86  garr 135.0  tG 796  e2 0.03  nF 1.9  pS 0.23  ptS 0.22  fLog 0.61  pdΔ -0.2692  pkR 5.07  clip 0.07  kl +0.003
upd   80  steps  165888  sps 1566  opp symm  loss -0.044  pg -0.0332  v 0.007  ev +0.96  adv_std 0.119  tR +0.00  ent[s/d/p/e] 1.29/2.51/1.31/0.31  emits 0.13  spf 95.3  z0 0.89  garr 174.5  tG 1055  e2 0.02  nF 1.6  pS 0.26  ptS 0.25  fLog 0.66  pdΔ -0.2353  pkR 4.37  clip 0.04  kl +0.001
upd   81  steps  167936  sps 1575  opp symm  loss -0.043  pg -0.0326  v 0.007  ev +0.96  adv_std 0.119  tR -1.00  ent[s/d/p/e] 1.47/2.56/1.21/0.35  emits 0.14  spf 128.6  z0 0.89  garr 219.4  tG 1336  e2 0.02  nF 1.1  pS 0.28  ptS 0.27  fLog 0.71  pdΔ -0.2184  pkR 3.92  clip 0.07  kl +0.002
upd   82  steps  169984  sps 1585  opp symm  loss +0.055  pg +0.0670  v 0.004  ev +0.98  adv_std 0.091  tR -0.33  ent[s/d/p/e] 1.58/2.55/1.17/0.27  emits 0.11  spf 140.6  z0 0.91  garr 240.5  tG 1457  e2 0.01  nF 0.9  pS 0.29  ptS 0.27  fLog 0.73  pdΔ -0.2140  pkR 3.59  clip 0.05  kl +0.002
upd   83  steps  172032  sps 1594  opp symm  loss -0.067  pg -0.0561  v 0.007  ev +0.97  adv_std 0.108  tR +1.00  ent[s/d/p/e] 1.50/2.51/1.18/0.30  emits 0.09  spf 144.0  z0 0.93  garr 269.0  tG 1624  e2 0.01  nF 0.9  pS 0.28  ptS 0.27  fLog 0.73  pdΔ -0.2155  pkR 3.66  clip 0.04  kl +0.003
upd   84  steps  174080  sps 1604  opp symm  loss +0.039  pg +0.0496  v 0.005  ev +0.98  adv_std 0.091  tR +1.00  ent[s/d/p/e] 1.48/2.38/1.08/0.24  emits 0.08  spf 135.2  z0 0.93  garr 303.1  tG 1824  e2 0.01  nF 0.8  pS 0.29  ptS 0.27  fLog 0.71  pdΔ -0.2112  pkR 3.52  clip 0.03  kl +0.001
upd   85  steps  176128  sps 1613  opp symm  loss +0.064  pg +0.0760  v 0.004  ev +0.98  adv_std 0.080  tR -0.60  ent[s/d/p/e] 1.49/2.45/1.16/0.25  emits 0.08  spf 161.5  z0 0.93  garr 325.1  tG 1995  e2 0.01  nF 0.8  pS 0.29  ptS 0.27  fLog 0.73  pdΔ -0.2058  pkR 3.45  clip 0.02  kl +0.001
upd   86  steps  178176  sps 1622  opp symm  loss -0.061  pg -0.0497  v 0.007  ev +0.96  adv_std 0.107  tR -0.67  ent[s/d/p/e] 1.47/2.53/1.24/0.27  emits 0.09  spf 167.1  z0 0.93  garr 306.6  tG 2068  e2 0.01  nF 0.7  pS 0.29  ptS 0.27  fLog 0.76  pdΔ -0.2088  pkR 3.65  clip 0.04  kl +0.000
upd   87  steps  180224  sps 1631  opp symm  loss +0.026  pg +0.0366  v 0.006  ev +0.97  adv_std 0.107  tR +0.00  ent[s/d/p/e] 1.35/2.47/1.20/0.25  emits 0.10  spf 174.7  z0 0.92  garr 311.1  tG 2131  e2 0.01  nF 0.8  pS 0.29  ptS 0.28  fLog 0.74  pdΔ -0.2062  pkR 3.80  clip 0.05  kl +0.002
upd   88  steps  182272  sps 1640  opp symm  loss +0.006  pg +0.0168  v 0.006  ev +0.97  adv_std 0.097  tR +0.00  ent[s/d/p/e] 1.32/2.38/1.27/0.23  emits 0.08  spf 149.9  z0 0.93  garr 334.7  tG 2333  e2 0.01  nF 0.7  pS 0.30  ptS 0.29  fLog 0.72  pdΔ -0.1956  pkR 3.66  clip 0.02  kl +0.001
upd   89  steps  184320  sps 1649  opp symm  loss -0.042  pg -0.0316  v 0.005  ev +0.98  adv_std 0.096  tR +1.00  ent[s/d/p/e] 1.53/2.42/1.07/0.26  emits 0.07  spf 174.4  z0 0.94  garr 367.5  tG 2543  e2 0.01  nF 0.7  pS 0.31  ptS 0.29  fLog 0.76  pdΔ -0.1914  pkR 3.61  clip 0.04  kl +0.002
upd   90  steps  186368  sps 1658  opp symm  loss +0.047  pg +0.0576  v 0.005  ev +0.98  adv_std 0.099  tR +1.00  ent[s/d/p/e] 1.45/2.40/1.09/0.25  emits 0.09  spf 174.8  z0 0.92  garr 375.7  tG 2552  e2 0.01  nF 0.8  pS 0.30  ptS 0.29  fLog 0.74  pdΔ -0.1977  pkR 4.11  clip 0.03  kl -0.000
upd   91  steps  188416  sps 1666  opp symm  loss +0.038  pg +0.0469  v 0.008  ev +0.96  adv_std 0.125  tR -0.20  ent[s/d/p/e] 1.52/2.40/1.15/0.27  emits 0.09  spf 161.1  z0 0.92  garr 385.9  tG 2672  e2 0.01  nF 0.8  pS 0.31  ptS 0.30  fLog 0.71  pdΔ -0.1898  pkR 4.30  clip 0.03  kl +0.000
upd   92  steps  190464  sps 1675  opp symm  loss -0.093  pg -0.0833  v 0.007  ev +0.97  adv_std 0.111  tR -0.50  ent[s/d/p/e] 1.30/2.27/1.25/0.25  emits 0.10  spf 139.8  z0 0.92  garr 374.4  tG 2569  e2 0.02  nF 1.0  pS 0.31  ptS 0.29  fLog 0.68  pdΔ -0.1932  pkR 4.20  clip 0.03  kl -0.000
upd   93  steps  192512  sps 1683  opp symm  loss -0.036  pg -0.0307  v 0.013  ev +0.91  adv_std 0.168  tR -0.23  ent[s/d/p/e] 0.96/2.13/1.26/0.29  emits 0.11  spf 80.8  z0 0.91  garr 214.7  tG 1443  e2 0.02  nF 1.0  pS 0.23  ptS 0.22  fLog 0.61  pdΔ -0.2732  pkR 7.32  clip 0.03  kl +0.001
upd   94  steps  194560  sps 1692  opp symm  loss +0.092  pg +0.0986  v 0.011  ev +0.87  adv_std 0.154  tR +0.00  ent[s/d/p/e] 0.80/2.01/1.30/0.32  emits 0.18  spf 42.2  z0 0.87  garr 151.1  tG 949  e2 0.03  nF 1.9  pS 0.22  ptS 0.20  fLog 0.54  pdΔ -0.2835  pkR 6.99  clip 0.11  kl +0.010
upd   95  steps  196608  sps 1700  opp symm  loss -0.004  pg +0.0051  v 0.009  ev +0.93  adv_std 0.130  tR +0.00  ent[s/d/p/e] 1.18/2.31/1.24/0.36  emits 0.15  spf 58.9  z0 0.89  garr 191.3  tG 1229  e2 0.03  nF 1.8  pS 0.26  ptS 0.24  fLog 0.60  pdΔ -0.2405  pkR 6.37  clip 0.05  kl +0.002
upd   96  steps  198656  sps 1708  opp symm  loss -0.066  pg -0.0562  v 0.008  ev +0.95  adv_std 0.119  tR +1.00  ent[s/d/p/e] 1.45/2.32/1.19/0.30  emits 0.15  spf 79.4  z0 0.89  garr 233.8  tG 1541  e2 0.03  nF 1.6  pS 0.29  ptS 0.28  fLog 0.66  pdΔ -0.2065  pkR 5.05  clip 0.04  kl +0.003
upd   97  steps  200704  sps 1716  opp symm  loss -0.021  pg -0.0106  v 0.008  ev +0.96  adv_std 0.124  tR +0.00  ent[s/d/p/e] 1.62/2.33/1.20/0.30  emits 0.11  spf 92.1  z0 0.91  garr 270.7  tG 1808  e2 0.02  nF 1.2  pS 0.31  ptS 0.30  fLog 0.68  pdΔ -0.1857  pkR 4.94  clip 0.03  kl +0.001
upd   98  steps  202752  sps 1724  opp symm  loss -0.021  pg -0.0110  v 0.005  ev +0.98  adv_std 0.098  tR +1.00  ent[s/d/p/e] 1.62/2.15/1.01/0.22  emits 0.09  spf 111.8  z0 0.93  garr 303.9  tG 2002  e2 0.02  nF 0.9  pS 0.32  ptS 0.30  fLog 0.71  pdΔ -0.1823  pkR 4.37  clip 0.04  kl +0.002
[eval_vs_v20] u99 tag=train_u99  bin0=0.0%  spf=12.95  garr=35.16  flip=9.72%  z0=55.0%  e8=0.8%  e2+=5.0%  WLD=0/3/0
upd   99  steps  204800  sps 1732  opp symm  loss -0.023  pg -0.0142  v 0.006  ev +0.97  adv_std 0.107  tR +1.00  ent[s/d/p/e] 1.45/2.15/1.04/0.24  emits 0.08  spf 125.6  z0 0.93  garr 312.9  tG 2034  e2 0.01  nF 0.7  pS 0.31  ptS 0.29  fLog 0.70  pdΔ -0.1904  pkR 3.72  clip 0.03  kl +0.001 WRr 0.94 v20[spf 12.9 flip 9.7% e2+ 5.0%]
upd  100  steps  206848  sps 955  opp symm  loss +0.037  pg +0.0457  v 0.007  ev +0.97  adv_std 0.112  tR +0.33  ent[s/d/p/e] 1.60/2.12/1.05/0.21  emits 0.07  spf 131.6  z0 0.93  garr 343.6  tG 2265  e2 0.01  nF 0.7  pS 0.31  ptS 0.30  fLog 0.73  pdΔ -0.1877  pkR 3.19  clip 0.03  kl +0.001
upd  101  steps  208896  sps 962  opp symm  loss -0.034  pg -0.0268  v 0.009  ev +0.96  adv_std 0.129  tR -0.33  ent[s/d/p/e] 1.33/2.11/1.10/0.22  emits 0.08  spf 133.2  z0 0.94  garr 347.5  tG 2310  e2 0.01  nF 0.7  pS 0.30  ptS 0.29  fLog 0.70  pdΔ -0.1985  pkR 3.47  clip 0.01  kl +0.001
upd  102  steps  210944  sps 969  opp symm  loss -0.040  pg -0.0298  v 0.004  ev +0.98  adv_std 0.089  tR -1.00  ent[s/d/p/e] 1.46/2.11/1.09/0.24  emits 0.10  spf 115.9  z0 0.92  garr 358.7  tG 2412  e2 0.02  nF 1.0  pS 0.30  ptS 0.29  fLog 0.68  pdΔ -0.1989  pkR 3.78  clip 0.03  kl +0.002
upd  103  steps  212992  sps 975  opp symm  loss -0.050  pg -0.0410  v 0.007  ev +0.97  adv_std 0.111  tR +0.00  ent[s/d/p/e] 1.54/2.22/0.98/0.21  emits 0.07  spf 129.9  z0 0.95  garr 393.5  tG 2625  e2 0.01  nF 0.9  pS 0.31  ptS 0.29  fLog 0.70  pdΔ -0.1922  pkR 3.81  clip 0.01  kl +0.001
upd  104  steps  215040  sps 982  opp symm  loss -0.011  pg -0.0002  v 0.003  ev +0.99  adv_std 0.073  tR +1.00  ent[s/d/p/e] 1.61/2.37/0.94/0.17  emits 0.05  spf 163.5  z0 0.95  garr 448.0  tG 3011  e2 0.01  nF 0.5  pS 0.32  ptS 0.30  fLog 0.74  pdΔ -0.1830  pkR 3.81  clip 0.02  kl +0.000
upd  105  steps  217088  sps 988  opp symm  loss -0.022  pg -0.0131  v 0.007  ev +0.97  adv_std 0.115  tR -1.00  ent[s/d/p/e] 1.60/2.42/0.88/0.16  emits 0.05  spf 193.5  z0 0.96  garr 469.7  tG 3129  e2 0.00  nF 0.4  pS 0.31  ptS 0.30  fLog 0.77  pdΔ -0.1877  pkR 4.16  clip 0.01  kl +0.000
upd  106  steps  219136  sps 994  opp symm  loss +0.029  pg +0.0384  v 0.004  ev +0.98  adv_std 0.088  tR +0.50  ent[s/d/p/e] 1.48/2.39/0.84/0.18  emits 0.05  spf 206.7  z0 0.96  garr 501.1  tG 3314  e2 0.00  nF 0.4  pS 0.30  ptS 0.29  fLog 0.76  pdΔ -0.1952  pkR 4.34  clip 0.02  kl +0.002
upd  107  steps  221184  sps 1001  opp symm  loss -0.021  pg -0.0157  v 0.013  ev +0.93  adv_std 0.156  tR +0.20  ent[s/d/p/e] 1.49/2.31/0.98/0.15  emits 0.05  spf 273.5  z0 0.95  garr 489.2  tG 3176  e2 0.01  nF 0.5  pS 0.29  ptS 0.28  fLog 0.80  pdΔ -0.2134  pkR 4.68  clip 0.03  kl +0.002
upd  108  steps  223232  sps 1007  opp symm  loss -0.084  pg -0.0875  v 0.029  ev +0.87  adv_std 0.254  tR +0.00  ent[s/d/p/e] 1.24/2.27/0.86/0.16  emits 0.04  spf 227.2  z0 0.97  garr 467.7  tG 2994  e2 0.00  nF 0.4  pS 0.26  ptS 0.25  fLog 0.76  pdΔ -0.2357  pkR 5.41  clip 0.02  kl +0.001
upd  109  steps  225280  sps 1013  opp symm  loss +0.104  pg +0.1126  v 0.004  ev +0.94  adv_std 0.087  tR +0.00  ent[s/d/p/e] 0.39/2.26/1.16/0.19  emits 0.07  spf 50.2  z0 0.94  garr 205.3  tG 812  e2 0.01  nF 0.6  pS 0.13  ptS 0.13  fLog 0.57  pdΔ -0.3670  pkR 8.34  clip 0.02  kl +0.001
upd  110  steps  227328  sps 1020  opp symm  loss -0.043  pg -0.0367  v 0.007  ev +0.92  adv_std 0.115  tR +0.00  ent[s/d/p/e] 0.59/2.37/0.83/0.19  emits 0.05  spf 52.8  z0 0.95  garr 255.3  tG 1044  e2 0.01  nF 0.6  pS 0.17  ptS 0.16  fLog 0.60  pdΔ -0.3320  pkR 7.47  clip 0.01  kl +0.002
upd  111  steps  229376  sps 1026  opp symm  loss +0.009  pg +0.0181  v 0.004  ev +0.96  adv_std 0.088  tR +0.00  ent[s/d/p/e] 1.00/2.46/0.81/0.14  emits 0.04  spf 84.1  z0 0.96  garr 317.8  tG 1325  e2 0.00  nF 0.5  pS 0.19  ptS 0.18  fLog 0.67  pdΔ -0.3101  pkR 6.28  clip 0.03  kl +0.002
upd  112  steps  231424  sps 1032  opp symm  loss +0.040  pg +0.0492  v 0.004  ev +0.97  adv_std 0.090  tR +0.00  ent[s/d/p/e] 1.27/2.49/0.68/0.13  emits 0.03  spf 156.4  z0 0.97  garr 376.8  tG 1605  e2 0.00  nF 0.3  pS 0.20  ptS 0.19  fLog 0.77  pdΔ -0.2981  pkR 5.91  clip 0.02  kl +0.001
upd  113  steps  233472  sps 1038  opp symm  loss -0.070  pg -0.0622  v 0.005  ev +0.96  adv_std 0.105  tR +0.00  ent[s/d/p/e] 1.38/2.39/0.53/0.12  emits 0.02  spf 156.2  z0 0.98  garr 440.7  tG 1898  e2 0.00  nF 0.2  pS 0.21  ptS 0.20  fLog 0.78  pdΔ -0.2879  pkR 5.28  clip 0.01  kl -0.000
upd  114  steps  235520  sps 1044  opp symm  loss -0.003  pg +0.0053  v 0.004  ev +0.97  adv_std 0.088  tR +0.00  ent[s/d/p/e] 1.27/2.29/0.56/0.14  emits 0.03  spf 189.7  z0 0.97  garr 451.8  tG 1978  e2 0.00  nF 0.2  pS 0.21  ptS 0.20  fLog 0.78  pdΔ -0.2860  pkR 4.84  clip 0.02  kl +0.000
upd  115  steps  237568  sps 1050  opp symm  loss -0.015  pg -0.0091  v 0.007  ev +0.96  adv_std 0.116  tR +1.00  ent[s/d/p/e] 1.16/2.30/0.51/0.14  emits 0.04  spf 164.5  z0 0.96  garr 454.9  tG 2160  e2 0.00  nF 0.3  pS 0.23  ptS 0.21  fLog 0.76  pdΔ -0.2744  pkR 4.49  clip 0.01  kl +0.000
upd  116  steps  239616  sps 1056  opp symm  loss +0.052  pg +0.0555  v 0.012  ev +0.93  adv_std 0.156  tR +0.20  ent[s/d/p/e] 1.27/2.22/0.52/0.14  emits 0.04  spf 181.6  z0 0.97  garr 461.1  tG 2301  e2 0.00  nF 0.3  pS 0.23  ptS 0.22  fLog 0.79  pdΔ -0.2692  pkR 4.54  clip 0.02  kl +0.000
upd  117  steps  241664  sps 1062  opp symm  loss +0.031  pg +0.0347  v 0.011  ev +0.95  adv_std 0.146  tR +0.20  ent[s/d/p/e] 1.04/2.20/0.57/0.13  emits 0.03  spf 174.7  z0 0.97  garr 431.5  tG 2159  e2 0.00  nF 0.2  pS 0.22  ptS 0.21  fLog 0.74  pdΔ -0.2814  pkR 4.43  clip 0.02  kl -0.000
upd  118  steps  243712  sps 1068  opp symm  loss +0.080  pg +0.0857  v 0.006  ev +0.97  adv_std 0.109  tR -1.00  ent[s/d/p/e] 1.01/2.24/0.52/0.14  emits 0.03  spf 173.6  z0 0.97  garr 455.7  tG 2271  e2 0.00  nF 0.3  pS 0.22  ptS 0.21  fLog 0.75  pdΔ -0.2763  pkR 3.31  clip 0.01  kl +0.002
upd  119  steps  245760  sps 1074  opp symm  loss +0.020  pg +0.0269  v 0.005  ev +0.98  adv_std 0.092  tR +1.00  ent[s/d/p/e] 1.02/2.25/0.47/0.13  emits 0.03  spf 149.4  z0 0.97  garr 495.1  tG 2520  e2 0.00  nF 0.3  pS 0.23  ptS 0.22  fLog 0.75  pdΔ -0.2659  pkR 3.30  clip 0.01  kl -0.000
upd  120  steps  247808  sps 1080  opp symm  loss -0.047  pg -0.0410  v 0.006  ev +0.98  adv_std 0.109  tR +0.33  ent[s/d/p/e] 1.36/2.16/0.44/0.13  emits 0.03  spf 201.0  z0 0.98  garr 539.7  tG 2779  e2 0.00  nF 0.2  pS 0.24  ptS 0.22  fLog 0.80  pdΔ -0.2581  pkR 3.38  clip 0.02  kl +0.001
upd  121  steps  249856  sps 1086  opp symm  loss -0.032  pg -0.0262  v 0.005  ev +0.98  adv_std 0.102  tR +1.00  ent[s/d/p/e] 1.15/2.22/0.37/0.15  emits 0.04  spf 201.9  z0 0.96  garr 546.3  tG 2785  e2 0.00  nF 0.2  pS 0.24  ptS 0.22  fLog 0.79  pdΔ -0.2621  pkR 3.77  clip 0.01  kl +0.000
upd  122  steps  251904  sps 1092  opp symm  loss -0.067  pg -0.0596  v 0.004  ev +0.99  adv_std 0.086  tR +0.20  ent[s/d/p/e] 1.25/2.19/0.44/0.15  emits 0.04  spf 211.2  z0 0.97  garr 550.0  tG 2774  e2 0.00  nF 0.3  pS 0.23  ptS 0.22  fLog 0.79  pdΔ -0.2666  pkR 3.96  clip 0.02  kl -0.000
upd  123  steps  253952  sps 1098  opp symm  loss -0.074  pg -0.0681  v 0.006  ev +0.98  adv_std 0.101  tR +1.00  ent[s/d/p/e] 1.07/2.13/0.44/0.16  emits 0.05  spf 164.7  z0 0.96  garr 519.7  tG 2536  e2 0.00  nF 0.3  pS 0.22  ptS 0.21  fLog 0.75  pdΔ -0.2811  pkR 3.83  clip 0.02  kl +0.000
upd  124  steps  256000  sps 1104  opp symm  loss +0.060  pg +0.0590  v 0.019  ev +0.93  adv_std 0.205  tR +0.20  ent[s/d/p/e] 0.69/2.02/0.66/0.21  emits 0.06  spf 99.7  z0 0.94  garr 311.6  tG 1497  e2 0.01  nF 0.5  pS 0.17  ptS 0.16  fLog 0.64  pdΔ -0.3278  pkR 6.57  clip 0.04  kl -0.002
upd  125  steps  258048  sps 1109  opp symm  loss +0.063  pg +0.0693  v 0.005  ev +0.98  adv_std 0.096  tR +0.00  ent[s/d/p/e] 0.60/1.98/0.77/0.23  emits 0.07  spf 59.3  z0 0.93  garr 173.3  tG 786  e2 0.00  nF 0.9  pS 0.15  ptS 0.15  fLog 0.60  pdΔ -0.3473  pkR 8.66  clip 0.03  kl +0.000
upd  126  steps  260096  sps 1115  opp symm  loss -0.007  pg +0.0011  v 0.005  ev +0.98  adv_std 0.092  tR +0.00  ent[s/d/p/e] 0.89/2.22/0.67/0.27  emits 0.07  spf 74.9  z0 0.93  garr 213.4  tG 1018  e2 0.01  nF 0.8  pS 0.19  ptS 0.18  fLog 0.65  pdΔ -0.3080  pkR 7.64  clip 0.04  kl +0.003
upd  127  steps  262144  sps 1121  opp symm  loss -0.000  pg +0.0068  v 0.006  ev +0.98  adv_std 0.113  tR +1.00  ent[s/d/p/e] 1.14/2.19/0.58/0.25  emits 0.08  spf 73.7  z0 0.93  garr 261.0  tG 1292  e2 0.01  nF 0.8  pS 0.22  ptS 0.21  fLog 0.66  pdΔ -0.2772  pkR 6.53  clip 0.01  kl +0.001
upd  128  steps  264192  sps 1126  opp symm  loss -0.035  pg -0.0277  v 0.004  ev +0.98  adv_std 0.091  tR +0.00  ent[s/d/p/e] 1.36/2.06/0.57/0.18  emits 0.05  spf 104.5  z0 0.95  garr 318.0  tG 1628  e2 0.01  nF 0.5  pS 0.25  ptS 0.22  fLog 0.72  pdΔ -0.2545  pkR 5.81  clip 0.03  kl -0.000
upd  129  steps  266240  sps 1132  opp symm  loss -0.062  pg -0.0543  v 0.003  ev +0.99  adv_std 0.079  tR -0.33  ent[s/d/p/e] 1.50/1.93/0.54/0.19  emits 0.04  spf 144.4  z0 0.96  garr 362.8  tG 1930  e2 0.00  nF 0.4  pS 0.26  ptS 0.24  fLog 0.76  pdΔ -0.2393  pkR 5.29  clip 0.03  kl +0.003
upd  130  steps  268288  sps 1138  opp symm  loss -0.007  pg +0.0019  v 0.003  ev +0.99  adv_std 0.067  tR -0.33  ent[s/d/p/e] 1.32/1.96/0.71/0.21  emits 0.07  spf 148.5  z0 0.94  garr 385.2  tG 2132  e2 0.01  nF 0.5  pS 0.27  ptS 0.25  fLog 0.76  pdΔ -0.2339  pkR 5.04  clip 0.02  kl -0.001
upd  131  steps  270336  sps 1143  opp symm  loss -0.022  pg -0.0152  v 0.006  ev +0.98  adv_std 0.104  tR +1.00  ent[s/d/p/e] 1.32/2.01/0.64/0.20  emits 0.06  spf 164.3  z0 0.94  garr 407.2  tG 2297  e2 0.00  nF 0.6  pS 0.27  ptS 0.26  fLog 0.76  pdΔ -0.2253  pkR 4.53  clip 0.01  kl +0.000
upd  132  steps  272384  sps 1149  opp symm  loss -0.049  pg -0.0422  v 0.008  ev +0.97  adv_std 0.126  tR -0.14  ent[s/d/p/e] 1.33/2.02/0.72/0.23  emits 0.07  spf 145.5  z0 0.93  garr 385.5  tG 2253  e2 0.01  nF 0.6  pS 0.28  ptS 0.26  fLog 0.74  pdΔ -0.2219  pkR 4.63  clip 0.03  kl +0.000
upd  133  steps  274432  sps 1154  opp symm  loss +0.028  pg +0.0352  v 0.005  ev +0.98  adv_std 0.097  tR +0.00  ent[s/d/p/e] 1.28/1.80/0.73/0.23  emits 0.09  spf 106.4  z0 0.93  garr 360.8  tG 2205  e2 0.02  nF 0.8  pS 0.28  ptS 0.26  fLog 0.67  pdΔ -0.2164  pkR 5.04  clip 0.02  kl +0.000
upd  134  steps  276480  sps 1160  opp symm  loss +0.008  pg +0.0149  v 0.006  ev +0.98  adv_std 0.102  tR +0.00  ent[s/d/p/e] 1.24/1.89/0.72/0.22  emits 0.08  spf 118.9  z0 0.93  garr 392.9  tG 2497  e2 0.01  nF 0.9  pS 0.30  ptS 0.28  fLog 0.70  pdΔ -0.1996  pkR 4.89  clip 0.02  kl +0.002
upd  135  steps  278528  sps 1165  opp symm  loss -0.052  pg -0.0447  v 0.007  ev +0.98  adv_std 0.105  tR +1.00  ent[s/d/p/e] 1.43/1.83/0.74/0.25  emits 0.09  spf 142.6  z0 0.93  garr 424.9  tG 2757  e2 0.01  nF 0.7  pS 0.31  ptS 0.29  fLog 0.73  pdΔ -0.1865  pkR 4.76  clip 0.05  kl +0.003
upd  136  steps  280576  sps 1170  opp symm  loss -0.028  pg -0.0226  v 0.010  ev +0.96  adv_std 0.144  tR -0.50  ent[s/d/p/e] 1.43/1.93/0.73/0.22  emits 0.08  spf 155.6  z0 0.93  garr 422.8  tG 2744  e2 0.01  nF 0.7  pS 0.32  ptS 0.30  fLog 0.74  pdΔ -0.1810  pkR 4.45  clip 0.03  kl +0.002
upd  137  steps  282624  sps 1176  opp symm  loss -0.007  pg +0.0006  v 0.007  ev +0.98  adv_std 0.108  tR +0.00  ent[s/d/p/e] 1.38/1.99/0.90/0.20  emits 0.06  spf 150.4  z0 0.95  garr 446.5  tG 2957  e2 0.01  nF 0.5  pS 0.33  ptS 0.31  fLog 0.74  pdΔ -0.1710  pkR 3.00  clip 0.03  kl -0.002
upd  138  steps  284672  sps 1181  opp symm  loss +0.090  pg +0.0997  v 0.002  ev +0.99  adv_std 0.059  tR +0.20  ent[s/d/p/e] 1.09/1.92/1.05/0.15  emits 0.05  spf 115.7  z0 0.96  garr 475.8  tG 3195  e2 0.00  nF 0.5  pS 0.33  ptS 0.30  fLog 0.71  pdΔ -0.1746  pkR 3.13  clip 0.03  kl +0.001
upd  139  steps  286720  sps 1186  opp symm  loss -0.032  pg -0.0238  v 0.005  ev +0.98  adv_std 0.095  tR +0.00  ent[s/d/p/e] 1.00/1.85/0.90/0.17  emits 0.04  spf 133.0  z0 0.96  garr 485.7  tG 3310  e2 0.00  nF 0.3  pS 0.32  ptS 0.30  fLog 0.71  pdΔ -0.1787  pkR 3.03  clip 0.02  kl +0.001
upd  140  steps  288768  sps 1192  opp symm  loss -0.015  pg -0.0081  v 0.006  ev +0.97  adv_std 0.103  tR +0.64  ent[s/d/p/e] 0.60/1.59/1.15/0.26  emits 0.11  spf 63.1  z0 0.91  garr 191.5  tG 1022  e2 0.01  nF 0.6  pS 0.17  ptS 0.16  fLog 0.59  pdΔ -0.3265  pkR 9.16  clip 0.02  kl -0.000
upd  141  steps  290816  sps 1197  opp symm  loss +0.058  pg +0.0658  v 0.005  ev +0.97  adv_std 0.103  tR +0.00  ent[s/d/p/e] 0.77/1.72/1.02/0.29  emits 0.11  spf 60.1  z0 0.91  garr 209.2  tG 1118  e2 0.02  nF 1.0  pS 0.20  ptS 0.19  fLog 0.60  pdΔ -0.2951  pkR 8.51  clip 0.03  kl +0.000
upd  142  steps  292864  sps 1202  opp symm  loss -0.045  pg -0.0376  v 0.005  ev +0.98  adv_std 0.098  tR +0.00  ent[s/d/p/e] 0.88/1.95/0.79/0.23  emits 0.08  spf 73.7  z0 0.93  garr 261.4  tG 1447  e2 0.01  nF 0.9  pS 0.23  ptS 0.22  fLog 0.65  pdΔ -0.2678  pkR 7.23  clip 0.03  kl +0.000
upd  143  steps  294912  sps 1207  opp symm  loss -0.054  pg -0.0475  v 0.007  ev +0.97  adv_std 0.117  tR -1.00  ent[s/d/p/e] 0.99/2.08/0.68/0.27  emits 0.07  spf 87.4  z0 0.94  garr 304.0  tG 1733  e2 0.01  nF 0.8  pS 0.25  ptS 0.23  fLog 0.68  pdΔ -0.2485  pkR 6.86  clip 0.04  kl +0.006
upd  144  steps  296960  sps 1213  opp symm  loss +0.037  pg +0.0444  v 0.005  ev +0.98  adv_std 0.100  tR +1.00  ent[s/d/p/e] 1.14/1.88/0.82/0.18  emits 0.07  spf 106.7  z0 0.94  garr 346.6  tG 2058  e2 0.01  nF 0.7  pS 0.28  ptS 0.26  fLog 0.72  pdΔ -0.2245  pkR 6.52  clip 0.05  kl +0.005
upd  145  steps  299008  sps 1218  opp symm  loss -0.057  pg -0.0488  v 0.004  ev +0.99  adv_std 0.090  tR -0.33  ent[s/d/p/e] 1.18/1.91/0.97/0.16  emits 0.04  spf 144.2  z0 0.96  garr 365.8  tG 2236  e2 0.00  nF 0.4  pS 0.28  ptS 0.26  fLog 0.75  pdΔ -0.2188  pkR 6.59  clip 0.01  kl -0.000
upd  146  steps  301056  sps 1223  opp symm  loss +0.013  pg +0.0224  v 0.003  ev +0.99  adv_std 0.072  tR +1.00  ent[s/d/p/e] 1.18/1.70/1.02/0.16  emits 0.05  spf 126.5  z0 0.96  garr 396.8  tG 2432  e2 0.00  nF 0.4  pS 0.28  ptS 0.26  fLog 0.73  pdΔ -0.2164  pkR 6.37  clip 0.01  kl +0.001
upd  147  steps  303104  sps 1228  opp symm  loss -0.062  pg -0.0538  v 0.006  ev +0.98  adv_std 0.101  tR +0.00  ent[s/d/p/e] 1.15/1.79/1.03/0.15  emits 0.06  spf 142.2  z0 0.95  garr 415.7  tG 2542  e2 0.01  nF 0.5  pS 0.29  ptS 0.26  fLog 0.73  pdΔ -0.2149  pkR 6.49  clip 0.01  kl +0.000
upd  148  steps  305152  sps 1233  opp symm  loss -0.003  pg +0.0036  v 0.007  ev +0.97  adv_std 0.114  tR -0.60  ent[s/d/p/e] 1.06/1.63/1.04/0.18  emits 0.05  spf 138.3  z0 0.96  garr 397.7  tG 2507  e2 0.00  nF 0.5  pS 0.28  ptS 0.26  fLog 0.70  pdΔ -0.2168  pkR 4.96  clip 0.02  kl +0.002
upd  149  steps  307200  sps 1238  opp symm  loss +0.053  pg +0.0627  v 0.004  ev +0.98  adv_std 0.091  tR +1.00  ent[s/d/p/e] 1.32/1.78/1.15/0.17  emits 0.06  spf 158.6  z0 0.95  garr 420.8  tG 2795  e2 0.01  nF 0.5  pS 0.29  ptS 0.27  fLog 0.75  pdΔ -0.2062  pkR 4.91  clip 0.03  kl +0.001
upd  150  steps  309248  sps 1243  opp symm  loss +0.140  pg +0.1499  v 0.002  ev +0.99  adv_std 0.058  tR +1.00  ent[s/d/p/e] 1.17/1.77/1.10/0.14  emits 0.05  spf 149.9  z0 0.96  garr 455.8  tG 2972  e2 0.01  nF 0.6  pS 0.29  ptS 0.27  fLog 0.72  pdΔ -0.2087  pkR 5.01  clip 0.01  kl +0.001
upd  151  steps  311296  sps 1248  opp symm  loss -0.021  pg -0.0116  v 0.004  ev +0.99  adv_std 0.086  tR +0.33  ent[s/d/p/e] 1.42/1.75/1.05/0.14  emits 0.04  spf 222.4  z0 0.97  garr 488.8  tG 3080  e2 0.00  nF 0.4  pS 0.29  ptS 0.27  fLog 0.79  pdΔ -0.2076  pkR 4.10  clip 0.01  kl +0.000
upd  152  steps  313344  sps 1253  opp symm  loss -0.035  pg -0.0262  v 0.006  ev +0.97  adv_std 0.109  tR +0.00  ent[s/d/p/e] 1.31/1.98/1.24/0.16  emits 0.04  spf 182.2  z0 0.96  garr 485.1  tG 2989  e2 0.00  nF 0.3  pS 0.28  ptS 0.27  fLog 0.76  pdΔ -0.2189  pkR 4.30  clip 0.01  kl +0.001
upd  153  steps  315392  sps 1258  opp symm  loss -0.001  pg +0.0065  v 0.010  ev +0.96  adv_std 0.141  tR +0.20  ent[s/d/p/e] 1.24/2.01/1.35/0.15  emits 0.03  spf 182.7  z0 0.97  garr 499.4  tG 3110  e2 0.00  nF 0.3  pS 0.28  ptS 0.26  fLog 0.77  pdΔ -0.2231  pkR 4.49  clip 0.01  kl +0.000
upd  154  steps  317440  sps 1263  opp symm  loss +0.164  pg +0.1739  v 0.004  ev +0.98  adv_std 0.080  tR +0.60  ent[s/d/p/e] 1.25/2.02/1.22/0.17  emits 0.04  spf 236.8  z0 0.96  garr 485.0  tG 3012  e2 0.00  nF 0.3  pS 0.26  ptS 0.25  fLog 0.79  pdΔ -0.2356  pkR 4.58  clip 0.02  kl +0.001