
=== [2026-06-11T00:19:20Z] v14d_binary_v2_a_p0i7_lr_peak_4e-05_4ecaf5402d phase=a kind=probe chunk=400 env={"ORBITWARS_SHAPING_HOLD_BONUS": 0.004, "ORBITWARS_SHAPING_CAPTURE": 0.04, "ORBITWARS_SHAPING_RELEASE": 0.012, "ORBITWARS_SHAPING_RELEASE_K": 17.0, "ORBITWARS_SHAPING_PROD_SHARE_DELTA": 0.025, "ORBITWARS_SHAPING_ONE_SHIP_PENALTY": 0.04} ppo={"ent_coef_emit": 0.006, "lr_peak": 4e-05} ===
[reward] kaggle-aligned: terminal +1 win/+1 tie>0/-1 loss/-1 double-wipeout; is_terminal at step >= episode_steps-2; SHAPING_SCALE=0.0; v1: KEEP_HOME=0.0 FLEET_SIZE=0.0/norm20.0; v2 (expert-replay calibrated): PROD_SHARE=0.0 PLANET_SHARE=0.0 FLEET_LOG=0.0/ref500.0/floor0.3; v3 (top10-2630ep calibrated): PROD_SHARE_DELTA=0.025 EMIT_LOG=0.0 EMIT_GATED=0.0 RELEASE=0.012/K17.0 CAPTURE=0.04; episode_steps=500 (kaggle=500, mismatch=False)
[symmetric] Frog Parade style: same params drive BOTH players, no frozen/strong/buffer opponents, zero_sum_value=True
upd    0  steps    2048  sps 38  opp symm  loss +0.093  pg +0.1022  v 0.002  ev +0.01  adv_std 0.065  tR +0.00  ent[s/d/p/e] 0.27/1.28/1.26/0.33  emits 0.33  spf 13.2  z0 0.73  garr 14.2  tG 18  e2 0.05  nF 2.5  pS 0.06  ptS 0.06  fLog 0.40  pdΔ -0.4376  pkR 5.08  clip 0.01  kl -0.001
upd    1  steps    4096  sps 74  opp symm  loss +0.044  pg +0.0551  v 0.003  ev +0.39  adv_std 0.074  tR +0.00  ent[s/d/p/e] 0.74/1.41/1.20/0.52  emits 0.55  spf 16.5  z0 0.66  garr 17.9  tG 46  e2 0.13  nF 6.2  pS 0.11  ptS 0.11  fLog 0.42  pdΔ -0.3899  pkR 10.26  clip 0.13  kl +0.002
upd    2  steps    6144  sps 110  opp symm  loss -0.015  pg -0.0026  v 0.003  ev +0.59  adv_std 0.074  tR +0.00  ent[s/d/p/e] 1.12/1.70/1.17/0.59  emits 0.62  spf 21.9  z0 0.63  garr 24.8  tG 108  e2 0.15  nF 8.1  pS 0.17  ptS 0.17  fLog 0.44  pdΔ -0.3319  pkR 8.83  clip 0.06  kl +0.000
upd    3  steps    8192  sps 145  opp symm  loss -0.025  pg -0.0117  v 0.004  ev +0.56  adv_std 0.093  tR -1.00  ent[s/d/p/e] 1.38/1.89/1.20/0.60  emits 0.58  spf 31.4  z0 0.64  garr 34.9  tG 205  e2 0.14  nF 8.2  pS 0.22  ptS 0.22  fLog 0.48  pdΔ -0.2785  pkR 7.02  clip 0.12  kl +0.003
upd    4  steps   10240  sps 180  opp symm  loss -0.049  pg -0.0352  v 0.005  ev +0.70  adv_std 0.100  tR -0.33  ent[s/d/p/e] 1.53/2.07/1.21/0.60  emits 0.56  spf 39.0  z0 0.67  garr 44.6  tG 301  e2 0.14  nF 7.1  pS 0.25  ptS 0.25  fLog 0.52  pdΔ -0.2476  pkR 4.95  clip 0.12  kl +0.002
upd    5  steps   12288  sps 213  opp symm  loss -0.063  pg -0.0500  v 0.005  ev +0.79  adv_std 0.105  tR -0.50  ent[s/d/p/e] 1.60/2.07/1.20/0.60  emits 0.59  spf 42.4  z0 0.64  garr 50.1  tG 368  e2 0.13  nF 6.8  pS 0.28  ptS 0.28  fLog 0.52  pdΔ -0.2240  pkR 4.40  clip 0.14  kl +0.007
upd    6  steps   14336  sps 246  opp symm  loss +0.026  pg +0.0406  v 0.002  ev +0.89  adv_std 0.062  tR +0.00  ent[s/d/p/e] 1.69/2.16/1.19/0.61  emits 0.63  spf 47.6  z0 0.64  garr 50.4  tG 382  e2 0.15  nF 7.4  pS 0.29  ptS 0.29  fLog 0.54  pdΔ -0.2064  pkR 5.31  clip 0.16  kl +0.010
upd    7  steps   16384  sps 278  opp symm  loss +0.022  pg +0.0363  v 0.003  ev +0.88  adv_std 0.075  tR +1.00  ent[s/d/p/e] 1.75/2.16/1.19/0.63  emits 0.66  spf 45.5  z0 0.62  garr 53.7  tG 434  e2 0.16  nF 7.6  pS 0.32  ptS 0.31  fLog 0.54  pdΔ -0.1809  pkR 5.56  clip 0.17  kl +0.010
upd    8  steps   18432  sps 309  opp symm  loss -0.037  pg -0.0225  v 0.004  ev +0.84  adv_std 0.091  tR -1.00  ent[s/d/p/e] 1.76/2.17/1.23/0.63  emits 0.71  spf 45.9  z0 0.60  garr 57.7  tG 492  e2 0.17  nF 7.9  pS 0.34  ptS 0.33  fLog 0.53  pdΔ -0.1591  pkR 6.00  clip 0.21  kl +0.008
upd    9  steps   20480  sps 340  opp symm  loss -0.023  pg -0.0067  v 0.003  ev +0.92  adv_std 0.069  tR -1.00  ent[s/d/p/e] 1.85/2.25/1.30/0.63  emits 0.58  spf 56.1  z0 0.66  garr 65.1  tG 586  e2 0.14  nF 6.9  pS 0.36  ptS 0.36  fLog 0.57  pdΔ -0.1381  pkR 5.84  clip 0.12  kl +0.003
upd   10  steps   22528  sps 370  opp symm  loss -0.000  pg +0.0158  v 0.002  ev +0.92  adv_std 0.067  tR +0.00  ent[s/d/p/e] 1.89/2.26/1.26/0.62  emits 0.57  spf 66.7  z0 0.65  garr 75.5  tG 698  e2 0.13  nF 6.2  pS 0.38  ptS 0.37  fLog 0.58  pdΔ -0.1179  pkR 4.98  clip 0.11  kl +0.000
upd   11  steps   24576  sps 399  opp symm  loss -0.049  pg -0.0332  v 0.004  ev +0.91  adv_std 0.084  tR -1.00  ent[s/d/p/e] 1.97/2.34/1.27/0.62  emits 0.53  spf 72.0  z0 0.67  garr 81.6  tG 784  e2 0.12  nF 5.7  pS 0.40  ptS 0.40  fLog 0.61  pdΔ -0.0989  pkR 4.91  clip 0.11  kl +0.004
upd   12  steps   26624  sps 428  opp symm  loss -0.013  pg +0.0033  v 0.002  ev +0.96  adv_std 0.061  tR +0.00  ent[s/d/p/e] 2.02/2.37/1.26/0.62  emits 0.55  spf 73.7  z0 0.67  garr 83.9  tG 844  e2 0.13  nF 5.9  pS 0.42  ptS 0.41  fLog 0.60  pdΔ -0.0848  pkR 5.00  clip 0.09  kl +0.000
upd   13  steps   28672  sps 456  opp symm  loss -0.046  pg -0.0302  v 0.003  ev +0.96  adv_std 0.069  tR -0.33  ent[s/d/p/e] 2.02/2.39/1.26/0.60  emits 0.52  spf 75.2  z0 0.69  garr 87.0  tG 920  e2 0.11  nF 5.3  pS 0.42  ptS 0.42  fLog 0.61  pdΔ -0.0783  pkR 6.90  clip 0.11  kl +0.004
upd   14  steps   30720  sps 484  opp symm  loss -0.030  pg -0.0142  v 0.003  ev +0.97  adv_std 0.062  tR +0.00  ent[s/d/p/e] 2.11/2.42/1.19/0.58  emits 0.44  spf 81.6  z0 0.73  garr 91.8  tG 917  e2 0.10  nF 4.8  pS 0.41  ptS 0.40  fLog 0.63  pdΔ -0.0895  pkR 3.56  clip 0.13  kl +0.004
upd   15  steps   32768  sps 511  opp symm  loss -0.032  pg -0.0380  v 0.044  ev +0.71  adv_std 0.321  tR +0.00  ent[s/d/p/e] 1.77/2.28/1.28/0.51  emits 0.38  spf 80.5  z0 0.74  garr 65.3  tG 615  e2 0.08  nF 3.5  pS 0.29  ptS 0.29  fLog 0.60  pdΔ -0.2072  pkR 5.12  clip 0.07  kl +0.004
upd   16  steps   34816  sps 538  opp symm  loss +0.052  pg +0.0634  v 0.007  ev +0.84  adv_std 0.119  tR +0.00  ent[s/d/p/e] 1.15/2.16/1.38/0.42  emits 0.24  spf 47.4  z0 0.82  garr 42.0  tG 233  e2 0.04  nF 2.5  pS 0.17  ptS 0.16  fLog 0.55  pdΔ -0.3318  pkR 10.38  clip 0.08  kl +0.004
upd   17  steps   36864  sps 564  opp symm  loss +0.007  pg +0.0193  v 0.006  ev +0.90  adv_std 0.103  tR +1.00  ent[s/d/p/e] 1.47/2.28/1.24/0.46  emits 0.23  spf 56.1  z0 0.82  garr 58.8  tG 345  e2 0.04  nF 2.7  pS 0.21  ptS 0.20  fLog 0.58  pdΔ -0.2865  pkR 7.74  clip 0.09  kl +0.002
upd   18  steps   38912  sps 589  opp symm  loss +0.030  pg +0.0425  v 0.006  ev +0.92  adv_std 0.104  tR +1.00  ent[s/d/p/e] 1.48/2.29/1.33/0.42  emits 0.22  spf 67.5  z0 0.83  garr 83.2  tG 484  e2 0.04  nF 2.5  pS 0.24  ptS 0.23  fLog 0.61  pdΔ -0.2593  pkR 5.40  clip 0.09  kl +0.004
upd   19  steps   40960  sps 614  opp symm  loss +0.010  pg +0.0221  v 0.009  ev +0.91  adv_std 0.124  tR +0.00  ent[s/d/p/e] 1.59/2.50/1.52/0.46  emits 0.22  spf 84.1  z0 0.82  garr 98.1  tG 599  e2 0.03  nF 2.2  pS 0.26  ptS 0.25  fLog 0.66  pdΔ -0.2407  pkR 4.26  clip 0.08  kl +0.003
upd   20  steps   43008  sps 639  opp symm  loss +0.061  pg +0.0740  v 0.007  ev +0.93  adv_std 0.114  tR +0.00  ent[s/d/p/e] 1.70/2.50/1.42/0.43  emits 0.22  spf 95.6  z0 0.83  garr 109.2  tG 716  e2 0.04  nF 2.1  pS 0.29  ptS 0.27  fLog 0.67  pdΔ -0.2063  pkR 3.58  clip 0.08  kl +0.004
upd   21  steps   45056  sps 663  opp symm  loss +0.023  pg +0.0368  v 0.006  ev +0.94  adv_std 0.111  tR +0.00  ent[s/d/p/e] 1.71/2.45/1.40/0.43  emits 0.25  spf 95.3  z0 0.81  garr 118.6  tG 810  e2 0.04  nF 2.2  pS 0.31  ptS 0.29  fLog 0.67  pdΔ -0.1862  pkR 3.35  clip 0.10  kl +0.008
upd   22  steps   47104  sps 686  opp symm  loss +0.004  pg +0.0187  v 0.006  ev +0.96  adv_std 0.103  tR -1.00  ent[s/d/p/e] 1.81/2.51/1.43/0.50  emits 0.27  spf 107.7  z0 0.80  garr 127.3  tG 906  e2 0.05  nF 2.5  pS 0.33  ptS 0.31  fLog 0.68  pdΔ -0.1675  pkR 3.33  clip 0.08  kl +0.002
upd   23  steps   49152  sps 710  opp symm  loss -0.051  pg -0.0369  v 0.006  ev +0.96  adv_std 0.099  tR -0.50  ent[s/d/p/e] 1.89/2.51/1.35/0.47  emits 0.24  spf 116.1  z0 0.81  garr 130.7  tG 978  e2 0.04  nF 2.4  pS 0.35  ptS 0.32  fLog 0.69  pdΔ -0.1533  pkR 3.11  clip 0.06  kl +0.001
upd   24  steps   51200  sps 732  opp symm  loss -0.037  pg -0.0214  v 0.004  ev +0.97  adv_std 0.084  tR -1.00  ent[s/d/p/e] 1.95/2.55/1.34/0.50  emits 0.29  spf 114.9  z0 0.79  garr 134.2  tG 1025  e2 0.05  nF 2.6  pS 0.36  ptS 0.34  fLog 0.69  pdΔ -0.1382  pkR 3.03  clip 0.07  kl +0.002
upd   25  steps   53248  sps 755  opp symm  loss -0.032  pg -0.0179  v 0.007  ev +0.96  adv_std 0.102  tR +1.00  ent[s/d/p/e] 1.92/2.50/1.35/0.51  emits 0.30  spf 115.8  z0 0.78  garr 137.5  tG 1096  e2 0.06  nF 2.7  pS 0.37  ptS 0.34  fLog 0.68  pdΔ -0.1325  pkR 3.42  clip 0.11  kl +0.002
upd   26  steps   55296  sps 777  opp symm  loss -0.092  pg -0.0766  v 0.004  ev +0.97  adv_std 0.085  tR +0.33  ent[s/d/p/e] 1.84/2.50/1.40/0.47  emits 0.21  spf 131.2  z0 0.83  garr 148.6  tG 1185  e2 0.04  nF 2.2  pS 0.36  ptS 0.34  fLog 0.71  pdΔ -0.1420  pkR 3.57  clip 0.03  kl +0.002
upd   27  steps   57344  sps 798  opp symm  loss -0.033  pg -0.0185  v 0.005  ev +0.96  adv_std 0.092  tR +0.00  ent[s/d/p/e] 1.95/2.50/1.35/0.50  emits 0.27  spf 129.2  z0 0.80  garr 155.5  tG 1298  e2 0.05  nF 2.1  pS 0.37  ptS 0.35  fLog 0.71  pdΔ -0.1297  pkR 3.13  clip 0.05  kl +0.003
upd   28  steps   59392  sps 819  opp symm  loss +0.005  pg +0.0205  v 0.005  ev +0.98  adv_std 0.086  tR +0.00  ent[s/d/p/e] 1.98/2.52/1.33/0.52  emits 0.29  spf 135.5  z0 0.79  garr 156.5  tG 1363  e2 0.06  nF 2.5  pS 0.39  ptS 0.38  fLog 0.72  pdΔ -0.1075  pkR 3.22  clip 0.07  kl +0.003
upd   29  steps   61440  sps 840  opp symm  loss -0.022  pg -0.0080  v 0.006  ev +0.97  adv_std 0.112  tR +0.00  ent[s/d/p/e] 1.97/2.53/1.33/0.48  emits 0.27  spf 139.4  z0 0.80  garr 158.0  tG 1399  e2 0.04  nF 2.3  pS 0.39  ptS 0.38  fLog 0.73  pdΔ -0.1112  pkR 3.48  clip 0.04  kl +0.002
upd   30  steps   63488  sps 860  opp symm  loss -0.007  pg +0.0052  v 0.009  ev +0.96  adv_std 0.125  tR +0.00  ent[s/d/p/e] 1.94/2.51/1.31/0.50  emits 0.26  spf 135.7  z0 0.80  garr 157.5  tG 1418  e2 0.05  nF 2.2  pS 0.39  ptS 0.38  fLog 0.71  pdΔ -0.1118  pkR 3.45  clip 0.04  kl +0.002
upd   31  steps   65536  sps 880  opp symm  loss +0.001  pg +0.0058  v 0.020  ev +0.81  adv_std 0.200  tR +0.10  ent[s/d/p/e] 1.15/2.24/1.37/0.42  emits 0.19  spf 73.1  z0 0.85  garr 81.2  tG 518  e2 0.03  nF 1.5  pS 0.19  ptS 0.18  fLog 0.61  pdΔ -0.3076  pkR 7.55  clip 0.05  kl +0.001
upd   32  steps   67584  sps 900  opp symm  loss -0.020  pg -0.0108  v 0.012  ev +0.89  adv_std 0.151  tR +0.00  ent[s/d/p/e] 1.21/2.36/1.36/0.41  emits 0.21  spf 70.9  z0 0.83  garr 86.1  tG 487  e2 0.03  nF 2.1  pS 0.20  ptS 0.19  fLog 0.62  pdΔ -0.2997  pkR 6.73  clip 0.05  kl +0.000
upd   33  steps   69632  sps 919  opp symm  loss -0.032  pg -0.0208  v 0.010  ev +0.93  adv_std 0.140  tR +1.00  ent[s/d/p/e] 1.40/2.45/1.43/0.46  emits 0.22  spf 76.7  z0 0.82  garr 97.9  tG 605  e2 0.03  nF 2.2  pS 0.24  ptS 0.23  fLog 0.64  pdΔ -0.2633  pkR 7.59  clip 0.04  kl +0.001
upd   34  steps   71680  sps 938  opp symm  loss -0.004  pg +0.0077  v 0.009  ev +0.95  adv_std 0.126  tR -0.33  ent[s/d/p/e] 1.48/2.43/1.40/0.47  emits 0.22  spf 85.4  z0 0.82  garr 107.2  tG 695  e2 0.04  nF 2.1  pS 0.26  ptS 0.25  fLog 0.65  pdΔ -0.2404  pkR 6.84  clip 0.05  kl +0.002
upd   35  steps   73728  sps 957  opp symm  loss -0.038  pg -0.0274  v 0.012  ev +0.94  adv_std 0.141  tR +0.50  ent[s/d/p/e] 1.62/2.45/1.44/0.49  emits 0.24  spf 94.9  z0 0.81  garr 118.7  tG 861  e2 0.04  nF 2.0  pS 0.30  ptS 0.29  fLog 0.66  pdΔ -0.1998  pkR 7.78  clip 0.05  kl +0.004
upd   36  steps   75776  sps 976  opp symm  loss +0.002  pg +0.0148  v 0.010  ev +0.95  adv_std 0.127  tR +1.00  ent[s/d/p/e] 1.73/2.47/1.47/0.51  emits 0.30  spf 95.4  z0 0.79  garr 123.4  tG 959  e2 0.06  nF 2.7  pS 0.32  ptS 0.31  fLog 0.66  pdΔ -0.1836  pkR 9.04  clip 0.06  kl +0.001
upd   37  steps   77824  sps 994  opp symm  loss +0.001  pg +0.0151  v 0.006  ev +0.97  adv_std 0.107  tR -1.00  ent[s/d/p/e] 1.78/2.45/1.44/0.46  emits 0.25  spf 109.8  z0 0.81  garr 136.0  tG 1093  e2 0.04  nF 2.4  pS 0.34  ptS 0.33  fLog 0.68  pdΔ -0.1597  pkR 8.62  clip 0.05  kl +0.003
upd   38  steps   79872  sps 1011  opp symm  loss -0.019  pg -0.0055  v 0.008  ev +0.96  adv_std 0.115  tR +1.00  ent[s/d/p/e] 1.77/2.47/1.44/0.47  emits 0.22  spf 126.3  z0 0.82  garr 147.8  tG 1189  e2 0.03  nF 2.0  pS 0.35  ptS 0.34  fLog 0.72  pdΔ -0.1500  pkR 7.85  clip 0.05  kl +0.002
upd   39  steps   81920  sps 1029  opp symm  loss -0.029  pg -0.0180  v 0.012  ev +0.94  adv_std 0.150  tR +0.00  ent[s/d/p/e] 1.72/2.43/1.47/0.47  emits 0.25  spf 104.2  z0 0.81  garr 148.9  tG 1149  e2 0.04  nF 2.1  pS 0.34  ptS 0.33  fLog 0.69  pdΔ -0.1611  pkR 4.11  clip 0.06  kl +0.000
upd   40  steps   83968  sps 1046  opp symm  loss -0.021  pg -0.0090  v 0.009  ev +0.96  adv_std 0.125  tR +1.00  ent[s/d/p/e] 1.71/2.46/1.47/0.41  emits 0.19  spf 109.8  z0 0.85  garr 154.3  tG 1212  e2 0.03  nF 2.0  pS 0.34  ptS 0.33  fLog 0.70  pdΔ -0.1579  pkR 4.05  clip 0.09  kl +0.001
upd   41  steps   86016  sps 1063  opp symm  loss -0.013  pg +0.0010  v 0.006  ev +0.97  adv_std 0.098  tR +0.00  ent[s/d/p/e] 1.74/2.46/1.48/0.47  emits 0.21  spf 120.8  z0 0.83  garr 156.9  tG 1290  e2 0.03  nF 1.8  pS 0.36  ptS 0.35  fLog 0.71  pdΔ -0.1446  pkR 4.08  clip 0.08  kl +0.002
upd   42  steps   88064  sps 1080  opp symm  loss -0.034  pg -0.0199  v 0.006  ev +0.97  adv_std 0.097  tR +0.50  ent[s/d/p/e] 1.73/2.41/1.43/0.43  emits 0.20  spf 110.7  z0 0.84  garr 160.0  tG 1342  e2 0.03  nF 1.8  pS 0.35  ptS 0.34  fLog 0.69  pdΔ -0.1489  pkR 4.22  clip 0.04  kl +0.001
upd   43  steps   90112  sps 1096  opp symm  loss -0.015  pg +0.0003  v 0.004  ev +0.98  adv_std 0.082  tR -1.00  ent[s/d/p/e] 1.78/2.43/1.48/0.46  emits 0.21  spf 119.0  z0 0.83  garr 181.7  tG 1526  e2 0.03  nF 1.7  pS 0.37  ptS 0.36  fLog 0.71  pdΔ -0.1346  pkR 4.13  clip 0.05  kl +0.002
upd   44  steps   92160  sps 1112  opp symm  loss -0.013  pg +0.0018  v 0.004  ev +0.98  adv_std 0.083  tR +1.00  ent[s/d/p/e] 1.78/2.39/1.47/0.41  emits 0.18  spf 127.6  z0 0.85  garr 199.4  tG 1673  e2 0.03  nF 1.7  pS 0.37  ptS 0.36  fLog 0.71  pdΔ -0.1300  pkR 4.20  clip 0.05  kl -0.000
upd   45  steps   94208  sps 1128  opp symm  loss -0.026  pg -0.0114  v 0.006  ev +0.98  adv_std 0.095  tR -1.00  ent[s/d/p/e] 1.78/2.44/1.46/0.46  emits 0.18  spf 144.5  z0 0.85  garr 203.9  tG 1670  e2 0.03  nF 1.6  pS 0.37  ptS 0.36  fLog 0.73  pdΔ -0.1335  pkR 4.40  clip 0.07  kl +0.002
upd   46  steps   96256  sps 1144  opp symm  loss +0.016  pg +0.0175  v 0.027  ev +0.89  adv_std 0.223  tR +0.33  ent[s/d/p/e] 1.57/2.27/1.41/0.37  emits 0.18  spf 133.7  z0 0.85  garr 165.2  tG 1370  e2 0.02  nF 1.3  pS 0.31  ptS 0.31  fLog 0.70  pdΔ -0.1854  pkR 5.47  clip 0.05  kl +0.001
upd   47  steps   98304  sps 1159  opp symm  loss +0.005  pg +0.0122  v 0.015  ev +0.89  adv_std 0.172  tR +0.00  ent[s/d/p/e] 1.16/2.12/1.39/0.40  emits 0.20  spf 68.9  z0 0.84  garr 80.0  tG 512  e2 0.03  nF 1.7  pS 0.20  ptS 0.19  fLog 0.61  pdΔ -0.3029  pkR 6.11  clip 0.06  kl +0.001
upd   48  steps  100352  sps 1174  opp symm  loss +0.024  pg +0.0304  v 0.018  ev +0.90  adv_std 0.191  tR +0.00  ent[s/d/p/e] 1.36/2.28/1.43/0.42  emits 0.21  spf 77.2  z0 0.84  garr 91.5  tG 591  e2 0.04  nF 2.1  pS 0.23  ptS 0.23  fLog 0.63  pdΔ -0.2658  pkR 4.63  clip 0.05  kl +0.002
upd   49  steps  102400  sps 1189  opp symm  loss +0.048  pg +0.0585  v 0.011  ev +0.94  adv_std 0.150  tR -1.00  ent[s/d/p/e] 1.49/2.41/1.45/0.40  emits 0.20  spf 80.6  z0 0.84  garr 108.4  tG 729  e2 0.03  nF 2.0  pS 0.27  ptS 0.26  fLog 0.65  pdΔ -0.2326  pkR 4.13  clip 0.09  kl +0.004
upd   50  steps  104448  sps 1204  opp symm  loss +0.075  pg +0.0847  v 0.014  ev +0.93  adv_std 0.170  tR -1.00  ent[s/d/p/e] 1.55/2.36/1.51/0.42  emits 0.20  spf 87.2  z0 0.84  garr 119.0  tG 850  e2 0.03  nF 2.1  pS 0.29  ptS 0.28  fLog 0.66  pdΔ -0.2142  pkR 3.87  clip 0.05  kl +0.003
upd   51  steps  106496  sps 1218  opp symm  loss +0.021  pg +0.0314  v 0.012  ev +0.95  adv_std 0.145  tR +0.00  ent[s/d/p/e] 1.58/2.38/1.52/0.40  emits 0.18  spf 87.8  z0 0.85  garr 129.3  tG 974  e2 0.02  nF 1.7  pS 0.30  ptS 0.29  fLog 0.67  pdΔ -0.1972  pkR 4.05  clip 0.04  kl +0.000
upd   52  steps  108544  sps 1233  opp symm  loss -0.027  pg -0.0134  v 0.007  ev +0.97  adv_std 0.116  tR +0.00  ent[s/d/p/e] 1.65/2.40/1.54/0.40  emits 0.16  spf 104.3  z0 0.87  garr 150.9  tG 1169  e2 0.02  nF 1.6  pS 0.32  ptS 0.31  fLog 0.69  pdΔ -0.1806  pkR 3.96  clip 0.04  kl +0.000
upd   53  steps  110592  sps 1247  opp symm  loss -0.023  pg -0.0103  v 0.008  ev +0.98  adv_std 0.112  tR +1.00  ent[s/d/p/e] 1.75/2.42/1.49/0.40  emits 0.17  spf 128.9  z0 0.86  garr 173.0  tG 1392  e2 0.02  nF 1.6  pS 0.33  ptS 0.32  fLog 0.72  pdΔ -0.1658  pkR 3.62  clip 0.03  kl +0.000
upd   54  steps  112640  sps 1261  opp symm  loss +0.040  pg +0.0505  v 0.011  ev +0.96  adv_std 0.145  tR -0.20  ent[s/d/p/e] 1.83/2.47/1.42/0.41  emits 0.18  spf 151.7  z0 0.85  garr 179.3  tG 1444  e2 0.03  nF 1.6  pS 0.34  ptS 0.33  fLog 0.74  pdΔ -0.1600  pkR 3.43  clip 0.06  kl +0.001
upd   55  steps  114688  sps 1274  opp symm  loss -0.051  pg -0.0391  v 0.008  ev +0.97  adv_std 0.126  tR +1.00  ent[s/d/p/e] 1.74/2.41/1.45/0.40  emits 0.14  spf 143.0  z0 0.88  garr 179.6  tG 1419  e2 0.02  nF 1.4  pS 0.33  ptS 0.31  fLog 0.73  pdΔ -0.1746  pkR 3.52  clip 0.04  kl +0.004
upd   56  steps  116736  sps 1288  opp symm  loss -0.088  pg -0.0739  v 0.006  ev +0.98  adv_std 0.105  tR +0.00  ent[s/d/p/e] 1.81/2.42/1.50/0.40  emits 0.14  spf 159.7  z0 0.88  garr 192.1  tG 1544  e2 0.02  nF 1.4  pS 0.33  ptS 0.32  fLog 0.75  pdΔ -0.1671  pkR 3.43  clip 0.03  kl +0.001
upd   57  steps  118784  sps 1301  opp symm  loss -0.075  pg -0.0643  v 0.011  ev +0.96  adv_std 0.146  tR +0.60  ent[s/d/p/e] 1.84/2.34/1.45/0.43  emits 0.20  spf 150.9  z0 0.84  garr 184.6  tG 1513  e2 0.03  nF 1.6  pS 0.33  ptS 0.32  fLog 0.74  pdΔ -0.1683  pkR 3.20  clip 0.06  kl +0.002
upd   58  steps  120832  sps 1314  opp symm  loss -0.030  pg -0.0188  v 0.011  ev +0.96  adv_std 0.142  tR +0.33  ent[s/d/p/e] 1.77/2.35/1.45/0.40  emits 0.18  spf 143.1  z0 0.86  garr 169.0  tG 1392  e2 0.03  nF 1.5  pS 0.32  ptS 0.31  fLog 0.73  pdΔ -0.1816  pkR 3.86  clip 0.04  kl +0.000
upd   59  steps  122880  sps 1327  opp symm  loss -0.049  pg -0.0371  v 0.010  ev +0.97  adv_std 0.142  tR +0.00  ent[s/d/p/e] 1.85/2.27/1.37/0.47  emits 0.20  spf 139.9  z0 0.85  garr 161.4  tG 1370  e2 0.03  nF 1.6  pS 0.33  ptS 0.31  fLog 0.73  pdΔ -0.1731  pkR 4.68  clip 0.09  kl +0.006
upd   60  steps  124928  sps 1340  opp symm  loss -0.044  pg -0.0312  v 0.006  ev +0.98  adv_std 0.104  tR +0.00  ent[s/d/p/e] 1.79/2.23/1.44/0.40  emits 0.21  spf 128.0  z0 0.83  garr 148.3  tG 1299  e2 0.03  nF 2.0  pS 0.33  ptS 0.32  fLog 0.70  pdΔ -0.1710  pkR 5.33  clip 0.08  kl +0.004
upd   61  steps  126976  sps 1353  opp symm  loss -0.001  pg +0.0104  v 0.008  ev +0.97  adv_std 0.127  tR +0.50  ent[s/d/p/e] 1.70/2.12/1.42/0.45  emits 0.21  spf 108.0  z0 0.83  garr 139.5  tG 1227  e2 0.03  nF 2.1  pS 0.32  ptS 0.31  fLog 0.68  pdΔ -0.1803  pkR 5.52  clip 0.07  kl +0.005
upd   62  steps  129024  sps 1365  opp symm  loss +0.004  pg +0.0098  v 0.017  ev +0.91  adv_std 0.189  tR -0.17  ent[s/d/p/e] 1.15/2.01/1.50/0.40  emits 0.19  spf 62.6  z0 0.84  garr 81.0  tG 556  e2 0.03  nF 1.8  pS 0.20  ptS 0.20  fLog 0.59  pdΔ -0.3014  pkR 11.29  clip 0.04  kl +0.002
upd   63  steps  131072  sps 1377  opp symm  loss -0.007  pg +0.0009  v 0.013  ev +0.92  adv_std 0.161  tR +0.00  ent[s/d/p/e] 1.13/2.03/1.49/0.43  emits 0.20  spf 59.5  z0 0.84  garr 78.0  tG 454  e2 0.03  nF 2.0  pS 0.20  ptS 0.20  fLog 0.60  pdΔ -0.3014  pkR 9.09  clip 0.04  kl +0.000
upd   64  steps  133120  sps 1389  opp symm  loss +0.021  pg +0.0323  v 0.010  ev +0.95  adv_std 0.141  tR -1.00  ent[s/d/p/e] 1.35/2.15/1.63/0.42  emits 0.20  spf 67.8  z0 0.83  garr 93.2  tG 590  e2 0.03  nF 2.3  pS 0.24  ptS 0.23  fLog 0.62  pdΔ -0.2614  pkR 9.51  clip 0.06  kl +0.002
upd   65  steps  135168  sps 1401  opp symm  loss -0.038  pg -0.0273  v 0.011  ev +0.95  adv_std 0.151  tR +0.33  ent[s/d/p/e] 1.56/2.25/1.62/0.44  emits 0.20  spf 78.3  z0 0.84  garr 107.3  tG 706  e2 0.03  nF 2.0  pS 0.27  ptS 0.26  fLog 0.65  pdΔ -0.2347  pkR 8.81  clip 0.06  kl +0.002
upd   66  steps  137216  sps 1413  opp symm  loss -0.029  pg -0.0176  v 0.010  ev +0.96  adv_std 0.140  tR -0.33  ent[s/d/p/e] 1.53/2.22/1.66/0.42  emits 0.20  spf 81.7  z0 0.84  garr 112.1  tG 733  e2 0.03  nF 1.8  pS 0.27  ptS 0.26  fLog 0.66  pdΔ -0.2314  pkR 8.02  clip 0.04  kl +0.001
upd   67  steps  139264  sps 1425  opp symm  loss -0.023  pg -0.0110  v 0.009  ev +0.97  adv_std 0.134  tR -1.00  ent[s/d/p/e] 1.69/2.24/1.56/0.46  emits 0.24  spf 89.9  z0 0.82  garr 116.1  tG 831  e2 0.04  nF 2.1  pS 0.30  ptS 0.29  fLog 0.67  pdΔ -0.2032  pkR 4.47  clip 0.06  kl +0.000
upd   68  steps  141312  sps 1436  opp symm  loss -0.026  pg -0.0138  v 0.009  ev +0.97  adv_std 0.128  tR -1.00  ent[s/d/p/e] 1.77/2.19/1.51/0.48  emits 0.26  spf 98.4  z0 0.81  garr 124.9  tG 966  e2 0.04  nF 2.3  pS 0.32  ptS 0.31  fLog 0.68  pdΔ -0.1759  pkR 4.75  clip 0.04  kl +0.002
upd   69  steps  143360  sps 1447  opp symm  loss -0.013  pg -0.0024  v 0.011  ev +0.96  adv_std 0.147  tR -1.00  ent[s/d/p/e] 1.81/2.20/1.36/0.46  emits 0.26  spf 104.8  z0 0.80  garr 133.3  tG 1108  e2 0.04  nF 2.4  pS 0.35  ptS 0.34  fLog 0.69  pdΔ -0.1454  pkR 4.76  clip 0.05  kl +0.003
upd   70  steps  145408  sps 1459  opp symm  loss -0.014  pg -0.0040  v 0.012  ev +0.95  adv_std 0.156  tR -1.00  ent[s/d/p/e] 1.85/2.17/1.28/0.46  emits 0.23  spf 110.8  z0 0.82  garr 140.6  tG 1242  e2 0.04  nF 2.2  pS 0.37  ptS 0.36  fLog 0.70  pdΔ -0.1285  pkR 4.58  clip 0.05  kl +0.003
upd   71  steps  147456  sps 1470  opp symm  loss -0.031  pg -0.0199  v 0.010  ev +0.97  adv_std 0.135  tR -1.00  ent[s/d/p/e] 1.98/2.24/1.26/0.44  emits 0.23  spf 124.8  z0 0.83  garr 158.9  tG 1386  e2 0.04  nF 1.9  pS 0.37  ptS 0.36  fLog 0.71  pdΔ -0.1284  pkR 4.38  clip 0.05  kl +0.000
upd   72  steps  149504  sps 1480  opp symm  loss -0.020  pg -0.0080  v 0.007  ev +0.97  adv_std 0.114  tR +0.00  ent[s/d/p/e] 1.78/2.13/1.36/0.44  emits 0.21  spf 120.1  z0 0.83  garr 161.6  tG 1416  e2 0.03  nF 2.1  pS 0.36  ptS 0.35  fLog 0.70  pdΔ -0.1365  pkR 5.66  clip 0.05  kl +0.001
upd   73  steps  151552  sps 1491  opp symm  loss -0.017  pg -0.0039  v 0.006  ev +0.98  adv_std 0.103  tR +0.33  ent[s/d/p/e] 1.77/2.21/1.27/0.43  emits 0.20  spf 121.3  z0 0.84  garr 155.3  tG 1313  e2 0.03  nF 1.9  pS 0.34  ptS 0.32  fLog 0.70  pdΔ -0.1622  pkR 6.45  clip 0.04  kl +0.000
upd   74  steps  153600  sps 1502  opp symm  loss -0.040  pg -0.0267  v 0.005  ev +0.98  adv_std 0.098  tR +0.00  ent[s/d/p/e] 1.75/2.13/1.31/0.42  emits 0.19  spf 108.3  z0 0.84  garr 167.3  tG 1345  e2 0.03  nF 1.8  pS 0.33  ptS 0.32  fLog 0.69  pdΔ -0.1673  pkR 4.47  clip 0.03  kl +0.001
upd   75  steps  155648  sps 1512  opp symm  loss -0.036  pg -0.0234  v 0.005  ev +0.98  adv_std 0.098  tR -0.33  ent[s/d/p/e] 1.64/2.06/1.31/0.40  emits 0.19  spf 117.3  z0 0.85  garr 172.7  tG 1433  e2 0.03  nF 1.6  pS 0.33  ptS 0.32  fLog 0.70  pdΔ -0.1687  pkR 4.31  clip 0.06  kl +0.004
upd   76  steps  157696  sps 1522  opp symm  loss -0.031  pg -0.0193  v 0.008  ev +0.96  adv_std 0.114  tR +0.33  ent[s/d/p/e] 1.63/2.05/1.35/0.44  emits 0.20  spf 119.0  z0 0.85  garr 172.2  tG 1410  e2 0.03  nF 1.7  pS 0.33  ptS 0.32  fLog 0.69  pdΔ -0.1684  pkR 4.68  clip 0.05  kl +0.001
upd   77  steps  159744  sps 1533  opp symm  loss -0.008  pg -0.0065  v 0.027  ev +0.84  adv_std 0.238  tR +0.11  ent[s/d/p/e] 1.50/2.08/1.35/0.38  emits 0.17  spf 100.5  z0 0.86  garr 152.0  tG 1199  e2 0.02  nF 1.7  pS 0.30  ptS 0.29  fLog 0.66  pdΔ -0.1970  pkR 4.50  clip 0.04  kl +0.002
upd   78  steps  161792  sps 1543  opp symm  loss +0.013  pg +0.0211  v 0.013  ev +0.90  adv_std 0.163  tR +0.00  ent[s/d/p/e] 1.18/1.97/1.44/0.42  emits 0.22  spf 62.7  z0 0.82  garr 88.1  tG 553  e2 0.04  nF 2.1  pS 0.21  ptS 0.20  fLog 0.61  pdΔ -0.2922  pkR 7.52  clip 0.05  kl +0.001
upd   79  steps  163840  sps 1553  opp symm  loss +0.012  pg +0.0217  v 0.011  ev +0.94  adv_std 0.148  tR -1.00  ent[s/d/p/e] 1.36/2.09/1.52/0.40  emits 0.18  spf 74.5  z0 0.85  garr 103.6  tG 682  e2 0.02  nF 2.1  pS 0.24  ptS 0.23  fLog 0.63  pdΔ -0.2602  pkR 6.75  clip 0.04  kl -0.001
upd   80  steps  165888  sps 1563  opp symm  loss -0.022  pg -0.0110  v 0.010  ev +0.95  adv_std 0.142  tR -1.00  ent[s/d/p/e] 1.44/2.20/1.49/0.42  emits 0.18  spf 80.2  z0 0.86  garr 126.4  tG 865  e2 0.03  nF 1.7  pS 0.27  ptS 0.26  fLog 0.66  pdΔ -0.2324  pkR 6.53  clip 0.03  kl +0.000
upd   81  steps  167936  sps 1572  opp symm  loss +0.043  pg +0.0540  v 0.009  ev +0.96  adv_std 0.132  tR -0.33  ent[s/d/p/e] 1.52/2.17/1.47/0.41  emits 0.20  spf 89.0  z0 0.84  garr 141.1  tG 985  e2 0.03  nF 1.9  pS 0.28  ptS 0.27  fLog 0.67  pdΔ -0.2186  pkR 6.21  clip 0.05  kl +0.001
upd   82  steps  169984  sps 1582  opp symm  loss +0.065  pg +0.0766  v 0.009  ev +0.96  adv_std 0.136  tR +1.00  ent[s/d/p/e] 1.48/2.19/1.48/0.41  emits 0.17  spf 96.4  z0 0.87  garr 157.9  tG 1105  e2 0.03  nF 1.8  pS 0.29  ptS 0.28  fLog 0.67  pdΔ -0.2094  pkR 5.98  clip 0.05  kl +0.000
upd   83  steps  172032  sps 1591  opp symm  loss -0.031  pg -0.0199  v 0.009  ev +0.96  adv_std 0.129  tR -1.00  ent[s/d/p/e] 1.57/2.16/1.51/0.41  emits 0.17  spf 106.0  z0 0.86  garr 163.2  tG 1166  e2 0.02  nF 1.7  pS 0.30  ptS 0.29  fLog 0.70  pdΔ -0.2030  pkR 6.20  clip 0.04  kl +0.003
upd   84  steps  174080  sps 1601  opp symm  loss +0.000  pg +0.0122  v 0.007  ev +0.97  adv_std 0.118  tR +1.00  ent[s/d/p/e] 1.60/2.10/1.42/0.41  emits 0.17  spf 118.4  z0 0.86  garr 171.1  tG 1255  e2 0.02  nF 1.8  pS 0.30  ptS 0.29  fLog 0.72  pdΔ -0.1997  pkR 5.86  clip 0.02  kl -0.001
upd   85  steps  176128  sps 1610  opp symm  loss +0.044  pg +0.0564  v 0.005  ev +0.98  adv_std 0.099  tR +1.00  ent[s/d/p/e] 1.57/2.12/1.40/0.38  emits 0.17  spf 113.0  z0 0.87  garr 180.3  tG 1232  e2 0.03  nF 1.5  pS 0.29  ptS 0.29  fLog 0.70  pdΔ -0.2069  pkR 5.81  clip 0.04  kl +0.001
upd   86  steps  178176  sps 1619  opp symm  loss -0.016  pg -0.0038  v 0.006  ev +0.98  adv_std 0.100  tR -0.33  ent[s/d/p/e] 1.55/2.05/1.45/0.35  emits 0.15  spf 113.8  z0 0.88  garr 190.3  tG 1283  e2 0.02  nF 1.3  pS 0.29  ptS 0.28  fLog 0.70  pdΔ -0.2123  pkR 4.30  clip 0.04  kl +0.001
upd   87  steps  180224  sps 1628  opp symm  loss -0.043  pg -0.0309  v 0.006  ev +0.97  adv_std 0.107  tR -0.33  ent[s/d/p/e] 1.59/2.03/1.42/0.40  emits 0.15  spf 125.5  z0 0.87  garr 203.3  tG 1399  e2 0.02  nF 1.4  pS 0.30  ptS 0.29  fLog 0.71  pdΔ -0.2044  pkR 4.18  clip 0.07  kl +0.003
upd   88  steps  182272  sps 1637  opp symm  loss -0.001  pg +0.0077  v 0.012  ev +0.95  adv_std 0.148  tR +0.20  ent[s/d/p/e] 1.51/2.04/1.41/0.33  emits 0.13  spf 123.8  z0 0.89  garr 198.2  tG 1411  e2 0.02  nF 1.4  pS 0.29  ptS 0.28  fLog 0.71  pdΔ -0.2088  pkR 4.62  clip 0.07  kl +0.001
upd   89  steps  184320  sps 1646  opp symm  loss -0.007  pg +0.0052  v 0.005  ev +0.98  adv_std 0.093  tR -0.20  ent[s/d/p/e] 1.48/2.03/1.42/0.35  emits 0.13  spf 124.6  z0 0.88  garr 191.7  tG 1375  e2 0.02  nF 1.4  pS 0.27  ptS 0.26  fLog 0.70  pdΔ -0.2259  pkR 4.92  clip 0.05  kl +0.001
upd   90  steps  186368  sps 1655  opp symm  loss +0.034  pg +0.0458  v 0.006  ev +0.98  adv_std 0.100  tR -0.20  ent[s/d/p/e] 1.39/2.03/1.40/0.32  emits 0.14  spf 122.0  z0 0.88  garr 201.9  tG 1444  e2 0.01  nF 1.3  pS 0.27  ptS 0.26  fLog 0.69  pdΔ -0.2322  pkR 5.16  clip 0.06  kl +0.003
upd   91  steps  188416  sps 1663  opp symm  loss -0.017  pg -0.0062  v 0.006  ev +0.98  adv_std 0.099  tR +0.00  ent[s/d/p/e] 1.30/2.08/1.36/0.34  emits 0.10  spf 117.6  z0 0.91  garr 204.1  tG 1375  e2 0.01  nF 1.3  pS 0.25  ptS 0.24  fLog 0.68  pdΔ -0.2511  pkR 5.47  clip 0.05  kl +0.004
upd   92  steps  190464  sps 1672  opp symm  loss -0.018  pg -0.0069  v 0.007  ev +0.97  adv_std 0.115  tR -0.20  ent[s/d/p/e] 1.40/2.08/1.40/0.34  emits 0.14  spf 116.8  z0 0.89  garr 212.0  tG 1412  e2 0.02  nF 1.2  pS 0.25  ptS 0.24  fLog 0.68  pdΔ -0.2504  pkR 4.46  clip 0.03  kl -0.002
upd   93  steps  192512  sps 1680  opp symm  loss -0.011  pg -0.0041  v 0.014  ev +0.92  adv_std 0.169  tR -0.33  ent[s/d/p/e] 1.25/2.00/1.34/0.32  emits 0.13  spf 86.3  z0 0.89  garr 142.6  tG 839  e2 0.02  nF 1.3  pS 0.19  ptS 0.19  fLog 0.63  pdΔ -0.3057  pkR 7.95  clip 0.03  kl -0.001
upd   94  steps  194560  sps 1688  opp symm  loss -0.008  pg +0.0009  v 0.011  ev +0.93  adv_std 0.149  tR +0.00  ent[s/d/p/e] 1.16/2.03/1.38/0.40  emits 0.15  spf 64.9  z0 0.88  garr 118.3  tG 609  e2 0.02  nF 1.4  pS 0.18  ptS 0.18  fLog 0.62  pdΔ -0.3167  pkR 9.45  clip 0.04  kl +0.003
upd   95  steps  196608  sps 1697  opp symm  loss +0.000  pg +0.0122  v 0.006  ev +0.97  adv_std 0.106  tR -0.33  ent[s/d/p/e] 1.33/2.10/1.43/0.41  emits 0.20  spf 73.2  z0 0.84  garr 121.4  tG 717  e2 0.04  nF 1.9  pS 0.23  ptS 0.22  fLog 0.63  pdΔ -0.2725  pkR 8.42  clip 0.05  kl +0.002
upd   96  steps  198656  sps 1705  opp symm  loss +0.017  pg +0.0287  v 0.008  ev +0.96  adv_std 0.120  tR +0.00  ent[s/d/p/e] 1.43/2.12/1.49/0.42  emits 0.20  spf 65.7  z0 0.85  garr 125.0  tG 751  e2 0.03  nF 2.1  pS 0.25  ptS 0.24  fLog 0.63  pdΔ -0.2513  pkR 7.84  clip 0.04  kl +0.001
upd   97  steps  200704  sps 1713  opp symm  loss -0.029  pg -0.0179  v 0.009  ev +0.95  adv_std 0.133  tR +1.00  ent[s/d/p/e] 1.48/2.07/1.44/0.40  emits 0.18  spf 72.5  z0 0.85  garr 130.4  tG 808  e2 0.03  nF 2.0  pS 0.27  ptS 0.25  fLog 0.64  pdΔ -0.2347  pkR 5.76  clip 0.02  kl +0.001
upd   98  steps  202752  sps 1721  opp symm  loss -0.027  pg -0.0164  v 0.009  ev +0.96  adv_std 0.132  tR -1.00  ent[s/d/p/e] 1.58/2.06/1.44/0.39  emits 0.18  spf 90.5  z0 0.86  garr 151.2  tG 966  e2 0.03  nF 1.9  pS 0.28  ptS 0.27  fLog 0.68  pdΔ -0.2156  pkR 5.37  clip 0.04  kl +0.002
[eval_vs_v20] u99 tag=train_u99  bin0=0.0%  spf=0.00  garr=128.50  flip=0.00%  z0=71.9%  e8=0.0%  e2+=0.0%  WLD=0/3/0
upd   99  steps  204800  sps 1729  opp symm  loss -0.001  pg +0.0112  v 0.006  ev +0.98  adv_std 0.103  tR -0.33  ent[s/d/p/e] 1.71/2.04/1.48/0.41  emits 0.20  spf 95.1  z0 0.85  garr 155.3  tG 1040  e2 0.04  nF 2.0  pS 0.30  ptS 0.29  fLog 0.68  pdΔ -0.1977  pkR 4.87  clip 0.04  kl +0.000 WRr 1.00 v20[spf 0.0 flip 0.0% e2+ 0.0%]
upd  100  steps  206848  sps 959  opp symm  loss +0.026  pg +0.0390  v 0.006  ev +0.98  adv_std 0.103  tR +1.00  ent[s/d/p/e] 1.86/2.11/1.40/0.33  emits 0.15  spf 107.8  z0 0.88  garr 175.9  tG 1224  e2 0.02  nF 1.5  pS 0.32  ptS 0.30  fLog 0.71  pdΔ -0.1843  pkR 4.55  clip 0.10  kl +0.005
upd  101  steps  208896  sps 966  opp symm  loss -0.004  pg +0.0087  v 0.006  ev +0.98  adv_std 0.103  tR -0.50  ent[s/d/p/e] 1.82/2.05/1.35/0.35  emits 0.12  spf 119.1  z0 0.90  garr 191.8  tG 1368  e2 0.02  nF 1.2  pS 0.32  ptS 0.31  fLog 0.72  pdΔ -0.1796  pkR 3.20  clip 0.06  kl +0.003
upd  102  steps  210944  sps 973  opp symm  loss +0.019  pg +0.0309  v 0.005  ev +0.98  adv_std 0.091  tR -1.00  ent[s/d/p/e] 1.79/2.09/1.19/0.31  emits 0.11  spf 137.9  z0 0.90  garr 223.6  tG 1633  e2 0.01  nF 1.1  pS 0.33  ptS 0.32  fLog 0.73  pdΔ -0.1670  pkR 3.44  clip 0.01  kl +0.001
upd  103  steps  212992  sps 979  opp symm  loss -0.018  pg -0.0070  v 0.007  ev +0.97  adv_std 0.117  tR +0.00  ent[s/d/p/e] 1.77/2.05/1.34/0.32  emits 0.12  spf 166.7  z0 0.90  garr 246.4  tG 1830  e2 0.01  nF 1.0  pS 0.33  ptS 0.31  fLog 0.75  pdΔ -0.1656  pkR 3.62  clip 0.02  kl +0.000
upd  104  steps  215040  sps 986  opp symm  loss +0.021  pg +0.0320  v 0.008  ev +0.96  adv_std 0.128  tR -0.14  ent[s/d/p/e] 1.64/2.12/1.42/0.33  emits 0.12  spf 152.5  z0 0.90  garr 250.3  tG 1943  e2 0.01  nF 1.0  pS 0.33  ptS 0.31  fLog 0.73  pdΔ -0.1697  pkR 3.38  clip 0.03  kl -0.000
upd  105  steps  217088  sps 992  opp symm  loss -0.035  pg -0.0247  v 0.009  ev +0.96  adv_std 0.135  tR +0.20  ent[s/d/p/e] 1.67/2.15/1.30/0.27  emits 0.12  spf 147.5  z0 0.90  garr 242.9  tG 1863  e2 0.01  nF 1.0  pS 0.32  ptS 0.30  fLog 0.72  pdΔ -0.1829  pkR 3.77  clip 0.05  kl +0.002
upd  106  steps  219136  sps 999  opp symm  loss -0.029  pg -0.0176  v 0.007  ev +0.97  adv_std 0.110  tR +0.20  ent[s/d/p/e] 1.48/2.19/1.41/0.34  emits 0.12  spf 118.5  z0 0.89  garr 246.9  tG 1911  e2 0.01  nF 1.0  pS 0.31  ptS 0.29  fLog 0.68  pdΔ -0.1919  pkR 4.45  clip 0.05  kl +0.002
upd  107  steps  221184  sps 1005  opp symm  loss -0.008  pg +0.0029  v 0.008  ev +0.96  adv_std 0.131  tR +0.20  ent[s/d/p/e] 1.52/2.22/1.44/0.29  emits 0.12  spf 120.0  z0 0.90  garr 243.7  tG 1783  e2 0.02  nF 1.0  pS 0.29  ptS 0.28  fLog 0.70  pdΔ -0.2054  pkR 4.45  clip 0.05  kl +0.001
upd  108  steps  223232  sps 1011  opp symm  loss +0.016  pg +0.0227  v 0.017  ev +0.93  adv_std 0.190  tR -0.05  ent[s/d/p/e] 1.56/2.25/1.52/0.32  emits 0.12  spf 110.3  z0 0.90  garr 244.2  tG 1767  e2 0.01  nF 1.0  pS 0.29  ptS 0.27  fLog 0.69  pdΔ -0.2129  pkR 5.16  clip 0.04  kl +0.001
upd  109  steps  225280  sps 1018  opp symm  loss -0.031  pg -0.0191  v 0.005  ev +0.96  adv_std 0.098  tR -1.00  ent[s/d/p/e] 1.37/2.23/1.48/0.29  emits 0.11  spf 99.5  z0 0.90  garr 136.1  tG 910  e2 0.01  nF 0.9  pS 0.21  ptS 0.21  fLog 0.67  pdΔ -0.2853  pkR 10.78  clip 0.04  kl +0.001
upd  110  steps  227328  sps 1024  opp symm  loss -0.052  pg -0.0416  v 0.008  ev +0.93  adv_std 0.131  tR -1.00  ent[s/d/p/e] 1.33/2.21/1.48/0.32  emits 0.12  spf 82.7  z0 0.90  garr 157.0  tG 1095  e2 0.01  nF 1.0  pS 0.25  ptS 0.24  fLog 0.65  pdΔ -0.2543  pkR 8.61  clip 0.02  kl +0.001
upd  111  steps  229376  sps 1030  opp symm  loss -0.024  pg -0.0130  v 0.009  ev +0.92  adv_std 0.129  tR +0.00  ent[s/d/p/e] 1.51/2.31/1.42/0.31  emits 0.11  spf 101.2  z0 0.90  garr 179.9  tG 1295  e2 0.01  nF 0.9  pS 0.27  ptS 0.26  fLog 0.69  pdΔ -0.2332  pkR 8.43  clip 0.01  kl +0.001
upd  112  steps  231424  sps 1036  opp symm  loss -0.077  pg -0.0649  v 0.006  ev +0.96  adv_std 0.108  tR +1.00  ent[s/d/p/e] 1.55/2.33/1.41/0.35  emits 0.13  spf 100.4  z0 0.89  garr 183.0  tG 1220  e2 0.02  nF 1.1  pS 0.26  ptS 0.26  fLog 0.69  pdΔ -0.2393  pkR 8.75  clip 0.07  kl +0.003
upd  113  steps  233472  sps 1042  opp symm  loss -0.041  pg -0.0298  v 0.008  ev +0.94  adv_std 0.124  tR +0.00  ent[s/d/p/e] 1.61/2.26/1.32/0.32  emits 0.14  spf 110.1  z0 0.89  garr 194.6  tG 1281  e2 0.02  nF 1.4  pS 0.28  ptS 0.27  fLog 0.71  pdΔ -0.2208  pkR 5.26  clip 0.05  kl +0.001
upd  114  steps  235520  sps 1048  opp symm  loss -0.016  pg -0.0043  v 0.007  ev +0.95  adv_std 0.117  tR +1.00  ent[s/d/p/e] 1.62/2.21/1.31/0.32  emits 0.12  spf 119.5  z0 0.89  garr 209.1  tG 1428  e2 0.01  nF 1.1  pS 0.29  ptS 0.29  fLog 0.71  pdΔ -0.2052  pkR 3.93  clip 0.04  kl +0.001
upd  115  steps  237568  sps 1055  opp symm  loss -0.042  pg -0.0319  v 0.009  ev +0.95  adv_std 0.134  tR +0.00  ent[s/d/p/e] 1.67/2.18/1.29/0.33  emits 0.12  spf 117.4  z0 0.90  garr 235.4  tG 1691  e2 0.02  nF 1.0  pS 0.31  ptS 0.30  fLog 0.72  pdΔ -0.1868  pkR 3.72  clip 0.04  kl +0.001
upd  116  steps  239616  sps 1061  opp symm  loss -0.031  pg -0.0194  v 0.006  ev +0.97  adv_std 0.103  tR +1.00  ent[s/d/p/e] 1.76/2.15/1.32/0.32  emits 0.13  spf 151.3  z0 0.89  garr 259.2  tG 1934  e2 0.02  nF 1.0  pS 0.33  ptS 0.32  fLog 0.74  pdΔ -0.1731  pkR 3.57  clip 0.01  kl +0.001
upd  117  steps  241664  sps 1067  opp symm  loss -0.071  pg -0.0582  v 0.003  ev +0.99  adv_std 0.074  tR +0.00  ent[s/d/p/e] 1.69/2.07/1.18/0.32  emits 0.11  spf 156.6  z0 0.90  garr 269.6  tG 2026  e2 0.01  nF 0.9  pS 0.32  ptS 0.31  fLog 0.73  pdΔ -0.1840  pkR 3.35  clip 0.04  kl +0.003
upd  118  steps  243712  sps 1073  opp symm  loss -0.013  pg -0.0020  v 0.005  ev +0.97  adv_std 0.094  tR +0.00  ent[s/d/p/e] 1.74/2.09/1.13/0.27  emits 0.11  spf 173.2  z0 0.91  garr 296.2  tG 2289  e2 0.02  nF 0.9  pS 0.33  ptS 0.32  fLog 0.75  pdΔ -0.1728  pkR 3.29  clip 0.06  kl +0.002
upd  119  steps  245760  sps 1079  opp symm  loss -0.070  pg -0.0591  v 0.005  ev +0.97  adv_std 0.100  tR +1.00  ent[s/d/p/e] 1.67/2.10/1.11/0.32  emits 0.10  spf 170.0  z0 0.92  garr 310.6  tG 2367  e2 0.01  nF 0.7  pS 0.31  ptS 0.31  fLog 0.74  pdΔ -0.1881  pkR 4.04  clip 0.05  kl +0.003
upd  120  steps  247808  sps 1084  opp symm  loss +0.002  pg +0.0099  v 0.011  ev +0.94  adv_std 0.142  tR +0.20  ent[s/d/p/e] 1.45/1.94/1.17/0.29  emits 0.12  spf 130.9  z0 0.90  garr 288.5  tG 2075  e2 0.02  nF 1.0  pS 0.28  ptS 0.28  fLog 0.69  pdΔ -0.2173  pkR 5.24  clip 0.04  kl +0.001
upd  121  steps  249856  sps 1090  opp symm  loss -0.011  pg -0.0003  v 0.006  ev +0.97  adv_std 0.110  tR +0.20  ent[s/d/p/e] 1.38/2.02/1.22/0.29  emits 0.09  spf 122.9  z0 0.92  garr 279.1  tG 1925  e2 0.01  nF 0.9  pS 0.27  ptS 0.26  fLog 0.69  pdΔ -0.2307  pkR 5.66  clip 0.03  kl +0.001
upd  122  steps  251904  sps 1096  opp symm  loss +0.023  pg +0.0310  v 0.010  ev +0.95  adv_std 0.146  tR -0.20  ent[s/d/p/e] 1.41/2.03/1.18/0.30  emits 0.13  spf 95.4  z0 0.90  garr 275.0  tG 1872  e2 0.02  nF 1.1  pS 0.27  ptS 0.27  fLog 0.65  pdΔ -0.2266  pkR 4.97  clip 0.03  kl +0.004
upd  123  steps  253952  sps 1102  opp symm  loss -0.023  pg -0.0162  v 0.014  ev +0.94  adv_std 0.164  tR -0.33  ent[s/d/p/e] 1.37/2.10/1.29/0.31  emits 0.11  spf 103.7  z0 0.91  garr 278.7  tG 1974  e2 0.02  nF 1.2  pS 0.29  ptS 0.28  fLog 0.65  pdΔ -0.2079  pkR 5.72  clip 0.02  kl -0.000
upd  124  steps  256000  sps 1108  opp symm  loss -0.059  pg -0.0564  v 0.023  ev +0.90  adv_std 0.213  tR +0.44  ent[s/d/p/e] 1.40/1.98/1.31/0.32  emits 0.15  spf 75.6  z0 0.89  garr 224.0  tG 1489  e2 0.02  nF 1.1  pS 0.25  ptS 0.24  fLog 0.63  pdΔ -0.2472  pkR 7.78  clip 0.03  kl -0.001
upd  125  steps  258048  sps 1114  opp symm  loss -0.030  pg -0.0177  v 0.003  ev +0.99  adv_std 0.075  tR -1.00  ent[s/d/p/e] 1.27/1.91/1.35/0.35  emits 0.17  spf 70.9  z0 0.87  garr 166.5  tG 966  e2 0.03  nF 1.5  pS 0.22  ptS 0.21  fLog 0.63  pdΔ -0.2788  pkR 7.87  clip 0.05  kl +0.000
upd  126  steps  260096  sps 1119  opp symm  loss -0.027  pg -0.0194  v 0.013  ev +0.95  adv_std 0.167  tR +0.00  ent[s/d/p/e] 1.35/1.95/1.34/0.37  emits 0.18  spf 68.8  z0 0.86  garr 185.5  tG 1092  e2 0.03  nF 1.7  pS 0.25  ptS 0.24  fLog 0.63  pdΔ -0.2529  pkR 7.90  clip 0.04  kl -0.001
upd  127  steps  262144  sps 1125  opp symm  loss +0.069  pg +0.0810  v 0.006  ev +0.98  adv_std 0.108  tR +0.60  ent[s/d/p/e] 1.49/2.00/1.35/0.38  emits 0.18  spf 82.1  z0 0.87  garr 191.6  tG 1191  e2 0.03  nF 1.7  pS 0.27  ptS 0.26  fLog 0.65  pdΔ -0.2308  pkR 7.90  clip 0.04  kl +0.003
upd  128  steps  264192  sps 1131  opp symm  loss +0.067  pg +0.0793  v 0.005  ev +0.98  adv_std 0.100  tR -1.00  ent[s/d/p/e] 1.49/1.91/1.41/0.36  emits 0.18  spf 71.2  z0 0.86  garr 185.0  tG 1149  e2 0.03  nF 2.0  pS 0.28  ptS 0.26  fLog 0.63  pdΔ -0.2196  pkR 6.39  clip 0.06  kl +0.004
upd  129  steps  266240  sps 1136  opp symm  loss -0.023  pg -0.0138  v 0.011  ev +0.96  adv_std 0.149  tR +0.00  ent[s/d/p/e] 1.51/1.89/1.43/0.31  emits 0.12  spf 88.2  z0 0.90  garr 213.3  tG 1439  e2 0.01  nF 1.6  pS 0.30  ptS 0.28  fLog 0.66  pdΔ -0.2025  pkR 5.69  clip 0.03  kl +0.003
upd  130  steps  268288  sps 1142  opp symm  loss +0.002  pg +0.0087  v 0.015  ev +0.95  adv_std 0.165  tR +0.00  ent[s/d/p/e] 1.50/1.71/1.40/0.26  emits 0.12  spf 88.5  z0 0.91  garr 239.5  tG 1693  e2 0.02  nF 1.3  pS 0.31  ptS 0.29  fLog 0.66  pdΔ -0.1918  pkR 4.95  clip 0.05  kl +0.002
upd  131  steps  270336  sps 1147  opp symm  loss +0.011  pg +0.0221  v 0.005  ev +0.98  adv_std 0.095  tR -1.00  ent[s/d/p/e] 1.64/1.76/1.26/0.26  emits 0.08  spf 110.2  z0 0.93  garr 289.5  tG 2060  e2 0.01  nF 1.0  pS 0.33  ptS 0.31  fLog 0.68  pdΔ -0.1731  pkR 4.46  clip 0.03  kl +0.003
upd  132  steps  272384  sps 1153  opp symm  loss -0.058  pg -0.0488  v 0.009  ev +0.96  adv_std 0.132  tR +0.00  ent[s/d/p/e] 1.51/1.78/1.35/0.25  emits 0.13  spf 122.7  z0 0.90  garr 322.2  tG 2295  e2 0.02  nF 1.0  pS 0.33  ptS 0.31  fLog 0.66  pdΔ -0.1672  pkR 4.45  clip 0.03  kl +0.002
upd  133  steps  274432  sps 1158  opp symm  loss +0.038  pg +0.0493  v 0.005  ev +0.98  adv_std 0.095  tR +0.00  ent[s/d/p/e] 1.45/1.71/1.40/0.25  emits 0.09  spf 99.5  z0 0.93  garr 340.2  tG 2474  e2 0.02  nF 1.1  pS 0.33  ptS 0.31  fLog 0.64  pdΔ -0.1672  pkR 4.90  clip 0.02  kl +0.001
upd  134  steps  276480  sps 1164  opp symm  loss +0.047  pg +0.0578  v 0.006  ev +0.98  adv_std 0.112  tR +0.67  ent[s/d/p/e] 1.60/1.77/1.44/0.29  emits 0.14  spf 101.3  z0 0.91  garr 359.9  tG 2704  e2 0.02  nF 1.2  pS 0.34  ptS 0.32  fLog 0.64  pdΔ -0.1638  pkR 5.20  clip 0.05  kl +0.002
upd  135  steps  278528  sps 1169  opp symm  loss -0.005  pg -0.0003  v 0.018  ev +0.93  adv_std 0.193  tR -0.43  ent[s/d/p/e] 1.35/1.64/1.49/0.28  emits 0.15  spf 103.5  z0 0.89  garr 335.6  tG 2442  e2 0.02  nF 1.3  pS 0.32  ptS 0.30  fLog 0.61  pdΔ -0.1845  pkR 5.69  clip 0.04  kl +0.001
upd  136  steps  280576  sps 1175  opp symm  loss +0.032  pg +0.0411  v 0.010  ev +0.96  adv_std 0.145  tR +0.00  ent[s/d/p/e] 1.33/1.84/1.50/0.28  emits 0.12  spf 85.4  z0 0.91  garr 319.7  tG 2252  e2 0.02  nF 1.1  pS 0.30  ptS 0.29  fLog 0.63  pdΔ -0.2042  pkR 5.92  clip 0.03  kl +0.001
upd  137  steps  282624  sps 1180  opp symm  loss +0.031  pg +0.0399  v 0.009  ev +0.97  adv_std 0.133  tR +0.20  ent[s/d/p/e] 1.27/1.83/1.47/0.27  emits 0.12  spf 97.2  z0 0.90  garr 314.7  tG 2207  e2 0.02  nF 1.2  pS 0.29  ptS 0.28  fLog 0.65  pdΔ -0.2051  pkR 5.62  clip 0.04  kl +0.001
upd  138  steps  284672  sps 1186  opp symm  loss +0.009  pg +0.0193  v 0.008  ev +0.97  adv_std 0.126  tR -0.20  ent[s/d/p/e] 1.32/1.87/1.50/0.28  emits 0.13  spf 118.6  z0 0.90  garr 296.2  tG 2129  e2 0.02  nF 1.2  pS 0.30  ptS 0.29  fLog 0.66  pdΔ -0.2044  pkR 5.40  clip 0.04  kl +0.000
upd  139  steps  286720  sps 1191  opp symm  loss +0.051  pg +0.0601  v 0.011  ev +0.96  adv_std 0.152  tR +1.00  ent[s/d/p/e] 1.36/1.88/1.53/0.28  emits 0.11  spf 103.1  z0 0.91  garr 302.1  tG 2222  e2 0.01  nF 1.2  pS 0.31  ptS 0.30  fLog 0.66  pdΔ -0.1891  pkR 5.70  clip 0.02  kl +0.001
upd  140  steps  288768  sps 1196  opp symm  loss -0.042  pg -0.0341  v 0.013  ev +0.95  adv_std 0.159  tR +0.22  ent[s/d/p/e] 1.24/1.77/1.54/0.30  emits 0.14  spf 89.9  z0 0.89  garr 169.2  tG 1087  e2 0.02  nF 1.2  pS 0.23  ptS 0.22  fLog 0.64  pdΔ -0.2683  pkR 8.28  clip 0.04  kl +0.001
upd  141  steps  290816  sps 1201  opp symm  loss -0.064  pg -0.0525  v 0.007  ev +0.97  adv_std 0.120  tR -1.00  ent[s/d/p/e] 1.37/1.85/1.58/0.35  emits 0.16  spf 77.8  z0 0.88  garr 181.3  tG 1216  e2 0.03  nF 1.4  pS 0.26  ptS 0.26  fLog 0.64  pdΔ -0.2422  pkR 5.47  clip 0.04  kl +0.002
upd  142  steps  292864  sps 1207  opp symm  loss -0.023  pg -0.0110  v 0.007  ev +0.97  adv_std 0.115  tR -1.00  ent[s/d/p/e] 1.57/2.06/1.54/0.35  emits 0.17  spf 96.7  z0 0.87  garr 203.9  tG 1464  e2 0.03  nF 1.6  pS 0.30  ptS 0.29  fLog 0.67  pdΔ -0.2050  pkR 4.62  clip 0.03  kl +0.001
upd  143  steps  294912  sps 1212  opp symm  loss -0.088  pg -0.0730  v 0.003  ev +0.99  adv_std 0.068  tR -0.20  ent[s/d/p/e] 1.66/2.15/1.62/0.36  emits 0.16  spf 107.1  z0 0.88  garr 216.1  tG 1616  e2 0.02  nF 1.6  pS 0.32  ptS 0.31  fLog 0.70  pdΔ -0.1845  pkR 4.40  clip 0.04  kl +0.001
upd  144  steps  296960  sps 1217  opp symm  loss -0.055  pg -0.0408  v 0.004  ev +0.98  adv_std 0.086  tR +0.33  ent[s/d/p/e] 1.64/2.06/1.54/0.37  emits 0.16  spf 119.2  z0 0.87  garr 231.5  tG 1723  e2 0.03  nF 1.6  pS 0.32  ptS 0.32  fLog 0.70  pdΔ -0.1756  pkR 4.30  clip 0.05  kl -0.000
upd  145  steps  299008  sps 1222  opp symm  loss -0.087  pg -0.0749  v 0.006  ev +0.98  adv_std 0.102  tR +1.00  ent[s/d/p/e] 1.74/2.05/1.44/0.34  emits 0.15  spf 135.4  z0 0.88  garr 235.9  tG 1791  e2 0.02  nF 1.2  pS 0.31  ptS 0.31  fLog 0.72  pdΔ -0.1861  pkR 4.38  clip 0.04  kl +0.001
upd  146  steps  301056  sps 1227  opp symm  loss -0.071  pg -0.0576  v 0.005  ev +0.98  adv_std 0.098  tR -1.00  ent[s/d/p/e] 1.72/1.98/1.49/0.37  emits 0.15  spf 156.2  z0 0.89  garr 264.0  tG 2005  e2 0.03  nF 1.1  pS 0.32  ptS 0.32  fLog 0.74  pdΔ -0.1759  pkR 4.45  clip 0.05  kl +0.001
upd  147  steps  303104  sps 1232  opp symm  loss -0.004  pg +0.0044  v 0.014  ev +0.94  adv_std 0.171  tR -0.33  ent[s/d/p/e] 1.73/1.89/1.56/0.32  emits 0.14  spf 164.5  z0 0.89  garr 279.8  tG 2193  e2 0.02  nF 1.0  pS 0.33  ptS 0.33  fLog 0.74  pdΔ -0.1682  pkR 4.19  clip 0.03  kl -0.001
upd  148  steps  305152  sps 1237  opp symm  loss -0.059  pg -0.0470  v 0.006  ev +0.98  adv_std 0.102  tR +0.50  ent[s/d/p/e] 1.61/1.82/1.53/0.32  emits 0.13  spf 149.0  z0 0.89  garr 280.6  tG 2178  e2 0.02  nF 1.1  pS 0.32  ptS 0.31  fLog 0.72  pdΔ -0.1808  pkR 4.02  clip 0.02  kl +0.001
upd  149  steps  307200  sps 1242  opp symm  loss -0.013  pg -0.0013  v 0.006  ev +0.98  adv_std 0.100  tR -1.00  ent[s/d/p/e] 1.58/1.85/1.44/0.33  emits 0.14  spf 123.3  z0 0.89  garr 304.5  tG 2392  e2 0.02  nF 1.1  pS 0.33  ptS 0.32  fLog 0.69  pdΔ -0.1722  pkR 3.68  clip 0.02  kl -0.000
upd  150  steps  309248  sps 1247  opp symm  loss +0.055  pg +0.0673  v 0.004  ev +0.99  adv_std 0.084  tR +0.43  ent[s/d/p/e] 1.53/1.82/1.36/0.30  emits 0.13  spf 144.9  z0 0.90  garr 297.2  tG 2409  e2 0.02  nF 1.0  pS 0.32  ptS 0.31  fLog 0.68  pdΔ -0.1835  pkR 3.91  clip 0.02  kl +0.000
upd  151  steps  311296  sps 1252  opp symm  loss -0.025  pg -0.0174  v 0.012  ev +0.95  adv_std 0.159  tR +0.43  ent[s/d/p/e] 1.47/1.84/1.47/0.32  emits 0.13  spf 136.0  z0 0.90  garr 263.5  tG 2103  e2 0.02  nF 1.1  pS 0.30  ptS 0.29  fLog 0.69  pdΔ -0.2020  pkR 4.83  clip 0.03  kl +0.001
upd  152  steps  313344  sps 1257  opp symm  loss -0.031  pg -0.0207  v 0.009  ev +0.97  adv_std 0.131  tR -0.50  ent[s/d/p/e] 1.47/1.86/1.49/0.31  emits 0.15  spf 99.5  z0 0.88  garr 260.9  tG 1963  e2 0.02  nF 1.2  pS 0.29  ptS 0.28  fLog 0.67  pdΔ -0.2075  pkR 5.78  clip 0.05  kl +0.002
upd  153  steps  315392  sps 1262  opp symm  loss +0.013  pg +0.0241  v 0.007  ev +0.98  adv_std 0.117  tR +0.00  ent[s/d/p/e] 1.46/1.79/1.54/0.35  emits 0.13  spf 111.0  z0 0.90  garr 256.5  tG 1952  e2 0.02  nF 1.2  pS 0.30  ptS 0.30  fLog 0.67  pdΔ -0.1955  pkR 5.99  clip 0.05  kl +0.003
upd  154  steps  317440  sps 1267  opp symm  loss -0.048  pg -0.0381  v 0.011  ev +0.96  adv_std 0.141  tR +0.60  ent[s/d/p/e] 1.32/1.85/1.62/0.33  emits 0.16  spf 102.6  z0 0.88  garr 241.5  tG 1806  e2 0.02  nF 1.4  pS 0.29  ptS 0.28  fLog 0.68  pdΔ -0.2131  pkR 6.01  clip 0.05  kl +0.002