
=== [2026-06-10T17:08:34Z] v14d_binary_v2_a_p0i0_ORBITWARS_SHAPING_CAPTURE_0.02_7683c958e8 phase=a kind=probe chunk=400 env={"ORBITWARS_SHAPING_HOLD_BONUS": 0.004, "ORBITWARS_SHAPING_CAPTURE": 0.02, "ORBITWARS_SHAPING_RELEASE": 0.0075, "ORBITWARS_SHAPING_RELEASE_K": 17.0, "ORBITWARS_SHAPING_PROD_SHARE_DELTA": 0.025, "ORBITWARS_SHAPING_ONE_SHIP_PENALTY": 0.025} ppo={"ent_coef_emit": 0.004, "lr_peak": 4e-05} ===
[reward] kaggle-aligned: terminal +1 win/+1 tie>0/-1 loss/-1 double-wipeout; is_terminal at step >= episode_steps-2; SHAPING_SCALE=0.0; v1: KEEP_HOME=0.0 FLEET_SIZE=0.0/norm20.0; v2 (expert-replay calibrated): PROD_SHARE=0.0 PLANET_SHARE=0.0 FLEET_LOG=0.0/ref500.0/floor0.3; v3 (top10-2630ep calibrated): PROD_SHARE_DELTA=0.025 EMIT_LOG=0.0 EMIT_GATED=0.0 RELEASE=0.0075/K17.0 CAPTURE=0.02; episode_steps=500 (kaggle=500, mismatch=False)
[symmetric] Frog Parade style: same params drive BOTH players, no frozen/strong/buffer opponents, zero_sum_value=True
upd    0  steps    2048  sps 38  opp symm  loss -0.052  pg -0.0456  v 0.005  ev -0.84  adv_std 0.104  tR +0.00  ent[s/d/p/e] 0.38/1.14/1.15/0.29  emits 0.44  spf 13.0  z0 0.71  garr 13.9  tG 19  e2 0.09  nF 2.6  pS 0.07  ptS 0.07  fLog 0.39  pdΔ -0.4318  pkR 5.85  clip 0.00  kl +0.000
upd    1  steps    4096  sps 75  opp symm  loss -0.052  pg -0.0444  v 0.005  ev +0.17  adv_std 0.093  tR -1.00  ent[s/d/p/e] 0.81/1.24/1.10/0.47  emits 1.01  spf 13.1  z0 0.53  garr 13.6  tG 39  e2 0.26  nF 10.1  pS 0.13  ptS 0.12  fLog 0.38  pdΔ -0.3722  pkR 7.85  clip 0.07  kl +0.002
upd    2  steps    6144  sps 111  opp symm  loss +0.037  pg +0.0474  v 0.003  ev +0.26  adv_std 0.070  tR +0.00  ent[s/d/p/e] 1.08/1.51/1.07/0.57  emits 1.13  spf 16.1  z0 0.48  garr 17.8  tG 82  e2 0.28  nF 15.4  pS 0.18  ptS 0.17  fLog 0.40  pdΔ -0.3165  pkR 9.44  clip 0.34  kl +0.010
upd    3  steps    8192  sps 146  opp symm  loss +0.047  pg +0.0577  v 0.004  ev +0.37  adv_std 0.079  tR +0.00  ent[s/d/p/e] 1.32/1.76/1.10/0.59  emits 1.31  spf 19.6  z0 0.44  garr 21.5  tG 126  e2 0.32  nF 17.9  pS 0.23  ptS 0.22  fLog 0.41  pdΔ -0.2668  pkR 8.55  clip 0.15  kl +0.003
upd    4  steps   10240  sps 181  opp symm  loss +0.063  pg +0.0739  v 0.005  ev +0.47  adv_std 0.091  tR +1.00  ent[s/d/p/e] 1.48/1.88/1.12/0.60  emits 1.27  spf 22.2  z0 0.46  garr 24.5  tG 173  e2 0.31  nF 18.8  pS 0.26  ptS 0.25  fLog 0.43  pdΔ -0.2351  pkR 8.28  clip 0.29  kl +0.006
upd    5  steps   12288  sps 215  opp symm  loss -0.011  pg +0.0002  v 0.006  ev +0.59  adv_std 0.101  tR -0.33  ent[s/d/p/e] 1.59/1.96/1.15/0.58  emits 1.45  spf 22.5  z0 0.42  garr 24.5  tG 198  e2 0.34  nF 19.9  pS 0.30  ptS 0.28  fLog 0.43  pdΔ -0.2050  pkR 7.33  clip 0.30  kl +0.006
upd    6  steps   14336  sps 248  opp symm  loss -0.003  pg +0.0078  v 0.007  ev +0.61  adv_std 0.111  tR +0.00  ent[s/d/p/e] 1.61/2.00/1.12/0.59  emits 1.46  spf 24.4  z0 0.44  garr 28.2  tG 247  e2 0.35  nF 20.4  pS 0.32  ptS 0.31  fLog 0.44  pdΔ -0.1802  pkR 7.80  clip 0.32  kl +0.004
upd    7  steps   16384  sps 280  opp symm  loss +0.033  pg +0.0456  v 0.003  ev +0.84  adv_std 0.078  tR +1.00  ent[s/d/p/e] 1.69/2.06/1.09/0.59  emits 1.46  spf 25.5  z0 0.42  garr 29.5  tG 283  e2 0.35  nF 19.8  pS 0.34  ptS 0.33  fLog 0.45  pdΔ -0.1594  pkR 9.38  clip 0.30  kl +0.006
upd    8  steps   18432  sps 311  opp symm  loss +0.029  pg +0.0407  v 0.005  ev +0.86  adv_std 0.091  tR +1.00  ent[s/d/p/e] 1.69/2.02/1.11/0.59  emits 1.44  spf 27.4  z0 0.43  garr 31.6  tG 323  e2 0.35  nF 19.7  pS 0.34  ptS 0.33  fLog 0.44  pdΔ -0.1617  pkR 11.23  clip 0.21  kl +0.007
upd    9  steps   20480  sps 342  opp symm  loss +0.019  pg +0.0310  v 0.004  ev +0.92  adv_std 0.084  tR -1.00  ent[s/d/p/e] 1.74/2.04/1.13/0.59  emits 1.44  spf 29.8  z0 0.43  garr 30.7  tG 332  e2 0.34  nF 19.2  pS 0.35  ptS 0.34  fLog 0.45  pdΔ -0.1483  pkR 11.48  clip 0.28  kl +0.013
upd   10  steps   22528  sps 373  opp symm  loss +0.054  pg +0.0646  v 0.006  ev +0.90  adv_std 0.098  tR +0.00  ent[s/d/p/e] 1.78/2.07/1.10/0.57  emits 1.78  spf 24.1  z0 0.37  garr 28.9  tG 332  e2 0.42  nF 21.9  pS 0.37  ptS 0.36  fLog 0.43  pdΔ -0.1336  pkR 9.42  clip 0.32  kl +0.010
upd   11  steps   24576  sps 402  opp symm  loss +0.031  pg +0.0426  v 0.005  ev +0.93  adv_std 0.095  tR +0.00  ent[s/d/p/e] 1.79/2.07/1.08/0.57  emits 1.62  spf 27.3  z0 0.40  garr 31.9  tG 385  e2 0.38  nF 22.6  pS 0.38  ptS 0.38  fLog 0.44  pdΔ -0.1175  pkR 9.70  clip 0.30  kl +0.012
upd   12  steps   26624  sps 431  opp symm  loss +0.041  pg +0.0516  v 0.007  ev +0.93  adv_std 0.120  tR +1.00  ent[s/d/p/e] 1.82/2.11/1.12/0.55  emits 1.44  spf 27.3  z0 0.45  garr 32.9  tG 415  e2 0.33  nF 19.9  pS 0.37  ptS 0.37  fLog 0.44  pdΔ -0.1306  pkR 13.56  clip 0.23  kl +0.005
upd   13  steps   28672  sps 459  opp symm  loss -0.000  pg +0.0120  v 0.004  ev +0.97  adv_std 0.090  tR -0.50  ent[s/d/p/e] 1.78/2.09/1.12/0.55  emits 1.27  spf 27.0  z0 0.50  garr 27.5  tG 309  e2 0.29  nF 17.0  pS 0.34  ptS 0.33  fLog 0.45  pdΔ -0.1649  pkR 8.66  clip 0.20  kl +0.001
upd   14  steps   30720  sps 487  opp symm  loss -0.018  pg -0.0061  v 0.005  ev +0.96  adv_std 0.100  tR -0.20  ent[s/d/p/e] 1.79/2.11/1.16/0.54  emits 1.12  spf 28.4  z0 0.53  garr 28.1  tG 313  e2 0.25  nF 14.7  pS 0.32  ptS 0.31  fLog 0.46  pdΔ -0.1833  pkR 11.75  clip 0.21  kl +0.006
upd   15  steps   32768  sps 514  opp symm  loss +0.049  pg +0.0486  v 0.029  ev +0.79  adv_std 0.254  tR -0.12  ent[s/d/p/e] 1.50/1.95/1.23/0.47  emits 0.89  spf 27.2  z0 0.56  garr 24.6  tG 208  e2 0.20  nF 9.9  pS 0.23  ptS 0.23  fLog 0.46  pdΔ -0.2655  pkR 17.64  clip 0.14  kl +0.004
upd   16  steps   34816  sps 541  opp symm  loss +0.039  pg +0.0483  v 0.007  ev +0.89  adv_std 0.115  tR +0.00  ent[s/d/p/e] 1.16/1.70/1.25/0.49  emits 0.81  spf 23.7  z0 0.56  garr 21.9  tG 132  e2 0.19  nF 7.9  pS 0.18  ptS 0.17  fLog 0.45  pdΔ -0.3229  pkR 24.07  clip 0.12  kl +0.002
upd   17  steps   36864  sps 567  opp symm  loss +0.006  pg +0.0156  v 0.007  ev +0.92  adv_std 0.117  tR -1.00  ent[s/d/p/e] 1.24/1.75/1.21/0.54  emits 0.91  spf 25.0  z0 0.54  garr 24.8  tG 161  e2 0.22  nF 10.0  pS 0.22  ptS 0.20  fLog 0.46  pdΔ -0.2816  pkR 9.29  clip 0.24  kl +0.004
upd   18  steps   38912  sps 593  opp symm  loss +0.008  pg +0.0167  v 0.010  ev +0.91  adv_std 0.145  tR +0.00  ent[s/d/p/e] 1.37/1.82/1.23/0.56  emits 1.02  spf 29.1  z0 0.52  garr 29.5  tG 238  e2 0.25  nF 10.5  pS 0.26  ptS 0.24  fLog 0.47  pdΔ -0.2437  pkR 10.10  clip 0.28  kl +0.002
upd   19  steps   40960  sps 618  opp symm  loss +0.041  pg +0.0509  v 0.009  ev +0.93  adv_std 0.138  tR -1.00  ent[s/d/p/e] 1.51/1.94/1.20/0.58  emits 1.06  spf 30.4  z0 0.51  garr 32.3  tG 285  e2 0.26  nF 11.3  pS 0.30  ptS 0.28  fLog 0.47  pdΔ -0.2009  pkR 9.84  clip 0.25  kl +0.005
upd   20  steps   43008  sps 643  opp symm  loss +0.042  pg +0.0518  v 0.009  ev +0.93  adv_std 0.133  tR +1.00  ent[s/d/p/e] 1.52/1.99/1.22/0.58  emits 1.02  spf 31.9  z0 0.53  garr 34.4  tG 301  e2 0.24  nF 11.0  pS 0.30  ptS 0.28  fLog 0.48  pdΔ -0.1996  pkR 9.96  clip 0.19  kl +0.006
upd   21  steps   45056  sps 667  opp symm  loss +0.009  pg +0.0183  v 0.009  ev +0.93  adv_std 0.132  tR -0.33  ent[s/d/p/e] 1.52/1.97/1.21/0.58  emits 1.03  spf 31.3  z0 0.51  garr 30.7  tG 243  e2 0.24  nF 11.4  pS 0.28  ptS 0.26  fLog 0.48  pdΔ -0.2164  pkR 10.46  clip 0.17  kl +0.008
upd   22  steps   47104  sps 690  opp symm  loss -0.003  pg +0.0084  v 0.006  ev +0.96  adv_std 0.110  tR +0.00  ent[s/d/p/e] 1.49/1.95/1.22/0.58  emits 1.00  spf 30.8  z0 0.52  garr 31.7  tG 272  e2 0.25  nF 11.2  pS 0.29  ptS 0.27  fLog 0.48  pdΔ -0.2069  pkR 9.27  clip 0.23  kl +0.007
upd   23  steps   49152  sps 714  opp symm  loss +0.055  pg +0.0655  v 0.007  ev +0.95  adv_std 0.119  tR +0.00  ent[s/d/p/e] 1.66/2.05/1.19/0.59  emits 1.06  spf 31.5  z0 0.53  garr 32.2  tG 311  e2 0.26  nF 11.3  pS 0.31  ptS 0.30  fLog 0.48  pdΔ -0.1865  pkR 8.44  clip 0.20  kl +0.005
upd   24  steps   51200  sps 737  opp symm  loss +0.019  pg +0.0285  v 0.009  ev +0.96  adv_std 0.136  tR -0.33  ent[s/d/p/e] 1.66/2.03/1.14/0.58  emits 1.16  spf 31.2  z0 0.49  garr 34.7  tG 365  e2 0.27  nF 11.4  pS 0.33  ptS 0.32  fLog 0.48  pdΔ -0.1710  pkR 10.16  clip 0.21  kl +0.005
upd   25  steps   53248  sps 759  opp symm  loss +0.045  pg +0.0552  v 0.007  ev +0.97  adv_std 0.119  tR +0.00  ent[s/d/p/e] 1.67/1.97/1.12/0.59  emits 1.22  spf 30.3  z0 0.48  garr 36.1  tG 401  e2 0.29  nF 13.5  pS 0.35  ptS 0.34  fLog 0.46  pdΔ -0.1504  pkR 10.75  clip 0.28  kl +0.012
upd   26  steps   55296  sps 781  opp symm  loss +0.036  pg +0.0460  v 0.008  ev +0.97  adv_std 0.127  tR +0.60  ent[s/d/p/e] 1.70/2.00/1.14/0.57  emits 1.24  spf 33.6  z0 0.47  garr 37.2  tG 434  e2 0.30  nF 14.2  pS 0.36  ptS 0.35  fLog 0.47  pdΔ -0.1378  pkR 10.23  clip 0.14  kl +0.005
upd   27  steps   57344  sps 803  opp symm  loss +0.021  pg +0.0298  v 0.011  ev +0.96  adv_std 0.154  tR +0.33  ent[s/d/p/e] 1.67/1.98/1.12/0.56  emits 1.22  spf 37.7  z0 0.49  garr 37.5  tG 446  e2 0.28  nF 13.3  pS 0.35  ptS 0.34  fLog 0.48  pdΔ -0.1504  pkR 12.61  clip 0.17  kl +0.006
upd   28  steps   59392  sps 824  opp symm  loss +0.032  pg +0.0423  v 0.006  ev +0.98  adv_std 0.109  tR +0.50  ent[s/d/p/e] 1.57/1.87/1.12/0.54  emits 1.09  spf 32.4  z0 0.51  garr 36.0  tG 402  e2 0.27  nF 12.4  pS 0.33  ptS 0.32  fLog 0.47  pdΔ -0.1670  pkR 9.82  clip 0.28  kl +0.005
upd   29  steps   61440  sps 845  opp symm  loss +0.017  pg +0.0250  v 0.012  ev +0.96  adv_std 0.155  tR -0.60  ent[s/d/p/e] 1.58/1.87/1.19/0.54  emits 0.95  spf 36.0  z0 0.52  garr 37.6  tG 428  e2 0.23  nF 11.5  pS 0.33  ptS 0.32  fLog 0.48  pdΔ -0.1689  pkR 7.38  clip 0.18  kl +0.004
upd   30  steps   63488  sps 865  opp symm  loss +0.030  pg +0.0393  v 0.010  ev +0.97  adv_std 0.144  tR +0.00  ent[s/d/p/e] 1.59/1.86/1.19/0.52  emits 1.00  spf 36.7  z0 0.54  garr 35.1  tG 413  e2 0.24  nF 10.4  pS 0.31  ptS 0.30  fLog 0.47  pdΔ -0.1928  pkR 8.25  clip 0.13  kl +0.005
upd   31  steps   65536  sps 885  opp symm  loss +0.056  pg +0.0609  v 0.017  ev +0.91  adv_std 0.185  tR -0.10  ent[s/d/p/e] 1.39/1.80/1.17/0.47  emits 0.72  spf 31.0  z0 0.63  garr 23.5  tG 184  e2 0.17  nF 7.1  pS 0.19  ptS 0.18  fLog 0.46  pdΔ -0.3057  pkR 17.86  clip 0.20  kl +0.009
upd   32  steps   67584  sps 905  opp symm  loss -0.019  pg -0.0119  v 0.012  ev +0.92  adv_std 0.162  tR -0.33  ent[s/d/p/e] 1.34/1.79/1.15/0.51  emits 0.87  spf 27.7  z0 0.59  garr 24.4  tG 187  e2 0.21  nF 8.4  pS 0.21  ptS 0.20  fLog 0.46  pdΔ -0.2876  pkR 10.30  clip 0.08  kl +0.003
upd   33  steps   69632  sps 924  opp symm  loss +0.001  pg +0.0096  v 0.010  ev +0.95  adv_std 0.142  tR -1.00  ent[s/d/p/e] 1.47/1.88/1.17/0.53  emits 0.91  spf 28.4  z0 0.57  garr 25.5  tG 214  e2 0.23  nF 9.8  pS 0.25  ptS 0.24  fLog 0.47  pdΔ -0.2539  pkR 10.42  clip 0.12  kl -0.000
upd   34  steps   71680  sps 943  opp symm  loss +0.049  pg +0.0574  v 0.010  ev +0.96  adv_std 0.144  tR -0.33  ent[s/d/p/e] 1.44/1.85/1.20/0.53  emits 0.88  spf 32.0  z0 0.57  garr 30.1  tG 276  e2 0.22  nF 10.0  pS 0.26  ptS 0.25  fLog 0.47  pdΔ -0.2391  pkR 8.91  clip 0.11  kl +0.003
upd   35  steps   73728  sps 962  opp symm  loss +0.031  pg +0.0383  v 0.013  ev +0.95  adv_std 0.164  tR +0.50  ent[s/d/p/e] 1.44/1.82/1.21/0.53  emits 0.87  spf 31.7  z0 0.55  garr 30.8  tG 310  e2 0.21  nF 9.5  pS 0.27  ptS 0.26  fLog 0.47  pdΔ -0.2311  pkR 10.20  clip 0.29  kl +0.010
upd   36  steps   75776  sps 981  opp symm  loss +0.030  pg +0.0375  v 0.011  ev +0.96  adv_std 0.150  tR -0.20  ent[s/d/p/e] 1.47/1.83/1.13/0.52  emits 1.08  spf 29.0  z0 0.51  garr 27.7  tG 282  e2 0.26  nF 10.5  pS 0.27  ptS 0.26  fLog 0.46  pdΔ -0.2293  pkR 12.30  clip 0.09  kl +0.002
upd   37  steps   77824  sps 999  opp symm  loss +0.010  pg +0.0172  v 0.012  ev +0.95  adv_std 0.158  tR -0.33  ent[s/d/p/e] 1.41/1.80/1.15/0.55  emits 0.95  spf 28.3  z0 0.52  garr 28.5  tG 283  e2 0.23  nF 11.3  pS 0.28  ptS 0.27  fLog 0.46  pdΔ -0.2249  pkR 9.78  clip 0.16  kl +0.001
upd   38  steps   79872  sps 1017  opp symm  loss +0.051  pg +0.0590  v 0.011  ev +0.96  adv_std 0.144  tR +1.00  ent[s/d/p/e] 1.41/1.81/1.22/0.55  emits 1.05  spf 29.2  z0 0.51  garr 30.3  tG 298  e2 0.26  nF 11.4  pS 0.28  ptS 0.27  fLog 0.46  pdΔ -0.2228  pkR 10.69  clip 0.15  kl +0.003
upd   39  steps   81920  sps 1034  opp symm  loss +0.005  pg +0.0141  v 0.009  ev +0.97  adv_std 0.132  tR +0.20  ent[s/d/p/e] 1.47/1.89/1.15/0.56  emits 0.95  spf 33.2  z0 0.56  garr 32.9  tG 338  e2 0.23  nF 10.9  pS 0.29  ptS 0.28  fLog 0.48  pdΔ -0.2136  pkR 10.91  clip 0.15  kl +0.006
upd   40  steps   83968  sps 1052  opp symm  loss +0.008  pg +0.0164  v 0.012  ev +0.96  adv_std 0.157  tR -0.20  ent[s/d/p/e] 1.58/1.97/1.14/0.54  emits 1.01  spf 33.2  z0 0.53  garr 32.3  tG 329  e2 0.25  nF 10.9  pS 0.30  ptS 0.29  fLog 0.48  pdΔ -0.2004  pkR 9.48  clip 0.18  kl +0.005
upd   41  steps   86016  sps 1069  opp symm  loss -0.002  pg +0.0077  v 0.009  ev +0.97  adv_std 0.136  tR +0.00  ent[s/d/p/e] 1.63/1.97/1.16/0.58  emits 0.97  spf 34.3  z0 0.55  garr 36.9  tG 412  e2 0.24  nF 11.9  pS 0.34  ptS 0.33  fLog 0.49  pdΔ -0.1635  pkR 11.42  clip 0.23  kl +0.002
upd   42  steps   88064  sps 1085  opp symm  loss +0.018  pg +0.0267  v 0.011  ev +0.96  adv_std 0.151  tR +0.33  ent[s/d/p/e] 1.65/1.98/1.19/0.57  emits 0.94  spf 34.2  z0 0.54  garr 42.1  tG 508  e2 0.24  nF 10.7  pS 0.34  ptS 0.33  fLog 0.49  pdΔ -0.1574  pkR 15.55  clip 0.13  kl +0.003
upd   43  steps   90112  sps 1102  opp symm  loss +0.015  pg +0.0242  v 0.011  ev +0.96  adv_std 0.149  tR +0.60  ent[s/d/p/e] 1.62/1.96/1.21/0.57  emits 0.82  spf 34.6  z0 0.58  garr 37.8  tG 415  e2 0.20  nF 9.6  pS 0.32  ptS 0.31  fLog 0.49  pdΔ -0.1764  pkR 20.51  clip 0.30  kl +0.002
upd   44  steps   92160  sps 1118  opp symm  loss +0.020  pg +0.0279  v 0.013  ev +0.95  adv_std 0.163  tR +0.33  ent[s/d/p/e] 1.58/1.92/1.21/0.58  emits 0.84  spf 33.8  z0 0.56  garr 35.8  tG 372  e2 0.20  nF 9.6  pS 0.32  ptS 0.31  fLog 0.49  pdΔ -0.1788  pkR 7.05  clip 0.16  kl +0.004
upd   45  steps   94208  sps 1134  opp symm  loss -0.004  pg +0.0045  v 0.011  ev +0.96  adv_std 0.144  tR +0.20  ent[s/d/p/e] 1.55/1.92/1.20/0.59  emits 0.72  spf 37.5  z0 0.60  garr 40.2  tG 422  e2 0.18  nF 9.2  pS 0.33  ptS 0.31  fLog 0.51  pdΔ -0.1678  pkR 7.30  clip 0.18  kl +0.003
upd   46  steps   96256  sps 1150  opp symm  loss +0.018  pg +0.0243  v 0.017  ev +0.93  adv_std 0.184  tR +0.00  ent[s/d/p/e] 1.60/2.02/1.26/0.57  emits 0.65  spf 44.5  z0 0.62  garr 46.2  tG 475  e2 0.15  nF 7.6  pS 0.33  ptS 0.31  fLog 0.53  pdΔ -0.1740  pkR 7.22  clip 0.10  kl +0.005
upd   47  steps   98304  sps 1165  opp symm  loss -0.001  pg +0.0059  v 0.015  ev +0.92  adv_std 0.171  tR +1.00  ent[s/d/p/e] 1.47/1.86/1.30/0.55  emits 0.65  spf 40.5  z0 0.61  garr 47.3  tG 484  e2 0.15  nF 7.1  pS 0.31  ptS 0.29  fLog 0.51  pdΔ -0.1922  pkR 8.92  clip 0.07  kl +0.002
upd   48  steps  100352  sps 1180  opp symm  loss +0.008  pg +0.0158  v 0.014  ev +0.93  adv_std 0.165  tR +1.00  ent[s/d/p/e] 1.48/1.84/1.31/0.57  emits 0.59  spf 47.0  z0 0.65  garr 54.2  tG 535  e2 0.15  nF 6.8  pS 0.32  ptS 0.31  fLog 0.53  pdΔ -0.1769  pkR 8.55  clip 0.11  kl +0.006
upd   49  steps  102400  sps 1195  opp symm  loss +0.034  pg +0.0438  v 0.009  ev +0.96  adv_std 0.132  tR +0.20  ent[s/d/p/e] 1.50/1.90/1.34/0.59  emits 0.61  spf 44.5  z0 0.65  garr 60.8  tG 600  e2 0.15  nF 6.4  pS 0.34  ptS 0.33  fLog 0.52  pdΔ -0.1628  pkR 7.19  clip 0.08  kl +0.002
upd   50  steps  104448  sps 1210  opp symm  loss +0.026  pg +0.0374  v 0.008  ev +0.96  adv_std 0.126  tR -0.33  ent[s/d/p/e] 1.58/2.05/1.38/0.58  emits 0.51  spf 51.6  z0 0.65  garr 70.5  tG 731  e2 0.11  nF 5.7  pS 0.36  ptS 0.34  fLog 0.55  pdΔ -0.1433  pkR 7.43  clip 0.11  kl +0.003
upd   51  steps  106496  sps 1224  opp symm  loss +0.008  pg +0.0193  v 0.009  ev +0.96  adv_std 0.131  tR +0.00  ent[s/d/p/e] 1.65/2.12/1.42/0.59  emits 0.49  spf 64.6  z0 0.68  garr 77.4  tG 796  e2 0.11  nF 5.2  pS 0.38  ptS 0.36  fLog 0.58  pdΔ -0.1246  pkR 6.57  clip 0.09  kl +0.003
upd   52  steps  108544  sps 1239  opp symm  loss -0.001  pg +0.0097  v 0.010  ev +0.96  adv_std 0.135  tR +1.00  ent[s/d/p/e] 1.59/2.10/1.42/0.59  emits 0.49  spf 60.1  z0 0.67  garr 78.2  tG 743  e2 0.11  nF 5.0  pS 0.37  ptS 0.35  fLog 0.57  pdΔ -0.1342  pkR 7.03  clip 0.09  kl +0.001
upd   53  steps  110592  sps 1253  opp symm  loss -0.022  pg -0.0108  v 0.008  ev +0.97  adv_std 0.123  tR +1.00  ent[s/d/p/e] 1.65/2.14/1.41/0.58  emits 0.46  spf 63.9  z0 0.70  garr 82.5  tG 785  e2 0.10  nF 4.7  pS 0.38  ptS 0.36  fLog 0.58  pdΔ -0.1208  pkR 5.36  clip 0.06  kl +0.003
upd   54  steps  112640  sps 1267  opp symm  loss -0.018  pg -0.0072  v 0.011  ev +0.96  adv_std 0.152  tR +0.33  ent[s/d/p/e] 1.81/2.30/1.42/0.57  emits 0.45  spf 80.8  z0 0.71  garr 90.9  tG 952  e2 0.09  nF 4.3  pS 0.42  ptS 0.40  fLog 0.62  pdΔ -0.0811  pkR 5.72  clip 0.09  kl +0.002
upd   55  steps  114688  sps 1280  opp symm  loss +0.007  pg +0.0191  v 0.009  ev +0.97  adv_std 0.125  tR +0.00  ent[s/d/p/e] 1.80/2.28/1.40/0.59  emits 0.46  spf 82.6  z0 0.69  garr 93.0  tG 1011  e2 0.09  nF 4.1  pS 0.42  ptS 0.41  fLog 0.63  pdΔ -0.0800  pkR 7.20  clip 0.09  kl +0.003
upd   56  steps  116736  sps 1294  opp symm  loss +0.026  pg +0.0365  v 0.010  ev +0.96  adv_std 0.128  tR +1.00  ent[s/d/p/e] 1.71/2.15/1.41/0.57  emits 0.46  spf 72.7  z0 0.69  garr 88.6  tG 996  e2 0.10  nF 4.4  pS 0.41  ptS 0.40  fLog 0.60  pdΔ -0.0942  pkR 8.49  clip 0.08  kl +0.002
upd   57  steps  118784  sps 1307  opp symm  loss +0.018  pg +0.0285  v 0.010  ev +0.95  adv_std 0.141  tR -0.60  ent[s/d/p/e] 1.78/2.21/1.41/0.55  emits 0.40  spf 87.2  z0 0.73  garr 90.1  tG 1011  e2 0.09  nF 4.0  pS 0.41  ptS 0.40  fLog 0.63  pdΔ -0.0882  pkR 8.85  clip 0.12  kl +0.004
upd   58  steps  120832  sps 1320  opp symm  loss -0.011  pg -0.0009  v 0.011  ev +0.94  adv_std 0.142  tR +0.00  ent[s/d/p/e] 1.81/2.24/1.37/0.55  emits 0.41  spf 83.7  z0 0.72  garr 94.2  tG 1106  e2 0.08  nF 3.8  pS 0.43  ptS 0.42  fLog 0.62  pdΔ -0.0725  pkR 8.74  clip 0.07  kl +0.003
upd   59  steps  122880  sps 1333  opp symm  loss +0.006  pg +0.0178  v 0.007  ev +0.96  adv_std 0.114  tR +0.43  ent[s/d/p/e] 1.75/2.25/1.41/0.51  emits 0.35  spf 85.9  z0 0.74  garr 87.8  tG 963  e2 0.06  nF 3.5  pS 0.39  ptS 0.39  fLog 0.63  pdΔ -0.1059  pkR 6.68  clip 0.11  kl +0.002
upd   60  steps  124928  sps 1346  opp symm  loss -0.010  pg +0.0010  v 0.010  ev +0.94  adv_std 0.146  tR +0.00  ent[s/d/p/e] 1.76/2.25/1.45/0.54  emits 0.36  spf 84.0  z0 0.73  garr 89.7  tG 964  e2 0.07  nF 3.7  pS 0.38  ptS 0.38  fLog 0.62  pdΔ -0.1181  pkR 4.50  clip 0.06  kl +0.001
upd   61  steps  126976  sps 1359  opp symm  loss -0.006  pg +0.0050  v 0.009  ev +0.95  adv_std 0.135  tR +0.20  ent[s/d/p/e] 1.70/2.18/1.46/0.52  emits 0.35  spf 89.0  z0 0.74  garr 87.7  tG 954  e2 0.07  nF 3.6  pS 0.37  ptS 0.37  fLog 0.62  pdΔ -0.1268  pkR 5.43  clip 0.06  kl +0.002
upd   62  steps  129024  sps 1371  opp symm  loss +0.034  pg +0.0429  v 0.012  ev +0.92  adv_std 0.147  tR +0.27  ent[s/d/p/e] 1.44/2.08/1.36/0.50  emits 0.33  spf 69.0  z0 0.75  garr 78.5  tG 756  e2 0.06  nF 3.3  pS 0.31  ptS 0.31  fLog 0.59  pdΔ -0.1882  pkR 7.29  clip 0.05  kl +0.001
upd   63  steps  131072  sps 1383  opp symm  loss +0.022  pg +0.0291  v 0.015  ev +0.89  adv_std 0.173  tR +0.20  ent[s/d/p/e] 1.42/2.06/1.33/0.50  emits 0.38  spf 68.1  z0 0.73  garr 77.7  tG 736  e2 0.08  nF 3.5  pS 0.32  ptS 0.31  fLog 0.59  pdΔ -0.1815  pkR 6.77  clip 0.11  kl +0.007
upd   64  steps  133120  sps 1396  opp symm  loss +0.009  pg +0.0175  v 0.012  ev +0.91  adv_std 0.154  tR +0.67  ent[s/d/p/e] 1.46/2.20/1.44/0.51  emits 0.31  spf 76.0  z0 0.77  garr 83.2  tG 777  e2 0.06  nF 2.9  pS 0.32  ptS 0.31  fLog 0.62  pdΔ -0.1757  pkR 7.27  clip 0.08  kl +0.002
upd   65  steps  135168  sps 1407  opp symm  loss -0.049  pg -0.0389  v 0.010  ev +0.92  adv_std 0.139  tR +0.33  ent[s/d/p/e] 1.36/2.12/1.42/0.49  emits 0.30  spf 75.5  z0 0.77  garr 82.7  tG 725  e2 0.05  nF 2.9  pS 0.31  ptS 0.30  fLog 0.62  pdΔ -0.1863  pkR 9.39  clip 0.08  kl +0.001
upd   66  steps  137216  sps 1419  opp symm  loss -0.050  pg -0.0399  v 0.011  ev +0.93  adv_std 0.144  tR +1.00  ent[s/d/p/e] 1.51/2.23/1.47/0.55  emits 0.33  spf 82.6  z0 0.76  garr 86.3  tG 758  e2 0.06  nF 3.1  pS 0.32  ptS 0.31  fLog 0.63  pdΔ -0.1770  pkR 10.24  clip 0.09  kl +0.005
upd   67  steps  139264  sps 1431  opp symm  loss -0.015  pg -0.0044  v 0.010  ev +0.94  adv_std 0.140  tR -0.20  ent[s/d/p/e] 1.62/2.27/1.49/0.50  emits 0.32  spf 87.2  z0 0.76  garr 91.0  tG 819  e2 0.06  nF 2.9  pS 0.35  ptS 0.34  fLog 0.65  pdΔ -0.1528  pkR 5.97  clip 0.11  kl +0.004
upd   68  steps  141312  sps 1442  opp symm  loss -0.013  pg -0.0037  v 0.013  ev +0.93  adv_std 0.150  tR +0.33  ent[s/d/p/e] 1.61/2.24/1.47/0.54  emits 0.33  spf 93.2  z0 0.75  garr 89.6  tG 791  e2 0.06  nF 2.9  pS 0.34  ptS 0.33  fLog 0.65  pdΔ -0.1567  pkR 5.78  clip 0.10  kl +0.004
upd   69  steps  143360  sps 1454  opp symm  loss +0.028  pg +0.0399  v 0.007  ev +0.97  adv_std 0.112  tR +0.00  ent[s/d/p/e] 1.60/2.18/1.43/0.48  emits 0.31  spf 87.1  z0 0.76  garr 95.7  tG 890  e2 0.06  nF 3.1  pS 0.36  ptS 0.35  fLog 0.64  pdΔ -0.1398  pkR 6.79  clip 0.17  kl +0.007
upd   70  steps  145408  sps 1465  opp symm  loss +0.010  pg +0.0207  v 0.009  ev +0.96  adv_std 0.133  tR +0.00  ent[s/d/p/e] 1.62/2.22/1.42/0.53  emits 0.26  spf 97.2  z0 0.79  garr 113.9  tG 1069  e2 0.04  nF 2.6  pS 0.37  ptS 0.35  fLog 0.66  pdΔ -0.1335  pkR 6.55  clip 0.09  kl +0.005
upd   71  steps  147456  sps 1476  opp symm  loss -0.008  pg +0.0044  v 0.006  ev +0.98  adv_std 0.103  tR +0.00  ent[s/d/p/e] 1.60/2.20/1.44/0.49  emits 0.29  spf 110.3  z0 0.78  garr 121.8  tG 1177  e2 0.05  nF 2.5  pS 0.36  ptS 0.35  fLog 0.67  pdΔ -0.1359  pkR 7.75  clip 0.10  kl +0.003
upd   72  steps  149504  sps 1487  opp symm  loss -0.017  pg -0.0058  v 0.008  ev +0.97  adv_std 0.107  tR +0.33  ent[s/d/p/e] 1.65/2.21/1.31/0.54  emits 0.35  spf 125.0  z0 0.74  garr 121.8  tG 1220  e2 0.07  nF 2.9  pS 0.37  ptS 0.35  fLog 0.66  pdΔ -0.1343  pkR 8.50  clip 0.06  kl +0.004
upd   73  steps  151552  sps 1497  opp symm  loss +0.019  pg +0.0297  v 0.009  ev +0.95  adv_std 0.131  tR -0.20  ent[s/d/p/e] 1.55/2.17/1.39/0.49  emits 0.30  spf 101.8  z0 0.77  garr 106.4  tG 1065  e2 0.06  nF 2.8  pS 0.35  ptS 0.33  fLog 0.65  pdΔ -0.1493  pkR 9.32  clip 0.08  kl +0.000
upd   74  steps  153600  sps 1508  opp symm  loss -0.018  pg -0.0068  v 0.007  ev +0.96  adv_std 0.120  tR -0.14  ent[s/d/p/e] 1.47/2.15/1.37/0.50  emits 0.27  spf 102.6  z0 0.79  garr 110.8  tG 1063  e2 0.05  nF 2.3  pS 0.34  ptS 0.32  fLog 0.65  pdΔ -0.1591  pkR 6.84  clip 0.04  kl -0.000
upd   75  steps  155648  sps 1518  opp symm  loss +0.005  pg +0.0131  v 0.014  ev +0.93  adv_std 0.163  tR -0.33  ent[s/d/p/e] 1.48/2.20/1.40/0.46  emits 0.26  spf 106.6  z0 0.80  garr 120.5  tG 1145  e2 0.05  nF 2.3  pS 0.34  ptS 0.32  fLog 0.66  pdΔ -0.1601  pkR 6.39  clip 0.06  kl +0.001
upd   76  steps  157696  sps 1529  opp symm  loss +0.010  pg +0.0213  v 0.007  ev +0.97  adv_std 0.116  tR +0.20  ent[s/d/p/e] 1.55/2.26/1.35/0.44  emits 0.22  spf 120.4  z0 0.82  garr 130.7  tG 1274  e2 0.03  nF 1.9  pS 0.35  ptS 0.33  fLog 0.68  pdΔ -0.1517  pkR 6.55  clip 0.05  kl +0.000
upd   77  steps  159744  sps 1539  opp symm  loss -0.004  pg +0.0006  v 0.020  ev +0.91  adv_std 0.201  tR +0.17  ent[s/d/p/e] 1.48/2.20/1.41/0.43  emits 0.23  spf 124.2  z0 0.81  garr 133.0  tG 1321  e2 0.03  nF 2.0  pS 0.34  ptS 0.32  fLog 0.68  pdΔ -0.1619  pkR 6.96  clip 0.04  kl +0.001
upd   78  steps  161792  sps 1549  opp symm  loss -0.005  pg +0.0022  v 0.014  ev +0.93  adv_std 0.163  tR +1.00  ent[s/d/p/e] 1.24/2.08/1.32/0.42  emits 0.23  spf 90.1  z0 0.82  garr 112.3  tG 1033  e2 0.03  nF 2.1  pS 0.29  ptS 0.28  fLog 0.61  pdΔ -0.2085  pkR 8.54  clip 0.04  kl +0.000
upd   79  steps  163840  sps 1559  opp symm  loss -0.029  pg -0.0213  v 0.014  ev +0.94  adv_std 0.154  tR +0.60  ent[s/d/p/e] 1.40/2.20/1.35/0.43  emits 0.21  spf 103.4  z0 0.83  garr 116.6  tG 1008  e2 0.03  nF 1.7  pS 0.30  ptS 0.28  fLog 0.65  pdΔ -0.2022  pkR 6.18  clip 0.03  kl +0.001
upd   80  steps  165888  sps 1569  opp symm  loss +0.042  pg +0.0517  v 0.010  ev +0.95  adv_std 0.140  tR -0.50  ent[s/d/p/e] 1.43/2.26/1.36/0.41  emits 0.22  spf 106.3  z0 0.82  garr 118.7  tG 1009  e2 0.03  nF 2.1  pS 0.30  ptS 0.29  fLog 0.66  pdΔ -0.2014  pkR 7.15  clip 0.03  kl -0.000
upd   81  steps  167936  sps 1579  opp symm  loss +0.009  pg +0.0171  v 0.011  ev +0.94  adv_std 0.153  tR +0.00  ent[s/d/p/e] 1.33/2.14/1.37/0.40  emits 0.19  spf 112.1  z0 0.84  garr 134.1  tG 1146  e2 0.02  nF 1.6  pS 0.30  ptS 0.29  fLog 0.65  pdΔ -0.1993  pkR 6.74  clip 0.05  kl +0.001
upd   82  steps  169984  sps 1588  opp symm  loss +0.026  pg +0.0353  v 0.009  ev +0.96  adv_std 0.131  tR +1.00  ent[s/d/p/e] 1.35/2.08/1.26/0.42  emits 0.19  spf 116.5  z0 0.85  garr 153.7  tG 1339  e2 0.03  nF 1.5  pS 0.31  ptS 0.30  fLog 0.66  pdΔ -0.1893  pkR 6.60  clip 0.07  kl +0.004
upd   83  steps  172032  sps 1598  opp symm  loss -0.005  pg +0.0052  v 0.007  ev +0.97  adv_std 0.107  tR +0.33  ent[s/d/p/e] 1.37/2.21/1.32/0.36  emits 0.16  spf 128.8  z0 0.86  garr 160.8  tG 1371  e2 0.02  nF 1.3  pS 0.31  ptS 0.30  fLog 0.68  pdΔ -0.1916  pkR 7.91  clip 0.06  kl +0.001
upd   84  steps  174080  sps 1607  opp symm  loss -0.055  pg -0.0448  v 0.009  ev +0.96  adv_std 0.127  tR -1.00  ent[s/d/p/e] 1.50/2.26/1.36/0.37  emits 0.15  spf 134.5  z0 0.87  garr 176.6  tG 1561  e2 0.02  nF 1.3  pS 0.32  ptS 0.32  fLog 0.69  pdΔ -0.1751  pkR 7.91  clip 0.03  kl +0.001
upd   85  steps  176128  sps 1616  opp symm  loss -0.013  pg -0.0013  v 0.006  ev +0.97  adv_std 0.109  tR +1.00  ent[s/d/p/e] 1.51/2.26/1.29/0.41  emits 0.16  spf 135.9  z0 0.86  garr 196.3  tG 1805  e2 0.02  nF 1.3  pS 0.34  ptS 0.34  fLog 0.68  pdΔ -0.1604  pkR 7.56  clip 0.08  kl +0.002
upd   86  steps  178176  sps 1625  opp symm  loss -0.005  pg +0.0062  v 0.007  ev +0.97  adv_std 0.114  tR +0.00  ent[s/d/p/e] 1.57/2.15/1.32/0.37  emits 0.18  spf 165.5  z0 0.84  garr 209.7  tG 1952  e2 0.02  nF 1.4  pS 0.35  ptS 0.34  fLog 0.70  pdΔ -0.1523  pkR 7.26  clip 0.07  kl +0.002
upd   87  steps  180224  sps 1634  opp symm  loss +0.004  pg +0.0134  v 0.009  ev +0.96  adv_std 0.129  tR +0.00  ent[s/d/p/e] 1.51/2.10/1.20/0.39  emits 0.18  spf 145.7  z0 0.85  garr 206.2  tG 2004  e2 0.02  nF 1.5  pS 0.36  ptS 0.35  fLog 0.68  pdΔ -0.1432  pkR 7.67  clip 0.05  kl +0.002
upd   88  steps  182272  sps 1643  opp symm  loss -0.015  pg -0.0067  v 0.012  ev +0.95  adv_std 0.152  tR +0.67  ent[s/d/p/e] 1.62/2.30/1.22/0.39  emits 0.15  spf 182.2  z0 0.88  garr 215.2  tG 2048  e2 0.02  nF 1.4  pS 0.35  ptS 0.35  fLog 0.73  pdΔ -0.1490  pkR 7.87  clip 0.02  kl +0.001
upd   89  steps  184320  sps 1652  opp symm  loss -0.059  pg -0.0515  v 0.014  ev +0.94  adv_std 0.156  tR +0.33  ent[s/d/p/e] 1.45/2.12/1.30/0.40  emits 0.18  spf 152.6  z0 0.85  garr 188.1  tG 1666  e2 0.02  nF 1.5  pS 0.33  ptS 0.33  fLog 0.70  pdΔ -0.1678  pkR 6.05  clip 0.05  kl -0.000
upd   90  steps  186368  sps 1661  opp symm  loss -0.022  pg -0.0152  v 0.013  ev +0.94  adv_std 0.160  tR +1.00  ent[s/d/p/e] 1.48/2.05/1.22/0.44  emits 0.22  spf 130.1  z0 0.82  garr 168.9  tG 1497  e2 0.04  nF 1.9  pS 0.33  ptS 0.32  fLog 0.67  pdΔ -0.1685  pkR 7.33  clip 0.07  kl -0.000
upd   91  steps  188416  sps 1670  opp symm  loss +0.013  pg +0.0196  v 0.015  ev +0.94  adv_std 0.165  tR +0.20  ent[s/d/p/e] 1.57/2.17/1.22/0.37  emits 0.21  spf 133.7  z0 0.84  garr 166.7  tG 1512  e2 0.03  nF 1.9  pS 0.34  ptS 0.33  fLog 0.69  pdΔ -0.1572  pkR 7.91  clip 0.12  kl +0.010
upd   92  steps  190464  sps 1678  opp symm  loss +0.060  pg +0.0692  v 0.008  ev +0.97  adv_std 0.115  tR +1.00  ent[s/d/p/e] 1.37/2.06/1.13/0.36  emits 0.16  spf 101.6  z0 0.87  garr 176.0  tG 1649  e2 0.02  nF 1.5  pS 0.36  ptS 0.35  fLog 0.64  pdΔ -0.1360  pkR 8.02  clip 0.03  kl +0.002
upd   93  steps  192512  sps 1686  opp symm  loss +0.008  pg +0.0128  v 0.015  ev +0.93  adv_std 0.174  tR -0.27  ent[s/d/p/e] 1.30/1.95/1.12/0.31  emits 0.15  spf 100.2  z0 0.87  garr 163.6  tG 1452  e2 0.02  nF 1.4  pS 0.33  ptS 0.31  fLog 0.63  pdΔ -0.1708  pkR 9.53  clip 0.04  kl +0.001
upd   94  steps  194560  sps 1695  opp symm  loss +0.010  pg +0.0140  v 0.017  ev +0.94  adv_std 0.183  tR +0.20  ent[s/d/p/e] 1.21/1.77/1.35/0.33  emits 0.16  spf 89.0  z0 0.87  garr 165.3  tG 1396  e2 0.02  nF 1.5  pS 0.31  ptS 0.30  fLog 0.61  pdΔ -0.1886  pkR 6.02  clip 0.03  kl +0.002
upd   95  steps  196608  sps 1703  opp symm  loss +0.108  pg +0.1152  v 0.011  ev +0.95  adv_std 0.152  tR +0.50  ent[s/d/p/e] 1.24/1.83/1.26/0.31  emits 0.16  spf 97.8  z0 0.86  garr 174.7  tG 1447  e2 0.02  nF 1.4  pS 0.31  ptS 0.30  fLog 0.63  pdΔ -0.1918  pkR 5.93  clip 0.04  kl +0.004
upd   96  steps  198656  sps 1711  opp symm  loss +0.005  pg +0.0128  v 0.010  ev +0.95  adv_std 0.141  tR +0.33  ent[s/d/p/e] 1.25/2.04/1.17/0.30  emits 0.12  spf 115.0  z0 0.89  garr 187.6  tG 1535  e2 0.01  nF 1.3  pS 0.31  ptS 0.29  fLog 0.65  pdΔ -0.1922  pkR 5.33  clip 0.02  kl -0.000
upd   97  steps  200704  sps 1719  opp symm  loss -0.018  pg -0.0097  v 0.008  ev +0.97  adv_std 0.124  tR +1.00  ent[s/d/p/e] 1.23/1.96/1.19/0.29  emits 0.12  spf 105.8  z0 0.90  garr 191.6  tG 1544  e2 0.02  nF 1.3  pS 0.31  ptS 0.29  fLog 0.65  pdΔ -0.1920  pkR 5.89  clip 0.03  kl +0.002
upd   98  steps  202752  sps 1727  opp symm  loss -0.055  pg -0.0470  v 0.009  ev +0.97  adv_std 0.125  tR +0.33  ent[s/d/p/e] 1.33/1.96/1.12/0.32  emits 0.12  spf 102.3  z0 0.90  garr 213.9  tG 1645  e2 0.01  nF 1.0  pS 0.31  ptS 0.29  fLog 0.67  pdΔ -0.1882  pkR 6.11  clip 0.05  kl +0.000
[eval_vs_v20] u99 tag=train_u99  bin0=0.0%  spf=10.92  garr=77.58  flip=17.24%  z0=59.5%  e8=0.0%  e2+=0.8%  WLD=0/3/0
upd   99  steps  204800  sps 1735  opp symm  loss -0.035  pg -0.0259  v 0.009  ev +0.96  adv_std 0.123  tR +0.33  ent[s/d/p/e] 1.39/2.11/1.23/0.29  emits 0.12  spf 134.5  z0 0.90  garr 229.2  tG 1761  e2 0.01  nF 1.1  pS 0.32  ptS 0.30  fLog 0.69  pdΔ -0.1755  pkR 4.55  clip 0.03  kl +0.002 WRr 1.00 v20[spf 10.9 flip 17.2% e2+ 0.8%]
upd  100  steps  206848  sps 977  opp symm  loss -0.027  pg -0.0197  v 0.011  ev +0.95  adv_std 0.138  tR -0.33  ent[s/d/p/e] 1.31/2.05/1.12/0.30  emits 0.10  spf 135.8  z0 0.91  garr 248.9  tG 1946  e2 0.01  nF 1.1  pS 0.32  ptS 0.30  fLog 0.68  pdΔ -0.1755  pkR 4.19  clip 0.03  kl +0.000
upd  101  steps  208896  sps 984  opp symm  loss +0.059  pg +0.0668  v 0.010  ev +0.95  adv_std 0.135  tR +1.00  ent[s/d/p/e] 1.42/2.08/1.07/0.27  emits 0.11  spf 155.1  z0 0.90  garr 265.3  tG 2161  e2 0.01  nF 1.0  pS 0.34  ptS 0.32  fLog 0.71  pdΔ -0.1600  pkR 4.35  clip 0.02  kl -0.000
upd  102  steps  210944  sps 990  opp symm  loss +0.003  pg +0.0109  v 0.009  ev +0.96  adv_std 0.129  tR +0.20  ent[s/d/p/e] 1.40/1.97/1.04/0.29  emits 0.12  spf 162.8  z0 0.90  garr 272.5  tG 2267  e2 0.01  nF 0.9  pS 0.34  ptS 0.32  fLog 0.69  pdΔ -0.1583  pkR 4.68  clip 0.03  kl +0.000
upd  103  steps  212992  sps 997  opp symm  loss +0.005  pg +0.0122  v 0.010  ev +0.95  adv_std 0.138  tR -0.33  ent[s/d/p/e] 1.43/2.13/1.07/0.29  emits 0.10  spf 146.6  z0 0.90  garr 279.0  tG 2235  e2 0.01  nF 0.9  pS 0.33  ptS 0.31  fLog 0.69  pdΔ -0.1704  pkR 3.98  clip 0.04  kl +0.001
upd  104  steps  215040  sps 1003  opp symm  loss +0.033  pg +0.0403  v 0.011  ev +0.95  adv_std 0.139  tR +0.43  ent[s/d/p/e] 1.41/2.09/1.07/0.30  emits 0.11  spf 154.2  z0 0.90  garr 263.0  tG 2068  e2 0.01  nF 0.9  pS 0.30  ptS 0.29  fLog 0.70  pdΔ -0.1957  pkR 4.53  clip 0.03  kl +0.002
upd  105  steps  217088  sps 1010  opp symm  loss +0.065  pg +0.0714  v 0.012  ev +0.94  adv_std 0.143  tR +0.50  ent[s/d/p/e] 1.42/2.00/1.11/0.28  emits 0.11  spf 148.5  z0 0.90  garr 257.6  tG 2058  e2 0.01  nF 0.9  pS 0.31  ptS 0.30  fLog 0.70  pdΔ -0.1910  pkR 4.51  clip 0.03  kl -0.000
upd  106  steps  219136  sps 1016  opp symm  loss +0.064  pg +0.0726  v 0.008  ev +0.96  adv_std 0.123  tR +0.00  ent[s/d/p/e] 1.25/1.92/1.21/0.28  emits 0.10  spf 124.3  z0 0.91  garr 252.2  tG 1960  e2 0.01  nF 0.8  pS 0.30  ptS 0.29  fLog 0.66  pdΔ -0.2009  pkR 4.88  clip 0.03  kl +0.000
upd  107  steps  221184  sps 1023  opp symm  loss +0.009  pg +0.0177  v 0.008  ev +0.96  adv_std 0.122  tR +0.00  ent[s/d/p/e] 1.32/2.09/1.16/0.26  emits 0.10  spf 147.6  z0 0.91  garr 262.0  tG 2035  e2 0.01  nF 0.8  pS 0.30  ptS 0.29  fLog 0.69  pdΔ -0.2008  pkR 4.93  clip 0.01  kl +0.000
upd  108  steps  223232  sps 1029  opp symm  loss -0.022  pg -0.0151  v 0.012  ev +0.94  adv_std 0.151  tR +0.11  ent[s/d/p/e] 1.31/2.06/1.20/0.23  emits 0.09  spf 169.2  z0 0.92  garr 258.8  tG 2019  e2 0.01  nF 0.8  pS 0.30  ptS 0.29  fLog 0.69  pdΔ -0.2019  pkR 5.26  clip 0.04  kl +0.001
upd  109  steps  225280  sps 1036  opp symm  loss +0.032  pg +0.0401  v 0.008  ev +0.95  adv_std 0.126  tR -1.00  ent[s/d/p/e] 1.15/1.97/1.12/0.26  emits 0.10  spf 138.7  z0 0.91  garr 219.1  tG 1618  e2 0.01  nF 0.9  pS 0.27  ptS 0.26  fLog 0.66  pdΔ -0.2317  pkR 4.99  clip 0.04  kl +0.002
upd  110  steps  227328  sps 1042  opp symm  loss +0.103  pg +0.1111  v 0.008  ev +0.95  adv_std 0.122  tR +1.00  ent[s/d/p/e] 1.12/2.19/1.26/0.24  emits 0.09  spf 127.1  z0 0.92  garr 224.0  tG 1644  e2 0.01  nF 0.7  pS 0.26  ptS 0.25  fLog 0.67  pdΔ -0.2402  pkR 5.27  clip 0.03  kl +0.000
upd  111  steps  229376  sps 1048  opp symm  loss -0.051  pg -0.0480  v 0.017  ev +0.89  adv_std 0.183  tR -0.50  ent[s/d/p/e] 1.09/2.11/1.09/0.28  emits 0.07  spf 106.6  z0 0.94  garr 212.9  tG 1432  e2 0.01  nF 0.6  pS 0.25  ptS 0.24  fLog 0.66  pdΔ -0.2487  pkR 4.49  clip 0.06  kl +0.007
upd  112  steps  231424  sps 1054  opp symm  loss -0.061  pg -0.0535  v 0.010  ev +0.95  adv_std 0.135  tR -1.00  ent[s/d/p/e] 1.16/2.10/1.13/0.28  emits 0.11  spf 104.9  z0 0.90  garr 212.4  tG 1469  e2 0.01  nF 0.8  pS 0.26  ptS 0.25  fLog 0.66  pdΔ -0.2410  pkR 5.13  clip 0.03  kl +0.001
upd  113  steps  233472  sps 1061  opp symm  loss +0.112  pg +0.1218  v 0.007  ev +0.96  adv_std 0.109  tR +1.00  ent[s/d/p/e] 1.39/2.14/1.23/0.29  emits 0.11  spf 129.2  z0 0.91  garr 218.3  tG 1566  e2 0.01  nF 0.8  pS 0.28  ptS 0.26  fLog 0.68  pdΔ -0.2243  pkR 5.72  clip 0.03  kl -0.001
upd  114  steps  235520  sps 1067  opp symm  loss -0.052  pg -0.0428  v 0.007  ev +0.96  adv_std 0.115  tR +1.00  ent[s/d/p/e] 1.25/2.15/1.26/0.26  emits 0.08  spf 114.5  z0 0.93  garr 242.4  tG 1644  e2 0.01  nF 0.8  pS 0.27  ptS 0.26  fLog 0.67  pdΔ -0.2291  pkR 6.35  clip 0.02  kl +0.000
upd  115  steps  237568  sps 1073  opp symm  loss +0.021  pg +0.0294  v 0.011  ev +0.94  adv_std 0.147  tR -0.60  ent[s/d/p/e] 1.36/2.37/1.22/0.25  emits 0.08  spf 144.4  z0 0.93  garr 261.6  tG 1790  e2 0.01  nF 0.7  pS 0.27  ptS 0.26  fLog 0.72  pdΔ -0.2318  pkR 6.70  clip 0.01  kl +0.001
upd  116  steps  239616  sps 1079  opp symm  loss -0.056  pg -0.0489  v 0.011  ev +0.95  adv_std 0.139  tR +0.00  ent[s/d/p/e] 1.22/2.12/1.18/0.25  emits 0.09  spf 118.7  z0 0.92  garr 271.5  tG 1909  e2 0.01  nF 0.8  pS 0.27  ptS 0.26  fLog 0.69  pdΔ -0.2331  pkR 7.05  clip 0.02  kl +0.000
upd  117  steps  241664  sps 1085  opp symm  loss -0.113  pg -0.1054  v 0.010  ev +0.95  adv_std 0.132  tR -1.00  ent[s/d/p/e] 1.39/2.13/1.06/0.25  emits 0.09  spf 141.8  z0 0.93  garr 278.5  tG 1985  e2 0.01  nF 0.7  pS 0.28  ptS 0.27  fLog 0.69  pdΔ -0.2209  pkR 7.54  clip 0.03  kl +0.000
upd  118  steps  243712  sps 1091  opp symm  loss -0.035  pg -0.0299  v 0.012  ev +0.94  adv_std 0.153  tR -0.60  ent[s/d/p/e] 1.40/2.03/0.99/0.24  emits 0.10  spf 122.5  z0 0.92  garr 274.9  tG 1976  e2 0.01  nF 0.6  pS 0.28  ptS 0.28  fLog 0.67  pdΔ -0.2152  pkR 8.36  clip 0.03  kl +0.000
upd  119  steps  245760  sps 1097  opp symm  loss +0.050  pg +0.0544  v 0.014  ev +0.93  adv_std 0.167  tR +0.71  ent[s/d/p/e] 1.43/1.97/1.00/0.28  emits 0.09  spf 101.6  z0 0.92  garr 274.4  tG 2011  e2 0.01  nF 0.8  pS 0.30  ptS 0.29  fLog 0.65  pdΔ -0.2024  pkR 9.28  clip 0.04  kl +0.004
upd  120  steps  247808  sps 1103  opp symm  loss +0.026  pg +0.0332  v 0.008  ev +0.96  adv_std 0.126  tR -0.33  ent[s/d/p/e] 1.26/1.94/1.05/0.29  emits 0.13  spf 115.2  z0 0.89  garr 254.0  tG 1787  e2 0.01  nF 1.0  pS 0.28  ptS 0.28  fLog 0.66  pdΔ -0.2153  pkR 6.71  clip 0.02  kl +0.001
upd  121  steps  249856  sps 1109  opp symm  loss +0.089  pg +0.0953  v 0.010  ev +0.95  adv_std 0.145  tR -0.20  ent[s/d/p/e] 1.19/1.84/1.13/0.28  emits 0.11  spf 86.8  z0 0.90  garr 269.0  tG 1924  e2 0.01  nF 1.2  pS 0.30  ptS 0.28  fLog 0.62  pdΔ -0.2043  pkR 4.44  clip 0.02  kl +0.001
upd  122  steps  251904  sps 1115  opp symm  loss +0.043  pg +0.0515  v 0.008  ev +0.97  adv_std 0.119  tR +0.00  ent[s/d/p/e] 1.42/2.02/0.99/0.28  emits 0.11  spf 123.5  z0 0.91  garr 283.3  tG 2055  e2 0.02  nF 1.1  pS 0.30  ptS 0.29  fLog 0.67  pdΔ -0.1985  pkR 4.64  clip 0.02  kl +0.001
upd  123  steps  253952  sps 1121  opp symm  loss -0.001  pg +0.0070  v 0.006  ev +0.98  adv_std 0.106  tR +0.50  ent[s/d/p/e] 1.21/1.86/0.88/0.26  emits 0.11  spf 94.6  z0 0.91  garr 282.1  tG 2002  e2 0.02  nF 1.1  pS 0.29  ptS 0.28  fLog 0.62  pdΔ -0.2050  pkR 5.26  clip 0.03  kl +0.002
upd  124  steps  256000  sps 1127  opp symm  loss +0.003  pg +0.0104  v 0.008  ev +0.97  adv_std 0.120  tR +0.60  ent[s/d/p/e] 1.17/1.96/0.90/0.28  emits 0.09  spf 102.1  z0 0.92  garr 264.6  tG 1898  e2 0.01  nF 1.0  pS 0.28  ptS 0.27  fLog 0.65  pdΔ -0.2177  pkR 5.85  clip 0.03  kl +0.003
upd  125  steps  258048  sps 1132  opp symm  loss +0.051  pg +0.0563  v 0.011  ev +0.95  adv_std 0.154  tR -0.67  ent[s/d/p/e] 1.20/1.85/0.92/0.32  emits 0.14  spf 93.3  z0 0.88  garr 235.8  tG 1757  e2 0.02  nF 1.2  pS 0.28  ptS 0.27  fLog 0.63  pdΔ -0.2187  pkR 6.04  clip 0.05  kl -0.000
upd  126  steps  260096  sps 1138  opp symm  loss -0.032  pg -0.0277  v 0.013  ev +0.94  adv_std 0.162  tR +0.00  ent[s/d/p/e] 1.21/1.86/0.93/0.33  emits 0.17  spf 95.4  z0 0.87  garr 237.2  tG 1810  e2 0.03  nF 1.5  pS 0.29  ptS 0.28  fLog 0.63  pdΔ -0.2055  pkR 6.32  clip 0.05  kl +0.003
upd  127  steps  262144  sps 1144  opp symm  loss +0.035  pg +0.0423  v 0.010  ev +0.95  adv_std 0.140  tR -0.60  ent[s/d/p/e] 1.28/2.13/0.95/0.38  emits 0.16  spf 98.1  z0 0.87  garr 228.5  tG 1782  e2 0.02  nF 1.4  pS 0.30  ptS 0.29  fLog 0.65  pdΔ -0.2001  pkR 7.29  clip 0.05  kl +0.003
upd  128  steps  264192  sps 1150  opp symm  loss +0.040  pg +0.0472  v 0.007  ev +0.96  adv_std 0.119  tR +0.00  ent[s/d/p/e] 1.25/2.01/0.86/0.32  emits 0.16  spf 89.3  z0 0.87  garr 217.5  tG 1755  e2 0.02  nF 1.3  pS 0.31  ptS 0.29  fLog 0.65  pdΔ -0.1927  pkR 8.32  clip 0.07  kl +0.005
upd  129  steps  266240  sps 1155  opp symm  loss +0.055  pg +0.0631  v 0.007  ev +0.97  adv_std 0.117  tR +0.60  ent[s/d/p/e] 1.39/2.08/0.95/0.30  emits 0.12  spf 98.9  z0 0.90  garr 239.6  tG 1846  e2 0.02  nF 1.2  pS 0.30  ptS 0.29  fLog 0.66  pdΔ -0.1981  pkR 8.41  clip 0.03  kl +0.000
upd  130  steps  268288  sps 1161  opp symm  loss +0.052  pg +0.0595  v 0.006  ev +0.97  adv_std 0.105  tR -0.33  ent[s/d/p/e] 1.26/1.97/0.88/0.26  emits 0.11  spf 100.1  z0 0.90  garr 236.1  tG 1672  e2 0.01  nF 1.0  pS 0.29  ptS 0.28  fLog 0.65  pdΔ -0.2090  pkR 6.27  clip 0.03  kl +0.000
upd  131  steps  270336  sps 1166  opp symm  loss +0.058  pg +0.0662  v 0.006  ev +0.97  adv_std 0.106  tR -1.00  ent[s/d/p/e] 1.27/2.03/0.91/0.26  emits 0.09  spf 110.6  z0 0.92  garr 259.4  tG 1897  e2 0.01  nF 0.9  pS 0.30  ptS 0.29  fLog 0.67  pdΔ -0.1970  pkR 5.72  clip 0.02  kl -0.001
upd  132  steps  272384  sps 1172  opp symm  loss +0.043  pg +0.0494  v 0.009  ev +0.96  adv_std 0.132  tR +1.00  ent[s/d/p/e] 1.25/2.05/0.88/0.25  emits 0.09  spf 130.9  z0 0.92  garr 279.2  tG 1998  e2 0.01  nF 0.8  pS 0.30  ptS 0.29  fLog 0.69  pdΔ -0.1953  pkR 5.67  clip 0.02  kl +0.000
upd  133  steps  274432  sps 1178  opp symm  loss +0.033  pg +0.0396  v 0.008  ev +0.96  adv_std 0.128  tR -0.50  ent[s/d/p/e] 1.25/2.04/0.87/0.25  emits 0.09  spf 140.6  z0 0.92  garr 277.3  tG 1985  e2 0.01  nF 0.7  pS 0.30  ptS 0.29  fLog 0.69  pdΔ -0.1994  pkR 4.69  clip 0.02  kl +0.001
upd  134  steps  276480  sps 1183  opp symm  loss -0.027  pg -0.0178  v 0.005  ev +0.98  adv_std 0.095  tR +1.00  ent[s/d/p/e] 1.29/2.09/0.96/0.22  emits 0.08  spf 152.1  z0 0.93  garr 296.7  tG 2124  e2 0.00  nF 0.7  pS 0.29  ptS 0.28  fLog 0.70  pdΔ -0.2067  pkR 5.11  clip 0.01  kl +0.000
upd  135  steps  278528  sps 1189  opp symm  loss +0.029  pg +0.0347  v 0.009  ev +0.97  adv_std 0.131  tR -0.50  ent[s/d/p/e] 1.20/1.92/0.91/0.19  emits 0.08  spf 148.0  z0 0.93  garr 280.7  tG 2077  e2 0.01  nF 0.7  pS 0.29  ptS 0.28  fLog 0.68  pdΔ -0.2133  pkR 5.78  clip 0.04  kl +0.002
upd  136  steps  280576  sps 1194  opp symm  loss +0.105  pg +0.1121  v 0.005  ev +0.98  adv_std 0.099  tR +0.50  ent[s/d/p/e] 1.04/1.75/0.93/0.21  emits 0.06  spf 96.7  z0 0.95  garr 295.2  tG 2170  e2 0.01  nF 0.8  pS 0.29  ptS 0.28  fLog 0.62  pdΔ -0.2120  pkR 4.23  clip 0.02  kl +0.001
upd  137  steps  282624  sps 1199  opp symm  loss -0.038  pg -0.0314  v 0.006  ev +0.98  adv_std 0.098  tR +1.00  ent[s/d/p/e] 1.07/1.72/0.82/0.22  emits 0.09  spf 110.9  z0 0.92  garr 294.5  tG 2103  e2 0.01  nF 0.8  pS 0.27  ptS 0.27  fLog 0.63  pdΔ -0.2293  pkR 4.44  clip 0.02  kl +0.001
upd  138  steps  284672  sps 1205  opp symm  loss -0.070  pg -0.0633  v 0.008  ev +0.97  adv_std 0.122  tR +0.00  ent[s/d/p/e] 1.04/1.83/0.89/0.26  emits 0.09  spf 97.9  z0 0.92  garr 301.7  tG 2088  e2 0.01  nF 0.8  pS 0.27  ptS 0.27  fLog 0.64  pdΔ -0.2285  pkR 5.24  clip 0.03  kl +0.001
upd  139  steps  286720  sps 1210  opp symm  loss +0.048  pg +0.0536  v 0.011  ev +0.96  adv_std 0.148  tR -0.33  ent[s/d/p/e] 1.20/2.02/0.81/0.26  emits 0.11  spf 118.8  z0 0.91  garr 292.1  tG 1998  e2 0.02  nF 0.9  pS 0.26  ptS 0.26  fLog 0.66  pdΔ -0.2364  pkR 6.39  clip 0.03  kl +0.001
upd  140  steps  288768  sps 1215  opp symm  loss +0.018  pg +0.0219  v 0.011  ev +0.95  adv_std 0.153  tR -0.11  ent[s/d/p/e] 1.04/1.89/0.77/0.26  emits 0.10  spf 91.7  z0 0.91  garr 281.6  tG 1945  e2 0.01  nF 1.0  pS 0.25  ptS 0.25  fLog 0.62  pdΔ -0.2470  pkR 7.22  clip 0.02  kl +0.001
upd  141  steps  290816  sps 1221  opp symm  loss +0.021  pg +0.0251  v 0.011  ev +0.96  adv_std 0.144  tR -0.60  ent[s/d/p/e] 0.99/1.81/0.79/0.25  emits 0.11  spf 95.4  z0 0.90  garr 275.7  tG 1941  e2 0.01  nF 0.9  pS 0.26  ptS 0.25  fLog 0.61  pdΔ -0.2426  pkR 7.69  clip 0.04  kl +0.002
upd  142  steps  292864  sps 1226  opp symm  loss -0.045  pg -0.0376  v 0.007  ev +0.97  adv_std 0.113  tR +0.50  ent[s/d/p/e] 1.16/1.95/0.84/0.26  emits 0.10  spf 81.7  z0 0.92  garr 277.3  tG 1879  e2 0.01  nF 0.9  pS 0.26  ptS 0.26  fLog 0.61  pdΔ -0.2380  pkR 7.09  clip 0.02  kl +0.001
upd  143  steps  294912  sps 1231  opp symm  loss +0.110  pg +0.1179  v 0.006  ev +0.97  adv_std 0.109  tR +0.50  ent[s/d/p/e] 1.23/2.18/0.86/0.23  emits 0.09  spf 97.5  z0 0.91  garr 267.0  tG 1790  e2 0.01  nF 0.8  pS 0.26  ptS 0.25  fLog 0.67  pdΔ -0.2401  pkR 7.50  clip 0.03  kl -0.001
upd  144  steps  296960  sps 1236  opp symm  loss -0.030  pg -0.0226  v 0.006  ev +0.97  adv_std 0.104  tR +0.00  ent[s/d/p/e] 1.03/1.88/0.89/0.22  emits 0.08  spf 85.7  z0 0.93  garr 275.8  tG 1760  e2 0.01  nF 0.8  pS 0.26  ptS 0.25  fLog 0.61  pdΔ -0.2390  pkR 7.30  clip 0.01  kl +0.001
upd  145  steps  299008  sps 1242  opp symm  loss +0.051  pg +0.0589  v 0.005  ev +0.98  adv_std 0.098  tR +0.20  ent[s/d/p/e] 1.03/1.88/0.91/0.21  emits 0.07  spf 100.4  z0 0.94  garr 284.5  tG 1823  e2 0.01  nF 0.7  pS 0.26  ptS 0.25  fLog 0.65  pdΔ -0.2386  pkR 7.37  clip 0.02  kl +0.001
upd  146  steps  301056  sps 1247  opp symm  loss -0.020  pg -0.0140  v 0.008  ev +0.97  adv_std 0.119  tR -0.20  ent[s/d/p/e] 1.01/1.88/0.90/0.21  emits 0.09  spf 103.4  z0 0.93  garr 290.1  tG 1794  e2 0.01  nF 0.8  pS 0.26  ptS 0.25  fLog 0.64  pdΔ -0.2382  pkR 5.79  clip 0.02  kl -0.000
upd  147  steps  303104  sps 1252  opp symm  loss +0.088  pg +0.0959  v 0.005  ev +0.98  adv_std 0.101  tR +0.00  ent[s/d/p/e] 1.03/1.99/0.99/0.19  emits 0.07  spf 90.4  z0 0.94  garr 329.5  tG 2058  e2 0.01  nF 0.7  pS 0.27  ptS 0.26  fLog 0.64  pdΔ -0.2289  pkR 4.70  clip 0.03  kl +0.000
upd  148  steps  305152  sps 1257  opp symm  loss -0.007  pg +0.0014  v 0.004  ev +0.98  adv_std 0.091  tR +1.00  ent[s/d/p/e] 0.99/1.92/0.93/0.18  emits 0.05  spf 107.5  z0 0.95  garr 375.2  tG 2305  e2 0.00  nF 0.7  pS 0.28  ptS 0.26  fLog 0.64  pdΔ -0.2248  pkR 4.75  clip 0.01  kl +0.001
upd  149  steps  307200  sps 1262  opp symm  loss +0.022  pg +0.0293  v 0.007  ev +0.97  adv_std 0.114  tR +1.00  ent[s/d/p/e] 1.06/1.95/0.92/0.20  emits 0.07  spf 116.9  z0 0.94  garr 391.5  tG 2332  e2 0.01  nF 0.6  pS 0.27  ptS 0.25  fLog 0.67  pdΔ -0.2313  pkR 5.04  clip 0.02  kl +0.001
upd  150  steps  309248  sps 1267  opp symm  loss +0.011  pg +0.0163  v 0.010  ev +0.96  adv_std 0.140  tR -0.20  ent[s/d/p/e] 1.08/1.77/0.91/0.21  emits 0.09  spf 90.4  z0 0.93  garr 399.5  tG 2342  e2 0.01  nF 0.8  pS 0.27  ptS 0.25  fLog 0.61  pdΔ -0.2345  pkR 3.71  clip 0.02  kl -0.000
upd  151  steps  311296  sps 1272  opp symm  loss +0.228  pg +0.2345  v 0.007  ev +0.97  adv_std 0.112  tR -0.33  ent[s/d/p/e] 1.04/1.80/0.87/0.20  emits 0.07  spf 75.2  z0 0.94  garr 408.5  tG 2404  e2 0.01  nF 0.8  pS 0.27  ptS 0.25  fLog 0.60  pdΔ -0.2349  pkR 3.89  clip 0.02  kl -0.000
upd  152  steps  313344  sps 1277  opp symm  loss +0.029  pg +0.0342  v 0.010  ev +0.95  adv_std 0.139  tR -0.60  ent[s/d/p/e] 1.08/1.98/0.88/0.18  emits 0.06  spf 92.9  z0 0.95  garr 440.6  tG 2608  e2 0.01  nF 0.6  pS 0.27  ptS 0.25  fLog 0.65  pdΔ -0.2308  pkR 4.00  clip 0.01  kl +0.001
upd  153  steps  315392  sps 1282  opp symm  loss +0.144  pg +0.1507  v 0.006  ev +0.97  adv_std 0.116  tR -1.00  ent[s/d/p/e] 0.95/1.99/0.78/0.18  emits 0.05  spf 134.2  z0 0.95  garr 447.7  tG 2751  e2 0.00  nF 0.5  pS 0.27  ptS 0.25  fLog 0.67  pdΔ -0.2291  pkR 4.17  clip 0.02  kl +0.001
upd  154  steps  317440  sps 1287  opp symm  loss +0.101  pg +0.1059  v 0.008  ev +0.97  adv_std 0.120  tR -0.20  ent[s/d/p/e] 0.90/1.78/0.72/0.17  emits 0.06  spf 112.4  z0 0.95  garr 454.3  tG 2858  e2 0.00  nF 0.5  pS 0.27  ptS 0.25  fLog 0.65  pdΔ -0.2307  pkR 4.37  clip 0.01  kl -0.000
upd  155  steps  319488  sps 1292  opp symm  loss +0.069  pg +0.0739  v 0.009  ev +0.96  adv_std 0.132  tR +0.56  ent[s/d/p/e] 1.00/1.69/0.73/0.17  emits 0.06  spf 97.9  z0 0.95  garr 436.1  tG 2700  e2 0.01  nF 0.5  pS 0.27  ptS 0.25  fLog 0.62  pdΔ -0.2347  pkR 5.13  clip 0.02  kl +0.001