
=== [2026-06-10T23:32:44Z] v14d_binary_v2_a_p0i3_ORBITWARS_SHAPING_PROD_SHARE_DELTA_0.04_d1d6c4e127 phase=a kind=probe chunk=400 env={"ORBITWARS_SHAPING_HOLD_BONUS": 0.004, "ORBITWARS_SHAPING_CAPTURE": 0.04, "ORBITWARS_SHAPING_RELEASE": 0.0075, "ORBITWARS_SHAPING_RELEASE_K": 17.0, "ORBITWARS_SHAPING_PROD_SHARE_DELTA": 0.04, "ORBITWARS_SHAPING_ONE_SHIP_PENALTY": 0.04} ppo={"ent_coef_emit": 0.004, "lr_peak": 4e-05} ===
[reward] kaggle-aligned: terminal +1 win/+1 tie>0/-1 loss/-1 double-wipeout; is_terminal at step >= episode_steps-2; SHAPING_SCALE=0.0; v1: KEEP_HOME=0.0 FLEET_SIZE=0.0/norm20.0; v2 (expert-replay calibrated): PROD_SHARE=0.0 PLANET_SHARE=0.0 FLEET_LOG=0.0/ref500.0/floor0.3; v3 (top10-2630ep calibrated): PROD_SHARE_DELTA=0.04 EMIT_LOG=0.0 EMIT_GATED=0.0 RELEASE=0.0075/K17.0 CAPTURE=0.04; episode_steps=500 (kaggle=500, mismatch=False)
[symmetric] Frog Parade style: same params drive BOTH players, no frozen/strong/buffer opponents, zero_sum_value=True
upd    0  steps    2048  sps 38  opp symm  loss +0.190  pg +0.1945  v 0.009  ev -0.36  adv_std 0.138  tR +0.00  ent[s/d/p/e] 0.36/1.17/1.29/0.35  emits 0.45  spf 13.1  z0 0.68  garr 13.8  tG 20  e2 0.09  nF 3.0  pS 0.07  ptS 0.07  fLog 0.40  pdΔ -0.4283  pkR 6.95  clip 0.07  kl +0.000
upd    1  steps    4096  sps 75  opp symm  loss +0.058  pg +0.0635  v 0.011  ev +0.04  adv_std 0.154  tR -1.00  ent[s/d/p/e] 0.81/1.40/1.26/0.53  emits 0.73  spf 17.1  z0 0.58  garr 17.6  tG 55  e2 0.18  nF 8.1  pS 0.13  ptS 0.12  fLog 0.41  pdΔ -0.3730  pkR 7.60  clip 0.24  kl +0.004
upd    2  steps    6144  sps 111  opp symm  loss +0.099  pg +0.1072  v 0.009  ev +0.39  adv_std 0.134  tR +0.00  ent[s/d/p/e] 1.19/1.69/1.22/0.59  emits 0.99  spf 19.6  z0 0.52  garr 23.8  tG 115  e2 0.24  nF 11.3  pS 0.19  ptS 0.18  fLog 0.42  pdΔ -0.3130  pkR 8.08  clip 0.15  kl +0.004
upd    3  steps    8192  sps 146  opp symm  loss +0.014  pg +0.0205  v 0.014  ev -0.07  adv_std 0.155  tR -1.00  ent[s/d/p/e] 1.34/1.85/1.24/0.59  emits 1.26  spf 23.3  z0 0.47  garr 28.5  tG 169  e2 0.30  nF 14.5  pS 0.23  ptS 0.22  fLog 0.43  pdΔ -0.2670  pkR 7.05  clip 0.18  kl +0.006
upd    4  steps   10240  sps 181  opp symm  loss +0.053  pg +0.0614  v 0.011  ev +0.21  adv_std 0.132  tR +0.00  ent[s/d/p/e] 1.46/1.91/1.17/0.58  emits 1.26  spf 24.4  z0 0.47  garr 30.2  tG 207  e2 0.30  nF 17.3  pS 0.26  ptS 0.25  fLog 0.43  pdΔ -0.2385  pkR 5.88  clip 0.23  kl +0.004
upd    5  steps   12288  sps 215  opp symm  loss +0.028  pg +0.0369  v 0.010  ev +0.51  adv_std 0.143  tR +0.00  ent[s/d/p/e] 1.57/2.02/1.23/0.58  emits 1.14  spf 30.3  z0 0.50  garr 35.6  tG 267  e2 0.28  nF 15.6  pS 0.28  ptS 0.28  fLog 0.46  pdΔ -0.2153  pkR 5.46  clip 0.26  kl +0.010
upd    6  steps   14336  sps 248  opp symm  loss +0.000  pg +0.0121  v 0.006  ev +0.75  adv_std 0.117  tR +0.00  ent[s/d/p/e] 1.74/2.12/1.18/0.60  emits 1.09  spf 35.2  z0 0.51  garr 37.6  tG 313  e2 0.26  nF 14.4  pS 0.31  ptS 0.31  fLog 0.48  pdΔ -0.1859  pkR 4.57  clip 0.46  kl +0.027
upd    7  steps   16384  sps 280  opp symm  loss +0.033  pg +0.0462  v 0.005  ev +0.82  adv_std 0.102  tR +1.00  ent[s/d/p/e] 1.80/2.17/1.18/0.61  emits 0.88  spf 38.9  z0 0.56  garr 46.4  tG 410  e2 0.21  nF 12.7  pS 0.33  ptS 0.33  fLog 0.50  pdΔ -0.1673  pkR 5.40  clip 0.46  kl +0.021
upd    8  steps   18432  sps 311  opp symm  loss -0.054  pg -0.0406  v 0.004  ev +0.85  adv_std 0.095  tR -0.33  ent[s/d/p/e] 1.87/2.26/1.22/0.61  emits 0.69  spf 51.4  z0 0.62  garr 57.3  tG 525  e2 0.16  nF 9.0  pS 0.34  ptS 0.34  fLog 0.54  pdΔ -0.1616  pkR 5.64  clip 0.24  kl +0.008
upd    9  steps   20480  sps 342  opp symm  loss +0.022  pg +0.0358  v 0.003  ev +0.90  adv_std 0.081  tR +1.00  ent[s/d/p/e] 1.90/2.27/1.25/0.59  emits 0.68  spf 54.5  z0 0.63  garr 65.7  tG 628  e2 0.15  nF 7.7  pS 0.35  ptS 0.35  fLog 0.55  pdΔ -0.1487  pkR 5.54  clip 0.14  kl +0.006
upd   10  steps   22528  sps 372  opp symm  loss -0.050  pg -0.0361  v 0.003  ev +0.92  adv_std 0.077  tR -1.00  ent[s/d/p/e] 1.86/2.29/1.27/0.56  emits 0.49  spf 67.9  z0 0.70  garr 75.5  tG 754  e2 0.11  nF 6.6  pS 0.35  ptS 0.35  fLog 0.58  pdΔ -0.1467  pkR 5.84  clip 0.13  kl +0.002
upd   11  steps   24576  sps 402  opp symm  loss +0.078  pg +0.0895  v 0.007  ev +0.84  adv_std 0.120  tR +0.00  ent[s/d/p/e] 1.80/2.25/1.21/0.54  emits 0.47  spf 67.6  z0 0.72  garr 91.8  tG 895  e2 0.10  nF 5.6  pS 0.34  ptS 0.34  fLog 0.56  pdΔ -0.1581  pkR 6.05  clip 0.10  kl +0.003
upd   12  steps   26624  sps 431  opp symm  loss +0.018  pg +0.0316  v 0.002  ev +0.94  adv_std 0.065  tR -1.00  ent[s/d/p/e] 1.87/2.28/1.21/0.51  emits 0.35  spf 80.3  z0 0.76  garr 105.8  tG 1001  e2 0.07  nF 4.8  pS 0.34  ptS 0.34  fLog 0.60  pdΔ -0.1568  pkR 6.13  clip 0.14  kl +0.005
upd   13  steps   28672  sps 459  opp symm  loss +0.113  pg +0.1281  v 0.002  ev +0.94  adv_std 0.054  tR +0.00  ent[s/d/p/e] 2.11/2.50/1.31/0.46  emits 0.26  spf 98.6  z0 0.83  garr 135.2  tG 1261  e2 0.05  nF 3.4  pS 0.35  ptS 0.34  fLog 0.64  pdΔ -0.1499  pkR 5.60  clip 0.08  kl +0.003
upd   14  steps   30720  sps 487  opp symm  loss -0.030  pg -0.0167  v 0.004  ev +0.85  adv_std 0.088  tR -0.50  ent[s/d/p/e] 2.01/2.46/1.19/0.43  emits 0.26  spf 121.5  z0 0.82  garr 155.8  tG 1453  e2 0.05  nF 2.8  pS 0.36  ptS 0.35  fLog 0.67  pdΔ -0.1422  pkR 5.11  clip 0.12  kl +0.003
upd   15  steps   32768  sps 514  opp symm  loss -0.024  pg -0.0382  v 0.059  ev +0.50  adv_std 0.372  tR -0.05  ent[s/d/p/e] 1.75/2.40/1.45/0.39  emits 0.23  spf 100.2  z0 0.84  garr 114.2  tG 964  e2 0.04  nF 2.0  pS 0.25  ptS 0.24  fLog 0.63  pdΔ -0.2522  pkR 8.00  clip 0.07  kl -0.000
upd   16  steps   34816  sps 541  opp symm  loss -0.022  pg -0.0086  v 0.002  ev +0.89  adv_std 0.065  tR -1.00  ent[s/d/p/e] 1.09/2.20/1.60/0.30  emits 0.14  spf 51.4  z0 0.88  garr 61.9  tG 242  e2 0.02  nF 1.7  pS 0.12  ptS 0.12  fLog 0.57  pdΔ -0.3795  pkR 12.55  clip 0.04  kl +0.003
upd   17  steps   36864  sps 567  opp symm  loss -0.038  pg -0.0253  v 0.004  ev +0.89  adv_std 0.083  tR -1.00  ent[s/d/p/e] 1.27/2.38/1.45/0.34  emits 0.13  spf 62.8  z0 0.89  garr 83.8  tG 344  e2 0.01  nF 1.5  pS 0.15  ptS 0.15  fLog 0.61  pdΔ -0.3499  pkR 10.64  clip 0.06  kl +0.002
upd   18  steps   38912  sps 593  opp symm  loss -0.006  pg +0.0075  v 0.003  ev +0.91  adv_std 0.081  tR -1.00  ent[s/d/p/e] 1.16/2.46/1.58/0.30  emits 0.11  spf 76.0  z0 0.90  garr 109.7  tG 499  e2 0.01  nF 1.2  pS 0.17  ptS 0.17  fLog 0.64  pdΔ -0.3282  pkR 9.28  clip 0.05  kl +0.001
upd   19  steps   40960  sps 618  opp symm  loss +0.026  pg +0.0396  v 0.003  ev +0.93  adv_std 0.073  tR +0.00  ent[s/d/p/e] 1.27/2.37/1.49/0.34  emits 0.13  spf 80.9  z0 0.89  garr 124.7  tG 632  e2 0.01  nF 1.3  pS 0.20  ptS 0.19  fLog 0.64  pdΔ -0.3036  pkR 8.77  clip 0.05  kl +0.000
upd   20  steps   43008  sps 642  opp symm  loss +0.023  pg +0.0334  v 0.009  ev +0.83  adv_std 0.127  tR -0.33  ent[s/d/p/e] 1.33/2.37/1.52/0.37  emits 0.15  spf 87.7  z0 0.88  garr 144.5  tG 793  e2 0.02  nF 1.3  pS 0.22  ptS 0.21  fLog 0.65  pdΔ -0.2769  pkR 7.30  clip 0.06  kl +0.003
upd   21  steps   45056  sps 667  opp symm  loss +0.011  pg +0.0255  v 0.003  ev +0.94  adv_std 0.071  tR +0.00  ent[s/d/p/e] 1.48/2.44/1.61/0.36  emits 0.15  spf 99.1  z0 0.87  garr 158.8  tG 905  e2 0.02  nF 1.5  pS 0.25  ptS 0.23  fLog 0.67  pdΔ -0.2524  pkR 6.72  clip 0.04  kl +0.003
upd   22  steps   47104  sps 690  opp symm  loss -0.016  pg -0.0026  v 0.003  ev +0.95  adv_std 0.065  tR +1.00  ent[s/d/p/e] 1.48/2.41/1.52/0.36  emits 0.12  spf 108.3  z0 0.89  garr 179.0  tG 1074  e2 0.01  nF 1.2  pS 0.26  ptS 0.25  fLog 0.68  pdΔ -0.2363  pkR 6.31  clip 0.04  kl -0.000
upd   23  steps   49152  sps 714  opp symm  loss -0.051  pg -0.0363  v 0.003  ev +0.94  adv_std 0.067  tR -1.00  ent[s/d/p/e] 1.54/2.47/1.59/0.33  emits 0.12  spf 133.3  z0 0.89  garr 195.6  tG 1210  e2 0.01  nF 1.1  pS 0.27  ptS 0.26  fLog 0.71  pdΔ -0.2251  pkR 5.53  clip 0.06  kl +0.003
upd   24  steps   51200  sps 736  opp symm  loss -0.003  pg +0.0109  v 0.003  ev +0.93  adv_std 0.074  tR -1.00  ent[s/d/p/e] 1.56/2.40/1.55/0.42  emits 0.17  spf 119.7  z0 0.85  garr 200.6  tG 1323  e2 0.02  nF 1.4  pS 0.28  ptS 0.27  fLog 0.68  pdΔ -0.2159  pkR 5.43  clip 0.06  kl +0.002
upd   25  steps   53248  sps 759  opp symm  loss -0.028  pg -0.0141  v 0.004  ev +0.94  adv_std 0.076  tR +1.00  ent[s/d/p/e] 1.62/2.48/1.62/0.34  emits 0.12  spf 146.2  z0 0.89  garr 208.4  tG 1396  e2 0.01  nF 1.3  pS 0.29  ptS 0.28  fLog 0.71  pdΔ -0.2053  pkR 5.47  clip 0.04  kl +0.001
upd   26  steps   55296  sps 781  opp symm  loss -0.009  pg +0.0045  v 0.003  ev +0.94  adv_std 0.073  tR +0.00  ent[s/d/p/e] 1.52/2.42/1.52/0.34  emits 0.12  spf 136.2  z0 0.90  garr 215.1  tG 1480  e2 0.01  nF 1.0  pS 0.30  ptS 0.28  fLog 0.72  pdΔ -0.2042  pkR 4.88  clip 0.03  kl +0.001
upd   27  steps   57344  sps 802  opp symm  loss -0.013  pg +0.0009  v 0.003  ev +0.95  adv_std 0.066  tR -0.33  ent[s/d/p/e] 1.59/2.41/1.59/0.34  emits 0.12  spf 145.2  z0 0.90  garr 223.5  tG 1592  e2 0.01  nF 1.0  pS 0.29  ptS 0.28  fLog 0.73  pdΔ -0.2087  pkR 5.12  clip 0.04  kl +0.000
upd   28  steps   59392  sps 824  opp symm  loss +0.017  pg +0.0305  v 0.003  ev +0.95  adv_std 0.065  tR -1.00  ent[s/d/p/e] 1.53/2.34/1.50/0.34  emits 0.12  spf 155.2  z0 0.89  garr 238.9  tG 1738  e2 0.01  nF 1.1  pS 0.30  ptS 0.29  fLog 0.72  pdΔ -0.2025  pkR 5.30  clip 0.04  kl +0.000
upd   29  steps   61440  sps 845  opp symm  loss -0.086  pg -0.0730  v 0.005  ev +0.92  adv_std 0.092  tR -0.33  ent[s/d/p/e] 1.66/2.40/1.52/0.38  emits 0.14  spf 158.8  z0 0.88  garr 256.1  tG 1885  e2 0.02  nF 1.1  pS 0.31  ptS 0.30  fLog 0.73  pdΔ -0.1883  pkR 4.60  clip 0.05  kl +0.003
upd   30  steps   63488  sps 865  opp symm  loss -0.042  pg -0.0284  v 0.003  ev +0.95  adv_std 0.070  tR +0.33  ent[s/d/p/e] 1.74/2.42/1.44/0.43  emits 0.19  spf 142.4  z0 0.84  garr 245.0  tG 1851  e2 0.03  nF 1.6  pS 0.32  ptS 0.31  fLog 0.70  pdΔ -0.1816  pkR 5.37  clip 0.07  kl +0.001
upd   31  steps   65536  sps 885  opp symm  loss -0.005  pg -0.0043  v 0.023  ev +0.55  adv_std 0.212  tR -0.20  ent[s/d/p/e] 0.95/2.03/1.26/0.36  emits 0.18  spf 74.9  z0 0.84  garr 98.6  tG 671  e2 0.02  nF 1.5  pS 0.17  ptS 0.17  fLog 0.56  pdΔ -0.3262  pkR 12.37  clip 0.05  kl +0.002
upd   32  steps   67584  sps 905  opp symm  loss -0.071  pg -0.0594  v 0.003  ev +0.87  adv_std 0.080  tR +0.00  ent[s/d/p/e] 1.04/2.05/1.25/0.45  emits 0.24  spf 48.2  z0 0.82  garr 90.3  tG 567  e2 0.04  nF 2.6  pS 0.19  ptS 0.18  fLog 0.53  pdΔ -0.3122  pkR 11.79  clip 0.07  kl +0.002
upd   33  steps   69632  sps 924  opp symm  loss +0.036  pg +0.0464  v 0.009  ev +0.82  adv_std 0.133  tR -0.33  ent[s/d/p/e] 1.44/2.28/1.28/0.47  emits 0.29  spf 58.4  z0 0.82  garr 101.7  tG 646  e2 0.05  nF 3.4  pS 0.23  ptS 0.22  fLog 0.55  pdΔ -0.2712  pkR 11.19  clip 0.05  kl +0.003
upd   34  steps   71680  sps 943  opp symm  loss +0.080  pg +0.0918  v 0.005  ev +0.91  adv_std 0.105  tR -1.00  ent[s/d/p/e] 1.60/2.31/1.27/0.46  emits 0.39  spf 53.0  z0 0.77  garr 103.7  tG 704  e2 0.07  nF 4.6  pS 0.26  ptS 0.25  fLog 0.54  pdΔ -0.2354  pkR 10.64  clip 0.09  kl +0.006
upd   35  steps   73728  sps 962  opp symm  loss +0.067  pg +0.0791  v 0.006  ev +0.92  adv_std 0.112  tR -1.00  ent[s/d/p/e] 1.70/2.35/1.22/0.49  emits 0.43  spf 58.6  z0 0.75  garr 114.9  tG 880  e2 0.08  nF 5.3  pS 0.30  ptS 0.29  fLog 0.56  pdΔ -0.1974  pkR 9.99  clip 0.10  kl +0.007
upd   36  steps   75776  sps 981  opp symm  loss +0.133  pg +0.1423  v 0.010  ev +0.88  adv_std 0.149  tR -0.20  ent[s/d/p/e] 1.74/2.31/1.22/0.46  emits 0.37  spf 59.7  z0 0.79  garr 123.1  tG 942  e2 0.07  nF 5.2  pS 0.31  ptS 0.30  fLog 0.54  pdΔ -0.1862  pkR 8.31  clip 0.04  kl +0.001
upd   37  steps   77824  sps 999  opp symm  loss +0.059  pg +0.0717  v 0.005  ev +0.95  adv_std 0.095  tR -1.00  ent[s/d/p/e] 1.70/2.35/1.31/0.45  emits 0.31  spf 70.1  z0 0.80  garr 143.7  tG 1105  e2 0.05  nF 3.9  pS 0.33  ptS 0.32  fLog 0.59  pdΔ -0.1734  pkR 6.96  clip 0.05  kl +0.004
upd   38  steps   79872  sps 1017  opp symm  loss +0.154  pg +0.1664  v 0.006  ev +0.95  adv_std 0.109  tR -1.00  ent[s/d/p/e] 1.75/2.37/1.27/0.42  emits 0.34  spf 81.1  z0 0.81  garr 161.9  tG 1284  e2 0.06  nF 3.9  pS 0.34  ptS 0.33  fLog 0.58  pdΔ -0.1550  pkR 6.88  clip 0.09  kl +0.005
upd   39  steps   81920  sps 1034  opp symm  loss +0.013  pg +0.0252  v 0.005  ev +0.96  adv_std 0.095  tR -0.33  ent[s/d/p/e] 1.80/2.38/1.31/0.41  emits 0.25  spf 94.8  z0 0.84  garr 179.1  tG 1467  e2 0.04  nF 3.4  pS 0.35  ptS 0.33  fLog 0.61  pdΔ -0.1489  pkR 7.30  clip 0.05  kl +0.003
upd   40  steps   83968  sps 1051  opp symm  loss +0.118  pg +0.1312  v 0.004  ev +0.97  adv_std 0.086  tR -1.00  ent[s/d/p/e] 1.84/2.45/1.29/0.42  emits 0.27  spf 110.7  z0 0.84  garr 206.8  tG 1747  e2 0.04  nF 2.9  pS 0.37  ptS 0.35  fLog 0.63  pdΔ -0.1347  pkR 6.47  clip 0.04  kl +0.001
upd   41  steps   86016  sps 1068  opp symm  loss +0.089  pg +0.1026  v 0.004  ev +0.97  adv_std 0.087  tR -1.00  ent[s/d/p/e] 1.97/2.55/1.27/0.44  emits 0.28  spf 122.2  z0 0.83  garr 221.8  tG 1939  e2 0.04  nF 3.0  pS 0.38  ptS 0.36  fLog 0.64  pdΔ -0.1217  pkR 5.13  clip 0.04  kl +0.002
upd   42  steps   88064  sps 1085  opp symm  loss +0.019  pg +0.0327  v 0.005  ev +0.96  adv_std 0.093  tR +0.00  ent[s/d/p/e] 1.91/2.54/1.49/0.42  emits 0.22  spf 131.7  z0 0.84  garr 238.8  tG 2069  e2 0.03  nF 2.7  pS 0.38  ptS 0.36  fLog 0.69  pdΔ -0.1224  pkR 5.70  clip 0.09  kl +0.002
upd   43  steps   90112  sps 1102  opp symm  loss +0.009  pg +0.0205  v 0.008  ev +0.94  adv_std 0.119  tR +1.00  ent[s/d/p/e] 1.83/2.45/1.41/0.46  emits 0.23  spf 164.1  z0 0.82  garr 232.9  tG 1961  e2 0.04  nF 2.2  pS 0.37  ptS 0.35  fLog 0.71  pdΔ -0.1345  pkR 3.34  clip 0.08  kl +0.003
upd   44  steps   92160  sps 1118  opp symm  loss -0.045  pg -0.0309  v 0.003  ev +0.98  adv_std 0.071  tR +0.00  ent[s/d/p/e] 1.75/2.47/1.48/0.35  emits 0.15  spf 179.5  z0 0.87  garr 236.5  tG 1992  e2 0.01  nF 1.5  pS 0.36  ptS 0.35  fLog 0.74  pdΔ -0.1370  pkR 3.16  clip 0.05  kl +0.002
upd   45  steps   94208  sps 1134  opp symm  loss -0.054  pg -0.0410  v 0.005  ev +0.96  adv_std 0.087  tR -0.50  ent[s/d/p/e] 1.73/2.44/1.42/0.40  emits 0.15  spf 162.2  z0 0.87  garr 253.0  tG 2191  e2 0.01  nF 1.1  pS 0.37  ptS 0.36  fLog 0.73  pdΔ -0.1272  pkR 3.31  clip 0.06  kl +0.001
upd   46  steps   96256  sps 1149  opp symm  loss +0.040  pg +0.0390  v 0.030  ev +0.81  adv_std 0.258  tR +0.03  ent[s/d/p/e] 1.44/2.29/1.41/0.33  emits 0.13  spf 148.3  z0 0.88  garr 215.9  tG 1846  e2 0.01  nF 1.1  pS 0.32  ptS 0.31  fLog 0.69  pdΔ -0.1838  pkR 4.39  clip 0.05  kl +0.001
upd   47  steps   98304  sps 1165  opp symm  loss +0.042  pg +0.0523  v 0.005  ev +0.92  adv_std 0.097  tR +0.00  ent[s/d/p/e] 0.87/2.10/1.33/0.36  emits 0.15  spf 77.0  z0 0.87  garr 115.9  tG 798  e2 0.01  nF 1.5  pS 0.19  ptS 0.18  fLog 0.59  pdΔ -0.3144  pkR 10.81  clip 0.07  kl +0.002
upd   48  steps  100352  sps 1180  opp symm  loss -0.006  pg +0.0049  v 0.005  ev +0.95  adv_std 0.086  tR +1.00  ent[s/d/p/e] 1.15/2.21/1.34/0.33  emits 0.13  spf 84.8  z0 0.89  garr 138.8  tG 974  e2 0.01  nF 1.6  pS 0.22  ptS 0.22  fLog 0.60  pdΔ -0.2771  pkR 9.36  clip 0.03  kl -0.000
upd   49  steps  102400  sps 1195  opp symm  loss -0.010  pg +0.0018  v 0.006  ev +0.94  adv_std 0.104  tR +0.00  ent[s/d/p/e] 1.28/2.48/1.51/0.32  emits 0.10  spf 106.3  z0 0.91  garr 164.0  tG 1069  e2 0.01  nF 1.4  pS 0.24  ptS 0.23  fLog 0.66  pdΔ -0.2630  pkR 8.62  clip 0.03  kl +0.002
upd   50  steps  104448  sps 1210  opp symm  loss -0.071  pg -0.0587  v 0.006  ev +0.95  adv_std 0.106  tR -1.00  ent[s/d/p/e] 1.34/2.47/1.49/0.33  emits 0.11  spf 121.4  z0 0.90  garr 184.2  tG 1191  e2 0.01  nF 1.0  pS 0.26  ptS 0.25  fLog 0.70  pdΔ -0.2414  pkR 6.37  clip 0.04  kl -0.001
upd   51  steps  106496  sps 1224  opp symm  loss -0.031  pg -0.0175  v 0.004  ev +0.98  adv_std 0.080  tR +0.00  ent[s/d/p/e] 1.43/2.48/1.61/0.32  emits 0.11  spf 146.3  z0 0.90  garr 199.3  tG 1290  e2 0.01  nF 1.0  pS 0.27  ptS 0.26  fLog 0.73  pdΔ -0.2278  pkR 5.23  clip 0.03  kl +0.001
upd   52  steps  108544  sps 1238  opp symm  loss +0.004  pg +0.0156  v 0.007  ev +0.96  adv_std 0.108  tR -1.00  ent[s/d/p/e] 1.43/2.42/1.60/0.33  emits 0.12  spf 123.0  z0 0.89  garr 192.1  tG 1278  e2 0.01  nF 1.1  pS 0.28  ptS 0.27  fLog 0.71  pdΔ -0.2237  pkR 5.75  clip 0.04  kl -0.001
upd   53  steps  110592  sps 1253  opp symm  loss +0.011  pg +0.0222  v 0.008  ev +0.95  adv_std 0.125  tR +0.00  ent[s/d/p/e] 1.48/2.41/1.51/0.31  emits 0.11  spf 131.4  z0 0.90  garr 198.6  tG 1410  e2 0.01  nF 1.1  pS 0.29  ptS 0.28  fLog 0.72  pdΔ -0.2061  pkR 6.23  clip 0.06  kl +0.000
upd   54  steps  112640  sps 1267  opp symm  loss -0.029  pg -0.0160  v 0.005  ev +0.97  adv_std 0.095  tR +1.00  ent[s/d/p/e] 1.51/2.40/1.53/0.37  emits 0.13  spf 137.2  z0 0.89  garr 214.9  tG 1599  e2 0.02  nF 1.1  pS 0.31  ptS 0.30  fLog 0.71  pdΔ -0.1929  pkR 5.62  clip 0.06  kl +0.001
upd   55  steps  114688  sps 1280  opp symm  loss -0.044  pg -0.0315  v 0.005  ev +0.97  adv_std 0.096  tR +0.00  ent[s/d/p/e] 1.57/2.44/1.53/0.28  emits 0.09  spf 144.3  z0 0.92  garr 232.2  tG 1711  e2 0.01  nF 0.9  pS 0.31  ptS 0.30  fLog 0.73  pdΔ -0.1893  pkR 5.28  clip 0.05  kl +0.000
upd   56  steps  116736  sps 1294  opp symm  loss -0.024  pg -0.0117  v 0.006  ev +0.97  adv_std 0.101  tR +1.00  ent[s/d/p/e] 1.50/2.39/1.48/0.34  emits 0.09  spf 146.2  z0 0.92  garr 257.7  tG 1901  e2 0.01  nF 0.8  pS 0.32  ptS 0.30  fLog 0.74  pdΔ -0.1828  pkR 4.91  clip 0.05  kl +0.005
upd   57  steps  118784  sps 1307  opp symm  loss -0.017  pg -0.0070  v 0.009  ev +0.96  adv_std 0.126  tR +0.00  ent[s/d/p/e] 1.55/2.38/1.43/0.28  emits 0.11  spf 159.3  z0 0.90  garr 258.9  tG 1946  e2 0.01  nF 1.0  pS 0.32  ptS 0.31  fLog 0.74  pdΔ -0.1812  pkR 3.26  clip 0.06  kl +0.003
upd   58  steps  120832  sps 1320  opp symm  loss +0.064  pg +0.0747  v 0.009  ev +0.95  adv_std 0.129  tR +0.00  ent[s/d/p/e] 1.44/2.34/1.53/0.29  emits 0.09  spf 150.8  z0 0.92  garr 262.7  tG 2029  e2 0.00  nF 0.8  pS 0.32  ptS 0.31  fLog 0.72  pdΔ -0.1803  pkR 3.60  clip 0.04  kl -0.000
upd   59  steps  122880  sps 1333  opp symm  loss -0.046  pg -0.0336  v 0.005  ev +0.97  adv_std 0.094  tR +1.00  ent[s/d/p/e] 1.57/2.33/1.44/0.27  emits 0.09  spf 157.5  z0 0.92  garr 279.6  tG 2218  e2 0.01  nF 0.9  pS 0.32  ptS 0.31  fLog 0.73  pdΔ -0.1775  pkR 3.80  clip 0.02  kl +0.002
upd   60  steps  124928  sps 1346  opp symm  loss -0.038  pg -0.0266  v 0.005  ev +0.98  adv_std 0.088  tR +1.00  ent[s/d/p/e] 1.51/2.32/1.30/0.29  emits 0.09  spf 168.1  z0 0.92  garr 299.0  tG 2419  e2 0.01  nF 0.8  pS 0.33  ptS 0.32  fLog 0.72  pdΔ -0.1694  pkR 4.12  clip 0.03  kl +0.000
upd   61  steps  126976  sps 1359  opp symm  loss -0.002  pg +0.0100  v 0.005  ev +0.97  adv_std 0.097  tR -1.00  ent[s/d/p/e] 1.46/2.40/1.46/0.25  emits 0.08  spf 161.5  z0 0.92  garr 318.0  tG 2578  e2 0.01  nF 0.8  pS 0.32  ptS 0.31  fLog 0.71  pdΔ -0.1764  pkR 4.60  clip 0.03  kl +0.002
upd   62  steps  129024  sps 1371  opp symm  loss +0.105  pg +0.1043  v 0.025  ev +0.80  adv_std 0.224  tR -0.03  ent[s/d/p/e] 0.82/2.06/1.31/0.25  emits 0.09  spf 112.5  z0 0.92  garr 160.9  tG 1076  e2 0.01  nF 0.8  pS 0.18  ptS 0.18  fLog 0.61  pdΔ -0.3186  pkR 10.44  clip 0.03  kl +0.000
upd   63  steps  131072  sps 1383  opp symm  loss -0.014  pg -0.0041  v 0.006  ev +0.93  adv_std 0.113  tR +0.00  ent[s/d/p/e] 0.85/2.19/1.40/0.26  emits 0.10  spf 55.1  z0 0.91  garr 117.9  tG 618  e2 0.01  nF 1.3  pS 0.16  ptS 0.16  fLog 0.59  pdΔ -0.3393  pkR 7.91  clip 0.03  kl +0.000
upd   64  steps  133120  sps 1395  opp symm  loss -0.101  pg -0.0929  v 0.012  ev +0.89  adv_std 0.157  tR -1.00  ent[s/d/p/e] 1.05/2.33/1.53/0.31  emits 0.11  spf 62.3  z0 0.90  garr 148.5  tG 803  e2 0.01  nF 1.2  pS 0.20  ptS 0.19  fLog 0.62  pdΔ -0.3037  pkR 6.91  clip 0.03  kl +0.001
upd   65  steps  135168  sps 1407  opp symm  loss -0.117  pg -0.1049  v 0.006  ev +0.95  adv_std 0.105  tR +1.00  ent[s/d/p/e] 1.23/2.42/1.56/0.31  emits 0.11  spf 77.3  z0 0.91  garr 165.1  tG 925  e2 0.01  nF 1.2  pS 0.22  ptS 0.21  fLog 0.65  pdΔ -0.2800  pkR 6.83  clip 0.04  kl -0.000
upd   66  steps  137216  sps 1419  opp symm  loss -0.112  pg -0.1003  v 0.008  ev +0.95  adv_std 0.125  tR -1.00  ent[s/d/p/e] 1.34/2.41/1.59/0.30  emits 0.10  spf 93.0  z0 0.91  garr 181.4  tG 1079  e2 0.01  nF 1.0  pS 0.24  ptS 0.24  fLog 0.67  pdΔ -0.2555  pkR 6.92  clip 0.03  kl -0.002
upd   67  steps  139264  sps 1431  opp symm  loss -0.003  pg +0.0052  v 0.014  ev +0.92  adv_std 0.166  tR -0.20  ent[s/d/p/e] 1.43/2.25/1.58/0.30  emits 0.10  spf 112.8  z0 0.91  garr 191.3  tG 1253  e2 0.01  nF 1.1  pS 0.27  ptS 0.26  fLog 0.69  pdΔ -0.2332  pkR 6.87  clip 0.04  kl +0.000
upd   68  steps  141312  sps 1442  opp symm  loss +0.002  pg +0.0119  v 0.010  ev +0.94  adv_std 0.137  tR -1.00  ent[s/d/p/e] 1.44/2.26/1.47/0.28  emits 0.10  spf 131.6  z0 0.90  garr 209.6  tG 1460  e2 0.01  nF 0.9  pS 0.28  ptS 0.27  fLog 0.71  pdΔ -0.2200  pkR 6.55  clip 0.04  kl +0.003
upd   69  steps  143360  sps 1453  opp symm  loss -0.007  pg +0.0046  v 0.006  ev +0.97  adv_std 0.101  tR -1.00  ent[s/d/p/e] 1.60/2.37/1.44/0.29  emits 0.10  spf 157.2  z0 0.91  garr 233.2  tG 1707  e2 0.01  nF 0.8  pS 0.30  ptS 0.29  fLog 0.75  pdΔ -0.2016  pkR 6.08  clip 0.02  kl +0.001
upd   70  steps  145408  sps 1465  opp symm  loss -0.026  pg -0.0144  v 0.006  ev +0.97  adv_std 0.104  tR +0.33  ent[s/d/p/e] 1.51/2.30/1.35/0.32  emits 0.10  spf 147.0  z0 0.91  garr 252.8  tG 1906  e2 0.00  nF 0.9  pS 0.31  ptS 0.30  fLog 0.74  pdΔ -0.1905  pkR 6.10  clip 0.04  kl +0.002
upd   71  steps  147456  sps 1476  opp symm  loss -0.002  pg +0.0063  v 0.013  ev +0.94  adv_std 0.162  tR +1.00  ent[s/d/p/e] 1.54/2.30/1.44/0.29  emits 0.12  spf 161.7  z0 0.90  garr 266.0  tG 2117  e2 0.02  nF 1.0  pS 0.33  ptS 0.32  fLog 0.74  pdΔ -0.1713  pkR 6.00  clip 0.05  kl +0.003
upd   72  steps  149504  sps 1486  opp symm  loss -0.063  pg -0.0527  v 0.009  ev +0.96  adv_std 0.126  tR +0.33  ent[s/d/p/e] 1.56/2.24/1.32/0.40  emits 0.12  spf 162.0  z0 0.90  garr 261.6  tG 2095  e2 0.01  nF 1.1  pS 0.34  ptS 0.32  fLog 0.73  pdΔ -0.1619  pkR 4.13  clip 0.09  kl +0.005
upd   73  steps  151552  sps 1497  opp symm  loss -0.011  pg -0.0010  v 0.008  ev +0.96  adv_std 0.126  tR +0.33  ent[s/d/p/e] 1.65/2.25/1.24/0.37  emits 0.16  spf 155.8  z0 0.86  garr 265.1  tG 2209  e2 0.02  nF 1.4  pS 0.36  ptS 0.34  fLog 0.74  pdΔ -0.1443  pkR 4.46  clip 0.06  kl +0.002
upd   74  steps  153600  sps 1508  opp symm  loss -0.016  pg -0.0092  v 0.016  ev +0.94  adv_std 0.182  tR -1.00  ent[s/d/p/e] 1.68/2.22/1.24/0.45  emits 0.18  spf 158.6  z0 0.85  garr 249.6  tG 2157  e2 0.02  nF 1.7  pS 0.37  ptS 0.35  fLog 0.73  pdΔ -0.1345  pkR 4.74  clip 0.08  kl +0.003
upd   75  steps  155648  sps 1518  opp symm  loss +0.057  pg +0.0670  v 0.008  ev +0.97  adv_std 0.127  tR +1.00  ent[s/d/p/e] 1.64/2.24/1.30/0.34  emits 0.15  spf 156.6  z0 0.87  garr 247.3  tG 2178  e2 0.02  nF 1.5  pS 0.37  ptS 0.35  fLog 0.73  pdΔ -0.1273  pkR 5.15  clip 0.08  kl +0.003
upd   76  steps  157696  sps 1529  opp symm  loss +0.146  pg +0.1560  v 0.008  ev +0.97  adv_std 0.124  tR +0.50  ent[s/d/p/e] 1.52/2.21/1.34/0.28  emits 0.10  spf 141.3  z0 0.91  garr 268.0  tG 2423  e2 0.01  nF 1.0  pS 0.37  ptS 0.35  fLog 0.70  pdΔ -0.1270  pkR 5.45  clip 0.05  kl +0.001
upd   77  steps  159744  sps 1539  opp symm  loss +0.055  pg +0.0564  v 0.025  ev +0.91  adv_std 0.232  tR +0.14  ent[s/d/p/e] 1.50/2.17/1.37/0.25  emits 0.07  spf 149.7  z0 0.94  garr 262.6  tG 2333  e2 0.01  nF 0.8  pS 0.33  ptS 0.31  fLog 0.73  pdΔ -0.1726  pkR 6.28  clip 0.02  kl +0.001
upd   78  steps  161792  sps 1549  opp symm  loss +0.037  pg +0.0443  v 0.011  ev +0.92  adv_std 0.148  tR -1.00  ent[s/d/p/e] 0.77/1.97/1.51/0.28  emits 0.10  spf 68.1  z0 0.91  garr 116.0  tG 702  e2 0.01  nF 0.9  pS 0.16  ptS 0.16  fLog 0.59  pdΔ -0.3399  pkR 7.43  clip 0.03  kl +0.001
upd   79  steps  163840  sps 1559  opp symm  loss +0.026  pg +0.0324  v 0.013  ev +0.92  adv_std 0.169  tR +0.00  ent[s/d/p/e] 0.92/2.02/1.43/0.30  emits 0.12  spf 59.1  z0 0.90  garr 138.6  tG 883  e2 0.01  nF 1.2  pS 0.19  ptS 0.19  fLog 0.59  pdΔ -0.3055  pkR 6.83  clip 0.04  kl +0.001
upd   80  steps  165888  sps 1569  opp symm  loss +0.021  pg +0.0275  v 0.014  ev +0.93  adv_std 0.170  tR -0.33  ent[s/d/p/e] 1.09/2.17/1.44/0.28  emits 0.12  spf 71.8  z0 0.90  garr 154.7  tG 988  e2 0.02  nF 1.1  pS 0.22  ptS 0.21  fLog 0.62  pdΔ -0.2797  pkR 7.25  clip 0.05  kl +0.004
upd   81  steps  167936  sps 1578  opp symm  loss -0.042  pg -0.0334  v 0.010  ev +0.95  adv_std 0.141  tR -1.00  ent[s/d/p/e] 1.20/2.24/1.46/0.31  emits 0.09  spf 91.3  z0 0.91  garr 183.7  tG 1168  e2 0.01  nF 1.2  pS 0.24  ptS 0.23  fLog 0.66  pdΔ -0.2593  pkR 6.85  clip 0.03  kl +0.003
upd   82  steps  169984  sps 1588  opp symm  loss -0.053  pg -0.0433  v 0.010  ev +0.95  adv_std 0.140  tR -1.00  ent[s/d/p/e] 1.33/2.15/1.56/0.30  emits 0.09  spf 102.3  z0 0.91  garr 216.9  tG 1417  e2 0.01  nF 1.0  pS 0.26  ptS 0.25  fLog 0.69  pdΔ -0.2351  pkR 6.59  clip 0.03  kl +0.002
upd   83  steps  172032  sps 1597  opp symm  loss -0.014  pg -0.0036  v 0.008  ev +0.97  adv_std 0.122  tR +0.50  ent[s/d/p/e] 1.40/2.00/1.47/0.33  emits 0.12  spf 103.3  z0 0.90  garr 228.2  tG 1494  e2 0.01  nF 0.9  pS 0.27  ptS 0.26  fLog 0.68  pdΔ -0.2268  pkR 6.82  clip 0.04  kl +0.001
upd   84  steps  174080  sps 1607  opp symm  loss -0.032  pg -0.0236  v 0.010  ev +0.96  adv_std 0.140  tR +0.00  ent[s/d/p/e] 1.37/1.96/1.48/0.31  emits 0.12  spf 91.8  z0 0.90  garr 250.3  tG 1722  e2 0.02  nF 1.2  pS 0.30  ptS 0.28  fLog 0.67  pdΔ -0.2017  pkR 6.15  clip 0.03  kl +0.001
upd   85  steps  176128  sps 1616  opp symm  loss +0.026  pg +0.0357  v 0.007  ev +0.97  adv_std 0.122  tR +1.00  ent[s/d/p/e] 1.52/1.84/1.36/0.29  emits 0.12  spf 127.3  z0 0.90  garr 279.8  tG 1992  e2 0.02  nF 0.9  pS 0.32  ptS 0.31  fLog 0.68  pdΔ -0.1759  pkR 5.81  clip 0.04  kl +0.003
upd   86  steps  178176  sps 1625  opp symm  loss +0.014  pg +0.0239  v 0.008  ev +0.97  adv_std 0.127  tR +1.00  ent[s/d/p/e] 1.61/1.85/1.48/0.29  emits 0.11  spf 121.4  z0 0.91  garr 280.9  tG 1991  e2 0.01  nF 1.1  pS 0.33  ptS 0.32  fLog 0.70  pdΔ -0.1688  pkR 5.22  clip 0.03  kl +0.001