
=== [2026-06-10T23:17:42Z] v14d_binary_v2_a_p0i2_ORBITWARS_SHAPING_ONE_SHIP_PENALTY_0.025_8eb6d1f0ee phase=a kind=probe chunk=400 env={"ORBITWARS_SHAPING_HOLD_BONUS": 0.004, "ORBITWARS_SHAPING_CAPTURE": 0.04, "ORBITWARS_SHAPING_RELEASE": 0.0075, "ORBITWARS_SHAPING_RELEASE_K": 17.0, "ORBITWARS_SHAPING_PROD_SHARE_DELTA": 0.025, "ORBITWARS_SHAPING_ONE_SHIP_PENALTY": 0.025} ppo={"ent_coef_emit": 0.004, "lr_peak": 4e-05} ===
[reward] kaggle-aligned: terminal +1 win/+1 tie>0/-1 loss/-1 double-wipeout; is_terminal at step >= episode_steps-2; SHAPING_SCALE=0.0; v1: KEEP_HOME=0.0 FLEET_SIZE=0.0/norm20.0; v2 (expert-replay calibrated): PROD_SHARE=0.0 PLANET_SHARE=0.0 FLEET_LOG=0.0/ref500.0/floor0.3; v3 (top10-2630ep calibrated): PROD_SHARE_DELTA=0.025 EMIT_LOG=0.0 EMIT_GATED=0.0 RELEASE=0.0075/K17.0 CAPTURE=0.04; episode_steps=500 (kaggle=500, mismatch=False)
[symmetric] Frog Parade style: same params drive BOTH players, no frozen/strong/buffer opponents, zero_sum_value=True
upd    0  steps    2048  sps 38  opp symm  loss +0.171  pg +0.1802  v 0.002  ev -0.15  adv_std 0.066  tR +0.00  ent[s/d/p/e] 0.23/1.47/1.49/0.32  emits 0.20  spf 19.3  z0 0.82  garr 18.6  tG 25  e2 0.02  nF 1.3  pS 0.06  ptS 0.06  fLog 0.46  pdΔ -0.4357  pkR 8.16  clip 0.03  kl +0.001
upd    1  steps    4096  sps 75  opp symm  loss +0.055  pg +0.0662  v 0.002  ev -0.04  adv_std 0.067  tR +0.00  ent[s/d/p/e] 0.71/1.68/1.36/0.42  emits 0.28  spf 26.5  z0 0.78  garr 26.9  tG 71  e2 0.05  nF 3.0  pS 0.11  ptS 0.10  fLog 0.48  pdΔ -0.3890  pkR 8.58  clip 0.10  kl +0.006
upd    2  steps    6144  sps 111  opp symm  loss -0.027  pg -0.0152  v 0.003  ev -0.05  adv_std 0.073  tR -1.00  ent[s/d/p/e] 1.07/1.94/1.31/0.48  emits 0.30  spf 38.6  z0 0.76  garr 43.1  tG 168  e2 0.05  nF 3.4  pS 0.17  ptS 0.15  fLog 0.52  pdΔ -0.3342  pkR 6.60  clip 0.08  kl +0.003
upd    3  steps    8192  sps 146  opp symm  loss +0.003  pg +0.0154  v 0.003  ev +0.16  adv_std 0.076  tR +1.00  ent[s/d/p/e] 1.34/2.09/1.32/0.50  emits 0.30  spf 50.6  z0 0.79  garr 59.8  tG 302  e2 0.06  nF 3.2  pS 0.21  ptS 0.20  fLog 0.55  pdΔ -0.2878  pkR 5.23  clip 0.13  kl +0.009
upd    4  steps   10240  sps 180  opp symm  loss -0.130  pg -0.1176  v 0.005  ev +0.28  adv_std 0.098  tR -1.00  ent[s/d/p/e] 1.54/2.19/1.35/0.58  emits 0.50  spf 52.4  z0 0.68  garr 58.7  tG 356  e2 0.11  nF 4.2  pS 0.25  ptS 0.24  fLog 0.56  pdΔ -0.2497  pkR 4.82  clip 0.10  kl +0.007
upd    5  steps   12288  sps 214  opp symm  loss +0.036  pg +0.0500  v 0.002  ev -0.10  adv_std 0.048  tR +0.00  ent[s/d/p/e] 1.64/2.13/1.26/0.60  emits 0.63  spf 46.7  z0 0.62  garr 57.7  tG 416  e2 0.15  nF 6.3  pS 0.29  ptS 0.28  fLog 0.53  pdΔ -0.2081  pkR 6.16  clip 0.17  kl +0.011
upd    6  steps   14336  sps 247  opp symm  loss +0.040  pg +0.0541  v 0.001  ev +0.08  adv_std 0.050  tR +0.00  ent[s/d/p/e] 1.70/2.14/1.24/0.61  emits 0.67  spf 46.8  z0 0.61  garr 58.3  tG 472  e2 0.15  nF 7.8  pS 0.31  ptS 0.30  fLog 0.52  pdΔ -0.1852  pkR 6.92  clip 0.24  kl +0.009
upd    7  steps   16384  sps 279  opp symm  loss -0.016  pg -0.0023  v 0.003  ev +0.33  adv_std 0.080  tR -1.00  ent[s/d/p/e] 1.83/2.25/1.23/0.61  emits 0.65  spf 56.2  z0 0.63  garr 60.6  tG 540  e2 0.15  nF 7.8  pS 0.34  ptS 0.33  fLog 0.56  pdΔ -0.1606  pkR 6.74  clip 0.17  kl +0.012
upd    8  steps   18432  sps 311  opp symm  loss -0.094  pg -0.0799  v 0.003  ev +0.65  adv_std 0.081  tR -1.00  ent[s/d/p/e] 1.88/2.27/1.19/0.59  emits 0.59  spf 59.8  z0 0.65  garr 64.4  tG 598  e2 0.13  nF 6.9  pS 0.36  ptS 0.35  fLog 0.56  pdΔ -0.1443  pkR 5.65  clip 0.26  kl +0.008
upd    9  steps   20480  sps 341  opp symm  loss -0.019  pg -0.0044  v 0.001  ev +0.84  adv_std 0.047  tR +0.00  ent[s/d/p/e] 1.89/2.28/1.22/0.60  emits 0.52  spf 67.3  z0 0.67  garr 74.6  tG 719  e2 0.11  nF 5.5  pS 0.37  ptS 0.36  fLog 0.59  pdΔ -0.1341  pkR 6.09  clip 0.27  kl +0.011
upd   10  steps   22528  sps 372  opp symm  loss -0.069  pg -0.0551  v 0.002  ev +0.83  adv_std 0.071  tR -1.00  ent[s/d/p/e] 1.92/2.25/1.15/0.61  emits 0.62  spf 67.1  z0 0.63  garr 76.8  tG 771  e2 0.14  nF 6.2  pS 0.38  ptS 0.37  fLog 0.57  pdΔ -0.1220  pkR 5.37  clip 0.23  kl +0.006
upd   11  steps   24576  sps 401  opp symm  loss -0.013  pg +0.0011  v 0.002  ev +0.92  adv_std 0.060  tR +1.00  ent[s/d/p/e] 1.93/2.27/1.20/0.58  emits 0.48  spf 70.3  z0 0.68  garr 85.8  tG 888  e2 0.10  nF 5.2  pS 0.39  ptS 0.38  fLog 0.58  pdΔ -0.1132  pkR 6.19  clip 0.10  kl +0.005
upd   12  steps   26624  sps 430  opp symm  loss +0.035  pg +0.0484  v 0.004  ev +0.90  adv_std 0.080  tR +1.00  ent[s/d/p/e] 1.90/2.26/1.23/0.59  emits 0.55  spf 77.4  z0 0.66  garr 82.8  tG 871  e2 0.12  nF 5.5  pS 0.38  ptS 0.37  fLog 0.59  pdΔ -0.1193  pkR 7.25  clip 0.25  kl +0.014
upd   13  steps   28672  sps 458  opp symm  loss +0.015  pg +0.0293  v 0.003  ev +0.91  adv_std 0.078  tR +0.00  ent[s/d/p/e] 1.97/2.28/1.19/0.59  emits 0.59  spf 70.5  z0 0.65  garr 76.9  tG 828  e2 0.13  nF 5.9  pS 0.39  ptS 0.38  fLog 0.58  pdΔ -0.1103  pkR 6.14  clip 0.18  kl +0.005
upd   14  steps   30720  sps 486  opp symm  loss -0.009  pg +0.0063  v 0.001  ev +0.97  adv_std 0.047  tR +0.00  ent[s/d/p/e] 1.99/2.32/1.14/0.58  emits 0.50  spf 71.0  z0 0.68  garr 82.2  tG 848  e2 0.11  nF 5.7  pS 0.39  ptS 0.38  fLog 0.59  pdΔ -0.1147  pkR 5.26  clip 0.10  kl +0.004
upd   15  steps   32768  sps 513  opp symm  loss +0.013  pg -0.0023  v 0.061  ev +0.58  adv_std 0.370  tR +0.14  ent[s/d/p/e] 1.69/2.26/1.30/0.48  emits 0.35  spf 77.7  z0 0.77  garr 59.6  tG 537  e2 0.07  nF 3.2  pS 0.26  ptS 0.25  fLog 0.60  pdΔ -0.2375  pkR 9.31  clip 0.07  kl +0.002
upd   16  steps   34816  sps 540  opp symm  loss +0.043  pg +0.0532  v 0.006  ev +0.74  adv_std 0.102  tR +0.00  ent[s/d/p/e] 1.00/2.16/1.37/0.36  emits 0.20  spf 44.5  z0 0.83  garr 40.0  tG 169  e2 0.02  nF 2.0  pS 0.14  ptS 0.13  fLog 0.56  pdΔ -0.3631  pkR 18.10  clip 0.09  kl +0.003
upd   17  steps   36864  sps 566  opp symm  loss -0.022  pg -0.0101  v 0.005  ev +0.88  adv_std 0.099  tR +1.00  ent[s/d/p/e] 1.28/2.27/1.41/0.47  emits 0.25  spf 54.5  z0 0.82  garr 51.9  tG 255  e2 0.05  nF 2.2  pS 0.19  ptS 0.18  fLog 0.60  pdΔ -0.3121  pkR 13.71  clip 0.07  kl +0.003
upd   18  steps   38912  sps 591  opp symm  loss +0.006  pg +0.0189  v 0.004  ev +0.92  adv_std 0.092  tR +1.00  ent[s/d/p/e] 1.35/2.34/1.54/0.47  emits 0.27  spf 57.3  z0 0.79  garr 60.7  tG 341  e2 0.05  nF 2.7  pS 0.23  ptS 0.22  fLog 0.60  pdΔ -0.2684  pkR 8.77  clip 0.13  kl +0.006
upd   19  steps   40960  sps 616  opp symm  loss +0.070  pg +0.0838  v 0.005  ev +0.93  adv_std 0.090  tR +0.00  ent[s/d/p/e] 1.57/2.48/1.57/0.42  emits 0.20  spf 81.7  z0 0.84  garr 85.8  tG 517  e2 0.03  nF 2.2  pS 0.26  ptS 0.25  fLog 0.66  pdΔ -0.2379  pkR 6.61  clip 0.08  kl +0.003
upd   20  steps   43008  sps 641  opp symm  loss +0.032  pg +0.0448  v 0.006  ev +0.91  adv_std 0.108  tR +0.00  ent[s/d/p/e] 1.63/2.48/1.58/0.44  emits 0.23  spf 91.4  z0 0.82  garr 97.5  tG 607  e2 0.04  nF 1.9  pS 0.28  ptS 0.27  fLog 0.67  pdΔ -0.2185  pkR 4.38  clip 0.13  kl +0.008
upd   21  steps   45056  sps 665  opp symm  loss -0.010  pg +0.0036  v 0.003  ev +0.96  adv_std 0.072  tR +0.00  ent[s/d/p/e] 1.67/2.50/1.50/0.36  emits 0.16  spf 103.8  z0 0.87  garr 124.8  tG 822  e2 0.02  nF 1.5  pS 0.30  ptS 0.29  fLog 0.70  pdΔ -0.1969  pkR 3.85  clip 0.05  kl +0.001
upd   22  steps   47104  sps 689  opp symm  loss +0.024  pg +0.0389  v 0.003  ev +0.96  adv_std 0.075  tR +0.00  ent[s/d/p/e] 1.78/2.57/1.54/0.40  emits 0.17  spf 129.9  z0 0.86  garr 151.3  tG 1057  e2 0.03  nF 1.4  pS 0.32  ptS 0.31  fLog 0.73  pdΔ -0.1798  pkR 4.01  clip 0.08  kl +0.001
upd   23  steps   49152  sps 712  opp symm  loss -0.032  pg -0.0177  v 0.004  ev +0.96  adv_std 0.082  tR -1.00  ent[s/d/p/e] 1.81/2.52/1.53/0.39  emits 0.15  spf 136.9  z0 0.87  garr 168.0  tG 1234  e2 0.02  nF 1.2  pS 0.33  ptS 0.32  fLog 0.74  pdΔ -0.1704  pkR 3.92  clip 0.05  kl +0.001
upd   24  steps   51200  sps 735  opp symm  loss +0.005  pg +0.0192  v 0.003  ev +0.96  adv_std 0.075  tR -1.00  ent[s/d/p/e] 1.80/2.50/1.45/0.37  emits 0.14  spf 150.2  z0 0.88  garr 193.6  tG 1499  e2 0.02  nF 1.2  pS 0.34  ptS 0.33  fLog 0.75  pdΔ -0.1637  pkR 4.01  clip 0.06  kl +0.002
upd   25  steps   53248  sps 757  opp symm  loss +0.037  pg +0.0503  v 0.004  ev +0.96  adv_std 0.075  tR -1.00  ent[s/d/p/e] 1.82/2.49/1.26/0.42  emits 0.18  spf 155.8  z0 0.85  garr 205.1  tG 1652  e2 0.03  nF 1.3  pS 0.35  ptS 0.34  fLog 0.74  pdΔ -0.1547  pkR 4.43  clip 0.04  kl +0.001
upd   26  steps   55296  sps 779  opp symm  loss -0.036  pg -0.0231  v 0.006  ev +0.94  adv_std 0.105  tR +0.00  ent[s/d/p/e] 1.78/2.46/1.33/0.45  emits 0.20  spf 149.7  z0 0.83  garr 209.5  tG 1744  e2 0.03  nF 1.5  pS 0.35  ptS 0.35  fLog 0.73  pdΔ -0.1470  pkR 4.69  clip 0.06  kl +0.001
upd   27  steps   57344  sps 801  opp symm  loss -0.024  pg -0.0117  v 0.007  ev +0.94  adv_std 0.112  tR -0.33  ent[s/d/p/e] 1.85/2.46/1.26/0.46  emits 0.20  spf 163.6  z0 0.83  garr 211.0  tG 1790  e2 0.03  nF 1.6  pS 0.36  ptS 0.35  fLog 0.75  pdΔ -0.1440  pkR 4.42  clip 0.07  kl +0.001
upd   28  steps   59392  sps 822  opp symm  loss +0.016  pg +0.0275  v 0.007  ev +0.93  adv_std 0.110  tR +1.00  ent[s/d/p/e] 1.77/2.42/1.29/0.40  emits 0.20  spf 156.4  z0 0.84  garr 199.5  tG 1699  e2 0.03  nF 1.5  pS 0.35  ptS 0.34  fLog 0.73  pdΔ -0.1539  pkR 5.25  clip 0.14  kl +0.005
upd   29  steps   61440  sps 843  opp symm  loss +0.013  pg +0.0261  v 0.004  ev +0.96  adv_std 0.082  tR +0.00  ent[s/d/p/e] 1.76/2.41/1.27/0.46  emits 0.21  spf 134.5  z0 0.83  garr 200.0  tG 1740  e2 0.03  nF 1.6  pS 0.35  ptS 0.35  fLog 0.71  pdΔ -0.1460  pkR 4.76  clip 0.08  kl +0.003
upd   30  steps   63488  sps 863  opp symm  loss +0.011  pg +0.0248  v 0.003  ev +0.96  adv_std 0.075  tR +0.00  ent[s/d/p/e] 1.80/2.39/1.29/0.46  emits 0.23  spf 151.1  z0 0.81  garr 210.8  tG 1870  e2 0.03  nF 1.9  pS 0.37  ptS 0.36  fLog 0.72  pdΔ -0.1347  pkR 4.83  clip 0.07  kl +0.001
upd   31  steps   65536  sps 883  opp symm  loss +0.023  pg +0.0250  v 0.022  ev +0.63  adv_std 0.214  tR +0.07  ent[s/d/p/e] 0.76/2.01/1.48/0.37  emits 0.19  spf 58.6  z0 0.85  garr 78.9  tG 475  e2 0.03  nF 1.4  pS 0.15  ptS 0.15  fLog 0.55  pdΔ -0.3483  pkR 17.03  clip 0.05  kl +0.001
upd   32  steps   67584  sps 903  opp symm  loss -0.023  pg -0.0119  v 0.005  ev +0.87  adv_std 0.100  tR -1.00  ent[s/d/p/e] 1.02/2.14/1.52/0.44  emits 0.21  spf 50.9  z0 0.83  garr 71.8  tG 356  e2 0.03  nF 2.3  pS 0.17  ptS 0.16  fLog 0.57  pdΔ -0.3316  pkR 11.27  clip 0.07  kl +0.000
upd   33  steps   69632  sps 922  opp symm  loss +0.008  pg +0.0185  v 0.009  ev +0.84  adv_std 0.131  tR +0.00  ent[s/d/p/e] 1.21/2.28/1.53/0.47  emits 0.25  spf 59.4  z0 0.81  garr 78.1  tG 415  e2 0.04  nF 2.8  pS 0.21  ptS 0.20  fLog 0.59  pdΔ -0.2897  pkR 7.94  clip 0.07  kl +0.004
upd   34  steps   71680  sps 941  opp symm  loss +0.052  pg +0.0651  v 0.005  ev +0.92  adv_std 0.096  tR +1.00  ent[s/d/p/e] 1.39/2.42/1.49/0.41  emits 0.20  spf 65.7  z0 0.83  garr 99.5  tG 587  e2 0.03  nF 2.3  pS 0.24  ptS 0.23  fLog 0.62  pdΔ -0.2560  pkR 6.95  clip 0.08  kl +0.003
upd   35  steps   73728  sps 960  opp symm  loss -0.024  pg -0.0109  v 0.005  ev +0.93  adv_std 0.098  tR -1.00  ent[s/d/p/e] 1.55/2.41/1.49/0.44  emits 0.16  spf 96.2  z0 0.86  garr 127.6  tG 786  e2 0.02  nF 2.0  pS 0.27  ptS 0.25  fLog 0.67  pdΔ -0.2337  pkR 6.26  clip 0.09  kl +0.005
upd   36  steps   75776  sps 979  opp symm  loss -0.003  pg +0.0104  v 0.004  ev +0.96  adv_std 0.076  tR -1.00  ent[s/d/p/e] 1.59/2.40/1.35/0.35  emits 0.16  spf 93.0  z0 0.87  garr 149.1  tG 961  e2 0.02  nF 1.6  pS 0.29  ptS 0.27  fLog 0.67  pdΔ -0.2122  pkR 4.91  clip 0.08  kl +0.005
upd   37  steps   77824  sps 997  opp symm  loss +0.017  pg +0.0296  v 0.005  ev +0.96  adv_std 0.089  tR +0.00  ent[s/d/p/e] 1.74/2.39/1.24/0.39  emits 0.16  spf 117.0  z0 0.86  garr 178.9  tG 1207  e2 0.02  nF 1.6  pS 0.31  ptS 0.30  fLog 0.71  pdΔ -0.1854  pkR 3.77  clip 0.05  kl +0.001
upd   38  steps   79872  sps 1015  opp symm  loss -0.007  pg +0.0053  v 0.005  ev +0.97  adv_std 0.088  tR +0.00  ent[s/d/p/e] 1.82/2.39/1.24/0.40  emits 0.17  spf 128.3  z0 0.86  garr 200.7  tG 1446  e2 0.02  nF 1.5  pS 0.34  ptS 0.32  fLog 0.72  pdΔ -0.1611  pkR 3.88  clip 0.06  kl +0.001
upd   39  steps   81920  sps 1032  opp symm  loss -0.041  pg -0.0278  v 0.005  ev +0.97  adv_std 0.093  tR +0.00  ent[s/d/p/e] 1.82/2.43/1.32/0.41  emits 0.17  spf 142.5  z0 0.86  garr 206.0  tG 1578  e2 0.02  nF 1.6  pS 0.35  ptS 0.34  fLog 0.74  pdΔ -0.1496  pkR 3.25  clip 0.06  kl +0.002
upd   40  steps   83968  sps 1049  opp symm  loss -0.041  pg -0.0271  v 0.004  ev +0.98  adv_std 0.082  tR +0.00  ent[s/d/p/e] 1.91/2.41/1.34/0.34  emits 0.14  spf 148.6  z0 0.88  garr 218.3  tG 1736  e2 0.01  nF 1.3  pS 0.36  ptS 0.35  fLog 0.75  pdΔ -0.1369  pkR 2.97  clip 0.05  kl +0.001
upd   41  steps   86016  sps 1066  opp symm  loss +0.009  pg +0.0209  v 0.007  ev +0.96  adv_std 0.112  tR +0.00  ent[s/d/p/e] 1.94/2.44/1.33/0.38  emits 0.16  spf 168.8  z0 0.86  garr 233.8  tG 1921  e2 0.02  nF 1.4  pS 0.37  ptS 0.36  fLog 0.77  pdΔ -0.1270  pkR 3.06  clip 0.05  kl +0.000
upd   42  steps   88064  sps 1083  opp symm  loss +0.012  pg +0.0246  v 0.006  ev +0.97  adv_std 0.104  tR +1.00  ent[s/d/p/e] 1.97/2.39/1.33/0.39  emits 0.18  spf 162.4  z0 0.85  garr 240.0  tG 2046  e2 0.03  nF 1.5  pS 0.39  ptS 0.37  fLog 0.76  pdΔ -0.1115  pkR 3.07  clip 0.06  kl +0.003
upd   43  steps   90112  sps 1100  opp symm  loss -0.026  pg -0.0147  v 0.008  ev +0.96  adv_std 0.112  tR +0.00  ent[s/d/p/e] 1.96/2.34/1.32/0.42  emits 0.19  spf 165.9  z0 0.85  garr 229.7  tG 2018  e2 0.03  nF 1.5  pS 0.39  ptS 0.37  fLog 0.77  pdΔ -0.1147  pkR 3.59  clip 0.05  kl +0.002
upd   44  steps   92160  sps 1116  opp symm  loss -0.008  pg +0.0034  v 0.007  ev +0.96  adv_std 0.111  tR +1.00  ent[s/d/p/e] 1.91/2.32/1.24/0.43  emits 0.19  spf 164.3  z0 0.84  garr 222.5  tG 1992  e2 0.03  nF 1.4  pS 0.39  ptS 0.37  fLog 0.75  pdΔ -0.1139  pkR 3.85  clip 0.07  kl +0.004
upd   45  steps   94208  sps 1132  opp symm  loss +0.022  pg +0.0317  v 0.011  ev +0.94  adv_std 0.140  tR +1.00  ent[s/d/p/e] 2.03/2.35/1.22/0.40  emits 0.19  spf 181.1  z0 0.85  garr 229.8  tG 2096  e2 0.03  nF 1.5  pS 0.40  ptS 0.39  fLog 0.79  pdΔ -0.0975  pkR 3.55  clip 0.03  kl +0.001
upd   46  steps   96256  sps 1147  opp symm  loss +0.033  pg +0.0317  v 0.031  ev +0.85  adv_std 0.256  tR +0.25  ent[s/d/p/e] 1.80/2.28/1.19/0.35  emits 0.16  spf 136.7  z0 0.87  garr 176.5  tG 1592  e2 0.02  nF 1.3  pS 0.33  ptS 0.31  fLog 0.72  pdΔ -0.1733  pkR 4.53  clip 0.06  kl +0.003
upd   47  steps   98304  sps 1162  opp symm  loss +0.062  pg +0.0706  v 0.011  ev +0.86  adv_std 0.146  tR +0.00  ent[s/d/p/e] 1.02/2.14/1.50/0.33  emits 0.13  spf 72.3  z0 0.89  garr 86.1  tG 546  e2 0.01  nF 1.1  pS 0.16  ptS 0.16  fLog 0.62  pdΔ -0.3353  pkR 12.74  clip 0.04  kl -0.001
upd   48  steps  100352  sps 1178  opp symm  loss -0.005  pg +0.0026  v 0.013  ev +0.88  adv_std 0.157  tR -0.20  ent[s/d/p/e] 1.20/2.22/1.53/0.32  emits 0.14  spf 70.8  z0 0.88  garr 96.4  tG 583  e2 0.02  nF 1.3  pS 0.19  ptS 0.18  fLog 0.62  pdΔ -0.3106  pkR 12.51  clip 0.03  kl +0.001
upd   49  steps  102400  sps 1193  opp symm  loss +0.017  pg +0.0250  v 0.013  ev +0.88  adv_std 0.164  tR +0.00  ent[s/d/p/e] 1.29/2.28/1.63/0.34  emits 0.13  spf 74.1  z0 0.89  garr 109.1  tG 611  e2 0.01  nF 1.2  pS 0.21  ptS 0.20  fLog 0.64  pdΔ -0.2915  pkR 11.53  clip 0.04  kl +0.002
upd   50  steps  104448  sps 1207  opp symm  loss -0.033  pg -0.0208  v 0.007  ev +0.95  adv_std 0.116  tR +1.00  ent[s/d/p/e] 1.36/2.29/1.61/0.37  emits 0.14  spf 83.3  z0 0.88  garr 131.3  tG 739  e2 0.02  nF 1.2  pS 0.23  ptS 0.22  fLog 0.66  pdΔ -0.2655  pkR 10.22  clip 0.04  kl +0.001
upd   51  steps  106496  sps 1222  opp symm  loss -0.001  pg +0.0105  v 0.007  ev +0.96  adv_std 0.116  tR -1.00  ent[s/d/p/e] 1.50/2.28/1.49/0.34  emits 0.14  spf 90.8  z0 0.88  garr 151.5  tG 881  e2 0.02  nF 1.2  pS 0.26  ptS 0.24  fLog 0.68  pdΔ -0.2421  pkR 3.92  clip 0.05  kl +0.002
upd   52  steps  108544  sps 1236  opp symm  loss +0.044  pg +0.0554  v 0.008  ev +0.96  adv_std 0.122  tR +0.00  ent[s/d/p/e] 1.65/2.19/1.40/0.36  emits 0.15  spf 100.8  z0 0.87  garr 168.9  tG 1100  e2 0.02  nF 1.4  pS 0.29  ptS 0.28  fLog 0.68  pdΔ -0.2053  pkR 3.44  clip 0.06  kl +0.003
upd   53  steps  110592  sps 1250  opp symm  loss -0.037  pg -0.0263  v 0.006  ev +0.97  adv_std 0.104  tR +0.00  ent[s/d/p/e] 1.80/2.19/1.24/0.34  emits 0.13  spf 116.2  z0 0.89  garr 197.8  tG 1376  e2 0.02  nF 1.2  pS 0.33  ptS 0.31  fLog 0.72  pdΔ -0.1707  pkR 3.13  clip 0.03  kl +0.001
upd   54  steps  112640  sps 1264  opp symm  loss -0.035  pg -0.0249  v 0.008  ev +0.96  adv_std 0.127  tR -1.00  ent[s/d/p/e] 1.84/2.19/1.24/0.37  emits 0.14  spf 130.7  z0 0.88  garr 223.9  tG 1627  e2 0.02  nF 1.1  pS 0.35  ptS 0.33  fLog 0.74  pdΔ -0.1545  pkR 3.39  clip 0.05  kl +0.000
upd   55  steps  114688  sps 1278  opp symm  loss -0.031  pg -0.0197  v 0.006  ev +0.97  adv_std 0.104  tR +0.00  ent[s/d/p/e] 1.86/2.15/1.27/0.34  emits 0.13  spf 143.2  z0 0.89  garr 248.8  tG 1868  e2 0.02  nF 1.1  pS 0.36  ptS 0.34  fLog 0.76  pdΔ -0.1420  pkR 3.03  clip 0.06  kl +0.001
upd   56  steps  116736  sps 1292  opp symm  loss -0.034  pg -0.0230  v 0.006  ev +0.97  adv_std 0.106  tR +1.00  ent[s/d/p/e] 1.95/2.03/1.24/0.39  emits 0.13  spf 139.3  z0 0.88  garr 271.3  tG 2144  e2 0.01  nF 1.1  pS 0.38  ptS 0.36  fLog 0.75  pdΔ -0.1222  pkR 3.11  clip 0.06  kl +0.002
upd   57  steps  118784  sps 1305  opp symm  loss -0.017  pg -0.0069  v 0.008  ev +0.97  adv_std 0.128  tR +1.00  ent[s/d/p/e] 1.91/2.06/1.18/0.42  emits 0.17  spf 143.4  z0 0.86  garr 281.5  tG 2309  e2 0.02  nF 1.3  pS 0.38  ptS 0.37  fLog 0.75  pdΔ -0.1165  pkR 3.08  clip 0.06  kl +0.002
upd   58  steps  120832  sps 1318  opp symm  loss +0.011  pg +0.0221  v 0.006  ev +0.98  adv_std 0.104  tR +0.00  ent[s/d/p/e] 1.85/1.99/1.11/0.38  emits 0.16  spf 133.8  z0 0.87  garr 278.9  tG 2409  e2 0.02  nF 1.3  pS 0.39  ptS 0.37  fLog 0.72  pdΔ -0.1134  pkR 3.37  clip 0.05  kl +0.001
upd   59  steps  122880  sps 1331  opp symm  loss +0.015  pg +0.0225  v 0.013  ev +0.95  adv_std 0.161  tR +0.60  ent[s/d/p/e] 1.79/2.03/1.17/0.43  emits 0.19  spf 136.0  z0 0.85  garr 267.6  tG 2344  e2 0.03  nF 1.6  pS 0.37  ptS 0.35  fLog 0.70  pdΔ -0.1335  pkR 3.32  clip 0.08  kl +0.005
upd   60  steps  124928  sps 1344  opp symm  loss +0.029  pg +0.0397  v 0.007  ev +0.98  adv_std 0.093  tR +1.00  ent[s/d/p/e] 1.74/2.01/1.25/0.30  emits 0.14  spf 120.4  z0 0.88  garr 274.1  tG 2367  e2 0.02  nF 1.4  pS 0.36  ptS 0.35  fLog 0.69  pdΔ -0.1436  pkR 3.18  clip 0.10  kl +0.008
upd   61  steps  126976  sps 1356  opp symm  loss +0.017  pg +0.0290  v 0.003  ev +0.99  adv_std 0.081  tR -1.00  ent[s/d/p/e] 1.87/2.00/1.17/0.32  emits 0.11  spf 143.5  z0 0.90  garr 306.5  tG 2693  e2 0.01  nF 1.1  pS 0.38  ptS 0.37  fLog 0.71  pdΔ -0.1230  pkR 2.93  clip 0.04  kl +0.001
upd   62  steps  129024  sps 1369  opp symm  loss +0.045  pg +0.0472  v 0.020  ev +0.86  adv_std 0.200  tR +0.35  ent[s/d/p/e] 1.01/1.84/1.31/0.27  emits 0.11  spf 79.1  z0 0.90  garr 163.9  tG 1228  e2 0.01  nF 1.0  pS 0.20  ptS 0.20  fLog 0.61  pdΔ -0.2958  pkR 6.33  clip 0.04  kl +0.001
upd   63  steps  131072  sps 1381  opp symm  loss +0.040  pg +0.0485  v 0.010  ev +0.92  adv_std 0.136  tR +0.00  ent[s/d/p/e] 0.88/1.98/1.49/0.33  emits 0.13  spf 53.6  z0 0.89  garr 125.4  tG 771  e2 0.02  nF 1.4  pS 0.17  ptS 0.17  fLog 0.58  pdΔ -0.3268  pkR 8.00  clip 0.05  kl +0.000
upd   64  steps  133120  sps 1393  opp symm  loss -0.048  pg -0.0390  v 0.008  ev +0.93  adv_std 0.130  tR -0.20  ent[s/d/p/e] 1.25/2.03/1.40/0.36  emits 0.16  spf 59.1  z0 0.87  garr 127.2  tG 763  e2 0.02  nF 1.5  pS 0.19  ptS 0.19  fLog 0.58  pdΔ -0.3057  pkR 8.28  clip 0.06  kl -0.001
upd   65  steps  135168  sps 1405  opp symm  loss -0.012  pg -0.0019  v 0.007  ev +0.94  adv_std 0.114  tR -1.00  ent[s/d/p/e] 1.32/2.04/1.45/0.31  emits 0.12  spf 67.0  z0 0.89  garr 145.1  tG 855  e2 0.01  nF 1.4  pS 0.21  ptS 0.21  fLog 0.61  pdΔ -0.2865  pkR 7.10  clip 0.05  kl +0.001
upd   66  steps  137216  sps 1417  opp symm  loss +0.019  pg +0.0290  v 0.007  ev +0.95  adv_std 0.117  tR +1.00  ent[s/d/p/e] 1.41/2.10/1.34/0.30  emits 0.10  spf 78.4  z0 0.91  garr 172.5  tG 1026  e2 0.01  nF 1.2  pS 0.24  ptS 0.23  fLog 0.64  pdΔ -0.2622  pkR 6.22  clip 0.03  kl +0.002
upd   67  steps  139264  sps 1428  opp symm  loss +0.007  pg +0.0163  v 0.008  ev +0.95  adv_std 0.124  tR -1.00  ent[s/d/p/e] 1.54/1.99/1.21/0.29  emits 0.11  spf 84.0  z0 0.90  garr 199.9  tG 1165  e2 0.01  nF 1.1  pS 0.25  ptS 0.24  fLog 0.66  pdΔ -0.2501  pkR 4.61  clip 0.03  kl +0.002
upd   68  steps  141312  sps 1440  opp symm  loss +0.005  pg +0.0151  v 0.006  ev +0.96  adv_std 0.111  tR +0.00  ent[s/d/p/e] 1.59/2.07/1.31/0.29  emits 0.09  spf 117.1  z0 0.92  garr 245.5  tG 1458  e2 0.01  nF 0.8  pS 0.26  ptS 0.26  fLog 0.71  pdΔ -0.2369  pkR 4.14  clip 0.03  kl +0.001
upd   69  steps  143360  sps 1451  opp symm  loss -0.049  pg -0.0409  v 0.009  ev +0.95  adv_std 0.134  tR +0.00  ent[s/d/p/e] 1.63/1.98/1.07/0.29  emits 0.10  spf 129.8  z0 0.91  garr 279.6  tG 1702  e2 0.01  nF 0.9  pS 0.28  ptS 0.27  fLog 0.72  pdΔ -0.2232  pkR 4.18  clip 0.05  kl +0.003
upd   70  steps  145408  sps 1462  opp symm  loss -0.090  pg -0.0792  v 0.005  ev +0.98  adv_std 0.097  tR +0.00  ent[s/d/p/e] 1.62/1.98/1.13/0.26  emits 0.08  spf 122.3  z0 0.93  garr 298.3  tG 1869  e2 0.01  nF 0.8  pS 0.28  ptS 0.28  fLog 0.72  pdΔ -0.2227  pkR 4.15  clip 0.03  kl +0.001
upd   71  steps  147456  sps 1473  opp symm  loss +0.006  pg +0.0166  v 0.005  ev +0.98  adv_std 0.096  tR +0.00  ent[s/d/p/e] 1.68/1.93/1.08/0.32  emits 0.10  spf 137.8  z0 0.91  garr 341.8  tG 2146  e2 0.01  nF 0.8  pS 0.29  ptS 0.28  fLog 0.73  pdΔ -0.2137  pkR 3.70  clip 0.05  kl +0.004
upd   72  steps  149504  sps 1484  opp symm  loss +0.034  pg +0.0430  v 0.007  ev +0.97  adv_std 0.119  tR -1.00  ent[s/d/p/e] 1.68/1.95/1.03/0.25  emits 0.10  spf 140.5  z0 0.91  garr 366.7  tG 2377  e2 0.01  nF 0.9  pS 0.30  ptS 0.30  fLog 0.72  pdΔ -0.2021  pkR 3.83  clip 0.06  kl +0.002
upd   73  steps  151552  sps 1495  opp symm  loss +0.073  pg +0.0825  v 0.004  ev +0.98  adv_std 0.086  tR +1.00  ent[s/d/p/e] 1.62/1.83/1.00/0.28  emits 0.10  spf 129.8  z0 0.92  garr 393.3  tG 2595  e2 0.01  nF 0.9  pS 0.31  ptS 0.30  fLog 0.71  pdΔ -0.1949  pkR 3.63  clip 0.03  kl +0.001
upd   74  steps  153600  sps 1505  opp symm  loss -0.014  pg -0.0072  v 0.009  ev +0.96  adv_std 0.133  tR -0.50  ent[s/d/p/e] 1.49/1.79/1.04/0.25  emits 0.08  spf 115.0  z0 0.93  garr 405.1  tG 2652  e2 0.01  nF 0.8  pS 0.30  ptS 0.29  fLog 0.67  pdΔ -0.2026  pkR 3.41  clip 0.02  kl -0.000
upd   75  steps  155648  sps 1516  opp symm  loss -0.006  pg +0.0030  v 0.005  ev +0.97  adv_std 0.102  tR +0.00  ent[s/d/p/e] 1.41/1.83/1.13/0.27  emits 0.11  spf 130.1  z0 0.90  garr 403.1  tG 2651  e2 0.01  nF 1.0  pS 0.29  ptS 0.28  fLog 0.68  pdΔ -0.2130  pkR 2.89  clip 0.03  kl +0.002
upd   76  steps  157696  sps 1526  opp symm  loss +0.048  pg +0.0580  v 0.003  ev +0.98  adv_std 0.079  tR +0.00  ent[s/d/p/e] 1.47/1.81/1.11/0.26  emits 0.12  spf 114.6  z0 0.91  garr 422.3  tG 2840  e2 0.02  nF 1.3  pS 0.30  ptS 0.30  fLog 0.65  pdΔ -0.2007  pkR 2.90  clip 0.04  kl +0.002
upd   77  steps  159744  sps 1536  opp symm  loss -0.007  pg -0.0091  v 0.029  ev +0.89  adv_std 0.251  tR +0.00  ent[s/d/p/e] 1.39/1.87/1.16/0.26  emits 0.10  spf 98.0  z0 0.91  garr 385.0  tG 2676  e2 0.01  nF 0.9  pS 0.29  ptS 0.28  fLog 0.61  pdΔ -0.2135  pkR 3.18  clip 0.04  kl -0.000
upd   78  steps  161792  sps 1547  opp symm  loss -0.012  pg -0.0074  v 0.014  ev +0.86  adv_std 0.167  tR +0.00  ent[s/d/p/e] 0.85/1.72/1.40/0.33  emits 0.17  spf 42.0  z0 0.86  garr 161.1  tG 1131  e2 0.02  nF 1.7  pS 0.19  ptS 0.18  fLog 0.53  pdΔ -0.3064  pkR 8.67  clip 0.05  kl +0.001
upd   79  steps  163840  sps 1556  opp symm  loss -0.019  pg -0.0147  v 0.017  ev +0.92  adv_std 0.190  tR +0.33  ent[s/d/p/e] 1.07/1.86/1.42/0.38  emits 0.17  spf 47.4  z0 0.87  garr 173.2  tG 1151  e2 0.02  nF 2.0  pS 0.22  ptS 0.20  fLog 0.55  pdΔ -0.2830  pkR 8.58  clip 0.08  kl +0.003
upd   80  steps  165888  sps 1566  opp symm  loss +0.037  pg +0.0426  v 0.015  ev +0.93  adv_std 0.173  tR -1.00  ent[s/d/p/e] 1.13/1.90/1.39/0.40  emits 0.18  spf 48.2  z0 0.86  garr 142.4  tG 933  e2 0.03  nF 2.3  pS 0.23  ptS 0.21  fLog 0.55  pdΔ -0.2740  pkR 6.74  clip 0.05  kl +0.001
upd   81  steps  167936  sps 1576  opp symm  loss +0.003  pg +0.0123  v 0.007  ev +0.97  adv_std 0.106  tR -1.00  ent[s/d/p/e] 1.27/1.85/1.17/0.37  emits 0.20  spf 47.9  z0 0.85  garr 158.0  tG 1031  e2 0.03  nF 2.0  pS 0.26  ptS 0.24  fLog 0.55  pdΔ -0.2422  pkR 6.08  clip 0.07  kl +0.004
upd   82  steps  169984  sps 1586  opp symm  loss +0.031  pg +0.0411  v 0.005  ev +0.97  adv_std 0.098  tR -0.33  ent[s/d/p/e] 1.46/1.99/1.21/0.35  emits 0.14  spf 67.5  z0 0.89  garr 196.3  tG 1247  e2 0.02  nF 1.8  pS 0.27  ptS 0.26  fLog 0.61  pdΔ -0.2258  pkR 5.23  clip 0.04  kl +0.001
upd   83  steps  172032  sps 1595  opp symm  loss +0.012  pg +0.0223  v 0.007  ev +0.97  adv_std 0.116  tR +0.00  ent[s/d/p/e] 1.62/1.95/1.14/0.34  emits 0.14  spf 75.3  z0 0.89  garr 242.4  tG 1535  e2 0.02  nF 1.4  pS 0.29  ptS 0.27  fLog 0.63  pdΔ -0.2123  pkR 4.87  clip 0.04  kl +0.003
upd   84  steps  174080  sps 1604  opp symm  loss -0.020  pg -0.0107  v 0.006  ev +0.97  adv_std 0.110  tR +0.00  ent[s/d/p/e] 1.73/1.80/1.08/0.33  emits 0.15  spf 89.9  z0 0.88  garr 287.1  tG 1862  e2 0.02  nF 1.6  pS 0.31  ptS 0.29  fLog 0.66  pdΔ -0.1946  pkR 4.38  clip 0.04  kl +0.002
upd   85  steps  176128  sps 1614  opp symm  loss +0.011  pg +0.0198  v 0.006  ev +0.98  adv_std 0.110  tR +1.00  ent[s/d/p/e] 1.77/1.77/0.97/0.33  emits 0.12  spf 83.8  z0 0.89  garr 311.4  tG 2093  e2 0.02  nF 1.4  pS 0.32  ptS 0.31  fLog 0.66  pdΔ -0.1800  pkR 4.17  clip 0.04  kl -0.001
upd   86  steps  178176  sps 1623  opp symm  loss +0.003  pg +0.0098  v 0.010  ev +0.96  adv_std 0.150  tR +0.00  ent[s/d/p/e] 1.83/1.81/0.95/0.33  emits 0.15  spf 109.3  z0 0.88  garr 334.2  tG 2289  e2 0.02  nF 1.4  pS 0.33  ptS 0.32  fLog 0.70  pdΔ -0.1730  pkR 4.18  clip 0.06  kl +0.002