
=== [2026-06-10T23:55:17Z] v14d_binary_v2_a_p0i5_ORBITWARS_SHAPING_RELEASE_K_20.0_b34113b93d phase=a kind=probe chunk=400 env={"ORBITWARS_SHAPING_HOLD_BONUS": 0.004, "ORBITWARS_SHAPING_CAPTURE": 0.04, "ORBITWARS_SHAPING_RELEASE": 0.012, "ORBITWARS_SHAPING_RELEASE_K": 20.0, "ORBITWARS_SHAPING_PROD_SHARE_DELTA": 0.025, "ORBITWARS_SHAPING_ONE_SHIP_PENALTY": 0.04} ppo={"ent_coef_emit": 0.004, "lr_peak": 4e-05} ===
[reward] kaggle-aligned: terminal +1 win/+1 tie>0/-1 loss/-1 double-wipeout; is_terminal at step >= episode_steps-2; SHAPING_SCALE=0.0; v1: KEEP_HOME=0.0 FLEET_SIZE=0.0/norm20.0; v2 (expert-replay calibrated): PROD_SHARE=0.0 PLANET_SHARE=0.0 FLEET_LOG=0.0/ref500.0/floor0.3; v3 (top10-2630ep calibrated): PROD_SHARE_DELTA=0.025 EMIT_LOG=0.0 EMIT_GATED=0.0 RELEASE=0.012/K20.0 CAPTURE=0.04; episode_steps=500 (kaggle=500, mismatch=False)
[symmetric] Frog Parade style: same params drive BOTH players, no frozen/strong/buffer opponents, zero_sum_value=True
upd    0  steps    2048  sps 38  opp symm  loss -0.079  pg -0.0716  v 0.006  ev +0.05  adv_std 0.111  tR +0.00  ent[s/d/p/e] 0.31/1.40/1.30/0.34  emits 0.24  spf 17.2  z0 0.80  garr 19.3  tG 27  e2 0.03  nF 1.6  pS 0.07  ptS 0.07  fLog 0.43  pdΔ -0.4329  pkR 7.05  clip 0.00  kl +0.000
upd    1  steps    4096  sps 75  opp symm  loss +0.052  pg +0.0599  v 0.007  ev +0.14  adv_std 0.126  tR +0.00  ent[s/d/p/e] 0.81/1.36/1.17/0.53  emits 0.57  spf 18.5  z0 0.66  garr 26.6  tG 73  e2 0.15  nF 5.3  pS 0.13  ptS 0.12  fLog 0.42  pdΔ -0.3742  pkR 6.43  clip 0.06  kl +0.003
upd    2  steps    6144  sps 111  opp symm  loss +0.042  pg +0.0518  v 0.005  ev +0.26  adv_std 0.101  tR +0.00  ent[s/d/p/e] 1.16/1.67/1.19/0.59  emits 0.79  spf 23.8  z0 0.58  garr 29.8  tG 127  e2 0.19  nF 9.2  pS 0.19  ptS 0.18  fLog 0.44  pdΔ -0.3111  pkR 5.54  clip 0.10  kl -0.001
upd    3  steps    8192  sps 146  opp symm  loss +0.024  pg +0.0351  v 0.006  ev +0.15  adv_std 0.113  tR +1.00  ent[s/d/p/e] 1.39/1.90/1.22/0.62  emits 0.78  spf 28.1  z0 0.58  garr 36.1  tG 203  e2 0.19  nF 10.9  pS 0.24  ptS 0.23  fLog 0.47  pdΔ -0.2621  pkR 4.70  clip 0.12  kl +0.001
upd    4  steps   10240  sps 181  opp symm  loss -0.008  pg +0.0033  v 0.006  ev +0.25  adv_std 0.113  tR -1.00  ent[s/d/p/e] 1.57/1.98/1.16/0.62  emits 0.80  spf 34.0  z0 0.58  garr 43.0  tG 296  e2 0.20  nF 10.9  pS 0.28  ptS 0.27  fLog 0.48  pdΔ -0.2169  pkR 5.16  clip 0.35  kl +0.012
upd    5  steps   12288  sps 214  opp symm  loss +0.051  pg +0.0630  v 0.005  ev +0.11  adv_std 0.103  tR +0.00  ent[s/d/p/e] 1.71/2.12/1.21/0.64  emits 0.87  spf 38.2  z0 0.56  garr 49.8  tG 388  e2 0.22  nF 10.8  pS 0.32  ptS 0.31  fLog 0.50  pdΔ -0.1787  pkR 5.70  clip 0.11  kl +0.000
upd    6  steps   14336  sps 247  opp symm  loss -0.023  pg -0.0106  v 0.005  ev +0.19  adv_std 0.099  tR -1.00  ent[s/d/p/e] 1.77/2.14/1.18/0.63  emits 0.81  spf 48.8  z0 0.57  garr 53.6  tG 462  e2 0.20  nF 10.6  pS 0.34  ptS 0.33  fLog 0.53  pdΔ -0.1616  pkR 5.77  clip 0.27  kl +0.005
upd    7  steps   16384  sps 279  opp symm  loss -0.052  pg -0.0390  v 0.003  ev +0.53  adv_std 0.083  tR -1.00  ent[s/d/p/e] 1.81/2.14/1.15/0.62  emits 0.72  spf 50.4  z0 0.60  garr 59.0  tG 565  e2 0.18  nF 9.0  pS 0.36  ptS 0.36  fLog 0.53  pdΔ -0.1375  pkR 5.50  clip 0.21  kl +0.010
upd    8  steps   18432  sps 311  opp symm  loss -0.002  pg +0.0121  v 0.002  ev +0.83  adv_std 0.065  tR +1.00  ent[s/d/p/e] 1.90/2.26/1.22/0.60  emits 0.57  spf 64.8  z0 0.65  garr 64.8  tG 646  e2 0.12  nF 7.7  pS 0.38  ptS 0.37  fLog 0.59  pdΔ -0.1197  pkR 5.84  clip 0.25  kl +0.008
upd    9  steps   20480  sps 342  opp symm  loss -0.025  pg -0.0102  v 0.002  ev +0.89  adv_std 0.060  tR -1.00  ent[s/d/p/e] 1.90/2.28/1.17/0.62  emits 0.60  spf 69.6  z0 0.64  garr 69.4  tG 698  e2 0.14  nF 6.3  pS 0.38  ptS 0.37  fLog 0.59  pdΔ -0.1242  pkR 5.96  clip 0.14  kl +0.003
upd   10  steps   22528  sps 372  opp symm  loss -0.089  pg -0.0754  v 0.002  ev +0.93  adv_std 0.068  tR -1.00  ent[s/d/p/e] 1.90/2.25/1.09/0.59  emits 0.49  spf 72.2  z0 0.69  garr 78.1  tG 814  e2 0.11  nF 5.6  pS 0.38  ptS 0.38  fLog 0.60  pdΔ -0.1167  pkR 6.11  clip 0.18  kl +0.010
upd   11  steps   24576  sps 401  opp symm  loss -0.023  pg -0.0091  v 0.002  ev +0.96  adv_std 0.059  tR +0.00  ent[s/d/p/e] 1.84/2.18/1.17/0.58  emits 0.44  spf 81.9  z0 0.71  garr 92.3  tG 999  e2 0.10  nF 4.9  pS 0.39  ptS 0.39  fLog 0.61  pdΔ -0.1093  pkR 6.20  clip 0.08  kl +0.005
upd   12  steps   26624  sps 430  opp symm  loss -0.040  pg -0.0254  v 0.002  ev +0.96  adv_std 0.061  tR +0.00  ent[s/d/p/e] 1.88/2.26/1.22/0.57  emits 0.47  spf 99.8  z0 0.70  garr 94.8  tG 999  e2 0.11  nF 4.6  pS 0.39  ptS 0.38  fLog 0.64  pdΔ -0.1131  pkR 6.74  clip 0.11  kl +0.002
upd   13  steps   28672  sps 458  opp symm  loss -0.023  pg -0.0083  v 0.002  ev +0.97  adv_std 0.059  tR +0.00  ent[s/d/p/e] 1.92/2.30/1.23/0.57  emits 0.48  spf 101.8  z0 0.69  garr 94.3  tG 1027  e2 0.11  nF 4.7  pS 0.40  ptS 0.39  fLog 0.64  pdΔ -0.0970  pkR 7.50  clip 0.09  kl +0.003
upd   14  steps   30720  sps 486  opp symm  loss +0.021  pg +0.0359  v 0.002  ev +0.98  adv_std 0.054  tR +0.00  ent[s/d/p/e] 1.89/2.27/1.22/0.57  emits 0.42  spf 105.6  z0 0.71  garr 105.4  tG 1191  e2 0.09  nF 4.5  pS 0.42  ptS 0.41  fLog 0.64  pdΔ -0.0804  pkR 8.49  clip 0.09  kl +0.002
upd   15  steps   32768  sps 513  opp symm  loss +0.055  pg +0.0461  v 0.047  ev +0.70  adv_std 0.329  tR -0.08  ent[s/d/p/e] 1.75/2.22/1.22/0.43  emits 0.26  spf 99.6  z0 0.81  garr 79.7  tG 769  e2 0.05  nF 2.5  pS 0.28  ptS 0.27  fLog 0.64  pdΔ -0.2227  pkR 13.55  clip 0.07  kl +0.003
upd   16  steps   34816  sps 540  opp symm  loss +0.012  pg +0.0235  v 0.004  ev +0.80  adv_std 0.071  tR +0.00  ent[s/d/p/e] 0.97/2.26/1.47/0.25  emits 0.10  spf 70.7  z0 0.92  garr 76.2  tG 203  e2 0.01  nF 0.7  pS 0.11  ptS 0.11  fLog 0.62  pdΔ -0.3914  pkR 10.89  clip 0.03  kl +0.001
upd   17  steps   36864  sps 566  opp symm  loss +0.110  pg +0.1226  v 0.003  ev +0.87  adv_std 0.071  tR +0.00  ent[s/d/p/e] 1.19/2.32/1.38/0.32  emits 0.14  spf 84.3  z0 0.90  garr 93.4  tG 267  e2 0.02  nF 1.1  pS 0.13  ptS 0.13  fLog 0.63  pdΔ -0.3656  pkR 8.23  clip 0.04  kl +0.002
upd   18  steps   38912  sps 592  opp symm  loss +0.077  pg +0.0889  v 0.004  ev +0.88  adv_std 0.090  tR +0.00  ent[s/d/p/e] 1.13/2.25/1.48/0.39  emits 0.18  spf 76.6  z0 0.86  garr 95.5  tG 319  e2 0.03  nF 1.5  pS 0.16  ptS 0.16  fLog 0.62  pdΔ -0.3380  pkR 6.60  clip 0.04  kl +0.002
upd   19  steps   40960  sps 617  opp symm  loss +0.053  pg +0.0647  v 0.006  ev +0.89  adv_std 0.105  tR -0.33  ent[s/d/p/e] 1.31/2.40/1.48/0.41  emits 0.21  spf 91.9  z0 0.84  garr 91.4  tG 378  e2 0.03  nF 1.7  pS 0.19  ptS 0.19  fLog 0.66  pdΔ -0.3090  pkR 5.61  clip 0.06  kl +0.002
upd   20  steps   43008  sps 641  opp symm  loss +0.019  pg +0.0310  v 0.006  ev +0.90  adv_std 0.100  tR +1.00  ent[s/d/p/e] 1.41/2.38/1.45/0.45  emits 0.22  spf 84.4  z0 0.82  garr 91.8  tG 468  e2 0.03  nF 1.7  pS 0.23  ptS 0.22  fLog 0.64  pdΔ -0.2709  pkR 5.19  clip 0.06  kl +0.001
upd   21  steps   45056  sps 665  opp symm  loss +0.011  pg +0.0248  v 0.004  ev +0.93  adv_std 0.084  tR +0.00  ent[s/d/p/e] 1.56/2.43/1.45/0.49  emits 0.24  spf 87.7  z0 0.82  garr 104.0  tG 591  e2 0.04  nF 2.1  pS 0.26  ptS 0.25  fLog 0.65  pdΔ -0.2407  pkR 5.07  clip 0.08  kl +0.000
upd   22  steps   47104  sps 689  opp symm  loss +0.011  pg +0.0244  v 0.005  ev +0.94  adv_std 0.087  tR -1.00  ent[s/d/p/e] 1.67/2.40/1.43/0.51  emits 0.29  spf 89.7  z0 0.78  garr 105.6  tG 696  e2 0.05  nF 2.4  pS 0.29  ptS 0.28  fLog 0.65  pdΔ -0.2104  pkR 4.55  clip 0.09  kl +0.004
upd   23  steps   49152  sps 712  opp symm  loss +0.009  pg +0.0227  v 0.004  ev +0.95  adv_std 0.093  tR -1.00  ent[s/d/p/e] 1.78/2.43/1.34/0.53  emits 0.30  spf 94.4  z0 0.78  garr 108.7  tG 790  e2 0.05  nF 2.7  pS 0.31  ptS 0.31  fLog 0.66  pdΔ -0.1858  pkR 4.13  clip 0.05  kl -0.001
upd   24  steps   51200  sps 735  opp symm  loss -0.044  pg -0.0303  v 0.006  ev +0.94  adv_std 0.106  tR -1.00  ent[s/d/p/e] 1.83/2.46/1.43/0.53  emits 0.32  spf 95.4  z0 0.77  garr 105.1  tG 828  e2 0.07  nF 2.9  pS 0.33  ptS 0.33  fLog 0.66  pdΔ -0.1689  pkR 4.44  clip 0.08  kl +0.003
upd   25  steps   53248  sps 757  opp symm  loss +0.012  pg +0.0261  v 0.004  ev +0.97  adv_std 0.080  tR +0.00  ent[s/d/p/e] 1.88/2.46/1.39/0.54  emits 0.35  spf 104.4  z0 0.75  garr 112.6  tG 934  e2 0.07  nF 2.8  pS 0.35  ptS 0.34  fLog 0.67  pdΔ -0.1539  pkR 3.76  clip 0.06  kl +0.002
upd   26  steps   55296  sps 779  opp symm  loss +0.026  pg +0.0392  v 0.006  ev +0.96  adv_std 0.100  tR -0.33  ent[s/d/p/e] 1.93/2.41/1.28/0.51  emits 0.31  spf 97.2  z0 0.77  garr 117.1  tG 1021  e2 0.06  nF 3.1  pS 0.36  ptS 0.36  fLog 0.66  pdΔ -0.1393  pkR 4.01  clip 0.07  kl +0.001
upd   27  steps   57344  sps 801  opp symm  loss +0.010  pg +0.0233  v 0.007  ev +0.95  adv_std 0.104  tR -1.00  ent[s/d/p/e] 1.96/2.47/1.41/0.49  emits 0.28  spf 114.5  z0 0.79  garr 130.9  tG 1172  e2 0.05  nF 2.7  pS 0.36  ptS 0.36  fLog 0.68  pdΔ -0.1388  pkR 4.69  clip 0.10  kl +0.003
upd   28  steps   59392  sps 822  opp symm  loss -0.042  pg -0.0286  v 0.005  ev +0.97  adv_std 0.093  tR -1.00  ent[s/d/p/e] 1.96/2.43/1.28/0.53  emits 0.31  spf 118.6  z0 0.78  garr 134.3  tG 1262  e2 0.06  nF 3.1  pS 0.38  ptS 0.37  fLog 0.68  pdΔ -0.1197  pkR 4.96  clip 0.06  kl +0.000
upd   29  steps   61440  sps 843  opp symm  loss +0.004  pg +0.0182  v 0.004  ev +0.97  adv_std 0.087  tR -1.00  ent[s/d/p/e] 1.97/2.44/1.40/0.55  emits 0.35  spf 117.8  z0 0.75  garr 132.0  tG 1316  e2 0.07  nF 3.2  pS 0.40  ptS 0.39  fLog 0.68  pdΔ -0.1012  pkR 5.72  clip 0.06  kl +0.001
upd   30  steps   63488  sps 863  opp symm  loss -0.004  pg +0.0100  v 0.005  ev +0.97  adv_std 0.093  tR +1.00  ent[s/d/p/e] 1.91/2.39/1.44/0.51  emits 0.32  spf 111.1  z0 0.77  garr 131.4  tG 1326  e2 0.06  nF 3.1  pS 0.40  ptS 0.39  fLog 0.67  pdΔ -0.1022  pkR 6.01  clip 0.06  kl +0.002
upd   31  steps   65536  sps 883  opp symm  loss -0.027  pg -0.0216  v 0.018  ev +0.79  adv_std 0.188  tR -0.09  ent[s/d/p/e] 1.24/2.33/1.51/0.33  emits 0.13  spf 81.0  z0 0.89  garr 63.6  tG 452  e2 0.02  nF 1.2  pS 0.17  ptS 0.16  fLog 0.62  pdΔ -0.3308  pkR 14.05  clip 0.04  kl -0.001
upd   32  steps   67584  sps 903  opp symm  loss +0.030  pg +0.0404  v 0.007  ev +0.89  adv_std 0.114  tR +0.00  ent[s/d/p/e] 1.12/2.36/1.48/0.37  emits 0.16  spf 85.0  z0 0.87  garr 66.7  tG 422  e2 0.02  nF 1.5  pS 0.18  ptS 0.17  fLog 0.63  pdΔ -0.3247  pkR 11.57  clip 0.05  kl +0.000
upd   33  steps   69632  sps 923  opp symm  loss -0.038  pg -0.0252  v 0.005  ev +0.94  adv_std 0.100  tR +0.00  ent[s/d/p/e] 1.38/2.48/1.55/0.42  emits 0.17  spf 95.0  z0 0.86  garr 84.2  tG 555  e2 0.02  nF 1.6  pS 0.22  ptS 0.21  fLog 0.66  pdΔ -0.2814  pkR 10.07  clip 0.05  kl +0.001
upd   34  steps   71680  sps 942  opp symm  loss -0.005  pg +0.0084  v 0.005  ev +0.95  adv_std 0.097  tR +1.00  ent[s/d/p/e] 1.51/2.56/1.61/0.42  emits 0.19  spf 107.2  z0 0.85  garr 101.3  tG 697  e2 0.03  nF 1.6  pS 0.25  ptS 0.24  fLog 0.69  pdΔ -0.2470  pkR 8.89  clip 0.06  kl +0.001
upd   35  steps   73728  sps 960  opp symm  loss +0.003  pg +0.0161  v 0.006  ev +0.95  adv_std 0.101  tR +0.00  ent[s/d/p/e] 1.50/2.55/1.70/0.38  emits 0.16  spf 122.6  z0 0.86  garr 109.6  tG 746  e2 0.02  nF 1.5  pS 0.27  ptS 0.26  fLog 0.70  pdΔ -0.2299  pkR 8.82  clip 0.03  kl -0.000
upd   36  steps   75776  sps 979  opp symm  loss +0.021  pg +0.0345  v 0.004  ev +0.97  adv_std 0.077  tR +1.00  ent[s/d/p/e] 1.57/2.53/1.56/0.38  emits 0.14  spf 118.1  z0 0.88  garr 123.5  tG 774  e2 0.02  nF 1.3  pS 0.27  ptS 0.26  fLog 0.71  pdΔ -0.2268  pkR 5.65  clip 0.04  kl +0.001
upd   37  steps   77824  sps 997  opp symm  loss -0.022  pg -0.0100  v 0.008  ev +0.94  adv_std 0.115  tR +1.00  ent[s/d/p/e] 1.61/2.57/1.61/0.38  emits 0.16  spf 132.4  z0 0.86  garr 140.6  tG 931  e2 0.02  nF 1.2  pS 0.29  ptS 0.28  fLog 0.73  pdΔ -0.2073  pkR 4.17  clip 0.04  kl +0.001
upd   38  steps   79872  sps 1015  opp symm  loss +0.005  pg +0.0196  v 0.003  ev +0.97  adv_std 0.077  tR +0.00  ent[s/d/p/e] 1.66/2.51/1.59/0.37  emits 0.16  spf 141.0  z0 0.87  garr 153.0  tG 1044  e2 0.02  nF 1.3  pS 0.30  ptS 0.29  fLog 0.73  pdΔ -0.2015  pkR 3.88  clip 0.05  kl +0.002
upd   39  steps   81920  sps 1032  opp symm  loss -0.046  pg -0.0328  v 0.005  ev +0.97  adv_std 0.088  tR -1.00  ent[s/d/p/e] 1.72/2.54/1.48/0.44  emits 0.20  spf 137.2  z0 0.84  garr 160.7  tG 1161  e2 0.03  nF 1.5  pS 0.31  ptS 0.30  fLog 0.73  pdΔ -0.1921  pkR 3.95  clip 0.08  kl +0.002
upd   40  steps   83968  sps 1050  opp symm  loss +0.016  pg +0.0293  v 0.005  ev +0.96  adv_std 0.091  tR +1.00  ent[s/d/p/e] 1.74/2.54/1.51/0.38  emits 0.17  spf 141.3  z0 0.86  garr 161.3  tG 1188  e2 0.02  nF 1.6  pS 0.32  ptS 0.32  fLog 0.73  pdΔ -0.1799  pkR 4.15  clip 0.04  kl +0.000
upd   41  steps   86016  sps 1067  opp symm  loss -0.022  pg -0.0075  v 0.003  ev +0.98  adv_std 0.078  tR +0.00  ent[s/d/p/e] 1.77/2.52/1.48/0.39  emits 0.16  spf 132.3  z0 0.87  garr 175.3  tG 1374  e2 0.02  nF 1.3  pS 0.34  ptS 0.33  fLog 0.71  pdΔ -0.1642  pkR 3.79  clip 0.02  kl +0.001
upd   42  steps   88064  sps 1083  opp symm  loss -0.035  pg -0.0224  v 0.006  ev +0.96  adv_std 0.099  tR +0.00  ent[s/d/p/e] 1.72/2.43/1.40/0.36  emits 0.14  spf 138.2  z0 0.88  garr 194.4  tG 1527  e2 0.02  nF 1.2  pS 0.33  ptS 0.33  fLog 0.72  pdΔ -0.1688  pkR 3.86  clip 0.03  kl +0.000
upd   43  steps   90112  sps 1100  opp symm  loss -0.038  pg -0.0255  v 0.006  ev +0.96  adv_std 0.106  tR +0.00  ent[s/d/p/e] 1.78/2.47/1.49/0.34  emits 0.13  spf 172.9  z0 0.89  garr 213.3  tG 1653  e2 0.01  nF 1.1  pS 0.33  ptS 0.32  fLog 0.75  pdΔ -0.1748  pkR 3.88  clip 0.03  kl +0.001
upd   44  steps   92160  sps 1116  opp symm  loss -0.046  pg -0.0331  v 0.006  ev +0.97  adv_std 0.100  tR -1.00  ent[s/d/p/e] 1.78/2.47/1.51/0.39  emits 0.15  spf 174.0  z0 0.88  garr 222.7  tG 1763  e2 0.02  nF 1.3  pS 0.34  ptS 0.33  fLog 0.75  pdΔ -0.1608  pkR 3.73  clip 0.06  kl +0.001
upd   45  steps   94208  sps 1132  opp symm  loss -0.090  pg -0.0770  v 0.006  ev +0.97  adv_std 0.102  tR +1.00  ent[s/d/p/e] 1.86/2.51/1.45/0.37  emits 0.14  spf 206.0  z0 0.89  garr 226.2  tG 1853  e2 0.02  nF 1.2  pS 0.35  ptS 0.34  fLog 0.78  pdΔ -0.1475  pkR 3.57  clip 0.05  kl +0.003
upd   46  steps   96256  sps 1148  opp symm  loss +0.021  pg +0.0172  v 0.039  ev +0.81  adv_std 0.289  tR -0.07  ent[s/d/p/e] 1.54/2.39/1.49/0.38  emits 0.15  spf 159.6  z0 0.88  garr 167.8  tG 1342  e2 0.02  nF 1.0  pS 0.28  ptS 0.27  fLog 0.73  pdΔ -0.2230  pkR 4.47  clip 0.05  kl +0.003
upd   47  steps   98304  sps 1163  opp symm  loss +0.087  pg +0.0957  v 0.010  ev +0.84  adv_std 0.141  tR +0.00  ent[s/d/p/e] 0.76/2.28/1.49/0.32  emits 0.13  spf 57.1  z0 0.89  garr 68.5  tG 325  e2 0.01  nF 1.1  pS 0.13  ptS 0.13  fLog 0.59  pdΔ -0.3735  pkR 17.37  clip 0.05  kl +0.002
upd   48  steps  100352  sps 1178  opp symm  loss -0.023  pg -0.0129  v 0.007  ev +0.92  adv_std 0.121  tR +0.00  ent[s/d/p/e] 1.02/2.38/1.46/0.38  emits 0.16  spf 68.0  z0 0.86  garr 85.1  tG 442  e2 0.02  nF 1.6  pS 0.16  ptS 0.16  fLog 0.61  pdΔ -0.3376  pkR 14.48  clip 0.05  kl +0.001
upd   49  steps  102400  sps 1193  opp symm  loss -0.014  pg -0.0022  v 0.007  ev +0.95  adv_std 0.117  tR +0.00  ent[s/d/p/e] 1.30/2.48/1.54/0.36  emits 0.16  spf 71.8  z0 0.87  garr 103.9  tG 573  e2 0.02  nF 1.8  pS 0.20  ptS 0.19  fLog 0.64  pdΔ -0.3028  pkR 10.79  clip 0.06  kl +0.004
upd   50  steps  104448  sps 1208  opp symm  loss +0.012  pg +0.0241  v 0.005  ev +0.96  adv_std 0.101  tR +0.00  ent[s/d/p/e] 1.36/2.45/1.52/0.36  emits 0.15  spf 82.9  z0 0.88  garr 120.0  tG 681  e2 0.02  nF 1.6  pS 0.22  ptS 0.22  fLog 0.66  pdΔ -0.2799  pkR 8.07  clip 0.03  kl +0.000
upd   51  steps  106496  sps 1222  opp symm  loss -0.021  pg -0.0096  v 0.008  ev +0.96  adv_std 0.107  tR +0.00  ent[s/d/p/e] 1.43/2.48/1.51/0.35  emits 0.12  spf 118.4  z0 0.89  garr 142.1  tG 833  e2 0.01  nF 1.3  pS 0.24  ptS 0.23  fLog 0.70  pdΔ -0.2602  pkR 4.78  clip 0.03  kl +0.000
upd   52  steps  108544  sps 1236  opp symm  loss +0.010  pg +0.0229  v 0.005  ev +0.97  adv_std 0.097  tR +0.00  ent[s/d/p/e] 1.57/2.50/1.41/0.34  emits 0.12  spf 124.5  z0 0.89  garr 168.3  tG 1048  e2 0.01  nF 1.1  pS 0.27  ptS 0.26  fLog 0.71  pdΔ -0.2300  pkR 4.55  clip 0.03  kl +0.002
upd   53  steps  110592  sps 1251  opp symm  loss +0.040  pg +0.0526  v 0.006  ev +0.97  adv_std 0.102  tR -1.00  ent[s/d/p/e] 1.61/2.45/1.42/0.34  emits 0.14  spf 128.4  z0 0.88  garr 188.8  tG 1259  e2 0.02  nF 1.1  pS 0.30  ptS 0.29  fLog 0.72  pdΔ -0.2034  pkR 4.67  clip 0.04  kl +0.000
upd   54  steps  112640  sps 1264  opp symm  loss +0.018  pg +0.0307  v 0.005  ev +0.98  adv_std 0.089  tR +1.00  ent[s/d/p/e] 1.69/2.49/1.44/0.34  emits 0.11  spf 176.6  z0 0.91  garr 216.6  tG 1532  e2 0.01  nF 0.9  pS 0.32  ptS 0.31  fLog 0.78  pdΔ -0.1824  pkR 4.43  clip 0.04  kl +0.003
upd   55  steps  114688  sps 1278  opp symm  loss -0.035  pg -0.0232  v 0.006  ev +0.98  adv_std 0.105  tR +0.50  ent[s/d/p/e] 1.74/2.46/1.34/0.32  emits 0.13  spf 167.3  z0 0.89  garr 231.0  tG 1668  e2 0.01  nF 0.9  pS 0.32  ptS 0.31  fLog 0.76  pdΔ -0.1838  pkR 4.29  clip 0.03  kl +0.000
upd   56  steps  116736  sps 1292  opp symm  loss -0.088  pg -0.0782  v 0.009  ev +0.96  adv_std 0.124  tR +0.00  ent[s/d/p/e] 1.72/2.46/1.16/0.29  emits 0.12  spf 155.5  z0 0.90  garr 234.7  tG 1699  e2 0.01  nF 1.0  pS 0.31  ptS 0.31  fLog 0.74  pdΔ -0.1871  pkR 3.83  clip 0.05  kl +0.001
upd   57  steps  118784  sps 1305  opp symm  loss +0.019  pg +0.0299  v 0.008  ev +0.97  adv_std 0.122  tR -0.50  ent[s/d/p/e] 1.76/2.47/1.31/0.35  emits 0.14  spf 168.5  z0 0.89  garr 250.7  tG 1887  e2 0.02  nF 1.2  pS 0.33  ptS 0.32  fLog 0.74  pdΔ -0.1725  pkR 4.22  clip 0.06  kl +0.003
upd   58  steps  120832  sps 1318  opp symm  loss +0.005  pg +0.0157  v 0.008  ev +0.97  adv_std 0.117  tR +1.00  ent[s/d/p/e] 1.76/2.49/1.29/0.28  emits 0.13  spf 175.0  z0 0.90  garr 254.1  tG 1982  e2 0.02  nF 1.3  pS 0.34  ptS 0.33  fLog 0.73  pdΔ -0.1631  pkR 4.42  clip 0.06  kl +0.004
upd   59  steps  122880  sps 1331  opp symm  loss -0.026  pg -0.0144  v 0.007  ev +0.97  adv_std 0.120  tR -1.00  ent[s/d/p/e] 1.81/2.44/1.32/0.31  emits 0.11  spf 218.8  z0 0.90  garr 268.3  tG 2142  e2 0.01  nF 1.2  pS 0.34  ptS 0.33  fLog 0.78  pdΔ -0.1570  pkR 4.18  clip 0.05  kl +0.000
upd   60  steps  124928  sps 1344  opp symm  loss +0.028  pg +0.0384  v 0.008  ev +0.96  adv_std 0.121  tR -0.33  ent[s/d/p/e] 1.63/2.45/1.23/0.25  emits 0.08  spf 189.7  z0 0.92  garr 276.8  tG 2268  e2 0.01  nF 0.9  pS 0.34  ptS 0.33  fLog 0.77  pdΔ -0.1611  pkR 3.92  clip 0.03  kl +0.000
upd   61  steps  126976  sps 1356  opp symm  loss +0.049  pg +0.0595  v 0.007  ev +0.97  adv_std 0.111  tR +0.33  ent[s/d/p/e] 1.75/2.35/1.26/0.30  emits 0.09  spf 213.1  z0 0.92  garr 299.8  tG 2460  e2 0.01  nF 0.8  pS 0.34  ptS 0.33  fLog 0.78  pdΔ -0.1640  pkR 3.90  clip 0.03  kl +0.002
upd   62  steps  129024  sps 1369  opp symm  loss -0.064  pg -0.0651  v 0.028  ev +0.80  adv_std 0.239  tR +0.00  ent[s/d/p/e] 0.97/2.13/1.25/0.29  emits 0.12  spf 105.8  z0 0.90  garr 144.2  tG 1048  e2 0.01  nF 0.8  pS 0.18  ptS 0.18  fLog 0.65  pdΔ -0.3174  pkR 8.94  clip 0.04  kl +0.001
upd   63  steps  131072  sps 1381  opp symm  loss +0.069  pg +0.0763  v 0.010  ev +0.90  adv_std 0.142  tR +0.00  ent[s/d/p/e] 0.85/2.25/1.36/0.28  emits 0.13  spf 77.6  z0 0.90  garr 107.7  tG 672  e2 0.02  nF 1.2  pS 0.16  ptS 0.16  fLog 0.62  pdΔ -0.3414  pkR 10.24  clip 0.07  kl +0.004
upd   64  steps  133120  sps 1393  opp symm  loss +0.054  pg +0.0608  v 0.012  ev +0.90  adv_std 0.161  tR +0.00  ent[s/d/p/e] 0.91/2.23/1.40/0.33  emits 0.14  spf 63.2  z0 0.89  garr 128.6  tG 823  e2 0.02  nF 1.5  pS 0.19  ptS 0.18  fLog 0.59  pdΔ -0.3107  pkR 9.10  clip 0.03  kl +0.001
upd   65  steps  135168  sps 1405  opp symm  loss +0.074  pg +0.0823  v 0.011  ev +0.94  adv_std 0.148  tR +0.00  ent[s/d/p/e] 1.15/2.30/1.44/0.27  emits 0.10  spf 91.9  z0 0.92  garr 160.2  tG 1027  e2 0.02  nF 1.3  pS 0.21  ptS 0.20  fLog 0.65  pdΔ -0.2905  pkR 8.31  clip 0.04  kl +0.003
upd   66  steps  137216  sps 1417  opp symm  loss -0.067  pg -0.0576  v 0.008  ev +0.96  adv_std 0.119  tR +0.33  ent[s/d/p/e] 1.14/2.40/1.49/0.22  emits 0.06  spf 104.8  z0 0.94  garr 184.4  tG 1105  e2 0.00  nF 0.7  pS 0.21  ptS 0.21  fLog 0.67  pdΔ -0.2863  pkR 8.54  clip 0.02  kl +0.002
upd   67  steps  139264  sps 1428  opp symm  loss -0.120  pg -0.1129  v 0.014  ev +0.93  adv_std 0.159  tR +1.00  ent[s/d/p/e] 1.17/2.43/1.59/0.21  emits 0.06  spf 108.0  z0 0.94  garr 213.8  tG 1229  e2 0.01  nF 0.6  pS 0.22  ptS 0.22  fLog 0.69  pdΔ -0.2753  pkR 8.13  clip 0.03  kl -0.000
upd   68  steps  141312  sps 1440  opp symm  loss -0.002  pg +0.0094  v 0.006  ev +0.97  adv_std 0.108  tR +0.00  ent[s/d/p/e] 1.22/2.41/1.56/0.19  emits 0.06  spf 106.4  z0 0.95  garr 259.9  tG 1529  e2 0.00  nF 0.5  pS 0.24  ptS 0.23  fLog 0.70  pdΔ -0.2598  pkR 7.57  clip 0.03  kl +0.001
upd   69  steps  143360  sps 1451  opp symm  loss -0.048  pg -0.0358  v 0.005  ev +0.98  adv_std 0.099  tR +1.00  ent[s/d/p/e] 1.52/2.38/1.51/0.15  emits 0.04  spf 200.8  z0 0.96  garr 293.1  tG 1712  e2 0.00  nF 0.4  pS 0.25  ptS 0.24  fLog 0.79  pdΔ -0.2514  pkR 7.78  clip 0.02  kl +0.001
upd   70  steps  145408  sps 1462  opp symm  loss -0.046  pg -0.0337  v 0.004  ev +0.98  adv_std 0.087  tR +1.00  ent[s/d/p/e] 1.44/2.34/1.52/0.15  emits 0.05  spf 161.1  z0 0.95  garr 328.0  tG 1967  e2 0.00  nF 0.4  pS 0.26  ptS 0.25  fLog 0.76  pdΔ -0.2423  pkR 7.58  clip 0.01  kl +0.000
upd   71  steps  147456  sps 1473  opp symm  loss -0.078  pg -0.0667  v 0.004  ev +0.98  adv_std 0.087  tR +0.33  ent[s/d/p/e] 1.32/2.30/1.42/0.15  emits 0.04  spf 182.8  z0 0.97  garr 340.3  tG 1947  e2 0.00  nF 0.4  pS 0.25  ptS 0.24  fLog 0.74  pdΔ -0.2506  pkR 6.38  clip 0.01  kl +0.001
upd   72  steps  149504  sps 1484  opp symm  loss -0.059  pg -0.0476  v 0.004  ev +0.98  adv_std 0.083  tR +0.00  ent[s/d/p/e] 1.46/2.32/1.40/0.17  emits 0.05  spf 163.1  z0 0.95  garr 381.7  tG 2184  e2 0.00  nF 0.4  pS 0.26  ptS 0.25  fLog 0.74  pdΔ -0.2447  pkR 4.77  clip 0.02  kl -0.000
upd   73  steps  151552  sps 1495  opp symm  loss +0.010  pg +0.0177  v 0.013  ev +0.93  adv_std 0.158  tR -0.50  ent[s/d/p/e] 1.35/2.38/1.38/0.14  emits 0.05  spf 185.1  z0 0.95  garr 399.9  tG 2378  e2 0.00  nF 0.4  pS 0.26  ptS 0.25  fLog 0.76  pdΔ -0.2398  pkR 4.93  clip 0.02  kl +0.001
upd   74  steps  153600  sps 1505  opp symm  loss +0.024  pg +0.0338  v 0.007  ev +0.96  adv_std 0.121  tR +1.00  ent[s/d/p/e] 1.46/2.27/1.28/0.16  emits 0.05  spf 197.4  z0 0.96  garr 418.2  tG 2504  e2 0.00  nF 0.4  pS 0.26  ptS 0.25  fLog 0.76  pdΔ -0.2415  pkR 5.21  clip 0.02  kl +0.001
upd   75  steps  155648  sps 1516  opp symm  loss -0.050  pg -0.0417  v 0.009  ev +0.95  adv_std 0.135  tR -0.33  ent[s/d/p/e] 1.42/2.22/1.38/0.17  emits 0.06  spf 204.9  z0 0.95  garr 418.7  tG 2537  e2 0.01  nF 0.5  pS 0.26  ptS 0.26  fLog 0.74  pdΔ -0.2384  pkR 5.50  clip 0.02  kl +0.001
upd   76  steps  157696  sps 1526  opp symm  loss -0.080  pg -0.0702  v 0.008  ev +0.95  adv_std 0.114  tR +1.00  ent[s/d/p/e] 1.52/2.18/1.31/0.20  emits 0.07  spf 154.9  z0 0.94  garr 427.1  tG 2627  e2 0.01  nF 0.6  pS 0.27  ptS 0.26  fLog 0.70  pdΔ -0.2293  pkR 3.94  clip 0.03  kl -0.001
upd   77  steps  159744  sps 1536  opp symm  loss -0.015  pg -0.0301  v 0.057  ev +0.74  adv_std 0.350  tR +0.00  ent[s/d/p/e] 1.31/2.13/1.34/0.18  emits 0.08  spf 110.3  z0 0.93  garr 393.9  tG 2388  e2 0.01  nF 0.7  pS 0.25  ptS 0.24  fLog 0.63  pdΔ -0.2547  pkR 4.64  clip 0.03  kl +0.002
upd   78  steps  161792  sps 1546  opp symm  loss +0.078  pg +0.0868  v 0.005  ev +0.89  adv_std 0.101  tR +0.00  ent[s/d/p/e] 0.77/1.82/1.31/0.30  emits 0.14  spf 53.8  z0 0.89  garr 145.9  tG 674  e2 0.02  nF 1.2  pS 0.13  ptS 0.13  fLog 0.54  pdΔ -0.3653  pkR 14.35  clip 0.05  kl +0.002
upd   79  steps  163840  sps 1556  opp symm  loss +0.065  pg +0.0742  v 0.008  ev +0.89  adv_std 0.122  tR +0.00  ent[s/d/p/e] 1.11/1.89/1.34/0.38  emits 0.19  spf 41.0  z0 0.86  garr 176.4  tG 863  e2 0.04  nF 2.2  pS 0.19  ptS 0.18  fLog 0.55  pdΔ -0.3121  pkR 12.55  clip 0.07  kl +0.003
upd   80  steps  165888  sps 1566  opp symm  loss -0.027  pg -0.0177  v 0.010  ev +0.90  adv_std 0.137  tR +0.00  ent[s/d/p/e] 1.32/2.10/1.38/0.37  emits 0.19  spf 63.1  z0 0.86  garr 214.0  tG 1099  e2 0.04  nF 2.0  pS 0.24  ptS 0.23  fLog 0.60  pdΔ -0.2638  pkR 10.82  clip 0.07  kl +0.005
upd   81  steps  167936  sps 1576  opp symm  loss -0.034  pg -0.0260  v 0.013  ev +0.88  adv_std 0.162  tR -0.33  ent[s/d/p/e] 1.63/2.21/1.39/0.29  emits 0.12  spf 88.3  z0 0.90  garr 227.5  tG 1245  e2 0.02  nF 1.4  pS 0.27  ptS 0.26  fLog 0.66  pdΔ -0.2339  pkR 10.23  clip 0.03  kl +0.000
upd   82  steps  169984  sps 1586  opp symm  loss +0.037  pg +0.0464  v 0.010  ev +0.94  adv_std 0.142  tR +1.00  ent[s/d/p/e] 1.67/2.28/1.46/0.27  emits 0.11  spf 107.0  z0 0.91  garr 210.9  tG 1220  e2 0.02  nF 1.2  pS 0.28  ptS 0.27  fLog 0.70  pdΔ -0.2179  pkR 6.32  clip 0.04  kl +0.001
upd   83  steps  172032  sps 1595  opp symm  loss -0.028  pg -0.0155  v 0.005  ev +0.98  adv_std 0.100  tR +1.00  ent[s/d/p/e] 1.69/2.25/1.49/0.22  emits 0.08  spf 101.8  z0 0.93  garr 239.7  tG 1459  e2 0.01  nF 0.9  pS 0.30  ptS 0.29  fLog 0.70  pdΔ -0.2002  pkR 4.26  clip 0.02  kl +0.000
upd   84  steps  174080  sps 1604  opp symm  loss -0.098  pg -0.0841  v 0.002  ev +0.99  adv_std 0.062  tR +1.00  ent[s/d/p/e] 1.71/2.34/1.49/0.19  emits 0.05  spf 156.4  z0 0.96  garr 299.1  tG 1788  e2 0.00  nF 0.5  pS 0.30  ptS 0.29  fLog 0.76  pdΔ -0.2011  pkR 3.67  clip 0.01  kl +0.001
upd   85  steps  176128  sps 1614  opp symm  loss +0.075  pg +0.0873  v 0.004  ev +0.98  adv_std 0.094  tR +1.00  ent[s/d/p/e] 1.58/2.35/1.42/0.15  emits 0.06  spf 164.1  z0 0.94  garr 349.3  tG 2107  e2 0.01  nF 0.5  pS 0.30  ptS 0.29  fLog 0.77  pdΔ -0.1984  pkR 2.73  clip 0.03  kl +0.002