
=== [2026-06-10T23:04:10Z] v14d_binary_v2_a_p0i1_ORBITWARS_SHAPING_HOLD_BONUS_0.0_e25ce703c7 phase=a kind=probe chunk=400 env={"ORBITWARS_SHAPING_HOLD_BONUS": 0.0, "ORBITWARS_SHAPING_CAPTURE": 0.04, "ORBITWARS_SHAPING_RELEASE": 0.0075, "ORBITWARS_SHAPING_RELEASE_K": 17.0, "ORBITWARS_SHAPING_PROD_SHARE_DELTA": 0.025, "ORBITWARS_SHAPING_ONE_SHIP_PENALTY": 0.025} ppo={"ent_coef_emit": 0.004, "lr_peak": 4e-05} ===
[reward] kaggle-aligned: terminal +1 win/+1 tie>0/-1 loss/-1 double-wipeout; is_terminal at step >= episode_steps-2; SHAPING_SCALE=0.0; v1: KEEP_HOME=0.0 FLEET_SIZE=0.0/norm20.0; v2 (expert-replay calibrated): PROD_SHARE=0.0 PLANET_SHARE=0.0 FLEET_LOG=0.0/ref500.0/floor0.3; v3 (top10-2630ep calibrated): PROD_SHARE_DELTA=0.025 EMIT_LOG=0.0 EMIT_GATED=0.0 RELEASE=0.0075/K17.0 CAPTURE=0.04; episode_steps=500 (kaggle=500, mismatch=False)
[symmetric] Frog Parade style: same params drive BOTH players, no frozen/strong/buffer opponents, zero_sum_value=True
upd    0  steps    2048  sps 38  opp symm  loss -0.009  pg -0.0008  v 0.004  ev -0.29  adv_std 0.092  tR +0.00  ent[s/d/p/e] 0.37/1.40/1.38/0.38  emits 0.27  spf 15.8  z0 0.78  garr 17.1  tG 25  e2 0.04  nF 1.8  pS 0.07  ptS 0.07  fLog 0.42  pdΔ -0.4331  pkR 6.61  clip 0.00  kl +0.000
upd    1  steps    4096  sps 75  opp symm  loss +0.012  pg +0.0206  v 0.008  ev +0.01  adv_std 0.126  tR +1.00  ent[s/d/p/e] 0.84/1.64/1.27/0.51  emits 0.45  spf 23.2  z0 0.71  garr 24.8  tG 70  e2 0.09  nF 4.7  pS 0.12  ptS 0.11  fLog 0.45  pdΔ -0.3800  pkR 7.35  clip 0.24  kl +0.008
upd    2  steps    6144  sps 111  opp symm  loss -0.021  pg -0.0088  v 0.002  ev +0.40  adv_std 0.072  tR +0.00  ent[s/d/p/e] 1.21/1.96/1.30/0.57  emits 0.43  spf 31.0  z0 0.71  garr 38.2  tG 160  e2 0.10  nF 5.2  pS 0.17  ptS 0.17  fLog 0.49  pdΔ -0.3257  pkR 5.73  clip 0.05  kl +0.004
upd    3  steps    8192  sps 147  opp symm  loss +0.015  pg +0.0288  v 0.002  ev +0.65  adv_std 0.057  tR +0.00  ent[s/d/p/e] 1.41/2.12/1.29/0.55  emits 0.36  spf 40.3  z0 0.75  garr 54.6  tG 304  e2 0.08  nF 5.3  pS 0.24  ptS 0.23  fLog 0.52  pdΔ -0.2627  pkR 4.96  clip 0.06  kl +0.001
upd    4  steps   10240  sps 181  opp symm  loss -0.014  pg +0.0004  v 0.003  ev +0.58  adv_std 0.073  tR +0.00  ent[s/d/p/e] 1.58/2.23/1.36/0.56  emits 0.37  spf 56.0  z0 0.74  garr 76.5  tG 501  e2 0.07  nF 4.4  pS 0.28  ptS 0.27  fLog 0.57  pdΔ -0.2155  pkR 3.59  clip 0.06  kl +0.001
upd    5  steps   12288  sps 215  opp symm  loss -0.077  pg -0.0624  v 0.002  ev +0.72  adv_std 0.067  tR -1.00  ent[s/d/p/e] 1.75/2.37/1.35/0.50  emits 0.28  spf 74.0  z0 0.79  garr 103.6  tG 752  e2 0.05  nF 3.6  pS 0.32  ptS 0.31  fLog 0.61  pdΔ -0.1812  pkR 3.55  clip 0.09  kl +0.002
upd    6  steps   14336  sps 248  opp symm  loss -0.006  pg +0.0087  v 0.002  ev +0.77  adv_std 0.059  tR +1.00  ent[s/d/p/e] 1.82/2.44/1.32/0.51  emits 0.26  spf 98.3  z0 0.79  garr 130.3  tG 1015  e2 0.04  nF 2.6  pS 0.35  ptS 0.33  fLog 0.66  pdΔ -0.1543  pkR 3.62  clip 0.09  kl +0.001
upd    7  steps   16384  sps 280  opp symm  loss +0.025  pg +0.0412  v 0.001  ev +0.90  adv_std 0.036  tR +0.00  ent[s/d/p/e] 1.89/2.45/1.37/0.47  emits 0.25  spf 107.2  z0 0.80  garr 152.5  tG 1238  e2 0.04  nF 2.5  pS 0.37  ptS 0.36  fLog 0.67  pdΔ -0.1295  pkR 3.35  clip 0.08  kl +0.003
upd    8  steps   18432  sps 312  opp symm  loss -0.033  pg -0.0171  v 0.001  ev +0.92  adv_std 0.039  tR +0.00  ent[s/d/p/e] 1.91/2.47/1.34/0.51  emits 0.23  spf 130.4  z0 0.82  garr 174.1  tG 1472  e2 0.04  nF 2.2  pS 0.39  ptS 0.37  fLog 0.70  pdΔ -0.1120  pkR 3.60  clip 0.06  kl +0.004
upd    9  steps   20480  sps 343  opp symm  loss -0.012  pg +0.0037  v 0.001  ev +0.95  adv_std 0.030  tR +0.00  ent[s/d/p/e] 1.93/2.45/1.34/0.50  emits 0.25  spf 137.2  z0 0.81  garr 196.2  tG 1708  e2 0.05  nF 2.1  pS 0.40  ptS 0.38  fLog 0.70  pdΔ -0.1001  pkR 3.70  clip 0.06  kl +0.003
upd   10  steps   22528  sps 373  opp symm  loss -0.003  pg +0.0131  v 0.000  ev +0.96  adv_std 0.031  tR +0.00  ent[s/d/p/e] 1.99/2.48/1.34/0.48  emits 0.24  spf 146.4  z0 0.80  garr 205.6  tG 1874  e2 0.03  nF 2.2  pS 0.43  ptS 0.40  fLog 0.71  pdΔ -0.0735  pkR 3.61  clip 0.08  kl +0.000
upd   11  steps   24576  sps 403  opp symm  loss -0.044  pg -0.0281  v 0.001  ev +0.91  adv_std 0.053  tR +1.00  ent[s/d/p/e] 2.05/2.47/1.27/0.54  emits 0.27  spf 148.2  z0 0.79  garr 223.2  tG 2069  e2 0.05  nF 2.2  pS 0.44  ptS 0.41  fLog 0.71  pdΔ -0.0627  pkR 3.56  clip 0.11  kl +0.001
upd   12  steps   26624  sps 432  opp symm  loss -0.013  pg +0.0027  v 0.000  ev +0.98  adv_std 0.027  tR +0.00  ent[s/d/p/e] 2.08/2.47/1.21/0.43  emits 0.22  spf 157.4  z0 0.82  garr 242.6  tG 2284  e2 0.03  nF 2.0  pS 0.44  ptS 0.42  fLog 0.72  pdΔ -0.0617  pkR 3.02  clip 0.12  kl +0.005
upd   13  steps   28672  sps 460  opp symm  loss -0.031  pg -0.0150  v 0.000  ev +0.98  adv_std 0.027  tR +0.00  ent[s/d/p/e] 2.11/2.48/1.22/0.52  emits 0.25  spf 172.3  z0 0.80  garr 256.3  tG 2481  e2 0.04  nF 2.0  pS 0.45  ptS 0.43  fLog 0.73  pdΔ -0.0493  pkR 3.19  clip 0.10  kl +0.004
upd   14  steps   30720  sps 488  opp symm  loss -0.045  pg -0.0286  v 0.000  ev +0.98  adv_std 0.023  tR +0.00  ent[s/d/p/e] 2.11/2.52/1.24/0.49  emits 0.23  spf 174.2  z0 0.82  garr 266.4  tG 2628  e2 0.04  nF 1.9  pS 0.45  ptS 0.44  fLog 0.74  pdΔ -0.0455  pkR 3.81  clip 0.07  kl +0.001
upd   15  steps   32768  sps 515  opp symm  loss +0.044  pg +0.0162  v 0.085  ev +0.41  adv_std 0.434  tR +0.03  ent[s/d/p/e] 1.65/2.29/1.29/0.42  emits 0.20  spf 143.7  z0 0.84  garr 165.0  tG 1538  e2 0.03  nF 1.4  pS 0.29  ptS 0.28  fLog 0.67  pdΔ -0.2138  pkR 6.15  clip 0.04  kl +0.002
upd   16  steps   34816  sps 542  opp symm  loss +0.133  pg +0.1420  v 0.007  ev +0.54  adv_std 0.130  tR +0.00  ent[s/d/p/e] 0.62/1.98/1.50/0.29  emits 0.13  spf 50.4  z0 0.88  garr 51.6  tG 214  e2 0.01  nF 1.4  pS 0.09  ptS 0.10  fLog 0.55  pdΔ -0.4058  pkR 24.41  clip 0.10  kl +0.004
upd   17  steps   36864  sps 568  opp symm  loss +0.073  pg +0.0842  v 0.004  ev +0.83  adv_std 0.092  tR +1.00  ent[s/d/p/e] 0.78/2.20/1.62/0.29  emits 0.10  spf 55.0  z0 0.91  garr 69.7  tG 275  e2 0.01  nF 1.4  pS 0.13  ptS 0.13  fLog 0.58  pdΔ -0.3737  pkR 16.83  clip 0.04  kl +0.000
upd   18  steps   38912  sps 594  opp symm  loss +0.011  pg +0.0244  v 0.003  ev +0.92  adv_std 0.079  tR -1.00  ent[s/d/p/e] 1.08/2.40/1.62/0.27  emits 0.10  spf 67.8  z0 0.91  garr 96.9  tG 402  e2 0.01  nF 1.2  pS 0.17  ptS 0.16  fLog 0.63  pdΔ -0.3331  pkR 10.57  clip 0.04  kl +0.003
upd   19  steps   40960  sps 619  opp symm  loss -0.034  pg -0.0210  v 0.005  ev +0.88  adv_std 0.106  tR +0.33  ent[s/d/p/e] 1.26/2.55/1.66/0.29  emits 0.09  spf 99.4  z0 0.92  garr 134.4  tG 624  e2 0.01  nF 1.0  pS 0.20  ptS 0.20  fLog 0.68  pdΔ -0.2974  pkR 7.93  clip 0.03  kl +0.003
upd   20  steps   43008  sps 644  opp symm  loss -0.006  pg +0.0077  v 0.002  ev +0.97  adv_std 0.055  tR +0.00  ent[s/d/p/e] 1.37/2.50/1.49/0.28  emits 0.09  spf 100.5  z0 0.91  garr 156.3  tG 742  e2 0.01  nF 0.9  pS 0.22  ptS 0.21  fLog 0.68  pdΔ -0.2824  pkR 3.63  clip 0.03  kl -0.000
upd   21  steps   45056  sps 668  opp symm  loss +0.045  pg +0.0592  v 0.002  ev +0.96  adv_std 0.066  tR -1.00  ent[s/d/p/e] 1.38/2.55/1.57/0.26  emits 0.09  spf 125.5  z0 0.92  garr 186.9  tG 965  e2 0.01  nF 0.9  pS 0.24  ptS 0.23  fLog 0.72  pdΔ -0.2612  pkR 3.46  clip 0.03  kl +0.001
upd   22  steps   47104  sps 692  opp symm  loss -0.031  pg -0.0161  v 0.002  ev +0.96  adv_std 0.059  tR -1.00  ent[s/d/p/e] 1.51/2.54/1.61/0.27  emits 0.08  spf 121.8  z0 0.93  garr 224.5  tG 1228  e2 0.01  nF 0.7  pS 0.26  ptS 0.24  fLog 0.72  pdΔ -0.2402  pkR 3.39  clip 0.03  kl +0.001
upd   23  steps   49152  sps 715  opp symm  loss +0.032  pg +0.0465  v 0.001  ev +0.97  adv_std 0.048  tR +0.00  ent[s/d/p/e] 1.59/2.50/1.47/0.25  emits 0.09  spf 145.8  z0 0.92  garr 264.1  tG 1522  e2 0.01  nF 0.7  pS 0.28  ptS 0.26  fLog 0.73  pdΔ -0.2199  pkR 3.40  clip 0.02  kl +0.001
upd   24  steps   51200  sps 738  opp symm  loss +0.035  pg +0.0497  v 0.001  ev +0.98  adv_std 0.044  tR +0.00  ent[s/d/p/e] 1.66/2.54/1.53/0.24  emits 0.07  spf 171.6  z0 0.93  garr 304.8  tG 1831  e2 0.00  nF 0.6  pS 0.30  ptS 0.28  fLog 0.76  pdΔ -0.2014  pkR 2.99  clip 0.02  kl +0.000
upd   25  steps   53248  sps 760  opp symm  loss -0.041  pg -0.0254  v 0.001  ev +0.98  adv_std 0.041  tR +0.00  ent[s/d/p/e] 1.82/2.58/1.70/0.22  emits 0.06  spf 209.6  z0 0.94  garr 350.1  tG 2190  e2 0.00  nF 0.6  pS 0.31  ptS 0.29  fLog 0.79  pdΔ -0.1872  pkR 3.05  clip 0.02  kl -0.001
upd   26  steps   55296  sps 782  opp symm  loss -0.050  pg -0.0351  v 0.000  ev +0.99  adv_std 0.031  tR +0.00  ent[s/d/p/e] 1.79/2.53/1.45/0.23  emits 0.06  spf 215.9  z0 0.95  garr 402.6  tG 2630  e2 0.00  nF 0.4  pS 0.33  ptS 0.31  fLog 0.79  pdΔ -0.1684  pkR 3.07  clip 0.01  kl +0.001
upd   27  steps   57344  sps 804  opp symm  loss -0.075  pg -0.0596  v 0.002  ev +0.96  adv_std 0.063  tR +1.00  ent[s/d/p/e] 1.74/2.59/1.68/0.24  emits 0.06  spf 221.4  z0 0.94  garr 437.0  tG 2956  e2 0.00  nF 0.5  pS 0.34  ptS 0.32  fLog 0.81  pdΔ -0.1590  pkR 3.06  clip 0.02  kl +0.000
upd   28  steps   59392  sps 825  opp symm  loss -0.077  pg -0.0621  v 0.001  ev +0.99  adv_std 0.042  tR +0.00  ent[s/d/p/e] 1.83/2.57/1.48/0.27  emits 0.07  spf 282.2  z0 0.93  garr 464.5  tG 3278  e2 0.00  nF 0.5  pS 0.35  ptS 0.33  fLog 0.84  pdΔ -0.1454  pkR 3.20  clip 0.02  kl +0.003
upd   29  steps   61440  sps 846  opp symm  loss -0.060  pg -0.0447  v 0.001  ev +0.99  adv_std 0.042  tR +0.00  ent[s/d/p/e] 1.89/2.52/1.46/0.30  emits 0.10  spf 280.5  z0 0.91  garr 478.5  tG 3555  e2 0.01  nF 0.7  pS 0.37  ptS 0.35  fLog 0.82  pdΔ -0.1292  pkR 3.39  clip 0.03  kl +0.000
upd   30  steps   63488  sps 867  opp symm  loss -0.034  pg -0.0183  v 0.001  ev +0.98  adv_std 0.046  tR +1.00  ent[s/d/p/e] 1.90/2.46/1.47/0.32  emits 0.10  spf 306.4  z0 0.91  garr 478.5  tG 3737  e2 0.01  nF 0.7  pS 0.38  ptS 0.36  fLog 0.82  pdΔ -0.1184  pkR 3.30  clip 0.02  kl +0.001
upd   31  steps   65536  sps 887  opp symm  loss -0.038  pg -0.0380  v 0.027  ev +0.54  adv_std 0.234  tR +0.17  ent[s/d/p/e] 0.74/2.27/1.55/0.27  emits 0.09  spf 95.0  z0 0.92  garr 131.3  tG 771  e2 0.01  nF 0.6  pS 0.14  ptS 0.12  fLog 0.62  pdΔ -0.3625  pkR 15.07  clip 0.02  kl +0.002
upd   32  steps   67584  sps 907  opp symm  loss -0.045  pg -0.0351  v 0.006  ev +0.78  adv_std 0.112  tR +1.00  ent[s/d/p/e] 0.77/2.25/1.43/0.38  emits 0.12  spf 56.1  z0 0.89  garr 107.8  tG 426  e2 0.01  nF 1.2  pS 0.14  ptS 0.13  fLog 0.58  pdΔ -0.3553  pkR 14.58  clip 0.06  kl +0.005
upd   33  steps   69632  sps 926  opp symm  loss -0.039  pg -0.0261  v 0.003  ev +0.90  adv_std 0.078  tR +0.00  ent[s/d/p/e] 1.17/2.31/1.41/0.39  emits 0.16  spf 66.2  z0 0.87  garr 115.8  tG 535  e2 0.02  nF 1.6  pS 0.19  ptS 0.18  fLog 0.60  pdΔ -0.3073  pkR 11.78  clip 0.03  kl +0.001
upd   34  steps   71680  sps 945  opp symm  loss +0.022  pg +0.0346  v 0.003  ev +0.92  adv_std 0.078  tR +1.00  ent[s/d/p/e] 1.38/2.27/1.28/0.41  emits 0.17  spf 69.8  z0 0.86  garr 125.6  tG 624  e2 0.02  nF 1.9  pS 0.23  ptS 0.21  fLog 0.62  pdΔ -0.2697  pkR 8.77  clip 0.07  kl +0.004
upd   35  steps   73728  sps 964  opp symm  loss -0.038  pg -0.0251  v 0.004  ev +0.90  adv_std 0.089  tR -0.33  ent[s/d/p/e] 1.53/2.41/1.41/0.31  emits 0.13  spf 79.4  z0 0.89  garr 150.1  tG 807  e2 0.01  nF 1.5  pS 0.26  ptS 0.24  fLog 0.66  pdΔ -0.2440  pkR 5.46  clip 0.05  kl +0.001
upd   36  steps   75776  sps 982  opp symm  loss -0.052  pg -0.0394  v 0.005  ev +0.90  adv_std 0.094  tR +1.00  ent[s/d/p/e] 1.61/2.40/1.30/0.37  emits 0.12  spf 97.3  z0 0.89  garr 176.1  tG 1034  e2 0.01  nF 1.3  pS 0.28  ptS 0.26  fLog 0.68  pdΔ -0.2226  pkR 4.74  clip 0.06  kl +0.003
upd   37  steps   77824  sps 1001  opp symm  loss -0.037  pg -0.0240  v 0.003  ev +0.94  adv_std 0.081  tR +0.00  ent[s/d/p/e] 1.63/2.38/1.24/0.32  emits 0.12  spf 111.3  z0 0.89  garr 199.7  tG 1221  e2 0.01  nF 1.1  pS 0.28  ptS 0.27  fLog 0.69  pdΔ -0.2167  pkR 2.99  clip 0.06  kl +0.001
upd   38  steps   79872  sps 1019  opp symm  loss -0.039  pg -0.0249  v 0.002  ev +0.97  adv_std 0.067  tR +0.00  ent[s/d/p/e] 1.67/2.33/1.31/0.40  emits 0.13  spf 114.5  z0 0.88  garr 216.6  tG 1424  e2 0.02  nF 1.2  pS 0.30  ptS 0.29  fLog 0.69  pdΔ -0.2001  pkR 2.99  clip 0.08  kl +0.003
upd   39  steps   81920  sps 1036  opp symm  loss +0.025  pg +0.0385  v 0.001  ev +0.99  adv_std 0.050  tR +0.00  ent[s/d/p/e] 1.76/2.36/1.28/0.29  emits 0.12  spf 135.0  z0 0.89  garr 242.9  tG 1703  e2 0.01  nF 1.1  pS 0.32  ptS 0.31  fLog 0.71  pdΔ -0.1794  pkR 3.10  clip 0.10  kl +0.006
upd   40  steps   83968  sps 1053  opp symm  loss -0.063  pg -0.0498  v 0.002  ev +0.98  adv_std 0.062  tR +0.00  ent[s/d/p/e] 1.75/2.41/1.23/0.27  emits 0.07  spf 141.8  z0 0.93  garr 287.3  tG 2095  e2 0.00  nF 0.8  pS 0.34  ptS 0.33  fLog 0.73  pdΔ -0.1622  pkR 3.17  clip 0.02  kl +0.002
upd   41  steps   86016  sps 1070  opp symm  loss -0.071  pg -0.0566  v 0.001  ev +0.99  adv_std 0.052  tR +0.00  ent[s/d/p/e] 1.81/2.40/1.33/0.27  emits 0.09  spf 179.9  z0 0.92  garr 327.1  tG 2470  e2 0.01  nF 0.7  pS 0.35  ptS 0.34  fLog 0.76  pdΔ -0.1503  pkR 3.25  clip 0.03  kl -0.000
upd   42  steps   88064  sps 1087  opp symm  loss -0.117  pg -0.1030  v 0.001  ev +0.99  adv_std 0.050  tR +0.00  ent[s/d/p/e] 1.83/2.35/1.34/0.30  emits 0.09  spf 176.4  z0 0.92  garr 357.4  tG 2809  e2 0.01  nF 0.8  pS 0.36  ptS 0.35  fLog 0.77  pdΔ -0.1378  pkR 3.43  clip 0.04  kl -0.001
upd   43  steps   90112  sps 1104  opp symm  loss +0.044  pg +0.0569  v 0.001  ev +0.99  adv_std 0.050  tR +1.00  ent[s/d/p/e] 1.82/2.31/1.13/0.26  emits 0.09  spf 171.4  z0 0.92  garr 382.1  tG 3069  e2 0.01  nF 0.8  pS 0.37  ptS 0.36  fLog 0.76  pdΔ -0.1334  pkR 3.51  clip 0.04  kl +0.001
upd   44  steps   92160  sps 1120  opp symm  loss -0.090  pg -0.0766  v 0.001  ev +0.99  adv_std 0.038  tR +0.00  ent[s/d/p/e] 1.80/2.21/1.13/0.27  emits 0.07  spf 198.9  z0 0.93  garr 417.5  tG 3406  e2 0.01  nF 0.8  pS 0.37  ptS 0.36  fLog 0.76  pdΔ -0.1270  pkR 3.64  clip 0.02  kl +0.001
upd   45  steps   94208  sps 1136  opp symm  loss +0.020  pg +0.0336  v 0.001  ev +0.99  adv_std 0.037  tR +0.00  ent[s/d/p/e] 1.93/2.29/1.10/0.26  emits 0.08  spf 233.4  z0 0.93  garr 456.3  tG 3791  e2 0.01  nF 0.7  pS 0.38  ptS 0.37  fLog 0.80  pdΔ -0.1166  pkR 3.66  clip 0.01  kl +0.000
upd   46  steps   96256  sps 1152  opp symm  loss +0.003  pg -0.0043  v 0.041  ev +0.81  adv_std 0.314  tR +0.07  ent[s/d/p/e] 1.29/1.97/1.30/0.25  emits 0.08  spf 157.8  z0 0.92  garr 347.2  tG 2844  e2 0.01  nF 0.5  pS 0.29  ptS 0.28  fLog 0.67  pdΔ -0.2077  pkR 4.71  clip 0.02  kl -0.000
upd   47  steps   98304  sps 1167  opp symm  loss +0.043  pg +0.0500  v 0.010  ev +0.80  adv_std 0.142  tR +0.00  ent[s/d/p/e] 0.49/1.77/1.49/0.36  emits 0.19  spf 30.6  z0 0.85  garr 63.8  tG 255  e2 0.03  nF 1.8  pS 0.10  ptS 0.10  fLog 0.50  pdΔ -0.3995  pkR 16.17  clip 0.04  kl +0.003
upd   48  steps  100352  sps 1182  opp symm  loss +0.032  pg +0.0434  v 0.005  ev +0.91  adv_std 0.099  tR -1.00  ent[s/d/p/e] 1.00/1.88/1.51/0.40  emits 0.22  spf 33.4  z0 0.84  garr 76.4  tG 340  e2 0.04  nF 2.5  pS 0.15  ptS 0.14  fLog 0.52  pdΔ -0.3509  pkR 12.15  clip 0.07  kl +0.003
upd   49  steps  102400  sps 1197  opp symm  loss -0.048  pg -0.0367  v 0.005  ev +0.93  adv_std 0.107  tR -1.00  ent[s/d/p/e] 1.23/2.08/1.44/0.39  emits 0.16  spf 51.6  z0 0.87  garr 100.3  tG 486  e2 0.02  nF 2.0  pS 0.19  ptS 0.18  fLog 0.58  pdΔ -0.3077  pkR 8.89  clip 0.04  kl +0.003
upd   50  steps  104448  sps 1212  opp symm  loss -0.087  pg -0.0754  v 0.007  ev +0.93  adv_std 0.119  tR -1.00  ent[s/d/p/e] 1.37/2.21/1.56/0.39  emits 0.14  spf 59.3  z0 0.88  garr 129.7  tG 683  e2 0.02  nF 1.7  pS 0.22  ptS 0.21  fLog 0.62  pdΔ -0.2768  pkR 6.89  clip 0.04  kl +0.002
upd   51  steps  106496  sps 1226  opp symm  loss -0.084  pg -0.0714  v 0.005  ev +0.97  adv_std 0.096  tR -1.00  ent[s/d/p/e] 1.46/2.17/1.48/0.38  emits 0.15  spf 74.1  z0 0.88  garr 144.7  tG 822  e2 0.02  nF 1.5  pS 0.24  ptS 0.23  fLog 0.64  pdΔ -0.2554  pkR 6.39  clip 0.03  kl +0.002
upd   52  steps  108544  sps 1241  opp symm  loss -0.053  pg -0.0418  v 0.007  ev +0.96  adv_std 0.122  tR +1.00  ent[s/d/p/e] 1.55/2.13/1.41/0.41  emits 0.14  spf 87.5  z0 0.88  garr 161.7  tG 986  e2 0.02  nF 1.6  pS 0.26  ptS 0.25  fLog 0.66  pdΔ -0.2352  pkR 5.55  clip 0.06  kl +0.005
upd   53  steps  110592  sps 1255  opp symm  loss +0.023  pg +0.0327  v 0.009  ev +0.96  adv_std 0.134  tR +0.00  ent[s/d/p/e] 1.46/2.02/1.48/0.37  emits 0.19  spf 78.3  z0 0.85  garr 169.6  tG 1075  e2 0.03  nF 1.8  pS 0.28  ptS 0.26  fLog 0.64  pdΔ -0.2232  pkR 4.32  clip 0.07  kl +0.003
upd   54  steps  112640  sps 1269  opp symm  loss -0.010  pg +0.0029  v 0.004  ev +0.98  adv_std 0.094  tR +0.00  ent[s/d/p/e] 1.62/2.14/1.43/0.38  emits 0.15  spf 91.0  z0 0.87  garr 187.2  tG 1261  e2 0.01  nF 1.6  pS 0.30  ptS 0.28  fLog 0.66  pdΔ -0.2028  pkR 3.70  clip 0.05  kl +0.003
upd   55  steps  114688  sps 1283  opp symm  loss +0.031  pg +0.0445  v 0.003  ev +0.99  adv_std 0.080  tR -1.00  ent[s/d/p/e] 1.70/2.20/1.48/0.32  emits 0.14  spf 106.9  z0 0.88  garr 217.7  tG 1544  e2 0.01  nF 1.3  pS 0.32  ptS 0.30  fLog 0.69  pdΔ -0.1794  pkR 3.92  clip 0.07  kl +0.004
upd   56  steps  116736  sps 1296  opp symm  loss -0.021  pg -0.0069  v 0.003  ev +0.99  adv_std 0.079  tR +0.00  ent[s/d/p/e] 1.72/2.17/1.52/0.33  emits 0.13  spf 130.6  z0 0.89  garr 246.3  tG 1800  e2 0.02  nF 1.2  pS 0.34  ptS 0.32  fLog 0.72  pdΔ -0.1648  pkR 4.03  clip 0.02  kl +0.000
upd   57  steps  118784  sps 1310  opp symm  loss -0.022  pg -0.0085  v 0.003  ev +0.99  adv_std 0.083  tR +1.00  ent[s/d/p/e] 1.84/2.21/1.49/0.32  emits 0.11  spf 167.1  z0 0.90  garr 274.4  tG 2060  e2 0.01  nF 1.0  pS 0.34  ptS 0.32  fLog 0.76  pdΔ -0.1581  pkR 4.14  clip 0.03  kl +0.002
upd   58  steps  120832  sps 1323  opp symm  loss -0.005  pg +0.0085  v 0.003  ev +0.99  adv_std 0.081  tR -1.00  ent[s/d/p/e] 1.78/2.13/1.41/0.32  emits 0.11  spf 159.2  z0 0.90  garr 299.5  tG 2282  e2 0.01  nF 0.9  pS 0.35  ptS 0.33  fLog 0.75  pdΔ -0.1533  pkR 3.81  clip 0.03  kl +0.001
upd   59  steps  122880  sps 1336  opp symm  loss -0.021  pg -0.0082  v 0.003  ev +0.99  adv_std 0.079  tR +0.00  ent[s/d/p/e] 1.83/2.12/1.37/0.35  emits 0.12  spf 177.8  z0 0.89  garr 324.5  tG 2515  e2 0.01  nF 1.0  pS 0.35  ptS 0.33  fLog 0.76  pdΔ -0.1458  pkR 3.56  clip 0.04  kl +0.003
upd   60  steps  124928  sps 1349  opp symm  loss +0.042  pg +0.0557  v 0.003  ev +0.99  adv_std 0.078  tR +0.00  ent[s/d/p/e] 1.80/2.10/1.46/0.30  emits 0.11  spf 193.4  z0 0.90  garr 353.8  tG 2811  e2 0.01  nF 0.9  pS 0.36  ptS 0.34  fLog 0.77  pdΔ -0.1371  pkR 3.41  clip 0.05  kl +0.001
upd   61  steps  126976  sps 1361  opp symm  loss -0.041  pg -0.0268  v 0.002  ev +0.99  adv_std 0.060  tR +1.00  ent[s/d/p/e] 1.95/2.12/1.39/0.29  emits 0.10  spf 222.0  z0 0.91  garr 380.7  tG 3099  e2 0.01  nF 0.8  pS 0.37  ptS 0.36  fLog 0.79  pdΔ -0.1256  pkR 3.16  clip 0.04  kl -0.000
upd   62  steps  129024  sps 1374  opp symm  loss +0.042  pg +0.0445  v 0.020  ev +0.86  adv_std 0.200  tR +0.00  ent[s/d/p/e] 0.60/1.96/1.48/0.29  emits 0.11  spf 70.0  z0 0.90  garr 146.2  tG 981  e2 0.01  nF 0.8  pS 0.16  ptS 0.15  fLog 0.56  pdΔ -0.3439  pkR 9.36  clip 0.03  kl -0.001
upd   63  steps  131072  sps 1386  opp symm  loss -0.043  pg -0.0354  v 0.010  ev +0.88  adv_std 0.144  tR +0.00  ent[s/d/p/e] 0.64/2.12/1.48/0.35  emits 0.12  spf 37.9  z0 0.90  garr 81.0  tG 291  e2 0.01  nF 1.6  pS 0.12  ptS 0.11  fLog 0.54  pdΔ -0.3829  pkR 13.70  clip 0.02  kl +0.001
upd   64  steps  133120  sps 1398  opp symm  loss +0.018  pg +0.0272  v 0.009  ev +0.93  adv_std 0.134  tR -1.00  ent[s/d/p/e] 0.95/2.21/1.49/0.34  emits 0.13  spf 51.1  z0 0.89  garr 103.7  tG 418  e2 0.02  nF 1.4  pS 0.15  ptS 0.14  fLog 0.58  pdΔ -0.3510  pkR 10.25  clip 0.03  kl -0.000
upd   65  steps  135168  sps 1410  opp symm  loss +0.006  pg +0.0174  v 0.006  ev +0.97  adv_std 0.105  tR -1.00  ent[s/d/p/e] 1.13/2.20/1.53/0.30  emits 0.10  spf 64.2  z0 0.91  garr 130.2  tG 597  e2 0.01  nF 1.2  pS 0.18  ptS 0.17  fLog 0.61  pdΔ -0.3237  pkR 8.15  clip 0.02  kl -0.000
upd   66  steps  137216  sps 1422  opp symm  loss +0.021  pg +0.0309  v 0.009  ev +0.95  adv_std 0.134  tR +0.33  ent[s/d/p/e] 1.32/2.21/1.60/0.28  emits 0.10  spf 85.1  z0 0.92  garr 158.4  tG 775  e2 0.01  nF 1.0  pS 0.20  ptS 0.19  fLog 0.67  pdΔ -0.2996  pkR 6.78  clip 0.02  kl +0.002
upd   67  steps  139264  sps 1433  opp symm  loss -0.035  pg -0.0230  v 0.006  ev +0.96  adv_std 0.112  tR -1.00  ent[s/d/p/e] 1.37/2.11/1.66/0.27  emits 0.07  spf 103.0  z0 0.94  garr 186.9  tG 966  e2 0.00  nF 0.8  pS 0.22  ptS 0.21  fLog 0.69  pdΔ -0.2816  pkR 4.29  clip 0.03  kl +0.001
upd   68  steps  141312  sps 1445  opp symm  loss -0.010  pg +0.0015  v 0.006  ev +0.96  adv_std 0.111  tR +0.33  ent[s/d/p/e] 1.44/2.03/1.63/0.28  emits 0.09  spf 111.2  z0 0.92  garr 217.2  tG 1160  e2 0.01  nF 0.8  pS 0.23  ptS 0.22  fLog 0.70  pdΔ -0.2656  pkR 3.97  clip 0.03  kl -0.000
upd   69  steps  143360  sps 1456  opp symm  loss -0.078  pg -0.0677  v 0.007  ev +0.96  adv_std 0.116  tR +0.00  ent[s/d/p/e] 1.50/1.99/1.54/0.25  emits 0.09  spf 124.8  z0 0.92  garr 236.8  tG 1383  e2 0.01  nF 0.8  pS 0.26  ptS 0.25  fLog 0.70  pdΔ -0.2431  pkR 3.81  clip 0.02  kl -0.000
upd   70  steps  145408  sps 1467  opp symm  loss -0.034  pg -0.0206  v 0.003  ev +0.99  adv_std 0.073  tR +0.00  ent[s/d/p/e] 1.59/2.03/1.58/0.27  emits 0.07  spf 123.8  z0 0.94  garr 269.7  tG 1698  e2 0.01  nF 0.7  pS 0.28  ptS 0.27  fLog 0.71  pdΔ -0.2200  pkR 3.44  clip 0.02  kl +0.003
upd   71  steps  147456  sps 1478  opp symm  loss -0.057  pg -0.0448  v 0.004  ev +0.98  adv_std 0.088  tR -1.00  ent[s/d/p/e] 1.71/1.94/1.57/0.22  emits 0.08  spf 174.1  z0 0.93  garr 311.3  tG 2021  e2 0.01  nF 0.7  pS 0.29  ptS 0.28  fLog 0.76  pdΔ -0.2089  pkR 3.17  clip 0.04  kl +0.002
upd   72  steps  149504  sps 1489  opp symm  loss -0.056  pg -0.0428  v 0.002  ev +0.99  adv_std 0.069  tR +0.00  ent[s/d/p/e] 1.57/2.03/1.55/0.22  emits 0.05  spf 147.5  z0 0.95  garr 359.4  tG 2355  e2 0.00  nF 0.5  pS 0.30  ptS 0.29  fLog 0.73  pdΔ -0.1974  pkR 2.86  clip 0.02  kl +0.001
upd   73  steps  151552  sps 1500  opp symm  loss -0.035  pg -0.0244  v 0.007  ev +0.96  adv_std 0.119  tR -1.00  ent[s/d/p/e] 1.64/2.02/1.53/0.24  emits 0.07  spf 176.1  z0 0.93  garr 395.5  tG 2647  e2 0.01  nF 0.6  pS 0.31  ptS 0.30  fLog 0.76  pdΔ -0.1896  pkR 2.76  clip 0.02  kl -0.001
upd   74  steps  153600  sps 1510  opp symm  loss -0.067  pg -0.0545  v 0.003  ev +0.98  adv_std 0.084  tR +1.00  ent[s/d/p/e] 1.72/2.11/1.41/0.28  emits 0.09  spf 183.3  z0 0.92  garr 412.2  tG 2849  e2 0.01  nF 0.7  pS 0.32  ptS 0.31  fLog 0.77  pdΔ -0.1780  pkR 2.83  clip 0.03  kl +0.000
upd   75  steps  155648  sps 1521  opp symm  loss -0.114  pg -0.1018  v 0.005  ev +0.98  adv_std 0.096  tR +0.00  ent[s/d/p/e] 1.78/2.00/1.38/0.28  emits 0.09  spf 247.5  z0 0.92  garr 430.0  tG 3042  e2 0.01  nF 0.8  pS 0.34  ptS 0.32  fLog 0.80  pdΔ -0.1648  pkR 2.84  clip 0.02  kl +0.001
upd   76  steps  157696  sps 1531  opp symm  loss -0.060  pg -0.0473  v 0.003  ev +0.99  adv_std 0.077  tR +0.00  ent[s/d/p/e] 1.90/1.88/1.43/0.31  emits 0.10  spf 230.6  z0 0.92  garr 435.1  tG 3243  e2 0.01  nF 0.8  pS 0.35  ptS 0.34  fLog 0.81  pdΔ -0.1478  pkR 2.87  clip 0.03  kl +0.002
upd   77  steps  159744  sps 1541  opp symm  loss +0.001  pg -0.0023  v 0.034  ev +0.87  adv_std 0.276  tR -0.02  ent[s/d/p/e] 1.65/1.89/1.40/0.31  emits 0.11  spf 196.8  z0 0.90  garr 379.9  tG 2840  e2 0.01  nF 0.8  pS 0.31  ptS 0.30  fLog 0.75  pdΔ -0.1897  pkR 3.43  clip 0.04  kl -0.000
upd   78  steps  161792  sps 1551  opp symm  loss -0.014  pg -0.0118  v 0.017  ev +0.77  adv_std 0.187  tR +0.00  ent[s/d/p/e] 0.50/1.60/1.32/0.37  emits 0.15  spf 40.9  z0 0.87  garr 76.5  tG 430  e2 0.02  nF 1.4  pS 0.12  ptS 0.12  fLog 0.53  pdΔ -0.3759  pkR 11.64  clip 0.04  kl -0.000
upd   79  steps  163840  sps 1561  opp symm  loss -0.041  pg -0.0341  v 0.010  ev +0.91  adv_std 0.144  tR -1.00  ent[s/d/p/e] 0.99/1.74/1.29/0.40  emits 0.20  spf 42.1  z0 0.84  garr 87.7  tG 546  e2 0.03  nF 2.3  pS 0.17  ptS 0.16  fLog 0.55  pdΔ -0.3305  pkR 10.06  clip 0.06  kl +0.002
upd   80  steps  165888  sps 1571  opp symm  loss +0.001  pg +0.0071  v 0.014  ev +0.90  adv_std 0.174  tR +0.00  ent[s/d/p/e] 1.29/1.84/1.28/0.46  emits 0.23  spf 51.8  z0 0.82  garr 104.4  tG 720  e2 0.03  nF 2.7  pS 0.22  ptS 0.21  fLog 0.57  pdΔ -0.2822  pkR 8.71  clip 0.08  kl +0.003
upd   81  steps  167936  sps 1581  opp symm  loss +0.015  pg +0.0241  v 0.008  ev +0.95  adv_std 0.129  tR -1.00  ent[s/d/p/e] 1.49/1.84/1.34/0.35  emits 0.17  spf 60.4  z0 0.86  garr 132.9  tG 971  e2 0.03  nF 2.4  pS 0.26  ptS 0.26  fLog 0.60  pdΔ -0.2367  pkR 6.99  clip 0.09  kl +0.002
upd   82  steps  169984  sps 1591  opp symm  loss -0.043  pg -0.0331  v 0.008  ev +0.96  adv_std 0.129  tR +1.00  ent[s/d/p/e] 1.54/1.91/1.35/0.41  emits 0.14  spf 71.2  z0 0.88  garr 155.3  tG 1134  e2 0.02  nF 1.6  pS 0.28  ptS 0.27  fLog 0.64  pdΔ -0.2178  pkR 6.88  clip 0.09  kl +0.003
upd   83  steps  172032  sps 1600  opp symm  loss -0.032  pg -0.0234  v 0.009  ev +0.95  adv_std 0.131  tR +0.33  ent[s/d/p/e] 1.53/1.74/1.32/0.26  emits 0.13  spf 88.0  z0 0.88  garr 181.5  tG 1389  e2 0.01  nF 1.3  pS 0.30  ptS 0.29  fLog 0.66  pdΔ -0.1983  pkR 6.06  clip 0.12  kl +0.015
upd   84  steps  174080  sps 1609  opp symm  loss -0.047  pg -0.0365  v 0.005  ev +0.98  adv_std 0.099  tR +1.00  ent[s/d/p/e] 1.61/1.66/1.28/0.23  emits 0.07  spf 104.9  z0 0.94  garr 211.7  tG 1586  e2 0.00  nF 1.0  pS 0.31  ptS 0.30  fLog 0.68  pdΔ -0.1905  pkR 5.36  clip 0.02  kl +0.001
upd   85  steps  176128  sps 1619  opp symm  loss -0.020  pg -0.0090  v 0.005  ev +0.98  adv_std 0.093  tR +0.00  ent[s/d/p/e] 1.57/1.74/1.29/0.23  emits 0.06  spf 118.2  z0 0.94  garr 262.7  tG 1928  e2 0.00  nF 0.7  pS 0.31  ptS 0.30  fLog 0.70  pdΔ -0.1873  pkR 4.62  clip 0.02  kl +0.002
upd   86  steps  178176  sps 1628  opp symm  loss -0.036  pg -0.0255  v 0.003  ev +0.99  adv_std 0.073  tR +1.00  ent[s/d/p/e] 1.75/1.71/1.12/0.21  emits 0.07  spf 156.0  z0 0.94  garr 309.8  tG 2338  e2 0.01  nF 0.6  pS 0.33  ptS 0.32  fLog 0.75  pdΔ -0.1723  pkR 4.19  clip 0.02  kl +0.001