
=== [2026-06-10T23:35:45Z] v14d_binary_v2_a_p0i4_ORBITWARS_SHAPING_RELEASE_0.003_c8ea4205c1 phase=a kind=probe chunk=400 env={"ORBITWARS_SHAPING_HOLD_BONUS": 0.004, "ORBITWARS_SHAPING_CAPTURE": 0.04, "ORBITWARS_SHAPING_RELEASE": 0.003, "ORBITWARS_SHAPING_RELEASE_K": 17.0, "ORBITWARS_SHAPING_PROD_SHARE_DELTA": 0.025, "ORBITWARS_SHAPING_ONE_SHIP_PENALTY": 0.04} ppo={"ent_coef_emit": 0.004, "lr_peak": 4e-05} ===
[reward] kaggle-aligned: terminal +1 win/+1 tie>0/-1 loss/-1 double-wipeout; is_terminal at step >= episode_steps-2; SHAPING_SCALE=0.0; v1: KEEP_HOME=0.0 FLEET_SIZE=0.0/norm20.0; v2 (expert-replay calibrated): PROD_SHARE=0.0 PLANET_SHARE=0.0 FLEET_LOG=0.0/ref500.0/floor0.3; v3 (top10-2630ep calibrated): PROD_SHARE_DELTA=0.025 EMIT_LOG=0.0 EMIT_GATED=0.0 RELEASE=0.003/K17.0 CAPTURE=0.04; episode_steps=500 (kaggle=500, mismatch=False)
[symmetric] Frog Parade style: same params drive BOTH players, no frozen/strong/buffer opponents, zero_sum_value=True
upd    0  steps    2048  sps 38  opp symm  loss -0.042  pg -0.0323  v 0.003  ev -0.26  adv_std 0.075  tR +0.00  ent[s/d/p/e] 0.29/1.42/1.50/0.35  emits 0.19  spf 17.6  z0 0.84  garr 20.3  tG 27  e2 0.02  nF 1.4  pS 0.06  ptS 0.06  fLog 0.44  pdΔ -0.4389  pkR 5.22  clip 0.00  kl +0.000
upd    1  steps    4096  sps 75  opp symm  loss +0.015  pg +0.0262  v 0.002  ev +0.33  adv_std 0.065  tR +0.00  ent[s/d/p/e] 0.80/1.62/1.33/0.48  emits 0.31  spf 24.5  z0 0.77  garr 29.5  tG 76  e2 0.06  nF 3.3  pS 0.11  ptS 0.11  fLog 0.47  pdΔ -0.3882  pkR 5.01  clip 0.07  kl +0.004
upd    2  steps    6144  sps 111  opp symm  loss +0.001  pg +0.0116  v 0.006  ev -0.08  adv_std 0.108  tR +0.00  ent[s/d/p/e] 1.17/2.03/1.38/0.49  emits 0.28  spf 38.5  z0 0.79  garr 45.4  tG 171  e2 0.05  nF 3.6  pS 0.17  ptS 0.16  fLog 0.53  pdΔ -0.3322  pkR 4.04  clip 0.04  kl +0.001
upd    3  steps    8192  sps 146  opp symm  loss +0.040  pg +0.0533  v 0.002  ev +0.09  adv_std 0.055  tR -1.00  ent[s/d/p/e] 1.34/2.17/1.39/0.47  emits 0.27  spf 46.9  z0 0.79  garr 62.2  tG 311  e2 0.05  nF 3.0  pS 0.22  ptS 0.21  fLog 0.56  pdΔ -0.2849  pkR 4.68  clip 0.09  kl +0.002
upd    4  steps   10240  sps 181  opp symm  loss +0.032  pg +0.0462  v 0.001  ev -0.09  adv_std 0.038  tR +0.00  ent[s/d/p/e] 1.52/2.27/1.39/0.50  emits 0.28  spf 62.6  z0 0.78  garr 79.7  tG 487  e2 0.05  nF 3.0  pS 0.26  ptS 0.25  fLog 0.60  pdΔ -0.2351  pkR 4.89  clip 0.06  kl +0.002
upd    5  steps   12288  sps 215  opp symm  loss -0.029  pg -0.0150  v 0.003  ev +0.25  adv_std 0.064  tR +1.00  ent[s/d/p/e] 1.61/2.33/1.36/0.46  emits 0.25  spf 69.6  z0 0.80  garr 101.1  tG 700  e2 0.04  nF 2.6  pS 0.30  ptS 0.28  fLog 0.61  pdΔ -0.2005  pkR 4.85  clip 0.08  kl +0.004
upd    6  steps   14336  sps 248  opp symm  loss -0.020  pg -0.0052  v 0.001  ev +0.42  adv_std 0.036  tR +0.00  ent[s/d/p/e] 1.77/2.36/1.21/0.55  emits 0.32  spf 89.1  z0 0.77  garr 117.7  tG 881  e2 0.06  nF 2.9  pS 0.33  ptS 0.31  fLog 0.64  pdΔ -0.1709  pkR 4.21  clip 0.06  kl +0.003
upd    7  steps   16384  sps 280  opp symm  loss +0.059  pg +0.0738  v 0.001  ev +0.65  adv_std 0.033  tR +0.00  ent[s/d/p/e] 1.85/2.39/1.15/0.54  emits 0.34  spf 91.5  z0 0.76  garr 124.4  tG 1006  e2 0.07  nF 3.3  pS 0.36  ptS 0.34  fLog 0.64  pdΔ -0.1433  pkR 3.87  clip 0.10  kl +0.006
upd    8  steps   18432  sps 311  opp symm  loss +0.038  pg +0.0528  v 0.001  ev +0.72  adv_std 0.030  tR +0.00  ent[s/d/p/e] 1.94/2.45/1.14/0.56  emits 0.35  spf 105.8  z0 0.75  garr 132.2  tG 1105  e2 0.07  nF 3.2  pS 0.38  ptS 0.36  fLog 0.66  pdΔ -0.1227  pkR 3.99  clip 0.12  kl +0.000
upd    9  steps   20480  sps 342  opp symm  loss -0.060  pg -0.0455  v 0.002  ev +0.63  adv_std 0.062  tR -1.00  ent[s/d/p/e] 1.93/2.43/1.17/0.56  emits 0.42  spf 102.6  z0 0.73  garr 126.6  tG 1073  e2 0.09  nF 3.7  pS 0.38  ptS 0.37  fLog 0.65  pdΔ -0.1170  pkR 4.17  clip 0.17  kl +0.005
upd   10  steps   22528  sps 373  opp symm  loss +0.028  pg +0.0431  v 0.001  ev +0.85  adv_std 0.034  tR +0.00  ent[s/d/p/e] 1.95/2.44/1.14/0.58  emits 0.47  spf 96.8  z0 0.68  garr 114.9  tG 1017  e2 0.10  nF 4.5  pS 0.40  ptS 0.38  fLog 0.65  pdΔ -0.1027  pkR 4.67  clip 0.15  kl +0.007
upd   11  steps   24576  sps 402  opp symm  loss -0.082  pg -0.0682  v 0.003  ev +0.75  adv_std 0.068  tR -1.00  ent[s/d/p/e] 2.02/2.44/1.04/0.58  emits 0.43  spf 93.2  z0 0.71  garr 112.4  tG 1047  e2 0.10  nF 4.3  pS 0.41  ptS 0.40  fLog 0.65  pdΔ -0.0916  pkR 5.25  clip 0.10  kl +0.002
upd   12  steps   26624  sps 431  opp symm  loss +0.024  pg +0.0383  v 0.002  ev +0.83  adv_std 0.061  tR +1.00  ent[s/d/p/e] 2.03/2.43/1.00/0.60  emits 0.47  spf 92.2  z0 0.69  garr 109.5  tG 1050  e2 0.11  nF 4.4  pS 0.43  ptS 0.41  fLog 0.65  pdΔ -0.0739  pkR 4.81  clip 0.18  kl +0.004
upd   13  steps   28672  sps 459  opp symm  loss -0.053  pg -0.0382  v 0.002  ev +0.86  adv_std 0.058  tR -1.00  ent[s/d/p/e] 2.05/2.44/1.05/0.62  emits 0.54  spf 86.6  z0 0.67  garr 100.5  tG 1009  e2 0.13  nF 5.0  pS 0.43  ptS 0.41  fLog 0.64  pdΔ -0.0701  pkR 5.16  clip 0.12  kl +0.003
upd   14  steps   30720  sps 487  opp symm  loss +0.004  pg +0.0182  v 0.002  ev +0.90  adv_std 0.050  tR +1.00  ent[s/d/p/e] 2.05/2.42/1.01/0.59  emits 0.48  spf 87.6  z0 0.69  garr 97.5  tG 965  e2 0.11  nF 5.0  pS 0.42  ptS 0.41  fLog 0.65  pdΔ -0.0822  pkR 7.25  clip 0.07  kl +0.004
upd   15  steps   32768  sps 514  opp symm  loss +0.042  pg +0.0135  v 0.086  ev +0.37  adv_std 0.438  tR -0.04  ent[s/d/p/e] 1.86/2.35/1.05/0.43  emits 0.30  spf 80.7  z0 0.80  garr 70.2  tG 587  e2 0.06  nF 2.8  pS 0.27  ptS 0.26  fLog 0.63  pdΔ -0.2264  pkR 8.68  clip 0.13  kl +0.006
upd   16  steps   34816  sps 541  opp symm  loss +0.064  pg +0.0759  v 0.002  ev +0.42  adv_std 0.057  tR +0.00  ent[s/d/p/e] 0.86/2.40/1.41/0.23  emits 0.09  spf 53.5  z0 0.92  garr 63.8  tG 134  e2 0.01  nF 1.0  pS 0.10  ptS 0.09  fLog 0.60  pdΔ -0.4016  pkR 7.66  clip 0.04  kl +0.001
upd   17  steps   36864  sps 567  opp symm  loss -0.254  pg -0.2426  v 0.004  ev +0.57  adv_std 0.078  tR +1.00  ent[s/d/p/e] 1.14/2.57/1.20/0.26  emits 0.08  spf 73.9  z0 0.93  garr 101.7  tG 268  e2 0.01  nF 0.9  pS 0.14  ptS 0.13  fLog 0.64  pdΔ -0.3649  pkR 5.14  clip 0.02  kl +0.003
upd   18  steps   38912  sps 593  opp symm  loss -0.017  pg -0.0055  v 0.005  ev +0.75  adv_std 0.085  tR +1.00  ent[s/d/p/e] 1.15/2.61/1.28/0.32  emits 0.12  spf 87.8  z0 0.90  garr 118.1  tG 395  e2 0.01  nF 1.0  pS 0.17  ptS 0.15  fLog 0.68  pdΔ -0.3340  pkR 4.03  clip 0.04  kl +0.002
upd   19  steps   40960  sps 618  opp symm  loss +0.039  pg +0.0511  v 0.002  ev +0.88  adv_std 0.062  tR +0.00  ent[s/d/p/e] 1.31/2.58/1.09/0.32  emits 0.12  spf 96.1  z0 0.90  garr 131.7  tG 571  e2 0.01  nF 1.0  pS 0.22  ptS 0.19  fLog 0.69  pdΔ -0.2838  pkR 3.55  clip 0.02  kl +0.001
upd   20  steps   43008  sps 643  opp symm  loss -0.027  pg -0.0138  v 0.003  ev +0.89  adv_std 0.064  tR +0.00  ent[s/d/p/e] 1.45/2.62/1.25/0.35  emits 0.12  spf 116.0  z0 0.89  garr 166.5  tG 822  e2 0.01  nF 0.9  pS 0.25  ptS 0.23  fLog 0.72  pdΔ -0.2475  pkR 3.00  clip 0.04  kl +0.000
upd   21  steps   45056  sps 667  opp symm  loss +0.029  pg +0.0416  v 0.003  ev +0.90  adv_std 0.065  tR +1.00  ent[s/d/p/e] 1.56/2.60/0.98/0.39  emits 0.16  spf 141.9  z0 0.86  garr 187.8  tG 1042  e2 0.02  nF 1.2  pS 0.28  ptS 0.25  fLog 0.74  pdΔ -0.2193  pkR 2.82  clip 0.05  kl +0.002
upd   22  steps   47104  sps 690  opp symm  loss +0.054  pg +0.0674  v 0.003  ev +0.91  adv_std 0.072  tR +0.00  ent[s/d/p/e] 1.64/2.60/1.17/0.41  emits 0.19  spf 158.1  z0 0.85  garr 191.7  tG 1214  e2 0.03  nF 1.4  pS 0.31  ptS 0.28  fLog 0.76  pdΔ -0.1916  pkR 2.86  clip 0.09  kl +0.002
upd   23  steps   49152  sps 714  opp symm  loss +0.106  pg +0.1187  v 0.003  ev +0.93  adv_std 0.066  tR +0.00  ent[s/d/p/e] 1.80/2.62/0.94/0.41  emits 0.18  spf 175.3  z0 0.85  garr 195.9  tG 1352  e2 0.03  nF 1.5  pS 0.34  ptS 0.31  fLog 0.77  pdΔ -0.1632  pkR 3.57  clip 0.06  kl +0.002
upd   24  steps   51200  sps 737  opp symm  loss +0.016  pg +0.0287  v 0.002  ev +0.96  adv_std 0.057  tR +0.00  ent[s/d/p/e] 1.80/2.55/0.94/0.42  emits 0.21  spf 144.9  z0 0.83  garr 204.1  tG 1472  e2 0.03  nF 1.8  pS 0.36  ptS 0.33  fLog 0.74  pdΔ -0.1425  pkR 3.17  clip 0.07  kl +0.003
upd   25  steps   53248  sps 759  opp symm  loss +0.049  pg +0.0620  v 0.003  ev +0.93  adv_std 0.071  tR +1.00  ent[s/d/p/e] 1.86/2.57/0.94/0.41  emits 0.19  spf 161.2  z0 0.85  garr 209.9  tG 1588  e2 0.03  nF 1.7  pS 0.37  ptS 0.35  fLog 0.75  pdΔ -0.1265  pkR 3.52  clip 0.06  kl +0.002
upd   26  steps   55296  sps 781  opp symm  loss +0.039  pg +0.0523  v 0.002  ev +0.95  adv_std 0.059  tR +0.00  ent[s/d/p/e] 1.88/2.57/0.95/0.42  emits 0.18  spf 184.0  z0 0.85  garr 228.2  tG 1783  e2 0.03  nF 1.5  pS 0.38  ptS 0.36  fLog 0.77  pdΔ -0.1155  pkR 4.14  clip 0.05  kl +0.001
upd   27  steps   57344  sps 803  opp symm  loss +0.000  pg +0.0122  v 0.005  ev +0.89  adv_std 0.089  tR -1.00  ent[s/d/p/e] 1.94/2.53/0.95/0.41  emits 0.17  spf 189.2  z0 0.86  garr 242.2  tG 1963  e2 0.02  nF 1.5  pS 0.40  ptS 0.37  fLog 0.76  pdΔ -0.1036  pkR 4.42  clip 0.04  kl +0.001
upd   28  steps   59392  sps 824  opp symm  loss -0.013  pg +0.0002  v 0.004  ev +0.92  adv_std 0.085  tR +0.00  ent[s/d/p/e] 1.93/2.57/1.06/0.43  emits 0.18  spf 199.7  z0 0.85  garr 251.4  tG 2134  e2 0.02  nF 1.4  pS 0.41  ptS 0.38  fLog 0.79  pdΔ -0.0911  pkR 4.69  clip 0.04  kl -0.000
upd   29  steps   61440  sps 845  opp symm  loss +0.014  pg +0.0261  v 0.005  ev +0.90  adv_std 0.097  tR -1.00  ent[s/d/p/e] 1.96/2.53/0.95/0.43  emits 0.20  spf 192.2  z0 0.84  garr 258.4  tG 2287  e2 0.03  nF 1.6  pS 0.41  ptS 0.39  fLog 0.76  pdΔ -0.0913  pkR 4.59  clip 0.04  kl +0.002
upd   30  steps   63488  sps 865  opp symm  loss +0.029  pg +0.0424  v 0.004  ev +0.95  adv_std 0.074  tR +0.00  ent[s/d/p/e] 1.92/2.54/1.07/0.42  emits 0.18  spf 196.7  z0 0.85  garr 271.7  tG 2483  e2 0.02  nF 1.3  pS 0.41  ptS 0.39  fLog 0.77  pdΔ -0.0857  pkR 4.74  clip 0.06  kl +0.001
upd   31  steps   65536  sps 885  opp symm  loss -0.090  pg -0.0930  v 0.030  ev +0.48  adv_std 0.240  tR +0.32  ent[s/d/p/e] 0.81/2.18/1.13/0.30  emits 0.10  spf 90.9  z0 0.91  garr 75.8  tG 463  e2 0.01  nF 0.8  pS 0.13  ptS 0.12  fLog 0.60  pdΔ -0.3744  pkR 23.93  clip 0.03  kl +0.003
upd   32  steps   67584  sps 905  opp symm  loss +0.029  pg +0.0396  v 0.003  ev +0.81  adv_std 0.074  tR +0.00  ent[s/d/p/e] 0.95/2.25/1.14/0.35  emits 0.16  spf 64.5  z0 0.87  garr 64.9  tG 242  e2 0.02  nF 1.5  pS 0.13  ptS 0.13  fLog 0.59  pdΔ -0.3690  pkR 13.37  clip 0.05  kl +0.004
upd   33  steps   69632  sps 924  opp symm  loss +0.006  pg +0.0184  v 0.004  ev +0.86  adv_std 0.086  tR -1.00  ent[s/d/p/e] 1.24/2.52/1.29/0.40  emits 0.15  spf 66.1  z0 0.87  garr 81.2  tG 365  e2 0.02  nF 1.6  pS 0.17  ptS 0.17  fLog 0.63  pdΔ -0.3266  pkR 8.60  clip 0.06  kl +0.003
upd   34  steps   71680  sps 944  opp symm  loss +0.021  pg +0.0324  v 0.006  ev +0.86  adv_std 0.102  tR +1.00  ent[s/d/p/e] 1.38/2.60/1.35/0.38  emits 0.15  spf 85.5  z0 0.87  garr 101.2  tG 502  e2 0.02  nF 1.6  pS 0.21  ptS 0.20  fLog 0.67  pdΔ -0.2933  pkR 7.21  clip 0.07  kl +0.002
upd   35  steps   73728  sps 962  opp symm  loss +0.097  pg +0.1102  v 0.003  ev +0.95  adv_std 0.077  tR +0.00  ent[s/d/p/e] 1.46/2.61/1.30/0.34  emits 0.13  spf 93.3  z0 0.89  garr 129.5  tG 701  e2 0.02  nF 1.1  pS 0.24  ptS 0.23  fLog 0.69  pdΔ -0.2650  pkR 6.47  clip 0.05  kl -0.000
upd   36  steps   75776  sps 981  opp symm  loss +0.013  pg +0.0256  v 0.005  ev +0.94  adv_std 0.095  tR +1.00  ent[s/d/p/e] 1.51/2.57/1.40/0.33  emits 0.12  spf 127.1  z0 0.90  garr 164.5  tG 942  e2 0.02  nF 1.1  pS 0.26  ptS 0.25  fLog 0.73  pdΔ -0.2433  pkR 5.96  clip 0.04  kl -0.001
upd   37  steps   77824  sps 999  opp symm  loss -0.065  pg -0.0522  v 0.002  ev +0.98  adv_std 0.054  tR +0.00  ent[s/d/p/e] 1.58/2.60/1.20/0.23  emits 0.07  spf 145.5  z0 0.94  garr 194.3  tG 1210  e2 0.00  nF 0.7  pS 0.28  ptS 0.28  fLog 0.75  pdΔ -0.2161  pkR 5.32  clip 0.03  kl +0.000
upd   38  steps   79872  sps 1017  opp symm  loss +0.101  pg +0.1145  v 0.002  ev +0.98  adv_std 0.056  tR +0.00  ent[s/d/p/e] 1.61/2.61/1.31/0.24  emits 0.07  spf 174.4  z0 0.94  garr 250.6  tG 1597  e2 0.01  nF 0.5  pS 0.30  ptS 0.29  fLog 0.77  pdΔ -0.2008  pkR 4.46  clip 0.02  kl +0.001
upd   39  steps   81920  sps 1034  opp symm  loss +0.060  pg +0.0738  v 0.003  ev +0.98  adv_std 0.058  tR +0.00  ent[s/d/p/e] 1.73/2.61/1.31/0.19  emits 0.06  spf 220.0  z0 0.95  garr 304.3  tG 1983  e2 0.00  nF 0.4  pS 0.31  ptS 0.30  fLog 0.82  pdΔ -0.1895  pkR 4.22  clip 0.03  kl +0.002
upd   40  steps   83968  sps 1052  opp symm  loss -0.004  pg +0.0101  v 0.002  ev +0.99  adv_std 0.043  tR +1.00  ent[s/d/p/e] 1.70/2.59/1.50/0.21  emits 0.05  spf 213.2  z0 0.95  garr 350.2  tG 2315  e2 0.00  nF 0.4  pS 0.32  ptS 0.31  fLog 0.80  pdΔ -0.1835  pkR 4.20  clip 0.02  kl +0.000
upd   41  steps   86016  sps 1069  opp symm  loss -0.071  pg -0.0569  v 0.002  ev +0.99  adv_std 0.039  tR +0.00  ent[s/d/p/e] 1.71/2.51/1.34/0.17  emits 0.05  spf 227.8  z0 0.95  garr 390.2  tG 2615  e2 0.00  nF 0.4  pS 0.32  ptS 0.31  fLog 0.81  pdΔ -0.1752  pkR 3.21  clip 0.03  kl +0.002
upd   42  steps   88064  sps 1085  opp symm  loss -0.017  pg -0.0021  v 0.001  ev +0.99  adv_std 0.035  tR +0.00  ent[s/d/p/e] 1.73/2.56/1.46/0.17  emits 0.04  spf 225.7  z0 0.96  garr 451.0  tG 3062  e2 0.00  nF 0.4  pS 0.33  ptS 0.32  fLog 0.82  pdΔ -0.1689  pkR 3.10  clip 0.02  kl +0.001
upd   43  steps   90112  sps 1102  opp symm  loss -0.056  pg -0.0428  v 0.002  ev +0.97  adv_std 0.059  tR -1.00  ent[s/d/p/e] 1.74/2.55/1.36/0.18  emits 0.04  spf 270.2  z0 0.96  garr 506.1  tG 3512  e2 0.00  nF 0.3  pS 0.34  ptS 0.33  fLog 0.86  pdΔ -0.1636  pkR 3.24  clip 0.01  kl +0.000
upd   44  steps   92160  sps 1118  opp symm  loss -0.021  pg -0.0073  v 0.002  ev +0.98  adv_std 0.051  tR +1.00  ent[s/d/p/e] 1.76/2.59/1.34/0.19  emits 0.04  spf 366.0  z0 0.96  garr 551.8  tG 3846  e2 0.00  nF 0.2  pS 0.33  ptS 0.32  fLog 0.87  pdΔ -0.1682  pkR 3.17  clip 0.01  kl -0.001
upd   45  steps   94208  sps 1134  opp symm  loss +0.023  pg +0.0358  v 0.004  ev +0.97  adv_std 0.075  tR -1.00  ent[s/d/p/e] 1.80/2.56/1.35/0.18  emits 0.05  spf 341.1  z0 0.95  garr 580.3  tG 4105  e2 0.00  nF 0.4  pS 0.33  ptS 0.33  fLog 0.87  pdΔ -0.1674  pkR 3.19  clip 0.01  kl +0.001
upd   46  steps   96256  sps 1150  opp symm  loss -0.009  pg -0.0254  v 0.060  ev +0.67  adv_std 0.367  tR +0.11  ent[s/d/p/e] 1.33/2.30/1.34/0.16  emits 0.05  spf 286.0  z0 0.95  garr 428.7  tG 3035  e2 0.00  nF 0.3  pS 0.26  ptS 0.25  fLog 0.77  pdΔ -0.2450  pkR 4.38  clip 0.02  kl +0.002
upd   47  steps   98304  sps 1165  opp symm  loss -0.000  pg +0.0087  v 0.006  ev +0.82  adv_std 0.104  tR +0.00  ent[s/d/p/e] 0.40/2.14/1.52/0.29  emits 0.10  spf 37.2  z0 0.92  garr 81.1  tG 332  e2 0.01  nF 0.8  pS 0.10  ptS 0.09  fLog 0.54  pdΔ -0.4021  pkR 16.65  clip 0.05  kl +0.000
upd   48  steps  100352  sps 1180  opp symm  loss -0.009  pg +0.0016  v 0.006  ev +0.92  adv_std 0.107  tR +1.00  ent[s/d/p/e] 0.90/2.39/1.61/0.26  emits 0.09  spf 58.0  z0 0.92  garr 111.9  tG 448  e2 0.01  nF 1.0  pS 0.14  ptS 0.13  fLog 0.60  pdΔ -0.3648  pkR 12.09  clip 0.04  kl +0.000
upd   49  steps  102400  sps 1195  opp symm  loss +0.081  pg +0.0916  v 0.007  ev +0.94  adv_std 0.115  tR +1.00  ent[s/d/p/e] 1.10/2.40/1.59/0.28  emits 0.09  spf 72.7  z0 0.91  garr 129.7  tG 541  e2 0.01  nF 0.9  pS 0.16  ptS 0.16  fLog 0.64  pdΔ -0.3354  pkR 11.08  clip 0.03  kl -0.001
upd   50  steps  104448  sps 1210  opp symm  loss +0.042  pg +0.0550  v 0.005  ev +0.96  adv_std 0.100  tR +0.00  ent[s/d/p/e] 1.27/2.50/1.79/0.21  emits 0.06  spf 89.5  z0 0.94  garr 158.9  tG 663  e2 0.01  nF 0.8  pS 0.19  ptS 0.18  fLog 0.68  pdΔ -0.3139  pkR 8.50  clip 0.04  kl +0.001
upd   51  steps  106496  sps 1224  opp symm  loss +0.005  pg +0.0183  v 0.004  ev +0.98  adv_std 0.084  tR +0.00  ent[s/d/p/e] 1.26/2.52/1.71/0.20  emits 0.05  spf 123.9  z0 0.95  garr 209.0  tG 948  e2 0.00  nF 0.4  pS 0.21  ptS 0.20  fLog 0.73  pdΔ -0.2877  pkR 6.16  clip 0.02  kl -0.001
upd   52  steps  108544  sps 1239  opp symm  loss +0.030  pg +0.0432  v 0.005  ev +0.97  adv_std 0.096  tR +1.00  ent[s/d/p/e] 1.39/2.55/1.64/0.18  emits 0.04  spf 151.6  z0 0.96  garr 252.9  tG 1162  e2 0.00  nF 0.5  pS 0.22  ptS 0.21  fLog 0.76  pdΔ -0.2774  pkR 4.43  clip 0.01  kl +0.000
upd   53  steps  110592  sps 1253  opp symm  loss -0.038  pg -0.0244  v 0.003  ev +0.99  adv_std 0.061  tR +0.00  ent[s/d/p/e] 1.37/2.52/1.57/0.15  emits 0.04  spf 164.2  z0 0.96  garr 302.7  tG 1444  e2 0.00  nF 0.4  pS 0.23  ptS 0.22  fLog 0.78  pdΔ -0.2697  pkR 2.94  clip 0.01  kl +0.000
upd   54  steps  112640  sps 1267  opp symm  loss -0.054  pg -0.0415  v 0.004  ev +0.97  adv_std 0.086  tR +0.00  ent[s/d/p/e] 1.31/2.51/1.50/0.15  emits 0.03  spf 149.5  z0 0.97  garr 365.8  tG 1799  e2 0.00  nF 0.2  pS 0.24  ptS 0.23  fLog 0.76  pdΔ -0.2614  pkR 2.86  clip 0.01  kl -0.000
upd   55  steps  114688  sps 1281  opp symm  loss +0.113  pg +0.1247  v 0.004  ev +0.98  adv_std 0.077  tR +0.00  ent[s/d/p/e] 1.44/2.53/1.31/0.14  emits 0.03  spf 226.9  z0 0.97  garr 434.1  tG 2182  e2 0.00  nF 0.2  pS 0.25  ptS 0.23  fLog 0.82  pdΔ -0.2518  pkR 2.84  clip 0.01  kl -0.000
upd   56  steps  116736  sps 1294  opp symm  loss -0.047  pg -0.0339  v 0.003  ev +0.98  adv_std 0.073  tR +1.00  ent[s/d/p/e] 1.54/2.50/1.40/0.15  emits 0.03  spf 267.3  z0 0.97  garr 483.8  tG 2493  e2 0.00  nF 0.2  pS 0.25  ptS 0.24  fLog 0.85  pdΔ -0.2458  pkR 2.78  clip 0.01  kl +0.000
upd   57  steps  118784  sps 1307  opp symm  loss +0.153  pg +0.1644  v 0.006  ev +0.97  adv_std 0.103  tR +0.00  ent[s/d/p/e] 1.43/2.49/1.55/0.16  emits 0.04  spf 248.4  z0 0.96  garr 522.0  tG 2772  e2 0.00  nF 0.3  pS 0.26  ptS 0.24  fLog 0.83  pdΔ -0.2394  pkR 2.82  clip 0.01  kl +0.002
upd   58  steps  120832  sps 1321  opp symm  loss -0.008  pg +0.0042  v 0.003  ev +0.99  adv_std 0.064  tR +1.00  ent[s/d/p/e] 1.57/2.47/1.34/0.12  emits 0.04  spf 328.0  z0 0.96  garr 548.0  tG 3041  e2 0.00  nF 0.3  pS 0.27  ptS 0.26  fLog 0.87  pdΔ -0.2274  pkR 2.90  clip 0.03  kl +0.002
upd   59  steps  122880  sps 1334  opp symm  loss +0.081  pg +0.0931  v 0.003  ev +0.99  adv_std 0.062  tR +1.00  ent[s/d/p/e] 1.55/2.53/1.27/0.12  emits 0.02  spf 361.9  z0 0.98  garr 580.9  tG 3256  e2 0.00  nF 0.2  pS 0.28  ptS 0.26  fLog 0.87  pdΔ -0.2248  pkR 3.05  clip 0.01  kl +0.000
upd   60  steps  124928  sps 1346  opp symm  loss +0.038  pg +0.0466  v 0.008  ev +0.95  adv_std 0.121  tR -1.00  ent[s/d/p/e] 1.45/2.35/1.18/0.13  emits 0.03  spf 340.1  z0 0.97  garr 623.4  tG 3416  e2 0.00  nF 0.2  pS 0.26  ptS 0.25  fLog 0.81  pdΔ -0.2364  pkR 3.17  clip 0.01  kl -0.001
upd   61  steps  126976  sps 1359  opp symm  loss -0.094  pg -0.0837  v 0.004  ev +0.97  adv_std 0.088  tR +0.00  ent[s/d/p/e] 1.45/2.43/1.12/0.13  emits 0.04  spf 420.2  z0 0.96  garr 655.8  tG 3607  e2 0.00  nF 0.2  pS 0.26  ptS 0.25  fLog 0.85  pdΔ -0.2357  pkR 3.30  clip 0.00  kl +0.000
upd   62  steps  129024  sps 1371  opp symm  loss -0.120  pg -0.1271  v 0.037  ev +0.69  adv_std 0.282  tR -0.17  ent[s/d/p/e] 0.37/2.22/1.39/0.14  emits 0.03  spf 84.4  z0 0.97  garr 215.5  tG 1039  e2 0.00  nF 0.2  pS 0.12  ptS 0.11  fLog 0.59  pdΔ -0.3849  pkR 10.45  clip 0.01  kl +0.001
upd   63  steps  131072  sps 1384  opp symm  loss -0.002  pg +0.0044  v 0.010  ev +0.78  adv_std 0.141  tR +0.00  ent[s/d/p/e] 0.40/2.34/1.36/0.19  emits 0.06  spf 47.7  z0 0.94  garr 97.2  tG 226  e2 0.00  nF 0.6  pS 0.09  ptS 0.09  fLog 0.59  pdΔ -0.4126  pkR 19.14  clip 0.02  kl -0.000
upd   64  steps  133120  sps 1396  opp symm  loss -0.001  pg +0.0059  v 0.011  ev +0.88  adv_std 0.150  tR -1.00  ent[s/d/p/e] 0.67/2.44/1.40/0.21  emits 0.06  spf 62.9  z0 0.94  garr 123.2  tG 355  e2 0.00  nF 0.5  pS 0.12  ptS 0.11  fLog 0.62  pdΔ -0.3818  pkR 13.90  clip 0.02  kl -0.000
upd   65  steps  135168  sps 1408  opp symm  loss +0.007  pg +0.0153  v 0.010  ev +0.92  adv_std 0.143  tR +1.00  ent[s/d/p/e] 0.95/2.50/1.30/0.23  emits 0.07  spf 84.6  z0 0.94  garr 150.9  tG 463  e2 0.01  nF 0.6  pS 0.14  ptS 0.14  fLog 0.68  pdΔ -0.3600  pkR 8.20  clip 0.02  kl +0.001
upd   66  steps  137216  sps 1419  opp symm  loss -0.115  pg -0.1076  v 0.009  ev +0.92  adv_std 0.142  tR +0.00  ent[s/d/p/e] 1.05/2.36/1.11/0.25  emits 0.07  spf 81.5  z0 0.94  garr 169.4  tG 609  e2 0.01  nF 0.6  pS 0.16  ptS 0.16  fLog 0.66  pdΔ -0.3373  pkR 4.20  clip 0.03  kl +0.000
upd   67  steps  139264  sps 1431  opp symm  loss -0.081  pg -0.0734  v 0.010  ev +0.92  adv_std 0.144  tR -1.00  ent[s/d/p/e] 1.17/2.36/1.07/0.27  emits 0.08  spf 86.0  z0 0.93  garr 200.3  tG 834  e2 0.01  nF 0.7  pS 0.19  ptS 0.18  fLog 0.66  pdΔ -0.3097  pkR 4.11  clip 0.02  kl +0.000
upd   68  steps  141312  sps 1442  opp symm  loss -0.063  pg -0.0532  v 0.007  ev +0.95  adv_std 0.112  tR +0.00  ent[s/d/p/e] 1.38/2.37/1.08/0.29  emits 0.09  spf 101.8  z0 0.92  garr 226.5  tG 1064  e2 0.01  nF 0.8  pS 0.22  ptS 0.21  fLog 0.69  pdΔ -0.2849  pkR 4.02  clip 0.03  kl -0.000
upd   69  steps  143360  sps 1454  opp symm  loss +0.030  pg +0.0395  v 0.007  ev +0.96  adv_std 0.112  tR +0.00  ent[s/d/p/e] 1.43/2.33/1.05/0.27  emits 0.10  spf 113.8  z0 0.91  garr 252.9  tG 1343  e2 0.01  nF 0.8  pS 0.24  ptS 0.24  fLog 0.70  pdΔ -0.2555  pkR 3.94  clip 0.02  kl +0.000
upd   70  steps  145408  sps 1465  opp symm  loss -0.024  pg -0.0132  v 0.004  ev +0.97  adv_std 0.097  tR +1.00  ent[s/d/p/e] 1.57/2.24/0.94/0.28  emits 0.10  spf 135.8  z0 0.92  garr 271.4  tG 1586  e2 0.01  nF 0.8  pS 0.27  ptS 0.26  fLog 0.72  pdΔ -0.2326  pkR 3.63  clip 0.03  kl +0.000
upd   71  steps  147456  sps 1476  opp symm  loss +0.095  pg +0.1035  v 0.005  ev +0.96  adv_std 0.106  tR -1.00  ent[s/d/p/e] 1.56/2.17/0.79/0.23  emits 0.07  spf 153.8  z0 0.93  garr 305.9  tG 1893  e2 0.00  nF 0.7  pS 0.28  ptS 0.27  fLog 0.73  pdΔ -0.2210  pkR 3.25  clip 0.04  kl +0.001
upd   72  steps  149504  sps 1487  opp symm  loss +0.085  pg +0.0942  v 0.005  ev +0.97  adv_std 0.097  tR +0.00  ent[s/d/p/e] 1.54/2.20/0.85/0.22  emits 0.06  spf 171.1  z0 0.94  garr 350.9  tG 2249  e2 0.00  nF 0.6  pS 0.29  ptS 0.28  fLog 0.73  pdΔ -0.2118  pkR 3.14  clip 0.01  kl -0.000
upd   73  steps  151552  sps 1497  opp symm  loss +0.051  pg +0.0604  v 0.005  ev +0.97  adv_std 0.102  tR +0.00  ent[s/d/p/e] 1.60/2.25/0.78/0.19  emits 0.06  spf 197.9  z0 0.95  garr 397.7  tG 2634  e2 0.00  nF 0.5  pS 0.30  ptS 0.29  fLog 0.78  pdΔ -0.1996  pkR 3.09  clip 0.02  kl +0.003
upd   74  steps  153600  sps 1508  opp symm  loss -0.085  pg -0.0755  v 0.003  ev +0.98  adv_std 0.078  tR -1.00  ent[s/d/p/e] 1.60/2.21/0.79/0.18  emits 0.04  spf 185.9  z0 0.97  garr 451.9  tG 3091  e2 0.00  nF 0.3  pS 0.31  ptS 0.30  fLog 0.78  pdΔ -0.1916  pkR 2.92  clip 0.00  kl +0.000
upd   75  steps  155648  sps 1518  opp symm  loss +0.140  pg +0.1497  v 0.005  ev +0.97  adv_std 0.095  tR +1.00  ent[s/d/p/e] 1.68/2.23/0.87/0.19  emits 0.05  spf 259.1  z0 0.95  garr 481.1  tG 3292  e2 0.00  nF 0.3  pS 0.31  ptS 0.30  fLog 0.80  pdΔ -0.1939  pkR 3.00  clip 0.02  kl +0.002
upd   76  steps  157696  sps 1529  opp symm  loss -0.089  pg -0.0815  v 0.008  ev +0.96  adv_std 0.123  tR -1.00  ent[s/d/p/e] 1.60/2.23/0.88/0.15  emits 0.05  spf 260.1  z0 0.96  garr 505.6  tG 3502  e2 0.00  nF 0.3  pS 0.31  ptS 0.30  fLog 0.81  pdΔ -0.1938  pkR 3.07  clip 0.02  kl +0.000
upd   77  steps  159744  sps 1539  opp symm  loss +0.042  pg +0.0257  v 0.055  ev +0.79  adv_std 0.339  tR +0.07  ent[s/d/p/e] 1.21/2.28/0.89/0.15  emits 0.04  spf 220.0  z0 0.97  garr 443.4  tG 3064  e2 0.00  nF 0.3  pS 0.26  ptS 0.25  fLog 0.75  pdΔ -0.2377  pkR 3.68  clip 0.02  kl -0.000
upd   78  steps  161792  sps 1549  opp symm  loss -0.106  pg -0.1034  v 0.013  ev +0.73  adv_std 0.163  tR +0.00  ent[s/d/p/e] 0.38/1.88/1.01/0.21  emits 0.06  spf 49.3  z0 0.95  garr 100.5  tG 361  e2 0.00  nF 0.4  pS 0.09  ptS 0.09  fLog 0.57  pdΔ -0.4085  pkR 16.86  clip 0.02  kl -0.000
upd   79  steps  163840  sps 1559  opp symm  loss -0.088  pg -0.0844  v 0.014  ev +0.85  adv_std 0.169  tR +0.00  ent[s/d/p/e] 0.68/2.14/1.06/0.28  emits 0.07  spf 59.8  z0 0.94  garr 134.9  tG 497  e2 0.00  nF 0.6  pS 0.12  ptS 0.12  fLog 0.60  pdΔ -0.3755  pkR 14.30  clip 0.03  kl +0.003
upd   80  steps  165888  sps 1569  opp symm  loss -0.010  pg -0.0043  v 0.011  ev +0.92  adv_std 0.148  tR -1.00  ent[s/d/p/e] 0.90/2.27/0.97/0.29  emits 0.10  spf 70.1  z0 0.91  garr 153.8  tG 590  e2 0.01  nF 0.9  pS 0.16  ptS 0.15  fLog 0.63  pdΔ -0.3437  pkR 12.54  clip 0.03  kl +0.001
upd   81  steps  167936  sps 1579  opp symm  loss -0.074  pg -0.0654  v 0.006  ev +0.96  adv_std 0.109  tR +0.00  ent[s/d/p/e] 1.11/2.20/0.89/0.32  emits 0.10  spf 65.6  z0 0.91  garr 168.8  tG 746  e2 0.01  nF 1.0  pS 0.19  ptS 0.18  fLog 0.63  pdΔ -0.3067  pkR 11.05  clip 0.04  kl +0.001
upd   82  steps  169984  sps 1588  opp symm  loss -0.017  pg -0.0086  v 0.007  ev +0.95  adv_std 0.112  tR +0.00  ent[s/d/p/e] 1.32/2.08/0.81/0.29  emits 0.10  spf 100.3  z0 0.91  garr 199.2  tG 1013  e2 0.01  nF 0.8  pS 0.23  ptS 0.22  fLog 0.67  pdΔ -0.2684  pkR 8.71  clip 0.03  kl +0.001
upd   83  steps  172032  sps 1598  opp symm  loss -0.035  pg -0.0262  v 0.004  ev +0.97  adv_std 0.092  tR -1.00  ent[s/d/p/e] 1.41/2.01/0.81/0.30  emits 0.09  spf 98.9  z0 0.92  garr 230.7  tG 1244  e2 0.01  nF 0.8  pS 0.26  ptS 0.24  fLog 0.67  pdΔ -0.2403  pkR 6.55  clip 0.03  kl +0.001
upd   84  steps  174080  sps 1607  opp symm  loss -0.013  pg -0.0052  v 0.008  ev +0.95  adv_std 0.125  tR +0.00  ent[s/d/p/e] 1.43/1.97/0.86/0.29  emits 0.09  spf 130.1  z0 0.92  garr 266.5  tG 1503  e2 0.01  nF 0.9  pS 0.28  ptS 0.26  fLog 0.71  pdΔ -0.2226  pkR 3.84  clip 0.02  kl +0.000
upd   85  steps  176128  sps 1616  opp symm  loss -0.013  pg -0.0044  v 0.005  ev +0.97  adv_std 0.099  tR +0.00  ent[s/d/p/e] 1.55/1.95/0.87/0.27  emits 0.08  spf 134.2  z0 0.93  garr 314.5  tG 1877  e2 0.01  nF 0.7  pS 0.30  ptS 0.28  fLog 0.73  pdΔ -0.2043  pkR 3.39  clip 0.02  kl -0.000
upd   86  steps  178176  sps 1625  opp symm  loss +0.064  pg +0.0716  v 0.008  ev +0.96  adv_std 0.128  tR -1.00  ent[s/d/p/e] 1.55/2.01/0.82/0.24  emits 0.07  spf 182.1  z0 0.93  garr 356.6  tG 2198  e2 0.00  nF 0.6  pS 0.31  ptS 0.28  fLog 0.78  pdΔ -0.1945  pkR 3.37  clip 0.04  kl +0.001