
=== [2026-06-11T00:11:49Z] v14d_binary_v2_a_p0i7_lr_peak_3e-05_bef73f7d43 phase=a kind=probe chunk=400 env={"ORBITWARS_SHAPING_HOLD_BONUS": 0.004, "ORBITWARS_SHAPING_CAPTURE": 0.04, "ORBITWARS_SHAPING_RELEASE": 0.012, "ORBITWARS_SHAPING_RELEASE_K": 17.0, "ORBITWARS_SHAPING_PROD_SHARE_DELTA": 0.025, "ORBITWARS_SHAPING_ONE_SHIP_PENALTY": 0.04} ppo={"ent_coef_emit": 0.006, "lr_peak": 3e-05} ===
[reward] kaggle-aligned: terminal +1 win/+1 tie>0/-1 loss/-1 double-wipeout; is_terminal at step >= episode_steps-2; SHAPING_SCALE=0.0; v1: KEEP_HOME=0.0 FLEET_SIZE=0.0/norm20.0; v2 (expert-replay calibrated): PROD_SHARE=0.0 PLANET_SHARE=0.0 FLEET_LOG=0.0/ref500.0/floor0.3; v3 (top10-2630ep calibrated): PROD_SHARE_DELTA=0.025 EMIT_LOG=0.0 EMIT_GATED=0.0 RELEASE=0.012/K17.0 CAPTURE=0.04; episode_steps=500 (kaggle=500, mismatch=False)
[symmetric] Frog Parade style: same params drive BOTH players, no frozen/strong/buffer opponents, zero_sum_value=True
upd    0  steps    2048  sps 38  opp symm  loss +0.108  pg +0.1157  v 0.006  ev -0.33  adv_std 0.109  tR +0.00  ent[s/d/p/e] 0.34/1.47/1.28/0.37  emits 0.26  spf 19.2  z0 0.79  garr 18.8  tG 28  e2 0.04  nF 1.8  pS 0.07  ptS 0.07  fLog 0.45  pdΔ -0.4254  pkR 6.03  clip 0.02  kl +0.001
upd    1  steps    4096  sps 75  opp symm  loss +0.009  pg +0.0194  v 0.006  ev +0.19  adv_std 0.113  tR -1.00  ent[s/d/p/e] 0.87/1.67/1.22/0.49  emits 0.34  spf 29.1  z0 0.75  garr 33.2  tG 102  e2 0.06  nF 3.4  pS 0.14  ptS 0.13  fLog 0.48  pdΔ -0.3637  pkR 6.24  clip 0.08  kl +0.003
upd    2  steps    6144  sps 111  opp symm  loss +0.020  pg +0.0325  v 0.002  ev +0.31  adv_std 0.065  tR +0.00  ent[s/d/p/e] 1.16/1.86/1.14/0.53  emits 0.37  spf 43.2  z0 0.73  garr 46.5  tG 195  e2 0.08  nF 3.8  pS 0.19  ptS 0.17  fLog 0.53  pdΔ -0.3144  pkR 5.16  clip 0.03  kl -0.000
upd    3  steps    8192  sps 146  opp symm  loss -0.040  pg -0.0261  v 0.002  ev +0.42  adv_std 0.056  tR +0.00  ent[s/d/p/e] 1.37/2.02/1.15/0.56  emits 0.37  spf 51.7  z0 0.75  garr 57.8  tG 304  e2 0.08  nF 3.8  pS 0.23  ptS 0.22  fLog 0.55  pdΔ -0.2689  pkR 4.89  clip 0.05  kl +0.001
upd    4  steps   10240  sps 180  opp symm  loss -0.046  pg -0.0317  v 0.001  ev +0.50  adv_std 0.048  tR +0.00  ent[s/d/p/e] 1.52/2.12/1.15/0.55  emits 0.40  spf 58.1  z0 0.72  garr 66.3  tG 424  e2 0.09  nF 4.1  pS 0.27  ptS 0.26  fLog 0.57  pdΔ -0.2278  pkR 4.62  clip 0.07  kl +0.001
upd    5  steps   12288  sps 214  opp symm  loss -0.002  pg +0.0139  v 0.001  ev +0.60  adv_std 0.041  tR +0.00  ent[s/d/p/e] 1.68/2.22/1.20/0.57  emits 0.38  spf 69.9  z0 0.73  garr 79.3  tG 553  e2 0.08  nF 4.1  pS 0.30  ptS 0.28  fLog 0.59  pdΔ -0.1983  pkR 4.37  clip 0.09  kl +0.003
upd    6  steps   14336  sps 247  opp symm  loss -0.001  pg +0.0136  v 0.003  ev +0.54  adv_std 0.068  tR +1.00  ent[s/d/p/e] 1.71/2.25/1.22/0.55  emits 0.42  spf 77.1  z0 0.72  garr 89.9  tG 667  e2 0.09  nF 4.0  pS 0.32  ptS 0.30  fLog 0.61  pdΔ -0.1806  pkR 3.91  clip 0.11  kl +0.009
upd    7  steps   16384  sps 279  opp symm  loss -0.064  pg -0.0477  v 0.003  ev +0.61  adv_std 0.064  tR -1.00  ent[s/d/p/e] 1.79/2.34/1.37/0.57  emits 0.42  spf 85.0  z0 0.71  garr 89.1  tG 703  e2 0.09  nF 4.1  pS 0.34  ptS 0.32  fLog 0.62  pdΔ -0.1641  pkR 4.58  clip 0.11  kl +0.002
upd    8  steps   18432  sps 310  opp symm  loss +0.022  pg +0.0384  v 0.001  ev +0.75  adv_std 0.046  tR +0.00  ent[s/d/p/e] 1.87/2.33/1.23/0.59  emits 0.48  spf 84.4  z0 0.69  garr 91.1  tG 757  e2 0.11  nF 4.3  pS 0.35  ptS 0.34  fLog 0.62  pdΔ -0.1467  pkR 4.61  clip 0.12  kl +0.003
upd    9  steps   20480  sps 341  opp symm  loss +0.001  pg +0.0182  v 0.002  ev +0.77  adv_std 0.045  tR +0.00  ent[s/d/p/e] 1.96/2.39/1.33/0.59  emits 0.48  spf 85.0  z0 0.69  garr 92.9  tG 850  e2 0.11  nF 4.8  pS 0.39  ptS 0.37  fLog 0.63  pdΔ -0.1127  pkR 5.17  clip 0.12  kl +0.006
upd   10  steps   22528  sps 371  opp symm  loss -0.023  pg -0.0068  v 0.003  ev +0.65  adv_std 0.073  tR +0.00  ent[s/d/p/e] 1.96/2.40/1.32/0.59  emits 0.46  spf 87.2  z0 0.71  garr 99.6  tG 944  e2 0.11  nF 4.6  pS 0.40  ptS 0.38  fLog 0.63  pdΔ -0.1026  pkR 4.95  clip 0.08  kl +0.003
upd   11  steps   24576  sps 401  opp symm  loss -0.033  pg -0.0160  v 0.002  ev +0.90  adv_std 0.040  tR +0.00  ent[s/d/p/e] 2.04/2.41/1.32/0.60  emits 0.46  spf 91.9  z0 0.69  garr 103.1  tG 1031  e2 0.10  nF 4.6  pS 0.42  ptS 0.41  fLog 0.63  pdΔ -0.0806  pkR 5.49  clip 0.08  kl +0.001
upd   12  steps   26624  sps 430  opp symm  loss +0.010  pg +0.0265  v 0.001  ev +0.94  adv_std 0.038  tR +0.00  ent[s/d/p/e] 2.04/2.42/1.26/0.58  emits 0.47  spf 100.0  z0 0.69  garr 111.7  tG 1132  e2 0.11  nF 4.4  pS 0.43  ptS 0.41  fLog 0.64  pdΔ -0.0720  pkR 4.54  clip 0.09  kl +0.006
upd   13  steps   28672  sps 458  opp symm  loss -0.030  pg -0.0134  v 0.002  ev +0.94  adv_std 0.045  tR +0.00  ent[s/d/p/e] 2.07/2.44/1.31/0.61  emits 0.46  spf 93.7  z0 0.69  garr 106.8  tG 1113  e2 0.10  nF 4.7  pS 0.44  ptS 0.43  fLog 0.64  pdΔ -0.0621  pkR 4.81  clip 0.08  kl +0.002
upd   14  steps   30720  sps 485  opp symm  loss -0.072  pg -0.0557  v 0.002  ev +0.92  adv_std 0.063  tR -1.00  ent[s/d/p/e] 2.06/2.44/1.31/0.58  emits 0.44  spf 101.4  z0 0.70  garr 111.1  tG 1200  e2 0.09  nF 4.1  pS 0.45  ptS 0.44  fLog 0.65  pdΔ -0.0515  pkR 4.46  clip 0.11  kl +0.006
upd   15  steps   32768  sps 513  opp symm  loss -0.018  pg -0.0374  v 0.072  ev +0.55  adv_std 0.404  tR +0.14  ent[s/d/p/e] 1.91/2.38/1.39/0.46  emits 0.34  spf 104.5  z0 0.78  garr 74.8  tG 747  e2 0.07  nF 2.7  pS 0.29  ptS 0.29  fLog 0.65  pdΔ -0.2091  pkR 6.81  clip 0.07  kl +0.003
upd   16  steps   34816  sps 539  opp symm  loss +0.057  pg +0.0704  v 0.002  ev +0.77  adv_std 0.055  tR +0.00  ent[s/d/p/e] 0.64/2.27/1.62/0.29  emits 0.09  spf 58.4  z0 0.92  garr 54.2  tG 166  e2 0.01  nF 0.8  pS 0.09  ptS 0.09  fLog 0.58  pdΔ -0.4085  pkR 22.90  clip 0.02  kl -0.000
upd   17  steps   36864  sps 565  opp symm  loss -0.005  pg +0.0093  v 0.003  ev +0.86  adv_std 0.072  tR -1.00  ent[s/d/p/e] 1.00/2.37/1.67/0.36  emits 0.14  spf 74.0  z0 0.89  garr 64.2  tG 221  e2 0.02  nF 1.1  pS 0.13  ptS 0.12  fLog 0.62  pdΔ -0.3738  pkR 18.56  clip 0.03  kl +0.001
upd   18  steps   38912  sps 591  opp symm  loss -0.005  pg +0.0079  v 0.006  ev +0.87  adv_std 0.101  tR +1.00  ent[s/d/p/e] 1.12/2.42/1.67/0.39  emits 0.17  spf 64.8  z0 0.86  garr 72.5  tG 325  e2 0.02  nF 1.4  pS 0.18  ptS 0.17  fLog 0.61  pdΔ -0.3241  pkR 13.52  clip 0.06  kl +0.000
upd   19  steps   40960  sps 616  opp symm  loss -0.028  pg -0.0137  v 0.005  ev +0.92  adv_std 0.089  tR +0.00  ent[s/d/p/e] 1.37/2.44/1.52/0.43  emits 0.20  spf 78.6  z0 0.84  garr 85.7  tG 478  e2 0.03  nF 1.6  pS 0.22  ptS 0.21  fLog 0.64  pdΔ -0.2813  pkR 9.33  clip 0.05  kl -0.000
upd   20  steps   43008  sps 640  opp symm  loss +0.010  pg +0.0244  v 0.005  ev +0.93  adv_std 0.096  tR +0.00  ent[s/d/p/e] 1.53/2.47/1.43/0.47  emits 0.23  spf 98.6  z0 0.82  garr 98.1  tG 617  e2 0.04  nF 1.8  pS 0.26  ptS 0.24  fLog 0.66  pdΔ -0.2437  pkR 7.81  clip 0.05  kl +0.000
upd   21  steps   45056  sps 665  opp symm  loss +0.036  pg +0.0503  v 0.006  ev +0.92  adv_std 0.107  tR -1.00  ent[s/d/p/e] 1.63/2.45/1.55/0.43  emits 0.22  spf 106.5  z0 0.83  garr 109.0  tG 750  e2 0.04  nF 2.0  pS 0.29  ptS 0.27  fLog 0.67  pdΔ -0.2144  pkR 7.20  clip 0.08  kl +0.003
upd   22  steps   47104  sps 688  opp symm  loss -0.064  pg -0.0485  v 0.004  ev +0.95  adv_std 0.085  tR +1.00  ent[s/d/p/e] 1.68/2.45/1.48/0.50  emits 0.28  spf 104.9  z0 0.80  garr 112.0  tG 845  e2 0.05  nF 2.0  pS 0.30  ptS 0.29  fLog 0.67  pdΔ -0.1982  pkR 7.15  clip 0.08  kl +0.003
upd   23  steps   49152  sps 711  opp symm  loss -0.022  pg -0.0069  v 0.005  ev +0.95  adv_std 0.085  tR -1.00  ent[s/d/p/e] 1.76/2.47/1.53/0.46  emits 0.23  spf 116.7  z0 0.82  garr 114.1  tG 894  e2 0.04  nF 1.9  pS 0.31  ptS 0.30  fLog 0.68  pdΔ -0.1881  pkR 4.94  clip 0.04  kl -0.002
upd   24  steps   51200  sps 734  opp symm  loss -0.023  pg -0.0070  v 0.004  ev +0.96  adv_std 0.081  tR +1.00  ent[s/d/p/e] 1.80/2.50/1.55/0.52  emits 0.29  spf 132.4  z0 0.79  garr 120.0  tG 964  e2 0.05  nF 2.1  pS 0.33  ptS 0.31  fLog 0.70  pdΔ -0.1745  pkR 4.77  clip 0.06  kl +0.004
upd   25  steps   53248  sps 757  opp symm  loss -0.000  pg +0.0138  v 0.006  ev +0.94  adv_std 0.105  tR +0.00  ent[s/d/p/e] 1.78/2.40/1.46/0.49  emits 0.27  spf 112.6  z0 0.81  garr 116.0  tG 955  e2 0.06  nF 2.3  pS 0.33  ptS 0.32  fLog 0.67  pdΔ -0.1709  pkR 5.44  clip 0.03  kl +0.000
upd   26  steps   55296  sps 779  opp symm  loss -0.001  pg +0.0138  v 0.004  ev +0.97  adv_std 0.081  tR +0.00  ent[s/d/p/e] 1.77/2.41/1.49/0.48  emits 0.28  spf 114.7  z0 0.79  garr 115.0  tG 949  e2 0.05  nF 2.3  pS 0.33  ptS 0.31  fLog 0.68  pdΔ -0.1730  pkR 5.42  clip 0.04  kl +0.000
upd   27  steps   57344  sps 800  opp symm  loss +0.029  pg +0.0433  v 0.005  ev +0.97  adv_std 0.089  tR +1.00  ent[s/d/p/e] 1.81/2.43/1.49/0.47  emits 0.25  spf 113.5  z0 0.81  garr 116.2  tG 927  e2 0.04  nF 2.3  pS 0.32  ptS 0.31  fLog 0.68  pdΔ -0.1756  pkR 5.82  clip 0.03  kl +0.000
upd   28  steps   59392  sps 821  opp symm  loss -0.011  pg +0.0040  v 0.004  ev +0.98  adv_std 0.083  tR -1.00  ent[s/d/p/e] 1.79/2.46/1.53/0.45  emits 0.24  spf 116.7  z0 0.82  garr 124.9  tG 1023  e2 0.04  nF 2.0  pS 0.33  ptS 0.32  fLog 0.69  pdΔ -0.1718  pkR 4.73  clip 0.07  kl +0.002
upd   29  steps   61440  sps 842  opp symm  loss -0.078  pg -0.0635  v 0.007  ev +0.96  adv_std 0.098  tR -1.00  ent[s/d/p/e] 1.92/2.48/1.45/0.50  emits 0.30  spf 115.9  z0 0.79  garr 128.6  tG 1069  e2 0.07  nF 2.5  pS 0.34  ptS 0.33  fLog 0.68  pdΔ -0.1592  pkR 5.12  clip 0.06  kl -0.000
upd   30  steps   63488  sps 862  opp symm  loss -0.063  pg -0.0477  v 0.007  ev +0.96  adv_std 0.104  tR +0.00  ent[s/d/p/e] 1.97/2.52/1.55/0.52  emits 0.35  spf 128.9  z0 0.77  garr 125.1  tG 1052  e2 0.07  nF 2.8  pS 0.36  ptS 0.35  fLog 0.70  pdΔ -0.1355  pkR 4.86  clip 0.10  kl -0.002
upd   31  steps   65536  sps 882  opp symm  loss -0.023  pg -0.0175  v 0.020  ev +0.70  adv_std 0.200  tR +0.17  ent[s/d/p/e] 1.41/2.51/1.63/0.27  emits 0.10  spf 73.5  z0 0.92  garr 65.2  tG 261  e2 0.01  nF 1.0  pS 0.13  ptS 0.13  fLog 0.64  pdΔ -0.3722  pkR 15.00  clip 0.05  kl +0.002
upd   32  steps   67584  sps 902  opp symm  loss -0.060  pg -0.0486  v 0.008  ev +0.84  adv_std 0.119  tR +1.00  ent[s/d/p/e] 1.18/2.55/1.54/0.30  emits 0.13  spf 65.8  z0 0.90  garr 83.0  tG 216  e2 0.02  nF 1.3  pS 0.12  ptS 0.12  fLog 0.63  pdΔ -0.3755  pkR 7.42  clip 0.03  kl -0.002
upd   33  steps   69632  sps 922  opp symm  loss -0.044  pg -0.0324  v 0.009  ev +0.80  adv_std 0.133  tR +1.00  ent[s/d/p/e] 1.25/2.51/1.55/0.37  emits 0.16  spf 71.2  z0 0.87  garr 88.8  tG 293  e2 0.02  nF 1.5  pS 0.16  ptS 0.16  fLog 0.63  pdΔ -0.3378  pkR 5.31  clip 0.04  kl -0.001
upd   34  steps   71680  sps 941  opp symm  loss -0.063  pg -0.0511  v 0.010  ev +0.87  adv_std 0.133  tR +1.00  ent[s/d/p/e] 1.39/2.56/1.56/0.41  emits 0.19  spf 75.3  z0 0.85  garr 95.1  tG 406  e2 0.03  nF 1.8  pS 0.21  ptS 0.20  fLog 0.65  pdΔ -0.2874  pkR 3.86  clip 0.05  kl +0.003
upd   35  steps   73728  sps 959  opp symm  loss -0.043  pg -0.0291  v 0.007  ev +0.94  adv_std 0.107  tR -1.00  ent[s/d/p/e] 1.59/2.53/1.57/0.46  emits 0.24  spf 79.8  z0 0.83  garr 103.5  tG 562  e2 0.04  nF 2.0  pS 0.27  ptS 0.25  fLog 0.65  pdΔ -0.2290  pkR 3.26  clip 0.05  kl -0.000
upd   36  steps   75776  sps 978  opp symm  loss -0.052  pg -0.0373  v 0.006  ev +0.96  adv_std 0.102  tR +0.00  ent[s/d/p/e] 1.67/2.57/1.57/0.49  emits 0.25  spf 92.3  z0 0.81  garr 117.0  tG 743  e2 0.04  nF 2.4  pS 0.31  ptS 0.29  fLog 0.68  pdΔ -0.1921  pkR 2.96  clip 0.06  kl +0.000
upd   37  steps   77824  sps 996  opp symm  loss -0.019  pg -0.0050  v 0.007  ev +0.96  adv_std 0.104  tR +1.00  ent[s/d/p/e] 1.77/2.58/1.56/0.49  emits 0.27  spf 103.0  z0 0.80  garr 121.7  tG 864  e2 0.05  nF 2.5  pS 0.34  ptS 0.32  fLog 0.69  pdΔ -0.1638  pkR 2.72  clip 0.04  kl +0.002
upd   38  steps   79872  sps 1014  opp symm  loss -0.008  pg +0.0070  v 0.007  ev +0.96  adv_std 0.107  tR -1.00  ent[s/d/p/e] 1.86/2.58/1.48/0.53  emits 0.33  spf 114.4  z0 0.78  garr 124.4  tG 957  e2 0.07  nF 2.7  pS 0.36  ptS 0.34  fLog 0.71  pdΔ -0.1419  pkR 2.59  clip 0.06  kl +0.001
upd   39  steps   81920  sps 1031  opp symm  loss -0.027  pg -0.0117  v 0.006  ev +0.97  adv_std 0.100  tR -1.00  ent[s/d/p/e] 1.85/2.55/1.50/0.50  emits 0.29  spf 113.4  z0 0.79  garr 126.5  tG 1023  e2 0.05  nF 2.6  pS 0.38  ptS 0.36  fLog 0.71  pdΔ -0.1214  pkR 2.96  clip 0.04  kl +0.000
upd   40  steps   83968  sps 1048  opp symm  loss -0.036  pg -0.0210  v 0.006  ev +0.97  adv_std 0.101  tR +1.00  ent[s/d/p/e] 1.88/2.57/1.44/0.49  emits 0.28  spf 121.0  z0 0.80  garr 134.0  tG 1124  e2 0.06  nF 2.5  pS 0.39  ptS 0.38  fLog 0.72  pdΔ -0.1109  pkR 3.46  clip 0.06  kl +0.003
upd   41  steps   86016  sps 1065  opp symm  loss -0.061  pg -0.0466  v 0.006  ev +0.97  adv_std 0.096  tR +0.33  ent[s/d/p/e] 1.84/2.54/1.46/0.49  emits 0.24  spf 128.9  z0 0.83  garr 144.5  tG 1193  e2 0.04  nF 2.2  pS 0.38  ptS 0.36  fLog 0.73  pdΔ -0.1225  pkR 4.10  clip 0.06  kl +0.002
upd   42  steps   88064  sps 1082  opp symm  loss -0.027  pg -0.0136  v 0.007  ev +0.96  adv_std 0.112  tR -1.00  ent[s/d/p/e] 1.79/2.56/1.51/0.46  emits 0.22  spf 147.3  z0 0.84  garr 157.9  tG 1281  e2 0.04  nF 1.9  pS 0.37  ptS 0.36  fLog 0.75  pdΔ -0.1279  pkR 4.02  clip 0.05  kl +0.001
upd   43  steps   90112  sps 1099  opp symm  loss -0.042  pg -0.0274  v 0.008  ev +0.96  adv_std 0.109  tR -1.00  ent[s/d/p/e] 1.90/2.56/1.45/0.53  emits 0.33  spf 134.5  z0 0.77  garr 154.1  tG 1280  e2 0.06  nF 2.4  pS 0.39  ptS 0.37  fLog 0.74  pdΔ -0.1125  pkR 3.50  clip 0.09  kl +0.002
upd   44  steps   92160  sps 1115  opp symm  loss -0.017  pg -0.0071  v 0.015  ev +0.91  adv_std 0.171  tR +0.33  ent[s/d/p/e] 1.90/2.56/1.44/0.50  emits 0.31  spf 131.6  z0 0.77  garr 145.0  tG 1256  e2 0.06  nF 2.6  pS 0.39  ptS 0.38  fLog 0.72  pdΔ -0.1115  pkR 3.28  clip 0.08  kl +0.002
upd   45  steps   94208  sps 1131  opp symm  loss +0.023  pg +0.0390  v 0.005  ev +0.97  adv_std 0.083  tR -1.00  ent[s/d/p/e] 1.93/2.57/1.53/0.48  emits 0.26  spf 127.7  z0 0.81  garr 143.4  tG 1247  e2 0.05  nF 2.5  pS 0.38  ptS 0.37  fLog 0.73  pdΔ -0.1198  pkR 3.27  clip 0.03  kl -0.001
upd   46  steps   96256  sps 1146  opp symm  loss -0.040  pg -0.0440  v 0.042  ev +0.77  adv_std 0.296  tR +0.14  ent[s/d/p/e] 1.78/2.54/1.56/0.32  emits 0.17  spf 124.7  z0 0.86  garr 123.8  tG 1011  e2 0.02  nF 1.6  pS 0.31  ptS 0.30  fLog 0.72  pdΔ -0.1892  pkR 4.71  clip 0.16  kl +0.006
upd   47  steps   98304  sps 1161  opp symm  loss -0.101  pg -0.0892  v 0.009  ev +0.87  adv_std 0.125  tR +0.00  ent[s/d/p/e] 1.04/2.56/1.71/0.30  emits 0.09  spf 75.3  z0 0.93  garr 79.4  tG 270  e2 0.01  nF 0.8  pS 0.13  ptS 0.12  fLog 0.65  pdΔ -0.3714  pkR 7.74  clip 0.06  kl +0.004
upd   48  steps  100352  sps 1177  opp symm  loss -0.007  pg +0.0030  v 0.012  ev +0.90  adv_std 0.149  tR -1.00  ent[s/d/p/e] 1.02/2.53/1.66/0.34  emits 0.14  spf 78.3  z0 0.89  garr 90.6  tG 348  e2 0.02  nF 1.2  pS 0.15  ptS 0.15  fLog 0.65  pdΔ -0.3466  pkR 6.77  clip 0.03  kl +0.000
upd   49  steps  102400  sps 1192  opp symm  loss +0.000  pg +0.0117  v 0.009  ev +0.95  adv_std 0.127  tR +0.00  ent[s/d/p/e] 1.25/2.57/1.52/0.36  emits 0.16  spf 90.2  z0 0.87  garr 90.7  tG 426  e2 0.03  nF 1.5  pS 0.18  ptS 0.18  fLog 0.67  pdΔ -0.3174  pkR 6.11  clip 0.04  kl +0.002
upd   50  steps  104448  sps 1206  opp symm  loss -0.016  pg -0.0039  v 0.009  ev +0.95  adv_std 0.128  tR -1.00  ent[s/d/p/e] 1.38/2.56/1.47/0.43  emits 0.23  spf 84.6  z0 0.84  garr 93.1  tG 467  e2 0.05  nF 2.0  pS 0.22  ptS 0.21  fLog 0.67  pdΔ -0.2838  pkR 5.83  clip 0.04  kl +0.001
upd   51  steps  106496  sps 1221  opp symm  loss -0.016  pg -0.0049  v 0.010  ev +0.95  adv_std 0.137  tR +1.00  ent[s/d/p/e] 1.44/2.56/1.47/0.43  emits 0.26  spf 81.0  z0 0.81  garr 92.2  tG 526  e2 0.05  nF 2.5  pS 0.25  ptS 0.24  fLog 0.66  pdΔ -0.2492  pkR 4.90  clip 0.07  kl +0.005
upd   52  steps  108544  sps 1235  opp symm  loss -0.002  pg +0.0089  v 0.012  ev +0.95  adv_std 0.140  tR +0.00  ent[s/d/p/e] 1.65/2.56/1.39/0.48  emits 0.26  spf 83.0  z0 0.81  garr 97.5  tG 636  e2 0.05  nF 2.4  pS 0.29  ptS 0.28  fLog 0.66  pdΔ -0.2086  pkR 4.30  clip 0.04  kl +0.001
upd   53  steps  110592  sps 1249  opp symm  loss +0.013  pg +0.0239  v 0.012  ev +0.95  adv_std 0.150  tR +1.00  ent[s/d/p/e] 1.61/2.58/1.41/0.49  emits 0.29  spf 90.6  z0 0.80  garr 101.6  tG 693  e2 0.06  nF 2.6  pS 0.32  ptS 0.30  fLog 0.68  pdΔ -0.1843  pkR 3.62  clip 0.06  kl +0.002
upd   54  steps  112640  sps 1263  opp symm  loss +0.019  pg +0.0314  v 0.008  ev +0.97  adv_std 0.120  tR +0.33  ent[s/d/p/e] 1.71/2.55/1.34/0.47  emits 0.26  spf 95.9  z0 0.81  garr 106.4  tG 766  e2 0.05  nF 2.6  pS 0.33  ptS 0.32  fLog 0.69  pdΔ -0.1684  pkR 4.18  clip 0.07  kl +0.002
upd   55  steps  114688  sps 1277  opp symm  loss -0.048  pg -0.0352  v 0.007  ev +0.97  adv_std 0.113  tR +1.00  ent[s/d/p/e] 1.71/2.54/1.32/0.44  emits 0.22  spf 101.9  z0 0.83  garr 113.4  tG 808  e2 0.04  nF 2.1  pS 0.33  ptS 0.31  fLog 0.70  pdΔ -0.1746  pkR 4.53  clip 0.05  kl +0.001
upd   56  steps  116736  sps 1290  opp symm  loss -0.020  pg -0.0081  v 0.009  ev +0.96  adv_std 0.132  tR +0.00  ent[s/d/p/e] 1.64/2.54/1.30/0.48  emits 0.27  spf 99.9  z0 0.81  garr 113.8  tG 792  e2 0.04  nF 2.4  pS 0.31  ptS 0.30  fLog 0.70  pdΔ -0.1897  pkR 3.18  clip 0.07  kl +0.003
upd   57  steps  118784  sps 1304  opp symm  loss -0.028  pg -0.0169  v 0.010  ev +0.96  adv_std 0.130  tR +1.00  ent[s/d/p/e] 1.62/2.48/1.31/0.47  emits 0.27  spf 96.5  z0 0.80  garr 111.0  tG 782  e2 0.05  nF 2.5  pS 0.32  ptS 0.31  fLog 0.69  pdΔ -0.1844  pkR 3.31  clip 0.04  kl +0.001
upd   58  steps  120832  sps 1317  opp symm  loss -0.035  pg -0.0237  v 0.009  ev +0.96  adv_std 0.132  tR -1.00  ent[s/d/p/e] 1.64/2.46/1.19/0.48  emits 0.27  spf 99.0  z0 0.80  garr 107.8  tG 820  e2 0.05  nF 2.6  pS 0.33  ptS 0.32  fLog 0.69  pdΔ -0.1729  pkR 3.14  clip 0.06  kl +0.002
upd   59  steps  122880  sps 1330  opp symm  loss +0.029  pg +0.0396  v 0.011  ev +0.95  adv_std 0.139  tR +0.20  ent[s/d/p/e] 1.66/2.48/1.18/0.47  emits 0.29  spf 100.6  z0 0.80  garr 98.7  tG 764  e2 0.06  nF 2.9  pS 0.31  ptS 0.31  fLog 0.69  pdΔ -0.1890  pkR 5.16  clip 0.09  kl +0.004
upd   60  steps  124928  sps 1342  opp symm  loss -0.033  pg -0.0212  v 0.008  ev +0.96  adv_std 0.119  tR +0.00  ent[s/d/p/e] 1.63/2.43/1.17/0.48  emits 0.28  spf 83.1  z0 0.80  garr 83.3  tG 596  e2 0.06  nF 2.7  pS 0.27  ptS 0.27  fLog 0.66  pdΔ -0.2347  pkR 7.02  clip 0.09  kl +0.000
upd   61  steps  126976  sps 1355  opp symm  loss +0.026  pg +0.0372  v 0.008  ev +0.95  adv_std 0.126  tR -1.00  ent[s/d/p/e] 1.50/2.41/1.21/0.40  emits 0.20  spf 76.7  z0 0.84  garr 89.3  tG 594  e2 0.03  nF 2.4  pS 0.25  ptS 0.25  fLog 0.65  pdΔ -0.2467  pkR 4.51  clip 0.07  kl +0.001
upd   62  steps  129024  sps 1367  opp symm  loss -0.025  pg -0.0248  v 0.027  ev +0.78  adv_std 0.231  tR -0.27  ent[s/d/p/e] 1.24/2.45/1.14/0.36  emits 0.16  spf 76.6  z0 0.88  garr 67.0  tG 362  e2 0.03  nF 1.5  pS 0.18  ptS 0.17  fLog 0.63  pdΔ -0.3244  pkR 7.66  clip 0.05  kl +0.000
upd   63  steps  131072  sps 1380  opp symm  loss -0.051  pg -0.0396  v 0.006  ev +0.93  adv_std 0.105  tR +0.00  ent[s/d/p/e] 1.20/2.51/1.14/0.39  emits 0.18  spf 70.1  z0 0.87  garr 71.1  tG 332  e2 0.03  nF 2.1  pS 0.18  ptS 0.17  fLog 0.63  pdΔ -0.3225  pkR 6.97  clip 0.03  kl +0.001
upd   64  steps  133120  sps 1392  opp symm  loss -0.020  pg -0.0089  v 0.007  ev +0.92  adv_std 0.116  tR +1.00  ent[s/d/p/e] 1.17/2.58/1.05/0.45  emits 0.22  spf 67.0  z0 0.84  garr 80.2  tG 374  e2 0.04  nF 2.1  pS 0.20  ptS 0.19  fLog 0.64  pdΔ -0.3020  pkR 5.59  clip 0.06  kl +0.000
upd   65  steps  135168  sps 1404  opp symm  loss -0.046  pg -0.0366  v 0.010  ev +0.91  adv_std 0.128  tR +1.00  ent[s/d/p/e] 1.26/2.57/0.97/0.49  emits 0.24  spf 68.7  z0 0.82  garr 86.7  tG 483  e2 0.05  nF 2.4  pS 0.24  ptS 0.23  fLog 0.64  pdΔ -0.2598  pkR 4.89  clip 0.06  kl +0.002
upd   66  steps  137216  sps 1415  opp symm  loss +0.000  pg +0.0106  v 0.009  ev +0.91  adv_std 0.126  tR +0.33  ent[s/d/p/e] 1.45/2.56/0.99/0.43  emits 0.24  spf 81.1  z0 0.82  garr 96.4  tG 607  e2 0.04  nF 2.4  pS 0.28  ptS 0.27  fLog 0.67  pdΔ -0.2162  pkR 4.51  clip 0.08  kl +0.003
upd   67  steps  139264  sps 1427  opp symm  loss -0.022  pg -0.0094  v 0.006  ev +0.95  adv_std 0.102  tR +0.00  ent[s/d/p/e] 1.57/2.55/0.98/0.49  emits 0.28  spf 90.9  z0 0.80  garr 107.1  tG 701  e2 0.05  nF 2.4  pS 0.30  ptS 0.28  fLog 0.68  pdΔ -0.2038  pkR 4.06  clip 0.05  kl +0.001
upd   68  steps  141312  sps 1439  opp symm  loss -0.035  pg -0.0243  v 0.008  ev +0.95  adv_std 0.122  tR +0.00  ent[s/d/p/e] 1.57/2.56/0.98/0.48  emits 0.28  spf 94.8  z0 0.79  garr 114.6  tG 803  e2 0.05  nF 2.6  pS 0.32  ptS 0.31  fLog 0.69  pdΔ -0.1823  pkR 3.63  clip 0.05  kl +0.001
upd   69  steps  143360  sps 1450  opp symm  loss -0.035  pg -0.0240  v 0.009  ev +0.95  adv_std 0.129  tR +0.00  ent[s/d/p/e] 1.57/2.51/1.05/0.51  emits 0.28  spf 97.1  z0 0.80  garr 114.9  tG 846  e2 0.06  nF 2.7  pS 0.33  ptS 0.32  fLog 0.69  pdΔ -0.1654  pkR 3.61  clip 0.06  kl +0.002
upd   70  steps  145408  sps 1461  opp symm  loss +0.002  pg +0.0151  v 0.005  ev +0.97  adv_std 0.092  tR +0.00  ent[s/d/p/e] 1.63/2.52/1.03/0.47  emits 0.26  spf 109.7  z0 0.81  garr 123.0  tG 957  e2 0.05  nF 2.3  pS 0.35  ptS 0.34  fLog 0.71  pdΔ -0.1522  pkR 4.16  clip 0.06  kl +0.002
upd   71  steps  147456  sps 1472  opp symm  loss -0.035  pg -0.0237  v 0.009  ev +0.96  adv_std 0.129  tR -0.33  ent[s/d/p/e] 1.67/2.51/1.12/0.53  emits 0.28  spf 113.6  z0 0.80  garr 128.4  tG 1023  e2 0.05  nF 2.5  pS 0.35  ptS 0.34  fLog 0.71  pdΔ -0.1527  pkR 4.45  clip 0.15  kl +0.008
upd   72  steps  149504  sps 1483  opp symm  loss -0.008  pg +0.0043  v 0.005  ev +0.97  adv_std 0.099  tR -1.00  ent[s/d/p/e] 1.73/2.49/1.06/0.44  emits 0.26  spf 124.1  z0 0.81  garr 130.9  tG 1032  e2 0.05  nF 2.5  pS 0.34  ptS 0.34  fLog 0.71  pdΔ -0.1562  pkR 4.17  clip 0.11  kl +0.005
upd   73  steps  151552  sps 1494  opp symm  loss -0.043  pg -0.0299  v 0.006  ev +0.97  adv_std 0.100  tR +0.00  ent[s/d/p/e] 1.70/2.48/1.10/0.50  emits 0.25  spf 118.7  z0 0.82  garr 134.8  tG 1028  e2 0.05  nF 2.3  pS 0.35  ptS 0.34  fLog 0.72  pdΔ -0.1546  pkR 4.34  clip 0.11  kl +0.003
upd   74  steps  153600  sps 1504  opp symm  loss -0.078  pg -0.0669  v 0.008  ev +0.96  adv_std 0.124  tR -1.00  ent[s/d/p/e] 1.73/2.44/1.12/0.45  emits 0.21  spf 121.4  z0 0.84  garr 144.0  tG 1134  e2 0.04  nF 2.0  pS 0.36  ptS 0.35  fLog 0.73  pdΔ -0.1420  pkR 3.65  clip 0.04  kl +0.002
upd   75  steps  155648  sps 1515  opp symm  loss -0.052  pg -0.0419  v 0.011  ev +0.95  adv_std 0.140  tR -0.50  ent[s/d/p/e] 1.78/2.44/1.11/0.49  emits 0.25  spf 114.4  z0 0.81  garr 143.4  tG 1164  e2 0.05  nF 2.2  pS 0.36  ptS 0.36  fLog 0.71  pdΔ -0.1384  pkR 3.63  clip 0.07  kl +0.002
upd   76  steps  157696  sps 1525  opp symm  loss -0.033  pg -0.0202  v 0.007  ev +0.97  adv_std 0.105  tR +0.33  ent[s/d/p/e] 1.72/2.45/1.20/0.46  emits 0.26  spf 115.7  z0 0.81  garr 136.3  tG 1146  e2 0.05  nF 2.2  pS 0.35  ptS 0.34  fLog 0.71  pdΔ -0.1530  pkR 4.10  clip 0.04  kl +0.002
upd   77  steps  159744  sps 1535  opp symm  loss -0.064  pg -0.0624  v 0.027  ev +0.88  adv_std 0.239  tR -0.09  ent[s/d/p/e] 1.61/2.45/1.20/0.45  emits 0.24  spf 115.0  z0 0.83  garr 119.9  tG 1013  e2 0.05  nF 2.1  pS 0.32  ptS 0.31  fLog 0.70  pdΔ -0.1846  pkR 5.29  clip 0.05  kl +0.002
upd   78  steps  161792  sps 1545  opp symm  loss +0.007  pg +0.0140  v 0.012  ev +0.87  adv_std 0.151  tR +1.00  ent[s/d/p/e] 0.84/2.35/1.14/0.38  emits 0.17  spf 60.5  z0 0.86  garr 72.6  tG 379  e2 0.03  nF 1.5  pS 0.16  ptS 0.16  fLog 0.60  pdΔ -0.3373  pkR 11.67  clip 0.03  kl +0.002
upd   79  steps  163840  sps 1555  opp symm  loss -0.057  pg -0.0487  v 0.012  ev +0.92  adv_std 0.154  tR -1.00  ent[s/d/p/e] 1.02/2.44/1.07/0.42  emits 0.19  spf 70.4  z0 0.84  garr 81.5  tG 449  e2 0.03  nF 1.8  pS 0.20  ptS 0.19  fLog 0.63  pdΔ -0.2984  pkR 8.77  clip 0.03  kl +0.001
upd   80  steps  165888  sps 1565  opp symm  loss -0.049  pg -0.0392  v 0.009  ev +0.95  adv_std 0.133  tR +0.00  ent[s/d/p/e] 1.23/2.46/1.05/0.49  emits 0.26  spf 71.7  z0 0.81  garr 92.4  tG 558  e2 0.05  nF 2.1  pS 0.25  ptS 0.23  fLog 0.64  pdΔ -0.2538  pkR 8.64  clip 0.07  kl +0.001
upd   81  steps  167936  sps 1575  opp symm  loss -0.038  pg -0.0273  v 0.010  ev +0.95  adv_std 0.137  tR -1.00  ent[s/d/p/e] 1.45/2.42/1.11/0.50  emits 0.30  spf 78.9  z0 0.78  garr 97.9  tG 663  e2 0.05  nF 2.5  pS 0.29  ptS 0.28  fLog 0.66  pdΔ -0.2091  pkR 7.97  clip 0.06  kl +0.002
upd   82  steps  169984  sps 1584  opp symm  loss -0.018  pg -0.0083  v 0.010  ev +0.95  adv_std 0.140  tR -0.33  ent[s/d/p/e] 1.49/2.40/1.08/0.53  emits 0.32  spf 86.2  z0 0.78  garr 101.9  tG 728  e2 0.06  nF 2.6  pS 0.31  ptS 0.30  fLog 0.67  pdΔ -0.1912  pkR 5.77  clip 0.08  kl +0.002
upd   83  steps  172032  sps 1594  opp symm  loss +0.000  pg +0.0113  v 0.009  ev +0.96  adv_std 0.135  tR +0.00  ent[s/d/p/e] 1.60/2.46/1.10/0.54  emits 0.32  spf 91.7  z0 0.78  garr 104.1  tG 805  e2 0.07  nF 2.6  pS 0.33  ptS 0.32  fLog 0.68  pdΔ -0.1713  pkR 5.80  clip 0.07  kl +0.001
upd   84  steps  174080  sps 1603  opp symm  loss -0.019  pg -0.0067  v 0.007  ev +0.97  adv_std 0.114  tR +1.00  ent[s/d/p/e] 1.62/2.38/1.08/0.50  emits 0.32  spf 96.3  z0 0.77  garr 105.2  tG 829  e2 0.06  nF 2.7  pS 0.33  ptS 0.32  fLog 0.69  pdΔ -0.1707  pkR 5.40  clip 0.08  kl +0.003
upd   85  steps  176128  sps 1612  opp symm  loss -0.032  pg -0.0226  v 0.011  ev +0.95  adv_std 0.146  tR +0.00  ent[s/d/p/e] 1.54/2.38/1.08/0.53  emits 0.29  spf 94.8  z0 0.79  garr 105.3  tG 824  e2 0.05  nF 2.5  pS 0.33  ptS 0.32  fLog 0.68  pdΔ -0.1736  pkR 4.14  clip 0.07  kl +0.002
upd   86  steps  178176  sps 1621  opp symm  loss -0.009  pg +0.0004  v 0.012  ev +0.95  adv_std 0.149  tR -0.33  ent[s/d/p/e] 1.55/2.42/1.06/0.49  emits 0.28  spf 97.5  z0 0.79  garr 108.8  tG 862  e2 0.06  nF 2.5  pS 0.33  ptS 0.32  fLog 0.70  pdΔ -0.1673  pkR 4.39  clip 0.06  kl +0.002
upd   87  steps  180224  sps 1630  opp symm  loss +0.012  pg +0.0218  v 0.010  ev +0.96  adv_std 0.140  tR +0.00  ent[s/d/p/e] 1.52/2.40/1.09/0.51  emits 0.33  spf 108.1  z0 0.77  garr 111.5  tG 895  e2 0.07  nF 2.5  pS 0.35  ptS 0.33  fLog 0.71  pdΔ -0.1536  pkR 4.56  clip 0.05  kl +0.003
upd   88  steps  182272  sps 1639  opp symm  loss -0.023  pg -0.0109  v 0.007  ev +0.98  adv_std 0.115  tR +1.00  ent[s/d/p/e] 1.54/2.40/1.13/0.53  emits 0.30  spf 99.5  z0 0.78  garr 110.9  tG 903  e2 0.06  nF 2.6  pS 0.36  ptS 0.34  fLog 0.70  pdΔ -0.1411  pkR 4.78  clip 0.06  kl +0.003
upd   89  steps  184320  sps 1648  opp symm  loss -0.040  pg -0.0275  v 0.007  ev +0.98  adv_std 0.110  tR +1.00  ent[s/d/p/e] 1.65/2.41/1.14/0.49  emits 0.28  spf 108.9  z0 0.80  garr 119.4  tG 985  e2 0.05  nF 2.5  pS 0.36  ptS 0.35  fLog 0.72  pdΔ -0.1357  pkR 4.22  clip 0.07  kl +0.002
upd   90  steps  186368  sps 1657  opp symm  loss -0.014  pg -0.0043  v 0.012  ev +0.96  adv_std 0.155  tR -0.50  ent[s/d/p/e] 1.59/2.40/1.15/0.54  emits 0.29  spf 107.3  z0 0.79  garr 119.5  tG 1014  e2 0.06  nF 2.4  pS 0.36  ptS 0.35  fLog 0.71  pdΔ -0.1386  pkR 3.78  clip 0.13  kl +0.007
upd   91  steps  188416  sps 1665  opp symm  loss +0.022  pg +0.0325  v 0.009  ev +0.97  adv_std 0.132  tR +0.33  ent[s/d/p/e] 1.56/2.41/1.21/0.46  emits 0.28  spf 108.4  z0 0.80  garr 115.3  tG 952  e2 0.05  nF 2.2  pS 0.34  ptS 0.33  fLog 0.71  pdΔ -0.1582  pkR 4.48  clip 0.10  kl +0.002
upd   92  steps  190464  sps 1674  opp symm  loss -0.030  pg -0.0212  v 0.013  ev +0.96  adv_std 0.164  tR -1.00  ent[s/d/p/e] 1.51/2.36/1.21/0.49  emits 0.25  spf 106.8  z0 0.82  garr 116.8  tG 957  e2 0.04  nF 2.3  pS 0.34  ptS 0.32  fLog 0.70  pdΔ -0.1590  pkR 5.28  clip 0.04  kl +0.001
upd   93  steps  192512  sps 1682  opp symm  loss +0.025  pg +0.0276  v 0.022  ev +0.91  adv_std 0.212  tR +0.03  ent[s/d/p/e] 1.19/2.26/1.17/0.43  emits 0.20  spf 88.4  z0 0.84  garr 80.9  tG 558  e2 0.03  nF 1.9  pS 0.23  ptS 0.22  fLog 0.66  pdΔ -0.2683  pkR 9.89  clip 0.04  kl +0.002
upd   94  steps  194560  sps 1690  opp symm  loss +0.005  pg +0.0120  v 0.012  ev +0.94  adv_std 0.159  tR +1.00  ent[s/d/p/e] 1.05/2.26/1.12/0.38  emits 0.21  spf 72.1  z0 0.85  garr 67.6  tG 363  e2 0.04  nF 2.1  pS 0.20  ptS 0.19  fLog 0.64  pdΔ -0.3010  pkR 7.46  clip 0.08  kl +0.004
upd   95  steps  196608  sps 1699  opp symm  loss -0.016  pg -0.0070  v 0.010  ev +0.95  adv_std 0.144  tR -1.00  ent[s/d/p/e] 1.00/2.32/1.15/0.44  emits 0.21  spf 67.0  z0 0.85  garr 77.8  tG 432  e2 0.04  nF 2.2  pS 0.23  ptS 0.21  fLog 0.64  pdΔ -0.2737  pkR 6.15  clip 0.05  kl +0.001
upd   96  steps  198656  sps 1707  opp symm  loss -0.015  pg -0.0055  v 0.010  ev +0.96  adv_std 0.142  tR -1.00  ent[s/d/p/e] 1.17/2.29/1.15/0.46  emits 0.25  spf 72.6  z0 0.81  garr 89.9  tG 566  e2 0.04  nF 2.6  pS 0.27  ptS 0.25  fLog 0.65  pdΔ -0.2305  pkR 5.60  clip 0.04  kl +0.001
upd   97  steps  200704  sps 1715  opp symm  loss -0.008  pg +0.0012  v 0.009  ev +0.97  adv_std 0.135  tR +0.00  ent[s/d/p/e] 1.33/2.28/1.13/0.42  emits 0.23  spf 84.7  z0 0.83  garr 106.3  tG 704  e2 0.04  nF 2.5  pS 0.29  ptS 0.28  fLog 0.67  pdΔ -0.2059  pkR 4.76  clip 0.08  kl +0.003
upd   98  steps  202752  sps 1723  opp symm  loss +0.019  pg +0.0297  v 0.008  ev +0.97  adv_std 0.128  tR -1.00  ent[s/d/p/e] 1.44/2.37/1.07/0.45  emits 0.24  spf 93.6  z0 0.83  garr 120.3  tG 846  e2 0.05  nF 2.4  pS 0.32  ptS 0.30  fLog 0.69  pdΔ -0.1827  pkR 4.29  clip 0.03  kl +0.000
[eval_vs_v20] u99 tag=train_u99  bin0=0.0%  spf=0.00  garr=128.50  flip=0.00%  z0=71.9%  e8=0.0%  e2+=0.0%  WLD=0/3/0
upd   99  steps  204800  sps 1731  opp symm  loss -0.019  pg -0.0086  v 0.008  ev +0.97  adv_std 0.125  tR +0.00  ent[s/d/p/e] 1.51/2.33/1.09/0.43  emits 0.23  spf 101.7  z0 0.82  garr 137.5  tG 1039  e2 0.04  nF 2.2  pS 0.34  ptS 0.32  fLog 0.70  pdΔ -0.1614  pkR 4.52  clip 0.05  kl +0.001 WRr 1.00 v20[spf 0.0 flip 0.0% e2+ 0.0%]
upd  100  steps  206848  sps 939  opp symm  loss -0.033  pg -0.0213  v 0.007  ev +0.98  adv_std 0.109  tR -0.33  ent[s/d/p/e] 1.53/2.33/1.13/0.42  emits 0.20  spf 107.3  z0 0.84  garr 152.1  tG 1190  e2 0.03  nF 1.9  pS 0.35  ptS 0.33  fLog 0.70  pdΔ -0.1509  pkR 5.01  clip 0.04  kl +0.002
upd  101  steps  208896  sps 946  opp symm  loss -0.045  pg -0.0338  v 0.008  ev +0.97  adv_std 0.125  tR +0.50  ent[s/d/p/e] 1.57/2.36/1.10/0.48  emits 0.24  spf 113.2  z0 0.82  garr 164.8  tG 1292  e2 0.04  nF 2.1  pS 0.35  ptS 0.33  fLog 0.71  pdΔ -0.1523  pkR 4.61  clip 0.08  kl +0.003
upd  102  steps  210944  sps 952  opp symm  loss -0.041  pg -0.0283  v 0.005  ev +0.98  adv_std 0.097  tR -0.50  ent[s/d/p/e] 1.57/2.39/1.09/0.44  emits 0.22  spf 118.6  z0 0.83  garr 167.1  tG 1302  e2 0.04  nF 2.0  pS 0.34  ptS 0.32  fLog 0.71  pdΔ -0.1594  pkR 4.79  clip 0.06  kl -0.001
upd  103  steps  212992  sps 959  opp symm  loss -0.051  pg -0.0385  v 0.006  ev +0.97  adv_std 0.109  tR -1.00  ent[s/d/p/e] 1.62/2.38/1.12/0.48  emits 0.24  spf 118.7  z0 0.82  garr 166.2  tG 1371  e2 0.04  nF 2.2  pS 0.36  ptS 0.33  fLog 0.71  pdΔ -0.1446  pkR 4.63  clip 0.06  kl +0.002
upd  104  steps  215040  sps 965  opp symm  loss -0.018  pg -0.0076  v 0.009  ev +0.96  adv_std 0.131  tR -0.33  ent[s/d/p/e] 1.62/2.38/1.17/0.45  emits 0.23  spf 134.9  z0 0.83  garr 172.4  tG 1505  e2 0.05  nF 2.1  pS 0.38  ptS 0.36  fLog 0.73  pdΔ -0.1229  pkR 4.70  clip 0.06  kl +0.003
upd  105  steps  217088  sps 971  opp symm  loss -0.068  pg -0.0568  v 0.009  ev +0.96  adv_std 0.130  tR +0.00  ent[s/d/p/e] 1.71/2.34/1.14/0.52  emits 0.28  spf 144.4  z0 0.80  garr 178.5  tG 1633  e2 0.05  nF 2.2  pS 0.40  ptS 0.38  fLog 0.74  pdΔ -0.1012  pkR 4.68  clip 0.09  kl +0.004
upd  106  steps  219136  sps 978  opp symm  loss -0.043  pg -0.0306  v 0.006  ev +0.98  adv_std 0.099  tR +0.00  ent[s/d/p/e] 1.71/2.29/1.12/0.47  emits 0.27  spf 144.0  z0 0.80  garr 188.5  tG 1810  e2 0.05  nF 2.3  pS 0.41  ptS 0.40  fLog 0.73  pdΔ -0.0864  pkR 4.97  clip 0.11  kl +0.001
upd  107  steps  221184  sps 984  opp symm  loss -0.060  pg -0.0495  v 0.010  ev +0.95  adv_std 0.141  tR +0.00  ent[s/d/p/e] 1.68/2.30/1.20/0.50  emits 0.25  spf 149.2  z0 0.81  garr 192.4  tG 1814  e2 0.05  nF 2.0  pS 0.40  ptS 0.38  fLog 0.74  pdΔ -0.1013  pkR 5.50  clip 0.07  kl +0.004
upd  108  steps  223232  sps 990  opp symm  loss -0.039  pg -0.0351  v 0.022  ev +0.92  adv_std 0.219  tR +0.14  ent[s/d/p/e] 1.69/2.25/1.10/0.47  emits 0.26  spf 150.3  z0 0.81  garr 188.8  tG 1777  e2 0.05  nF 1.9  pS 0.38  ptS 0.37  fLog 0.73  pdΔ -0.1151  pkR 6.13  clip 0.04  kl +0.002
upd  109  steps  225280  sps 996  opp symm  loss -0.041  pg -0.0319  v 0.009  ev +0.95  adv_std 0.128  tR +1.00  ent[s/d/p/e] 1.22/2.12/1.16/0.39  emits 0.19  spf 103.2  z0 0.85  garr 98.5  tG 748  e2 0.04  nF 1.5  pS 0.23  ptS 0.23  fLog 0.67  pdΔ -0.2662  pkR 9.20  clip 0.05  kl +0.000
upd  110  steps  227328  sps 1003  opp symm  loss -0.047  pg -0.0387  v 0.012  ev +0.93  adv_std 0.156  tR +0.50  ent[s/d/p/e] 1.24/2.22/1.17/0.41  emits 0.20  spf 88.0  z0 0.84  garr 108.9  tG 792  e2 0.03  nF 1.7  pS 0.26  ptS 0.25  fLog 0.66  pdΔ -0.2434  pkR 6.77  clip 0.05  kl +0.001
upd  111  steps  229376  sps 1009  opp symm  loss -0.062  pg -0.0524  v 0.010  ev +0.95  adv_std 0.144  tR +1.00  ent[s/d/p/e] 1.30/2.32/1.15/0.47  emits 0.23  spf 104.0  z0 0.82  garr 121.9  tG 876  e2 0.04  nF 1.9  pS 0.28  ptS 0.27  fLog 0.68  pdΔ -0.2208  pkR 6.04  clip 0.06  kl +0.001
upd  112  steps  231424  sps 1015  opp symm  loss +0.014  pg +0.0241  v 0.008  ev +0.97  adv_std 0.123  tR +0.00  ent[s/d/p/e] 1.34/2.26/1.11/0.45  emits 0.25  spf 92.6  z0 0.81  garr 128.6  tG 970  e2 0.04  nF 2.1  pS 0.31  ptS 0.29  fLog 0.67  pdΔ -0.1929  pkR 5.57  clip 0.06  kl +0.001
upd  113  steps  233472  sps 1021  opp symm  loss -0.022  pg -0.0145  v 0.013  ev +0.93  adv_std 0.162  tR +0.20  ent[s/d/p/e] 1.40/2.17/1.06/0.51  emits 0.26  spf 89.1  z0 0.81  garr 136.1  tG 1019  e2 0.05  nF 2.3  pS 0.32  ptS 0.30  fLog 0.66  pdΔ -0.1770  pkR 5.40  clip 0.09  kl +0.005
upd  114  steps  235520  sps 1027  opp symm  loss -0.001  pg +0.0071  v 0.012  ev +0.94  adv_std 0.154  tR -1.00  ent[s/d/p/e] 1.50/2.12/1.02/0.49  emits 0.29  spf 88.0  z0 0.78  garr 145.0  tG 1104  e2 0.06  nF 2.9  pS 0.34  ptS 0.32  fLog 0.67  pdΔ -0.1553  pkR 5.57  clip 0.09  kl +0.002
upd  115  steps  237568  sps 1033  opp symm  loss -0.020  pg -0.0097  v 0.008  ev +0.96  adv_std 0.125  tR +1.00  ent[s/d/p/e] 1.61/2.21/0.98/0.52  emits 0.31  spf 87.3  z0 0.77  garr 155.6  tG 1199  e2 0.06  nF 2.9  pS 0.36  ptS 0.34  fLog 0.66  pdΔ -0.1402  pkR 5.39  clip 0.07  kl +0.002
upd  116  steps  239616  sps 1039  opp symm  loss -0.016  pg -0.0055  v 0.007  ev +0.96  adv_std 0.113  tR +1.00  ent[s/d/p/e] 1.64/2.19/0.98/0.49  emits 0.28  spf 97.2  z0 0.80  garr 169.0  tG 1293  e2 0.05  nF 2.5  pS 0.37  ptS 0.35  fLog 0.67  pdΔ -0.1301  pkR 5.22  clip 0.06  kl +0.002
upd  117  steps  241664  sps 1045  opp symm  loss +0.026  pg +0.0327  v 0.015  ev +0.93  adv_std 0.176  tR -0.50  ent[s/d/p/e] 1.66/2.20/1.00/0.53  emits 0.30  spf 97.4  z0 0.79  garr 164.8  tG 1259  e2 0.06  nF 2.3  pS 0.37  ptS 0.35  fLog 0.68  pdΔ -0.1316  pkR 4.43  clip 0.11  kl +0.006
upd  118  steps  243712  sps 1051  opp symm  loss -0.038  pg -0.0290  v 0.011  ev +0.95  adv_std 0.152  tR +1.00  ent[s/d/p/e] 1.65/2.21/0.95/0.45  emits 0.25  spf 98.0  z0 0.82  garr 164.5  tG 1258  e2 0.04  nF 2.5  pS 0.36  ptS 0.35  fLog 0.67  pdΔ -0.1394  pkR 3.29  clip 0.09  kl +0.002
upd  119  steps  245760  sps 1057  opp symm  loss -0.042  pg -0.0320  v 0.009  ev +0.97  adv_std 0.132  tR -0.33  ent[s/d/p/e] 1.66/2.30/0.96/0.51  emits 0.23  spf 110.5  z0 0.83  garr 173.9  tG 1358  e2 0.04  nF 2.2  pS 0.36  ptS 0.35  fLog 0.69  pdΔ -0.1361  pkR 3.24  clip 0.09  kl +0.009
upd  120  steps  247808  sps 1063  opp symm  loss -0.053  pg -0.0409  v 0.006  ev +0.98  adv_std 0.107  tR +1.00  ent[s/d/p/e] 1.69/2.26/0.95/0.52  emits 0.30  spf 108.7  z0 0.79  garr 166.8  tG 1358  e2 0.06  nF 2.4  pS 0.36  ptS 0.35  fLog 0.69  pdΔ -0.1374  pkR 3.88  clip 0.05  kl +0.001
upd  121  steps  249856  sps 1069  opp symm  loss -0.029  pg -0.0207  v 0.012  ev +0.96  adv_std 0.155  tR +1.00  ent[s/d/p/e] 1.66/2.24/0.98/0.50  emits 0.31  spf 117.0  z0 0.79  garr 161.5  tG 1362  e2 0.07  nF 3.0  pS 0.37  ptS 0.36  fLog 0.69  pdΔ -0.1278  pkR 4.07  clip 0.06  kl +0.002
upd  122  steps  251904  sps 1074  opp symm  loss +0.017  pg +0.0242  v 0.013  ev +0.95  adv_std 0.164  tR -0.50  ent[s/d/p/e] 1.63/2.19/0.90/0.52  emits 0.31  spf 116.7  z0 0.79  garr 143.6  tG 1308  e2 0.06  nF 3.0  pS 0.38  ptS 0.37  fLog 0.68  pdΔ -0.1233  pkR 4.29  clip 0.03  kl +0.002
upd  123  steps  253952  sps 1080  opp symm  loss -0.006  pg +0.0037  v 0.009  ev +0.97  adv_std 0.127  tR +0.50  ent[s/d/p/e] 1.64/2.21/0.93/0.50  emits 0.33  spf 110.0  z0 0.77  garr 137.0  tG 1277  e2 0.07  nF 3.3  pS 0.37  ptS 0.36  fLog 0.68  pdΔ -0.1301  pkR 4.73  clip 0.05  kl +0.000
upd  124  steps  256000  sps 1086  opp symm  loss -0.040  pg -0.0352  v 0.018  ev +0.94  adv_std 0.190  tR +0.42  ent[s/d/p/e] 1.54/2.18/0.98/0.45  emits 0.23  spf 105.2  z0 0.83  garr 107.4  tG 933  e2 0.04  nF 2.4  pS 0.29  ptS 0.29  fLog 0.67  pdΔ -0.2067  pkR 7.09  clip 0.06  kl +0.003
upd  125  steps  258048  sps 1092  opp symm  loss -0.064  pg -0.0540  v 0.007  ev +0.97  adv_std 0.120  tR +0.00  ent[s/d/p/e] 1.31/2.11/1.02/0.46  emits 0.24  spf 79.3  z0 0.82  garr 92.7  tG 668  e2 0.04  nF 2.0  pS 0.24  ptS 0.24  fLog 0.64  pdΔ -0.2555  pkR 9.37  clip 0.04  kl +0.003
upd  126  steps  260096  sps 1097  opp symm  loss -0.043  pg -0.0329  v 0.008  ev +0.97  adv_std 0.127  tR +0.33  ent[s/d/p/e] 1.44/2.16/1.02/0.52  emits 0.27  spf 80.6  z0 0.80  garr 98.3  tG 717  e2 0.05  nF 2.4  pS 0.27  ptS 0.27  fLog 0.64  pdΔ -0.2256  pkR 8.97  clip 0.07  kl +0.005
upd  127  steps  262144  sps 1103  opp symm  loss -0.047  pg -0.0374  v 0.010  ev +0.96  adv_std 0.148  tR -0.20  ent[s/d/p/e] 1.51/2.15/1.01/0.52  emits 0.33  spf 83.2  z0 0.77  garr 107.0  tG 796  e2 0.06  nF 2.8  pS 0.30  ptS 0.30  fLog 0.66  pdΔ -0.1975  pkR 7.57  clip 0.05  kl +0.002
upd  128  steps  264192  sps 1108  opp symm  loss +0.012  pg +0.0184  v 0.015  ev +0.94  adv_std 0.177  tR -0.50  ent[s/d/p/e] 1.56/2.14/1.01/0.51  emits 0.33  spf 79.0  z0 0.77  garr 112.6  tG 851  e2 0.07  nF 2.9  pS 0.32  ptS 0.32  fLog 0.65  pdΔ -0.1790  pkR 6.57  clip 0.07  kl +0.000
upd  129  steps  266240  sps 1114  opp symm  loss -0.018  pg -0.0073  v 0.008  ev +0.97  adv_std 0.125  tR +0.33  ent[s/d/p/e] 1.53/2.03/1.05/0.52  emits 0.29  spf 74.5  z0 0.78  garr 109.4  tG 834  e2 0.05  nF 2.7  pS 0.33  ptS 0.32  fLog 0.65  pdΔ -0.1744  pkR 5.49  clip 0.08  kl +0.003
upd  130  steps  268288  sps 1120  opp symm  loss +0.007  pg +0.0176  v 0.008  ev +0.97  adv_std 0.125  tR +0.00  ent[s/d/p/e] 1.63/2.07/1.09/0.47  emits 0.29  spf 85.4  z0 0.78  garr 117.8  tG 966  e2 0.05  nF 2.6  pS 0.35  ptS 0.34  fLog 0.66  pdΔ -0.1514  pkR 3.10  clip 0.09  kl +0.005
upd  131  steps  270336  sps 1125  opp symm  loss -0.040  pg -0.0293  v 0.008  ev +0.97  adv_std 0.127  tR +0.00  ent[s/d/p/e] 1.65/2.13/1.14/0.50  emits 0.27  spf 97.5  z0 0.80  garr 134.9  tG 1128  e2 0.05  nF 2.7  pS 0.36  ptS 0.36  fLog 0.69  pdΔ -0.1354  pkR 3.23  clip 0.04  kl +0.000
upd  132  steps  272384  sps 1131  opp symm  loss -0.031  pg -0.0187  v 0.004  ev +0.99  adv_std 0.081  tR +0.50  ent[s/d/p/e] 1.59/2.04/1.16/0.47  emits 0.25  spf 116.5  z0 0.81  garr 139.1  tG 1170  e2 0.05  nF 2.3  pS 0.35  ptS 0.35  fLog 0.72  pdΔ -0.1460  pkR 3.36  clip 0.06  kl +0.000
upd  133  steps  274432  sps 1136  opp symm  loss -0.048  pg -0.0362  v 0.006  ev +0.98  adv_std 0.101  tR -0.50  ent[s/d/p/e] 1.56/1.99/1.14/0.48  emits 0.29  spf 126.6  z0 0.80  garr 141.2  tG 1186  e2 0.06  nF 2.1  pS 0.35  ptS 0.34  fLog 0.73  pdΔ -0.1528  pkR 4.14  clip 0.05  kl +0.001
upd  134  steps  276480  sps 1141  opp symm  loss -0.023  pg -0.0125  v 0.007  ev +0.97  adv_std 0.122  tR +1.00  ent[s/d/p/e] 1.63/1.99/1.12/0.46  emits 0.26  spf 141.3  z0 0.80  garr 144.0  tG 1256  e2 0.05  nF 2.2  pS 0.36  ptS 0.35  fLog 0.73  pdΔ -0.1390  pkR 4.00  clip 0.04  kl -0.001
upd  135  steps  278528  sps 1147  opp symm  loss +0.023  pg +0.0321  v 0.010  ev +0.96  adv_std 0.148  tR +0.33  ent[s/d/p/e] 1.69/1.97/1.10/0.46  emits 0.27  spf 117.9  z0 0.80  garr 146.6  tG 1279  e2 0.06  nF 2.4  pS 0.36  ptS 0.35  fLog 0.71  pdΔ -0.1368  pkR 3.88  clip 0.04  kl +0.001
upd  136  steps  280576  sps 1152  opp symm  loss +0.000  pg +0.0077  v 0.014  ev +0.95  adv_std 0.165  tR -0.33  ent[s/d/p/e] 1.64/2.02/1.11/0.46  emits 0.27  spf 119.4  z0 0.81  garr 151.1  tG 1317  e2 0.05  nF 2.2  pS 0.36  ptS 0.35  fLog 0.71  pdΔ -0.1362  pkR 4.23  clip 0.04  kl +0.001
upd  137  steps  282624  sps 1158  opp symm  loss -0.046  pg -0.0374  v 0.012  ev +0.96  adv_std 0.155  tR +0.00  ent[s/d/p/e] 1.73/2.04/1.05/0.46  emits 0.24  spf 134.5  z0 0.83  garr 167.5  tG 1470  e2 0.05  nF 1.9  pS 0.36  ptS 0.35  fLog 0.73  pdΔ -0.1413  pkR 4.22  clip 0.03  kl +0.001
upd  138  steps  284672  sps 1163  opp symm  loss -0.014  pg -0.0036  v 0.007  ev +0.98  adv_std 0.112  tR -0.67  ent[s/d/p/e] 1.58/1.99/1.07/0.44  emits 0.25  spf 131.0  z0 0.81  garr 169.8  tG 1500  e2 0.04  nF 2.0  pS 0.35  ptS 0.34  fLog 0.71  pdΔ -0.1501  pkR 4.27  clip 0.05  kl +0.001
upd  139  steps  286720  sps 1168  opp symm  loss +0.006  pg +0.0163  v 0.009  ev +0.96  adv_std 0.134  tR +0.00  ent[s/d/p/e] 1.61/2.05/1.12/0.48  emits 0.25  spf 123.3  z0 0.81  garr 178.0  tG 1619  e2 0.05  nF 2.0  pS 0.36  ptS 0.35  fLog 0.71  pdΔ -0.1393  pkR 4.04  clip 0.04  kl +0.001
upd  140  steps  288768  sps 1173  opp symm  loss -0.043  pg -0.0343  v 0.009  ev +0.95  adv_std 0.131  tR +0.38  ent[s/d/p/e] 1.38/1.93/1.13/0.42  emits 0.22  spf 97.1  z0 0.83  garr 122.7  tG 959  e2 0.04  nF 1.9  pS 0.26  ptS 0.25  fLog 0.65  pdΔ -0.2433  pkR 6.87  clip 0.04  kl +0.000
upd  141  steps  290816  sps 1179  opp symm  loss -0.036  pg -0.0267  v 0.009  ev +0.95  adv_std 0.135  tR -0.33  ent[s/d/p/e] 1.41/1.96/1.15/0.47  emits 0.25  spf 88.8  z0 0.81  garr 123.2  tG 941  e2 0.05  nF 2.3  pS 0.27  ptS 0.27  fLog 0.66  pdΔ -0.2283  pkR 6.92  clip 0.04  kl +0.002
upd  142  steps  292864  sps 1184  opp symm  loss -0.048  pg -0.0404  v 0.013  ev +0.92  adv_std 0.164  tR +1.00  ent[s/d/p/e] 1.46/1.97/1.08/0.44  emits 0.23  spf 104.6  z0 0.82  garr 124.8  tG 926  e2 0.04  nF 2.3  pS 0.28  ptS 0.28  fLog 0.66  pdΔ -0.2208  pkR 7.81  clip 0.05  kl +0.001
upd  143  steps  294912  sps 1189  opp symm  loss -0.061  pg -0.0529  v 0.013  ev +0.94  adv_std 0.166  tR +0.33  ent[s/d/p/e] 1.50/1.98/1.06/0.50  emits 0.31  spf 86.2  z0 0.79  garr 117.7  tG 872  e2 0.06  nF 2.6  pS 0.30  ptS 0.29  fLog 0.66  pdΔ -0.2015  pkR 7.50  clip 0.07  kl +0.003
upd  144  steps  296960  sps 1194  opp symm  loss -0.016  pg -0.0056  v 0.007  ev +0.98  adv_std 0.110  tR +0.00  ent[s/d/p/e] 1.60/1.95/1.02/0.46  emits 0.29  spf 82.9  z0 0.80  garr 120.1  tG 881  e2 0.06  nF 3.0  pS 0.31  ptS 0.31  fLog 0.65  pdΔ -0.1879  pkR 5.69  clip 0.10  kl +0.003
upd  145  steps  299008  sps 1199  opp symm  loss +0.008  pg +0.0165  v 0.011  ev +0.96  adv_std 0.145  tR -0.50  ent[s/d/p/e] 1.62/1.93/1.01/0.49  emits 0.30  spf 90.7  z0 0.79  garr 125.4  tG 981  e2 0.06  nF 2.9  pS 0.32  ptS 0.33  fLog 0.66  pdΔ -0.1758  pkR 5.82  clip 0.03  kl +0.000
upd  146  steps  301056  sps 1204  opp symm  loss -0.052  pg -0.0414  v 0.008  ev +0.97  adv_std 0.122  tR -1.00  ent[s/d/p/e] 1.70/1.91/1.00/0.51  emits 0.33  spf 99.6  z0 0.79  garr 138.4  tG 1167  e2 0.07  nF 3.0  pS 0.35  ptS 0.35  fLog 0.68  pdΔ -0.1510  pkR 5.70  clip 0.09  kl +0.004
upd  147  steps  303104  sps 1209  opp symm  loss -0.024  pg -0.0149  v 0.011  ev +0.97  adv_std 0.141  tR +0.50  ent[s/d/p/e] 1.70/1.87/1.02/0.50  emits 0.35  spf 92.8  z0 0.76  garr 148.9  tG 1286  e2 0.07  nF 3.1  pS 0.36  ptS 0.36  fLog 0.67  pdΔ -0.1381  pkR 5.21  clip 0.09  kl +0.005
upd  148  steps  305152  sps 1214  opp symm  loss -0.053  pg -0.0417  v 0.007  ev +0.98  adv_std 0.110  tR +0.50  ent[s/d/p/e] 1.77/1.88/1.04/0.52  emits 0.40  spf 113.6  z0 0.77  garr 151.1  tG 1288  e2 0.08  nF 3.8  pS 0.36  ptS 0.37  fLog 0.69  pdΔ -0.1352  pkR 5.27  clip 0.06  kl -0.000
upd  149  steps  307200  sps 1219  opp symm  loss -0.036  pg -0.0257  v 0.008  ev +0.98  adv_std 0.118  tR -0.33  ent[s/d/p/e] 1.77/1.81/0.96/0.50  emits 0.37  spf 98.3  z0 0.77  garr 150.9  tG 1268  e2 0.08  nF 3.5  pS 0.36  ptS 0.37  fLog 0.67  pdΔ -0.1376  pkR 5.92  clip 0.06  kl +0.003
upd  150  steps  309248  sps 1224  opp symm  loss -0.048  pg -0.0401  v 0.013  ev +0.96  adv_std 0.161  tR -0.33  ent[s/d/p/e] 1.79/1.89/1.03/0.52  emits 0.37  spf 122.0  z0 0.76  garr 151.9  tG 1311  e2 0.07  nF 3.7  pS 0.37  ptS 0.38  fLog 0.69  pdΔ -0.1260  pkR 6.44  clip 0.10  kl +0.004
upd  151  steps  311296  sps 1229  opp symm  loss -0.047  pg -0.0354  v 0.007  ev +0.98  adv_std 0.114  tR +0.00  ent[s/d/p/e] 1.73/1.94/1.08/0.49  emits 0.33  spf 114.9  z0 0.78  garr 147.1  tG 1302  e2 0.07  nF 3.4  pS 0.38  ptS 0.38  fLog 0.70  pdΔ -0.1221  pkR 5.03  clip 0.07  kl -0.000
upd  152  steps  313344  sps 1234  opp symm  loss -0.032  pg -0.0211  v 0.008  ev +0.98  adv_std 0.123  tR -0.33  ent[s/d/p/e] 1.75/1.96/1.08/0.52  emits 0.35  spf 110.3  z0 0.77  garr 144.4  tG 1282  e2 0.07  nF 3.0  pS 0.38  ptS 0.38  fLog 0.70  pdΔ -0.1210  pkR 5.13  clip 0.07  kl +0.001
upd  153  steps  315392  sps 1239  opp symm  loss -0.053  pg -0.0405  v 0.005  ev +0.99  adv_std 0.088  tR +0.43  ent[s/d/p/e] 1.68/1.97/1.09/0.48  emits 0.30  spf 105.4  z0 0.80  garr 145.5  tG 1253  e2 0.06  nF 2.9  pS 0.35  ptS 0.35  fLog 0.68  pdΔ -0.1451  pkR 5.65  clip 0.08  kl +0.002
upd  154  steps  317440  sps 1244  opp symm  loss -0.001  pg +0.0062  v 0.014  ev +0.95  adv_std 0.165  tR +0.60  ent[s/d/p/e] 1.65/2.04/1.12/0.48  emits 0.31  spf 103.5  z0 0.81  garr 142.9  tG 1186  e2 0.07  nF 3.0  pS 0.33  ptS 0.33  fLog 0.69  pdΔ -0.1679  pkR 4.21  clip 0.05  kl +0.001
upd  155  steps  319488  sps 1249  opp symm  loss -0.003  pg +0.0020  v 0.018  ev +0.93  adv_std 0.187  tR +0.47  ent[s/d/p/e] 1.54/2.07/1.10/0.44  emits 0.27  spf 90.6  z0 0.81  garr 127.7  tG 932  e2 0.05  nF 2.5  pS 0.28  ptS 0.28  fLog 0.67  pdΔ -0.2185  pkR 5.83  clip 0.05  kl +0.003
upd  156  steps  321536  sps 1254  opp symm  loss -0.002  pg +0.0072  v 0.010  ev +0.96  adv_std 0.142  tR -0.20  ent[s/d/p/e] 1.34/2.05/1.17/0.41  emits 0.23  spf 91.4  z0 0.83  garr 109.8  tG 710  e2 0.04  nF 2.4  pS 0.25  ptS 0.24  fLog 0.67  pdΔ -0.2498  pkR 6.71  clip 0.05  kl +0.000
upd  157  steps  323584  sps 1259  opp symm  loss -0.055  pg -0.0456  v 0.009  ev +0.95  adv_std 0.132  tR +1.00  ent[s/d/p/e] 1.39/2.12/1.13/0.41  emits 0.23  spf 79.6  z0 0.84  garr 116.4  tG 769  e2 0.05  nF 2.1  pS 0.26  ptS 0.25  fLog 0.66  pdΔ -0.2358  pkR 6.47  clip 0.04  kl +0.000
upd  158  steps  325632  sps 1263  opp symm  loss -0.054  pg -0.0488  v 0.019  ev +0.91  adv_std 0.194  tR +0.50  ent[s/d/p/e] 1.47/2.23/1.21/0.47  emits 0.25  spf 84.6  z0 0.83  garr 124.6  tG 777  e2 0.05  nF 2.4  pS 0.27  ptS 0.26  fLog 0.67  pdΔ -0.2297  pkR 5.42  clip 0.06  kl +0.005
upd  159  steps  327680  sps 1268  opp symm  loss -0.021  pg -0.0105  v 0.009  ev +0.96  adv_std 0.133  tR -1.00  ent[s/d/p/e] 1.34/2.19/1.22/0.44  emits 0.28  spf 76.8  z0 0.80  garr 123.6  tG 781  e2 0.06  nF 2.9  pS 0.28  ptS 0.27  fLog 0.66  pdΔ -0.2212  pkR 4.57  clip 0.08  kl +0.003
upd  160  steps  329728  sps 1273  opp symm  loss -0.027  pg -0.0183  v 0.012  ev +0.94  adv_std 0.157  tR -0.33  ent[s/d/p/e] 1.39/2.11/1.19/0.50  emits 0.30  spf 77.2  z0 0.81  garr 124.5  tG 831  e2 0.07  nF 3.0  pS 0.29  ptS 0.28  fLog 0.66  pdΔ -0.2062  pkR 4.47  clip 0.09  kl +0.003
upd  161  steps  331776  sps 1278  opp symm  loss -0.056  pg -0.0450  v 0.008  ev +0.96  adv_std 0.124  tR +0.00  ent[s/d/p/e] 1.45/2.09/1.22/0.45  emits 0.27  spf 79.2  z0 0.81  garr 124.5  tG 833  e2 0.05  nF 2.6  pS 0.30  ptS 0.29  fLog 0.66  pdΔ -0.1970  pkR 5.71  clip 0.09  kl +0.004
upd  162  steps  333824  sps 1282  opp symm  loss -0.075  pg -0.0663  v 0.013  ev +0.95  adv_std 0.157  tR +0.33  ent[s/d/p/e] 1.56/2.18/1.19/0.47  emits 0.26  spf 83.3  z0 0.82  garr 132.9  tG 890  e2 0.06  nF 2.5  pS 0.31  ptS 0.30  fLog 0.67  pdΔ -0.1898  pkR 5.68  clip 0.06  kl +0.002
upd  163  steps  335872  sps 1287  opp symm  loss -0.035  pg -0.0237  v 0.008  ev +0.97  adv_std 0.121  tR +1.00  ent[s/d/p/e] 1.51/2.15/1.22/0.45  emits 0.29  spf 87.0  z0 0.80  garr 126.9  tG 902  e2 0.06  nF 2.8  pS 0.32  ptS 0.31  fLog 0.68  pdΔ -0.1791  pkR 4.29  clip 0.06  kl +0.002
upd  164  steps  337920  sps 1292  opp symm  loss +0.014  pg +0.0258  v 0.006  ev +0.98  adv_std 0.106  tR -1.00  ent[s/d/p/e] 1.64/2.19/1.14/0.46  emits 0.31  spf 93.2  z0 0.80  garr 137.8  tG 1015  e2 0.07  nF 2.9  pS 0.34  ptS 0.33  fLog 0.69  pdΔ -0.1582  pkR 3.91  clip 0.06  kl +0.001
upd  165  steps  339968  sps 1296  opp symm  loss +0.011  pg +0.0204  v 0.010  ev +0.96  adv_std 0.136  tR +0.00  ent[s/d/p/e] 1.62/2.13/1.15/0.44  emits 0.24  spf 93.2  z0 0.83  garr 152.6  tG 1122  e2 0.05  nF 2.5  pS 0.35  ptS 0.34  fLog 0.69  pdΔ -0.1491  pkR 3.40  clip 0.06  kl +0.002
upd  166  steps  342016  sps 1301  opp symm  loss -0.048  pg -0.0372  v 0.008  ev +0.97  adv_std 0.125  tR +0.33  ent[s/d/p/e] 1.60/2.16/1.12/0.39  emits 0.22  spf 102.8  z0 0.84  garr 176.8  tG 1296  e2 0.04  nF 2.3  pS 0.36  ptS 0.35  fLog 0.70  pdΔ -0.1393  pkR 3.54  clip 0.05  kl +0.003
upd  167  steps  344064  sps 1305  opp symm  loss +0.012  pg +0.0228  v 0.007  ev +0.98  adv_std 0.112  tR +1.00  ent[s/d/p/e] 1.68/2.14/1.09/0.39  emits 0.22  spf 104.1  z0 0.85  garr 182.8  tG 1353  e2 0.04  nF 1.9  pS 0.35  ptS 0.34  fLog 0.70  pdΔ -0.1470  pkR 3.70  clip 0.04  kl -0.000
upd  168  steps  346112  sps 1310  opp symm  loss -0.046  pg -0.0363  v 0.009  ev +0.97  adv_std 0.137  tR -0.11  ent[s/d/p/e] 1.61/2.16/1.12/0.36  emits 0.18  spf 124.1  z0 0.87  garr 185.4  tG 1374  e2 0.03  nF 1.7  pS 0.32  ptS 0.31  fLog 0.72  pdΔ -0.1760  pkR 3.17  clip 0.03  kl +0.002
upd  169  steps  348160  sps 1314  opp symm  loss -0.041  pg -0.0295  v 0.005  ev +0.99  adv_std 0.086  tR +0.33  ent[s/d/p/e] 1.56/2.17/1.15/0.37  emits 0.20  spf 122.8  z0 0.85  garr 179.7  tG 1365  e2 0.03  nF 1.8  pS 0.31  ptS 0.30  fLog 0.72  pdΔ -0.1894  pkR 3.92  clip 0.03  kl +0.001
upd  170  steps  350208  sps 1319  opp symm  loss -0.077  pg -0.0666  v 0.007  ev +0.98  adv_std 0.117  tR +0.50  ent[s/d/p/e] 1.60/2.12/1.13/0.36  emits 0.19  spf 116.5  z0 0.87  garr 190.6  tG 1425  e2 0.03  nF 1.7  pS 0.31  ptS 0.30  fLog 0.71  pdΔ -0.1869  pkR 4.03  clip 0.04  kl +0.002
upd  171  steps  352256  sps 1323  opp symm  loss -0.070  pg -0.0625  v 0.012  ev +0.95  adv_std 0.156  tR -0.07  ent[s/d/p/e] 1.51/2.16/1.19/0.36  emits 0.19  spf 106.1  z0 0.87  garr 154.5  tG 1041  e2 0.03  nF 1.6  pS 0.26  ptS 0.25  fLog 0.70  pdΔ -0.2427  pkR 4.85  clip 0.03  kl -0.000
upd  172  steps  354304  sps 1328  opp symm  loss -0.010  pg -0.0040  v 0.016  ev +0.94  adv_std 0.180  tR -0.20  ent[s/d/p/e] 1.44/2.10/1.15/0.37  emits 0.18  spf 111.8  z0 0.87  garr 139.9  tG 894  e2 0.04  nF 1.7  pS 0.23  ptS 0.22  fLog 0.69  pdΔ -0.2656  pkR 6.04  clip 0.03  kl +0.000
upd  173  steps  356352  sps 1332  opp symm  loss +0.022  pg +0.0293  v 0.013  ev +0.95  adv_std 0.156  tR +0.00  ent[s/d/p/e] 1.29/2.16/1.15/0.39  emits 0.22  spf 92.6  z0 0.85  garr 140.8  tG 882  e2 0.04  nF 1.8  pS 0.24  ptS 0.24  fLog 0.68  pdΔ -0.2573  pkR 6.75  clip 0.04  kl +0.002
upd  174  steps  358400  sps 1337  opp symm  loss -0.013  pg -0.0060  v 0.014  ev +0.94  adv_std 0.171  tR +0.00  ent[s/d/p/e] 1.38/2.12/1.14/0.47  emits 0.25  spf 89.3  z0 0.83  garr 131.9  tG 858  e2 0.05  nF 2.3  pS 0.26  ptS 0.25  fLog 0.67  pdΔ -0.2403  pkR 7.69  clip 0.10  kl +0.003
upd  175  steps  360448  sps 1341  opp symm  loss -0.024  pg -0.0179  v 0.016  ev +0.94  adv_std 0.183  tR +0.20  ent[s/d/p/e] 1.38/2.09/1.19/0.43  emits 0.27  spf 80.8  z0 0.82  garr 134.8  tG 859  e2 0.05  nF 2.5  pS 0.27  ptS 0.26  fLog 0.66  pdΔ -0.2331  pkR 5.67  clip 0.09  kl +0.002
upd  176  steps  362496  sps 1346  opp symm  loss -0.054  pg -0.0433  v 0.008  ev +0.98  adv_std 0.125  tR +0.00  ent[s/d/p/e] 1.53/2.14/1.17/0.45  emits 0.26  spf 79.7  z0 0.84  garr 137.9  tG 819  e2 0.05  nF 2.4  pS 0.27  ptS 0.26  fLog 0.67  pdΔ -0.2281  pkR 5.60  clip 0.05  kl +0.003
upd  177  steps  364544  sps 1350  opp symm  loss -0.030  pg -0.0201  v 0.010  ev +0.97  adv_std 0.147  tR -0.33  ent[s/d/p/e] 1.51/2.19/1.17/0.44  emits 0.31  spf 81.7  z0 0.81  garr 140.6  tG 852  e2 0.06  nF 2.8  pS 0.28  ptS 0.27  fLog 0.67  pdΔ -0.2189  pkR 4.67  clip 0.09  kl +0.003
upd  178  steps  366592  sps 1354  opp symm  loss -0.013  pg -0.0040  v 0.013  ev +0.96  adv_std 0.153  tR -1.00  ent[s/d/p/e] 1.67/2.26/1.20/0.46  emits 0.33  spf 79.5  z0 0.81  garr 138.4  tG 887  e2 0.07  nF 3.2  pS 0.31  ptS 0.30  fLog 0.67  pdΔ -0.1871  pkR 4.33  clip 0.07  kl +0.000
upd  179  steps  368640  sps 1359  opp symm  loss -0.060  pg -0.0478  v 0.005  ev +0.98  adv_std 0.099  tR +0.33  ent[s/d/p/e] 1.67/2.18/1.27/0.39  emits 0.28  spf 79.4  z0 0.83  garr 150.5  tG 943  e2 0.06  nF 2.6  pS 0.31  ptS 0.29  fLog 0.67  pdΔ -0.1886  pkR 4.46  clip 0.08  kl +0.004
upd  180  steps  370688  sps 1363  opp symm  loss -0.106  pg -0.0942  v 0.006  ev +0.98  adv_std 0.106  tR +0.33  ent[s/d/p/e] 1.60/2.16/1.22/0.37  emits 0.16  spf 97.2  z0 0.89  garr 179.6  tG 1110  e2 0.02  nF 1.7  pS 0.30  ptS 0.28  fLog 0.70  pdΔ -0.2012  pkR 4.39  clip 0.04  kl +0.003
upd  181  steps  372736  sps 1367  opp symm  loss -0.054  pg -0.0419  v 0.005  ev +0.99  adv_std 0.091  tR -0.33  ent[s/d/p/e] 1.55/2.19/1.20/0.38  emits 0.19  spf 101.7  z0 0.85  garr 207.2  tG 1338  e2 0.03  nF 1.5  pS 0.32  ptS 0.29  fLog 0.70  pdΔ -0.1841  pkR 4.13  clip 0.02  kl +0.001
upd  182  steps  374784  sps 1371  opp symm  loss -0.061  pg -0.0496  v 0.006  ev +0.98  adv_std 0.106  tR +0.20  ent[s/d/p/e] 1.50/2.17/1.17/0.41  emits 0.23  spf 108.5  z0 0.83  garr 203.8  tG 1409  e2 0.04  nF 2.0  pS 0.33  ptS 0.31  fLog 0.70  pdΔ -0.1728  pkR 4.53  clip 0.05  kl +0.001
upd  183  steps  376832  sps 1376  opp symm  loss -0.034  pg -0.0223  v 0.005  ev +0.99  adv_std 0.095  tR +0.33  ent[s/d/p/e] 1.52/2.17/1.20/0.40  emits 0.24  spf 98.0  z0 0.84  garr 202.1  tG 1384  e2 0.04  nF 2.1  pS 0.33  ptS 0.31  fLog 0.68  pdΔ -0.1719  pkR 4.49  clip 0.05  kl +0.000
upd  184  steps  378880  sps 1380  opp symm  loss -0.036  pg -0.0257  v 0.008  ev +0.98  adv_std 0.127  tR +0.25  ent[s/d/p/e] 1.55/2.08/1.20/0.40  emits 0.25  spf 89.8  z0 0.84  garr 186.8  tG 1153  e2 0.05  nF 2.4  pS 0.30  ptS 0.28  fLog 0.67  pdΔ -0.2035  pkR 5.51  clip 0.04  kl +0.001
upd  185  steps  380928  sps 1384  opp symm  loss +0.016  pg +0.0267  v 0.008  ev +0.98  adv_std 0.122  tR +1.00  ent[s/d/p/e] 1.51/2.13/1.28/0.44  emits 0.26  spf 79.9  z0 0.83  garr 183.9  tG 1109  e2 0.05  nF 2.5  pS 0.29  ptS 0.28  fLog 0.66  pdΔ -0.2117  pkR 5.20  clip 0.07  kl +0.002
upd  186  steps  382976  sps 1388  opp symm  loss +0.001  pg +0.0123  v 0.007  ev +0.98  adv_std 0.116  tR +0.00  ent[s/d/p/e] 1.49/2.06/1.20/0.41  emits 0.26  spf 76.0  z0 0.84  garr 167.0  tG 1002  e2 0.05  nF 2.5  pS 0.29  ptS 0.28  fLog 0.65  pdΔ -0.2150  pkR 6.08  clip 0.05  kl +0.001
upd  187  steps  385024  sps 1392  opp symm  loss -0.068  pg -0.0571  v 0.007  ev +0.97  adv_std 0.114  tR +0.60  ent[s/d/p/e] 1.45/2.05/1.27/0.41  emits 0.25  spf 69.3  z0 0.85  garr 132.7  tG 768  e2 0.06  nF 2.2  pS 0.25  ptS 0.25  fLog 0.64  pdΔ -0.2459  pkR 7.97  clip 0.05  kl +0.002
upd  188  steps  387072  sps 1396  opp symm  loss -0.023  pg -0.0136  v 0.010  ev +0.95  adv_std 0.149  tR -1.00  ent[s/d/p/e] 1.46/2.11/1.21/0.43  emits 0.32  spf 66.8  z0 0.81  garr 135.4  tG 746  e2 0.07  nF 2.9  pS 0.25  ptS 0.24  fLog 0.63  pdΔ -0.2466  pkR 5.74  clip 0.09  kl +0.003
upd  189  steps  389120  sps 1401  opp symm  loss -0.009  pg -0.0009  v 0.013  ev +0.94  adv_std 0.163  tR -0.50  ent[s/d/p/e] 1.46/2.15/1.21/0.44  emits 0.28  spf 57.9  z0 0.82  garr 138.3  tG 805  e2 0.06  nF 3.3  pS 0.27  ptS 0.26  fLog 0.61  pdΔ -0.2272  pkR 5.08  clip 0.05  kl +0.002
upd  190  steps  391168  sps 1405  opp symm  loss -0.037  pg -0.0269  v 0.010  ev +0.95  adv_std 0.134  tR +0.00  ent[s/d/p/e] 1.53/2.18/1.24/0.43  emits 0.31  spf 66.7  z0 0.81  garr 151.2  tG 947  e2 0.06  nF 3.1  pS 0.30  ptS 0.29  fLog 0.64  pdΔ -0.1990  pkR 4.72  clip 0.06  kl +0.004
upd  191  steps  393216  sps 1409  opp symm  loss -0.007  pg +0.0018  v 0.013  ev +0.94  adv_std 0.161  tR -0.33  ent[s/d/p/e] 1.55/2.20/1.22/0.46  emits 0.41  spf 62.0  z0 0.78  garr 149.0  tG 965  e2 0.08  nF 4.0  pS 0.32  ptS 0.31  fLog 0.62  pdΔ -0.1794  pkR 4.49  clip 0.07  kl +0.004
upd  192  steps  395264  sps 1413  opp symm  loss +0.049  pg +0.0596  v 0.011  ev +0.96  adv_std 0.140  tR +0.33  ent[s/d/p/e] 1.62/2.24/1.30/0.46  emits 0.40  spf 61.5  z0 0.80  garr 160.0  tG 1073  e2 0.09  nF 4.2  pS 0.34  ptS 0.33  fLog 0.61  pdΔ -0.1576  pkR 4.52  clip 0.13  kl +0.004
upd  193  steps  397312  sps 1417  opp symm  loss -0.006  pg +0.0072  v 0.006  ev +0.98  adv_std 0.102  tR +1.00  ent[s/d/p/e] 1.71/2.32/1.26/0.47  emits 0.43  spf 63.1  z0 0.78  garr 168.8  tG 1165  e2 0.09  nF 4.5  pS 0.36  ptS 0.35  fLog 0.61  pdΔ -0.1420  pkR 4.33  clip 0.05  kl +0.003
upd  194  steps  399360  sps 1421  opp symm  loss +0.016  pg +0.0284  v 0.007  ev +0.98  adv_std 0.111  tR +0.60  ent[s/d/p/e] 1.72/2.29/1.25/0.44  emits 0.37  spf 71.1  z0 0.81  garr 172.6  tG 1258  e2 0.08  nF 4.2  pS 0.36  ptS 0.35  fLog 0.63  pdΔ -0.1425  pkR 3.62  clip 0.05  kl +0.001
upd  195  steps  401408  sps 1425  opp symm  loss -0.037  pg -0.0261  v 0.009  ev +0.96  adv_std 0.130  tR +0.00  ent[s/d/p/e] 1.75/2.30/1.21/0.38  emits 0.32  spf 73.4  z0 0.83  garr 177.4  tG 1308  e2 0.07  nF 3.5  pS 0.34  ptS 0.33  fLog 0.65  pdΔ -0.1569  pkR 4.27  clip 0.11  kl +0.003
upd  196  steps  403456  sps 1429  opp symm  loss -0.033  pg -0.0217  v 0.008  ev +0.97  adv_std 0.122  tR -1.00  ent[s/d/p/e] 1.68/2.28/1.18/0.40  emits 0.28  spf 73.9  z0 0.85  garr 190.4  tG 1418  e2 0.06  nF 2.8  pS 0.33  ptS 0.32  fLog 0.65  pdΔ -0.1667  pkR 4.96  clip 0.09  kl +0.005
upd  197  steps  405504  sps 1433  opp symm  loss -0.079  pg -0.0749  v 0.022  ev +0.89  adv_std 0.212  tR -1.00  ent[s/d/p/e] 1.69/2.37/1.20/0.40  emits 0.34  spf 87.2  z0 0.83  garr 210.8  tG 1640  e2 0.06  nF 2.9  pS 0.35  ptS 0.34  fLog 0.67  pdΔ -0.1538  pkR 4.49  clip 0.06  kl +0.003
upd  198  steps  407552  sps 1437  opp symm  loss -0.036  pg -0.0252  v 0.009  ev +0.95  adv_std 0.128  tR +1.00  ent[s/d/p/e] 1.73/2.36/1.17/0.40  emits 0.28  spf 95.7  z0 0.85  garr 211.9  tG 1652  e2 0.06  nF 2.8  pS 0.35  ptS 0.34  fLog 0.69  pdΔ -0.1517  pkR 5.09  clip 0.05  kl +0.002
[eval_vs_v20] u199 tag=train_u199  bin0=0.0%  spf=0.00  garr=128.50  flip=0.00%  z0=71.9%  e8=0.0%  e2+=0.0%  WLD=0/3/0
upd  199  steps  409600  sps 1441  opp symm  loss -0.024  pg -0.0166  v 0.014  ev +0.94  adv_std 0.166  tR +0.43  ent[s/d/p/e] 1.53/2.14/1.18/0.40  emits 0.28  spf 88.5  z0 0.84  garr 221.9  tG 1674  e2 0.06  nF 2.4  pS 0.32  ptS 0.31  fLog 0.67  pdΔ -0.1768  pkR 5.42  clip 0.07  kl +0.003 WRr 1.00 v20[spf 0.0 flip 0.0% e2+ 0.0%]
[ckpt] saved /home/charlie/project/OrbitWarRL/ckpt_search/v14d_binary_v2_a_p0i7_lr_peak_3e-05_bef73f7d43/ckpt_000199.pkl opp=symm
upd  200  steps  411648  sps 1079  opp symm  loss -0.047  pg -0.0368  v 0.007  ev +0.96  adv_std 0.119  tR -0.20  ent[s/d/p/e] 1.49/2.10/1.19/0.36  emits 0.21  spf 100.6  z0 0.87  garr 185.5  tG 1391  e2 0.05  nF 2.0  pS 0.30  ptS 0.29  fLog 0.68  pdΔ -0.1966  pkR 6.69  clip 0.05  kl -0.000
upd  201  steps  413696  sps 1082  opp symm  loss -0.045  pg -0.0332  v 0.004  ev +0.98  adv_std 0.082  tR +0.60  ent[s/d/p/e] 1.41/2.06/1.15/0.38  emits 0.21  spf 116.9  z0 0.86  garr 193.9  tG 1432  e2 0.04  nF 1.8  pS 0.30  ptS 0.29  fLog 0.70  pdΔ -0.1989  pkR 6.26  clip 0.06  kl +0.000
upd  202  steps  415744  sps 1086  opp symm  loss -0.038  pg -0.0276  v 0.006  ev +0.97  adv_std 0.108  tR +0.80  ent[s/d/p/e] 1.27/2.09/1.23/0.35  emits 0.18  spf 96.5  z0 0.88  garr 172.4  tG 1111  e2 0.04  nF 1.7  pS 0.25  ptS 0.25  fLog 0.67  pdΔ -0.2451  pkR 7.53  clip 0.03  kl -0.001
upd  203  steps  417792  sps 1089  opp symm  loss -0.034  pg -0.0248  v 0.010  ev +0.95  adv_std 0.144  tR +0.60  ent[s/d/p/e] 1.34/2.17/1.21/0.38  emits 0.21  spf 74.3  z0 0.86  garr 160.5  tG 915  e2 0.04  nF 2.0  pS 0.25  ptS 0.24  fLog 0.64  pdΔ -0.2509  pkR 6.75  clip 0.05  kl +0.001
upd  204  steps  419840  sps 1093  opp symm  loss -0.042  pg -0.0326  v 0.009  ev +0.96  adv_std 0.132  tR +1.00  ent[s/d/p/e] 1.40/2.08/1.19/0.40  emits 0.23  spf 77.3  z0 0.84  garr 172.6  tG 1008  e2 0.04  nF 2.2  pS 0.27  ptS 0.26  fLog 0.65  pdΔ -0.2349  pkR 6.08  clip 0.05  kl +0.004
upd  205  steps  421888  sps 1096  opp symm  loss -0.014  pg -0.0067  v 0.014  ev +0.93  adv_std 0.167  tR +0.00  ent[s/d/p/e] 1.42/2.08/1.20/0.46  emits 0.33  spf 83.3  z0 0.80  garr 181.6  tG 1114  e2 0.07  nF 2.9  pS 0.30  ptS 0.29  fLog 0.65  pdΔ -0.1991  pkR 5.58  clip 0.05  kl -0.000
upd  206  steps  423936  sps 1100  opp symm  loss -0.045  pg -0.0356  v 0.011  ev +0.95  adv_std 0.150  tR +0.00  ent[s/d/p/e] 1.53/2.11/1.20/0.48  emits 0.32  spf 84.8  z0 0.80  garr 174.4  tG 1146  e2 0.07  nF 3.3  pS 0.32  ptS 0.31  fLog 0.65  pdΔ -0.1760  pkR 5.25  clip 0.06  kl +0.003
upd  207  steps  425984  sps 1103  opp symm  loss -0.084  pg -0.0733  v 0.009  ev +0.95  adv_std 0.129  tR +0.50  ent[s/d/p/e] 1.56/2.07/1.17/0.45  emits 0.28  spf 78.6  z0 0.83  garr 186.5  tG 1248  e2 0.06  nF 2.9  pS 0.33  ptS 0.31  fLog 0.66  pdΔ -0.1714  pkR 6.23  clip 0.06  kl +0.001
upd  208  steps  428032  sps 1107  opp symm  loss -0.041  pg -0.0299  v 0.007  ev +0.97  adv_std 0.115  tR +0.60  ent[s/d/p/e] 1.42/2.07/1.15/0.44  emits 0.28  spf 89.4  z0 0.82  garr 187.8  tG 1210  e2 0.06  nF 2.3  pS 0.31  ptS 0.30  fLog 0.68  pdΔ -0.1862  pkR 6.35  clip 0.04  kl +0.002
upd  209  steps  430080  sps 1110  opp symm  loss -0.054  pg -0.0429  v 0.006  ev +0.97  adv_std 0.113  tR +0.33  ent[s/d/p/e] 1.33/2.04/1.19/0.43  emits 0.26  spf 93.3  z0 0.83  garr 190.2  tG 1248  e2 0.05  nF 2.2  pS 0.32  ptS 0.30  fLog 0.68  pdΔ -0.1819  pkR 4.96  clip 0.04  kl +0.001
upd  210  steps  432128  sps 1114  opp symm  loss -0.014  pg -0.0031  v 0.006  ev +0.98  adv_std 0.107  tR +0.33  ent[s/d/p/e] 1.38/2.08/1.13/0.42  emits 0.24  spf 90.2  z0 0.84  garr 198.5  tG 1294  e2 0.05  nF 1.8  pS 0.32  ptS 0.31  fLog 0.68  pdΔ -0.1787  pkR 4.93  clip 0.05  kl +0.001
upd  211  steps  434176  sps 1117  opp symm  loss -0.025  pg -0.0183  v 0.014  ev +0.94  adv_std 0.168  tR -0.50  ent[s/d/p/e] 1.40/2.10/1.13/0.39  emits 0.21  spf 97.0  z0 0.85  garr 214.7  tG 1438  e2 0.04  nF 1.7  pS 0.33  ptS 0.31  fLog 0.69  pdΔ -0.1688  pkR 4.10  clip 0.05  kl +0.002
upd  212  steps  436224  sps 1121  opp symm  loss -0.064  pg -0.0525  v 0.005  ev +0.98  adv_std 0.091  tR +1.00  ent[s/d/p/e] 1.51/2.08/1.12/0.42  emits 0.22  spf 98.4  z0 0.84  garr 228.0  tG 1601  e2 0.04  nF 1.8  pS 0.35  ptS 0.33  fLog 0.69  pdΔ -0.1535  pkR 4.18  clip 0.06  kl +0.002
upd  213  steps  438272  sps 1124  opp symm  loss -0.012  pg -0.0031  v 0.009  ev +0.97  adv_std 0.134  tR +0.20  ent[s/d/p/e] 1.48/2.01/1.13/0.39  emits 0.22  spf 103.3  z0 0.84  garr 234.7  tG 1654  e2 0.04  nF 1.9  pS 0.35  ptS 0.33  fLog 0.69  pdΔ -0.1506  pkR 4.21  clip 0.06  kl +0.001
upd  214  steps  440320  sps 1127  opp symm  loss -0.017  pg -0.0052  v 0.004  ev +0.99  adv_std 0.079  tR +0.50  ent[s/d/p/e] 1.52/1.96/1.07/0.39  emits 0.20  spf 112.7  z0 0.86  garr 237.0  tG 1731  e2 0.03  nF 1.6  pS 0.35  ptS 0.34  fLog 0.71  pdΔ -0.1485  pkR 3.15  clip 0.04  kl +0.001
upd  215  steps  442368  sps 1131  opp symm  loss -0.053  pg -0.0443  v 0.010  ev +0.96  adv_std 0.139  tR +0.00  ent[s/d/p/e] 1.50/1.98/1.11/0.39  emits 0.22  spf 113.7  z0 0.85  garr 229.3  tG 1720  e2 0.05  nF 1.7  pS 0.34  ptS 0.33  fLog 0.71  pdΔ -0.1569  pkR 3.29  clip 0.04  kl +0.002
upd  216  steps  444416  sps 1134  opp symm  loss -0.055  pg -0.0437  v 0.005  ev +0.98  adv_std 0.091  tR +1.00  ent[s/d/p/e] 1.46/2.00/1.08/0.37  emits 0.20  spf 96.8  z0 0.86  garr 238.1  tG 1678  e2 0.03  nF 1.6  pS 0.31  ptS 0.30  fLog 0.68  pdΔ -0.1864  pkR 3.86  clip 0.04  kl +0.001
upd  217  steps  446464  sps 1137  opp symm  loss -0.016  pg -0.0076  v 0.010  ev +0.96  adv_std 0.141  tR -0.11  ent[s/d/p/e] 1.35/1.97/1.19/0.37  emits 0.20  spf 92.1  z0 0.87  garr 246.7  tG 1702  e2 0.04  nF 1.9  pS 0.31  ptS 0.29  fLog 0.67  pdΔ -0.1947  pkR 4.15  clip 0.05  kl +0.000
upd  218  steps  448512  sps 1141  opp symm  loss -0.010  pg +0.0013  v 0.004  ev +0.98  adv_std 0.085  tR +1.00  ent[s/d/p/e] 1.32/1.96/1.22/0.32  emits 0.19  spf 81.5  z0 0.87  garr 216.4  tG 1539  e2 0.04  nF 1.6  pS 0.29  ptS 0.28  fLog 0.67  pdΔ -0.2149  pkR 5.04  clip 0.07  kl +0.004
upd  219  steps  450560  sps 1144  opp symm  loss -0.109  pg -0.0993  v 0.008  ev +0.97  adv_std 0.124  tR -0.33  ent[s/d/p/e] 1.45/2.04/1.20/0.37  emits 0.17  spf 89.0  z0 0.88  garr 209.1  tG 1490  e2 0.03  nF 1.6  pS 0.29  ptS 0.28  fLog 0.67  pdΔ -0.2076  pkR 5.62  clip 0.05  kl +0.003
upd  220  steps  452608  sps 1147  opp symm  loss -0.106  pg -0.0950  v 0.005  ev +0.98  adv_std 0.091  tR +1.00  ent[s/d/p/e] 1.37/2.02/1.20/0.35  emits 0.19  spf 94.9  z0 0.86  garr 235.8  tG 1696  e2 0.04  nF 1.6  pS 0.32  ptS 0.31  fLog 0.69  pdΔ -0.1847  pkR 4.52  clip 0.06  kl +0.002
upd  221  steps  454656  sps 1151  opp symm  loss -0.093  pg -0.0823  v 0.006  ev +0.98  adv_std 0.108  tR +0.00  ent[s/d/p/e] 1.43/2.10/1.13/0.39  emits 0.18  spf 115.6  z0 0.87  garr 253.0  tG 1813  e2 0.03  nF 1.5  pS 0.33  ptS 0.31  fLog 0.70  pdΔ -0.1748  pkR 4.60  clip 0.07  kl +0.005
upd  222  steps  456704  sps 1154  opp symm  loss -0.076  pg -0.0678  v 0.012  ev +0.95  adv_std 0.156  tR -0.20  ent[s/d/p/e] 1.48/2.02/1.17/0.42  emits 0.23  spf 103.3  z0 0.85  garr 249.9  tG 1808  e2 0.04  nF 1.8  pS 0.33  ptS 0.32  fLog 0.70  pdΔ -0.1670  pkR 4.72  clip 0.04  kl +0.003
upd  223  steps  458752  sps 1157  opp symm  loss -0.090  pg -0.0799  v 0.009  ev +0.97  adv_std 0.132  tR +0.00  ent[s/d/p/e] 1.57/1.98/1.16/0.41  emits 0.21  spf 110.2  z0 0.86  garr 241.7  tG 1728  e2 0.04  nF 2.0  pS 0.33  ptS 0.31  fLog 0.70  pdΔ -0.1720  pkR 5.52  clip 0.03  kl +0.002
upd  224  steps  460800  sps 1161  opp symm  loss -0.038  pg -0.0281  v 0.009  ev +0.97  adv_std 0.125  tR +1.00  ent[s/d/p/e] 1.43/1.91/1.15/0.42  emits 0.22  spf 104.4  z0 0.84  garr 229.0  tG 1628  e2 0.04  nF 1.7  pS 0.32  ptS 0.31  fLog 0.69  pdΔ -0.1800  pkR 6.50  clip 0.05  kl +0.001
upd  225  steps  462848  sps 1164  opp symm  loss -0.017  pg -0.0080  v 0.010  ev +0.96  adv_std 0.140  tR +0.50  ent[s/d/p/e] 1.39/1.97/1.13/0.42  emits 0.25  spf 107.9  z0 0.83  garr 209.9  tG 1432  e2 0.05  nF 2.1  pS 0.31  ptS 0.30  fLog 0.69  pdΔ -0.1912  pkR 6.23  clip 0.05  kl +0.003
upd  226  steps  464896  sps 1167  opp symm  loss -0.019  pg -0.0092  v 0.007  ev +0.97  adv_std 0.113  tR +0.33  ent[s/d/p/e] 1.45/1.99/1.12/0.43  emits 0.24  spf 109.6  z0 0.83  garr 191.5  tG 1451  e2 0.04  nF 2.1  pS 0.32  ptS 0.32  fLog 0.70  pdΔ -0.1764  pkR 5.58  clip 0.05  kl -0.001
upd  227  steps  466944  sps 1170  opp symm  loss -0.011  pg -0.0007  v 0.006  ev +0.97  adv_std 0.105  tR -0.20  ent[s/d/p/e] 1.41/1.94/1.12/0.40  emits 0.20  spf 107.3  z0 0.86  garr 182.0  tG 1381  e2 0.04  nF 1.9  pS 0.32  ptS 0.31  fLog 0.69  pdΔ -0.1832  pkR 3.95  clip 0.04  kl +0.000
upd  228  steps  468992  sps 1174  opp symm  loss -0.039  pg -0.0296  v 0.009  ev +0.96  adv_std 0.133  tR +1.00  ent[s/d/p/e] 1.51/1.97/1.10/0.43  emits 0.18  spf 110.4  z0 0.86  garr 204.1  tG 1569  e2 0.03  nF 1.5  pS 0.32  ptS 0.32  fLog 0.70  pdΔ -0.1768  pkR 4.13  clip 0.06  kl +0.005
upd  229  steps  471040  sps 1177  opp symm  loss -0.002  pg +0.0081  v 0.006  ev +0.98  adv_std 0.106  tR +1.00  ent[s/d/p/e] 1.45/1.96/1.04/0.40  emits 0.20  spf 105.6  z0 0.85  garr 209.2  tG 1545  e2 0.04  nF 1.8  pS 0.32  ptS 0.31  fLog 0.70  pdΔ -0.1824  pkR 4.24  clip 0.02  kl -0.000
upd  230  steps  473088  sps 1180  opp symm  loss -0.041  pg -0.0313  v 0.007  ev +0.97  adv_std 0.116  tR -0.33  ent[s/d/p/e] 1.55/1.93/1.05/0.38  emits 0.20  spf 95.6  z0 0.85  garr 213.0  tG 1571  e2 0.04  nF 2.0  pS 0.33  ptS 0.32  fLog 0.68  pdΔ -0.1725  pkR 5.06  clip 0.06  kl +0.001
upd  231  steps  475136  sps 1183  opp symm  loss -0.015  pg -0.0056  v 0.009  ev +0.97  adv_std 0.127  tR +0.43  ent[s/d/p/e] 1.49/2.04/1.05/0.37  emits 0.20  spf 106.5  z0 0.86  garr 205.4  tG 1519  e2 0.04  nF 1.9  pS 0.32  ptS 0.31  fLog 0.70  pdΔ -0.1815  pkR 5.48  clip 0.04  kl +0.001
upd  232  steps  477184  sps 1186  opp symm  loss -0.022  pg -0.0147  v 0.013  ev +0.96  adv_std 0.153  tR +1.00  ent[s/d/p/e] 1.43/1.99/1.10/0.40  emits 0.18  spf 107.6  z0 0.86  garr 204.9  tG 1471  e2 0.03  nF 1.7  pS 0.31  ptS 0.31  fLog 0.70  pdΔ -0.1908  pkR 5.00  clip 0.05  kl +0.002
upd  233  steps  479232  sps 1189  opp symm  loss -0.005  pg +0.0044  v 0.007  ev +0.97  adv_std 0.120  tR -0.33  ent[s/d/p/e] 1.38/2.00/1.11/0.38  emits 0.23  spf 108.0  z0 0.83  garr 195.1  tG 1437  e2 0.04  nF 2.0  pS 0.31  ptS 0.31  fLog 0.70  pdΔ -0.1879  pkR 5.40  clip 0.10  kl +0.007
upd  234  steps  481280  sps 1193  opp symm  loss -0.076  pg -0.0688  v 0.012  ev +0.95  adv_std 0.153  tR +0.20  ent[s/d/p/e] 1.41/1.97/1.08/0.40  emits 0.19  spf 110.8  z0 0.86  garr 189.4  tG 1457  e2 0.03  nF 1.9  pS 0.32  ptS 0.32  fLog 0.71  pdΔ -0.1777  pkR 4.53  clip 0.04  kl +0.002
upd  235  steps  483328  sps 1196  opp symm  loss -0.067  pg -0.0598  v 0.013  ev +0.95  adv_std 0.163  tR +0.00  ent[s/d/p/e] 1.47/1.93/1.09/0.42  emits 0.20  spf 125.5  z0 0.86  garr 196.6  tG 1516  e2 0.04  nF 1.8  pS 0.32  ptS 0.32  fLog 0.72  pdΔ -0.1771  pkR 4.22  clip 0.04  kl +0.003
upd  236  steps  485376  sps 1199  opp symm  loss -0.088  pg -0.0782  v 0.008  ev +0.97  adv_std 0.119  tR +0.00  ent[s/d/p/e] 1.52/1.94/1.19/0.43  emits 0.23  spf 114.0  z0 0.83  garr 210.0  tG 1628  e2 0.04  nF 2.0  pS 0.33  ptS 0.33  fLog 0.71  pdΔ -0.1663  pkR 4.58  clip 0.05  kl +0.003
upd  237  steps  487424  sps 1202  opp symm  loss -0.043  pg -0.0385  v 0.017  ev +0.93  adv_std 0.192  tR -0.20  ent[s/d/p/e] 1.46/1.82/1.06/0.45  emits 0.25  spf 131.9  z0 0.83  garr 211.0  tG 1638  e2 0.05  nF 2.0  pS 0.33  ptS 0.33  fLog 0.72  pdΔ -0.1662  pkR 5.13  clip 0.04  kl +0.000
upd  238  steps  489472  sps 1205  opp symm  loss -0.021  pg -0.0113  v 0.009  ev +0.97  adv_std 0.125  tR +0.60  ent[s/d/p/e] 1.43/1.92/1.11/0.43  emits 0.23  spf 119.5  z0 0.83  garr 193.8  tG 1578  e2 0.04  nF 2.0  pS 0.33  ptS 0.32  fLog 0.70  pdΔ -0.1711  pkR 5.60  clip 0.04  kl -0.000
upd  239  steps  491520  sps 1208  opp symm  loss -0.036  pg -0.0299  v 0.014  ev +0.95  adv_std 0.166  tR +0.00  ent[s/d/p/e] 1.44/1.91/1.03/0.42  emits 0.20  spf 149.8  z0 0.85  garr 174.9  tG 1394  e2 0.03  nF 1.7  pS 0.32  ptS 0.31  fLog 0.72  pdΔ -0.1836  pkR 5.16  clip 0.02  kl +0.002
upd  240  steps  493568  sps 1211  opp symm  loss -0.049  pg -0.0457  v 0.019  ev +0.93  adv_std 0.192  tR -0.20  ent[s/d/p/e] 1.35/1.86/1.04/0.39  emits 0.21  spf 138.3  z0 0.85  garr 169.9  tG 1340  e2 0.04  nF 1.9  pS 0.31  ptS 0.29  fLog 0.71  pdΔ -0.1938  pkR 5.61  clip 0.04  kl +0.001
upd  241  steps  495616  sps 1215  opp symm  loss +0.010  pg +0.0146  v 0.017  ev +0.94  adv_std 0.185  tR -1.00  ent[s/d/p/e] 1.40/1.88/1.11/0.40  emits 0.22  spf 142.1  z0 0.85  garr 167.1  tG 1318  e2 0.04  nF 2.1  pS 0.31  ptS 0.30  fLog 0.71  pdΔ -0.1934  pkR 6.14  clip 0.04  kl +0.002
upd  242  steps  497664  sps 1218  opp symm  loss -0.024  pg -0.0176  v 0.013  ev +0.96  adv_std 0.162  tR +0.60  ent[s/d/p/e] 1.37/1.92/1.15/0.33  emits 0.17  spf 147.9  z0 0.87  garr 171.6  tG 1334  e2 0.03  nF 1.7  pS 0.30  ptS 0.29  fLog 0.71  pdΔ -0.1960  pkR 6.05  clip 0.07  kl +0.003
upd  243  steps  499712  sps 1221  opp symm  loss -0.019  pg -0.0112  v 0.009  ev +0.97  adv_std 0.140  tR +0.00  ent[s/d/p/e] 1.25/1.90/1.14/0.35  emits 0.14  spf 106.9  z0 0.89  garr 178.4  tG 1255  e2 0.02  nF 1.4  pS 0.28  ptS 0.27  fLog 0.69  pdΔ -0.2200  pkR 4.92  clip 0.07  kl +0.001
upd  244  steps  501760  sps 1224  opp symm  loss -0.066  pg -0.0582  v 0.011  ev +0.97  adv_std 0.145  tR -0.50  ent[s/d/p/e] 1.14/1.98/1.17/0.33  emits 0.16  spf 94.5  z0 0.88  garr 185.0  tG 1305  e2 0.03  nF 1.5  pS 0.28  ptS 0.27  fLog 0.67  pdΔ -0.2154  pkR 6.09  clip 0.05  kl +0.003
upd  245  steps  503808  sps 1227  opp symm  loss +0.023  pg +0.0300  v 0.012  ev +0.96  adv_std 0.149  tR +0.33  ent[s/d/p/e] 1.25/2.00/1.13/0.36  emits 0.16  spf 98.9  z0 0.88  garr 179.9  tG 1198  e2 0.03  nF 1.5  pS 0.27  ptS 0.26  fLog 0.68  pdΔ -0.2261  pkR 4.96  clip 0.05  kl +0.002
upd  246  steps  505856  sps 1230  opp symm  loss -0.019  pg -0.0093  v 0.008  ev +0.98  adv_std 0.118  tR +0.60  ent[s/d/p/e] 1.24/2.04/1.13/0.35  emits 0.17  spf 95.6  z0 0.87  garr 181.4  tG 1183  e2 0.03  nF 1.7  pS 0.27  ptS 0.26  fLog 0.67  pdΔ -0.2312  pkR 4.99  clip 0.04  kl +0.001
upd  247  steps  507904  sps 1233  opp symm  loss -0.044  pg -0.0360  v 0.010  ev +0.97  adv_std 0.144  tR -0.67  ent[s/d/p/e] 1.32/1.97/1.15/0.36  emits 0.18  spf 109.0  z0 0.87  garr 169.4  tG 1104  e2 0.03  nF 1.5  pS 0.26  ptS 0.25  fLog 0.69  pdΔ -0.2386  pkR 5.75  clip 0.03  kl +0.000
upd  248  steps  509952  sps 1236  opp symm  loss +0.017  pg +0.0262  v 0.009  ev +0.98  adv_std 0.127  tR -0.20  ent[s/d/p/e] 1.39/2.04/1.17/0.37  emits 0.20  spf 101.8  z0 0.86  garr 160.9  tG 1027  e2 0.04  nF 1.8  pS 0.28  ptS 0.27  fLog 0.68  pdΔ -0.2250  pkR 6.13  clip 0.05  kl +0.001
upd  249  steps  512000  sps 1239  opp symm  loss -0.067  pg -0.0577  v 0.009  ev +0.97  adv_std 0.127  tR +1.00  ent[s/d/p/e] 1.41/2.07/1.15/0.40  emits 0.22  spf 115.1  z0 0.85  garr 164.2  tG 1098  e2 0.04  nF 1.9  pS 0.28  ptS 0.28  fLog 0.69  pdΔ -0.2202  pkR 6.21  clip 0.04  kl +0.002
upd  250  steps  514048  sps 1242  opp symm  loss -0.031  pg -0.0223  v 0.010  ev +0.97  adv_std 0.138  tR -1.00  ent[s/d/p/e] 1.45/2.05/1.07/0.41  emits 0.24  spf 106.4  z0 0.84  garr 166.2  tG 1093  e2 0.05  nF 2.0  pS 0.28  ptS 0.28  fLog 0.68  pdΔ -0.2229  pkR 6.52  clip 0.04  kl +0.002
upd  251  steps  516096  sps 1245  opp symm  loss -0.013  pg -0.0020  v 0.007  ev +0.98  adv_std 0.106  tR +0.00  ent[s/d/p/e] 1.51/2.08/1.18/0.39  emits 0.25  spf 108.8  z0 0.85  garr 179.3  tG 1171  e2 0.05  nF 2.1  pS 0.29  ptS 0.29  fLog 0.69  pdΔ -0.2108  pkR 4.80  clip 0.04  kl +0.003
upd  252  steps  518144  sps 1248  opp symm  loss +0.005  pg +0.0130  v 0.012  ev +0.96  adv_std 0.148  tR +1.00  ent[s/d/p/e] 1.41/1.97/1.11/0.39  emits 0.24  spf 97.5  z0 0.84  garr 186.3  tG 1268  e2 0.05  nF 2.3  pS 0.30  ptS 0.29  fLog 0.66  pdΔ -0.2042  pkR 4.94  clip 0.04  kl +0.001
upd  253  steps  520192  sps 1251  opp symm  loss -0.016  pg -0.0106  v 0.015  ev +0.95  adv_std 0.170  tR +0.00  ent[s/d/p/e] 1.36/1.99/1.14/0.33  emits 0.17  spf 110.8  z0 0.87  garr 173.3  tG 1168  e2 0.03  nF 1.9  pS 0.27  ptS 0.27  fLog 0.69  pdΔ -0.2304  pkR 5.05  clip 0.06  kl +0.002
upd  254  steps  522240  sps 1254  opp symm  loss -0.023  pg -0.0136  v 0.007  ev +0.98  adv_std 0.117  tR -1.00  ent[s/d/p/e] 1.25/1.93/1.07/0.33  emits 0.15  spf 120.4  z0 0.89  garr 182.6  tG 1228  e2 0.03  nF 1.4  pS 0.26  ptS 0.26  fLog 0.69  pdΔ -0.2385  pkR 5.05  clip 0.02  kl +0.002
upd  255  steps  524288  sps 1257  opp symm  loss -0.047  pg -0.0367  v 0.006  ev +0.98  adv_std 0.105  tR -0.60  ent[s/d/p/e] 1.34/1.85/1.09/0.33  emits 0.18  spf 126.7  z0 0.87  garr 171.9  tG 1307  e2 0.03  nF 1.4  pS 0.27  ptS 0.27  fLog 0.68  pdΔ -0.2323  pkR 5.14  clip 0.05  kl +0.001
upd  256  steps  526336  sps 1260  opp symm  loss -0.037  pg -0.0296  v 0.012  ev +0.94  adv_std 0.148  tR +1.00  ent[s/d/p/e] 1.31/1.95/1.09/0.40  emits 0.19  spf 119.7  z0 0.86  garr 177.6  tG 1383  e2 0.04  nF 1.7  pS 0.28  ptS 0.28  fLog 0.66  pdΔ -0.2208  pkR 5.65  clip 0.08  kl +0.004