
=== [2026-06-11T03:59:32Z] v14e_binary_v1_a_p0i5_ORBITWARS_SHAPING_RELEASE_K_14.0_92285e19d7 phase=a kind=probe chunk=300 env={"ORBITWARS_SHAPING_ANTI_HOARD": 0.03, "ORBITWARS_SHAPING_CAPTURE": 0.06, "ORBITWARS_SHAPING_RELEASE": 0.003, "ORBITWARS_SHAPING_RELEASE_K": 14.0, "ORBITWARS_SHAPING_PROD_SHARE_DELTA": 0.01, "ORBITWARS_SHAPING_ONE_SHIP_PENALTY": 0.01} ppo={"ent_coef_emit": 0.0175, "lr_peak": 4.5e-05} ===
[reward] kaggle-aligned: terminal +1 win/+1 tie>0/-1 loss/-1 double-wipeout; is_terminal at step >= episode_steps-2; SHAPING_SCALE=0.0; v1: KEEP_HOME=0.0 FLEET_SIZE=0.0/norm20.0; v2 (expert-replay calibrated): PROD_SHARE=0.0 PLANET_SHARE=0.0 FLEET_LOG=0.0/ref500.0/floor0.3; v3 (top10-2630ep calibrated): PROD_SHARE_DELTA=0.01 EMIT_LOG=0.0 EMIT_GATED=0.0 RELEASE=0.003/K14.0 CAPTURE=0.06; ANTI_HOARD=0.03/thresh0.6; episode_steps=500 (kaggle=500, mismatch=False)
[symmetric] Frog Parade style: same params drive BOTH players, no frozen/strong/buffer opponents, zero_sum_value=True
upd    0  steps    2048  sps 38  opp symm  loss -0.095  pg -0.0797  v 0.004  ev -0.37  adv_std 0.091  tR +0.00  ent[s/d/p/e] 0.38/1.29/1.10/0.32  emits 0.28  spf 14.7  z0 0.78  garr 15.0  tG 21  e2 0.04  nF 1.9  pS 0.06  ptS 0.07  fLog 0.40  pdΔ -0.4363  pkR 7.46  clip 0.01  kl +0.001
upd    1  steps    4096  sps 75  opp symm  loss -0.065  pg -0.0443  v 0.003  ev +0.33  adv_std 0.082  tR +0.00  ent[s/d/p/e] 0.80/1.36/1.07/0.52  emits 0.61  spf 16.4  z0 0.63  garr 17.6  tG 49  e2 0.16  nF 6.5  pS 0.12  ptS 0.12  fLog 0.40  pdΔ -0.3813  pkR 9.14  clip 0.08  kl +0.003
upd    2  steps    6144  sps 110  opp symm  loss -0.068  pg -0.0482  v 0.009  ev -0.31  adv_std 0.141  tR +0.33  ent[s/d/p/e] 1.12/1.56/1.06/0.58  emits 0.67  spf 19.5  z0 0.62  garr 24.0  tG 103  e2 0.15  nF 9.6  pS 0.17  ptS 0.16  fLog 0.41  pdΔ -0.3291  pkR 7.39  clip 0.12  kl +0.002
upd    3  steps    8192  sps 146  opp symm  loss -0.037  pg -0.0132  v 0.003  ev +0.23  adv_std 0.082  tR -1.00  ent[s/d/p/e] 1.27/1.75/1.05/0.59  emits 0.60  spf 26.6  z0 0.63  garr 34.9  tG 213  e2 0.15  nF 9.7  pS 0.22  ptS 0.21  fLog 0.45  pdΔ -0.2772  pkR 7.34  clip 0.25  kl +0.010
upd    4  steps   10240  sps 180  opp symm  loss -0.070  pg -0.0459  v 0.004  ev +0.55  adv_std 0.089  tR -1.00  ent[s/d/p/e] 1.36/1.83/1.03/0.60  emits 0.46  spf 37.2  z0 0.69  garr 53.0  tG 384  e2 0.10  nF 7.8  pS 0.27  ptS 0.25  fLog 0.48  pdΔ -0.2332  pkR 6.24  clip 0.11  kl +0.006
upd    5  steps   12288  sps 214  opp symm  loss -0.026  pg -0.0018  v 0.006  ev +0.51  adv_std 0.108  tR +1.00  ent[s/d/p/e] 1.61/2.05/1.02/0.57  emits 0.44  spf 54.6  z0 0.70  garr 69.4  tG 538  e2 0.09  nF 6.3  pS 0.31  ptS 0.29  fLog 0.53  pdΔ -0.1901  pkR 4.70  clip 0.25  kl +0.003
upd    6  steps   14336  sps 246  opp symm  loss -0.033  pg -0.0050  v 0.002  ev +0.79  adv_std 0.068  tR +0.00  ent[s/d/p/e] 1.75/2.20/1.04/0.63  emits 0.54  spf 60.2  z0 0.67  garr 80.1  tG 630  e2 0.12  nF 6.6  pS 0.33  ptS 0.31  fLog 0.54  pdΔ -0.1683  pkR 4.74  clip 0.17  kl +0.007
upd    7  steps   16384  sps 278  opp symm  loss -0.100  pg -0.0751  v 0.008  ev +0.57  adv_std 0.123  tR -1.00  ent[s/d/p/e] 1.93/2.34/1.02/0.60  emits 0.46  spf 78.7  z0 0.69  garr 88.4  tG 738  e2 0.10  nF 6.3  pS 0.36  ptS 0.34  fLog 0.59  pdΔ -0.1413  pkR 4.79  clip 0.14  kl +0.006
upd    8  steps   18432  sps 310  opp symm  loss -0.001  pg +0.0274  v 0.002  ev +0.88  adv_std 0.067  tR +0.00  ent[s/d/p/e] 2.01/2.39/1.01/0.61  emits 0.57  spf 70.6  z0 0.65  garr 88.7  tG 759  e2 0.13  nF 6.4  pS 0.39  ptS 0.37  fLog 0.57  pdΔ -0.1145  pkR 4.00  clip 0.11  kl +0.004
upd    9  steps   20480  sps 341  opp symm  loss -0.040  pg -0.0122  v 0.004  ev +0.90  adv_std 0.085  tR +1.00  ent[s/d/p/e] 2.01/2.37/1.04/0.59  emits 0.45  spf 73.2  z0 0.71  garr 91.7  tG 823  e2 0.10  nF 6.1  pS 0.39  ptS 0.38  fLog 0.58  pdΔ -0.1082  pkR 4.00  clip 0.22  kl +0.014
upd   10  steps   22528  sps 371  opp symm  loss -0.027  pg +0.0021  v 0.003  ev +0.95  adv_std 0.076  tR +0.00  ent[s/d/p/e] 2.08/2.40/1.03/0.61  emits 0.58  spf 82.2  z0 0.65  garr 93.0  tG 857  e2 0.13  nF 6.0  pS 0.41  ptS 0.39  fLog 0.59  pdΔ -0.0933  pkR 4.09  clip 0.11  kl +0.005
upd   11  steps   24576  sps 400  opp symm  loss -0.042  pg -0.0157  v 0.008  ev +0.90  adv_std 0.127  tR +0.00  ent[s/d/p/e] 2.16/2.44/0.99/0.62  emits 0.64  spf 72.6  z0 0.62  garr 86.6  tG 827  e2 0.15  nF 7.3  pS 0.42  ptS 0.41  fLog 0.57  pdΔ -0.0830  pkR 3.95  clip 0.11  kl +0.001
upd   12  steps   26624  sps 429  opp symm  loss -0.015  pg +0.0140  v 0.003  ev +0.97  adv_std 0.072  tR +0.00  ent[s/d/p/e] 2.18/2.45/0.99/0.62  emits 0.57  spf 75.9  z0 0.66  garr 90.2  tG 892  e2 0.13  nF 7.7  pS 0.44  ptS 0.43  fLog 0.59  pdΔ -0.0637  pkR 4.30  clip 0.14  kl +0.005
upd   13  steps   28672  sps 457  opp symm  loss -0.033  pg -0.0144  v 0.024  ev +0.77  adv_std 0.215  tR +0.50  ent[s/d/p/e] 2.17/2.47/0.98/0.62  emits 0.57  spf 80.5  z0 0.66  garr 91.0  tG 936  e2 0.13  nF 7.6  pS 0.44  ptS 0.44  fLog 0.58  pdΔ -0.0551  pkR 4.70  clip 0.29  kl +0.014
upd   14  steps   30720  sps 485  opp symm  loss +0.003  pg +0.0289  v 0.009  ev +0.90  adv_std 0.137  tR +1.00  ent[s/d/p/e] 2.08/2.38/1.09/0.64  emits 0.74  spf 71.0  z0 0.58  garr 73.6  tG 750  e2 0.17  nF 8.1  pS 0.42  ptS 0.41  fLog 0.57  pdΔ -0.0764  pkR 5.49  clip 0.09  kl -0.000
upd   15  steps   32768  sps 512  opp symm  loss +0.016  pg -0.0487  v 0.184  ev -0.83  adv_std 0.640  tR +0.08  ent[s/d/p/e] 1.80/2.27/1.10/0.51  emits 0.58  spf 55.1  z0 0.66  garr 43.3  tG 387  e2 0.13  nF 6.6  pS 0.27  ptS 0.27  fLog 0.54  pdΔ -0.2258  pkR 7.11  clip 0.28  kl +0.006
upd   16  steps   34816  sps 538  opp symm  loss -0.000  pg +0.0208  v 0.003  ev +0.56  adv_std 0.078  tR +0.00  ent[s/d/p/e] 0.92/1.54/1.17/0.45  emits 0.41  spf 23.7  z0 0.71  garr 19.7  tG 75  e2 0.08  nF 4.8  pS 0.12  ptS 0.12  fLog 0.44  pdΔ -0.3752  pkR 15.64  clip 0.18  kl +0.010
upd   17  steps   36864  sps 565  opp symm  loss +0.005  pg +0.0264  v 0.008  ev +0.20  adv_std 0.133  tR +0.33  ent[s/d/p/e] 1.16/1.70/1.24/0.56  emits 0.54  spf 26.2  z0 0.65  garr 24.0  tG 107  e2 0.12  nF 7.2  pS 0.17  ptS 0.16  fLog 0.45  pdΔ -0.3345  pkR 8.02  clip 0.14  kl +0.002
upd   18  steps   38912  sps 590  opp symm  loss -0.011  pg +0.0145  v 0.003  ev +0.45  adv_std 0.084  tR +1.00  ent[s/d/p/e] 1.45/2.01/1.07/0.60  emits 0.64  spf 30.4  z0 0.63  garr 26.2  tG 139  e2 0.15  nF 8.1  pS 0.21  ptS 0.21  fLog 0.48  pdΔ -0.2881  pkR 6.16  clip 0.21  kl +0.005
upd   19  steps   40960  sps 615  opp symm  loss -0.048  pg -0.0225  v 0.005  ev +0.50  adv_std 0.097  tR -1.00  ent[s/d/p/e] 1.66/2.13/1.08/0.61  emits 0.78  spf 31.0  z0 0.60  garr 25.5  tG 164  e2 0.18  nF 9.6  pS 0.25  ptS 0.25  fLog 0.49  pdΔ -0.2454  pkR 5.37  clip 0.17  kl +0.003
upd   20  steps   43008  sps 640  opp symm  loss -0.120  pg -0.0985  v 0.016  ev +0.32  adv_std 0.181  tR -0.50  ent[s/d/p/e] 1.74/2.21/1.07/0.62  emits 0.82  spf 33.2  z0 0.58  garr 29.6  tG 202  e2 0.19  nF 10.8  pS 0.27  ptS 0.27  fLog 0.49  pdΔ -0.2291  pkR 5.57  clip 0.18  kl +0.008
upd   21  steps   45056  sps 664  opp symm  loss -0.001  pg +0.0276  v 0.002  ev +0.69  adv_std 0.044  tR +0.00  ent[s/d/p/e] 1.78/2.28/1.12/0.61  emits 0.75  spf 38.3  z0 0.60  garr 34.1  tG 247  e2 0.17  nF 10.3  pS 0.29  ptS 0.28  fLog 0.52  pdΔ -0.2121  pkR 4.94  clip 0.15  kl +0.003
upd   22  steps   47104  sps 687  opp symm  loss -0.037  pg -0.0089  v 0.004  ev +0.53  adv_std 0.087  tR -0.33  ent[s/d/p/e] 1.87/2.33/1.13/0.62  emits 0.80  spf 42.5  z0 0.59  garr 38.2  tG 297  e2 0.18  nF 9.6  pS 0.31  ptS 0.30  fLog 0.53  pdΔ -0.1885  pkR 4.31  clip 0.30  kl +0.010
upd   23  steps   49152  sps 710  opp symm  loss -0.046  pg -0.0170  v 0.002  ev +0.69  adv_std 0.057  tR -1.00  ent[s/d/p/e] 1.88/2.30/1.11/0.63  emits 0.92  spf 38.9  z0 0.55  garr 39.0  tG 310  e2 0.21  nF 11.4  pS 0.33  ptS 0.33  fLog 0.52  pdΔ -0.1674  pkR 4.85  clip 0.12  kl +0.003
upd   24  steps   51200  sps 733  opp symm  loss +0.024  pg +0.0535  v 0.002  ev +0.78  adv_std 0.055  tR +1.00  ent[s/d/p/e] 1.92/2.35/1.12/0.63  emits 0.91  spf 40.6  z0 0.55  garr 41.2  tG 349  e2 0.21  nF 11.4  pS 0.36  ptS 0.35  fLog 0.52  pdΔ -0.1394  pkR 8.14  clip 0.37  kl +0.018
upd   25  steps   53248  sps 756  opp symm  loss -0.021  pg +0.0096  v 0.001  ev +0.72  adv_std 0.036  tR +0.00  ent[s/d/p/e] 2.00/2.39/1.08/0.62  emits 1.15  spf 38.5  z0 0.50  garr 36.2  tG 305  e2 0.27  nF 13.4  pS 0.37  ptS 0.36  fLog 0.52  pdΔ -0.1312  pkR 3.89  clip 0.39  kl +0.008
upd   26  steps   55296  sps 777  opp symm  loss -0.063  pg -0.0345  v 0.003  ev +0.57  adv_std 0.075  tR +0.00  ent[s/d/p/e] 2.02/2.38/1.05/0.62  emits 1.38  spf 31.3  z0 0.46  garr 31.1  tG 276  e2 0.33  nF 16.9  pS 0.38  ptS 0.37  fLog 0.49  pdΔ -0.1215  pkR 8.00  clip 0.26  kl +0.009
upd   27  steps   57344  sps 799  opp symm  loss -0.160  pg -0.1329  v 0.007  ev +0.50  adv_std 0.116  tR -1.00  ent[s/d/p/e] 2.09/2.42/1.01/0.60  emits 1.37  spf 31.3  z0 0.47  garr 31.8  tG 269  e2 0.31  nF 18.9  pS 0.38  ptS 0.37  fLog 0.49  pdΔ -0.1234  pkR 4.01  clip 0.22  kl +0.008
upd   28  steps   59392  sps 820  opp symm  loss -0.017  pg +0.0117  v 0.003  ev +0.53  adv_std 0.074  tR +1.00  ent[s/d/p/e] 2.09/2.44/1.01/0.59  emits 1.52  spf 30.0  z0 0.45  garr 31.9  tG 261  e2 0.34  nF 20.1  pS 0.37  ptS 0.37  fLog 0.48  pdΔ -0.1263  pkR 3.76  clip 0.20  kl +0.005
upd   29  steps   61440  sps 841  opp symm  loss -0.055  pg -0.0274  v 0.006  ev +0.50  adv_std 0.106  tR +0.33  ent[s/d/p/e] 2.11/2.44/1.04/0.60  emits 1.29  spf 31.8  z0 0.50  garr 30.7  tG 259  e2 0.29  nF 18.4  pS 0.36  ptS 0.36  fLog 0.49  pdΔ -0.1379  pkR 4.43  clip 0.28  kl +0.003
upd   30  steps   63488  sps 861  opp symm  loss -0.063  pg -0.0345  v 0.005  ev +0.69  adv_std 0.096  tR -0.20  ent[s/d/p/e] 2.15/2.46/1.02/0.61  emits 1.43  spf 30.9  z0 0.48  garr 30.6  tG 262  e2 0.31  nF 18.2  pS 0.38  ptS 0.37  fLog 0.49  pdΔ -0.1223  pkR 4.27  clip 0.22  kl +0.011
upd   31  steps   65536  sps 881  opp symm  loss -0.046  pg -0.0304  v 0.024  ev +0.20  adv_std 0.222  tR +0.09  ent[s/d/p/e] 1.60/2.22/1.13/0.51  emits 0.58  spf 31.8  z0 0.67  garr 26.3  tG 139  e2 0.12  nF 7.3  pS 0.20  ptS 0.19  fLog 0.50  pdΔ -0.3048  pkR 7.50  clip 0.09  kl +0.004
upd   32  steps   67584  sps 901  opp symm  loss -0.024  pg +0.0033  v 0.002  ev +0.68  adv_std 0.058  tR +0.00  ent[s/d/p/e] 1.64/2.21/1.14/0.57  emits 0.70  spf 31.9  z0 0.64  garr 28.0  tG 140  e2 0.16  nF 7.6  pS 0.21  ptS 0.20  fLog 0.50  pdΔ -0.2947  pkR 8.00  clip 0.09  kl +0.000
upd   33  steps   69632  sps 920  opp symm  loss -0.015  pg +0.0124  v 0.004  ev +0.63  adv_std 0.090  tR -0.50  ent[s/d/p/e] 1.75/2.30/1.10/0.58  emits 0.75  spf 33.8  z0 0.63  garr 33.8  tG 195  e2 0.18  nF 8.9  pS 0.25  ptS 0.25  fLog 0.51  pdΔ -0.2474  pkR 7.25  clip 0.10  kl +0.004
upd   34  steps   71680  sps 939  opp symm  loss +0.000  pg +0.0286  v 0.003  ev +0.59  adv_std 0.075  tR -1.00  ent[s/d/p/e] 1.92/2.38/1.08/0.59  emits 1.03  spf 35.0  z0 0.56  garr 34.8  tG 223  e2 0.24  nF 10.8  pS 0.30  ptS 0.29  fLog 0.51  pdΔ -0.1996  pkR 5.25  clip 0.19  kl +0.004
upd   35  steps   73728  sps 958  opp symm  loss -0.024  pg +0.0030  v 0.005  ev +0.68  adv_std 0.103  tR +1.00  ent[s/d/p/e] 1.99/2.39/1.04/0.60  emits 1.12  spf 32.9  z0 0.53  garr 33.8  tG 235  e2 0.25  nF 13.5  pS 0.33  ptS 0.32  fLog 0.50  pdΔ -0.1671  pkR 4.22  clip 0.18  kl +0.004
upd   36  steps   75776  sps 977  opp symm  loss -0.023  pg +0.0042  v 0.005  ev +0.55  adv_std 0.097  tR +0.60  ent[s/d/p/e] 1.87/2.32/1.10/0.60  emits 1.01  spf 32.9  z0 0.54  garr 31.9  tG 206  e2 0.23  nF 11.6  pS 0.30  ptS 0.29  fLog 0.50  pdΔ -0.2016  pkR 3.94  clip 0.14  kl +0.003
upd   37  steps   77824  sps 995  opp symm  loss -0.060  pg -0.0313  v 0.003  ev +0.75  adv_std 0.071  tR +0.00  ent[s/d/p/e] 1.89/2.35/1.04/0.61  emits 0.87  spf 35.6  z0 0.59  garr 35.8  tG 246  e2 0.20  nF 11.2  pS 0.30  ptS 0.30  fLog 0.52  pdΔ -0.1956  pkR 3.96  clip 0.13  kl +0.008
upd   38  steps   79872  sps 1012  opp symm  loss -0.056  pg -0.0268  v 0.002  ev +0.78  adv_std 0.069  tR +1.00  ent[s/d/p/e] 1.93/2.35/1.06/0.61  emits 0.97  spf 38.5  z0 0.55  garr 36.7  tG 268  e2 0.23  nF 11.5  pS 0.32  ptS 0.31  fLog 0.52  pdΔ -0.1839  pkR 4.21  clip 0.11  kl +0.003
upd   39  steps   81920  sps 1030  opp symm  loss -0.092  pg -0.0634  v 0.002  ev +0.89  adv_std 0.068  tR +0.33  ent[s/d/p/e] 1.93/2.32/1.00/0.61  emits 1.18  spf 34.3  z0 0.52  garr 32.8  tG 248  e2 0.27  nF 12.8  pS 0.32  ptS 0.32  fLog 0.50  pdΔ -0.1772  pkR 4.64  clip 0.13  kl +0.004
upd   40  steps   83968  sps 1047  opp symm  loss -0.062  pg -0.0352  v 0.004  ev +0.84  adv_std 0.090  tR -1.00  ent[s/d/p/e] 1.83/2.26/1.02/0.60  emits 1.19  spf 30.9  z0 0.50  garr 28.6  tG 210  e2 0.28  nF 14.5  pS 0.31  ptS 0.30  fLog 0.49  pdΔ -0.1947  pkR 5.66  clip 0.24  kl +0.016
upd   41  steps   86016  sps 1064  opp symm  loss +0.017  pg +0.0442  v 0.002  ev +0.95  adv_std 0.058  tR +0.00  ent[s/d/p/e] 1.88/2.29/1.02/0.56  emits 1.55  spf 26.1  z0 0.46  garr 24.9  tG 192  e2 0.34  nF 17.7  pS 0.33  ptS 0.32  fLog 0.47  pdΔ -0.1698  pkR 4.64  clip 0.27  kl +0.009
upd   42  steps   88064  sps 1081  opp symm  loss -0.013  pg +0.0133  v 0.004  ev +0.93  adv_std 0.086  tR -1.00  ent[s/d/p/e] 1.93/2.29/0.92/0.57  emits 1.57  spf 24.6  z0 0.46  garr 25.0  tG 187  e2 0.33  nF 21.0  pS 0.32  ptS 0.32  fLog 0.46  pdΔ -0.1764  pkR 5.79  clip 0.24  kl +0.009
upd   43  steps   90112  sps 1097  opp symm  loss +0.021  pg +0.0471  v 0.003  ev +0.96  adv_std 0.076  tR -0.33  ent[s/d/p/e] 1.95/2.33/0.97/0.54  emits 1.61  spf 24.6  z0 0.47  garr 23.7  tG 175  e2 0.33  nF 21.7  pS 0.32  ptS 0.32  fLog 0.46  pdΔ -0.1758  pkR 5.09  clip 0.23  kl +0.004
upd   44  steps   92160  sps 1113  opp symm  loss +0.048  pg +0.0740  v 0.004  ev +0.96  adv_std 0.083  tR -0.50  ent[s/d/p/e] 2.00/2.36/0.96/0.54  emits 1.51  spf 25.4  z0 0.50  garr 25.6  tG 188  e2 0.33  nF 20.6  pS 0.33  ptS 0.32  fLog 0.47  pdΔ -0.1714  pkR 5.96  clip 0.16  kl +0.004
upd   45  steps   94208  sps 1129  opp symm  loss -0.027  pg -0.0004  v 0.003  ev +0.97  adv_std 0.074  tR -0.43  ent[s/d/p/e] 2.01/2.35/0.95/0.52  emits 1.46  spf 24.0  z0 0.51  garr 27.1  tG 184  e2 0.31  nF 19.6  pS 0.31  ptS 0.31  fLog 0.45  pdΔ -0.1867  pkR 5.32  clip 0.16  kl +0.003
upd   46  steps   96256  sps 1145  opp symm  loss +0.024  pg +0.0439  v 0.015  ev +0.85  adv_std 0.178  tR -0.08  ent[s/d/p/e] 1.92/2.31/0.97/0.49  emits 1.30  spf 23.2  z0 0.56  garr 27.3  tG 155  e2 0.27  nF 16.4  pS 0.27  ptS 0.26  fLog 0.45  pdΔ -0.2329  pkR 5.69  clip 0.16  kl +0.007
upd   47  steps   98304  sps 1160  opp symm  loss +0.015  pg +0.0409  v 0.002  ev +0.94  adv_std 0.060  tR +0.00  ent[s/d/p/e] 1.82/2.34/1.02/0.50  emits 0.84  spf 25.8  z0 0.66  garr 31.8  tG 135  e2 0.17  nF 10.8  pS 0.21  ptS 0.20  fLog 0.47  pdΔ -0.2915  pkR 5.35  clip 0.12  kl +0.003
upd   48  steps  100352  sps 1175  opp symm  loss +0.014  pg +0.0405  v 0.003  ev +0.93  adv_std 0.079  tR +0.33  ent[s/d/p/e] 1.83/2.32/0.98/0.53  emits 0.92  spf 28.1  z0 0.63  garr 36.7  tG 182  e2 0.21  nF 12.2  pS 0.25  ptS 0.24  fLog 0.48  pdΔ -0.2508  pkR 4.40  clip 0.13  kl +0.002
upd   49  steps  102400  sps 1190  opp symm  loss +0.007  pg +0.0351  v 0.002  ev +0.96  adv_std 0.061  tR +0.00  ent[s/d/p/e] 1.84/2.36/1.05/0.59  emits 0.85  spf 31.6  z0 0.61  garr 41.2  tG 233  e2 0.18  nF 11.3  pS 0.27  ptS 0.27  fLog 0.50  pdΔ -0.2269  pkR 4.41  clip 0.12  kl +0.002
upd   50  steps  104448  sps 1205  opp symm  loss -0.029  pg -0.0008  v 0.003  ev +0.95  adv_std 0.073  tR +1.00  ent[s/d/p/e] 1.84/2.33/1.07/0.58  emits 0.82  spf 34.1  z0 0.61  garr 46.8  tG 295  e2 0.18  nF 11.5  pS 0.30  ptS 0.30  fLog 0.51  pdΔ -0.1959  pkR 6.46  clip 0.09  kl +0.004
upd   51  steps  106496  sps 1219  opp symm  loss -0.007  pg +0.0197  v 0.006  ev +0.91  adv_std 0.110  tR +0.50  ent[s/d/p/e] 1.88/2.34/1.05/0.61  emits 0.94  spf 36.1  z0 0.58  garr 48.6  tG 335  e2 0.21  nF 10.3  pS 0.32  ptS 0.31  fLog 0.51  pdΔ -0.1845  pkR 8.19  clip 0.10  kl +0.003
upd   52  steps  108544  sps 1234  opp symm  loss +0.006  pg +0.0332  v 0.003  ev +0.95  adv_std 0.082  tR -1.00  ent[s/d/p/e] 1.89/2.33/1.00/0.60  emits 1.17  spf 36.6  z0 0.52  garr 42.3  tG 298  e2 0.26  nF 12.3  pS 0.32  ptS 0.32  fLog 0.50  pdΔ -0.1764  pkR 4.89  clip 0.13  kl +0.003
upd   53  steps  110592  sps 1248  opp symm  loss -0.015  pg +0.0134  v 0.003  ev +0.97  adv_std 0.074  tR +0.00  ent[s/d/p/e] 1.98/2.38/1.01/0.60  emits 1.34  spf 32.4  z0 0.47  garr 38.9  tG 295  e2 0.30  nF 15.5  pS 0.35  ptS 0.35  fLog 0.50  pdΔ -0.1451  pkR 4.65  clip 0.13  kl +0.000
upd   54  steps  112640  sps 1261  opp symm  loss -0.032  pg -0.0043  v 0.003  ev +0.97  adv_std 0.079  tR +1.00  ent[s/d/p/e] 1.97/2.36/1.02/0.59  emits 1.27  spf 32.8  z0 0.48  garr 40.1  tG 339  e2 0.30  nF 16.6  pS 0.37  ptS 0.37  fLog 0.49  pdΔ -0.1281  pkR 6.56  clip 0.19  kl +0.008
upd   55  steps  114688  sps 1275  opp symm  loss -0.035  pg -0.0094  v 0.006  ev +0.95  adv_std 0.110  tR +0.60  ent[s/d/p/e] 2.01/2.37/0.94/0.56  emits 1.67  spf 30.1  z0 0.44  garr 34.8  tG 299  e2 0.36  nF 19.4  pS 0.37  ptS 0.37  fLog 0.48  pdΔ -0.1264  pkR 8.10  clip 0.13  kl +0.002
upd   56  steps  116736  sps 1289  opp symm  loss -0.041  pg -0.0156  v 0.005  ev +0.96  adv_std 0.100  tR -0.50  ent[s/d/p/e] 2.01/2.36/0.96/0.55  emits 1.52  spf 28.4  z0 0.49  garr 34.1  tG 300  e2 0.33  nF 18.7  pS 0.36  ptS 0.36  fLog 0.47  pdΔ -0.1375  pkR 10.90  clip 0.22  kl +0.005
upd   57  steps  118784  sps 1302  opp symm  loss +0.023  pg +0.0487  v 0.006  ev +0.95  adv_std 0.103  tR -0.14  ent[s/d/p/e] 2.05/2.39/0.97/0.53  emits 1.63  spf 26.9  z0 0.47  garr 35.0  tG 269  e2 0.35  nF 19.9  pS 0.36  ptS 0.35  fLog 0.47  pdΔ -0.1435  pkR 8.00  clip 0.18  kl +0.004
upd   58  steps  120832  sps 1315  opp symm  loss +0.025  pg +0.0510  v 0.004  ev +0.96  adv_std 0.091  tR +0.43  ent[s/d/p/e] 2.02/2.40/0.95/0.52  emits 1.48  spf 26.0  z0 0.52  garr 33.7  tG 219  e2 0.32  nF 18.8  pS 0.31  ptS 0.31  fLog 0.46  pdΔ -0.1872  pkR 5.57  clip 0.11  kl +0.001
upd   59  steps  122880  sps 1328  opp symm  loss +0.055  pg +0.0799  v 0.004  ev +0.96  adv_std 0.090  tR -0.50  ent[s/d/p/e] 1.97/2.37/0.94/0.49  emits 1.61  spf 24.1  z0 0.52  garr 31.6  tG 176  e2 0.32  nF 20.4  pS 0.29  ptS 0.29  fLog 0.45  pdΔ -0.2130  pkR 4.51  clip 0.23  kl +0.009
upd   60  steps  124928  sps 1341  opp symm  loss +0.063  pg +0.0887  v 0.005  ev +0.95  adv_std 0.098  tR -1.00  ent[s/d/p/e] 2.02/2.42/0.97/0.51  emits 1.40  spf 24.6  z0 0.56  garr 33.9  tG 200  e2 0.28  nF 20.2  pS 0.30  ptS 0.30  fLog 0.46  pdΔ -0.2020  pkR 4.51  clip 0.10  kl +0.003
upd   61  steps  126976  sps 1353  opp symm  loss +0.039  pg +0.0646  v 0.005  ev +0.95  adv_std 0.103  tR +0.20  ent[s/d/p/e] 2.04/2.42/0.97/0.51  emits 1.35  spf 26.5  z0 0.55  garr 36.7  tG 211  e2 0.27  nF 17.3  pS 0.30  ptS 0.30  fLog 0.47  pdΔ -0.2008  pkR 4.17  clip 0.13  kl +0.003
upd   62  steps  129024  sps 1366  opp symm  loss -0.047  pg -0.0229  v 0.007  ev +0.91  adv_std 0.115  tR +0.20  ent[s/d/p/e] 1.86/2.38/0.99/0.52  emits 0.82  spf 29.0  z0 0.67  garr 39.3  tG 198  e2 0.17  nF 9.9  pS 0.24  ptS 0.23  fLog 0.48  pdΔ -0.2637  pkR 5.89  clip 0.09  kl +0.003
upd   63  steps  131072  sps 1378  opp symm  loss -0.067  pg -0.0413  v 0.006  ev +0.93  adv_std 0.108  tR +1.00  ent[s/d/p/e] 1.81/2.32/1.01/0.55  emits 0.81  spf 32.4  z0 0.65  garr 40.7  tG 209  e2 0.17  nF 9.1  pS 0.25  ptS 0.24  fLog 0.50  pdΔ -0.2539  pkR 5.37  clip 0.11  kl +0.003
upd   64  steps  133120  sps 1390  opp symm  loss +0.012  pg +0.0379  v 0.006  ev +0.95  adv_std 0.109  tR +0.00  ent[s/d/p/e] 1.82/2.34/1.08/0.57  emits 0.87  spf 34.5  z0 0.61  garr 38.2  tG 235  e2 0.18  nF 10.4  pS 0.28  ptS 0.26  fLog 0.51  pdΔ -0.2240  pkR 4.96  clip 0.16  kl +0.009
upd   65  steps  135168  sps 1402  opp symm  loss +0.026  pg +0.0518  v 0.006  ev +0.96  adv_std 0.109  tR +1.00  ent[s/d/p/e] 1.83/2.29/1.01/0.57  emits 1.21  spf 28.3  z0 0.53  garr 31.3  tG 200  e2 0.27  nF 12.6  pS 0.29  ptS 0.28  fLog 0.48  pdΔ -0.2123  pkR 5.85  clip 0.12  kl +0.002
upd   66  steps  137216  sps 1413  opp symm  loss +0.021  pg +0.0468  v 0.005  ev +0.97  adv_std 0.096  tR -0.33  ent[s/d/p/e] 1.83/2.28/1.04/0.58  emits 1.22  spf 28.2  z0 0.53  garr 33.0  tG 223  e2 0.26  nF 14.6  pS 0.30  ptS 0.29  fLog 0.48  pdΔ -0.2005  pkR 5.20  clip 0.11  kl +0.005
upd   67  steps  139264  sps 1425  opp symm  loss -0.005  pg +0.0208  v 0.005  ev +0.97  adv_std 0.101  tR -1.00  ent[s/d/p/e] 1.88/2.33/1.02/0.57  emits 1.20  spf 29.5  z0 0.54  garr 35.6  tG 262  e2 0.26  nF 13.6  pS 0.32  ptS 0.31  fLog 0.48  pdΔ -0.1826  pkR 9.39  clip 0.21  kl +0.005
upd   68  steps  141312  sps 1436  opp symm  loss +0.036  pg +0.0619  v 0.005  ev +0.97  adv_std 0.096  tR -0.50  ent[s/d/p/e] 1.91/2.33/0.98/0.57  emits 1.38  spf 28.9  z0 0.50  garr 34.9  tG 256  e2 0.30  nF 15.8  pS 0.32  ptS 0.32  fLog 0.48  pdΔ -0.1769  pkR 9.50  clip 0.16  kl +0.005
upd   69  steps  143360  sps 1448  opp symm  loss +0.010  pg +0.0363  v 0.005  ev +0.98  adv_std 0.096  tR +1.00  ent[s/d/p/e] 1.90/2.30/1.02/0.57  emits 1.42  spf 28.4  z0 0.49  garr 34.2  tG 247  e2 0.30  nF 17.9  pS 0.33  ptS 0.33  fLog 0.47  pdΔ -0.1698  pkR 4.83  clip 0.20  kl +0.005
upd   70  steps  145408  sps 1459  opp symm  loss +0.013  pg +0.0387  v 0.005  ev +0.98  adv_std 0.103  tR -1.00  ent[s/d/p/e] 1.98/2.34/0.99/0.57  emits 1.39  spf 28.4  z0 0.48  garr 35.0  tG 284  e2 0.30  nF 18.2  pS 0.36  ptS 0.36  fLog 0.48  pdΔ -0.1435  pkR 4.97  clip 0.20  kl +0.005
upd   71  steps  147456  sps 1470  opp symm  loss -0.043  pg -0.0174  v 0.008  ev +0.96  adv_std 0.123  tR +0.20  ent[s/d/p/e] 2.06/2.41/1.03/0.57  emits 1.31  spf 32.2  z0 0.52  garr 39.6  tG 364  e2 0.27  nF 15.6  pS 0.36  ptS 0.36  fLog 0.49  pdΔ -0.1384  pkR 9.56  clip 0.21  kl +0.006
upd   72  steps  149504  sps 1481  opp symm  loss -0.042  pg -0.0162  v 0.006  ev +0.96  adv_std 0.111  tR +0.00  ent[s/d/p/e] 1.99/2.38/1.02/0.57  emits 1.16  spf 32.6  z0 0.55  garr 40.0  tG 344  e2 0.25  nF 14.2  pS 0.32  ptS 0.32  fLog 0.50  pdΔ -0.1765  pkR 15.28  clip 0.20  kl +0.006
upd   73  steps  151552  sps 1491  opp symm  loss -0.035  pg -0.0085  v 0.006  ev +0.96  adv_std 0.107  tR +1.00  ent[s/d/p/e] 2.07/2.44/1.01/0.58  emits 1.15  spf 34.5  z0 0.55  garr 38.9  tG 293  e2 0.25  nF 13.8  pS 0.33  ptS 0.32  fLog 0.51  pdΔ -0.1706  pkR 5.33  clip 0.07  kl +0.003
upd   74  steps  153600  sps 1502  opp symm  loss -0.008  pg +0.0182  v 0.006  ev +0.95  adv_std 0.114  tR +0.00  ent[s/d/p/e] 2.00/2.43/1.02/0.58  emits 0.87  spf 36.8  z0 0.62  garr 40.2  tG 273  e2 0.19  nF 10.4  pS 0.29  ptS 0.29  fLog 0.52  pdΔ -0.2057  pkR 5.37  clip 0.09  kl +0.003
upd   75  steps  155648  sps 1512  opp symm  loss -0.019  pg +0.0085  v 0.005  ev +0.96  adv_std 0.100  tR -0.20  ent[s/d/p/e] 1.98/2.43/1.09/0.59  emits 0.88  spf 40.1  z0 0.60  garr 43.2  tG 315  e2 0.20  nF 9.2  pS 0.31  ptS 0.30  fLog 0.54  pdΔ -0.1932  pkR 6.22  clip 0.13  kl +0.003
upd   76  steps  157696  sps 1523  opp symm  loss -0.015  pg +0.0117  v 0.007  ev +0.94  adv_std 0.117  tR +1.00  ent[s/d/p/e] 1.97/2.40/1.08/0.61  emits 0.96  spf 41.5  z0 0.58  garr 42.6  tG 315  e2 0.22  nF 10.3  pS 0.32  ptS 0.31  fLog 0.54  pdΔ -0.1775  pkR 5.71  clip 0.10  kl +0.005
upd   77  steps  159744  sps 1533  opp symm  loss -0.034  pg -0.0079  v 0.009  ev +0.93  adv_std 0.139  tR +0.27  ent[s/d/p/e] 1.92/2.39/1.12/0.61  emits 0.94  spf 38.5  z0 0.56  garr 42.7  tG 304  e2 0.22  nF 9.1  pS 0.32  ptS 0.30  fLog 0.53  pdΔ -0.1811  pkR 5.44  clip 0.25  kl +0.008
upd   78  steps  161792  sps 1543  opp symm  loss -0.011  pg +0.0149  v 0.008  ev +0.93  adv_std 0.132  tR +1.00  ent[s/d/p/e] 1.84/2.34/1.13/0.60  emits 0.91  spf 38.2  z0 0.59  garr 41.0  tG 284  e2 0.21  nF 8.8  pS 0.31  ptS 0.29  fLog 0.53  pdΔ -0.1944  pkR 6.42  clip 0.21  kl +0.011
upd   79  steps  163840  sps 1553  opp symm  loss -0.048  pg -0.0211  v 0.006  ev +0.96  adv_std 0.113  tR +0.60  ent[s/d/p/e] 1.93/2.37/1.08/0.61  emits 0.92  spf 36.6  z0 0.54  garr 42.6  tG 306  e2 0.22  nF 9.6  pS 0.34  ptS 0.31  fLog 0.53  pdΔ -0.1641  pkR 4.84  clip 0.11  kl +0.002
upd   80  steps  165888  sps 1563  opp symm  loss +0.029  pg +0.0551  v 0.010  ev +0.94  adv_std 0.139  tR -1.00  ent[s/d/p/e] 2.00/2.42/1.08/0.63  emits 0.89  spf 41.0  z0 0.57  garr 47.5  tG 350  e2 0.21  nF 9.8  pS 0.35  ptS 0.33  fLog 0.54  pdΔ -0.1535  pkR 3.57  clip 0.25  kl +0.008
upd   81  steps  167936  sps 1572  opp symm  loss +0.003  pg +0.0296  v 0.007  ev +0.96  adv_std 0.123  tR -1.00  ent[s/d/p/e] 2.08/2.45/1.06/0.61  emits 1.03  spf 39.6  z0 0.54  garr 47.8  tG 366  e2 0.23  nF 10.9  pS 0.36  ptS 0.35  fLog 0.54  pdΔ -0.1386  pkR 3.40  clip 0.19  kl +0.003
upd   82  steps  169984  sps 1582  opp symm  loss -0.022  pg +0.0050  v 0.007  ev +0.96  adv_std 0.118  tR +0.50  ent[s/d/p/e] 2.06/2.42/1.08/0.62  emits 0.96  spf 39.5  z0 0.56  garr 47.8  tG 378  e2 0.22  nF 10.5  pS 0.36  ptS 0.35  fLog 0.53  pdΔ -0.1378  pkR 4.05  clip 0.10  kl +0.001
upd   83  steps  172032  sps 1591  opp symm  loss -0.010  pg +0.0170  v 0.007  ev +0.95  adv_std 0.116  tR +0.33  ent[s/d/p/e] 2.05/2.43/1.11/0.62  emits 0.99  spf 38.9  z0 0.55  garr 48.3  tG 375  e2 0.23  nF 10.5  pS 0.35  ptS 0.34  fLog 0.53  pdΔ -0.1476  pkR 4.29  clip 0.19  kl +0.005
upd   84  steps  174080  sps 1601  opp symm  loss +0.021  pg +0.0477  v 0.009  ev +0.93  adv_std 0.133  tR -0.20  ent[s/d/p/e] 2.03/2.41/1.09/0.62  emits 0.94  spf 40.1  z0 0.55  garr 46.5  tG 375  e2 0.22  nF 11.4  pS 0.36  ptS 0.35  fLog 0.53  pdΔ -0.1372  pkR 4.63  clip 0.14  kl +0.006
upd   85  steps  176128  sps 1610  opp symm  loss -0.033  pg -0.0058  v 0.008  ev +0.93  adv_std 0.129  tR -1.00  ent[s/d/p/e] 2.09/2.45/1.10/0.62  emits 0.97  spf 41.9  z0 0.54  garr 48.2  tG 404  e2 0.22  nF 11.0  pS 0.38  ptS 0.37  fLog 0.54  pdΔ -0.1243  pkR 5.53  clip 0.13  kl +0.003
upd   86  steps  178176  sps 1619  opp symm  loss -0.009  pg +0.0197  v 0.006  ev +0.95  adv_std 0.106  tR +0.00  ent[s/d/p/e] 2.17/2.49/1.08/0.62  emits 0.97  spf 41.0  z0 0.54  garr 47.8  tG 414  e2 0.22  nF 11.5  pS 0.39  ptS 0.38  fLog 0.54  pdΔ -0.1107  pkR 4.45  clip 0.11  kl +0.000
upd   87  steps  180224  sps 1628  opp symm  loss +0.001  pg +0.0275  v 0.010  ev +0.91  adv_std 0.138  tR +0.00  ent[s/d/p/e] 2.15/2.50/1.06/0.60  emits 0.95  spf 42.3  z0 0.56  garr 49.4  tG 419  e2 0.21  nF 10.3  pS 0.38  ptS 0.37  fLog 0.54  pdΔ -0.1232  pkR 3.69  clip 0.22  kl +0.008
upd   88  steps  182272  sps 1637  opp symm  loss -0.045  pg -0.0166  v 0.005  ev +0.94  adv_std 0.104  tR +0.60  ent[s/d/p/e] 2.07/2.48/1.09/0.60  emits 0.77  spf 44.7  z0 0.61  garr 55.0  tG 458  e2 0.18  nF 8.8  pS 0.37  ptS 0.36  fLog 0.56  pdΔ -0.1318  pkR 8.23  clip 0.07  kl +0.002
upd   89  steps  184320  sps 1646  opp symm  loss -0.053  pg -0.0283  v 0.012  ev +0.88  adv_std 0.154  tR -0.11  ent[s/d/p/e] 2.01/2.45/1.15/0.60  emits 0.81  spf 45.4  z0 0.60  garr 51.8  tG 417  e2 0.19  nF 8.7  pS 0.34  ptS 0.33  fLog 0.56  pdΔ -0.1556  pkR 8.00  clip 0.07  kl -0.000
upd   90  steps  186368  sps 1655  opp symm  loss -0.036  pg -0.0083  v 0.005  ev +0.95  adv_std 0.102  tR +0.67  ent[s/d/p/e] 2.08/2.47/1.10/0.58  emits 0.74  spf 43.1  z0 0.64  garr 47.8  tG 364  e2 0.16  nF 8.7  pS 0.32  ptS 0.32  fLog 0.55  pdΔ -0.1757  pkR 5.95  clip 0.09  kl +0.005
upd   91  steps  188416  sps 1663  opp symm  loss -0.013  pg +0.0159  v 0.003  ev +0.97  adv_std 0.073  tR +1.00  ent[s/d/p/e] 2.02/2.45/1.10/0.58  emits 0.59  spf 47.7  z0 0.67  garr 54.5  tG 414  e2 0.13  nF 6.8  pS 0.33  ptS 0.32  fLog 0.57  pdΔ -0.1744  pkR 3.71  clip 0.05  kl +0.003
upd   92  steps  190464  sps 1672  opp symm  loss +0.007  pg +0.0350  v 0.004  ev +0.96  adv_std 0.092  tR +1.00  ent[s/d/p/e] 2.03/2.47/1.10/0.57  emits 0.61  spf 51.8  z0 0.65  garr 59.3  tG 472  e2 0.14  nF 6.7  pS 0.34  ptS 0.34  fLog 0.58  pdΔ -0.1594  pkR 3.96  clip 0.08  kl +0.001
upd   93  steps  192512  sps 1680  opp symm  loss -0.044  pg -0.0157  v 0.004  ev +0.95  adv_std 0.093  tR +0.14  ent[s/d/p/e] 2.09/2.54/1.11/0.56  emits 0.53  spf 57.6  z0 0.70  garr 68.6  tG 530  e2 0.12  nF 6.1  pS 0.34  ptS 0.33  fLog 0.59  pdΔ -0.1565  pkR 3.78  clip 0.06  kl +0.001
upd   94  steps  194560  sps 1688  opp symm  loss -0.019  pg +0.0102  v 0.003  ev +0.97  adv_std 0.073  tR -0.33  ent[s/d/p/e] 2.12/2.53/1.12/0.55  emits 0.66  spf 59.2  z0 0.66  garr 74.1  tG 587  e2 0.14  nF 6.3  pS 0.35  ptS 0.34  fLog 0.60  pdΔ -0.1466  pkR 3.52  clip 0.17  kl +0.008
upd   95  steps  196608  sps 1697  opp symm  loss -0.018  pg +0.0102  v 0.005  ev +0.94  adv_std 0.098  tR +0.00  ent[s/d/p/e] 2.02/2.50/1.15/0.57  emits 0.62  spf 62.5  z0 0.66  garr 70.0  tG 563  e2 0.14  nF 7.0  pS 0.35  ptS 0.34  fLog 0.61  pdΔ -0.1534  pkR 4.20  clip 0.09  kl +0.002
upd   96  steps  198656  sps 1705  opp symm  loss -0.028  pg +0.0008  v 0.003  ev +0.97  adv_std 0.070  tR +1.00  ent[s/d/p/e] 1.92/2.43/1.15/0.58  emits 0.53  spf 61.6  z0 0.68  garr 67.4  tG 515  e2 0.12  nF 5.6  pS 0.33  ptS 0.32  fLog 0.61  pdΔ -0.1706  pkR 4.36  clip 0.09  kl +0.003
upd   97  steps  200704  sps 1713  opp symm  loss -0.017  pg +0.0096  v 0.007  ev +0.91  adv_std 0.120  tR +0.33  ent[s/d/p/e] 1.93/2.43/1.14/0.58  emits 0.53  spf 58.4  z0 0.68  garr 73.7  tG 548  e2 0.12  nF 5.7  pS 0.34  ptS 0.33  fLog 0.60  pdΔ -0.1570  pkR 3.08  clip 0.08  kl +0.004
upd   98  steps  202752  sps 1721  opp symm  loss -0.040  pg -0.0123  v 0.005  ev +0.95  adv_std 0.104  tR -0.50  ent[s/d/p/e] 2.03/2.48/1.12/0.60  emits 0.62  spf 55.7  z0 0.66  garr 72.4  tG 529  e2 0.15  nF 5.9  pS 0.35  ptS 0.33  fLog 0.60  pdΔ -0.1541  pkR 3.41  clip 0.06  kl -0.000
[eval_vs_v20] u99 tag=train_u99  bin0=0.0%  spf=0.00  garr=128.50  flip=0.00%  z0=71.9%  e8=0.0%  e2+=0.0%  WLD=0/3/0
upd   99  steps  204800  sps 1729  opp symm  loss -0.030  pg -0.0018  v 0.004  ev +0.96  adv_std 0.092  tR +0.00  ent[s/d/p/e] 2.10/2.49/1.07/0.60  emits 0.64  spf 55.1  z0 0.67  garr 73.7  tG 551  e2 0.14  nF 6.6  pS 0.36  ptS 0.35  fLog 0.59  pdΔ -0.1373  pkR 3.06  clip 0.06  kl +0.000 WRr 0.09 v20[spf 0.0 flip 0.0% e2+ 0.0%]
upd  100  steps  206848  sps 958  opp symm  loss -0.008  pg +0.0204  v 0.003  ev +0.97  adv_std 0.083  tR +0.00  ent[s/d/p/e] 2.10/2.49/1.05/0.58  emits 0.70  spf 53.5  z0 0.65  garr 70.5  tG 518  e2 0.14  nF 6.6  pS 0.35  ptS 0.34  fLog 0.59  pdΔ -0.1502  pkR 2.85  clip 0.13  kl +0.004
upd  101  steps  208896  sps 964  opp symm  loss -0.035  pg -0.0064  v 0.003  ev +0.97  adv_std 0.077  tR -1.00  ent[s/d/p/e] 2.16/2.49/1.02/0.57  emits 0.68  spf 54.5  z0 0.66  garr 71.6  tG 547  e2 0.15  nF 7.1  pS 0.37  ptS 0.35  fLog 0.59  pdΔ -0.1303  pkR 2.86  clip 0.10  kl +0.004
upd  102  steps  210944  sps 971  opp symm  loss -0.041  pg -0.0155  v 0.009  ev +0.93  adv_std 0.132  tR +0.25  ent[s/d/p/e] 2.06/2.47/0.96/0.58  emits 0.69  spf 55.9  z0 0.65  garr 66.9  tG 504  e2 0.15  nF 6.6  pS 0.34  ptS 0.34  fLog 0.59  pdΔ -0.1556  pkR 2.72  clip 0.14  kl +0.003
upd  103  steps  212992  sps 977  opp symm  loss +0.000  pg +0.0255  v 0.008  ev +0.92  adv_std 0.121  tR -0.67  ent[s/d/p/e] 2.02/2.45/1.00/0.55  emits 0.56  spf 51.5  z0 0.70  garr 64.8  tG 482  e2 0.12  nF 6.0  pS 0.32  ptS 0.32  fLog 0.59  pdΔ -0.1769  pkR 3.10  clip 0.07  kl +0.002
upd  104  steps  215040  sps 984  opp symm  loss -0.016  pg +0.0094  v 0.006  ev +0.93  adv_std 0.111  tR +0.50  ent[s/d/p/e] 1.93/2.42/0.99/0.52  emits 0.48  spf 51.3  z0 0.73  garr 68.4  tG 466  e2 0.10  nF 4.8  pS 0.29  ptS 0.28  fLog 0.58  pdΔ -0.2097  pkR 3.97  clip 0.09  kl +0.005
upd  105  steps  217088  sps 990  opp symm  loss -0.016  pg +0.0071  v 0.010  ev +0.87  adv_std 0.139  tR +0.25  ent[s/d/p/e] 1.79/2.37/1.02/0.52  emits 0.44  spf 55.5  z0 0.74  garr 69.2  tG 432  e2 0.09  nF 4.3  pS 0.26  ptS 0.25  fLog 0.58  pdΔ -0.2441  pkR 5.47  clip 0.08  kl +0.003
upd  106  steps  219136  sps 997  opp symm  loss -0.069  pg -0.0432  v 0.003  ev +0.96  adv_std 0.077  tR +1.00  ent[s/d/p/e] 1.56/2.31/1.13/0.50  emits 0.33  spf 55.1  z0 0.77  garr 74.0  tG 444  e2 0.06  nF 3.6  pS 0.25  ptS 0.24  fLog 0.59  pdΔ -0.2487  pkR 4.25  clip 0.05  kl +0.000
upd  107  steps  221184  sps 1003  opp symm  loss -0.055  pg -0.0287  v 0.003  ev +0.96  adv_std 0.084  tR +0.00  ent[s/d/p/e] 1.64/2.34/1.09/0.53  emits 0.35  spf 66.5  z0 0.76  garr 83.7  tG 533  e2 0.06  nF 3.4  pS 0.27  ptS 0.26  fLog 0.62  pdΔ -0.2325  pkR 4.44  clip 0.06  kl +0.002
upd  108  steps  223232  sps 1009  opp symm  loss -0.079  pg -0.0526  v 0.005  ev +0.95  adv_std 0.096  tR +0.60  ent[s/d/p/e] 1.81/2.43/1.08/0.53  emits 0.38  spf 69.1  z0 0.75  garr 86.4  tG 584  e2 0.08  nF 3.4  pS 0.29  ptS 0.28  fLog 0.63  pdΔ -0.2110  pkR 3.92  clip 0.09  kl +0.003
upd  109  steps  225280  sps 1016  opp symm  loss -0.067  pg -0.0406  v 0.003  ev +0.97  adv_std 0.077  tR -0.33  ent[s/d/p/e] 1.72/2.36/0.96/0.56  emits 0.42  spf 66.6  z0 0.72  garr 79.8  tG 553  e2 0.09  nF 3.5  pS 0.28  ptS 0.27  fLog 0.62  pdΔ -0.2176  pkR 4.37  clip 0.08  kl +0.005
upd  110  steps  227328  sps 1022  opp symm  loss +0.009  pg +0.0356  v 0.003  ev +0.98  adv_std 0.072  tR -1.00  ent[s/d/p/e] 1.80/2.40/0.93/0.55  emits 0.45  spf 67.1  z0 0.72  garr 79.3  tG 563  e2 0.09  nF 4.3  pS 0.30  ptS 0.29  fLog 0.61  pdΔ -0.2024  pkR 4.27  clip 0.08  kl +0.002
upd  111  steps  229376  sps 1028  opp symm  loss -0.021  pg +0.0058  v 0.004  ev +0.96  adv_std 0.092  tR -0.20  ent[s/d/p/e] 1.83/2.41/0.97/0.57  emits 0.46  spf 65.7  z0 0.70  garr 74.8  tG 529  e2 0.09  nF 4.1  pS 0.30  ptS 0.29  fLog 0.61  pdΔ -0.2039  pkR 4.47  clip 0.11  kl +0.003
upd  112  steps  231424  sps 1034  opp symm  loss -0.029  pg -0.0030  v 0.004  ev +0.96  adv_std 0.086  tR +0.00  ent[s/d/p/e] 1.83/2.40/0.97/0.54  emits 0.38  spf 65.9  z0 0.73  garr 82.1  tG 587  e2 0.08  nF 3.8  pS 0.31  ptS 0.31  fLog 0.62  pdΔ -0.1873  pkR 3.70  clip 0.03  kl +0.000
upd  113  steps  233472  sps 1040  opp symm  loss -0.036  pg -0.0105  v 0.006  ev +0.94  adv_std 0.106  tR +0.00  ent[s/d/p/e] 1.83/2.38/1.01/0.52  emits 0.33  spf 69.9  z0 0.77  garr 89.1  tG 641  e2 0.07  nF 3.2  pS 0.32  ptS 0.31  fLog 0.63  pdΔ -0.1840  pkR 3.79  clip 0.08  kl +0.003
upd  114  steps  235520  sps 1046  opp symm  loss -0.020  pg +0.0053  v 0.006  ev +0.94  adv_std 0.112  tR +1.00  ent[s/d/p/e] 1.91/2.43/1.02/0.54  emits 0.39  spf 70.6  z0 0.73  garr 94.7  tG 661  e2 0.08  nF 3.2  pS 0.32  ptS 0.31  fLog 0.63  pdΔ -0.1838  pkR 4.29  clip 0.07  kl -0.002
upd  115  steps  237568  sps 1053  opp symm  loss -0.021  pg +0.0034  v 0.006  ev +0.95  adv_std 0.115  tR -0.67  ent[s/d/p/e] 1.86/2.42/0.99/0.52  emits 0.36  spf 72.4  z0 0.76  garr 99.0  tG 698  e2 0.07  nF 3.3  pS 0.32  ptS 0.31  fLog 0.63  pdΔ -0.1788  pkR 3.85  clip 0.08  kl +0.001
upd  116  steps  239616  sps 1059  opp symm  loss -0.022  pg +0.0035  v 0.006  ev +0.95  adv_std 0.110  tR -1.00  ent[s/d/p/e] 1.95/2.42/0.98/0.53  emits 0.37  spf 70.9  z0 0.77  garr 106.4  tG 769  e2 0.08  nF 3.7  pS 0.33  ptS 0.32  fLog 0.62  pdΔ -0.1670  pkR 3.89  clip 0.07  kl +0.001
upd  117  steps  241664  sps 1065  opp symm  loss +0.012  pg +0.0374  v 0.007  ev +0.95  adv_std 0.111  tR -0.60  ent[s/d/p/e] 2.02/2.49/0.97/0.52  emits 0.41  spf 78.7  z0 0.74  garr 113.4  tG 842  e2 0.08  nF 4.3  pS 0.34  ptS 0.33  fLog 0.63  pdΔ -0.1570  pkR 4.09  clip 0.06  kl +0.003
upd  118  steps  243712  sps 1071  opp symm  loss -0.013  pg +0.0130  v 0.005  ev +0.96  adv_std 0.099  tR +0.00  ent[s/d/p/e] 1.85/2.41/1.09/0.50  emits 0.33  spf 75.2  z0 0.76  garr 110.2  tG 837  e2 0.06  nF 3.6  pS 0.33  ptS 0.32  fLog 0.63  pdΔ -0.1720  pkR 3.90  clip 0.06  kl +0.002
upd  119  steps  245760  sps 1077  opp symm  loss -0.011  pg +0.0147  v 0.007  ev +0.94  adv_std 0.112  tR -0.25  ent[s/d/p/e] 1.79/2.33/1.12/0.55  emits 0.40  spf 83.4  z0 0.72  garr 100.0  tG 769  e2 0.07  nF 3.2  pS 0.32  ptS 0.31  fLog 0.64  pdΔ -0.1825  pkR 4.39  clip 0.06  kl -0.000
upd  120  steps  247808  sps 1082  opp symm  loss -0.002  pg +0.0226  v 0.007  ev +0.93  adv_std 0.115  tR +0.11  ent[s/d/p/e] 1.72/2.34/1.17/0.50  emits 0.34  spf 68.1  z0 0.76  garr 92.7  tG 690  e2 0.06  nF 3.2  pS 0.30  ptS 0.29  fLog 0.62  pdΔ -0.2007  pkR 4.01  clip 0.09  kl +0.002
upd  121  steps  249856  sps 1088  opp symm  loss -0.020  pg +0.0037  v 0.011  ev +0.88  adv_std 0.143  tR -0.67  ent[s/d/p/e] 1.73/2.31/1.18/0.57  emits 0.44  spf 65.4  z0 0.73  garr 82.6  tG 612  e2 0.09  nF 4.0  pS 0.29  ptS 0.28  fLog 0.61  pdΔ -0.2137  pkR 5.24  clip 0.26  kl +0.006
upd  122  steps  251904  sps 1094  opp symm  loss -0.020  pg +0.0066  v 0.004  ev +0.96  adv_std 0.087  tR +1.00  ent[s/d/p/e] 1.85/2.33/1.15/0.54  emits 0.44  spf 61.6  z0 0.73  garr 86.0  tG 680  e2 0.09  nF 4.7  pS 0.31  ptS 0.31  fLog 0.59  pdΔ -0.1881  pkR 5.23  clip 0.06  kl +0.002
upd  123  steps  253952  sps 1100  opp symm  loss -0.018  pg +0.0091  v 0.004  ev +0.96  adv_std 0.086  tR +0.20  ent[s/d/p/e] 1.91/2.37/1.18/0.55  emits 0.46  spf 63.9  z0 0.72  garr 89.2  tG 738  e2 0.10  nF 4.9  pS 0.33  ptS 0.33  fLog 0.61  pdΔ -0.1721  pkR 4.95  clip 0.04  kl +0.001
upd  124  steps  256000  sps 1106  opp symm  loss -0.039  pg -0.0145  v 0.009  ev +0.91  adv_std 0.136  tR -0.14  ent[s/d/p/e] 1.97/2.41/1.13/0.55  emits 0.46  spf 69.5  z0 0.72  garr 92.4  tG 752  e2 0.10  nF 4.4  pS 0.32  ptS 0.31  fLog 0.61  pdΔ -0.1837  pkR 5.26  clip 0.11  kl +0.001
upd  125  steps  258048  sps 1111  opp symm  loss -0.029  pg -0.0026  v 0.006  ev +0.95  adv_std 0.107  tR +0.00  ent[s/d/p/e] 1.81/2.33/1.17/0.54  emits 0.44  spf 66.3  z0 0.72  garr 78.5  tG 608  e2 0.09  nF 4.4  pS 0.30  ptS 0.29  fLog 0.61  pdΔ -0.2049  pkR 5.42  clip 0.07  kl +0.003
upd  126  steps  260096  sps 1117  opp symm  loss -0.034  pg -0.0089  v 0.008  ev +0.94  adv_std 0.127  tR +0.33  ent[s/d/p/e] 1.82/2.28/1.18/0.56  emits 0.51  spf 59.4  z0 0.69  garr 70.0  tG 540  e2 0.11  nF 5.0  pS 0.29  ptS 0.28  fLog 0.59  pdΔ -0.2123  pkR 4.75  clip 0.10  kl +0.003
upd  127  steps  262144  sps 1123  opp symm  loss -0.003  pg +0.0222  v 0.007  ev +0.95  adv_std 0.118  tR -1.00  ent[s/d/p/e] 1.79/2.30/1.18/0.56  emits 0.44  spf 56.5  z0 0.71  garr 65.5  tG 489  e2 0.10  nF 4.8  pS 0.30  ptS 0.29  fLog 0.59  pdΔ -0.2046  pkR 4.68  clip 0.08  kl +0.004
upd  128  steps  264192  sps 1128  opp symm  loss -0.027  pg -0.0013  v 0.007  ev +0.96  adv_std 0.115  tR +0.50  ent[s/d/p/e] 1.88/2.35/1.10/0.56  emits 0.49  spf 55.5  z0 0.70  garr 74.0  tG 560  e2 0.10  nF 5.2  pS 0.31  ptS 0.30  fLog 0.58  pdΔ -0.1898  pkR 4.86  clip 0.07  kl +0.002
upd  129  steps  266240  sps 1134  opp symm  loss -0.048  pg -0.0214  v 0.008  ev +0.95  adv_std 0.125  tR +0.00  ent[s/d/p/e] 1.99/2.42/1.13/0.59  emits 0.57  spf 59.2  z0 0.68  garr 73.2  tG 556  e2 0.13  nF 5.9  pS 0.32  ptS 0.31  fLog 0.59  pdΔ -0.1782  pkR 5.28  clip 0.08  kl +0.003
upd  130  steps  268288  sps 1140  opp symm  loss -0.033  pg -0.0047  v 0.004  ev +0.97  adv_std 0.091  tR -0.20  ent[s/d/p/e] 1.94/2.36/1.15/0.59  emits 0.55  spf 53.0  z0 0.67  garr 72.6  tG 579  e2 0.13  nF 6.1  pS 0.34  ptS 0.33  fLog 0.57  pdΔ -0.1555  pkR 4.93  clip 0.06  kl +0.001
upd  131  steps  270336  sps 1145  opp symm  loss +0.000  pg +0.0276  v 0.006  ev +0.96  adv_std 0.106  tR +0.00  ent[s/d/p/e] 1.99/2.40/1.14/0.59  emits 0.61  spf 58.2  z0 0.66  garr 74.8  tG 634  e2 0.14  nF 6.5  pS 0.36  ptS 0.34  fLog 0.59  pdΔ -0.1445  pkR 4.53  clip 0.06  kl +0.001
upd  132  steps  272384  sps 1151  opp symm  loss -0.029  pg -0.0008  v 0.004  ev +0.97  adv_std 0.096  tR -0.33  ent[s/d/p/e] 2.09/2.45/1.13/0.59  emits 0.58  spf 63.8  z0 0.68  garr 78.6  tG 677  e2 0.14  nF 6.3  pS 0.37  ptS 0.36  fLog 0.60  pdΔ -0.1315  pkR 4.67  clip 0.13  kl +0.008
upd  133  steps  274432  sps 1156  opp symm  loss -0.031  pg -0.0056  v 0.009  ev +0.93  adv_std 0.136  tR +0.71  ent[s/d/p/e] 1.98/2.39/1.13/0.55  emits 0.49  spf 63.5  z0 0.71  garr 81.2  tG 705  e2 0.11  nF 5.7  pS 0.36  ptS 0.35  fLog 0.60  pdΔ -0.1431  pkR 5.04  clip 0.10  kl +0.004
upd  134  steps  276480  sps 1162  opp symm  loss -0.047  pg -0.0197  v 0.004  ev +0.97  adv_std 0.091  tR +0.00  ent[s/d/p/e] 1.99/2.38/1.08/0.57  emits 0.62  spf 55.2  z0 0.67  garr 73.6  tG 636  e2 0.14  nF 6.1  pS 0.34  ptS 0.33  fLog 0.57  pdΔ -0.1595  pkR 7.60  clip 0.10  kl +0.002
upd  135  steps  278528  sps 1167  opp symm  loss -0.023  pg +0.0030  v 0.006  ev +0.94  adv_std 0.108  tR +0.11  ent[s/d/p/e] 1.95/2.34/1.16/0.55  emits 0.52  spf 49.6  z0 0.68  garr 70.9  tG 554  e2 0.11  nF 6.4  pS 0.33  ptS 0.32  fLog 0.57  pdΔ -0.1735  pkR 4.32  clip 0.17  kl +0.006
upd  136  steps  280576  sps 1173  opp symm  loss -0.032  pg -0.0042  v 0.005  ev +0.94  adv_std 0.095  tR +0.33  ent[s/d/p/e] 1.81/2.28/1.18/0.59  emits 0.50  spf 57.0  z0 0.69  garr 71.8  tG 554  e2 0.11  nF 5.3  pS 0.32  ptS 0.31  fLog 0.58  pdΔ -0.1809  pkR 4.01  clip 0.09  kl +0.007
upd  137  steps  282624  sps 1178  opp symm  loss -0.003  pg +0.0231  v 0.008  ev +0.93  adv_std 0.122  tR -1.00  ent[s/d/p/e] 1.90/2.31/1.14/0.57  emits 0.52  spf 59.3  z0 0.68  garr 73.8  tG 579  e2 0.11  nF 5.5  pS 0.33  ptS 0.32  fLog 0.60  pdΔ -0.1671  pkR 4.03  clip 0.18  kl +0.004
upd  138  steps  284672  sps 1183  opp symm  loss -0.022  pg +0.0039  v 0.009  ev +0.92  adv_std 0.129  tR -0.60  ent[s/d/p/e] 1.97/2.35/1.11/0.61  emits 0.64  spf 56.2  z0 0.65  garr 72.9  tG 580  e2 0.14  nF 6.5  pS 0.35  ptS 0.34  fLog 0.58  pdΔ -0.1478  pkR 4.54  clip 0.16  kl +0.005
upd  139  steps  286720  sps 1188  opp symm  loss -0.024  pg +0.0052  v 0.004  ev +0.96  adv_std 0.095  tR +1.00  ent[s/d/p/e] 2.05/2.44/1.20/0.59  emits 0.59  spf 57.1  z0 0.67  garr 74.4  tG 584  e2 0.12  nF 6.3  pS 0.36  ptS 0.35  fLog 0.60  pdΔ -0.1353  pkR 3.37  clip 0.12  kl +0.001
upd  140  steps  288768  sps 1194  opp symm  loss +0.007  pg +0.0348  v 0.006  ev +0.95  adv_std 0.104  tR +0.60  ent[s/d/p/e] 2.05/2.41/1.12/0.59  emits 0.69  spf 53.0  z0 0.64  garr 73.8  tG 599  e2 0.15  nF 6.5  pS 0.37  ptS 0.36  fLog 0.58  pdΔ -0.1310  pkR 4.18  clip 0.07  kl +0.002
upd  141  steps  290816  sps 1199  opp symm  loss -0.000  pg +0.0270  v 0.007  ev +0.94  adv_std 0.115  tR +0.50  ent[s/d/p/e] 2.07/2.40/1.18/0.58  emits 0.60  spf 57.4  z0 0.66  garr 75.0  tG 613  e2 0.13  nF 7.2  pS 0.38  ptS 0.36  fLog 0.58  pdΔ -0.1241  pkR 4.70  clip 0.12  kl +0.005
upd  142  steps  292864  sps 1204  opp symm  loss -0.006  pg +0.0212  v 0.007  ev +0.92  adv_std 0.118  tR +0.20  ent[s/d/p/e] 2.07/2.43/1.15/0.57  emits 0.59  spf 59.4  z0 0.69  garr 76.1  tG 625  e2 0.12  nF 6.3  pS 0.36  ptS 0.35  fLog 0.59  pdΔ -0.1356  pkR 4.35  clip 0.06  kl +0.001
upd  143  steps  294912  sps 1209  opp symm  loss -0.001  pg +0.0269  v 0.006  ev +0.93  adv_std 0.110  tR -1.00  ent[s/d/p/e] 2.10/2.42/1.17/0.58  emits 0.65  spf 54.5  z0 0.66  garr 79.5  tG 643  e2 0.14  nF 7.1  pS 0.37  ptS 0.36  fLog 0.59  pdΔ -0.1308  pkR 4.22  clip 0.08  kl +0.000
upd  144  steps  296960  sps 1215  opp symm  loss -0.026  pg +0.0008  v 0.008  ev +0.91  adv_std 0.127  tR +0.20  ent[s/d/p/e] 2.13/2.43/1.18/0.59  emits 0.69  spf 56.4  z0 0.64  garr 79.8  tG 646  e2 0.15  nF 7.3  pS 0.38  ptS 0.37  fLog 0.59  pdΔ -0.1190  pkR 3.85  clip 0.06  kl +0.001
upd  145  steps  299008  sps 1220  opp symm  loss +0.017  pg +0.0455  v 0.004  ev +0.95  adv_std 0.093  tR -1.00  ent[s/d/p/e] 2.11/2.41/1.13/0.57  emits 0.65  spf 54.8  z0 0.67  garr 79.0  tG 651  e2 0.14  nF 6.8  pS 0.38  ptS 0.37  fLog 0.58  pdΔ -0.1191  pkR 3.59  clip 0.08  kl +0.004
upd  146  steps  301056  sps 1225  opp symm  loss -0.044  pg -0.0182  v 0.009  ev +0.91  adv_std 0.131  tR +0.00  ent[s/d/p/e] 2.12/2.41/1.14/0.57  emits 0.65  spf 56.6  z0 0.66  garr 77.9  tG 673  e2 0.14  nF 6.7  pS 0.37  ptS 0.37  fLog 0.58  pdΔ -0.1259  pkR 3.67  clip 0.11  kl +0.004
upd  147  steps  303104  sps 1230  opp symm  loss -0.016  pg +0.0123  v 0.004  ev +0.95  adv_std 0.089  tR -0.20  ent[s/d/p/e] 2.13/2.42/1.17/0.57  emits 0.69  spf 54.7  z0 0.65  garr 72.4  tG 616  e2 0.14  nF 7.5  pS 0.37  ptS 0.36  fLog 0.58  pdΔ -0.1316  pkR 4.40  clip 0.12  kl -0.000
upd  148  steps  305152  sps 1235  opp symm  loss -0.013  pg +0.0118  v 0.010  ev +0.89  adv_std 0.141  tR -0.67  ent[s/d/p/e] 2.12/2.35/1.14/0.57  emits 0.72  spf 49.5  z0 0.64  garr 71.5  tG 612  e2 0.16  nF 7.8  pS 0.38  ptS 0.37  fLog 0.57  pdΔ -0.1181  pkR 4.48  clip 0.11  kl +0.004
upd  149  steps  307200  sps 1240  opp symm  loss -0.018  pg +0.0088  v 0.007  ev +0.91  adv_std 0.114  tR -0.20  ent[s/d/p/e] 2.12/2.37/1.14/0.56  emits 0.70  spf 48.2  z0 0.65  garr 68.2  tG 562  e2 0.15  nF 7.9  pS 0.36  ptS 0.35  fLog 0.57  pdΔ -0.1410  pkR 4.92  clip 0.15  kl +0.007
upd  150  steps  309248  sps 1245  opp symm  loss -0.028  pg -0.0036  v 0.012  ev +0.85  adv_std 0.156  tR -0.33  ent[s/d/p/e] 2.07/2.30/1.18/0.57  emits 0.71  spf 51.4  z0 0.65  garr 66.6  tG 536  e2 0.15  nF 7.4  pS 0.35  ptS 0.34  fLog 0.58  pdΔ -0.1537  pkR 5.45  clip 0.10  kl +0.005
upd  151  steps  311296  sps 1250  opp symm  loss -0.011  pg +0.0158  v 0.006  ev +0.91  adv_std 0.111  tR -0.20  ent[s/d/p/e] 2.07/2.32/1.16/0.56  emits 0.71  spf 47.5  z0 0.66  garr 55.8  tG 452  e2 0.15  nF 7.7  pS 0.33  ptS 0.33  fLog 0.57  pdΔ -0.1694  pkR 5.20  clip 0.13  kl +0.005
upd  152  steps  313344  sps 1255  opp symm  loss -0.006  pg +0.0205  v 0.007  ev +0.91  adv_std 0.115  tR +1.00  ent[s/d/p/e] 2.01/2.29/1.17/0.58  emits 0.73  spf 48.9  z0 0.63  garr 53.1  tG 437  e2 0.16  nF 8.2  pS 0.34  ptS 0.34  fLog 0.57  pdΔ -0.1644  pkR 3.86  clip 0.07  kl +0.001
upd  153  steps  315392  sps 1260  opp symm  loss -0.027  pg +0.0016  v 0.004  ev +0.94  adv_std 0.090  tR +0.00  ent[s/d/p/e] 2.04/2.31/1.16/0.59  emits 0.72  spf 47.8  z0 0.63  garr 55.3  tG 453  e2 0.16  nF 8.3  pS 0.35  ptS 0.34  fLog 0.57  pdΔ -0.1530  pkR 4.13  clip 0.05  kl +0.001
upd  154  steps  317440  sps 1265  opp symm  loss -0.039  pg -0.0133  v 0.008  ev +0.90  adv_std 0.126  tR +0.14  ent[s/d/p/e] 2.01/2.28/1.20/0.57  emits 0.65  spf 49.1  z0 0.64  garr 54.6  tG 454  e2 0.14  nF 7.4  pS 0.34  ptS 0.34  fLog 0.58  pdΔ -0.1605  pkR 4.85  clip 0.14  kl +0.004
upd  155  steps  319488  sps 1270  opp symm  loss -0.022  pg +0.0054  v 0.004  ev +0.95  adv_std 0.087  tR +1.00  ent[s/d/p/e] 1.92/2.22/1.18/0.58  emits 0.67  spf 46.6  z0 0.64  garr 53.5  tG 421  e2 0.15  nF 7.0  pS 0.33  ptS 0.33  fLog 0.58  pdΔ -0.1681  pkR 4.11  clip 0.10  kl +0.001
upd  156  steps  321536  sps 1275  opp symm  loss -0.070  pg -0.0423  v 0.004  ev +0.95  adv_std 0.095  tR +0.33  ent[s/d/p/e] 1.95/2.23/1.18/0.59  emits 0.67  spf 47.5  z0 0.64  garr 52.5  tG 413  e2 0.15  nF 7.1  pS 0.34  ptS 0.33  fLog 0.57  pdΔ -0.1626  pkR 5.83  clip 0.10  kl +0.004
upd  157  steps  323584  sps 1279  opp symm  loss -0.025  pg +0.0036  v 0.003  ev +0.97  adv_std 0.079  tR +0.00  ent[s/d/p/e] 1.97/2.24/1.19/0.59  emits 0.73  spf 45.7  z0 0.63  garr 52.3  tG 423  e2 0.17  nF 7.8  pS 0.36  ptS 0.34  fLog 0.57  pdΔ -0.1429  pkR 4.35  clip 0.12  kl +0.002
upd  158  steps  325632  sps 1284  opp symm  loss -0.027  pg +0.0015  v 0.004  ev +0.96  adv_std 0.083  tR +1.00  ent[s/d/p/e] 1.99/2.24/1.16/0.59  emits 0.80  spf 47.4  z0 0.62  garr 55.1  tG 449  e2 0.18  nF 8.0  pS 0.36  ptS 0.35  fLog 0.57  pdΔ -0.1374  pkR 5.41  clip 0.13  kl +0.006
upd  159  steps  327680  sps 1289  opp symm  loss -0.040  pg -0.0136  v 0.006  ev +0.94  adv_std 0.111  tR -0.33  ent[s/d/p/e] 2.01/2.21/1.18/0.58  emits 0.73  spf 50.9  z0 0.66  garr 61.3  tG 522  e2 0.16  nF 8.2  pS 0.38  ptS 0.37  fLog 0.59  pdΔ -0.1213  pkR 4.41  clip 0.15  kl +0.003
upd  160  steps  329728  sps 1294  opp symm  loss -0.010  pg +0.0165  v 0.007  ev +0.93  adv_std 0.120  tR -0.60  ent[s/d/p/e] 2.10/2.28/1.18/0.58  emits 0.80  spf 54.8  z0 0.61  garr 65.6  tG 605  e2 0.18  nF 7.8  pS 0.40  ptS 0.40  fLog 0.60  pdΔ -0.0960  pkR 4.68  clip 0.10  kl +0.002
upd  161  steps  331776  sps 1298  opp symm  loss -0.009  pg +0.0174  v 0.008  ev +0.93  adv_std 0.123  tR +0.67  ent[s/d/p/e] 2.15/2.30/1.21/0.54  emits 0.69  spf 50.8  z0 0.66  garr 70.1  tG 664  e2 0.14  nF 7.9  pS 0.41  ptS 0.40  fLog 0.58  pdΔ -0.0949  pkR 5.19  clip 0.16  kl +0.003
upd  162  steps  333824  sps 1303  opp symm  loss -0.003  pg +0.0241  v 0.005  ev +0.94  adv_std 0.103  tR +0.67  ent[s/d/p/e] 2.08/2.26/1.21/0.54  emits 0.62  spf 49.2  z0 0.69  garr 74.7  tG 690  e2 0.14  nF 6.3  pS 0.37  ptS 0.37  fLog 0.57  pdΔ -0.1250  pkR 5.53  clip 0.13  kl +0.005
upd  163  steps  335872  sps 1308  opp symm  loss +0.038  pg +0.0644  v 0.006  ev +0.93  adv_std 0.107  tR +1.00  ent[s/d/p/e] 1.93/2.22/1.18/0.53  emits 0.52  spf 55.0  z0 0.71  garr 83.8  tG 751  e2 0.11  nF 5.4  pS 0.36  ptS 0.36  fLog 0.58  pdΔ -0.1409  pkR 5.93  clip 0.10  kl +0.005
upd  164  steps  337920  sps 1313  opp symm  loss +0.031  pg +0.0570  v 0.007  ev +0.92  adv_std 0.116  tR +0.60  ent[s/d/p/e] 1.89/2.23/1.24/0.51  emits 0.46  spf 60.4  z0 0.73  garr 94.3  tG 840  e2 0.10  nF 5.1  pS 0.36  ptS 0.36  fLog 0.60  pdΔ -0.1413  pkR 5.13  clip 0.10  kl +0.001
upd  165  steps  339968  sps 1317  opp symm  loss -0.034  pg -0.0074  v 0.004  ev +0.95  adv_std 0.093  tR +0.50  ent[s/d/p/e] 1.87/2.13/1.20/0.53  emits 0.50  spf 60.3  z0 0.73  garr 100.4  tG 877  e2 0.11  nF 5.0  pS 0.35  ptS 0.35  fLog 0.59  pdΔ -0.1473  pkR 4.82  clip 0.11  kl +0.004
upd  166  steps  342016  sps 1322  opp symm  loss +0.015  pg +0.0400  v 0.008  ev +0.90  adv_std 0.125  tR +1.00  ent[s/d/p/e] 1.86/2.13/1.28/0.51  emits 0.46  spf 62.9  z0 0.74  garr 103.6  tG 870  e2 0.09  nF 4.6  pS 0.34  ptS 0.33  fLog 0.60  pdΔ -0.1648  pkR 4.70  clip 0.10  kl +0.002
upd  167  steps  344064  sps 1326  opp symm  loss -0.065  pg -0.0402  v 0.005  ev +0.93  adv_std 0.105  tR +0.33  ent[s/d/p/e] 1.69/2.04/1.23/0.49  emits 0.40  spf 53.2  z0 0.76  garr 99.6  tG 778  e2 0.08  nF 4.4  pS 0.30  ptS 0.30  fLog 0.57  pdΔ -0.2024  pkR 5.95  clip 0.08  kl +0.004
upd  168  steps  346112  sps 1331  opp symm  loss -0.042  pg -0.0154  v 0.005  ev +0.94  adv_std 0.096  tR -1.00  ent[s/d/p/e] 1.80/2.05/1.24/0.54  emits 0.47  spf 56.5  z0 0.73  garr 105.0  tG 806  e2 0.11  nF 4.8  pS 0.32  ptS 0.31  fLog 0.58  pdΔ -0.1838  pkR 5.06  clip 0.09  kl +0.004
upd  169  steps  348160  sps 1335  opp symm  loss -0.029  pg -0.0041  v 0.006  ev +0.93  adv_std 0.108  tR +0.20  ent[s/d/p/e] 1.87/2.12/1.23/0.50  emits 0.48  spf 58.3  z0 0.73  garr 108.8  tG 860  e2 0.10  nF 5.2  pS 0.33  ptS 0.32  fLog 0.59  pdΔ -0.1713  pkR 4.83  clip 0.11  kl +0.004
upd  170  steps  350208  sps 1340  opp symm  loss -0.035  pg -0.0083  v 0.005  ev +0.95  adv_std 0.099  tR +0.00  ent[s/d/p/e] 1.90/2.15/1.22/0.53  emits 0.47  spf 59.6  z0 0.73  garr 102.0  tG 836  e2 0.09  nF 5.5  pS 0.33  ptS 0.33  fLog 0.59  pdΔ -0.1658  pkR 5.81  clip 0.10  kl +0.002
upd  171  steps  352256  sps 1345  opp symm  loss -0.066  pg -0.0419  v 0.008  ev +0.93  adv_std 0.132  tR +0.14  ent[s/d/p/e] 1.98/2.19/1.19/0.52  emits 0.46  spf 62.5  z0 0.74  garr 107.1  tG 857  e2 0.10  nF 4.9  pS 0.33  ptS 0.33  fLog 0.61  pdΔ -0.1670  pkR 5.96  clip 0.08  kl +0.004
upd  172  steps  354304  sps 1349  opp symm  loss -0.006  pg +0.0206  v 0.004  ev +0.96  adv_std 0.092  tR +0.50  ent[s/d/p/e] 1.86/2.06/1.22/0.55  emits 0.50  spf 59.8  z0 0.71  garr 88.6  tG 708  e2 0.10  nF 5.1  pS 0.32  ptS 0.32  fLog 0.60  pdΔ -0.1755  pkR 7.40  clip 0.08  kl +0.004
upd  173  steps  356352  sps 1353  opp symm  loss -0.006  pg +0.0208  v 0.006  ev +0.95  adv_std 0.112  tR -0.20  ent[s/d/p/e] 1.84/2.11/1.29/0.56  emits 0.50  spf 53.1  z0 0.69  garr 80.1  tG 657  e2 0.11  nF 5.5  pS 0.34  ptS 0.34  fLog 0.59  pdΔ -0.1631  pkR 7.10  clip 0.04  kl -0.001
upd  174  steps  358400  sps 1358  opp symm  loss +0.014  pg +0.0407  v 0.005  ev +0.96  adv_std 0.099  tR +1.00  ent[s/d/p/e] 1.88/2.13/1.34/0.55  emits 0.46  spf 60.7  z0 0.71  garr 81.5  tG 681  e2 0.10  nF 5.4  pS 0.34  ptS 0.35  fLog 0.60  pdΔ -0.1559  pkR 6.33  clip 0.07  kl +0.000
upd  175  steps  360448  sps 1362  opp symm  loss -0.047  pg -0.0197  v 0.006  ev +0.95  adv_std 0.112  tR +0.00  ent[s/d/p/e] 2.01/2.23/1.34/0.56  emits 0.50  spf 57.9  z0 0.72  garr 87.1  tG 712  e2 0.11  nF 5.7  pS 0.37  ptS 0.36  fLog 0.60  pdΔ -0.1347  pkR 5.20  clip 0.09  kl +0.002
upd  176  steps  362496  sps 1367  opp symm  loss -0.013  pg +0.0145  v 0.006  ev +0.96  adv_std 0.106  tR +0.33  ent[s/d/p/e] 2.07/2.26/1.33/0.52  emits 0.49  spf 62.1  z0 0.73  garr 90.6  tG 765  e2 0.11  nF 5.5  pS 0.37  ptS 0.37  fLog 0.61  pdΔ -0.1258  pkR 5.81  clip 0.09  kl +0.005
upd  177  steps  364544  sps 1371  opp symm  loss -0.063  pg -0.0392  v 0.012  ev +0.92  adv_std 0.152  tR -0.40  ent[s/d/p/e] 1.89/2.17/1.33/0.55  emits 0.46  spf 58.0  z0 0.73  garr 88.9  tG 771  e2 0.10  nF 4.8  pS 0.37  ptS 0.36  fLog 0.60  pdΔ -0.1308  pkR 5.24  clip 0.12  kl +0.002
upd  178  steps  366592  sps 1375  opp symm  loss -0.013  pg +0.0125  v 0.007  ev +0.95  adv_std 0.121  tR +0.43  ent[s/d/p/e] 1.90/2.14/1.33/0.54  emits 0.46  spf 57.5  z0 0.72  garr 80.5  tG 700  e2 0.10  nF 5.1  pS 0.36  ptS 0.35  fLog 0.60  pdΔ -0.1374  pkR 4.22  clip 0.07  kl +0.002
upd  179  steps  368640  sps 1380  opp symm  loss +0.005  pg +0.0316  v 0.006  ev +0.95  adv_std 0.109  tR +1.00  ent[s/d/p/e] 1.83/2.17/1.35/0.56  emits 0.51  spf 59.6  z0 0.68  garr 79.9  tG 685  e2 0.11  nF 4.8  pS 0.36  ptS 0.35  fLog 0.60  pdΔ -0.1393  pkR 4.11  clip 0.08  kl +0.002
upd  180  steps  370688  sps 1384  opp symm  loss -0.029  pg -0.0011  v 0.005  ev +0.96  adv_std 0.104  tR -0.20  ent[s/d/p/e] 1.97/2.17/1.33/0.59  emits 0.64  spf 56.5  z0 0.65  garr 73.1  tG 623  e2 0.14  nF 6.3  pS 0.37  ptS 0.36  fLog 0.60  pdΔ -0.1284  pkR 4.66  clip 0.07  kl +0.000
upd  181  steps  372736  sps 1388  opp symm  loss -0.040  pg -0.0132  v 0.006  ev +0.95  adv_std 0.107  tR +0.14  ent[s/d/p/e] 1.92/2.11/1.32/0.58  emits 0.63  spf 51.0  z0 0.65  garr 65.5  tG 531  e2 0.15  nF 7.4  pS 0.36  ptS 0.35  fLog 0.59  pdΔ -0.1392  pkR 5.37  clip 0.06  kl +0.003
upd  182  steps  374784  sps 1393  opp symm  loss -0.013  pg +0.0136  v 0.007  ev +0.94  adv_std 0.114  tR +0.71  ent[s/d/p/e] 1.79/2.17/1.37/0.57  emits 0.51  spf 56.0  z0 0.69  garr 70.5  tG 549  e2 0.11  nF 5.3  pS 0.33  ptS 0.32  fLog 0.60  pdΔ -0.1688  pkR 6.20  clip 0.09  kl +0.001
upd  183  steps  376832  sps 1397  opp symm  loss -0.034  pg -0.0068  v 0.007  ev +0.94  adv_std 0.120  tR -1.00  ent[s/d/p/e] 1.78/2.16/1.39/0.59  emits 0.47  spf 58.6  z0 0.69  garr 67.8  tG 528  e2 0.10  nF 5.0  pS 0.34  ptS 0.32  fLog 0.61  pdΔ -0.1586  pkR 4.36  clip 0.08  kl +0.002
upd  184  steps  378880  sps 1401  opp symm  loss -0.023  pg +0.0055  v 0.005  ev +0.95  adv_std 0.102  tR +0.33  ent[s/d/p/e] 1.85/2.18/1.40/0.60  emits 0.51  spf 64.1  z0 0.68  garr 76.0  tG 634  e2 0.11  nF 4.9  pS 0.37  ptS 0.35  fLog 0.63  pdΔ -0.1299  pkR 3.46  clip 0.08  kl +0.002
upd  185  steps  380928  sps 1405  opp symm  loss -0.028  pg +0.0011  v 0.005  ev +0.95  adv_std 0.103  tR +0.33  ent[s/d/p/e] 1.86/2.14/1.41/0.62  emits 0.61  spf 64.1  z0 0.64  garr 77.6  tG 675  e2 0.14  nF 5.9  pS 0.39  ptS 0.37  fLog 0.62  pdΔ -0.1105  pkR 3.52  clip 0.04  kl +0.004