
=== [2026-06-11T03:46:31Z] v14e_binary_v1_a_p0i4_ORBITWARS_SHAPING_RELEASE_0.0075_24ee827606 phase=a kind=probe chunk=300 env={"ORBITWARS_SHAPING_ANTI_HOARD": 0.03, "ORBITWARS_SHAPING_CAPTURE": 0.06, "ORBITWARS_SHAPING_RELEASE": 0.0075, "ORBITWARS_SHAPING_RELEASE_K": 17.0, "ORBITWARS_SHAPING_PROD_SHARE_DELTA": 0.01, "ORBITWARS_SHAPING_ONE_SHIP_PENALTY": 0.01} ppo={"ent_coef_emit": 0.0175, "lr_peak": 4.5e-05} ===
[reward] kaggle-aligned: terminal +1 win/+1 tie>0/-1 loss/-1 double-wipeout; is_terminal at step >= episode_steps-2; SHAPING_SCALE=0.0; v1: KEEP_HOME=0.0 FLEET_SIZE=0.0/norm20.0; v2 (expert-replay calibrated): PROD_SHARE=0.0 PLANET_SHARE=0.0 FLEET_LOG=0.0/ref500.0/floor0.3; v3 (top10-2630ep calibrated): PROD_SHARE_DELTA=0.01 EMIT_LOG=0.0 EMIT_GATED=0.0 RELEASE=0.0075/K17.0 CAPTURE=0.06; ANTI_HOARD=0.03/thresh0.6; episode_steps=500 (kaggle=500, mismatch=False)
[symmetric] Frog Parade style: same params drive BOTH players, no frozen/strong/buffer opponents, zero_sum_value=True
upd    0  steps    2048  sps 38  opp symm  loss +0.087  pg +0.1010  v 0.002  ev +0.18  adv_std 0.060  tR +0.00  ent[s/d/p/e] 0.40/1.09/1.07/0.23  emits 0.59  spf 11.1  z0 0.64  garr 11.1  tG 16  e2 0.13  nF 3.4  pS 0.08  ptS 0.07  fLog 0.37  pdΔ -0.4242  pkR 5.25  clip 0.03  kl -0.000
upd    1  steps    4096  sps 74  opp symm  loss +0.092  pg +0.1094  v 0.003  ev +0.38  adv_std 0.080  tR +0.00  ent[s/d/p/e] 0.82/1.27/1.04/0.38  emits 1.32  spf 11.0  z0 0.46  garr 10.9  tG 29  e2 0.34  nF 12.6  pS 0.13  ptS 0.12  fLog 0.36  pdΔ -0.3723  pkR 6.01  clip 0.14  kl +0.002
upd    2  steps    6144  sps 110  opp symm  loss +0.039  pg +0.0584  v 0.006  ev +0.51  adv_std 0.101  tR +1.00  ent[s/d/p/e] 1.10/1.54/1.03/0.48  emits 1.83  spf 11.9  z0 0.38  garr 12.3  tG 51  e2 0.43  nF 22.0  pS 0.19  ptS 0.18  fLog 0.37  pdΔ -0.3090  pkR 6.37  clip 0.18  kl +0.005
upd    3  steps    8192  sps 145  opp symm  loss -0.061  pg -0.0423  v 0.012  ev +0.26  adv_std 0.148  tR +0.33  ent[s/d/p/e] 1.40/1.84/1.00/0.51  emits 1.94  spf 14.3  z0 0.37  garr 14.7  tG 88  e2 0.45  nF 25.4  pS 0.26  ptS 0.24  fLog 0.39  pdΔ -0.2420  pkR 5.41  clip 0.21  kl +0.007
upd    4  steps   10240  sps 179  opp symm  loss -0.013  pg +0.0053  v 0.016  ev +0.15  adv_std 0.172  tR +1.00  ent[s/d/p/e] 1.60/2.00/1.00/0.51  emits 1.96  spf 15.3  z0 0.38  garr 15.7  tG 102  e2 0.44  nF 26.2  pS 0.28  ptS 0.27  fLog 0.39  pdΔ -0.2156  pkR 5.34  clip 0.27  kl +0.006
upd    5  steps   12288  sps 213  opp symm  loss -0.029  pg -0.0084  v 0.008  ev +0.30  adv_std 0.112  tR -0.33  ent[s/d/p/e] 1.64/2.05/0.96/0.46  emits 2.27  spf 14.8  z0 0.35  garr 14.7  tG 104  e2 0.47  nF 28.1  pS 0.29  ptS 0.28  fLog 0.39  pdΔ -0.2063  pkR 6.24  clip 0.25  kl +0.011
upd    6  steps   14336  sps 246  opp symm  loss -0.039  pg -0.0166  v 0.009  ev +0.16  adv_std 0.122  tR -0.33  ent[s/d/p/e] 1.81/2.17/1.02/0.51  emits 2.21  spf 15.9  z0 0.36  garr 15.9  tG 131  e2 0.46  nF 31.5  pS 0.33  ptS 0.32  fLog 0.39  pdΔ -0.1670  pkR 6.07  clip 0.35  kl +0.019
upd    7  steps   16384  sps 278  opp symm  loss -0.100  pg -0.0760  v 0.007  ev +0.60  adv_std 0.105  tR -0.33  ent[s/d/p/e] 1.93/2.26/1.00/0.50  emits 2.15  spf 18.7  z0 0.36  garr 17.5  tG 165  e2 0.44  nF 31.6  pS 0.37  ptS 0.35  fLog 0.41  pdΔ -0.1259  pkR 5.31  clip 0.23  kl +0.008
upd    8  steps   18432  sps 309  opp symm  loss -0.043  pg -0.0185  v 0.006  ev +0.59  adv_std 0.091  tR +0.00  ent[s/d/p/e] 1.86/2.23/1.01/0.50  emits 2.06  spf 19.5  z0 0.38  garr 18.5  tG 174  e2 0.43  nF 29.0  pS 0.36  ptS 0.34  fLog 0.42  pdΔ -0.1450  pkR 6.91  clip 0.27  kl +0.008
upd    9  steps   20480  sps 340  opp symm  loss +0.002  pg +0.0268  v 0.005  ev +0.69  adv_std 0.092  tR +0.33  ent[s/d/p/e] 1.87/2.21/1.02/0.53  emits 1.91  spf 19.1  z0 0.38  garr 20.1  tG 198  e2 0.41  nF 28.8  pS 0.36  ptS 0.35  fLog 0.42  pdΔ -0.1381  pkR 14.36  clip 0.46  kl +0.013
upd   10  steps   22528  sps 370  opp symm  loss -0.052  pg -0.0284  v 0.007  ev +0.66  adv_std 0.111  tR +0.33  ent[s/d/p/e] 1.96/2.28/0.97/0.51  emits 2.10  spf 20.1  z0 0.38  garr 19.0  tG 175  e2 0.43  nF 29.7  pS 0.37  ptS 0.36  fLog 0.42  pdΔ -0.1279  pkR 5.07  clip 0.33  kl +0.010
upd   11  steps   24576  sps 399  opp symm  loss -0.115  pg -0.0911  v 0.008  ev +0.70  adv_std 0.123  tR -0.14  ent[s/d/p/e] 1.96/2.32/1.01/0.52  emits 1.84  spf 20.6  z0 0.42  garr 20.9  tG 197  e2 0.39  nF 26.9  pS 0.37  ptS 0.35  fLog 0.43  pdΔ -0.1326  pkR 13.62  clip 0.31  kl +0.010
upd   12  steps   26624  sps 428  opp symm  loss -0.064  pg -0.0386  v 0.005  ev +0.73  adv_std 0.101  tR +0.00  ent[s/d/p/e] 1.93/2.28/0.99/0.53  emits 1.70  spf 23.3  z0 0.44  garr 22.9  tG 224  e2 0.37  nF 25.0  pS 0.37  ptS 0.36  fLog 0.45  pdΔ -0.1295  pkR 9.64  clip 0.33  kl +0.011
upd   13  steps   28672  sps 456  opp symm  loss -0.014  pg +0.0121  v 0.004  ev +0.80  adv_std 0.081  tR +0.33  ent[s/d/p/e] 1.86/2.19/1.06/0.54  emits 1.56  spf 22.8  z0 0.44  garr 26.2  tG 285  e2 0.36  nF 21.8  pS 0.37  ptS 0.36  fLog 0.44  pdΔ -0.1290  pkR 11.94  clip 0.30  kl +0.011
upd   14  steps   30720  sps 483  opp symm  loss -0.010  pg +0.0163  v 0.004  ev +0.73  adv_std 0.084  tR +1.00  ent[s/d/p/e] 1.76/2.10/1.08/0.58  emits 1.41  spf 25.8  z0 0.45  garr 28.2  tG 287  e2 0.34  nF 20.0  pS 0.35  ptS 0.34  fLog 0.45  pdΔ -0.1510  pkR 18.11  clip 0.36  kl +0.010
upd   15  steps   32768  sps 511  opp symm  loss -0.055  pg -0.0583  v 0.061  ev +0.30  adv_std 0.365  tR +0.21  ent[s/d/p/e] 1.65/2.06/1.07/0.51  emits 1.26  spf 24.1  z0 0.49  garr 22.6  tG 193  e2 0.29  nF 15.8  pS 0.28  ptS 0.27  fLog 0.45  pdΔ -0.2234  pkR 22.64  clip 0.17  kl +0.006
upd   16  steps   34816  sps 537  opp symm  loss -0.083  pg -0.0621  v 0.004  ev +0.79  adv_std 0.079  tR +1.00  ent[s/d/p/e] 1.21/1.76/1.04/0.47  emits 1.08  spf 19.5  z0 0.51  garr 17.4  tG 101  e2 0.26  nF 12.2  pS 0.19  ptS 0.19  fLog 0.43  pdΔ -0.3084  pkR 8.24  clip 0.22  kl +0.008
upd   17  steps   36864  sps 563  opp symm  loss -0.071  pg -0.0466  v 0.003  ev +0.79  adv_std 0.070  tR -1.00  ent[s/d/p/e] 1.33/1.83/1.03/0.56  emits 1.13  spf 22.6  z0 0.49  garr 20.8  tG 136  e2 0.28  nF 13.8  pS 0.23  ptS 0.22  fLog 0.44  pdΔ -0.2722  pkR 7.12  clip 0.23  kl +0.009
upd   18  steps   38912  sps 588  opp symm  loss -0.087  pg -0.0615  v 0.003  ev +0.85  adv_std 0.077  tR -1.00  ent[s/d/p/e] 1.46/1.97/1.07/0.59  emits 1.18  spf 25.1  z0 0.48  garr 24.0  tG 174  e2 0.29  nF 14.7  pS 0.26  ptS 0.25  fLog 0.45  pdΔ -0.2441  pkR 7.80  clip 0.21  kl +0.008
upd   19  steps   40960  sps 613  opp symm  loss -0.085  pg -0.0599  v 0.005  ev +0.77  adv_std 0.098  tR -0.60  ent[s/d/p/e] 1.56/2.03/1.13/0.58  emits 1.26  spf 24.7  z0 0.48  garr 24.2  tG 178  e2 0.31  nF 15.8  pS 0.27  ptS 0.26  fLog 0.45  pdΔ -0.2346  pkR 7.19  clip 0.29  kl +0.005
upd   20  steps   43008  sps 638  opp symm  loss -0.048  pg -0.0232  v 0.005  ev +0.78  adv_std 0.099  tR -0.50  ent[s/d/p/e] 1.59/2.00/1.07/0.57  emits 1.19  spf 26.2  z0 0.49  garr 23.2  tG 174  e2 0.29  nF 15.2  pS 0.26  ptS 0.26  fLog 0.45  pdΔ -0.2375  pkR 6.45  clip 0.23  kl +0.004
upd   21  steps   45056  sps 662  opp symm  loss -0.062  pg -0.0381  v 0.006  ev +0.82  adv_std 0.104  tR -0.60  ent[s/d/p/e] 1.56/1.95/1.04/0.56  emits 1.19  spf 25.6  z0 0.49  garr 24.4  tG 198  e2 0.29  nF 14.5  pS 0.26  ptS 0.26  fLog 0.45  pdΔ -0.2387  pkR 9.09  clip 0.34  kl +0.014
upd   22  steps   47104  sps 686  opp symm  loss -0.027  pg -0.0033  v 0.005  ev +0.87  adv_std 0.097  tR +0.00  ent[s/d/p/e] 1.52/1.92/1.01/0.58  emits 1.13  spf 26.0  z0 0.50  garr 23.5  tG 182  e2 0.28  nF 14.6  pS 0.26  ptS 0.26  fLog 0.44  pdΔ -0.2434  pkR 8.01  clip 0.17  kl +0.006
upd   23  steps   49152  sps 709  opp symm  loss -0.056  pg -0.0340  v 0.009  ev +0.82  adv_std 0.132  tR +0.20  ent[s/d/p/e] 1.50/1.90/1.04/0.57  emits 1.20  spf 25.5  z0 0.48  garr 23.9  tG 195  e2 0.29  nF 14.6  pS 0.25  ptS 0.25  fLog 0.44  pdΔ -0.2507  pkR 13.99  clip 0.16  kl +0.004
upd   24  steps   51200  sps 731  opp symm  loss -0.033  pg -0.0079  v 0.003  ev +0.96  adv_std 0.069  tR +0.00  ent[s/d/p/e] 1.51/1.93/1.02/0.57  emits 1.09  spf 25.0  z0 0.50  garr 23.5  tG 203  e2 0.27  nF 14.5  pS 0.25  ptS 0.25  fLog 0.44  pdΔ -0.2462  pkR 21.54  clip 0.16  kl +0.004
upd   25  steps   53248  sps 754  opp symm  loss -0.059  pg -0.0328  v 0.003  ev +0.96  adv_std 0.073  tR -0.60  ent[s/d/p/e] 1.67/2.07/1.02/0.57  emits 1.22  spf 24.4  z0 0.49  garr 23.1  tG 191  e2 0.29  nF 15.5  pS 0.29  ptS 0.28  fLog 0.45  pdΔ -0.2145  pkR 6.28  clip 0.27  kl +0.006
upd   26  steps   55296  sps 776  opp symm  loss -0.078  pg -0.0531  v 0.005  ev +0.93  adv_std 0.094  tR -0.33  ent[s/d/p/e] 1.69/2.09/1.02/0.58  emits 1.13  spf 27.6  z0 0.51  garr 26.8  tG 240  e2 0.28  nF 15.6  pS 0.29  ptS 0.28  fLog 0.46  pdΔ -0.2094  pkR 7.10  clip 0.14  kl +0.003
upd   27  steps   57344  sps 797  opp symm  loss -0.026  pg -0.0002  v 0.005  ev +0.93  adv_std 0.091  tR -1.00  ent[s/d/p/e] 1.71/2.10/1.03/0.59  emits 1.29  spf 29.4  z0 0.48  garr 28.4  tG 274  e2 0.31  nF 16.1  pS 0.31  ptS 0.31  fLog 0.46  pdΔ -0.1870  pkR 7.23  clip 0.18  kl +0.009
upd   28  steps   59392  sps 818  opp symm  loss -0.005  pg +0.0204  v 0.006  ev +0.92  adv_std 0.103  tR -0.33  ent[s/d/p/e] 1.72/2.08/1.00/0.61  emits 1.24  spf 29.1  z0 0.48  garr 29.6  tG 301  e2 0.29  nF 16.7  pS 0.32  ptS 0.32  fLog 0.45  pdΔ -0.1814  pkR 9.50  clip 0.10  kl +0.004
upd   29  steps   61440  sps 839  opp symm  loss -0.037  pg -0.0098  v 0.003  ev +0.95  adv_std 0.070  tR -0.50  ent[s/d/p/e] 1.75/2.11/1.06/0.60  emits 1.30  spf 29.4  z0 0.44  garr 28.6  tG 291  e2 0.33  nF 17.9  pS 0.32  ptS 0.31  fLog 0.45  pdΔ -0.1814  pkR 12.18  clip 0.15  kl +0.001
upd   30  steps   63488  sps 859  opp symm  loss -0.030  pg -0.0034  v 0.005  ev +0.92  adv_std 0.093  tR +0.50  ent[s/d/p/e] 1.79/2.19/1.04/0.62  emits 1.22  spf 30.8  z0 0.47  garr 29.8  tG 299  e2 0.29  nF 17.3  pS 0.34  ptS 0.33  fLog 0.47  pdΔ -0.1564  pkR 11.84  clip 0.17  kl +0.007
upd   31  steps   65536  sps 879  opp symm  loss -0.022  pg +0.0001  v 0.010  ev +0.82  adv_std 0.141  tR -0.11  ent[s/d/p/e] 1.66/2.09/1.06/0.56  emits 0.97  spf 30.1  z0 0.55  garr 28.1  tG 253  e2 0.23  nF 12.6  pS 0.28  ptS 0.27  fLog 0.47  pdΔ -0.2160  pkR 12.61  clip 0.18  kl -0.002
upd   32  steps   67584  sps 899  opp symm  loss -0.015  pg +0.0090  v 0.007  ev +0.90  adv_std 0.117  tR +0.33  ent[s/d/p/e] 1.60/2.02/1.05/0.57  emits 1.06  spf 29.0  z0 0.52  garr 27.9  tG 262  e2 0.26  nF 13.3  pS 0.29  ptS 0.28  fLog 0.46  pdΔ -0.2114  pkR 12.02  clip 0.14  kl -0.002
upd   33  steps   69632  sps 918  opp symm  loss -0.034  pg -0.0088  v 0.006  ev +0.93  adv_std 0.104  tR +1.00  ent[s/d/p/e] 1.55/1.97/1.14/0.59  emits 1.05  spf 26.0  z0 0.53  garr 27.4  tG 260  e2 0.25  nF 13.5  pS 0.27  ptS 0.27  fLog 0.46  pdΔ -0.2258  pkR 17.94  clip 0.15  kl +0.003
upd   34  steps   71680  sps 937  opp symm  loss -0.029  pg -0.0028  v 0.004  ev +0.95  adv_std 0.080  tR -0.20  ent[s/d/p/e] 1.56/2.03/1.14/0.59  emits 1.07  spf 27.6  z0 0.53  garr 25.6  tG 192  e2 0.26  nF 13.0  pS 0.25  ptS 0.24  fLog 0.46  pdΔ -0.2467  pkR 15.44  clip 0.15  kl +0.004
upd   35  steps   73728  sps 956  opp symm  loss -0.006  pg +0.0177  v 0.008  ev +0.87  adv_std 0.126  tR -0.71  ent[s/d/p/e] 1.63/2.08/1.12/0.60  emits 1.13  spf 27.9  z0 0.50  garr 25.9  tG 189  e2 0.26  nF 13.3  pS 0.27  ptS 0.26  fLog 0.46  pdΔ -0.2320  pkR 6.56  clip 0.10  kl +0.004
upd   36  steps   75776  sps 974  opp symm  loss +0.022  pg +0.0484  v 0.005  ev +0.93  adv_std 0.095  tR -0.20  ent[s/d/p/e] 1.69/2.12/1.14/0.61  emits 1.18  spf 29.1  z0 0.51  garr 27.7  tG 212  e2 0.29  nF 13.9  pS 0.29  ptS 0.28  fLog 0.47  pdΔ -0.2098  pkR 9.52  clip 0.21  kl +0.004
upd   37  steps   77824  sps 992  opp symm  loss -0.014  pg +0.0115  v 0.006  ev +0.90  adv_std 0.101  tR +0.00  ent[s/d/p/e] 1.69/2.12/1.08/0.60  emits 1.20  spf 30.3  z0 0.50  garr 28.4  tG 228  e2 0.28  nF 13.8  pS 0.29  ptS 0.28  fLog 0.47  pdΔ -0.2101  pkR 8.89  clip 0.18  kl +0.005
upd   38  steps   79872  sps 1010  opp symm  loss -0.008  pg +0.0191  v 0.003  ev +0.96  adv_std 0.073  tR +0.50  ent[s/d/p/e] 1.69/2.10/1.12/0.61  emits 1.11  spf 33.6  z0 0.50  garr 30.7  tG 268  e2 0.27  nF 13.1  pS 0.30  ptS 0.29  fLog 0.48  pdΔ -0.2021  pkR 7.32  clip 0.24  kl +0.008
upd   39  steps   81920  sps 1028  opp symm  loss -0.027  pg -0.0003  v 0.003  ev +0.95  adv_std 0.074  tR -0.50  ent[s/d/p/e] 1.70/2.13/1.09/0.59  emits 1.13  spf 32.3  z0 0.51  garr 29.8  tG 260  e2 0.26  nF 13.1  pS 0.28  ptS 0.28  fLog 0.48  pdΔ -0.2153  pkR 9.05  clip 0.26  kl +0.005
upd   40  steps   83968  sps 1045  opp symm  loss -0.004  pg +0.0222  v 0.004  ev +0.93  adv_std 0.088  tR +1.00  ent[s/d/p/e] 1.64/2.05/1.14/0.61  emits 1.01  spf 32.1  z0 0.53  garr 31.4  tG 252  e2 0.24  nF 12.4  pS 0.27  ptS 0.27  fLog 0.47  pdΔ -0.2264  pkR 8.27  clip 0.12  kl +0.003
upd   41  steps   86016  sps 1062  opp symm  loss -0.030  pg -0.0028  v 0.004  ev +0.95  adv_std 0.088  tR +0.00  ent[s/d/p/e] 1.66/2.07/1.12/0.61  emits 1.01  spf 33.5  z0 0.52  garr 33.8  tG 287  e2 0.24  nF 12.1  pS 0.30  ptS 0.29  fLog 0.48  pdΔ -0.1996  pkR 9.01  clip 0.19  kl +0.004
upd   42  steps   88064  sps 1079  opp symm  loss -0.062  pg -0.0347  v 0.004  ev +0.95  adv_std 0.094  tR -0.14  ent[s/d/p/e] 1.71/2.17/1.14/0.61  emits 0.91  spf 36.6  z0 0.56  garr 36.2  tG 310  e2 0.21  nF 11.1  pS 0.29  ptS 0.28  fLog 0.50  pdΔ -0.2139  pkR 14.56  clip 0.06  kl +0.001
upd   43  steps   90112  sps 1095  opp symm  loss -0.031  pg -0.0038  v 0.003  ev +0.96  adv_std 0.076  tR +0.20  ent[s/d/p/e] 1.68/2.14/1.12/0.61  emits 0.84  spf 34.6  z0 0.57  garr 37.1  tG 282  e2 0.20  nF 10.3  pS 0.28  ptS 0.27  fLog 0.50  pdΔ -0.2207  pkR 15.25  clip 0.06  kl +0.002
upd   44  steps   92160  sps 1111  opp symm  loss +0.014  pg +0.0391  v 0.008  ev +0.90  adv_std 0.125  tR -0.67  ent[s/d/p/e] 1.73/2.23/1.11/0.61  emits 0.95  spf 35.5  z0 0.55  garr 34.5  tG 249  e2 0.21  nF 9.5  pS 0.27  ptS 0.26  fLog 0.50  pdΔ -0.2275  pkR 7.64  clip 0.15  kl +0.008
upd   45  steps   94208  sps 1127  opp symm  loss +0.004  pg +0.0295  v 0.007  ev +0.92  adv_std 0.116  tR -1.00  ent[s/d/p/e] 1.75/2.23/1.11/0.61  emits 0.92  spf 36.3  z0 0.56  garr 35.1  tG 257  e2 0.21  nF 10.4  pS 0.28  ptS 0.27  fLog 0.49  pdΔ -0.2248  pkR 5.72  clip 0.10  kl +0.003
upd   46  steps   96256  sps 1143  opp symm  loss -0.025  pg -0.0022  v 0.012  ev +0.89  adv_std 0.160  tR -0.14  ent[s/d/p/e] 1.71/2.18/1.14/0.60  emits 0.81  spf 38.3  z0 0.59  garr 35.0  tG 267  e2 0.19  nF 9.3  pS 0.26  ptS 0.26  fLog 0.50  pdΔ -0.2363  pkR 6.21  clip 0.13  kl +0.002
upd   47  steps   98304  sps 1158  opp symm  loss -0.037  pg -0.0120  v 0.005  ev +0.94  adv_std 0.103  tR +0.00  ent[s/d/p/e] 1.62/2.13/1.16/0.57  emits 0.70  spf 35.5  z0 0.64  garr 34.9  tG 264  e2 0.16  nF 7.8  pS 0.26  ptS 0.25  fLog 0.50  pdΔ -0.2448  pkR 11.25  clip 0.06  kl +0.002
upd   48  steps  100352  sps 1173  opp symm  loss -0.006  pg +0.0221  v 0.003  ev +0.96  adv_std 0.084  tR +0.00  ent[s/d/p/e] 1.68/2.21/1.21/0.59  emits 0.66  spf 37.6  z0 0.64  garr 38.0  tG 267  e2 0.14  nF 7.1  pS 0.26  ptS 0.25  fLog 0.52  pdΔ -0.2351  pkR 12.21  clip 0.09  kl +0.003
upd   49  steps  102400  sps 1188  opp symm  loss +0.021  pg +0.0479  v 0.006  ev +0.93  adv_std 0.106  tR -0.50  ent[s/d/p/e] 1.78/2.28/1.23/0.60  emits 0.70  spf 42.6  z0 0.63  garr 41.3  tG 291  e2 0.16  nF 7.4  pS 0.28  ptS 0.27  fLog 0.53  pdΔ -0.2179  pkR 4.46  clip 0.24  kl +0.005
upd   50  steps  104448  sps 1203  opp symm  loss +0.025  pg +0.0522  v 0.006  ev +0.92  adv_std 0.109  tR -0.33  ent[s/d/p/e] 1.82/2.33/1.19/0.60  emits 0.78  spf 40.0  z0 0.62  garr 42.7  tG 297  e2 0.18  nF 7.7  pS 0.28  ptS 0.27  fLog 0.52  pdΔ -0.2158  pkR 5.21  clip 0.08  kl +0.003
upd   51  steps  106496  sps 1217  opp symm  loss +0.038  pg +0.0655  v 0.007  ev +0.91  adv_std 0.114  tR -0.60  ent[s/d/p/e] 1.94/2.39/1.17/0.60  emits 0.74  spf 39.1  z0 0.64  garr 43.3  tG 307  e2 0.17  nF 9.0  pS 0.31  ptS 0.30  fLog 0.52  pdΔ -0.1929  pkR 5.47  clip 0.08  kl +0.003
upd   52  steps  108544  sps 1231  opp symm  loss -0.016  pg +0.0118  v 0.004  ev +0.93  adv_std 0.095  tR +0.00  ent[s/d/p/e] 1.92/2.39/1.19/0.59  emits 0.68  spf 45.7  z0 0.65  garr 49.4  tG 361  e2 0.16  nF 7.9  pS 0.31  ptS 0.30  fLog 0.54  pdΔ -0.1863  pkR 4.43  clip 0.09  kl +0.002
upd   53  steps  110592  sps 1245  opp symm  loss -0.022  pg +0.0067  v 0.003  ev +0.94  adv_std 0.081  tR +1.00  ent[s/d/p/e] 1.92/2.40/1.19/0.60  emits 0.67  spf 47.1  z0 0.65  garr 53.7  tG 387  e2 0.15  nF 7.3  pS 0.31  ptS 0.30  fLog 0.55  pdΔ -0.1922  pkR 4.08  clip 0.10  kl +0.002
upd   54  steps  112640  sps 1259  opp symm  loss -0.076  pg -0.0484  v 0.008  ev +0.89  adv_std 0.125  tR -0.50  ent[s/d/p/e] 1.95/2.40/1.20/0.61  emits 0.73  spf 45.4  z0 0.62  garr 53.7  tG 423  e2 0.16  nF 7.8  pS 0.33  ptS 0.32  fLog 0.55  pdΔ -0.1704  pkR 5.71  clip 0.11  kl +0.002
upd   55  steps  114688  sps 1273  opp symm  loss -0.019  pg +0.0094  v 0.005  ev +0.94  adv_std 0.100  tR +0.00  ent[s/d/p/e] 2.05/2.43/1.11/0.62  emits 0.93  spf 43.7  z0 0.57  garr 49.9  tG 411  e2 0.22  nF 10.1  pS 0.35  ptS 0.34  fLog 0.53  pdΔ -0.1522  pkR 7.57  clip 0.17  kl +0.005
upd   56  steps  116736  sps 1287  opp symm  loss -0.022  pg +0.0075  v 0.003  ev +0.95  adv_std 0.082  tR +1.00  ent[s/d/p/e] 2.03/2.43/1.12/0.61  emits 0.77  spf 46.5  z0 0.60  garr 55.8  tG 465  e2 0.18  nF 9.7  pS 0.34  ptS 0.34  fLog 0.54  pdΔ -0.1577  pkR 8.71  clip 0.09  kl +0.003
upd   57  steps  118784  sps 1300  opp symm  loss -0.049  pg -0.0221  v 0.007  ev +0.89  adv_std 0.112  tR +0.33  ent[s/d/p/e] 1.94/2.36/1.18/0.61  emits 0.70  spf 51.6  z0 0.62  garr 53.0  tG 438  e2 0.16  nF 8.5  pS 0.32  ptS 0.32  fLog 0.56  pdΔ -0.1838  pkR 9.49  clip 0.11  kl +0.001
upd   58  steps  120832  sps 1313  opp symm  loss -0.020  pg +0.0090  v 0.004  ev +0.94  adv_std 0.091  tR -1.00  ent[s/d/p/e] 1.95/2.37/1.15/0.63  emits 0.76  spf 48.7  z0 0.60  garr 53.2  tG 434  e2 0.18  nF 8.4  pS 0.33  ptS 0.33  fLog 0.55  pdΔ -0.1745  pkR 5.32  clip 0.08  kl +0.002
upd   59  steps  122880  sps 1326  opp symm  loss -0.051  pg -0.0232  v 0.006  ev +0.91  adv_std 0.113  tR +0.14  ent[s/d/p/e] 1.96/2.36/1.12/0.63  emits 0.91  spf 40.1  z0 0.56  garr 44.1  tG 359  e2 0.21  nF 10.1  pS 0.34  ptS 0.33  fLog 0.52  pdΔ -0.1643  pkR 4.94  clip 0.13  kl +0.005
upd   60  steps  124928  sps 1339  opp symm  loss -0.018  pg +0.0100  v 0.006  ev +0.91  adv_std 0.112  tR +0.00  ent[s/d/p/e] 1.92/2.39/1.19/0.62  emits 0.77  spf 41.0  z0 0.60  garr 44.5  tG 348  e2 0.19  nF 9.8  pS 0.33  ptS 0.32  fLog 0.53  pdΔ -0.1746  pkR 5.57  clip 0.11  kl +0.006
upd   61  steps  126976  sps 1351  opp symm  loss -0.084  pg -0.0552  v 0.004  ev +0.96  adv_std 0.084  tR -1.00  ent[s/d/p/e] 1.97/2.41/1.17/0.63  emits 0.75  spf 47.3  z0 0.62  garr 48.2  tG 394  e2 0.18  nF 9.1  pS 0.33  ptS 0.33  fLog 0.55  pdΔ -0.1689  pkR 4.96  clip 0.08  kl +0.005
upd   62  steps  129024  sps 1364  opp symm  loss -0.044  pg -0.0191  v 0.010  ev +0.90  adv_std 0.141  tR -0.23  ent[s/d/p/e] 1.81/2.30/1.12/0.60  emits 0.63  spf 46.6  z0 0.64  garr 48.7  tG 387  e2 0.14  nF 7.6  pS 0.30  ptS 0.30  fLog 0.54  pdΔ -0.1983  pkR 5.27  clip 0.11  kl +0.002
upd   63  steps  131072  sps 1376  opp symm  loss -0.059  pg -0.0306  v 0.004  ev +0.97  adv_std 0.087  tR +0.33  ent[s/d/p/e] 1.80/2.31/1.22/0.61  emits 0.72  spf 46.2  z0 0.62  garr 45.5  tG 366  e2 0.16  nF 7.9  pS 0.30  ptS 0.30  fLog 0.55  pdΔ -0.2006  pkR 6.31  clip 0.11  kl +0.001
upd   64  steps  133120  sps 1388  opp symm  loss -0.027  pg +0.0007  v 0.005  ev +0.96  adv_std 0.104  tR +0.00  ent[s/d/p/e] 1.86/2.32/1.18/0.61  emits 0.75  spf 44.2  z0 0.61  garr 40.4  tG 325  e2 0.17  nF 7.8  pS 0.29  ptS 0.29  fLog 0.54  pdΔ -0.2095  pkR 6.62  clip 0.10  kl +0.005
upd   65  steps  135168  sps 1400  opp symm  loss -0.048  pg -0.0214  v 0.006  ev +0.95  adv_std 0.107  tR +0.33  ent[s/d/p/e] 1.78/2.28/1.15/0.60  emits 0.70  spf 46.8  z0 0.64  garr 40.6  tG 333  e2 0.16  nF 7.4  pS 0.28  ptS 0.28  fLog 0.55  pdΔ -0.2157  pkR 7.00  clip 0.09  kl +0.002
upd   66  steps  137216  sps 1412  opp symm  loss -0.033  pg -0.0058  v 0.005  ev +0.96  adv_std 0.098  tR -0.33  ent[s/d/p/e] 1.81/2.31/1.15/0.60  emits 0.68  spf 45.0  z0 0.64  garr 42.2  tG 339  e2 0.16  nF 7.2  pS 0.29  ptS 0.28  fLog 0.55  pdΔ -0.2127  pkR 8.19  clip 0.13  kl +0.006
upd   67  steps  139264  sps 1423  opp symm  loss -0.023  pg +0.0055  v 0.004  ev +0.97  adv_std 0.083  tR +1.00  ent[s/d/p/e] 1.73/2.30/1.19/0.61  emits 0.67  spf 46.7  z0 0.64  garr 43.5  tG 316  e2 0.15  nF 7.2  pS 0.28  ptS 0.28  fLog 0.56  pdΔ -0.2157  pkR 6.55  clip 0.14  kl +0.002
upd   68  steps  141312  sps 1435  opp symm  loss -0.003  pg +0.0249  v 0.004  ev +0.96  adv_std 0.088  tR -0.60  ent[s/d/p/e] 1.81/2.34/1.13/0.61  emits 0.74  spf 45.0  z0 0.61  garr 43.4  tG 310  e2 0.17  nF 7.7  pS 0.30  ptS 0.29  fLog 0.55  pdΔ -0.2004  pkR 6.24  clip 0.20  kl +0.007
upd   69  steps  143360  sps 1446  opp symm  loss -0.036  pg -0.0073  v 0.004  ev +0.97  adv_std 0.086  tR +0.00  ent[s/d/p/e] 1.88/2.39/1.15/0.63  emits 0.83  spf 42.8  z0 0.59  garr 43.9  tG 340  e2 0.18  nF 8.7  pS 0.33  ptS 0.31  fLog 0.55  pdΔ -0.1738  pkR 5.80  clip 0.14  kl +0.004
upd   70  steps  145408  sps 1457  opp symm  loss -0.022  pg +0.0072  v 0.003  ev +0.98  adv_std 0.077  tR +1.00  ent[s/d/p/e] 1.87/2.36/1.18/0.62  emits 0.75  spf 44.5  z0 0.60  garr 43.1  tG 354  e2 0.17  nF 8.6  pS 0.33  ptS 0.32  fLog 0.55  pdΔ -0.1661  pkR 4.64  clip 0.12  kl +0.006
upd   71  steps  147456  sps 1468  opp symm  loss -0.047  pg -0.0189  v 0.005  ev +0.97  adv_std 0.101  tR -0.33  ent[s/d/p/e] 1.95/2.38/1.20/0.62  emits 0.81  spf 45.7  z0 0.62  garr 44.2  tG 376  e2 0.19  nF 8.8  pS 0.33  ptS 0.32  fLog 0.55  pdΔ -0.1713  pkR 4.63  clip 0.07  kl +0.001
upd   72  steps  149504  sps 1479  opp symm  loss -0.012  pg +0.0173  v 0.003  ev +0.98  adv_std 0.083  tR -0.60  ent[s/d/p/e] 2.01/2.41/1.18/0.61  emits 0.91  spf 43.4  z0 0.58  garr 42.3  tG 358  e2 0.21  nF 10.0  pS 0.33  ptS 0.32  fLog 0.54  pdΔ -0.1654  pkR 5.72  clip 0.15  kl +0.002
upd   73  steps  151552  sps 1490  opp symm  loss -0.002  pg +0.0253  v 0.008  ev +0.94  adv_std 0.124  tR +0.33  ent[s/d/p/e] 2.04/2.43/1.15/0.62  emits 0.95  spf 40.2  z0 0.56  garr 39.2  tG 332  e2 0.22  nF 10.7  pS 0.35  ptS 0.34  fLog 0.54  pdΔ -0.1487  pkR 4.89  clip 0.19  kl +0.007
upd   74  steps  153600  sps 1500  opp symm  loss -0.023  pg +0.0049  v 0.005  ev +0.97  adv_std 0.095  tR -0.50  ent[s/d/p/e] 1.98/2.40/1.12/0.61  emits 0.79  spf 40.3  z0 0.61  garr 43.5  tG 342  e2 0.17  nF 9.9  pS 0.33  ptS 0.33  fLog 0.54  pdΔ -0.1662  pkR 4.69  clip 0.08  kl +0.001
upd   75  steps  155648  sps 1511  opp symm  loss -0.022  pg +0.0058  v 0.004  ev +0.97  adv_std 0.095  tR -0.11  ent[s/d/p/e] 1.94/2.38/1.14/0.59  emits 0.73  spf 43.5  z0 0.63  garr 43.6  tG 351  e2 0.17  nF 8.2  pS 0.31  ptS 0.30  fLog 0.54  pdΔ -0.1944  pkR 5.08  clip 0.10  kl +0.005
upd   76  steps  157696  sps 1521  opp symm  loss +0.008  pg +0.0342  v 0.006  ev +0.95  adv_std 0.111  tR +1.00  ent[s/d/p/e] 1.85/2.32/1.16/0.58  emits 0.63  spf 43.1  z0 0.66  garr 43.7  tG 342  e2 0.14  nF 7.3  pS 0.29  ptS 0.28  fLog 0.55  pdΔ -0.2112  pkR 5.52  clip 0.12  kl +0.005
upd   77  steps  159744  sps 1531  opp symm  loss -0.023  pg -0.0001  v 0.013  ev +0.89  adv_std 0.164  tR +0.23  ent[s/d/p/e] 1.87/2.36/1.14/0.59  emits 0.58  spf 49.3  z0 0.67  garr 45.9  tG 352  e2 0.13  nF 6.3  pS 0.28  ptS 0.28  fLog 0.56  pdΔ -0.2167  pkR 5.30  clip 0.05  kl +0.002
upd   78  steps  161792  sps 1541  opp symm  loss -0.016  pg +0.0109  v 0.006  ev +0.93  adv_std 0.109  tR -1.00  ent[s/d/p/e] 1.68/2.28/1.25/0.58  emits 0.63  spf 41.6  z0 0.65  garr 39.2  tG 257  e2 0.14  nF 5.9  pS 0.24  ptS 0.25  fLog 0.55  pdΔ -0.2556  pkR 7.14  clip 0.09  kl +0.001
upd   79  steps  163840  sps 1551  opp symm  loss -0.000  pg +0.0270  v 0.005  ev +0.95  adv_std 0.098  tR -0.50  ent[s/d/p/e] 1.70/2.33/1.26/0.57  emits 0.50  spf 41.7  z0 0.69  garr 45.3  tG 307  e2 0.11  nF 5.8  pS 0.27  ptS 0.27  fLog 0.55  pdΔ -0.2330  pkR 7.30  clip 0.19  kl +0.000
upd   80  steps  165888  sps 1561  opp symm  loss -0.034  pg -0.0072  v 0.007  ev +0.92  adv_std 0.116  tR -1.00  ent[s/d/p/e] 1.74/2.35/1.25/0.61  emits 0.62  spf 47.2  z0 0.63  garr 47.3  tG 334  e2 0.13  nF 6.5  pS 0.28  ptS 0.28  fLog 0.55  pdΔ -0.2170  pkR 5.80  clip 0.14  kl +0.004
upd   81  steps  167936  sps 1571  opp symm  loss -0.004  pg +0.0224  v 0.008  ev +0.90  adv_std 0.127  tR +0.50  ent[s/d/p/e] 1.86/2.43/1.26/0.58  emits 0.50  spf 50.7  z0 0.69  garr 54.3  tG 391  e2 0.11  nF 5.7  pS 0.31  ptS 0.29  fLog 0.58  pdΔ -0.1948  pkR 4.18  clip 0.10  kl +0.001
upd   82  steps  169984  sps 1580  opp symm  loss -0.013  pg +0.0154  v 0.004  ev +0.94  adv_std 0.094  tR -0.33  ent[s/d/p/e] 1.82/2.43/1.24/0.60  emits 0.56  spf 54.0  z0 0.66  garr 57.1  tG 407  e2 0.13  nF 5.4  pS 0.30  ptS 0.29  fLog 0.58  pdΔ -0.1996  pkR 4.26  clip 0.06  kl +0.001
upd   83  steps  172032  sps 1590  opp symm  loss -0.030  pg -0.0012  v 0.003  ev +0.96  adv_std 0.081  tR +0.00  ent[s/d/p/e] 1.89/2.44/1.20/0.60  emits 0.56  spf 53.8  z0 0.66  garr 57.6  tG 450  e2 0.12  nF 5.8  pS 0.33  ptS 0.32  fLog 0.59  pdΔ -0.1737  pkR 3.92  clip 0.07  kl +0.002
upd   84  steps  174080  sps 1599  opp symm  loss -0.009  pg +0.0211  v 0.003  ev +0.96  adv_std 0.079  tR -1.00  ent[s/d/p/e] 1.91/2.44/1.23/0.61  emits 0.56  spf 60.4  z0 0.67  garr 63.0  tG 492  e2 0.12  nF 5.4  pS 0.33  ptS 0.32  fLog 0.61  pdΔ -0.1701  pkR 3.87  clip 0.09  kl +0.002
upd   85  steps  176128  sps 1608  opp symm  loss -0.049  pg -0.0204  v 0.005  ev +0.94  adv_std 0.097  tR +0.00  ent[s/d/p/e] 1.97/2.46/1.22/0.62  emits 0.62  spf 57.5  z0 0.65  garr 65.7  tG 536  e2 0.15  nF 6.2  pS 0.35  ptS 0.35  fLog 0.59  pdΔ -0.1494  pkR 3.70  clip 0.10  kl +0.002
upd   86  steps  178176  sps 1618  opp symm  loss -0.022  pg +0.0075  v 0.004  ev +0.96  adv_std 0.089  tR +1.00  ent[s/d/p/e] 1.99/2.47/1.19/0.62  emits 0.74  spf 55.8  z0 0.62  garr 62.9  tG 529  e2 0.18  nF 7.1  pS 0.36  ptS 0.36  fLog 0.59  pdΔ -0.1400  pkR 4.08  clip 0.08  kl +0.001
upd   87  steps  180224  sps 1627  opp symm  loss -0.069  pg -0.0428  v 0.009  ev +0.91  adv_std 0.135  tR +0.25  ent[s/d/p/e] 1.95/2.45/1.18/0.59  emits 0.62  spf 55.7  z0 0.66  garr 61.3  tG 511  e2 0.14  nF 6.4  pS 0.34  ptS 0.34  fLog 0.59  pdΔ -0.1568  pkR 6.29  clip 0.10  kl +0.005
upd   88  steps  182272  sps 1636  opp symm  loss -0.029  pg -0.0009  v 0.004  ev +0.95  adv_std 0.091  tR -0.50  ent[s/d/p/e] 1.97/2.46/1.18/0.57  emits 0.64  spf 54.1  z0 0.67  garr 62.2  tG 492  e2 0.14  nF 6.5  pS 0.32  ptS 0.32  fLog 0.58  pdΔ -0.1779  pkR 4.64  clip 0.07  kl +0.000
upd   89  steps  184320  sps 1644  opp symm  loss -0.037  pg -0.0083  v 0.003  ev +0.96  adv_std 0.083  tR -1.00  ent[s/d/p/e] 2.04/2.46/1.16/0.57  emits 0.71  spf 53.2  z0 0.65  garr 63.6  tG 502  e2 0.15  nF 7.4  pS 0.33  ptS 0.33  fLog 0.57  pdΔ -0.1662  pkR 4.89  clip 0.13  kl +0.007
upd   90  steps  186368  sps 1653  opp symm  loss -0.018  pg +0.0109  v 0.004  ev +0.96  adv_std 0.085  tR +0.50  ent[s/d/p/e] 2.10/2.50/1.14/0.55  emits 0.65  spf 52.5  z0 0.67  garr 70.1  tG 588  e2 0.14  nF 7.5  pS 0.35  ptS 0.35  fLog 0.57  pdΔ -0.1530  pkR 5.20  clip 0.09  kl +0.004
upd   91  steps  188416  sps 1662  opp symm  loss -0.037  pg -0.0124  v 0.010  ev +0.90  adv_std 0.140  tR +0.00  ent[s/d/p/e] 1.95/2.44/1.17/0.54  emits 0.58  spf 57.6  z0 0.71  garr 72.3  tG 621  e2 0.12  nF 6.3  pS 0.32  ptS 0.32  fLog 0.58  pdΔ -0.1840  pkR 5.90  clip 0.13  kl +0.001
upd   92  steps  190464  sps 1670  opp symm  loss +0.031  pg +0.0583  v 0.005  ev +0.95  adv_std 0.095  tR +0.00  ent[s/d/p/e] 1.84/2.45/1.25/0.51  emits 0.41  spf 63.2  z0 0.76  garr 79.1  tG 621  e2 0.08  nF 5.1  pS 0.29  ptS 0.29  fLog 0.59  pdΔ -0.2124  pkR 6.47  clip 0.10  kl +0.006
upd   93  steps  192512  sps 1679  opp symm  loss -0.046  pg -0.0223  v 0.012  ev +0.87  adv_std 0.152  tR -0.60  ent[s/d/p/e] 1.66/2.40/1.36/0.51  emits 0.33  spf 68.5  z0 0.79  garr 81.1  tG 601  e2 0.06  nF 3.7  pS 0.25  ptS 0.25  fLog 0.61  pdΔ -0.2496  pkR 7.48  clip 0.06  kl +0.003
upd   94  steps  194560  sps 1687  opp symm  loss -0.021  pg +0.0056  v 0.004  ev +0.95  adv_std 0.095  tR +0.33  ent[s/d/p/e] 1.68/2.40/1.29/0.52  emits 0.37  spf 80.9  z0 0.77  garr 83.5  tG 589  e2 0.07  nF 3.5  pS 0.25  ptS 0.25  fLog 0.63  pdΔ -0.2497  pkR 8.01  clip 0.05  kl +0.000
upd   95  steps  196608  sps 1695  opp symm  loss +0.003  pg +0.0289  v 0.004  ev +0.96  adv_std 0.096  tR +0.00  ent[s/d/p/e] 1.66/2.40/1.28/0.49  emits 0.32  spf 73.2  z0 0.78  garr 82.5  tG 569  e2 0.05  nF 3.6  pS 0.26  ptS 0.26  fLog 0.62  pdΔ -0.2373  pkR 8.34  clip 0.05  kl +0.002
upd   96  steps  198656  sps 1703  opp symm  loss -0.037  pg -0.0092  v 0.003  ev +0.98  adv_std 0.072  tR +1.00  ent[s/d/p/e] 1.65/2.43/1.31/0.50  emits 0.34  spf 66.7  z0 0.79  garr 92.2  tG 581  e2 0.06  nF 3.5  pS 0.27  ptS 0.26  fLog 0.62  pdΔ -0.2314  pkR 6.62  clip 0.08  kl +0.003
upd   97  steps  200704  sps 1711  opp symm  loss -0.051  pg -0.0270  v 0.010  ev +0.94  adv_std 0.138  tR +0.20  ent[s/d/p/e] 1.65/2.48/1.40/0.48  emits 0.29  spf 72.5  z0 0.80  garr 100.2  tG 583  e2 0.05  nF 3.1  pS 0.26  ptS 0.26  fLog 0.64  pdΔ -0.2379  pkR 5.16  clip 0.05  kl +0.004
upd   98  steps  202752  sps 1719  opp symm  loss -0.038  pg -0.0103  v 0.004  ev +0.98  adv_std 0.091  tR -1.00  ent[s/d/p/e] 1.80/2.46/1.30/0.51  emits 0.38  spf 67.0  z0 0.76  garr 96.8  tG 563  e2 0.08  nF 3.5  pS 0.28  ptS 0.27  fLog 0.63  pdΔ -0.2242  pkR 4.85  clip 0.05  kl +0.002
[eval_vs_v20] u99 tag=train_u99  bin0=0.0%  spf=0.00  garr=128.50  flip=0.00%  z0=71.9%  e8=0.0%  e2+=0.0%  WLD=0/3/0
upd   99  steps  204800  sps 1727  opp symm  loss -0.046  pg -0.0178  v 0.003  ev +0.99  adv_std 0.071  tR -0.50  ent[s/d/p/e] 1.81/2.47/1.27/0.52  emits 0.35  spf 69.4  z0 0.77  garr 106.0  tG 633  e2 0.06  nF 3.8  pS 0.28  ptS 0.28  fLog 0.63  pdΔ -0.2156  pkR 4.25  clip 0.07  kl +0.004 WRr 0.09 v20[spf 0.0 flip 0.0% e2+ 0.0%]
upd  100  steps  206848  sps 934  opp symm  loss -0.042  pg -0.0131  v 0.003  ev +0.98  adv_std 0.080  tR -1.00  ent[s/d/p/e] 1.84/2.52/1.32/0.53  emits 0.41  spf 75.6  z0 0.76  garr 109.6  tG 697  e2 0.09  nF 4.3  pS 0.31  ptS 0.30  fLog 0.64  pdΔ -0.1937  pkR 4.76  clip 0.05  kl +0.003
upd  101  steps  208896  sps 941  opp symm  loss +0.010  pg +0.0384  v 0.004  ev +0.98  adv_std 0.086  tR -0.20  ent[s/d/p/e] 1.89/2.57/1.32/0.51  emits 0.43  spf 75.6  z0 0.76  garr 111.3  tG 723  e2 0.08  nF 4.5  pS 0.31  ptS 0.31  fLog 0.64  pdΔ -0.1867  pkR 4.79  clip 0.06  kl +0.001
upd  102  steps  210944  sps 947  opp symm  loss -0.008  pg +0.0181  v 0.008  ev +0.96  adv_std 0.123  tR -0.20  ent[s/d/p/e] 1.86/2.54/1.33/0.49  emits 0.39  spf 76.8  z0 0.77  garr 108.0  tG 715  e2 0.08  nF 4.2  pS 0.32  ptS 0.31  fLog 0.64  pdΔ -0.1840  pkR 3.99  clip 0.10  kl +0.002
upd  103  steps  212992  sps 953  opp symm  loss -0.024  pg +0.0036  v 0.004  ev +0.98  adv_std 0.091  tR -0.33  ent[s/d/p/e] 1.66/2.48/1.35/0.51  emits 0.34  spf 68.8  z0 0.79  garr 111.1  tG 753  e2 0.07  nF 3.8  pS 0.30  ptS 0.29  fLog 0.62  pdΔ -0.1961  pkR 4.35  clip 0.10  kl +0.006
upd  104  steps  215040  sps 960  opp symm  loss -0.025  pg +0.0013  v 0.005  ev +0.97  adv_std 0.100  tR -0.60  ent[s/d/p/e] 1.64/2.47/1.35/0.49  emits 0.35  spf 76.3  z0 0.77  garr 109.5  tG 768  e2 0.07  nF 3.8  pS 0.30  ptS 0.29  fLog 0.63  pdΔ -0.1990  pkR 6.17  clip 0.11  kl +0.006
upd  105  steps  217088  sps 966  opp symm  loss -0.059  pg -0.0313  v 0.004  ev +0.98  adv_std 0.090  tR +1.00  ent[s/d/p/e] 1.68/2.47/1.36/0.50  emits 0.36  spf 75.8  z0 0.77  garr 111.4  tG 786  e2 0.07  nF 4.0  pS 0.31  ptS 0.30  fLog 0.64  pdΔ -0.1879  pkR 7.15  clip 0.03  kl -0.000
upd  106  steps  219136  sps 973  opp symm  loss +0.047  pg +0.0740  v 0.005  ev +0.98  adv_std 0.097  tR -0.43  ent[s/d/p/e] 1.71/2.49/1.40/0.50  emits 0.39  spf 74.5  z0 0.76  garr 105.1  tG 748  e2 0.08  nF 4.2  pS 0.31  ptS 0.30  fLog 0.64  pdΔ -0.1911  pkR 5.18  clip 0.06  kl +0.001
upd  107  steps  221184  sps 979  opp symm  loss +0.003  pg +0.0281  v 0.007  ev +0.96  adv_std 0.117  tR -0.33  ent[s/d/p/e] 1.75/2.48/1.30/0.48  emits 0.33  spf 79.3  z0 0.79  garr 97.3  tG 721  e2 0.06  nF 3.6  pS 0.31  ptS 0.30  fLog 0.65  pdΔ -0.1947  pkR 6.60  clip 0.04  kl +0.001
upd  108  steps  223232  sps 985  opp symm  loss -0.024  pg +0.0002  v 0.010  ev +0.94  adv_std 0.142  tR +0.00  ent[s/d/p/e] 1.69/2.43/1.34/0.49  emits 0.35  spf 65.4  z0 0.79  garr 91.9  tG 653  e2 0.07  nF 3.7  pS 0.29  ptS 0.27  fLog 0.61  pdΔ -0.2137  pkR 8.64  clip 0.06  kl +0.001
upd  109  steps  225280  sps 991  opp symm  loss -0.037  pg -0.0114  v 0.005  ev +0.96  adv_std 0.099  tR +1.00  ent[s/d/p/e] 1.57/2.39/1.39/0.46  emits 0.32  spf 65.8  z0 0.79  garr 92.0  tG 625  e2 0.06  nF 3.6  pS 0.27  ptS 0.26  fLog 0.61  pdΔ -0.2306  pkR 10.40  clip 0.07  kl +0.003
upd  110  steps  227328  sps 997  opp symm  loss -0.002  pg +0.0254  v 0.003  ev +0.98  adv_std 0.080  tR -0.14  ent[s/d/p/e] 1.68/2.46/1.34/0.48  emits 0.32  spf 70.9  z0 0.80  garr 98.1  tG 688  e2 0.06  nF 3.6  pS 0.28  ptS 0.27  fLog 0.62  pdΔ -0.2165  pkR 10.27  clip 0.06  kl +0.001
upd  111  steps  229376  sps 1004  opp symm  loss +0.022  pg +0.0465  v 0.008  ev +0.92  adv_std 0.125  tR +0.00  ent[s/d/p/e] 1.56/2.39/1.43/0.46  emits 0.31  spf 71.6  z0 0.78  garr 97.4  tG 665  e2 0.06  nF 3.2  pS 0.29  ptS 0.27  fLog 0.63  pdΔ -0.2090  pkR 9.35  clip 0.06  kl +0.003
upd  112  steps  231424  sps 1010  opp symm  loss +0.016  pg +0.0418  v 0.005  ev +0.95  adv_std 0.103  tR -0.33  ent[s/d/p/e] 1.58/2.31/1.41/0.46  emits 0.30  spf 62.1  z0 0.81  garr 104.6  tG 755  e2 0.05  nF 3.1  pS 0.31  ptS 0.30  fLog 0.61  pdΔ -0.1860  pkR 4.92  clip 0.06  kl +0.001
upd  113  steps  233472  sps 1016  opp symm  loss -0.015  pg +0.0102  v 0.006  ev +0.94  adv_std 0.113  tR +0.20  ent[s/d/p/e] 1.63/2.39/1.47/0.43  emits 0.27  spf 73.1  z0 0.82  garr 118.6  tG 830  e2 0.05  nF 2.7  pS 0.31  ptS 0.29  fLog 0.64  pdΔ -0.1926  pkR 4.99  clip 0.04  kl +0.002
upd  114  steps  235520  sps 1022  opp symm  loss -0.044  pg -0.0191  v 0.007  ev +0.94  adv_std 0.119  tR +0.00  ent[s/d/p/e] 1.71/2.40/1.43/0.46  emits 0.28  spf 69.9  z0 0.82  garr 134.6  tG 956  e2 0.05  nF 2.9  pS 0.32  ptS 0.31  fLog 0.63  pdΔ -0.1788  pkR 4.89  clip 0.11  kl +0.005
upd  115  steps  237568  sps 1028  opp symm  loss -0.030  pg -0.0051  v 0.006  ev +0.96  adv_std 0.102  tR +1.00  ent[s/d/p/e] 1.74/2.40/1.37/0.41  emits 0.28  spf 81.1  z0 0.82  garr 143.0  tG 1033  e2 0.05  nF 2.7  pS 0.33  ptS 0.32  fLog 0.65  pdΔ -0.1722  pkR 4.79  clip 0.08  kl +0.002
upd  116  steps  239616  sps 1034  opp symm  loss -0.046  pg -0.0197  v 0.005  ev +0.97  adv_std 0.098  tR -0.33  ent[s/d/p/e] 1.83/2.42/1.37/0.47  emits 0.32  spf 82.6  z0 0.81  garr 156.9  tG 1150  e2 0.06  nF 3.3  pS 0.35  ptS 0.34  fLog 0.65  pdΔ -0.1487  pkR 4.39  clip 0.06  kl +0.004
upd  117  steps  241664  sps 1040  opp symm  loss -0.023  pg +0.0030  v 0.004  ev +0.97  adv_std 0.090  tR +0.00  ent[s/d/p/e] 1.81/2.41/1.32/0.43  emits 0.29  spf 79.1  z0 0.83  garr 159.1  tG 1155  e2 0.05  nF 3.0  pS 0.34  ptS 0.33  fLog 0.64  pdΔ -0.1633  pkR 4.08  clip 0.06  kl +0.000
upd  118  steps  243712  sps 1046  opp symm  loss -0.056  pg -0.0332  v 0.010  ev +0.94  adv_std 0.139  tR -0.56  ent[s/d/p/e] 1.83/2.42/1.37/0.40  emits 0.29  spf 81.8  z0 0.82  garr 168.3  tG 1206  e2 0.05  nF 2.6  pS 0.32  ptS 0.31  fLog 0.65  pdΔ -0.1801  pkR 4.11  clip 0.06  kl +0.002
upd  119  steps  245760  sps 1052  opp symm  loss +0.025  pg +0.0458  v 0.012  ev +0.92  adv_std 0.156  tR +0.33  ent[s/d/p/e] 1.71/2.35/1.29/0.39  emits 0.26  spf 81.5  z0 0.84  garr 165.4  tG 1176  e2 0.05  nF 2.4  pS 0.30  ptS 0.29  fLog 0.63  pdΔ -0.1996  pkR 4.72  clip 0.06  kl +0.003
upd  120  steps  247808  sps 1057  opp symm  loss -0.028  pg -0.0020  v 0.004  ev +0.98  adv_std 0.088  tR +0.33  ent[s/d/p/e] 1.76/2.35/1.31/0.42  emits 0.30  spf 67.9  z0 0.83  garr 166.7  tG 1220  e2 0.05  nF 2.7  pS 0.31  ptS 0.30  fLog 0.60  pdΔ -0.1930  pkR 4.83  clip 0.06  kl +0.002
upd  121  steps  249856  sps 1063  opp symm  loss -0.025  pg +0.0001  v 0.005  ev +0.97  adv_std 0.100  tR +0.33  ent[s/d/p/e] 1.74/2.36/1.32/0.43  emits 0.32  spf 83.5  z0 0.82  garr 174.7  tG 1327  e2 0.07  nF 3.1  pS 0.32  ptS 0.31  fLog 0.63  pdΔ -0.1816  pkR 4.86  clip 0.07  kl +0.002
upd  122  steps  251904  sps 1069  opp symm  loss -0.065  pg -0.0396  v 0.006  ev +0.96  adv_std 0.112  tR +0.00  ent[s/d/p/e] 1.79/2.39/1.27/0.47  emits 0.35  spf 80.0  z0 0.79  garr 171.5  tG 1317  e2 0.08  nF 3.5  pS 0.32  ptS 0.31  fLog 0.62  pdΔ -0.1806  pkR 5.51  clip 0.06  kl +0.004
upd  123  steps  253952  sps 1075  opp symm  loss -0.071  pg -0.0474  v 0.007  ev +0.95  adv_std 0.117  tR +0.11  ent[s/d/p/e] 1.51/2.29/1.33/0.42  emits 0.27  spf 69.3  z0 0.82  garr 162.7  tG 1223  e2 0.05  nF 3.0  pS 0.29  ptS 0.28  fLog 0.61  pdΔ -0.2148  pkR 6.31  clip 0.06  kl +0.000
upd  124  steps  256000  sps 1080  opp symm  loss -0.014  pg +0.0093  v 0.007  ev +0.95  adv_std 0.120  tR +0.00  ent[s/d/p/e] 1.40/2.21/1.31/0.45  emits 0.31  spf 63.0  z0 0.80  garr 147.0  tG 1135  e2 0.06  nF 3.1  pS 0.28  ptS 0.27  fLog 0.59  pdΔ -0.2230  pkR 7.29  clip 0.08  kl +0.002
upd  125  steps  258048  sps 1086  opp symm  loss -0.046  pg -0.0210  v 0.005  ev +0.97  adv_std 0.097  tR +0.33  ent[s/d/p/e] 1.47/2.18/1.33/0.46  emits 0.36  spf 64.0  z0 0.77  garr 140.3  tG 1161  e2 0.07  nF 3.6  pS 0.29  ptS 0.29  fLog 0.59  pdΔ -0.2088  pkR 7.80  clip 0.09  kl +0.005
upd  126  steps  260096  sps 1092  opp symm  loss -0.037  pg -0.0132  v 0.009  ev +0.94  adv_std 0.135  tR +0.14  ent[s/d/p/e] 1.60/2.24/1.37/0.50  emits 0.44  spf 76.4  z0 0.74  garr 121.6  tG 922  e2 0.09  nF 4.0  pS 0.29  ptS 0.29  fLog 0.62  pdΔ -0.2112  pkR 9.85  clip 0.07  kl +0.003
upd  127  steps  262144  sps 1097  opp symm  loss -0.054  pg -0.0281  v 0.008  ev +0.95  adv_std 0.129  tR +0.00  ent[s/d/p/e] 1.72/2.34/1.32/0.53  emits 0.50  spf 57.0  z0 0.73  garr 96.2  tG 710  e2 0.11  nF 4.9  pS 0.31  ptS 0.31  fLog 0.60  pdΔ -0.1878  pkR 8.38  clip 0.07  kl +0.003
upd  128  steps  264192  sps 1103  opp symm  loss +0.003  pg +0.0277  v 0.008  ev +0.95  adv_std 0.129  tR +0.60  ent[s/d/p/e] 1.74/2.34/1.27/0.53  emits 0.48  spf 69.8  z0 0.72  garr 91.6  tG 687  e2 0.10  nF 4.8  pS 0.33  ptS 0.33  fLog 0.62  pdΔ -0.1717  pkR 8.81  clip 0.05  kl +0.002
upd  129  steps  266240  sps 1109  opp symm  loss -0.049  pg -0.0219  v 0.006  ev +0.96  adv_std 0.107  tR +0.33  ent[s/d/p/e] 1.76/2.34/1.33/0.53  emits 0.46  spf 63.6  z0 0.74  garr 86.9  tG 647  e2 0.09  nF 4.5  pS 0.32  ptS 0.32  fLog 0.62  pdΔ -0.1806  pkR 6.15  clip 0.06  kl +0.001
upd  130  steps  268288  sps 1114  opp symm  loss -0.019  pg +0.0047  v 0.010  ev +0.93  adv_std 0.143  tR +0.25  ent[s/d/p/e] 1.73/2.32/1.27/0.53  emits 0.51  spf 59.1  z0 0.72  garr 77.0  tG 542  e2 0.11  nF 4.5  pS 0.30  ptS 0.30  fLog 0.61  pdΔ -0.2007  pkR 6.99  clip 0.08  kl +0.001
upd  131  steps  270336  sps 1120  opp symm  loss +0.001  pg +0.0273  v 0.005  ev +0.96  adv_std 0.098  tR +0.33  ent[s/d/p/e] 1.72/2.28/1.29/0.51  emits 0.48  spf 53.3  z0 0.73  garr 75.7  tG 533  e2 0.10  nF 4.8  pS 0.30  ptS 0.29  fLog 0.59  pdΔ -0.1997  pkR 8.27  clip 0.09  kl +0.006
upd  132  steps  272384  sps 1125  opp symm  loss +0.002  pg +0.0282  v 0.007  ev +0.95  adv_std 0.118  tR +0.20  ent[s/d/p/e] 1.74/2.36/1.30/0.52  emits 0.44  spf 62.8  z0 0.74  garr 82.9  tG 582  e2 0.09  nF 4.7  pS 0.30  ptS 0.30  fLog 0.62  pdΔ -0.1958  pkR 8.07  clip 0.06  kl +0.002
upd  133  steps  274432  sps 1131  opp symm  loss -0.055  pg -0.0287  v 0.005  ev +0.97  adv_std 0.100  tR +0.00  ent[s/d/p/e] 1.66/2.32/1.28/0.53  emits 0.38  spf 59.9  z0 0.77  garr 86.8  tG 580  e2 0.07  nF 4.1  pS 0.29  ptS 0.29  fLog 0.61  pdΔ -0.2107  pkR 4.93  clip 0.13  kl +0.007
upd  134  steps  276480  sps 1136  opp symm  loss -0.041  pg -0.0157  v 0.007  ev +0.96  adv_std 0.120  tR -0.33  ent[s/d/p/e] 1.61/2.29/1.29/0.54  emits 0.48  spf 67.6  z0 0.72  garr 84.5  tG 574  e2 0.10  nF 4.3  pS 0.30  ptS 0.29  fLog 0.62  pdΔ -0.2038  pkR 5.05  clip 0.11  kl +0.001
upd  135  steps  278528  sps 1141  opp symm  loss -0.057  pg -0.0308  v 0.007  ev +0.96  adv_std 0.123  tR +0.50  ent[s/d/p/e] 1.67/2.29/1.29/0.59  emits 0.55  spf 58.1  z0 0.69  garr 70.7  tG 490  e2 0.12  nF 5.5  pS 0.31  ptS 0.31  fLog 0.60  pdΔ -0.1936  pkR 5.16  clip 0.07  kl +0.007
upd  136  steps  280576  sps 1147  opp symm  loss -0.025  pg +0.0025  v 0.005  ev +0.97  adv_std 0.100  tR +0.33  ent[s/d/p/e] 1.66/2.24/1.32/0.59  emits 0.54  spf 55.4  z0 0.69  garr 64.0  tG 461  e2 0.12  nF 5.2  pS 0.30  ptS 0.30  fLog 0.60  pdΔ -0.1950  pkR 5.17  clip 0.05  kl +0.002
upd  137  steps  282624  sps 1152  opp symm  loss -0.018  pg +0.0086  v 0.008  ev +0.95  adv_std 0.127  tR +0.00  ent[s/d/p/e] 1.75/2.26/1.30/0.59  emits 0.59  spf 55.5  z0 0.67  garr 61.6  tG 459  e2 0.14  nF 5.4  pS 0.32  ptS 0.32  fLog 0.60  pdΔ -0.1849  pkR 4.45  clip 0.12  kl +0.005
upd  138  steps  284672  sps 1157  opp symm  loss -0.031  pg -0.0058  v 0.008  ev +0.95  adv_std 0.131  tR -0.78  ent[s/d/p/e] 1.75/2.28/1.26/0.58  emits 0.74  spf 53.0  z0 0.64  garr 53.4  tG 402  e2 0.17  nF 6.1  pS 0.31  ptS 0.31  fLog 0.59  pdΔ -0.1880  pkR 5.42  clip 0.09  kl -0.001
upd  139  steps  286720  sps 1162  opp symm  loss -0.005  pg +0.0200  v 0.009  ev +0.94  adv_std 0.134  tR +0.20  ent[s/d/p/e] 1.77/2.29/1.30/0.54  emits 0.60  spf 46.2  z0 0.69  garr 45.3  tG 335  e2 0.13  nF 6.3  pS 0.29  ptS 0.29  fLog 0.58  pdΔ -0.2073  pkR 5.44  clip 0.09  kl +0.002
upd  140  steps  288768  sps 1168  opp symm  loss -0.005  pg +0.0191  v 0.009  ev +0.93  adv_std 0.136  tR +1.00  ent[s/d/p/e] 1.66/2.21/1.23/0.57  emits 0.67  spf 47.5  z0 0.66  garr 47.3  tG 332  e2 0.15  nF 5.7  pS 0.28  ptS 0.27  fLog 0.58  pdΔ -0.2194  pkR 4.95  clip 0.08  kl +0.002
upd  141  steps  290816  sps 1173  opp symm  loss -0.033  pg -0.0069  v 0.006  ev +0.96  adv_std 0.114  tR +0.50  ent[s/d/p/e] 1.79/2.29/1.18/0.58  emits 0.78  spf 40.5  z0 0.63  garr 46.4  tG 341  e2 0.18  nF 7.8  pS 0.30  ptS 0.30  fLog 0.56  pdΔ -0.1958  pkR 6.16  clip 0.10  kl -0.001
upd  142  steps  292864  sps 1178  opp symm  loss -0.028  pg -0.0026  v 0.007  ev +0.95  adv_std 0.119  tR +0.67  ent[s/d/p/e] 1.71/2.28/1.22/0.58  emits 0.83  spf 42.1  z0 0.61  garr 44.1  tG 312  e2 0.19  nF 8.3  pS 0.29  ptS 0.28  fLog 0.56  pdΔ -0.2095  pkR 5.02  clip 0.15  kl +0.010
upd  143  steps  294912  sps 1183  opp symm  loss -0.006  pg +0.0167  v 0.014  ev +0.89  adv_std 0.168  tR +0.60  ent[s/d/p/e] 1.63/2.23/1.20/0.59  emits 0.75  spf 44.1  z0 0.62  garr 43.9  tG 325  e2 0.17  nF 8.2  pS 0.30  ptS 0.29  fLog 0.57  pdΔ -0.2012  pkR 5.80  clip 0.09  kl +0.001
upd  144  steps  296960  sps 1188  opp symm  loss -0.022  pg +0.0044  v 0.008  ev +0.94  adv_std 0.123  tR -1.00  ent[s/d/p/e] 1.76/2.28/1.26/0.59  emits 0.85  spf 41.6  z0 0.60  garr 41.5  tG 309  e2 0.20  nF 8.2  pS 0.31  ptS 0.30  fLog 0.56  pdΔ -0.1933  pkR 4.44  clip 0.07  kl +0.001
upd  145  steps  299008  sps 1194  opp symm  loss -0.024  pg +0.0023  v 0.007  ev +0.94  adv_std 0.117  tR -0.20  ent[s/d/p/e] 1.88/2.35/1.21/0.57  emits 1.13  spf 39.9  z0 0.54  garr 40.8  tG 325  e2 0.25  nF 10.2  pS 0.34  ptS 0.34  fLog 0.56  pdΔ -0.1563  pkR 5.75  clip 0.12  kl +0.006
upd  146  steps  301056  sps 1199  opp symm  loss -0.015  pg +0.0102  v 0.010  ev +0.91  adv_std 0.142  tR +0.00  ent[s/d/p/e] 1.89/2.32/1.21/0.58  emits 1.12  spf 38.4  z0 0.56  garr 42.2  tG 325  e2 0.25  nF 11.1  pS 0.34  ptS 0.34  fLog 0.55  pdΔ -0.1586  pkR 6.93  clip 0.19  kl +0.006
upd  147  steps  303104  sps 1204  opp symm  loss -0.005  pg +0.0197  v 0.010  ev +0.92  adv_std 0.140  tR -0.20  ent[s/d/p/e] 1.84/2.26/1.22/0.58  emits 0.95  spf 38.8  z0 0.58  garr 43.8  tG 337  e2 0.21  nF 9.8  pS 0.34  ptS 0.34  fLog 0.55  pdΔ -0.1589  pkR 7.06  clip 0.22  kl +0.009
upd  148  steps  305152  sps 1209  opp symm  loss -0.028  pg -0.0014  v 0.007  ev +0.94  adv_std 0.115  tR +0.60  ent[s/d/p/e] 1.79/2.26/1.29/0.58  emits 0.72  spf 41.5  z0 0.65  garr 47.3  tG 351  e2 0.16  nF 8.2  pS 0.32  ptS 0.32  fLog 0.57  pdΔ -0.1764  pkR 9.97  clip 0.06  kl +0.001
upd  149  steps  307200  sps 1214  opp symm  loss +0.014  pg +0.0410  v 0.006  ev +0.95  adv_std 0.112  tR +0.14  ent[s/d/p/e] 1.72/2.22/1.31/0.57  emits 0.64  spf 44.9  z0 0.67  garr 50.8  tG 355  e2 0.15  nF 7.4  pS 0.31  ptS 0.31  fLog 0.58  pdΔ -0.1879  pkR 4.86  clip 0.10  kl +0.002
upd  150  steps  309248  sps 1219  opp symm  loss -0.038  pg -0.0128  v 0.009  ev +0.93  adv_std 0.132  tR +0.00  ent[s/d/p/e] 1.62/2.19/1.33/0.57  emits 0.55  spf 47.4  z0 0.69  garr 57.3  tG 383  e2 0.12  nF 6.2  pS 0.30  ptS 0.29  fLog 0.58  pdΔ -0.2033  pkR 7.15  clip 0.10  kl +0.000
upd  151  steps  311296  sps 1224  opp symm  loss -0.052  pg -0.0267  v 0.009  ev +0.95  adv_std 0.132  tR +0.50  ent[s/d/p/e] 1.72/2.24/1.33/0.55  emits 0.54  spf 49.0  z0 0.71  garr 63.9  tG 457  e2 0.12  nF 5.6  pS 0.32  ptS 0.31  fLog 0.59  pdΔ -0.1784  pkR 9.25  clip 0.13  kl +0.002
upd  152  steps  313344  sps 1229  opp symm  loss -0.005  pg +0.0228  v 0.005  ev +0.97  adv_std 0.099  tR -0.33  ent[s/d/p/e] 1.78/2.29/1.33/0.59  emits 0.74  spf 47.5  z0 0.64  garr 60.1  tG 460  e2 0.16  nF 7.6  pS 0.34  ptS 0.33  fLog 0.58  pdΔ -0.1588  pkR 5.98  clip 0.10  kl +0.003
upd  153  steps  315392  sps 1233  opp symm  loss -0.033  pg -0.0054  v 0.007  ev +0.97  adv_std 0.114  tR -0.20  ent[s/d/p/e] 1.88/2.37/1.32/0.58  emits 0.86  spf 46.6  z0 0.62  garr 54.4  tG 438  e2 0.19  nF 9.1  pS 0.36  ptS 0.36  fLog 0.58  pdΔ -0.1352  pkR 4.56  clip 0.15  kl +0.005
upd  154  steps  317440  sps 1238  opp symm  loss -0.035  pg -0.0068  v 0.005  ev +0.98  adv_std 0.096  tR -0.33  ent[s/d/p/e] 1.86/2.35/1.31/0.58  emits 0.80  spf 45.0  z0 0.62  garr 51.2  tG 414  e2 0.18  nF 9.1  pS 0.36  ptS 0.35  fLog 0.58  pdΔ -0.1448  pkR 5.35  clip 0.08  kl +0.001
upd  155  steps  319488  sps 1243  opp symm  loss -0.029  pg -0.0025  v 0.007  ev +0.96  adv_std 0.119  tR -0.20  ent[s/d/p/e] 1.81/2.33/1.29/0.56  emits 0.68  spf 50.5  z0 0.68  garr 53.9  tG 440  e2 0.14  nF 7.3  pS 0.34  ptS 0.34  fLog 0.59  pdΔ -0.1598  pkR 5.20  clip 0.13  kl +0.005
upd  156  steps  321536  sps 1248  opp symm  loss +0.017  pg +0.0447  v 0.006  ev +0.97  adv_std 0.109  tR -0.33  ent[s/d/p/e] 1.79/2.29/1.28/0.59  emits 0.89  spf 41.8  z0 0.59  garr 48.9  tG 384  e2 0.20  nF 9.0  pS 0.33  ptS 0.33  fLog 0.56  pdΔ -0.1701  pkR 4.00  clip 0.13  kl +0.005
upd  157  steps  323584  sps 1253  opp symm  loss -0.012  pg +0.0129  v 0.010  ev +0.94  adv_std 0.145  tR -0.14  ent[s/d/p/e] 1.84/2.31/1.27/0.58  emits 0.90  spf 38.4  z0 0.60  garr 43.6  tG 341  e2 0.20  nF 10.1  pS 0.33  ptS 0.33  fLog 0.55  pdΔ -0.1705  pkR 5.90  clip 0.15  kl +0.006
upd  158  steps  325632  sps 1258  opp symm  loss +0.004  pg +0.0304  v 0.007  ev +0.96  adv_std 0.118  tR +1.00  ent[s/d/p/e] 1.72/2.23/1.33/0.59  emits 0.71  spf 37.7  z0 0.64  garr 43.2  tG 302  e2 0.16  nF 8.7  pS 0.30  ptS 0.30  fLog 0.55  pdΔ -0.2033  pkR 4.28  clip 0.06  kl +0.002
upd  159  steps  327680  sps 1262  opp symm  loss -0.003  pg +0.0231  v 0.009  ev +0.96  adv_std 0.130  tR -0.60  ent[s/d/p/e] 1.72/2.20/1.31/0.58  emits 0.67  spf 41.1  z0 0.65  garr 47.1  tG 355  e2 0.15  nF 7.1  pS 0.31  ptS 0.31  fLog 0.56  pdΔ -0.1921  pkR 4.73  clip 0.11  kl +0.001
upd  160  steps  329728  sps 1267  opp symm  loss +0.025  pg +0.0530  v 0.006  ev +0.97  adv_std 0.106  tR -0.33  ent[s/d/p/e] 1.83/2.27/1.34/0.57  emits 0.80  spf 42.6  z0 0.63  garr 48.3  tG 366  e2 0.17  nF 8.6  pS 0.33  ptS 0.32  fLog 0.56  pdΔ -0.1708  pkR 4.73  clip 0.14  kl +0.002
upd  161  steps  331776  sps 1272  opp symm  loss -0.023  pg +0.0018  v 0.010  ev +0.95  adv_std 0.144  tR +0.20  ent[s/d/p/e] 1.93/2.35/1.32/0.55  emits 0.71  spf 44.8  z0 0.66  garr 49.9  tG 393  e2 0.16  nF 8.2  pS 0.35  ptS 0.34  fLog 0.57  pdΔ -0.1549  pkR 4.16  clip 0.14  kl +0.001
upd  162  steps  333824  sps 1276  opp symm  loss +0.025  pg +0.0512  v 0.008  ev +0.96  adv_std 0.122  tR +0.20  ent[s/d/p/e] 1.92/2.36/1.24/0.53  emits 0.67  spf 48.2  z0 0.68  garr 53.6  tG 421  e2 0.14  nF 7.9  pS 0.34  ptS 0.33  fLog 0.58  pdΔ -0.1644  pkR 5.31  clip 0.11  kl +0.004
upd  163  steps  335872  sps 1281  opp symm  loss +0.016  pg +0.0421  v 0.007  ev +0.96  adv_std 0.121  tR -0.11  ent[s/d/p/e] 1.82/2.33/1.31/0.51  emits 0.59  spf 49.1  z0 0.71  garr 59.9  tG 463  e2 0.13  nF 6.1  pS 0.32  ptS 0.30  fLog 0.58  pdΔ -0.1849  pkR 5.62  clip 0.09  kl +0.002
upd  164  steps  337920  sps 1286  opp symm  loss -0.011  pg +0.0128  v 0.010  ev +0.94  adv_std 0.138  tR -0.50  ent[s/d/p/e] 1.78/2.32/1.31/0.50  emits 0.49  spf 51.6  z0 0.75  garr 67.0  tG 516  e2 0.10  nF 5.2  pS 0.31  ptS 0.30  fLog 0.60  pdΔ -0.1910  pkR 6.63  clip 0.15  kl +0.005
upd  165  steps  339968  sps 1290  opp symm  loss -0.061  pg -0.0357  v 0.006  ev +0.97  adv_std 0.116  tR +0.60  ent[s/d/p/e] 1.85/2.36/1.28/0.47  emits 0.49  spf 54.9  z0 0.76  garr 72.9  tG 570  e2 0.10  nF 4.8  pS 0.30  ptS 0.30  fLog 0.60  pdΔ -0.1974  pkR 9.71  clip 0.12  kl +0.002
upd  166  steps  342016  sps 1295  opp symm  loss -0.028  pg -0.0024  v 0.006  ev +0.97  adv_std 0.111  tR +0.00  ent[s/d/p/e] 1.77/2.29/1.28/0.50  emits 0.40  spf 54.3  z0 0.77  garr 80.7  tG 623  e2 0.08  nF 4.5  pS 0.30  ptS 0.29  fLog 0.60  pdΔ -0.1976  pkR 11.58  clip 0.12  kl +0.004
upd  167  steps  344064  sps 1300  opp symm  loss -0.017  pg +0.0094  v 0.006  ev +0.97  adv_std 0.109  tR -1.00  ent[s/d/p/e] 1.80/2.36/1.27/0.50  emits 0.45  spf 62.9  z0 0.75  garr 91.6  tG 671  e2 0.09  nF 4.7  pS 0.32  ptS 0.31  fLog 0.62  pdΔ -0.1783  pkR 4.29  clip 0.11  kl +0.001
upd  168  steps  346112  sps 1304  opp symm  loss -0.008  pg +0.0182  v 0.006  ev +0.96  adv_std 0.112  tR +0.00  ent[s/d/p/e] 1.86/2.34/1.25/0.54  emits 0.58  spf 65.2  z0 0.70  garr 90.2  tG 676  e2 0.12  nF 5.3  pS 0.34  ptS 0.32  fLog 0.63  pdΔ -0.1636  pkR 4.90  clip 0.12  kl +0.002
upd  169  steps  348160  sps 1309  opp symm  loss +0.003  pg +0.0270  v 0.008  ev +0.96  adv_std 0.127  tR -0.33  ent[s/d/p/e] 1.71/2.19/1.20/0.54  emits 0.51  spf 58.6  z0 0.71  garr 87.3  tG 700  e2 0.11  nF 5.3  pS 0.34  ptS 0.33  fLog 0.60  pdΔ -0.1562  pkR 4.29  clip 0.07  kl +0.001
upd  170  steps  350208  sps 1313  opp symm  loss -0.001  pg +0.0226  v 0.010  ev +0.95  adv_std 0.138  tR +0.60  ent[s/d/p/e] 1.66/2.17/1.18/0.55  emits 0.51  spf 60.3  z0 0.71  garr 86.8  tG 713  e2 0.11  nF 4.8  pS 0.34  ptS 0.33  fLog 0.61  pdΔ -0.1590  pkR 5.00  clip 0.08  kl +0.001
upd  171  steps  352256  sps 1318  opp symm  loss -0.004  pg +0.0200  v 0.008  ev +0.95  adv_std 0.122  tR +0.00  ent[s/d/p/e] 1.73/2.23/1.16/0.52  emits 0.50  spf 59.8  z0 0.72  garr 87.7  tG 691  e2 0.11  nF 5.0  pS 0.32  ptS 0.31  fLog 0.60  pdΔ -0.1787  pkR 4.80  clip 0.10  kl +0.003
upd  172  steps  354304  sps 1322  opp symm  loss -0.041  pg -0.0148  v 0.006  ev +0.96  adv_std 0.109  tR +0.33  ent[s/d/p/e] 1.79/2.24/1.20/0.53  emits 0.54  spf 62.7  z0 0.72  garr 83.3  tG 642  e2 0.10  nF 5.4  pS 0.31  ptS 0.30  fLog 0.60  pdΔ -0.1877  pkR 4.17  clip 0.06  kl +0.002
upd  173  steps  356352  sps 1326  opp symm  loss -0.024  pg +0.0006  v 0.006  ev +0.95  adv_std 0.115  tR -0.43  ent[s/d/p/e] 1.62/2.15/1.19/0.53  emits 0.52  spf 51.7  z0 0.71  garr 75.6  tG 567  e2 0.10  nF 5.1  pS 0.30  ptS 0.29  fLog 0.58  pdΔ -0.2019  pkR 5.00  clip 0.05  kl +0.000
upd  174  steps  358400  sps 1331  opp symm  loss -0.026  pg -0.0008  v 0.006  ev +0.95  adv_std 0.111  tR +1.00  ent[s/d/p/e] 1.53/2.16/1.21/0.55  emits 0.50  spf 51.9  z0 0.71  garr 78.0  tG 563  e2 0.11  nF 4.7  pS 0.29  ptS 0.28  fLog 0.58  pdΔ -0.2102  pkR 4.12  clip 0.08  kl +0.001
upd  175  steps  360448  sps 1335  opp symm  loss -0.004  pg +0.0205  v 0.005  ev +0.95  adv_std 0.106  tR -0.33  ent[s/d/p/e] 1.55/2.17/1.19/0.50  emits 0.38  spf 58.5  z0 0.76  garr 86.9  tG 643  e2 0.08  nF 3.8  pS 0.30  ptS 0.29  fLog 0.61  pdΔ -0.1978  pkR 3.79  clip 0.09  kl +0.001
upd  176  steps  362496  sps 1340  opp symm  loss -0.017  pg +0.0073  v 0.006  ev +0.95  adv_std 0.112  tR +0.00  ent[s/d/p/e] 1.51/2.10/1.20/0.52  emits 0.38  spf 62.3  z0 0.74  garr 92.1  tG 686  e2 0.07  nF 3.4  pS 0.30  ptS 0.29  fLog 0.61  pdΔ -0.2024  pkR 3.99  clip 0.06  kl +0.001
upd  177  steps  364544  sps 1344  opp symm  loss +0.026  pg +0.0492  v 0.007  ev +0.94  adv_std 0.117  tR +0.50  ent[s/d/p/e] 1.47/2.06/1.17/0.51  emits 0.36  spf 58.4  z0 0.77  garr 96.6  tG 717  e2 0.07  nF 3.5  pS 0.29  ptS 0.29  fLog 0.59  pdΔ -0.2054  pkR 4.17  clip 0.08  kl +0.002
upd  178  steps  366592  sps 1348  opp symm  loss -0.012  pg +0.0118  v 0.006  ev +0.95  adv_std 0.111  tR -0.20  ent[s/d/p/e] 1.38/2.03/1.25/0.52  emits 0.36  spf 62.8  z0 0.75  garr 108.4  tG 810  e2 0.07  nF 3.3  pS 0.29  ptS 0.28  fLog 0.60  pdΔ -0.2127  pkR 4.44  clip 0.06  kl +0.001
upd  179  steps  368640  sps 1353  opp symm  loss +0.019  pg +0.0422  v 0.006  ev +0.96  adv_std 0.108  tR +0.20  ent[s/d/p/e] 1.37/2.01/1.28/0.47  emits 0.32  spf 64.5  z0 0.76  garr 105.2  tG 799  e2 0.06  nF 3.6  pS 0.28  ptS 0.27  fLog 0.61  pdΔ -0.2237  pkR 5.05  clip 0.13  kl +0.005
upd  180  steps  370688  sps 1357  opp symm  loss -0.051  pg -0.0260  v 0.004  ev +0.97  adv_std 0.089  tR -1.00  ent[s/d/p/e] 1.40/2.05/1.27/0.50  emits 0.30  spf 67.0  z0 0.79  garr 118.6  tG 892  e2 0.05  nF 3.2  pS 0.29  ptS 0.28  fLog 0.61  pdΔ -0.2121  pkR 4.40  clip 0.10  kl +0.004
upd  181  steps  372736  sps 1361  opp symm  loss -0.028  pg -0.0048  v 0.007  ev +0.96  adv_std 0.116  tR +0.50  ent[s/d/p/e] 1.61/2.14/1.26/0.46  emits 0.34  spf 81.8  z0 0.78  garr 125.2  tG 952  e2 0.06  nF 3.5  pS 0.29  ptS 0.29  fLog 0.64  pdΔ -0.2058  pkR 4.33  clip 0.08  kl +0.002
upd  182  steps  374784  sps 1365  opp symm  loss -0.002  pg +0.0185  v 0.011  ev +0.93  adv_std 0.151  tR -1.00  ent[s/d/p/e] 1.58/2.05/1.21/0.46  emits 0.32  spf 69.9  z0 0.80  garr 129.4  tG 946  e2 0.06  nF 3.2  pS 0.28  ptS 0.28  fLog 0.62  pdΔ -0.2166  pkR 4.09  clip 0.05  kl +0.002
upd  183  steps  376832  sps 1370  opp symm  loss +0.000  pg +0.0214  v 0.008  ev +0.95  adv_std 0.132  tR +0.60  ent[s/d/p/e] 1.51/2.06/1.23/0.42  emits 0.26  spf 70.4  z0 0.82  garr 136.7  tG 967  e2 0.04  nF 3.2  pS 0.29  ptS 0.28  fLog 0.62  pdΔ -0.2137  pkR 4.70  clip 0.04  kl -0.001
upd  184  steps  378880  sps 1374  opp symm  loss -0.048  pg -0.0244  v 0.006  ev +0.97  adv_std 0.104  tR -0.50  ent[s/d/p/e] 1.66/2.16/1.26/0.43  emits 0.30  spf 71.4  z0 0.82  garr 145.8  tG 996  e2 0.05  nF 3.1  pS 0.28  ptS 0.27  fLog 0.62  pdΔ -0.2194  pkR 5.08  clip 0.03  kl +0.001
upd  185  steps  380928  sps 1378  opp symm  loss +0.028  pg +0.0512  v 0.005  ev +0.98  adv_std 0.101  tR +1.00  ent[s/d/p/e] 1.60/2.16/1.19/0.43  emits 0.30  spf 66.4  z0 0.81  garr 161.5  tG 1044  e2 0.06  nF 3.6  pS 0.28  ptS 0.27  fLog 0.60  pdΔ -0.2177  pkR 5.19  clip 0.05  kl -0.001