
=== [2026-06-11T03:15:30Z] v14e_binary_v1_a_p0i2_ORBITWARS_SHAPING_ONE_SHIP_PENALTY_0.04_7940ffceae phase=a kind=probe chunk=300 env={"ORBITWARS_SHAPING_ANTI_HOARD": 0.03, "ORBITWARS_SHAPING_CAPTURE": 0.06, "ORBITWARS_SHAPING_RELEASE": 0.0075, "ORBITWARS_SHAPING_RELEASE_K": 17.0, "ORBITWARS_SHAPING_PROD_SHARE_DELTA": 0.025, "ORBITWARS_SHAPING_ONE_SHIP_PENALTY": 0.04} ppo={"ent_coef_emit": 0.0175, "lr_peak": 4.5e-05} ===
[reward] kaggle-aligned: terminal +1 win/+1 tie>0/-1 loss/-1 double-wipeout; is_terminal at step >= episode_steps-2; SHAPING_SCALE=0.0; v1: KEEP_HOME=0.0 FLEET_SIZE=0.0/norm20.0; v2 (expert-replay calibrated): PROD_SHARE=0.0 PLANET_SHARE=0.0 FLEET_LOG=0.0/ref500.0/floor0.3; v3 (top10-2630ep calibrated): PROD_SHARE_DELTA=0.025 EMIT_LOG=0.0 EMIT_GATED=0.0 RELEASE=0.0075/K17.0 CAPTURE=0.06; ANTI_HOARD=0.03/thresh0.6; episode_steps=500 (kaggle=500, mismatch=False)
[symmetric] Frog Parade style: same params drive BOTH players, no frozen/strong/buffer opponents, zero_sum_value=True
upd    0  steps    2048  sps 38  opp symm  loss -0.128  pg -0.1188  v 0.020  ev -0.84  adv_std 0.205  tR +0.00  ent[s/d/p/e] 0.38/1.35/1.26/0.38  emits 0.35  spf 15.0  z0 0.73  garr 15.2  tG 22  e2 0.06  nF 2.3  pS 0.07  ptS 0.07  fLog 0.41  pdΔ -0.4285  pkR 5.33  clip 0.03  kl +0.000
upd    1  steps    4096  sps 74  opp symm  loss -0.023  pg -0.0058  v 0.013  ev +0.20  adv_std 0.163  tR +0.00  ent[s/d/p/e] 0.92/1.43/1.14/0.52  emits 0.91  spf 15.0  z0 0.53  garr 14.6  tG 45  e2 0.22  nF 9.0  pS 0.14  ptS 0.13  fLog 0.40  pdΔ -0.3634  pkR 8.44  clip 0.06  kl +0.002
upd    2  steps    6144  sps 110  opp symm  loss -0.020  pg -0.0034  v 0.017  ev +0.29  adv_std 0.175  tR +0.00  ent[s/d/p/e] 1.26/1.68/1.05/0.58  emits 1.27  spf 17.9  z0 0.48  garr 18.1  tG 90  e2 0.31  nF 15.3  pS 0.20  ptS 0.19  fLog 0.41  pdΔ -0.2954  pkR 9.24  clip 0.27  kl +0.006
upd    3  steps    8192  sps 145  opp symm  loss +0.034  pg +0.0526  v 0.015  ev +0.14  adv_std 0.156  tR +1.00  ent[s/d/p/e] 1.47/1.85/1.03/0.57  emits 1.59  spf 17.7  z0 0.41  garr 18.9  tG 118  e2 0.37  nF 20.2  pS 0.25  ptS 0.24  fLog 0.41  pdΔ -0.2452  pkR 6.62  clip 0.34  kl +0.006
upd    4  steps   10240  sps 179  opp symm  loss +0.048  pg +0.0654  v 0.016  ev +0.33  adv_std 0.158  tR +1.00  ent[s/d/p/e] 1.57/1.90/1.03/0.54  emits 1.61  spf 19.4  z0 0.39  garr 19.9  tG 155  e2 0.37  nF 23.0  pS 0.29  ptS 0.27  fLog 0.41  pdΔ -0.2132  pkR 10.08  clip 0.23  kl +0.001
upd    5  steps   12288  sps 213  opp symm  loss +0.035  pg +0.0516  v 0.019  ev +0.34  adv_std 0.175  tR +0.50  ent[s/d/p/e] 1.71/2.02/0.96/0.55  emits 1.66  spf 22.4  z0 0.42  garr 21.0  tG 181  e2 0.39  nF 22.7  pS 0.30  ptS 0.30  fLog 0.42  pdΔ -0.1988  pkR 10.11  clip 0.27  kl +0.008
upd    6  steps   14336  sps 246  opp symm  loss +0.095  pg +0.1152  v 0.014  ev +0.42  adv_std 0.141  tR +1.00  ent[s/d/p/e] 1.78/2.08/0.97/0.54  emits 1.59  spf 22.7  z0 0.44  garr 21.1  tG 197  e2 0.36  nF 22.2  pS 0.31  ptS 0.31  fLog 0.43  pdΔ -0.1884  pkR 9.72  clip 0.27  kl +0.007
upd    7  steps   16384  sps 278  opp symm  loss +0.032  pg +0.0494  v 0.019  ev +0.38  adv_std 0.162  tR -0.60  ent[s/d/p/e] 1.85/2.16/0.94/0.54  emits 1.61  spf 24.5  z0 0.45  garr 24.3  tG 259  e2 0.36  nF 22.2  pS 0.33  ptS 0.33  fLog 0.44  pdΔ -0.1654  pkR 17.66  clip 0.32  kl +0.010
upd    8  steps   18432  sps 309  opp symm  loss -0.003  pg +0.0149  v 0.019  ev +0.40  adv_std 0.179  tR +0.20  ent[s/d/p/e] 1.80/2.14/1.01/0.56  emits 1.55  spf 26.7  z0 0.44  garr 24.9  tG 249  e2 0.35  nF 21.0  pS 0.33  ptS 0.32  fLog 0.45  pdΔ -0.1667  pkR 9.87  clip 0.30  kl +0.011
upd    9  steps   20480  sps 339  opp symm  loss +0.008  pg +0.0297  v 0.012  ev +0.57  adv_std 0.133  tR -0.33  ent[s/d/p/e] 1.81/2.15/1.03/0.55  emits 1.51  spf 27.5  z0 0.46  garr 23.2  tG 225  e2 0.34  nF 19.7  pS 0.31  ptS 0.30  fLog 0.45  pdΔ -0.1867  pkR 9.95  clip 0.19  kl +0.004
upd   10  steps   22528  sps 369  opp symm  loss +0.009  pg +0.0309  v 0.013  ev +0.33  adv_std 0.141  tR +0.00  ent[s/d/p/e] 1.83/2.20/1.08/0.55  emits 1.43  spf 27.6  z0 0.49  garr 23.7  tG 241  e2 0.31  nF 18.1  pS 0.32  ptS 0.31  fLog 0.46  pdΔ -0.1801  pkR 11.97  clip 0.31  kl +0.014
upd   11  steps   24576  sps 399  opp symm  loss -0.018  pg +0.0011  v 0.017  ev +0.28  adv_std 0.174  tR -0.25  ent[s/d/p/e] 1.87/2.23/1.11/0.53  emits 1.34  spf 28.1  z0 0.51  garr 24.2  tG 235  e2 0.28  nF 16.8  pS 0.32  ptS 0.31  fLog 0.47  pdΔ -0.1835  pkR 15.20  clip 0.24  kl +0.005
upd   12  steps   26624  sps 428  opp symm  loss +0.060  pg +0.0824  v 0.012  ev +0.54  adv_std 0.136  tR +0.33  ent[s/d/p/e] 1.91/2.25/1.08/0.53  emits 1.41  spf 26.3  z0 0.49  garr 26.6  tG 278  e2 0.30  nF 17.0  pS 0.32  ptS 0.31  fLog 0.45  pdΔ -0.1760  pkR 18.80  clip 0.30  kl +0.014
upd   13  steps   28672  sps 456  opp symm  loss +0.044  pg +0.0666  v 0.011  ev +0.62  adv_std 0.132  tR +0.00  ent[s/d/p/e] 1.94/2.27/1.05/0.51  emits 1.51  spf 27.1  z0 0.48  garr 22.4  tG 205  e2 0.33  nF 19.9  pS 0.31  ptS 0.31  fLog 0.45  pdΔ -0.1854  pkR 10.00  clip 0.22  kl +0.002
upd   14  steps   30720  sps 483  opp symm  loss +0.014  pg +0.0365  v 0.011  ev +0.74  adv_std 0.132  tR -0.20  ent[s/d/p/e] 1.96/2.28/1.02/0.53  emits 1.32  spf 26.8  z0 0.53  garr 22.6  tG 232  e2 0.28  nF 19.0  pS 0.31  ptS 0.31  fLog 0.45  pdΔ -0.1858  pkR 10.32  clip 0.20  kl +0.006
upd   15  steps   32768  sps 510  opp symm  loss -0.025  pg -0.0318  v 0.069  ev +0.15  adv_std 0.377  tR +0.00  ent[s/d/p/e] 1.85/2.22/1.07/0.50  emits 1.06  spf 24.9  z0 0.59  garr 22.4  tG 187  e2 0.21  nF 14.0  pS 0.25  ptS 0.25  fLog 0.45  pdΔ -0.2519  pkR 16.96  clip 0.18  kl +0.009
upd   16  steps   34816  sps 537  opp symm  loss +0.061  pg +0.0834  v 0.007  ev +0.53  adv_std 0.109  tR +1.00  ent[s/d/p/e] 1.48/1.92/1.11/0.52  emits 0.85  spf 23.0  z0 0.61  garr 18.8  tG 84  e2 0.18  nF 10.1  pS 0.18  ptS 0.17  fLog 0.45  pdΔ -0.3226  pkR 12.62  clip 0.11  kl +0.005
upd   17  steps   36864  sps 563  opp symm  loss +0.020  pg +0.0442  v 0.005  ev +0.61  adv_std 0.108  tR +0.00  ent[s/d/p/e] 1.47/1.90/1.13/0.58  emits 0.88  spf 26.3  z0 0.59  garr 22.4  tG 134  e2 0.21  nF 11.7  pS 0.22  ptS 0.21  fLog 0.46  pdΔ -0.2819  pkR 10.06  clip 0.21  kl +0.006
upd   18  steps   38912  sps 588  opp symm  loss -0.018  pg +0.0033  v 0.010  ev +0.60  adv_std 0.134  tR +0.00  ent[s/d/p/e] 1.45/1.90/1.11/0.56  emits 0.99  spf 26.8  z0 0.55  garr 23.6  tG 172  e2 0.23  nF 11.8  pS 0.23  ptS 0.23  fLog 0.46  pdΔ -0.2657  pkR 18.34  clip 0.21  kl +0.007
upd   19  steps   40960  sps 613  opp symm  loss +0.034  pg +0.0545  v 0.012  ev +0.65  adv_std 0.148  tR +0.00  ent[s/d/p/e] 1.54/1.94/1.11/0.56  emits 1.15  spf 22.6  z0 0.50  garr 20.6  tG 144  e2 0.27  nF 13.5  pS 0.24  ptS 0.24  fLog 0.44  pdΔ -0.2593  pkR 23.55  clip 0.24  kl +0.009
upd   20  steps   43008  sps 638  opp symm  loss -0.006  pg +0.0171  v 0.008  ev +0.81  adv_std 0.113  tR +0.00  ent[s/d/p/e] 1.64/2.04/1.08/0.56  emits 1.16  spf 24.5  z0 0.51  garr 19.9  tG 149  e2 0.26  nF 14.8  pS 0.25  ptS 0.25  fLog 0.46  pdΔ -0.2475  pkR 9.44  clip 0.18  kl +0.007
upd   21  steps   45056  sps 662  opp symm  loss -0.036  pg -0.0112  v 0.007  ev +0.85  adv_std 0.109  tR -0.50  ent[s/d/p/e] 1.68/2.08/1.14/0.56  emits 1.09  spf 27.2  z0 0.55  garr 22.9  tG 211  e2 0.25  nF 14.3  pS 0.28  ptS 0.27  fLog 0.46  pdΔ -0.2217  pkR 15.85  clip 0.16  kl +0.004
upd   22  steps   47104  sps 685  opp symm  loss +0.058  pg +0.0830  v 0.006  ev +0.88  adv_std 0.098  tR +1.00  ent[s/d/p/e] 1.75/2.14/1.08/0.55  emits 1.29  spf 28.6  z0 0.51  garr 23.6  tG 222  e2 0.28  nF 15.2  pS 0.29  ptS 0.29  fLog 0.47  pdΔ -0.2131  pkR 21.03  clip 0.22  kl +0.005
upd   23  steps   49152  sps 708  opp symm  loss -0.004  pg +0.0202  v 0.007  ev +0.87  adv_std 0.106  tR +0.00  ent[s/d/p/e] 1.75/2.11/1.11/0.54  emits 1.28  spf 29.5  z0 0.47  garr 21.1  tG 203  e2 0.27  nF 16.7  pS 0.31  ptS 0.31  fLog 0.47  pdΔ -0.1852  pkR 12.56  clip 0.20  kl +0.003
upd   24  steps   51200  sps 731  opp symm  loss +0.009  pg +0.0320  v 0.009  ev +0.88  adv_std 0.117  tR -0.50  ent[s/d/p/e] 1.83/2.19/1.11/0.53  emits 1.45  spf 28.6  z0 0.49  garr 23.4  tG 270  e2 0.31  nF 16.9  pS 0.33  ptS 0.33  fLog 0.47  pdΔ -0.1664  pkR 13.60  clip 0.21  kl +0.011
upd   25  steps   53248  sps 753  opp symm  loss +0.031  pg +0.0551  v 0.008  ev +0.90  adv_std 0.109  tR +0.67  ent[s/d/p/e] 1.80/2.16/1.10/0.52  emits 1.39  spf 24.7  z0 0.50  garr 22.7  tG 251  e2 0.30  nF 17.8  pS 0.32  ptS 0.31  fLog 0.46  pdΔ -0.1753  pkR 19.49  clip 0.19  kl +0.007
upd   26  steps   55296  sps 775  opp symm  loss +0.031  pg +0.0538  v 0.008  ev +0.87  adv_std 0.121  tR +0.00  ent[s/d/p/e] 1.75/2.13/1.09/0.51  emits 1.37  spf 24.0  z0 0.49  garr 18.0  tG 169  e2 0.30  nF 18.0  pS 0.30  ptS 0.29  fLog 0.45  pdΔ -0.1997  pkR 11.51  clip 0.20  kl +0.004
upd   27  steps   57344  sps 797  opp symm  loss +0.021  pg +0.0444  v 0.007  ev +0.92  adv_std 0.121  tR +0.33  ent[s/d/p/e] 1.71/2.11/1.14/0.51  emits 1.27  spf 26.7  z0 0.51  garr 17.5  tG 161  e2 0.27  nF 15.5  pS 0.27  ptS 0.27  fLog 0.47  pdΔ -0.2286  pkR 11.48  clip 0.16  kl +0.000
upd   28  steps   59392  sps 818  opp symm  loss +0.046  pg +0.0681  v 0.008  ev +0.90  adv_std 0.123  tR +0.33  ent[s/d/p/e] 1.70/2.09/1.13/0.47  emits 1.14  spf 22.4  z0 0.54  garr 17.2  tG 154  e2 0.25  nF 14.7  pS 0.26  ptS 0.25  fLog 0.44  pdΔ -0.2449  pkR 21.47  clip 0.17  kl +0.002
upd   29  steps   61440  sps 838  opp symm  loss +0.060  pg +0.0822  v 0.008  ev +0.91  adv_std 0.116  tR +0.43  ent[s/d/p/e] 1.49/1.97/1.09/0.49  emits 1.05  spf 18.5  z0 0.56  garr 16.9  tG 131  e2 0.22  nF 13.5  pS 0.22  ptS 0.22  fLog 0.43  pdΔ -0.2806  pkR 33.93  clip 0.19  kl +0.006
upd   30  steps   63488  sps 859  opp symm  loss +0.038  pg +0.0600  v 0.007  ev +0.89  adv_std 0.121  tR -0.33  ent[s/d/p/e] 1.49/1.93/1.14/0.52  emits 1.05  spf 21.5  z0 0.53  garr 17.1  tG 105  e2 0.24  nF 13.3  pS 0.22  ptS 0.22  fLog 0.44  pdΔ -0.2796  pkR 12.42  clip 0.30  kl +0.013
upd   31  steps   65536  sps 879  opp symm  loss +0.041  pg +0.0611  v 0.012  ev +0.83  adv_std 0.158  tR +0.06  ent[s/d/p/e] 1.38/1.92/1.18/0.52  emits 0.95  spf 21.7  z0 0.58  garr 17.5  tG 85  e2 0.21  nF 10.0  pS 0.19  ptS 0.19  fLog 0.45  pdΔ -0.3070  pkR 11.86  clip 0.09  kl +0.004
upd   32  steps   67584  sps 898  opp symm  loss +0.033  pg +0.0575  v 0.006  ev +0.92  adv_std 0.109  tR +0.33  ent[s/d/p/e] 1.45/1.98/1.19/0.56  emits 1.00  spf 24.1  z0 0.54  garr 19.6  tG 119  e2 0.23  nF 11.3  pS 0.24  ptS 0.23  fLog 0.47  pdΔ -0.2646  pkR 14.02  clip 0.17  kl +0.005
upd   33  steps   69632  sps 918  opp symm  loss +0.007  pg +0.0314  v 0.006  ev +0.94  adv_std 0.103  tR -1.00  ent[s/d/p/e] 1.51/2.00/1.18/0.54  emits 1.09  spf 23.6  z0 0.53  garr 21.1  tG 165  e2 0.24  nF 12.5  pS 0.27  ptS 0.26  fLog 0.47  pdΔ -0.2296  pkR 18.81  clip 0.18  kl +0.009
upd   34  steps   71680  sps 937  opp symm  loss +0.042  pg +0.0650  v 0.010  ev +0.92  adv_std 0.135  tR +0.00  ent[s/d/p/e] 1.61/2.09/1.16/0.55  emits 1.12  spf 26.1  z0 0.51  garr 21.2  tG 187  e2 0.26  nF 13.2  pS 0.29  ptS 0.28  fLog 0.48  pdΔ -0.2067  pkR 24.36  clip 0.21  kl +0.002
upd   35  steps   73728  sps 955  opp symm  loss +0.019  pg +0.0446  v 0.004  ev +0.97  adv_std 0.092  tR +0.50  ent[s/d/p/e] 1.59/2.07/1.17/0.54  emits 1.03  spf 31.0  z0 0.55  garr 19.4  tG 166  e2 0.24  nF 11.6  pS 0.28  ptS 0.27  fLog 0.50  pdΔ -0.2204  pkR 8.50  clip 0.19  kl +0.003
upd   36  steps   75776  sps 974  opp symm  loss +0.013  pg +0.0375  v 0.006  ev +0.95  adv_std 0.112  tR -1.00  ent[s/d/p/e] 1.67/2.15/1.16/0.55  emits 1.16  spf 29.8  z0 0.53  garr 18.5  tG 161  e2 0.27  nF 11.7  pS 0.28  ptS 0.27  fLog 0.49  pdΔ -0.2167  pkR 8.32  clip 0.16  kl +0.005
upd   37  steps   77824  sps 992  opp symm  loss +0.026  pg +0.0504  v 0.007  ev +0.93  adv_std 0.112  tR -0.67  ent[s/d/p/e] 1.68/2.16/1.17/0.55  emits 1.14  spf 29.2  z0 0.54  garr 20.8  tG 177  e2 0.25  nF 12.5  pS 0.30  ptS 0.29  fLog 0.49  pdΔ -0.2012  pkR 9.53  clip 0.24  kl +0.005
upd   38  steps   79872  sps 1009  opp symm  loss +0.045  pg +0.0687  v 0.007  ev +0.92  adv_std 0.117  tR +1.00  ent[s/d/p/e] 1.60/2.09/1.14/0.55  emits 1.25  spf 29.1  z0 0.50  garr 19.0  tG 153  e2 0.27  nF 13.5  pS 0.29  ptS 0.28  fLog 0.49  pdΔ -0.2147  pkR 9.66  clip 0.27  kl +0.003
upd   39  steps   81920  sps 1027  opp symm  loss +0.032  pg +0.0570  v 0.005  ev +0.94  adv_std 0.099  tR -1.00  ent[s/d/p/e] 1.67/2.17/1.13/0.55  emits 1.31  spf 27.4  z0 0.49  garr 19.3  tG 153  e2 0.29  nF 15.3  pS 0.30  ptS 0.29  fLog 0.48  pdΔ -0.1996  pkR 8.48  clip 0.18  kl +0.005
upd   40  steps   83968  sps 1044  opp symm  loss +0.023  pg +0.0484  v 0.005  ev +0.95  adv_std 0.098  tR -0.60  ent[s/d/p/e] 1.75/2.24/1.07/0.55  emits 1.34  spf 30.0  z0 0.50  garr 20.8  tG 188  e2 0.28  nF 16.0  pS 0.33  ptS 0.32  fLog 0.50  pdΔ -0.1729  pkR 8.57  clip 0.33  kl +0.016
upd   41  steps   86016  sps 1061  opp symm  loss -0.015  pg +0.0090  v 0.008  ev +0.92  adv_std 0.121  tR +0.67  ent[s/d/p/e] 1.73/2.25/1.12/0.54  emits 1.38  spf 28.5  z0 0.50  garr 18.7  tG 177  e2 0.29  nF 16.3  pS 0.33  ptS 0.32  fLog 0.49  pdΔ -0.1728  pkR 13.09  clip 0.16  kl +0.007
upd   42  steps   88064  sps 1078  opp symm  loss -0.010  pg +0.0142  v 0.007  ev +0.94  adv_std 0.108  tR +0.00  ent[s/d/p/e] 1.77/2.27/1.10/0.54  emits 1.30  spf 28.8  z0 0.51  garr 18.7  tG 176  e2 0.28  nF 15.2  pS 0.33  ptS 0.32  fLog 0.49  pdΔ -0.1740  pkR 11.91  clip 0.16  kl +0.005
upd   43  steps   90112  sps 1094  opp symm  loss -0.018  pg +0.0053  v 0.008  ev +0.92  adv_std 0.122  tR +0.43  ent[s/d/p/e] 1.64/2.18/1.10/0.53  emits 1.15  spf 27.4  z0 0.53  garr 18.8  tG 166  e2 0.25  nF 13.8  pS 0.29  ptS 0.28  fLog 0.49  pdΔ -0.2073  pkR 13.18  clip 0.12  kl +0.002
upd   44  steps   92160  sps 1110  opp symm  loss -0.005  pg +0.0184  v 0.007  ev +0.93  adv_std 0.115  tR -0.43  ent[s/d/p/e] 1.60/2.17/1.10/0.52  emits 1.19  spf 27.5  z0 0.55  garr 17.9  tG 145  e2 0.25  nF 13.3  pS 0.28  ptS 0.27  fLog 0.49  pdΔ -0.2244  pkR 15.21  clip 0.12  kl +0.001
upd   45  steps   94208  sps 1126  opp symm  loss -0.008  pg +0.0165  v 0.004  ev +0.95  adv_std 0.084  tR +0.00  ent[s/d/p/e] 1.53/2.14/1.09/0.51  emits 1.10  spf 24.8  z0 0.57  garr 18.4  tG 140  e2 0.23  nF 12.1  pS 0.26  ptS 0.25  fLog 0.48  pdΔ -0.2410  pkR 19.73  clip 0.24  kl -0.000
upd   46  steps   96256  sps 1142  opp symm  loss +0.016  pg +0.0363  v 0.013  ev +0.83  adv_std 0.164  tR +0.33  ent[s/d/p/e] 1.45/2.08/1.08/0.54  emits 1.17  spf 23.2  z0 0.52  garr 16.5  tG 110  e2 0.24  nF 12.3  pS 0.26  ptS 0.25  fLog 0.47  pdΔ -0.2418  pkR 14.53  clip 0.15  kl +0.004
upd   47  steps   98304  sps 1157  opp symm  loss +0.028  pg +0.0513  v 0.008  ev +0.87  adv_std 0.128  tR +0.00  ent[s/d/p/e] 1.42/2.08/1.11/0.56  emits 1.18  spf 25.0  z0 0.52  garr 18.0  tG 114  e2 0.26  nF 12.4  pS 0.27  ptS 0.25  fLog 0.48  pdΔ -0.2332  pkR 9.03  clip 0.18  kl +0.004
upd   48  steps  100352  sps 1172  opp symm  loss +0.010  pg +0.0344  v 0.007  ev +0.90  adv_std 0.121  tR -0.50  ent[s/d/p/e] 1.54/2.18/1.14/0.58  emits 1.27  spf 27.9  z0 0.49  garr 19.4  tG 134  e2 0.29  nF 12.8  pS 0.30  ptS 0.28  fLog 0.50  pdΔ -0.2042  pkR 8.10  clip 0.12  kl +0.006
upd   49  steps  102400  sps 1187  opp symm  loss -0.016  pg +0.0089  v 0.007  ev +0.93  adv_std 0.113  tR +0.60  ent[s/d/p/e] 1.55/2.20/1.12/0.56  emits 1.16  spf 29.0  z0 0.54  garr 21.2  tG 157  e2 0.25  nF 12.6  pS 0.30  ptS 0.29  fLog 0.50  pdΔ -0.1981  pkR 12.84  clip 0.18  kl +0.007
upd   50  steps  104448  sps 1202  opp symm  loss -0.005  pg +0.0208  v 0.004  ev +0.95  adv_std 0.087  tR -1.00  ent[s/d/p/e] 1.52/2.17/1.17/0.57  emits 1.14  spf 29.0  z0 0.52  garr 20.2  tG 137  e2 0.26  nF 11.5  pS 0.29  ptS 0.27  fLog 0.51  pdΔ -0.2125  pkR 8.12  clip 0.17  kl +0.006
upd   51  steps  106496  sps 1216  opp symm  loss -0.029  pg -0.0039  v 0.006  ev +0.92  adv_std 0.110  tR -0.50  ent[s/d/p/e] 1.56/2.21/1.13/0.59  emits 1.06  spf 30.7  z0 0.53  garr 23.1  tG 184  e2 0.24  nF 10.4  pS 0.31  ptS 0.30  fLog 0.52  pdΔ -0.1883  pkR 12.53  clip 0.20  kl +0.006
upd   52  steps  108544  sps 1230  opp symm  loss -0.022  pg +0.0042  v 0.006  ev +0.93  adv_std 0.108  tR +0.20  ent[s/d/p/e] 1.65/2.28/1.16/0.60  emits 1.06  spf 34.5  z0 0.54  garr 24.1  tG 200  e2 0.24  nF 10.1  pS 0.32  ptS 0.32  fLog 0.53  pdΔ -0.1782  pkR 11.00  clip 0.12  kl +0.001
upd   53  steps  110592  sps 1244  opp symm  loss -0.041  pg -0.0140  v 0.005  ev +0.94  adv_std 0.097  tR +0.33  ent[s/d/p/e] 1.62/2.22/1.16/0.60  emits 1.08  spf 32.7  z0 0.52  garr 21.8  tG 174  e2 0.25  nF 10.2  pS 0.31  ptS 0.30  fLog 0.52  pdΔ -0.1913  pkR 6.22  clip 0.15  kl +0.005
upd   54  steps  112640  sps 1258  opp symm  loss +0.011  pg +0.0383  v 0.004  ev +0.94  adv_std 0.087  tR +0.20  ent[s/d/p/e] 1.54/2.15/1.20/0.60  emits 0.96  spf 31.8  z0 0.56  garr 21.7  tG 161  e2 0.22  nF 9.8  pS 0.29  ptS 0.28  fLog 0.51  pdΔ -0.2138  pkR 6.69  clip 0.21  kl +0.006
upd   55  steps  114688  sps 1272  opp symm  loss -0.021  pg +0.0048  v 0.006  ev +0.92  adv_std 0.111  tR +0.00  ent[s/d/p/e] 1.60/2.17/1.19/0.60  emits 1.09  spf 32.1  z0 0.52  garr 21.6  tG 163  e2 0.25  nF 10.9  pS 0.29  ptS 0.29  fLog 0.51  pdΔ -0.2073  pkR 6.88  clip 0.14  kl +0.003
upd   56  steps  116736  sps 1285  opp symm  loss -0.040  pg -0.0141  v 0.006  ev +0.92  adv_std 0.107  tR +0.33  ent[s/d/p/e] 1.56/2.13/1.17/0.60  emits 0.87  spf 31.4  z0 0.58  garr 21.4  tG 154  e2 0.19  nF 9.4  pS 0.28  ptS 0.27  fLog 0.52  pdΔ -0.2243  pkR 6.01  clip 0.11  kl +0.004
upd   57  steps  118784  sps 1299  opp symm  loss -0.030  pg -0.0035  v 0.004  ev +0.94  adv_std 0.090  tR -0.20  ent[s/d/p/e] 1.56/2.16/1.19/0.60  emits 0.94  spf 34.1  z0 0.56  garr 23.1  tG 161  e2 0.22  nF 8.7  pS 0.27  ptS 0.27  fLog 0.53  pdΔ -0.2287  pkR 7.10  clip 0.10  kl +0.003
upd   58  steps  120832  sps 1312  opp symm  loss -0.017  pg +0.0066  v 0.010  ev +0.86  adv_std 0.139  tR -0.33  ent[s/d/p/e] 1.58/2.15/1.19/0.60  emits 0.90  spf 32.0  z0 0.57  garr 23.8  tG 160  e2 0.20  nF 8.3  pS 0.27  ptS 0.27  fLog 0.52  pdΔ -0.2261  pkR 5.61  clip 0.12  kl +0.002
upd   59  steps  122880  sps 1325  opp symm  loss +0.012  pg +0.0356  v 0.010  ev +0.86  adv_std 0.139  tR +0.33  ent[s/d/p/e] 1.49/2.13/1.22/0.59  emits 0.87  spf 33.3  z0 0.56  garr 24.9  tG 165  e2 0.20  nF 8.0  pS 0.26  ptS 0.26  fLog 0.52  pdΔ -0.2389  pkR 5.95  clip 0.12  kl +0.005
upd   60  steps  124928  sps 1337  opp symm  loss -0.068  pg -0.0432  v 0.009  ev +0.89  adv_std 0.134  tR -0.20  ent[s/d/p/e] 1.57/2.18/1.21/0.60  emits 0.86  spf 35.7  z0 0.57  garr 25.8  tG 172  e2 0.19  nF 8.0  pS 0.27  ptS 0.26  fLog 0.54  pdΔ -0.2324  pkR 6.75  clip 0.12  kl +0.003
upd   61  steps  126976  sps 1350  opp symm  loss +0.005  pg +0.0312  v 0.006  ev +0.92  adv_std 0.105  tR -1.00  ent[s/d/p/e] 1.53/2.16/1.14/0.61  emits 0.92  spf 35.1  z0 0.56  garr 27.9  tG 199  e2 0.21  nF 8.7  pS 0.29  ptS 0.29  fLog 0.53  pdΔ -0.2070  pkR 8.87  clip 0.16  kl +0.009
upd   62  steps  129024  sps 1362  opp symm  loss -0.007  pg +0.0187  v 0.007  ev +0.92  adv_std 0.114  tR +0.43  ent[s/d/p/e] 1.54/2.22/1.17/0.60  emits 0.84  spf 37.6  z0 0.58  garr 28.8  tG 193  e2 0.19  nF 7.8  pS 0.29  ptS 0.28  fLog 0.55  pdΔ -0.2116  pkR 7.82  clip 0.10  kl +0.003
upd   63  steps  131072  sps 1375  opp symm  loss +0.018  pg +0.0455  v 0.003  ev +0.96  adv_std 0.082  tR +0.00  ent[s/d/p/e] 1.59/2.28/1.21/0.60  emits 0.81  spf 40.8  z0 0.60  garr 31.7  tG 221  e2 0.18  nF 7.6  pS 0.30  ptS 0.30  fLog 0.56  pdΔ -0.1978  pkR 4.73  clip 0.16  kl +0.007
upd   64  steps  133120  sps 1387  opp symm  loss -0.066  pg -0.0373  v 0.003  ev +0.97  adv_std 0.078  tR +0.00  ent[s/d/p/e] 1.67/2.37/1.16/0.61  emits 0.85  spf 44.0  z0 0.58  garr 33.3  tG 250  e2 0.18  nF 7.8  pS 0.33  ptS 0.32  fLog 0.57  pdΔ -0.1727  pkR 3.71  clip 0.07  kl +0.001
upd   65  steps  135168  sps 1399  opp symm  loss -0.026  pg +0.0028  v 0.003  ev +0.96  adv_std 0.080  tR +0.50  ent[s/d/p/e] 1.68/2.37/1.20/0.60  emits 0.83  spf 45.8  z0 0.59  garr 33.6  tG 255  e2 0.19  nF 7.5  pS 0.33  ptS 0.32  fLog 0.58  pdΔ -0.1724  pkR 4.10  clip 0.10  kl +0.004
upd   66  steps  137216  sps 1410  opp symm  loss -0.045  pg -0.0186  v 0.005  ev +0.94  adv_std 0.103  tR +0.00  ent[s/d/p/e] 1.73/2.36/1.16/0.59  emits 0.85  spf 42.6  z0 0.60  garr 33.3  tG 258  e2 0.19  nF 7.0  pS 0.32  ptS 0.32  fLog 0.57  pdΔ -0.1776  pkR 7.50  clip 0.14  kl +0.005
upd   67  steps  139264  sps 1422  opp symm  loss +0.000  pg +0.0276  v 0.003  ev +0.96  adv_std 0.082  tR -1.00  ent[s/d/p/e] 1.61/2.27/1.15/0.59  emits 1.00  spf 40.7  z0 0.57  garr 29.0  tG 220  e2 0.23  nF 8.0  pS 0.31  ptS 0.31  fLog 0.56  pdΔ -0.1854  pkR 5.21  clip 0.13  kl +0.007
upd   68  steps  141312  sps 1433  opp symm  loss -0.018  pg +0.0078  v 0.007  ev +0.93  adv_std 0.118  tR -0.67  ent[s/d/p/e] 1.71/2.30/1.18/0.59  emits 1.08  spf 39.3  z0 0.53  garr 29.9  tG 228  e2 0.24  nF 8.4  pS 0.33  ptS 0.33  fLog 0.55  pdΔ -0.1677  pkR 4.28  clip 0.17  kl +0.008
upd   69  steps  143360  sps 1445  opp symm  loss -0.009  pg +0.0177  v 0.005  ev +0.94  adv_std 0.103  tR -0.33  ent[s/d/p/e] 1.73/2.33/1.18/0.58  emits 0.90  spf 42.0  z0 0.58  garr 32.3  tG 261  e2 0.20  nF 8.1  pS 0.33  ptS 0.33  fLog 0.56  pdΔ -0.1721  pkR 4.92  clip 0.19  kl +0.004
upd   70  steps  145408  sps 1456  opp symm  loss -0.033  pg -0.0057  v 0.004  ev +0.95  adv_std 0.092  tR +0.20  ent[s/d/p/e] 1.72/2.33/1.23/0.58  emits 0.83  spf 46.9  z0 0.60  garr 34.0  tG 278  e2 0.18  nF 7.3  pS 0.33  ptS 0.33  fLog 0.57  pdΔ -0.1734  pkR 5.17  clip 0.11  kl +0.003
upd   71  steps  147456  sps 1467  opp symm  loss -0.039  pg -0.0106  v 0.004  ev +0.95  adv_std 0.088  tR -0.67  ent[s/d/p/e] 1.78/2.42/1.24/0.59  emits 0.93  spf 49.6  z0 0.57  garr 35.5  tG 285  e2 0.21  nF 8.0  pS 0.34  ptS 0.34  fLog 0.59  pdΔ -0.1624  pkR 4.28  clip 0.19  kl +0.002
upd   72  steps  149504  sps 1477  opp symm  loss -0.022  pg +0.0058  v 0.004  ev +0.94  adv_std 0.091  tR -0.50  ent[s/d/p/e] 1.77/2.33/1.22/0.57  emits 1.03  spf 42.0  z0 0.56  garr 31.8  tG 253  e2 0.23  nF 9.0  pS 0.34  ptS 0.34  fLog 0.56  pdΔ -0.1573  pkR 4.94  clip 0.15  kl +0.004
upd   73  steps  151552  sps 1488  opp symm  loss -0.034  pg -0.0073  v 0.006  ev +0.89  adv_std 0.110  tR +0.20  ent[s/d/p/e] 1.72/2.32/1.22/0.58  emits 0.95  spf 42.4  z0 0.57  garr 32.6  tG 254  e2 0.20  nF 8.8  pS 0.33  ptS 0.33  fLog 0.56  pdΔ -0.1692  pkR 4.80  clip 0.18  kl +0.004
upd   74  steps  153600  sps 1499  opp symm  loss -0.048  pg -0.0201  v 0.004  ev +0.94  adv_std 0.089  tR +0.60  ent[s/d/p/e] 1.64/2.29/1.26/0.58  emits 0.83  spf 44.6  z0 0.58  garr 33.2  tG 243  e2 0.19  nF 7.5  pS 0.31  ptS 0.30  fLog 0.57  pdΔ -0.1946  pkR 5.74  clip 0.11  kl +0.005
upd   75  steps  155648  sps 1509  opp symm  loss -0.047  pg -0.0220  v 0.007  ev +0.89  adv_std 0.120  tR +0.00  ent[s/d/p/e] 1.51/2.19/1.29/0.58  emits 0.71  spf 44.8  z0 0.61  garr 35.1  tG 268  e2 0.17  nF 6.5  pS 0.30  ptS 0.29  fLog 0.56  pdΔ -0.2037  pkR 6.50  clip 0.10  kl +0.002
upd   76  steps  157696  sps 1520  opp symm  loss -0.030  pg -0.0036  v 0.005  ev +0.93  adv_std 0.103  tR +0.14  ent[s/d/p/e] 1.50/2.19/1.32/0.58  emits 0.66  spf 43.5  z0 0.63  garr 32.7  tG 234  e2 0.14  nF 6.2  pS 0.28  ptS 0.27  fLog 0.56  pdΔ -0.2230  pkR 7.63  clip 0.13  kl +0.003
upd   77  steps  159744  sps 1530  opp symm  loss -0.007  pg +0.0172  v 0.008  ev +0.90  adv_std 0.123  tR +0.25  ent[s/d/p/e] 1.54/2.17/1.25/0.57  emits 0.71  spf 39.6  z0 0.62  garr 30.9  tG 219  e2 0.16  nF 6.6  pS 0.29  ptS 0.28  fLog 0.55  pdΔ -0.2142  pkR 6.60  clip 0.11  kl +0.006
upd   78  steps  161792  sps 1540  opp symm  loss -0.034  pg -0.0068  v 0.004  ev +0.95  adv_std 0.087  tR -0.33  ent[s/d/p/e] 1.55/2.21/1.26/0.57  emits 0.80  spf 37.3  z0 0.60  garr 28.5  tG 193  e2 0.18  nF 7.0  pS 0.28  ptS 0.28  fLog 0.54  pdΔ -0.2161  pkR 3.96  clip 0.13  kl +0.004
upd   79  steps  163840  sps 1550  opp symm  loss -0.004  pg +0.0230  v 0.005  ev +0.94  adv_std 0.100  tR -0.60  ent[s/d/p/e] 1.58/2.27/1.29/0.59  emits 0.82  spf 38.1  z0 0.61  garr 28.7  tG 202  e2 0.18  nF 7.8  pS 0.30  ptS 0.29  fLog 0.55  pdΔ -0.1991  pkR 4.22  clip 0.12  kl -0.000
upd   80  steps  165888  sps 1560  opp symm  loss -0.029  pg -0.0022  v 0.005  ev +0.94  adv_std 0.096  tR +0.60  ent[s/d/p/e] 1.52/2.19/1.27/0.58  emits 0.78  spf 40.3  z0 0.60  garr 29.6  tG 210  e2 0.17  nF 7.0  pS 0.30  ptS 0.29  fLog 0.56  pdΔ -0.2042  pkR 4.67  clip 0.08  kl +0.003
upd   81  steps  167936  sps 1569  opp symm  loss -0.035  pg -0.0086  v 0.006  ev +0.93  adv_std 0.107  tR +0.20  ent[s/d/p/e] 1.47/2.20/1.33/0.59  emits 0.70  spf 42.5  z0 0.61  garr 32.0  tG 230  e2 0.16  nF 6.3  pS 0.29  ptS 0.29  fLog 0.56  pdΔ -0.2088  pkR 5.91  clip 0.09  kl +0.001
upd   82  steps  169984  sps 1579  opp symm  loss -0.039  pg -0.0107  v 0.004  ev +0.96  adv_std 0.086  tR -0.20  ent[s/d/p/e] 1.55/2.27/1.31/0.60  emits 0.75  spf 44.5  z0 0.63  garr 32.5  tG 224  e2 0.17  nF 6.7  pS 0.28  ptS 0.28  fLog 0.56  pdΔ -0.2186  pkR 5.92  clip 0.11  kl +0.002
upd   83  steps  172032  sps 1588  opp symm  loss -0.056  pg -0.0278  v 0.004  ev +0.96  adv_std 0.087  tR +0.00  ent[s/d/p/e] 1.52/2.25/1.33/0.58  emits 0.70  spf 41.9  z0 0.62  garr 30.8  tG 208  e2 0.16  nF 6.6  pS 0.27  ptS 0.27  fLog 0.56  pdΔ -0.2306  pkR 4.78  clip 0.05  kl +0.003
upd   84  steps  174080  sps 1598  opp symm  loss -0.022  pg +0.0046  v 0.005  ev +0.95  adv_std 0.104  tR -0.20  ent[s/d/p/e] 1.55/2.24/1.31/0.58  emits 0.81  spf 40.9  z0 0.59  garr 28.8  tG 203  e2 0.19  nF 7.6  pS 0.28  ptS 0.27  fLog 0.55  pdΔ -0.2247  pkR 5.77  clip 0.10  kl +0.004
upd   85  steps  176128  sps 1607  opp symm  loss -0.026  pg +0.0012  v 0.004  ev +0.97  adv_std 0.090  tR -1.00  ent[s/d/p/e] 1.58/2.21/1.30/0.58  emits 0.77  spf 38.5  z0 0.62  garr 28.0  tG 201  e2 0.17  nF 8.0  pS 0.28  ptS 0.28  fLog 0.55  pdΔ -0.2183  pkR 5.67  clip 0.11  kl +0.002
upd   86  steps  178176  sps 1616  opp symm  loss -0.013  pg +0.0137  v 0.006  ev +0.95  adv_std 0.116  tR +0.00  ent[s/d/p/e] 1.69/2.32/1.35/0.58  emits 0.82  spf 40.0  z0 0.62  garr 30.5  tG 243  e2 0.18  nF 7.7  pS 0.31  ptS 0.30  fLog 0.55  pdΔ -0.1935  pkR 8.78  clip 0.10  kl +0.000
upd   87  steps  180224  sps 1625  opp symm  loss -0.039  pg -0.0102  v 0.003  ev +0.97  adv_std 0.079  tR -0.20  ent[s/d/p/e] 1.74/2.40/1.34/0.58  emits 0.75  spf 47.4  z0 0.63  garr 34.6  tG 274  e2 0.16  nF 7.2  pS 0.31  ptS 0.30  fLog 0.58  pdΔ -0.1907  pkR 5.58  clip 0.16  kl +0.003
upd   88  steps  182272  sps 1634  opp symm  loss -0.019  pg +0.0086  v 0.005  ev +0.95  adv_std 0.103  tR +0.33  ent[s/d/p/e] 1.75/2.37/1.27/0.59  emits 0.90  spf 47.3  z0 0.59  garr 35.2  tG 299  e2 0.20  nF 7.2  pS 0.33  ptS 0.32  fLog 0.58  pdΔ -0.1719  pkR 9.43  clip 0.13  kl +0.005
upd   89  steps  184320  sps 1643  opp symm  loss +0.004  pg +0.0308  v 0.007  ev +0.92  adv_std 0.116  tR +0.75  ent[s/d/p/e] 1.73/2.34/1.26/0.59  emits 0.85  spf 46.3  z0 0.60  garr 34.4  tG 269  e2 0.19  nF 7.1  pS 0.32  ptS 0.31  fLog 0.58  pdΔ -0.1808  pkR 10.17  clip 0.06  kl +0.004
upd   90  steps  186368  sps 1651  opp symm  loss -0.021  pg +0.0072  v 0.004  ev +0.95  adv_std 0.093  tR +0.00  ent[s/d/p/e] 1.73/2.38/1.29/0.59  emits 0.73  spf 48.3  z0 0.62  garr 38.1  tG 291  e2 0.16  nF 6.8  pS 0.32  ptS 0.32  fLog 0.59  pdΔ -0.1764  pkR 4.59  clip 0.09  kl +0.001
upd   91  steps  188416  sps 1660  opp symm  loss -0.029  pg -0.0025  v 0.008  ev +0.92  adv_std 0.126  tR +0.00  ent[s/d/p/e] 1.78/2.42/1.32/0.59  emits 0.73  spf 50.6  z0 0.62  garr 41.7  tG 315  e2 0.16  nF 6.6  pS 0.33  ptS 0.32  fLog 0.59  pdΔ -0.1709  pkR 4.80  clip 0.13  kl +0.005
upd   92  steps  190464  sps 1669  opp symm  loss -0.023  pg +0.0049  v 0.006  ev +0.94  adv_std 0.110  tR +0.20  ent[s/d/p/e] 1.85/2.46/1.30/0.58  emits 0.70  spf 53.9  z0 0.64  garr 41.4  tG 326  e2 0.15  nF 6.2  pS 0.32  ptS 0.32  fLog 0.60  pdΔ -0.1776  pkR 4.66  clip 0.08  kl +0.002
upd   93  steps  192512  sps 1677  opp symm  loss -0.018  pg +0.0099  v 0.006  ev +0.93  adv_std 0.113  tR -0.60  ent[s/d/p/e] 1.83/2.43/1.30/0.57  emits 0.66  spf 52.2  z0 0.65  garr 45.9  tG 369  e2 0.14  nF 6.2  pS 0.34  ptS 0.33  fLog 0.59  pdΔ -0.1637  pkR 5.77  clip 0.07  kl +0.004
upd   94  steps  194560  sps 1685  opp symm  loss -0.029  pg +0.0004  v 0.004  ev +0.95  adv_std 0.087  tR -0.33  ent[s/d/p/e] 1.94/2.48/1.33/0.58  emits 0.78  spf 54.0  z0 0.65  garr 50.8  tG 380  e2 0.16  nF 6.7  pS 0.34  ptS 0.34  fLog 0.60  pdΔ -0.1604  pkR 3.63  clip 0.10  kl +0.004
upd   95  steps  196608  sps 1693  opp symm  loss -0.012  pg +0.0171  v 0.005  ev +0.93  adv_std 0.095  tR +1.00  ent[s/d/p/e] 1.97/2.48/1.34/0.59  emits 0.70  spf 53.5  z0 0.65  garr 55.8  tG 437  e2 0.15  nF 6.8  pS 0.38  ptS 0.37  fLog 0.60  pdΔ -0.1244  pkR 3.42  clip 0.10  kl +0.004
upd   96  steps  198656  sps 1702  opp symm  loss -0.042  pg -0.0129  v 0.004  ev +0.94  adv_std 0.088  tR +1.00  ent[s/d/p/e] 1.93/2.47/1.31/0.58  emits 0.63  spf 62.3  z0 0.66  garr 60.9  tG 477  e2 0.13  nF 5.8  pS 0.36  ptS 0.35  fLog 0.62  pdΔ -0.1398  pkR 4.42  clip 0.10  kl +0.003
upd   97  steps  200704  sps 1710  opp symm  loss -0.027  pg +0.0015  v 0.006  ev +0.92  adv_std 0.109  tR +0.60  ent[s/d/p/e] 1.87/2.44/1.36/0.57  emits 0.59  spf 65.3  z0 0.67  garr 60.2  tG 451  e2 0.13  nF 5.6  pS 0.34  ptS 0.34  fLog 0.63  pdΔ -0.1567  pkR 4.62  clip 0.14  kl +0.004
upd   98  steps  202752  sps 1718  opp symm  loss -0.053  pg -0.0257  v 0.008  ev +0.89  adv_std 0.120  tR +0.50  ent[s/d/p/e] 1.83/2.43/1.34/0.56  emits 0.55  spf 63.2  z0 0.69  garr 56.5  tG 402  e2 0.12  nF 5.0  pS 0.31  ptS 0.31  fLog 0.62  pdΔ -0.1855  pkR 3.54  clip 0.08  kl +0.003
[eval_vs_v20] u99 tag=train_u99  bin0=0.0%  spf=23.00  garr=110.58  flip=0.00%  z0=81.0%  e8=0.0%  e2+=0.0%  WLD=0/3/0
upd   99  steps  204800  sps 1726  opp symm  loss -0.049  pg -0.0218  v 0.007  ev +0.89  adv_std 0.121  tR +0.00  ent[s/d/p/e] 1.83/2.40/1.34/0.58  emits 0.62  spf 59.8  z0 0.67  garr 52.6  tG 376  e2 0.14  nF 5.6  pS 0.30  ptS 0.30  fLog 0.61  pdΔ -0.1967  pkR 4.43  clip 0.07  kl +0.002 WRr 0.12 v20[spf 23.0 flip 0.0% e2+ 0.0%]
upd  100  steps  206848  sps 1049  opp symm  loss -0.056  pg -0.0291  v 0.006  ev +0.93  adv_std 0.111  tR -0.20  ent[s/d/p/e] 1.71/2.35/1.31/0.57  emits 0.56  spf 54.5  z0 0.68  garr 49.9  tG 351  e2 0.13  nF 5.4  pS 0.29  ptS 0.28  fLog 0.59  pdΔ -0.2129  pkR 5.80  clip 0.08  kl +0.001
upd  101  steps  208896  sps 1056  opp symm  loss -0.013  pg +0.0133  v 0.008  ev +0.93  adv_std 0.123  tR -1.00  ent[s/d/p/e] 1.80/2.45/1.34/0.55  emits 0.54  spf 61.1  z0 0.69  garr 48.6  tG 354  e2 0.12  nF 5.0  pS 0.29  ptS 0.28  fLog 0.62  pdΔ -0.2125  pkR 5.52  clip 0.09  kl +0.002
upd  102  steps  210944  sps 1063  opp symm  loss -0.036  pg -0.0104  v 0.008  ev +0.92  adv_std 0.126  tR -0.43  ent[s/d/p/e] 1.78/2.40/1.29/0.56  emits 0.59  spf 55.9  z0 0.68  garr 51.5  tG 391  e2 0.12  nF 4.9  pS 0.29  ptS 0.28  fLog 0.60  pdΔ -0.2093  pkR 10.05  clip 0.10  kl +0.003
upd  103  steps  212992  sps 1070  opp symm  loss -0.064  pg -0.0375  v 0.005  ev +0.94  adv_std 0.104  tR +0.25  ent[s/d/p/e] 1.57/2.28/1.31/0.56  emits 0.52  spf 53.2  z0 0.69  garr 45.0  tG 309  e2 0.12  nF 4.5  pS 0.26  ptS 0.26  fLog 0.59  pdΔ -0.2377  pkR 6.60  clip 0.11  kl +0.002
upd  104  steps  215040  sps 1077  opp symm  loss -0.076  pg -0.0500  v 0.007  ev +0.93  adv_std 0.113  tR +0.00  ent[s/d/p/e] 1.49/2.22/1.37/0.55  emits 0.48  spf 48.2  z0 0.70  garr 40.5  tG 269  e2 0.10  nF 4.2  pS 0.24  ptS 0.24  fLog 0.58  pdΔ -0.2579  pkR 7.60  clip 0.10  kl +0.003
upd  105  steps  217088  sps 1083  opp symm  loss -0.023  pg +0.0041  v 0.004  ev +0.95  adv_std 0.088  tR -1.00  ent[s/d/p/e] 1.51/2.20/1.37/0.57  emits 0.52  spf 47.4  z0 0.68  garr 42.7  tG 286  e2 0.12  nF 4.9  pS 0.25  ptS 0.25  fLog 0.57  pdΔ -0.2468  pkR 6.89  clip 0.10  kl +0.005
upd  106  steps  219136  sps 1090  opp symm  loss -0.033  pg -0.0068  v 0.008  ev +0.93  adv_std 0.124  tR +0.20  ent[s/d/p/e] 1.66/2.35/1.34/0.58  emits 0.61  spf 54.8  z0 0.66  garr 43.9  tG 314  e2 0.14  nF 5.5  pS 0.28  ptS 0.28  fLog 0.59  pdΔ -0.2211  pkR 6.82  clip 0.17  kl +0.003
upd  107  steps  221184  sps 1097  opp symm  loss -0.003  pg +0.0256  v 0.005  ev +0.95  adv_std 0.103  tR -0.20  ent[s/d/p/e] 1.71/2.37/1.41/0.59  emits 0.60  spf 51.3  z0 0.66  garr 42.4  tG 310  e2 0.13  nF 6.2  pS 0.30  ptS 0.29  fLog 0.59  pdΔ -0.2012  pkR 5.31  clip 0.09  kl +0.006
upd  108  steps  223232  sps 1103  opp symm  loss -0.047  pg -0.0203  v 0.007  ev +0.94  adv_std 0.123  tR -0.14  ent[s/d/p/e] 1.69/2.35/1.45/0.56  emits 0.54  spf 54.0  z0 0.69  garr 48.5  tG 361  e2 0.12  nF 5.3  pS 0.30  ptS 0.29  fLog 0.59  pdΔ -0.1983  pkR 5.26  clip 0.15  kl +0.002
upd  109  steps  225280  sps 1110  opp symm  loss -0.054  pg -0.0270  v 0.008  ev +0.95  adv_std 0.124  tR +0.00  ent[s/d/p/e] 1.74/2.39/1.43/0.59  emits 0.60  spf 55.5  z0 0.67  garr 48.4  tG 362  e2 0.13  nF 5.8  pS 0.30  ptS 0.30  fLog 0.60  pdΔ -0.1951  pkR 5.54  clip 0.09  kl +0.002
upd  110  steps  227328  sps 1116  opp symm  loss -0.020  pg +0.0066  v 0.008  ev +0.94  adv_std 0.129  tR +0.50  ent[s/d/p/e] 1.69/2.37/1.45/0.58  emits 0.62  spf 57.0  z0 0.66  garr 46.4  tG 320  e2 0.13  nF 5.7  pS 0.29  ptS 0.28  fLog 0.60  pdΔ -0.2109  pkR 5.12  clip 0.06  kl -0.001
upd  111  steps  229376  sps 1123  opp symm  loss -0.032  pg -0.0045  v 0.006  ev +0.95  adv_std 0.110  tR +0.20  ent[s/d/p/e] 1.68/2.35/1.48/0.55  emits 0.55  spf 57.7  z0 0.69  garr 45.4  tG 327  e2 0.12  nF 5.5  pS 0.30  ptS 0.28  fLog 0.61  pdΔ -0.2040  pkR 5.56  clip 0.17  kl +0.008
upd  112  steps  231424  sps 1129  opp symm  loss -0.046  pg -0.0175  v 0.005  ev +0.96  adv_std 0.103  tR -0.50  ent[s/d/p/e] 1.72/2.38/1.46/0.57  emits 0.52  spf 58.4  z0 0.70  garr 51.7  tG 381  e2 0.12  nF 5.0  pS 0.31  ptS 0.30  fLog 0.61  pdΔ -0.1876  pkR 6.87  clip 0.17  kl +0.006
upd  113  steps  233472  sps 1136  opp symm  loss -0.034  pg -0.0059  v 0.007  ev +0.94  adv_std 0.121  tR +0.50  ent[s/d/p/e] 1.75/2.38/1.46/0.59  emits 0.54  spf 57.7  z0 0.69  garr 54.4  tG 379  e2 0.12  nF 4.8  pS 0.32  ptS 0.30  fLog 0.61  pdΔ -0.1831  pkR 5.08  clip 0.14  kl +0.003
upd  114  steps  235520  sps 1142  opp symm  loss -0.039  pg -0.0102  v 0.005  ev +0.95  adv_std 0.105  tR +0.00  ent[s/d/p/e] 1.78/2.42/1.46/0.57  emits 0.51  spf 63.5  z0 0.70  garr 57.6  tG 396  e2 0.12  nF 4.9  pS 0.33  ptS 0.30  fLog 0.63  pdΔ -0.1730  pkR 4.58  clip 0.08  kl +0.001
upd  115  steps  237568  sps 1148  opp symm  loss -0.002  pg +0.0272  v 0.004  ev +0.95  adv_std 0.093  tR +0.50  ent[s/d/p/e] 1.69/2.37/1.53/0.59  emits 0.48  spf 61.6  z0 0.70  garr 59.4  tG 404  e2 0.10  nF 4.5  pS 0.32  ptS 0.29  fLog 0.62  pdΔ -0.1819  pkR 5.10  clip 0.09  kl +0.003
upd  116  steps  239616  sps 1155  opp symm  loss -0.036  pg -0.0075  v 0.004  ev +0.95  adv_std 0.094  tR -0.50  ent[s/d/p/e] 1.66/2.36/1.48/0.56  emits 0.43  spf 68.0  z0 0.72  garr 61.0  tG 439  e2 0.10  nF 4.1  pS 0.32  ptS 0.30  fLog 0.64  pdΔ -0.1779  pkR 4.81  clip 0.06  kl +0.002
upd  117  steps  241664  sps 1161  opp symm  loss -0.058  pg -0.0298  v 0.006  ev +0.94  adv_std 0.109  tR +0.50  ent[s/d/p/e] 1.67/2.36/1.55/0.56  emits 0.43  spf 66.4  z0 0.71  garr 67.9  tG 497  e2 0.09  nF 3.8  pS 0.33  ptS 0.30  fLog 0.63  pdΔ -0.1741  pkR 5.15  clip 0.06  kl -0.000
upd  118  steps  243712  sps 1167  opp symm  loss -0.045  pg -0.0175  v 0.006  ev +0.95  adv_std 0.110  tR -0.67  ent[s/d/p/e] 1.75/2.37/1.48/0.53  emits 0.39  spf 70.1  z0 0.74  garr 68.9  tG 513  e2 0.08  nF 3.6  pS 0.33  ptS 0.31  fLog 0.64  pdΔ -0.1739  pkR 5.45  clip 0.06  kl +0.000
upd  119  steps  245760  sps 1173  opp symm  loss -0.067  pg -0.0404  v 0.009  ev +0.94  adv_std 0.135  tR +0.33  ent[s/d/p/e] 1.86/2.43/1.39/0.54  emits 0.45  spf 68.4  z0 0.75  garr 69.9  tG 517  e2 0.10  nF 4.0  pS 0.33  ptS 0.32  fLog 0.64  pdΔ -0.1701  pkR 4.90  clip 0.07  kl +0.001
upd  120  steps  247808  sps 1179  opp symm  loss -0.044  pg -0.0161  v 0.005  ev +0.97  adv_std 0.100  tR +0.25  ent[s/d/p/e] 1.77/2.35/1.41/0.53  emits 0.46  spf 65.3  z0 0.74  garr 64.9  tG 460  e2 0.10  nF 4.0  pS 0.30  ptS 0.29  fLog 0.63  pdΔ -0.1973  pkR 4.68  clip 0.11  kl +0.003
upd  121  steps  249856  sps 1186  opp symm  loss +0.003  pg +0.0297  v 0.006  ev +0.96  adv_std 0.109  tR +1.00  ent[s/d/p/e] 1.72/2.32/1.41/0.51  emits 0.39  spf 61.8  z0 0.75  garr 62.8  tG 434  e2 0.08  nF 4.0  pS 0.29  ptS 0.28  fLog 0.62  pdΔ -0.2110  pkR 5.19  clip 0.05  kl +0.001
upd  122  steps  251904  sps 1192  opp symm  loss -0.021  pg +0.0030  v 0.008  ev +0.95  adv_std 0.128  tR -0.60  ent[s/d/p/e] 1.59/2.31/1.41/0.47  emits 0.30  spf 64.3  z0 0.79  garr 67.0  tG 429  e2 0.06  nF 3.1  pS 0.26  ptS 0.26  fLog 0.62  pdΔ -0.2354  pkR 4.82  clip 0.08  kl +0.001
upd  123  steps  253952  sps 1198  opp symm  loss -0.034  pg -0.0082  v 0.009  ev +0.94  adv_std 0.134  tR -0.75  ent[s/d/p/e] 1.66/2.32/1.48/0.51  emits 0.40  spf 67.9  z0 0.76  garr 71.6  tG 476  e2 0.09  nF 3.4  pS 0.27  ptS 0.27  fLog 0.63  pdΔ -0.2313  pkR 5.64  clip 0.07  kl +0.003
upd  124  steps  256000  sps 1204  opp symm  loss -0.036  pg -0.0110  v 0.009  ev +0.93  adv_std 0.130  tR -0.60  ent[s/d/p/e] 1.68/2.33/1.40/0.50  emits 0.46  spf 62.1  z0 0.74  garr 64.9  tG 426  e2 0.09  nF 4.2  pS 0.27  ptS 0.27  fLog 0.61  pdΔ -0.2268  pkR 6.38  clip 0.09  kl +0.005
upd  125  steps  258048  sps 1210  opp symm  loss -0.056  pg -0.0291  v 0.006  ev +0.95  adv_std 0.114  tR -0.50  ent[s/d/p/e] 1.73/2.35/1.44/0.53  emits 0.51  spf 58.0  z0 0.73  garr 65.9  tG 444  e2 0.10  nF 4.5  pS 0.30  ptS 0.29  fLog 0.61  pdΔ -0.1990  pkR 5.48  clip 0.10  kl +0.001
upd  126  steps  260096  sps 1216  opp symm  loss -0.056  pg -0.0295  v 0.006  ev +0.96  adv_std 0.109  tR +0.33  ent[s/d/p/e] 1.81/2.38/1.37/0.52  emits 0.49  spf 60.6  z0 0.72  garr 69.4  tG 516  e2 0.10  nF 4.9  pS 0.34  ptS 0.33  fLog 0.62  pdΔ -0.1649  pkR 5.84  clip 0.09  kl +0.002
upd  127  steps  262144  sps 1221  opp symm  loss -0.017  pg +0.0093  v 0.008  ev +0.94  adv_std 0.124  tR +1.00  ent[s/d/p/e] 1.83/2.35/1.43/0.54  emits 0.55  spf 62.5  z0 0.72  garr 79.2  tG 591  e2 0.11  nF 4.9  pS 0.34  ptS 0.33  fLog 0.62  pdΔ -0.1612  pkR 6.77  clip 0.07  kl +0.001
upd  128  steps  264192  sps 1227  opp symm  loss -0.033  pg -0.0043  v 0.005  ev +0.97  adv_std 0.098  tR +0.50  ent[s/d/p/e] 1.89/2.41/1.43/0.53  emits 0.55  spf 65.9  z0 0.70  garr 76.4  tG 602  e2 0.12  nF 4.9  pS 0.34  ptS 0.33  fLog 0.63  pdΔ -0.1616  pkR 8.00  clip 0.06  kl +0.001
upd  129  steps  266240  sps 1233  opp symm  loss -0.000  pg +0.0271  v 0.007  ev +0.96  adv_std 0.115  tR +1.00  ent[s/d/p/e] 2.00/2.44/1.41/0.52  emits 0.53  spf 67.1  z0 0.73  garr 81.0  tG 631  e2 0.11  nF 5.0  pS 0.34  ptS 0.33  fLog 0.63  pdΔ -0.1621  pkR 8.92  clip 0.06  kl +0.002
upd  130  steps  268288  sps 1239  opp symm  loss +0.007  pg +0.0346  v 0.005  ev +0.96  adv_std 0.104  tR +0.00  ent[s/d/p/e] 1.97/2.44/1.37/0.52  emits 0.52  spf 66.3  z0 0.74  garr 86.3  tG 667  e2 0.10  nF 4.9  pS 0.34  ptS 0.33  fLog 0.62  pdΔ -0.1560  pkR 7.58  clip 0.06  kl +0.004
upd  131  steps  270336  sps 1245  opp symm  loss -0.047  pg -0.0196  v 0.006  ev +0.96  adv_std 0.107  tR -0.71  ent[s/d/p/e] 1.86/2.40/1.37/0.53  emits 0.47  spf 65.6  z0 0.73  garr 83.7  tG 670  e2 0.09  nF 4.5  pS 0.34  ptS 0.34  fLog 0.62  pdΔ -0.1559  pkR 7.85  clip 0.08  kl +0.003
upd  132  steps  272384  sps 1250  opp symm  loss -0.016  pg +0.0124  v 0.005  ev +0.96  adv_std 0.099  tR +0.50  ent[s/d/p/e] 1.87/2.39/1.35/0.54  emits 0.55  spf 69.6  z0 0.71  garr 74.4  tG 602  e2 0.11  nF 4.6  pS 0.33  ptS 0.33  fLog 0.62  pdΔ -0.1665  pkR 8.60  clip 0.08  kl +0.002
upd  133  steps  274432  sps 1256  opp symm  loss -0.035  pg -0.0080  v 0.008  ev +0.93  adv_std 0.129  tR -0.50  ent[s/d/p/e] 1.86/2.41/1.43/0.55  emits 0.49  spf 66.6  z0 0.72  garr 67.8  tG 550  e2 0.10  nF 4.9  pS 0.34  ptS 0.34  fLog 0.62  pdΔ -0.1588  pkR 6.73  clip 0.07  kl +0.004
upd  134  steps  276480  sps 1262  opp symm  loss -0.024  pg +0.0020  v 0.011  ev +0.93  adv_std 0.146  tR +0.67  ent[s/d/p/e] 1.95/2.45/1.41/0.56  emits 0.61  spf 66.6  z0 0.68  garr 57.2  tG 466  e2 0.12  nF 5.4  pS 0.34  ptS 0.34  fLog 0.62  pdΔ -0.1553  pkR 5.71  clip 0.09  kl +0.002
upd  135  steps  278528  sps 1267  opp symm  loss -0.037  pg -0.0109  v 0.007  ev +0.95  adv_std 0.120  tR +0.20  ent[s/d/p/e] 1.80/2.32/1.40/0.53  emits 0.51  spf 56.2  z0 0.71  garr 48.9  tG 369  e2 0.10  nF 5.1  pS 0.30  ptS 0.30  fLog 0.60  pdΔ -0.1977  pkR 5.31  clip 0.12  kl +0.006
upd  136  steps  280576  sps 1273  opp symm  loss -0.026  pg +0.0000  v 0.008  ev +0.93  adv_std 0.125  tR +0.14  ent[s/d/p/e] 1.72/2.22/1.40/0.53  emits 0.51  spf 51.3  z0 0.71  garr 46.1  tG 337  e2 0.11  nF 4.8  pS 0.29  ptS 0.29  fLog 0.59  pdΔ -0.2088  pkR 6.66  clip 0.11  kl +0.001
upd  137  steps  282624  sps 1278  opp symm  loss -0.038  pg -0.0110  v 0.005  ev +0.95  adv_std 0.105  tR +1.00  ent[s/d/p/e] 1.62/2.21/1.48/0.56  emits 0.43  spf 51.1  z0 0.73  garr 49.3  tG 346  e2 0.08  nF 4.1  pS 0.29  ptS 0.29  fLog 0.60  pdΔ -0.2123  pkR 4.29  clip 0.09  kl +0.003
upd  138  steps  284672  sps 1284  opp symm  loss -0.012  pg +0.0149  v 0.006  ev +0.95  adv_std 0.106  tR -0.50  ent[s/d/p/e] 1.77/2.31/1.51/0.51  emits 0.37  spf 55.0  z0 0.77  garr 54.2  tG 388  e2 0.08  nF 3.6  pS 0.29  ptS 0.30  fLog 0.61  pdΔ -0.2069  pkR 5.71  clip 0.07  kl +0.000
upd  139  steps  286720  sps 1289  opp symm  loss -0.007  pg +0.0197  v 0.007  ev +0.93  adv_std 0.122  tR -0.25  ent[s/d/p/e] 1.80/2.36/1.48/0.53  emits 0.42  spf 54.5  z0 0.75  garr 58.6  tG 422  e2 0.08  nF 3.9  pS 0.29  ptS 0.30  fLog 0.60  pdΔ -0.2055  pkR 6.16  clip 0.11  kl +0.002
upd  140  steps  288768  sps 1295  opp symm  loss -0.032  pg -0.0065  v 0.006  ev +0.94  adv_std 0.113  tR +0.20  ent[s/d/p/e] 1.55/2.27/1.50/0.49  emits 0.35  spf 61.5  z0 0.76  garr 62.4  tG 432  e2 0.06  nF 3.3  pS 0.27  ptS 0.27  fLog 0.61  pdΔ -0.2339  pkR 6.30  clip 0.10  kl +0.004
upd  141  steps  290816  sps 1300  opp symm  loss -0.047  pg -0.0207  v 0.006  ev +0.95  adv_std 0.113  tR -1.00  ent[s/d/p/e] 1.62/2.24/1.49/0.52  emits 0.37  spf 61.1  z0 0.75  garr 57.5  tG 424  e2 0.08  nF 3.7  pS 0.28  ptS 0.28  fLog 0.62  pdΔ -0.2202  pkR 7.17  clip 0.10  kl +0.004
upd  142  steps  292864  sps 1305  opp symm  loss -0.005  pg +0.0210  v 0.008  ev +0.94  adv_std 0.128  tR -1.00  ent[s/d/p/e] 1.75/2.30/1.48/0.51  emits 0.35  spf 66.6  z0 0.77  garr 66.3  tG 509  e2 0.07  nF 3.5  pS 0.31  ptS 0.31  fLog 0.64  pdΔ -0.1854  pkR 7.78  clip 0.06  kl +0.001
upd  143  steps  294912  sps 1311  opp symm  loss -0.019  pg +0.0088  v 0.006  ev +0.96  adv_std 0.106  tR +0.00  ent[s/d/p/e] 1.79/2.34/1.55/0.52  emits 0.39  spf 72.2  z0 0.75  garr 72.3  tG 578  e2 0.07  nF 3.3  pS 0.33  ptS 0.33  fLog 0.65  pdΔ -0.1696  pkR 8.27  clip 0.06  kl +0.002
upd  144  steps  296960  sps 1316  opp symm  loss -0.036  pg -0.0083  v 0.005  ev +0.96  adv_std 0.101  tR -0.33  ent[s/d/p/e] 1.83/2.29/1.52/0.51  emits 0.41  spf 69.8  z0 0.74  garr 73.5  tG 577  e2 0.08  nF 3.3  pS 0.33  ptS 0.32  fLog 0.64  pdΔ -0.1742  pkR 9.19  clip 0.06  kl +0.001
upd  145  steps  299008  sps 1321  opp symm  loss -0.046  pg -0.0174  v 0.004  ev +0.97  adv_std 0.094  tR -0.20  ent[s/d/p/e] 1.91/2.31/1.49/0.53  emits 0.42  spf 77.1  z0 0.75  garr 78.4  tG 627  e2 0.08  nF 3.7  pS 0.33  ptS 0.33  fLog 0.65  pdΔ -0.1691  pkR 8.83  clip 0.06  kl +0.004
upd  146  steps  301056  sps 1327  opp symm  loss -0.013  pg +0.0141  v 0.007  ev +0.95  adv_std 0.119  tR +0.00  ent[s/d/p/e] 1.84/2.33/1.50/0.50  emits 0.41  spf 73.6  z0 0.77  garr 76.9  tG 579  e2 0.08  nF 4.0  pS 0.31  ptS 0.31  fLog 0.64  pdΔ -0.1874  pkR 7.75  clip 0.07  kl +0.003
upd  147  steps  303104  sps 1332  opp symm  loss -0.031  pg -0.0030  v 0.004  ev +0.97  adv_std 0.086  tR +1.00  ent[s/d/p/e] 1.75/2.28/1.51/0.50  emits 0.36  spf 68.6  z0 0.76  garr 68.4  tG 473  e2 0.07  nF 3.6  pS 0.30  ptS 0.29  fLog 0.64  pdΔ -0.2029  pkR 4.39  clip 0.05  kl +0.002
upd  148  steps  305152  sps 1337  opp symm  loss -0.032  pg -0.0045  v 0.005  ev +0.96  adv_std 0.101  tR +0.00  ent[s/d/p/e] 1.76/2.24/1.52/0.49  emits 0.40  spf 59.4  z0 0.76  garr 64.4  tG 455  e2 0.07  nF 4.1  pS 0.29  ptS 0.28  fLog 0.61  pdΔ -0.2092  pkR 4.67  clip 0.09  kl +0.002
upd  149  steps  307200  sps 1342  opp symm  loss -0.036  pg -0.0110  v 0.007  ev +0.95  adv_std 0.122  tR -0.33  ent[s/d/p/e] 1.69/2.20/1.43/0.45  emits 0.31  spf 68.9  z0 0.80  garr 64.1  tG 452  e2 0.05  nF 3.5  pS 0.27  ptS 0.27  fLog 0.63  pdΔ -0.2264  pkR 4.55  clip 0.07  kl +0.001
upd  150  steps  309248  sps 1347  opp symm  loss -0.011  pg +0.0124  v 0.007  ev +0.95  adv_std 0.123  tR -0.11  ent[s/d/p/e] 1.36/2.10/1.47/0.44  emits 0.27  spf 61.9  z0 0.81  garr 65.7  tG 436  e2 0.05  nF 2.6  pS 0.24  ptS 0.24  fLog 0.61  pdΔ -0.2563  pkR 5.50  clip 0.04  kl +0.001
upd  151  steps  311296  sps 1352  opp symm  loss -0.016  pg +0.0085  v 0.008  ev +0.94  adv_std 0.130  tR +0.00  ent[s/d/p/e] 1.53/2.19/1.48/0.47  emits 0.38  spf 62.3  z0 0.77  garr 57.5  tG 355  e2 0.07  nF 3.3  pS 0.23  ptS 0.22  fLog 0.61  pdΔ -0.2686  pkR 6.06  clip 0.07  kl +0.001
upd  152  steps  313344  sps 1357  opp symm  loss +0.006  pg +0.0313  v 0.006  ev +0.96  adv_std 0.107  tR -0.33  ent[s/d/p/e] 1.52/2.19/1.48/0.49  emits 0.36  spf 53.0  z0 0.78  garr 56.7  tG 325  e2 0.07  nF 3.7  pS 0.24  ptS 0.23  fLog 0.60  pdΔ -0.2600  pkR 5.38  clip 0.05  kl +0.002
upd  153  steps  315392  sps 1363  opp symm  loss -0.012  pg +0.0137  v 0.008  ev +0.95  adv_std 0.122  tR +0.33  ent[s/d/p/e] 1.58/2.31/1.47/0.50  emits 0.42  spf 55.9  z0 0.76  garr 59.3  tG 362  e2 0.09  nF 3.9  pS 0.26  ptS 0.25  fLog 0.60  pdΔ -0.2396  pkR 5.55  clip 0.05  kl +0.000
upd  154  steps  317440  sps 1368  opp symm  loss -0.003  pg +0.0232  v 0.006  ev +0.96  adv_std 0.113  tR -0.25  ent[s/d/p/e] 1.55/2.29/1.48/0.50  emits 0.43  spf 56.9  z0 0.74  garr 58.3  tG 367  e2 0.09  nF 4.0  pS 0.27  ptS 0.26  fLog 0.61  pdΔ -0.2319  pkR 4.05  clip 0.08  kl +0.004
upd  155  steps  319488  sps 1373  opp symm  loss -0.028  pg -0.0015  v 0.005  ev +0.97  adv_std 0.102  tR -0.20  ent[s/d/p/e] 1.57/2.28/1.41/0.52  emits 0.44  spf 56.7  z0 0.75  garr 62.0  tG 386  e2 0.09  nF 4.4  pS 0.27  ptS 0.26  fLog 0.61  pdΔ -0.2314  pkR 4.66  clip 0.09  kl -0.000
upd  156  steps  321536  sps 1377  opp symm  loss -0.004  pg +0.0197  v 0.010  ev +0.94  adv_std 0.140  tR -0.71  ent[s/d/p/e] 1.54/2.32/1.43/0.51  emits 0.42  spf 62.5  z0 0.74  garr 65.8  tG 444  e2 0.08  nF 4.3  pS 0.29  ptS 0.28  fLog 0.62  pdΔ -0.2098  pkR 4.86  clip 0.14  kl +0.005
upd  157  steps  323584  sps 1382  opp symm  loss -0.010  pg +0.0168  v 0.005  ev +0.96  adv_std 0.103  tR +1.00  ent[s/d/p/e] 1.54/2.35/1.45/0.54  emits 0.40  spf 67.3  z0 0.75  garr 72.0  tG 497  e2 0.08  nF 4.1  pS 0.31  ptS 0.29  fLog 0.63  pdΔ -0.1920  pkR 4.68  clip 0.11  kl +0.004
upd  158  steps  325632  sps 1387  opp symm  loss -0.056  pg -0.0295  v 0.006  ev +0.96  adv_std 0.110  tR +0.33  ent[s/d/p/e] 1.57/2.34/1.50/0.50  emits 0.41  spf 63.9  z0 0.75  garr 76.3  tG 539  e2 0.08  nF 4.0  pS 0.32  ptS 0.30  fLog 0.62  pdΔ -0.1829  pkR 4.82  clip 0.10  kl +0.003
upd  159  steps  327680  sps 1392  opp symm  loss +0.028  pg +0.0542  v 0.006  ev +0.96  adv_std 0.107  tR +0.20  ent[s/d/p/e] 1.45/2.31/1.46/0.51  emits 0.38  spf 68.8  z0 0.76  garr 73.6  tG 498  e2 0.08  nF 3.4  pS 0.29  ptS 0.28  fLog 0.64  pdΔ -0.2055  pkR 4.47  clip 0.09  kl +0.003
upd  160  steps  329728  sps 1397  opp symm  loss +0.041  pg +0.0683  v 0.005  ev +0.97  adv_std 0.097  tR -1.00  ent[s/d/p/e] 1.63/2.36/1.49/0.48  emits 0.41  spf 61.0  z0 0.78  garr 81.0  tG 564  e2 0.08  nF 4.1  pS 0.31  ptS 0.30  fLog 0.62  pdΔ -0.1853  pkR 4.82  clip 0.08  kl +0.002
upd  161  steps  331776  sps 1402  opp symm  loss -0.034  pg -0.0075  v 0.006  ev +0.97  adv_std 0.109  tR +0.25  ent[s/d/p/e] 1.75/2.43/1.39/0.47  emits 0.43  spf 70.0  z0 0.77  garr 91.9  tG 657  e2 0.08  nF 4.2  pS 0.32  ptS 0.32  fLog 0.63  pdΔ -0.1760  pkR 4.59  clip 0.08  kl +0.004
upd  162  steps  333824  sps 1407  opp symm  loss -0.013  pg +0.0129  v 0.007  ev +0.96  adv_std 0.116  tR +0.00  ent[s/d/p/e] 1.72/2.33/1.43/0.46  emits 0.41  spf 67.8  z0 0.78  garr 91.5  tG 652  e2 0.08  nF 4.1  pS 0.30  ptS 0.30  fLog 0.63  pdΔ -0.2011  pkR 5.31  clip 0.07  kl +0.001
upd  163  steps  335872  sps 1411  opp symm  loss -0.024  pg +0.0015  v 0.008  ev +0.96  adv_std 0.124  tR -1.00  ent[s/d/p/e] 1.85/2.38/1.39/0.49  emits 0.48  spf 68.6  z0 0.75  garr 87.7  tG 610  e2 0.10  nF 5.0  pS 0.31  ptS 0.31  fLog 0.62  pdΔ -0.1893  pkR 5.92  clip 0.07  kl +0.002
upd  164  steps  337920  sps 1416  opp symm  loss +0.007  pg +0.0320  v 0.009  ev +0.95  adv_std 0.138  tR +0.60  ent[s/d/p/e] 1.85/2.46/1.35/0.48  emits 0.48  spf 65.9  z0 0.77  garr 88.1  tG 616  e2 0.10  nF 5.1  pS 0.32  ptS 0.32  fLog 0.62  pdΔ -0.1761  pkR 6.59  clip 0.09  kl +0.003
upd  165  steps  339968  sps 1421  opp symm  loss +0.044  pg +0.0685  v 0.008  ev +0.96  adv_std 0.127  tR -0.50  ent[s/d/p/e] 1.73/2.39/1.30/0.51  emits 0.47  spf 68.1  z0 0.75  garr 82.6  tG 540  e2 0.09  nF 4.8  pS 0.30  ptS 0.30  fLog 0.62  pdΔ -0.2018  pkR 4.71  clip 0.12  kl +0.007
upd  166  steps  342016  sps 1426  opp symm  loss -0.035  pg -0.0105  v 0.009  ev +0.95  adv_std 0.135  tR +0.14  ent[s/d/p/e] 1.69/2.36/1.38/0.47  emits 0.37  spf 77.2  z0 0.77  garr 81.8  tG 556  e2 0.07  nF 3.6  pS 0.30  ptS 0.30  fLog 0.65  pdΔ -0.2014  pkR 4.36  clip 0.09  kl +0.004
upd  167  steps  344064  sps 1430  opp symm  loss -0.044  pg -0.0177  v 0.006  ev +0.96  adv_std 0.114  tR -0.33  ent[s/d/p/e] 1.75/2.40/1.37/0.50  emits 0.39  spf 78.2  z0 0.77  garr 83.8  tG 548  e2 0.07  nF 3.5  pS 0.30  ptS 0.30  fLog 0.66  pdΔ -0.1979  pkR 4.59  clip 0.09  kl +0.003
upd  168  steps  346112  sps 1435  opp symm  loss +0.004  pg +0.0290  v 0.008  ev +0.96  adv_std 0.128  tR -0.33  ent[s/d/p/e] 1.84/2.40/1.33/0.47  emits 0.39  spf 71.0  z0 0.78  garr 89.0  tG 586  e2 0.07  nF 3.7  pS 0.31  ptS 0.31  fLog 0.65  pdΔ -0.1899  pkR 4.55  clip 0.15  kl +0.004
upd  169  steps  348160  sps 1440  opp symm  loss -0.011  pg +0.0137  v 0.009  ev +0.95  adv_std 0.130  tR +0.50  ent[s/d/p/e] 1.77/2.42/1.35/0.49  emits 0.30  spf 80.8  z0 0.81  garr 91.6  tG 604  e2 0.05  nF 3.2  pS 0.30  ptS 0.29  fLog 0.66  pdΔ -0.2045  pkR 4.38  clip 0.06  kl +0.003
upd  170  steps  350208  sps 1444  opp symm  loss +0.007  pg +0.0321  v 0.005  ev +0.97  adv_std 0.105  tR +0.00  ent[s/d/p/e] 1.65/2.39/1.36/0.45  emits 0.29  spf 85.5  z0 0.81  garr 90.1  tG 596  e2 0.06  nF 2.6  pS 0.28  ptS 0.28  fLog 0.67  pdΔ -0.2249  pkR 6.37  clip 0.08  kl +0.003
upd  171  steps  352256  sps 1449  opp symm  loss -0.030  pg -0.0043  v 0.006  ev +0.96  adv_std 0.116  tR -0.50  ent[s/d/p/e] 1.65/2.34/1.38/0.47  emits 0.30  spf 82.7  z0 0.81  garr 90.0  tG 606  e2 0.06  nF 2.9  pS 0.28  ptS 0.28  fLog 0.66  pdΔ -0.2226  pkR 6.53  clip 0.08  kl +0.003
upd  172  steps  354304  sps 1453  opp symm  loss -0.049  pg -0.0257  v 0.010  ev +0.94  adv_std 0.141  tR +0.00  ent[s/d/p/e] 1.59/2.33/1.34/0.49  emits 0.33  spf 82.9  z0 0.78  garr 88.8  tG 617  e2 0.06  nF 3.3  pS 0.29  ptS 0.29  fLog 0.66  pdΔ -0.2102  pkR 6.27  clip 0.05  kl +0.001
upd  173  steps  356352  sps 1458  opp symm  loss -0.042  pg -0.0165  v 0.007  ev +0.95  adv_std 0.118  tR +0.00  ent[s/d/p/e] 1.49/2.30/1.44/0.48  emits 0.34  spf 87.4  z0 0.78  garr 84.9  tG 585  e2 0.07  nF 3.1  pS 0.28  ptS 0.27  fLog 0.67  pdΔ -0.2229  pkR 5.65  clip 0.06  kl +0.001
upd  174  steps  358400  sps 1462  opp symm  loss -0.057  pg -0.0314  v 0.007  ev +0.95  adv_std 0.118  tR -0.33  ent[s/d/p/e] 1.57/2.27/1.42/0.50  emits 0.34  spf 82.7  z0 0.79  garr 76.8  tG 563  e2 0.06  nF 3.1  pS 0.28  ptS 0.28  fLog 0.66  pdΔ -0.2179  pkR 5.73  clip 0.05  kl +0.004
upd  175  steps  360448  sps 1467  opp symm  loss -0.063  pg -0.0383  v 0.007  ev +0.94  adv_std 0.121  tR +0.20  ent[s/d/p/e] 1.54/2.24/1.35/0.50  emits 0.36  spf 77.3  z0 0.77  garr 74.4  tG 542  e2 0.07  nF 3.1  pS 0.28  ptS 0.27  fLog 0.65  pdΔ -0.2197  pkR 6.24  clip 0.08  kl +0.003
upd  176  steps  362496  sps 1471  opp symm  loss -0.001  pg +0.0230  v 0.008  ev +0.94  adv_std 0.126  tR +1.00  ent[s/d/p/e] 1.65/2.24/1.33/0.49  emits 0.38  spf 71.0  z0 0.77  garr 73.7  tG 543  e2 0.07  nF 3.2  pS 0.29  ptS 0.28  fLog 0.63  pdΔ -0.2128  pkR 7.13  clip 0.05  kl +0.001
upd  177  steps  364544  sps 1476  opp symm  loss -0.034  pg -0.0095  v 0.008  ev +0.94  adv_std 0.126  tR +0.00  ent[s/d/p/e] 1.54/2.22/1.41/0.51  emits 0.36  spf 78.2  z0 0.77  garr 73.9  tG 518  e2 0.07  nF 3.3  pS 0.27  ptS 0.27  fLog 0.65  pdΔ -0.2276  pkR 8.14  clip 0.06  kl +0.002
upd  178  steps  366592  sps 1480  opp symm  loss -0.048  pg -0.0219  v 0.006  ev +0.94  adv_std 0.112  tR -0.20  ent[s/d/p/e] 1.60/2.23/1.42/0.53  emits 0.46  spf 72.4  z0 0.73  garr 70.8  tG 479  e2 0.09  nF 4.0  pS 0.29  ptS 0.28  fLog 0.63  pdΔ -0.2090  pkR 7.63  clip 0.06  kl -0.000
upd  179  steps  368640  sps 1484  opp symm  loss -0.064  pg -0.0376  v 0.006  ev +0.94  adv_std 0.113  tR +0.50  ent[s/d/p/e] 1.59/2.24/1.47/0.55  emits 0.43  spf 66.7  z0 0.74  garr 73.2  tG 494  e2 0.08  nF 4.4  pS 0.32  ptS 0.31  fLog 0.63  pdΔ -0.1843  pkR 4.50  clip 0.07  kl +0.002
upd  180  steps  370688  sps 1489  opp symm  loss -0.024  pg +0.0007  v 0.011  ev +0.93  adv_std 0.150  tR +0.33  ent[s/d/p/e] 1.61/2.15/1.45/0.56  emits 0.47  spf 68.4  z0 0.71  garr 65.5  tG 457  e2 0.09  nF 4.3  pS 0.32  ptS 0.31  fLog 0.64  pdΔ -0.1777  pkR 3.99  clip 0.08  kl +0.002
upd  181  steps  372736  sps 1493  opp symm  loss -0.053  pg -0.0279  v 0.010  ev +0.94  adv_std 0.146  tR -0.20  ent[s/d/p/e] 1.57/2.20/1.51/0.55  emits 0.41  spf 71.5  z0 0.73  garr 66.1  tG 503  e2 0.08  nF 3.8  pS 0.34  ptS 0.33  fLog 0.65  pdΔ -0.1618  pkR 7.06  clip 0.06  kl +0.001
upd  182  steps  374784  sps 1498  opp symm  loss -0.013  pg +0.0134  v 0.007  ev +0.97  adv_std 0.114  tR -0.33  ent[s/d/p/e] 1.59/2.15/1.46/0.55  emits 0.47  spf 61.5  z0 0.71  garr 54.8  tG 406  e2 0.10  nF 4.3  pS 0.32  ptS 0.31  fLog 0.63  pdΔ -0.1802  pkR 6.47  clip 0.09  kl +0.001
upd  183  steps  376832  sps 1502  opp symm  loss -0.021  pg +0.0056  v 0.008  ev +0.96  adv_std 0.126  tR -0.60  ent[s/d/p/e] 1.70/2.16/1.46/0.55  emits 0.52  spf 58.2  z0 0.69  garr 53.2  tG 409  e2 0.11  nF 4.7  pS 0.33  ptS 0.32  fLog 0.62  pdΔ -0.1720  pkR 4.52  clip 0.13  kl +0.002
upd  184  steps  378880  sps 1506  opp symm  loss -0.040  pg -0.0146  v 0.009  ev +0.95  adv_std 0.136  tR -0.20  ent[s/d/p/e] 1.75/2.24/1.44/0.54  emits 0.55  spf 60.7  z0 0.71  garr 51.7  tG 390  e2 0.11  nF 5.3  pS 0.32  ptS 0.31  fLog 0.62  pdΔ -0.1842  pkR 5.33  clip 0.14  kl +0.003
upd  185  steps  380928  sps 1510  opp symm  loss -0.029  pg -0.0024  v 0.006  ev +0.97  adv_std 0.114  tR +0.60  ent[s/d/p/e] 1.73/2.23/1.40/0.52  emits 0.54  spf 53.3  z0 0.71  garr 48.2  tG 345  e2 0.11  nF 4.9  pS 0.30  ptS 0.29  fLog 0.60  pdΔ -0.2008  pkR 6.07  clip 0.10  kl +0.006
upd  186  steps  382976  sps 1515  opp symm  loss -0.081  pg -0.0533  v 0.005  ev +0.98  adv_std 0.098  tR -0.11  ent[s/d/p/e] 1.68/2.18/1.48/0.54  emits 0.49  spf 52.9  z0 0.73  garr 47.0  tG 319  e2 0.09  nF 4.2  pS 0.28  ptS 0.28  fLog 0.60  pdΔ -0.2212  pkR 4.14  clip 0.10  kl +0.001
upd  187  steps  385024  sps 1519  opp symm  loss -0.003  pg +0.0229  v 0.008  ev +0.95  adv_std 0.124  tR -0.20  ent[s/d/p/e] 1.57/2.15/1.47/0.54  emits 0.49  spf 52.0  z0 0.72  garr 47.7  tG 327  e2 0.09  nF 4.2  pS 0.28  ptS 0.28  fLog 0.59  pdΔ -0.2195  pkR 5.21  clip 0.10  kl +0.004
upd  188  steps  387072  sps 1523  opp symm  loss -0.003  pg +0.0236  v 0.007  ev +0.96  adv_std 0.119  tR +0.00  ent[s/d/p/e] 1.65/2.14/1.51/0.54  emits 0.47  spf 60.4  z0 0.72  garr 49.3  tG 374  e2 0.09  nF 4.2  pS 0.29  ptS 0.29  fLog 0.61  pdΔ -0.2090  pkR 6.96  clip 0.06  kl +0.002
upd  189  steps  389120  sps 1527  opp symm  loss -0.022  pg +0.0039  v 0.008  ev +0.95  adv_std 0.129  tR +0.33  ent[s/d/p/e] 1.65/2.14/1.57/0.53  emits 0.47  spf 62.0  z0 0.73  garr 56.1  tG 417  e2 0.09  nF 4.2  pS 0.30  ptS 0.30  fLog 0.62  pdΔ -0.2026  pkR 5.69  clip 0.10  kl +0.002
upd  190  steps  391168  sps 1531  opp symm  loss -0.013  pg +0.0142  v 0.006  ev +0.96  adv_std 0.114  tR +0.00  ent[s/d/p/e] 1.72/2.22/1.59/0.50  emits 0.48  spf 60.8  z0 0.75  garr 57.4  tG 407  e2 0.10  nF 4.1  pS 0.29  ptS 0.29  fLog 0.62  pdΔ -0.2090  pkR 3.53  clip 0.06  kl +0.002
upd  191  steps  393216  sps 1535  opp symm  loss -0.048  pg -0.0223  v 0.007  ev +0.96  adv_std 0.118  tR +0.60  ent[s/d/p/e] 1.48/2.08/1.61/0.50  emits 0.37  spf 66.8  z0 0.77  garr 60.4  tG 451  e2 0.07  nF 3.5  pS 0.29  ptS 0.29  fLog 0.63  pdΔ -0.2080  pkR 5.92  clip 0.10  kl +0.005
upd  192  steps  395264  sps 1539  opp symm  loss -0.057  pg -0.0318  v 0.007  ev +0.96  adv_std 0.117  tR +0.00  ent[s/d/p/e] 1.53/2.07/1.57/0.50  emits 0.40  spf 59.9  z0 0.75  garr 58.5  tG 413  e2 0.07  nF 3.0  pS 0.26  ptS 0.26  fLog 0.61  pdΔ -0.2447  pkR 7.54  clip 0.07  kl +0.002
upd  193  steps  397312  sps 1544  opp symm  loss -0.031  pg -0.0067  v 0.008  ev +0.95  adv_std 0.130  tR +0.00  ent[s/d/p/e] 1.34/1.94/1.51/0.54  emits 0.37  spf 59.8  z0 0.76  garr 55.7  tG 374  e2 0.07  nF 3.1  pS 0.25  ptS 0.25  fLog 0.61  pdΔ -0.2469  pkR 4.59  clip 0.10  kl +0.006
upd  194  steps  399360  sps 1548  opp symm  loss -0.025  pg +0.0009  v 0.007  ev +0.96  adv_std 0.122  tR -0.20  ent[s/d/p/e] 1.46/2.02/1.55/0.53  emits 0.41  spf 56.2  z0 0.75  garr 54.8  tG 379  e2 0.08  nF 3.6  pS 0.27  ptS 0.26  fLog 0.60  pdΔ -0.2336  pkR 4.77  clip 0.07  kl +0.005
upd  195  steps  401408  sps 1552  opp symm  loss -0.034  pg -0.0107  v 0.012  ev +0.94  adv_std 0.152  tR -0.60  ent[s/d/p/e] 1.44/1.98/1.52/0.54  emits 0.39  spf 59.8  z0 0.73  garr 55.4  tG 397  e2 0.07  nF 3.6  pS 0.28  ptS 0.28  fLog 0.61  pdΔ -0.2226  pkR 4.04  clip 0.06  kl +0.003
upd  196  steps  403456  sps 1556  opp symm  loss -0.021  pg +0.0044  v 0.008  ev +0.96  adv_std 0.127  tR -1.00  ent[s/d/p/e] 1.50/2.02/1.54/0.57  emits 0.45  spf 59.7  z0 0.72  garr 57.3  tG 426  e2 0.09  nF 3.6  pS 0.28  ptS 0.28  fLog 0.61  pdΔ -0.2174  pkR 5.01  clip 0.09  kl +0.005
upd  197  steps  405504  sps 1560  opp symm  loss -0.032  pg -0.0064  v 0.007  ev +0.97  adv_std 0.117  tR -0.71  ent[s/d/p/e] 1.54/1.99/1.46/0.56  emits 0.57  spf 54.4  z0 0.67  garr 49.0  tG 363  e2 0.12  nF 4.8  pS 0.30  ptS 0.30  fLog 0.60  pdΔ -0.2026  pkR 4.80  clip 0.08  kl +0.003
upd  198  steps  407552  sps 1564  opp symm  loss -0.040  pg -0.0131  v 0.006  ev +0.97  adv_std 0.106  tR -1.00  ent[s/d/p/e] 1.57/1.98/1.48/0.56  emits 0.56  spf 50.7  z0 0.69  garr 51.2  tG 400  e2 0.11  nF 5.2  pS 0.31  ptS 0.31  fLog 0.59  pdΔ -0.1878  pkR 8.35  clip 0.08  kl +0.001
[eval_vs_v20] u199 tag=train_u199  bin0=0.0%  spf=14.10  garr=139.45  flip=25.00%  z0=67.1%  e8=0.0%  e2+=0.8%  WLD=0/3/0
upd  199  steps  409600  sps 1568  opp symm  loss +0.015  pg +0.0409  v 0.009  ev +0.95  adv_std 0.131  tR -0.33  ent[s/d/p/e] 1.62/2.09/1.51/0.55  emits 0.59  spf 55.8  z0 0.68  garr 59.4  tG 496  e2 0.12  nF 5.3  pS 0.33  ptS 0.33  fLog 0.60  pdΔ -0.1699  pkR 10.67  clip 0.13  kl +0.003 WRr 0.12 v20[spf 14.1 flip 25.0% e2+ 0.8%]
[ckpt] saved /home/charlie/project/OrbitWarRL/ckpt_search/v14e_binary_v1_a_p0i2_ORBITWARS_SHAPING_ONE_SHIP_PENALTY_0.04_7940ffceae/ckpt_000199.pkl opp=symm
upd  200  steps  411648  sps 1237  opp symm  loss -0.043  pg -0.0168  v 0.006  ev +0.96  adv_std 0.116  tR +0.43  ent[s/d/p/e] 1.58/2.06/1.56/0.54  emits 0.50  spf 59.2  z0 0.72  garr 62.1  tG 495  e2 0.09  nF 4.7  pS 0.32  ptS 0.31  fLog 0.61  pdΔ -0.1848  pkR 7.93  clip 0.08  kl +0.002
upd  201  steps  413696  sps 1240  opp symm  loss -0.010  pg +0.0153  v 0.008  ev +0.95  adv_std 0.127  tR +0.33  ent[s/d/p/e] 1.57/1.99/1.53/0.53  emits 0.47  spf 60.4  z0 0.73  garr 64.2  tG 470  e2 0.09  nF 4.2  pS 0.30  ptS 0.30  fLog 0.61  pdΔ -0.1964  pkR 8.09  clip 0.09  kl -0.002
upd  202  steps  415744  sps 1244  opp symm  loss -0.017  pg +0.0079  v 0.008  ev +0.94  adv_std 0.126  tR -0.33  ent[s/d/p/e] 1.48/1.94/1.57/0.55  emits 0.47  spf 65.6  z0 0.72  garr 65.3  tG 466  e2 0.09  nF 4.2  pS 0.31  ptS 0.29  fLog 0.63  pdΔ -0.1925  pkR 5.38  clip 0.09  kl +0.004
upd  203  steps  417792  sps 1248  opp symm  loss -0.033  pg -0.0090  v 0.010  ev +0.94  adv_std 0.143  tR +0.20  ent[s/d/p/e] 1.50/1.90/1.61/0.55  emits 0.47  spf 64.7  z0 0.72  garr 63.6  tG 468  e2 0.09  nF 4.3  pS 0.31  ptS 0.30  fLog 0.63  pdΔ -0.1929  pkR 5.90  clip 0.04  kl +0.003
upd  204  steps  419840  sps 1252  opp symm  loss -0.020  pg +0.0068  v 0.006  ev +0.97  adv_std 0.104  tR -0.43  ent[s/d/p/e] 1.42/1.82/1.66/0.56  emits 0.51  spf 59.1  z0 0.69  garr 55.7  tG 415  e2 0.11  nF 4.3  pS 0.31  ptS 0.29  fLog 0.60  pdΔ -0.1947  pkR 6.06  clip 0.08  kl -0.001
upd  205  steps  421888  sps 1255  opp symm  loss -0.013  pg +0.0127  v 0.007  ev +0.95  adv_std 0.123  tR -0.33  ent[s/d/p/e] 1.51/1.88/1.58/0.57  emits 0.60  spf 55.7  z0 0.67  garr 53.6  tG 417  e2 0.12  nF 5.5  pS 0.33  ptS 0.31  fLog 0.60  pdΔ -0.1746  pkR 4.36  clip 0.07  kl +0.001
upd  206  steps  423936  sps 1259  opp symm  loss -0.006  pg +0.0189  v 0.009  ev +0.95  adv_std 0.133  tR +0.00  ent[s/d/p/e] 1.52/1.83/1.54/0.59  emits 0.63  spf 54.5  z0 0.65  garr 57.3  tG 464  e2 0.13  nF 5.9  pS 0.35  ptS 0.34  fLog 0.59  pdΔ -0.1463  pkR 4.57  clip 0.11  kl +0.003
upd  207  steps  425984  sps 1263  opp symm  loss -0.029  pg -0.0022  v 0.008  ev +0.95  adv_std 0.131  tR -0.25  ent[s/d/p/e] 1.70/1.93/1.57/0.59  emits 0.72  spf 55.9  z0 0.64  garr 62.6  tG 525  e2 0.15  nF 6.7  pS 0.40  ptS 0.38  fLog 0.60  pdΔ -0.1013  pkR 4.52  clip 0.11  kl +0.001
upd  208  steps  428032  sps 1266  opp symm  loss -0.003  pg +0.0213  v 0.011  ev +0.93  adv_std 0.147  tR +0.60  ent[s/d/p/e] 1.64/1.86/1.55/0.57  emits 0.74  spf 51.5  z0 0.64  garr 58.2  tG 510  e2 0.15  nF 7.2  pS 0.40  ptS 0.38  fLog 0.59  pdΔ -0.0998  pkR 5.53  clip 0.14  kl +0.007
upd  209  steps  430080  sps 1270  opp symm  loss +0.011  pg +0.0379  v 0.007  ev +0.96  adv_std 0.118  tR -0.20  ent[s/d/p/e] 1.69/1.99/1.60/0.55  emits 0.67  spf 52.9  z0 0.66  garr 58.1  tG 503  e2 0.15  nF 7.2  pS 0.39  ptS 0.37  fLog 0.59  pdΔ -0.1121  pkR 6.39  clip 0.10  kl +0.004
upd  210  steps  432128  sps 1274  opp symm  loss -0.025  pg -0.0006  v 0.011  ev +0.93  adv_std 0.150  tR +0.14  ent[s/d/p/e] 1.73/1.97/1.56/0.54  emits 0.64  spf 58.1  z0 0.67  garr 57.2  tG 474  e2 0.14  nF 6.5  pS 0.37  ptS 0.36  fLog 0.61  pdΔ -0.1253  pkR 3.67  clip 0.13  kl +0.003
upd  211  steps  434176  sps 1277  opp symm  loss -0.024  pg +0.0036  v 0.006  ev +0.96  adv_std 0.113  tR -1.00  ent[s/d/p/e] 1.81/2.09/1.55/0.53  emits 0.71  spf 58.8  z0 0.67  garr 58.3  tG 481  e2 0.15  nF 6.6  pS 0.38  ptS 0.37  fLog 0.62  pdΔ -0.1169  pkR 3.56  clip 0.16  kl +0.007
upd  212  steps  436224  sps 1281  opp symm  loss +0.020  pg +0.0478  v 0.006  ev +0.97  adv_std 0.105  tR +0.60  ent[s/d/p/e] 1.86/2.11/1.54/0.53  emits 0.73  spf 53.6  z0 0.66  garr 58.5  tG 492  e2 0.15  nF 7.6  pS 0.39  ptS 0.37  fLog 0.60  pdΔ -0.1132  pkR 4.61  clip 0.17  kl +0.011
upd  213  steps  438272  sps 1284  opp symm  loss +0.032  pg +0.0586  v 0.006  ev +0.96  adv_std 0.111  tR +0.00  ent[s/d/p/e] 1.81/2.09/1.54/0.50  emits 0.71  spf 54.3  z0 0.67  garr 57.9  tG 451  e2 0.14  nF 7.0  pS 0.36  ptS 0.35  fLog 0.60  pdΔ -0.1352  pkR 4.26  clip 0.14  kl +0.002
upd  214  steps  440320  sps 1288  opp symm  loss -0.004  pg +0.0223  v 0.007  ev +0.94  adv_std 0.126  tR +0.60  ent[s/d/p/e] 1.76/2.08/1.54/0.51  emits 0.58  spf 55.9  z0 0.71  garr 57.4  tG 467  e2 0.11  nF 6.2  pS 0.35  ptS 0.35  fLog 0.61  pdΔ -0.1461  pkR 5.14  clip 0.08  kl +0.003
upd  215  steps  442368  sps 1291  opp symm  loss -0.034  pg -0.0093  v 0.007  ev +0.94  adv_std 0.118  tR +0.78  ent[s/d/p/e] 1.53/1.93/1.50/0.49  emits 0.47  spf 55.2  z0 0.74  garr 55.6  tG 425  e2 0.09  nF 4.8  pS 0.30  ptS 0.29  fLog 0.59  pdΔ -0.2030  pkR 5.02  clip 0.07  kl +0.002
upd  216  steps  444416  sps 1295  opp symm  loss -0.034  pg -0.0087  v 0.006  ev +0.95  adv_std 0.109  tR -0.33  ent[s/d/p/e] 1.43/1.94/1.53/0.48  emits 0.35  spf 58.3  z0 0.78  garr 62.9  tG 462  e2 0.06  nF 3.6  pS 0.27  ptS 0.27  fLog 0.60  pdΔ -0.2305  pkR 10.02  clip 0.09  kl +0.003
upd  217  steps  446464  sps 1298  opp symm  loss -0.045  pg -0.0194  v 0.007  ev +0.94  adv_std 0.117  tR -0.20  ent[s/d/p/e] 1.33/1.92/1.65/0.51  emits 0.36  spf 65.2  z0 0.76  garr 65.5  tG 466  e2 0.07  nF 3.3  pS 0.27  ptS 0.26  fLog 0.62  pdΔ -0.2284  pkR 9.62  clip 0.11  kl +0.002
upd  218  steps  448512  sps 1302  opp symm  loss -0.033  pg -0.0063  v 0.004  ev +0.96  adv_std 0.095  tR -0.50  ent[s/d/p/e] 1.48/2.02/1.60/0.51  emits 0.41  spf 57.9  z0 0.74  garr 61.0  tG 435  e2 0.07  nF 3.8  pS 0.29  ptS 0.28  fLog 0.61  pdΔ -0.2090  pkR 5.73  clip 0.06  kl +0.000
upd  219  steps  450560  sps 1305  opp symm  loss -0.027  pg -0.0009  v 0.006  ev +0.96  adv_std 0.106  tR -0.60  ent[s/d/p/e] 1.53/2.03/1.53/0.53  emits 0.44  spf 61.4  z0 0.74  garr 62.7  tG 455  e2 0.09  nF 4.0  pS 0.31  ptS 0.30  fLog 0.61  pdΔ -0.1927  pkR 5.88  clip 0.06  kl +0.000
upd  220  steps  452608  sps 1309  opp symm  loss -0.007  pg +0.0173  v 0.011  ev +0.92  adv_std 0.150  tR -0.20  ent[s/d/p/e] 1.48/2.02/1.63/0.52  emits 0.41  spf 64.2  z0 0.74  garr 63.1  tG 458  e2 0.08  nF 3.8  pS 0.31  ptS 0.30  fLog 0.62  pdΔ -0.1874  pkR 4.17  clip 0.06  kl +0.000
upd  221  steps  454656  sps 1312  opp symm  loss -0.020  pg +0.0060  v 0.007  ev +0.95  adv_std 0.122  tR -0.20  ent[s/d/p/e] 1.61/2.10/1.61/0.51  emits 0.44  spf 64.5  z0 0.74  garr 64.9  tG 487  e2 0.09  nF 4.2  pS 0.33  ptS 0.31  fLog 0.62  pdΔ -0.1724  pkR 3.90  clip 0.07  kl -0.001
upd  222  steps  456704  sps 1316  opp symm  loss -0.029  pg -0.0025  v 0.006  ev +0.96  adv_std 0.107  tR -0.20  ent[s/d/p/e] 1.63/2.04/1.50/0.53  emits 0.48  spf 63.6  z0 0.73  garr 67.4  tG 513  e2 0.10  nF 4.4  pS 0.34  ptS 0.32  fLog 0.62  pdΔ -0.1627  pkR 4.69  clip 0.07  kl +0.002
upd  223  steps  458752  sps 1319  opp symm  loss -0.044  pg -0.0177  v 0.005  ev +0.97  adv_std 0.103  tR +0.11  ent[s/d/p/e] 1.65/2.03/1.56/0.50  emits 0.43  spf 64.7  z0 0.75  garr 75.4  tG 565  e2 0.08  nF 4.1  pS 0.33  ptS 0.31  fLog 0.62  pdΔ -0.1685  pkR 4.28  clip 0.10  kl +0.003
upd  224  steps  460800  sps 1323  opp symm  loss +0.005  pg +0.0311  v 0.007  ev +0.96  adv_std 0.113  tR -1.00  ent[s/d/p/e] 1.67/2.10/1.58/0.48  emits 0.41  spf 71.6  z0 0.76  garr 76.1  tG 573  e2 0.08  nF 3.9  pS 0.32  ptS 0.30  fLog 0.63  pdΔ -0.1756  pkR 5.33  clip 0.12  kl +0.004
upd  225  steps  462848  sps 1326  opp symm  loss -0.024  pg +0.0023  v 0.006  ev +0.97  adv_std 0.106  tR +0.50  ent[s/d/p/e] 1.73/2.18/1.52/0.45  emits 0.42  spf 72.6  z0 0.77  garr 75.8  tG 580  e2 0.08  nF 3.9  pS 0.31  ptS 0.30  fLog 0.63  pdΔ -0.1879  pkR 6.10  clip 0.11  kl +0.004
upd  226  steps  464896  sps 1330  opp symm  loss +0.070  pg +0.0959  v 0.007  ev +0.96  adv_std 0.116  tR -1.00  ent[s/d/p/e] 1.69/2.13/1.56/0.47  emits 0.44  spf 72.7  z0 0.77  garr 76.6  tG 520  e2 0.09  nF 3.8  pS 0.29  ptS 0.28  fLog 0.62  pdΔ -0.2065  pkR 5.68  clip 0.10  kl +0.007
upd  227  steps  466944  sps 1333  opp symm  loss -0.019  pg +0.0058  v 0.006  ev +0.96  adv_std 0.112  tR +0.50  ent[s/d/p/e] 1.50/2.06/1.55/0.43  emits 0.32  spf 63.4  z0 0.81  garr 84.5  tG 573  e2 0.05  nF 2.9  pS 0.29  ptS 0.27  fLog 0.61  pdΔ -0.2133  pkR 6.32  clip 0.08  kl +0.004
upd  228  steps  468992  sps 1336  opp symm  loss -0.012  pg +0.0110  v 0.008  ev +0.94  adv_std 0.121  tR -0.14  ent[s/d/p/e] 1.26/1.96/1.55/0.43  emits 0.25  spf 79.1  z0 0.81  garr 89.6  tG 604  e2 0.03  nF 2.3  pS 0.27  ptS 0.26  fLog 0.64  pdΔ -0.2305  pkR 6.12  clip 0.06  kl +0.000
upd  229  steps  471040  sps 1340  opp symm  loss -0.055  pg -0.0307  v 0.007  ev +0.95  adv_std 0.117  tR +0.00  ent[s/d/p/e] 1.35/1.91/1.67/0.46  emits 0.25  spf 84.6  z0 0.81  garr 99.4  tG 697  e2 0.04  nF 2.3  pS 0.29  ptS 0.28  fLog 0.65  pdΔ -0.2077  pkR 5.84  clip 0.06  kl +0.002
upd  230  steps  473088  sps 1343  opp symm  loss -0.044  pg -0.0186  v 0.007  ev +0.96  adv_std 0.117  tR +0.00  ent[s/d/p/e] 1.45/2.02/1.62/0.47  emits 0.30  spf 86.3  z0 0.80  garr 100.4  tG 691  e2 0.05  nF 2.4  pS 0.30  ptS 0.28  fLog 0.67  pdΔ -0.2023  pkR 5.29  clip 0.05  kl +0.001
upd  231  steps  475136  sps 1346  opp symm  loss -0.027  pg -0.0030  v 0.007  ev +0.96  adv_std 0.119  tR -1.00  ent[s/d/p/e] 1.41/1.96/1.52/0.48  emits 0.33  spf 80.9  z0 0.77  garr 93.7  tG 648  e2 0.06  nF 2.8  pS 0.30  ptS 0.28  fLog 0.64  pdΔ -0.2000  pkR 4.80  clip 0.07  kl +0.000
upd  232  steps  477184  sps 1350  opp symm  loss -0.034  pg -0.0096  v 0.006  ev +0.96  adv_std 0.114  tR -0.20  ent[s/d/p/e] 1.41/1.86/1.53/0.49  emits 0.29  spf 83.3  z0 0.79  garr 90.2  tG 670  e2 0.06  nF 3.0  pS 0.31  ptS 0.30  fLog 0.65  pdΔ -0.1855  pkR 4.92  clip 0.07  kl +0.002
upd  233  steps  479232  sps 1353  opp symm  loss -0.044  pg -0.0202  v 0.009  ev +0.94  adv_std 0.137  tR +0.20  ent[s/d/p/e] 1.46/1.95/1.51/0.52  emits 0.33  spf 84.6  z0 0.78  garr 91.0  tG 685  e2 0.06  nF 2.8  pS 0.32  ptS 0.30  fLog 0.66  pdΔ -0.1845  pkR 5.12  clip 0.07  kl +0.002
upd  234  steps  481280  sps 1356  opp symm  loss -0.025  pg -0.0014  v 0.008  ev +0.95  adv_std 0.129  tR +0.33  ent[s/d/p/e] 1.44/1.85/1.52/0.52  emits 0.43  spf 74.9  z0 0.74  garr 86.2  tG 639  e2 0.09  nF 3.4  pS 0.33  ptS 0.31  fLog 0.64  pdΔ -0.1737  pkR 5.05  clip 0.06  kl +0.002
upd  235  steps  483328  sps 1360  opp symm  loss -0.016  pg +0.0087  v 0.007  ev +0.96  adv_std 0.122  tR +0.00  ent[s/d/p/e] 1.58/1.88/1.51/0.54  emits 0.50  spf 71.2  z0 0.72  garr 75.5  tG 573  e2 0.10  nF 4.4  pS 0.35  ptS 0.33  fLog 0.64  pdΔ -0.1548  pkR 4.22  clip 0.09  kl +0.003
upd  236  steps  485376  sps 1363  opp symm  loss -0.060  pg -0.0343  v 0.005  ev +0.97  adv_std 0.104  tR +0.33  ent[s/d/p/e] 1.50/1.89/1.44/0.52  emits 0.51  spf 57.0  z0 0.72  garr 66.7  tG 511  e2 0.11  nF 4.5  pS 0.33  ptS 0.31  fLog 0.60  pdΔ -0.1728  pkR 8.78  clip 0.09  kl +0.003
upd  237  steps  487424  sps 1366  opp symm  loss -0.036  pg -0.0108  v 0.007  ev +0.96  adv_std 0.121  tR -0.33  ent[s/d/p/e] 1.62/1.97/1.44/0.55  emits 0.63  spf 55.3  z0 0.68  garr 59.8  tG 460  e2 0.13  nF 5.9  pS 0.35  ptS 0.33  fLog 0.60  pdΔ -0.1532  pkR 4.42  clip 0.08  kl -0.000
upd  238  steps  489472  sps 1369  opp symm  loss -0.018  pg +0.0051  v 0.011  ev +0.94  adv_std 0.152  tR +0.00  ent[s/d/p/e] 1.64/1.89/1.43/0.54  emits 0.66  spf 54.8  z0 0.67  garr 59.9  tG 455  e2 0.13  nF 6.1  pS 0.34  ptS 0.32  fLog 0.60  pdΔ -0.1647  pkR 3.85  clip 0.12  kl +0.007
upd  239  steps  491520  sps 1373  opp symm  loss -0.020  pg +0.0047  v 0.007  ev +0.95  adv_std 0.118  tR +0.11  ent[s/d/p/e] 1.61/1.99/1.43/0.50  emits 0.53  spf 58.5  z0 0.72  garr 59.6  tG 460  e2 0.11  nF 5.1  pS 0.32  ptS 0.31  fLog 0.61  pdΔ -0.1789  pkR 4.17  clip 0.08  kl +0.004
upd  240  steps  493568  sps 1376  opp symm  loss -0.025  pg -0.0034  v 0.009  ev +0.93  adv_std 0.136  tR +0.00  ent[s/d/p/e] 1.37/1.71/1.45/0.50  emits 0.41  spf 56.7  z0 0.75  garr 69.1  tG 534  e2 0.08  nF 4.1  pS 0.31  ptS 0.31  fLog 0.59  pdΔ -0.1863  pkR 6.53  clip 0.07  kl -0.000
upd  241  steps  495616  sps 1379  opp symm  loss +0.018  pg +0.0416  v 0.009  ev +0.95  adv_std 0.132  tR +0.50  ent[s/d/p/e] 1.52/1.95/1.46/0.49  emits 0.46  spf 61.2  z0 0.75  garr 72.6  tG 527  e2 0.08  nF 4.4  pS 0.32  ptS 0.31  fLog 0.61  pdΔ -0.1829  pkR 7.98  clip 0.07  kl +0.005
upd  242  steps  497664  sps 1382  opp symm  loss -0.009  pg +0.0136  v 0.008  ev +0.95  adv_std 0.130  tR +0.00  ent[s/d/p/e] 1.46/1.90/1.44/0.47  emits 0.37  spf 70.0  z0 0.76  garr 77.8  tG 564  e2 0.06  nF 3.5  pS 0.31  ptS 0.30  fLog 0.63  pdΔ -0.1864  pkR 4.77  clip 0.04  kl -0.001
upd  243  steps  499712  sps 1385  opp symm  loss -0.027  pg -0.0050  v 0.009  ev +0.95  adv_std 0.137  tR -0.20  ent[s/d/p/e] 1.43/1.86/1.45/0.49  emits 0.37  spf 73.7  z0 0.77  garr 78.2  tG 560  e2 0.07  nF 3.6  pS 0.30  ptS 0.29  fLog 0.64  pdΔ -0.1963  pkR 3.54  clip 0.08  kl +0.001
upd  244  steps  501760  sps 1389  opp symm  loss -0.033  pg -0.0107  v 0.009  ev +0.95  adv_std 0.131  tR -0.50  ent[s/d/p/e] 1.44/1.81/1.42/0.50  emits 0.39  spf 64.5  z0 0.77  garr 81.8  tG 588  e2 0.07  nF 3.6  pS 0.31  ptS 0.30  fLog 0.62  pdΔ -0.1944  pkR 4.35  clip 0.09  kl +0.002
upd  245  steps  503808  sps 1392  opp symm  loss -0.017  pg +0.0063  v 0.009  ev +0.95  adv_std 0.138  tR -0.20  ent[s/d/p/e] 1.62/1.93/1.39/0.50  emits 0.47  spf 62.1  z0 0.75  garr 83.0  tG 599  e2 0.09  nF 4.3  pS 0.31  ptS 0.30  fLog 0.62  pdΔ -0.1857  pkR 4.80  clip 0.09  kl +0.003
upd  246  steps  505856  sps 1395  opp symm  loss -0.012  pg +0.0101  v 0.010  ev +0.95  adv_std 0.142  tR +0.20  ent[s/d/p/e] 1.52/1.89/1.42/0.49  emits 0.43  spf 64.6  z0 0.76  garr 82.1  tG 622  e2 0.08  nF 4.0  pS 0.32  ptS 0.31  fLog 0.62  pdΔ -0.1841  pkR 4.66  clip 0.14  kl +0.004
upd  247  steps  507904  sps 1398  opp symm  loss -0.012  pg +0.0115  v 0.008  ev +0.96  adv_std 0.122  tR -0.33  ent[s/d/p/e] 1.54/1.83/1.35/0.51  emits 0.44  spf 61.0  z0 0.75  garr 80.1  tG 595  e2 0.09  nF 4.1  pS 0.30  ptS 0.29  fLog 0.60  pdΔ -0.1983  pkR 6.48  clip 0.09  kl -0.000
upd  248  steps  509952  sps 1401  opp symm  loss -0.009  pg +0.0125  v 0.012  ev +0.93  adv_std 0.155  tR +0.33  ent[s/d/p/e] 1.49/1.82/1.41/0.51  emits 0.41  spf 61.8  z0 0.75  garr 75.5  tG 547  e2 0.07  nF 3.7  pS 0.30  ptS 0.29  fLog 0.60  pdΔ -0.2005  pkR 5.10  clip 0.09  kl +0.005
upd  249  steps  512000  sps 1404  opp symm  loss -0.027  pg -0.0054  v 0.011  ev +0.93  adv_std 0.144  tR -0.60  ent[s/d/p/e] 1.37/1.63/1.48/0.51  emits 0.36  spf 71.6  z0 0.76  garr 74.6  tG 530  e2 0.07  nF 2.8  pS 0.28  ptS 0.27  fLog 0.64  pdΔ -0.2155  pkR 5.38  clip 0.10  kl +0.005
upd  250  steps  514048  sps 1407  opp symm  loss -0.002  pg +0.0208  v 0.009  ev +0.95  adv_std 0.132  tR -1.00  ent[s/d/p/e] 1.54/1.71/1.46/0.52  emits 0.42  spf 66.0  z0 0.75  garr 75.0  tG 559  e2 0.08  nF 3.5  pS 0.32  ptS 0.30  fLog 0.63  pdΔ -0.1806  pkR 5.18  clip 0.06  kl +0.000
upd  251  steps  516096  sps 1411  opp symm  loss +0.016  pg +0.0380  v 0.011  ev +0.94  adv_std 0.154  tR +1.00  ent[s/d/p/e] 1.57/1.71/1.50/0.51  emits 0.40  spf 71.5  z0 0.76  garr 80.0  tG 613  e2 0.07  nF 3.6  pS 0.33  ptS 0.32  fLog 0.65  pdΔ -0.1653  pkR 4.95  clip 0.08  kl +0.004
upd  252  steps  518144  sps 1414  opp symm  loss -0.040  pg -0.0156  v 0.007  ev +0.96  adv_std 0.120  tR +0.14  ent[s/d/p/e] 1.53/1.69/1.49/0.51  emits 0.43  spf 64.5  z0 0.74  garr 78.0  tG 619  e2 0.08  nF 4.0  pS 0.32  ptS 0.31  fLog 0.62  pdΔ -0.1756  pkR 5.23  clip 0.14  kl +0.001
upd  253  steps  520192  sps 1417  opp symm  loss -0.072  pg -0.0460  v 0.004  ev +0.98  adv_std 0.090  tR -0.33  ent[s/d/p/e] 1.52/1.70/1.51/0.51  emits 0.46  spf 65.0  z0 0.74  garr 74.9  tG 599  e2 0.09  nF 4.4  pS 0.32  ptS 0.31  fLog 0.62  pdΔ -0.1811  pkR 5.83  clip 0.05  kl -0.002
upd  254  steps  522240  sps 1420  opp symm  loss -0.023  pg +0.0015  v 0.006  ev +0.97  adv_std 0.109  tR +0.25  ent[s/d/p/e] 1.49/1.72/1.44/0.52  emits 0.52  spf 67.2  z0 0.71  garr 70.6  tG 565  e2 0.10  nF 4.4  pS 0.32  ptS 0.31  fLog 0.62  pdΔ -0.1800  pkR 5.61  clip 0.09  kl +0.001
upd  255  steps  524288  sps 1423  opp symm  loss -0.005  pg +0.0175  v 0.009  ev +0.94  adv_std 0.134  tR -0.67  ent[s/d/p/e] 1.45/1.74/1.48/0.51  emits 0.47  spf 58.8  z0 0.73  garr 63.5  tG 484  e2 0.09  nF 3.8  pS 0.30  ptS 0.29  fLog 0.60  pdΔ -0.1979  pkR 5.96  clip 0.07  kl +0.001
upd  256  steps  526336  sps 1426  opp symm  loss -0.021  pg +0.0037  v 0.007  ev +0.96  adv_std 0.119  tR -0.33  ent[s/d/p/e] 1.47/1.70/1.54/0.51  emits 0.48  spf 58.3  z0 0.73  garr 66.4  tG 498  e2 0.09  nF 4.3  pS 0.31  ptS 0.30  fLog 0.61  pdΔ -0.1861  pkR 4.89  clip 0.07  kl -0.001
upd  257  steps  528384  sps 1429  opp symm  loss +0.031  pg +0.0554  v 0.008  ev +0.95  adv_std 0.125  tR +0.50  ent[s/d/p/e] 1.58/1.83/1.54/0.50  emits 0.48  spf 58.6  z0 0.73  garr 70.4  tG 538  e2 0.09  nF 4.2  pS 0.33  ptS 0.32  fLog 0.61  pdΔ -0.1725  pkR 4.79  clip 0.09  kl +0.004
upd  258  steps  530432  sps 1432  opp symm  loss -0.023  pg -0.0001  v 0.008  ev +0.94  adv_std 0.128  tR +0.60  ent[s/d/p/e] 1.40/1.69/1.56/0.48  emits 0.38  spf 69.4  z0 0.76  garr 75.4  tG 576  e2 0.07  nF 3.1  pS 0.31  ptS 0.30  fLog 0.63  pdΔ -0.1873  pkR 4.89  clip 0.08  kl +0.004
upd  259  steps  532480  sps 1435  opp symm  loss -0.038  pg -0.0147  v 0.008  ev +0.93  adv_std 0.128  tR +0.00  ent[s/d/p/e] 1.37/1.70/1.53/0.51  emits 0.35  spf 70.3  z0 0.77  garr 83.0  tG 643  e2 0.07  nF 2.7  pS 0.31  ptS 0.30  fLog 0.63  pdΔ -0.1862  pkR 4.81  clip 0.06  kl +0.002
upd  260  steps  534528  sps 1438  opp symm  loss +0.011  pg +0.0354  v 0.007  ev +0.95  adv_std 0.117  tR -0.33  ent[s/d/p/e] 1.45/1.72/1.50/0.51  emits 0.36  spf 69.8  z0 0.77  garr 93.4  tG 732  e2 0.07  nF 3.4  pS 0.33  ptS 0.32  fLog 0.62  pdΔ -0.1709  pkR 4.92  clip 0.07  kl +0.004
upd  261  steps  536576  sps 1441  opp symm  loss +0.013  pg +0.0381  v 0.005  ev +0.96  adv_std 0.103  tR +1.00  ent[s/d/p/e] 1.49/1.82/1.51/0.53  emits 0.38  spf 82.4  z0 0.75  garr 95.2  tG 766  e2 0.07  nF 3.5  pS 0.34  ptS 0.33  fLog 0.65  pdΔ -0.1580  pkR 5.67  clip 0.07  kl +0.003
upd  262  steps  538624  sps 1444  opp symm  loss -0.027  pg -0.0031  v 0.010  ev +0.94  adv_std 0.139  tR +0.00  ent[s/d/p/e] 1.55/1.76/1.53/0.54  emits 0.44  spf 78.5  z0 0.72  garr 89.5  tG 745  e2 0.09  nF 3.9  pS 0.35  ptS 0.35  fLog 0.65  pdΔ -0.1450  pkR 5.93  clip 0.06  kl +0.002
upd  263  steps  540672  sps 1447  opp symm  loss -0.019  pg +0.0054  v 0.008  ev +0.95  adv_std 0.123  tR +1.00  ent[s/d/p/e] 1.58/1.79/1.54/0.54  emits 0.47  spf 73.2  z0 0.72  garr 85.2  tG 720  e2 0.09  nF 3.9  pS 0.36  ptS 0.35  fLog 0.65  pdΔ -0.1445  pkR 4.16  clip 0.09  kl +0.001
upd  264  steps  542720  sps 1450  opp symm  loss -0.034  pg -0.0105  v 0.009  ev +0.95  adv_std 0.137  tR +0.14  ent[s/d/p/e] 1.62/1.77/1.52/0.53  emits 0.55  spf 68.5  z0 0.69  garr 76.9  tG 647  e2 0.11  nF 4.7  pS 0.36  ptS 0.35  fLog 0.64  pdΔ -0.1416  pkR 3.91  clip 0.12  kl +0.005
upd  265  steps  544768  sps 1453  opp symm  loss -0.025  pg +0.0003  v 0.007  ev +0.96  adv_std 0.114  tR -1.00  ent[s/d/p/e] 1.68/1.81/1.48/0.51  emits 0.73  spf 55.3  z0 0.67  garr 67.5  tG 582  e2 0.15  nF 6.3  pS 0.37  ptS 0.36  fLog 0.60  pdΔ -0.1319  pkR 4.49  clip 0.11  kl +0.006
upd  266  steps  546816  sps 1456  opp symm  loss +0.012  pg +0.0361  v 0.009  ev +0.95  adv_std 0.134  tR +0.25  ent[s/d/p/e] 1.68/1.93/1.48/0.49  emits 0.66  spf 54.7  z0 0.70  garr 65.8  tG 592  e2 0.13  nF 6.7  pS 0.36  ptS 0.35  fLog 0.60  pdΔ -0.1412  pkR 5.75  clip 0.09  kl +0.003
upd  267  steps  548864  sps 1459  opp symm  loss +0.028  pg +0.0490  v 0.012  ev +0.91  adv_std 0.155  tR +0.09  ent[s/d/p/e] 1.54/1.70/1.45/0.50  emits 0.54  spf 51.5  z0 0.73  garr 59.4  tG 496  e2 0.11  nF 5.3  pS 0.31  ptS 0.30  fLog 0.58  pdΔ -0.1945  pkR 5.52  clip 0.09  kl +0.002
upd  268  steps  550912  sps 1462  opp symm  loss -0.008  pg +0.0137  v 0.012  ev +0.90  adv_std 0.156  tR -0.60  ent[s/d/p/e] 1.47/1.75/1.49/0.51  emits 0.53  spf 52.3  z0 0.71  garr 56.1  tG 453  e2 0.10  nF 5.3  pS 0.30  ptS 0.30  fLog 0.59  pdΔ -0.1973  pkR 5.51  clip 0.08  kl +0.001
upd  269  steps  552960  sps 1465  opp symm  loss -0.007  pg +0.0173  v 0.009  ev +0.91  adv_std 0.134  tR +0.14  ent[s/d/p/e] 1.52/1.84/1.48/0.53  emits 0.56  spf 48.8  z0 0.72  garr 51.7  tG 391  e2 0.11  nF 5.3  pS 0.30  ptS 0.29  fLog 0.58  pdΔ -0.1953  pkR 5.42  clip 0.10  kl +0.004
upd  270  steps  555008  sps 1468  opp symm  loss -0.051  pg -0.0272  v 0.008  ev +0.93  adv_std 0.128  tR +0.71  ent[s/d/p/e] 1.43/1.77/1.51/0.54  emits 0.56  spf 50.3  z0 0.69  garr 52.0  tG 403  e2 0.11  nF 5.3  pS 0.31  ptS 0.30  fLog 0.59  pdΔ -0.1932  pkR 5.60  clip 0.08  kl +0.003
upd  271  steps  557056  sps 1470  opp symm  loss +0.012  pg +0.0370  v 0.006  ev +0.95  adv_std 0.110  tR +1.00  ent[s/d/p/e] 1.47/1.76/1.53/0.55  emits 0.56  spf 53.5  z0 0.70  garr 55.3  tG 429  e2 0.12  nF 5.3  pS 0.32  ptS 0.31  fLog 0.60  pdΔ -0.1817  pkR 5.30  clip 0.08  kl +0.004
upd  272  steps  559104  sps 1473  opp symm  loss +0.003  pg +0.0266  v 0.010  ev +0.92  adv_std 0.141  tR +0.00  ent[s/d/p/e] 1.50/1.74/1.56/0.54  emits 0.50  spf 54.4  z0 0.71  garr 58.7  tG 448  e2 0.11  nF 5.2  pS 0.32  ptS 0.31  fLog 0.60  pdΔ -0.1804  pkR 4.19  clip 0.07  kl -0.000
upd  273  steps  561152  sps 1476  opp symm  loss -0.043  pg -0.0172  v 0.005  ev +0.96  adv_std 0.103  tR +0.20  ent[s/d/p/e] 1.51/1.74/1.54/0.53  emits 0.49  spf 60.0  z0 0.73  garr 62.9  tG 512  e2 0.10  nF 4.9  pS 0.33  ptS 0.32  fLog 0.61  pdΔ -0.1705  pkR 3.79  clip 0.05  kl +0.001
upd  274  steps  563200  sps 1479  opp symm  loss -0.046  pg -0.0206  v 0.006  ev +0.95  adv_std 0.113  tR +1.00  ent[s/d/p/e] 1.40/1.66/1.60/0.53  emits 0.42  spf 66.4  z0 0.75  garr 70.3  tG 576  e2 0.08  nF 3.9  pS 0.33  ptS 0.32  fLog 0.63  pdΔ -0.1667  pkR 4.22  clip 0.06  kl -0.000
upd  275  steps  565248  sps 1482  opp symm  loss +0.000  pg +0.0244  v 0.008  ev +0.93  adv_std 0.130  tR -0.33  ent[s/d/p/e] 1.43/1.69/1.58/0.54  emits 0.52  spf 69.9  z0 0.71  garr 76.0  tG 637  e2 0.11  nF 4.1  pS 0.35  ptS 0.33  fLog 0.64  pdΔ -0.1500  pkR 5.89  clip 0.10  kl +0.003
upd  276  steps  567296  sps 1485  opp symm  loss -0.020  pg +0.0043  v 0.007  ev +0.95  adv_std 0.119  tR +0.20  ent[s/d/p/e] 1.48/1.64/1.57/0.54  emits 0.54  spf 61.8  z0 0.72  garr 72.3  tG 613  e2 0.11  nF 4.8  pS 0.37  ptS 0.35  fLog 0.62  pdΔ -0.1320  pkR 4.97  clip 0.10  kl +0.003
upd  277  steps  569344  sps 1488  opp symm  loss -0.002  pg +0.0231  v 0.006  ev +0.96  adv_std 0.105  tR +0.33  ent[s/d/p/e] 1.45/1.69/1.59/0.51  emits 0.46  spf 71.2  z0 0.74  garr 78.9  tG 636  e2 0.09  nF 4.3  pS 0.35  ptS 0.34  fLog 0.64  pdΔ -0.1486  pkR 4.48  clip 0.10  kl +0.004
upd  278  steps  571392  sps 1490  opp symm  loss -0.045  pg -0.0192  v 0.005  ev +0.97  adv_std 0.098  tR +0.14  ent[s/d/p/e] 1.49/1.68/1.56/0.51  emits 0.42  spf 67.5  z0 0.75  garr 86.0  tG 694  e2 0.08  nF 4.3  pS 0.35  ptS 0.34  fLog 0.63  pdΔ -0.1495  pkR 4.23  clip 0.07  kl +0.002
upd  279  steps  573440  sps 1493  opp symm  loss +0.001  pg +0.0234  v 0.009  ev +0.93  adv_std 0.134  tR +0.33  ent[s/d/p/e] 1.39/1.66/1.52/0.51  emits 0.42  spf 75.0  z0 0.75  garr 90.5  tG 699  e2 0.08  nF 3.8  pS 0.34  ptS 0.32  fLog 0.64  pdΔ -0.1644  pkR 4.18  clip 0.07  kl +0.002
upd  280  steps  575488  sps 1496  opp symm  loss +0.014  pg +0.0380  v 0.006  ev +0.96  adv_std 0.107  tR +0.33  ent[s/d/p/e] 1.41/1.64/1.53/0.49  emits 0.37  spf 73.5  z0 0.76  garr 94.6  tG 748  e2 0.07  nF 3.4  pS 0.33  ptS 0.32  fLog 0.64  pdΔ -0.1681  pkR 4.52  clip 0.09  kl +0.003
upd  281  steps  577536  sps 1499  opp symm  loss -0.003  pg +0.0213  v 0.005  ev +0.97  adv_std 0.100  tR +0.50  ent[s/d/p/e] 1.39/1.69/1.55/0.47  emits 0.35  spf 70.7  z0 0.78  garr 100.5  tG 807  e2 0.06  nF 3.4  pS 0.34  ptS 0.32  fLog 0.64  pdΔ -0.1621  pkR 4.61  clip 0.05  kl +0.002
upd  282  steps  579584  sps 1502  opp symm  loss -0.028  pg -0.0052  v 0.009  ev +0.94  adv_std 0.133  tR +0.33  ent[s/d/p/e] 1.35/1.61/1.53/0.50  emits 0.34  spf 74.0  z0 0.79  garr 104.1  tG 850  e2 0.07  nF 2.7  pS 0.33  ptS 0.31  fLog 0.64  pdΔ -0.1745  pkR 4.84  clip 0.09  kl +0.003
upd  283  steps  581632  sps 1504  opp symm  loss -0.076  pg -0.0530  v 0.005  ev +0.96  adv_std 0.106  tR -0.09  ent[s/d/p/e] 1.29/1.64/1.52/0.47  emits 0.32  spf 78.1  z0 0.80  garr 97.2  tG 740  e2 0.06  nF 2.7  pS 0.30  ptS 0.29  fLog 0.65  pdΔ -0.1986  pkR 5.31  clip 0.06  kl +0.001
upd  284  steps  583680  sps 1507  opp symm  loss -0.051  pg -0.0296  v 0.009  ev +0.92  adv_std 0.136  tR -0.11  ent[s/d/p/e] 1.14/1.64/1.50/0.47  emits 0.28  spf 74.3  z0 0.80  garr 102.0  tG 748  e2 0.05  nF 2.5  pS 0.29  ptS 0.27  fLog 0.65  pdΔ -0.2132  pkR 5.40  clip 0.06  kl +0.002
upd  285  steps  585728  sps 1510  opp symm  loss -0.037  pg -0.0155  v 0.012  ev +0.90  adv_std 0.157  tR -0.50  ent[s/d/p/e] 1.28/1.67/1.55/0.52  emits 0.35  spf 77.3  z0 0.77  garr 99.6  tG 723  e2 0.07  nF 3.0  pS 0.30  ptS 0.28  fLog 0.64  pdΔ -0.2007  pkR 6.48  clip 0.08  kl +0.002
upd  286  steps  587776  sps 1513  opp symm  loss -0.025  pg -0.0015  v 0.009  ev +0.92  adv_std 0.136  tR +0.33  ent[s/d/p/e] 1.38/1.70/1.61/0.52  emits 0.40  spf 74.9  z0 0.76  garr 96.1  tG 720  e2 0.07  nF 3.1  pS 0.32  ptS 0.31  fLog 0.65  pdΔ -0.1784  pkR 6.44  clip 0.07  kl +0.001
upd  287  steps  589824  sps 1515  opp symm  loss -0.014  pg +0.0094  v 0.008  ev +0.92  adv_std 0.130  tR +0.60  ent[s/d/p/e] 1.31/1.68/1.60/0.51  emits 0.37  spf 71.1  z0 0.76  garr 94.6  tG 694  e2 0.07  nF 3.4  pS 0.32  ptS 0.31  fLog 0.64  pdΔ -0.1774  pkR 4.61  clip 0.07  kl +0.000
upd  288  steps  591872  sps 1518  opp symm  loss -0.051  pg -0.0294  v 0.011  ev +0.89  adv_std 0.151  tR +1.00  ent[s/d/p/e] 1.29/1.57/1.60/0.50  emits 0.32  spf 71.5  z0 0.78  garr 99.5  tG 769  e2 0.06  nF 3.0  pS 0.34  ptS 0.32  fLog 0.64  pdΔ -0.1647  pkR 4.84  clip 0.05  kl +0.001
upd  289  steps  593920  sps 1521  opp symm  loss -0.051  pg -0.0265  v 0.006  ev +0.94  adv_std 0.111  tR -1.00  ent[s/d/p/e] 1.26/1.63/1.54/0.54  emits 0.39  spf 70.3  z0 0.75  garr 97.6  tG 781  e2 0.08  nF 3.2  pS 0.34  ptS 0.33  fLog 0.64  pdΔ -0.1594  pkR 7.14  clip 0.06  kl +0.001
upd  290  steps  595968  sps 1524  opp symm  loss +0.001  pg +0.0249  v 0.008  ev +0.93  adv_std 0.124  tR +1.00  ent[s/d/p/e] 1.37/1.60/1.57/0.53  emits 0.44  spf 71.7  z0 0.74  garr 100.9  tG 855  e2 0.09  nF 3.7  pS 0.36  ptS 0.35  fLog 0.65  pdΔ -0.1406  pkR 9.02  clip 0.05  kl +0.001
upd  291  steps  598016  sps 1526  opp symm  loss -0.053  pg -0.0285  v 0.006  ev +0.95  adv_std 0.107  tR +0.60  ent[s/d/p/e] 1.37/1.68/1.46/0.54  emits 0.43  spf 70.7  z0 0.73  garr 97.7  tG 789  e2 0.08  nF 4.2  pS 0.36  ptS 0.35  fLog 0.64  pdΔ -0.1439  pkR 4.78  clip 0.09  kl +0.004
upd  292  steps  600064  sps 1529  opp symm  loss -0.053  pg -0.0293  v 0.005  ev +0.95  adv_std 0.105  tR +0.33  ent[s/d/p/e] 1.23/1.57/1.43/0.55  emits 0.36  spf 73.7  z0 0.76  garr 104.1  tG 791  e2 0.07  nF 3.4  pS 0.32  ptS 0.31  fLog 0.65  pdΔ -0.1777  pkR 3.90  clip 0.05  kl +0.001
upd  293  steps  602112  sps 1532  opp symm  loss -0.034  pg -0.0115  v 0.009  ev +0.92  adv_std 0.134  tR +0.20  ent[s/d/p/e] 1.37/1.64/1.46/0.55  emits 0.45  spf 68.7  z0 0.73  garr 104.4  tG 814  e2 0.09  nF 3.8  pS 0.34  ptS 0.33  fLog 0.63  pdΔ -0.1593  pkR 4.50  clip 0.10  kl +0.005
upd  294  steps  604160  sps 1534  opp symm  loss -0.037  pg -0.0131  v 0.008  ev +0.93  adv_std 0.123  tR +0.33  ent[s/d/p/e] 1.49/1.66/1.45/0.53  emits 0.53  spf 58.8  z0 0.71  garr 96.8  tG 765  e2 0.11  nF 4.9  pS 0.34  ptS 0.34  fLog 0.61  pdΔ -0.1561  pkR 5.01  clip 0.08  kl +0.003
upd  295  steps  606208  sps 1537  opp symm  loss -0.047  pg -0.0234  v 0.007  ev +0.94  adv_std 0.115  tR -0.14  ent[s/d/p/e] 1.46/1.69/1.42/0.53  emits 0.41  spf 56.5  z0 0.75  garr 96.9  tG 761  e2 0.09  nF 4.3  pS 0.33  ptS 0.32  fLog 0.60  pdΔ -0.1712  pkR 5.66  clip 0.06  kl +0.003
upd  296  steps  608256  sps 1540  opp symm  loss -0.040  pg -0.0160  v 0.005  ev +0.96  adv_std 0.100  tR -0.50  ent[s/d/p/e] 1.39/1.68/1.43/0.50  emits 0.43  spf 59.5  z0 0.74  garr 99.0  tG 777  e2 0.08  nF 4.4  pS 0.32  ptS 0.31  fLog 0.61  pdΔ -0.1796  pkR 6.88  clip 0.11  kl +0.001
upd  297  steps  610304  sps 1542  opp symm  loss -0.038  pg -0.0165  v 0.009  ev +0.93  adv_std 0.133  tR +0.33  ent[s/d/p/e] 1.33/1.66/1.39/0.51  emits 0.40  spf 67.1  z0 0.76  garr 95.8  tG 752  e2 0.08  nF 4.0  pS 0.32  ptS 0.31  fLog 0.63  pdΔ -0.1835  pkR 6.96  clip 0.08  kl +0.001
upd  298  steps  612352  sps 1545  opp symm  loss +0.022  pg +0.0420  v 0.009  ev +0.94  adv_std 0.136  tR -0.33  ent[s/d/p/e] 1.11/1.63/1.41/0.47  emits 0.35  spf 55.8  z0 0.77  garr 91.6  tG 664  e2 0.06  nF 3.8  pS 0.28  ptS 0.28  fLog 0.60  pdΔ -0.2168  pkR 7.65  clip 0.06  kl +0.001
[eval_vs_v20] u299 tag=train_u299  bin0=0.0%  spf=14.77  garr=72.84  flip=20.00%  z0=74.8%  e8=0.4%  e2+=0.8%  WLD=0/3/0
upd  299  steps  614400  sps 1548  opp symm  loss -0.014  pg +0.0054  v 0.011  ev +0.93  adv_std 0.148  tR -0.45  ent[s/d/p/e] 1.04/1.61/1.44/0.47  emits 0.33  spf 53.3  z0 0.78  garr 80.6  tG 541  e2 0.07  nF 3.5  pS 0.26  ptS 0.25  fLog 0.60  pdΔ -0.2442  pkR 8.16  clip 0.08  kl +0.003 WRr 0.22 v20[spf 14.8 flip 20.0% e2+ 0.8%]
final eval win_rate vs random: 0.219
