
=== [2026-06-11T04:16:33Z] v14e_binary_v1_a_p0i6_ent_coef_emit_0.01_1824b82e47 phase=a kind=probe chunk=300 env={"ORBITWARS_SHAPING_ANTI_HOARD": 0.03, "ORBITWARS_SHAPING_CAPTURE": 0.06, "ORBITWARS_SHAPING_RELEASE": 0.003, "ORBITWARS_SHAPING_RELEASE_K": 14.0, "ORBITWARS_SHAPING_PROD_SHARE_DELTA": 0.01, "ORBITWARS_SHAPING_ONE_SHIP_PENALTY": 0.01} ppo={"ent_coef_emit": 0.01, "lr_peak": 4.5e-05} ===
[reward] kaggle-aligned: terminal +1 win/+1 tie>0/-1 loss/-1 double-wipeout; is_terminal at step >= episode_steps-2; SHAPING_SCALE=0.0; v1: KEEP_HOME=0.0 FLEET_SIZE=0.0/norm20.0; v2 (expert-replay calibrated): PROD_SHARE=0.0 PLANET_SHARE=0.0 FLEET_LOG=0.0/ref500.0/floor0.3; v3 (top10-2630ep calibrated): PROD_SHARE_DELTA=0.01 EMIT_LOG=0.0 EMIT_GATED=0.0 RELEASE=0.003/K14.0 CAPTURE=0.06; ANTI_HOARD=0.03/thresh0.6; episode_steps=500 (kaggle=500, mismatch=False)
[symmetric] Frog Parade style: same params drive BOTH players, no frozen/strong/buffer opponents, zero_sum_value=True
upd    0  steps    2048  sps 38  opp symm  loss -0.076  pg -0.0630  v 0.002  ev -0.40  adv_std 0.055  tR +0.00  ent[s/d/p/e] 0.28/1.14/1.21/0.26  emits 0.32  spf 14.1  z0 0.75  garr 14.0  tG 18  e2 0.06  nF 2.4  pS 0.06  ptS 0.06  fLog 0.41  pdΔ -0.4424  pkR 5.13  clip 0.00  kl -0.000
upd    1  steps    4096  sps 75  opp symm  loss +0.004  pg +0.0213  v 0.002  ev +0.28  adv_std 0.068  tR +0.00  ent[s/d/p/e] 0.73/1.30/1.17/0.47  emits 0.51  spf 17.4  z0 0.67  garr 18.5  tG 52  e2 0.12  nF 6.1  pS 0.11  ptS 0.11  fLog 0.42  pdΔ -0.3892  pkR 7.22  clip 0.08  kl +0.004
upd    2  steps    6144  sps 110  opp symm  loss +0.008  pg +0.0274  v 0.002  ev +0.50  adv_std 0.066  tR +1.00  ent[s/d/p/e] 1.06/1.66/1.22/0.55  emits 0.51  spf 25.2  z0 0.68  garr 29.0  tG 129  e2 0.12  nF 7.1  pS 0.17  ptS 0.17  fLog 0.46  pdΔ -0.3294  pkR 5.89  clip 0.04  kl -0.001
upd    3  steps    8192  sps 146  opp symm  loss -0.001  pg +0.0188  v 0.006  ev +0.11  adv_std 0.110  tR +1.00  ent[s/d/p/e] 1.32/1.90/1.28/0.56  emits 0.44  spf 36.1  z0 0.70  garr 44.6  tG 254  e2 0.09  nF 6.5  pS 0.22  ptS 0.21  fLog 0.50  pdΔ -0.2788  pkR 4.66  clip 0.10  kl -0.001
upd    4  steps   10240  sps 180  opp symm  loss -0.072  pg -0.0497  v 0.004  ev +0.39  adv_std 0.082  tR -1.00  ent[s/d/p/e] 1.48/2.06/1.27/0.56  emits 0.35  spf 50.3  z0 0.75  garr 61.6  tG 398  e2 0.07  nF 4.7  pS 0.26  ptS 0.25  fLog 0.55  pdΔ -0.2433  pkR 5.21  clip 0.11  kl +0.005
upd    5  steps   12288  sps 214  opp symm  loss -0.018  pg +0.0031  v 0.003  ev +0.48  adv_std 0.076  tR +1.00  ent[s/d/p/e] 1.52/2.08/1.23/0.48  emits 0.33  spf 63.6  z0 0.76  garr 78.0  tG 552  e2 0.06  nF 4.3  pS 0.28  ptS 0.27  fLog 0.57  pdΔ -0.2166  pkR 6.15  clip 0.24  kl +0.011
upd    6  steps   14336  sps 246  opp symm  loss -0.035  pg -0.0111  v 0.003  ev +0.59  adv_std 0.077  tR +1.00  ent[s/d/p/e] 1.65/2.16/1.27/0.59  emits 0.42  spf 67.0  z0 0.70  garr 83.8  tG 664  e2 0.08  nF 4.8  pS 0.31  ptS 0.31  fLog 0.58  pdΔ -0.1881  pkR 5.67  clip 0.28  kl +0.013
upd    7  steps   16384  sps 278  opp symm  loss -0.030  pg -0.0052  v 0.001  ev +0.82  adv_std 0.053  tR +0.00  ent[s/d/p/e] 1.78/2.27/1.30/0.58  emits 0.38  spf 75.0  z0 0.71  garr 92.9  tG 777  e2 0.07  nF 4.5  pS 0.35  ptS 0.34  fLog 0.61  pdΔ -0.1547  pkR 5.19  clip 0.12  kl +0.003
upd    8  steps   18432  sps 310  opp symm  loss -0.032  pg -0.0074  v 0.004  ev +0.73  adv_std 0.090  tR +1.00  ent[s/d/p/e] 1.82/2.29/1.33/0.58  emits 0.40  spf 83.6  z0 0.71  garr 100.6  tG 875  e2 0.08  nF 4.3  pS 0.36  ptS 0.35  fLog 0.62  pdΔ -0.1398  pkR 5.09  clip 0.11  kl +0.005
upd    9  steps   20480  sps 341  opp symm  loss -0.038  pg -0.0128  v 0.002  ev +0.88  adv_std 0.070  tR +0.00  ent[s/d/p/e] 1.90/2.33/1.21/0.61  emits 0.42  spf 84.2  z0 0.71  garr 104.2  tG 967  e2 0.09  nF 4.4  pS 0.38  ptS 0.37  fLog 0.62  pdΔ -0.1193  pkR 5.24  clip 0.19  kl +0.010
upd   10  steps   22528  sps 371  opp symm  loss -0.025  pg +0.0009  v 0.002  ev +0.93  adv_std 0.069  tR +0.00  ent[s/d/p/e] 1.98/2.39/1.26/0.60  emits 0.39  spf 100.5  z0 0.72  garr 113.2  tG 1052  e2 0.08  nF 4.2  pS 0.40  ptS 0.39  fLog 0.64  pdΔ -0.1035  pkR 4.36  clip 0.12  kl +0.007
upd   11  steps   24576  sps 400  opp symm  loss -0.066  pg -0.0440  v 0.011  ev +0.76  adv_std 0.142  tR -1.00  ent[s/d/p/e] 2.09/2.49/1.23/0.59  emits 0.42  spf 103.1  z0 0.71  garr 112.6  tG 1111  e2 0.08  nF 4.5  pS 0.42  ptS 0.41  fLog 0.66  pdΔ -0.0792  pkR 4.28  clip 0.23  kl +0.017
upd   12  steps   26624  sps 429  opp symm  loss -0.020  pg +0.0056  v 0.003  ev +0.93  adv_std 0.077  tR +0.00  ent[s/d/p/e] 2.20/2.51/1.17/0.61  emits 0.56  spf 96.5  z0 0.66  garr 104.3  tG 1077  e2 0.12  nF 5.6  pS 0.45  ptS 0.44  fLog 0.64  pdΔ -0.0465  pkR 3.81  clip 0.09  kl +0.006
upd   13  steps   28672  sps 457  opp symm  loss +0.018  pg +0.0421  v 0.006  ev +0.90  adv_std 0.105  tR +1.00  ent[s/d/p/e] 2.28/2.55/1.11/0.62  emits 0.58  spf 89.2  z0 0.65  garr 99.8  tG 1059  e2 0.13  nF 6.3  pS 0.48  ptS 0.47  fLog 0.63  pdΔ -0.0246  pkR 4.78  clip 0.11  kl +0.006
upd   14  steps   30720  sps 485  opp symm  loss +0.014  pg +0.0409  v 0.002  ev +0.97  adv_std 0.065  tR +0.00  ent[s/d/p/e] 2.26/2.56/1.16/0.63  emits 0.66  spf 84.3  z0 0.61  garr 87.1  tG 891  e2 0.15  nF 7.4  pS 0.47  ptS 0.46  fLog 0.63  pdΔ -0.0337  pkR 3.16  clip 0.11  kl +0.002
upd   15  steps   32768  sps 512  opp symm  loss -0.019  pg -0.0819  v 0.174  ev -0.37  adv_std 0.629  tR +0.05  ent[s/d/p/e] 1.85/2.32/1.13/0.52  emits 0.53  spf 62.5  z0 0.68  garr 54.5  tG 492  e2 0.11  nF 5.1  pS 0.30  ptS 0.30  fLog 0.57  pdΔ -0.1971  pkR 5.40  clip 0.20  kl +0.006
upd   16  steps   34816  sps 539  opp symm  loss -0.002  pg +0.0178  v 0.001  ev +0.28  adv_std 0.048  tR +0.00  ent[s/d/p/e] 0.87/1.65/1.28/0.47  emits 0.34  spf 32.1  z0 0.75  garr 28.9  tG 130  e2 0.06  nF 3.4  pS 0.13  ptS 0.13  fLog 0.49  pdΔ -0.3679  pkR 14.22  clip 0.08  kl +0.002
upd   17  steps   36864  sps 565  opp symm  loss -0.031  pg -0.0102  v 0.003  ev +0.29  adv_std 0.082  tR -1.00  ent[s/d/p/e] 1.19/1.87/1.26/0.56  emits 0.39  spf 39.0  z0 0.72  garr 40.5  tG 204  e2 0.08  nF 4.5  pS 0.19  ptS 0.18  fLog 0.52  pdΔ -0.3117  pkR 8.92  clip 0.13  kl +0.002
upd   18  steps   38912  sps 590  opp symm  loss -0.106  pg -0.0851  v 0.007  ev +0.41  adv_std 0.120  tR +0.20  ent[s/d/p/e] 1.52/2.15/1.26/0.61  emits 0.49  spf 45.4  z0 0.68  garr 47.1  tG 270  e2 0.11  nF 5.1  pS 0.24  ptS 0.23  fLog 0.54  pdΔ -0.2631  pkR 6.78  clip 0.14  kl +0.005
upd   19  steps   40960  sps 615  opp symm  loss -0.036  pg -0.0142  v 0.005  ev +0.48  adv_std 0.098  tR +1.00  ent[s/d/p/e] 1.60/2.20/1.20/0.62  emits 0.52  spf 49.5  z0 0.67  garr 51.4  tG 327  e2 0.11  nF 5.6  pS 0.27  ptS 0.26  fLog 0.55  pdΔ -0.2265  pkR 4.51  clip 0.08  kl +0.003
upd   20  steps   43008  sps 640  opp symm  loss -0.033  pg -0.0076  v 0.001  ev +0.66  adv_std 0.045  tR +0.00  ent[s/d/p/e] 1.69/2.24/1.23/0.64  emits 0.58  spf 50.3  z0 0.64  garr 53.0  tG 362  e2 0.14  nF 6.3  pS 0.30  ptS 0.29  fLog 0.56  pdΔ -0.2021  pkR 3.61  clip 0.21  kl +0.005
upd   21  steps   45056  sps 664  opp symm  loss -0.008  pg +0.0170  v 0.001  ev +0.65  adv_std 0.044  tR -1.00  ent[s/d/p/e] 1.79/2.29/1.15/0.62  emits 0.55  spf 47.9  z0 0.65  garr 56.4  tG 404  e2 0.12  nF 6.5  pS 0.33  ptS 0.31  fLog 0.56  pdΔ -0.1703  pkR 4.04  clip 0.09  kl +0.003
upd   22  steps   47104  sps 687  opp symm  loss -0.013  pg +0.0116  v 0.002  ev +0.48  adv_std 0.062  tR -1.00  ent[s/d/p/e] 1.89/2.35/1.08/0.63  emits 0.56  spf 60.3  z0 0.65  garr 64.8  tG 509  e2 0.13  nF 6.7  pS 0.36  ptS 0.34  fLog 0.58  pdΔ -0.1432  pkR 3.79  clip 0.21  kl +0.009
upd   23  steps   49152  sps 711  opp symm  loss -0.015  pg +0.0106  v 0.001  ev +0.51  adv_std 0.052  tR +1.00  ent[s/d/p/e] 1.94/2.41/1.20/0.62  emits 0.56  spf 67.1  z0 0.65  garr 70.8  tG 573  e2 0.12  nF 6.1  pS 0.37  ptS 0.36  fLog 0.60  pdΔ -0.1311  pkR 3.41  clip 0.19  kl +0.005
upd   24  steps   51200  sps 733  opp symm  loss -0.064  pg -0.0397  v 0.003  ev +0.37  adv_std 0.074  tR +0.00  ent[s/d/p/e] 1.98/2.38/1.08/0.64  emits 0.80  spf 58.5  z0 0.59  garr 60.4  tG 516  e2 0.20  nF 8.0  pS 0.39  ptS 0.37  fLog 0.57  pdΔ -0.1144  pkR 4.79  clip 0.17  kl +0.005
upd   25  steps   53248  sps 756  opp symm  loss -0.060  pg -0.0364  v 0.005  ev +0.25  adv_std 0.099  tR +0.33  ent[s/d/p/e] 2.03/2.41/1.08/0.65  emits 0.90  spf 46.2  z0 0.56  garr 50.3  tG 431  e2 0.22  nF 9.9  pS 0.39  ptS 0.38  fLog 0.54  pdΔ -0.1081  pkR 5.72  clip 0.10  kl +0.000
upd   26  steps   55296  sps 778  opp symm  loss +0.006  pg +0.0310  v 0.002  ev +0.49  adv_std 0.067  tR +1.00  ent[s/d/p/e] 2.00/2.39/1.08/0.64  emits 0.91  spf 42.7  z0 0.55  garr 45.0  tG 398  e2 0.22  nF 11.2  pS 0.39  ptS 0.38  fLog 0.53  pdΔ -0.1071  pkR 5.76  clip 0.13  kl +0.004
upd   27  steps   57344  sps 799  opp symm  loss -0.106  pg -0.0826  v 0.007  ev +0.44  adv_std 0.122  tR +0.20  ent[s/d/p/e] 2.10/2.47/1.14/0.64  emits 0.81  spf 47.2  z0 0.58  garr 48.0  tG 430  e2 0.19  nF 10.2  pS 0.41  ptS 0.40  fLog 0.55  pdΔ -0.0937  pkR 3.53  clip 0.12  kl +0.003
upd   28  steps   59392  sps 820  opp symm  loss +0.027  pg +0.0525  v 0.001  ev +0.46  adv_std 0.052  tR +0.00  ent[s/d/p/e] 2.08/2.45/1.09/0.63  emits 1.11  spf 44.0  z0 0.51  garr 42.7  tG 381  e2 0.26  nF 11.7  pS 0.41  ptS 0.41  fLog 0.54  pdΔ -0.0863  pkR 4.64  clip 0.29  kl +0.005
upd   29  steps   61440  sps 841  opp symm  loss -0.005  pg +0.0205  v 0.003  ev +0.33  adv_std 0.071  tR +1.00  ent[s/d/p/e] 2.15/2.48/1.06/0.63  emits 0.94  spf 42.4  z0 0.56  garr 44.7  tG 395  e2 0.22  nF 12.1  pS 0.42  ptS 0.41  fLog 0.54  pdΔ -0.0780  pkR 3.27  clip 0.13  kl +0.000
upd   30  steps   63488  sps 861  opp symm  loss -0.018  pg +0.0068  v 0.004  ev +0.36  adv_std 0.083  tR +1.00  ent[s/d/p/e] 2.12/2.50/1.12/0.63  emits 0.76  spf 54.3  z0 0.61  garr 53.0  tG 459  e2 0.17  nF 9.3  pS 0.40  ptS 0.39  fLog 0.57  pdΔ -0.0987  pkR 3.19  clip 0.24  kl +0.008
upd   31  steps   65536  sps 882  opp symm  loss -0.113  pg -0.1076  v 0.035  ev +0.02  adv_std 0.270  tR +0.17  ent[s/d/p/e] 1.49/2.30/1.31/0.44  emits 0.33  spf 47.9  z0 0.79  garr 37.8  tG 179  e2 0.07  nF 3.1  pS 0.16  ptS 0.16  fLog 0.56  pdΔ -0.3351  pkR 7.17  clip 0.08  kl +0.002
upd   32  steps   67584  sps 901  opp symm  loss -0.010  pg +0.0126  v 0.001  ev +0.59  adv_std 0.043  tR +0.00  ent[s/d/p/e] 1.26/2.16/1.32/0.49  emits 0.30  spf 43.2  z0 0.78  garr 42.7  tG 175  e2 0.06  nF 3.2  pS 0.17  ptS 0.16  fLog 0.55  pdΔ -0.3350  pkR 6.20  clip 0.10  kl +0.006
upd   33  steps   69632  sps 921  opp symm  loss +0.066  pg +0.0857  v 0.007  ev +0.37  adv_std 0.120  tR -1.00  ent[s/d/p/e] 1.45/2.29/1.27/0.50  emits 0.32  spf 51.2  z0 0.79  garr 52.7  tG 227  e2 0.06  nF 3.4  pS 0.19  ptS 0.19  fLog 0.58  pdΔ -0.3057  pkR 4.35  clip 0.06  kl +0.003
upd   34  steps   71680  sps 940  opp symm  loss -0.012  pg +0.0115  v 0.003  ev +0.48  adv_std 0.080  tR +0.00  ent[s/d/p/e] 1.51/2.33/1.39/0.54  emits 0.40  spf 50.6  z0 0.75  garr 54.6  tG 256  e2 0.08  nF 3.5  pS 0.21  ptS 0.20  fLog 0.58  pdΔ -0.2927  pkR 4.33  clip 0.07  kl +0.002
upd   35  steps   73728  sps 958  opp symm  loss -0.040  pg -0.0169  v 0.004  ev +0.58  adv_std 0.085  tR -1.00  ent[s/d/p/e] 1.69/2.29/1.24/0.56  emits 0.50  spf 48.3  z0 0.70  garr 50.4  tG 281  e2 0.11  nF 5.1  pS 0.24  ptS 0.24  fLog 0.56  pdΔ -0.2601  pkR 4.85  clip 0.04  kl +0.002
upd   36  steps   75776  sps 977  opp symm  loss +0.016  pg +0.0408  v 0.001  ev +0.83  adv_std 0.043  tR +0.00  ent[s/d/p/e] 1.72/2.27/1.17/0.60  emits 0.58  spf 44.7  z0 0.67  garr 48.8  tG 305  e2 0.14  nF 6.3  pS 0.26  ptS 0.26  fLog 0.54  pdΔ -0.2360  pkR 6.64  clip 0.07  kl +0.002
upd   37  steps   77824  sps 995  opp symm  loss -0.044  pg -0.0197  v 0.003  ev +0.70  adv_std 0.079  tR +0.00  ent[s/d/p/e] 1.81/2.28/1.21/0.62  emits 0.83  spf 41.8  z0 0.60  garr 41.4  tG 280  e2 0.20  nF 8.2  pS 0.29  ptS 0.29  fLog 0.53  pdΔ -0.2097  pkR 6.68  clip 0.16  kl +0.004
upd   38  steps   79872  sps 1013  opp symm  loss -0.026  pg -0.0015  v 0.003  ev +0.76  adv_std 0.070  tR +1.00  ent[s/d/p/e] 1.90/2.34/1.10/0.62  emits 0.77  spf 38.9  z0 0.61  garr 41.7  tG 297  e2 0.18  nF 9.0  pS 0.32  ptS 0.32  fLog 0.53  pdΔ -0.1841  pkR 4.86  clip 0.13  kl +0.004
upd   39  steps   81920  sps 1030  opp symm  loss -0.020  pg +0.0052  v 0.002  ev +0.84  adv_std 0.065  tR -1.00  ent[s/d/p/e] 1.99/2.37/1.13/0.64  emits 0.83  spf 40.3  z0 0.60  garr 45.9  tG 350  e2 0.20  nF 9.1  pS 0.34  ptS 0.34  fLog 0.53  pdΔ -0.1550  pkR 3.87  clip 0.11  kl +0.004
upd   40  steps   83968  sps 1048  opp symm  loss -0.112  pg -0.0885  v 0.006  ev +0.78  adv_std 0.108  tR -0.60  ent[s/d/p/e] 2.04/2.41/1.16/0.62  emits 0.85  spf 43.3  z0 0.60  garr 49.2  tG 400  e2 0.20  nF 9.8  pS 0.36  ptS 0.36  fLog 0.54  pdΔ -0.1379  pkR 3.56  clip 0.18  kl +0.005
upd   41  steps   86016  sps 1064  opp symm  loss -0.033  pg -0.0075  v 0.002  ev +0.91  adv_std 0.064  tR +0.33  ent[s/d/p/e] 2.12/2.48/1.10/0.61  emits 0.92  spf 43.1  z0 0.59  garr 48.3  tG 394  e2 0.21  nF 10.9  pS 0.37  ptS 0.36  fLog 0.54  pdΔ -0.1267  pkR 3.88  clip 0.06  kl +0.002
upd   42  steps   88064  sps 1081  opp symm  loss -0.093  pg -0.0691  v 0.004  ev +0.86  adv_std 0.087  tR +0.00  ent[s/d/p/e] 2.09/2.43/1.11/0.61  emits 1.06  spf 37.8  z0 0.56  garr 44.8  tG 362  e2 0.24  nF 11.8  pS 0.37  ptS 0.36  fLog 0.52  pdΔ -0.1272  pkR 4.27  clip 0.08  kl +0.003
upd   43  steps   90112  sps 1098  opp symm  loss -0.014  pg +0.0102  v 0.003  ev +0.87  adv_std 0.078  tR +0.00  ent[s/d/p/e] 2.02/2.36/1.07/0.58  emits 1.00  spf 36.6  z0 0.58  garr 45.2  tG 356  e2 0.23  nF 11.7  pS 0.35  ptS 0.34  fLog 0.51  pdΔ -0.1550  pkR 6.37  clip 0.08  kl +0.002
upd   44  steps   92160  sps 1114  opp symm  loss -0.041  pg -0.0186  v 0.007  ev +0.80  adv_std 0.114  tR -0.50  ent[s/d/p/e] 2.12/2.42/1.08/0.57  emits 1.10  spf 32.8  z0 0.58  garr 42.5  tG 345  e2 0.24  nF 14.1  pS 0.35  ptS 0.35  fLog 0.49  pdΔ -0.1505  pkR 10.58  clip 0.21  kl +0.009
upd   45  steps   94208  sps 1130  opp symm  loss -0.029  pg -0.0048  v 0.003  ev +0.90  adv_std 0.082  tR +0.50  ent[s/d/p/e] 2.17/2.46/1.06/0.53  emits 1.38  spf 29.1  z0 0.55  garr 41.8  tG 314  e2 0.29  nF 16.4  pS 0.36  ptS 0.35  fLog 0.48  pdΔ -0.1407  pkR 12.75  clip 0.24  kl +0.003
upd   46  steps   96256  sps 1145  opp symm  loss -0.089  pg -0.0846  v 0.040  ev +0.55  adv_std 0.298  tR +0.19  ent[s/d/p/e] 2.06/2.39/1.02/0.51  emits 0.89  spf 31.2  z0 0.65  garr 41.5  tG 261  e2 0.20  nF 12.8  pS 0.28  ptS 0.29  fLog 0.48  pdΔ -0.2153  pkR 7.22  clip 0.07  kl +0.001
upd   47  steps   98304  sps 1160  opp symm  loss +0.059  pg +0.0823  v 0.002  ev +0.91  adv_std 0.062  tR +0.00  ent[s/d/p/e] 1.79/2.40/1.20/0.42  emits 0.33  spf 42.3  z0 0.81  garr 48.8  tG 209  e2 0.06  nF 4.0  pS 0.18  ptS 0.18  fLog 0.54  pdΔ -0.3210  pkR 8.75  clip 0.06  kl +0.003
upd   48  steps  100352  sps 1176  opp symm  loss +0.033  pg +0.0563  v 0.002  ev +0.95  adv_std 0.056  tR +1.00  ent[s/d/p/e] 1.79/2.41/1.20/0.48  emits 0.41  spf 44.4  z0 0.79  garr 52.4  tG 230  e2 0.08  nF 4.3  pS 0.19  ptS 0.19  fLog 0.55  pdΔ -0.3114  pkR 7.63  clip 0.06  kl +0.001
upd   49  steps  102400  sps 1191  opp symm  loss -0.037  pg -0.0147  v 0.003  ev +0.92  adv_std 0.082  tR +1.00  ent[s/d/p/e] 1.76/2.35/1.18/0.49  emits 0.45  spf 40.9  z0 0.76  garr 56.7  tG 249  e2 0.09  nF 4.8  pS 0.20  ptS 0.20  fLog 0.53  pdΔ -0.2969  pkR 5.45  clip 0.05  kl +0.000
upd   50  steps  104448  sps 1205  opp symm  loss -0.018  pg +0.0054  v 0.003  ev +0.93  adv_std 0.077  tR -1.00  ent[s/d/p/e] 1.68/2.33/1.21/0.53  emits 0.47  spf 43.6  z0 0.73  garr 57.9  tG 289  e2 0.10  nF 5.0  pS 0.22  ptS 0.22  fLog 0.54  pdΔ -0.2793  pkR 4.92  clip 0.08  kl +0.003
upd   51  steps  106496  sps 1220  opp symm  loss -0.084  pg -0.0609  v 0.004  ev +0.91  adv_std 0.088  tR +0.00  ent[s/d/p/e] 1.89/2.41/1.10/0.53  emits 0.51  spf 44.5  z0 0.72  garr 58.3  tG 320  e2 0.12  nF 5.4  pS 0.25  ptS 0.25  fLog 0.55  pdΔ -0.2489  pkR 3.76  clip 0.13  kl +0.002
upd   52  steps  108544  sps 1234  opp symm  loss -0.036  pg -0.0116  v 0.003  ev +0.93  adv_std 0.080  tR +1.00  ent[s/d/p/e] 1.92/2.43/1.13/0.58  emits 0.68  spf 45.6  z0 0.66  garr 53.3  tG 325  e2 0.16  nF 7.1  pS 0.28  ptS 0.28  fLog 0.55  pdΔ -0.2163  pkR 3.39  clip 0.17  kl +0.007
upd   53  steps  110592  sps 1248  opp symm  loss +0.008  pg +0.0325  v 0.003  ev +0.95  adv_std 0.071  tR -1.00  ent[s/d/p/e] 1.99/2.47/1.10/0.56  emits 0.57  spf 46.7  z0 0.68  garr 54.9  tG 351  e2 0.13  nF 6.6  pS 0.30  ptS 0.30  fLog 0.56  pdΔ -0.1985  pkR 3.47  clip 0.08  kl +0.002
upd   54  steps  112640  sps 1262  opp symm  loss -0.025  pg +0.0000  v 0.002  ev +0.96  adv_std 0.066  tR -1.00  ent[s/d/p/e] 2.07/2.50/1.14/0.57  emits 0.67  spf 43.9  z0 0.65  garr 57.9  tG 400  e2 0.16  nF 7.6  pS 0.32  ptS 0.32  fLog 0.55  pdΔ -0.1781  pkR 3.41  clip 0.17  kl +0.007
upd   55  steps  114688  sps 1276  opp symm  loss -0.011  pg +0.0134  v 0.003  ev +0.94  adv_std 0.081  tR -1.00  ent[s/d/p/e] 2.16/2.57/1.13/0.55  emits 0.58  spf 51.8  z0 0.70  garr 66.3  tG 464  e2 0.12  nF 6.9  pS 0.33  ptS 0.33  fLog 0.57  pdΔ -0.1655  pkR 3.79  clip 0.15  kl +0.008
upd   56  steps  116736  sps 1289  opp symm  loss -0.033  pg -0.0085  v 0.004  ev +0.91  adv_std 0.091  tR +0.50  ent[s/d/p/e] 2.14/2.55/1.15/0.53  emits 0.62  spf 52.0  z0 0.69  garr 70.9  tG 491  e2 0.13  nF 7.1  pS 0.33  ptS 0.32  fLog 0.57  pdΔ -0.1704  pkR 4.12  clip 0.15  kl +0.002
upd   57  steps  118784  sps 1303  opp symm  loss -0.033  pg -0.0081  v 0.003  ev +0.93  adv_std 0.073  tR +0.33  ent[s/d/p/e] 2.07/2.49/1.20/0.55  emits 0.71  spf 51.3  z0 0.65  garr 67.2  tG 447  e2 0.17  nF 7.4  pS 0.32  ptS 0.31  fLog 0.57  pdΔ -0.1840  pkR 5.17  clip 0.22  kl +0.009
upd   58  steps  120832  sps 1316  opp symm  loss -0.006  pg +0.0162  v 0.008  ev +0.86  adv_std 0.124  tR -0.33  ent[s/d/p/e] 2.13/2.50/1.18/0.52  emits 0.61  spf 46.0  z0 0.70  garr 72.1  tG 479  e2 0.13  nF 7.9  pS 0.33  ptS 0.32  fLog 0.55  pdΔ -0.1703  pkR 4.27  clip 0.12  kl +0.002
upd   59  steps  122880  sps 1329  opp symm  loss +0.044  pg +0.0693  v 0.003  ev +0.94  adv_std 0.077  tR +0.00  ent[s/d/p/e] 2.20/2.56/1.17/0.52  emits 0.71  spf 51.4  z0 0.70  garr 77.5  tG 507  e2 0.16  nF 8.2  pS 0.33  ptS 0.32  fLog 0.56  pdΔ -0.1723  pkR 4.79  clip 0.09  kl +0.002
upd   60  steps  124928  sps 1342  opp symm  loss -0.000  pg +0.0230  v 0.005  ev +0.92  adv_std 0.101  tR +0.33  ent[s/d/p/e] 2.12/2.49/1.12/0.50  emits 0.65  spf 43.5  z0 0.72  garr 79.1  tG 513  e2 0.13  nF 7.8  pS 0.32  ptS 0.31  fLog 0.54  pdΔ -0.1798  pkR 4.98  clip 0.11  kl +0.004
upd   61  steps  126976  sps 1354  opp symm  loss +0.055  pg +0.0796  v 0.002  ev +0.97  adv_std 0.060  tR +1.00  ent[s/d/p/e] 2.06/2.44/1.11/0.48  emits 0.61  spf 44.3  z0 0.73  garr 86.8  tG 531  e2 0.13  nF 7.6  pS 0.29  ptS 0.28  fLog 0.53  pdΔ -0.2132  pkR 5.82  clip 0.12  kl +0.004
upd   62  steps  129024  sps 1366  opp symm  loss -0.027  pg -0.0145  v 0.022  ev +0.63  adv_std 0.211  tR -0.10  ent[s/d/p/e] 1.72/2.42/1.23/0.35  emits 0.21  spf 55.1  z0 0.86  garr 82.2  tG 418  e2 0.03  nF 3.1  pS 0.19  ptS 0.19  fLog 0.57  pdΔ -0.3108  pkR 7.60  clip 0.03  kl +0.000
upd   63  steps  131072  sps 1379  opp symm  loss -0.039  pg -0.0161  v 0.001  ev +0.95  adv_std 0.049  tR +0.00  ent[s/d/p/e] 1.64/2.48/1.34/0.31  emits 0.15  spf 66.7  z0 0.90  garr 100.3  tG 472  e2 0.03  nF 1.7  pS 0.18  ptS 0.17  fLog 0.62  pdΔ -0.3239  pkR 6.40  clip 0.04  kl +0.001
upd   64  steps  133120  sps 1391  opp symm  loss +0.084  pg +0.1069  v 0.002  ev +0.94  adv_std 0.058  tR -1.00  ent[s/d/p/e] 1.93/2.50/1.17/0.34  emits 0.21  spf 68.3  z0 0.88  garr 121.0  tG 575  e2 0.04  nF 2.2  pS 0.20  ptS 0.20  fLog 0.61  pdΔ -0.2989  pkR 5.23  clip 0.04  kl +0.001
upd   65  steps  135168  sps 1403  opp symm  loss -0.087  pg -0.0648  v 0.004  ev +0.90  adv_std 0.093  tR +0.50  ent[s/d/p/e] 1.84/2.52/1.30/0.36  emits 0.22  spf 74.1  z0 0.86  garr 136.1  tG 642  e2 0.04  nF 2.5  pS 0.21  ptS 0.20  fLog 0.62  pdΔ -0.2910  pkR 5.35  clip 0.04  kl +0.001
upd   66  steps  137216  sps 1414  opp symm  loss -0.164  pg -0.1420  v 0.004  ev +0.92  adv_std 0.089  tR -0.60  ent[s/d/p/e] 1.68/2.46/1.36/0.36  emits 0.17  spf 75.3  z0 0.88  garr 138.0  tG 649  e2 0.03  nF 1.8  pS 0.20  ptS 0.20  fLog 0.62  pdΔ -0.2973  pkR 5.06  clip 0.04  kl +0.002
upd   67  steps  139264  sps 1426  opp symm  loss -0.041  pg -0.0185  v 0.004  ev +0.92  adv_std 0.090  tR +0.00  ent[s/d/p/e] 1.58/2.39/1.34/0.42  emits 0.19  spf 81.1  z0 0.86  garr 140.6  tG 734  e2 0.03  nF 1.9  pS 0.22  ptS 0.21  fLog 0.63  pdΔ -0.2848  pkR 4.95  clip 0.12  kl +0.004
upd   68  steps  141312  sps 1438  opp symm  loss -0.002  pg +0.0208  v 0.003  ev +0.95  adv_std 0.076  tR +0.00  ent[s/d/p/e] 1.84/2.41/1.21/0.45  emits 0.29  spf 80.2  z0 0.81  garr 135.7  tG 754  e2 0.06  nF 2.8  pS 0.24  ptS 0.23  fLog 0.62  pdΔ -0.2568  pkR 5.40  clip 0.07  kl +0.002
upd   69  steps  143360  sps 1449  opp symm  loss -0.041  pg -0.0165  v 0.003  ev +0.96  adv_std 0.077  tR +0.00  ent[s/d/p/e] 1.87/2.37/1.29/0.51  emits 0.34  spf 79.8  z0 0.79  garr 131.1  tG 764  e2 0.07  nF 3.6  pS 0.26  ptS 0.25  fLog 0.61  pdΔ -0.2381  pkR 5.53  clip 0.15  kl +0.008
upd   70  steps  145408  sps 1460  opp symm  loss -0.009  pg +0.0144  v 0.004  ev +0.94  adv_std 0.091  tR -0.33  ent[s/d/p/e] 1.95/2.37/1.25/0.52  emits 0.43  spf 65.8  z0 0.75  garr 118.8  tG 717  e2 0.09  nF 4.9  pS 0.28  ptS 0.27  fLog 0.59  pdΔ -0.2187  pkR 6.16  clip 0.06  kl +0.001
upd   71  steps  147456  sps 1471  opp symm  loss -0.003  pg +0.0194  v 0.006  ev +0.92  adv_std 0.110  tR +0.00  ent[s/d/p/e] 1.96/2.35/1.21/0.54  emits 0.50  spf 59.7  z0 0.72  garr 106.2  tG 665  e2 0.10  nF 5.4  pS 0.29  ptS 0.28  fLog 0.57  pdΔ -0.2111  pkR 7.32  clip 0.08  kl +0.002
upd   72  steps  149504  sps 1482  opp symm  loss -0.025  pg -0.0022  v 0.007  ev +0.92  adv_std 0.117  tR +0.00  ent[s/d/p/e] 2.00/2.40/1.24/0.52  emits 0.47  spf 60.3  z0 0.75  garr 95.1  tG 618  e2 0.10  nF 5.3  pS 0.28  ptS 0.28  fLog 0.57  pdΔ -0.2164  pkR 7.53  clip 0.06  kl +0.001
upd   73  steps  151552  sps 1493  opp symm  loss -0.054  pg -0.0300  v 0.003  ev +0.95  adv_std 0.084  tR +0.00  ent[s/d/p/e] 1.88/2.38/1.28/0.54  emits 0.46  spf 65.2  z0 0.72  garr 95.7  tG 626  e2 0.10  nF 4.5  pS 0.29  ptS 0.28  fLog 0.60  pdΔ -0.2145  pkR 6.52  clip 0.10  kl +0.002
upd   74  steps  153600  sps 1503  opp symm  loss +0.015  pg +0.0343  v 0.011  ev +0.85  adv_std 0.149  tR -0.20  ent[s/d/p/e] 2.05/2.39/1.14/0.52  emits 0.54  spf 52.4  z0 0.72  garr 89.9  tG 603  e2 0.12  nF 5.5  pS 0.32  ptS 0.31  fLog 0.57  pdΔ -0.1820  pkR 4.69  clip 0.07  kl +0.004
upd   75  steps  155648  sps 1514  opp symm  loss +0.019  pg +0.0429  v 0.004  ev +0.95  adv_std 0.090  tR +1.00  ent[s/d/p/e] 2.09/2.41/1.14/0.56  emits 0.64  spf 45.7  z0 0.69  garr 95.5  tG 650  e2 0.14  nF 6.9  pS 0.34  ptS 0.33  fLog 0.55  pdΔ -0.1606  pkR 4.71  clip 0.07  kl +0.001
upd   76  steps  157696  sps 1524  opp symm  loss -0.030  pg -0.0080  v 0.008  ev +0.90  adv_std 0.127  tR -0.43  ent[s/d/p/e] 2.09/2.42/1.18/0.56  emits 0.67  spf 46.4  z0 0.66  garr 96.0  tG 674  e2 0.15  nF 8.0  pS 0.35  ptS 0.33  fLog 0.55  pdΔ -0.1541  pkR 4.94  clip 0.07  kl +0.000
upd   77  steps  159744  sps 1534  opp symm  loss -0.003  pg +0.0097  v 0.027  ev +0.76  adv_std 0.237  tR +0.04  ent[s/d/p/e] 2.15/2.43/1.11/0.55  emits 0.70  spf 41.9  z0 0.68  garr 88.9  tG 620  e2 0.15  nF 8.3  pS 0.34  ptS 0.32  fLog 0.54  pdΔ -0.1635  pkR 6.34  clip 0.13  kl +0.005
upd   78  steps  161792  sps 1544  opp symm  loss +0.026  pg +0.0487  v 0.004  ev +0.93  adv_std 0.088  tR +1.00  ent[s/d/p/e] 1.88/2.33/1.16/0.53  emits 0.53  spf 43.2  z0 0.72  garr 61.9  tG 353  e2 0.11  nF 6.9  pS 0.25  ptS 0.23  fLog 0.54  pdΔ -0.2549  pkR 11.94  clip 0.11  kl +0.001
upd   79  steps  163840  sps 1554  opp symm  loss -0.009  pg +0.0146  v 0.003  ev +0.95  adv_std 0.081  tR +0.00  ent[s/d/p/e] 1.93/2.37/1.18/0.54  emits 0.47  spf 42.7  z0 0.74  garr 69.6  tG 413  e2 0.11  nF 6.6  pS 0.28  ptS 0.27  fLog 0.54  pdΔ -0.2172  pkR 6.98  clip 0.06  kl +0.001
upd   80  steps  165888  sps 1564  opp symm  loss -0.032  pg -0.0076  v 0.004  ev +0.95  adv_std 0.087  tR +0.00  ent[s/d/p/e] 1.98/2.43/1.21/0.54  emits 0.44  spf 49.3  z0 0.73  garr 86.8  tG 546  e2 0.09  nF 5.4  pS 0.31  ptS 0.29  fLog 0.57  pdΔ -0.1882  pkR 3.69  clip 0.07  kl +0.000
upd   81  steps  167936  sps 1574  opp symm  loss -0.030  pg -0.0078  v 0.009  ev +0.89  adv_std 0.135  tR +0.50  ent[s/d/p/e] 1.94/2.41/1.27/0.58  emits 0.50  spf 51.8  z0 0.71  garr 92.7  tG 614  e2 0.11  nF 5.7  pS 0.33  ptS 0.31  fLog 0.58  pdΔ -0.1688  pkR 4.03  clip 0.08  kl +0.003
upd   82  steps  169984  sps 1583  opp symm  loss -0.029  pg -0.0071  v 0.008  ev +0.91  adv_std 0.123  tR +0.14  ent[s/d/p/e] 1.92/2.37/1.25/0.56  emits 0.50  spf 50.7  z0 0.70  garr 88.9  tG 627  e2 0.10  nF 5.9  pS 0.33  ptS 0.31  fLog 0.57  pdΔ -0.1683  pkR 4.71  clip 0.09  kl +0.002
upd   83  steps  172032  sps 1593  opp symm  loss -0.002  pg +0.0229  v 0.002  ev +0.97  adv_std 0.065  tR +0.00  ent[s/d/p/e] 1.97/2.36/1.18/0.55  emits 0.52  spf 54.8  z0 0.70  garr 94.9  tG 694  e2 0.11  nF 6.1  pS 0.34  ptS 0.32  fLog 0.58  pdΔ -0.1601  pkR 5.05  clip 0.06  kl +0.001
upd   84  steps  174080  sps 1602  opp symm  loss -0.003  pg +0.0211  v 0.004  ev +0.94  adv_std 0.094  tR +0.00  ent[s/d/p/e] 2.03/2.42/1.20/0.53  emits 0.42  spf 57.6  z0 0.75  garr 104.7  tG 756  e2 0.09  nF 5.3  pS 0.34  ptS 0.32  fLog 0.59  pdΔ -0.1623  pkR 5.12  clip 0.04  kl +0.001
upd   85  steps  176128  sps 1611  opp symm  loss +0.017  pg +0.0418  v 0.003  ev +0.96  adv_std 0.079  tR +0.00  ent[s/d/p/e] 2.05/2.41/1.25/0.52  emits 0.42  spf 62.7  z0 0.75  garr 114.5  tG 799  e2 0.10  nF 5.6  pS 0.35  ptS 0.33  fLog 0.61  pdΔ -0.1530  pkR 3.98  clip 0.09  kl +0.003
upd   86  steps  178176  sps 1621  opp symm  loss -0.009  pg +0.0139  v 0.007  ev +0.93  adv_std 0.115  tR -1.00  ent[s/d/p/e] 2.10/2.45/1.23/0.51  emits 0.38  spf 60.2  z0 0.78  garr 126.0  tG 880  e2 0.08  nF 4.5  pS 0.36  ptS 0.34  fLog 0.60  pdΔ -0.1420  pkR 4.01  clip 0.04  kl +0.002
upd   87  steps  180224  sps 1630  opp symm  loss -0.006  pg +0.0172  v 0.004  ev +0.96  adv_std 0.094  tR +0.50  ent[s/d/p/e] 1.98/2.37/1.28/0.51  emits 0.36  spf 60.3  z0 0.77  garr 132.7  tG 901  e2 0.07  nF 4.5  pS 0.35  ptS 0.33  fLog 0.60  pdΔ -0.1519  pkR 4.03  clip 0.08  kl +0.005
upd   88  steps  182272  sps 1638  opp symm  loss +0.027  pg +0.0515  v 0.003  ev +0.97  adv_std 0.076  tR +0.00  ent[s/d/p/e] 2.06/2.38/1.22/0.51  emits 0.44  spf 63.3  z0 0.75  garr 131.4  tG 896  e2 0.09  nF 4.7  pS 0.34  ptS 0.33  fLog 0.60  pdΔ -0.1552  pkR 4.85  clip 0.06  kl +0.002
upd   89  steps  184320  sps 1647  opp symm  loss +0.003  pg +0.0270  v 0.005  ev +0.95  adv_std 0.100  tR -0.50  ent[s/d/p/e] 2.09/2.40/1.24/0.55  emits 0.49  spf 58.2  z0 0.73  garr 136.3  tG 972  e2 0.11  nF 5.8  pS 0.36  ptS 0.34  fLog 0.58  pdΔ -0.1404  pkR 5.18  clip 0.11  kl +0.005
upd   90  steps  186368  sps 1656  opp symm  loss -0.106  pg -0.0816  v 0.003  ev +0.97  adv_std 0.076  tR +0.00  ent[s/d/p/e] 2.02/2.34/1.31/0.48  emits 0.36  spf 64.0  z0 0.78  garr 134.4  tG 960  e2 0.08  nF 5.2  pS 0.35  ptS 0.33  fLog 0.61  pdΔ -0.1468  pkR 5.59  clip 0.08  kl +0.001
upd   91  steps  188416  sps 1665  opp symm  loss -0.038  pg -0.0147  v 0.006  ev +0.94  adv_std 0.110  tR -0.33  ent[s/d/p/e] 2.07/2.38/1.26/0.50  emits 0.42  spf 67.6  z0 0.75  garr 135.1  tG 944  e2 0.09  nF 4.7  pS 0.34  ptS 0.33  fLog 0.61  pdΔ -0.1566  pkR 6.06  clip 0.10  kl +0.007
upd   92  steps  190464  sps 1673  opp symm  loss +0.026  pg +0.0497  v 0.003  ev +0.96  adv_std 0.080  tR +0.00  ent[s/d/p/e] 1.85/2.29/1.33/0.47  emits 0.34  spf 68.3  z0 0.78  garr 126.5  tG 901  e2 0.07  nF 4.0  pS 0.32  ptS 0.31  fLog 0.61  pdΔ -0.1790  pkR 4.73  clip 0.06  kl +0.007
upd   93  steps  192512  sps 1682  opp symm  loss -0.048  pg -0.0320  v 0.015  ev +0.85  adv_std 0.178  tR -0.14  ent[s/d/p/e] 1.58/2.12/1.41/0.45  emits 0.28  spf 60.7  z0 0.80  garr 103.8  tG 733  e2 0.05  nF 3.5  pS 0.26  ptS 0.25  fLog 0.59  pdΔ -0.2364  pkR 6.44  clip 0.08  kl +0.001
upd   94  steps  194560  sps 1690  opp symm  loss -0.044  pg -0.0213  v 0.004  ev +0.96  adv_std 0.088  tR +0.00  ent[s/d/p/e] 1.55/2.23/1.41/0.45  emits 0.27  spf 67.7  z0 0.81  garr 94.7  tG 614  e2 0.05  nF 3.2  pS 0.24  ptS 0.23  fLog 0.61  pdΔ -0.2570  pkR 5.57  clip 0.05  kl +0.002
upd   95  steps  196608  sps 1698  opp symm  loss -0.031  pg -0.0078  v 0.003  ev +0.97  adv_std 0.075  tR +1.00  ent[s/d/p/e] 1.57/2.28/1.39/0.50  emits 0.26  spf 65.4  z0 0.81  garr 111.6  tG 755  e2 0.05  nF 3.0  pS 0.28  ptS 0.26  fLog 0.61  pdΔ -0.2241  pkR 5.00  clip 0.08  kl +0.004
upd   96  steps  198656  sps 1706  opp symm  loss -0.069  pg -0.0467  v 0.007  ev +0.94  adv_std 0.114  tR +0.33  ent[s/d/p/e] 1.71/2.28/1.39/0.50  emits 0.33  spf 66.7  z0 0.79  garr 124.6  tG 842  e2 0.06  nF 3.4  pS 0.30  ptS 0.27  fLog 0.60  pdΔ -0.2049  pkR 4.70  clip 0.04  kl +0.001
upd   97  steps  200704  sps 1714  opp symm  loss +0.011  pg +0.0335  v 0.007  ev +0.95  adv_std 0.117  tR +0.00  ent[s/d/p/e] 1.83/2.29/1.37/0.53  emits 0.45  spf 62.5  z0 0.74  garr 119.0  tG 795  e2 0.10  nF 4.8  pS 0.30  ptS 0.28  fLog 0.60  pdΔ -0.1957  pkR 4.84  clip 0.07  kl +0.001
upd   98  steps  202752  sps 1722  opp symm  loss -0.037  pg -0.0127  v 0.004  ev +0.96  adv_std 0.093  tR -0.33  ent[s/d/p/e] 1.96/2.25/1.31/0.55  emits 0.60  spf 46.7  z0 0.69  garr 106.4  tG 712  e2 0.13  nF 6.4  pS 0.32  ptS 0.30  fLog 0.56  pdΔ -0.1833  pkR 5.38  clip 0.08  kl +0.002
[eval_vs_v20] u99 tag=train_u99  bin0=0.0%  spf=9.67  garr=212.45  flip=17.07%  z0=60.4%  e8=0.0%  e2+=2.5%  WLD=0/3/0
upd   99  steps  204800  sps 1730  opp symm  loss -0.004  pg +0.0183  v 0.006  ev +0.95  adv_std 0.111  tR +0.43  ent[s/d/p/e] 1.88/2.15/1.31/0.56  emits 0.61  spf 45.8  z0 0.69  garr 96.1  tG 700  e2 0.13  nF 6.6  pS 0.32  ptS 0.31  fLog 0.55  pdΔ -0.1772  pkR 6.20  clip 0.09  kl +0.003 WRr 0.09 v20[spf 9.7 flip 17.1% e2+ 2.5%]
upd  100  steps  206848  sps 1004  opp symm  loss +0.031  pg +0.0540  v 0.006  ev +0.94  adv_std 0.110  tR -0.33  ent[s/d/p/e] 1.97/2.18/1.27/0.55  emits 0.65  spf 42.7  z0 0.66  garr 91.8  tG 686  e2 0.13  nF 7.5  pS 0.32  ptS 0.30  fLog 0.54  pdΔ -0.1812  pkR 7.45  clip 0.08  kl +0.003
upd  101  steps  208896  sps 1011  opp symm  loss +0.006  pg +0.0288  v 0.005  ev +0.94  adv_std 0.101  tR +0.50  ent[s/d/p/e] 1.97/2.18/1.32/0.52  emits 0.51  spf 41.4  z0 0.71  garr 104.9  tG 796  e2 0.11  nF 7.0  pS 0.33  ptS 0.31  fLog 0.55  pdΔ -0.1692  pkR 7.16  clip 0.09  kl +0.002
upd  102  steps  210944  sps 1017  opp symm  loss +0.024  pg +0.0476  v 0.003  ev +0.97  adv_std 0.072  tR -0.50  ent[s/d/p/e] 1.97/2.15/1.28/0.52  emits 0.45  spf 43.9  z0 0.75  garr 118.6  tG 897  e2 0.10  nF 5.5  pS 0.33  ptS 0.31  fLog 0.56  pdΔ -0.1705  pkR 7.21  clip 0.11  kl +0.001
upd  103  steps  212992  sps 1024  opp symm  loss +0.031  pg +0.0536  v 0.006  ev +0.94  adv_std 0.105  tR +0.14  ent[s/d/p/e] 1.98/2.21/1.25/0.49  emits 0.38  spf 49.9  z0 0.77  garr 129.8  tG 983  e2 0.08  nF 5.5  pS 0.34  ptS 0.32  fLog 0.57  pdΔ -0.1604  pkR 7.58  clip 0.03  kl +0.001
upd  104  steps  215040  sps 1031  opp symm  loss -0.045  pg -0.0217  v 0.003  ev +0.97  adv_std 0.072  tR +0.00  ent[s/d/p/e] 1.87/2.17/1.27/0.45  emits 0.29  spf 50.8  z0 0.80  garr 138.1  tG 997  e2 0.05  nF 4.3  pS 0.33  ptS 0.31  fLog 0.57  pdΔ -0.1727  pkR 4.97  clip 0.05  kl +0.001
upd  105  steps  217088  sps 1037  opp symm  loss -0.011  pg +0.0108  v 0.006  ev +0.95  adv_std 0.106  tR -0.50  ent[s/d/p/e] 1.85/2.30/1.36/0.42  emits 0.24  spf 62.9  z0 0.83  garr 159.4  tG 1177  e2 0.04  nF 3.1  pS 0.34  ptS 0.32  fLog 0.61  pdΔ -0.1602  pkR 4.67  clip 0.03  kl +0.000
upd  106  steps  219136  sps 1044  opp symm  loss -0.044  pg -0.0230  v 0.006  ev +0.94  adv_std 0.109  tR +1.00  ent[s/d/p/e] 1.75/2.17/1.36/0.44  emits 0.23  spf 67.5  z0 0.83  garr 176.7  tG 1341  e2 0.04  nF 2.8  pS 0.34  ptS 0.33  fLog 0.62  pdΔ -0.1577  pkR 4.66  clip 0.06  kl +0.001
upd  107  steps  221184  sps 1050  opp symm  loss -0.039  pg -0.0170  v 0.005  ev +0.96  adv_std 0.101  tR -0.20  ent[s/d/p/e] 1.83/2.19/1.38/0.44  emits 0.29  spf 65.1  z0 0.82  garr 174.7  tG 1402  e2 0.05  nF 3.0  pS 0.35  ptS 0.33  fLog 0.61  pdΔ -0.1514  pkR 5.15  clip 0.03  kl -0.001
upd  108  steps  223232  sps 1057  opp symm  loss +0.011  pg +0.0325  v 0.008  ev +0.94  adv_std 0.128  tR +0.08  ent[s/d/p/e] 1.97/2.31/1.40/0.40  emits 0.24  spf 77.8  z0 0.84  garr 193.9  tG 1528  e2 0.05  nF 2.6  pS 0.35  ptS 0.34  fLog 0.64  pdΔ -0.1485  pkR 5.30  clip 0.05  kl -0.000
upd  109  steps  225280  sps 1063  opp symm  loss -0.019  pg +0.0022  v 0.005  ev +0.95  adv_std 0.094  tR +0.20  ent[s/d/p/e] 1.58/2.10/1.33/0.41  emits 0.24  spf 59.3  z0 0.82  garr 144.4  tG 1089  e2 0.04  nF 2.3  pS 0.28  ptS 0.27  fLog 0.60  pdΔ -0.2158  pkR 7.60  clip 0.05  kl -0.001
upd  110  steps  227328  sps 1070  opp symm  loss -0.011  pg +0.0107  v 0.003  ev +0.97  adv_std 0.079  tR +1.00  ent[s/d/p/e] 1.67/2.16/1.36/0.41  emits 0.22  spf 70.6  z0 0.84  garr 151.3  tG 1146  e2 0.04  nF 2.5  pS 0.29  ptS 0.28  fLog 0.62  pdΔ -0.2056  pkR 5.22  clip 0.06  kl +0.003
upd  111  steps  229376  sps 1076  opp symm  loss +0.035  pg +0.0592  v 0.002  ev +0.98  adv_std 0.069  tR +1.00  ent[s/d/p/e] 1.93/2.29/1.34/0.42  emits 0.29  spf 75.6  z0 0.81  garr 168.3  tG 1258  e2 0.05  nF 3.1  pS 0.32  ptS 0.31  fLog 0.63  pdΔ -0.1816  pkR 4.25  clip 0.04  kl +0.001
upd  112  steps  231424  sps 1082  opp symm  loss +0.015  pg +0.0381  v 0.004  ev +0.97  adv_std 0.086  tR +0.00  ent[s/d/p/e] 1.96/2.36/1.24/0.43  emits 0.29  spf 63.4  z0 0.82  garr 185.2  tG 1367  e2 0.06  nF 3.3  pS 0.32  ptS 0.31  fLog 0.60  pdΔ -0.1751  pkR 4.82  clip 0.03  kl +0.002
upd  113  steps  233472  sps 1089  opp symm  loss -0.003  pg +0.0193  v 0.006  ev +0.95  adv_std 0.107  tR -0.50  ent[s/d/p/e] 2.07/2.38/1.28/0.42  emits 0.33  spf 65.5  z0 0.81  garr 188.1  tG 1435  e2 0.07  nF 3.5  pS 0.33  ptS 0.32  fLog 0.61  pdΔ -0.1678  pkR 5.39  clip 0.09  kl +0.004
upd  114  steps  235520  sps 1095  opp symm  loss -0.076  pg -0.0536  v 0.005  ev +0.96  adv_std 0.096  tR -0.20  ent[s/d/p/e] 1.96/2.36/1.31/0.45  emits 0.34  spf 62.7  z0 0.79  garr 186.9  tG 1490  e2 0.07  nF 4.1  pS 0.33  ptS 0.32  fLog 0.60  pdΔ -0.1655  pkR 5.97  clip 0.05  kl +0.001
upd  115  steps  237568  sps 1101  opp symm  loss +0.026  pg +0.0481  v 0.004  ev +0.97  adv_std 0.089  tR +0.67  ent[s/d/p/e] 1.95/2.30/1.26/0.42  emits 0.31  spf 63.5  z0 0.81  garr 167.7  tG 1302  e2 0.06  nF 4.0  pS 0.31  ptS 0.31  fLog 0.60  pdΔ -0.1873  pkR 6.66  clip 0.06  kl +0.003
upd  116  steps  239616  sps 1107  opp symm  loss -0.009  pg +0.0141  v 0.004  ev +0.97  adv_std 0.087  tR +1.00  ent[s/d/p/e] 1.97/2.33/1.27/0.41  emits 0.25  spf 62.9  z0 0.85  garr 177.3  tG 1341  e2 0.05  nF 3.4  pS 0.32  ptS 0.31  fLog 0.60  pdΔ -0.1828  pkR 6.14  clip 0.03  kl -0.000
upd  117  steps  241664  sps 1114  opp symm  loss -0.045  pg -0.0216  v 0.003  ev +0.97  adv_std 0.084  tR +0.50  ent[s/d/p/e] 1.93/2.39/1.26/0.42  emits 0.28  spf 70.9  z0 0.83  garr 191.5  tG 1424  e2 0.05  nF 3.0  pS 0.31  ptS 0.30  fLog 0.62  pdΔ -0.1915  pkR 5.87  clip 0.06  kl +0.000
upd  118  steps  243712  sps 1120  opp symm  loss +0.000  pg +0.0224  v 0.004  ev +0.97  adv_std 0.092  tR +0.50  ent[s/d/p/e] 1.89/2.32/1.23/0.40  emits 0.24  spf 71.3  z0 0.83  garr 181.9  tG 1299  e2 0.04  nF 2.8  pS 0.30  ptS 0.29  fLog 0.61  pdΔ -0.2021  pkR 7.08  clip 0.04  kl -0.001
upd  119  steps  245760  sps 1126  opp symm  loss -0.069  pg -0.0467  v 0.004  ev +0.97  adv_std 0.084  tR +0.00  ent[s/d/p/e] 1.87/2.35/1.30/0.40  emits 0.25  spf 67.2  z0 0.85  garr 178.1  tG 1226  e2 0.05  nF 3.1  pS 0.29  ptS 0.29  fLog 0.61  pdΔ -0.2093  pkR 5.74  clip 0.06  kl +0.002
upd  120  steps  247808  sps 1132  opp symm  loss +0.025  pg +0.0460  v 0.006  ev +0.96  adv_std 0.108  tR -1.00  ent[s/d/p/e] 1.86/2.34/1.29/0.39  emits 0.25  spf 79.4  z0 0.84  garr 187.2  tG 1320  e2 0.05  nF 2.8  pS 0.29  ptS 0.29  fLog 0.62  pdΔ -0.2120  pkR 5.78  clip 0.03  kl +0.000
upd  121  steps  249856  sps 1138  opp symm  loss +0.014  pg +0.0364  v 0.003  ev +0.97  adv_std 0.078  tR +0.33  ent[s/d/p/e] 1.69/2.28/1.33/0.39  emits 0.21  spf 76.0  z0 0.85  garr 191.2  tG 1378  e2 0.03  nF 2.3  pS 0.29  ptS 0.28  fLog 0.60  pdΔ -0.2138  pkR 5.48  clip 0.02  kl -0.000
upd  122  steps  251904  sps 1144  opp symm  loss +0.045  pg +0.0670  v 0.004  ev +0.97  adv_std 0.087  tR -0.60  ent[s/d/p/e] 1.77/2.26/1.33/0.39  emits 0.22  spf 75.9  z0 0.84  garr 191.7  tG 1385  e2 0.04  nF 2.4  pS 0.29  ptS 0.29  fLog 0.60  pdΔ -0.2071  pkR 4.95  clip 0.05  kl +0.001
upd  123  steps  253952  sps 1150  opp symm  loss +0.002  pg +0.0233  v 0.005  ev +0.96  adv_std 0.096  tR -0.33  ent[s/d/p/e] 1.66/2.30/1.37/0.30  emits 0.14  spf 89.8  z0 0.89  garr 205.5  tG 1463  e2 0.02  nF 1.7  pS 0.29  ptS 0.28  fLog 0.65  pdΔ -0.2097  pkR 5.05  clip 0.06  kl +0.001
upd  124  steps  256000  sps 1155  opp symm  loss -0.029  pg -0.0131  v 0.013  ev +0.91  adv_std 0.161  tR +0.07  ent[s/d/p/e] 1.24/2.15/1.38/0.32  emits 0.11  spf 80.0  z0 0.91  garr 195.1  tG 1342  e2 0.01  nF 1.1  pS 0.26  ptS 0.25  fLog 0.62  pdΔ -0.2375  pkR 5.85  clip 0.06  kl +0.004
upd  125  steps  258048  sps 1161  opp symm  loss -0.023  pg -0.0026  v 0.004  ev +0.97  adv_std 0.083  tR -0.33  ent[s/d/p/e] 1.35/2.25/1.35/0.33  emits 0.16  spf 82.9  z0 0.89  garr 163.4  tG 1037  e2 0.02  nF 1.4  pS 0.22  ptS 0.21  fLog 0.62  pdΔ -0.2759  pkR 7.79  clip 0.05  kl +0.002
upd  126  steps  260096  sps 1167  opp symm  loss +0.035  pg +0.0566  v 0.003  ev +0.97  adv_std 0.071  tR -1.00  ent[s/d/p/e] 1.37/2.29/1.43/0.36  emits 0.14  spf 80.8  z0 0.89  garr 182.4  tG 1177  e2 0.02  nF 1.6  pS 0.24  ptS 0.22  fLog 0.62  pdΔ -0.2611  pkR 7.60  clip 0.05  kl +0.002
upd  127  steps  262144  sps 1173  opp symm  loss -0.011  pg +0.0109  v 0.004  ev +0.96  adv_std 0.094  tR -1.00  ent[s/d/p/e] 1.44/2.40/1.48/0.33  emits 0.13  spf 96.7  z0 0.89  garr 202.8  tG 1365  e2 0.01  nF 1.3  pS 0.26  ptS 0.24  fLog 0.67  pdΔ -0.2450  pkR 7.00  clip 0.02  kl -0.000
upd  128  steps  264192  sps 1179  opp symm  loss +0.049  pg +0.0684  v 0.008  ev +0.94  adv_std 0.125  tR +0.20  ent[s/d/p/e] 1.47/2.32/1.40/0.31  emits 0.12  spf 111.4  z0 0.90  garr 214.5  tG 1513  e2 0.02  nF 1.2  pS 0.27  ptS 0.26  fLog 0.67  pdΔ -0.2311  pkR 6.59  clip 0.03  kl +0.000
upd  129  steps  266240  sps 1184  opp symm  loss -0.012  pg +0.0086  v 0.004  ev +0.97  adv_std 0.089  tR +0.33  ent[s/d/p/e] 1.51/2.26/1.29/0.31  emits 0.11  spf 131.9  z0 0.90  garr 215.6  tG 1491  e2 0.01  nF 1.2  pS 0.27  ptS 0.26  fLog 0.69  pdΔ -0.2283  pkR 5.43  clip 0.04  kl +0.002
upd  130  steps  268288  sps 1190  opp symm  loss +0.007  pg +0.0267  v 0.005  ev +0.96  adv_std 0.104  tR +0.33  ent[s/d/p/e] 1.56/2.26/1.38/0.30  emits 0.11  spf 117.9  z0 0.90  garr 221.8  tG 1502  e2 0.01  nF 1.1  pS 0.27  ptS 0.25  fLog 0.70  pdΔ -0.2344  pkR 5.87  clip 0.05  kl +0.003
upd  131  steps  270336  sps 1196  opp symm  loss -0.028  pg -0.0060  v 0.003  ev +0.98  adv_std 0.081  tR -0.33  ent[s/d/p/e] 1.50/2.30/1.47/0.37  emits 0.15  spf 104.5  z0 0.88  garr 213.8  tG 1465  e2 0.02  nF 1.4  pS 0.26  ptS 0.25  fLog 0.67  pdΔ -0.2358  pkR 6.40  clip 0.07  kl +0.001
upd  132  steps  272384  sps 1201  opp symm  loss -0.018  pg +0.0040  v 0.003  ev +0.98  adv_std 0.073  tR -1.00  ent[s/d/p/e] 1.57/2.25/1.37/0.35  emits 0.18  spf 93.9  z0 0.86  garr 221.6  tG 1529  e2 0.02  nF 1.7  pS 0.28  ptS 0.26  fLog 0.65  pdΔ -0.2227  pkR 6.56  clip 0.04  kl -0.000
upd  133  steps  274432  sps 1207  opp symm  loss -0.073  pg -0.0525  v 0.006  ev +0.95  adv_std 0.105  tR +0.00  ent[s/d/p/e] 1.60/2.17/1.29/0.40  emits 0.21  spf 89.3  z0 0.85  garr 196.6  tG 1325  e2 0.04  nF 2.1  pS 0.28  ptS 0.26  fLog 0.64  pdΔ -0.2234  pkR 5.19  clip 0.05  kl +0.002
upd  134  steps  276480  sps 1213  opp symm  loss -0.041  pg -0.0228  v 0.011  ev +0.91  adv_std 0.152  tR +0.60  ent[s/d/p/e] 1.74/2.21/1.33/0.42  emits 0.28  spf 71.4  z0 0.82  garr 183.8  tG 1249  e2 0.06  nF 2.7  pS 0.29  ptS 0.27  fLog 0.61  pdΔ -0.2126  pkR 4.78  clip 0.06  kl +0.002
upd  135  steps  278528  sps 1218  opp symm  loss +0.010  pg +0.0312  v 0.006  ev +0.95  adv_std 0.107  tR +0.00  ent[s/d/p/e] 1.78/2.24/1.29/0.42  emits 0.26  spf 64.3  z0 0.84  garr 182.7  tG 1256  e2 0.04  nF 2.7  pS 0.29  ptS 0.27  fLog 0.59  pdΔ -0.2136  pkR 5.44  clip 0.04  kl +0.001
upd  136  steps  280576  sps 1224  opp symm  loss -0.012  pg +0.0084  v 0.008  ev +0.93  adv_std 0.126  tR +0.00  ent[s/d/p/e] 1.89/2.30/1.37/0.39  emits 0.28  spf 73.1  z0 0.83  garr 191.5  tG 1324  e2 0.05  nF 3.0  pS 0.29  ptS 0.28  fLog 0.62  pdΔ -0.2064  pkR 5.80  clip 0.04  kl +0.002
upd  137  steps  282624  sps 1229  opp symm  loss +0.012  pg +0.0325  v 0.007  ev +0.95  adv_std 0.115  tR -0.33  ent[s/d/p/e] 1.85/2.32/1.29/0.40  emits 0.25  spf 72.2  z0 0.83  garr 192.9  tG 1272  e2 0.05  nF 2.7  pS 0.29  ptS 0.28  fLog 0.62  pdΔ -0.2107  pkR 6.25  clip 0.04  kl +0.002
upd  138  steps  284672  sps 1234  opp symm  loss -0.064  pg -0.0433  v 0.007  ev +0.94  adv_std 0.120  tR -1.00  ent[s/d/p/e] 1.86/2.32/1.26/0.41  emits 0.25  spf 67.6  z0 0.83  garr 183.3  tG 1186  e2 0.05  nF 2.8  pS 0.29  ptS 0.28  fLog 0.61  pdΔ -0.2065  pkR 7.06  clip 0.04  kl +0.002
upd  139  steps  286720  sps 1240  opp symm  loss -0.057  pg -0.0339  v 0.003  ev +0.97  adv_std 0.078  tR +0.00  ent[s/d/p/e] 1.86/2.37/1.31/0.40  emits 0.25  spf 66.6  z0 0.84  garr 188.3  tG 1258  e2 0.05  nF 2.9  pS 0.31  ptS 0.29  fLog 0.62  pdΔ -0.1945  pkR 6.32  clip 0.05  kl +0.000
upd  140  steps  288768  sps 1245  opp symm  loss -0.006  pg +0.0145  v 0.008  ev +0.93  adv_std 0.124  tR +0.14  ent[s/d/p/e] 1.81/2.24/1.26/0.45  emits 0.35  spf 50.6  z0 0.79  garr 128.5  tG 858  e2 0.07  nF 3.6  pS 0.28  ptS 0.27  fLog 0.57  pdΔ -0.2182  pkR 8.00  clip 0.05  kl -0.001
upd  141  steps  290816  sps 1250  opp symm  loss -0.019  pg +0.0021  v 0.006  ev +0.95  adv_std 0.108  tR -1.00  ent[s/d/p/e] 1.84/2.26/1.21/0.46  emits 0.34  spf 56.8  z0 0.79  garr 130.5  tG 926  e2 0.07  nF 4.2  pS 0.30  ptS 0.30  fLog 0.58  pdΔ -0.1954  pkR 4.86  clip 0.05  kl +0.002
upd  142  steps  292864  sps 1256  opp symm  loss +0.009  pg +0.0308  v 0.005  ev +0.96  adv_std 0.096  tR +1.00  ent[s/d/p/e] 1.91/2.28/1.27/0.44  emits 0.31  spf 59.8  z0 0.80  garr 144.1  tG 1040  e2 0.06  nF 3.8  pS 0.31  ptS 0.31  fLog 0.60  pdΔ -0.1870  pkR 5.13  clip 0.07  kl +0.003
upd  143  steps  294912  sps 1261  opp symm  loss +0.020  pg +0.0432  v 0.004  ev +0.97  adv_std 0.087  tR +0.00  ent[s/d/p/e] 2.01/2.29/1.29/0.47  emits 0.34  spf 72.2  z0 0.79  garr 166.4  tG 1247  e2 0.07  nF 3.7  pS 0.33  ptS 0.32  fLog 0.63  pdΔ -0.1665  pkR 5.26  clip 0.06  kl +0.002
upd  144  steps  296960  sps 1266  opp symm  loss +0.028  pg +0.0507  v 0.003  ev +0.98  adv_std 0.074  tR +0.00  ent[s/d/p/e] 2.00/2.22/1.29/0.42  emits 0.27  spf 78.5  z0 0.82  garr 188.0  tG 1437  e2 0.05  nF 3.1  pS 0.34  ptS 0.33  fLog 0.63  pdΔ -0.1624  pkR 4.62  clip 0.06  kl +0.002
upd  145  steps  299008  sps 1272  opp symm  loss -0.046  pg -0.0238  v 0.004  ev +0.97  adv_std 0.087  tR -0.60  ent[s/d/p/e] 1.94/2.18/1.29/0.43  emits 0.27  spf 77.1  z0 0.82  garr 207.6  tG 1608  e2 0.05  nF 3.0  pS 0.33  ptS 0.33  fLog 0.62  pdΔ -0.1664  pkR 4.74  clip 0.06  kl +0.004
upd  146  steps  301056  sps 1277  opp symm  loss +0.026  pg +0.0487  v 0.004  ev +0.96  adv_std 0.093  tR -0.60  ent[s/d/p/e] 1.86/2.12/1.31/0.47  emits 0.29  spf 76.8  z0 0.81  garr 202.4  tG 1563  e2 0.05  nF 3.2  pS 0.32  ptS 0.31  fLog 0.62  pdΔ -0.1827  pkR 5.21  clip 0.04  kl +0.001
upd  147  steps  303104  sps 1282  opp symm  loss -0.017  pg +0.0054  v 0.006  ev +0.95  adv_std 0.107  tR +1.00  ent[s/d/p/e] 1.95/2.16/1.33/0.46  emits 0.32  spf 90.0  z0 0.80  garr 192.8  tG 1554  e2 0.06  nF 3.6  pS 0.34  ptS 0.33  fLog 0.64  pdΔ -0.1641  pkR 5.68  clip 0.04  kl -0.001
upd  148  steps  305152  sps 1287  opp symm  loss -0.008  pg +0.0137  v 0.007  ev +0.95  adv_std 0.116  tR +0.33  ent[s/d/p/e] 1.94/2.16/1.35/0.44  emits 0.31  spf 84.9  z0 0.81  garr 195.9  tG 1592  e2 0.06  nF 3.3  pS 0.34  ptS 0.33  fLog 0.64  pdΔ -0.1607  pkR 5.29  clip 0.07  kl +0.001
upd  149  steps  307200  sps 1292  opp symm  loss +0.006  pg +0.0289  v 0.006  ev +0.96  adv_std 0.106  tR +0.20  ent[s/d/p/e] 1.99/2.21/1.32/0.48  emits 0.36  spf 75.3  z0 0.79  garr 184.5  tG 1497  e2 0.07  nF 3.7  pS 0.35  ptS 0.34  fLog 0.63  pdΔ -0.1477  pkR 4.65  clip 0.08  kl +0.003
upd  150  steps  309248  sps 1297  opp symm  loss -0.030  pg -0.0085  v 0.008  ev +0.94  adv_std 0.123  tR -0.14  ent[s/d/p/e] 1.89/2.20/1.36/0.46  emits 0.32  spf 70.0  z0 0.80  garr 176.4  tG 1441  e2 0.06  nF 3.7  pS 0.35  ptS 0.34  fLog 0.61  pdΔ -0.1529  pkR 5.10  clip 0.06  kl +0.001
upd  151  steps  311296  sps 1302  opp symm  loss +0.014  pg +0.0358  v 0.005  ev +0.96  adv_std 0.099  tR +1.00  ent[s/d/p/e] 1.79/2.11/1.34/0.47  emits 0.35  spf 65.1  z0 0.78  garr 173.6  tG 1370  e2 0.06  nF 3.8  pS 0.33  ptS 0.32  fLog 0.59  pdΔ -0.1710  pkR 4.81  clip 0.06  kl +0.001
upd  152  steps  313344  sps 1307  opp symm  loss +0.046  pg +0.0675  v 0.007  ev +0.94  adv_std 0.116  tR +0.00  ent[s/d/p/e] 1.80/2.14/1.35/0.45  emits 0.33  spf 68.5  z0 0.80  garr 161.8  tG 1276  e2 0.06  nF 3.7  pS 0.33  ptS 0.32  fLog 0.59  pdΔ -0.1721  pkR 5.89  clip 0.08  kl +0.003
upd  153  steps  315392  sps 1312  opp symm  loss -0.001  pg +0.0218  v 0.004  ev +0.96  adv_std 0.095  tR +0.50  ent[s/d/p/e] 1.90/2.19/1.36/0.43  emits 0.30  spf 64.6  z0 0.81  garr 163.1  tG 1296  e2 0.05  nF 4.0  pS 0.33  ptS 0.32  fLog 0.60  pdΔ -0.1688  pkR 5.98  clip 0.09  kl +0.002
upd  154  steps  317440  sps 1317  opp symm  loss -0.006  pg +0.0172  v 0.003  ev +0.97  adv_std 0.074  tR +0.50  ent[s/d/p/e] 1.77/2.17/1.37/0.44  emits 0.26  spf 71.8  z0 0.83  garr 176.6  tG 1412  e2 0.04  nF 2.9  pS 0.32  ptS 0.31  fLog 0.62  pdΔ -0.1784  pkR 5.69  clip 0.07  kl +0.003
upd  155  steps  319488  sps 1322  opp symm  loss +0.076  pg +0.0959  v 0.009  ev +0.91  adv_std 0.136  tR +0.09  ent[s/d/p/e] 1.93/2.24/1.28/0.43  emits 0.33  spf 71.6  z0 0.81  garr 176.1  tG 1415  e2 0.07  nF 3.3  pS 0.32  ptS 0.31  fLog 0.60  pdΔ -0.1755  pkR 6.12  clip 0.06  kl +0.001
upd  156  steps  321536  sps 1327  opp symm  loss -0.007  pg +0.0158  v 0.005  ev +0.94  adv_std 0.094  tR +0.00  ent[s/d/p/e] 1.88/2.21/1.32/0.46  emits 0.35  spf 61.0  z0 0.79  garr 139.0  tG 1085  e2 0.07  nF 4.3  pS 0.31  ptS 0.30  fLog 0.59  pdΔ -0.1897  pkR 6.52  clip 0.08  kl +0.001
upd  157  steps  323584  sps 1332  opp symm  loss -0.010  pg +0.0140  v 0.003  ev +0.96  adv_std 0.082  tR +0.50  ent[s/d/p/e] 1.98/2.31/1.34/0.46  emits 0.31  spf 68.8  z0 0.82  garr 162.7  tG 1266  e2 0.06  nF 3.5  pS 0.33  ptS 0.32  fLog 0.63  pdΔ -0.1674  pkR 5.94  clip 0.05  kl +0.001
upd  158  steps  325632  sps 1337  opp symm  loss +0.024  pg +0.0476  v 0.003  ev +0.96  adv_std 0.084  tR +1.00  ent[s/d/p/e] 1.98/2.23/1.32/0.44  emits 0.35  spf 73.5  z0 0.79  garr 177.7  tG 1336  e2 0.07  nF 3.2  pS 0.34  ptS 0.32  fLog 0.63  pdΔ -0.1643  pkR 5.04  clip 0.06  kl +0.002
upd  159  steps  327680  sps 1342  opp symm  loss +0.004  pg +0.0277  v 0.005  ev +0.95  adv_std 0.098  tR -0.33  ent[s/d/p/e] 2.11/2.31/1.29/0.48  emits 0.42  spf 72.1  z0 0.77  garr 190.0  tG 1448  e2 0.08  nF 4.2  pS 0.36  ptS 0.34  fLog 0.62  pdΔ -0.1449  pkR 5.00  clip 0.07  kl +0.004
upd  160  steps  329728  sps 1347  opp symm  loss -0.084  pg -0.0607  v 0.003  ev +0.97  adv_std 0.073  tR +0.00  ent[s/d/p/e] 2.00/2.35/1.30/0.42  emits 0.26  spf 82.8  z0 0.83  garr 211.8  tG 1623  e2 0.05  nF 3.2  pS 0.35  ptS 0.33  fLog 0.64  pdΔ -0.1528  pkR 5.16  clip 0.04  kl -0.000
upd  161  steps  331776  sps 1351  opp symm  loss -0.021  pg +0.0000  v 0.007  ev +0.94  adv_std 0.114  tR +0.00  ent[s/d/p/e] 1.89/2.31/1.29/0.40  emits 0.26  spf 81.7  z0 0.84  garr 220.0  tG 1664  e2 0.05  nF 2.6  pS 0.32  ptS 0.30  fLog 0.64  pdΔ -0.1787  pkR 5.60  clip 0.04  kl +0.002
upd  162  steps  333824  sps 1356  opp symm  loss -0.014  pg +0.0083  v 0.005  ev +0.96  adv_std 0.094  tR +0.50  ent[s/d/p/e] 1.93/2.29/1.26/0.41  emits 0.27  spf 109.3  z0 0.82  garr 204.9  tG 1556  e2 0.05  nF 2.8  pS 0.31  ptS 0.30  fLog 0.65  pdΔ -0.1902  pkR 5.58  clip 0.07  kl -0.001
upd  163  steps  335872  sps 1361  opp symm  loss +0.019  pg +0.0413  v 0.005  ev +0.96  adv_std 0.096  tR +1.00  ent[s/d/p/e] 1.84/2.20/1.35/0.41  emits 0.24  spf 90.4  z0 0.83  garr 205.3  tG 1565  e2 0.04  nF 2.5  pS 0.31  ptS 0.29  fLog 0.64  pdΔ -0.1938  pkR 5.37  clip 0.03  kl +0.000
upd  164  steps  337920  sps 1366  opp symm  loss +0.014  pg +0.0351  v 0.007  ev +0.94  adv_std 0.116  tR +0.00  ent[s/d/p/e] 1.84/2.22/1.27/0.45  emits 0.31  spf 82.9  z0 0.81  garr 199.6  tG 1480  e2 0.06  nF 3.0  pS 0.30  ptS 0.29  fLog 0.61  pdΔ -0.1989  pkR 5.45  clip 0.03  kl +0.001
upd  165  steps  339968  sps 1370  opp symm  loss -0.005  pg +0.0167  v 0.004  ev +0.97  adv_std 0.091  tR -0.20  ent[s/d/p/e] 1.75/2.17/1.31/0.45  emits 0.29  spf 75.9  z0 0.81  garr 191.3  tG 1429  e2 0.05  nF 3.6  pS 0.30  ptS 0.29  fLog 0.61  pdΔ -0.1992  pkR 5.35  clip 0.04  kl -0.000
upd  166  steps  342016  sps 1375  opp symm  loss -0.082  pg -0.0603  v 0.005  ev +0.95  adv_std 0.102  tR +0.00  ent[s/d/p/e] 1.66/2.13/1.36/0.45  emits 0.26  spf 62.0  z0 0.83  garr 173.9  tG 1213  e2 0.05  nF 3.0  pS 0.27  ptS 0.26  fLog 0.59  pdΔ -0.2292  pkR 5.65  clip 0.03  kl +0.003
upd  167  steps  344064  sps 1380  opp symm  loss -0.007  pg +0.0119  v 0.010  ev +0.91  adv_std 0.140  tR +0.50  ent[s/d/p/e] 1.53/2.05/1.40/0.43  emits 0.24  spf 71.3  z0 0.83  garr 182.0  tG 1264  e2 0.04  nF 2.8  pS 0.27  ptS 0.26  fLog 0.60  pdΔ -0.2284  pkR 6.12  clip 0.04  kl -0.000
upd  168  steps  346112  sps 1384  opp symm  loss -0.059  pg -0.0372  v 0.005  ev +0.95  adv_std 0.099  tR -0.50  ent[s/d/p/e] 1.50/2.01/1.49/0.45  emits 0.25  spf 61.0  z0 0.82  garr 172.7  tG 1249  e2 0.05  nF 2.5  pS 0.27  ptS 0.26  fLog 0.59  pdΔ -0.2291  pkR 7.05  clip 0.04  kl +0.002
upd  169  steps  348160  sps 1389  opp symm  loss +0.013  pg +0.0342  v 0.005  ev +0.95  adv_std 0.099  tR -0.25  ent[s/d/p/e] 1.57/1.99/1.47/0.44  emits 0.30  spf 62.2  z0 0.79  garr 170.7  tG 1240  e2 0.06  nF 3.1  pS 0.28  ptS 0.27  fLog 0.58  pdΔ -0.2190  pkR 8.01  clip 0.08  kl +0.004
upd  170  steps  350208  sps 1393  opp symm  loss +0.095  pg +0.1181  v 0.002  ev +0.97  adv_std 0.070  tR -1.00  ent[s/d/p/e] 1.65/2.03/1.50/0.46  emits 0.30  spf 56.8  z0 0.81  garr 183.5  tG 1395  e2 0.06  nF 3.4  pS 0.29  ptS 0.29  fLog 0.59  pdΔ -0.2058  pkR 8.04  clip 0.05  kl +0.000
upd  171  steps  352256  sps 1398  opp symm  loss +0.049  pg +0.0678  v 0.009  ev +0.89  adv_std 0.139  tR -0.23  ent[s/d/p/e] 1.69/2.05/1.42/0.41  emits 0.30  spf 56.0  z0 0.81  garr 152.5  tG 1071  e2 0.05  nF 3.2  pS 0.28  ptS 0.27  fLog 0.58  pdΔ -0.2247  pkR 8.82  clip 0.09  kl +0.004
upd  172  steps  354304  sps 1403  opp symm  loss +0.049  pg +0.0732  v 0.002  ev +0.98  adv_std 0.066  tR +0.00  ent[s/d/p/e] 1.89/2.18/1.35/0.44  emits 0.29  spf 54.2  z0 0.83  garr 159.7  tG 1056  e2 0.06  nF 3.5  pS 0.28  ptS 0.28  fLog 0.58  pdΔ -0.2159  pkR 6.91  clip 0.10  kl +0.007
upd  173  steps  356352  sps 1407  opp symm  loss +0.019  pg +0.0420  v 0.004  ev +0.95  adv_std 0.092  tR -1.00  ent[s/d/p/e] 2.01/2.22/1.38/0.40  emits 0.36  spf 57.5  z0 0.80  garr 160.6  tG 1005  e2 0.07  nF 4.1  pS 0.29  ptS 0.29  fLog 0.59  pdΔ -0.2107  pkR 6.67  clip 0.12  kl +0.003
upd  174  steps  358400  sps 1411  opp symm  loss +0.026  pg +0.0497  v 0.003  ev +0.97  adv_std 0.074  tR +1.00  ent[s/d/p/e] 2.15/2.26/1.33/0.43  emits 0.38  spf 52.5  z0 0.81  garr 177.5  tG 1123  e2 0.08  nF 4.4  pS 0.30  ptS 0.30  fLog 0.58  pdΔ -0.1970  pkR 6.06  clip 0.07  kl +0.000
upd  175  steps  360448  sps 1416  opp symm  loss +0.007  pg +0.0282  v 0.005  ev +0.96  adv_std 0.104  tR +0.00  ent[s/d/p/e] 2.10/2.18/1.29/0.37  emits 0.27  spf 59.1  z0 0.85  garr 198.1  tG 1282  e2 0.05  nF 3.8  pS 0.32  ptS 0.31  fLog 0.59  pdΔ -0.1847  pkR 5.91  clip 0.03  kl +0.000
upd  176  steps  362496  sps 1420  opp symm  loss +0.025  pg +0.0449  v 0.008  ev +0.95  adv_std 0.125  tR +0.20  ent[s/d/p/e] 1.88/2.15/1.38/0.31  emits 0.19  spf 71.4  z0 0.88  garr 222.2  tG 1484  e2 0.03  nF 2.4  pS 0.30  ptS 0.30  fLog 0.63  pdΔ -0.1988  pkR 5.64  clip 0.05  kl +0.002
upd  177  steps  364544  sps 1425  opp symm  loss -0.001  pg +0.0191  v 0.004  ev +0.97  adv_std 0.090  tR +0.14  ent[s/d/p/e] 1.81/2.12/1.30/0.29  emits 0.15  spf 72.6  z0 0.90  garr 209.8  tG 1415  e2 0.02  nF 1.8  pS 0.28  ptS 0.27  fLog 0.61  pdΔ -0.2229  pkR 5.14  clip 0.04  kl +0.002
upd  178  steps  366592  sps 1429  opp symm  loss +0.042  pg +0.0630  v 0.003  ev +0.98  adv_std 0.079  tR -1.00  ent[s/d/p/e] 1.75/2.11/1.45/0.22  emits 0.13  spf 96.8  z0 0.92  garr 242.2  tG 1591  e2 0.02  nF 1.3  pS 0.26  ptS 0.25  fLog 0.65  pdΔ -0.2435  pkR 4.55  clip 0.04  kl +0.001
upd  179  steps  368640  sps 1434  opp symm  loss -0.002  pg +0.0192  v 0.004  ev +0.98  adv_std 0.087  tR -0.33  ent[s/d/p/e] 1.75/2.17/1.51/0.20  emits 0.09  spf 93.1  z0 0.93  garr 280.7  tG 1857  e2 0.01  nF 1.0  pS 0.27  ptS 0.26  fLog 0.66  pdΔ -0.2327  pkR 4.61  clip 0.02  kl +0.000
upd  180  steps  370688  sps 1438  opp symm  loss -0.044  pg -0.0244  v 0.006  ev +0.97  adv_std 0.107  tR +0.33  ent[s/d/p/e] 1.57/2.24/1.49/0.19  emits 0.10  spf 72.2  z0 0.93  garr 299.0  tG 1993  e2 0.01  nF 0.9  pS 0.27  ptS 0.26  fLog 0.63  pdΔ -0.2321  pkR 4.98  clip 0.03  kl +0.002
upd  181  steps  372736  sps 1442  opp symm  loss +0.035  pg +0.0552  v 0.003  ev +0.98  adv_std 0.080  tR +0.00  ent[s/d/p/e] 1.46/2.24/1.46/0.18  emits 0.08  spf 83.9  z0 0.94  garr 303.9  tG 1918  e2 0.01  nF 1.0  pS 0.24  ptS 0.24  fLog 0.63  pdΔ -0.2581  pkR 5.77  clip 0.02  kl +0.001
upd  182  steps  374784  sps 1446  opp symm  loss -0.100  pg -0.0841  v 0.010  ev +0.95  adv_std 0.139  tR -1.00  ent[s/d/p/e] 1.13/2.05/1.51/0.20  emits 0.07  spf 69.9  z0 0.94  garr 316.3  tG 2033  e2 0.00  nF 1.0  pS 0.25  ptS 0.24  fLog 0.60  pdΔ -0.2521  pkR 6.10  clip 0.02  kl +0.001
upd  183  steps  376832  sps 1451  opp symm  loss -0.054  pg -0.0352  v 0.005  ev +0.98  adv_std 0.094  tR +0.20  ent[s/d/p/e] 1.09/2.13/1.62/0.23  emits 0.06  spf 65.0  z0 0.95  garr 331.3  tG 2088  e2 0.01  nF 0.8  pS 0.25  ptS 0.24  fLog 0.61  pdΔ -0.2542  pkR 6.40  clip 0.02  kl +0.002
upd  184  steps  378880  sps 1455  opp symm  loss -0.025  pg -0.0061  v 0.005  ev +0.98  adv_std 0.101  tR +0.00  ent[s/d/p/e] 1.00/2.14/1.54/0.25  emits 0.09  spf 72.8  z0 0.92  garr 331.3  tG 2000  e2 0.01  nF 0.9  pS 0.24  ptS 0.23  fLog 0.63  pdΔ -0.2611  pkR 5.19  clip 0.02  kl -0.000