
=== [2026-06-11T03:01:29Z] v14e_binary_v1_a_p0i2_ORBITWARS_SHAPING_ONE_SHIP_PENALTY_0.01_3d71e38613 phase=a kind=probe chunk=300 env={"ORBITWARS_SHAPING_ANTI_HOARD": 0.03, "ORBITWARS_SHAPING_CAPTURE": 0.06, "ORBITWARS_SHAPING_RELEASE": 0.0075, "ORBITWARS_SHAPING_RELEASE_K": 17.0, "ORBITWARS_SHAPING_PROD_SHARE_DELTA": 0.025, "ORBITWARS_SHAPING_ONE_SHIP_PENALTY": 0.01} ppo={"ent_coef_emit": 0.0175, "lr_peak": 4.5e-05} ===
[reward] kaggle-aligned: terminal +1 win/+1 tie>0/-1 loss/-1 double-wipeout; is_terminal at step >= episode_steps-2; SHAPING_SCALE=0.0; v1: KEEP_HOME=0.0 FLEET_SIZE=0.0/norm20.0; v2 (expert-replay calibrated): PROD_SHARE=0.0 PLANET_SHARE=0.0 FLEET_LOG=0.0/ref500.0/floor0.3; v3 (top10-2630ep calibrated): PROD_SHARE_DELTA=0.025 EMIT_LOG=0.0 EMIT_GATED=0.0 RELEASE=0.0075/K17.0 CAPTURE=0.06; ANTI_HOARD=0.03/thresh0.6; episode_steps=500 (kaggle=500, mismatch=False)
[symmetric] Frog Parade style: same params drive BOTH players, no frozen/strong/buffer opponents, zero_sum_value=True
upd    0  steps    2048  sps 38  opp symm  loss +0.008  pg +0.0197  v 0.002  ev +0.10  adv_std 0.059  tR +0.00  ent[s/d/p/e] 0.37/0.99/1.07/0.15  emits 0.60  spf 10.6  z0 0.65  garr 11.9  tG 15  e2 0.15  nF 3.2  pS 0.06  ptS 0.07  fLog 0.36  pdΔ -0.4366  pkR 4.83  clip 0.02  kl +0.002
upd    1  steps    4096  sps 75  opp symm  loss +0.113  pg +0.1282  v 0.003  ev +0.50  adv_std 0.071  tR +0.00  ent[s/d/p/e] 0.72/1.14/1.03/0.30  emits 1.25  spf 10.0  z0 0.47  garr 9.8  tG 22  e2 0.33  nF 13.1  pS 0.11  ptS 0.10  fLog 0.35  pdΔ -0.3938  pkR 6.80  clip 0.19  kl +0.004
upd    2  steps    6144  sps 111  opp symm  loss +0.009  pg +0.0273  v 0.007  ev +0.33  adv_std 0.101  tR -1.00  ent[s/d/p/e] 1.04/1.50/1.02/0.42  emits 1.60  spf 12.2  z0 0.44  garr 11.5  tG 42  e2 0.38  nF 20.2  pS 0.16  ptS 0.15  fLog 0.37  pdΔ -0.3447  pkR 7.62  clip 0.24  kl +0.008
upd    3  steps    8192  sps 146  opp symm  loss +0.090  pg +0.1109  v 0.004  ev +0.42  adv_std 0.073  tR +0.00  ent[s/d/p/e] 1.23/1.67/1.06/0.45  emits 1.77  spf 12.6  z0 0.40  garr 12.0  tG 60  e2 0.40  nF 25.4  pS 0.19  ptS 0.18  fLog 0.36  pdΔ -0.3124  pkR 7.64  clip 0.19  kl +0.002
upd    4  steps   10240  sps 180  opp symm  loss -0.025  pg -0.0056  v 0.010  ev +0.16  adv_std 0.132  tR -0.33  ent[s/d/p/e] 1.38/1.83/1.08/0.49  emits 1.87  spf 14.9  z0 0.39  garr 15.2  tG 95  e2 0.41  nF 27.0  pS 0.23  ptS 0.23  fLog 0.38  pdΔ -0.2658  pkR 8.34  clip 0.25  kl +0.010
upd    5  steps   12288  sps 214  opp symm  loss +0.015  pg +0.0358  v 0.009  ev +0.19  adv_std 0.130  tR +1.00  ent[s/d/p/e] 1.50/1.92/1.07/0.51  emits 1.86  spf 16.8  z0 0.40  garr 16.3  tG 117  e2 0.40  nF 27.5  pS 0.25  ptS 0.25  fLog 0.39  pdΔ -0.2468  pkR 9.50  clip 0.33  kl +0.013
upd    6  steps   14336  sps 246  opp symm  loss -0.097  pg -0.0779  v 0.010  ev +0.15  adv_std 0.118  tR -1.00  ent[s/d/p/e] 1.48/1.86/1.02/0.47  emits 1.92  spf 16.2  z0 0.37  garr 15.4  tG 127  e2 0.43  nF 29.4  pS 0.26  ptS 0.26  fLog 0.38  pdΔ -0.2408  pkR 11.95  clip 0.21  kl +0.009
upd    7  steps   16384  sps 278  opp symm  loss +0.003  pg +0.0257  v 0.006  ev +0.02  adv_std 0.094  tR +1.00  ent[s/d/p/e] 1.52/1.88/1.07/0.48  emits 1.75  spf 19.0  z0 0.40  garr 19.8  tG 188  e2 0.39  nF 29.1  pS 0.28  ptS 0.28  fLog 0.40  pdΔ -0.2152  pkR 17.48  clip 0.27  kl +0.005
upd    8  steps   18432  sps 310  opp symm  loss -0.022  pg -0.0001  v 0.007  ev +0.20  adv_std 0.106  tR +0.33  ent[s/d/p/e] 1.60/1.94/1.08/0.49  emits 1.73  spf 18.9  z0 0.41  garr 22.5  tG 231  e2 0.39  nF 25.5  pS 0.28  ptS 0.29  fLog 0.40  pdΔ -0.2152  pkR 22.21  clip 0.27  kl +0.006
upd    9  steps   20480  sps 341  opp symm  loss -0.012  pg +0.0088  v 0.009  ev +0.34  adv_std 0.124  tR +0.60  ent[s/d/p/e] 1.62/1.95/1.06/0.47  emits 1.82  spf 17.7  z0 0.41  garr 17.5  tG 152  e2 0.40  nF 26.4  pS 0.28  ptS 0.27  fLog 0.40  pdΔ -0.2247  pkR 17.58  clip 0.24  kl +0.014
upd   10  steps   22528  sps 371  opp symm  loss -0.039  pg -0.0173  v 0.008  ev +0.42  adv_std 0.121  tR +0.00  ent[s/d/p/e] 1.60/1.94/1.06/0.47  emits 1.77  spf 16.9  z0 0.42  garr 15.3  tG 121  e2 0.38  nF 27.7  pS 0.27  ptS 0.26  fLog 0.39  pdΔ -0.2314  pkR 9.13  clip 0.29  kl +0.009
upd   11  steps   24576  sps 400  opp symm  loss +0.021  pg +0.0433  v 0.005  ev +0.49  adv_std 0.086  tR -1.00  ent[s/d/p/e] 1.64/1.99/1.03/0.46  emits 1.90  spf 17.2  z0 0.40  garr 16.8  tG 138  e2 0.41  nF 27.6  pS 0.30  ptS 0.29  fLog 0.40  pdΔ -0.1967  pkR 6.82  clip 0.34  kl +0.018
upd   12  steps   26624  sps 429  opp symm  loss +0.031  pg +0.0533  v 0.006  ev +0.66  adv_std 0.101  tR +0.00  ent[s/d/p/e] 1.74/2.07/0.99/0.47  emits 2.08  spf 19.0  z0 0.39  garr 17.0  tG 160  e2 0.42  nF 30.3  pS 0.32  ptS 0.31  fLog 0.41  pdΔ -0.1767  pkR 9.49  clip 0.30  kl +0.016
upd   13  steps   28672  sps 457  opp symm  loss -0.060  pg -0.0386  v 0.008  ev +0.63  adv_std 0.119  tR +0.00  ent[s/d/p/e] 1.67/2.03/1.05/0.45  emits 1.85  spf 18.9  z0 0.41  garr 16.9  tG 156  e2 0.40  nF 29.6  pS 0.31  ptS 0.29  fLog 0.41  pdΔ -0.1946  pkR 10.61  clip 0.21  kl +0.005
upd   14  steps   30720  sps 485  opp symm  loss -0.003  pg +0.0199  v 0.006  ev +0.62  adv_std 0.096  tR -0.33  ent[s/d/p/e] 1.62/2.00/1.05/0.46  emits 1.80  spf 19.4  z0 0.42  garr 17.3  tG 151  e2 0.39  nF 26.2  pS 0.29  ptS 0.28  fLog 0.41  pdΔ -0.2086  pkR 7.45  clip 0.37  kl +0.011
upd   15  steps   32768  sps 512  opp symm  loss +0.013  pg +0.0109  v 0.052  ev +0.37  adv_std 0.327  tR -0.03  ent[s/d/p/e] 1.56/1.97/1.00/0.41  emits 1.65  spf 16.7  z0 0.46  garr 14.2  tG 113  e2 0.35  nF 22.4  pS 0.25  ptS 0.24  fLog 0.40  pdΔ -0.2536  pkR 12.25  clip 0.22  kl +0.009
upd   16  steps   34816  sps 538  opp symm  loss +0.005  pg +0.0227  v 0.005  ev +0.71  adv_std 0.089  tR -0.33  ent[s/d/p/e] 1.24/1.70/0.98/0.33  emits 1.53  spf 14.1  z0 0.44  garr 11.9  tG 62  e2 0.35  nF 20.0  pS 0.19  ptS 0.18  fLog 0.38  pdΔ -0.3143  pkR 11.89  clip 0.11  kl +0.002
upd   17  steps   36864  sps 564  opp symm  loss -0.001  pg +0.0175  v 0.007  ev +0.60  adv_std 0.113  tR -0.33  ent[s/d/p/e] 1.32/1.73/0.98/0.41  emits 1.73  spf 15.7  z0 0.40  garr 13.5  tG 85  e2 0.41  nF 23.3  pS 0.22  ptS 0.22  fLog 0.39  pdΔ -0.2784  pkR 8.55  clip 0.33  kl +0.004
upd   18  steps   38912  sps 590  opp symm  loss +0.042  pg +0.0609  v 0.006  ev +0.65  adv_std 0.090  tR +1.00  ent[s/d/p/e] 1.35/1.77/0.96/0.38  emits 2.24  spf 14.8  z0 0.31  garr 12.9  tG 95  e2 0.51  nF 27.1  pS 0.25  ptS 0.25  fLog 0.38  pdΔ -0.2494  pkR 13.28  clip 0.30  kl +0.000
upd   19  steps   40960  sps 615  opp symm  loss +0.052  pg +0.0709  v 0.008  ev +0.68  adv_std 0.099  tR +1.00  ent[s/d/p/e] 1.47/1.89/0.97/0.41  emits 2.38  spf 15.1  z0 0.32  garr 13.1  tG 108  e2 0.51  nF 32.9  pS 0.28  ptS 0.27  fLog 0.38  pdΔ -0.2236  pkR 12.33  clip 0.39  kl +0.007
upd   20  steps   43008  sps 639  opp symm  loss -0.020  pg -0.0001  v 0.008  ev +0.67  adv_std 0.107  tR +0.00  ent[s/d/p/e] 1.60/1.98/0.95/0.43  emits 2.43  spf 15.5  z0 0.32  garr 13.9  tG 121  e2 0.50  nF 37.1  pS 0.30  ptS 0.30  fLog 0.39  pdΔ -0.1974  pkR 13.06  clip 0.28  kl +0.007
upd   21  steps   45056  sps 664  opp symm  loss +0.007  pg +0.0285  v 0.007  ev +0.74  adv_std 0.109  tR +1.00  ent[s/d/p/e] 1.66/2.02/0.97/0.44  emits 2.25  spf 16.5  z0 0.35  garr 13.8  tG 118  e2 0.45  nF 35.6  pS 0.30  ptS 0.30  fLog 0.39  pdΔ -0.2012  pkR 9.71  clip 0.30  kl +0.004
upd   22  steps   47104  sps 687  opp symm  loss +0.004  pg +0.0251  v 0.007  ev +0.79  adv_std 0.105  tR +0.20  ent[s/d/p/e] 1.73/2.09/0.97/0.44  emits 2.07  spf 17.6  z0 0.40  garr 14.9  tG 134  e2 0.41  nF 31.3  pS 0.31  ptS 0.30  fLog 0.40  pdΔ -0.1918  pkR 9.66  clip 0.27  kl +0.005
upd   23  steps   49152  sps 710  opp symm  loss -0.048  pg -0.0279  v 0.009  ev +0.85  adv_std 0.113  tR -0.71  ent[s/d/p/e] 1.76/2.10/1.02/0.42  emits 2.06  spf 18.2  z0 0.40  garr 15.7  tG 150  e2 0.42  nF 29.8  pS 0.31  ptS 0.30  fLog 0.40  pdΔ -0.1913  pkR 7.33  clip 0.21  kl +0.003
upd   24  steps   51200  sps 733  opp symm  loss -0.052  pg -0.0302  v 0.008  ev +0.88  adv_std 0.119  tR -0.11  ent[s/d/p/e] 1.76/2.11/1.04/0.44  emits 1.79  spf 21.1  z0 0.42  garr 16.2  tG 158  e2 0.38  nF 26.4  pS 0.30  ptS 0.30  fLog 0.42  pdΔ -0.1991  pkR 7.47  clip 0.23  kl +0.003
upd   25  steps   53248  sps 755  opp symm  loss -0.051  pg -0.0294  v 0.008  ev +0.85  adv_std 0.124  tR +0.33  ent[s/d/p/e] 1.71/2.07/1.05/0.47  emits 1.55  spf 22.6  z0 0.46  garr 17.6  tG 165  e2 0.33  nF 21.7  pS 0.28  ptS 0.28  fLog 0.43  pdΔ -0.2182  pkR 8.13  clip 0.23  kl +0.009
upd   26  steps   55296  sps 777  opp symm  loss -0.033  pg -0.0113  v 0.008  ev +0.89  adv_std 0.120  tR -0.71  ent[s/d/p/e] 1.76/2.10/1.01/0.45  emits 1.54  spf 24.7  z0 0.46  garr 17.8  tG 167  e2 0.33  nF 20.3  pS 0.29  ptS 0.28  fLog 0.44  pdΔ -0.2135  pkR 8.29  clip 0.19  kl +0.008
upd   27  steps   57344  sps 799  opp symm  loss -0.017  pg +0.0050  v 0.005  ev +0.95  adv_std 0.084  tR +0.00  ent[s/d/p/e] 1.58/1.98/1.04/0.44  emits 1.62  spf 22.1  z0 0.44  garr 19.1  tG 217  e2 0.36  nF 20.7  pS 0.31  ptS 0.30  fLog 0.43  pdΔ -0.1918  pkR 11.31  clip 0.19  kl +0.007
upd   28  steps   59392  sps 820  opp symm  loss -0.039  pg -0.0174  v 0.006  ev +0.94  adv_std 0.099  tR +0.43  ent[s/d/p/e] 1.57/1.97/1.03/0.44  emits 1.56  spf 20.2  z0 0.47  garr 24.2  tG 326  e2 0.34  nF 18.9  pS 0.31  ptS 0.31  fLog 0.42  pdΔ -0.1853  pkR 13.18  clip 0.21  kl +0.005
upd   29  steps   61440  sps 841  opp symm  loss -0.027  pg -0.0048  v 0.004  ev +0.95  adv_std 0.084  tR -0.33  ent[s/d/p/e] 1.65/2.05/1.00/0.41  emits 1.76  spf 20.7  z0 0.43  garr 16.3  tG 167  e2 0.37  nF 21.5  pS 0.27  ptS 0.27  fLog 0.42  pdΔ -0.2271  pkR 23.09  clip 0.15  kl +0.001
upd   30  steps   63488  sps 861  opp symm  loss -0.018  pg +0.0030  v 0.006  ev +0.94  adv_std 0.099  tR +0.00  ent[s/d/p/e] 1.58/1.99/0.98/0.41  emits 1.75  spf 18.9  z0 0.44  garr 18.4  tG 219  e2 0.38  nF 23.3  pS 0.30  ptS 0.29  fLog 0.41  pdΔ -0.2013  pkR 15.82  clip 0.20  kl +0.005
upd   31  steps   65536  sps 881  opp symm  loss +0.022  pg +0.0416  v 0.007  ev +0.89  adv_std 0.103  tR +0.09  ent[s/d/p/e] 1.37/1.83/0.99/0.41  emits 1.70  spf 16.7  z0 0.43  garr 14.3  tG 105  e2 0.38  nF 20.7  pS 0.23  ptS 0.22  fLog 0.40  pdΔ -0.2669  pkR 35.19  clip 0.18  kl +0.006
upd   32  steps   67584  sps 901  opp symm  loss +0.008  pg +0.0286  v 0.005  ev +0.92  adv_std 0.085  tR +0.00  ent[s/d/p/e] 1.39/1.84/0.98/0.42  emits 1.87  spf 15.5  z0 0.39  garr 12.3  tG 82  e2 0.42  nF 23.5  pS 0.23  ptS 0.23  fLog 0.39  pdΔ -0.2655  pkR 12.48  clip 0.24  kl +0.010
upd   33  steps   69632  sps 920  opp symm  loss +0.018  pg +0.0375  v 0.006  ev +0.91  adv_std 0.093  tR +1.00  ent[s/d/p/e] 1.38/1.87/0.95/0.39  emits 1.87  spf 14.7  z0 0.37  garr 11.7  tG 81  e2 0.40  nF 24.2  pS 0.23  ptS 0.23  fLog 0.38  pdΔ -0.2682  pkR 17.17  clip 0.29  kl +0.006
upd   34  steps   71680  sps 939  opp symm  loss +0.041  pg +0.0603  v 0.006  ev +0.93  adv_std 0.088  tR -1.00  ent[s/d/p/e] 1.49/1.94/0.99/0.36  emits 2.02  spf 14.9  z0 0.39  garr 10.7  tG 80  e2 0.42  nF 25.4  pS 0.23  ptS 0.23  fLog 0.38  pdΔ -0.2685  pkR 12.56  clip 0.24  kl +0.001
upd   35  steps   73728  sps 958  opp symm  loss +0.036  pg +0.0555  v 0.006  ev +0.93  adv_std 0.098  tR -0.33  ent[s/d/p/e] 1.43/1.88/0.98/0.37  emits 1.93  spf 14.5  z0 0.39  garr 10.8  tG 77  e2 0.41  nF 24.1  pS 0.22  ptS 0.22  fLog 0.38  pdΔ -0.2776  pkR 11.51  clip 0.28  kl +0.007
upd   36  steps   75776  sps 976  opp symm  loss +0.015  pg +0.0333  v 0.007  ev +0.93  adv_std 0.111  tR -0.33  ent[s/d/p/e] 1.47/1.90/0.96/0.33  emits 1.90  spf 14.7  z0 0.41  garr 11.2  tG 87  e2 0.39  nF 24.0  pS 0.23  ptS 0.23  fLog 0.38  pdΔ -0.2738  pkR 19.71  clip 0.19  kl +0.002
upd   37  steps   77824  sps 994  opp symm  loss +0.097  pg +0.1160  v 0.006  ev +0.95  adv_std 0.098  tR +0.00  ent[s/d/p/e] 1.39/1.83/1.00/0.35  emits 1.80  spf 15.2  z0 0.43  garr 11.9  tG 93  e2 0.38  nF 24.1  pS 0.20  ptS 0.20  fLog 0.38  pdΔ -0.2970  pkR 27.35  clip 0.19  kl +0.003
upd   38  steps   79872  sps 1012  opp symm  loss +0.048  pg +0.0645  v 0.011  ev +0.92  adv_std 0.143  tR -0.80  ent[s/d/p/e] 1.46/1.90/0.99/0.35  emits 1.98  spf 14.8  z0 0.42  garr 11.4  tG 82  e2 0.40  nF 24.9  pS 0.22  ptS 0.22  fLog 0.38  pdΔ -0.2817  pkR 16.17  clip 0.12  kl +0.000
upd   39  steps   81920  sps 1029  opp symm  loss +0.067  pg +0.0833  v 0.011  ev +0.92  adv_std 0.139  tR +0.00  ent[s/d/p/e] 1.43/1.89/0.97/0.32  emits 2.03  spf 15.9  z0 0.41  garr 12.3  tG 102  e2 0.43  nF 26.7  pS 0.23  ptS 0.23  fLog 0.39  pdΔ -0.2728  pkR 27.97  clip 0.18  kl +0.007
upd   40  steps   83968  sps 1047  opp symm  loss +0.037  pg +0.0493  v 0.018  ev +0.86  adv_std 0.180  tR -0.23  ent[s/d/p/e] 1.37/1.86/0.97/0.33  emits 1.84  spf 14.1  z0 0.44  garr 13.5  tG 123  e2 0.38  nF 22.6  pS 0.21  ptS 0.21  fLog 0.38  pdΔ -0.2912  pkR 35.93  clip 0.17  kl +0.007
upd   41  steps   86016  sps 1064  opp symm  loss +0.050  pg +0.0651  v 0.012  ev +0.89  adv_std 0.148  tR -1.00  ent[s/d/p/e] 1.33/1.78/1.01/0.33  emits 1.92  spf 14.1  z0 0.38  garr 10.2  tG 60  e2 0.42  nF 22.9  pS 0.20  ptS 0.20  fLog 0.38  pdΔ -0.3020  pkR 11.28  clip 0.26  kl +0.008
upd   42  steps   88064  sps 1080  opp symm  loss +0.020  pg +0.0351  v 0.014  ev +0.90  adv_std 0.157  tR -0.20  ent[s/d/p/e] 1.38/1.82/1.02/0.33  emits 1.94  spf 15.0  z0 0.37  garr 10.9  tG 68  e2 0.43  nF 24.1  pS 0.21  ptS 0.21  fLog 0.39  pdΔ -0.2891  pkR 10.99  clip 0.18  kl +0.003
upd   43  steps   90112  sps 1097  opp symm  loss +0.039  pg +0.0558  v 0.009  ev +0.94  adv_std 0.128  tR +0.33  ent[s/d/p/e] 1.35/1.79/1.07/0.34  emits 1.87  spf 14.1  z0 0.38  garr 12.3  tG 94  e2 0.41  nF 24.6  pS 0.22  ptS 0.22  fLog 0.38  pdΔ -0.2791  pkR 29.59  clip 0.25  kl +0.005
upd   44  steps   92160  sps 1113  opp symm  loss +0.056  pg +0.0724  v 0.009  ev +0.95  adv_std 0.128  tR -0.33  ent[s/d/p/e] 1.33/1.79/1.02/0.31  emits 1.89  spf 15.2  z0 0.38  garr 11.1  tG 62  e2 0.42  nF 23.8  pS 0.20  ptS 0.20  fLog 0.39  pdΔ -0.3002  pkR 8.29  clip 0.20  kl +0.006
upd   45  steps   94208  sps 1129  opp symm  loss +0.058  pg +0.0733  v 0.011  ev +0.94  adv_std 0.145  tR -0.33  ent[s/d/p/e] 1.34/1.73/1.04/0.34  emits 1.85  spf 16.0  z0 0.41  garr 11.1  tG 73  e2 0.42  nF 23.8  pS 0.21  ptS 0.21  fLog 0.39  pdΔ -0.2938  pkR 11.45  clip 0.25  kl +0.004
upd   46  steps   96256  sps 1144  opp symm  loss +0.014  pg +0.0281  v 0.013  ev +0.93  adv_std 0.155  tR -0.75  ent[s/d/p/e] 1.28/1.68/1.02/0.30  emits 1.72  spf 15.0  z0 0.42  garr 10.4  tG 59  e2 0.38  nF 23.4  pS 0.18  ptS 0.18  fLog 0.38  pdΔ -0.3185  pkR 16.20  clip 0.15  kl +0.002
upd   47  steps   98304  sps 1159  opp symm  loss +0.065  pg +0.0806  v 0.011  ev +0.94  adv_std 0.137  tR -0.33  ent[s/d/p/e] 1.34/1.76/1.05/0.34  emits 1.66  spf 14.9  z0 0.44  garr 11.2  tG 81  e2 0.37  nF 22.9  pS 0.20  ptS 0.20  fLog 0.39  pdΔ -0.3007  pkR 25.21  clip 0.18  kl +0.004
upd   48  steps  100352  sps 1174  opp symm  loss +0.030  pg +0.0449  v 0.012  ev +0.93  adv_std 0.150  tR +0.14  ent[s/d/p/e] 1.37/1.78/0.99/0.30  emits 1.82  spf 13.7  z0 0.42  garr 12.5  tG 112  e2 0.39  nF 22.5  pS 0.21  ptS 0.21  fLog 0.38  pdΔ -0.2862  pkR 37.25  clip 0.23  kl +0.004
upd   49  steps  102400  sps 1189  opp symm  loss +0.017  pg +0.0356  v 0.006  ev +0.97  adv_std 0.104  tR -0.60  ent[s/d/p/e] 1.44/1.84/1.00/0.34  emits 1.69  spf 14.8  z0 0.43  garr 11.8  tG 96  e2 0.37  nF 23.3  pS 0.23  ptS 0.23  fLog 0.39  pdΔ -0.2683  pkR 26.90  clip 0.16  kl +0.002
upd   50  steps  104448  sps 1204  opp symm  loss +0.065  pg +0.0834  v 0.008  ev +0.96  adv_std 0.122  tR +0.00  ent[s/d/p/e] 1.54/1.95/1.00/0.35  emits 1.84  spf 16.6  z0 0.43  garr 12.8  tG 120  e2 0.39  nF 23.7  pS 0.26  ptS 0.25  fLog 0.39  pdΔ -0.2394  pkR 17.69  clip 0.18  kl +0.001
upd   51  steps  106496  sps 1219  opp symm  loss -0.008  pg +0.0092  v 0.009  ev +0.94  adv_std 0.133  tR +0.09  ent[s/d/p/e] 1.47/1.84/0.99/0.34  emits 1.71  spf 15.7  z0 0.43  garr 13.0  tG 109  e2 0.38  nF 20.9  pS 0.23  ptS 0.22  fLog 0.39  pdΔ -0.2727  pkR 23.91  clip 0.15  kl +0.005
upd   52  steps  108544  sps 1233  opp symm  loss +0.053  pg +0.0706  v 0.008  ev +0.94  adv_std 0.120  tR +0.00  ent[s/d/p/e] 1.45/1.82/0.96/0.34  emits 1.78  spf 15.9  z0 0.40  garr 12.0  tG 104  e2 0.39  nF 23.1  pS 0.24  ptS 0.24  fLog 0.39  pdΔ -0.2575  pkR 13.83  clip 0.22  kl +0.001
upd   53  steps  110592  sps 1247  opp symm  loss +0.025  pg +0.0418  v 0.009  ev +0.93  adv_std 0.129  tR +0.33  ent[s/d/p/e] 1.42/1.81/0.99/0.34  emits 1.89  spf 15.8  z0 0.37  garr 13.2  tG 128  e2 0.43  nF 23.7  pS 0.25  ptS 0.25  fLog 0.39  pdΔ -0.2485  pkR 24.92  clip 0.19  kl +0.008
upd   54  steps  112640  sps 1261  opp symm  loss +0.025  pg +0.0418  v 0.011  ev +0.91  adv_std 0.142  tR +0.00  ent[s/d/p/e] 1.50/1.87/0.98/0.36  emits 1.96  spf 16.1  z0 0.37  garr 12.9  tG 109  e2 0.44  nF 24.4  pS 0.27  ptS 0.26  fLog 0.39  pdΔ -0.2349  pkR 8.73  clip 0.20  kl +0.007
upd   55  steps  114688  sps 1275  opp symm  loss +0.055  pg +0.0753  v 0.007  ev +0.96  adv_std 0.103  tR +1.00  ent[s/d/p/e] 1.54/1.91/1.02/0.39  emits 1.87  spf 17.4  z0 0.39  garr 13.2  tG 115  e2 0.41  nF 23.6  pS 0.27  ptS 0.26  fLog 0.40  pdΔ -0.2322  pkR 9.49  clip 0.29  kl +0.007
upd   56  steps  116736  sps 1288  opp symm  loss +0.032  pg +0.0496  v 0.009  ev +0.94  adv_std 0.128  tR +0.43  ent[s/d/p/e] 1.58/1.92/0.99/0.35  emits 1.87  spf 17.2  z0 0.41  garr 12.9  tG 120  e2 0.40  nF 22.8  pS 0.26  ptS 0.26  fLog 0.40  pdΔ -0.2360  pkR 11.61  clip 0.18  kl +0.005
upd   57  steps  118784  sps 1301  opp symm  loss +0.011  pg +0.0278  v 0.009  ev +0.94  adv_std 0.123  tR +0.00  ent[s/d/p/e] 1.52/1.90/0.96/0.33  emits 1.88  spf 14.9  z0 0.42  garr 13.7  tG 151  e2 0.39  nF 23.6  pS 0.26  ptS 0.26  fLog 0.39  pdΔ -0.2380  pkR 24.79  clip 0.13  kl +0.004
upd   58  steps  120832  sps 1314  opp symm  loss +0.024  pg +0.0434  v 0.006  ev +0.95  adv_std 0.107  tR +0.14  ent[s/d/p/e] 1.51/1.88/0.97/0.35  emits 1.78  spf 16.8  z0 0.40  garr 15.7  tG 174  e2 0.38  nF 24.1  pS 0.27  ptS 0.26  fLog 0.40  pdΔ -0.2299  pkR 31.64  clip 0.20  kl +0.005
upd   59  steps  122880  sps 1327  opp symm  loss +0.035  pg +0.0518  v 0.009  ev +0.93  adv_std 0.129  tR +0.14  ent[s/d/p/e] 1.40/1.78/0.99/0.35  emits 1.61  spf 15.1  z0 0.42  garr 11.4  tG 87  e2 0.35  nF 21.2  pS 0.23  ptS 0.22  fLog 0.39  pdΔ -0.2749  pkR 16.12  clip 0.24  kl +0.006
upd   60  steps  124928  sps 1340  opp symm  loss +0.038  pg +0.0558  v 0.008  ev +0.94  adv_std 0.124  tR -0.20  ent[s/d/p/e] 1.39/1.82/1.02/0.35  emits 1.63  spf 14.9  z0 0.45  garr 12.2  tG 105  e2 0.35  nF 20.8  pS 0.23  ptS 0.22  fLog 0.39  pdΔ -0.2748  pkR 28.97  clip 0.13  kl +0.003
upd   61  steps  126976  sps 1353  opp symm  loss -0.025  pg -0.0070  v 0.008  ev +0.94  adv_std 0.129  tR -0.71  ent[s/d/p/e] 1.42/1.80/1.02/0.35  emits 1.67  spf 14.3  z0 0.41  garr 10.7  tG 74  e2 0.37  nF 21.9  pS 0.23  ptS 0.22  fLog 0.39  pdΔ -0.2724  pkR 10.07  clip 0.24  kl +0.006
upd   62  steps  129024  sps 1365  opp symm  loss -0.009  pg +0.0084  v 0.009  ev +0.94  adv_std 0.125  tR -0.20  ent[s/d/p/e] 1.38/1.78/1.00/0.39  emits 1.66  spf 15.3  z0 0.40  garr 13.0  tG 111  e2 0.39  nF 21.9  pS 0.24  ptS 0.25  fLog 0.39  pdΔ -0.2561  pkR 22.27  clip 0.19  kl +0.006
upd   63  steps  131072  sps 1377  opp symm  loss +0.015  pg +0.0309  v 0.013  ev +0.91  adv_std 0.161  tR +0.20  ent[s/d/p/e] 1.37/1.79/1.02/0.38  emits 1.76  spf 14.4  z0 0.40  garr 12.2  tG 93  e2 0.40  nF 22.9  pS 0.24  ptS 0.24  fLog 0.38  pdΔ -0.2600  pkR 25.46  clip 0.23  kl +0.002
upd   64  steps  133120  sps 1389  opp symm  loss +0.008  pg +0.0262  v 0.010  ev +0.94  adv_std 0.134  tR +0.20  ent[s/d/p/e] 1.49/1.88/1.03/0.40  emits 1.81  spf 15.9  z0 0.39  garr 12.0  tG 96  e2 0.40  nF 23.5  pS 0.26  ptS 0.26  fLog 0.40  pdΔ -0.2404  pkR 14.88  clip 0.16  kl +0.002
upd   65  steps  135168  sps 1401  opp symm  loss +0.022  pg +0.0402  v 0.010  ev +0.92  adv_std 0.139  tR +0.33  ent[s/d/p/e] 1.56/1.94/1.01/0.39  emits 1.68  spf 17.5  z0 0.45  garr 13.7  tG 124  e2 0.36  nF 21.1  pS 0.27  ptS 0.27  fLog 0.41  pdΔ -0.2333  pkR 19.39  clip 0.17  kl -0.000
upd   66  steps  137216  sps 1413  opp symm  loss -0.035  pg -0.0161  v 0.010  ev +0.91  adv_std 0.143  tR -0.33  ent[s/d/p/e] 1.58/1.97/1.02/0.41  emits 1.78  spf 19.0  z0 0.42  garr 15.6  tG 156  e2 0.38  nF 20.7  pS 0.29  ptS 0.28  fLog 0.42  pdΔ -0.2140  pkR 21.13  clip 0.16  kl -0.001
upd   67  steps  139264  sps 1425  opp symm  loss -0.039  pg -0.0187  v 0.009  ev +0.92  adv_std 0.130  tR +0.25  ent[s/d/p/e] 1.60/1.97/1.01/0.43  emits 1.69  spf 20.2  z0 0.43  garr 15.1  tG 139  e2 0.36  nF 21.0  pS 0.28  ptS 0.27  fLog 0.42  pdΔ -0.2156  pkR 19.22  clip 0.10  kl +0.002
upd   68  steps  141312  sps 1436  opp symm  loss -0.020  pg -0.0007  v 0.008  ev +0.91  adv_std 0.125  tR -0.50  ent[s/d/p/e] 1.54/1.93/0.99/0.43  emits 1.75  spf 18.9  z0 0.42  garr 15.2  tG 147  e2 0.39  nF 21.2  pS 0.29  ptS 0.29  fLog 0.41  pdΔ -0.2083  pkR 16.00  clip 0.16  kl +0.001
upd   69  steps  143360  sps 1447  opp symm  loss -0.002  pg +0.0191  v 0.007  ev +0.90  adv_std 0.120  tR +0.20  ent[s/d/p/e] 1.62/2.01/1.02/0.44  emits 1.90  spf 18.5  z0 0.42  garr 19.4  tG 225  e2 0.41  nF 21.7  pS 0.32  ptS 0.31  fLog 0.42  pdΔ -0.1805  pkR 22.32  clip 0.15  kl +0.003
upd   70  steps  145408  sps 1458  opp symm  loss +0.028  pg +0.0482  v 0.008  ev +0.88  adv_std 0.118  tR +0.33  ent[s/d/p/e] 1.68/2.06/0.96/0.43  emits 1.98  spf 19.0  z0 0.41  garr 17.1  tG 187  e2 0.42  nF 23.3  pS 0.31  ptS 0.31  fLog 0.42  pdΔ -0.1857  pkR 25.73  clip 0.27  kl +0.004
upd   71  steps  147456  sps 1469  opp symm  loss -0.015  pg +0.0069  v 0.007  ev +0.89  adv_std 0.111  tR +0.00  ent[s/d/p/e] 1.70/2.10/1.01/0.44  emits 1.78  spf 20.1  z0 0.43  garr 16.0  tG 147  e2 0.38  nF 22.2  pS 0.31  ptS 0.31  fLog 0.43  pdΔ -0.1906  pkR 13.45  clip 0.08  kl +0.002
upd   72  steps  149504  sps 1480  opp symm  loss -0.029  pg -0.0078  v 0.007  ev +0.88  adv_std 0.114  tR +0.60  ent[s/d/p/e] 1.64/2.04/1.00/0.45  emits 1.89  spf 18.9  z0 0.38  garr 16.6  tG 156  e2 0.41  nF 22.6  pS 0.31  ptS 0.31  fLog 0.42  pdΔ -0.1924  pkR 20.77  clip 0.26  kl +0.007
upd   73  steps  151552  sps 1491  opp symm  loss -0.002  pg +0.0206  v 0.005  ev +0.92  adv_std 0.098  tR +1.00  ent[s/d/p/e] 1.60/2.03/1.00/0.47  emits 1.72  spf 19.9  z0 0.41  garr 15.5  tG 130  e2 0.38  nF 21.7  pS 0.29  ptS 0.29  fLog 0.43  pdΔ -0.2150  pkR 18.02  clip 0.16  kl +0.002
upd   74  steps  153600  sps 1502  opp symm  loss -0.010  pg +0.0125  v 0.007  ev +0.89  adv_std 0.116  tR -0.20  ent[s/d/p/e] 1.65/2.08/1.00/0.48  emits 1.53  spf 20.2  z0 0.46  garr 15.6  tG 123  e2 0.33  nF 19.9  pS 0.27  ptS 0.27  fLog 0.43  pdΔ -0.2264  pkR 12.74  clip 0.08  kl +0.004
upd   75  steps  155648  sps 1512  opp symm  loss -0.007  pg +0.0146  v 0.007  ev +0.88  adv_std 0.120  tR +0.33  ent[s/d/p/e] 1.56/2.07/1.03/0.48  emits 1.48  spf 21.5  z0 0.46  garr 16.0  tG 126  e2 0.33  nF 17.8  pS 0.26  ptS 0.26  fLog 0.44  pdΔ -0.2380  pkR 17.66  clip 0.21  kl -0.001
upd   76  steps  157696  sps 1522  opp symm  loss -0.027  pg -0.0037  v 0.005  ev +0.92  adv_std 0.099  tR +0.14  ent[s/d/p/e] 1.53/2.04/1.07/0.50  emits 1.48  spf 20.9  z0 0.44  garr 18.5  tG 174  e2 0.34  nF 17.8  pS 0.29  ptS 0.28  fLog 0.44  pdΔ -0.2119  pkR 28.49  clip 0.20  kl +0.004
upd   77  steps  159744  sps 1532  opp symm  loss -0.001  pg +0.0230  v 0.004  ev +0.92  adv_std 0.087  tR +0.33  ent[s/d/p/e] 1.60/2.08/1.06/0.48  emits 1.63  spf 20.0  z0 0.42  garr 15.3  tG 117  e2 0.38  nF 19.6  pS 0.29  ptS 0.28  fLog 0.43  pdΔ -0.2083  pkR 9.13  clip 0.14  kl +0.006
upd   78  steps  161792  sps 1542  opp symm  loss -0.006  pg +0.0178  v 0.004  ev +0.94  adv_std 0.077  tR -1.00  ent[s/d/p/e] 1.72/2.16/1.02/0.47  emits 1.92  spf 20.3  z0 0.39  garr 15.3  tG 131  e2 0.42  nF 22.3  pS 0.33  ptS 0.32  fLog 0.44  pdΔ -0.1719  pkR 6.05  clip 0.10  kl +0.003
upd   79  steps  163840  sps 1552  opp symm  loss +0.006  pg +0.0298  v 0.006  ev +0.91  adv_std 0.101  tR +0.71  ent[s/d/p/e] 1.76/2.18/1.05/0.46  emits 1.87  spf 20.2  z0 0.41  garr 15.5  tG 130  e2 0.38  nF 22.5  pS 0.32  ptS 0.31  fLog 0.44  pdΔ -0.1807  pkR 7.20  clip 0.11  kl +0.002
upd   80  steps  165888  sps 1562  opp symm  loss -0.038  pg -0.0170  v 0.008  ev +0.89  adv_std 0.120  tR +0.25  ent[s/d/p/e] 1.68/2.11/1.01/0.45  emits 1.76  spf 19.0  z0 0.43  garr 13.8  tG 107  e2 0.37  nF 20.3  pS 0.28  ptS 0.27  fLog 0.42  pdΔ -0.2233  pkR 6.77  clip 0.15  kl +0.004
upd   81  steps  167936  sps 1572  opp symm  loss +0.011  pg +0.0324  v 0.006  ev +0.91  adv_std 0.109  tR -0.33  ent[s/d/p/e] 1.58/2.01/1.02/0.45  emits 1.40  spf 19.8  z0 0.48  garr 13.2  tG 95  e2 0.32  nF 17.8  pS 0.24  ptS 0.24  fLog 0.43  pdΔ -0.2596  pkR 9.14  clip 0.13  kl +0.000
upd   82  steps  169984  sps 1581  opp symm  loss -0.023  pg -0.0013  v 0.007  ev +0.89  adv_std 0.115  tR +0.00  ent[s/d/p/e] 1.48/1.98/1.02/0.45  emits 1.31  spf 21.0  z0 0.48  garr 14.0  tG 97  e2 0.29  nF 16.4  pS 0.23  ptS 0.23  fLog 0.44  pdΔ -0.2714  pkR 9.99  clip 0.17  kl +0.003
upd   83  steps  172032  sps 1591  opp symm  loss -0.015  pg +0.0080  v 0.004  ev +0.94  adv_std 0.086  tR -1.00  ent[s/d/p/e] 1.53/2.02/1.04/0.46  emits 1.39  spf 21.5  z0 0.48  garr 16.5  tG 136  e2 0.32  nF 16.0  pS 0.26  ptS 0.26  fLog 0.44  pdΔ -0.2376  pkR 16.40  clip 0.17  kl +0.000
upd   84  steps  174080  sps 1600  opp symm  loss -0.009  pg +0.0140  v 0.006  ev +0.93  adv_std 0.106  tR +0.14  ent[s/d/p/e] 1.62/2.11/1.03/0.47  emits 1.50  spf 21.5  z0 0.46  garr 18.9  tG 187  e2 0.32  nF 16.5  pS 0.29  ptS 0.28  fLog 0.45  pdΔ -0.2137  pkR 21.45  clip 0.17  kl +0.007
upd   85  steps  176128  sps 1610  opp symm  loss -0.003  pg +0.0190  v 0.008  ev +0.89  adv_std 0.126  tR -0.60  ent[s/d/p/e] 1.67/2.10/1.05/0.48  emits 1.52  spf 22.1  z0 0.46  garr 18.7  tG 191  e2 0.33  nF 17.6  pS 0.29  ptS 0.28  fLog 0.45  pdΔ -0.2088  pkR 25.67  clip 0.19  kl +0.003
upd   86  steps  178176  sps 1619  opp symm  loss -0.049  pg -0.0271  v 0.007  ev +0.91  adv_std 0.116  tR +0.25  ent[s/d/p/e] 1.70/2.13/1.02/0.45  emits 1.52  spf 21.0  z0 0.48  garr 15.2  tG 134  e2 0.32  nF 17.7  pS 0.29  ptS 0.28  fLog 0.45  pdΔ -0.2108  pkR 27.54  clip 0.11  kl +0.003
upd   87  steps  180224  sps 1628  opp symm  loss -0.008  pg +0.0139  v 0.007  ev +0.88  adv_std 0.116  tR +0.60  ent[s/d/p/e] 1.64/2.09/1.07/0.42  emits 1.50  spf 21.2  z0 0.49  garr 16.2  tG 139  e2 0.31  nF 15.9  pS 0.27  ptS 0.26  fLog 0.45  pdΔ -0.2315  pkR 20.07  clip 0.13  kl +0.004
upd   88  steps  182272  sps 1637  opp symm  loss +0.039  pg +0.0608  v 0.006  ev +0.89  adv_std 0.100  tR +0.20  ent[s/d/p/e] 1.58/2.05/1.03/0.42  emits 1.53  spf 20.5  z0 0.46  garr 14.7  tG 113  e2 0.32  nF 16.8  pS 0.26  ptS 0.25  fLog 0.45  pdΔ -0.2431  pkR 24.68  clip 0.13  kl +0.004
upd   89  steps  184320  sps 1645  opp symm  loss -0.058  pg -0.0348  v 0.005  ev +0.87  adv_std 0.099  tR -1.00  ent[s/d/p/e] 1.66/2.13/1.09/0.46  emits 1.46  spf 20.6  z0 0.49  garr 16.2  tG 138  e2 0.31  nF 16.4  pS 0.27  ptS 0.27  fLog 0.44  pdΔ -0.2271  pkR 22.85  clip 0.25  kl +0.012
upd   90  steps  186368  sps 1654  opp symm  loss +0.012  pg +0.0327  v 0.011  ev +0.68  adv_std 0.143  tR +0.33  ent[s/d/p/e] 1.71/2.17/1.09/0.46  emits 1.74  spf 20.1  z0 0.43  garr 15.0  tG 109  e2 0.36  nF 17.8  pS 0.28  ptS 0.27  fLog 0.44  pdΔ -0.2166  pkR 16.05  clip 0.14  kl +0.002
upd   91  steps  188416  sps 1663  opp symm  loss +0.032  pg +0.0565  v 0.004  ev +0.85  adv_std 0.088  tR +0.00  ent[s/d/p/e] 1.68/2.14/1.09/0.49  emits 1.73  spf 19.2  z0 0.43  garr 15.3  tG 105  e2 0.36  nF 19.4  pS 0.29  ptS 0.28  fLog 0.44  pdΔ -0.2079  pkR 5.73  clip 0.22  kl +0.007
upd   92  steps  190464  sps 1671  opp symm  loss -0.054  pg -0.0299  v 0.006  ev +0.79  adv_std 0.097  tR -1.00  ent[s/d/p/e] 1.74/2.19/1.07/0.50  emits 1.80  spf 20.6  z0 0.42  garr 16.3  tG 121  e2 0.38  nF 20.3  pS 0.32  ptS 0.30  fLog 0.45  pdΔ -0.1792  pkR 5.90  clip 0.28  kl +0.005
upd   93  steps  192512  sps 1680  opp symm  loss -0.054  pg -0.0300  v 0.006  ev +0.78  adv_std 0.105  tR +0.00  ent[s/d/p/e] 1.76/2.22/1.08/0.48  emits 1.73  spf 22.1  z0 0.44  garr 18.5  tG 156  e2 0.36  nF 21.0  pS 0.35  ptS 0.32  fLog 0.46  pdΔ -0.1540  pkR 11.72  clip 0.18  kl +0.004
upd   94  steps  194560  sps 1688  opp symm  loss -0.004  pg +0.0202  v 0.007  ev +0.82  adv_std 0.112  tR +0.00  ent[s/d/p/e] 1.86/2.27/1.11/0.48  emits 1.93  spf 20.6  z0 0.43  garr 17.8  tG 159  e2 0.37  nF 22.0  pS 0.35  ptS 0.33  fLog 0.45  pdΔ -0.1508  pkR 20.97  clip 0.21  kl +0.006
upd   95  steps  196608  sps 1696  opp symm  loss -0.013  pg +0.0104  v 0.007  ev +0.84  adv_std 0.114  tR +0.00  ent[s/d/p/e] 1.88/2.28/1.05/0.46  emits 1.94  spf 19.7  z0 0.42  garr 16.1  tG 144  e2 0.39  nF 23.2  pS 0.34  ptS 0.33  fLog 0.44  pdΔ -0.1596  pkR 17.58  clip 0.19  kl +0.002
upd   96  steps  198656  sps 1704  opp symm  loss -0.033  pg -0.0117  v 0.010  ev +0.80  adv_std 0.136  tR -0.11  ent[s/d/p/e] 1.90/2.27/1.04/0.45  emits 1.96  spf 19.9  z0 0.43  garr 15.5  tG 130  e2 0.39  nF 23.9  pS 0.33  ptS 0.32  fLog 0.44  pdΔ -0.1714  pkR 12.95  clip 0.17  kl +0.005
upd   97  steps  200704  sps 1712  opp symm  loss -0.038  pg -0.0154  v 0.008  ev +0.83  adv_std 0.121  tR +0.56  ent[s/d/p/e] 1.81/2.18/1.06/0.44  emits 1.70  spf 19.1  z0 0.47  garr 17.6  tG 160  e2 0.35  nF 20.8  pS 0.30  ptS 0.30  fLog 0.43  pdΔ -0.1986  pkR 25.21  clip 0.13  kl +0.001
upd   98  steps  202752  sps 1720  opp symm  loss -0.037  pg -0.0144  v 0.008  ev +0.75  adv_std 0.126  tR +0.67  ent[s/d/p/e] 1.69/2.14/1.10/0.48  emits 1.46  spf 21.0  z0 0.50  garr 16.4  tG 114  e2 0.30  nF 17.4  pS 0.26  ptS 0.26  fLog 0.45  pdΔ -0.2400  pkR 10.50  clip 0.13  kl +0.004
[eval_vs_v20] u99 tag=train_u99  bin0=0.0%  spf=16.75  garr=17.98  flip=14.58%  z0=57.3%  e8=0.0%  e2+=0.8%  WLD=0/3/0
upd   99  steps  204800  sps 1728  opp symm  loss -0.026  pg -0.0014  v 0.004  ev +0.89  adv_std 0.086  tR +1.00  ent[s/d/p/e] 1.65/2.14/1.10/0.48  emits 1.37  spf 23.1  z0 0.52  garr 16.8  tG 125  e2 0.28  nF 16.9  pS 0.26  ptS 0.26  fLog 0.46  pdΔ -0.2371  pkR 16.47  clip 0.23  kl +0.007 WRr 0.09 v20[spf 16.8 flip 14.6% e2+ 0.8%]
upd  100  steps  206848  sps 1033  opp symm  loss -0.093  pg -0.0700  v 0.006  ev +0.87  adv_std 0.105  tR +0.00  ent[s/d/p/e] 1.70/2.16/1.09/0.46  emits 1.52  spf 21.6  z0 0.50  garr 16.5  tG 136  e2 0.32  nF 16.8  pS 0.28  ptS 0.27  fLog 0.45  pdΔ -0.2249  pkR 20.32  clip 0.11  kl +0.004
upd  101  steps  208896  sps 1040  opp symm  loss -0.033  pg -0.0096  v 0.004  ev +0.85  adv_std 0.088  tR -0.33  ent[s/d/p/e] 1.61/2.10/1.08/0.45  emits 1.37  spf 22.5  z0 0.52  garr 18.0  tG 148  e2 0.30  nF 15.7  pS 0.27  ptS 0.28  fLog 0.46  pdΔ -0.2256  pkR 17.06  clip 0.15  kl +0.004
upd  102  steps  210944  sps 1047  opp symm  loss -0.031  pg -0.0089  v 0.007  ev +0.82  adv_std 0.115  tR +0.11  ent[s/d/p/e] 1.66/2.12/1.07/0.46  emits 1.46  spf 24.3  z0 0.49  garr 20.6  tG 186  e2 0.31  nF 15.5  pS 0.29  ptS 0.28  fLog 0.47  pdΔ -0.2124  pkR 18.92  clip 0.18  kl +0.004
upd  103  steps  212992  sps 1054  opp symm  loss -0.002  pg +0.0217  v 0.005  ev +0.83  adv_std 0.090  tR -1.00  ent[s/d/p/e] 1.73/2.17/1.03/0.44  emits 1.62  spf 22.8  z0 0.46  garr 17.9  tG 137  e2 0.33  nF 17.7  pS 0.30  ptS 0.29  fLog 0.46  pdΔ -0.2016  pkR 13.11  clip 0.23  kl +0.003
upd  104  steps  215040  sps 1061  opp symm  loss -0.043  pg -0.0197  v 0.005  ev +0.83  adv_std 0.098  tR -0.50  ent[s/d/p/e] 1.76/2.19/1.08/0.44  emits 1.66  spf 24.9  z0 0.46  garr 19.8  tG 175  e2 0.36  nF 18.2  pS 0.32  ptS 0.32  fLog 0.47  pdΔ -0.1779  pkR 14.24  clip 0.15  kl +0.004
upd  105  steps  217088  sps 1067  opp symm  loss -0.010  pg +0.0146  v 0.004  ev +0.85  adv_std 0.083  tR +0.50  ent[s/d/p/e] 1.78/2.21/1.07/0.46  emits 1.74  spf 24.5  z0 0.45  garr 20.4  tG 171  e2 0.36  nF 18.6  pS 0.33  ptS 0.32  fLog 0.47  pdΔ -0.1741  pkR 14.46  clip 0.21  kl +0.004
upd  106  steps  219136  sps 1074  opp symm  loss -0.007  pg +0.0173  v 0.003  ev +0.82  adv_std 0.077  tR +1.00  ent[s/d/p/e] 1.72/2.19/1.08/0.44  emits 1.84  spf 24.6  z0 0.43  garr 20.6  tG 186  e2 0.39  nF 18.9  pS 0.33  ptS 0.33  fLog 0.47  pdΔ -0.1668  pkR 15.32  clip 0.16  kl +0.005
upd  107  steps  221184  sps 1081  opp symm  loss -0.014  pg +0.0103  v 0.005  ev +0.78  adv_std 0.091  tR +0.33  ent[s/d/p/e] 1.78/2.24/1.10/0.45  emits 1.87  spf 24.4  z0 0.42  garr 20.5  tG 177  e2 0.39  nF 20.5  pS 0.35  ptS 0.34  fLog 0.47  pdΔ -0.1530  pkR 13.35  clip 0.14  kl +0.002
upd  108  steps  223232  sps 1087  opp symm  loss -0.025  pg -0.0003  v 0.005  ev +0.80  adv_std 0.094  tR +0.60  ent[s/d/p/e] 1.88/2.31/1.10/0.46  emits 1.94  spf 24.9  z0 0.43  garr 23.5  tG 247  e2 0.39  nF 21.0  pS 0.37  ptS 0.36  fLog 0.47  pdΔ -0.1319  pkR 16.88  clip 0.26  kl +0.005
upd  109  steps  225280  sps 1094  opp symm  loss -0.038  pg -0.0152  v 0.006  ev +0.78  adv_std 0.108  tR +0.43  ent[s/d/p/e] 1.83/2.25/1.09/0.43  emits 1.98  spf 23.1  z0 0.41  garr 17.5  tG 135  e2 0.39  nF 20.6  pS 0.32  ptS 0.31  fLog 0.46  pdΔ -0.1801  pkR 6.41  clip 0.12  kl -0.000
upd  110  steps  227328  sps 1100  opp symm  loss +0.013  pg +0.0357  v 0.007  ev +0.73  adv_std 0.114  tR +0.67  ent[s/d/p/e] 1.81/2.22/1.09/0.45  emits 1.99  spf 23.1  z0 0.42  garr 16.9  tG 132  e2 0.39  nF 21.2  pS 0.32  ptS 0.31  fLog 0.46  pdΔ -0.1788  pkR 5.34  clip 0.13  kl +0.004
upd  111  steps  229376  sps 1107  opp symm  loss -0.019  pg +0.0051  v 0.006  ev +0.78  adv_std 0.101  tR -0.14  ent[s/d/p/e] 1.82/2.28/1.10/0.44  emits 1.87  spf 24.2  z0 0.45  garr 18.3  tG 133  e2 0.37  nF 21.0  pS 0.31  ptS 0.30  fLog 0.47  pdΔ -0.1882  pkR 5.42  clip 0.19  kl +0.010
upd  112  steps  231424  sps 1113  opp symm  loss +0.002  pg +0.0234  v 0.008  ev +0.66  adv_std 0.127  tR +0.00  ent[s/d/p/e] 1.76/2.21/1.11/0.41  emits 1.86  spf 23.8  z0 0.44  garr 17.4  tG 126  e2 0.37  nF 18.5  pS 0.30  ptS 0.29  fLog 0.47  pdΔ -0.2037  pkR 6.24  clip 0.08  kl +0.000
upd  113  steps  233472  sps 1119  opp symm  loss +0.014  pg +0.0375  v 0.005  ev +0.71  adv_std 0.089  tR -0.33  ent[s/d/p/e] 1.71/2.18/1.08/0.43  emits 1.92  spf 21.8  z0 0.42  garr 17.1  tG 125  e2 0.37  nF 19.9  pS 0.30  ptS 0.29  fLog 0.45  pdΔ -0.2041  pkR 12.24  clip 0.24  kl +0.009
upd  114  steps  235520  sps 1126  opp symm  loss +0.012  pg +0.0338  v 0.008  ev +0.71  adv_std 0.113  tR -0.20  ent[s/d/p/e] 1.78/2.22/1.10/0.40  emits 2.01  spf 20.8  z0 0.42  garr 18.2  tG 150  e2 0.39  nF 21.3  pS 0.31  ptS 0.31  fLog 0.44  pdΔ -0.1861  pkR 19.43  clip 0.21  kl +0.002
upd  115  steps  237568  sps 1132  opp symm  loss -0.043  pg -0.0217  v 0.010  ev +0.75  adv_std 0.135  tR -0.14  ent[s/d/p/e] 1.81/2.23/1.10/0.43  emits 2.01  spf 21.5  z0 0.42  garr 17.3  tG 129  e2 0.39  nF 21.4  pS 0.32  ptS 0.31  fLog 0.45  pdΔ -0.1793  pkR 5.27  clip 0.13  kl +0.001
upd  116  steps  239616  sps 1138  opp symm  loss -0.024  pg -0.0017  v 0.007  ev +0.79  adv_std 0.115  tR -0.14  ent[s/d/p/e] 1.73/2.22/1.06/0.42  emits 1.94  spf 20.9  z0 0.43  garr 17.9  tG 132  e2 0.40  nF 20.8  pS 0.32  ptS 0.31  fLog 0.45  pdΔ -0.1849  pkR 12.35  clip 0.12  kl +0.004
upd  117  steps  241664  sps 1145  opp symm  loss -0.032  pg -0.0072  v 0.005  ev +0.85  adv_std 0.096  tR +0.33  ent[s/d/p/e] 1.75/2.28/1.09/0.46  emits 1.87  spf 21.9  z0 0.44  garr 20.3  tG 172  e2 0.37  nF 20.9  pS 0.33  ptS 0.32  fLog 0.45  pdΔ -0.1693  pkR 20.36  clip 0.32  kl +0.011
upd  118  steps  243712  sps 1151  opp symm  loss +0.010  pg +0.0343  v 0.004  ev +0.84  adv_std 0.088  tR +1.00  ent[s/d/p/e] 1.78/2.31/1.07/0.45  emits 1.85  spf 21.9  z0 0.44  garr 18.4  tG 140  e2 0.36  nF 20.1  pS 0.32  ptS 0.32  fLog 0.46  pdΔ -0.1760  pkR 8.58  clip 0.27  kl +0.006
upd  119  steps  245760  sps 1157  opp symm  loss -0.041  pg -0.0186  v 0.009  ev +0.76  adv_std 0.124  tR +0.00  ent[s/d/p/e] 1.79/2.32/1.07/0.43  emits 2.17  spf 20.8  z0 0.39  garr 16.3  tG 129  e2 0.41  nF 23.2  pS 0.33  ptS 0.33  fLog 0.45  pdΔ -0.1672  pkR 4.30  clip 0.25  kl +0.003
upd  120  steps  247808  sps 1163  opp symm  loss -0.073  pg -0.0492  v 0.007  ev +0.83  adv_std 0.115  tR +0.50  ent[s/d/p/e] 1.88/2.36/1.07/0.45  emits 1.96  spf 23.3  z0 0.43  garr 16.5  tG 152  e2 0.38  nF 22.7  pS 0.36  ptS 0.35  fLog 0.46  pdΔ -0.1433  pkR 8.71  clip 0.15  kl +0.005
upd  121  steps  249856  sps 1169  opp symm  loss -0.090  pg -0.0662  v 0.006  ev +0.90  adv_std 0.109  tR +0.00  ent[s/d/p/e] 1.90/2.35/1.06/0.42  emits 2.11  spf 24.2  z0 0.40  garr 19.1  tG 200  e2 0.40  nF 22.6  pS 0.38  ptS 0.37  fLog 0.47  pdΔ -0.1231  pkR 15.44  clip 0.19  kl +0.004
upd  122  steps  251904  sps 1175  opp symm  loss +0.015  pg +0.0405  v 0.003  ev +0.91  adv_std 0.078  tR +0.33  ent[s/d/p/e] 1.87/2.36/1.10/0.42  emits 2.07  spf 24.0  z0 0.41  garr 19.0  tG 197  e2 0.39  nF 23.1  pS 0.37  ptS 0.36  fLog 0.47  pdΔ -0.1263  pkR 15.16  clip 0.28  kl +0.005
upd  123  steps  253952  sps 1181  opp symm  loss +0.010  pg +0.0332  v 0.007  ev +0.82  adv_std 0.115  tR +0.67  ent[s/d/p/e] 1.90/2.38/1.09/0.40  emits 2.32  spf 22.0  z0 0.39  garr 19.8  tG 207  e2 0.42  nF 24.7  pS 0.38  ptS 0.37  fLog 0.45  pdΔ -0.1176  pkR 18.35  clip 0.16  kl +0.003
upd  124  steps  256000  sps 1187  opp symm  loss -0.038  pg -0.0149  v 0.007  ev +0.82  adv_std 0.112  tR +0.20  ent[s/d/p/e] 1.83/2.32/1.07/0.44  emits 1.96  spf 23.0  z0 0.43  garr 19.0  tG 181  e2 0.38  nF 24.0  pS 0.37  ptS 0.36  fLog 0.46  pdΔ -0.1306  pkR 11.51  clip 0.26  kl +0.007
upd  125  steps  258048  sps 1193  opp symm  loss -0.024  pg -0.0022  v 0.008  ev +0.80  adv_std 0.124  tR +0.43  ent[s/d/p/e] 1.66/2.21/1.05/0.43  emits 1.68  spf 22.3  z0 0.47  garr 21.6  tG 239  e2 0.33  nF 20.5  pS 0.36  ptS 0.35  fLog 0.46  pdΔ -0.1421  pkR 14.16  clip 0.20  kl +0.004
upd  126  steps  260096  sps 1199  opp symm  loss +0.015  pg +0.0362  v 0.009  ev +0.77  adv_std 0.128  tR +0.09  ent[s/d/p/e] 1.61/2.15/1.09/0.44  emits 1.68  spf 22.3  z0 0.46  garr 19.1  tG 176  e2 0.34  nF 17.6  pS 0.30  ptS 0.29  fLog 0.46  pdΔ -0.1959  pkR 24.48  clip 0.24  kl +0.004
upd  127  steps  262144  sps 1205  opp symm  loss -0.024  pg -0.0012  v 0.004  ev +0.79  adv_std 0.090  tR +0.00  ent[s/d/p/e] 1.61/2.13/1.11/0.40  emits 1.91  spf 21.2  z0 0.41  garr 15.0  tG 116  e2 0.38  nF 20.0  pS 0.29  ptS 0.29  fLog 0.45  pdΔ -0.2061  pkR 8.94  clip 0.20  kl +0.007
upd  128  steps  264192  sps 1210  opp symm  loss -0.026  pg -0.0026  v 0.003  ev +0.89  adv_std 0.072  tR +0.50  ent[s/d/p/e] 1.54/2.10/1.10/0.42  emits 1.68  spf 19.7  z0 0.46  garr 17.1  tG 155  e2 0.34  nF 18.9  pS 0.30  ptS 0.29  fLog 0.44  pdΔ -0.2043  pkR 21.83  clip 0.18  kl +0.003
upd  129  steps  266240  sps 1216  opp symm  loss -0.030  pg -0.0080  v 0.005  ev +0.85  adv_std 0.098  tR +0.00  ent[s/d/p/e] 1.59/2.15/1.07/0.40  emits 1.80  spf 21.9  z0 0.45  garr 15.8  tG 119  e2 0.37  nF 20.0  pS 0.30  ptS 0.29  fLog 0.46  pdΔ -0.2023  pkR 9.48  clip 0.16  kl +0.005
upd  130  steps  268288  sps 1222  opp symm  loss -0.036  pg -0.0136  v 0.004  ev +0.91  adv_std 0.079  tR +0.00  ent[s/d/p/e] 1.63/2.19/1.05/0.39  emits 1.86  spf 22.3  z0 0.46  garr 16.8  tG 150  e2 0.36  nF 19.2  pS 0.31  ptS 0.29  fLog 0.46  pdΔ -0.1949  pkR 19.83  clip 0.15  kl +0.003
upd  131  steps  270336  sps 1228  opp symm  loss -0.083  pg -0.0637  v 0.009  ev +0.80  adv_std 0.134  tR -0.09  ent[s/d/p/e] 1.61/2.17/1.01/0.37  emits 1.81  spf 21.6  z0 0.47  garr 17.4  tG 163  e2 0.37  nF 17.6  pS 0.30  ptS 0.29  fLog 0.46  pdΔ -0.2044  pkR 27.32  clip 0.18  kl +0.004
upd  132  steps  272384  sps 1233  opp symm  loss +0.038  pg +0.0596  v 0.006  ev +0.75  adv_std 0.103  tR +0.33  ent[s/d/p/e] 1.59/2.18/1.04/0.37  emits 1.94  spf 20.5  z0 0.45  garr 14.2  tG 98  e2 0.37  nF 17.9  pS 0.28  ptS 0.28  fLog 0.45  pdΔ -0.2226  pkR 4.74  clip 0.28  kl +0.009
upd  133  steps  274432  sps 1239  opp symm  loss -0.020  pg +0.0000  v 0.006  ev +0.81  adv_std 0.107  tR +0.60  ent[s/d/p/e] 1.58/2.20/1.04/0.34  emits 1.97  spf 22.1  z0 0.46  garr 14.9  tG 114  e2 0.38  nF 17.7  pS 0.28  ptS 0.28  fLog 0.46  pdΔ -0.2205  pkR 10.82  clip 0.16  kl +0.002
upd  134  steps  276480  sps 1245  opp symm  loss -0.016  pg +0.0064  v 0.004  ev +0.92  adv_std 0.081  tR +0.20  ent[s/d/p/e] 1.63/2.18/1.07/0.37  emits 1.79  spf 23.6  z0 0.47  garr 15.6  tG 121  e2 0.34  nF 18.2  pS 0.27  ptS 0.27  fLog 0.47  pdΔ -0.2260  pkR 13.83  clip 0.13  kl +0.004
upd  135  steps  278528  sps 1250  opp symm  loss -0.016  pg +0.0057  v 0.005  ev +0.87  adv_std 0.096  tR -0.20  ent[s/d/p/e] 1.48/2.10/1.06/0.37  emits 1.62  spf 24.3  z0 0.46  garr 15.1  tG 99  e2 0.31  nF 15.2  pS 0.24  ptS 0.24  fLog 0.47  pdΔ -0.2595  pkR 6.18  clip 0.16  kl +0.003
upd  136  steps  280576  sps 1256  opp symm  loss +0.012  pg +0.0331  v 0.005  ev +0.88  adv_std 0.102  tR +0.67  ent[s/d/p/e] 1.44/2.09/1.04/0.38  emits 1.71  spf 23.9  z0 0.45  garr 15.1  tG 98  e2 0.33  nF 15.2  pS 0.25  ptS 0.25  fLog 0.46  pdΔ -0.2499  pkR 6.76  clip 0.20  kl +0.004
upd  137  steps  282624  sps 1261  opp symm  loss -0.034  pg -0.0128  v 0.006  ev +0.86  adv_std 0.107  tR +0.00  ent[s/d/p/e] 1.46/2.09/1.05/0.39  emits 1.59  spf 23.7  z0 0.47  garr 16.0  tG 95  e2 0.32  nF 14.8  pS 0.24  ptS 0.24  fLog 0.47  pdΔ -0.2584  pkR 7.32  clip 0.16  kl +0.004
upd  138  steps  284672  sps 1267  opp symm  loss -0.006  pg +0.0161  v 0.004  ev +0.92  adv_std 0.084  tR +0.00  ent[s/d/p/e] 1.43/2.06/1.05/0.41  emits 1.51  spf 24.5  z0 0.48  garr 16.4  tG 97  e2 0.30  nF 14.5  pS 0.24  ptS 0.23  fLog 0.47  pdΔ -0.2604  pkR 6.52  clip 0.20  kl +0.010
upd  139  steps  286720  sps 1272  opp symm  loss -0.017  pg +0.0057  v 0.004  ev +0.93  adv_std 0.083  tR -1.00  ent[s/d/p/e] 1.46/2.12/1.09/0.41  emits 1.54  spf 27.4  z0 0.48  garr 17.6  tG 109  e2 0.31  nF 15.4  pS 0.25  ptS 0.25  fLog 0.48  pdΔ -0.2504  pkR 7.18  clip 0.12  kl +0.005
upd  140  steps  288768  sps 1277  opp symm  loss -0.009  pg +0.0135  v 0.003  ev +0.95  adv_std 0.076  tR +0.33  ent[s/d/p/e] 1.40/2.08/1.07/0.42  emits 1.40  spf 31.2  z0 0.50  garr 18.8  tG 127  e2 0.29  nF 13.2  pS 0.24  ptS 0.24  fLog 0.49  pdΔ -0.2568  pkR 9.81  clip 0.34  kl +0.008
upd  141  steps  290816  sps 1283  opp symm  loss -0.012  pg +0.0056  v 0.012  ev +0.84  adv_std 0.152  tR -0.11  ent[s/d/p/e] 1.44/2.09/1.06/0.39  emits 1.55  spf 29.6  z0 0.48  garr 17.1  tG 122  e2 0.32  nF 12.4  pS 0.24  ptS 0.24  fLog 0.49  pdΔ -0.2567  pkR 8.57  clip 0.13  kl +0.001
upd  142  steps  292864  sps 1288  opp symm  loss -0.005  pg +0.0163  v 0.004  ev +0.94  adv_std 0.089  tR -1.00  ent[s/d/p/e] 1.42/2.07/1.05/0.38  emits 1.49  spf 29.4  z0 0.49  garr 17.0  tG 120  e2 0.30  nF 12.5  pS 0.24  ptS 0.24  fLog 0.49  pdΔ -0.2578  pkR 7.34  clip 0.12  kl +0.001
upd  143  steps  294912  sps 1293  opp symm  loss -0.012  pg +0.0095  v 0.004  ev +0.95  adv_std 0.079  tR +0.00  ent[s/d/p/e] 1.41/2.03/1.07/0.40  emits 1.53  spf 28.4  z0 0.44  garr 16.5  tG 118  e2 0.31  nF 13.8  pS 0.25  ptS 0.25  fLog 0.49  pdΔ -0.2461  pkR 6.18  clip 0.24  kl +0.009
upd  144  steps  296960  sps 1299  opp symm  loss -0.004  pg +0.0186  v 0.004  ev +0.95  adv_std 0.088  tR -0.33  ent[s/d/p/e] 1.44/2.11/1.07/0.41  emits 1.67  spf 26.8  z0 0.44  garr 16.9  tG 123  e2 0.35  nF 14.4  pS 0.27  ptS 0.27  fLog 0.48  pdΔ -0.2277  pkR 6.69  clip 0.15  kl +0.003
upd  145  steps  299008  sps 1304  opp symm  loss +0.050  pg +0.0717  v 0.006  ev +0.92  adv_std 0.107  tR -0.71  ent[s/d/p/e] 1.52/2.24/1.09/0.42  emits 1.63  spf 28.1  z0 0.47  garr 17.1  tG 134  e2 0.33  nF 15.3  pS 0.29  ptS 0.29  fLog 0.49  pdΔ -0.2088  pkR 6.63  clip 0.16  kl +0.006
upd  146  steps  301056  sps 1309  opp symm  loss -0.055  pg -0.0330  v 0.006  ev +0.89  adv_std 0.111  tR -0.60  ent[s/d/p/e] 1.38/2.16/1.11/0.45  emits 1.40  spf 28.1  z0 0.48  garr 18.3  tG 144  e2 0.29  nF 14.6  pS 0.29  ptS 0.28  fLog 0.50  pdΔ -0.2118  pkR 11.31  clip 0.13  kl +0.004
upd  147  steps  303104  sps 1314  opp symm  loss -0.019  pg +0.0049  v 0.003  ev +0.95  adv_std 0.077  tR +1.00  ent[s/d/p/e] 1.45/2.16/1.08/0.46  emits 1.64  spf 25.3  z0 0.42  garr 16.9  tG 141  e2 0.34  nF 16.5  pS 0.31  ptS 0.31  fLog 0.48  pdΔ -0.1938  pkR 12.36  clip 0.11  kl +0.001
upd  148  steps  305152  sps 1320  opp symm  loss -0.009  pg +0.0124  v 0.010  ev +0.86  adv_std 0.138  tR -0.25  ent[s/d/p/e] 1.47/2.20/1.11/0.49  emits 1.53  spf 28.4  z0 0.45  garr 17.1  tG 137  e2 0.32  nF 16.1  pS 0.30  ptS 0.30  fLog 0.50  pdΔ -0.1991  pkR 6.04  clip 0.17  kl +0.004
upd  149  steps  307200  sps 1325  opp symm  loss -0.017  pg +0.0064  v 0.005  ev +0.92  adv_std 0.096  tR +0.00  ent[s/d/p/e] 1.39/2.15/1.11/0.49  emits 1.49  spf 28.3  z0 0.45  garr 18.3  tG 142  e2 0.33  nF 15.5  pS 0.29  ptS 0.29  fLog 0.50  pdΔ -0.2057  pkR 11.74  clip 0.15  kl +0.003
upd  150  steps  309248  sps 1330  opp symm  loss +0.022  pg +0.0449  v 0.005  ev +0.93  adv_std 0.101  tR -0.33  ent[s/d/p/e] 1.49/2.18/1.07/0.47  emits 1.69  spf 27.7  z0 0.43  garr 17.6  tG 143  e2 0.35  nF 17.0  pS 0.32  ptS 0.31  fLog 0.49  pdΔ -0.1846  pkR 4.55  clip 0.21  kl +0.008
upd  151  steps  311296  sps 1335  opp symm  loss -0.037  pg -0.0147  v 0.006  ev +0.94  adv_std 0.109  tR +0.14  ent[s/d/p/e] 1.47/2.20/1.10/0.44  emits 1.88  spf 27.4  z0 0.39  garr 16.7  tG 148  e2 0.38  nF 18.1  pS 0.33  ptS 0.33  fLog 0.49  pdΔ -0.1730  pkR 4.33  clip 0.22  kl +0.007
upd  152  steps  313344  sps 1340  opp symm  loss -0.021  pg +0.0016  v 0.006  ev +0.95  adv_std 0.104  tR -0.33  ent[s/d/p/e] 1.49/2.19/1.10/0.45  emits 1.86  spf 26.2  z0 0.39  garr 16.3  tG 138  e2 0.37  nF 18.8  pS 0.32  ptS 0.32  fLog 0.49  pdΔ -0.1791  pkR 4.84  clip 0.18  kl +0.008
upd  153  steps  315392  sps 1345  opp symm  loss -0.011  pg +0.0115  v 0.005  ev +0.96  adv_std 0.100  tR -0.33  ent[s/d/p/e] 1.51/2.19/1.08/0.46  emits 1.80  spf 25.8  z0 0.42  garr 16.9  tG 164  e2 0.37  nF 19.3  pS 0.34  ptS 0.34  fLog 0.48  pdΔ -0.1637  pkR 13.54  clip 0.21  kl +0.002
upd  154  steps  317440  sps 1350  opp symm  loss -0.008  pg +0.0135  v 0.007  ev +0.93  adv_std 0.116  tR +0.67  ent[s/d/p/e] 1.52/2.17/1.08/0.43  emits 1.63  spf 23.9  z0 0.48  garr 17.3  tG 161  e2 0.32  nF 17.3  pS 0.31  ptS 0.31  fLog 0.48  pdΔ -0.1915  pkR 19.21  clip 0.15  kl +0.007
upd  155  steps  319488  sps 1355  opp symm  loss +0.019  pg +0.0416  v 0.005  ev +0.95  adv_std 0.098  tR +0.00  ent[s/d/p/e] 1.56/2.21/1.08/0.43  emits 1.65  spf 25.5  z0 0.46  garr 15.8  tG 129  e2 0.33  nF 17.6  pS 0.29  ptS 0.29  fLog 0.48  pdΔ -0.2083  pkR 12.10  clip 0.14  kl +0.002
upd  156  steps  321536  sps 1360  opp symm  loss +0.024  pg +0.0463  v 0.006  ev +0.95  adv_std 0.109  tR +0.00  ent[s/d/p/e] 1.54/2.21/1.09/0.42  emits 1.84  spf 25.6  z0 0.44  garr 15.4  tG 129  e2 0.36  nF 18.1  pS 0.30  ptS 0.30  fLog 0.48  pdΔ -0.1956  pkR 6.77  clip 0.27  kl +0.006
upd  157  steps  323584  sps 1365  opp symm  loss -0.032  pg -0.0085  v 0.005  ev +0.95  adv_std 0.098  tR +0.45  ent[s/d/p/e] 1.50/2.21/1.08/0.45  emits 1.69  spf 27.1  z0 0.43  garr 16.7  tG 131  e2 0.34  nF 15.8  pS 0.30  ptS 0.30  fLog 0.49  pdΔ -0.1999  pkR 6.67  clip 0.13  kl +0.001
upd  158  steps  325632  sps 1370  opp symm  loss +0.014  pg +0.0360  v 0.006  ev +0.93  adv_std 0.112  tR +1.00  ent[s/d/p/e] 1.39/2.11/1.07/0.45  emits 1.62  spf 27.1  z0 0.45  garr 16.0  tG 116  e2 0.33  nF 14.1  pS 0.27  ptS 0.27  fLog 0.49  pdΔ -0.2314  pkR 6.24  clip 0.19  kl +0.007
upd  159  steps  327680  sps 1375  opp symm  loss -0.035  pg -0.0135  v 0.006  ev +0.94  adv_std 0.107  tR +0.00  ent[s/d/p/e] 1.41/2.13/1.08/0.43  emits 1.85  spf 24.5  z0 0.42  garr 15.1  tG 110  e2 0.38  nF 15.5  pS 0.29  ptS 0.28  fLog 0.48  pdΔ -0.2140  pkR 5.99  clip 0.11  kl +0.001
upd  160  steps  329728  sps 1380  opp symm  loss -0.002  pg +0.0205  v 0.005  ev +0.96  adv_std 0.096  tR -0.33  ent[s/d/p/e] 1.46/2.16/1.07/0.44  emits 1.81  spf 24.2  z0 0.42  garr 15.5  tG 123  e2 0.36  nF 17.3  pS 0.31  ptS 0.31  fLog 0.48  pdΔ -0.1867  pkR 5.11  clip 0.18  kl +0.002
upd  161  steps  331776  sps 1384  opp symm  loss -0.001  pg +0.0211  v 0.007  ev +0.94  adv_std 0.116  tR +0.00  ent[s/d/p/e] 1.50/2.20/1.10/0.44  emits 1.92  spf 25.6  z0 0.42  garr 15.8  tG 134  e2 0.38  nF 17.6  pS 0.32  ptS 0.32  fLog 0.48  pdΔ -0.1770  pkR 5.75  clip 0.24  kl +0.005
upd  162  steps  333824  sps 1389  opp symm  loss +0.004  pg +0.0254  v 0.007  ev +0.94  adv_std 0.117  tR +0.14  ent[s/d/p/e] 1.48/2.15/1.05/0.42  emits 1.84  spf 23.8  z0 0.42  garr 16.0  tG 141  e2 0.38  nF 17.3  pS 0.33  ptS 0.33  fLog 0.48  pdΔ -0.1742  pkR 12.61  clip 0.16  kl +0.003
upd  163  steps  335872  sps 1394  opp symm  loss +0.023  pg +0.0440  v 0.007  ev +0.94  adv_std 0.117  tR +0.60  ent[s/d/p/e] 1.40/2.13/1.08/0.44  emits 1.78  spf 23.4  z0 0.43  garr 16.6  tG 140  e2 0.37  nF 16.9  pS 0.31  ptS 0.31  fLog 0.47  pdΔ -0.1949  pkR 17.16  clip 0.15  kl +0.002
upd  164  steps  337920  sps 1399  opp symm  loss -0.003  pg +0.0183  v 0.007  ev +0.93  adv_std 0.114  tR +0.25  ent[s/d/p/e] 1.47/2.15/1.07/0.43  emits 1.77  spf 24.8  z0 0.44  garr 17.3  tG 144  e2 0.36  nF 16.1  pS 0.30  ptS 0.31  fLog 0.48  pdΔ -0.1950  pkR 12.51  clip 0.12  kl +0.001
upd  165  steps  339968  sps 1403  opp symm  loss +0.031  pg +0.0540  v 0.005  ev +0.95  adv_std 0.092  tR +1.00  ent[s/d/p/e] 1.47/2.16/1.07/0.46  emits 1.79  spf 24.6  z0 0.44  garr 16.5  tG 133  e2 0.37  nF 17.1  pS 0.30  ptS 0.31  fLog 0.48  pdΔ -0.1976  pkR 10.43  clip 0.21  kl +0.005
upd  166  steps  342016  sps 1408  opp symm  loss +0.004  pg +0.0270  v 0.004  ev +0.96  adv_std 0.092  tR +0.20  ent[s/d/p/e] 1.50/2.17/1.06/0.43  emits 1.64  spf 25.6  z0 0.47  garr 17.9  tG 158  e2 0.33  nF 15.4  pS 0.29  ptS 0.30  fLog 0.49  pdΔ -0.2079  pkR 19.89  clip 0.22  kl +0.003
upd  167  steps  344064  sps 1413  opp symm  loss -0.008  pg +0.0154  v 0.004  ev +0.95  adv_std 0.097  tR +0.60  ent[s/d/p/e] 1.50/2.19/1.08/0.46  emits 1.58  spf 26.7  z0 0.48  garr 17.7  tG 142  e2 0.32  nF 14.0  pS 0.28  ptS 0.29  fLog 0.49  pdΔ -0.2190  pkR 14.35  clip 0.21  kl +0.010
upd  168  steps  346112  sps 1417  opp symm  loss -0.005  pg +0.0171  v 0.005  ev +0.94  adv_std 0.102  tR +0.60  ent[s/d/p/e] 1.47/2.15/1.06/0.43  emits 1.42  spf 26.9  z0 0.51  garr 17.6  tG 136  e2 0.30  nF 13.4  pS 0.27  ptS 0.27  fLog 0.49  pdΔ -0.2300  pkR 12.22  clip 0.16  kl +0.003
upd  169  steps  348160  sps 1422  opp symm  loss -0.045  pg -0.0223  v 0.005  ev +0.94  adv_std 0.098  tR +0.50  ent[s/d/p/e] 1.36/2.06/1.10/0.45  emits 1.33  spf 25.8  z0 0.49  garr 19.4  tG 181  e2 0.28  nF 13.0  pS 0.26  ptS 0.26  fLog 0.48  pdΔ -0.2396  pkR 19.97  clip 0.17  kl +0.004
upd  170  steps  350208  sps 1427  opp symm  loss +0.016  pg +0.0376  v 0.005  ev +0.94  adv_std 0.095  tR +0.00  ent[s/d/p/e] 1.30/2.02/1.09/0.44  emits 1.27  spf 26.8  z0 0.50  garr 17.1  tG 121  e2 0.28  nF 13.1  pS 0.24  ptS 0.24  fLog 0.49  pdΔ -0.2596  pkR 17.50  clip 0.11  kl -0.000
upd  171  steps  352256  sps 1431  opp symm  loss -0.045  pg -0.0230  v 0.004  ev +0.96  adv_std 0.087  tR +0.00  ent[s/d/p/e] 1.26/1.98/1.03/0.45  emits 1.26  spf 25.8  z0 0.53  garr 16.8  tG 117  e2 0.26  nF 11.7  pS 0.23  ptS 0.23  fLog 0.48  pdΔ -0.2735  pkR 19.03  clip 0.14  kl +0.005
upd  172  steps  354304  sps 1436  opp symm  loss -0.005  pg +0.0153  v 0.006  ev +0.94  adv_std 0.110  tR +0.20  ent[s/d/p/e] 1.20/1.91/1.05/0.45  emits 1.24  spf 25.0  z0 0.51  garr 15.3  tG 93  e2 0.27  nF 11.8  pS 0.21  ptS 0.21  fLog 0.47  pdΔ -0.2906  pkR 7.27  clip 0.18  kl +0.006
upd  173  steps  356352  sps 1440  opp symm  loss -0.019  pg -0.0002  v 0.008  ev +0.92  adv_std 0.129  tR -0.33  ent[s/d/p/e] 1.23/1.94/1.08/0.42  emits 1.25  spf 24.9  z0 0.51  garr 13.8  tG 87  e2 0.26  nF 11.7  pS 0.21  ptS 0.21  fLog 0.48  pdΔ -0.2936  pkR 7.42  clip 0.23  kl +0.011
upd  174  steps  358400  sps 1445  opp symm  loss -0.036  pg -0.0134  v 0.004  ev +0.96  adv_std 0.086  tR -0.60  ent[s/d/p/e] 1.23/1.99/1.03/0.48  emits 1.17  spf 28.5  z0 0.50  garr 16.3  tG 111  e2 0.25  nF 11.9  pS 0.23  ptS 0.23  fLog 0.49  pdΔ -0.2679  pkR 8.27  clip 0.15  kl +0.003
upd  175  steps  360448  sps 1449  opp symm  loss -0.039  pg -0.0180  v 0.006  ev +0.95  adv_std 0.111  tR +0.33  ent[s/d/p/e] 1.28/2.03/1.01/0.47  emits 1.28  spf 30.8  z0 0.50  garr 17.9  tG 129  e2 0.28  nF 12.0  pS 0.26  ptS 0.26  fLog 0.51  pdΔ -0.2367  pkR 7.43  clip 0.14  kl +0.002
upd  176  steps  362496  sps 1454  opp symm  loss +0.011  pg +0.0328  v 0.005  ev +0.96  adv_std 0.099  tR +0.67  ent[s/d/p/e] 1.29/2.02/1.02/0.48  emits 1.35  spf 30.5  z0 0.49  garr 17.6  tG 126  e2 0.29  nF 11.5  pS 0.26  ptS 0.25  fLog 0.50  pdΔ -0.2391  pkR 7.35  clip 0.15  kl +0.003
upd  177  steps  364544  sps 1458  opp symm  loss -0.016  pg +0.0057  v 0.007  ev +0.95  adv_std 0.117  tR -0.60  ent[s/d/p/e] 1.33/2.06/1.04/0.49  emits 1.20  spf 29.8  z0 0.53  garr 18.6  tG 155  e2 0.26  nF 11.4  pS 0.27  ptS 0.26  fLog 0.50  pdΔ -0.2320  pkR 18.45  clip 0.20  kl +0.009
upd  178  steps  366592  sps 1462  opp symm  loss -0.002  pg +0.0190  v 0.008  ev +0.93  adv_std 0.128  tR -0.40  ent[s/d/p/e] 1.39/2.12/1.03/0.48  emits 1.19  spf 28.9  z0 0.54  garr 17.9  tG 130  e2 0.25  nF 10.0  pS 0.26  ptS 0.25  fLog 0.51  pdΔ -0.2384  pkR 17.84  clip 0.12  kl +0.004
upd  179  steps  368640  sps 1467  opp symm  loss +0.007  pg +0.0306  v 0.005  ev +0.96  adv_std 0.100  tR -0.33  ent[s/d/p/e] 1.46/2.18/1.07/0.49  emits 1.22  spf 30.6  z0 0.52  garr 19.0  tG 142  e2 0.26  nF 10.6  pS 0.28  ptS 0.27  fLog 0.51  pdΔ -0.2164  pkR 9.39  clip 0.12  kl +0.001
upd  180  steps  370688  sps 1471  opp symm  loss -0.030  pg -0.0067  v 0.006  ev +0.96  adv_std 0.110  tR +0.11  ent[s/d/p/e] 1.48/2.19/1.04/0.49  emits 1.35  spf 30.8  z0 0.50  garr 19.6  tG 162  e2 0.28  nF 11.8  pS 0.31  ptS 0.29  fLog 0.51  pdΔ -0.1937  pkR 16.53  clip 0.16  kl -0.001
upd  181  steps  372736  sps 1476  opp symm  loss -0.025  pg -0.0022  v 0.006  ev +0.96  adv_std 0.112  tR +1.00  ent[s/d/p/e] 1.46/2.24/1.07/0.50  emits 1.28  spf 29.5  z0 0.51  garr 21.2  tG 169  e2 0.26  nF 11.4  pS 0.31  ptS 0.29  fLog 0.51  pdΔ -0.1914  pkR 13.60  clip 0.13  kl +0.005
upd  182  steps  374784  sps 1480  opp symm  loss +0.004  pg +0.0281  v 0.006  ev +0.95  adv_std 0.113  tR +0.50  ent[s/d/p/e] 1.48/2.22/1.12/0.51  emits 1.26  spf 30.0  z0 0.52  garr 21.5  tG 168  e2 0.26  nF 11.6  pS 0.31  ptS 0.30  fLog 0.51  pdΔ -0.1873  pkR 12.94  clip 0.10  kl +0.001
upd  183  steps  376832  sps 1484  opp symm  loss +0.003  pg +0.0268  v 0.007  ev +0.95  adv_std 0.114  tR +0.14  ent[s/d/p/e] 1.42/2.18/1.12/0.52  emits 1.21  spf 31.3  z0 0.52  garr 23.0  tG 169  e2 0.26  nF 11.0  pS 0.29  ptS 0.28  fLog 0.52  pdΔ -0.2086  pkR 12.42  clip 0.11  kl +0.002
upd  184  steps  378880  sps 1488  opp symm  loss -0.019  pg +0.0050  v 0.005  ev +0.96  adv_std 0.096  tR +1.00  ent[s/d/p/e] 1.39/2.12/1.11/0.53  emits 1.24  spf 28.4  z0 0.50  garr 20.9  tG 146  e2 0.28  nF 11.3  pS 0.29  ptS 0.28  fLog 0.50  pdΔ -0.2075  pkR 7.25  clip 0.14  kl +0.011
upd  185  steps  380928  sps 1493  opp symm  loss -0.015  pg +0.0092  v 0.005  ev +0.96  adv_std 0.098  tR +0.20  ent[s/d/p/e] 1.38/2.17/1.13/0.54  emits 1.13  spf 29.7  z0 0.53  garr 23.2  tG 159  e2 0.24  nF 10.9  pS 0.29  ptS 0.28  fLog 0.51  pdΔ -0.2066  pkR 5.02  clip 0.16  kl +0.004
upd  186  steps  382976  sps 1497  opp symm  loss -0.045  pg -0.0198  v 0.004  ev +0.96  adv_std 0.089  tR -0.50  ent[s/d/p/e] 1.37/2.18/1.14/0.53  emits 1.01  spf 34.2  z0 0.55  garr 23.8  tG 168  e2 0.22  nF 10.3  pS 0.29  ptS 0.28  fLog 0.53  pdΔ -0.2126  pkR 4.84  clip 0.15  kl +0.004
upd  187  steps  385024  sps 1501  opp symm  loss -0.016  pg +0.0068  v 0.008  ev +0.92  adv_std 0.127  tR -0.33  ent[s/d/p/e] 1.38/2.16/1.11/0.53  emits 1.06  spf 35.1  z0 0.53  garr 24.6  tG 184  e2 0.23  nF 9.8  pS 0.30  ptS 0.29  fLog 0.53  pdΔ -0.1977  pkR 4.36  clip 0.21  kl +0.004
upd  188  steps  387072  sps 1505  opp symm  loss -0.036  pg -0.0130  v 0.008  ev +0.92  adv_std 0.131  tR +0.33  ent[s/d/p/e] 1.34/2.17/1.16/0.55  emits 1.10  spf 36.9  z0 0.53  garr 26.7  tG 199  e2 0.25  nF 9.4  pS 0.30  ptS 0.29  fLog 0.53  pdΔ -0.2003  pkR 5.06  clip 0.10  kl +0.001
upd  189  steps  389120  sps 1509  opp symm  loss -0.045  pg -0.0210  v 0.006  ev +0.95  adv_std 0.114  tR -0.33  ent[s/d/p/e] 1.44/2.20/1.14/0.54  emits 1.02  spf 37.8  z0 0.55  garr 28.6  tG 244  e2 0.22  nF 9.5  pS 0.32  ptS 0.31  fLog 0.54  pdΔ -0.1764  pkR 9.33  clip 0.15  kl +0.009
upd  190  steps  391168  sps 1514  opp symm  loss -0.021  pg +0.0050  v 0.005  ev +0.96  adv_std 0.096  tR -0.20  ent[s/d/p/e] 1.50/2.27/1.16/0.56  emits 1.14  spf 40.7  z0 0.53  garr 30.0  tG 264  e2 0.25  nF 9.4  pS 0.33  ptS 0.32  fLog 0.55  pdΔ -0.1692  pkR 12.95  clip 0.09  kl +0.003
upd  191  steps  393216  sps 1518  opp symm  loss -0.061  pg -0.0354  v 0.005  ev +0.96  adv_std 0.104  tR +1.00  ent[s/d/p/e] 1.52/2.30/1.15/0.55  emits 1.21  spf 42.0  z0 0.52  garr 29.2  tG 241  e2 0.25  nF 10.2  pS 0.34  ptS 0.33  fLog 0.56  pdΔ -0.1642  pkR 4.92  clip 0.10  kl +0.003
upd  192  steps  395264  sps 1522  opp symm  loss -0.019  pg +0.0064  v 0.005  ev +0.96  adv_std 0.097  tR +0.25  ent[s/d/p/e] 1.48/2.22/1.13/0.53  emits 1.16  spf 39.8  z0 0.54  garr 27.8  tG 213  e2 0.25  nF 8.9  pS 0.30  ptS 0.29  fLog 0.54  pdΔ -0.1973  pkR 5.55  clip 0.11  kl +0.004
upd  193  steps  397312  sps 1526  opp symm  loss -0.029  pg -0.0049  v 0.006  ev +0.95  adv_std 0.110  tR -0.20  ent[s/d/p/e] 1.46/2.21/1.18/0.53  emits 1.06  spf 40.3  z0 0.55  garr 27.9  tG 213  e2 0.24  nF 8.9  pS 0.30  ptS 0.29  fLog 0.55  pdΔ -0.1999  pkR 5.47  clip 0.07  kl -0.000
upd  194  steps  399360  sps 1530  opp symm  loss -0.013  pg +0.0106  v 0.005  ev +0.94  adv_std 0.102  tR +0.00  ent[s/d/p/e] 1.44/2.26/1.09/0.51  emits 0.97  spf 44.2  z0 0.59  garr 27.9  tG 207  e2 0.21  nF 7.7  pS 0.28  ptS 0.28  fLog 0.56  pdΔ -0.2174  pkR 9.31  clip 0.10  kl +0.005
upd  195  steps  401408  sps 1534  opp symm  loss -0.041  pg -0.0156  v 0.004  ev +0.96  adv_std 0.089  tR +0.33  ent[s/d/p/e] 1.43/2.23/1.17/0.54  emits 0.91  spf 40.5  z0 0.59  garr 28.2  tG 245  e2 0.20  nF 8.3  pS 0.29  ptS 0.29  fLog 0.55  pdΔ -0.2059  pkR 17.47  clip 0.08  kl +0.004
upd  196  steps  403456  sps 1538  opp symm  loss +0.011  pg +0.0352  v 0.006  ev +0.94  adv_std 0.116  tR -0.33  ent[s/d/p/e] 1.52/2.28/1.14/0.55  emits 1.02  spf 43.4  z0 0.58  garr 27.5  tG 211  e2 0.22  nF 9.1  pS 0.30  ptS 0.29  fLog 0.56  pdΔ -0.1990  pkR 5.05  clip 0.10  kl +0.004
upd  197  steps  405504  sps 1542  opp symm  loss -0.017  pg +0.0061  v 0.007  ev +0.93  adv_std 0.115  tR +0.25  ent[s/d/p/e] 1.40/2.18/1.09/0.52  emits 1.00  spf 44.1  z0 0.57  garr 28.1  tG 218  e2 0.23  nF 8.4  pS 0.30  ptS 0.29  fLog 0.56  pdΔ -0.2023  pkR 5.53  clip 0.14  kl +0.006
upd  198  steps  407552  sps 1546  opp symm  loss +0.011  pg +0.0348  v 0.008  ev +0.92  adv_std 0.130  tR -1.00  ent[s/d/p/e] 1.48/2.24/1.12/0.56  emits 1.10  spf 40.2  z0 0.54  garr 28.4  tG 227  e2 0.25  nF 9.2  pS 0.32  ptS 0.32  fLog 0.55  pdΔ -0.1784  pkR 4.70  clip 0.22  kl +0.005
[eval_vs_v20] u199 tag=train_u199  bin0=0.0%  spf=18.73  garr=30.68  flip=18.42%  z0=66.6%  e8=0.0%  e2+=0.8%  WLD=0/3/0
upd  199  steps  409600  sps 1550  opp symm  loss -0.007  pg +0.0163  v 0.010  ev +0.91  adv_std 0.136  tR +0.14  ent[s/d/p/e] 1.44/2.25/1.17/0.56  emits 1.10  spf 37.8  z0 0.54  garr 28.6  tG 249  e2 0.24  nF 9.5  pS 0.33  ptS 0.33  fLog 0.54  pdΔ -0.1731  pkR 12.01  clip 0.11  kl +0.001 WRr 0.50 v20[spf 18.7 flip 18.4% e2+ 0.8%]
[ckpt] saved /home/charlie/project/OrbitWarRL/ckpt_search/v14e_binary_v1_a_p0i2_ORBITWARS_SHAPING_ONE_SHIP_PENALTY_0.01_3d71e38613/ckpt_000199.pkl opp=symm
upd  200  steps  411648  sps 1217  opp symm  loss -0.017  pg +0.0051  v 0.011  ev +0.89  adv_std 0.149  tR +0.14  ent[s/d/p/e] 1.50/2.28/1.16/0.54  emits 1.10  spf 35.8  z0 0.54  garr 26.5  tG 215  e2 0.24  nF 9.4  pS 0.33  ptS 0.32  fLog 0.54  pdΔ -0.1737  pkR 7.64  clip 0.17  kl +0.004
upd  201  steps  413696  sps 1221  opp symm  loss -0.043  pg -0.0169  v 0.007  ev +0.93  adv_std 0.117  tR +0.50  ent[s/d/p/e] 1.52/2.32/1.22/0.58  emits 1.04  spf 42.1  z0 0.54  garr 29.9  tG 251  e2 0.23  nF 9.3  pS 0.34  ptS 0.34  fLog 0.56  pdΔ -0.1598  pkR 4.94  clip 0.13  kl +0.006
upd  202  steps  415744  sps 1224  opp symm  loss +0.007  pg +0.0325  v 0.006  ev +0.95  adv_std 0.106  tR +0.60  ent[s/d/p/e] 1.50/2.34/1.20/0.56  emits 0.89  spf 46.1  z0 0.60  garr 31.2  tG 253  e2 0.20  nF 8.9  pS 0.32  ptS 0.31  fLog 0.57  pdΔ -0.1830  pkR 5.07  clip 0.15  kl +0.001
upd  203  steps  417792  sps 1228  opp symm  loss -0.047  pg -0.0214  v 0.006  ev +0.95  adv_std 0.108  tR -0.60  ent[s/d/p/e] 1.47/2.29/1.21/0.57  emits 0.83  spf 49.8  z0 0.60  garr 35.2  tG 303  e2 0.18  nF 7.4  pS 0.31  ptS 0.31  fLog 0.58  pdΔ -0.1853  pkR 7.70  clip 0.08  kl +0.004
upd  204  steps  419840  sps 1232  opp symm  loss +0.007  pg +0.0337  v 0.004  ev +0.97  adv_std 0.084  tR +0.20  ent[s/d/p/e] 1.43/2.26/1.24/0.57  emits 0.77  spf 49.1  z0 0.62  garr 34.6  tG 282  e2 0.17  nF 6.8  pS 0.30  ptS 0.30  fLog 0.58  pdΔ -0.1979  pkR 5.33  clip 0.08  kl +0.001
upd  205  steps  421888  sps 1235  opp symm  loss +0.006  pg +0.0318  v 0.005  ev +0.96  adv_std 0.102  tR -1.00  ent[s/d/p/e] 1.45/2.30/1.21/0.57  emits 0.80  spf 48.9  z0 0.60  garr 34.1  tG 274  e2 0.17  nF 7.6  pS 0.30  ptS 0.29  fLog 0.57  pdΔ -0.2032  pkR 6.12  clip 0.10  kl +0.001
upd  206  steps  423936  sps 1239  opp symm  loss -0.013  pg +0.0131  v 0.004  ev +0.96  adv_std 0.093  tR -0.33  ent[s/d/p/e] 1.49/2.32/1.19/0.56  emits 0.77  spf 47.7  z0 0.63  garr 38.3  tG 324  e2 0.17  nF 7.0  pS 0.32  ptS 0.32  fLog 0.57  pdΔ -0.1757  pkR 9.38  clip 0.13  kl +0.004
upd  207  steps  425984  sps 1243  opp symm  loss -0.037  pg -0.0099  v 0.004  ev +0.96  adv_std 0.086  tR +0.33  ent[s/d/p/e] 1.47/2.34/1.20/0.56  emits 0.78  spf 50.8  z0 0.62  garr 41.0  tG 327  e2 0.17  nF 6.5  pS 0.32  ptS 0.32  fLog 0.58  pdΔ -0.1779  pkR 6.28  clip 0.11  kl +0.002
upd  208  steps  428032  sps 1246  opp symm  loss -0.019  pg +0.0077  v 0.004  ev +0.96  adv_std 0.088  tR +0.43  ent[s/d/p/e] 1.50/2.36/1.19/0.58  emits 0.83  spf 48.8  z0 0.60  garr 40.9  tG 322  e2 0.20  nF 6.9  pS 0.33  ptS 0.33  fLog 0.58  pdΔ -0.1701  pkR 4.63  clip 0.11  kl +0.003
upd  209  steps  430080  sps 1250  opp symm  loss +0.005  pg +0.0291  v 0.009  ev +0.90  adv_std 0.137  tR +0.33  ent[s/d/p/e] 1.48/2.36/1.23/0.57  emits 0.71  spf 49.6  z0 0.61  garr 42.4  tG 332  e2 0.16  nF 6.4  pS 0.32  ptS 0.32  fLog 0.58  pdΔ -0.1777  pkR 5.29  clip 0.09  kl +0.002
upd  210  steps  432128  sps 1254  opp symm  loss -0.004  pg +0.0224  v 0.006  ev +0.92  adv_std 0.108  tR +0.67  ent[s/d/p/e] 1.51/2.35/1.23/0.58  emits 0.72  spf 52.3  z0 0.62  garr 42.7  tG 331  e2 0.16  nF 6.4  pS 0.32  ptS 0.31  fLog 0.59  pdΔ -0.1754  pkR 4.08  clip 0.10  kl +0.002
upd  211  steps  434176  sps 1257  opp symm  loss -0.020  pg +0.0046  v 0.008  ev +0.89  adv_std 0.128  tR +0.60  ent[s/d/p/e] 1.48/2.36/1.23/0.58  emits 0.66  spf 56.1  z0 0.64  garr 48.7  tG 362  e2 0.14  nF 5.7  pS 0.31  ptS 0.30  fLog 0.59  pdΔ -0.1855  pkR 4.21  clip 0.09  kl +0.001
upd  212  steps  436224  sps 1261  opp symm  loss -0.003  pg +0.0234  v 0.005  ev +0.94  adv_std 0.100  tR -0.33  ent[s/d/p/e] 1.39/2.24/1.25/0.59  emits 0.69  spf 52.9  z0 0.62  garr 46.3  tG 332  e2 0.16  nF 5.6  pS 0.31  ptS 0.29  fLog 0.59  pdΔ -0.1943  pkR 4.83  clip 0.05  kl +0.000
upd  213  steps  438272  sps 1264  opp symm  loss -0.019  pg +0.0079  v 0.005  ev +0.94  adv_std 0.100  tR +1.00  ent[s/d/p/e] 1.43/2.28/1.25/0.60  emits 0.70  spf 54.4  z0 0.61  garr 43.3  tG 322  e2 0.16  nF 6.1  pS 0.32  ptS 0.31  fLog 0.60  pdΔ -0.1784  pkR 4.63  clip 0.07  kl +0.000
upd  214  steps  440320  sps 1268  opp symm  loss -0.063  pg -0.0366  v 0.008  ev +0.93  adv_std 0.126  tR -0.20  ent[s/d/p/e] 1.52/2.36/1.32/0.58  emits 0.68  spf 54.6  z0 0.62  garr 45.2  tG 354  e2 0.15  nF 6.2  pS 0.33  ptS 0.32  fLog 0.60  pdΔ -0.1665  pkR 4.16  clip 0.08  kl +0.003
upd  215  steps  442368  sps 1271  opp symm  loss -0.020  pg +0.0052  v 0.008  ev +0.92  adv_std 0.122  tR +0.00  ent[s/d/p/e] 1.53/2.35/1.27/0.57  emits 0.72  spf 55.5  z0 0.63  garr 41.4  tG 328  e2 0.17  nF 6.1  pS 0.32  ptS 0.31  fLog 0.60  pdΔ -0.1819  pkR 4.52  clip 0.09  kl -0.001
upd  216  steps  444416  sps 1275  opp symm  loss -0.033  pg -0.0086  v 0.009  ev +0.89  adv_std 0.137  tR -0.50  ent[s/d/p/e] 1.46/2.26/1.26/0.57  emits 0.68  spf 52.0  z0 0.63  garr 42.5  tG 333  e2 0.16  nF 6.0  pS 0.32  ptS 0.31  fLog 0.58  pdΔ -0.1794  pkR 3.96  clip 0.10  kl -0.000
upd  217  steps  446464  sps 1278  opp symm  loss -0.021  pg +0.0057  v 0.004  ev +0.95  adv_std 0.089  tR +0.60  ent[s/d/p/e] 1.51/2.34/1.31/0.56  emits 0.67  spf 53.7  z0 0.65  garr 43.8  tG 341  e2 0.16  nF 6.6  pS 0.32  ptS 0.31  fLog 0.59  pdΔ -0.1801  pkR 4.57  clip 0.14  kl +0.002
upd  218  steps  448512  sps 1282  opp symm  loss -0.006  pg +0.0202  v 0.005  ev +0.94  adv_std 0.098  tR +0.00  ent[s/d/p/e] 1.46/2.29/1.33/0.56  emits 0.66  spf 58.6  z0 0.65  garr 46.6  tG 356  e2 0.16  nF 5.7  pS 0.31  ptS 0.30  fLog 0.60  pdΔ -0.1855  pkR 4.16  clip 0.08  kl +0.001
upd  219  steps  450560  sps 1285  opp symm  loss +0.005  pg +0.0298  v 0.008  ev +0.91  adv_std 0.127  tR -0.14  ent[s/d/p/e] 1.51/2.34/1.31/0.57  emits 0.64  spf 57.1  z0 0.65  garr 49.6  tG 387  e2 0.13  nF 5.8  pS 0.34  ptS 0.33  fLog 0.61  pdΔ -0.1596  pkR 3.66  clip 0.08  kl +0.001
upd  220  steps  452608  sps 1289  opp symm  loss -0.034  pg -0.0057  v 0.003  ev +0.97  adv_std 0.081  tR +1.00  ent[s/d/p/e] 1.54/2.37/1.32/0.58  emits 0.68  spf 61.1  z0 0.63  garr 51.5  tG 406  e2 0.15  nF 5.9  pS 0.34  ptS 0.33  fLog 0.62  pdΔ -0.1563  pkR 4.04  clip 0.08  kl +0.002
upd  221  steps  454656  sps 1292  opp symm  loss -0.010  pg +0.0174  v 0.004  ev +0.96  adv_std 0.093  tR -0.50  ent[s/d/p/e] 1.55/2.36/1.35/0.57  emits 0.63  spf 59.5  z0 0.65  garr 49.0  tG 397  e2 0.14  nF 5.8  pS 0.35  ptS 0.33  fLog 0.61  pdΔ -0.1470  pkR 3.74  clip 0.11  kl +0.003
upd  222  steps  456704  sps 1296  opp symm  loss +0.007  pg +0.0355  v 0.003  ev +0.97  adv_std 0.084  tR +0.00  ent[s/d/p/e] 1.55/2.35/1.33/0.58  emits 0.70  spf 58.8  z0 0.64  garr 53.6  tG 454  e2 0.15  nF 6.0  pS 0.37  ptS 0.35  fLog 0.61  pdΔ -0.1328  pkR 5.72  clip 0.11  kl +0.001
upd  223  steps  458752  sps 1299  opp symm  loss -0.022  pg +0.0068  v 0.003  ev +0.96  adv_std 0.081  tR +1.00  ent[s/d/p/e] 1.65/2.43/1.37/0.58  emits 0.69  spf 57.8  z0 0.64  garr 55.6  tG 475  e2 0.16  nF 6.4  pS 0.38  ptS 0.37  fLog 0.61  pdΔ -0.1174  pkR 4.97  clip 0.13  kl +0.005
upd  224  steps  460800  sps 1303  opp symm  loss -0.043  pg -0.0157  v 0.007  ev +0.92  adv_std 0.119  tR -0.09  ent[s/d/p/e] 1.66/2.46/1.39/0.57  emits 0.66  spf 63.3  z0 0.65  garr 56.8  tG 457  e2 0.14  nF 6.1  pS 0.36  ptS 0.34  fLog 0.62  pdΔ -0.1431  pkR 3.85  clip 0.07  kl +0.002
upd  225  steps  462848  sps 1306  opp symm  loss -0.028  pg +0.0003  v 0.004  ev +0.94  adv_std 0.096  tR +0.00  ent[s/d/p/e] 1.67/2.45/1.38/0.56  emits 0.67  spf 61.3  z0 0.65  garr 54.0  tG 431  e2 0.14  nF 6.0  pS 0.34  ptS 0.33  fLog 0.62  pdΔ -0.1604  pkR 4.80  clip 0.07  kl +0.000
upd  226  steps  464896  sps 1309  opp symm  loss -0.022  pg +0.0042  v 0.006  ev +0.90  adv_std 0.109  tR +0.60  ent[s/d/p/e] 1.55/2.36/1.37/0.55  emits 0.63  spf 59.1  z0 0.66  garr 51.7  tG 399  e2 0.13  nF 5.8  pS 0.32  ptS 0.31  fLog 0.60  pdΔ -0.1767  pkR 4.90  clip 0.07  kl +0.003
upd  227  steps  466944  sps 1313  opp symm  loss -0.032  pg -0.0060  v 0.007  ev +0.89  adv_std 0.114  tR +0.20  ent[s/d/p/e] 1.53/2.34/1.37/0.56  emits 0.56  spf 58.4  z0 0.70  garr 52.2  tG 383  e2 0.12  nF 5.2  pS 0.31  ptS 0.30  fLog 0.61  pdΔ -0.1901  pkR 4.16  clip 0.10  kl +0.003
upd  228  steps  468992  sps 1316  opp symm  loss -0.042  pg -0.0145  v 0.004  ev +0.94  adv_std 0.089  tR +1.00  ent[s/d/p/e] 1.52/2.36/1.43/0.55  emits 0.55  spf 63.2  z0 0.70  garr 58.7  tG 423  e2 0.12  nF 4.7  pS 0.31  ptS 0.31  fLog 0.62  pdΔ -0.1859  pkR 4.14  clip 0.13  kl +0.004
upd  229  steps  471040  sps 1319  opp symm  loss -0.016  pg +0.0115  v 0.005  ev +0.94  adv_std 0.099  tR +1.00  ent[s/d/p/e] 1.53/2.42/1.41/0.58  emits 0.62  spf 60.7  z0 0.66  garr 57.9  tG 418  e2 0.13  nF 5.2  pS 0.33  ptS 0.32  fLog 0.62  pdΔ -0.1729  pkR 3.21  clip 0.10  kl +0.003
upd  230  steps  473088  sps 1323  opp symm  loss -0.016  pg +0.0099  v 0.009  ev +0.91  adv_std 0.132  tR -0.20  ent[s/d/p/e] 1.45/2.34/1.40/0.58  emits 0.62  spf 55.0  z0 0.67  garr 56.2  tG 414  e2 0.13  nF 5.4  pS 0.32  ptS 0.32  fLog 0.60  pdΔ -0.1783  pkR 3.93  clip 0.09  kl +0.002
upd  231  steps  475136  sps 1326  opp symm  loss -0.025  pg +0.0017  v 0.007  ev +0.93  adv_std 0.118  tR +0.00  ent[s/d/p/e] 1.50/2.37/1.41/0.57  emits 0.63  spf 58.6  z0 0.67  garr 53.1  tG 420  e2 0.13  nF 5.7  pS 0.32  ptS 0.31  fLog 0.60  pdΔ -0.1783  pkR 4.71  clip 0.10  kl +0.003
upd  232  steps  477184  sps 1329  opp symm  loss -0.042  pg -0.0165  v 0.007  ev +0.92  adv_std 0.121  tR +0.00  ent[s/d/p/e] 1.49/2.37/1.36/0.57  emits 0.71  spf 55.9  z0 0.66  garr 51.5  tG 412  e2 0.15  nF 6.0  pS 0.33  ptS 0.32  fLog 0.60  pdΔ -0.1674  pkR 5.46  clip 0.07  kl +0.002
upd  233  steps  479232  sps 1333  opp symm  loss -0.025  pg +0.0001  v 0.007  ev +0.91  adv_std 0.122  tR -0.71  ent[s/d/p/e] 1.43/2.35/1.35/0.55  emits 0.66  spf 53.7  z0 0.66  garr 48.4  tG 371  e2 0.14  nF 6.2  pS 0.32  ptS 0.31  fLog 0.59  pdΔ -0.1764  pkR 5.37  clip 0.07  kl +0.003
upd  234  steps  481280  sps 1336  opp symm  loss -0.021  pg +0.0049  v 0.007  ev +0.92  adv_std 0.117  tR +1.00  ent[s/d/p/e] 1.41/2.30/1.40/0.57  emits 0.63  spf 55.0  z0 0.66  garr 52.0  tG 407  e2 0.14  nF 5.8  pS 0.33  ptS 0.32  fLog 0.60  pdΔ -0.1658  pkR 4.28  clip 0.05  kl -0.001
upd  235  steps  483328  sps 1339  opp symm  loss -0.032  pg -0.0061  v 0.007  ev +0.93  adv_std 0.116  tR +0.33  ent[s/d/p/e] 1.37/2.31/1.39/0.58  emits 0.58  spf 61.4  z0 0.67  garr 54.0  tG 428  e2 0.13  nF 4.9  pS 0.33  ptS 0.32  fLog 0.61  pdΔ -0.1705  pkR 4.14  clip 0.06  kl +0.003
upd  236  steps  485376  sps 1342  opp symm  loss -0.043  pg -0.0144  v 0.004  ev +0.96  adv_std 0.094  tR +0.00  ent[s/d/p/e] 1.44/2.43/1.41/0.59  emits 0.66  spf 61.6  z0 0.65  garr 56.0  tG 449  e2 0.14  nF 5.7  pS 0.36  ptS 0.35  fLog 0.62  pdΔ -0.1420  pkR 3.61  clip 0.07  kl +0.002
upd  237  steps  487424  sps 1346  opp symm  loss -0.020  pg +0.0078  v 0.005  ev +0.96  adv_std 0.100  tR +0.00  ent[s/d/p/e] 1.53/2.48/1.36/0.59  emits 0.75  spf 59.3  z0 0.61  garr 51.7  tG 435  e2 0.16  nF 6.0  pS 0.38  ptS 0.37  fLog 0.62  pdΔ -0.1182  pkR 4.10  clip 0.13  kl +0.003
upd  238  steps  489472  sps 1349  opp symm  loss -0.016  pg +0.0124  v 0.004  ev +0.97  adv_std 0.085  tR -0.20  ent[s/d/p/e] 1.54/2.47/1.36/0.59  emits 0.73  spf 58.7  z0 0.64  garr 53.1  tG 446  e2 0.16  nF 6.0  pS 0.38  ptS 0.36  fLog 0.62  pdΔ -0.1237  pkR 4.23  clip 0.11  kl +0.001
upd  239  steps  491520  sps 1352  opp symm  loss -0.039  pg -0.0105  v 0.004  ev +0.97  adv_std 0.093  tR +0.14  ent[s/d/p/e] 1.52/2.44/1.37/0.58  emits 0.79  spf 58.5  z0 0.62  garr 54.1  tG 447  e2 0.17  nF 6.5  pS 0.38  ptS 0.36  fLog 0.61  pdΔ -0.1246  pkR 4.20  clip 0.11  kl +0.004
upd  240  steps  493568  sps 1355  opp symm  loss -0.016  pg +0.0109  v 0.005  ev +0.95  adv_std 0.103  tR -0.14  ent[s/d/p/e] 1.39/2.32/1.36/0.57  emits 0.73  spf 55.8  z0 0.63  garr 51.2  tG 416  e2 0.15  nF 6.2  pS 0.34  ptS 0.32  fLog 0.59  pdΔ -0.1609  pkR 4.94  clip 0.07  kl +0.002
upd  241  steps  495616  sps 1359  opp symm  loss -0.034  pg -0.0087  v 0.009  ev +0.92  adv_std 0.133  tR +0.33  ent[s/d/p/e] 1.37/2.30/1.41/0.57  emits 0.61  spf 60.6  z0 0.64  garr 53.6  tG 431  e2 0.13  nF 5.7  pS 0.33  ptS 0.32  fLog 0.60  pdΔ -0.1740  pkR 5.39  clip 0.06  kl -0.000
upd  242  steps  497664  sps 1362  opp symm  loss -0.004  pg +0.0220  v 0.006  ev +0.95  adv_std 0.111  tR +0.60  ent[s/d/p/e] 1.41/2.31/1.35/0.56  emits 0.67  spf 57.9  z0 0.64  garr 49.2  tG 392  e2 0.15  nF 5.5  pS 0.32  ptS 0.32  fLog 0.61  pdΔ -0.1786  pkR 3.70  clip 0.08  kl +0.001
upd  243  steps  499712  sps 1365  opp symm  loss -0.000  pg +0.0282  v 0.003  ev +0.98  adv_std 0.078  tR +0.00  ent[s/d/p/e] 1.49/2.39/1.34/0.58  emits 0.67  spf 59.8  z0 0.64  garr 53.4  tG 432  e2 0.15  nF 5.6  pS 0.35  ptS 0.35  fLog 0.62  pdΔ -0.1536  pkR 3.37  clip 0.08  kl +0.001
upd  244  steps  501760  sps 1368  opp symm  loss -0.027  pg -0.0002  v 0.008  ev +0.95  adv_std 0.124  tR -1.00  ent[s/d/p/e] 1.56/2.45/1.38/0.59  emits 0.83  spf 59.3  z0 0.61  garr 53.6  tG 464  e2 0.18  nF 6.3  pS 0.38  ptS 0.38  fLog 0.62  pdΔ -0.1154  pkR 3.99  clip 0.10  kl +0.002
upd  245  steps  503808  sps 1371  opp symm  loss +0.002  pg +0.0295  v 0.005  ev +0.96  adv_std 0.103  tR +0.50  ent[s/d/p/e] 1.55/2.47/1.36/0.58  emits 0.92  spf 57.3  z0 0.59  garr 47.2  tG 421  e2 0.20  nF 7.3  pS 0.38  ptS 0.38  fLog 0.61  pdΔ -0.1161  pkR 4.56  clip 0.09  kl +0.001
upd  246  steps  505856  sps 1375  opp symm  loss -0.024  pg +0.0002  v 0.009  ev +0.93  adv_std 0.138  tR +0.00  ent[s/d/p/e] 1.48/2.38/1.34/0.55  emits 0.75  spf 51.4  z0 0.64  garr 41.9  tG 337  e2 0.16  nF 6.3  pS 0.33  ptS 0.33  fLog 0.60  pdΔ -0.1712  pkR 5.51  clip 0.07  kl +0.003
upd  247  steps  507904  sps 1378  opp symm  loss -0.025  pg -0.0009  v 0.009  ev +0.94  adv_std 0.130  tR +0.67  ent[s/d/p/e] 1.46/2.29/1.31/0.55  emits 0.74  spf 51.4  z0 0.63  garr 40.9  tG 324  e2 0.16  nF 5.8  pS 0.31  ptS 0.31  fLog 0.59  pdΔ -0.1895  pkR 5.03  clip 0.10  kl +0.001
upd  248  steps  509952  sps 1381  opp symm  loss -0.009  pg +0.0176  v 0.004  ev +0.97  adv_std 0.094  tR +0.00  ent[s/d/p/e] 1.50/2.31/1.32/0.56  emits 0.70  spf 51.6  z0 0.65  garr 42.8  tG 321  e2 0.15  nF 5.6  pS 0.29  ptS 0.29  fLog 0.59  pdΔ -0.2087  pkR 5.00  clip 0.05  kl +0.003
upd  249  steps  512000  sps 1384  opp symm  loss -0.005  pg +0.0202  v 0.006  ev +0.95  adv_std 0.111  tR +1.00  ent[s/d/p/e] 1.29/2.19/1.40/0.54  emits 0.62  spf 50.0  z0 0.65  garr 42.3  tG 311  e2 0.14  nF 5.3  pS 0.27  ptS 0.27  fLog 0.58  pdΔ -0.2293  pkR 5.87  clip 0.07  kl +0.002
upd  250  steps  514048  sps 1387  opp symm  loss -0.043  pg -0.0165  v 0.005  ev +0.96  adv_std 0.099  tR -0.20  ent[s/d/p/e] 1.37/2.16/1.38/0.56  emits 0.64  spf 49.2  z0 0.64  garr 45.2  tG 373  e2 0.14  nF 5.7  pS 0.30  ptS 0.30  fLog 0.58  pdΔ -0.2035  pkR 10.14  clip 0.07  kl +0.003
upd  251  steps  516096  sps 1390  opp symm  loss -0.026  pg +0.0000  v 0.006  ev +0.96  adv_std 0.109  tR +0.71  ent[s/d/p/e] 1.34/2.22/1.36/0.56  emits 0.63  spf 50.1  z0 0.66  garr 46.9  tG 357  e2 0.14  nF 5.5  pS 0.28  ptS 0.27  fLog 0.59  pdΔ -0.2228  pkR 11.90  clip 0.05  kl +0.002
upd  252  steps  518144  sps 1393  opp symm  loss -0.037  pg -0.0119  v 0.006  ev +0.95  adv_std 0.114  tR +0.00  ent[s/d/p/e] 1.20/2.11/1.46/0.56  emits 0.54  spf 48.6  z0 0.68  garr 45.4  tG 299  e2 0.12  nF 4.9  pS 0.25  ptS 0.24  fLog 0.57  pdΔ -0.2520  pkR 5.19  clip 0.10  kl +0.004
upd  253  steps  520192  sps 1396  opp symm  loss -0.011  pg +0.0156  v 0.004  ev +0.97  adv_std 0.094  tR -1.00  ent[s/d/p/e] 1.28/2.24/1.46/0.57  emits 0.58  spf 49.4  z0 0.66  garr 44.0  tG 300  e2 0.12  nF 5.5  pS 0.27  ptS 0.27  fLog 0.58  pdΔ -0.2316  pkR 4.65  clip 0.12  kl +0.002
upd  254  steps  522240  sps 1399  opp symm  loss -0.033  pg -0.0072  v 0.007  ev +0.95  adv_std 0.118  tR +0.00  ent[s/d/p/e] 1.34/2.22/1.40/0.58  emits 0.62  spf 47.9  z0 0.65  garr 45.5  tG 317  e2 0.14  nF 5.4  pS 0.28  ptS 0.28  fLog 0.58  pdΔ -0.2154  pkR 4.43  clip 0.08  kl +0.001
upd  255  steps  524288  sps 1402  opp symm  loss -0.030  pg -0.0041  v 0.008  ev +0.95  adv_std 0.126  tR -0.14  ent[s/d/p/e] 1.42/2.30/1.43/0.59  emits 0.63  spf 48.9  z0 0.65  garr 44.5  tG 323  e2 0.14  nF 5.9  pS 0.30  ptS 0.29  fLog 0.59  pdΔ -0.2008  pkR 4.08  clip 0.10  kl +0.003
upd  256  steps  526336  sps 1405  opp symm  loss +0.003  pg +0.0289  v 0.007  ev +0.95  adv_std 0.117  tR -0.14  ent[s/d/p/e] 1.45/2.27/1.41/0.56  emits 0.66  spf 49.5  z0 0.64  garr 42.6  tG 344  e2 0.14  nF 5.8  pS 0.31  ptS 0.31  fLog 0.59  pdΔ -0.1903  pkR 5.96  clip 0.09  kl +0.002
upd  257  steps  528384  sps 1408  opp symm  loss -0.009  pg +0.0163  v 0.009  ev +0.92  adv_std 0.138  tR -0.20  ent[s/d/p/e] 1.45/2.30/1.48/0.57  emits 0.67  spf 48.6  z0 0.65  garr 43.2  tG 328  e2 0.14  nF 6.5  pS 0.30  ptS 0.29  fLog 0.58  pdΔ -0.1993  pkR 4.68  clip 0.09  kl +0.002
upd  258  steps  530432  sps 1412  opp symm  loss -0.033  pg -0.0066  v 0.006  ev +0.95  adv_std 0.108  tR +0.20  ent[s/d/p/e] 1.42/2.25/1.42/0.57  emits 0.64  spf 51.8  z0 0.66  garr 44.3  tG 334  e2 0.13  nF 5.9  pS 0.29  ptS 0.29  fLog 0.59  pdΔ -0.2053  pkR 4.84  clip 0.08  kl +0.002
upd  259  steps  532480  sps 1415  opp symm  loss -0.009  pg +0.0163  v 0.009  ev +0.94  adv_std 0.133  tR +0.33  ent[s/d/p/e] 1.38/2.16/1.41/0.59  emits 0.69  spf 46.5  z0 0.62  garr 43.8  tG 343  e2 0.16  nF 6.8  pS 0.31  ptS 0.31  fLog 0.58  pdΔ -0.1869  pkR 5.46  clip 0.10  kl +0.004
upd  260  steps  534528  sps 1418  opp symm  loss -0.018  pg +0.0065  v 0.010  ev +0.93  adv_std 0.144  tR +0.43  ent[s/d/p/e] 1.36/2.25/1.40/0.58  emits 0.64  spf 49.0  z0 0.65  garr 44.3  tG 355  e2 0.14  nF 6.7  pS 0.31  ptS 0.31  fLog 0.59  pdΔ -0.1872  pkR 10.78  clip 0.11  kl +0.002
upd  261  steps  536576  sps 1421  opp symm  loss -0.014  pg +0.0092  v 0.013  ev +0.91  adv_std 0.160  tR -0.33  ent[s/d/p/e] 1.37/2.28/1.40/0.57  emits 0.61  spf 47.6  z0 0.65  garr 43.2  tG 310  e2 0.13  nF 5.6  pS 0.30  ptS 0.29  fLog 0.58  pdΔ -0.2040  pkR 6.32  clip 0.09  kl +0.004
upd  262  steps  538624  sps 1423  opp symm  loss -0.013  pg +0.0127  v 0.007  ev +0.95  adv_std 0.116  tR +0.14  ent[s/d/p/e] 1.33/2.30/1.47/0.56  emits 0.56  spf 50.9  z0 0.67  garr 46.6  tG 356  e2 0.12  nF 5.6  pS 0.30  ptS 0.29  fLog 0.59  pdΔ -0.2047  pkR 9.95  clip 0.17  kl +0.001
upd  263  steps  540672  sps 1426  opp symm  loss -0.061  pg -0.0350  v 0.006  ev +0.95  adv_std 0.110  tR -0.50  ent[s/d/p/e] 1.26/2.21/1.39/0.58  emits 0.51  spf 53.1  z0 0.69  garr 49.1  tG 381  e2 0.12  nF 5.1  pS 0.29  ptS 0.29  fLog 0.59  pdΔ -0.2071  pkR 6.87  clip 0.09  kl +0.005
upd  264  steps  542720  sps 1429  opp symm  loss -0.037  pg -0.0103  v 0.006  ev +0.94  adv_std 0.112  tR -0.14  ent[s/d/p/e] 1.37/2.30/1.41/0.58  emits 0.70  spf 53.4  z0 0.63  garr 50.3  tG 422  e2 0.16  nF 6.0  pS 0.33  ptS 0.32  fLog 0.60  pdΔ -0.1671  pkR 9.95  clip 0.10  kl -0.001
upd  265  steps  544768  sps 1432  opp symm  loss -0.016  pg +0.0111  v 0.005  ev +0.94  adv_std 0.106  tR +1.00  ent[s/d/p/e] 1.42/2.33/1.35/0.59  emits 0.70  spf 52.0  z0 0.63  garr 54.1  tG 421  e2 0.15  nF 7.2  pS 0.36  ptS 0.34  fLog 0.60  pdΔ -0.1445  pkR 3.82  clip 0.08  kl -0.001
upd  266  steps  546816  sps 1435  opp symm  loss -0.048  pg -0.0199  v 0.004  ev +0.97  adv_std 0.086  tR -0.50  ent[s/d/p/e] 1.54/2.39/1.34/0.58  emits 0.75  spf 55.0  z0 0.63  garr 58.9  tG 482  e2 0.17  nF 6.8  pS 0.38  ptS 0.37  fLog 0.61  pdΔ -0.1171  pkR 3.89  clip 0.12  kl -0.001
upd  267  steps  548864  sps 1438  opp symm  loss -0.050  pg -0.0218  v 0.005  ev +0.96  adv_std 0.097  tR +1.00  ent[s/d/p/e] 1.57/2.40/1.37/0.57  emits 0.69  spf 58.9  z0 0.64  garr 60.3  tG 495  e2 0.15  nF 6.7  pS 0.37  ptS 0.36  fLog 0.61  pdΔ -0.1256  pkR 4.28  clip 0.09  kl +0.001
upd  268  steps  550912  sps 1441  opp symm  loss -0.044  pg -0.0163  v 0.005  ev +0.96  adv_std 0.106  tR -0.33  ent[s/d/p/e] 1.56/2.38/1.38/0.58  emits 0.79  spf 56.6  z0 0.62  garr 58.2  tG 474  e2 0.17  nF 6.9  pS 0.37  ptS 0.36  fLog 0.61  pdΔ -0.1323  pkR 3.99  clip 0.12  kl +0.004
upd  269  steps  552960  sps 1444  opp symm  loss -0.006  pg +0.0206  v 0.006  ev +0.96  adv_std 0.108  tR +0.00  ent[s/d/p/e] 1.53/2.35/1.37/0.57  emits 0.80  spf 53.2  z0 0.62  garr 54.9  tG 446  e2 0.17  nF 7.3  pS 0.36  ptS 0.35  fLog 0.60  pdΔ -0.1394  pkR 3.51  clip 0.11  kl +0.004
upd  270  steps  555008  sps 1447  opp symm  loss -0.013  pg +0.0141  v 0.005  ev +0.95  adv_std 0.103  tR +0.00  ent[s/d/p/e] 1.56/2.35/1.35/0.55  emits 0.72  spf 54.3  z0 0.65  garr 57.8  tG 471  e2 0.15  nF 6.7  pS 0.36  ptS 0.35  fLog 0.60  pdΔ -0.1375  pkR 4.54  clip 0.09  kl +0.001
upd  271  steps  557056  sps 1450  opp symm  loss -0.020  pg +0.0040  v 0.010  ev +0.91  adv_std 0.143  tR -0.14  ent[s/d/p/e] 1.46/2.24/1.39/0.54  emits 0.63  spf 55.4  z0 0.66  garr 62.6  tG 514  e2 0.14  nF 6.1  pS 0.35  ptS 0.34  fLog 0.59  pdΔ -0.1463  pkR 6.75  clip 0.18  kl +0.011
upd  272  steps  559104  sps 1453  opp symm  loss -0.017  pg +0.0092  v 0.006  ev +0.95  adv_std 0.110  tR +0.43  ent[s/d/p/e] 1.40/2.20/1.43/0.54  emits 0.50  spf 59.6  z0 0.70  garr 67.1  tG 541  e2 0.10  nF 5.1  pS 0.34  ptS 0.32  fLog 0.60  pdΔ -0.1600  pkR 7.00  clip 0.06  kl -0.000
upd  273  steps  561152  sps 1456  opp symm  loss -0.029  pg -0.0039  v 0.008  ev +0.93  adv_std 0.123  tR +0.00  ent[s/d/p/e] 1.39/2.18/1.42/0.53  emits 0.47  spf 57.5  z0 0.71  garr 75.0  tG 553  e2 0.09  nF 4.3  pS 0.32  ptS 0.31  fLog 0.59  pdΔ -0.1845  pkR 4.79  clip 0.09  kl +0.004
upd  274  steps  563200  sps 1459  opp symm  loss -0.009  pg +0.0186  v 0.004  ev +0.97  adv_std 0.083  tR +0.33  ent[s/d/p/e] 1.49/2.26/1.41/0.54  emits 0.49  spf 62.1  z0 0.71  garr 77.6  tG 576  e2 0.10  nF 4.9  pS 0.33  ptS 0.31  fLog 0.61  pdΔ -0.1733  pkR 4.97  clip 0.06  kl +0.001
upd  275  steps  565248  sps 1461  opp symm  loss -0.008  pg +0.0189  v 0.004  ev +0.97  adv_std 0.089  tR +1.00  ent[s/d/p/e] 1.48/2.27/1.40/0.54  emits 0.47  spf 66.7  z0 0.72  garr 83.3  tG 624  e2 0.10  nF 4.7  pS 0.33  ptS 0.32  fLog 0.61  pdΔ -0.1675  pkR 4.83  clip 0.06  kl +0.002
upd  276  steps  567296  sps 1464  opp symm  loss -0.035  pg -0.0117  v 0.009  ev +0.93  adv_std 0.136  tR -0.20  ent[s/d/p/e] 1.41/2.11/1.35/0.53  emits 0.48  spf 63.3  z0 0.71  garr 81.0  tG 613  e2 0.10  nF 4.4  pS 0.32  ptS 0.31  fLog 0.60  pdΔ -0.1804  pkR 5.55  clip 0.07  kl +0.003
upd  277  steps  569344  sps 1467  opp symm  loss -0.046  pg -0.0209  v 0.006  ev +0.95  adv_std 0.112  tR +0.00  ent[s/d/p/e] 1.47/2.17/1.32/0.53  emits 0.54  spf 56.8  z0 0.70  garr 74.1  tG 540  e2 0.10  nF 5.3  pS 0.30  ptS 0.29  fLog 0.59  pdΔ -0.1983  pkR 6.02  clip 0.10  kl -0.000
upd  278  steps  571392  sps 1470  opp symm  loss +0.000  pg +0.0268  v 0.004  ev +0.97  adv_std 0.090  tR -0.50  ent[s/d/p/e] 1.44/2.16/1.43/0.54  emits 0.50  spf 62.8  z0 0.71  garr 74.4  tG 557  e2 0.10  nF 5.2  pS 0.30  ptS 0.29  fLog 0.61  pdΔ -0.1964  pkR 6.75  clip 0.07  kl -0.000
upd  279  steps  573440  sps 1473  opp symm  loss +0.013  pg +0.0399  v 0.006  ev +0.96  adv_std 0.112  tR -0.20  ent[s/d/p/e] 1.57/2.24/1.46/0.54  emits 0.51  spf 60.0  z0 0.72  garr 76.8  tG 595  e2 0.10  nF 5.1  pS 0.32  ptS 0.30  fLog 0.61  pdΔ -0.1838  pkR 6.26  clip 0.08  kl +0.003
upd  280  steps  575488  sps 1475  opp symm  loss -0.027  pg -0.0005  v 0.005  ev +0.97  adv_std 0.097  tR +0.50  ent[s/d/p/e] 1.59/2.28/1.41/0.54  emits 0.48  spf 66.8  z0 0.72  garr 79.2  tG 630  e2 0.10  nF 4.9  pS 0.33  ptS 0.32  fLog 0.62  pdΔ -0.1676  pkR 6.33  clip 0.11  kl +0.001
upd  281  steps  577536  sps 1478  opp symm  loss -0.013  pg +0.0146  v 0.005  ev +0.97  adv_std 0.097  tR +1.00  ent[s/d/p/e] 1.67/2.31/1.47/0.54  emits 0.50  spf 70.2  z0 0.72  garr 83.1  tG 665  e2 0.10  nF 4.6  pS 0.34  ptS 0.33  fLog 0.63  pdΔ -0.1639  pkR 5.95  clip 0.10  kl +0.006
upd  282  steps  579584  sps 1481  opp symm  loss -0.021  pg +0.0060  v 0.005  ev +0.97  adv_std 0.099  tR +0.43  ent[s/d/p/e] 1.77/2.36/1.42/0.51  emits 0.59  spf 64.1  z0 0.73  garr 85.3  tG 648  e2 0.12  nF 5.2  pS 0.35  ptS 0.34  fLog 0.62  pdΔ -0.1533  pkR 6.34  clip 0.13  kl +0.005
upd  283  steps  581632  sps 1484  opp symm  loss -0.010  pg +0.0166  v 0.007  ev +0.95  adv_std 0.118  tR +0.20  ent[s/d/p/e] 1.66/2.33/1.41/0.52  emits 0.45  spf 65.3  z0 0.76  garr 87.0  tG 655  e2 0.09  nF 4.1  pS 0.33  ptS 0.32  fLog 0.62  pdΔ -0.1686  pkR 6.17  clip 0.07  kl +0.001
upd  284  steps  583680  sps 1487  opp symm  loss -0.043  pg -0.0180  v 0.010  ev +0.93  adv_std 0.143  tR +0.20  ent[s/d/p/e] 1.71/2.37/1.49/0.53  emits 0.45  spf 66.0  z0 0.75  garr 88.1  tG 637  e2 0.09  nF 4.3  pS 0.34  ptS 0.33  fLog 0.63  pdΔ -0.1625  pkR 3.87  clip 0.07  kl +0.003
upd  285  steps  585728  sps 1489  opp symm  loss -0.003  pg +0.0233  v 0.007  ev +0.95  adv_std 0.120  tR -0.50  ent[s/d/p/e] 1.62/2.32/1.52/0.54  emits 0.51  spf 64.8  z0 0.73  garr 86.3  tG 604  e2 0.10  nF 4.6  pS 0.32  ptS 0.31  fLog 0.63  pdΔ -0.1793  pkR 4.42  clip 0.07  kl +0.002
upd  286  steps  587776  sps 1492  opp symm  loss -0.045  pg -0.0173  v 0.004  ev +0.97  adv_std 0.093  tR +0.00  ent[s/d/p/e] 1.65/2.26/1.50/0.55  emits 0.59  spf 62.7  z0 0.70  garr 80.6  tG 579  e2 0.12  nF 5.1  pS 0.34  ptS 0.32  fLog 0.62  pdΔ -0.1631  pkR 4.41  clip 0.05  kl +0.001
upd  287  steps  589824  sps 1495  opp symm  loss -0.027  pg -0.0002  v 0.007  ev +0.95  adv_std 0.120  tR +0.20  ent[s/d/p/e] 1.62/2.27/1.51/0.54  emits 0.53  spf 67.2  z0 0.71  garr 76.8  tG 571  e2 0.11  nF 4.6  pS 0.33  ptS 0.32  fLog 0.63  pdΔ -0.1674  pkR 4.46  clip 0.09  kl +0.003
upd  288  steps  591872  sps 1498  opp symm  loss -0.025  pg +0.0006  v 0.009  ev +0.95  adv_std 0.131  tR +0.60  ent[s/d/p/e] 1.59/2.29/1.55/0.54  emits 0.52  spf 65.4  z0 0.73  garr 71.7  tG 546  e2 0.11  nF 4.5  pS 0.32  ptS 0.31  fLog 0.63  pdΔ -0.1799  pkR 5.23  clip 0.08  kl +0.003
upd  289  steps  593920  sps 1500  opp symm  loss -0.036  pg -0.0107  v 0.009  ev +0.95  adv_std 0.131  tR -0.25  ent[s/d/p/e] 1.54/2.21/1.51/0.53  emits 0.52  spf 58.9  z0 0.71  garr 61.7  tG 457  e2 0.10  nF 4.5  pS 0.29  ptS 0.29  fLog 0.61  pdΔ -0.2067  pkR 4.89  clip 0.08  kl +0.003
upd  290  steps  595968  sps 1503  opp symm  loss -0.009  pg +0.0168  v 0.006  ev +0.96  adv_std 0.108  tR +0.00  ent[s/d/p/e] 1.50/2.17/1.45/0.53  emits 0.48  spf 59.5  z0 0.73  garr 67.2  tG 496  e2 0.09  nF 4.4  pS 0.31  ptS 0.30  fLog 0.61  pdΔ -0.1949  pkR 4.91  clip 0.12  kl +0.002
upd  291  steps  598016  sps 1506  opp symm  loss -0.028  pg -0.0012  v 0.007  ev +0.96  adv_std 0.115  tR +0.50  ent[s/d/p/e] 1.54/2.19/1.56/0.56  emits 0.54  spf 64.1  z0 0.70  garr 69.7  tG 533  e2 0.11  nF 5.0  pS 0.33  ptS 0.32  fLog 0.62  pdΔ -0.1693  pkR 4.84  clip 0.15  kl +0.004
upd  292  steps  600064  sps 1508  opp symm  loss -0.021  pg +0.0058  v 0.006  ev +0.96  adv_std 0.109  tR +1.00  ent[s/d/p/e] 1.56/2.18/1.54/0.54  emits 0.50  spf 62.3  z0 0.72  garr 73.5  tG 541  e2 0.10  nF 4.8  pS 0.33  ptS 0.32  fLog 0.62  pdΔ -0.1663  pkR 4.60  clip 0.09  kl +0.003
upd  293  steps  602112  sps 1511  opp symm  loss -0.024  pg +0.0018  v 0.008  ev +0.94  adv_std 0.130  tR +0.33  ent[s/d/p/e] 1.50/2.20/1.55/0.56  emits 0.53  spf 64.9  z0 0.70  garr 72.1  tG 506  e2 0.11  nF 4.3  pS 0.32  ptS 0.30  fLog 0.63  pdΔ -0.1819  pkR 4.74  clip 0.13  kl +0.006
upd  294  steps  604160  sps 1514  opp symm  loss -0.037  pg -0.0120  v 0.009  ev +0.94  adv_std 0.133  tR +0.00  ent[s/d/p/e] 1.50/2.16/1.52/0.54  emits 0.53  spf 61.1  z0 0.71  garr 68.4  tG 497  e2 0.11  nF 4.6  pS 0.33  ptS 0.32  fLog 0.62  pdΔ -0.1673  pkR 4.32  clip 0.06  kl +0.002
upd  295  steps  606208  sps 1516  opp symm  loss -0.042  pg -0.0155  v 0.006  ev +0.95  adv_std 0.109  tR +0.00  ent[s/d/p/e] 1.53/2.14/1.48/0.54  emits 0.53  spf 61.8  z0 0.71  garr 69.8  tG 518  e2 0.10  nF 4.5  pS 0.34  ptS 0.32  fLog 0.62  pdΔ -0.1599  pkR 4.47  clip 0.11  kl +0.003
upd  296  steps  608256  sps 1519  opp symm  loss -0.036  pg -0.0095  v 0.005  ev +0.95  adv_std 0.105  tR +0.00  ent[s/d/p/e] 1.59/2.15/1.47/0.52  emits 0.65  spf 58.7  z0 0.69  garr 65.9  tG 481  e2 0.12  nF 5.3  pS 0.34  ptS 0.32  fLog 0.62  pdΔ -0.1645  pkR 3.47  clip 0.09  kl +0.004
upd  297  steps  610304  sps 1522  opp symm  loss -0.018  pg +0.0077  v 0.009  ev +0.92  adv_std 0.133  tR +0.67  ent[s/d/p/e] 1.48/2.14/1.53/0.55  emits 0.58  spf 57.0  z0 0.69  garr 66.5  tG 508  e2 0.12  nF 5.2  pS 0.34  ptS 0.32  fLog 0.61  pdΔ -0.1587  pkR 4.16  clip 0.06  kl +0.000
upd  298  steps  612352  sps 1524  opp symm  loss -0.008  pg +0.0171  v 0.009  ev +0.92  adv_std 0.132  tR +0.14  ent[s/d/p/e] 1.43/2.12/1.49/0.56  emits 0.52  spf 59.9  z0 0.70  garr 64.2  tG 478  e2 0.10  nF 5.1  pS 0.33  ptS 0.31  fLog 0.62  pdΔ -0.1746  pkR 3.81  clip 0.10  kl +0.003
[eval_vs_v20] u299 tag=train_u299  bin0=0.0%  spf=0.00  garr=128.50  flip=0.00%  z0=71.9%  e8=0.0%  e2+=0.0%  WLD=0/3/0
upd  299  steps  614400  sps 1527  opp symm  loss -0.020  pg +0.0062  v 0.007  ev +0.93  adv_std 0.121  tR -1.00  ent[s/d/p/e] 1.33/1.98/1.56/0.57  emits 0.53  spf 61.4  z0 0.68  garr 64.1  tG 493  e2 0.11  nF 4.8  pS 0.33  ptS 0.32  fLog 0.62  pdΔ -0.1687  pkR 4.04  clip 0.10  kl +0.003 WRr 0.09 v20[spf 0.0 flip 0.0% e2+ 0.0%]
final eval win_rate vs random: 0.094
