
=== [2026-06-11T02:33:27Z] v14e_binary_v1_a_p0i0_ORBITWARS_SHAPING_ANTI_HOARD_0.03_5ecaa9332e phase=a kind=probe chunk=300 env={"ORBITWARS_SHAPING_ANTI_HOARD": 0.03, "ORBITWARS_SHAPING_CAPTURE": 0.04, "ORBITWARS_SHAPING_RELEASE": 0.0075, "ORBITWARS_SHAPING_RELEASE_K": 17.0, "ORBITWARS_SHAPING_PROD_SHARE_DELTA": 0.025, "ORBITWARS_SHAPING_ONE_SHIP_PENALTY": 0.025} ppo={"ent_coef_emit": 0.0175, "lr_peak": 4.5e-05} ===
[reward] kaggle-aligned: terminal +1 win/+1 tie>0/-1 loss/-1 double-wipeout; is_terminal at step >= episode_steps-2; SHAPING_SCALE=0.0; v1: KEEP_HOME=0.0 FLEET_SIZE=0.0/norm20.0; v2 (expert-replay calibrated): PROD_SHARE=0.0 PLANET_SHARE=0.0 FLEET_LOG=0.0/ref500.0/floor0.3; v3 (top10-2630ep calibrated): PROD_SHARE_DELTA=0.025 EMIT_LOG=0.0 EMIT_GATED=0.0 RELEASE=0.0075/K17.0 CAPTURE=0.04; ANTI_HOARD=0.03/thresh0.6; episode_steps=500 (kaggle=500, mismatch=False)
[symmetric] Frog Parade style: same params drive BOTH players, no frozen/strong/buffer opponents, zero_sum_value=True
upd    0  steps    2048  sps 38  opp symm  loss -0.141  pg -0.1240  v 0.007  ev +0.05  adv_std 0.121  tR +0.00  ent[s/d/p/e] 0.19/1.63/1.65/0.31  emits 0.15  spf 20.0  z0 0.87  garr 25.2  tG 32  e2 0.01  nF 1.1  pS 0.06  ptS 0.06  fLog 0.46  pdΔ -0.4413  pkR 5.47  clip 0.04  kl +0.001
upd    1  steps    4096  sps 74  opp symm  loss -0.121  pg -0.0988  v 0.006  ev +0.16  adv_std 0.115  tR +0.00  ent[s/d/p/e] 0.69/1.86/1.58/0.47  emits 0.23  spf 29.2  z0 0.82  garr 38.3  tG 82  e2 0.04  nF 2.5  pS 0.09  ptS 0.10  fLog 0.49  pdΔ -0.4052  pkR 5.41  clip 0.13  kl +0.006
upd    2  steps    6144  sps 110  opp symm  loss -0.068  pg -0.0424  v 0.003  ev +0.47  adv_std 0.083  tR -1.00  ent[s/d/p/e] 1.03/2.07/1.60/0.48  emits 0.24  spf 38.4  z0 0.81  garr 47.9  tG 164  e2 0.04  nF 2.7  pS 0.14  ptS 0.14  fLog 0.54  pdΔ -0.3595  pkR 5.03  clip 0.05  kl +0.002
upd    3  steps    8192  sps 145  opp symm  loss +0.047  pg +0.0740  v 0.002  ev +0.51  adv_std 0.060  tR +0.00  ent[s/d/p/e] 1.24/1.97/1.43/0.53  emits 0.37  spf 40.7  z0 0.74  garr 55.9  tG 269  e2 0.07  nF 3.8  pS 0.19  ptS 0.19  fLog 0.53  pdΔ -0.3094  pkR 4.52  clip 0.10  kl +0.005
upd    4  steps   10240  sps 179  opp symm  loss -0.010  pg +0.0176  v 0.001  ev +0.32  adv_std 0.056  tR +0.00  ent[s/d/p/e] 1.42/2.01/1.37/0.54  emits 0.34  spf 47.3  z0 0.75  garr 69.7  tG 401  e2 0.06  nF 4.4  pS 0.23  ptS 0.23  fLog 0.53  pdΔ -0.2668  pkR 4.50  clip 0.15  kl +0.011
upd    5  steps   12288  sps 213  opp symm  loss +0.010  pg +0.0391  v 0.001  ev +0.24  adv_std 0.047  tR +0.00  ent[s/d/p/e] 1.58/2.18/1.48/0.52  emits 0.30  spf 62.5  z0 0.77  garr 88.5  tG 569  e2 0.05  nF 4.0  pS 0.27  ptS 0.27  fLog 0.57  pdΔ -0.2285  pkR 4.52  clip 0.11  kl +0.003
upd    6  steps   14336  sps 246  opp symm  loss -0.018  pg +0.0104  v 0.002  ev +0.30  adv_std 0.063  tR -1.00  ent[s/d/p/e] 1.70/2.26/1.34/0.55  emits 0.32  spf 72.4  z0 0.77  garr 101.0  tG 724  e2 0.06  nF 4.0  pS 0.30  ptS 0.29  fLog 0.60  pdΔ -0.2042  pkR 4.14  clip 0.30  kl +0.014
upd    7  steps   16384  sps 278  opp symm  loss -0.064  pg -0.0366  v 0.003  ev +0.32  adv_std 0.077  tR -1.00  ent[s/d/p/e] 1.87/2.43/1.37/0.45  emits 0.20  spf 94.5  z0 0.84  garr 125.2  tG 953  e2 0.03  nF 2.9  pS 0.32  ptS 0.31  fLog 0.66  pdΔ -0.1793  pkR 4.59  clip 0.11  kl +0.004
upd    8  steps   18432  sps 309  opp symm  loss -0.016  pg +0.0129  v 0.001  ev +0.65  adv_std 0.051  tR +0.00  ent[s/d/p/e] 2.02/2.45/1.31/0.46  emits 0.23  spf 109.1  z0 0.82  garr 149.0  tG 1180  e2 0.04  nF 2.3  pS 0.34  ptS 0.33  fLog 0.67  pdΔ -0.1604  pkR 4.06  clip 0.09  kl +0.000
upd    9  steps   20480  sps 340  opp symm  loss -0.017  pg +0.0107  v 0.002  ev +0.74  adv_std 0.062  tR +0.00  ent[s/d/p/e] 2.00/2.41/1.19/0.45  emits 0.21  spf 109.8  z0 0.84  garr 174.2  tG 1419  e2 0.03  nF 2.3  pS 0.35  ptS 0.35  fLog 0.64  pdΔ -0.1512  pkR 4.06  clip 0.09  kl +0.005
upd   10  steps   22528  sps 370  opp symm  loss +0.008  pg +0.0378  v 0.002  ev +0.85  adv_std 0.058  tR +0.00  ent[s/d/p/e] 1.97/2.42/1.36/0.51  emits 0.28  spf 121.8  z0 0.80  garr 187.9  tG 1559  e2 0.05  nF 3.0  pS 0.35  ptS 0.36  fLog 0.66  pdΔ -0.1455  pkR 3.81  clip 0.11  kl +0.004
upd   11  steps   24576  sps 399  opp symm  loss -0.008  pg +0.0211  v 0.004  ev +0.76  adv_std 0.091  tR -1.00  ent[s/d/p/e] 2.14/2.48/1.34/0.54  emits 0.36  spf 126.4  z0 0.76  garr 168.6  tG 1476  e2 0.07  nF 3.5  pS 0.37  ptS 0.37  fLog 0.66  pdΔ -0.1276  pkR 3.43  clip 0.13  kl +0.007
upd   12  steps   26624  sps 428  opp symm  loss -0.012  pg +0.0182  v 0.001  ev +0.92  adv_std 0.050  tR +0.00  ent[s/d/p/e] 2.19/2.49/1.25/0.55  emits 0.44  spf 106.2  z0 0.74  garr 160.2  tG 1410  e2 0.10  nF 4.4  pS 0.39  ptS 0.39  fLog 0.64  pdΔ -0.1139  pkR 3.20  clip 0.11  kl +0.002
upd   13  steps   28672  sps 456  opp symm  loss -0.003  pg +0.0277  v 0.001  ev +0.93  adv_std 0.056  tR +0.00  ent[s/d/p/e] 2.22/2.50/1.30/0.57  emits 0.41  spf 117.2  z0 0.74  garr 145.5  tG 1325  e2 0.10  nF 4.6  pS 0.40  ptS 0.40  fLog 0.67  pdΔ -0.1046  pkR 4.15  clip 0.18  kl +0.005
upd   14  steps   30720  sps 484  opp symm  loss -0.009  pg +0.0220  v 0.001  ev +0.95  adv_std 0.053  tR +0.00  ent[s/d/p/e] 2.22/2.50/1.32/0.55  emits 0.37  spf 118.3  z0 0.77  garr 146.0  tG 1318  e2 0.08  nF 3.8  pS 0.39  ptS 0.40  fLog 0.67  pdΔ -0.1086  pkR 4.86  clip 0.12  kl +0.005
upd   15  steps   32768  sps 511  opp symm  loss -0.092  pg -0.1395  v 0.152  ev -0.11  adv_std 0.588  tR +0.00  ent[s/d/p/e] 1.84/2.37/1.34/0.45  emits 0.27  spf 98.5  z0 0.81  garr 96.4  tG 783  e2 0.05  nF 2.4  pS 0.26  ptS 0.26  fLog 0.63  pdΔ -0.2402  pkR 8.39  clip 0.07  kl +0.003
upd   16  steps   34816  sps 537  opp symm  loss -0.016  pg +0.0077  v 0.001  ev -0.13  adv_std 0.043  tR +0.00  ent[s/d/p/e] 0.60/2.11/1.60/0.37  emits 0.15  spf 43.4  z0 0.87  garr 46.9  tG 152  e2 0.02  nF 1.9  pS 0.11  ptS 0.10  fLog 0.54  pdΔ -0.3918  pkR 15.13  clip 0.05  kl +0.000
upd   17  steps   36864  sps 563  opp symm  loss +0.044  pg +0.0697  v 0.002  ev +0.23  adv_std 0.068  tR -1.00  ent[s/d/p/e] 1.00/2.24/1.57/0.42  emits 0.19  spf 51.8  z0 0.85  garr 65.7  tG 255  e2 0.03  nF 1.8  pS 0.15  ptS 0.14  fLog 0.58  pdΔ -0.3456  pkR 10.75  clip 0.07  kl +0.000
upd   18  steps   38912  sps 589  opp symm  loss -0.116  pg -0.0872  v 0.000  ev +0.60  adv_std 0.029  tR +0.00  ent[s/d/p/e] 1.37/2.38/1.61/0.48  emits 0.21  spf 61.3  z0 0.84  garr 85.6  tG 375  e2 0.03  nF 2.0  pS 0.19  ptS 0.18  fLog 0.60  pdΔ -0.3086  pkR 8.55  clip 0.07  kl +0.004
upd   19  steps   40960  sps 614  opp symm  loss -0.042  pg -0.0129  v 0.000  ev +0.75  adv_std 0.023  tR +0.00  ent[s/d/p/e] 1.56/2.37/1.44/0.51  emits 0.32  spf 64.4  z0 0.77  garr 96.4  tG 478  e2 0.06  nF 2.7  pS 0.23  ptS 0.21  fLog 0.60  pdΔ -0.2715  pkR 6.06  clip 0.08  kl +0.000
upd   20  steps   43008  sps 638  opp symm  loss -0.049  pg -0.0198  v 0.002  ev +0.51  adv_std 0.061  tR +1.00  ent[s/d/p/e] 1.77/2.41/1.37/0.54  emits 0.37  spf 69.4  z0 0.75  garr 91.7  tG 550  e2 0.07  nF 3.5  pS 0.27  ptS 0.26  fLog 0.61  pdΔ -0.2272  pkR 3.87  clip 0.08  kl +0.001
upd   21  steps   45056  sps 662  opp symm  loss -0.056  pg -0.0264  v 0.002  ev +0.53  adv_std 0.063  tR -1.00  ent[s/d/p/e] 1.86/2.43/1.25/0.58  emits 0.48  spf 65.9  z0 0.71  garr 88.0  tG 591  e2 0.11  nF 4.4  pS 0.30  ptS 0.29  fLog 0.61  pdΔ -0.2003  pkR 5.03  clip 0.10  kl +0.000
upd   22  steps   47104  sps 686  opp symm  loss -0.031  pg -0.0017  v 0.002  ev +0.57  adv_std 0.067  tR -1.00  ent[s/d/p/e] 1.87/2.37/1.26/0.60  emits 0.52  spf 66.0  z0 0.68  garr 81.8  tG 592  e2 0.11  nF 5.2  pS 0.32  ptS 0.31  fLog 0.60  pdΔ -0.1817  pkR 5.81  clip 0.36  kl +0.011
upd   23  steps   49152  sps 709  opp symm  loss -0.067  pg -0.0371  v 0.002  ev +0.63  adv_std 0.066  tR -0.33  ent[s/d/p/e] 1.92/2.39/1.22/0.59  emits 0.47  spf 64.0  z0 0.71  garr 85.8  tG 640  e2 0.11  nF 4.6  pS 0.33  ptS 0.32  fLog 0.60  pdΔ -0.1669  pkR 3.98  clip 0.11  kl +0.002
upd   24  steps   51200  sps 732  opp symm  loss -0.075  pg -0.0441  v 0.002  ev +0.71  adv_std 0.059  tR -1.00  ent[s/d/p/e] 2.01/2.42/1.26/0.61  emits 0.57  spf 69.1  z0 0.67  garr 88.2  tG 671  e2 0.13  nF 5.1  pS 0.35  ptS 0.34  fLog 0.61  pdΔ -0.1530  pkR 4.29  clip 0.11  kl +0.001
upd   25  steps   53248  sps 754  opp symm  loss -0.054  pg -0.0222  v 0.001  ev +0.87  adv_std 0.038  tR +0.00  ent[s/d/p/e] 2.05/2.42/1.27/0.63  emits 0.67  spf 67.6  z0 0.64  garr 85.9  tG 655  e2 0.15  nF 5.8  pS 0.37  ptS 0.36  fLog 0.60  pdΔ -0.1336  pkR 3.94  clip 0.24  kl +0.007
upd   26  steps   55296  sps 776  opp symm  loss -0.019  pg +0.0122  v 0.002  ev +0.82  adv_std 0.062  tR +1.00  ent[s/d/p/e] 2.09/2.40/1.23/0.62  emits 0.64  spf 60.2  z0 0.63  garr 79.9  tG 647  e2 0.15  nF 6.3  pS 0.38  ptS 0.38  fLog 0.59  pdΔ -0.1159  pkR 2.93  clip 0.30  kl +0.005
upd   27  steps   57344  sps 797  opp symm  loss -0.022  pg +0.0085  v 0.001  ev +0.90  adv_std 0.045  tR +0.00  ent[s/d/p/e] 2.09/2.38/1.22/0.59  emits 0.46  spf 64.5  z0 0.71  garr 88.4  tG 727  e2 0.10  nF 5.3  pS 0.38  ptS 0.37  fLog 0.61  pdΔ -0.1219  pkR 3.98  clip 0.07  kl +0.003
upd   28  steps   59392  sps 818  opp symm  loss -0.098  pg -0.0673  v 0.002  ev +0.83  adv_std 0.060  tR -1.00  ent[s/d/p/e] 2.12/2.41/1.27/0.60  emits 0.52  spf 72.7  z0 0.69  garr 95.5  tG 813  e2 0.13  nF 4.8  pS 0.38  ptS 0.38  fLog 0.62  pdΔ -0.1158  pkR 3.93  clip 0.20  kl +0.008
upd   29  steps   61440  sps 839  opp symm  loss -0.048  pg -0.0182  v 0.003  ev +0.79  adv_std 0.074  tR +0.00  ent[s/d/p/e] 2.15/2.45/1.27/0.56  emits 0.48  spf 78.7  z0 0.72  garr 101.7  tG 864  e2 0.10  nF 4.4  pS 0.38  ptS 0.38  fLog 0.63  pdΔ -0.1167  pkR 3.89  clip 0.08  kl +0.002
upd   30  steps   63488  sps 859  opp symm  loss -0.091  pg -0.0616  v 0.005  ev +0.69  adv_std 0.098  tR -0.33  ent[s/d/p/e] 2.25/2.49/1.26/0.57  emits 0.50  spf 81.2  z0 0.71  garr 104.2  tG 855  e2 0.11  nF 4.4  pS 0.38  ptS 0.37  fLog 0.64  pdΔ -0.1227  pkR 3.57  clip 0.09  kl +0.004
upd   31  steps   65536  sps 880  opp symm  loss -0.113  pg -0.1032  v 0.032  ev +0.24  adv_std 0.257  tR -0.18  ent[s/d/p/e] 1.95/2.48/1.34/0.27  emits 0.15  spf 68.5  z0 0.91  garr 62.8  tG 272  e2 0.03  nF 1.2  pS 0.13  ptS 0.13  fLog 0.62  pdΔ -0.3658  pkR 10.43  clip 0.03  kl +0.000
upd   32  steps   67584  sps 899  opp symm  loss -0.081  pg -0.0550  v 0.001  ev +0.69  adv_std 0.030  tR +0.00  ent[s/d/p/e] 1.50/2.51/1.52/0.31  emits 0.12  spf 71.1  z0 0.91  garr 89.4  tG 258  e2 0.02  nF 1.1  pS 0.12  ptS 0.12  fLog 0.63  pdΔ -0.3834  pkR 8.09  clip 0.04  kl +0.004
upd   33  steps   69632  sps 919  opp symm  loss -0.043  pg -0.0169  v 0.002  ev +0.66  adv_std 0.065  tR +1.00  ent[s/d/p/e] 1.57/2.53/1.47/0.35  emits 0.16  spf 75.6  z0 0.89  garr 99.0  tG 308  e2 0.03  nF 1.2  pS 0.14  ptS 0.14  fLog 0.65  pdΔ -0.3609  pkR 6.91  clip 0.05  kl +0.000
upd   34  steps   71680  sps 938  opp symm  loss -0.081  pg -0.0536  v 0.001  ev +0.90  adv_std 0.036  tR +0.00  ent[s/d/p/e] 1.51/2.45/1.47/0.38  emits 0.17  spf 79.1  z0 0.86  garr 104.9  tG 402  e2 0.03  nF 1.7  pS 0.17  ptS 0.17  fLog 0.64  pdΔ -0.3281  pkR 7.23  clip 0.03  kl +0.002
upd   35  steps   73728  sps 956  opp symm  loss -0.051  pg -0.0225  v 0.001  ev +0.87  adv_std 0.049  tR -1.00  ent[s/d/p/e] 1.75/2.44/1.44/0.45  emits 0.27  spf 80.1  z0 0.83  garr 105.8  tG 502  e2 0.05  nF 2.3  pS 0.21  ptS 0.21  fLog 0.64  pdΔ -0.2898  pkR 6.46  clip 0.06  kl +0.001
upd   36  steps   75776  sps 975  opp symm  loss -0.088  pg -0.0596  v 0.001  ev +0.89  adv_std 0.050  tR +1.00  ent[s/d/p/e] 1.81/2.43/1.39/0.47  emits 0.28  spf 70.0  z0 0.82  garr 108.3  tG 558  e2 0.05  nF 2.8  pS 0.24  ptS 0.23  fLog 0.63  pdΔ -0.2643  pkR 5.76  clip 0.05  kl +0.002
upd   37  steps   77824  sps 993  opp symm  loss -0.069  pg -0.0404  v 0.002  ev +0.89  adv_std 0.057  tR -1.00  ent[s/d/p/e] 1.91/2.39/1.25/0.50  emits 0.37  spf 69.5  z0 0.76  garr 96.1  tG 576  e2 0.07  nF 3.9  pS 0.27  ptS 0.26  fLog 0.61  pdΔ -0.2309  pkR 6.06  clip 0.06  kl +0.002
upd   38  steps   79872  sps 1011  opp symm  loss -0.046  pg -0.0194  v 0.007  ev +0.75  adv_std 0.117  tR +0.20  ent[s/d/p/e] 1.97/2.42/1.21/0.53  emits 0.40  spf 70.5  z0 0.76  garr 90.6  tG 569  e2 0.08  nF 4.3  pS 0.28  ptS 0.27  fLog 0.62  pdΔ -0.2167  pkR 5.83  clip 0.15  kl +0.008
upd   39  steps   81920  sps 1028  opp symm  loss -0.093  pg -0.0647  v 0.001  ev +0.95  adv_std 0.051  tR -1.00  ent[s/d/p/e] 1.96/2.41/1.24/0.47  emits 0.32  spf 66.1  z0 0.79  garr 89.7  tG 537  e2 0.06  nF 3.9  pS 0.28  ptS 0.27  fLog 0.62  pdΔ -0.2218  pkR 3.46  clip 0.06  kl +0.005
upd   40  steps   83968  sps 1045  opp symm  loss -0.076  pg -0.0468  v 0.002  ev +0.92  adv_std 0.067  tR +1.00  ent[s/d/p/e] 2.00/2.42/1.29/0.51  emits 0.35  spf 77.6  z0 0.78  garr 100.3  tG 623  e2 0.07  nF 3.6  pS 0.30  ptS 0.28  fLog 0.64  pdΔ -0.2040  pkR 3.88  clip 0.07  kl +0.001
upd   41  steps   86016  sps 1062  opp symm  loss -0.105  pg -0.0760  v 0.002  ev +0.96  adv_std 0.056  tR +0.00  ent[s/d/p/e] 1.96/2.41/1.27/0.51  emits 0.35  spf 79.5  z0 0.77  garr 107.4  tG 688  e2 0.07  nF 3.8  pS 0.31  ptS 0.30  fLog 0.64  pdΔ -0.1939  pkR 3.50  clip 0.11  kl +0.007
upd   42  steps   88064  sps 1079  opp symm  loss -0.040  pg -0.0115  v 0.002  ev +0.95  adv_std 0.064  tR -1.00  ent[s/d/p/e] 2.11/2.42/1.19/0.52  emits 0.42  spf 78.4  z0 0.75  garr 108.8  tG 746  e2 0.09  nF 4.7  pS 0.33  ptS 0.32  fLog 0.63  pdΔ -0.1728  pkR 4.04  clip 0.09  kl +0.001
upd   43  steps   90112  sps 1095  opp symm  loss -0.086  pg -0.0557  v 0.001  ev +0.97  adv_std 0.052  tR -1.00  ent[s/d/p/e] 2.13/2.42/1.26/0.53  emits 0.38  spf 83.4  z0 0.77  garr 110.4  tG 803  e2 0.08  nF 4.5  pS 0.35  ptS 0.33  fLog 0.65  pdΔ -0.1548  pkR 3.88  clip 0.12  kl +0.004
upd   44  steps   92160  sps 1111  opp symm  loss -0.028  pg +0.0007  v 0.002  ev +0.95  adv_std 0.067  tR +0.00  ent[s/d/p/e] 2.14/2.40/1.20/0.50  emits 0.32  spf 83.9  z0 0.80  garr 119.4  tG 884  e2 0.07  nF 3.8  pS 0.35  ptS 0.34  fLog 0.65  pdΔ -0.1493  pkR 3.37  clip 0.06  kl +0.002
upd   45  steps   94208  sps 1127  opp symm  loss -0.103  pg -0.0730  v 0.002  ev +0.96  adv_std 0.057  tR +0.00  ent[s/d/p/e] 2.14/2.38/1.32/0.54  emits 0.39  spf 96.9  z0 0.76  garr 127.2  tG 892  e2 0.08  nF 3.7  pS 0.34  ptS 0.33  fLog 0.67  pdΔ -0.1610  pkR 3.89  clip 0.16  kl +0.003
upd   46  steps   96256  sps 1143  opp symm  loss -0.065  pg -0.0649  v 0.058  ev +0.56  adv_std 0.353  tR -0.14  ent[s/d/p/e] 2.05/2.34/1.35/0.45  emits 0.32  spf 87.3  z0 0.81  garr 98.8  tG 598  e2 0.07  nF 3.1  pS 0.26  ptS 0.25  fLog 0.65  pdΔ -0.2406  pkR 5.04  clip 0.04  kl +0.002
upd   47  steps   98304  sps 1158  opp symm  loss -0.057  pg -0.0318  v 0.001  ev +0.93  adv_std 0.052  tR +0.00  ent[s/d/p/e] 1.57/2.43/1.46/0.28  emits 0.13  spf 54.2  z0 0.91  garr 73.4  tG 198  e2 0.02  nF 1.3  pS 0.11  ptS 0.11  fLog 0.60  pdΔ -0.3862  pkR 6.13  clip 0.03  kl +0.002
upd   48  steps  100352  sps 1173  opp symm  loss -0.099  pg -0.0721  v 0.003  ev +0.90  adv_std 0.072  tR -1.00  ent[s/d/p/e] 1.52/2.38/1.52/0.39  emits 0.20  spf 58.8  z0 0.86  garr 84.9  tG 259  e2 0.04  nF 1.9  pS 0.15  ptS 0.15  fLog 0.61  pdΔ -0.3529  pkR 5.66  clip 0.07  kl +0.004
upd   49  steps  102400  sps 1188  opp symm  loss -0.056  pg -0.0278  v 0.002  ev +0.93  adv_std 0.065  tR +0.00  ent[s/d/p/e] 1.75/2.43/1.42/0.45  emits 0.29  spf 56.7  z0 0.81  garr 76.9  tG 314  e2 0.05  nF 2.7  pS 0.20  ptS 0.20  fLog 0.61  pdΔ -0.3027  pkR 5.84  clip 0.06  kl +0.003
upd   50  steps  104448  sps 1203  opp symm  loss -0.053  pg -0.0252  v 0.004  ev +0.92  adv_std 0.086  tR +1.00  ent[s/d/p/e] 1.85/2.36/1.36/0.53  emits 0.45  spf 52.8  z0 0.74  garr 74.5  tG 378  e2 0.10  nF 4.3  pS 0.25  ptS 0.25  fLog 0.59  pdΔ -0.2494  pkR 4.48  clip 0.07  kl +0.002
upd   51  steps  106496  sps 1217  opp symm  loss +0.005  pg +0.0327  v 0.006  ev +0.91  adv_std 0.108  tR -1.00  ent[s/d/p/e] 1.95/2.34/1.30/0.54  emits 0.52  spf 48.5  z0 0.71  garr 71.3  tG 416  e2 0.12  nF 5.7  pS 0.29  ptS 0.28  fLog 0.58  pdΔ -0.2147  pkR 4.86  clip 0.12  kl +0.001
upd   52  steps  108544  sps 1232  opp symm  loss -0.005  pg +0.0243  v 0.003  ev +0.96  adv_std 0.073  tR -1.00  ent[s/d/p/e] 2.03/2.37/1.24/0.55  emits 0.58  spf 53.5  z0 0.70  garr 72.5  tG 492  e2 0.12  nF 6.0  pS 0.32  ptS 0.31  fLog 0.59  pdΔ -0.1843  pkR 4.58  clip 0.06  kl +0.003
upd   53  steps  110592  sps 1246  opp symm  loss -0.028  pg +0.0004  v 0.004  ev +0.94  adv_std 0.090  tR +0.50  ent[s/d/p/e] 2.13/2.38/1.20/0.56  emits 0.66  spf 57.7  z0 0.66  garr 73.4  tG 533  e2 0.14  nF 6.7  pS 0.34  ptS 0.34  fLog 0.59  pdΔ -0.1553  pkR 4.28  clip 0.18  kl +0.006
upd   54  steps  112640  sps 1260  opp symm  loss -0.025  pg +0.0041  v 0.004  ev +0.94  adv_std 0.088  tR -0.33  ent[s/d/p/e] 2.15/2.42/1.27/0.55  emits 0.61  spf 59.4  z0 0.69  garr 78.0  tG 519  e2 0.13  nF 6.1  pS 0.34  ptS 0.32  fLog 0.60  pdΔ -0.1646  pkR 4.01  clip 0.26  kl +0.012
upd   55  steps  114688  sps 1273  opp symm  loss +0.002  pg +0.0310  v 0.006  ev +0.90  adv_std 0.107  tR -0.33  ent[s/d/p/e] 2.11/2.38/1.27/0.59  emits 0.71  spf 54.4  z0 0.65  garr 71.9  tG 496  e2 0.16  nF 6.9  pS 0.35  ptS 0.34  fLog 0.59  pdΔ -0.1497  pkR 3.92  clip 0.13  kl +0.007
upd   56  steps  116736  sps 1287  opp symm  loss -0.014  pg +0.0166  v 0.003  ev +0.96  adv_std 0.074  tR +0.00  ent[s/d/p/e] 2.15/2.36/1.26/0.60  emits 0.71  spf 49.6  z0 0.65  garr 67.2  tG 511  e2 0.16  nF 7.2  pS 0.37  ptS 0.36  fLog 0.58  pdΔ -0.1259  pkR 4.19  clip 0.14  kl +0.003
upd   57  steps  118784  sps 1300  opp symm  loss +0.010  pg +0.0410  v 0.003  ev +0.96  adv_std 0.072  tR +0.00  ent[s/d/p/e] 2.18/2.35/1.25/0.62  emits 0.73  spf 52.3  z0 0.64  garr 68.3  tG 559  e2 0.18  nF 7.6  pS 0.40  ptS 0.39  fLog 0.58  pdΔ -0.0971  pkR 4.82  clip 0.11  kl +0.003
upd   58  steps  120832  sps 1313  opp symm  loss -0.036  pg -0.0056  v 0.003  ev +0.96  adv_std 0.077  tR +0.20  ent[s/d/p/e] 2.17/2.33/1.27/0.61  emits 0.80  spf 54.0  z0 0.60  garr 64.9  tG 559  e2 0.18  nF 8.0  pS 0.41  ptS 0.39  fLog 0.59  pdΔ -0.0891  pkR 5.32  clip 0.14  kl +0.007
upd   59  steps  122880  sps 1326  opp symm  loss -0.013  pg +0.0166  v 0.005  ev +0.94  adv_std 0.097  tR +0.67  ent[s/d/p/e] 2.11/2.36/1.28/0.61  emits 0.72  spf 50.1  z0 0.63  garr 61.5  tG 505  e2 0.17  nF 7.6  pS 0.38  ptS 0.37  fLog 0.58  pdΔ -0.1203  pkR 5.13  clip 0.12  kl +0.003
upd   60  steps  124928  sps 1339  opp symm  loss -0.016  pg +0.0138  v 0.004  ev +0.95  adv_std 0.083  tR -0.33  ent[s/d/p/e] 2.10/2.34/1.23/0.61  emits 0.82  spf 47.8  z0 0.60  garr 55.1  tG 445  e2 0.18  nF 8.1  pS 0.37  ptS 0.36  fLog 0.56  pdΔ -0.1316  pkR 5.99  clip 0.22  kl +0.006
upd   61  steps  126976  sps 1352  opp symm  loss -0.021  pg +0.0082  v 0.003  ev +0.95  adv_std 0.081  tR +1.00  ent[s/d/p/e] 2.07/2.30/1.25/0.60  emits 0.71  spf 45.2  z0 0.64  garr 55.7  tG 474  e2 0.17  nF 7.7  pS 0.37  ptS 0.36  fLog 0.56  pdΔ -0.1299  pkR 7.44  clip 0.11  kl +0.003
upd   62  steps  129024  sps 1364  opp symm  loss -0.060  pg -0.0429  v 0.023  ev +0.65  adv_std 0.222  tR -0.18  ent[s/d/p/e] 1.87/2.24/1.32/0.50  emits 0.54  spf 40.2  z0 0.73  garr 39.4  tG 223  e2 0.11  nF 5.0  pS 0.22  ptS 0.22  fLog 0.55  pdΔ -0.2772  pkR 8.26  clip 0.11  kl +0.002
upd   63  steps  131072  sps 1376  opp symm  loss +0.014  pg +0.0414  v 0.003  ev +0.92  adv_std 0.075  tR +1.00  ent[s/d/p/e] 1.76/2.21/1.23/0.53  emits 0.54  spf 34.6  z0 0.71  garr 39.5  tG 182  e2 0.12  nF 5.3  pS 0.21  ptS 0.21  fLog 0.54  pdΔ -0.2864  pkR 5.31  clip 0.12  kl +0.002
upd   64  steps  133120  sps 1388  opp symm  loss -0.035  pg -0.0074  v 0.003  ev +0.92  adv_std 0.083  tR +1.00  ent[s/d/p/e] 1.76/2.21/1.27/0.58  emits 0.67  spf 34.4  z0 0.65  garr 42.6  tG 231  e2 0.15  nF 6.5  pS 0.26  ptS 0.25  fLog 0.53  pdΔ -0.2438  pkR 5.03  clip 0.07  kl +0.001
upd   65  steps  135168  sps 1400  opp symm  loss -0.055  pg -0.0260  v 0.003  ev +0.96  adv_std 0.071  tR +0.00  ent[s/d/p/e] 1.84/2.17/1.28/0.60  emits 0.78  spf 37.4  z0 0.62  garr 42.8  tG 270  e2 0.18  nF 8.7  pS 0.30  ptS 0.28  fLog 0.54  pdΔ -0.2018  pkR 4.90  clip 0.10  kl +0.004
upd   66  steps  137216  sps 1412  opp symm  loss -0.023  pg +0.0057  v 0.003  ev +0.96  adv_std 0.081  tR +0.00  ent[s/d/p/e] 1.95/2.25/1.26/0.60  emits 0.80  spf 39.9  z0 0.61  garr 44.8  tG 313  e2 0.19  nF 9.1  pS 0.33  ptS 0.31  fLog 0.56  pdΔ -0.1700  pkR 5.56  clip 0.14  kl +0.002
upd   67  steps  139264  sps 1424  opp symm  loss -0.028  pg +0.0008  v 0.005  ev +0.95  adv_std 0.098  tR +1.00  ent[s/d/p/e] 1.99/2.24/1.28/0.62  emits 0.86  spf 39.2  z0 0.61  garr 44.9  tG 343  e2 0.19  nF 9.5  pS 0.35  ptS 0.33  fLog 0.55  pdΔ -0.1488  pkR 5.07  clip 0.13  kl +0.002
upd   68  steps  141312  sps 1435  opp symm  loss +0.003  pg +0.0325  v 0.003  ev +0.96  adv_std 0.083  tR +0.00  ent[s/d/p/e] 1.97/2.22/1.25/0.61  emits 0.84  spf 39.8  z0 0.60  garr 43.8  tG 336  e2 0.20  nF 9.2  pS 0.34  ptS 0.32  fLog 0.55  pdΔ -0.1622  pkR 5.62  clip 0.13  kl +0.002
upd   69  steps  143360  sps 1446  opp symm  loss -0.003  pg +0.0253  v 0.005  ev +0.94  adv_std 0.097  tR +0.00  ent[s/d/p/e] 1.95/2.24/1.29/0.60  emits 0.80  spf 40.5  z0 0.60  garr 47.1  tG 361  e2 0.18  nF 8.5  pS 0.33  ptS 0.33  fLog 0.55  pdΔ -0.1657  pkR 6.25  clip 0.25  kl +0.010
upd   70  steps  145408  sps 1457  opp symm  loss -0.039  pg -0.0101  v 0.005  ev +0.94  adv_std 0.095  tR -1.00  ent[s/d/p/e] 1.97/2.28/1.25/0.61  emits 0.66  spf 45.7  z0 0.63  garr 50.3  tG 383  e2 0.14  nF 8.3  pS 0.34  ptS 0.33  fLog 0.57  pdΔ -0.1647  pkR 6.63  clip 0.11  kl +0.003
upd   71  steps  147456  sps 1468  opp symm  loss -0.016  pg +0.0139  v 0.003  ev +0.96  adv_std 0.074  tR +1.00  ent[s/d/p/e] 1.96/2.27/1.27/0.61  emits 0.62  spf 47.7  z0 0.65  garr 54.7  tG 416  e2 0.14  nF 7.2  pS 0.33  ptS 0.33  fLog 0.58  pdΔ -0.1666  pkR 7.57  clip 0.13  kl +0.004
upd   72  steps  149504  sps 1479  opp symm  loss -0.033  pg -0.0035  v 0.002  ev +0.97  adv_std 0.071  tR +0.00  ent[s/d/p/e] 2.00/2.26/1.25/0.60  emits 0.58  spf 46.7  z0 0.68  garr 61.0  tG 456  e2 0.13  nF 6.8  pS 0.34  ptS 0.34  fLog 0.58  pdΔ -0.1560  pkR 4.23  clip 0.07  kl +0.004
upd   73  steps  151552  sps 1490  opp symm  loss -0.040  pg -0.0094  v 0.002  ev +0.97  adv_std 0.066  tR +0.00  ent[s/d/p/e] 2.03/2.27/1.29/0.61  emits 0.62  spf 50.5  z0 0.66  garr 67.2  tG 521  e2 0.14  nF 6.8  pS 0.36  ptS 0.36  fLog 0.58  pdΔ -0.1361  pkR 3.71  clip 0.16  kl +0.006
upd   74  steps  153600  sps 1501  opp symm  loss -0.021  pg +0.0081  v 0.005  ev +0.94  adv_std 0.097  tR -0.50  ent[s/d/p/e] 2.06/2.31/1.26/0.61  emits 0.62  spf 51.3  z0 0.65  garr 68.7  tG 548  e2 0.14  nF 7.4  pS 0.38  ptS 0.37  fLog 0.59  pdΔ -0.1223  pkR 3.25  clip 0.22  kl +0.008
upd   75  steps  155648  sps 1511  opp symm  loss -0.026  pg +0.0041  v 0.003  ev +0.96  adv_std 0.077  tR +0.00  ent[s/d/p/e] 2.04/2.35/1.28/0.62  emits 0.66  spf 53.3  z0 0.64  garr 66.2  tG 505  e2 0.15  nF 7.0  pS 0.36  ptS 0.35  fLog 0.59  pdΔ -0.1385  pkR 3.33  clip 0.08  kl +0.006
upd   76  steps  157696  sps 1521  opp symm  loss -0.025  pg +0.0027  v 0.007  ev +0.93  adv_std 0.114  tR -0.33  ent[s/d/p/e] 2.02/2.34/1.26/0.60  emits 0.62  spf 53.4  z0 0.65  garr 65.1  tG 513  e2 0.15  nF 6.6  pS 0.36  ptS 0.35  fLog 0.60  pdΔ -0.1374  pkR 3.07  clip 0.11  kl +0.004
upd   77  steps  159744  sps 1532  opp symm  loss -0.037  pg -0.0202  v 0.029  ev +0.80  adv_std 0.250  tR +0.06  ent[s/d/p/e] 2.02/2.31/1.26/0.59  emits 0.64  spf 48.4  z0 0.66  garr 57.4  tG 440  e2 0.15  nF 6.6  pS 0.34  ptS 0.34  fLog 0.58  pdΔ -0.1575  pkR 3.38  clip 0.08  kl +0.002
upd   78  steps  161792  sps 1542  opp symm  loss -0.024  pg +0.0031  v 0.003  ev +0.94  adv_std 0.078  tR +0.00  ent[s/d/p/e] 1.69/2.30/1.33/0.53  emits 0.43  spf 41.4  z0 0.75  garr 47.0  tG 240  e2 0.09  nF 4.3  pS 0.22  ptS 0.21  fLog 0.56  pdΔ -0.2830  pkR 5.16  clip 0.14  kl +0.003
upd   79  steps  163840  sps 1552  opp symm  loss -0.031  pg -0.0024  v 0.003  ev +0.96  adv_std 0.074  tR +0.00  ent[s/d/p/e] 1.78/2.36/1.30/0.55  emits 0.42  spf 45.4  z0 0.73  garr 56.8  tG 335  e2 0.09  nF 4.6  pS 0.26  ptS 0.26  fLog 0.58  pdΔ -0.2350  pkR 5.23  clip 0.06  kl +0.001
upd   80  steps  165888  sps 1561  opp symm  loss -0.100  pg -0.0710  v 0.004  ev +0.95  adv_std 0.090  tR +0.00  ent[s/d/p/e] 1.79/2.33/1.38/0.59  emits 0.55  spf 47.6  z0 0.69  garr 59.1  tG 381  e2 0.13  nF 5.1  pS 0.28  ptS 0.28  fLog 0.58  pdΔ -0.2159  pkR 7.95  clip 0.11  kl -0.000
upd   81  steps  167936  sps 1571  opp symm  loss -0.052  pg -0.0231  v 0.002  ev +0.98  adv_std 0.067  tR +0.33  ent[s/d/p/e] 1.87/2.33/1.30/0.57  emits 0.53  spf 45.3  z0 0.69  garr 58.3  tG 380  e2 0.12  nF 5.5  pS 0.29  ptS 0.29  fLog 0.57  pdΔ -0.2110  pkR 7.11  clip 0.11  kl +0.007
upd   82  steps  169984  sps 1581  opp symm  loss -0.021  pg +0.0077  v 0.003  ev +0.97  adv_std 0.078  tR +0.00  ent[s/d/p/e] 1.92/2.29/1.25/0.60  emits 0.63  spf 44.4  z0 0.65  garr 55.6  tG 378  e2 0.15  nF 6.4  pS 0.31  ptS 0.31  fLog 0.57  pdΔ -0.1921  pkR 3.21  clip 0.09  kl +0.005
upd   83  steps  172032  sps 1590  opp symm  loss +0.007  pg +0.0361  v 0.005  ev +0.96  adv_std 0.096  tR +0.20  ent[s/d/p/e] 1.96/2.33/1.26/0.60  emits 0.62  spf 47.4  z0 0.67  garr 56.4  tG 408  e2 0.13  nF 6.7  pS 0.32  ptS 0.33  fLog 0.58  pdΔ -0.1792  pkR 3.40  clip 0.10  kl +0.003
upd   84  steps  174080  sps 1599  opp symm  loss -0.003  pg +0.0250  v 0.004  ev +0.96  adv_std 0.093  tR -0.60  ent[s/d/p/e] 1.90/2.31/1.24/0.59  emits 0.56  spf 46.9  z0 0.68  garr 57.2  tG 402  e2 0.13  nF 6.5  pS 0.32  ptS 0.32  fLog 0.58  pdΔ -0.1837  pkR 3.25  clip 0.12  kl +0.005
upd   85  steps  176128  sps 1609  opp symm  loss +0.018  pg +0.0475  v 0.003  ev +0.98  adv_std 0.075  tR +0.00  ent[s/d/p/e] 1.86/2.28/1.27/0.60  emits 0.61  spf 47.8  z0 0.65  garr 57.7  tG 423  e2 0.14  nF 6.7  pS 0.32  ptS 0.31  fLog 0.58  pdΔ -0.1825  pkR 3.79  clip 0.11  kl +0.006
upd   86  steps  178176  sps 1618  opp symm  loss -0.042  pg -0.0141  v 0.006  ev +0.95  adv_std 0.108  tR -0.20  ent[s/d/p/e] 1.85/2.30/1.26/0.62  emits 0.54  spf 50.9  z0 0.67  garr 62.3  tG 463  e2 0.12  nF 6.0  pS 0.32  ptS 0.32  fLog 0.59  pdΔ -0.1770  pkR 4.40  clip 0.09  kl +0.003
upd   87  steps  180224  sps 1627  opp symm  loss -0.019  pg +0.0103  v 0.003  ev +0.97  adv_std 0.083  tR -1.00  ent[s/d/p/e] 1.95/2.29/1.26/0.61  emits 0.65  spf 53.6  z0 0.64  garr 60.3  tG 488  e2 0.15  nF 6.4  pS 0.35  ptS 0.34  fLog 0.59  pdΔ -0.1504  pkR 4.84  clip 0.10  kl +0.004
upd   88  steps  182272  sps 1636  opp symm  loss -0.004  pg +0.0239  v 0.005  ev +0.96  adv_std 0.104  tR +1.00  ent[s/d/p/e] 1.90/2.30/1.24/0.59  emits 0.61  spf 51.9  z0 0.65  garr 60.3  tG 486  e2 0.14  nF 7.0  pS 0.36  ptS 0.35  fLog 0.59  pdΔ -0.1413  pkR 4.23  clip 0.10  kl +0.005
upd   89  steps  184320  sps 1645  opp symm  loss +0.006  pg +0.0352  v 0.003  ev +0.98  adv_std 0.079  tR +1.00  ent[s/d/p/e] 1.83/2.29/1.21/0.62  emits 0.65  spf 51.9  z0 0.64  garr 61.6  tG 506  e2 0.14  nF 6.6  pS 0.37  ptS 0.35  fLog 0.59  pdΔ -0.1335  pkR 5.00  clip 0.14  kl +0.004
upd   90  steps  186368  sps 1653  opp symm  loss +0.016  pg +0.0454  v 0.003  ev +0.98  adv_std 0.082  tR +0.00  ent[s/d/p/e] 1.99/2.33/1.24/0.61  emits 0.67  spf 48.0  z0 0.65  garr 63.1  tG 504  e2 0.14  nF 7.1  pS 0.38  ptS 0.36  fLog 0.58  pdΔ -0.1216  pkR 4.36  clip 0.10  kl +0.004
upd   91  steps  188416  sps 1662  opp symm  loss -0.011  pg +0.0181  v 0.005  ev +0.96  adv_std 0.099  tR +0.20  ent[s/d/p/e] 1.93/2.31/1.28/0.62  emits 0.56  spf 50.9  z0 0.68  garr 65.5  tG 530  e2 0.13  nF 6.9  pS 0.37  ptS 0.36  fLog 0.59  pdΔ -0.1278  pkR 3.40  clip 0.11  kl +0.006
upd   92  steps  190464  sps 1671  opp symm  loss -0.005  pg +0.0233  v 0.003  ev +0.98  adv_std 0.075  tR -0.20  ent[s/d/p/e] 1.87/2.30/1.22/0.59  emits 0.52  spf 55.6  z0 0.67  garr 68.8  tG 554  e2 0.11  nF 5.5  pS 0.36  ptS 0.34  fLog 0.60  pdΔ -0.1419  pkR 3.42  clip 0.07  kl +0.003
upd   93  steps  192512  sps 1679  opp symm  loss +0.000  pg +0.0197  v 0.019  ev +0.83  adv_std 0.193  tR -0.39  ent[s/d/p/e] 1.75/2.25/1.21/0.55  emits 0.48  spf 54.4  z0 0.71  garr 57.3  tG 412  e2 0.10  nF 4.6  pS 0.28  ptS 0.27  fLog 0.59  pdΔ -0.2163  pkR 4.44  clip 0.08  kl +0.003
upd   94  steps  194560  sps 1687  opp symm  loss -0.018  pg +0.0090  v 0.005  ev +0.95  adv_std 0.095  tR +0.00  ent[s/d/p/e] 1.73/2.22/1.20/0.57  emits 0.53  spf 46.3  z0 0.69  garr 53.7  tG 362  e2 0.12  nF 5.0  pS 0.28  ptS 0.27  fLog 0.57  pdΔ -0.2178  pkR 4.71  clip 0.09  kl +0.003
upd   95  steps  196608  sps 1695  opp symm  loss -0.025  pg +0.0035  v 0.004  ev +0.96  adv_std 0.088  tR -0.33  ent[s/d/p/e] 1.85/2.30/1.22/0.60  emits 0.54  spf 47.9  z0 0.69  garr 57.9  tG 416  e2 0.12  nF 6.0  pS 0.31  ptS 0.30  fLog 0.58  pdΔ -0.1863  pkR 5.27  clip 0.09  kl +0.001
upd   96  steps  198656  sps 1704  opp symm  loss -0.024  pg +0.0039  v 0.004  ev +0.96  adv_std 0.089  tR -0.50  ent[s/d/p/e] 1.93/2.32/1.25/0.57  emits 0.51  spf 51.1  z0 0.70  garr 63.6  tG 463  e2 0.11  nF 5.6  pS 0.33  ptS 0.31  fLog 0.59  pdΔ -0.1723  pkR 3.62  clip 0.10  kl +0.002
upd   97  steps  200704  sps 1712  opp symm  loss -0.010  pg +0.0159  v 0.008  ev +0.91  adv_std 0.126  tR +1.00  ent[s/d/p/e] 1.94/2.35/1.17/0.58  emits 0.54  spf 54.7  z0 0.69  garr 70.6  tG 509  e2 0.12  nF 5.3  pS 0.34  ptS 0.32  fLog 0.60  pdΔ -0.1623  pkR 3.54  clip 0.12  kl +0.004
upd   98  steps  202752  sps 1720  opp symm  loss -0.031  pg -0.0030  v 0.005  ev +0.95  adv_std 0.099  tR -1.00  ent[s/d/p/e] 1.97/2.36/1.18/0.61  emits 0.71  spf 53.2  z0 0.62  garr 66.2  tG 508  e2 0.16  nF 6.6  pS 0.36  ptS 0.35  fLog 0.60  pdΔ -0.1364  pkR 3.46  clip 0.08  kl +0.003
[eval_vs_v20] u99 tag=train_u99  bin0=0.0%  spf=34.43  garr=104.61  flip=12.50%  z0=62.4%  e8=0.0%  e2+=0.8%  WLD=0/3/0
upd   99  steps  204800  sps 1727  opp symm  loss -0.035  pg -0.0083  v 0.009  ev +0.91  adv_std 0.129  tR -0.20  ent[s/d/p/e] 2.05/2.34/1.14/0.61  emits 0.66  spf 49.7  z0 0.66  garr 67.3  tG 527  e2 0.16  nF 6.6  pS 0.38  ptS 0.36  fLog 0.59  pdΔ -0.1232  pkR 3.21  clip 0.09  kl +0.002 WRr 0.06 v20[spf 34.4 flip 12.5% e2+ 0.8%]
upd  100  steps  206848  sps 928  opp symm  loss +0.004  pg +0.0279  v 0.012  ev +0.89  adv_std 0.157  tR +0.60  ent[s/d/p/e] 2.01/2.31/1.16/0.59  emits 0.64  spf 51.2  z0 0.65  garr 67.0  tG 531  e2 0.15  nF 6.3  pS 0.38  ptS 0.36  fLog 0.59  pdΔ -0.1237  pkR 3.05  clip 0.11  kl +0.001
upd  101  steps  208896  sps 935  opp symm  loss -0.043  pg -0.0163  v 0.007  ev +0.95  adv_std 0.114  tR +0.20  ent[s/d/p/e] 2.00/2.31/1.19/0.60  emits 0.63  spf 52.4  z0 0.66  garr 68.5  tG 529  e2 0.14  nF 6.7  pS 0.36  ptS 0.35  fLog 0.59  pdΔ -0.1440  pkR 3.69  clip 0.08  kl +0.001
upd  102  steps  210944  sps 941  opp symm  loss -0.042  pg -0.0153  v 0.007  ev +0.95  adv_std 0.118  tR -0.33  ent[s/d/p/e] 1.93/2.29/1.19/0.59  emits 0.59  spf 51.6  z0 0.68  garr 65.0  tG 492  e2 0.13  nF 6.2  pS 0.34  ptS 0.33  fLog 0.59  pdΔ -0.1640  pkR 3.25  clip 0.06  kl -0.000
upd  103  steps  212992  sps 948  opp symm  loss -0.015  pg +0.0120  v 0.006  ev +0.96  adv_std 0.113  tR +1.00  ent[s/d/p/e] 1.90/2.30/1.16/0.60  emits 0.56  spf 51.6  z0 0.68  garr 67.9  tG 507  e2 0.13  nF 6.2  pS 0.34  ptS 0.33  fLog 0.58  pdΔ -0.1642  pkR 3.82  clip 0.08  kl +0.001
upd  104  steps  215040  sps 954  opp symm  loss +0.018  pg +0.0444  v 0.007  ev +0.95  adv_std 0.120  tR -0.33  ent[s/d/p/e] 1.91/2.31/1.21/0.58  emits 0.48  spf 55.1  z0 0.71  garr 73.9  tG 547  e2 0.11  nF 5.5  pS 0.33  ptS 0.33  fLog 0.60  pdΔ -0.1660  pkR 3.34  clip 0.07  kl +0.001
upd  105  steps  217088  sps 960  opp symm  loss -0.037  pg -0.0101  v 0.007  ev +0.95  adv_std 0.116  tR -1.00  ent[s/d/p/e] 1.96/2.32/1.22/0.59  emits 0.59  spf 53.9  z0 0.67  garr 70.3  tG 559  e2 0.12  nF 6.1  pS 0.35  ptS 0.34  fLog 0.59  pdΔ -0.1514  pkR 3.36  clip 0.08  kl +0.004
upd  106  steps  219136  sps 967  opp symm  loss -0.049  pg -0.0229  v 0.008  ev +0.93  adv_std 0.127  tR -0.60  ent[s/d/p/e] 1.91/2.29/1.20/0.59  emits 0.57  spf 55.7  z0 0.67  garr 71.1  tG 589  e2 0.13  nF 6.1  pS 0.36  ptS 0.35  fLog 0.60  pdΔ -0.1424  pkR 3.92  clip 0.06  kl +0.002
upd  107  steps  221184  sps 973  opp symm  loss -0.034  pg -0.0055  v 0.003  ev +0.97  adv_std 0.081  tR +0.50  ent[s/d/p/e] 1.91/2.30/1.20/0.61  emits 0.61  spf 54.2  z0 0.65  garr 66.6  tG 561  e2 0.14  nF 6.0  pS 0.35  ptS 0.35  fLog 0.59  pdΔ -0.1467  pkR 4.78  clip 0.11  kl +0.001
upd  108  steps  223232  sps 979  opp symm  loss -0.023  pg -0.0014  v 0.017  ev +0.86  adv_std 0.189  tR +0.16  ent[s/d/p/e] 1.91/2.33/1.25/0.60  emits 0.60  spf 54.4  z0 0.64  garr 66.7  tG 548  e2 0.14  nF 6.2  pS 0.35  ptS 0.35  fLog 0.60  pdΔ -0.1451  pkR 3.03  clip 0.10  kl +0.004
upd  109  steps  225280  sps 985  opp symm  loss -0.004  pg +0.0222  v 0.005  ev +0.92  adv_std 0.102  tR +1.00  ent[s/d/p/e] 1.64/2.17/1.23/0.57  emits 0.54  spf 45.9  z0 0.69  garr 55.3  tG 394  e2 0.13  nF 5.2  pS 0.28  ptS 0.27  fLog 0.56  pdΔ -0.2201  pkR 4.93  clip 0.06  kl +0.002
upd  110  steps  227328  sps 992  opp symm  loss -0.026  pg +0.0003  v 0.006  ev +0.93  adv_std 0.108  tR -1.00  ent[s/d/p/e] 1.78/2.22/1.22/0.58  emits 0.65  spf 46.7  z0 0.65  garr 60.9  tG 466  e2 0.15  nF 6.5  pS 0.32  ptS 0.32  fLog 0.56  pdΔ -0.1753  pkR 4.11  clip 0.09  kl +0.003
upd  111  steps  229376  sps 998  opp symm  loss +0.012  pg +0.0398  v 0.005  ev +0.95  adv_std 0.097  tR +1.00  ent[s/d/p/e] 1.84/2.29/1.25/0.58  emits 0.64  spf 48.5  z0 0.66  garr 62.9  tG 478  e2 0.14  nF 6.7  pS 0.33  ptS 0.32  fLog 0.58  pdΔ -0.1713  pkR 4.25  clip 0.19  kl +0.007
upd  112  steps  231424  sps 1004  opp symm  loss -0.015  pg +0.0118  v 0.005  ev +0.95  adv_std 0.101  tR +0.11  ent[s/d/p/e] 1.73/2.25/1.26/0.56  emits 0.46  spf 49.8  z0 0.72  garr 67.6  tG 477  e2 0.10  nF 5.2  pS 0.30  ptS 0.30  fLog 0.58  pdΔ -0.1963  pkR 4.57  clip 0.05  kl -0.000
upd  113  steps  233472  sps 1010  opp symm  loss -0.014  pg +0.0112  v 0.008  ev +0.92  adv_std 0.125  tR -0.33  ent[s/d/p/e] 1.71/2.29/1.24/0.55  emits 0.43  spf 57.5  z0 0.72  garr 76.5  tG 560  e2 0.09  nF 4.6  pS 0.31  ptS 0.30  fLog 0.60  pdΔ -0.1886  pkR 4.36  clip 0.05  kl +0.002
upd  114  steps  235520  sps 1016  opp symm  loss -0.058  pg -0.0317  v 0.007  ev +0.94  adv_std 0.120  tR +0.20  ent[s/d/p/e] 1.79/2.31/1.28/0.57  emits 0.48  spf 57.2  z0 0.70  garr 78.5  tG 585  e2 0.11  nF 4.7  pS 0.33  ptS 0.32  fLog 0.61  pdΔ -0.1674  pkR 3.83  clip 0.05  kl -0.001
upd  115  steps  237568  sps 1022  opp symm  loss -0.042  pg -0.0160  v 0.006  ev +0.95  adv_std 0.114  tR +0.33  ent[s/d/p/e] 1.81/2.30/1.25/0.56  emits 0.47  spf 60.0  z0 0.71  garr 78.8  tG 602  e2 0.10  nF 4.6  pS 0.33  ptS 0.32  fLog 0.62  pdΔ -0.1698  pkR 3.59  clip 0.06  kl +0.002
upd  116  steps  239616  sps 1028  opp symm  loss -0.021  pg +0.0048  v 0.006  ev +0.96  adv_std 0.106  tR -0.33  ent[s/d/p/e] 1.69/2.21/1.22/0.55  emits 0.42  spf 63.2  z0 0.73  garr 80.4  tG 629  e2 0.08  nF 4.1  pS 0.33  ptS 0.32  fLog 0.62  pdΔ -0.1747  pkR 3.85  clip 0.08  kl +0.002
upd  117  steps  241664  sps 1034  opp symm  loss -0.011  pg +0.0156  v 0.004  ev +0.97  adv_std 0.094  tR -0.33  ent[s/d/p/e] 1.73/2.20/1.27/0.51  emits 0.38  spf 60.5  z0 0.76  garr 91.2  tG 715  e2 0.08  nF 3.9  pS 0.33  ptS 0.33  fLog 0.61  pdΔ -0.1675  pkR 3.62  clip 0.16  kl +0.002
upd  118  steps  243712  sps 1040  opp symm  loss -0.008  pg +0.0191  v 0.004  ev +0.97  adv_std 0.094  tR +0.00  ent[s/d/p/e] 1.82/2.24/1.21/0.58  emits 0.55  spf 63.6  z0 0.68  garr 91.4  tG 726  e2 0.13  nF 4.8  pS 0.34  ptS 0.34  fLog 0.62  pdΔ -0.1591  pkR 4.21  clip 0.09  kl +0.000
upd  119  steps  245760  sps 1045  opp symm  loss -0.016  pg +0.0093  v 0.008  ev +0.96  adv_std 0.123  tR +0.00  ent[s/d/p/e] 1.91/2.26/1.22/0.54  emits 0.46  spf 67.2  z0 0.72  garr 93.3  tG 765  e2 0.10  nF 4.6  pS 0.36  ptS 0.35  fLog 0.62  pdΔ -0.1397  pkR 4.26  clip 0.07  kl +0.002
upd  120  steps  247808  sps 1051  opp symm  loss +0.005  pg +0.0315  v 0.006  ev +0.97  adv_std 0.112  tR +0.50  ent[s/d/p/e] 2.04/2.30/1.22/0.53  emits 0.49  spf 69.5  z0 0.72  garr 99.3  tG 798  e2 0.10  nF 4.8  pS 0.37  ptS 0.36  fLog 0.63  pdΔ -0.1309  pkR 3.45  clip 0.12  kl +0.005
upd  121  steps  249856  sps 1057  opp symm  loss -0.003  pg +0.0239  v 0.006  ev +0.97  adv_std 0.114  tR +1.00  ent[s/d/p/e] 2.06/2.35/1.24/0.55  emits 0.55  spf 66.5  z0 0.71  garr 102.7  tG 802  e2 0.12  nF 5.4  pS 0.37  ptS 0.37  fLog 0.63  pdΔ -0.1266  pkR 3.61  clip 0.07  kl +0.004
upd  122  steps  251904  sps 1063  opp symm  loss -0.033  pg -0.0054  v 0.005  ev +0.98  adv_std 0.095  tR +0.14  ent[s/d/p/e] 2.10/2.41/1.19/0.53  emits 0.49  spf 70.9  z0 0.73  garr 106.6  tG 850  e2 0.10  nF 4.8  pS 0.37  ptS 0.37  fLog 0.64  pdΔ -0.1269  pkR 3.90  clip 0.11  kl +0.006
upd  123  steps  253952  sps 1069  opp symm  loss -0.050  pg -0.0232  v 0.005  ev +0.97  adv_std 0.099  tR +0.00  ent[s/d/p/e] 1.92/2.32/1.18/0.52  emits 0.48  spf 68.1  z0 0.73  garr 112.5  tG 861  e2 0.10  nF 4.1  pS 0.35  ptS 0.35  fLog 0.62  pdΔ -0.1492  pkR 3.50  clip 0.06  kl +0.002
upd  124  steps  256000  sps 1074  opp symm  loss +0.025  pg +0.0434  v 0.020  ev +0.88  adv_std 0.195  tR +0.38  ent[s/d/p/e] 1.88/2.25/1.14/0.50  emits 0.44  spf 60.2  z0 0.76  garr 101.7  tG 741  e2 0.10  nF 3.9  pS 0.31  ptS 0.31  fLog 0.61  pdΔ -0.1898  pkR 4.68  clip 0.06  kl +0.001
upd  125  steps  258048  sps 1080  opp symm  loss +0.009  pg +0.0347  v 0.006  ev +0.95  adv_std 0.112  tR +0.00  ent[s/d/p/e] 1.80/2.23/1.23/0.51  emits 0.41  spf 61.5  z0 0.77  garr 92.4  tG 646  e2 0.08  nF 4.0  pS 0.30  ptS 0.30  fLog 0.61  pdΔ -0.2039  pkR 4.48  clip 0.06  kl +0.000
upd  126  steps  260096  sps 1086  opp symm  loss -0.026  pg +0.0003  v 0.004  ev +0.97  adv_std 0.093  tR +0.20  ent[s/d/p/e] 1.82/2.30/1.26/0.51  emits 0.44  spf 63.2  z0 0.74  garr 95.4  tG 678  e2 0.09  nF 4.0  pS 0.31  ptS 0.31  fLog 0.62  pdΔ -0.1906  pkR 4.04  clip 0.06  kl +0.002
upd  127  steps  262144  sps 1091  opp symm  loss -0.017  pg +0.0071  v 0.009  ev +0.95  adv_std 0.134  tR +0.20  ent[s/d/p/e] 1.86/2.27/1.18/0.54  emits 0.53  spf 54.1  z0 0.72  garr 84.1  tG 600  e2 0.11  nF 4.9  pS 0.31  ptS 0.31  fLog 0.59  pdΔ -0.1935  pkR 4.72  clip 0.08  kl +0.002
upd  128  steps  264192  sps 1097  opp symm  loss +0.015  pg +0.0398  v 0.007  ev +0.96  adv_std 0.112  tR +0.00  ent[s/d/p/e] 1.78/2.19/1.24/0.50  emits 0.48  spf 58.1  z0 0.74  garr 80.6  tG 566  e2 0.09  nF 4.6  pS 0.29  ptS 0.29  fLog 0.60  pdΔ -0.2107  pkR 4.72  clip 0.11  kl +0.004
upd  129  steps  266240  sps 1102  opp symm  loss -0.021  pg +0.0035  v 0.007  ev +0.95  adv_std 0.118  tR +1.00  ent[s/d/p/e] 1.79/2.18/1.18/0.52  emits 0.50  spf 57.2  z0 0.72  garr 78.8  tG 559  e2 0.10  nF 4.7  pS 0.30  ptS 0.30  fLog 0.60  pdΔ -0.2005  pkR 4.43  clip 0.07  kl +0.004
upd  130  steps  268288  sps 1108  opp symm  loss +0.008  pg +0.0333  v 0.005  ev +0.97  adv_std 0.105  tR +0.00  ent[s/d/p/e] 1.85/2.23/1.15/0.51  emits 0.50  spf 56.8  z0 0.74  garr 82.7  tG 587  e2 0.10  nF 4.5  pS 0.31  ptS 0.31  fLog 0.60  pdΔ -0.1862  pkR 3.99  clip 0.10  kl +0.001
upd  131  steps  270336  sps 1113  opp symm  loss -0.043  pg -0.0170  v 0.007  ev +0.96  adv_std 0.120  tR +0.00  ent[s/d/p/e] 1.95/2.34/1.18/0.52  emits 0.55  spf 55.8  z0 0.72  garr 87.8  tG 604  e2 0.11  nF 5.1  pS 0.32  ptS 0.32  fLog 0.60  pdΔ -0.1757  pkR 3.68  clip 0.06  kl +0.001
upd  132  steps  272384  sps 1119  opp symm  loss -0.052  pg -0.0258  v 0.005  ev +0.98  adv_std 0.098  tR +0.33  ent[s/d/p/e] 1.86/2.29/1.21/0.50  emits 0.53  spf 52.2  z0 0.73  garr 77.7  tG 517  e2 0.11  nF 5.2  pS 0.30  ptS 0.30  fLog 0.59  pdΔ -0.1983  pkR 4.49  clip 0.06  kl +0.002
upd  133  steps  274432  sps 1124  opp symm  loss -0.031  pg -0.0043  v 0.004  ev +0.98  adv_std 0.086  tR +0.00  ent[s/d/p/e] 1.99/2.32/1.17/0.49  emits 0.51  spf 53.8  z0 0.75  garr 80.0  tG 546  e2 0.10  nF 5.2  pS 0.32  ptS 0.32  fLog 0.60  pdΔ -0.1783  pkR 4.13  clip 0.13  kl +0.002
upd  134  steps  276480  sps 1130  opp symm  loss -0.041  pg -0.0147  v 0.004  ev +0.98  adv_std 0.093  tR +0.43  ent[s/d/p/e] 1.88/2.30/1.21/0.47  emits 0.37  spf 57.1  z0 0.79  garr 86.1  tG 572  e2 0.08  nF 3.8  pS 0.29  ptS 0.29  fLog 0.61  pdΔ -0.2087  pkR 4.08  clip 0.03  kl +0.001
upd  135  steps  278528  sps 1135  opp symm  loss +0.017  pg +0.0407  v 0.008  ev +0.96  adv_std 0.127  tR +0.00  ent[s/d/p/e] 1.94/2.30/1.18/0.48  emits 0.37  spf 61.6  z0 0.77  garr 89.0  tG 579  e2 0.08  nF 3.7  pS 0.29  ptS 0.29  fLog 0.62  pdΔ -0.2084  pkR 4.30  clip 0.05  kl +0.000
upd  136  steps  280576  sps 1140  opp symm  loss -0.036  pg -0.0103  v 0.006  ev +0.97  adv_std 0.113  tR +0.33  ent[s/d/p/e] 1.96/2.30/1.13/0.50  emits 0.42  spf 58.7  z0 0.76  garr 92.7  tG 623  e2 0.08  nF 3.8  pS 0.31  ptS 0.31  fLog 0.61  pdΔ -0.1879  pkR 4.89  clip 0.11  kl +0.002
upd  137  steps  282624  sps 1146  opp symm  loss +0.008  pg +0.0336  v 0.006  ev +0.97  adv_std 0.107  tR -0.33  ent[s/d/p/e] 2.01/2.40/1.12/0.50  emits 0.40  spf 66.0  z0 0.76  garr 101.5  tG 717  e2 0.08  nF 4.1  pS 0.33  ptS 0.33  fLog 0.63  pdΔ -0.1658  pkR 4.39  clip 0.04  kl -0.000
upd  138  steps  284672  sps 1151  opp symm  loss -0.037  pg -0.0119  v 0.007  ev +0.97  adv_std 0.116  tR +0.50  ent[s/d/p/e] 2.07/2.42/1.14/0.48  emits 0.38  spf 72.5  z0 0.78  garr 106.6  tG 751  e2 0.08  nF 3.9  pS 0.34  ptS 0.33  fLog 0.65  pdΔ -0.1645  pkR 3.59  clip 0.09  kl +0.001
upd  139  steps  286720  sps 1156  opp symm  loss -0.010  pg +0.0161  v 0.005  ev +0.98  adv_std 0.092  tR +1.00  ent[s/d/p/e] 1.99/2.38/1.19/0.47  emits 0.36  spf 77.5  z0 0.79  garr 113.9  tG 754  e2 0.07  nF 3.3  pS 0.32  ptS 0.32  fLog 0.65  pdΔ -0.1783  pkR 3.69  clip 0.04  kl +0.001
upd  140  steps  288768  sps 1161  opp symm  loss -0.084  pg -0.0582  v 0.004  ev +0.98  adv_std 0.089  tR -0.27  ent[s/d/p/e] 1.82/2.35/1.21/0.47  emits 0.30  spf 78.5  z0 0.81  garr 108.1  tG 724  e2 0.06  nF 3.0  pS 0.30  ptS 0.29  fLog 0.65  pdΔ -0.2023  pkR 4.57  clip 0.09  kl +0.001
upd  141  steps  290816  sps 1166  opp symm  loss -0.039  pg -0.0139  v 0.006  ev +0.96  adv_std 0.114  tR -1.00  ent[s/d/p/e] 1.85/2.37/1.23/0.47  emits 0.31  spf 79.5  z0 0.80  garr 122.3  tG 857  e2 0.06  nF 3.0  pS 0.32  ptS 0.31  fLog 0.65  pdΔ -0.1791  pkR 4.81  clip 0.05  kl +0.004
upd  142  steps  292864  sps 1172  opp symm  loss -0.016  pg +0.0102  v 0.006  ev +0.96  adv_std 0.109  tR -1.00  ent[s/d/p/e] 1.86/2.36/1.28/0.49  emits 0.37  spf 82.6  z0 0.77  garr 116.7  tG 882  e2 0.08  nF 3.4  pS 0.34  ptS 0.33  fLog 0.66  pdΔ -0.1618  pkR 4.43  clip 0.08  kl +0.004
upd  143  steps  294912  sps 1177  opp symm  loss -0.011  pg +0.0124  v 0.011  ev +0.93  adv_std 0.144  tR +1.00  ent[s/d/p/e] 1.92/2.37/1.29/0.47  emits 0.31  spf 79.0  z0 0.80  garr 122.4  tG 940  e2 0.06  nF 3.2  pS 0.34  ptS 0.34  fLog 0.65  pdΔ -0.1570  pkR 4.16  clip 0.06  kl +0.002
upd  144  steps  296960  sps 1182  opp symm  loss -0.033  pg -0.0101  v 0.010  ev +0.94  adv_std 0.141  tR +0.33  ent[s/d/p/e] 1.84/2.33/1.25/0.46  emits 0.31  spf 86.1  z0 0.80  garr 128.2  tG 949  e2 0.07  nF 2.8  pS 0.32  ptS 0.32  fLog 0.66  pdΔ -0.1752  pkR 4.31  clip 0.12  kl +0.004
upd  145  steps  299008  sps 1187  opp symm  loss -0.042  pg -0.0167  v 0.008  ev +0.96  adv_std 0.126  tR +0.50  ent[s/d/p/e] 1.90/2.39/1.17/0.53  emits 0.42  spf 84.4  z0 0.74  garr 126.8  tG 959  e2 0.09  nF 3.7  pS 0.34  ptS 0.34  fLog 0.65  pdΔ -0.1573  pkR 3.97  clip 0.07  kl +0.002
upd  146  steps  301056  sps 1192  opp symm  loss -0.031  pg -0.0056  v 0.009  ev +0.96  adv_std 0.134  tR +0.50  ent[s/d/p/e] 1.88/2.36/1.20/0.55  emits 0.45  spf 84.4  z0 0.74  garr 112.9  tG 854  e2 0.10  nF 4.4  pS 0.34  ptS 0.33  fLog 0.66  pdΔ -0.1641  pkR 3.76  clip 0.05  kl +0.002
upd  147  steps  303104  sps 1197  opp symm  loss -0.028  pg -0.0034  v 0.010  ev +0.95  adv_std 0.146  tR -0.50  ent[s/d/p/e] 1.92/2.36/1.20/0.55  emits 0.45  spf 73.2  z0 0.72  garr 102.0  tG 757  e2 0.09  nF 4.3  pS 0.33  ptS 0.32  fLog 0.64  pdΔ -0.1704  pkR 3.84  clip 0.05  kl +0.003
upd  148  steps  305152  sps 1202  opp symm  loss -0.022  pg +0.0033  v 0.008  ev +0.96  adv_std 0.123  tR +1.00  ent[s/d/p/e] 1.86/2.33/1.15/0.54  emits 0.42  spf 71.1  z0 0.74  garr 96.4  tG 726  e2 0.09  nF 4.3  pS 0.34  ptS 0.33  fLog 0.64  pdΔ -0.1640  pkR 4.59  clip 0.05  kl -0.000
upd  149  steps  307200  sps 1207  opp symm  loss -0.034  pg -0.0126  v 0.015  ev +0.92  adv_std 0.175  tR -0.33  ent[s/d/p/e] 1.95/2.34/1.13/0.55  emits 0.50  spf 72.4  z0 0.71  garr 92.1  tG 720  e2 0.10  nF 4.6  pS 0.36  ptS 0.35  fLog 0.64  pdΔ -0.1419  pkR 4.91  clip 0.06  kl -0.001
upd  150  steps  309248  sps 1212  opp symm  loss -0.012  pg +0.0136  v 0.008  ev +0.96  adv_std 0.124  tR +0.43  ent[s/d/p/e] 1.97/2.32/1.21/0.53  emits 0.48  spf 65.7  z0 0.73  garr 86.1  tG 683  e2 0.10  nF 4.9  pS 0.35  ptS 0.34  fLog 0.62  pdΔ -0.1452  pkR 3.83  clip 0.06  kl +0.001
upd  151  steps  311296  sps 1217  opp symm  loss -0.005  pg +0.0194  v 0.011  ev +0.93  adv_std 0.147  tR +0.50  ent[s/d/p/e] 2.04/2.39/1.22/0.53  emits 0.56  spf 65.0  z0 0.71  garr 88.9  tG 710  e2 0.11  nF 5.3  pS 0.36  ptS 0.35  fLog 0.62  pdΔ -0.1367  pkR 4.12  clip 0.07  kl +0.000
upd  152  steps  313344  sps 1222  opp symm  loss -0.022  pg +0.0060  v 0.005  ev +0.97  adv_std 0.103  tR -1.00  ent[s/d/p/e] 2.11/2.43/1.21/0.53  emits 0.60  spf 64.0  z0 0.71  garr 88.6  tG 701  e2 0.13  nF 5.9  pS 0.37  ptS 0.37  fLog 0.62  pdΔ -0.1257  pkR 3.39  clip 0.10  kl -0.000
upd  153  steps  315392  sps 1227  opp symm  loss -0.029  pg -0.0039  v 0.011  ev +0.93  adv_std 0.147  tR -0.33  ent[s/d/p/e] 2.15/2.48/1.14/0.54  emits 0.62  spf 61.7  z0 0.70  garr 94.7  tG 788  e2 0.14  nF 6.3  pS 0.40  ptS 0.39  fLog 0.62  pdΔ -0.0994  pkR 3.45  clip 0.08  kl +0.005
upd  154  steps  317440  sps 1232  opp symm  loss -0.005  pg +0.0207  v 0.008  ev +0.93  adv_std 0.126  tR +0.33  ent[s/d/p/e] 2.12/2.40/1.17/0.54  emits 0.63  spf 63.1  z0 0.69  garr 94.6  tG 794  e2 0.13  nF 6.1  pS 0.40  ptS 0.39  fLog 0.62  pdΔ -0.0975  pkR 3.46  clip 0.09  kl +0.001
upd  155  steps  319488  sps 1236  opp symm  loss -0.050  pg -0.0257  v 0.012  ev +0.89  adv_std 0.154  tR +0.33  ent[s/d/p/e] 2.11/2.40/1.19/0.52  emits 0.57  spf 62.4  z0 0.72  garr 96.2  tG 787  e2 0.11  nF 5.4  pS 0.38  ptS 0.37  fLog 0.62  pdΔ -0.1174  pkR 4.73  clip 0.07  kl +0.001
upd  156  steps  321536  sps 1241  opp symm  loss -0.047  pg -0.0207  v 0.007  ev +0.93  adv_std 0.119  tR +0.50  ent[s/d/p/e] 1.96/2.28/1.25/0.53  emits 0.48  spf 61.2  z0 0.73  garr 95.6  tG 786  e2 0.09  nF 4.8  pS 0.36  ptS 0.35  fLog 0.61  pdΔ -0.1395  pkR 5.61  clip 0.06  kl +0.004
upd  157  steps  323584  sps 1246  opp symm  loss -0.048  pg -0.0217  v 0.007  ev +0.94  adv_std 0.120  tR +0.20  ent[s/d/p/e] 1.91/2.25/1.23/0.55  emits 0.47  spf 59.6  z0 0.73  garr 93.6  tG 771  e2 0.10  nF 4.4  pS 0.36  ptS 0.36  fLog 0.61  pdΔ -0.1358  pkR 3.94  clip 0.05  kl +0.000
upd  158  steps  325632  sps 1251  opp symm  loss -0.020  pg +0.0073  v 0.006  ev +0.94  adv_std 0.107  tR +1.00  ent[s/d/p/e] 1.95/2.23/1.26/0.56  emits 0.51  spf 61.6  z0 0.72  garr 88.7  tG 725  e2 0.11  nF 4.8  pS 0.36  ptS 0.36  fLog 0.62  pdΔ -0.1361  pkR 4.21  clip 0.05  kl +0.001
upd  159  steps  327680  sps 1256  opp symm  loss -0.010  pg +0.0168  v 0.006  ev +0.95  adv_std 0.106  tR +0.00  ent[s/d/p/e] 2.01/2.27/1.24/0.54  emits 0.53  spf 64.7  z0 0.70  garr 92.2  tG 749  e2 0.11  nF 4.9  pS 0.36  ptS 0.36  fLog 0.62  pdΔ -0.1351  pkR 4.73  clip 0.08  kl +0.004
upd  160  steps  329728  sps 1260  opp symm  loss +0.003  pg +0.0305  v 0.005  ev +0.96  adv_std 0.100  tR +1.00  ent[s/d/p/e] 2.05/2.29/1.25/0.52  emits 0.51  spf 70.4  z0 0.73  garr 97.3  tG 787  e2 0.10  nF 4.5  pS 0.37  ptS 0.36  fLog 0.64  pdΔ -0.1316  pkR 4.40  clip 0.09  kl +0.005
upd  161  steps  331776  sps 1265  opp symm  loss -0.022  pg +0.0033  v 0.007  ev +0.95  adv_std 0.119  tR +1.00  ent[s/d/p/e] 2.02/2.32/1.23/0.50  emits 0.40  spf 74.5  z0 0.77  garr 104.1  tG 815  e2 0.08  nF 3.6  pS 0.35  ptS 0.34  fLog 0.65  pdΔ -0.1521  pkR 4.13  clip 0.07  kl +0.002
upd  162  steps  333824  sps 1270  opp symm  loss -0.025  pg -0.0002  v 0.007  ev +0.95  adv_std 0.118  tR -0.33  ent[s/d/p/e] 1.87/2.25/1.27/0.49  emits 0.35  spf 84.3  z0 0.77  garr 108.1  tG 821  e2 0.07  nF 3.1  pS 0.32  ptS 0.32  fLog 0.67  pdΔ -0.1783  pkR 4.09  clip 0.05  kl +0.002
upd  163  steps  335872  sps 1274  opp symm  loss -0.050  pg -0.0248  v 0.005  ev +0.96  adv_std 0.104  tR +0.00  ent[s/d/p/e] 1.75/2.19/1.29/0.49  emits 0.35  spf 76.5  z0 0.77  garr 103.1  tG 792  e2 0.06  nF 3.3  pS 0.32  ptS 0.31  fLog 0.65  pdΔ -0.1817  pkR 5.45  clip 0.07  kl +0.003
upd  164  steps  337920  sps 1279  opp symm  loss -0.041  pg -0.0150  v 0.006  ev +0.96  adv_std 0.107  tR -1.00  ent[s/d/p/e] 1.85/2.19/1.30/0.54  emits 0.43  spf 77.7  z0 0.73  garr 101.2  tG 802  e2 0.09  nF 4.0  pS 0.34  ptS 0.34  fLog 0.65  pdΔ -0.1556  pkR 5.89  clip 0.10  kl +0.002
upd  165  steps  339968  sps 1284  opp symm  loss -0.036  pg -0.0131  v 0.011  ev +0.93  adv_std 0.148  tR +0.09  ent[s/d/p/e] 1.81/2.20/1.26/0.52  emits 0.38  spf 70.2  z0 0.76  garr 91.4  tG 715  e2 0.08  nF 3.7  pS 0.33  ptS 0.32  fLog 0.64  pdΔ -0.1665  pkR 5.37  clip 0.11  kl +0.004
upd  166  steps  342016  sps 1288  opp symm  loss -0.036  pg -0.0109  v 0.007  ev +0.96  adv_std 0.116  tR -0.33  ent[s/d/p/e] 1.82/2.26/1.22/0.52  emits 0.43  spf 70.6  z0 0.74  garr 83.4  tG 628  e2 0.09  nF 4.1  pS 0.32  ptS 0.31  fLog 0.63  pdΔ -0.1820  pkR 4.74  clip 0.05  kl +0.001
upd  167  steps  344064  sps 1293  opp symm  loss +0.021  pg +0.0473  v 0.005  ev +0.97  adv_std 0.100  tR +0.50  ent[s/d/p/e] 1.85/2.26/1.26/0.52  emits 0.42  spf 62.4  z0 0.75  garr 83.5  tG 594  e2 0.08  nF 4.3  pS 0.31  ptS 0.30  fLog 0.62  pdΔ -0.1880  pkR 5.24  clip 0.08  kl +0.001
upd  168  steps  346112  sps 1297  opp symm  loss -0.003  pg +0.0224  v 0.009  ev +0.94  adv_std 0.135  tR -0.33  ent[s/d/p/e] 1.82/2.33/1.32/0.56  emits 0.51  spf 64.0  z0 0.73  garr 81.5  tG 598  e2 0.11  nF 5.0  pS 0.32  ptS 0.31  fLog 0.62  pdΔ -0.1752  pkR 3.81  clip 0.22  kl +0.014
upd  169  steps  348160  sps 1302  opp symm  loss -0.006  pg +0.0189  v 0.008  ev +0.93  adv_std 0.125  tR +0.14  ent[s/d/p/e] 1.77/2.28/1.33/0.48  emits 0.31  spf 64.4  z0 0.79  garr 84.4  tG 618  e2 0.06  nF 3.7  pS 0.32  ptS 0.31  fLog 0.62  pdΔ -0.1848  pkR 4.60  clip 0.11  kl +0.004
upd  170  steps  350208  sps 1306  opp symm  loss -0.036  pg -0.0095  v 0.006  ev +0.95  adv_std 0.107  tR +0.00  ent[s/d/p/e] 1.67/2.16/1.31/0.55  emits 0.37  spf 66.0  z0 0.75  garr 84.9  tG 626  e2 0.07  nF 3.4  pS 0.31  ptS 0.30  fLog 0.62  pdΔ -0.1903  pkR 4.12  clip 0.08  kl +0.003
upd  171  steps  352256  sps 1311  opp symm  loss -0.058  pg -0.0341  v 0.011  ev +0.88  adv_std 0.146  tR -0.60  ent[s/d/p/e] 1.69/2.11/1.37/0.54  emits 0.41  spf 59.1  z0 0.76  garr 76.8  tG 552  e2 0.08  nF 4.0  pS 0.29  ptS 0.28  fLog 0.60  pdΔ -0.2066  pkR 5.05  clip 0.06  kl +0.002
upd  172  steps  354304  sps 1315  opp symm  loss -0.042  pg -0.0153  v 0.005  ev +0.94  adv_std 0.103  tR +1.00  ent[s/d/p/e] 1.74/2.19/1.34/0.54  emits 0.39  spf 55.8  z0 0.75  garr 75.9  tG 557  e2 0.08  nF 4.3  pS 0.31  ptS 0.30  fLog 0.60  pdΔ -0.1896  pkR 5.37  clip 0.06  kl +0.003
upd  173  steps  356352  sps 1320  opp symm  loss -0.021  pg +0.0053  v 0.008  ev +0.90  adv_std 0.132  tR +0.33  ent[s/d/p/e] 1.86/2.27/1.32/0.57  emits 0.54  spf 55.5  z0 0.69  garr 69.9  tG 556  e2 0.12  nF 5.5  pS 0.34  ptS 0.33  fLog 0.60  pdΔ -0.1617  pkR 3.37  clip 0.05  kl +0.001
upd  174  steps  358400  sps 1324  opp symm  loss -0.012  pg +0.0158  v 0.004  ev +0.96  adv_std 0.088  tR +0.33  ent[s/d/p/e] 1.91/2.25/1.31/0.56  emits 0.57  spf 54.5  z0 0.68  garr 65.9  tG 521  e2 0.12  nF 6.1  pS 0.34  ptS 0.34  fLog 0.60  pdΔ -0.1598  pkR 3.85  clip 0.08  kl +0.002
upd  175  steps  360448  sps 1328  opp symm  loss +0.006  pg +0.0324  v 0.009  ev +0.91  adv_std 0.133  tR +0.33  ent[s/d/p/e] 1.96/2.23/1.36/0.55  emits 0.55  spf 51.4  z0 0.70  garr 66.3  tG 530  e2 0.12  nF 5.8  pS 0.35  ptS 0.34  fLog 0.59  pdΔ -0.1534  pkR 3.51  clip 0.07  kl +0.001
upd  176  steps  362496  sps 1333  opp symm  loss -0.035  pg -0.0092  v 0.009  ev +0.92  adv_std 0.133  tR +0.60  ent[s/d/p/e] 2.01/2.24/1.39/0.51  emits 0.45  spf 60.1  z0 0.74  garr 74.7  tG 588  e2 0.09  nF 5.4  pS 0.35  ptS 0.34  fLog 0.61  pdΔ -0.1528  pkR 3.16  clip 0.11  kl +0.006
upd  177  steps  364544  sps 1337  opp symm  loss -0.004  pg +0.0217  v 0.009  ev +0.93  adv_std 0.130  tR -0.20  ent[s/d/p/e] 1.92/2.21/1.39/0.53  emits 0.55  spf 54.0  z0 0.70  garr 68.6  tG 539  e2 0.12  nF 6.1  pS 0.33  ptS 0.33  fLog 0.59  pdΔ -0.1651  pkR 3.84  clip 0.12  kl +0.003
upd  178  steps  366592  sps 1341  opp symm  loss -0.021  pg +0.0056  v 0.006  ev +0.96  adv_std 0.114  tR +0.50  ent[s/d/p/e] 1.86/2.17/1.44/0.52  emits 0.45  spf 60.3  z0 0.75  garr 72.1  tG 532  e2 0.10  nF 5.0  pS 0.31  ptS 0.30  fLog 0.61  pdΔ -0.1895  pkR 3.86  clip 0.09  kl +0.003
upd  179  steps  368640  sps 1346  opp symm  loss +0.030  pg +0.0573  v 0.006  ev +0.96  adv_std 0.105  tR +0.00  ent[s/d/p/e] 1.87/2.21/1.40/0.52  emits 0.45  spf 59.9  z0 0.74  garr 69.6  tG 512  e2 0.09  nF 4.7  pS 0.30  ptS 0.30  fLog 0.61  pdΔ -0.1980  pkR 4.27  clip 0.12  kl +0.006
upd  180  steps  370688  sps 1350  opp symm  loss +0.003  pg +0.0272  v 0.008  ev +0.94  adv_std 0.129  tR +0.14  ent[s/d/p/e] 1.76/2.23/1.40/0.48  emits 0.35  spf 58.4  z0 0.78  garr 79.5  tG 587  e2 0.07  nF 3.6  pS 0.31  ptS 0.30  fLog 0.61  pdΔ -0.1928  pkR 4.76  clip 0.09  kl +0.003
upd  181  steps  372736  sps 1354  opp symm  loss -0.071  pg -0.0451  v 0.007  ev +0.95  adv_std 0.122  tR -0.11  ent[s/d/p/e] 1.67/2.25/1.50/0.50  emits 0.33  spf 57.1  z0 0.79  garr 78.4  tG 524  e2 0.06  nF 3.5  pS 0.28  ptS 0.27  fLog 0.61  pdΔ -0.2232  pkR 5.20  clip 0.08  kl +0.003
upd  182  steps  374784  sps 1359  opp symm  loss +0.004  pg +0.0310  v 0.004  ev +0.97  adv_std 0.096  tR +0.00  ent[s/d/p/e] 1.60/2.16/1.50/0.51  emits 0.29  spf 64.6  z0 0.79  garr 86.1  tG 588  e2 0.05  nF 3.1  pS 0.28  ptS 0.28  fLog 0.62  pdΔ -0.2186  pkR 5.25  clip 0.05  kl +0.003
upd  183  steps  376832  sps 1363  opp symm  loss -0.055  pg -0.0269  v 0.003  ev +0.97  adv_std 0.080  tR -0.43  ent[s/d/p/e] 1.68/2.15/1.50/0.53  emits 0.39  spf 64.9  z0 0.74  garr 85.7  tG 625  e2 0.08  nF 3.6  pS 0.31  ptS 0.30  fLog 0.63  pdΔ -0.1909  pkR 4.52  clip 0.07  kl +0.002
upd  184  steps  378880  sps 1367  opp symm  loss -0.028  pg -0.0009  v 0.007  ev +0.94  adv_std 0.113  tR -0.60  ent[s/d/p/e] 1.67/2.19/1.54/0.54  emits 0.35  spf 66.7  z0 0.78  garr 95.5  tG 674  e2 0.07  nF 3.7  pS 0.33  ptS 0.31  fLog 0.63  pdΔ -0.1739  pkR 3.68  clip 0.06  kl +0.004
upd  185  steps  380928  sps 1371  opp symm  loss -0.015  pg +0.0122  v 0.005  ev +0.96  adv_std 0.102  tR -1.00  ent[s/d/p/e] 1.69/2.16/1.48/0.52  emits 0.40  spf 67.1  z0 0.74  garr 97.8  tG 702  e2 0.08  nF 3.8  pS 0.33  ptS 0.32  fLog 0.63  pdΔ -0.1731  pkR 3.52  clip 0.11  kl +0.003
upd  186  steps  382976  sps 1375  opp symm  loss -0.025  pg +0.0007  v 0.010  ev +0.92  adv_std 0.142  tR +0.14  ent[s/d/p/e] 1.74/2.23/1.50/0.55  emits 0.54  spf 67.7  z0 0.70  garr 87.9  tG 669  e2 0.12  nF 4.8  pS 0.35  ptS 0.33  fLog 0.63  pdΔ -0.1527  pkR 3.37  clip 0.06  kl +0.001
upd  187  steps  385024  sps 1379  opp symm  loss -0.000  pg +0.0280  v 0.005  ev +0.96  adv_std 0.099  tR -0.50  ent[s/d/p/e] 1.77/2.27/1.47/0.55  emits 0.48  spf 69.3  z0 0.72  garr 79.9  tG 606  e2 0.10  nF 4.9  pS 0.34  ptS 0.32  fLog 0.64  pdΔ -0.1614  pkR 3.68  clip 0.06  kl -0.001
upd  188  steps  387072  sps 1384  opp symm  loss -0.070  pg -0.0407  v 0.005  ev +0.96  adv_std 0.096  tR -1.00  ent[s/d/p/e] 1.83/2.28/1.52/0.57  emits 0.54  spf 64.9  z0 0.70  garr 81.4  tG 654  e2 0.12  nF 5.2  pS 0.36  ptS 0.35  fLog 0.63  pdΔ -0.1398  pkR 5.03  clip 0.10  kl +0.003
upd  189  steps  389120  sps 1388  opp symm  loss -0.063  pg -0.0363  v 0.008  ev +0.94  adv_std 0.124  tR +0.20  ent[s/d/p/e] 1.84/2.24/1.48/0.56  emits 0.46  spf 66.3  z0 0.73  garr 87.4  tG 712  e2 0.10  nF 4.7  pS 0.36  ptS 0.35  fLog 0.63  pdΔ -0.1370  pkR 6.55  clip 0.08  kl +0.003
upd  190  steps  391168  sps 1392  opp symm  loss -0.043  pg -0.0169  v 0.008  ev +0.95  adv_std 0.125  tR +0.33  ent[s/d/p/e] 1.89/2.18/1.40/0.54  emits 0.45  spf 69.8  z0 0.72  garr 87.4  tG 719  e2 0.09  nF 4.3  pS 0.37  ptS 0.36  fLog 0.64  pdΔ -0.1314  pkR 3.76  clip 0.07  kl +0.003
upd  191  steps  393216  sps 1396  opp symm  loss -0.021  pg +0.0077  v 0.005  ev +0.97  adv_std 0.104  tR +0.00  ent[s/d/p/e] 1.91/2.27/1.41/0.56  emits 0.48  spf 68.6  z0 0.70  garr 87.2  tG 734  e2 0.10  nF 4.6  pS 0.38  ptS 0.37  fLog 0.63  pdΔ -0.1244  pkR 3.95  clip 0.08  kl +0.003
upd  192  steps  395264  sps 1400  opp symm  loss -0.007  pg +0.0201  v 0.007  ev +0.95  adv_std 0.118  tR +0.25  ent[s/d/p/e] 1.92/2.22/1.35/0.55  emits 0.50  spf 68.0  z0 0.71  garr 80.4  tG 696  e2 0.11  nF 4.7  pS 0.36  ptS 0.36  fLog 0.63  pdΔ -0.1396  pkR 4.28  clip 0.06  kl +0.005
upd  193  steps  397312  sps 1404  opp symm  loss -0.068  pg -0.0414  v 0.006  ev +0.96  adv_std 0.107  tR +0.50  ent[s/d/p/e] 1.77/2.21/1.39/0.52  emits 0.46  spf 65.8  z0 0.73  garr 80.6  tG 629  e2 0.09  nF 4.4  pS 0.31  ptS 0.31  fLog 0.62  pdΔ -0.1902  pkR 4.64  clip 0.07  kl +0.003
upd  194  steps  399360  sps 1408  opp symm  loss +0.005  pg +0.0310  v 0.006  ev +0.96  adv_std 0.110  tR +0.00  ent[s/d/p/e] 1.65/2.16/1.39/0.55  emits 0.46  spf 58.1  z0 0.72  garr 73.5  tG 545  e2 0.10  nF 4.3  pS 0.29  ptS 0.29  fLog 0.59  pdΔ -0.2093  pkR 5.61  clip 0.08  kl +0.003
upd  195  steps  401408  sps 1412  opp symm  loss -0.032  pg -0.0076  v 0.007  ev +0.95  adv_std 0.121  tR +0.00  ent[s/d/p/e] 1.52/2.15/1.40/0.52  emits 0.39  spf 58.4  z0 0.75  garr 75.3  tG 557  e2 0.08  nF 3.8  pS 0.29  ptS 0.29  fLog 0.60  pdΔ -0.2058  pkR 4.83  clip 0.05  kl +0.002
upd  196  steps  403456  sps 1416  opp symm  loss -0.042  pg -0.0182  v 0.009  ev +0.95  adv_std 0.131  tR +0.00  ent[s/d/p/e] 1.52/2.13/1.41/0.52  emits 0.44  spf 55.4  z0 0.73  garr 69.6  tG 497  e2 0.10  nF 4.2  pS 0.27  ptS 0.27  fLog 0.59  pdΔ -0.2268  pkR 5.60  clip 0.09  kl +0.002
upd  197  steps  405504  sps 1420  opp symm  loss -0.036  pg -0.0093  v 0.006  ev +0.96  adv_std 0.106  tR -1.00  ent[s/d/p/e] 1.56/2.10/1.40/0.56  emits 0.49  spf 53.9  z0 0.70  garr 62.0  tG 469  e2 0.10  nF 4.3  pS 0.28  ptS 0.28  fLog 0.60  pdΔ -0.2194  pkR 5.08  clip 0.06  kl +0.003
upd  198  steps  407552  sps 1424  opp symm  loss -0.020  pg +0.0076  v 0.004  ev +0.97  adv_std 0.089  tR +0.00  ent[s/d/p/e] 1.70/2.17/1.41/0.55  emits 0.50  spf 56.8  z0 0.72  garr 69.4  tG 553  e2 0.11  nF 5.1  pS 0.31  ptS 0.31  fLog 0.61  pdΔ -0.1885  pkR 4.71  clip 0.08  kl +0.001
[eval_vs_v20] u199 tag=train_u199  bin0=0.0%  spf=15.14  garr=68.23  flip=14.04%  z0=70.8%  e8=1.2%  e2+=3.3%  WLD=0/3/0
upd  199  steps  409600  sps 1428  opp symm  loss -0.044  pg -0.0164  v 0.005  ev +0.97  adv_std 0.103  tR +0.00  ent[s/d/p/e] 1.78/2.19/1.43/0.54  emits 0.54  spf 58.9  z0 0.70  garr 72.7  tG 601  e2 0.11  nF 5.1  pS 0.33  ptS 0.33  fLog 0.62  pdΔ -0.1661  pkR 4.10  clip 0.08  kl +0.003 WRr 0.12 v20[spf 15.1 flip 14.0% e2+ 3.3%]
[ckpt] saved /home/charlie/project/OrbitWarRL/ckpt_search/v14e_binary_v1_a_p0i0_ORBITWARS_SHAPING_ANTI_HOARD_0.03_5ecaa9332e/ckpt_000199.pkl opp=symm
upd  200  steps  411648  sps 1109  opp symm  loss -0.008  pg +0.0187  v 0.005  ev +0.97  adv_std 0.097  tR +0.20  ent[s/d/p/e] 1.69/2.04/1.38/0.56  emits 0.58  spf 55.1  z0 0.68  garr 73.0  tG 588  e2 0.13  nF 5.3  pS 0.33  ptS 0.32  fLog 0.60  pdΔ -0.1727  pkR 4.27  clip 0.11  kl -0.001
upd  201  steps  413696  sps 1112  opp symm  loss -0.027  pg -0.0008  v 0.008  ev +0.94  adv_std 0.122  tR -0.50  ent[s/d/p/e] 1.75/2.12/1.41/0.56  emits 0.58  spf 53.9  z0 0.71  garr 72.4  tG 602  e2 0.12  nF 5.6  pS 0.34  ptS 0.34  fLog 0.60  pdΔ -0.1587  pkR 4.31  clip 0.12  kl +0.006
upd  202  steps  415744  sps 1116  opp symm  loss -0.038  pg -0.0108  v 0.006  ev +0.95  adv_std 0.108  tR +0.00  ent[s/d/p/e] 1.80/2.19/1.39/0.55  emits 0.52  spf 59.1  z0 0.71  garr 77.9  tG 646  e2 0.11  nF 5.2  pS 0.35  ptS 0.34  fLog 0.61  pdΔ -0.1515  pkR 3.76  clip 0.07  kl +0.002
upd  203  steps  417792  sps 1119  opp symm  loss -0.066  pg -0.0394  v 0.005  ev +0.96  adv_std 0.102  tR +0.00  ent[s/d/p/e] 1.71/2.10/1.38/0.55  emits 0.51  spf 61.7  z0 0.70  garr 81.5  tG 685  e2 0.10  nF 4.8  pS 0.33  ptS 0.32  fLog 0.62  pdΔ -0.1665  pkR 4.27  clip 0.07  kl +0.001
upd  204  steps  419840  sps 1123  opp symm  loss -0.072  pg -0.0461  v 0.006  ev +0.95  adv_std 0.113  tR -0.20  ent[s/d/p/e] 1.73/2.13/1.34/0.54  emits 0.44  spf 70.8  z0 0.73  garr 88.2  tG 735  e2 0.10  nF 3.9  pS 0.33  ptS 0.32  fLog 0.64  pdΔ -0.1734  pkR 4.29  clip 0.09  kl +0.003
upd  205  steps  421888  sps 1126  opp symm  loss -0.026  pg -0.0008  v 0.007  ev +0.94  adv_std 0.120  tR +0.20  ent[s/d/p/e] 1.67/2.07/1.40/0.54  emits 0.48  spf 63.2  z0 0.71  garr 85.3  tG 705  e2 0.10  nF 4.4  pS 0.33  ptS 0.32  fLog 0.62  pdΔ -0.1705  pkR 4.75  clip 0.04  kl +0.002
upd  206  steps  423936  sps 1130  opp symm  loss -0.053  pg -0.0270  v 0.007  ev +0.94  adv_std 0.120  tR -0.50  ent[s/d/p/e] 1.63/2.00/1.43/0.55  emits 0.46  spf 60.5  z0 0.71  garr 86.4  tG 719  e2 0.09  nF 4.3  pS 0.33  ptS 0.33  fLog 0.62  pdΔ -0.1692  pkR 4.57  clip 0.12  kl +0.003
upd  207  steps  425984  sps 1133  opp symm  loss -0.046  pg -0.0214  v 0.008  ev +0.95  adv_std 0.125  tR -1.00  ent[s/d/p/e] 1.76/2.12/1.44/0.49  emits 0.44  spf 70.8  z0 0.74  garr 94.7  tG 792  e2 0.09  nF 4.4  pS 0.34  ptS 0.34  fLog 0.64  pdΔ -0.1560  pkR 4.24  clip 0.16  kl +0.006
upd  208  steps  428032  sps 1137  opp symm  loss -0.030  pg -0.0032  v 0.005  ev +0.97  adv_std 0.101  tR +0.25  ent[s/d/p/e] 1.77/2.12/1.42/0.54  emits 0.52  spf 65.7  z0 0.71  garr 93.5  tG 736  e2 0.11  nF 4.5  pS 0.33  ptS 0.32  fLog 0.63  pdΔ -0.1684  pkR 4.76  clip 0.10  kl +0.002
upd  209  steps  430080  sps 1140  opp symm  loss -0.046  pg -0.0198  v 0.005  ev +0.97  adv_std 0.098  tR -0.43  ent[s/d/p/e] 1.71/2.11/1.41/0.52  emits 0.53  spf 64.6  z0 0.71  garr 80.3  tG 621  e2 0.11  nF 5.0  pS 0.32  ptS 0.31  fLog 0.63  pdΔ -0.1783  pkR 5.03  clip 0.13  kl +0.007
upd  210  steps  432128  sps 1144  opp symm  loss -0.037  pg -0.0119  v 0.007  ev +0.96  adv_std 0.114  tR +0.33  ent[s/d/p/e] 1.70/2.10/1.38/0.50  emits 0.49  spf 61.2  z0 0.73  garr 75.9  tG 591  e2 0.09  nF 4.5  pS 0.32  ptS 0.31  fLog 0.62  pdΔ -0.1805  pkR 5.38  clip 0.18  kl +0.003
upd  211  steps  434176  sps 1147  opp symm  loss -0.028  pg -0.0006  v 0.006  ev +0.97  adv_std 0.106  tR -0.33  ent[s/d/p/e] 1.77/2.18/1.37/0.56  emits 0.52  spf 58.8  z0 0.71  garr 79.2  tG 608  e2 0.10  nF 5.1  pS 0.33  ptS 0.32  fLog 0.61  pdΔ -0.1663  pkR 3.72  clip 0.16  kl +0.007
upd  212  steps  436224  sps 1151  opp symm  loss -0.046  pg -0.0205  v 0.007  ev +0.96  adv_std 0.119  tR -0.25  ent[s/d/p/e] 1.79/2.18/1.39/0.52  emits 0.52  spf 62.3  z0 0.72  garr 79.3  tG 629  e2 0.12  nF 5.3  pS 0.33  ptS 0.33  fLog 0.62  pdΔ -0.1655  pkR 3.59  clip 0.11  kl +0.003
upd  213  steps  438272  sps 1154  opp symm  loss -0.023  pg +0.0025  v 0.007  ev +0.96  adv_std 0.122  tR +1.00  ent[s/d/p/e] 1.79/2.16/1.36/0.55  emits 0.52  spf 63.8  z0 0.70  garr 82.9  tG 678  e2 0.11  nF 5.1  pS 0.34  ptS 0.33  fLog 0.62  pdΔ -0.1564  pkR 4.54  clip 0.08  kl +0.003
upd  214  steps  440320  sps 1158  opp symm  loss +0.000  pg +0.0268  v 0.007  ev +0.96  adv_std 0.112  tR +0.50  ent[s/d/p/e] 1.88/2.12/1.36/0.53  emits 0.51  spf 58.2  z0 0.73  garr 85.7  tG 694  e2 0.11  nF 5.5  pS 0.35  ptS 0.34  fLog 0.61  pdΔ -0.1515  pkR 3.78  clip 0.12  kl +0.004
upd  215  steps  442368  sps 1161  opp symm  loss -0.010  pg +0.0147  v 0.007  ev +0.96  adv_std 0.117  tR +0.20  ent[s/d/p/e] 1.72/2.00/1.36/0.52  emits 0.41  spf 57.6  z0 0.74  garr 89.1  tG 704  e2 0.08  nF 4.5  pS 0.33  ptS 0.32  fLog 0.61  pdΔ -0.1711  pkR 3.55  clip 0.08  kl +0.002
upd  216  steps  444416  sps 1164  opp symm  loss -0.005  pg +0.0212  v 0.005  ev +0.96  adv_std 0.105  tR +0.00  ent[s/d/p/e] 1.58/1.96/1.40/0.55  emits 0.44  spf 51.6  z0 0.73  garr 83.3  tG 626  e2 0.09  nF 4.6  pS 0.31  ptS 0.30  fLog 0.59  pdΔ -0.1936  pkR 3.99  clip 0.07  kl +0.003
upd  217  steps  446464  sps 1168  opp symm  loss -0.042  pg -0.0163  v 0.007  ev +0.96  adv_std 0.117  tR -0.50  ent[s/d/p/e] 1.57/2.02/1.43/0.53  emits 0.44  spf 54.0  z0 0.72  garr 84.5  tG 613  e2 0.10  nF 4.7  pS 0.31  ptS 0.30  fLog 0.60  pdΔ -0.1880  pkR 4.86  clip 0.09  kl +0.005
upd  218  steps  448512  sps 1171  opp symm  loss -0.048  pg -0.0232  v 0.009  ev +0.94  adv_std 0.132  tR +0.20  ent[s/d/p/e] 1.64/1.99/1.46/0.58  emits 0.49  spf 56.6  z0 0.71  garr 84.2  tG 647  e2 0.11  nF 5.1  pS 0.34  ptS 0.33  fLog 0.60  pdΔ -0.1596  pkR 4.70  clip 0.09  kl +0.004
upd  219  steps  450560  sps 1175  opp symm  loss -0.005  pg +0.0209  v 0.005  ev +0.97  adv_std 0.101  tR +0.00  ent[s/d/p/e] 1.60/1.91/1.45/0.54  emits 0.47  spf 54.2  z0 0.72  garr 81.3  tG 641  e2 0.10  nF 4.8  pS 0.33  ptS 0.32  fLog 0.61  pdΔ -0.1683  pkR 4.82  clip 0.10  kl +0.006
upd  220  steps  452608  sps 1178  opp symm  loss -0.024  pg +0.0028  v 0.005  ev +0.97  adv_std 0.095  tR +0.00  ent[s/d/p/e] 1.61/2.01/1.41/0.55  emits 0.41  spf 59.9  z0 0.74  garr 89.1  tG 678  e2 0.08  nF 4.3  pS 0.33  ptS 0.32  fLog 0.61  pdΔ -0.1701  pkR 5.20  clip 0.05  kl +0.002
upd  221  steps  454656  sps 1181  opp symm  loss -0.030  pg -0.0055  v 0.007  ev +0.96  adv_std 0.121  tR -0.50  ent[s/d/p/e] 1.52/1.96/1.45/0.53  emits 0.39  spf 64.0  z0 0.74  garr 95.0  tG 723  e2 0.08  nF 3.8  pS 0.33  ptS 0.31  fLog 0.63  pdΔ -0.1729  pkR 5.13  clip 0.10  kl +0.004
upd  222  steps  456704  sps 1185  opp symm  loss -0.019  pg +0.0081  v 0.004  ev +0.98  adv_std 0.087  tR -1.00  ent[s/d/p/e] 1.62/2.02/1.41/0.57  emits 0.42  spf 67.2  z0 0.74  garr 94.4  tG 748  e2 0.09  nF 4.1  pS 0.34  ptS 0.32  fLog 0.64  pdΔ -0.1617  pkR 4.31  clip 0.08  kl +0.001
upd  223  steps  458752  sps 1188  opp symm  loss +0.013  pg +0.0395  v 0.005  ev +0.97  adv_std 0.103  tR +0.33  ent[s/d/p/e] 1.67/2.07/1.44/0.52  emits 0.43  spf 65.6  z0 0.75  garr 100.7  tG 816  e2 0.09  nF 4.3  pS 0.34  ptS 0.33  fLog 0.63  pdΔ -0.1564  pkR 4.45  clip 0.09  kl +0.001
upd  224  steps  460800  sps 1191  opp symm  loss -0.029  pg -0.0065  v 0.011  ev +0.94  adv_std 0.150  tR +0.00  ent[s/d/p/e] 1.55/1.90/1.45/0.50  emits 0.39  spf 64.5  z0 0.74  garr 96.5  tG 757  e2 0.08  nF 3.9  pS 0.32  ptS 0.31  fLog 0.62  pdΔ -0.1781  pkR 4.64  clip 0.10  kl +0.004
upd  225  steps  462848  sps 1195  opp symm  loss +0.014  pg +0.0377  v 0.008  ev +0.95  adv_std 0.129  tR +0.00  ent[s/d/p/e] 1.39/1.84/1.44/0.52  emits 0.39  spf 57.8  z0 0.76  garr 87.8  tG 678  e2 0.08  nF 3.8  pS 0.30  ptS 0.29  fLog 0.60  pdΔ -0.1998  pkR 4.26  clip 0.07  kl +0.001
upd  226  steps  464896  sps 1198  opp symm  loss -0.077  pg -0.0520  v 0.006  ev +0.96  adv_std 0.114  tR +0.60  ent[s/d/p/e] 1.45/1.91/1.40/0.53  emits 0.39  spf 64.5  z0 0.75  garr 98.1  tG 770  e2 0.08  nF 3.9  pS 0.31  ptS 0.30  fLog 0.62  pdΔ -0.1872  pkR 4.46  clip 0.06  kl -0.000
upd  227  steps  466944  sps 1201  opp symm  loss -0.036  pg -0.0150  v 0.014  ev +0.92  adv_std 0.166  tR -0.43  ent[s/d/p/e] 1.41/1.85/1.44/0.52  emits 0.36  spf 64.2  z0 0.77  garr 103.7  tG 803  e2 0.07  nF 3.5  pS 0.31  ptS 0.30  fLog 0.62  pdΔ -0.1916  pkR 4.48  clip 0.06  kl +0.001
upd  228  steps  468992  sps 1204  opp symm  loss -0.058  pg -0.0334  v 0.005  ev +0.96  adv_std 0.103  tR +0.00  ent[s/d/p/e] 1.44/1.83/1.45/0.51  emits 0.43  spf 57.7  z0 0.75  garr 99.3  tG 761  e2 0.08  nF 3.8  pS 0.30  ptS 0.29  fLog 0.60  pdΔ -0.1996  pkR 5.26  clip 0.10  kl +0.002
upd  229  steps  471040  sps 1208  opp symm  loss -0.019  pg +0.0040  v 0.010  ev +0.94  adv_std 0.143  tR -1.00  ent[s/d/p/e] 1.46/1.85/1.40/0.54  emits 0.46  spf 60.5  z0 0.72  garr 107.5  tG 836  e2 0.09  nF 4.3  pS 0.32  ptS 0.31  fLog 0.61  pdΔ -0.1753  pkR 5.63  clip 0.06  kl +0.000
upd  230  steps  473088  sps 1211  opp symm  loss -0.023  pg +0.0011  v 0.008  ev +0.96  adv_std 0.124  tR +0.14  ent[s/d/p/e] 1.50/1.90/1.41/0.56  emits 0.49  spf 63.7  z0 0.70  garr 101.7  tG 798  e2 0.10  nF 4.4  pS 0.33  ptS 0.32  fLog 0.62  pdΔ -0.1658  pkR 5.53  clip 0.09  kl +0.002
upd  231  steps  475136  sps 1214  opp symm  loss -0.058  pg -0.0330  v 0.008  ev +0.96  adv_std 0.126  tR -1.00  ent[s/d/p/e] 1.56/1.86/1.43/0.57  emits 0.61  spf 59.9  z0 0.67  garr 92.0  tG 731  e2 0.14  nF 4.9  pS 0.35  ptS 0.33  fLog 0.61  pdΔ -0.1540  pkR 5.41  clip 0.14  kl +0.002
upd  232  steps  477184  sps 1217  opp symm  loss -0.015  pg +0.0079  v 0.013  ev +0.93  adv_std 0.162  tR +1.00  ent[s/d/p/e] 1.63/2.02/1.48/0.56  emits 0.56  spf 60.3  z0 0.68  garr 91.0  tG 724  e2 0.12  nF 5.4  pS 0.36  ptS 0.34  fLog 0.62  pdΔ -0.1442  pkR 5.52  clip 0.12  kl +0.003
upd  233  steps  479232  sps 1220  opp symm  loss +0.012  pg +0.0371  v 0.010  ev +0.94  adv_std 0.141  tR +0.00  ent[s/d/p/e] 1.73/2.05/1.45/0.58  emits 0.66  spf 61.7  z0 0.66  garr 89.6  tG 724  e2 0.14  nF 5.9  pS 0.38  ptS 0.36  fLog 0.62  pdΔ -0.1241  pkR 5.28  clip 0.07  kl -0.000
upd  234  steps  481280  sps 1224  opp symm  loss -0.013  pg +0.0128  v 0.009  ev +0.95  adv_std 0.134  tR +0.71  ent[s/d/p/e] 1.68/2.01/1.49/0.57  emits 0.59  spf 57.7  z0 0.67  garr 84.9  tG 703  e2 0.13  nF 5.8  pS 0.38  ptS 0.36  fLog 0.61  pdΔ -0.1213  pkR 3.94  clip 0.10  kl +0.002
upd  235  steps  483328  sps 1227  opp symm  loss -0.033  pg -0.0069  v 0.008  ev +0.95  adv_std 0.128  tR +0.33  ent[s/d/p/e] 1.57/1.97/1.54/0.57  emits 0.53  spf 58.7  z0 0.70  garr 84.0  tG 660  e2 0.12  nF 4.9  pS 0.34  ptS 0.33  fLog 0.61  pdΔ -0.1588  pkR 4.55  clip 0.06  kl +0.001
upd  236  steps  485376  sps 1230  opp symm  loss -0.011  pg +0.0150  v 0.006  ev +0.96  adv_std 0.113  tR +0.50  ent[s/d/p/e] 1.58/1.97/1.56/0.56  emits 0.56  spf 62.0  z0 0.67  garr 84.7  tG 677  e2 0.12  nF 5.2  pS 0.36  ptS 0.35  fLog 0.62  pdΔ -0.1352  pkR 3.95  clip 0.10  kl +0.006
upd  237  steps  487424  sps 1233  opp symm  loss -0.019  pg +0.0081  v 0.007  ev +0.96  adv_std 0.123  tR +0.33  ent[s/d/p/e] 1.75/2.07/1.52/0.59  emits 0.61  spf 59.2  z0 0.68  garr 88.3  tG 750  e2 0.14  nF 6.2  pS 0.40  ptS 0.38  fLog 0.62  pdΔ -0.0967  pkR 5.56  clip 0.10  kl +0.004
upd  238  steps  489472  sps 1236  opp symm  loss -0.026  pg +0.0010  v 0.007  ev +0.96  adv_std 0.120  tR -0.67  ent[s/d/p/e] 1.77/2.07/1.52/0.58  emits 0.58  spf 62.1  z0 0.68  garr 92.1  tG 776  e2 0.12  nF 5.7  pS 0.39  ptS 0.37  fLog 0.62  pdΔ -0.1061  pkR 3.38  clip 0.07  kl +0.001
upd  239  steps  491520  sps 1239  opp symm  loss -0.034  pg -0.0067  v 0.008  ev +0.95  adv_std 0.125  tR +0.60  ent[s/d/p/e] 1.75/2.10/1.50/0.57  emits 0.55  spf 66.8  z0 0.68  garr 86.8  tG 757  e2 0.12  nF 5.4  pS 0.39  ptS 0.37  fLog 0.63  pdΔ -0.1109  pkR 3.36  clip 0.10  kl +0.004
upd  240  steps  493568  sps 1243  opp symm  loss -0.011  pg +0.0156  v 0.006  ev +0.97  adv_std 0.109  tR +0.00  ent[s/d/p/e] 1.78/2.06/1.46/0.55  emits 0.59  spf 59.9  z0 0.68  garr 79.8  tG 701  e2 0.13  nF 5.7  pS 0.38  ptS 0.36  fLog 0.61  pdΔ -0.1208  pkR 3.99  clip 0.11  kl +0.007
upd  241  steps  495616  sps 1246  opp symm  loss -0.044  pg -0.0175  v 0.008  ev +0.96  adv_std 0.125  tR +0.60  ent[s/d/p/e] 1.72/2.04/1.50/0.56  emits 0.57  spf 60.2  z0 0.68  garr 76.4  tG 644  e2 0.12  nF 5.7  pS 0.36  ptS 0.35  fLog 0.61  pdΔ -0.1419  pkR 3.85  clip 0.08  kl +0.002
upd  242  steps  497664  sps 1249  opp symm  loss -0.030  pg -0.0015  v 0.004  ev +0.98  adv_std 0.087  tR +0.00  ent[s/d/p/e] 1.72/2.02/1.54/0.56  emits 0.62  spf 54.4  z0 0.68  garr 76.2  tG 627  e2 0.13  nF 6.2  pS 0.36  ptS 0.35  fLog 0.60  pdΔ -0.1424  pkR 5.29  clip 0.13  kl +0.004
upd  243  steps  499712  sps 1252  opp symm  loss -0.029  pg -0.0027  v 0.008  ev +0.96  adv_std 0.125  tR +0.43  ent[s/d/p/e] 1.73/2.08/1.53/0.54  emits 0.66  spf 54.0  z0 0.67  garr 70.2  tG 587  e2 0.14  nF 6.1  pS 0.35  ptS 0.35  fLog 0.60  pdΔ -0.1479  pkR 6.31  clip 0.11  kl +0.007
upd  244  steps  501760  sps 1255  opp symm  loss -0.040  pg -0.0150  v 0.009  ev +0.95  adv_std 0.137  tR +0.20  ent[s/d/p/e] 1.75/2.14/1.47/0.52  emits 0.62  spf 52.4  z0 0.70  garr 68.6  tG 562  e2 0.13  nF 5.9  pS 0.34  ptS 0.34  fLog 0.60  pdΔ -0.1553  pkR 5.61  clip 0.10  kl +0.001
upd  245  steps  503808  sps 1258  opp symm  loss -0.012  pg +0.0141  v 0.007  ev +0.96  adv_std 0.120  tR -0.20  ent[s/d/p/e] 1.77/2.11/1.49/0.54  emits 0.63  spf 53.6  z0 0.69  garr 69.3  tG 561  e2 0.13  nF 5.8  pS 0.33  ptS 0.33  fLog 0.61  pdΔ -0.1652  pkR 5.38  clip 0.12  kl +0.003
upd  246  steps  505856  sps 1261  opp symm  loss -0.040  pg -0.0128  v 0.006  ev +0.97  adv_std 0.107  tR +0.00  ent[s/d/p/e] 1.85/2.19/1.47/0.53  emits 0.60  spf 57.2  z0 0.70  garr 72.5  tG 595  e2 0.12  nF 5.8  pS 0.35  ptS 0.35  fLog 0.61  pdΔ -0.1527  pkR 4.77  clip 0.16  kl +0.005
upd  247  steps  507904  sps 1264  opp symm  loss -0.013  pg +0.0121  v 0.008  ev +0.95  adv_std 0.130  tR +0.67  ent[s/d/p/e] 1.74/2.08/1.46/0.54  emits 0.59  spf 54.6  z0 0.70  garr 77.1  tG 629  e2 0.13  nF 5.0  pS 0.34  ptS 0.34  fLog 0.60  pdΔ -0.1567  pkR 4.45  clip 0.12  kl +0.003
upd  248  steps  509952  sps 1267  opp symm  loss -0.031  pg -0.0051  v 0.006  ev +0.96  adv_std 0.115  tR +1.00  ent[s/d/p/e] 1.59/2.02/1.42/0.53  emits 0.44  spf 58.9  z0 0.73  garr 79.2  tG 619  e2 0.09  nF 4.3  pS 0.32  ptS 0.32  fLog 0.61  pdΔ -0.1762  pkR 4.51  clip 0.09  kl +0.003
upd  249  steps  512000  sps 1270  opp symm  loss +0.009  pg +0.0307  v 0.015  ev +0.90  adv_std 0.173  tR -0.60  ent[s/d/p/e] 1.51/1.95/1.53/0.55  emits 0.39  spf 66.3  z0 0.75  garr 88.8  tG 694  e2 0.08  nF 3.3  pS 0.32  ptS 0.32  fLog 0.63  pdΔ -0.1774  pkR 3.57  clip 0.07  kl +0.001
upd  250  steps  514048  sps 1273  opp symm  loss -0.056  pg -0.0315  v 0.010  ev +0.93  adv_std 0.137  tR +0.20  ent[s/d/p/e] 1.62/1.99/1.52/0.52  emits 0.40  spf 67.9  z0 0.74  garr 90.5  tG 724  e2 0.08  nF 3.5  pS 0.33  ptS 0.32  fLog 0.63  pdΔ -0.1676  pkR 3.80  clip 0.07  kl +0.001
upd  251  steps  516096  sps 1276  opp symm  loss -0.019  pg +0.0057  v 0.009  ev +0.93  adv_std 0.137  tR -0.50  ent[s/d/p/e] 1.51/2.04/1.52/0.57  emits 0.42  spf 65.8  z0 0.72  garr 90.3  tG 719  e2 0.08  nF 3.6  pS 0.33  ptS 0.32  fLog 0.63  pdΔ -0.1653  pkR 3.64  clip 0.11  kl +0.007
upd  252  steps  518144  sps 1279  opp symm  loss -0.039  pg -0.0128  v 0.008  ev +0.95  adv_std 0.131  tR -1.00  ent[s/d/p/e] 1.64/2.17/1.48/0.57  emits 0.52  spf 66.1  z0 0.69  garr 88.4  tG 692  e2 0.12  nF 4.5  pS 0.35  ptS 0.34  fLog 0.63  pdΔ -0.1492  pkR 4.02  clip 0.09  kl +0.002
upd  253  steps  520192  sps 1282  opp symm  loss +0.007  pg +0.0347  v 0.007  ev +0.96  adv_std 0.117  tR +0.33  ent[s/d/p/e] 1.71/2.14/1.49/0.58  emits 0.50  spf 63.1  z0 0.70  garr 91.2  tG 702  e2 0.11  nF 4.6  pS 0.37  ptS 0.35  fLog 0.62  pdΔ -0.1333  pkR 3.52  clip 0.08  kl +0.002
upd  254  steps  522240  sps 1285  opp symm  loss -0.035  pg -0.0090  v 0.008  ev +0.95  adv_std 0.126  tR +0.33  ent[s/d/p/e] 1.72/2.13/1.46/0.55  emits 0.46  spf 64.8  z0 0.72  garr 95.7  tG 752  e2 0.10  nF 4.4  pS 0.38  ptS 0.36  fLog 0.64  pdΔ -0.1235  pkR 3.46  clip 0.08  kl +0.002
upd  255  steps  524288  sps 1288  opp symm  loss -0.034  pg -0.0075  v 0.007  ev +0.95  adv_std 0.120  tR -0.33  ent[s/d/p/e] 1.70/2.13/1.42/0.58  emits 0.49  spf 64.2  z0 0.71  garr 98.5  tG 786  e2 0.10  nF 4.0  pS 0.37  ptS 0.36  fLog 0.63  pdΔ -0.1285  pkR 3.91  clip 0.14  kl +0.007
upd  256  steps  526336  sps 1291  opp symm  loss -0.020  pg +0.0060  v 0.008  ev +0.95  adv_std 0.128  tR +0.33  ent[s/d/p/e] 1.68/2.15/1.45/0.56  emits 0.54  spf 63.4  z0 0.69  garr 100.9  tG 803  e2 0.11  nF 4.5  pS 0.37  ptS 0.36  fLog 0.62  pdΔ -0.1312  pkR 4.60  clip 0.13  kl +0.006
upd  257  steps  528384  sps 1294  opp symm  loss +0.001  pg +0.0278  v 0.006  ev +0.96  adv_std 0.110  tR +0.00  ent[s/d/p/e] 1.62/2.11/1.47/0.58  emits 0.52  spf 64.7  z0 0.70  garr 98.6  tG 797  e2 0.11  nF 4.7  pS 0.38  ptS 0.37  fLog 0.63  pdΔ -0.1210  pkR 3.31  clip 0.09  kl +0.003
upd  258  steps  530432  sps 1297  opp symm  loss -0.028  pg -0.0023  v 0.009  ev +0.95  adv_std 0.136  tR +0.33  ent[s/d/p/e] 1.68/2.14/1.48/0.57  emits 0.52  spf 66.5  z0 0.72  garr 105.9  tG 852  e2 0.11  nF 4.6  pS 0.38  ptS 0.37  fLog 0.64  pdΔ -0.1154  pkR 3.36  clip 0.09  kl +0.004
upd  259  steps  532480  sps 1300  opp symm  loss -0.027  pg -0.0016  v 0.010  ev +0.94  adv_std 0.146  tR +0.20  ent[s/d/p/e] 1.62/2.06/1.50/0.57  emits 0.57  spf 63.2  z0 0.70  garr 99.6  tG 767  e2 0.12  nF 4.9  pS 0.37  ptS 0.36  fLog 0.62  pdΔ -0.1332  pkR 3.81  clip 0.08  kl +0.002
upd  260  steps  534528  sps 1303  opp symm  loss -0.018  pg +0.0078  v 0.007  ev +0.96  adv_std 0.120  tR -0.33  ent[s/d/p/e] 1.58/1.98/1.47/0.57  emits 0.56  spf 63.1  z0 0.70  garr 93.5  tG 711  e2 0.11  nF 4.7  pS 0.35  ptS 0.35  fLog 0.62  pdΔ -0.1464  pkR 3.60  clip 0.08  kl +0.002
upd  261  steps  536576  sps 1306  opp symm  loss -0.021  pg +0.0033  v 0.009  ev +0.95  adv_std 0.136  tR +0.33  ent[s/d/p/e] 1.62/2.05/1.41/0.55  emits 0.62  spf 59.0  z0 0.67  garr 88.6  tG 687  e2 0.14  nF 5.1  pS 0.37  ptS 0.36  fLog 0.62  pdΔ -0.1299  pkR 4.44  clip 0.12  kl +0.005
upd  262  steps  538624  sps 1309  opp symm  loss -0.035  pg -0.0091  v 0.007  ev +0.96  adv_std 0.118  tR +0.00  ent[s/d/p/e] 1.60/2.04/1.38/0.58  emits 0.56  spf 56.8  z0 0.70  garr 83.5  tG 619  e2 0.12  nF 5.3  pS 0.35  ptS 0.34  fLog 0.61  pdΔ -0.1515  pkR 3.23  clip 0.13  kl +0.003
upd  263  steps  540672  sps 1312  opp symm  loss -0.032  pg -0.0066  v 0.008  ev +0.96  adv_std 0.128  tR +0.20  ent[s/d/p/e] 1.60/2.07/1.41/0.56  emits 0.58  spf 59.4  z0 0.69  garr 81.3  tG 614  e2 0.13  nF 5.2  pS 0.35  ptS 0.34  fLog 0.62  pdΔ -0.1533  pkR 3.51  clip 0.09  kl +0.004
upd  264  steps  542720  sps 1315  opp symm  loss -0.016  pg +0.0103  v 0.005  ev +0.97  adv_std 0.104  tR +0.43  ent[s/d/p/e] 1.58/2.08/1.38/0.54  emits 0.58  spf 59.0  z0 0.68  garr 78.1  tG 616  e2 0.12  nF 5.4  pS 0.35  ptS 0.35  fLog 0.61  pdΔ -0.1456  pkR 4.42  clip 0.09  kl +0.003
upd  265  steps  544768  sps 1318  opp symm  loss +0.003  pg +0.0279  v 0.006  ev +0.96  adv_std 0.111  tR +0.20  ent[s/d/p/e] 1.41/1.93/1.39/0.53  emits 0.43  spf 58.6  z0 0.72  garr 83.2  tG 609  e2 0.09  nF 4.2  pS 0.32  ptS 0.31  fLog 0.61  pdΔ -0.1838  pkR 4.53  clip 0.09  kl +0.002
upd  266  steps  546816  sps 1321  opp symm  loss -0.006  pg +0.0159  v 0.009  ev +0.95  adv_std 0.131  tR -0.43  ent[s/d/p/e] 1.38/1.84/1.34/0.48  emits 0.38  spf 60.7  z0 0.75  garr 86.6  tG 653  e2 0.08  nF 3.8  pS 0.31  ptS 0.31  fLog 0.62  pdΔ -0.1857  pkR 6.48  clip 0.09  kl +0.006
upd  267  steps  548864  sps 1324  opp symm  loss -0.038  pg -0.0142  v 0.005  ev +0.97  adv_std 0.098  tR +0.33  ent[s/d/p/e] 1.35/1.83/1.35/0.51  emits 0.32  spf 58.5  z0 0.78  garr 88.9  tG 657  e2 0.06  nF 3.4  pS 0.31  ptS 0.30  fLog 0.61  pdΔ -0.1946  pkR 6.33  clip 0.05  kl +0.002
upd  268  steps  550912  sps 1326  opp symm  loss -0.047  pg -0.0219  v 0.005  ev +0.97  adv_std 0.103  tR +1.00  ent[s/d/p/e] 1.42/1.97/1.34/0.54  emits 0.40  spf 61.2  z0 0.75  garr 96.4  tG 684  e2 0.08  nF 3.9  pS 0.31  ptS 0.31  fLog 0.62  pdΔ -0.1859  pkR 5.90  clip 0.04  kl +0.001
upd  269  steps  552960  sps 1329  opp symm  loss +0.023  pg +0.0487  v 0.004  ev +0.98  adv_std 0.092  tR +0.33  ent[s/d/p/e] 1.46/1.96/1.35/0.53  emits 0.45  spf 63.4  z0 0.74  garr 96.5  tG 678  e2 0.10  nF 4.1  pS 0.32  ptS 0.31  fLog 0.63  pdΔ -0.1825  pkR 4.94  clip 0.07  kl +0.001
upd  270  steps  555008  sps 1332  opp symm  loss +0.031  pg +0.0551  v 0.006  ev +0.97  adv_std 0.112  tR +0.00  ent[s/d/p/e] 1.53/1.95/1.29/0.51  emits 0.43  spf 60.7  z0 0.74  garr 100.2  tG 728  e2 0.09  nF 4.3  pS 0.33  ptS 0.33  fLog 0.62  pdΔ -0.1666  pkR 4.54  clip 0.07  kl -0.000
upd  271  steps  557056  sps 1335  opp symm  loss -0.034  pg -0.0080  v 0.004  ev +0.98  adv_std 0.094  tR -1.00  ent[s/d/p/e] 1.69/2.10/1.36/0.52  emits 0.45  spf 63.5  z0 0.75  garr 107.0  tG 780  e2 0.10  nF 4.5  pS 0.34  ptS 0.33  fLog 0.63  pdΔ -0.1597  pkR 5.30  clip 0.08  kl +0.003
upd  272  steps  559104  sps 1338  opp symm  loss -0.037  pg -0.0135  v 0.008  ev +0.96  adv_std 0.126  tR -0.50  ent[s/d/p/e] 1.62/1.99/1.32/0.52  emits 0.45  spf 63.9  z0 0.74  garr 107.3  tG 800  e2 0.10  nF 4.1  pS 0.35  ptS 0.34  fLog 0.63  pdΔ -0.1474  pkR 4.48  clip 0.08  kl +0.003
upd  273  steps  561152  sps 1341  opp symm  loss -0.009  pg +0.0155  v 0.006  ev +0.97  adv_std 0.106  tR +1.00  ent[s/d/p/e] 1.55/1.88/1.35/0.53  emits 0.42  spf 62.0  z0 0.74  garr 105.0  tG 789  e2 0.09  nF 4.0  pS 0.34  ptS 0.34  fLog 0.62  pdΔ -0.1557  pkR 3.82  clip 0.10  kl +0.003
upd  274  steps  563200  sps 1343  opp symm  loss -0.030  pg -0.0051  v 0.006  ev +0.97  adv_std 0.110  tR -0.20  ent[s/d/p/e] 1.52/1.87/1.34/0.54  emits 0.46  spf 63.8  z0 0.72  garr 106.9  tG 829  e2 0.10  nF 4.5  pS 0.35  ptS 0.34  fLog 0.63  pdΔ -0.1501  pkR 3.82  clip 0.08  kl +0.004
upd  275  steps  565248  sps 1346  opp symm  loss -0.017  pg +0.0072  v 0.008  ev +0.95  adv_std 0.123  tR +0.50  ent[s/d/p/e] 1.65/2.00/1.32/0.52  emits 0.47  spf 60.9  z0 0.74  garr 108.8  tG 853  e2 0.10  nF 4.3  pS 0.37  ptS 0.35  fLog 0.62  pdΔ -0.1348  pkR 3.99  clip 0.11  kl +0.003
upd  276  steps  567296  sps 1349  opp symm  loss +0.013  pg +0.0375  v 0.007  ev +0.96  adv_std 0.115  tR -0.50  ent[s/d/p/e] 1.69/1.98/1.31/0.53  emits 0.45  spf 64.2  z0 0.75  garr 110.1  tG 880  e2 0.09  nF 4.1  pS 0.37  ptS 0.35  fLog 0.63  pdΔ -0.1336  pkR 4.05  clip 0.11  kl +0.008
upd  277  steps  569344  sps 1352  opp symm  loss -0.015  pg +0.0093  v 0.006  ev +0.95  adv_std 0.116  tR +0.00  ent[s/d/p/e] 1.60/1.89/1.29/0.52  emits 0.44  spf 73.1  z0 0.74  garr 111.2  tG 911  e2 0.09  nF 4.0  pS 0.36  ptS 0.35  fLog 0.64  pdΔ -0.1366  pkR 3.89  clip 0.11  kl +0.003
upd  278  steps  571392  sps 1355  opp symm  loss -0.049  pg -0.0257  v 0.007  ev +0.94  adv_std 0.122  tR -0.20  ent[s/d/p/e] 1.59/1.89/1.24/0.49  emits 0.36  spf 72.4  z0 0.77  garr 122.4  tG 981  e2 0.07  nF 3.6  pS 0.35  ptS 0.34  fLog 0.64  pdΔ -0.1539  pkR 4.11  clip 0.07  kl +0.002
upd  279  steps  573440  sps 1357  opp symm  loss -0.058  pg -0.0347  v 0.007  ev +0.94  adv_std 0.116  tR +1.00  ent[s/d/p/e] 1.52/1.80/1.26/0.52  emits 0.33  spf 76.8  z0 0.77  garr 128.4  tG 1039  e2 0.07  nF 3.3  pS 0.35  ptS 0.34  fLog 0.65  pdΔ -0.1538  pkR 4.29  clip 0.09  kl +0.003
upd  280  steps  575488  sps 1360  opp symm  loss +0.008  pg +0.0232  v 0.019  ev +0.85  adv_std 0.196  tR +0.20  ent[s/d/p/e] 1.29/1.73/1.27/0.47  emits 0.30  spf 72.9  z0 0.78  garr 119.0  tG 963  e2 0.05  nF 2.8  pS 0.32  ptS 0.31  fLog 0.63  pdΔ -0.1833  pkR 4.75  clip 0.10  kl +0.006
upd  281  steps  577536  sps 1363  opp symm  loss -0.017  pg +0.0042  v 0.011  ev +0.92  adv_std 0.144  tR +0.33  ent[s/d/p/e] 1.27/1.84/1.41/0.48  emits 0.30  spf 68.6  z0 0.78  garr 116.5  tG 921  e2 0.06  nF 2.9  pS 0.30  ptS 0.30  fLog 0.63  pdΔ -0.1997  pkR 5.57  clip 0.07  kl +0.001
upd  282  steps  579584  sps 1366  opp symm  loss -0.006  pg +0.0168  v 0.008  ev +0.94  adv_std 0.124  tR -0.33  ent[s/d/p/e] 1.27/1.87/1.43/0.50  emits 0.34  spf 65.2  z0 0.77  garr 112.1  tG 888  e2 0.06  nF 3.3  pS 0.31  ptS 0.31  fLog 0.62  pdΔ -0.1858  pkR 6.45  clip 0.06  kl +0.001
upd  283  steps  581632  sps 1368  opp symm  loss -0.027  pg -0.0033  v 0.008  ev +0.95  adv_std 0.126  tR -0.33  ent[s/d/p/e] 1.41/2.07/1.47/0.51  emits 0.40  spf 70.0  z0 0.75  garr 103.0  tG 848  e2 0.08  nF 3.8  pS 0.33  ptS 0.33  fLog 0.62  pdΔ -0.1662  pkR 6.18  clip 0.10  kl +0.004
upd  284  steps  583680  sps 1371  opp symm  loss -0.019  pg +0.0062  v 0.008  ev +0.95  adv_std 0.126  tR -0.20  ent[s/d/p/e] 1.53/2.11/1.40/0.53  emits 0.46  spf 66.9  z0 0.74  garr 106.7  tG 911  e2 0.10  nF 4.2  pS 0.36  ptS 0.35  fLog 0.62  pdΔ -0.1426  pkR 5.52  clip 0.08  kl +0.000
upd  285  steps  585728  sps 1374  opp symm  loss -0.026  pg +0.0001  v 0.006  ev +0.96  adv_std 0.111  tR +1.00  ent[s/d/p/e] 1.61/2.15/1.47/0.51  emits 0.38  spf 65.0  z0 0.76  garr 107.4  tG 886  e2 0.07  nF 4.1  pS 0.35  ptS 0.34  fLog 0.63  pdΔ -0.1493  pkR 6.78  clip 0.09  kl +0.001
upd  286  steps  587776  sps 1377  opp symm  loss +0.002  pg +0.0272  v 0.007  ev +0.95  adv_std 0.118  tR +0.33  ent[s/d/p/e] 1.54/2.05/1.41/0.52  emits 0.40  spf 62.2  z0 0.74  garr 109.5  tG 891  e2 0.08  nF 3.9  pS 0.35  ptS 0.34  fLog 0.62  pdΔ -0.1537  pkR 6.99  clip 0.04  kl +0.001
upd  287  steps  589824  sps 1379  opp symm  loss -0.028  pg -0.0039  v 0.008  ev +0.94  adv_std 0.131  tR +0.00  ent[s/d/p/e] 1.56/2.08/1.45/0.52  emits 0.39  spf 67.4  z0 0.76  garr 113.7  tG 920  e2 0.08  nF 4.2  pS 0.36  ptS 0.35  fLog 0.63  pdΔ -0.1398  pkR 4.78  clip 0.07  kl +0.004
upd  288  steps  591872  sps 1382  opp symm  loss -0.055  pg -0.0319  v 0.007  ev +0.95  adv_std 0.120  tR +0.00  ent[s/d/p/e] 1.48/1.99/1.40/0.46  emits 0.38  spf 61.9  z0 0.77  garr 102.0  tG 801  e2 0.07  nF 3.7  pS 0.34  ptS 0.33  fLog 0.61  pdΔ -0.1595  pkR 4.82  clip 0.15  kl +0.004
upd  289  steps  593920  sps 1385  opp symm  loss +0.000  pg +0.0258  v 0.003  ev +0.98  adv_std 0.086  tR +0.00  ent[s/d/p/e] 1.49/2.03/1.39/0.49  emits 0.33  spf 62.3  z0 0.78  garr 114.6  tG 890  e2 0.07  nF 3.6  pS 0.34  ptS 0.32  fLog 0.62  pdΔ -0.1637  pkR 4.83  clip 0.06  kl +0.001
upd  290  steps  595968  sps 1387  opp symm  loss -0.027  pg -0.0034  v 0.007  ev +0.95  adv_std 0.117  tR -0.67  ent[s/d/p/e] 1.49/1.94/1.47/0.46  emits 0.32  spf 71.7  z0 0.78  garr 116.6  tG 936  e2 0.06  nF 2.9  pS 0.34  ptS 0.32  fLog 0.64  pdΔ -0.1649  pkR 5.42  clip 0.08  kl +0.001
upd  291  steps  598016  sps 1390  opp symm  loss +0.012  pg +0.0341  v 0.012  ev +0.92  adv_std 0.154  tR +0.60  ent[s/d/p/e] 1.57/1.96/1.47/0.49  emits 0.35  spf 68.5  z0 0.78  garr 121.6  tG 956  e2 0.07  nF 3.3  pS 0.34  ptS 0.33  fLog 0.63  pdΔ -0.1586  pkR 5.46  clip 0.06  kl +0.002
upd  292  steps  600064  sps 1393  opp symm  loss -0.014  pg +0.0111  v 0.005  ev +0.97  adv_std 0.100  tR -0.33  ent[s/d/p/e] 1.53/1.90/1.52/0.48  emits 0.34  spf 77.8  z0 0.77  garr 126.1  tG 989  e2 0.06  nF 3.0  pS 0.35  ptS 0.33  fLog 0.65  pdΔ -0.1512  pkR 3.48  clip 0.11  kl +0.002
upd  293  steps  602112  sps 1395  opp symm  loss -0.034  pg -0.0095  v 0.009  ev +0.94  adv_std 0.133  tR +0.43  ent[s/d/p/e] 1.57/2.05/1.50/0.52  emits 0.41  spf 71.6  z0 0.74  garr 120.2  tG 950  e2 0.09  nF 3.5  pS 0.34  ptS 0.33  fLog 0.64  pdΔ -0.1551  pkR 4.02  clip 0.14  kl +0.004
upd  294  steps  604160  sps 1398  opp symm  loss -0.013  pg +0.0110  v 0.008  ev +0.95  adv_std 0.123  tR +1.00  ent[s/d/p/e] 1.52/2.00/1.50/0.48  emits 0.39  spf 71.4  z0 0.76  garr 126.2  tG 1006  e2 0.08  nF 3.3  pS 0.35  ptS 0.33  fLog 0.63  pdΔ -0.1550  pkR 4.34  clip 0.12  kl +0.003
upd  295  steps  606208  sps 1401  opp symm  loss -0.012  pg +0.0087  v 0.016  ev +0.89  adv_std 0.181  tR -0.33  ent[s/d/p/e] 1.57/2.11/1.50/0.50  emits 0.39  spf 71.7  z0 0.77  garr 128.1  tG 1049  e2 0.08  nF 3.5  pS 0.36  ptS 0.34  fLog 0.63  pdΔ -0.1358  pkR 4.63  clip 0.09  kl -0.000
upd  296  steps  608256  sps 1403  opp symm  loss +0.037  pg +0.0624  v 0.006  ev +0.96  adv_std 0.106  tR +0.00  ent[s/d/p/e] 1.59/2.10/1.45/0.49  emits 0.40  spf 76.6  z0 0.76  garr 125.7  tG 1036  e2 0.08  nF 3.5  pS 0.37  ptS 0.35  fLog 0.65  pdΔ -0.1343  pkR 4.44  clip 0.07  kl +0.002
upd  297  steps  610304  sps 1406  opp symm  loss +0.019  pg +0.0433  v 0.009  ev +0.92  adv_std 0.136  tR +0.20  ent[s/d/p/e] 1.70/2.20/1.46/0.50  emits 0.44  spf 75.2  z0 0.76  garr 121.6  tG 990  e2 0.09  nF 3.7  pS 0.37  ptS 0.36  fLog 0.65  pdΔ -0.1282  pkR 5.31  clip 0.06  kl -0.000
upd  298  steps  612352  sps 1408  opp symm  loss +0.001  pg +0.0250  v 0.008  ev +0.93  adv_std 0.126  tR +0.43  ent[s/d/p/e] 1.67/2.09/1.44/0.48  emits 0.39  spf 74.8  z0 0.78  garr 129.4  tG 1023  e2 0.08  nF 3.2  pS 0.36  ptS 0.34  fLog 0.65  pdΔ -0.1427  pkR 6.02  clip 0.07  kl +0.000
[eval_vs_v20] u299 tag=train_u299  bin0=0.0%  spf=40.22  garr=66.51  flip=25.00%  z0=78.5%  e8=0.4%  e2+=0.4%  WLD=0/3/0
upd  299  steps  614400  sps 1411  opp symm  loss -0.011  pg +0.0133  v 0.006  ev +0.95  adv_std 0.107  tR +1.00  ent[s/d/p/e] 1.55/2.01/1.47/0.45  emits 0.33  spf 73.2  z0 0.79  garr 133.2  tG 1040  e2 0.06  nF 2.7  pS 0.35  ptS 0.33  fLog 0.64  pdΔ -0.1548  pkR 6.11  clip 0.05  kl +0.000 WRr 0.12 v20[spf 40.2 flip 25.0% e2+ 0.4%]
final eval win_rate vs random: 0.125
