
=== [2026-06-11T03:41:31Z] v14e_binary_v1_a_p0i4_ORBITWARS_SHAPING_RELEASE_0.003_93e2359e41 phase=a kind=probe chunk=300 env={"ORBITWARS_SHAPING_ANTI_HOARD": 0.03, "ORBITWARS_SHAPING_CAPTURE": 0.06, "ORBITWARS_SHAPING_RELEASE": 0.003, "ORBITWARS_SHAPING_RELEASE_K": 17.0, "ORBITWARS_SHAPING_PROD_SHARE_DELTA": 0.01, "ORBITWARS_SHAPING_ONE_SHIP_PENALTY": 0.01} ppo={"ent_coef_emit": 0.0175, "lr_peak": 4.5e-05} ===
[reward] kaggle-aligned: terminal +1 win/+1 tie>0/-1 loss/-1 double-wipeout; is_terminal at step >= episode_steps-2; SHAPING_SCALE=0.0; v1: KEEP_HOME=0.0 FLEET_SIZE=0.0/norm20.0; v2 (expert-replay calibrated): PROD_SHARE=0.0 PLANET_SHARE=0.0 FLEET_LOG=0.0/ref500.0/floor0.3; v3 (top10-2630ep calibrated): PROD_SHARE_DELTA=0.01 EMIT_LOG=0.0 EMIT_GATED=0.0 RELEASE=0.003/K17.0 CAPTURE=0.06; ANTI_HOARD=0.03/thresh0.6; episode_steps=500 (kaggle=500, mismatch=False)
[symmetric] Frog Parade style: same params drive BOTH players, no frozen/strong/buffer opponents, zero_sum_value=True
upd    0  steps    2048  sps 38  opp symm  loss +0.100  pg +0.1153  v 0.002  ev -0.79  adv_std 0.071  tR +0.00  ent[s/d/p/e] 0.38/1.17/1.19/0.29  emits 0.45  spf 12.7  z0 0.69  garr 12.9  tG 17  e2 0.09  nF 2.7  pS 0.07  ptS 0.07  fLog 0.39  pdΔ -0.4285  pkR 6.14  clip 0.06  kl +0.001
upd    1  steps    4096  sps 74  opp symm  loss -0.011  pg +0.0071  v 0.004  ev -0.28  adv_std 0.089  tR -1.00  ent[s/d/p/e] 0.82/1.30/1.09/0.43  emits 1.02  spf 12.5  z0 0.52  garr 12.9  tG 33  e2 0.25  nF 9.5  pS 0.12  ptS 0.11  fLog 0.38  pdΔ -0.3754  pkR 10.20  clip 0.09  kl +0.001
upd    2  steps    6144  sps 110  opp symm  loss +0.029  pg +0.0504  v 0.004  ev +0.17  adv_std 0.086  tR +1.00  ent[s/d/p/e] 1.19/1.66/1.06/0.47  emits 1.51  spf 13.7  z0 0.44  garr 14.2  tG 60  e2 0.35  nF 18.3  pS 0.18  ptS 0.17  fLog 0.38  pdΔ -0.3154  pkR 8.61  clip 0.14  kl +0.008
upd    3  steps    8192  sps 146  opp symm  loss -0.018  pg +0.0040  v 0.005  ev +0.40  adv_std 0.090  tR -1.00  ent[s/d/p/e] 1.41/1.81/1.00/0.50  emits 1.84  spf 14.6  z0 0.38  garr 15.8  tG 94  e2 0.42  nF 22.9  pS 0.24  ptS 0.23  fLog 0.38  pdΔ -0.2590  pkR 9.67  clip 0.19  kl +0.006
upd    4  steps   10240  sps 180  opp symm  loss +0.018  pg +0.0430  v 0.002  ev +0.58  adv_std 0.061  tR +0.00  ent[s/d/p/e] 1.60/1.99/1.02/0.52  emits 1.96  spf 17.8  z0 0.37  garr 17.9  tG 133  e2 0.42  nF 26.4  pS 0.29  ptS 0.27  fLog 0.40  pdΔ -0.2149  pkR 9.35  clip 0.30  kl +0.006
upd    5  steps   12288  sps 213  opp symm  loss +0.051  pg +0.0769  v 0.003  ev +0.45  adv_std 0.057  tR +0.00  ent[s/d/p/e] 1.78/2.11/1.03/0.54  emits 1.96  spf 20.1  z0 0.39  garr 19.3  tG 170  e2 0.41  nF 27.0  pS 0.33  ptS 0.31  fLog 0.42  pdΔ -0.1738  pkR 8.80  clip 0.38  kl +0.016
upd    6  steps   14336  sps 246  opp symm  loss -0.133  pg -0.1082  v 0.008  ev +0.41  adv_std 0.123  tR -0.60  ent[s/d/p/e] 1.83/2.15/1.06/0.58  emits 1.68  spf 20.8  z0 0.41  garr 20.4  tG 185  e2 0.39  nF 25.0  pS 0.35  ptS 0.33  fLog 0.42  pdΔ -0.1542  pkR 6.31  clip 0.28  kl +0.009
upd    7  steps   16384  sps 278  opp symm  loss -0.052  pg -0.0249  v 0.003  ev +0.31  adv_std 0.076  tR -1.00  ent[s/d/p/e] 1.89/2.19/1.10/0.59  emits 1.43  spf 26.3  z0 0.45  garr 25.7  tG 266  e2 0.33  nF 20.8  pS 0.37  ptS 0.36  fLog 0.45  pdΔ -0.1336  pkR 7.47  clip 0.24  kl +0.002
upd    8  steps   18432  sps 310  opp symm  loss -0.018  pg +0.0076  v 0.006  ev +0.37  adv_std 0.113  tR +1.00  ent[s/d/p/e] 1.90/2.18/1.10/0.60  emits 1.33  spf 28.1  z0 0.45  garr 27.1  tG 288  e2 0.31  nF 18.0  pS 0.36  ptS 0.36  fLog 0.46  pdΔ -0.1426  pkR 7.03  clip 0.35  kl +0.009
upd    9  steps   20480  sps 340  opp symm  loss +0.009  pg +0.0342  v 0.006  ev +0.47  adv_std 0.106  tR +1.00  ent[s/d/p/e] 1.87/2.16/1.04/0.56  emits 1.56  spf 26.5  z0 0.43  garr 24.6  tG 273  e2 0.34  nF 19.1  pS 0.34  ptS 0.34  fLog 0.45  pdΔ -0.1560  pkR 8.05  clip 0.31  kl +0.009
upd   10  steps   22528  sps 370  opp symm  loss -0.089  pg -0.0656  v 0.008  ev +0.51  adv_std 0.123  tR -0.33  ent[s/d/p/e] 1.85/2.14/1.02/0.55  emits 1.34  spf 24.6  z0 0.48  garr 23.9  tG 279  e2 0.31  nF 19.3  pS 0.32  ptS 0.32  fLog 0.44  pdΔ -0.1790  pkR 15.57  clip 0.23  kl +0.010
upd   11  steps   24576  sps 400  opp symm  loss -0.152  pg -0.1280  v 0.010  ev +0.60  adv_std 0.138  tR -0.60  ent[s/d/p/e] 1.90/2.18/1.11/0.56  emits 1.31  spf 27.1  z0 0.50  garr 23.6  tG 250  e2 0.30  nF 18.1  pS 0.32  ptS 0.33  fLog 0.46  pdΔ -0.1756  pkR 12.41  clip 0.38  kl +0.021
upd   12  steps   26624  sps 429  opp symm  loss -0.032  pg -0.0070  v 0.006  ev +0.70  adv_std 0.102  tR +0.50  ent[s/d/p/e] 1.82/2.11/1.11/0.55  emits 1.31  spf 23.8  z0 0.49  garr 24.7  tG 276  e2 0.29  nF 16.5  pS 0.32  ptS 0.32  fLog 0.45  pdΔ -0.1834  pkR 13.68  clip 0.39  kl +0.014
upd   13  steps   28672  sps 457  opp symm  loss -0.046  pg -0.0202  v 0.004  ev +0.74  adv_std 0.088  tR +0.00  ent[s/d/p/e] 1.83/2.12/1.10/0.57  emits 1.36  spf 25.2  z0 0.47  garr 23.5  tG 238  e2 0.31  nF 17.6  pS 0.31  ptS 0.31  fLog 0.45  pdΔ -0.1854  pkR 16.53  clip 0.44  kl +0.023
upd   14  steps   30720  sps 484  opp symm  loss -0.062  pg -0.0357  v 0.003  ev +0.86  adv_std 0.079  tR -0.33  ent[s/d/p/e] 1.79/2.12/1.12/0.55  emits 1.55  spf 21.9  z0 0.44  garr 21.6  tG 200  e2 0.35  nF 19.5  pS 0.31  ptS 0.32  fLog 0.43  pdΔ -0.1852  pkR 13.10  clip 0.25  kl +0.006
upd   15  steps   32768  sps 512  opp symm  loss -0.047  pg -0.0590  v 0.078  ev +0.07  adv_std 0.415  tR -0.11  ent[s/d/p/e] 1.79/2.14/1.13/0.52  emits 1.06  spf 24.0  z0 0.57  garr 19.9  tG 140  e2 0.22  nF 14.2  pS 0.24  ptS 0.24  fLog 0.45  pdΔ -0.2622  pkR 8.22  clip 0.15  kl +0.005
upd   16  steps   34816  sps 538  opp symm  loss -0.007  pg +0.0174  v 0.004  ev +0.72  adv_std 0.080  tR +1.00  ent[s/d/p/e] 1.31/1.82/1.20/0.53  emits 0.78  spf 22.3  z0 0.58  garr 19.7  tG 101  e2 0.17  nF 9.4  pS 0.18  ptS 0.17  fLog 0.45  pdΔ -0.3216  pkR 13.01  clip 0.23  kl +0.004
upd   17  steps   36864  sps 564  opp symm  loss -0.078  pg -0.0536  v 0.004  ev +0.75  adv_std 0.089  tR -0.20  ent[s/d/p/e] 1.41/1.90/1.14/0.56  emits 1.00  spf 21.7  z0 0.54  garr 19.7  tG 102  e2 0.23  nF 11.7  pS 0.20  ptS 0.19  fLog 0.44  pdΔ -0.3009  pkR 11.49  clip 0.18  kl +0.005
upd   18  steps   38912  sps 590  opp symm  loss -0.013  pg +0.0124  v 0.004  ev +0.77  adv_std 0.094  tR +0.33  ent[s/d/p/e] 1.57/1.98/1.10/0.56  emits 1.15  spf 22.7  z0 0.49  garr 20.9  tG 128  e2 0.27  nF 14.2  pS 0.24  ptS 0.24  fLog 0.45  pdΔ -0.2557  pkR 11.14  clip 0.16  kl +0.008
upd   19  steps   40960  sps 615  opp symm  loss -0.037  pg -0.0102  v 0.002  ev +0.90  adv_std 0.067  tR +1.00  ent[s/d/p/e] 1.75/2.15/1.08/0.59  emits 1.22  spf 24.2  z0 0.50  garr 23.2  tG 158  e2 0.28  nF 15.4  pS 0.28  ptS 0.28  fLog 0.46  pdΔ -0.2168  pkR 6.05  clip 0.20  kl +0.006
upd   20  steps   43008  sps 639  opp symm  loss -0.044  pg -0.0164  v 0.003  ev +0.90  adv_std 0.073  tR +0.00  ent[s/d/p/e] 1.77/2.15/1.17/0.57  emits 1.25  spf 24.3  z0 0.49  garr 24.5  tG 190  e2 0.28  nF 15.8  pS 0.31  ptS 0.30  fLog 0.46  pdΔ -0.1912  pkR 9.55  clip 0.21  kl +0.007
upd   21  steps   45056  sps 663  opp symm  loss -0.029  pg -0.0018  v 0.003  ev +0.88  adv_std 0.078  tR +0.00  ent[s/d/p/e] 1.85/2.20/1.08/0.57  emits 1.44  spf 25.6  z0 0.47  garr 28.2  tG 261  e2 0.32  nF 17.0  pS 0.35  ptS 0.34  fLog 0.46  pdΔ -0.1536  pkR 15.60  clip 0.21  kl +0.003
upd   22  steps   47104  sps 687  opp symm  loss -0.064  pg -0.0358  v 0.003  ev +0.93  adv_std 0.074  tR +0.33  ent[s/d/p/e] 1.87/2.19/1.12/0.59  emits 1.30  spf 26.1  z0 0.48  garr 28.1  tG 288  e2 0.29  nF 18.3  pS 0.36  ptS 0.36  fLog 0.46  pdΔ -0.1351  pkR 13.89  clip 0.28  kl +0.012
upd   23  steps   49152  sps 710  opp symm  loss -0.087  pg -0.0615  v 0.006  ev +0.87  adv_std 0.109  tR +0.60  ent[s/d/p/e] 1.90/2.23/1.08/0.58  emits 1.17  spf 27.8  z0 0.52  garr 29.8  tG 331  e2 0.28  nF 15.9  pS 0.36  ptS 0.36  fLog 0.48  pdΔ -0.1379  pkR 10.87  clip 0.27  kl +0.015
upd   24  steps   51200  sps 733  opp symm  loss -0.038  pg -0.0104  v 0.003  ev +0.92  adv_std 0.075  tR -0.25  ent[s/d/p/e] 1.98/2.30/1.05/0.55  emits 1.40  spf 26.5  z0 0.49  garr 25.9  tG 261  e2 0.30  nF 17.0  pS 0.34  ptS 0.33  fLog 0.46  pdΔ -0.1619  pkR 16.96  clip 0.18  kl +0.005
upd   25  steps   53248  sps 755  opp symm  loss -0.007  pg +0.0197  v 0.003  ev +0.88  adv_std 0.072  tR +0.50  ent[s/d/p/e] 1.94/2.25/1.05/0.54  emits 1.59  spf 24.3  z0 0.46  garr 23.4  tG 203  e2 0.33  nF 19.8  pS 0.34  ptS 0.33  fLog 0.45  pdΔ -0.1634  pkR 6.75  clip 0.22  kl +0.010
upd   26  steps   55296  sps 777  opp symm  loss -0.066  pg -0.0388  v 0.004  ev +0.86  adv_std 0.086  tR -1.00  ent[s/d/p/e] 2.03/2.33/1.10/0.56  emits 1.31  spf 28.9  z0 0.51  garr 26.3  tG 243  e2 0.29  nF 18.2  pS 0.34  ptS 0.34  fLog 0.49  pdΔ -0.1609  pkR 7.17  clip 0.14  kl +0.003
upd   27  steps   57344  sps 798  opp symm  loss -0.062  pg -0.0346  v 0.003  ev +0.93  adv_std 0.072  tR +0.00  ent[s/d/p/e] 2.05/2.34/1.05/0.54  emits 1.20  spf 31.3  z0 0.54  garr 29.7  tG 308  e2 0.27  nF 16.0  pS 0.36  ptS 0.35  fLog 0.49  pdΔ -0.1422  pkR 8.06  clip 0.18  kl +0.006
upd   28  steps   59392  sps 819  opp symm  loss -0.048  pg -0.0216  v 0.004  ev +0.90  adv_std 0.086  tR -0.50  ent[s/d/p/e] 1.93/2.24/1.04/0.53  emits 1.22  spf 28.1  z0 0.54  garr 33.2  tG 379  e2 0.27  nF 16.3  pS 0.37  ptS 0.36  fLog 0.47  pdΔ -0.1301  pkR 11.53  clip 0.18  kl +0.005
upd   29  steps   61440  sps 840  opp symm  loss -0.036  pg -0.0109  v 0.004  ev +0.87  adv_std 0.096  tR +0.60  ent[s/d/p/e] 1.78/2.13/1.04/0.50  emits 1.08  spf 26.9  z0 0.56  garr 36.5  tG 442  e2 0.23  nF 14.8  pS 0.35  ptS 0.35  fLog 0.46  pdΔ -0.1451  pkR 11.02  clip 0.16  kl +0.004
upd   30  steps   63488  sps 861  opp symm  loss -0.039  pg -0.0140  v 0.004  ev +0.85  adv_std 0.088  tR +1.00  ent[s/d/p/e] 1.77/2.13/1.02/0.51  emits 1.05  spf 29.1  z0 0.57  garr 38.3  tG 478  e2 0.23  nF 14.3  pS 0.34  ptS 0.34  fLog 0.46  pdΔ -0.1615  pkR 11.57  clip 0.13  kl +0.001
upd   31  steps   65536  sps 881  opp symm  loss -0.008  pg +0.0132  v 0.011  ev +0.57  adv_std 0.143  tR -0.25  ent[s/d/p/e] 1.57/2.04/1.09/0.54  emits 0.74  spf 34.0  z0 0.63  garr 27.2  tG 208  e2 0.17  nF 8.9  pS 0.22  ptS 0.22  fLog 0.50  pdΔ -0.2785  pkR 20.21  clip 0.12  kl +0.004
upd   32  steps   67584  sps 900  opp symm  loss -0.079  pg -0.0545  v 0.007  ev +0.71  adv_std 0.120  tR +0.20  ent[s/d/p/e] 1.63/2.09/1.11/0.56  emits 0.76  spf 32.0  z0 0.60  garr 28.3  tG 196  e2 0.18  nF 9.1  pS 0.23  ptS 0.23  fLog 0.50  pdΔ -0.2682  pkR 8.26  clip 0.09  kl -0.001
upd   33  steps   69632  sps 920  opp symm  loss -0.025  pg +0.0003  v 0.005  ev +0.79  adv_std 0.101  tR -1.00  ent[s/d/p/e] 1.61/2.06/1.10/0.59  emits 0.82  spf 31.3  z0 0.57  garr 30.8  tG 211  e2 0.18  nF 9.3  pS 0.25  ptS 0.24  fLog 0.49  pdΔ -0.2515  pkR 8.29  clip 0.13  kl +0.006
upd   34  steps   71680  sps 939  opp symm  loss -0.007  pg +0.0195  v 0.004  ev +0.87  adv_std 0.086  tR +1.00  ent[s/d/p/e] 1.75/2.09/1.07/0.59  emits 0.89  spf 32.4  z0 0.56  garr 31.8  tG 250  e2 0.21  nF 10.3  pS 0.28  ptS 0.28  fLog 0.49  pdΔ -0.2172  pkR 8.24  clip 0.11  kl +0.005
upd   35  steps   73728  sps 957  opp symm  loss -0.004  pg +0.0223  v 0.005  ev +0.87  adv_std 0.097  tR -0.33  ent[s/d/p/e] 1.88/2.25/1.11/0.58  emits 0.88  spf 36.2  z0 0.58  garr 35.0  tG 300  e2 0.20  nF 10.9  pS 0.31  ptS 0.30  fLog 0.51  pdΔ -0.1942  pkR 6.09  clip 0.15  kl +0.003
upd   36  steps   75776  sps 976  opp symm  loss -0.083  pg -0.0558  v 0.003  ev +0.93  adv_std 0.075  tR -0.33  ent[s/d/p/e] 2.00/2.33/1.01/0.56  emits 0.98  spf 38.9  z0 0.57  garr 33.6  tG 318  e2 0.21  nF 11.1  pS 0.33  ptS 0.33  fLog 0.51  pdΔ -0.1721  pkR 7.99  clip 0.18  kl +0.006
upd   37  steps   77824  sps 994  opp symm  loss -0.063  pg -0.0361  v 0.005  ev +0.89  adv_std 0.095  tR +1.00  ent[s/d/p/e] 1.95/2.29/1.07/0.56  emits 1.01  spf 36.4  z0 0.56  garr 32.8  tG 305  e2 0.23  nF 11.8  pS 0.32  ptS 0.32  fLog 0.50  pdΔ -0.1834  pkR 8.66  clip 0.29  kl +0.016
upd   38  steps   79872  sps 1012  opp symm  loss -0.034  pg -0.0098  v 0.007  ev +0.88  adv_std 0.109  tR -0.43  ent[s/d/p/e] 1.80/2.18/1.04/0.54  emits 1.13  spf 28.9  z0 0.54  garr 29.8  tG 311  e2 0.25  nF 12.4  pS 0.31  ptS 0.31  fLog 0.47  pdΔ -0.1923  pkR 16.76  clip 0.14  kl +0.002
upd   39  steps   81920  sps 1029  opp symm  loss -0.019  pg +0.0040  v 0.008  ev +0.84  adv_std 0.129  tR +0.43  ent[s/d/p/e] 1.82/2.18/1.06/0.53  emits 1.02  spf 28.9  z0 0.56  garr 27.8  tG 278  e2 0.22  nF 12.6  pS 0.30  ptS 0.30  fLog 0.48  pdΔ -0.2029  pkR 21.73  clip 0.13  kl +0.003
upd   40  steps   83968  sps 1046  opp symm  loss -0.102  pg -0.0775  v 0.004  ev +0.92  adv_std 0.086  tR -0.14  ent[s/d/p/e] 1.73/2.13/1.01/0.53  emits 1.02  spf 26.4  z0 0.58  garr 23.9  tG 182  e2 0.23  nF 12.1  pS 0.25  ptS 0.24  fLog 0.46  pdΔ -0.2524  pkR 16.89  clip 0.17  kl +0.004
upd   41  steps   86016  sps 1063  opp symm  loss -0.044  pg -0.0194  v 0.004  ev +0.94  adv_std 0.081  tR -0.50  ent[s/d/p/e] 1.63/2.10/1.06/0.52  emits 0.89  spf 27.9  z0 0.62  garr 26.3  tG 206  e2 0.19  nF 11.6  pS 0.24  ptS 0.23  fLog 0.48  pdΔ -0.2593  pkR 15.44  clip 0.16  kl +0.005
upd   42  steps   88064  sps 1080  opp symm  loss -0.001  pg +0.0241  v 0.003  ev +0.95  adv_std 0.067  tR -0.33  ent[s/d/p/e] 1.70/2.12/1.07/0.51  emits 1.20  spf 25.1  z0 0.53  garr 22.6  tG 166  e2 0.25  nF 14.0  pS 0.24  ptS 0.24  fLog 0.46  pdΔ -0.2557  pkR 9.94  clip 0.23  kl +0.005
upd   43  steps   90112  sps 1096  opp symm  loss +0.024  pg +0.0495  v 0.003  ev +0.95  adv_std 0.074  tR -1.00  ent[s/d/p/e] 1.77/2.12/1.03/0.52  emits 1.21  spf 25.3  z0 0.54  garr 22.2  tG 170  e2 0.26  nF 16.0  pS 0.26  ptS 0.25  fLog 0.45  pdΔ -0.2436  pkR 7.52  clip 0.17  kl +0.007
upd   44  steps   92160  sps 1112  opp symm  loss -0.001  pg +0.0245  v 0.005  ev +0.94  adv_std 0.101  tR -0.80  ent[s/d/p/e] 1.86/2.20/1.04/0.55  emits 1.14  spf 27.4  z0 0.56  garr 24.3  tG 190  e2 0.25  nF 15.8  pS 0.27  ptS 0.27  fLog 0.47  pdΔ -0.2293  pkR 6.94  clip 0.18  kl +0.004
upd   45  steps   94208  sps 1128  opp symm  loss -0.047  pg -0.0205  v 0.003  ev +0.96  adv_std 0.081  tR +0.14  ent[s/d/p/e] 1.88/2.23/1.09/0.53  emits 1.00  spf 30.7  z0 0.58  garr 27.7  tG 210  e2 0.21  nF 13.4  pS 0.27  ptS 0.26  fLog 0.48  pdΔ -0.2264  pkR 10.01  clip 0.13  kl +0.004
upd   46  steps   96256  sps 1144  opp symm  loss +0.009  pg +0.0327  v 0.008  ev +0.89  adv_std 0.129  tR -0.11  ent[s/d/p/e] 1.75/2.19/1.10/0.55  emits 0.96  spf 28.9  z0 0.60  garr 27.7  tG 188  e2 0.22  nF 12.8  pS 0.26  ptS 0.25  fLog 0.48  pdΔ -0.2422  pkR 10.78  clip 0.19  kl +0.005
upd   47  steps   98304  sps 1159  opp symm  loss -0.009  pg +0.0171  v 0.004  ev +0.94  adv_std 0.085  tR +0.00  ent[s/d/p/e] 1.67/2.15/1.12/0.55  emits 0.91  spf 28.6  z0 0.58  garr 27.1  tG 185  e2 0.21  nF 12.0  pS 0.26  ptS 0.25  fLog 0.48  pdΔ -0.2396  pkR 13.51  clip 0.12  kl +0.005
upd   48  steps  100352  sps 1174  opp symm  loss +0.015  pg +0.0414  v 0.004  ev +0.95  adv_std 0.083  tR +1.00  ent[s/d/p/e] 1.73/2.21/1.13/0.57  emits 0.94  spf 29.3  z0 0.59  garr 29.5  tG 232  e2 0.21  nF 12.0  pS 0.28  ptS 0.27  fLog 0.49  pdΔ -0.2229  pkR 19.10  clip 0.14  kl +0.003
upd   49  steps  102400  sps 1189  opp symm  loss -0.018  pg +0.0064  v 0.007  ev +0.90  adv_std 0.121  tR +0.11  ent[s/d/p/e] 1.70/2.15/1.14/0.56  emits 1.03  spf 27.6  z0 0.56  garr 27.5  tG 199  e2 0.23  nF 11.6  pS 0.27  ptS 0.26  fLog 0.48  pdΔ -0.2297  pkR 22.65  clip 0.15  kl +0.003
upd   50  steps  104448  sps 1204  opp symm  loss -0.018  pg +0.0070  v 0.006  ev +0.93  adv_std 0.107  tR +1.00  ent[s/d/p/e] 1.79/2.22/1.10/0.56  emits 1.12  spf 27.4  z0 0.56  garr 25.1  tG 190  e2 0.25  nF 13.6  pS 0.29  ptS 0.28  fLog 0.48  pdΔ -0.2146  pkR 5.38  clip 0.07  kl +0.002
upd   51  steps  106496  sps 1218  opp symm  loss -0.044  pg -0.0182  v 0.006  ev +0.94  adv_std 0.108  tR -0.56  ent[s/d/p/e] 1.87/2.28/1.10/0.56  emits 1.18  spf 30.9  z0 0.55  garr 26.1  tG 208  e2 0.26  nF 14.2  pS 0.31  ptS 0.30  fLog 0.49  pdΔ -0.1926  pkR 5.35  clip 0.08  kl +0.002
upd   52  steps  108544  sps 1233  opp symm  loss -0.014  pg +0.0136  v 0.003  ev +0.96  adv_std 0.077  tR -1.00  ent[s/d/p/e] 1.83/2.27/1.14/0.57  emits 1.16  spf 29.8  z0 0.53  garr 26.2  tG 207  e2 0.26  nF 14.5  pS 0.31  ptS 0.30  fLog 0.49  pdΔ -0.1864  pkR 5.88  clip 0.20  kl +0.005
upd   53  steps  110592  sps 1247  opp symm  loss +0.007  pg +0.0345  v 0.004  ev +0.96  adv_std 0.085  tR +0.00  ent[s/d/p/e] 1.88/2.29/1.11/0.56  emits 1.33  spf 27.7  z0 0.49  garr 27.0  tG 218  e2 0.30  nF 16.5  pS 0.34  ptS 0.33  fLog 0.48  pdΔ -0.1645  pkR 5.20  clip 0.20  kl +0.006
upd   54  steps  112640  sps 1261  opp symm  loss +0.034  pg +0.0596  v 0.006  ev +0.94  adv_std 0.105  tR -0.20  ent[s/d/p/e] 1.93/2.32/1.04/0.54  emits 1.42  spf 27.1  z0 0.48  garr 25.3  tG 217  e2 0.30  nF 17.6  pS 0.34  ptS 0.33  fLog 0.47  pdΔ -0.1598  pkR 5.33  clip 0.26  kl +0.008
upd   55  steps  114688  sps 1274  opp symm  loss -0.003  pg +0.0242  v 0.004  ev +0.96  adv_std 0.093  tR +0.67  ent[s/d/p/e] 2.11/2.46/1.07/0.52  emits 1.46  spf 29.8  z0 0.53  garr 26.0  tG 227  e2 0.30  nF 18.7  pS 0.34  ptS 0.34  fLog 0.49  pdΔ -0.1553  pkR 5.46  clip 0.25  kl +0.006
upd   56  steps  116736  sps 1288  opp symm  loss -0.014  pg +0.0127  v 0.005  ev +0.95  adv_std 0.092  tR -0.40  ent[s/d/p/e] 2.14/2.48/1.04/0.50  emits 1.35  spf 30.5  z0 0.54  garr 27.6  tG 234  e2 0.27  nF 17.3  pS 0.34  ptS 0.34  fLog 0.50  pdΔ -0.1606  pkR 7.96  clip 0.30  kl +0.008
upd   57  steps  118784  sps 1301  opp symm  loss -0.036  pg -0.0095  v 0.005  ev +0.94  adv_std 0.097  tR +1.00  ent[s/d/p/e] 2.12/2.47/1.06/0.53  emits 1.23  spf 30.9  z0 0.58  garr 29.9  tG 250  e2 0.25  nF 16.3  pS 0.34  ptS 0.33  fLog 0.51  pdΔ -0.1616  pkR 12.89  clip 0.16  kl +0.005
upd   58  steps  120832  sps 1314  opp symm  loss -0.086  pg -0.0580  v 0.004  ev +0.94  adv_std 0.088  tR -0.20  ent[s/d/p/e] 2.02/2.40/1.11/0.55  emits 1.17  spf 30.6  z0 0.58  garr 29.9  tG 254  e2 0.25  nF 13.7  pS 0.32  ptS 0.32  fLog 0.51  pdΔ -0.1775  pkR 16.54  clip 0.13  kl +0.003
upd   59  steps  122880  sps 1327  opp symm  loss -0.100  pg -0.0732  v 0.006  ev +0.88  adv_std 0.110  tR +0.00  ent[s/d/p/e] 2.03/2.40/1.10/0.54  emits 1.20  spf 28.7  z0 0.56  garr 33.4  tG 316  e2 0.25  nF 14.3  pS 0.36  ptS 0.36  fLog 0.49  pdΔ -0.1406  pkR 14.17  clip 0.17  kl +0.005
upd   60  steps  124928  sps 1340  opp symm  loss +0.023  pg +0.0514  v 0.003  ev +0.95  adv_std 0.074  tR +1.00  ent[s/d/p/e] 2.03/2.41/1.08/0.56  emits 1.04  spf 33.0  z0 0.58  garr 36.2  tG 304  e2 0.23  nF 12.5  pS 0.33  ptS 0.32  fLog 0.51  pdΔ -0.1691  pkR 16.13  clip 0.12  kl -0.001
upd   61  steps  126976  sps 1352  opp symm  loss -0.023  pg +0.0048  v 0.005  ev +0.91  adv_std 0.098  tR +1.00  ent[s/d/p/e] 2.03/2.45/1.11/0.56  emits 1.08  spf 35.9  z0 0.57  garr 34.6  tG 269  e2 0.23  nF 11.6  pS 0.34  ptS 0.33  fLog 0.53  pdΔ -0.1612  pkR 9.70  clip 0.14  kl +0.000
upd   62  steps  129024  sps 1365  opp symm  loss +0.006  pg +0.0319  v 0.006  ev +0.90  adv_std 0.111  tR +0.00  ent[s/d/p/e] 1.99/2.41/1.10/0.55  emits 1.11  spf 32.7  z0 0.57  garr 35.8  tG 309  e2 0.24  nF 11.4  pS 0.34  ptS 0.33  fLog 0.51  pdΔ -0.1561  pkR 16.98  clip 0.13  kl +0.006
upd   63  steps  131072  sps 1377  opp symm  loss -0.015  pg +0.0128  v 0.004  ev +0.93  adv_std 0.082  tR -0.20  ent[s/d/p/e] 1.95/2.39/1.09/0.56  emits 1.21  spf 30.7  z0 0.54  garr 31.6  tG 232  e2 0.26  nF 12.4  pS 0.33  ptS 0.32  fLog 0.51  pdΔ -0.1661  pkR 9.26  clip 0.14  kl -0.000
upd   64  steps  133120  sps 1389  opp symm  loss +0.023  pg +0.0513  v 0.002  ev +0.95  adv_std 0.062  tR -1.00  ent[s/d/p/e] 2.04/2.46/1.06/0.56  emits 1.18  spf 32.5  z0 0.53  garr 32.1  tG 243  e2 0.26  nF 14.1  pS 0.35  ptS 0.35  fLog 0.51  pdΔ -0.1469  pkR 5.10  clip 0.16  kl +0.009
upd   65  steps  135168  sps 1401  opp symm  loss -0.030  pg -0.0026  v 0.005  ev +0.87  adv_std 0.102  tR +1.00  ent[s/d/p/e] 2.01/2.45/1.10/0.57  emits 1.02  spf 36.0  z0 0.58  garr 37.0  tG 289  e2 0.22  nF 12.8  pS 0.35  ptS 0.35  fLog 0.53  pdΔ -0.1488  pkR 9.03  clip 0.24  kl +0.006
upd   66  steps  137216  sps 1413  opp symm  loss -0.040  pg -0.0119  v 0.003  ev +0.93  adv_std 0.072  tR +0.00  ent[s/d/p/e] 1.93/2.41/1.06/0.55  emits 1.19  spf 35.3  z0 0.55  garr 34.7  tG 280  e2 0.25  nF 13.0  pS 0.33  ptS 0.33  fLog 0.52  pdΔ -0.1663  pkR 13.21  clip 0.14  kl +0.010
upd   67  steps  139264  sps 1424  opp symm  loss -0.025  pg +0.0024  v 0.004  ev +0.88  adv_std 0.095  tR +1.00  ent[s/d/p/e] 1.99/2.44/1.05/0.55  emits 1.16  spf 33.1  z0 0.56  garr 31.1  tG 215  e2 0.25  nF 13.7  pS 0.32  ptS 0.32  fLog 0.52  pdΔ -0.1764  pkR 4.71  clip 0.21  kl +0.010
upd   68  steps  141312  sps 1436  opp symm  loss -0.083  pg -0.0566  v 0.006  ev +0.87  adv_std 0.110  tR -0.43  ent[s/d/p/e] 2.03/2.46/1.01/0.56  emits 1.07  spf 35.0  z0 0.57  garr 31.7  tG 237  e2 0.23  nF 13.1  pS 0.34  ptS 0.33  fLog 0.53  pdΔ -0.1628  pkR 6.58  clip 0.17  kl +0.004
upd   69  steps  143360  sps 1447  opp symm  loss -0.024  pg +0.0002  v 0.009  ev +0.76  adv_std 0.136  tR -0.11  ent[s/d/p/e] 1.87/2.39/1.07/0.57  emits 0.95  spf 33.1  z0 0.58  garr 34.1  tG 228  e2 0.21  nF 11.0  pS 0.30  ptS 0.30  fLog 0.52  pdΔ -0.1959  pkR 10.51  clip 0.14  kl +0.007
upd   70  steps  145408  sps 1458  opp symm  loss -0.045  pg -0.0188  v 0.006  ev +0.83  adv_std 0.107  tR +0.50  ent[s/d/p/e] 1.83/2.35/1.11/0.57  emits 0.96  spf 36.0  z0 0.59  garr 33.0  tG 207  e2 0.22  nF 10.4  pS 0.30  ptS 0.29  fLog 0.53  pdΔ -0.2015  pkR 4.50  clip 0.12  kl +0.004
upd   71  steps  147456  sps 1469  opp symm  loss +0.006  pg +0.0317  v 0.007  ev +0.87  adv_std 0.123  tR -0.33  ent[s/d/p/e] 1.85/2.40/1.10/0.57  emits 0.94  spf 36.1  z0 0.60  garr 34.7  tG 223  e2 0.20  nF 10.0  pS 0.31  ptS 0.30  fLog 0.53  pdΔ -0.1913  pkR 4.55  clip 0.18  kl +0.008
upd   72  steps  149504  sps 1480  opp symm  loss -0.021  pg +0.0056  v 0.005  ev +0.92  adv_std 0.097  tR +0.50  ent[s/d/p/e] 1.94/2.45/1.09/0.56  emits 0.96  spf 36.1  z0 0.61  garr 36.3  tG 240  e2 0.21  nF 10.0  pS 0.32  ptS 0.31  fLog 0.53  pdΔ -0.1817  pkR 5.00  clip 0.17  kl +0.004
upd   73  steps  151552  sps 1491  opp symm  loss +0.009  pg +0.0365  v 0.003  ev +0.95  adv_std 0.077  tR -1.00  ent[s/d/p/e] 1.91/2.42/1.08/0.56  emits 0.96  spf 37.1  z0 0.59  garr 35.9  tG 243  e2 0.21  nF 10.2  pS 0.31  ptS 0.30  fLog 0.53  pdΔ -0.1880  pkR 4.52  clip 0.23  kl +0.008
upd   74  steps  153600  sps 1501  opp symm  loss +0.004  pg +0.0322  v 0.003  ev +0.95  adv_std 0.079  tR +0.00  ent[s/d/p/e] 1.95/2.41/1.08/0.57  emits 0.87  spf 36.4  z0 0.61  garr 34.7  tG 253  e2 0.19  nF 10.2  pS 0.31  ptS 0.30  fLog 0.53  pdΔ -0.1873  pkR 4.58  clip 0.11  kl +0.005
upd   75  steps  155648  sps 1512  opp symm  loss -0.000  pg +0.0261  v 0.006  ev +0.90  adv_std 0.108  tR +0.00  ent[s/d/p/e] 1.89/2.39/1.08/0.57  emits 0.76  spf 38.3  z0 0.63  garr 37.3  tG 254  e2 0.17  nF 9.0  pS 0.30  ptS 0.29  fLog 0.54  pdΔ -0.2027  pkR 4.26  clip 0.20  kl +0.007
upd   76  steps  157696  sps 1522  opp symm  loss +0.033  pg +0.0605  v 0.003  ev +0.93  adv_std 0.081  tR +0.33  ent[s/d/p/e] 1.79/2.36/1.08/0.58  emits 0.88  spf 37.5  z0 0.60  garr 34.6  tG 225  e2 0.20  nF 9.7  pS 0.29  ptS 0.28  fLog 0.53  pdΔ -0.2106  pkR 5.72  clip 0.14  kl +0.002
upd   77  steps  159744  sps 1532  opp symm  loss -0.027  pg +0.0001  v 0.005  ev +0.92  adv_std 0.105  tR -0.67  ent[s/d/p/e] 1.81/2.36/1.13/0.58  emits 0.88  spf 38.7  z0 0.62  garr 34.2  tG 213  e2 0.20  nF 10.1  pS 0.28  ptS 0.28  fLog 0.53  pdΔ -0.2198  pkR 5.40  clip 0.16  kl +0.003
upd   78  steps  161792  sps 1542  opp symm  loss +0.008  pg +0.0344  v 0.007  ev +0.92  adv_std 0.114  tR -0.60  ent[s/d/p/e] 1.83/2.39/1.14/0.56  emits 0.83  spf 37.1  z0 0.62  garr 34.5  tG 211  e2 0.19  nF 9.6  pS 0.28  ptS 0.27  fLog 0.53  pdΔ -0.2231  pkR 6.40  clip 0.20  kl +0.004
upd   79  steps  163840  sps 1552  opp symm  loss +0.014  pg +0.0396  v 0.006  ev +0.93  adv_std 0.115  tR -0.50  ent[s/d/p/e] 1.79/2.36/1.12/0.55  emits 0.83  spf 38.5  z0 0.62  garr 33.1  tG 201  e2 0.18  nF 9.0  pS 0.27  ptS 0.26  fLog 0.53  pdΔ -0.2279  pkR 7.28  clip 0.22  kl +0.009
upd   80  steps  165888  sps 1562  opp symm  loss +0.037  pg +0.0622  v 0.006  ev +0.94  adv_std 0.112  tR +0.20  ent[s/d/p/e] 1.75/2.36/1.13/0.55  emits 0.98  spf 33.6  z0 0.60  garr 33.9  tG 189  e2 0.21  nF 10.1  pS 0.28  ptS 0.27  fLog 0.52  pdΔ -0.2221  pkR 5.84  clip 0.12  kl +0.004
upd   81  steps  167936  sps 1572  opp symm  loss +0.028  pg +0.0532  v 0.008  ev +0.92  adv_std 0.123  tR -0.50  ent[s/d/p/e] 1.79/2.39/1.15/0.55  emits 0.85  spf 36.4  z0 0.62  garr 37.6  tG 201  e2 0.19  nF 9.4  pS 0.27  ptS 0.26  fLog 0.53  pdΔ -0.2304  pkR 3.97  clip 0.13  kl +0.003
upd   82  steps  169984  sps 1581  opp symm  loss -0.040  pg -0.0150  v 0.007  ev +0.92  adv_std 0.121  tR +1.00  ent[s/d/p/e] 1.71/2.32/1.14/0.57  emits 0.71  spf 36.5  z0 0.66  garr 44.7  tG 235  e2 0.15  nF 8.0  pS 0.27  ptS 0.26  fLog 0.53  pdΔ -0.2306  pkR 4.27  clip 0.17  kl +0.004
upd   83  steps  172032  sps 1591  opp symm  loss -0.012  pg +0.0151  v 0.006  ev +0.94  adv_std 0.106  tR -1.00  ent[s/d/p/e] 1.75/2.36/1.24/0.56  emits 0.75  spf 44.4  z0 0.64  garr 46.3  tG 268  e2 0.17  nF 7.6  pS 0.28  ptS 0.27  fLog 0.55  pdΔ -0.2202  pkR 4.02  clip 0.13  kl +0.005
upd   84  steps  174080  sps 1600  opp symm  loss -0.015  pg +0.0118  v 0.005  ev +0.95  adv_std 0.103  tR -0.33  ent[s/d/p/e] 1.79/2.39/1.18/0.55  emits 0.79  spf 43.7  z0 0.62  garr 44.3  tG 275  e2 0.18  nF 7.8  pS 0.29  ptS 0.28  fLog 0.55  pdΔ -0.2076  pkR 4.01  clip 0.16  kl +0.001
upd   85  steps  176128  sps 1609  opp symm  loss -0.023  pg +0.0017  v 0.010  ev +0.91  adv_std 0.138  tR -0.20  ent[s/d/p/e] 1.80/2.44/1.18/0.55  emits 0.71  spf 47.0  z0 0.65  garr 44.7  tG 271  e2 0.16  nF 7.5  pS 0.29  ptS 0.27  fLog 0.57  pdΔ -0.2098  pkR 3.39  clip 0.11  kl +0.005
upd   86  steps  178176  sps 1618  opp symm  loss -0.028  pg -0.0017  v 0.007  ev +0.94  adv_std 0.116  tR +0.00  ent[s/d/p/e] 1.88/2.43/1.12/0.56  emits 0.84  spf 41.7  z0 0.62  garr 41.6  tG 273  e2 0.19  nF 7.9  pS 0.30  ptS 0.29  fLog 0.54  pdΔ -0.1963  pkR 3.71  clip 0.11  kl -0.002
upd   87  steps  180224  sps 1627  opp symm  loss -0.013  pg +0.0132  v 0.007  ev +0.94  adv_std 0.115  tR -0.11  ent[s/d/p/e] 1.89/2.44/1.10/0.55  emits 0.84  spf 41.3  z0 0.62  garr 41.0  tG 260  e2 0.18  nF 9.3  pS 0.29  ptS 0.29  fLog 0.54  pdΔ -0.2060  pkR 4.02  clip 0.17  kl +0.006
upd   88  steps  182272  sps 1636  opp symm  loss +0.003  pg +0.0302  v 0.004  ev +0.97  adv_std 0.090  tR +0.00  ent[s/d/p/e] 1.92/2.48/1.13/0.54  emits 0.72  spf 41.7  z0 0.67  garr 42.9  tG 262  e2 0.16  nF 8.2  pS 0.29  ptS 0.28  fLog 0.55  pdΔ -0.2101  pkR 4.39  clip 0.13  kl +0.002
upd   89  steps  184320  sps 1645  opp symm  loss +0.003  pg +0.0291  v 0.006  ev +0.95  adv_std 0.111  tR -0.33  ent[s/d/p/e] 1.91/2.45/1.12/0.55  emits 0.77  spf 42.2  z0 0.66  garr 46.7  tG 320  e2 0.17  nF 8.3  pS 0.31  ptS 0.30  fLog 0.54  pdΔ -0.1918  pkR 9.33  clip 0.13  kl +0.001
upd   90  steps  186368  sps 1654  opp symm  loss +0.049  pg +0.0765  v 0.004  ev +0.96  adv_std 0.091  tR -1.00  ent[s/d/p/e] 2.02/2.47/1.14/0.55  emits 0.82  spf 41.7  z0 0.64  garr 48.8  tG 322  e2 0.17  nF 8.7  pS 0.32  ptS 0.31  fLog 0.54  pdΔ -0.1814  pkR 3.80  clip 0.15  kl +0.006
upd   91  steps  188416  sps 1663  opp symm  loss -0.005  pg +0.0199  v 0.009  ev +0.92  adv_std 0.134  tR +0.25  ent[s/d/p/e] 1.98/2.47/1.12/0.53  emits 0.89  spf 40.4  z0 0.62  garr 44.7  tG 292  e2 0.18  nF 9.0  pS 0.31  ptS 0.31  fLog 0.54  pdΔ -0.1898  pkR 4.43  clip 0.14  kl +0.004
upd   92  steps  190464  sps 1671  opp symm  loss -0.043  pg -0.0152  v 0.004  ev +0.97  adv_std 0.088  tR -0.33  ent[s/d/p/e] 2.03/2.48/1.08/0.55  emits 1.02  spf 40.8  z0 0.60  garr 43.6  tG 284  e2 0.19  nF 10.4  pS 0.33  ptS 0.32  fLog 0.54  pdΔ -0.1746  pkR 5.21  clip 0.13  kl +0.004
upd   93  steps  192512  sps 1679  opp symm  loss -0.019  pg +0.0047  v 0.010  ev +0.92  adv_std 0.144  tR +0.33  ent[s/d/p/e] 2.01/2.45/1.08/0.53  emits 0.91  spf 38.5  z0 0.63  garr 44.5  tG 323  e2 0.19  nF 10.6  pS 0.34  ptS 0.34  fLog 0.53  pdΔ -0.1553  pkR 7.05  clip 0.15  kl +0.002
upd   94  steps  194560  sps 1688  opp symm  loss -0.022  pg +0.0047  v 0.007  ev +0.92  adv_std 0.116  tR +0.25  ent[s/d/p/e] 2.06/2.50/1.09/0.54  emits 0.88  spf 40.5  z0 0.64  garr 46.0  tG 310  e2 0.20  nF 9.4  pS 0.33  ptS 0.32  fLog 0.54  pdΔ -0.1706  pkR 9.27  clip 0.08  kl +0.003
upd   95  steps  196608  sps 1696  opp symm  loss -0.044  pg -0.0174  v 0.006  ev +0.92  adv_std 0.111  tR -0.20  ent[s/d/p/e] 1.93/2.45/1.14/0.56  emits 0.76  spf 41.9  z0 0.66  garr 46.6  tG 301  e2 0.16  nF 8.5  pS 0.32  ptS 0.30  fLog 0.55  pdΔ -0.1838  pkR 4.49  clip 0.11  kl +0.001
upd   96  steps  198656  sps 1704  opp symm  loss -0.027  pg -0.0000  v 0.007  ev +0.92  adv_std 0.117  tR -0.33  ent[s/d/p/e] 2.02/2.49/1.16/0.55  emits 0.78  spf 43.5  z0 0.65  garr 51.1  tG 355  e2 0.16  nF 9.1  pS 0.34  ptS 0.33  fLog 0.55  pdΔ -0.1552  pkR 6.61  clip 0.10  kl +0.005
upd   97  steps  200704  sps 1712  opp symm  loss -0.004  pg +0.0235  v 0.005  ev +0.95  adv_std 0.098  tR +1.00  ent[s/d/p/e] 2.11/2.52/1.09/0.55  emits 0.81  spf 42.8  z0 0.64  garr 56.8  tG 386  e2 0.17  nF 9.4  pS 0.35  ptS 0.33  fLog 0.54  pdΔ -0.1474  pkR 7.97  clip 0.14  kl +0.005
upd   98  steps  202752  sps 1720  opp symm  loss +0.004  pg +0.0315  v 0.005  ev +0.94  adv_std 0.103  tR +0.50  ent[s/d/p/e] 2.06/2.50/1.10/0.54  emits 0.87  spf 45.4  z0 0.63  garr 50.9  tG 328  e2 0.19  nF 9.8  pS 0.34  ptS 0.32  fLog 0.55  pdΔ -0.1631  pkR 4.18  clip 0.10  kl +0.004
[eval_vs_v20] u99 tag=train_u99  bin0=0.0%  spf=0.00  garr=128.50  flip=0.00%  z0=71.9%  e8=0.0%  e2+=0.0%  WLD=0/3/0
upd   99  steps  204800  sps 1728  opp symm  loss -0.050  pg -0.0249  v 0.009  ev +0.88  adv_std 0.137  tR -0.11  ent[s/d/p/e] 2.02/2.47/1.12/0.56  emits 0.90  spf 43.7  z0 0.61  garr 45.1  tG 304  e2 0.19  nF 9.4  pS 0.34  ptS 0.32  fLog 0.54  pdΔ -0.1623  pkR 4.94  clip 0.13  kl +0.002 WRr 0.09 v20[spf 0.0 flip 0.0% e2+ 0.0%]
upd  100  steps  206848  sps 958  opp symm  loss -0.001  pg +0.0249  v 0.008  ev +0.89  adv_std 0.128  tR -0.20  ent[s/d/p/e] 1.96/2.45/1.13/0.55  emits 0.76  spf 42.4  z0 0.65  garr 45.9  tG 301  e2 0.17  nF 8.0  pS 0.32  ptS 0.31  fLog 0.55  pdΔ -0.1757  pkR 6.32  clip 0.09  kl +0.002
upd  101  steps  208896  sps 965  opp symm  loss +0.018  pg +0.0458  v 0.005  ev +0.93  adv_std 0.101  tR +0.33  ent[s/d/p/e] 2.06/2.48/1.15/0.55  emits 0.80  spf 40.9  z0 0.65  garr 48.4  tG 315  e2 0.17  nF 8.9  pS 0.33  ptS 0.31  fLog 0.54  pdΔ -0.1709  pkR 4.49  clip 0.07  kl +0.002
upd  102  steps  210944  sps 972  opp symm  loss -0.092  pg -0.0647  v 0.007  ev +0.92  adv_std 0.114  tR +0.33  ent[s/d/p/e] 2.08/2.51/1.15/0.54  emits 0.80  spf 42.8  z0 0.65  garr 49.4  tG 335  e2 0.17  nF 9.1  pS 0.33  ptS 0.32  fLog 0.54  pdΔ -0.1668  pkR 4.06  clip 0.06  kl +0.000
upd  103  steps  212992  sps 978  opp symm  loss +0.005  pg +0.0328  v 0.005  ev +0.93  adv_std 0.103  tR +0.33  ent[s/d/p/e] 1.89/2.41/1.25/0.56  emits 0.60  spf 48.0  z0 0.68  garr 51.8  tG 376  e2 0.13  nF 6.7  pS 0.32  ptS 0.31  fLog 0.56  pdΔ -0.1828  pkR 7.12  clip 0.11  kl +0.001
upd  104  steps  215040  sps 985  opp symm  loss -0.041  pg -0.0128  v 0.004  ev +0.94  adv_std 0.093  tR +1.00  ent[s/d/p/e] 1.74/2.34/1.30/0.57  emits 0.46  spf 53.7  z0 0.71  garr 58.9  tG 446  e2 0.10  nF 4.7  pS 0.31  ptS 0.31  fLog 0.59  pdΔ -0.1870  pkR 8.56  clip 0.07  kl +0.002
upd  105  steps  217088  sps 991  opp symm  loss -0.007  pg +0.0207  v 0.007  ev +0.91  adv_std 0.116  tR -0.33  ent[s/d/p/e] 1.86/2.42/1.33/0.59  emits 0.56  spf 57.2  z0 0.68  garr 60.7  tG 442  e2 0.13  nF 5.1  pS 0.32  ptS 0.31  fLog 0.60  pdΔ -0.1793  pkR 9.96  clip 0.09  kl +0.003
upd  106  steps  219136  sps 998  opp symm  loss -0.035  pg -0.0067  v 0.005  ev +0.94  adv_std 0.097  tR +0.33  ent[s/d/p/e] 1.81/2.38/1.30/0.59  emits 0.53  spf 56.1  z0 0.69  garr 57.9  tG 423  e2 0.12  nF 5.0  pS 0.32  ptS 0.32  fLog 0.59  pdΔ -0.1760  pkR 4.27  clip 0.08  kl +0.002
upd  107  steps  221184  sps 1004  opp symm  loss -0.059  pg -0.0296  v 0.003  ev +0.95  adv_std 0.081  tR -1.00  ent[s/d/p/e] 1.87/2.40/1.25/0.59  emits 0.55  spf 57.4  z0 0.68  garr 54.5  tG 413  e2 0.12  nF 5.6  pS 0.32  ptS 0.32  fLog 0.60  pdΔ -0.1751  pkR 3.79  clip 0.09  kl +0.005
upd  108  steps  223232  sps 1010  opp symm  loss -0.071  pg -0.0420  v 0.005  ev +0.94  adv_std 0.104  tR +0.33  ent[s/d/p/e] 1.94/2.43/1.30/0.59  emits 0.61  spf 57.9  z0 0.66  garr 54.5  tG 425  e2 0.13  nF 5.6  pS 0.34  ptS 0.33  fLog 0.60  pdΔ -0.1625  pkR 4.27  clip 0.11  kl +0.002
upd  109  steps  225280  sps 1017  opp symm  loss -0.030  pg -0.0033  v 0.005  ev +0.94  adv_std 0.104  tR +0.33  ent[s/d/p/e] 1.91/2.38/1.21/0.56  emits 0.72  spf 47.2  z0 0.65  garr 42.8  tG 326  e2 0.15  nF 6.3  pS 0.31  ptS 0.30  fLog 0.57  pdΔ -0.1945  pkR 6.26  clip 0.08  kl -0.000
upd  110  steps  227328  sps 1023  opp symm  loss -0.017  pg +0.0102  v 0.005  ev +0.95  adv_std 0.097  tR +0.60  ent[s/d/p/e] 1.91/2.33/1.18/0.56  emits 0.73  spf 45.3  z0 0.65  garr 37.8  tG 266  e2 0.15  nF 6.7  pS 0.28  ptS 0.28  fLog 0.56  pdΔ -0.2226  pkR 6.13  clip 0.13  kl +0.006
upd  111  steps  229376  sps 1029  opp symm  loss +0.009  pg +0.0361  v 0.006  ev +0.94  adv_std 0.108  tR -0.43  ent[s/d/p/e] 1.92/2.35/1.18/0.54  emits 0.72  spf 38.3  z0 0.66  garr 35.9  tG 249  e2 0.16  nF 7.2  pS 0.28  ptS 0.28  fLog 0.54  pdΔ -0.2212  pkR 7.29  clip 0.11  kl +0.005
upd  112  steps  231424  sps 1035  opp symm  loss +0.018  pg +0.0458  v 0.003  ev +0.96  adv_std 0.082  tR +1.00  ent[s/d/p/e] 1.98/2.42/1.17/0.54  emits 0.69  spf 41.8  z0 0.67  garr 41.0  tG 282  e2 0.15  nF 7.5  pS 0.30  ptS 0.29  fLog 0.55  pdΔ -0.2041  pkR 7.67  clip 0.11  kl +0.005
upd  113  steps  233472  sps 1041  opp symm  loss -0.020  pg +0.0089  v 0.003  ev +0.96  adv_std 0.078  tR +0.00  ent[s/d/p/e] 1.97/2.42/1.16/0.57  emits 0.76  spf 41.5  z0 0.64  garr 42.3  tG 275  e2 0.16  nF 7.4  pS 0.29  ptS 0.29  fLog 0.55  pdΔ -0.2083  pkR 4.17  clip 0.06  kl +0.002
upd  114  steps  235520  sps 1047  opp symm  loss +0.009  pg +0.0360  v 0.006  ev +0.92  adv_std 0.107  tR -0.50  ent[s/d/p/e] 1.85/2.39/1.17/0.56  emits 0.74  spf 41.8  z0 0.65  garr 39.9  tG 262  e2 0.16  nF 7.2  pS 0.28  ptS 0.28  fLog 0.55  pdΔ -0.2204  pkR 4.51  clip 0.19  kl +0.003
upd  115  steps  237568  sps 1054  opp symm  loss -0.007  pg +0.0201  v 0.005  ev +0.92  adv_std 0.102  tR +0.00  ent[s/d/p/e] 1.81/2.36/1.26/0.56  emits 0.60  spf 42.1  z0 0.68  garr 42.1  tG 268  e2 0.13  nF 5.7  pS 0.27  ptS 0.27  fLog 0.55  pdΔ -0.2274  pkR 4.04  clip 0.08  kl +0.002
upd  116  steps  239616  sps 1060  opp symm  loss +0.009  pg +0.0357  v 0.006  ev +0.91  adv_std 0.107  tR +0.00  ent[s/d/p/e] 1.75/2.33/1.26/0.57  emits 0.55  spf 47.3  z0 0.68  garr 45.2  tG 298  e2 0.12  nF 5.2  pS 0.27  ptS 0.27  fLog 0.57  pdΔ -0.2331  pkR 4.20  clip 0.09  kl +0.002
upd  117  steps  241664  sps 1066  opp symm  loss -0.039  pg -0.0109  v 0.003  ev +0.95  adv_std 0.082  tR -1.00  ent[s/d/p/e] 1.76/2.32/1.20/0.56  emits 0.51  spf 49.4  z0 0.68  garr 48.6  tG 340  e2 0.11  nF 5.3  pS 0.29  ptS 0.28  fLog 0.57  pdΔ -0.2126  pkR 4.98  clip 0.08  kl +0.002
upd  118  steps  243712  sps 1072  opp symm  loss -0.072  pg -0.0435  v 0.004  ev +0.95  adv_std 0.088  tR -0.33  ent[s/d/p/e] 1.86/2.38/1.19/0.59  emits 0.63  spf 53.3  z0 0.66  garr 51.6  tG 373  e2 0.14  nF 5.2  pS 0.31  ptS 0.30  fLog 0.58  pdΔ -0.1927  pkR 4.79  clip 0.15  kl +0.006
upd  119  steps  245760  sps 1078  opp symm  loss -0.016  pg +0.0116  v 0.005  ev +0.94  adv_std 0.098  tR +1.00  ent[s/d/p/e] 1.92/2.41/1.16/0.57  emits 0.62  spf 51.4  z0 0.66  garr 50.3  tG 383  e2 0.13  nF 5.8  pS 0.33  ptS 0.31  fLog 0.58  pdΔ -0.1749  pkR 6.64  clip 0.07  kl +0.002
upd  120  steps  247808  sps 1083  opp symm  loss -0.026  pg +0.0015  v 0.007  ev +0.94  adv_std 0.113  tR +0.20  ent[s/d/p/e] 2.05/2.46/1.12/0.58  emits 0.80  spf 54.3  z0 0.63  garr 54.0  tG 408  e2 0.18  nF 6.9  pS 0.35  ptS 0.34  fLog 0.58  pdΔ -0.1521  pkR 6.59  clip 0.08  kl +0.002
upd  121  steps  249856  sps 1089  opp symm  loss -0.014  pg +0.0134  v 0.006  ev +0.94  adv_std 0.108  tR +1.00  ent[s/d/p/e] 2.06/2.43/1.12/0.57  emits 0.82  spf 48.8  z0 0.61  garr 50.0  tG 384  e2 0.17  nF 7.2  pS 0.35  ptS 0.34  fLog 0.57  pdΔ -0.1487  pkR 3.70  clip 0.13  kl +0.006
upd  122  steps  251904  sps 1095  opp symm  loss -0.033  pg -0.0083  v 0.011  ev +0.90  adv_std 0.147  tR -0.33  ent[s/d/p/e] 2.00/2.43/1.17/0.59  emits 0.76  spf 51.8  z0 0.61  garr 51.0  tG 381  e2 0.17  nF 7.6  pS 0.34  ptS 0.32  fLog 0.58  pdΔ -0.1621  pkR 3.82  clip 0.07  kl +0.002
upd  123  steps  253952  sps 1101  opp symm  loss -0.013  pg +0.0152  v 0.005  ev +0.96  adv_std 0.099  tR -1.00  ent[s/d/p/e] 2.07/2.46/1.20/0.59  emits 0.84  spf 51.1  z0 0.60  garr 46.8  tG 378  e2 0.18  nF 8.0  pS 0.36  ptS 0.34  fLog 0.58  pdΔ -0.1378  pkR 4.53  clip 0.11  kl +0.005
upd  124  steps  256000  sps 1107  opp symm  loss -0.023  pg +0.0052  v 0.006  ev +0.95  adv_std 0.111  tR +0.00  ent[s/d/p/e] 2.13/2.48/1.19/0.58  emits 0.89  spf 46.7  z0 0.58  garr 47.0  tG 382  e2 0.19  nF 8.3  pS 0.38  ptS 0.36  fLog 0.57  pdΔ -0.1188  pkR 3.33  clip 0.12  kl +0.008
upd  125  steps  258048  sps 1112  opp symm  loss -0.029  pg -0.0018  v 0.007  ev +0.94  adv_std 0.118  tR +0.25  ent[s/d/p/e] 2.14/2.49/1.14/0.57  emits 0.80  spf 48.6  z0 0.64  garr 51.6  tG 432  e2 0.17  nF 7.9  pS 0.38  ptS 0.36  fLog 0.57  pdΔ -0.1162  pkR 6.87  clip 0.08  kl +0.002
upd  126  steps  260096  sps 1118  opp symm  loss +0.000  pg +0.0275  v 0.006  ev +0.94  adv_std 0.114  tR +0.33  ent[s/d/p/e] 2.02/2.43/1.22/0.57  emits 0.76  spf 47.9  z0 0.62  garr 50.3  tG 399  e2 0.16  nF 7.8  pS 0.35  ptS 0.33  fLog 0.57  pdΔ -0.1529  pkR 8.50  clip 0.12  kl +0.003
upd  127  steps  262144  sps 1124  opp symm  loss +0.041  pg +0.0696  v 0.003  ev +0.96  adv_std 0.084  tR +0.33  ent[s/d/p/e] 1.97/2.39/1.17/0.57  emits 0.80  spf 43.2  z0 0.61  garr 47.1  tG 346  e2 0.18  nF 8.7  pS 0.34  ptS 0.33  fLog 0.55  pdΔ -0.1570  pkR 3.69  clip 0.09  kl +0.003
upd  128  steps  264192  sps 1130  opp symm  loss -0.015  pg +0.0122  v 0.006  ev +0.92  adv_std 0.114  tR +0.33  ent[s/d/p/e] 2.04/2.45/1.20/0.57  emits 0.77  spf 46.3  z0 0.64  garr 52.0  tG 385  e2 0.17  nF 8.7  pS 0.35  ptS 0.34  fLog 0.56  pdΔ -0.1450  pkR 3.63  clip 0.10  kl +0.001
upd  129  steps  266240  sps 1135  opp symm  loss -0.011  pg +0.0169  v 0.005  ev +0.92  adv_std 0.099  tR +0.20  ent[s/d/p/e] 2.01/2.45/1.20/0.58  emits 0.68  spf 52.7  z0 0.65  garr 55.4  tG 400  e2 0.15  nF 7.5  pS 0.35  ptS 0.33  fLog 0.58  pdΔ -0.1507  pkR 3.24  clip 0.11  kl +0.002
upd  130  steps  268288  sps 1141  opp symm  loss -0.041  pg -0.0149  v 0.008  ev +0.85  adv_std 0.130  tR +0.67  ent[s/d/p/e] 1.95/2.43/1.24/0.58  emits 0.68  spf 53.5  z0 0.64  garr 55.8  tG 407  e2 0.16  nF 7.0  pS 0.34  ptS 0.33  fLog 0.59  pdΔ -0.1570  pkR 2.82  clip 0.10  kl +0.002
upd  131  steps  270336  sps 1146  opp symm  loss -0.004  pg +0.0245  v 0.005  ev +0.91  adv_std 0.095  tR -1.00  ent[s/d/p/e] 1.94/2.43/1.34/0.58  emits 0.66  spf 51.8  z0 0.63  garr 55.7  tG 412  e2 0.15  nF 6.4  pS 0.33  ptS 0.32  fLog 0.59  pdΔ -0.1656  pkR 3.03  clip 0.07  kl +0.002
upd  132  steps  272384  sps 1152  opp symm  loss -0.053  pg -0.0240  v 0.004  ev +0.93  adv_std 0.086  tR +1.00  ent[s/d/p/e] 1.96/2.43/1.23/0.58  emits 0.64  spf 53.5  z0 0.65  garr 58.8  tG 440  e2 0.14  nF 6.3  pS 0.34  ptS 0.33  fLog 0.58  pdΔ -0.1592  pkR 3.52  clip 0.13  kl +0.001
upd  133  steps  274432  sps 1157  opp symm  loss -0.060  pg -0.0313  v 0.006  ev +0.92  adv_std 0.109  tR +0.60  ent[s/d/p/e] 2.03/2.43/1.27/0.60  emits 0.78  spf 53.9  z0 0.61  garr 55.6  tG 433  e2 0.18  nF 7.6  pS 0.36  ptS 0.35  fLog 0.58  pdΔ -0.1410  pkR 3.65  clip 0.09  kl +0.003
upd  134  steps  276480  sps 1163  opp symm  loss -0.031  pg -0.0027  v 0.006  ev +0.92  adv_std 0.106  tR +1.00  ent[s/d/p/e] 1.88/2.35/1.28/0.60  emits 0.69  spf 50.2  z0 0.62  garr 51.5  tG 396  e2 0.15  nF 7.1  pS 0.33  ptS 0.33  fLog 0.57  pdΔ -0.1663  pkR 7.43  clip 0.12  kl +0.006
upd  135  steps  278528  sps 1168  opp symm  loss -0.033  pg -0.0044  v 0.005  ev +0.94  adv_std 0.094  tR +1.00  ent[s/d/p/e] 1.91/2.38/1.29/0.61  emits 0.79  spf 47.9  z0 0.60  garr 51.6  tG 393  e2 0.18  nF 7.0  pS 0.35  ptS 0.34  fLog 0.57  pdΔ -0.1539  pkR 3.57  clip 0.09  kl +0.003
upd  136  steps  280576  sps 1174  opp symm  loss -0.026  pg -0.0002  v 0.012  ev +0.81  adv_std 0.157  tR -0.33  ent[s/d/p/e] 2.01/2.40/1.26/0.62  emits 0.90  spf 50.7  z0 0.57  garr 52.6  tG 425  e2 0.20  nF 8.2  pS 0.37  ptS 0.36  fLog 0.57  pdΔ -0.1301  pkR 3.84  clip 0.12  kl +0.007
upd  137  steps  282624  sps 1179  opp symm  loss -0.062  pg -0.0361  v 0.010  ev +0.84  adv_std 0.137  tR +0.14  ent[s/d/p/e] 1.94/2.36/1.27/0.60  emits 0.94  spf 44.7  z0 0.58  garr 42.1  tG 322  e2 0.22  nF 9.1  pS 0.34  ptS 0.33  fLog 0.56  pdΔ -0.1592  pkR 4.65  clip 0.09  kl +0.002
upd  138  steps  284672  sps 1184  opp symm  loss +0.024  pg +0.0516  v 0.006  ev +0.89  adv_std 0.112  tR -1.00  ent[s/d/p/e] 1.87/2.36/1.32/0.60  emits 0.80  spf 39.2  z0 0.60  garr 41.5  tG 286  e2 0.18  nF 8.9  pS 0.32  ptS 0.31  fLog 0.54  pdΔ -0.1801  pkR 3.83  clip 0.18  kl +0.004
upd  139  steps  286720  sps 1190  opp symm  loss -0.035  pg -0.0070  v 0.006  ev +0.90  adv_std 0.108  tR +1.00  ent[s/d/p/e] 1.90/2.42/1.29/0.61  emits 0.75  spf 42.7  z0 0.62  garr 47.8  tG 326  e2 0.16  nF 8.3  pS 0.33  ptS 0.31  fLog 0.56  pdΔ -0.1672  pkR 4.54  clip 0.11  kl +0.003
upd  140  steps  288768  sps 1195  opp symm  loss -0.026  pg +0.0014  v 0.007  ev +0.88  adv_std 0.118  tR +0.00  ent[s/d/p/e] 1.79/2.40/1.32/0.59  emits 0.64  spf 46.2  z0 0.65  garr 49.5  tG 356  e2 0.14  nF 6.1  pS 0.32  ptS 0.30  fLog 0.57  pdΔ -0.1824  pkR 8.30  clip 0.13  kl +0.002
upd  141  steps  290816  sps 1200  opp symm  loss +0.013  pg +0.0395  v 0.008  ev +0.88  adv_std 0.124  tR -0.43  ent[s/d/p/e] 1.74/2.34/1.31/0.60  emits 0.75  spf 42.0  z0 0.61  garr 42.1  tG 278  e2 0.17  nF 6.9  pS 0.29  ptS 0.28  fLog 0.55  pdΔ -0.2072  pkR 5.91  clip 0.05  kl +0.002
upd  142  steps  292864  sps 1205  opp symm  loss -0.025  pg +0.0029  v 0.005  ev +0.92  adv_std 0.104  tR -1.00  ent[s/d/p/e] 1.78/2.39/1.32/0.59  emits 0.75  spf 41.4  z0 0.62  garr 42.0  tG 285  e2 0.17  nF 7.7  pS 0.31  ptS 0.29  fLog 0.55  pdΔ -0.1916  pkR 6.39  clip 0.08  kl +0.004
upd  143  steps  294912  sps 1211  opp symm  loss -0.053  pg -0.0261  v 0.008  ev +0.86  adv_std 0.126  tR +0.50  ent[s/d/p/e] 1.86/2.41/1.30/0.58  emits 0.75  spf 38.9  z0 0.62  garr 42.4  tG 329  e2 0.16  nF 8.2  pS 0.33  ptS 0.31  fLog 0.55  pdΔ -0.1744  pkR 11.65  clip 0.11  kl +0.002
upd  144  steps  296960  sps 1216  opp symm  loss -0.043  pg -0.0152  v 0.005  ev +0.90  adv_std 0.102  tR +1.00  ent[s/d/p/e] 1.80/2.36/1.31/0.57  emits 0.68  spf 43.0  z0 0.64  garr 39.5  tG 276  e2 0.15  nF 7.0  pS 0.29  ptS 0.28  fLog 0.56  pdΔ -0.2086  pkR 10.39  clip 0.07  kl -0.000
upd  145  steps  299008  sps 1221  opp symm  loss -0.070  pg -0.0428  v 0.005  ev +0.91  adv_std 0.102  tR +0.14  ent[s/d/p/e] 1.79/2.36/1.27/0.56  emits 0.67  spf 43.8  z0 0.65  garr 39.5  tG 265  e2 0.14  nF 6.6  pS 0.28  ptS 0.28  fLog 0.56  pdΔ -0.2228  pkR 4.27  clip 0.11  kl +0.007
upd  146  steps  301056  sps 1226  opp symm  loss -0.077  pg -0.0520  v 0.008  ev +0.85  adv_std 0.126  tR +0.20  ent[s/d/p/e] 1.70/2.29/1.29/0.55  emits 0.53  spf 47.5  z0 0.69  garr 43.1  tG 304  e2 0.11  nF 5.5  pS 0.27  ptS 0.27  fLog 0.58  pdΔ -0.2282  pkR 8.42  clip 0.08  kl -0.001
upd  147  steps  303104  sps 1231  opp symm  loss -0.036  pg -0.0105  v 0.006  ev +0.87  adv_std 0.111  tR +0.00  ent[s/d/p/e] 1.72/2.31/1.31/0.52  emits 0.47  spf 52.7  z0 0.71  garr 51.9  tG 339  e2 0.10  nF 4.7  pS 0.27  ptS 0.26  fLog 0.59  pdΔ -0.2289  pkR 6.25  clip 0.23  kl +0.006
upd  148  steps  305152  sps 1236  opp symm  loss -0.011  pg +0.0168  v 0.005  ev +0.93  adv_std 0.097  tR -1.00  ent[s/d/p/e] 1.81/2.36/1.28/0.57  emits 0.57  spf 51.9  z0 0.67  garr 49.8  tG 339  e2 0.12  nF 5.2  pS 0.28  ptS 0.28  fLog 0.59  pdΔ -0.2170  pkR 4.02  clip 0.12  kl +0.002
upd  149  steps  307200  sps 1241  opp symm  loss +0.007  pg +0.0347  v 0.003  ev +0.97  adv_std 0.072  tR +0.33  ent[s/d/p/e] 1.82/2.35/1.27/0.53  emits 0.48  spf 52.8  z0 0.70  garr 55.1  tG 388  e2 0.10  nF 4.9  pS 0.29  ptS 0.29  fLog 0.58  pdΔ -0.2083  pkR 4.12  clip 0.17  kl +0.003
upd  150  steps  309248  sps 1246  opp symm  loss +0.008  pg +0.0363  v 0.004  ev +0.96  adv_std 0.088  tR +1.00  ent[s/d/p/e] 1.86/2.43/1.26/0.58  emits 0.58  spf 53.5  z0 0.69  garr 57.8  tG 394  e2 0.12  nF 5.7  pS 0.30  ptS 0.30  fLog 0.58  pdΔ -0.1968  pkR 4.34  clip 0.06  kl +0.002
upd  151  steps  311296  sps 1251  opp symm  loss +0.021  pg +0.0493  v 0.004  ev +0.95  adv_std 0.089  tR +0.20  ent[s/d/p/e] 1.82/2.42/1.32/0.57  emits 0.53  spf 59.3  z0 0.69  garr 61.4  tG 443  e2 0.11  nF 5.7  pS 0.32  ptS 0.31  fLog 0.60  pdΔ -0.1785  pkR 4.45  clip 0.12  kl +0.003
upd  152  steps  313344  sps 1256  opp symm  loss -0.040  pg -0.0123  v 0.005  ev +0.93  adv_std 0.097  tR -0.50  ent[s/d/p/e] 1.75/2.35/1.29/0.58  emits 0.61  spf 57.7  z0 0.65  garr 57.0  tG 405  e2 0.13  nF 5.4  pS 0.31  ptS 0.29  fLog 0.59  pdΔ -0.1943  pkR 4.40  clip 0.08  kl +0.002
upd  153  steps  315392  sps 1261  opp symm  loss -0.010  pg +0.0177  v 0.006  ev +0.92  adv_std 0.104  tR -0.60  ent[s/d/p/e] 1.79/2.35/1.29/0.60  emits 0.66  spf 53.3  z0 0.63  garr 55.0  tG 393  e2 0.14  nF 6.3  pS 0.32  ptS 0.30  fLog 0.58  pdΔ -0.1845  pkR 4.08  clip 0.11  kl +0.004
upd  154  steps  317440  sps 1266  opp symm  loss -0.002  pg +0.0268  v 0.004  ev +0.94  adv_std 0.084  tR -1.00  ent[s/d/p/e] 1.80/2.38/1.31/0.59  emits 0.53  spf 57.3  z0 0.69  garr 60.0  tG 437  e2 0.12  nF 5.6  pS 0.33  ptS 0.31  fLog 0.60  pdΔ -0.1732  pkR 3.26  clip 0.09  kl +0.003
upd  155  steps  319488  sps 1271  opp symm  loss -0.005  pg +0.0215  v 0.007  ev +0.89  adv_std 0.118  tR -0.14  ent[s/d/p/e] 1.86/2.43/1.33/0.53  emits 0.45  spf 59.3  z0 0.72  garr 67.0  tG 492  e2 0.09  nF 4.9  pS 0.32  ptS 0.31  fLog 0.60  pdΔ -0.1792  pkR 3.72  clip 0.20  kl +0.006
upd  156  steps  321536  sps 1276  opp symm  loss -0.021  pg +0.0076  v 0.004  ev +0.94  adv_std 0.089  tR +0.00  ent[s/d/p/e] 1.76/2.34/1.41/0.57  emits 0.44  spf 71.1  z0 0.72  garr 71.8  tG 538  e2 0.09  nF 3.9  pS 0.31  ptS 0.30  fLog 0.62  pdΔ -0.1853  pkR 4.31  clip 0.10  kl +0.004
upd  157  steps  323584  sps 1281  opp symm  loss -0.048  pg -0.0212  v 0.006  ev +0.88  adv_std 0.113  tR -0.14  ent[s/d/p/e] 1.70/2.30/1.43/0.54  emits 0.43  spf 65.5  z0 0.72  garr 69.0  tG 497  e2 0.09  nF 3.9  pS 0.30  ptS 0.28  fLog 0.61  pdΔ -0.2048  pkR 5.50  clip 0.05  kl -0.000
upd  158  steps  325632  sps 1285  opp symm  loss -0.027  pg +0.0001  v 0.007  ev +0.88  adv_std 0.119  tR +1.00  ent[s/d/p/e] 1.75/2.32/1.36/0.57  emits 0.49  spf 65.8  z0 0.70  garr 67.2  tG 488  e2 0.10  nF 4.4  pS 0.30  ptS 0.29  fLog 0.61  pdΔ -0.1990  pkR 5.94  clip 0.06  kl +0.000
upd  159  steps  327680  sps 1290  opp symm  loss -0.062  pg -0.0377  v 0.011  ev +0.88  adv_std 0.147  tR -0.25  ent[s/d/p/e] 1.77/2.35/1.34/0.54  emits 0.45  spf 63.7  z0 0.71  garr 63.6  tG 471  e2 0.09  nF 4.5  pS 0.30  ptS 0.29  fLog 0.61  pdΔ -0.2009  pkR 5.47  clip 0.05  kl +0.000
upd  160  steps  329728  sps 1295  opp symm  loss -0.072  pg -0.0441  v 0.005  ev +0.94  adv_std 0.099  tR +0.00  ent[s/d/p/e] 1.90/2.43/1.33/0.54  emits 0.45  spf 62.1  z0 0.73  garr 69.9  tG 523  e2 0.09  nF 4.6  pS 0.31  ptS 0.30  fLog 0.61  pdΔ -0.1857  pkR 6.52  clip 0.05  kl +0.001
upd  161  steps  331776  sps 1300  opp symm  loss -0.030  pg -0.0020  v 0.005  ev +0.94  adv_std 0.097  tR +0.50  ent[s/d/p/e] 1.95/2.43/1.34/0.53  emits 0.51  spf 56.9  z0 0.73  garr 75.2  tG 539  e2 0.10  nF 5.3  pS 0.31  ptS 0.30  fLog 0.59  pdΔ -0.1923  pkR 8.04  clip 0.07  kl +0.004
upd  162  steps  333824  sps 1304  opp symm  loss -0.017  pg +0.0108  v 0.005  ev +0.94  adv_std 0.097  tR -0.60  ent[s/d/p/e] 1.85/2.42/1.38/0.52  emits 0.45  spf 57.8  z0 0.74  garr 72.2  tG 507  e2 0.09  nF 5.0  pS 0.31  ptS 0.29  fLog 0.60  pdΔ -0.1939  pkR 7.40  clip 0.08  kl +0.003
upd  163  steps  335872  sps 1309  opp symm  loss -0.038  pg -0.0093  v 0.004  ev +0.96  adv_std 0.085  tR +0.33  ent[s/d/p/e] 1.85/2.41/1.36/0.56  emits 0.49  spf 60.2  z0 0.71  garr 72.3  tG 535  e2 0.11  nF 5.3  pS 0.33  ptS 0.31  fLog 0.61  pdΔ -0.1722  pkR 4.47  clip 0.06  kl +0.003
upd  164  steps  337920  sps 1314  opp symm  loss -0.056  pg -0.0270  v 0.004  ev +0.96  adv_std 0.089  tR +1.00  ent[s/d/p/e] 1.80/2.41/1.45/0.57  emits 0.44  spf 66.9  z0 0.72  garr 73.4  tG 540  e2 0.09  nF 4.5  pS 0.32  ptS 0.31  fLog 0.62  pdΔ -0.1767  pkR 4.78  clip 0.10  kl +0.004
upd  165  steps  339968  sps 1318  opp symm  loss -0.012  pg +0.0175  v 0.004  ev +0.96  adv_std 0.090  tR -0.60  ent[s/d/p/e] 1.87/2.44/1.43/0.55  emits 0.41  spf 64.4  z0 0.74  garr 71.9  tG 547  e2 0.09  nF 4.2  pS 0.33  ptS 0.32  fLog 0.62  pdΔ -0.1692  pkR 4.07  clip 0.07  kl -0.000
upd  166  steps  342016  sps 1323  opp symm  loss -0.039  pg -0.0123  v 0.008  ev +0.92  adv_std 0.124  tR -0.20  ent[s/d/p/e] 1.84/2.38/1.43/0.56  emits 0.47  spf 62.2  z0 0.70  garr 73.1  tG 578  e2 0.10  nF 4.5  pS 0.34  ptS 0.33  fLog 0.62  pdΔ -0.1615  pkR 4.48  clip 0.09  kl +0.003
upd  167  steps  344064  sps 1328  opp symm  loss -0.037  pg -0.0092  v 0.006  ev +0.93  adv_std 0.115  tR +0.20  ent[s/d/p/e] 1.87/2.37/1.38/0.57  emits 0.53  spf 58.9  z0 0.69  garr 68.5  tG 534  e2 0.11  nF 5.2  pS 0.34  ptS 0.33  fLog 0.60  pdΔ -0.1591  pkR 4.43  clip 0.12  kl +0.001
upd  168  steps  346112  sps 1332  opp symm  loss -0.030  pg -0.0043  v 0.009  ev +0.92  adv_std 0.134  tR +0.25  ent[s/d/p/e] 1.95/2.40/1.34/0.52  emits 0.49  spf 53.4  z0 0.73  garr 67.7  tG 506  e2 0.10  nF 5.5  pS 0.34  ptS 0.32  fLog 0.59  pdΔ -0.1615  pkR 4.00  clip 0.10  kl +0.005
upd  169  steps  348160  sps 1337  opp symm  loss -0.094  pg -0.0674  v 0.007  ev +0.93  adv_std 0.122  tR -0.67  ent[s/d/p/e] 1.89/2.34/1.34/0.52  emits 0.41  spf 54.4  z0 0.75  garr 74.6  tG 566  e2 0.09  nF 4.6  pS 0.32  ptS 0.31  fLog 0.59  pdΔ -0.1774  pkR 4.34  clip 0.13  kl +0.003
upd  170  steps  350208  sps 1341  opp symm  loss -0.030  pg -0.0038  v 0.007  ev +0.94  adv_std 0.116  tR +0.00  ent[s/d/p/e] 1.87/2.33/1.34/0.53  emits 0.46  spf 63.9  z0 0.71  garr 76.6  tG 570  e2 0.10  nF 4.5  pS 0.33  ptS 0.32  fLog 0.61  pdΔ -0.1726  pkR 4.21  clip 0.08  kl +0.001
upd  171  steps  352256  sps 1346  opp symm  loss -0.039  pg -0.0112  v 0.007  ev +0.93  adv_std 0.121  tR -0.20  ent[s/d/p/e] 1.97/2.44/1.35/0.56  emits 0.47  spf 58.9  z0 0.73  garr 77.8  tG 570  e2 0.10  nF 4.1  pS 0.33  ptS 0.32  fLog 0.61  pdΔ -0.1678  pkR 3.91  clip 0.13  kl +0.005
upd  172  steps  354304  sps 1350  opp symm  loss -0.037  pg -0.0084  v 0.004  ev +0.96  adv_std 0.088  tR +0.00  ent[s/d/p/e] 1.88/2.42/1.34/0.56  emits 0.51  spf 60.9  z0 0.70  garr 79.6  tG 550  e2 0.10  nF 4.8  pS 0.32  ptS 0.31  fLog 0.61  pdΔ -0.1781  pkR 4.38  clip 0.06  kl +0.002
upd  173  steps  356352  sps 1355  opp symm  loss -0.036  pg -0.0064  v 0.004  ev +0.97  adv_std 0.086  tR +1.00  ent[s/d/p/e] 1.89/2.41/1.36/0.59  emits 0.58  spf 61.9  z0 0.67  garr 74.9  tG 549  e2 0.12  nF 5.7  pS 0.34  ptS 0.33  fLog 0.62  pdΔ -0.1564  pkR 4.79  clip 0.10  kl +0.003
upd  174  steps  358400  sps 1359  opp symm  loss +0.007  pg +0.0339  v 0.008  ev +0.93  adv_std 0.127  tR +0.33  ent[s/d/p/e] 1.92/2.41/1.33/0.58  emits 0.46  spf 63.5  z0 0.72  garr 79.3  tG 603  e2 0.10  nF 5.2  pS 0.36  ptS 0.35  fLog 0.62  pdΔ -0.1423  pkR 3.75  clip 0.06  kl +0.003
upd  175  steps  360448  sps 1364  opp symm  loss -0.016  pg +0.0096  v 0.010  ev +0.90  adv_std 0.141  tR +0.43  ent[s/d/p/e] 1.98/2.46/1.39/0.52  emits 0.42  spf 73.1  z0 0.73  garr 90.0  tG 693  e2 0.08  nF 4.1  pS 0.35  ptS 0.35  fLog 0.64  pdΔ -0.1492  pkR 3.72  clip 0.08  kl +0.003
upd  176  steps  362496  sps 1368  opp symm  loss -0.019  pg +0.0076  v 0.009  ev +0.91  adv_std 0.130  tR +0.00  ent[s/d/p/e] 1.83/2.33/1.41/0.55  emits 0.48  spf 66.4  z0 0.72  garr 88.8  tG 672  e2 0.10  nF 4.5  pS 0.33  ptS 0.33  fLog 0.62  pdΔ -0.1693  pkR 3.93  clip 0.17  kl +0.008
upd  177  steps  364544  sps 1372  opp symm  loss -0.017  pg +0.0076  v 0.010  ev +0.88  adv_std 0.144  tR -0.33  ent[s/d/p/e] 1.92/2.36/1.38/0.51  emits 0.44  spf 65.6  z0 0.74  garr 95.5  tG 684  e2 0.09  nF 4.6  pS 0.33  ptS 0.32  fLog 0.62  pdΔ -0.1714  pkR 4.15  clip 0.11  kl +0.005
upd  178  steps  366592  sps 1377  opp symm  loss -0.041  pg -0.0130  v 0.005  ev +0.95  adv_std 0.096  tR +1.00  ent[s/d/p/e] 1.97/2.38/1.30/0.55  emits 0.59  spf 62.3  z0 0.69  garr 96.8  tG 689  e2 0.13  nF 5.3  pS 0.34  ptS 0.33  fLog 0.61  pdΔ -0.1570  pkR 4.97  clip 0.09  kl +0.002
upd  179  steps  368640  sps 1381  opp symm  loss -0.018  pg +0.0098  v 0.005  ev +0.96  adv_std 0.101  tR -0.33  ent[s/d/p/e] 2.03/2.41/1.29/0.53  emits 0.58  spf 60.8  z0 0.70  garr 96.7  tG 713  e2 0.12  nF 6.5  pS 0.36  ptS 0.35  fLog 0.61  pdΔ -0.1368  pkR 5.39  clip 0.08  kl +0.002
upd  180  steps  370688  sps 1385  opp symm  loss -0.026  pg +0.0013  v 0.006  ev +0.96  adv_std 0.106  tR +0.00  ent[s/d/p/e] 2.07/2.43/1.24/0.55  emits 0.63  spf 62.4  z0 0.70  garr 100.3  tG 754  e2 0.13  nF 6.5  pS 0.37  ptS 0.36  fLog 0.60  pdΔ -0.1328  pkR 5.51  clip 0.09  kl +0.004
upd  181  steps  372736  sps 1390  opp symm  loss -0.041  pg -0.0126  v 0.004  ev +0.97  adv_std 0.089  tR -0.14  ent[s/d/p/e] 2.03/2.44/1.33/0.53  emits 0.46  spf 66.7  z0 0.74  garr 109.6  tG 805  e2 0.09  nF 5.6  pS 0.36  ptS 0.35  fLog 0.62  pdΔ -0.1443  pkR 5.90  clip 0.04  kl +0.002
upd  182  steps  374784  sps 1394  opp symm  loss -0.028  pg -0.0010  v 0.006  ev +0.95  adv_std 0.107  tR +0.50  ent[s/d/p/e] 1.94/2.42/1.38/0.51  emits 0.42  spf 78.5  z0 0.75  garr 110.2  tG 847  e2 0.08  nF 4.6  pS 0.34  ptS 0.33  fLog 0.65  pdΔ -0.1603  pkR 6.35  clip 0.04  kl +0.001
upd  183  steps  376832  sps 1398  opp symm  loss -0.016  pg +0.0112  v 0.004  ev +0.97  adv_std 0.088  tR -1.00  ent[s/d/p/e] 1.87/2.36/1.30/0.52  emits 0.45  spf 77.5  z0 0.74  garr 104.8  tG 820  e2 0.08  nF 4.6  pS 0.33  ptS 0.32  fLog 0.63  pdΔ -0.1703  pkR 7.63  clip 0.08  kl +0.004
upd  184  steps  378880  sps 1402  opp symm  loss +0.004  pg +0.0282  v 0.009  ev +0.93  adv_std 0.134  tR +0.14  ent[s/d/p/e] 1.72/2.31/1.37/0.51  emits 0.39  spf 75.3  z0 0.74  garr 91.9  tG 751  e2 0.07  nF 4.0  pS 0.32  ptS 0.31  fLog 0.63  pdΔ -0.1778  pkR 7.62  clip 0.03  kl +0.002
upd  185  steps  380928  sps 1407  opp symm  loss -0.020  pg +0.0054  v 0.007  ev +0.94  adv_std 0.112  tR +0.00  ent[s/d/p/e] 1.60/2.23/1.41/0.51  emits 0.36  spf 63.3  z0 0.75  garr 86.0  tG 657  e2 0.07  nF 4.0  pS 0.30  ptS 0.28  fLog 0.60  pdΔ -0.2047  pkR 8.62  clip 0.06  kl +0.002