
=== [2026-06-11T04:27:34Z] v14e_binary_v1_a_p0i6_ent_coef_emit_0.025_0268cbc752 phase=a kind=probe chunk=300 env={"ORBITWARS_SHAPING_ANTI_HOARD": 0.03, "ORBITWARS_SHAPING_CAPTURE": 0.06, "ORBITWARS_SHAPING_RELEASE": 0.003, "ORBITWARS_SHAPING_RELEASE_K": 14.0, "ORBITWARS_SHAPING_PROD_SHARE_DELTA": 0.01, "ORBITWARS_SHAPING_ONE_SHIP_PENALTY": 0.01} ppo={"ent_coef_emit": 0.025, "lr_peak": 4.5e-05} ===
[reward] kaggle-aligned: terminal +1 win/+1 tie>0/-1 loss/-1 double-wipeout; is_terminal at step >= episode_steps-2; SHAPING_SCALE=0.0; v1: KEEP_HOME=0.0 FLEET_SIZE=0.0/norm20.0; v2 (expert-replay calibrated): PROD_SHARE=0.0 PLANET_SHARE=0.0 FLEET_LOG=0.0/ref500.0/floor0.3; v3 (top10-2630ep calibrated): PROD_SHARE_DELTA=0.01 EMIT_LOG=0.0 EMIT_GATED=0.0 RELEASE=0.003/K14.0 CAPTURE=0.06; ANTI_HOARD=0.03/thresh0.6; episode_steps=500 (kaggle=500, mismatch=False)
[symmetric] Frog Parade style: same params drive BOTH players, no frozen/strong/buffer opponents, zero_sum_value=True
upd    0  steps    2048  sps 38  opp symm  loss -0.073  pg -0.0564  v 0.002  ev +0.13  adv_std 0.058  tR +0.00  ent[s/d/p/e] 0.36/1.23/1.18/0.24  emits 0.38  spf 13.0  z0 0.72  garr 13.8  tG 17  e2 0.07  nF 2.6  pS 0.07  ptS 0.06  fLog 0.40  pdΔ -0.4338  pkR 6.17  clip 0.02  kl +0.001
upd    1  steps    4096  sps 74  opp symm  loss +0.034  pg +0.0541  v 0.002  ev +0.43  adv_std 0.064  tR +0.00  ent[s/d/p/e] 0.76/1.18/1.07/0.36  emits 1.28  spf 10.9  z0 0.46  garr 11.8  tG 29  e2 0.33  nF 11.8  pS 0.12  ptS 0.11  fLog 0.35  pdΔ -0.3775  pkR 7.39  clip 0.19  kl +0.007
upd    2  steps    6144  sps 110  opp symm  loss +0.034  pg +0.0566  v 0.002  ev +0.42  adv_std 0.063  tR +0.00  ent[s/d/p/e] 1.05/1.46/0.99/0.42  emits 1.87  spf 11.0  z0 0.35  garr 11.3  tG 44  e2 0.44  nF 24.4  pS 0.18  ptS 0.17  fLog 0.35  pdΔ -0.3206  pkR 8.73  clip 0.18  kl +0.003
upd    3  steps    8192  sps 146  opp symm  loss -0.035  pg -0.0118  v 0.006  ev +0.27  adv_std 0.100  tR +0.00  ent[s/d/p/e] 1.37/1.76/0.97/0.45  emits 2.24  spf 11.7  z0 0.32  garr 12.4  tG 70  e2 0.49  nF 32.6  pS 0.25  ptS 0.23  fLog 0.36  pdΔ -0.2540  pkR 6.29  clip 0.29  kl +0.005
upd    4  steps   10240  sps 180  opp symm  loss +0.017  pg +0.0414  v 0.006  ev +0.29  adv_std 0.100  tR +1.00  ent[s/d/p/e] 1.54/1.90/0.97/0.44  emits 2.62  spf 13.4  z0 0.28  garr 14.1  tG 113  e2 0.55  nF 38.4  pS 0.30  ptS 0.28  fLog 0.37  pdΔ -0.1959  pkR 8.67  clip 0.27  kl +0.005
upd    5  steps   12288  sps 213  opp symm  loss +0.014  pg +0.0387  v 0.007  ev +0.35  adv_std 0.113  tR +1.00  ent[s/d/p/e] 1.70/2.02/0.97/0.46  emits 2.32  spf 16.3  z0 0.33  garr 17.1  tG 160  e2 0.49  nF 37.3  pS 0.34  ptS 0.32  fLog 0.39  pdΔ -0.1637  pkR 9.47  clip 0.36  kl +0.012
upd    6  steps   14336  sps 246  opp symm  loss +0.029  pg +0.0553  v 0.007  ev +0.46  adv_std 0.108  tR +1.00  ent[s/d/p/e] 1.73/2.06/0.98/0.48  emits 2.28  spf 17.3  z0 0.36  garr 18.8  tG 209  e2 0.49  nF 34.7  pS 0.37  ptS 0.35  fLog 0.39  pdΔ -0.1339  pkR 10.31  clip 0.36  kl +0.017
upd    7  steps   16384  sps 278  opp symm  loss -0.062  pg -0.0390  v 0.014  ev +0.37  adv_std 0.170  tR +0.67  ent[s/d/p/e] 1.83/2.14/0.97/0.48  emits 2.03  spf 18.7  z0 0.40  garr 22.6  tG 275  e2 0.43  nF 31.2  pS 0.37  ptS 0.35  fLog 0.40  pdΔ -0.1307  pkR 15.44  clip 0.28  kl +0.006
upd    8  steps   18432  sps 310  opp symm  loss -0.089  pg -0.0637  v 0.010  ev +0.52  adv_std 0.131  tR -0.20  ent[s/d/p/e] 1.83/2.16/1.02/0.49  emits 1.93  spf 18.1  z0 0.40  garr 22.8  tG 276  e2 0.42  nF 29.4  pS 0.37  ptS 0.35  fLog 0.40  pdΔ -0.1334  pkR 20.18  clip 0.29  kl +0.011
upd    9  steps   20480  sps 340  opp symm  loss +0.022  pg +0.0485  v 0.007  ev +0.66  adv_std 0.112  tR +1.00  ent[s/d/p/e] 1.88/2.20/1.04/0.47  emits 2.02  spf 19.0  z0 0.40  garr 20.0  tG 204  e2 0.41  nF 29.0  pS 0.36  ptS 0.34  fLog 0.41  pdΔ -0.1446  pkR 17.06  clip 0.29  kl +0.008
upd   10  steps   22528  sps 370  opp symm  loss -0.064  pg -0.0370  v 0.008  ev +0.71  adv_std 0.118  tR +0.20  ent[s/d/p/e] 1.90/2.21/1.04/0.51  emits 1.79  spf 20.5  z0 0.42  garr 18.9  tG 186  e2 0.38  nF 27.7  pS 0.35  ptS 0.33  fLog 0.42  pdΔ -0.1544  pkR 5.23  clip 0.28  kl +0.013
upd   11  steps   24576  sps 400  opp symm  loss -0.099  pg -0.0708  v 0.007  ev +0.81  adv_std 0.094  tR -1.00  ent[s/d/p/e] 1.94/2.21/1.05/0.51  emits 1.97  spf 20.1  z0 0.38  garr 19.5  tG 214  e2 0.41  nF 29.0  pS 0.37  ptS 0.36  fLog 0.41  pdΔ -0.1283  pkR 6.66  clip 0.29  kl +0.006
upd   12  steps   26624  sps 429  opp symm  loss -0.122  pg -0.0950  v 0.007  ev +0.78  adv_std 0.106  tR -0.33  ent[s/d/p/e] 1.91/2.20/1.04/0.49  emits 1.75  spf 20.2  z0 0.45  garr 23.1  tG 284  e2 0.38  nF 27.3  pS 0.39  ptS 0.38  fLog 0.41  pdΔ -0.1107  pkR 11.42  clip 0.23  kl +0.003
upd   13  steps   28672  sps 457  opp symm  loss -0.169  pg -0.1428  v 0.010  ev +0.80  adv_std 0.129  tR -0.25  ent[s/d/p/e] 1.88/2.20/1.09/0.50  emits 1.66  spf 22.4  z0 0.45  garr 30.2  tG 409  e2 0.37  nF 24.2  pS 0.39  ptS 0.38  fLog 0.43  pdΔ -0.1150  pkR 11.11  clip 0.26  kl +0.007
upd   14  steps   30720  sps 484  opp symm  loss -0.013  pg +0.0153  v 0.006  ev +0.80  adv_std 0.107  tR +0.67  ent[s/d/p/e] 1.84/2.16/1.07/0.50  emits 1.73  spf 21.5  z0 0.43  garr 24.1  tG 265  e2 0.38  nF 23.1  pS 0.35  ptS 0.33  fLog 0.43  pdΔ -0.1546  pkR 16.95  clip 0.17  kl +0.007
upd   15  steps   32768  sps 511  opp symm  loss -0.042  pg -0.0447  v 0.067  ev -0.04  adv_std 0.382  tR +0.19  ent[s/d/p/e] 1.74/2.10/1.04/0.52  emits 1.37  spf 21.8  z0 0.48  garr 20.5  tG 157  e2 0.31  nF 18.8  pS 0.27  ptS 0.26  fLog 0.43  pdΔ -0.2254  pkR 10.47  clip 0.25  kl +0.004
upd   16  steps   34816  sps 538  opp symm  loss +0.038  pg +0.0653  v 0.002  ev +0.62  adv_std 0.061  tR +1.00  ent[s/d/p/e] 1.43/1.86/1.02/0.47  emits 1.25  spf 18.4  z0 0.50  garr 17.2  tG 97  e2 0.28  nF 16.9  pS 0.21  ptS 0.20  fLog 0.41  pdΔ -0.2916  pkR 9.13  clip 0.19  kl +0.009
upd   17  steps   36864  sps 564  opp symm  loss -0.019  pg +0.0085  v 0.003  ev +0.70  adv_std 0.082  tR -1.00  ent[s/d/p/e] 1.53/1.93/1.07/0.51  emits 1.39  spf 19.8  z0 0.47  garr 18.2  tG 118  e2 0.33  nF 19.4  pS 0.24  ptS 0.23  fLog 0.42  pdΔ -0.2597  pkR 7.11  clip 0.23  kl +0.007
upd   18  steps   38912  sps 590  opp symm  loss -0.007  pg +0.0215  v 0.002  ev +0.84  adv_std 0.065  tR +1.00  ent[s/d/p/e] 1.57/1.92/1.04/0.53  emits 1.42  spf 20.4  z0 0.44  garr 19.1  tG 145  e2 0.32  nF 20.4  pS 0.26  ptS 0.26  fLog 0.43  pdΔ -0.2354  pkR 7.81  clip 0.23  kl +0.004
upd   19  steps   40960  sps 615  opp symm  loss -0.017  pg +0.0124  v 0.002  ev +0.83  adv_std 0.063  tR +1.00  ent[s/d/p/e] 1.68/2.00/1.06/0.53  emits 1.47  spf 21.1  z0 0.43  garr 18.7  tG 168  e2 0.35  nF 20.4  pS 0.29  ptS 0.28  fLog 0.43  pdΔ -0.2097  pkR 8.84  clip 0.25  kl +0.008
upd   20  steps   43008  sps 639  opp symm  loss -0.095  pg -0.0660  v 0.003  ev +0.90  adv_std 0.070  tR -1.00  ent[s/d/p/e] 1.77/2.09/1.07/0.51  emits 1.66  spf 23.8  z0 0.43  garr 20.7  tG 203  e2 0.37  nF 21.7  pS 0.33  ptS 0.32  fLog 0.44  pdΔ -0.1742  pkR 8.05  clip 0.19  kl +0.005
upd   21  steps   45056  sps 663  opp symm  loss -0.019  pg +0.0106  v 0.003  ev +0.90  adv_std 0.069  tR +0.50  ent[s/d/p/e] 1.82/2.12/1.08/0.50  emits 1.59  spf 24.0  z0 0.43  garr 20.8  tG 218  e2 0.36  nF 21.6  pS 0.33  ptS 0.33  fLog 0.45  pdΔ -0.1654  pkR 6.70  clip 0.20  kl +0.006
upd   22  steps   47104  sps 687  opp symm  loss -0.045  pg -0.0168  v 0.004  ev +0.91  adv_std 0.087  tR +1.00  ent[s/d/p/e] 1.77/2.07/1.08/0.49  emits 1.46  spf 21.9  z0 0.49  garr 20.1  tG 219  e2 0.32  nF 19.9  pS 0.31  ptS 0.31  fLog 0.43  pdΔ -0.1913  pkR 13.08  clip 0.17  kl +0.001
upd   23  steps   49152  sps 710  opp symm  loss -0.058  pg -0.0286  v 0.003  ev +0.92  adv_std 0.072  tR -0.20  ent[s/d/p/e] 1.78/2.07/1.10/0.49  emits 1.52  spf 21.3  z0 0.47  garr 17.8  tG 158  e2 0.33  nF 20.0  pS 0.28  ptS 0.28  fLog 0.43  pdΔ -0.2151  pkR 7.60  clip 0.17  kl +0.001
upd   24  steps   51200  sps 733  opp symm  loss -0.059  pg -0.0338  v 0.008  ev +0.79  adv_std 0.123  tR -0.14  ent[s/d/p/e] 1.77/2.04/1.06/0.48  emits 1.60  spf 21.5  z0 0.44  garr 18.3  tG 171  e2 0.35  nF 20.7  pS 0.29  ptS 0.29  fLog 0.43  pdΔ -0.2067  pkR 8.71  clip 0.17  kl +0.003
upd   25  steps   53248  sps 755  opp symm  loss -0.044  pg -0.0175  v 0.006  ev +0.84  adv_std 0.111  tR +0.43  ent[s/d/p/e] 1.70/2.02/1.07/0.46  emits 1.48  spf 20.8  z0 0.47  garr 19.2  tG 188  e2 0.31  nF 18.9  pS 0.28  ptS 0.27  fLog 0.42  pdΔ -0.2232  pkR 15.96  clip 0.21  kl +0.007
upd   26  steps   55296  sps 777  opp symm  loss -0.033  pg -0.0073  v 0.004  ev +0.92  adv_std 0.087  tR +0.67  ent[s/d/p/e] 1.52/1.89/1.05/0.46  emits 1.47  spf 16.8  z0 0.46  garr 17.2  tG 158  e2 0.33  nF 19.1  pS 0.25  ptS 0.24  fLog 0.40  pdΔ -0.2526  pkR 24.38  clip 0.13  kl +0.003
upd   27  steps   57344  sps 798  opp symm  loss -0.056  pg -0.0295  v 0.004  ev +0.91  adv_std 0.082  tR -0.33  ent[s/d/p/e] 1.41/1.82/1.08/0.50  emits 1.39  spf 16.3  z0 0.47  garr 15.4  tG 121  e2 0.32  nF 18.8  pS 0.22  ptS 0.22  fLog 0.40  pdΔ -0.2794  pkR 27.98  clip 0.15  kl +0.004
upd   28  steps   59392  sps 819  opp symm  loss -0.082  pg -0.0557  v 0.006  ev +0.89  adv_std 0.111  tR +0.33  ent[s/d/p/e] 1.58/1.95/1.00/0.52  emits 1.46  spf 17.7  z0 0.49  garr 16.6  tG 146  e2 0.33  nF 20.0  pS 0.25  ptS 0.24  fLog 0.41  pdΔ -0.2510  pkR 29.01  clip 0.20  kl +0.006
upd   29  steps   61440  sps 840  opp symm  loss -0.041  pg -0.0170  v 0.011  ev +0.80  adv_std 0.151  tR +0.00  ent[s/d/p/e] 1.57/1.94/1.04/0.51  emits 1.40  spf 18.4  z0 0.47  garr 17.3  tG 130  e2 0.33  nF 19.8  pS 0.26  ptS 0.25  fLog 0.42  pdΔ -0.2373  pkR 16.36  clip 0.16  kl +0.004
upd   30  steps   63488  sps 861  opp symm  loss -0.035  pg -0.0057  v 0.003  ev +0.93  adv_std 0.078  tR +1.00  ent[s/d/p/e] 1.65/1.99/1.08/0.53  emits 1.30  spf 20.4  z0 0.49  garr 20.2  tG 169  e2 0.30  nF 17.0  pS 0.27  ptS 0.27  fLog 0.43  pdΔ -0.2272  pkR 20.62  clip 0.16  kl +0.004
upd   31  steps   65536  sps 881  opp symm  loss -0.017  pg +0.0097  v 0.007  ev +0.87  adv_std 0.114  tR -0.27  ent[s/d/p/e] 1.71/2.04/1.02/0.51  emits 1.40  spf 20.1  z0 0.48  garr 19.2  tG 155  e2 0.32  nF 16.0  pS 0.27  ptS 0.27  fLog 0.43  pdΔ -0.2285  pkR 14.94  clip 0.18  kl +0.007
upd   32  steps   67584  sps 900  opp symm  loss -0.015  pg +0.0151  v 0.002  ev +0.96  adv_std 0.062  tR +1.00  ent[s/d/p/e] 1.83/2.12/1.04/0.53  emits 1.34  spf 21.8  z0 0.49  garr 19.9  tG 171  e2 0.30  nF 16.6  pS 0.29  ptS 0.29  fLog 0.44  pdΔ -0.2102  pkR 20.32  clip 0.24  kl +0.005
upd   33  steps   69632  sps 920  opp symm  loss -0.051  pg -0.0215  v 0.005  ev +0.92  adv_std 0.097  tR +0.60  ent[s/d/p/e] 1.84/2.13/1.04/0.53  emits 1.49  spf 21.7  z0 0.45  garr 20.4  tG 175  e2 0.33  nF 17.3  pS 0.31  ptS 0.31  fLog 0.44  pdΔ -0.1855  pkR 8.71  clip 0.25  kl +0.008
upd   34  steps   71680  sps 939  opp symm  loss -0.015  pg +0.0139  v 0.003  ev +0.92  adv_std 0.079  tR +0.50  ent[s/d/p/e] 1.76/2.08/1.01/0.52  emits 1.40  spf 21.4  z0 0.48  garr 22.8  tG 216  e2 0.31  nF 17.1  pS 0.30  ptS 0.30  fLog 0.44  pdΔ -0.1964  pkR 13.07  clip 0.20  kl +0.008
upd   35  steps   73728  sps 957  opp symm  loss -0.023  pg +0.0068  v 0.004  ev +0.91  adv_std 0.081  tR -0.50  ent[s/d/p/e] 1.81/2.12/1.03/0.55  emits 1.46  spf 21.5  z0 0.46  garr 20.8  tG 165  e2 0.32  nF 18.4  pS 0.30  ptS 0.29  fLog 0.44  pdΔ -0.2042  pkR 11.00  clip 0.19  kl +0.006
upd   36  steps   75776  sps 976  opp symm  loss +0.014  pg +0.0438  v 0.005  ev +0.90  adv_std 0.095  tR +0.00  ent[s/d/p/e] 1.85/2.15/1.03/0.55  emits 1.49  spf 23.2  z0 0.46  garr 21.2  tG 185  e2 0.33  nF 19.8  pS 0.32  ptS 0.32  fLog 0.45  pdΔ -0.1816  pkR 8.84  clip 0.17  kl +0.001
upd   37  steps   77824  sps 994  opp symm  loss -0.030  pg +0.0001  v 0.004  ev +0.95  adv_std 0.084  tR +1.00  ent[s/d/p/e] 1.92/2.17/0.99/0.54  emits 1.41  spf 22.3  z0 0.49  garr 22.7  tG 223  e2 0.31  nF 18.3  pS 0.32  ptS 0.32  fLog 0.44  pdΔ -0.1829  pkR 15.25  clip 0.11  kl +0.001
upd   38  steps   79872  sps 1012  opp symm  loss -0.052  pg -0.0250  v 0.008  ev +0.88  adv_std 0.127  tR -0.75  ent[s/d/p/e] 1.87/2.16/1.02/0.53  emits 1.24  spf 23.3  z0 0.52  garr 22.3  tG 210  e2 0.29  nF 16.3  pS 0.29  ptS 0.29  fLog 0.45  pdΔ -0.2053  pkR 17.50  clip 0.15  kl +0.007
upd   39  steps   81920  sps 1029  opp symm  loss -0.035  pg -0.0066  v 0.007  ev +0.88  adv_std 0.112  tR +0.25  ent[s/d/p/e] 1.88/2.18/1.05/0.51  emits 1.28  spf 22.9  z0 0.53  garr 24.0  tG 239  e2 0.28  nF 14.7  pS 0.29  ptS 0.29  fLog 0.45  pdΔ -0.2142  pkR 26.20  clip 0.25  kl +0.010
upd   40  steps   83968  sps 1046  opp symm  loss -0.004  pg +0.0232  v 0.006  ev +0.89  adv_std 0.114  tR +0.14  ent[s/d/p/e] 1.76/2.09/1.00/0.52  emits 1.12  spf 22.3  z0 0.56  garr 21.9  tG 155  e2 0.25  nF 14.7  pS 0.25  ptS 0.25  fLog 0.44  pdΔ -0.2474  pkR 12.61  clip 0.13  kl +0.003
upd   41  steps   86016  sps 1063  opp symm  loss -0.040  pg -0.0113  v 0.005  ev +0.92  adv_std 0.099  tR -0.33  ent[s/d/p/e] 1.59/1.96/1.06/0.55  emits 0.98  spf 22.1  z0 0.56  garr 23.7  tG 181  e2 0.23  nF 13.3  pS 0.24  ptS 0.24  fLog 0.44  pdΔ -0.2582  pkR 19.10  clip 0.19  kl +0.004
upd   42  steps   88064  sps 1080  opp symm  loss -0.041  pg -0.0140  v 0.008  ev +0.86  adv_std 0.122  tR +0.45  ent[s/d/p/e] 1.58/1.95/0.99/0.55  emits 1.05  spf 23.0  z0 0.54  garr 22.3  tG 146  e2 0.23  nF 12.3  pS 0.23  ptS 0.22  fLog 0.44  pdΔ -0.2745  pkR 16.57  clip 0.17  kl +0.004
upd   43  steps   90112  sps 1096  opp symm  loss -0.033  pg -0.0035  v 0.004  ev +0.91  adv_std 0.092  tR +1.00  ent[s/d/p/e] 1.61/1.97/1.05/0.58  emits 1.02  spf 24.0  z0 0.54  garr 23.8  tG 155  e2 0.24  nF 12.5  pS 0.24  ptS 0.24  fLog 0.45  pdΔ -0.2589  pkR 10.48  clip 0.14  kl +0.003
upd   44  steps   92160  sps 1112  opp symm  loss -0.009  pg +0.0181  v 0.009  ev +0.89  adv_std 0.132  tR -0.20  ent[s/d/p/e] 1.67/1.98/1.02/0.57  emits 1.11  spf 24.2  z0 0.51  garr 23.8  tG 176  e2 0.27  nF 12.8  pS 0.25  ptS 0.26  fLog 0.45  pdΔ -0.2493  pkR 11.89  clip 0.18  kl +0.007
upd   45  steps   94208  sps 1128  opp symm  loss +0.017  pg +0.0446  v 0.008  ev +0.93  adv_std 0.127  tR +0.11  ent[s/d/p/e] 1.73/2.04/1.05/0.57  emits 1.09  spf 27.9  z0 0.54  garr 24.2  tG 184  e2 0.26  nF 12.8  pS 0.25  ptS 0.25  fLog 0.47  pdΔ -0.2545  pkR 11.37  clip 0.17  kl +0.007
upd   46  steps   96256  sps 1144  opp symm  loss -0.039  pg -0.0121  v 0.006  ev +0.93  adv_std 0.110  tR -0.43  ent[s/d/p/e] 1.63/1.99/0.99/0.54  emits 0.99  spf 25.3  z0 0.57  garr 23.9  tG 194  e2 0.23  nF 11.3  pS 0.23  ptS 0.24  fLog 0.45  pdΔ -0.2715  pkR 21.71  clip 0.13  kl +0.006
upd   47  steps   98304  sps 1159  opp symm  loss -0.060  pg -0.0325  v 0.008  ev +0.90  adv_std 0.122  tR -0.67  ent[s/d/p/e] 1.57/1.98/1.11/0.56  emits 0.80  spf 25.5  z0 0.60  garr 29.2  tG 268  e2 0.19  nF 10.9  pS 0.23  ptS 0.23  fLog 0.47  pdΔ -0.2670  pkR 24.74  clip 0.13  kl +0.006
upd   48  steps  100352  sps 1174  opp symm  loss -0.057  pg -0.0280  v 0.004  ev +0.94  adv_std 0.090  tR -0.50  ent[s/d/p/e] 1.54/1.95/1.10/0.58  emits 0.80  spf 28.7  z0 0.59  garr 30.5  tG 243  e2 0.19  nF 9.9  pS 0.23  ptS 0.23  fLog 0.47  pdΔ -0.2727  pkR 21.32  clip 0.12  kl +0.001
upd   49  steps  102400  sps 1189  opp symm  loss -0.050  pg -0.0197  v 0.005  ev +0.93  adv_std 0.103  tR -0.33  ent[s/d/p/e] 1.62/2.04/1.14/0.59  emits 0.80  spf 33.2  z0 0.60  garr 31.2  tG 229  e2 0.19  nF 9.1  pS 0.24  ptS 0.24  fLog 0.50  pdΔ -0.2621  pkR 9.19  clip 0.09  kl +0.003
upd   50  steps  104448  sps 1204  opp symm  loss +0.005  pg +0.0357  v 0.004  ev +0.95  adv_std 0.094  tR -0.33  ent[s/d/p/e] 1.72/2.11/1.12/0.59  emits 0.78  spf 35.1  z0 0.60  garr 33.5  tG 267  e2 0.18  nF 8.7  pS 0.26  ptS 0.26  fLog 0.50  pdΔ -0.2426  pkR 11.02  clip 0.08  kl +0.002
upd   51  steps  106496  sps 1218  opp symm  loss -0.040  pg -0.0087  v 0.004  ev +0.95  adv_std 0.090  tR -0.33  ent[s/d/p/e] 1.74/2.15/1.16/0.60  emits 0.80  spf 36.8  z0 0.59  garr 34.5  tG 279  e2 0.19  nF 8.8  pS 0.27  ptS 0.27  fLog 0.51  pdΔ -0.2307  pkR 7.39  clip 0.11  kl +0.000
upd   52  steps  108544  sps 1233  opp symm  loss -0.059  pg -0.0285  v 0.007  ev +0.93  adv_std 0.117  tR +0.33  ent[s/d/p/e] 1.82/2.20/1.17/0.58  emits 0.86  spf 38.8  z0 0.58  garr 36.0  tG 302  e2 0.20  nF 9.1  pS 0.28  ptS 0.28  fLog 0.52  pdΔ -0.2208  pkR 6.53  clip 0.13  kl +0.005
upd   53  steps  110592  sps 1247  opp symm  loss -0.037  pg -0.0057  v 0.005  ev +0.94  adv_std 0.099  tR -0.60  ent[s/d/p/e] 1.84/2.20/1.10/0.59  emits 0.78  spf 38.8  z0 0.58  garr 36.9  tG 327  e2 0.18  nF 9.2  pS 0.29  ptS 0.29  fLog 0.52  pdΔ -0.2133  pkR 8.74  clip 0.10  kl +0.001
upd   54  steps  112640  sps 1261  opp symm  loss -0.033  pg -0.0036  v 0.008  ev +0.90  adv_std 0.127  tR -0.33  ent[s/d/p/e] 1.85/2.22/1.14/0.58  emits 0.82  spf 41.6  z0 0.60  garr 39.8  tG 374  e2 0.19  nF 8.9  pS 0.30  ptS 0.30  fLog 0.53  pdΔ -0.2040  pkR 12.68  clip 0.15  kl +0.005
upd   55  steps  114688  sps 1274  opp symm  loss -0.074  pg -0.0432  v 0.003  ev +0.95  adv_std 0.081  tR +0.33  ent[s/d/p/e] 1.73/2.13/1.15/0.57  emits 0.68  spf 40.6  z0 0.63  garr 41.6  tG 371  e2 0.16  nF 7.9  pS 0.27  ptS 0.27  fLog 0.53  pdΔ -0.2252  pkR 15.99  clip 0.10  kl +0.001
upd   56  steps  116736  sps 1288  opp symm  loss -0.044  pg -0.0141  v 0.007  ev +0.87  adv_std 0.122  tR +0.43  ent[s/d/p/e] 1.62/2.09/1.26/0.58  emits 0.59  spf 43.3  z0 0.65  garr 40.2  tG 294  e2 0.13  nF 6.2  pS 0.24  ptS 0.24  fLog 0.53  pdΔ -0.2625  pkR 5.97  clip 0.15  kl +0.003
upd   57  steps  118784  sps 1301  opp symm  loss -0.042  pg -0.0125  v 0.006  ev +0.91  adv_std 0.108  tR -0.14  ent[s/d/p/e] 1.65/2.07/1.15/0.58  emits 0.66  spf 37.7  z0 0.65  garr 38.1  tG 266  e2 0.16  nF 6.7  pS 0.24  ptS 0.24  fLog 0.52  pdΔ -0.2624  pkR 5.51  clip 0.09  kl +0.004
upd   58  steps  120832  sps 1314  opp symm  loss -0.015  pg +0.0153  v 0.004  ev +0.92  adv_std 0.092  tR +0.00  ent[s/d/p/e] 1.55/2.03/1.20/0.58  emits 0.60  spf 38.2  z0 0.65  garr 36.2  tG 236  e2 0.14  nF 6.6  pS 0.23  ptS 0.23  fLog 0.52  pdΔ -0.2748  pkR 6.27  clip 0.10  kl +0.001
upd   59  steps  122880  sps 1327  opp symm  loss +0.030  pg +0.0600  v 0.005  ev +0.90  adv_std 0.104  tR +0.33  ent[s/d/p/e] 1.61/2.09/1.12/0.60  emits 0.65  spf 37.8  z0 0.62  garr 39.2  tG 282  e2 0.16  nF 6.9  pS 0.26  ptS 0.26  fLog 0.53  pdΔ -0.2436  pkR 5.92  clip 0.11  kl +0.004
upd   60  steps  124928  sps 1340  opp symm  loss -0.006  pg +0.0232  v 0.010  ev +0.86  adv_std 0.139  tR -0.33  ent[s/d/p/e] 1.75/2.22/1.20/0.60  emits 0.71  spf 42.6  z0 0.61  garr 42.2  tG 305  e2 0.17  nF 7.6  pS 0.28  ptS 0.27  fLog 0.54  pdΔ -0.2212  pkR 5.32  clip 0.20  kl +0.007
upd   61  steps  126976  sps 1353  opp symm  loss -0.023  pg +0.0100  v 0.004  ev +0.93  adv_std 0.088  tR -0.50  ent[s/d/p/e] 1.86/2.28/1.16/0.61  emits 0.80  spf 41.8  z0 0.58  garr 43.0  tG 328  e2 0.18  nF 8.2  pS 0.31  ptS 0.30  fLog 0.54  pdΔ -0.1859  pkR 4.32  clip 0.16  kl +0.006
upd   62  steps  129024  sps 1365  opp symm  loss -0.052  pg -0.0199  v 0.007  ev +0.90  adv_std 0.115  tR +0.33  ent[s/d/p/e] 1.93/2.37/1.19/0.60  emits 0.70  spf 47.1  z0 0.63  garr 52.3  tG 420  e2 0.16  nF 7.4  pS 0.33  ptS 0.31  fLog 0.56  pdΔ -0.1747  pkR 5.34  clip 0.14  kl +0.003
upd   63  steps  131072  sps 1377  opp symm  loss -0.028  pg +0.0042  v 0.007  ev +0.91  adv_std 0.115  tR -0.50  ent[s/d/p/e] 1.94/2.34/1.19/0.62  emits 0.77  spf 47.3  z0 0.60  garr 53.1  tG 413  e2 0.17  nF 7.7  pS 0.32  ptS 0.31  fLog 0.55  pdΔ -0.1797  pkR 6.35  clip 0.16  kl +0.008
upd   64  steps  133120  sps 1389  opp symm  loss -0.034  pg -0.0017  v 0.005  ev +0.94  adv_std 0.095  tR +0.60  ent[s/d/p/e] 1.88/2.31/1.23/0.61  emits 0.75  spf 45.2  z0 0.62  garr 52.7  tG 423  e2 0.18  nF 8.5  pS 0.32  ptS 0.31  fLog 0.55  pdΔ -0.1805  pkR 5.78  clip 0.13  kl +0.001
upd   65  steps  135168  sps 1401  opp symm  loss -0.080  pg -0.0462  v 0.003  ev +0.96  adv_std 0.071  tR +0.33  ent[s/d/p/e] 1.84/2.29/1.19/0.60  emits 0.65  spf 47.7  z0 0.64  garr 56.8  tG 448  e2 0.15  nF 7.8  pS 0.31  ptS 0.30  fLog 0.55  pdΔ -0.1908  pkR 7.05  clip 0.13  kl +0.004
upd   66  steps  137216  sps 1413  opp symm  loss -0.004  pg +0.0270  v 0.007  ev +0.89  adv_std 0.119  tR +0.20  ent[s/d/p/e] 1.91/2.34/1.21/0.59  emits 0.62  spf 51.1  z0 0.66  garr 55.1  tG 419  e2 0.14  nF 7.3  pS 0.31  ptS 0.30  fLog 0.56  pdΔ -0.1874  pkR 6.90  clip 0.15  kl +0.006
upd   67  steps  139264  sps 1424  opp symm  loss -0.035  pg -0.0025  v 0.004  ev +0.94  adv_std 0.092  tR -0.20  ent[s/d/p/e] 1.89/2.30/1.19/0.61  emits 0.64  spf 45.0  z0 0.62  garr 51.7  tG 400  e2 0.14  nF 7.9  pS 0.32  ptS 0.31  fLog 0.54  pdΔ -0.1818  pkR 5.76  clip 0.09  kl +0.004
upd   68  steps  141312  sps 1436  opp symm  loss -0.013  pg +0.0199  v 0.004  ev +0.95  adv_std 0.086  tR +1.00  ent[s/d/p/e] 1.79/2.27/1.24/0.60  emits 0.62  spf 46.9  z0 0.65  garr 50.1  tG 382  e2 0.14  nF 6.5  pS 0.30  ptS 0.29  fLog 0.56  pdΔ -0.2041  pkR 5.92  clip 0.07  kl +0.001
upd   69  steps  143360  sps 1447  opp symm  loss -0.011  pg +0.0219  v 0.003  ev +0.96  adv_std 0.079  tR +1.00  ent[s/d/p/e] 1.83/2.25/1.17/0.61  emits 0.63  spf 44.3  z0 0.63  garr 49.3  tG 398  e2 0.14  nF 6.8  pS 0.30  ptS 0.30  fLog 0.54  pdΔ -0.1991  pkR 7.09  clip 0.09  kl +0.003
upd   70  steps  145408  sps 1458  opp symm  loss -0.005  pg +0.0266  v 0.005  ev +0.93  adv_std 0.103  tR -0.20  ent[s/d/p/e] 1.83/2.28/1.19/0.60  emits 0.56  spf 48.4  z0 0.66  garr 54.9  tG 444  e2 0.12  nF 6.6  pS 0.31  ptS 0.30  fLog 0.56  pdΔ -0.1934  pkR 6.91  clip 0.06  kl +0.000
upd   71  steps  147456  sps 1469  opp symm  loss -0.048  pg -0.0160  v 0.005  ev +0.93  adv_std 0.102  tR -0.43  ent[s/d/p/e] 1.87/2.32/1.21/0.58  emits 0.57  spf 49.5  z0 0.68  garr 53.5  tG 435  e2 0.13  nF 6.0  pS 0.30  ptS 0.30  fLog 0.56  pdΔ -0.2029  pkR 6.97  clip 0.09  kl +0.002
upd   72  steps  149504  sps 1480  opp symm  loss -0.044  pg -0.0124  v 0.004  ev +0.96  adv_std 0.081  tR -0.20  ent[s/d/p/e] 1.80/2.26/1.18/0.58  emits 0.52  spf 48.7  z0 0.68  garr 50.8  tG 413  e2 0.11  nF 5.7  pS 0.29  ptS 0.29  fLog 0.56  pdΔ -0.2104  pkR 8.08  clip 0.10  kl +0.005
upd   73  steps  151552  sps 1491  opp symm  loss -0.042  pg -0.0108  v 0.004  ev +0.96  adv_std 0.083  tR -0.20  ent[s/d/p/e] 1.71/2.20/1.14/0.58  emits 0.60  spf 47.7  z0 0.65  garr 49.3  tG 373  e2 0.14  nF 6.5  pS 0.27  ptS 0.26  fLog 0.55  pdΔ -0.2317  pkR 7.16  clip 0.10  kl +0.006
upd   74  steps  153600  sps 1501  opp symm  loss -0.024  pg +0.0067  v 0.005  ev +0.96  adv_std 0.095  tR -0.50  ent[s/d/p/e] 1.66/2.13/1.21/0.57  emits 0.56  spf 43.4  z0 0.68  garr 47.4  tG 349  e2 0.12  nF 7.0  pS 0.26  ptS 0.26  fLog 0.54  pdΔ -0.2411  pkR 7.33  clip 0.08  kl +0.004
upd   75  steps  155648  sps 1512  opp symm  loss -0.032  pg -0.0009  v 0.005  ev +0.96  adv_std 0.093  tR -0.14  ent[s/d/p/e] 1.66/2.17/1.19/0.59  emits 0.60  spf 42.6  z0 0.65  garr 43.0  tG 308  e2 0.13  nF 7.0  pS 0.26  ptS 0.25  fLog 0.54  pdΔ -0.2441  pkR 5.90  clip 0.09  kl +0.003
upd   76  steps  157696  sps 1522  opp symm  loss -0.043  pg -0.0145  v 0.008  ev +0.93  adv_std 0.128  tR +0.20  ent[s/d/p/e] 1.61/2.12/1.19/0.56  emits 0.54  spf 40.5  z0 0.68  garr 40.6  tG 266  e2 0.12  nF 6.5  pS 0.23  ptS 0.23  fLog 0.53  pdΔ -0.2658  pkR 6.06  clip 0.13  kl +0.003
upd   77  steps  159744  sps 1532  opp symm  loss -0.004  pg +0.0241  v 0.008  ev +0.93  adv_std 0.123  tR -0.60  ent[s/d/p/e] 1.57/2.09/1.18/0.58  emits 0.46  spf 36.9  z0 0.72  garr 43.9  tG 294  e2 0.09  nF 6.4  pS 0.23  ptS 0.23  fLog 0.52  pdΔ -0.2683  pkR 9.83  clip 0.07  kl +0.002
upd   78  steps  161792  sps 1542  opp symm  loss -0.013  pg +0.0158  v 0.006  ev +0.95  adv_std 0.107  tR -0.67  ent[s/d/p/e] 1.53/2.08/1.21/0.55  emits 0.48  spf 40.1  z0 0.69  garr 46.7  tG 285  e2 0.10  nF 6.3  pS 0.23  ptS 0.22  fLog 0.53  pdΔ -0.2729  pkR 6.41  clip 0.10  kl +0.003
upd   79  steps  163840  sps 1552  opp symm  loss -0.025  pg +0.0067  v 0.003  ev +0.98  adv_std 0.070  tR -0.50  ent[s/d/p/e] 1.73/2.21/1.16/0.58  emits 0.51  spf 45.6  z0 0.69  garr 48.4  tG 314  e2 0.11  nF 6.7  pS 0.25  ptS 0.25  fLog 0.54  pdΔ -0.2496  pkR 5.15  clip 0.13  kl +0.004
upd   80  steps  165888  sps 1562  opp symm  loss -0.002  pg +0.0296  v 0.002  ev +0.98  adv_std 0.069  tR +0.00  ent[s/d/p/e] 1.77/2.29/1.18/0.55  emits 0.51  spf 41.7  z0 0.69  garr 51.8  tG 343  e2 0.11  nF 6.6  pS 0.26  ptS 0.26  fLog 0.54  pdΔ -0.2353  pkR 6.17  clip 0.09  kl +0.002
upd   81  steps  167936  sps 1572  opp symm  loss -0.003  pg +0.0277  v 0.005  ev +0.96  adv_std 0.096  tR -0.50  ent[s/d/p/e] 1.87/2.30/1.10/0.56  emits 0.63  spf 41.5  z0 0.67  garr 50.3  tG 355  e2 0.13  nF 7.1  pS 0.27  ptS 0.27  fLog 0.53  pdΔ -0.2300  pkR 5.91  clip 0.12  kl +0.004
upd   82  steps  169984  sps 1581  opp symm  loss -0.024  pg +0.0070  v 0.004  ev +0.97  adv_std 0.092  tR -0.50  ent[s/d/p/e] 1.86/2.31/1.10/0.55  emits 0.51  spf 44.3  z0 0.72  garr 56.3  tG 406  e2 0.10  nF 6.9  pS 0.28  ptS 0.27  fLog 0.54  pdΔ -0.2217  pkR 6.59  clip 0.08  kl -0.001
upd   83  steps  172032  sps 1591  opp symm  loss -0.030  pg -0.0002  v 0.004  ev +0.96  adv_std 0.093  tR -0.45  ent[s/d/p/e] 1.70/2.22/1.17/0.52  emits 0.37  spf 51.1  z0 0.76  garr 64.4  tG 481  e2 0.07  nF 4.9  pS 0.26  ptS 0.26  fLog 0.57  pdΔ -0.2369  pkR 6.58  clip 0.05  kl +0.001
upd   84  steps  174080  sps 1600  opp symm  loss -0.033  pg -0.0035  v 0.004  ev +0.95  adv_std 0.091  tR +0.00  ent[s/d/p/e] 1.65/2.22/1.14/0.54  emits 0.37  spf 63.9  z0 0.75  garr 71.4  tG 549  e2 0.07  nF 3.7  pS 0.26  ptS 0.26  fLog 0.59  pdΔ -0.2392  pkR 6.16  clip 0.06  kl +0.002
upd   85  steps  176128  sps 1609  opp symm  loss -0.068  pg -0.0373  v 0.004  ev +0.95  adv_std 0.088  tR -1.00  ent[s/d/p/e] 1.72/2.28/1.13/0.57  emits 0.43  spf 61.3  z0 0.73  garr 76.1  tG 584  e2 0.10  nF 4.5  pS 0.28  ptS 0.28  fLog 0.59  pdΔ -0.2170  pkR 5.61  clip 0.07  kl +0.000
upd   86  steps  178176  sps 1619  opp symm  loss -0.052  pg -0.0225  v 0.009  ev +0.92  adv_std 0.134  tR +0.00  ent[s/d/p/e] 1.87/2.34/1.12/0.59  emits 0.54  spf 59.1  z0 0.68  garr 74.1  tG 575  e2 0.12  nF 5.6  pS 0.30  ptS 0.30  fLog 0.58  pdΔ -0.1994  pkR 4.89  clip 0.10  kl +0.004
upd   87  steps  180224  sps 1628  opp symm  loss -0.028  pg +0.0019  v 0.007  ev +0.93  adv_std 0.116  tR -0.33  ent[s/d/p/e] 1.85/2.32/1.11/0.58  emits 0.57  spf 53.2  z0 0.67  garr 67.2  tG 513  e2 0.13  nF 5.4  pS 0.30  ptS 0.30  fLog 0.57  pdΔ -0.2035  pkR 5.13  clip 0.07  kl +0.001
upd   88  steps  182272  sps 1636  opp symm  loss -0.045  pg -0.0134  v 0.005  ev +0.95  adv_std 0.098  tR +0.60  ent[s/d/p/e] 1.91/2.33/1.14/0.58  emits 0.62  spf 50.6  z0 0.67  garr 67.8  tG 526  e2 0.13  nF 6.4  pS 0.30  ptS 0.30  fLog 0.56  pdΔ -0.1967  pkR 5.82  clip 0.09  kl +0.003
upd   89  steps  184320  sps 1645  opp symm  loss +0.016  pg +0.0474  v 0.005  ev +0.94  adv_std 0.101  tR +0.00  ent[s/d/p/e] 1.92/2.36/1.15/0.56  emits 0.55  spf 57.6  z0 0.69  garr 74.9  tG 580  e2 0.13  nF 6.1  pS 0.30  ptS 0.30  fLog 0.58  pdΔ -0.1951  pkR 5.68  clip 0.11  kl +0.002
upd   90  steps  186368  sps 1654  opp symm  loss -0.025  pg +0.0066  v 0.005  ev +0.94  adv_std 0.103  tR +0.00  ent[s/d/p/e] 1.92/2.33/1.15/0.58  emits 0.60  spf 55.8  z0 0.66  garr 76.5  tG 614  e2 0.13  nF 6.7  pS 0.32  ptS 0.31  fLog 0.58  pdΔ -0.1766  pkR 6.05  clip 0.07  kl +0.003
upd   91  steps  188416  sps 1663  opp symm  loss -0.031  pg -0.0010  v 0.006  ev +0.94  adv_std 0.110  tR -0.60  ent[s/d/p/e] 1.93/2.33/1.14/0.53  emits 0.47  spf 55.8  z0 0.71  garr 80.5  tG 647  e2 0.10  nF 5.9  pS 0.33  ptS 0.32  fLog 0.58  pdΔ -0.1725  pkR 5.31  clip 0.09  kl +0.002
upd   92  steps  190464  sps 1671  opp symm  loss -0.048  pg -0.0158  v 0.004  ev +0.96  adv_std 0.091  tR +0.20  ent[s/d/p/e] 2.00/2.38/1.15/0.55  emits 0.61  spf 56.4  z0 0.68  garr 82.9  tG 634  e2 0.12  nF 6.1  pS 0.32  ptS 0.31  fLog 0.58  pdΔ -0.1757  pkR 6.67  clip 0.10  kl -0.001
upd   93  steps  192512  sps 1679  opp symm  loss -0.043  pg -0.0132  v 0.008  ev +0.93  adv_std 0.127  tR +0.33  ent[s/d/p/e] 1.85/2.32/1.23/0.56  emits 0.42  spf 58.9  z0 0.73  garr 91.2  tG 679  e2 0.08  nF 4.9  pS 0.31  ptS 0.29  fLog 0.59  pdΔ -0.1940  pkR 7.26  clip 0.12  kl +0.004
upd   94  steps  194560  sps 1688  opp symm  loss -0.039  pg -0.0072  v 0.003  ev +0.97  adv_std 0.081  tR -0.60  ent[s/d/p/e] 1.70/2.22/1.26/0.55  emits 0.43  spf 59.2  z0 0.73  garr 95.2  tG 733  e2 0.09  nF 4.9  pS 0.29  ptS 0.28  fLog 0.58  pdΔ -0.2072  pkR 7.37  clip 0.10  kl +0.005
upd   95  steps  196608  sps 1696  opp symm  loss -0.021  pg +0.0100  v 0.006  ev +0.93  adv_std 0.112  tR +0.00  ent[s/d/p/e] 1.84/2.24/1.22/0.58  emits 0.53  spf 65.6  z0 0.67  garr 95.0  tG 760  e2 0.11  nF 5.6  pS 0.31  ptS 0.30  fLog 0.59  pdΔ -0.1882  pkR 6.69  clip 0.11  kl +0.001
upd   96  steps  198656  sps 1704  opp symm  loss -0.067  pg -0.0330  v 0.002  ev +0.97  adv_std 0.066  tR -1.00  ent[s/d/p/e] 1.95/2.32/1.22/0.58  emits 0.55  spf 64.3  z0 0.68  garr 98.0  tG 795  e2 0.12  nF 6.3  pS 0.34  ptS 0.33  fLog 0.59  pdΔ -0.1611  pkR 7.03  clip 0.06  kl +0.003
upd   97  steps  200704  sps 1712  opp symm  loss -0.015  pg +0.0166  v 0.008  ev +0.92  adv_std 0.124  tR -0.33  ent[s/d/p/e] 2.05/2.37/1.30/0.58  emits 0.69  spf 57.5  z0 0.64  garr 90.4  tG 735  e2 0.14  nF 7.6  pS 0.35  ptS 0.34  fLog 0.58  pdΔ -0.1495  pkR 6.99  clip 0.06  kl +0.001
upd   98  steps  202752  sps 1720  opp symm  loss -0.044  pg -0.0129  v 0.008  ev +0.93  adv_std 0.123  tR +0.00  ent[s/d/p/e] 2.00/2.30/1.24/0.59  emits 0.64  spf 51.5  z0 0.66  garr 81.8  tG 668  e2 0.14  nF 7.5  pS 0.35  ptS 0.35  fLog 0.56  pdΔ -0.1489  pkR 8.58  clip 0.08  kl +0.004
[eval_vs_v20] u99 tag=train_u99  bin0=0.0%  spf=0.00  garr=128.50  flip=0.00%  z0=71.9%  e8=0.0%  e2+=0.0%  WLD=0/3/0
upd   99  steps  204800  sps 1728  opp symm  loss -0.024  pg +0.0081  v 0.005  ev +0.96  adv_std 0.096  tR +0.43  ent[s/d/p/e] 2.01/2.34/1.23/0.56  emits 0.67  spf 53.2  z0 0.66  garr 74.3  tG 605  e2 0.13  nF 7.5  pS 0.33  ptS 0.33  fLog 0.57  pdΔ -0.1701  pkR 8.19  clip 0.07  kl +0.003 WRr 0.09 v20[spf 0.0 flip 0.0% e2+ 0.0%]
upd  100  steps  206848  sps 956  opp symm  loss -0.038  pg -0.0063  v 0.004  ev +0.97  adv_std 0.091  tR +0.50  ent[s/d/p/e] 2.07/2.34/1.20/0.55  emits 0.69  spf 52.5  z0 0.66  garr 70.2  tG 543  e2 0.14  nF 7.4  pS 0.33  ptS 0.32  fLog 0.56  pdΔ -0.1726  pkR 8.41  clip 0.09  kl +0.003
upd  101  steps  208896  sps 963  opp symm  loss -0.032  pg -0.0006  v 0.005  ev +0.96  adv_std 0.096  tR -1.00  ent[s/d/p/e] 2.04/2.35/1.14/0.56  emits 0.61  spf 46.6  z0 0.68  garr 68.5  tG 548  e2 0.13  nF 6.8  pS 0.34  ptS 0.33  fLog 0.56  pdΔ -0.1624  pkR 7.13  clip 0.10  kl +0.002
upd  102  steps  210944  sps 969  opp symm  loss -0.040  pg -0.0065  v 0.003  ev +0.97  adv_std 0.083  tR +0.33  ent[s/d/p/e] 2.03/2.34/1.22/0.58  emits 0.77  spf 48.0  z0 0.62  garr 68.1  tG 555  e2 0.17  nF 8.0  pS 0.35  ptS 0.34  fLog 0.55  pdΔ -0.1528  pkR 9.62  clip 0.12  kl +0.005
upd  103  steps  212992  sps 976  opp symm  loss -0.032  pg -0.0001  v 0.003  ev +0.97  adv_std 0.082  tR -0.67  ent[s/d/p/e] 2.03/2.32/1.17/0.55  emits 0.60  spf 46.9  z0 0.69  garr 66.1  tG 493  e2 0.12  nF 7.0  pS 0.33  ptS 0.32  fLog 0.56  pdΔ -0.1743  pkR 4.44  clip 0.07  kl +0.003
upd  104  steps  215040  sps 982  opp symm  loss -0.011  pg +0.0204  v 0.003  ev +0.96  adv_std 0.077  tR -0.20  ent[s/d/p/e] 2.01/2.28/1.19/0.53  emits 0.59  spf 47.5  z0 0.69  garr 71.3  tG 548  e2 0.12  nF 6.4  pS 0.32  ptS 0.32  fLog 0.56  pdΔ -0.1815  pkR 5.09  clip 0.11  kl +0.007
upd  105  steps  217088  sps 989  opp symm  loss -0.010  pg +0.0221  v 0.005  ev +0.94  adv_std 0.097  tR -1.00  ent[s/d/p/e] 2.05/2.37/1.28/0.54  emits 0.58  spf 56.8  z0 0.70  garr 79.2  tG 625  e2 0.13  nF 6.4  pS 0.34  ptS 0.33  fLog 0.59  pdΔ -0.1616  pkR 4.72  clip 0.09  kl -0.001
upd  106  steps  219136  sps 995  opp symm  loss -0.031  pg -0.0001  v 0.007  ev +0.91  adv_std 0.121  tR +0.71  ent[s/d/p/e] 2.04/2.33/1.27/0.55  emits 0.56  spf 59.1  z0 0.69  garr 84.6  tG 684  e2 0.12  nF 6.0  pS 0.35  ptS 0.35  fLog 0.59  pdΔ -0.1462  pkR 4.83  clip 0.09  kl +0.003
upd  107  steps  221184  sps 1002  opp symm  loss -0.004  pg +0.0285  v 0.003  ev +0.96  adv_std 0.078  tR +0.33  ent[s/d/p/e] 2.01/2.32/1.27/0.53  emits 0.57  spf 57.5  z0 0.70  garr 82.5  tG 609  e2 0.12  nF 5.4  pS 0.32  ptS 0.31  fLog 0.58  pdΔ -0.1786  pkR 5.87  clip 0.10  kl +0.004
upd  108  steps  223232  sps 1008  opp symm  loss -0.019  pg +0.0125  v 0.006  ev +0.92  adv_std 0.115  tR -0.50  ent[s/d/p/e] 2.00/2.32/1.21/0.56  emits 0.54  spf 59.0  z0 0.68  garr 88.3  tG 646  e2 0.11  nF 5.7  pS 0.33  ptS 0.32  fLog 0.59  pdΔ -0.1686  pkR 4.91  clip 0.09  kl -0.001
upd  109  steps  225280  sps 1014  opp symm  loss -0.021  pg +0.0101  v 0.006  ev +0.93  adv_std 0.105  tR -0.20  ent[s/d/p/e] 1.93/2.33/1.23/0.54  emits 0.46  spf 64.2  z0 0.71  garr 83.4  tG 644  e2 0.10  nF 5.3  pS 0.33  ptS 0.32  fLog 0.60  pdΔ -0.1746  pkR 5.03  clip 0.06  kl +0.001
upd  110  steps  227328  sps 1020  opp symm  loss -0.020  pg +0.0103  v 0.006  ev +0.93  adv_std 0.109  tR +0.50  ent[s/d/p/e] 1.81/2.18/1.22/0.56  emits 0.45  spf 62.3  z0 0.71  garr 88.2  tG 689  e2 0.09  nF 4.3  pS 0.32  ptS 0.31  fLog 0.60  pdΔ -0.1780  pkR 4.74  clip 0.08  kl +0.002
upd  111  steps  229376  sps 1027  opp symm  loss +0.016  pg +0.0457  v 0.005  ev +0.93  adv_std 0.099  tR -0.33  ent[s/d/p/e] 1.86/2.24/1.24/0.51  emits 0.40  spf 71.0  z0 0.73  garr 95.1  tG 740  e2 0.08  nF 4.5  pS 0.32  ptS 0.32  fLog 0.62  pdΔ -0.1805  pkR 5.15  clip 0.18  kl +0.005
upd  112  steps  231424  sps 1033  opp symm  loss -0.003  pg +0.0265  v 0.007  ev +0.91  adv_std 0.113  tR +1.00  ent[s/d/p/e] 1.77/2.11/1.24/0.55  emits 0.40  spf 66.6  z0 0.73  garr 105.9  tG 818  e2 0.08  nF 4.2  pS 0.32  ptS 0.31  fLog 0.61  pdΔ -0.1816  pkR 5.26  clip 0.08  kl +0.003
upd  113  steps  233472  sps 1039  opp symm  loss +0.009  pg +0.0391  v 0.005  ev +0.94  adv_std 0.097  tR +0.00  ent[s/d/p/e] 1.75/2.14/1.25/0.53  emits 0.35  spf 73.8  z0 0.75  garr 110.9  tG 893  e2 0.07  nF 3.8  pS 0.33  ptS 0.32  fLog 0.62  pdΔ -0.1724  pkR 4.64  clip 0.07  kl +0.001
upd  114  steps  235520  sps 1045  opp symm  loss -0.037  pg -0.0101  v 0.009  ev +0.91  adv_std 0.134  tR +0.00  ent[s/d/p/e] 1.72/2.09/1.30/0.49  emits 0.33  spf 73.1  z0 0.77  garr 115.6  tG 921  e2 0.06  nF 3.5  pS 0.31  ptS 0.30  fLog 0.62  pdΔ -0.1878  pkR 5.52  clip 0.04  kl +0.001
upd  115  steps  237568  sps 1051  opp symm  loss +0.005  pg +0.0325  v 0.008  ev +0.91  adv_std 0.130  tR +0.00  ent[s/d/p/e] 1.66/2.09/1.30/0.50  emits 0.39  spf 72.3  z0 0.75  garr 116.1  tG 889  e2 0.07  nF 3.6  pS 0.30  ptS 0.29  fLog 0.61  pdΔ -0.2001  pkR 5.62  clip 0.08  kl +0.002
upd  116  steps  239616  sps 1057  opp symm  loss -0.045  pg -0.0176  v 0.009  ev +0.91  adv_std 0.130  tR -0.20  ent[s/d/p/e] 1.58/2.04/1.30/0.52  emits 0.36  spf 76.3  z0 0.75  garr 112.9  tG 887  e2 0.07  nF 3.7  pS 0.30  ptS 0.29  fLog 0.60  pdΔ -0.2000  pkR 6.85  clip 0.09  kl +0.003
upd  117  steps  241664  sps 1063  opp symm  loss -0.015  pg +0.0119  v 0.008  ev +0.92  adv_std 0.123  tR -1.00  ent[s/d/p/e] 1.57/1.96/1.21/0.49  emits 0.36  spf 66.8  z0 0.75  garr 110.6  tG 852  e2 0.07  nF 3.4  pS 0.31  ptS 0.30  fLog 0.58  pdΔ -0.1943  pkR 6.08  clip 0.08  kl +0.002
upd  118  steps  243712  sps 1069  opp symm  loss -0.045  pg -0.0172  v 0.006  ev +0.93  adv_std 0.110  tR +0.43  ent[s/d/p/e] 1.63/2.01/1.25/0.50  emits 0.31  spf 69.5  z0 0.78  garr 105.8  tG 810  e2 0.06  nF 3.0  pS 0.30  ptS 0.29  fLog 0.61  pdΔ -0.2015  pkR 5.97  clip 0.06  kl +0.001
upd  119  steps  245760  sps 1075  opp symm  loss -0.037  pg -0.0101  v 0.007  ev +0.91  adv_std 0.121  tR +0.20  ent[s/d/p/e] 1.57/1.83/1.35/0.48  emits 0.34  spf 55.8  z0 0.76  garr 109.0  tG 843  e2 0.06  nF 3.5  pS 0.30  ptS 0.29  fLog 0.57  pdΔ -0.1992  pkR 4.71  clip 0.06  kl +0.001
upd  120  steps  247808  sps 1081  opp symm  loss +0.000  pg +0.0288  v 0.006  ev +0.93  adv_std 0.112  tR -0.33  ent[s/d/p/e] 1.64/1.90/1.24/0.54  emits 0.42  spf 54.1  z0 0.73  garr 112.9  tG 896  e2 0.09  nF 4.6  pS 0.31  ptS 0.30  fLog 0.55  pdΔ -0.1922  pkR 5.23  clip 0.09  kl +0.001
upd  121  steps  249856  sps 1087  opp symm  loss -0.001  pg +0.0282  v 0.007  ev +0.94  adv_std 0.119  tR +0.00  ent[s/d/p/e] 1.81/2.04/1.26/0.55  emits 0.52  spf 64.5  z0 0.69  garr 117.4  tG 964  e2 0.11  nF 5.8  pS 0.33  ptS 0.33  fLog 0.56  pdΔ -0.1653  pkR 5.21  clip 0.06  kl -0.000
upd  122  steps  251904  sps 1093  opp symm  loss -0.019  pg +0.0098  v 0.008  ev +0.93  adv_std 0.130  tR +0.45  ent[s/d/p/e] 1.80/2.08/1.27/0.53  emits 0.47  spf 55.6  z0 0.71  garr 104.6  tG 856  e2 0.09  nF 5.6  pS 0.32  ptS 0.31  fLog 0.56  pdΔ -0.1818  pkR 6.19  clip 0.05  kl +0.001
upd  123  steps  253952  sps 1099  opp symm  loss -0.033  pg -0.0023  v 0.004  ev +0.96  adv_std 0.088  tR -0.33  ent[s/d/p/e] 1.78/2.05/1.27/0.53  emits 0.46  spf 55.4  z0 0.72  garr 90.0  tG 718  e2 0.10  nF 5.3  pS 0.31  ptS 0.30  fLog 0.57  pdΔ -0.1884  pkR 7.14  clip 0.09  kl +0.001
upd  124  steps  256000  sps 1104  opp symm  loss -0.028  pg +0.0012  v 0.007  ev +0.94  adv_std 0.113  tR +0.00  ent[s/d/p/e] 1.77/2.06/1.32/0.53  emits 0.41  spf 58.8  z0 0.73  garr 96.6  tG 763  e2 0.08  nF 5.1  pS 0.32  ptS 0.31  fLog 0.57  pdΔ -0.1764  pkR 6.64  clip 0.11  kl +0.004
upd  125  steps  258048  sps 1110  opp symm  loss -0.041  pg -0.0115  v 0.007  ev +0.94  adv_std 0.116  tR +0.33  ent[s/d/p/e] 1.75/2.12/1.33/0.53  emits 0.42  spf 59.9  z0 0.73  garr 89.1  tG 651  e2 0.09  nF 4.8  pS 0.31  ptS 0.29  fLog 0.58  pdΔ -0.1896  pkR 5.22  clip 0.12  kl +0.004
upd  126  steps  260096  sps 1116  opp symm  loss -0.027  pg +0.0018  v 0.006  ev +0.95  adv_std 0.111  tR +0.20  ent[s/d/p/e] 1.65/1.93/1.30/0.53  emits 0.44  spf 47.5  z0 0.71  garr 85.8  tG 631  e2 0.09  nF 4.6  pS 0.31  ptS 0.30  fLog 0.54  pdΔ -0.1907  pkR 5.08  clip 0.06  kl +0.002
upd  127  steps  262144  sps 1121  opp symm  loss +0.012  pg +0.0413  v 0.005  ev +0.96  adv_std 0.104  tR +1.00  ent[s/d/p/e] 1.63/1.97/1.29/0.52  emits 0.45  spf 55.2  z0 0.71  garr 86.2  tG 608  e2 0.09  nF 4.7  pS 0.30  ptS 0.29  fLog 0.56  pdΔ -0.1986  pkR 5.96  clip 0.07  kl +0.003
upd  128  steps  264192  sps 1127  opp symm  loss -0.059  pg -0.0297  v 0.004  ev +0.97  adv_std 0.090  tR -0.14  ent[s/d/p/e] 1.59/1.98/1.34/0.51  emits 0.35  spf 53.2  z0 0.77  garr 94.9  tG 655  e2 0.07  nF 4.3  pS 0.29  ptS 0.28  fLog 0.55  pdΔ -0.2109  pkR 6.00  clip 0.06  kl -0.000
upd  129  steps  266240  sps 1133  opp symm  loss -0.020  pg +0.0097  v 0.004  ev +0.97  adv_std 0.084  tR -1.00  ent[s/d/p/e] 1.56/2.06/1.31/0.49  emits 0.33  spf 62.9  z0 0.75  garr 106.2  tG 753  e2 0.06  nF 3.4  pS 0.29  ptS 0.28  fLog 0.58  pdΔ -0.2054  pkR 4.56  clip 0.07  kl +0.003
upd  130  steps  268288  sps 1138  opp symm  loss +0.004  pg +0.0348  v 0.004  ev +0.97  adv_std 0.088  tR -0.33  ent[s/d/p/e] 1.78/2.16/1.39/0.49  emits 0.35  spf 74.5  z0 0.77  garr 105.7  tG 777  e2 0.07  nF 3.6  pS 0.31  ptS 0.30  fLog 0.62  pdΔ -0.1888  pkR 4.16  clip 0.05  kl +0.002
upd  131  steps  270336  sps 1144  opp symm  loss -0.023  pg +0.0042  v 0.005  ev +0.96  adv_std 0.097  tR +0.33  ent[s/d/p/e] 1.50/1.96/1.31/0.47  emits 0.29  spf 58.5  z0 0.79  garr 111.5  tG 788  e2 0.05  nF 3.0  pS 0.30  ptS 0.29  fLog 0.58  pdΔ -0.1994  pkR 3.96  clip 0.05  kl -0.001
upd  132  steps  272384  sps 1149  opp symm  loss -0.039  pg -0.0115  v 0.006  ev +0.96  adv_std 0.105  tR -0.67  ent[s/d/p/e] 1.48/1.86/1.27/0.50  emits 0.33  spf 61.2  z0 0.76  garr 110.8  tG 788  e2 0.06  nF 2.9  pS 0.30  ptS 0.28  fLog 0.58  pdΔ -0.2048  pkR 4.39  clip 0.10  kl +0.002
upd  133  steps  274432  sps 1155  opp symm  loss -0.047  pg -0.0176  v 0.004  ev +0.97  adv_std 0.087  tR -0.67  ent[s/d/p/e] 1.65/2.01/1.32/0.51  emits 0.38  spf 68.6  z0 0.75  garr 101.5  tG 773  e2 0.07  nF 3.6  pS 0.31  ptS 0.30  fLog 0.60  pdΔ -0.1910  pkR 4.29  clip 0.08  kl +0.003
upd  134  steps  276480  sps 1160  opp symm  loss -0.057  pg -0.0280  v 0.009  ev +0.92  adv_std 0.135  tR +0.00  ent[s/d/p/e] 1.71/2.07/1.36/0.55  emits 0.44  spf 64.3  z0 0.71  garr 95.4  tG 740  e2 0.09  nF 4.3  pS 0.31  ptS 0.29  fLog 0.60  pdΔ -0.1929  pkR 4.57  clip 0.18  kl +0.007
upd  135  steps  278528  sps 1166  opp symm  loss -0.036  pg -0.0084  v 0.008  ev +0.92  adv_std 0.131  tR -0.43  ent[s/d/p/e] 1.67/2.03/1.33/0.52  emits 0.39  spf 62.6  z0 0.74  garr 87.8  tG 683  e2 0.08  nF 4.2  pS 0.30  ptS 0.29  fLog 0.59  pdΔ -0.1996  pkR 4.20  clip 0.13  kl +0.003
upd  136  steps  280576  sps 1171  opp symm  loss +0.014  pg +0.0454  v 0.004  ev +0.95  adv_std 0.091  tR -1.00  ent[s/d/p/e] 1.75/2.12/1.32/0.55  emits 0.45  spf 66.2  z0 0.70  garr 88.1  tG 702  e2 0.09  nF 4.6  pS 0.32  ptS 0.31  fLog 0.60  pdΔ -0.1846  pkR 3.90  clip 0.10  kl -0.001
upd  137  steps  282624  sps 1176  opp symm  loss -0.008  pg +0.0222  v 0.008  ev +0.94  adv_std 0.130  tR -0.20  ent[s/d/p/e] 1.91/2.25/1.41/0.53  emits 0.41  spf 70.5  z0 0.73  garr 93.1  tG 746  e2 0.08  nF 4.4  pS 0.34  ptS 0.33  fLog 0.62  pdΔ -0.1615  pkR 3.68  clip 0.05  kl -0.001
upd  138  steps  284672  sps 1182  opp symm  loss -0.019  pg +0.0097  v 0.009  ev +0.93  adv_std 0.132  tR +0.33  ent[s/d/p/e] 1.82/2.15/1.38/0.52  emits 0.39  spf 70.6  z0 0.73  garr 83.1  tG 682  e2 0.08  nF 3.7  pS 0.32  ptS 0.31  fLog 0.62  pdΔ -0.1845  pkR 4.07  clip 0.09  kl +0.004
upd  139  steps  286720  sps 1187  opp symm  loss +0.015  pg +0.0464  v 0.004  ev +0.96  adv_std 0.092  tR +0.00  ent[s/d/p/e] 1.87/2.13/1.28/0.56  emits 0.48  spf 69.0  z0 0.70  garr 84.8  tG 672  e2 0.10  nF 4.4  pS 0.32  ptS 0.32  fLog 0.61  pdΔ -0.1763  pkR 3.80  clip 0.09  kl +0.004
upd  140  steps  288768  sps 1192  opp symm  loss -0.018  pg +0.0140  v 0.005  ev +0.95  adv_std 0.105  tR +0.00  ent[s/d/p/e] 1.97/2.21/1.33/0.55  emits 0.50  spf 66.2  z0 0.70  garr 85.9  tG 683  e2 0.11  nF 5.0  pS 0.34  ptS 0.33  fLog 0.61  pdΔ -0.1650  pkR 3.95  clip 0.07  kl +0.004
upd  141  steps  290816  sps 1198  opp symm  loss -0.067  pg -0.0355  v 0.004  ev +0.96  adv_std 0.090  tR +1.00  ent[s/d/p/e] 1.96/2.17/1.37/0.53  emits 0.48  spf 60.7  z0 0.71  garr 87.8  tG 702  e2 0.09  nF 4.8  pS 0.33  ptS 0.33  fLog 0.60  pdΔ -0.1658  pkR 4.06  clip 0.10  kl +0.002
upd  142  steps  292864  sps 1203  opp symm  loss -0.016  pg +0.0149  v 0.004  ev +0.96  adv_std 0.089  tR +0.50  ent[s/d/p/e] 1.75/2.08/1.36/0.51  emits 0.39  spf 62.5  z0 0.75  garr 94.2  tG 716  e2 0.08  nF 3.9  pS 0.30  ptS 0.30  fLog 0.60  pdΔ -0.1972  pkR 4.76  clip 0.08  kl +0.004
upd  143  steps  294912  sps 1208  opp symm  loss -0.028  pg -0.0010  v 0.005  ev +0.95  adv_std 0.096  tR +0.50  ent[s/d/p/e] 1.45/1.97/1.31/0.46  emits 0.26  spf 68.4  z0 0.80  garr 96.5  tG 703  e2 0.04  nF 2.9  pS 0.27  ptS 0.27  fLog 0.61  pdΔ -0.2306  pkR 5.02  clip 0.04  kl +0.000
upd  144  steps  296960  sps 1213  opp symm  loss -0.016  pg +0.0108  v 0.006  ev +0.94  adv_std 0.105  tR +0.20  ent[s/d/p/e] 1.36/1.95/1.32/0.47  emits 0.25  spf 63.7  z0 0.80  garr 97.7  tG 702  e2 0.04  nF 2.7  pS 0.26  ptS 0.26  fLog 0.60  pdΔ -0.2374  pkR 5.57  clip 0.08  kl +0.001
upd  145  steps  299008  sps 1218  opp symm  loss -0.029  pg +0.0007  v 0.003  ev +0.97  adv_std 0.072  tR -1.00  ent[s/d/p/e] 1.41/2.01/1.32/0.50  emits 0.27  spf 68.1  z0 0.79  garr 105.5  tG 766  e2 0.05  nF 3.0  pS 0.28  ptS 0.27  fLog 0.60  pdΔ -0.2239  pkR 4.87  clip 0.04  kl +0.002
upd  146  steps  301056  sps 1223  opp symm  loss -0.020  pg +0.0093  v 0.006  ev +0.94  adv_std 0.112  tR -0.33  ent[s/d/p/e] 1.58/2.17/1.43/0.51  emits 0.26  spf 79.9  z0 0.79  garr 114.0  tG 829  e2 0.04  nF 2.7  pS 0.29  ptS 0.28  fLog 0.64  pdΔ -0.2136  pkR 4.51  clip 0.08  kl +0.002
upd  147  steps  303104  sps 1229  opp symm  loss -0.021  pg +0.0082  v 0.008  ev +0.93  adv_std 0.130  tR +0.50  ent[s/d/p/e] 1.64/2.18/1.38/0.54  emits 0.34  spf 77.5  z0 0.75  garr 101.1  tG 743  e2 0.06  nF 3.1  pS 0.29  ptS 0.29  fLog 0.64  pdΔ -0.2068  pkR 4.63  clip 0.08  kl +0.002
upd  148  steps  305152  sps 1234  opp symm  loss -0.023  pg +0.0071  v 0.007  ev +0.95  adv_std 0.117  tR -0.60  ent[s/d/p/e] 1.74/2.19/1.38/0.53  emits 0.37  spf 65.4  z0 0.74  garr 88.6  tG 693  e2 0.08  nF 3.4  pS 0.31  ptS 0.30  fLog 0.62  pdΔ -0.1924  pkR 3.92  clip 0.05  kl +0.003
upd  149  steps  307200  sps 1239  opp symm  loss -0.007  pg +0.0233  v 0.005  ev +0.96  adv_std 0.097  tR -0.50  ent[s/d/p/e] 1.76/2.17/1.29/0.53  emits 0.38  spf 65.2  z0 0.74  garr 84.6  tG 685  e2 0.08  nF 3.8  pS 0.32  ptS 0.31  fLog 0.62  pdΔ -0.1847  pkR 4.30  clip 0.06  kl +0.002
upd  150  steps  309248  sps 1244  opp symm  loss -0.003  pg +0.0276  v 0.007  ev +0.95  adv_std 0.114  tR -0.20  ent[s/d/p/e] 1.95/2.26/1.29/0.55  emits 0.48  spf 71.4  z0 0.71  garr 87.5  tG 731  e2 0.09  nF 4.7  pS 0.33  ptS 0.33  fLog 0.62  pdΔ -0.1685  pkR 4.31  clip 0.11  kl +0.004
upd  151  steps  311296  sps 1249  opp symm  loss -0.012  pg +0.0184  v 0.006  ev +0.95  adv_std 0.105  tR +0.50  ent[s/d/p/e] 1.94/2.26/1.28/0.53  emits 0.48  spf 60.5  z0 0.72  garr 91.1  tG 752  e2 0.10  nF 4.7  pS 0.35  ptS 0.34  fLog 0.60  pdΔ -0.1527  pkR 3.84  clip 0.13  kl +0.001
upd  152  steps  313344  sps 1254  opp symm  loss +0.007  pg +0.0388  v 0.004  ev +0.97  adv_std 0.090  tR +0.00  ent[s/d/p/e] 2.02/2.28/1.17/0.55  emits 0.53  spf 56.8  z0 0.72  garr 100.7  tG 829  e2 0.11  nF 5.3  pS 0.37  ptS 0.36  fLog 0.59  pdΔ -0.1280  pkR 3.68  clip 0.08  kl +0.002
upd  153  steps  315392  sps 1259  opp symm  loss -0.009  pg +0.0207  v 0.007  ev +0.95  adv_std 0.122  tR +0.25  ent[s/d/p/e] 2.08/2.34/1.23/0.51  emits 0.57  spf 57.4  z0 0.71  garr 102.1  tG 837  e2 0.12  nF 5.5  pS 0.38  ptS 0.36  fLog 0.60  pdΔ -0.1231  pkR 3.51  clip 0.11  kl +0.004
upd  154  steps  317440  sps 1263  opp symm  loss -0.010  pg +0.0177  v 0.008  ev +0.94  adv_std 0.123  tR -0.20  ent[s/d/p/e] 1.93/2.23/1.15/0.51  emits 0.55  spf 56.7  z0 0.71  garr 94.8  tG 753  e2 0.11  nF 5.4  pS 0.34  ptS 0.33  fLog 0.58  pdΔ -0.1570  pkR 3.91  clip 0.08  kl +0.005
upd  155  steps  319488  sps 1268  opp symm  loss -0.019  pg +0.0110  v 0.006  ev +0.95  adv_std 0.105  tR +0.00  ent[s/d/p/e] 2.00/2.29/1.16/0.51  emits 0.51  spf 54.7  z0 0.72  garr 100.0  tG 782  e2 0.10  nF 5.5  pS 0.35  ptS 0.35  fLog 0.59  pdΔ -0.1456  pkR 4.23  clip 0.06  kl +0.000
upd  156  steps  321536  sps 1273  opp symm  loss -0.036  pg -0.0059  v 0.004  ev +0.96  adv_std 0.094  tR +0.00  ent[s/d/p/e] 2.05/2.31/1.18/0.48  emits 0.42  spf 60.2  z0 0.76  garr 111.7  tG 890  e2 0.08  nF 4.9  pS 0.36  ptS 0.36  fLog 0.60  pdΔ -0.1351  pkR 4.41  clip 0.06  kl +0.003
upd  157  steps  323584  sps 1278  opp symm  loss +0.047  pg +0.0748  v 0.006  ev +0.95  adv_std 0.107  tR +0.67  ent[s/d/p/e] 1.94/2.17/1.16/0.46  emits 0.37  spf 60.7  z0 0.78  garr 116.7  tG 946  e2 0.07  nF 4.2  pS 0.35  ptS 0.34  fLog 0.59  pdΔ -0.1536  pkR 4.84  clip 0.05  kl +0.000
upd  158  steps  325632  sps 1283  opp symm  loss -0.034  pg -0.0082  v 0.007  ev +0.92  adv_std 0.120  tR +0.43  ent[s/d/p/e] 1.70/2.00/1.20/0.46  emits 0.29  spf 74.6  z0 0.80  garr 120.5  tG 928  e2 0.05  nF 3.3  pS 0.31  ptS 0.31  fLog 0.61  pdΔ -0.1900  pkR 3.56  clip 0.05  kl +0.002
upd  159  steps  327680  sps 1288  opp symm  loss +0.006  pg +0.0318  v 0.007  ev +0.92  adv_std 0.119  tR +0.20  ent[s/d/p/e] 1.51/1.76/1.21/0.48  emits 0.33  spf 67.9  z0 0.77  garr 124.3  tG 943  e2 0.06  nF 3.2  pS 0.30  ptS 0.29  fLog 0.60  pdΔ -0.2021  pkR 4.34  clip 0.06  kl +0.002
upd  160  steps  329728  sps 1292  opp symm  loss -0.037  pg -0.0080  v 0.005  ev +0.94  adv_std 0.096  tR -1.00  ent[s/d/p/e] 1.57/1.82/1.36/0.53  emits 0.37  spf 61.8  z0 0.75  garr 115.5  tG 868  e2 0.07  nF 4.3  pS 0.30  ptS 0.30  fLog 0.59  pdΔ -0.1953  pkR 4.68  clip 0.07  kl +0.003
upd  161  steps  331776  sps 1297  opp symm  loss -0.006  pg +0.0236  v 0.005  ev +0.94  adv_std 0.099  tR -1.00  ent[s/d/p/e] 1.72/1.85/1.37/0.53  emits 0.44  spf 61.4  z0 0.73  garr 118.5  tG 918  e2 0.09  nF 4.9  pS 0.33  ptS 0.33  fLog 0.60  pdΔ -0.1684  pkR 4.20  clip 0.07  kl +0.001
upd  162  steps  333824  sps 1302  opp symm  loss -0.052  pg -0.0216  v 0.006  ev +0.93  adv_std 0.112  tR +0.20  ent[s/d/p/e] 1.96/1.97/1.39/0.54  emits 0.50  spf 57.3  z0 0.72  garr 118.2  tG 915  e2 0.10  nF 5.7  pS 0.35  ptS 0.35  fLog 0.59  pdΔ -0.1452  pkR 4.48  clip 0.08  kl +0.001
upd  163  steps  335872  sps 1307  opp symm  loss -0.012  pg +0.0194  v 0.004  ev +0.95  adv_std 0.093  tR +0.33  ent[s/d/p/e] 1.93/1.87/1.35/0.55  emits 0.51  spf 57.6  z0 0.71  garr 111.5  tG 889  e2 0.11  nF 5.5  pS 0.36  ptS 0.36  fLog 0.58  pdΔ -0.1354  pkR 4.39  clip 0.10  kl +0.005
upd  164  steps  337920  sps 1311  opp symm  loss -0.058  pg -0.0279  v 0.007  ev +0.94  adv_std 0.120  tR +0.20  ent[s/d/p/e] 1.81/1.87/1.32/0.57  emits 0.56  spf 56.4  z0 0.68  garr 98.8  tG 821  e2 0.12  nF 6.2  pS 0.37  ptS 0.36  fLog 0.58  pdΔ -0.1311  pkR 4.26  clip 0.05  kl -0.001
upd  165  steps  339968  sps 1316  opp symm  loss -0.013  pg +0.0171  v 0.005  ev +0.96  adv_std 0.104  tR +1.00  ent[s/d/p/e] 1.84/1.94/1.27/0.57  emits 0.57  spf 54.0  z0 0.67  garr 86.9  tG 742  e2 0.13  nF 6.1  pS 0.36  ptS 0.35  fLog 0.58  pdΔ -0.1446  pkR 3.80  clip 0.10  kl +0.002
upd  166  steps  342016  sps 1320  opp symm  loss -0.068  pg -0.0396  v 0.007  ev +0.95  adv_std 0.116  tR -0.67  ent[s/d/p/e] 1.70/1.86/1.32/0.54  emits 0.43  spf 55.5  z0 0.73  garr 85.8  tG 761  e2 0.09  nF 5.3  pS 0.34  ptS 0.34  fLog 0.58  pdΔ -0.1551  pkR 4.78  clip 0.11  kl +0.001
upd  167  steps  344064  sps 1325  opp symm  loss -0.001  pg +0.0282  v 0.006  ev +0.96  adv_std 0.106  tR +0.50  ent[s/d/p/e] 1.72/1.79/1.28/0.55  emits 0.54  spf 48.4  z0 0.69  garr 79.6  tG 713  e2 0.12  nF 5.2  pS 0.33  ptS 0.33  fLog 0.56  pdΔ -0.1683  pkR 7.14  clip 0.08  kl +0.000
upd  168  steps  346112  sps 1330  opp symm  loss -0.051  pg -0.0220  v 0.006  ev +0.97  adv_std 0.103  tR +0.33  ent[s/d/p/e] 1.66/1.77/1.23/0.56  emits 0.51  spf 48.6  z0 0.69  garr 84.0  tG 729  e2 0.11  nF 5.8  pS 0.33  ptS 0.33  fLog 0.55  pdΔ -0.1657  pkR 5.29  clip 0.07  kl +0.003
upd  169  steps  348160  sps 1334  opp symm  loss -0.010  pg +0.0152  v 0.009  ev +0.93  adv_std 0.138  tR +0.20  ent[s/d/p/e] 1.48/1.71/1.23/0.53  emits 0.49  spf 40.8  z0 0.70  garr 70.8  tG 545  e2 0.10  nF 5.3  pS 0.27  ptS 0.26  fLog 0.53  pdΔ -0.2312  pkR 7.83  clip 0.07  kl +0.003
upd  170  steps  350208  sps 1339  opp symm  loss -0.023  pg +0.0048  v 0.004  ev +0.97  adv_std 0.087  tR -1.00  ent[s/d/p/e] 1.40/1.64/1.22/0.54  emits 0.49  spf 36.5  z0 0.70  garr 66.2  tG 464  e2 0.11  nF 5.6  pS 0.26  ptS 0.25  fLog 0.52  pdΔ -0.2419  pkR 7.15  clip 0.06  kl +0.001
upd  171  steps  352256  sps 1343  opp symm  loss -0.013  pg +0.0144  v 0.005  ev +0.96  adv_std 0.101  tR +0.00  ent[s/d/p/e] 1.39/1.63/1.18/0.54  emits 0.48  spf 33.5  z0 0.71  garr 72.1  tG 503  e2 0.11  nF 5.3  pS 0.25  ptS 0.24  fLog 0.51  pdΔ -0.2469  pkR 8.51  clip 0.07  kl +0.002
upd  172  steps  354304  sps 1348  opp symm  loss -0.051  pg -0.0253  v 0.007  ev +0.94  adv_std 0.123  tR -0.43  ent[s/d/p/e] 1.38/1.66/1.19/0.53  emits 0.41  spf 37.5  z0 0.73  garr 83.1  tG 571  e2 0.09  nF 5.0  pS 0.26  ptS 0.25  fLog 0.53  pdΔ -0.2440  pkR 7.94  clip 0.10  kl +0.003
upd  173  steps  356352  sps 1352  opp symm  loss -0.040  pg -0.0133  v 0.006  ev +0.94  adv_std 0.113  tR -0.20  ent[s/d/p/e] 1.39/1.67/1.21/0.54  emits 0.37  spf 44.5  z0 0.75  garr 84.0  tG 602  e2 0.08  nF 4.6  pS 0.27  ptS 0.25  fLog 0.55  pdΔ -0.2344  pkR 6.41  clip 0.09  kl +0.003
upd  174  steps  358400  sps 1357  opp symm  loss +0.035  pg +0.0622  v 0.004  ev +0.96  adv_std 0.089  tR -0.33  ent[s/d/p/e] 1.36/1.70/1.24/0.52  emits 0.39  spf 44.9  z0 0.73  garr 95.8  tG 689  e2 0.08  nF 4.7  pS 0.29  ptS 0.28  fLog 0.55  pdΔ -0.2085  pkR 5.74  clip 0.08  kl +0.002
upd  175  steps  360448  sps 1361  opp symm  loss -0.025  pg +0.0037  v 0.005  ev +0.95  adv_std 0.100  tR +0.00  ent[s/d/p/e] 1.51/1.81/1.35/0.52  emits 0.38  spf 51.9  z0 0.75  garr 106.3  tG 818  e2 0.08  nF 5.0  pS 0.32  ptS 0.31  fLog 0.56  pdΔ -0.1757  pkR 5.01  clip 0.03  kl +0.000
upd  176  steps  362496  sps 1365  opp symm  loss -0.010  pg +0.0198  v 0.005  ev +0.95  adv_std 0.099  tR +0.00  ent[s/d/p/e] 1.75/1.91/1.36/0.53  emits 0.45  spf 57.9  z0 0.73  garr 114.7  tG 919  e2 0.10  nF 4.9  pS 0.36  ptS 0.34  fLog 0.59  pdΔ -0.1426  pkR 4.64  clip 0.10  kl +0.003
upd  177  steps  364544  sps 1370  opp symm  loss -0.032  pg -0.0017  v 0.003  ev +0.97  adv_std 0.076  tR +0.20  ent[s/d/p/e] 1.82/2.04/1.32/0.50  emits 0.37  spf 64.0  z0 0.77  garr 127.4  tG 1006  e2 0.07  nF 4.4  pS 0.36  ptS 0.34  fLog 0.60  pdΔ -0.1392  pkR 4.44  clip 0.06  kl +0.002
upd  178  steps  366592  sps 1374  opp symm  loss +0.004  pg +0.0328  v 0.007  ev +0.94  adv_std 0.121  tR +0.60  ent[s/d/p/e] 1.77/1.99/1.39/0.50  emits 0.36  spf 65.3  z0 0.77  garr 136.2  tG 1057  e2 0.07  nF 3.8  pS 0.35  ptS 0.33  fLog 0.61  pdΔ -0.1518  pkR 4.32  clip 0.06  kl +0.000
upd  179  steps  368640  sps 1378  opp symm  loss -0.008  pg +0.0220  v 0.005  ev +0.96  adv_std 0.097  tR +0.33  ent[s/d/p/e] 1.79/1.97/1.36/0.51  emits 0.35  spf 66.8  z0 0.77  garr 140.5  tG 1113  e2 0.06  nF 3.7  pS 0.35  ptS 0.34  fLog 0.61  pdΔ -0.1495  pkR 4.99  clip 0.04  kl -0.000
upd  180  steps  370688  sps 1383  opp symm  loss +0.004  pg +0.0345  v 0.003  ev +0.98  adv_std 0.078  tR +1.00  ent[s/d/p/e] 1.81/2.03/1.41/0.50  emits 0.36  spf 72.6  z0 0.76  garr 134.7  tG 1086  e2 0.07  nF 3.8  pS 0.36  ptS 0.34  fLog 0.62  pdΔ -0.1413  pkR 5.14  clip 0.09  kl +0.002
upd  181  steps  372736  sps 1387  opp symm  loss -0.018  pg +0.0124  v 0.005  ev +0.96  adv_std 0.103  tR +0.00  ent[s/d/p/e] 1.79/2.01/1.32/0.54  emits 0.39  spf 70.0  z0 0.75  garr 138.1  tG 1107  e2 0.08  nF 4.2  pS 0.35  ptS 0.34  fLog 0.61  pdΔ -0.1468  pkR 5.18  clip 0.12  kl +0.003
upd  182  steps  374784  sps 1391  opp symm  loss +0.015  pg +0.0436  v 0.006  ev +0.96  adv_std 0.109  tR +0.60  ent[s/d/p/e] 1.87/2.00/1.32/0.47  emits 0.32  spf 79.6  z0 0.78  garr 135.5  tG 1093  e2 0.06  nF 3.8  pS 0.36  ptS 0.35  fLog 0.63  pdΔ -0.1416  pkR 5.04  clip 0.10  kl +0.002
upd  183  steps  376832  sps 1395  opp symm  loss +0.011  pg +0.0396  v 0.004  ev +0.97  adv_std 0.097  tR +0.20  ent[s/d/p/e] 1.84/1.96/1.28/0.49  emits 0.33  spf 71.1  z0 0.78  garr 127.8  tG 982  e2 0.06  nF 3.4  pS 0.33  ptS 0.32  fLog 0.62  pdΔ -0.1666  pkR 4.57  clip 0.03  kl +0.001
upd  184  steps  378880  sps 1400  opp symm  loss -0.002  pg +0.0236  v 0.011  ev +0.94  adv_std 0.146  tR -0.56  ent[s/d/p/e] 1.82/2.03/1.27/0.47  emits 0.34  spf 64.8  z0 0.77  garr 117.7  tG 897  e2 0.07  nF 3.8  pS 0.33  ptS 0.31  fLog 0.60  pdΔ -0.1728  pkR 5.05  clip 0.07  kl +0.004
upd  185  steps  380928  sps 1404  opp symm  loss +0.027  pg +0.0555  v 0.006  ev +0.97  adv_std 0.107  tR -0.33  ent[s/d/p/e] 1.73/1.96/1.26/0.50  emits 0.33  spf 60.9  z0 0.77  garr 104.8  tG 801  e2 0.06  nF 3.9  pS 0.31  ptS 0.30  fLog 0.60  pdΔ -0.1874  pkR 4.28  clip 0.07  kl -0.000