
=== [2026-06-11T04:09:33Z] v14e_binary_v1_a_p0i5_ORBITWARS_SHAPING_RELEASE_K_20.0_f4c613180a phase=a kind=probe chunk=300 env={"ORBITWARS_SHAPING_ANTI_HOARD": 0.03, "ORBITWARS_SHAPING_CAPTURE": 0.06, "ORBITWARS_SHAPING_RELEASE": 0.003, "ORBITWARS_SHAPING_RELEASE_K": 20.0, "ORBITWARS_SHAPING_PROD_SHARE_DELTA": 0.01, "ORBITWARS_SHAPING_ONE_SHIP_PENALTY": 0.01} ppo={"ent_coef_emit": 0.0175, "lr_peak": 4.5e-05} ===
[reward] kaggle-aligned: terminal +1 win/+1 tie>0/-1 loss/-1 double-wipeout; is_terminal at step >= episode_steps-2; SHAPING_SCALE=0.0; v1: KEEP_HOME=0.0 FLEET_SIZE=0.0/norm20.0; v2 (expert-replay calibrated): PROD_SHARE=0.0 PLANET_SHARE=0.0 FLEET_LOG=0.0/ref500.0/floor0.3; v3 (top10-2630ep calibrated): PROD_SHARE_DELTA=0.01 EMIT_LOG=0.0 EMIT_GATED=0.0 RELEASE=0.003/K20.0 CAPTURE=0.06; ANTI_HOARD=0.03/thresh0.6; episode_steps=500 (kaggle=500, mismatch=False)
[symmetric] Frog Parade style: same params drive BOTH players, no frozen/strong/buffer opponents, zero_sum_value=True
upd    0  steps    2048  sps 37  opp symm  loss -0.140  pg -0.1308  v 0.020  ev -0.91  adv_std 0.204  tR +0.00  ent[s/d/p/e] 0.38/1.35/1.26/0.38  emits 0.35  spf 15.0  z0 0.73  garr 15.2  tG 22  e2 0.06  nF 2.3  pS 0.07  ptS 0.07  fLog 0.41  pdΔ -0.4285  pkR 5.33  clip 0.03  kl +0.000
upd    1  steps    4096  sps 74  opp symm  loss -0.050  pg -0.0321  v 0.010  ev +0.26  adv_std 0.151  tR +0.00  ent[s/d/p/e] 0.91/1.42/1.15/0.52  emits 0.92  spf 15.0  z0 0.53  garr 14.6  tG 45  e2 0.22  nF 9.0  pS 0.14  ptS 0.13  fLog 0.40  pdΔ -0.3639  pkR 8.48  clip 0.07  kl +0.003
upd    2  steps    6144  sps 110  opp symm  loss -0.009  pg +0.0124  v 0.007  ev +0.45  adv_std 0.117  tR +1.00  ent[s/d/p/e] 1.25/1.68/1.06/0.57  emits 1.24  spf 17.5  z0 0.49  garr 17.8  tG 88  e2 0.30  nF 15.2  pS 0.20  ptS 0.19  fLog 0.41  pdΔ -0.2991  pkR 8.97  clip 0.19  kl +0.005
upd    3  steps    8192  sps 145  opp symm  loss -0.009  pg +0.0144  v 0.006  ev +0.30  adv_std 0.111  tR +0.00  ent[s/d/p/e] 1.44/1.83/1.05/0.58  emits 1.56  spf 18.1  z0 0.42  garr 18.9  tG 118  e2 0.36  nF 20.5  pS 0.25  ptS 0.24  fLog 0.41  pdΔ -0.2497  pkR 6.71  clip 0.39  kl +0.010
upd    4  steps   10240  sps 179  opp symm  loss +0.001  pg +0.0255  v 0.005  ev +0.47  adv_std 0.096  tR +1.00  ent[s/d/p/e] 1.61/1.95/1.05/0.55  emits 1.54  spf 20.5  z0 0.41  garr 20.8  tG 166  e2 0.36  nF 21.8  pS 0.29  ptS 0.28  fLog 0.42  pdΔ -0.2132  pkR 9.35  clip 0.26  kl +0.004
upd    5  steps   12288  sps 212  opp symm  loss -0.092  pg -0.0682  v 0.007  ev +0.60  adv_std 0.119  tR +0.00  ent[s/d/p/e] 1.72/2.04/0.99/0.55  emits 1.58  spf 23.1  z0 0.44  garr 22.5  tG 205  e2 0.37  nF 22.2  pS 0.31  ptS 0.30  fLog 0.43  pdΔ -0.1927  pkR 7.16  clip 0.31  kl +0.010
upd    6  steps   14336  sps 245  opp symm  loss +0.021  pg +0.0454  v 0.004  ev +0.57  adv_std 0.094  tR +1.00  ent[s/d/p/e] 1.71/2.06/1.00/0.54  emits 1.36  spf 24.7  z0 0.48  garr 23.8  tG 220  e2 0.31  nF 19.8  pS 0.29  ptS 0.28  fLog 0.43  pdΔ -0.2137  pkR 7.33  clip 0.18  kl +0.007
upd    7  steps   16384  sps 277  opp symm  loss -0.067  pg -0.0425  v 0.007  ev +0.49  adv_std 0.121  tR -0.60  ent[s/d/p/e] 1.84/2.13/1.03/0.56  emits 1.23  spf 29.0  z0 0.51  garr 24.5  tG 237  e2 0.28  nF 17.7  pS 0.29  ptS 0.29  fLog 0.46  pdΔ -0.2050  pkR 7.76  clip 0.29  kl +0.013
upd    8  steps   18432  sps 308  opp symm  loss -0.052  pg -0.0288  v 0.008  ev +0.49  adv_std 0.132  tR +0.60  ent[s/d/p/e] 1.76/2.08/1.04/0.56  emits 1.41  spf 26.3  z0 0.45  garr 27.3  tG 256  e2 0.33  nF 17.8  pS 0.30  ptS 0.29  fLog 0.44  pdΔ -0.1993  pkR 8.69  clip 0.24  kl +0.006
upd    9  steps   20480  sps 339  opp symm  loss -0.082  pg -0.0564  v 0.004  ev +0.64  adv_std 0.091  tR +0.33  ent[s/d/p/e] 1.74/2.07/1.09/0.57  emits 1.37  spf 27.0  z0 0.47  garr 26.3  tG 230  e2 0.32  nF 18.7  pS 0.30  ptS 0.29  fLog 0.45  pdΔ -0.2032  pkR 7.27  clip 0.21  kl +0.006
upd   10  steps   22528  sps 369  opp symm  loss -0.088  pg -0.0615  v 0.004  ev +0.66  adv_std 0.078  tR -1.00  ent[s/d/p/e] 1.72/2.07/1.09/0.57  emits 1.38  spf 28.7  z0 0.46  garr 26.9  tG 255  e2 0.31  nF 18.9  pS 0.31  ptS 0.30  fLog 0.46  pdΔ -0.1918  pkR 10.38  clip 0.20  kl +0.008
upd   11  steps   24576  sps 398  opp symm  loss -0.026  pg +0.0000  v 0.003  ev +0.59  adv_std 0.071  tR -0.33  ent[s/d/p/e] 1.80/2.13/1.04/0.56  emits 1.46  spf 29.4  z0 0.45  garr 27.0  tG 253  e2 0.33  nF 18.1  pS 0.33  ptS 0.32  fLog 0.46  pdΔ -0.1722  pkR 8.22  clip 0.27  kl +0.005
upd   12  steps   26624  sps 427  opp symm  loss -0.008  pg +0.0180  v 0.003  ev +0.70  adv_std 0.081  tR +0.00  ent[s/d/p/e] 1.88/2.20/1.02/0.55  emits 1.63  spf 26.5  z0 0.44  garr 26.3  tG 274  e2 0.35  nF 19.4  pS 0.35  ptS 0.34  fLog 0.45  pdΔ -0.1503  pkR 11.90  clip 0.18  kl +0.005
upd   13  steps   28672  sps 455  opp symm  loss -0.026  pg +0.0001  v 0.003  ev +0.77  adv_std 0.077  tR +0.33  ent[s/d/p/e] 1.97/2.25/0.99/0.53  emits 1.63  spf 26.2  z0 0.44  garr 25.0  tG 258  e2 0.35  nF 20.5  pS 0.37  ptS 0.35  fLog 0.46  pdΔ -0.1333  pkR 13.41  clip 0.17  kl +0.001
upd   14  steps   30720  sps 482  opp symm  loss -0.022  pg +0.0046  v 0.003  ev +0.81  adv_std 0.071  tR -1.00  ent[s/d/p/e] 2.05/2.30/0.99/0.53  emits 1.71  spf 27.1  z0 0.44  garr 24.5  tG 271  e2 0.36  nF 22.7  pS 0.39  ptS 0.38  fLog 0.46  pdΔ -0.1105  pkR 6.36  clip 0.22  kl +0.002
upd   15  steps   32768  sps 509  opp symm  loss -0.092  pg -0.0950  v 0.060  ev +0.27  adv_std 0.363  tR +0.38  ent[s/d/p/e] 1.92/2.25/1.02/0.50  emits 1.42  spf 26.9  z0 0.50  garr 25.8  tG 272  e2 0.30  nF 17.4  pS 0.31  ptS 0.30  fLog 0.46  pdΔ -0.1877  pkR 12.59  clip 0.12  kl +0.002
upd   16  steps   34816  sps 536  opp symm  loss -0.052  pg -0.0286  v 0.004  ev +0.62  adv_std 0.067  tR +1.00  ent[s/d/p/e] 1.47/1.84/1.03/0.51  emits 1.15  spf 21.6  z0 0.52  garr 18.2  tG 120  e2 0.26  nF 13.4  pS 0.21  ptS 0.20  fLog 0.43  pdΔ -0.2900  pkR 22.37  clip 0.23  kl +0.005
upd   17  steps   36864  sps 561  opp symm  loss -0.038  pg -0.0137  v 0.004  ev +0.84  adv_std 0.075  tR -1.00  ent[s/d/p/e] 1.54/1.89/1.02/0.53  emits 1.38  spf 21.8  z0 0.46  garr 19.4  tG 146  e2 0.33  nF 17.0  pS 0.25  ptS 0.24  fLog 0.43  pdΔ -0.2465  pkR 9.32  clip 0.25  kl +0.006
upd   18  steps   38912  sps 587  opp symm  loss -0.047  pg -0.0233  v 0.007  ev +0.74  adv_std 0.114  tR +0.20  ent[s/d/p/e] 1.71/2.05/1.05/0.53  emits 1.37  spf 25.5  z0 0.47  garr 22.0  tG 189  e2 0.31  nF 17.7  pS 0.28  ptS 0.27  fLog 0.45  pdΔ -0.2165  pkR 8.42  clip 0.14  kl +0.000
upd   19  steps   40960  sps 612  opp symm  loss -0.051  pg -0.0268  v 0.006  ev +0.81  adv_std 0.108  tR +0.20  ent[s/d/p/e] 1.74/2.06/1.05/0.55  emits 1.33  spf 26.3  z0 0.45  garr 23.5  tG 212  e2 0.31  nF 17.6  pS 0.30  ptS 0.29  fLog 0.45  pdΔ -0.2045  pkR 10.96  clip 0.22  kl +0.005
upd   20  steps   43008  sps 636  opp symm  loss -0.119  pg -0.0938  v 0.004  ev +0.87  adv_std 0.080  tR -0.50  ent[s/d/p/e] 1.71/2.02/1.03/0.54  emits 1.44  spf 23.5  z0 0.45  garr 23.6  tG 234  e2 0.32  nF 17.2  pS 0.30  ptS 0.29  fLog 0.44  pdΔ -0.2020  pkR 20.00  clip 0.19  kl +0.003
upd   21  steps   45056  sps 660  opp symm  loss -0.019  pg +0.0049  v 0.005  ev +0.80  adv_std 0.086  tR +1.00  ent[s/d/p/e] 1.69/2.03/1.03/0.52  emits 1.58  spf 22.5  z0 0.42  garr 21.8  tG 207  e2 0.35  nF 19.6  pS 0.30  ptS 0.29  fLog 0.43  pdΔ -0.2024  pkR 23.46  clip 0.31  kl +0.005
upd   22  steps   47104  sps 684  opp symm  loss -0.092  pg -0.0671  v 0.005  ev +0.86  adv_std 0.094  tR -1.00  ent[s/d/p/e] 1.73/2.06/1.00/0.56  emits 1.41  spf 25.4  z0 0.47  garr 20.9  tG 178  e2 0.31  nF 18.7  pS 0.29  ptS 0.28  fLog 0.45  pdΔ -0.2122  pkR 9.55  clip 0.14  kl +0.003
upd   23  steps   49152  sps 707  opp symm  loss -0.039  pg -0.0145  v 0.006  ev +0.86  adv_std 0.105  tR +0.14  ent[s/d/p/e] 1.71/2.07/1.00/0.55  emits 1.44  spf 25.5  z0 0.44  garr 21.2  tG 172  e2 0.31  nF 17.5  pS 0.29  ptS 0.28  fLog 0.45  pdΔ -0.2144  pkR 8.01  clip 0.14  kl +0.004
upd   24  steps   51200  sps 729  opp symm  loss -0.010  pg +0.0129  v 0.005  ev +0.85  adv_std 0.097  tR -0.33  ent[s/d/p/e] 1.62/1.99/0.97/0.53  emits 1.25  spf 25.0  z0 0.50  garr 20.6  tG 165  e2 0.28  nF 15.8  pS 0.26  ptS 0.26  fLog 0.45  pdΔ -0.2350  pkR 9.84  clip 0.19  kl +0.005
upd   25  steps   53248  sps 752  opp symm  loss -0.011  pg +0.0135  v 0.004  ev +0.91  adv_std 0.086  tR -0.20  ent[s/d/p/e] 1.69/2.03/1.04/0.54  emits 1.19  spf 24.8  z0 0.51  garr 22.6  tG 203  e2 0.27  nF 14.1  pS 0.28  ptS 0.27  fLog 0.45  pdΔ -0.2207  pkR 14.66  clip 0.14  kl +0.002
upd   26  steps   55296  sps 774  opp symm  loss -0.016  pg +0.0103  v 0.002  ev +0.95  adv_std 0.066  tR -1.00  ent[s/d/p/e] 1.75/2.07/0.98/0.58  emits 1.25  spf 24.3  z0 0.49  garr 20.7  tG 158  e2 0.29  nF 15.3  pS 0.29  ptS 0.28  fLog 0.45  pdΔ -0.2144  pkR 6.64  clip 0.22  kl +0.010
upd   27  steps   57344  sps 795  opp symm  loss -0.059  pg -0.0335  v 0.003  ev +0.94  adv_std 0.077  tR +0.14  ent[s/d/p/e] 1.79/2.15/0.97/0.54  emits 1.14  spf 27.6  z0 0.53  garr 24.5  tG 200  e2 0.25  nF 14.6  pS 0.30  ptS 0.28  fLog 0.47  pdΔ -0.2032  pkR 9.07  clip 0.13  kl +0.007
upd   28  steps   59392  sps 816  opp symm  loss +0.009  pg +0.0336  v 0.005  ev +0.86  adv_std 0.094  tR -1.00  ent[s/d/p/e] 1.85/2.17/0.90/0.53  emits 1.36  spf 25.9  z0 0.48  garr 22.2  tG 178  e2 0.29  nF 15.8  pS 0.30  ptS 0.29  fLog 0.45  pdΔ -0.1996  pkR 7.84  clip 0.18  kl +0.007
upd   29  steps   61440  sps 837  opp symm  loss -0.020  pg +0.0063  v 0.003  ev +0.91  adv_std 0.077  tR +0.00  ent[s/d/p/e] 1.95/2.21/0.92/0.55  emits 1.38  spf 24.9  z0 0.48  garr 22.0  tG 189  e2 0.30  nF 17.4  pS 0.32  ptS 0.31  fLog 0.45  pdΔ -0.1838  pkR 8.27  clip 0.22  kl +0.008
upd   30  steps   63488  sps 857  opp symm  loss -0.026  pg -0.0002  v 0.004  ev +0.90  adv_std 0.084  tR -0.33  ent[s/d/p/e] 1.92/2.19/0.99/0.54  emits 1.56  spf 24.2  z0 0.44  garr 21.9  tG 200  e2 0.33  nF 19.5  pS 0.32  ptS 0.32  fLog 0.44  pdΔ -0.1779  pkR 7.93  clip 0.23  kl +0.006
upd   31  steps   65536  sps 877  opp symm  loss -0.050  pg -0.0300  v 0.014  ev +0.76  adv_std 0.166  tR -0.08  ent[s/d/p/e] 1.76/2.13/1.02/0.51  emits 0.92  spf 25.3  z0 0.60  garr 20.7  tG 147  e2 0.20  nF 11.8  pS 0.23  ptS 0.23  fLog 0.46  pdΔ -0.2667  pkR 8.09  clip 0.14  kl +0.003
upd   32  steps   67584  sps 897  opp symm  loss +0.025  pg +0.0514  v 0.003  ev +0.93  adv_std 0.080  tR -1.00  ent[s/d/p/e] 1.76/2.12/1.04/0.56  emits 1.00  spf 28.0  z0 0.56  garr 25.0  tG 179  e2 0.22  nF 11.5  pS 0.25  ptS 0.25  fLog 0.46  pdΔ -0.2490  pkR 7.67  clip 0.12  kl +0.000
upd   33  steps   69632  sps 916  opp symm  loss +0.023  pg +0.0467  v 0.009  ev +0.87  adv_std 0.130  tR +0.33  ent[s/d/p/e] 1.81/2.18/1.09/0.57  emits 1.01  spf 27.2  z0 0.54  garr 26.4  tG 193  e2 0.22  nF 12.4  pS 0.27  ptS 0.27  fLog 0.47  pdΔ -0.2256  pkR 6.14  clip 0.17  kl +0.001
upd   34  steps   71680  sps 935  opp symm  loss -0.002  pg +0.0238  v 0.005  ev +0.92  adv_std 0.102  tR -1.00  ent[s/d/p/e] 1.84/2.20/1.04/0.57  emits 0.99  spf 31.0  z0 0.57  garr 27.1  tG 203  e2 0.22  nF 11.0  pS 0.27  ptS 0.26  fLog 0.48  pdΔ -0.2314  pkR 6.26  clip 0.13  kl +0.003
upd   35  steps   73728  sps 954  opp symm  loss -0.042  pg -0.0168  v 0.006  ev +0.91  adv_std 0.111  tR -0.14  ent[s/d/p/e] 1.84/2.23/1.06/0.56  emits 1.16  spf 28.9  z0 0.54  garr 26.7  tG 190  e2 0.25  nF 12.2  pS 0.28  ptS 0.27  fLog 0.48  pdΔ -0.2213  pkR 6.00  clip 0.15  kl +0.004
upd   36  steps   75776  sps 972  opp symm  loss -0.063  pg -0.0366  v 0.003  ev +0.95  adv_std 0.080  tR -1.00  ent[s/d/p/e] 1.87/2.21/1.05/0.57  emits 1.06  spf 30.3  z0 0.55  garr 27.1  tG 197  e2 0.24  nF 12.4  pS 0.28  ptS 0.27  fLog 0.48  pdΔ -0.2199  pkR 6.06  clip 0.11  kl +0.001
upd   37  steps   77824  sps 990  opp symm  loss +0.011  pg +0.0380  v 0.003  ev +0.96  adv_std 0.073  tR +0.33  ent[s/d/p/e] 1.89/2.22/1.08/0.57  emits 1.11  spf 29.1  z0 0.54  garr 27.9  tG 213  e2 0.24  nF 13.4  pS 0.30  ptS 0.29  fLog 0.48  pdΔ -0.2006  pkR 5.42  clip 0.13  kl +0.002
upd   38  steps   79872  sps 1008  opp symm  loss -0.006  pg +0.0196  v 0.006  ev +0.90  adv_std 0.112  tR +0.50  ent[s/d/p/e] 1.97/2.30/1.06/0.56  emits 1.16  spf 30.9  z0 0.53  garr 27.9  tG 223  e2 0.25  nF 13.6  pS 0.31  ptS 0.30  fLog 0.49  pdΔ -0.1893  pkR 6.15  clip 0.11  kl +0.001
upd   39  steps   81920  sps 1025  opp symm  loss -0.055  pg -0.0286  v 0.005  ev +0.94  adv_std 0.099  tR +0.56  ent[s/d/p/e] 2.05/2.34/1.02/0.55  emits 1.27  spf 28.7  z0 0.53  garr 26.5  tG 222  e2 0.27  nF 13.9  pS 0.32  ptS 0.31  fLog 0.48  pdΔ -0.1804  pkR 6.40  clip 0.12  kl +0.003
upd   40  steps   83968  sps 1042  opp symm  loss -0.058  pg -0.0325  v 0.007  ev +0.91  adv_std 0.117  tR -0.33  ent[s/d/p/e] 1.99/2.31/1.04/0.56  emits 1.14  spf 31.8  z0 0.56  garr 28.2  tG 222  e2 0.24  nF 12.7  pS 0.29  ptS 0.29  fLog 0.49  pdΔ -0.2104  pkR 8.36  clip 0.14  kl +0.006
upd   41  steps   86016  sps 1059  opp symm  loss -0.026  pg +0.0016  v 0.004  ev +0.96  adv_std 0.090  tR +0.00  ent[s/d/p/e] 2.07/2.36/1.07/0.55  emits 1.12  spf 33.3  z0 0.56  garr 29.7  tG 248  e2 0.24  nF 13.0  pS 0.32  ptS 0.31  fLog 0.50  pdΔ -0.1818  pkR 7.01  clip 0.16  kl +0.004
upd   42  steps   88064  sps 1076  opp symm  loss -0.021  pg +0.0065  v 0.005  ev +0.96  adv_std 0.097  tR -0.20  ent[s/d/p/e] 2.13/2.40/1.06/0.54  emits 1.22  spf 33.7  z0 0.54  garr 31.1  tG 290  e2 0.26  nF 13.7  pS 0.35  ptS 0.35  fLog 0.50  pdΔ -0.1501  pkR 7.15  clip 0.15  kl +0.005
upd   43  steps   90112  sps 1092  opp symm  loss -0.029  pg -0.0022  v 0.004  ev +0.96  adv_std 0.092  tR +0.00  ent[s/d/p/e] 2.07/2.37/1.06/0.53  emits 1.15  spf 31.0  z0 0.56  garr 34.9  tG 334  e2 0.24  nF 14.2  pS 0.35  ptS 0.34  fLog 0.49  pdΔ -0.1545  pkR 12.07  clip 0.14  kl +0.004
upd   44  steps   92160  sps 1108  opp symm  loss +0.004  pg +0.0310  v 0.003  ev +0.97  adv_std 0.075  tR +0.50  ent[s/d/p/e] 1.97/2.31/1.08/0.54  emits 1.04  spf 29.9  z0 0.59  garr 30.2  tG 206  e2 0.21  nF 13.5  pS 0.28  ptS 0.27  fLog 0.48  pdΔ -0.2241  pkR 5.89  clip 0.07  kl +0.000
upd   45  steps   94208  sps 1124  opp symm  loss -0.040  pg -0.0125  v 0.004  ev +0.95  adv_std 0.094  tR +0.50  ent[s/d/p/e] 2.01/2.38/1.13/0.54  emits 1.01  spf 29.0  z0 0.60  garr 30.4  tG 189  e2 0.21  nF 12.8  pS 0.27  ptS 0.26  fLog 0.48  pdΔ -0.2284  pkR 6.34  clip 0.13  kl +0.004
upd   46  steps   96256  sps 1140  opp symm  loss -0.068  pg -0.0414  v 0.004  ev +0.96  adv_std 0.092  tR +0.00  ent[s/d/p/e] 1.96/2.30/1.10/0.55  emits 1.09  spf 27.9  z0 0.58  garr 30.5  tG 199  e2 0.22  nF 13.7  pS 0.29  ptS 0.28  fLog 0.48  pdΔ -0.2089  pkR 7.63  clip 0.21  kl +0.004
upd   47  steps   98304  sps 1155  opp symm  loss -0.001  pg +0.0272  v 0.003  ev +0.97  adv_std 0.082  tR +0.33  ent[s/d/p/e] 1.99/2.34/1.14/0.57  emits 0.90  spf 31.2  z0 0.60  garr 37.1  tG 236  e2 0.19  nF 11.8  pS 0.29  ptS 0.28  fLog 0.49  pdΔ -0.2069  pkR 5.31  clip 0.10  kl +0.002
upd   48  steps  100352  sps 1170  opp symm  loss +0.005  pg +0.0331  v 0.005  ev +0.94  adv_std 0.098  tR +0.14  ent[s/d/p/e] 1.92/2.32/1.20/0.58  emits 0.82  spf 32.8  z0 0.60  garr 39.8  tG 265  e2 0.18  nF 10.4  pS 0.30  ptS 0.29  fLog 0.50  pdΔ -0.1971  pkR 7.08  clip 0.10  kl +0.001
upd   49  steps  102400  sps 1185  opp symm  loss -0.029  pg -0.0006  v 0.003  ev +0.96  adv_std 0.070  tR +0.33  ent[s/d/p/e] 1.95/2.32/1.10/0.58  emits 0.84  spf 33.0  z0 0.62  garr 42.7  tG 298  e2 0.19  nF 10.6  pS 0.31  ptS 0.30  fLog 0.50  pdΔ -0.1889  pkR 7.92  clip 0.09  kl +0.002
upd   50  steps  104448  sps 1200  opp symm  loss -0.007  pg +0.0208  v 0.003  ev +0.95  adv_std 0.083  tR -0.33  ent[s/d/p/e] 1.96/2.31/1.13/0.59  emits 1.01  spf 34.9  z0 0.56  garr 42.9  tG 308  e2 0.22  nF 11.9  pS 0.33  ptS 0.31  fLog 0.50  pdΔ -0.1712  pkR 5.88  clip 0.17  kl +0.008
upd   51  steps  106496  sps 1214  opp symm  loss -0.021  pg +0.0066  v 0.004  ev +0.93  adv_std 0.090  tR +0.50  ent[s/d/p/e] 1.94/2.31/1.15/0.58  emits 0.79  spf 41.3  z0 0.60  garr 47.2  tG 381  e2 0.17  nF 10.7  pS 0.34  ptS 0.33  fLog 0.52  pdΔ -0.1571  pkR 6.19  clip 0.08  kl +0.002
upd   52  steps  108544  sps 1228  opp symm  loss +0.002  pg +0.0307  v 0.003  ev +0.94  adv_std 0.079  tR +1.00  ent[s/d/p/e] 1.99/2.36/1.20/0.59  emits 0.87  spf 41.2  z0 0.60  garr 50.9  tG 379  e2 0.19  nF 10.3  pS 0.34  ptS 0.32  fLog 0.53  pdΔ -0.1605  pkR 5.22  clip 0.13  kl +0.003
upd   53  steps  110592  sps 1242  opp symm  loss -0.089  pg -0.0609  v 0.004  ev +0.94  adv_std 0.086  tR +0.20  ent[s/d/p/e] 1.98/2.35/1.19/0.57  emits 0.74  spf 41.0  z0 0.65  garr 54.4  tG 429  e2 0.17  nF 9.4  pS 0.34  ptS 0.32  fLog 0.53  pdΔ -0.1646  pkR 8.79  clip 0.12  kl +0.000
upd   54  steps  112640  sps 1256  opp symm  loss -0.049  pg -0.0197  v 0.004  ev +0.94  adv_std 0.086  tR +0.50  ent[s/d/p/e] 2.04/2.40/1.25/0.58  emits 0.88  spf 43.5  z0 0.62  garr 52.8  tG 396  e2 0.19  nF 10.0  pS 0.32  ptS 0.31  fLog 0.54  pdΔ -0.1797  pkR 9.58  clip 0.12  kl +0.005
upd   55  steps  114688  sps 1270  opp symm  loss -0.074  pg -0.0455  v 0.003  ev +0.94  adv_std 0.085  tR -0.11  ent[s/d/p/e] 1.98/2.36/1.23/0.58  emits 0.77  spf 43.5  z0 0.63  garr 48.9  tG 346  e2 0.17  nF 8.7  pS 0.29  ptS 0.29  fLog 0.54  pdΔ -0.2056  pkR 5.74  clip 0.09  kl +0.003
upd   56  steps  116736  sps 1283  opp symm  loss -0.052  pg -0.0249  v 0.006  ev +0.91  adv_std 0.108  tR +0.43  ent[s/d/p/e] 1.81/2.23/1.28/0.58  emits 0.66  spf 37.8  z0 0.64  garr 46.5  tG 304  e2 0.14  nF 7.8  pS 0.28  ptS 0.27  fLog 0.52  pdΔ -0.2223  pkR 7.61  clip 0.12  kl +0.000
upd   57  steps  118784  sps 1297  opp symm  loss -0.018  pg +0.0099  v 0.003  ev +0.96  adv_std 0.081  tR +0.33  ent[s/d/p/e] 1.83/2.26/1.25/0.58  emits 0.62  spf 40.9  z0 0.67  garr 49.6  tG 323  e2 0.15  nF 7.5  pS 0.27  ptS 0.27  fLog 0.53  pdΔ -0.2252  pkR 6.64  clip 0.10  kl +0.003
upd   58  steps  120832  sps 1310  opp symm  loss +0.005  pg +0.0324  v 0.005  ev +0.94  adv_std 0.103  tR -0.20  ent[s/d/p/e] 1.83/2.26/1.28/0.57  emits 0.67  spf 38.4  z0 0.66  garr 49.5  tG 316  e2 0.14  nF 7.8  pS 0.28  ptS 0.27  fLog 0.52  pdΔ -0.2210  pkR 7.36  clip 0.08  kl +0.003
upd   59  steps  122880  sps 1323  opp symm  loss -0.075  pg -0.0473  v 0.006  ev +0.93  adv_std 0.106  tR +0.00  ent[s/d/p/e] 1.89/2.30/1.31/0.57  emits 0.56  spf 42.0  z0 0.67  garr 52.1  tG 340  e2 0.12  nF 7.6  pS 0.28  ptS 0.27  fLog 0.54  pdΔ -0.2200  pkR 6.35  clip 0.12  kl +0.003
upd   60  steps  124928  sps 1335  opp symm  loss +0.009  pg +0.0362  v 0.004  ev +0.96  adv_std 0.087  tR +0.00  ent[s/d/p/e] 1.76/2.19/1.26/0.57  emits 0.57  spf 36.1  z0 0.68  garr 54.4  tG 365  e2 0.12  nF 7.3  pS 0.27  ptS 0.27  fLog 0.51  pdΔ -0.2291  pkR 7.36  clip 0.05  kl +0.003
upd   61  steps  126976  sps 1348  opp symm  loss -0.022  pg +0.0046  v 0.005  ev +0.96  adv_std 0.093  tR -0.14  ent[s/d/p/e] 1.70/2.14/1.27/0.57  emits 0.55  spf 42.2  z0 0.67  garr 55.4  tG 388  e2 0.11  nF 7.0  pS 0.27  ptS 0.26  fLog 0.52  pdΔ -0.2344  pkR 7.43  clip 0.10  kl +0.004
upd   62  steps  129024  sps 1360  opp symm  loss +0.015  pg +0.0427  v 0.003  ev +0.97  adv_std 0.078  tR -1.00  ent[s/d/p/e] 1.82/2.23/1.23/0.56  emits 0.58  spf 44.2  z0 0.68  garr 58.0  tG 438  e2 0.12  nF 6.9  pS 0.29  ptS 0.28  fLog 0.53  pdΔ -0.2113  pkR 6.17  clip 0.07  kl +0.003
upd   63  steps  131072  sps 1373  opp symm  loss +0.001  pg +0.0285  v 0.005  ev +0.94  adv_std 0.099  tR -0.56  ent[s/d/p/e] 1.83/2.28/1.27/0.56  emits 0.51  spf 50.7  z0 0.70  garr 64.7  tG 498  e2 0.10  nF 6.4  pS 0.29  ptS 0.28  fLog 0.55  pdΔ -0.2088  pkR 6.07  clip 0.13  kl +0.003
upd   64  steps  133120  sps 1385  opp symm  loss -0.024  pg +0.0032  v 0.005  ev +0.92  adv_std 0.097  tR +0.50  ent[s/d/p/e] 1.82/2.30/1.28/0.55  emits 0.46  spf 56.5  z0 0.71  garr 70.9  tG 521  e2 0.10  nF 5.5  pS 0.29  ptS 0.28  fLog 0.57  pdΔ -0.2127  pkR 6.10  clip 0.06  kl -0.001
upd   65  steps  135168  sps 1396  opp symm  loss -0.039  pg -0.0114  v 0.004  ev +0.94  adv_std 0.092  tR +0.00  ent[s/d/p/e] 1.87/2.30/1.27/0.56  emits 0.56  spf 55.4  z0 0.69  garr 71.6  tG 510  e2 0.12  nF 6.0  pS 0.29  ptS 0.28  fLog 0.56  pdΔ -0.2081  pkR 6.36  clip 0.05  kl +0.005
upd   66  steps  137216  sps 1408  opp symm  loss +0.021  pg +0.0493  v 0.004  ev +0.96  adv_std 0.085  tR +0.00  ent[s/d/p/e] 1.94/2.33/1.25/0.55  emits 0.46  spf 55.4  z0 0.72  garr 71.7  tG 509  e2 0.10  nF 5.7  pS 0.31  ptS 0.30  fLog 0.57  pdΔ -0.1925  pkR 4.92  clip 0.05  kl +0.002
upd   67  steps  139264  sps 1420  opp symm  loss +0.006  pg +0.0337  v 0.003  ev +0.95  adv_std 0.081  tR +0.14  ent[s/d/p/e] 1.88/2.33/1.22/0.53  emits 0.43  spf 51.7  z0 0.75  garr 77.0  tG 538  e2 0.08  nF 4.8  pS 0.30  ptS 0.29  fLog 0.57  pdΔ -0.1993  pkR 4.97  clip 0.10  kl +0.004
upd   68  steps  141312  sps 1431  opp symm  loss +0.016  pg +0.0439  v 0.004  ev +0.94  adv_std 0.084  tR -1.00  ent[s/d/p/e] 1.90/2.31/1.27/0.56  emits 0.50  spf 59.3  z0 0.70  garr 80.4  tG 597  e2 0.10  nF 4.8  pS 0.32  ptS 0.31  fLog 0.58  pdΔ -0.1790  pkR 4.84  clip 0.09  kl +0.006
upd   69  steps  143360  sps 1443  opp symm  loss -0.006  pg +0.0216  v 0.005  ev +0.88  adv_std 0.102  tR +1.00  ent[s/d/p/e] 1.85/2.26/1.26/0.60  emits 0.60  spf 54.1  z0 0.65  garr 78.4  tG 591  e2 0.13  nF 6.0  pS 0.32  ptS 0.31  fLog 0.55  pdΔ -0.1804  pkR 4.67  clip 0.07  kl +0.003
upd   70  steps  145408  sps 1454  opp symm  loss -0.006  pg +0.0216  v 0.006  ev +0.88  adv_std 0.109  tR -0.50  ent[s/d/p/e] 1.87/2.29/1.37/0.58  emits 0.55  spf 56.8  z0 0.67  garr 75.8  tG 576  e2 0.13  nF 6.0  pS 0.32  ptS 0.31  fLog 0.57  pdΔ -0.1819  pkR 5.78  clip 0.09  kl +0.002
upd   71  steps  147456  sps 1465  opp symm  loss -0.017  pg +0.0098  v 0.007  ev +0.86  adv_std 0.119  tR +0.00  ent[s/d/p/e] 1.83/2.24/1.32/0.57  emits 0.59  spf 56.5  z0 0.66  garr 69.0  tG 515  e2 0.13  nF 5.9  pS 0.30  ptS 0.29  fLog 0.56  pdΔ -0.2046  pkR 7.11  clip 0.07  kl +0.001
upd   72  steps  149504  sps 1475  opp symm  loss -0.025  pg +0.0028  v 0.004  ev +0.92  adv_std 0.087  tR -0.50  ent[s/d/p/e] 1.87/2.20/1.27/0.57  emits 0.62  spf 50.5  z0 0.67  garr 62.8  tG 468  e2 0.14  nF 6.8  pS 0.30  ptS 0.29  fLog 0.55  pdΔ -0.1989  pkR 7.73  clip 0.10  kl +0.002
upd   73  steps  151552  sps 1486  opp symm  loss -0.007  pg +0.0226  v 0.002  ev +0.96  adv_std 0.062  tR +0.00  ent[s/d/p/e] 1.92/2.24/1.24/0.60  emits 0.74  spf 45.5  z0 0.61  garr 57.6  tG 440  e2 0.16  nF 8.0  pS 0.33  ptS 0.32  fLog 0.54  pdΔ -0.1653  pkR 8.33  clip 0.10  kl +0.004
upd   74  steps  153600  sps 1497  opp symm  loss -0.019  pg +0.0084  v 0.005  ev +0.91  adv_std 0.101  tR -0.33  ent[s/d/p/e] 2.02/2.29/1.23/0.58  emits 0.81  spf 43.5  z0 0.61  garr 54.1  tG 416  e2 0.17  nF 8.5  pS 0.34  ptS 0.33  fLog 0.54  pdΔ -0.1573  pkR 6.57  clip 0.11  kl +0.007
upd   75  steps  155648  sps 1507  opp symm  loss -0.044  pg -0.0171  v 0.006  ev +0.87  adv_std 0.111  tR +0.11  ent[s/d/p/e] 2.03/2.30/1.22/0.57  emits 0.82  spf 36.6  z0 0.61  garr 55.4  tG 410  e2 0.17  nF 9.2  pS 0.34  ptS 0.33  fLog 0.51  pdΔ -0.1560  pkR 4.65  clip 0.13  kl +0.000
upd   76  steps  157696  sps 1517  opp symm  loss -0.015  pg +0.0111  v 0.007  ev +0.85  adv_std 0.115  tR +0.33  ent[s/d/p/e] 1.86/2.19/1.23/0.57  emits 0.72  spf 41.5  z0 0.64  garr 57.8  tG 421  e2 0.15  nF 8.0  pS 0.31  ptS 0.31  fLog 0.53  pdΔ -0.1852  pkR 4.41  clip 0.05  kl +0.000
upd   77  steps  159744  sps 1528  opp symm  loss -0.054  pg -0.0272  v 0.005  ev +0.87  adv_std 0.103  tR -0.20  ent[s/d/p/e] 1.88/2.18/1.28/0.57  emits 0.64  spf 44.4  z0 0.64  garr 58.2  tG 420  e2 0.14  nF 7.2  pS 0.30  ptS 0.29  fLog 0.54  pdΔ -0.1996  pkR 4.54  clip 0.09  kl +0.004
upd   78  steps  161792  sps 1538  opp symm  loss +0.023  pg +0.0514  v 0.003  ev +0.93  adv_std 0.074  tR +1.00  ent[s/d/p/e] 1.94/2.20/1.19/0.57  emits 0.76  spf 39.5  z0 0.63  garr 56.4  tG 419  e2 0.16  nF 8.1  pS 0.33  ptS 0.32  fLog 0.52  pdΔ -0.1747  pkR 4.48  clip 0.10  kl +0.004
upd   79  steps  163840  sps 1548  opp symm  loss -0.025  pg +0.0013  v 0.007  ev +0.87  adv_std 0.114  tR +0.56  ent[s/d/p/e] 1.87/2.15/1.31/0.54  emits 0.65  spf 38.6  z0 0.68  garr 57.2  tG 407  e2 0.14  nF 7.5  pS 0.30  ptS 0.29  fLog 0.52  pdΔ -0.1994  pkR 4.44  clip 0.11  kl +0.002
upd   80  steps  165888  sps 1557  opp symm  loss +0.020  pg +0.0452  v 0.006  ev +0.89  adv_std 0.106  tR -0.50  ent[s/d/p/e] 1.68/2.05/1.29/0.54  emits 0.50  spf 40.1  z0 0.70  garr 62.5  tG 423  e2 0.11  nF 6.2  pS 0.28  ptS 0.27  fLog 0.52  pdΔ -0.2225  pkR 5.00  clip 0.09  kl +0.003
upd   81  steps  167936  sps 1567  opp symm  loss +0.001  pg +0.0293  v 0.003  ev +0.94  adv_std 0.080  tR +1.00  ent[s/d/p/e] 1.79/2.21/1.32/0.56  emits 0.48  spf 47.6  z0 0.72  garr 75.9  tG 502  e2 0.09  nF 5.1  pS 0.28  ptS 0.27  fLog 0.55  pdΔ -0.2189  pkR 4.29  clip 0.08  kl -0.000
upd   82  steps  169984  sps 1577  opp symm  loss -0.014  pg +0.0120  v 0.006  ev +0.91  adv_std 0.109  tR +0.00  ent[s/d/p/e] 1.84/2.21/1.28/0.54  emits 0.50  spf 48.5  z0 0.71  garr 79.5  tG 529  e2 0.11  nF 5.0  pS 0.29  ptS 0.28  fLog 0.55  pdΔ -0.2075  pkR 4.79  clip 0.09  kl +0.000
upd   83  steps  172032  sps 1586  opp symm  loss +0.014  pg +0.0406  v 0.004  ev +0.93  adv_std 0.085  tR +0.33  ent[s/d/p/e] 1.66/2.17/1.37/0.53  emits 0.38  spf 56.0  z0 0.74  garr 84.9  tG 565  e2 0.07  nF 4.3  pS 0.28  ptS 0.27  fLog 0.57  pdΔ -0.2206  pkR 5.59  clip 0.09  kl +0.004
upd   84  steps  174080  sps 1595  opp symm  loss -0.067  pg -0.0407  v 0.005  ev +0.94  adv_std 0.095  tR +0.00  ent[s/d/p/e] 1.68/2.12/1.28/0.53  emits 0.38  spf 59.6  z0 0.75  garr 90.1  tG 606  e2 0.08  nF 4.2  pS 0.28  ptS 0.27  fLog 0.57  pdΔ -0.2159  pkR 5.38  clip 0.06  kl -0.000
upd   85  steps  176128  sps 1605  opp symm  loss -0.046  pg -0.0180  v 0.002  ev +0.98  adv_std 0.058  tR -1.00  ent[s/d/p/e] 1.83/2.25/1.22/0.54  emits 0.45  spf 59.2  z0 0.73  garr 93.8  tG 639  e2 0.09  nF 4.4  pS 0.30  ptS 0.28  fLog 0.58  pdΔ -0.2021  pkR 5.65  clip 0.10  kl +0.002
upd   86  steps  178176  sps 1614  opp symm  loss -0.041  pg -0.0148  v 0.004  ev +0.95  adv_std 0.098  tR +0.00  ent[s/d/p/e] 1.84/2.24/1.19/0.54  emits 0.51  spf 60.0  z0 0.71  garr 83.2  tG 567  e2 0.10  nF 4.6  pS 0.28  ptS 0.27  fLog 0.56  pdΔ -0.2200  pkR 6.64  clip 0.08  kl +0.002
upd   87  steps  180224  sps 1623  opp symm  loss -0.012  pg +0.0147  v 0.002  ev +0.97  adv_std 0.071  tR +0.00  ent[s/d/p/e] 1.68/2.16/1.25/0.51  emits 0.39  spf 54.4  z0 0.74  garr 77.7  tG 504  e2 0.07  nF 4.3  pS 0.25  ptS 0.25  fLog 0.56  pdΔ -0.2462  pkR 6.06  clip 0.06  kl +0.000
upd   88  steps  182272  sps 1632  opp symm  loss +0.012  pg +0.0386  v 0.003  ev +0.97  adv_std 0.072  tR -1.00  ent[s/d/p/e] 1.64/2.13/1.29/0.52  emits 0.42  spf 58.8  z0 0.74  garr 74.4  tG 484  e2 0.09  nF 4.4  pS 0.26  ptS 0.25  fLog 0.57  pdΔ -0.2433  pkR 6.62  clip 0.09  kl +0.003
upd   89  steps  184320  sps 1641  opp symm  loss -0.037  pg -0.0113  v 0.006  ev +0.94  adv_std 0.106  tR +0.00  ent[s/d/p/e] 1.71/2.12/1.30/0.55  emits 0.53  spf 52.5  z0 0.70  garr 63.5  tG 433  e2 0.11  nF 5.4  pS 0.28  ptS 0.26  fLog 0.56  pdΔ -0.2235  pkR 7.11  clip 0.06  kl +0.002
upd   90  steps  186368  sps 1649  opp symm  loss -0.038  pg -0.0109  v 0.004  ev +0.96  adv_std 0.089  tR -0.50  ent[s/d/p/e] 1.80/2.13/1.26/0.55  emits 0.50  spf 49.1  z0 0.70  garr 59.0  tG 379  e2 0.10  nF 6.0  pS 0.28  ptS 0.26  fLog 0.56  pdΔ -0.2232  pkR 5.41  clip 0.09  kl +0.004
upd   91  steps  188416  sps 1658  opp symm  loss -0.048  pg -0.0228  v 0.006  ev +0.94  adv_std 0.117  tR -0.20  ent[s/d/p/e] 1.81/2.15/1.24/0.54  emits 0.48  spf 49.2  z0 0.73  garr 63.8  tG 397  e2 0.10  nF 5.5  pS 0.27  ptS 0.26  fLog 0.56  pdΔ -0.2278  pkR 4.01  clip 0.08  kl +0.001
upd   92  steps  190464  sps 1666  opp symm  loss +0.013  pg +0.0387  v 0.007  ev +0.93  adv_std 0.114  tR -0.33  ent[s/d/p/e] 1.66/2.11/1.32/0.55  emits 0.44  spf 51.1  z0 0.71  garr 65.6  tG 416  e2 0.09  nF 4.8  pS 0.27  ptS 0.25  fLog 0.57  pdΔ -0.2329  pkR 4.41  clip 0.10  kl +0.001
upd   93  steps  192512  sps 1675  opp symm  loss +0.022  pg +0.0491  v 0.005  ev +0.94  adv_std 0.101  tR -1.00  ent[s/d/p/e] 1.73/2.15/1.34/0.54  emits 0.41  spf 57.8  z0 0.73  garr 67.4  tG 444  e2 0.09  nF 4.5  pS 0.28  ptS 0.27  fLog 0.60  pdΔ -0.2163  pkR 4.18  clip 0.09  kl +0.003
upd   94  steps  194560  sps 1683  opp symm  loss -0.027  pg -0.0020  v 0.008  ev +0.91  adv_std 0.131  tR -0.71  ent[s/d/p/e] 1.84/2.17/1.35/0.52  emits 0.37  spf 62.6  z0 0.76  garr 79.9  tG 560  e2 0.07  nF 3.6  pS 0.31  ptS 0.30  fLog 0.61  pdΔ -0.1887  pkR 3.41  clip 0.05  kl -0.001
upd   95  steps  196608  sps 1691  opp symm  loss -0.017  pg +0.0104  v 0.004  ev +0.96  adv_std 0.090  tR +0.00  ent[s/d/p/e] 1.77/2.13/1.41/0.51  emits 0.36  spf 66.2  z0 0.75  garr 76.1  tG 549  e2 0.07  nF 3.3  pS 0.29  ptS 0.29  fLog 0.62  pdΔ -0.2057  pkR 3.97  clip 0.05  kl +0.002
upd   96  steps  198656  sps 1700  opp symm  loss -0.017  pg +0.0089  v 0.006  ev +0.94  adv_std 0.110  tR -0.33  ent[s/d/p/e] 1.76/2.10/1.35/0.53  emits 0.41  spf 65.1  z0 0.73  garr 76.0  tG 543  e2 0.08  nF 3.7  pS 0.29  ptS 0.29  fLog 0.62  pdΔ -0.2091  pkR 4.07  clip 0.10  kl +0.002
upd   97  steps  200704  sps 1708  opp symm  loss -0.010  pg +0.0185  v 0.004  ev +0.97  adv_std 0.089  tR -1.00  ent[s/d/p/e] 1.89/2.20/1.40/0.56  emits 0.43  spf 69.3  z0 0.73  garr 73.6  tG 546  e2 0.09  nF 4.1  pS 0.31  ptS 0.30  fLog 0.63  pdΔ -0.1938  pkR 4.02  clip 0.08  kl +0.003
upd   98  steps  202752  sps 1716  opp symm  loss +0.004  pg +0.0300  v 0.005  ev +0.95  adv_std 0.100  tR -0.33  ent[s/d/p/e] 1.84/2.15/1.29/0.51  emits 0.38  spf 62.0  z0 0.76  garr 71.3  tG 539  e2 0.08  nF 3.7  pS 0.31  ptS 0.30  fLog 0.61  pdΔ -0.1927  pkR 3.76  clip 0.06  kl +0.002
[eval_vs_v20] u99 tag=train_u99  bin0=0.0%  spf=10.40  garr=138.10  flip=40.00%  z0=59.9%  e8=0.0%  e2+=0.0%  WLD=0/3/0
upd   99  steps  204800  sps 1723  opp symm  loss +0.004  pg +0.0311  v 0.005  ev +0.96  adv_std 0.102  tR +1.00  ent[s/d/p/e] 1.95/2.21/1.31/0.55  emits 0.48  spf 64.0  z0 0.72  garr 73.5  tG 551  e2 0.10  nF 4.6  pS 0.32  ptS 0.31  fLog 0.61  pdΔ -0.1819  pkR 3.91  clip 0.10  kl +0.002 WRr 0.16 v20[spf 10.4 flip 40.0% e2+ 0.0%]
upd  100  steps  206848  sps 891  opp symm  loss -0.028  pg -0.0006  v 0.003  ev +0.97  adv_std 0.080  tR +0.00  ent[s/d/p/e] 1.92/2.20/1.29/0.53  emits 0.41  spf 63.0  z0 0.74  garr 77.1  tG 595  e2 0.08  nF 4.2  pS 0.32  ptS 0.31  fLog 0.61  pdΔ -0.1779  pkR 3.44  clip 0.07  kl +0.001
upd  101  steps  208896  sps 898  opp symm  loss -0.036  pg -0.0085  v 0.004  ev +0.97  adv_std 0.090  tR -1.00  ent[s/d/p/e] 2.01/2.22/1.27/0.55  emits 0.52  spf 68.8  z0 0.70  garr 78.1  tG 636  e2 0.11  nF 4.6  pS 0.34  ptS 0.33  fLog 0.62  pdΔ -0.1563  pkR 4.20  clip 0.13  kl +0.002
upd  102  steps  210944  sps 904  opp symm  loss +0.015  pg +0.0413  v 0.006  ev +0.95  adv_std 0.114  tR +0.33  ent[s/d/p/e] 2.13/2.27/1.14/0.53  emits 0.58  spf 65.8  z0 0.70  garr 76.1  tG 649  e2 0.12  nF 5.5  pS 0.37  ptS 0.36  fLog 0.61  pdΔ -0.1318  pkR 3.78  clip 0.07  kl +0.005
upd  103  steps  212992  sps 910  opp symm  loss -0.033  pg -0.0053  v 0.003  ev +0.97  adv_std 0.079  tR +0.00  ent[s/d/p/e] 2.08/2.24/1.21/0.51  emits 0.49  spf 63.0  z0 0.73  garr 74.3  tG 608  e2 0.10  nF 4.9  pS 0.34  ptS 0.33  fLog 0.61  pdΔ -0.1633  pkR 5.09  clip 0.10  kl +0.002
upd  104  steps  215040  sps 917  opp symm  loss +0.005  pg +0.0327  v 0.003  ev +0.97  adv_std 0.084  tR -1.00  ent[s/d/p/e] 2.15/2.21/1.14/0.52  emits 0.59  spf 61.1  z0 0.71  garr 74.9  tG 587  e2 0.12  nF 5.5  pS 0.34  ptS 0.33  fLog 0.60  pdΔ -0.1649  pkR 3.96  clip 0.07  kl +0.003
upd  105  steps  217088  sps 923  opp symm  loss -0.006  pg +0.0206  v 0.004  ev +0.97  adv_std 0.090  tR +0.60  ent[s/d/p/e] 2.12/2.24/1.14/0.50  emits 0.56  spf 59.7  z0 0.71  garr 79.1  tG 583  e2 0.11  nF 5.2  pS 0.34  ptS 0.33  fLog 0.60  pdΔ -0.1623  pkR 3.69  clip 0.07  kl -0.000
upd  106  steps  219136  sps 929  opp symm  loss -0.039  pg -0.0136  v 0.006  ev +0.94  adv_std 0.114  tR +1.00  ent[s/d/p/e] 1.93/2.22/1.21/0.52  emits 0.45  spf 56.2  z0 0.75  garr 77.9  tG 525  e2 0.09  nF 4.4  pS 0.31  ptS 0.29  fLog 0.59  pdΔ -0.1947  pkR 3.26  clip 0.10  kl +0.004
upd  107  steps  221184  sps 935  opp symm  loss -0.051  pg -0.0254  v 0.006  ev +0.94  adv_std 0.113  tR +0.00  ent[s/d/p/e] 1.78/2.12/1.36/0.52  emits 0.42  spf 61.4  z0 0.74  garr 74.5  tG 516  e2 0.08  nF 3.9  pS 0.30  ptS 0.28  fLog 0.60  pdΔ -0.2013  pkR 3.81  clip 0.06  kl -0.000
upd  108  steps  223232  sps 941  opp symm  loss +0.015  pg +0.0373  v 0.013  ev +0.89  adv_std 0.163  tR -0.60  ent[s/d/p/e] 1.95/2.20/1.24/0.54  emits 0.51  spf 52.7  z0 0.72  garr 65.6  tG 464  e2 0.11  nF 5.1  pS 0.31  ptS 0.30  fLog 0.58  pdΔ -0.1879  pkR 4.59  clip 0.10  kl +0.005
upd  109  steps  225280  sps 947  opp symm  loss -0.006  pg +0.0217  v 0.004  ev +0.97  adv_std 0.089  tR +1.00  ent[s/d/p/e] 1.96/2.19/1.22/0.54  emits 0.52  spf 50.6  z0 0.72  garr 61.2  tG 439  e2 0.11  nF 5.7  pS 0.32  ptS 0.31  fLog 0.59  pdΔ -0.1822  pkR 4.09  clip 0.08  kl +0.001
upd  110  steps  227328  sps 953  opp symm  loss -0.061  pg -0.0361  v 0.007  ev +0.95  adv_std 0.117  tR +0.11  ent[s/d/p/e] 1.79/2.09/1.30/0.51  emits 0.43  spf 57.2  z0 0.73  garr 64.7  tG 468  e2 0.09  nF 4.0  pS 0.30  ptS 0.29  fLog 0.60  pdΔ -0.2040  pkR 6.54  clip 0.09  kl +0.004
upd  111  steps  229376  sps 959  opp symm  loss -0.008  pg +0.0181  v 0.005  ev +0.96  adv_std 0.098  tR +0.00  ent[s/d/p/e] 1.83/2.11/1.36/0.49  emits 0.35  spf 59.7  z0 0.77  garr 64.4  tG 434  e2 0.07  nF 3.8  pS 0.27  ptS 0.26  fLog 0.61  pdΔ -0.2312  pkR 6.26  clip 0.08  kl +0.003
upd  112  steps  231424  sps 965  opp symm  loss -0.014  pg +0.0115  v 0.005  ev +0.95  adv_std 0.095  tR +0.33  ent[s/d/p/e] 1.68/2.04/1.43/0.47  emits 0.34  spf 61.0  z0 0.77  garr 63.6  tG 414  e2 0.06  nF 3.2  pS 0.25  ptS 0.25  fLog 0.61  pdΔ -0.2478  pkR 4.22  clip 0.08  kl +0.001
upd  113  steps  233472  sps 971  opp symm  loss -0.030  pg -0.0047  v 0.007  ev +0.93  adv_std 0.119  tR -0.14  ent[s/d/p/e] 1.77/2.07/1.35/0.51  emits 0.39  spf 59.5  z0 0.75  garr 63.5  tG 406  e2 0.08  nF 3.5  pS 0.27  ptS 0.26  fLog 0.61  pdΔ -0.2335  pkR 3.92  clip 0.06  kl +0.003
upd  114  steps  235520  sps 977  opp symm  loss -0.032  pg -0.0067  v 0.006  ev +0.94  adv_std 0.106  tR +1.00  ent[s/d/p/e] 1.82/2.07/1.32/0.50  emits 0.40  spf 54.0  z0 0.76  garr 63.0  tG 401  e2 0.08  nF 3.9  pS 0.27  ptS 0.26  fLog 0.60  pdΔ -0.2296  pkR 4.04  clip 0.06  kl +0.003
upd  115  steps  237568  sps 983  opp symm  loss -0.066  pg -0.0402  v 0.006  ev +0.95  adv_std 0.106  tR -0.33  ent[s/d/p/e] 1.78/2.08/1.33/0.52  emits 0.38  spf 54.6  z0 0.76  garr 70.5  tG 478  e2 0.08  nF 4.2  pS 0.29  ptS 0.28  fLog 0.60  pdΔ -0.2116  pkR 3.97  clip 0.14  kl +0.008
upd  116  steps  239616  sps 989  opp symm  loss -0.066  pg -0.0396  v 0.006  ev +0.94  adv_std 0.109  tR +0.33  ent[s/d/p/e] 1.77/2.03/1.44/0.53  emits 0.48  spf 54.4  z0 0.71  garr 62.8  tG 426  e2 0.10  nF 4.4  pS 0.28  ptS 0.27  fLog 0.60  pdΔ -0.2187  pkR 4.35  clip 0.09  kl +0.004
upd  117  steps  241664  sps 994  opp symm  loss +0.014  pg +0.0359  v 0.014  ev +0.89  adv_std 0.165  tR +0.60  ent[s/d/p/e] 1.73/1.91/1.41/0.53  emits 0.54  spf 47.3  z0 0.69  garr 54.8  tG 367  e2 0.11  nF 5.3  pS 0.27  ptS 0.27  fLog 0.57  pdΔ -0.2251  pkR 4.85  clip 0.12  kl +0.001
upd  118  steps  243712  sps 1000  opp symm  loss -0.028  pg -0.0028  v 0.006  ev +0.96  adv_std 0.110  tR -0.33  ent[s/d/p/e] 1.75/1.90/1.38/0.52  emits 0.40  spf 45.9  z0 0.75  garr 54.9  tG 378  e2 0.09  nF 5.0  pS 0.28  ptS 0.27  fLog 0.57  pdΔ -0.2244  pkR 4.58  clip 0.07  kl +0.001
upd  119  steps  245760  sps 1006  opp symm  loss -0.024  pg +0.0024  v 0.004  ev +0.97  adv_std 0.094  tR +0.00  ent[s/d/p/e] 1.81/1.91/1.44/0.50  emits 0.43  spf 51.4  z0 0.74  garr 62.4  tG 434  e2 0.09  nF 4.2  pS 0.27  ptS 0.26  fLog 0.58  pdΔ -0.2310  pkR 4.89  clip 0.08  kl +0.003
upd  120  steps  247808  sps 1012  opp symm  loss -0.024  pg +0.0020  v 0.006  ev +0.96  adv_std 0.109  tR -0.33  ent[s/d/p/e] 1.86/1.90/1.39/0.51  emits 0.53  spf 48.9  z0 0.72  garr 63.0  tG 434  e2 0.12  nF 4.8  pS 0.28  ptS 0.27  fLog 0.57  pdΔ -0.2232  pkR 5.10  clip 0.09  kl +0.004
upd  121  steps  249856  sps 1017  opp symm  loss -0.008  pg +0.0174  v 0.005  ev +0.96  adv_std 0.104  tR -0.67  ent[s/d/p/e] 1.82/1.91/1.36/0.50  emits 0.48  spf 52.9  z0 0.72  garr 59.3  tG 416  e2 0.10  nF 4.6  pS 0.27  ptS 0.27  fLog 0.58  pdΔ -0.2268  pkR 6.10  clip 0.11  kl +0.003
upd  122  steps  251904  sps 1023  opp symm  loss +0.016  pg +0.0413  v 0.005  ev +0.96  adv_std 0.102  tR +0.00  ent[s/d/p/e] 1.66/1.84/1.40/0.49  emits 0.41  spf 55.3  z0 0.74  garr 58.7  tG 398  e2 0.08  nF 3.8  pS 0.25  ptS 0.25  fLog 0.59  pdΔ -0.2483  pkR 5.33  clip 0.10  kl +0.002
upd  123  steps  253952  sps 1029  opp symm  loss +0.010  pg +0.0347  v 0.007  ev +0.95  adv_std 0.120  tR -0.60  ent[s/d/p/e] 1.72/1.85/1.46/0.49  emits 0.41  spf 54.4  z0 0.75  garr 62.5  tG 428  e2 0.08  nF 3.7  pS 0.26  ptS 0.25  fLog 0.59  pdΔ -0.2435  pkR 4.88  clip 0.10  kl +0.004
upd  124  steps  256000  sps 1034  opp symm  loss +0.003  pg +0.0283  v 0.005  ev +0.96  adv_std 0.100  tR +0.00  ent[s/d/p/e] 1.83/1.95/1.42/0.46  emits 0.39  spf 55.2  z0 0.77  garr 64.9  tG 441  e2 0.08  nF 4.1  pS 0.27  ptS 0.26  fLog 0.59  pdΔ -0.2337  pkR 5.08  clip 0.08  kl +0.001
upd  125  steps  258048  sps 1040  opp symm  loss -0.035  pg -0.0119  v 0.010  ev +0.93  adv_std 0.145  tR +0.00  ent[s/d/p/e] 1.76/1.95/1.45/0.48  emits 0.37  spf 59.6  z0 0.78  garr 76.1  tG 534  e2 0.07  nF 3.6  pS 0.27  ptS 0.26  fLog 0.60  pdΔ -0.2287  pkR 4.43  clip 0.06  kl -0.001
upd  126  steps  260096  sps 1045  opp symm  loss -0.037  pg -0.0114  v 0.005  ev +0.97  adv_std 0.095  tR -1.00  ent[s/d/p/e] 1.78/1.97/1.41/0.46  emits 0.36  spf 60.1  z0 0.78  garr 84.5  tG 582  e2 0.07  nF 3.7  pS 0.27  ptS 0.26  fLog 0.59  pdΔ -0.2318  pkR 5.56  clip 0.06  kl +0.001
upd  127  steps  262144  sps 1051  opp symm  loss +0.011  pg +0.0344  v 0.011  ev +0.93  adv_std 0.148  tR +0.25  ent[s/d/p/e] 1.87/2.09/1.38/0.48  emits 0.39  spf 64.6  z0 0.79  garr 94.6  tG 639  e2 0.08  nF 3.6  pS 0.28  ptS 0.27  fLog 0.60  pdΔ -0.2197  pkR 5.32  clip 0.04  kl +0.001
upd  128  steps  264192  sps 1056  opp symm  loss -0.028  pg -0.0016  v 0.006  ev +0.95  adv_std 0.109  tR -0.33  ent[s/d/p/e] 1.83/2.06/1.53/0.49  emits 0.36  spf 66.1  z0 0.78  garr 95.6  tG 628  e2 0.07  nF 3.3  pS 0.27  ptS 0.26  fLog 0.61  pdΔ -0.2322  pkR 5.92  clip 0.06  kl +0.002
upd  129  steps  266240  sps 1062  opp symm  loss +0.014  pg +0.0404  v 0.005  ev +0.96  adv_std 0.100  tR +0.00  ent[s/d/p/e] 1.84/2.04/1.53/0.48  emits 0.36  spf 68.9  z0 0.77  garr 94.0  tG 622  e2 0.07  nF 3.6  pS 0.28  ptS 0.27  fLog 0.61  pdΔ -0.2191  pkR 6.78  clip 0.07  kl +0.003
upd  130  steps  268288  sps 1067  opp symm  loss -0.026  pg +0.0019  v 0.004  ev +0.97  adv_std 0.093  tR +0.00  ent[s/d/p/e] 1.95/2.02/1.55/0.50  emits 0.33  spf 65.8  z0 0.78  garr 103.2  tG 711  e2 0.06  nF 3.3  pS 0.31  ptS 0.30  fLog 0.62  pdΔ -0.1940  pkR 6.49  clip 0.09  kl +0.003
upd  131  steps  270336  sps 1073  opp symm  loss -0.014  pg +0.0109  v 0.010  ev +0.94  adv_std 0.140  tR -0.50  ent[s/d/p/e] 1.96/2.06/1.51/0.51  emits 0.37  spf 75.1  z0 0.77  garr 107.4  tG 769  e2 0.07  nF 3.4  pS 0.31  ptS 0.31  fLog 0.63  pdΔ -0.1877  pkR 6.56  clip 0.08  kl +0.004
upd  132  steps  272384  sps 1078  opp symm  loss +0.020  pg +0.0462  v 0.006  ev +0.97  adv_std 0.105  tR +0.60  ent[s/d/p/e] 1.86/2.03/1.47/0.47  emits 0.34  spf 61.6  z0 0.79  garr 111.2  tG 826  e2 0.06  nF 3.6  pS 0.32  ptS 0.31  fLog 0.60  pdΔ -0.1837  pkR 6.29  clip 0.06  kl +0.000
upd  133  steps  274432  sps 1083  opp symm  loss -0.014  pg +0.0130  v 0.005  ev +0.97  adv_std 0.095  tR -0.60  ent[s/d/p/e] 1.88/2.02/1.45/0.49  emits 0.34  spf 70.9  z0 0.78  garr 111.9  tG 851  e2 0.06  nF 3.3  pS 0.30  ptS 0.30  fLog 0.62  pdΔ -0.1953  pkR 6.82  clip 0.09  kl +0.003
upd  134  steps  276480  sps 1089  opp symm  loss +0.004  pg +0.0303  v 0.004  ev +0.97  adv_std 0.095  tR -0.20  ent[s/d/p/e] 1.78/2.03/1.43/0.46  emits 0.34  spf 67.2  z0 0.79  garr 121.4  tG 931  e2 0.07  nF 3.3  pS 0.31  ptS 0.31  fLog 0.61  pdΔ -0.1873  pkR 6.12  clip 0.05  kl +0.002
upd  135  steps  278528  sps 1094  opp symm  loss -0.007  pg +0.0172  v 0.007  ev +0.95  adv_std 0.119  tR +0.50  ent[s/d/p/e] 1.71/1.97/1.45/0.46  emits 0.35  spf 66.8  z0 0.78  garr 123.2  tG 952  e2 0.07  nF 3.7  pS 0.32  ptS 0.31  fLog 0.60  pdΔ -0.1831  pkR 5.57  clip 0.05  kl +0.000
upd  136  steps  280576  sps 1099  opp symm  loss +0.004  pg +0.0279  v 0.009  ev +0.93  adv_std 0.136  tR +0.00  ent[s/d/p/e] 1.68/2.04/1.46/0.47  emits 0.27  spf 76.5  z0 0.80  garr 123.3  tG 913  e2 0.05  nF 3.1  pS 0.31  ptS 0.29  fLog 0.63  pdΔ -0.1939  pkR 5.26  clip 0.08  kl +0.002
upd  137  steps  282624  sps 1104  opp symm  loss +0.016  pg +0.0376  v 0.010  ev +0.94  adv_std 0.140  tR -1.00  ent[s/d/p/e] 1.57/2.06/1.51/0.40  emits 0.25  spf 76.6  z0 0.83  garr 119.8  tG 886  e2 0.04  nF 2.6  pS 0.30  ptS 0.28  fLog 0.64  pdΔ -0.2026  pkR 4.88  clip 0.16  kl +0.005
upd  138  steps  284672  sps 1109  opp symm  loss +0.001  pg +0.0262  v 0.006  ev +0.96  adv_std 0.112  tR -0.60  ent[s/d/p/e] 1.67/2.17/1.44/0.46  emits 0.24  spf 80.8  z0 0.83  garr 121.1  tG 962  e2 0.05  nF 2.3  pS 0.31  ptS 0.29  fLog 0.64  pdΔ -0.1934  pkR 5.70  clip 0.09  kl +0.002
upd  139  steps  286720  sps 1115  opp symm  loss -0.007  pg +0.0177  v 0.005  ev +0.96  adv_std 0.105  tR +0.00  ent[s/d/p/e] 1.74/2.20/1.38/0.42  emits 0.25  spf 82.8  z0 0.83  garr 125.2  tG 972  e2 0.04  nF 2.6  pS 0.30  ptS 0.29  fLog 0.64  pdΔ -0.1992  pkR 5.28  clip 0.06  kl +0.001
upd  140  steps  288768  sps 1120  opp symm  loss -0.026  pg -0.0023  v 0.005  ev +0.96  adv_std 0.104  tR -0.50  ent[s/d/p/e] 1.54/2.10/1.35/0.42  emits 0.24  spf 82.1  z0 0.81  garr 123.9  tG 966  e2 0.03  nF 2.5  pS 0.28  ptS 0.28  fLog 0.63  pdΔ -0.2167  pkR 6.15  clip 0.06  kl +0.000
upd  141  steps  290816  sps 1125  opp symm  loss -0.025  pg -0.0036  v 0.007  ev +0.95  adv_std 0.118  tR +0.20  ent[s/d/p/e] 1.58/2.04/1.20/0.39  emits 0.26  spf 77.8  z0 0.82  garr 112.7  tG 828  e2 0.04  nF 2.5  pS 0.27  ptS 0.26  fLog 0.61  pdΔ -0.2347  pkR 7.37  clip 0.05  kl +0.003
upd  142  steps  292864  sps 1130  opp symm  loss +0.011  pg +0.0341  v 0.005  ev +0.96  adv_std 0.096  tR +1.00  ent[s/d/p/e] 1.28/2.00/1.34/0.42  emits 0.21  spf 63.2  z0 0.84  garr 114.1  tG 743  e2 0.04  nF 2.5  pS 0.25  ptS 0.24  fLog 0.59  pdΔ -0.2547  pkR 7.47  clip 0.04  kl -0.000
upd  143  steps  294912  sps 1135  opp symm  loss -0.006  pg +0.0161  v 0.007  ev +0.94  adv_std 0.117  tR +0.00  ent[s/d/p/e] 1.41/2.06/1.38/0.41  emits 0.21  spf 64.2  z0 0.83  garr 115.7  tG 714  e2 0.03  nF 2.2  pS 0.24  ptS 0.23  fLog 0.60  pdΔ -0.2607  pkR 6.10  clip 0.07  kl +0.002
upd  144  steps  296960  sps 1140  opp symm  loss -0.004  pg +0.0201  v 0.007  ev +0.93  adv_std 0.118  tR -1.00  ent[s/d/p/e] 1.58/2.09/1.44/0.47  emits 0.31  spf 65.4  z0 0.80  garr 114.0  tG 706  e2 0.06  nF 3.1  pS 0.25  ptS 0.24  fLog 0.61  pdΔ -0.2455  pkR 6.68  clip 0.04  kl +0.001
upd  145  steps  299008  sps 1145  opp symm  loss -0.066  pg -0.0399  v 0.006  ev +0.95  adv_std 0.108  tR -1.00  ent[s/d/p/e] 1.64/2.12/1.49/0.49  emits 0.29  spf 67.0  z0 0.80  garr 111.0  tG 728  e2 0.06  nF 3.3  pS 0.28  ptS 0.27  fLog 0.60  pdΔ -0.2240  pkR 6.56  clip 0.06  kl +0.002
upd  146  steps  301056  sps 1150  opp symm  loss -0.062  pg -0.0342  v 0.005  ev +0.97  adv_std 0.096  tR +0.00  ent[s/d/p/e] 1.83/2.11/1.48/0.51  emits 0.40  spf 60.4  z0 0.77  garr 106.6  tG 734  e2 0.08  nF 4.2  pS 0.30  ptS 0.30  fLog 0.59  pdΔ -0.1968  pkR 5.36  clip 0.05  kl +0.002
upd  147  steps  303104  sps 1155  opp symm  loss +0.001  pg +0.0280  v 0.006  ev +0.96  adv_std 0.113  tR -1.00  ent[s/d/p/e] 1.99/2.16/1.44/0.53  emits 0.48  spf 61.5  z0 0.72  garr 95.9  tG 690  e2 0.10  nF 5.1  pS 0.34  ptS 0.32  fLog 0.60  pdΔ -0.1645  pkR 4.98  clip 0.06  kl -0.000
upd  148  steps  305152  sps 1160  opp symm  loss +0.001  pg +0.0264  v 0.010  ev +0.94  adv_std 0.139  tR +1.00  ent[s/d/p/e] 1.99/2.10/1.43/0.54  emits 0.48  spf 57.3  z0 0.73  garr 89.0  tG 665  e2 0.10  nF 5.7  pS 0.34  ptS 0.33  fLog 0.58  pdΔ -0.1554  pkR 4.97  clip 0.06  kl +0.001
upd  149  steps  307200  sps 1165  opp symm  loss -0.012  pg +0.0139  v 0.006  ev +0.96  adv_std 0.113  tR +0.14  ent[s/d/p/e] 1.91/2.06/1.45/0.51  emits 0.45  spf 55.1  z0 0.75  garr 81.7  tG 589  e2 0.09  nF 4.9  pS 0.31  ptS 0.30  fLog 0.59  pdΔ -0.1883  pkR 5.36  clip 0.08  kl -0.001
upd  150  steps  309248  sps 1170  opp symm  loss -0.017  pg +0.0065  v 0.011  ev +0.92  adv_std 0.153  tR -0.20  ent[s/d/p/e] 1.70/1.95/1.42/0.53  emits 0.39  spf 56.4  z0 0.75  garr 79.9  tG 563  e2 0.07  nF 4.3  pS 0.28  ptS 0.28  fLog 0.59  pdΔ -0.2167  pkR 4.58  clip 0.09  kl +0.000
upd  151  steps  311296  sps 1175  opp symm  loss -0.028  pg -0.0016  v 0.006  ev +0.96  adv_std 0.109  tR +1.00  ent[s/d/p/e] 1.76/1.92/1.47/0.53  emits 0.41  spf 57.0  z0 0.73  garr 84.7  tG 606  e2 0.08  nF 4.4  pS 0.30  ptS 0.30  fLog 0.59  pdΔ -0.1998  pkR 4.07  clip 0.10  kl +0.004
upd  152  steps  313344  sps 1180  opp symm  loss -0.018  pg +0.0063  v 0.009  ev +0.95  adv_std 0.135  tR +0.00  ent[s/d/p/e] 1.80/1.92/1.46/0.51  emits 0.42  spf 61.5  z0 0.75  garr 85.3  tG 620  e2 0.09  nF 4.6  pS 0.31  ptS 0.30  fLog 0.60  pdΔ -0.1947  pkR 4.28  clip 0.06  kl +0.003
upd  153  steps  315392  sps 1184  opp symm  loss +0.001  pg +0.0255  v 0.007  ev +0.96  adv_std 0.116  tR -0.60  ent[s/d/p/e] 1.74/1.85/1.44/0.49  emits 0.37  spf 66.7  z0 0.77  garr 87.1  tG 672  e2 0.07  nF 3.9  pS 0.30  ptS 0.30  fLog 0.61  pdΔ -0.1986  pkR 4.72  clip 0.06  kl +0.001
upd  154  steps  317440  sps 1189  opp symm  loss -0.014  pg +0.0097  v 0.009  ev +0.94  adv_std 0.138  tR -0.33  ent[s/d/p/e] 1.70/1.92/1.34/0.52  emits 0.47  spf 59.7  z0 0.72  garr 85.1  tG 624  e2 0.10  nF 4.3  pS 0.29  ptS 0.28  fLog 0.59  pdΔ -0.2137  pkR 6.24  clip 0.11  kl +0.001
upd  155  steps  319488  sps 1194  opp symm  loss -0.017  pg +0.0049  v 0.010  ev +0.93  adv_std 0.144  tR +0.50  ent[s/d/p/e] 1.47/1.82/1.39/0.48  emits 0.38  spf 49.1  z0 0.75  garr 77.9  tG 554  e2 0.08  nF 4.1  pS 0.27  ptS 0.26  fLog 0.56  pdΔ -0.2298  pkR 5.07  clip 0.08  kl +0.004
upd  156  steps  321536  sps 1199  opp symm  loss -0.048  pg -0.0229  v 0.005  ev +0.96  adv_std 0.099  tR +0.00  ent[s/d/p/e] 1.44/1.88/1.40/0.49  emits 0.34  spf 53.8  z0 0.77  garr 80.8  tG 550  e2 0.07  nF 3.7  pS 0.25  ptS 0.25  fLog 0.58  pdΔ -0.2455  pkR 6.07  clip 0.05  kl +0.002
upd  157  steps  323584  sps 1203  opp symm  loss -0.004  pg +0.0177  v 0.008  ev +0.94  adv_std 0.128  tR -0.43  ent[s/d/p/e] 1.45/1.84/1.37/0.45  emits 0.34  spf 51.5  z0 0.77  garr 77.3  tG 506  e2 0.06  nF 3.7  pS 0.25  ptS 0.24  fLog 0.57  pdΔ -0.2543  pkR 7.14  clip 0.12  kl +0.001
upd  158  steps  325632  sps 1208  opp symm  loss +0.005  pg +0.0306  v 0.004  ev +0.97  adv_std 0.092  tR -1.00  ent[s/d/p/e] 1.59/1.89/1.38/0.51  emits 0.40  spf 50.5  z0 0.75  garr 87.7  tG 561  e2 0.08  nF 4.2  pS 0.26  ptS 0.26  fLog 0.58  pdΔ -0.2368  pkR 6.21  clip 0.05  kl +0.002
upd  159  steps  327680  sps 1213  opp symm  loss -0.001  pg +0.0248  v 0.006  ev +0.96  adv_std 0.111  tR -1.00  ent[s/d/p/e] 1.64/1.98/1.45/0.51  emits 0.36  spf 57.9  z0 0.77  garr 95.4  tG 644  e2 0.07  nF 3.9  pS 0.29  ptS 0.27  fLog 0.59  pdΔ -0.2135  pkR 6.23  clip 0.05  kl +0.003
upd  160  steps  329728  sps 1217  opp symm  loss -0.009  pg +0.0177  v 0.005  ev +0.97  adv_std 0.098  tR -0.20  ent[s/d/p/e] 1.79/2.04/1.51/0.49  emits 0.38  spf 58.0  z0 0.77  garr 98.8  tG 711  e2 0.08  nF 4.0  pS 0.31  ptS 0.29  fLog 0.59  pdΔ -0.1940  pkR 5.71  clip 0.04  kl +0.001
upd  161  steps  331776  sps 1222  opp symm  loss -0.003  pg +0.0231  v 0.006  ev +0.97  adv_std 0.106  tR -0.50  ent[s/d/p/e] 1.84/2.08/1.45/0.49  emits 0.41  spf 59.5  z0 0.75  garr 102.5  tG 749  e2 0.08  nF 4.1  pS 0.31  ptS 0.30  fLog 0.60  pdΔ -0.1918  pkR 4.17  clip 0.07  kl +0.001
upd  162  steps  333824  sps 1227  opp symm  loss +0.035  pg +0.0620  v 0.004  ev +0.98  adv_std 0.092  tR -0.33  ent[s/d/p/e] 1.98/2.12/1.40/0.48  emits 0.42  spf 58.7  z0 0.77  garr 115.9  tG 846  e2 0.08  nF 4.9  pS 0.32  ptS 0.31  fLog 0.59  pdΔ -0.1769  pkR 5.21  clip 0.07  kl +0.001
upd  163  steps  335872  sps 1231  opp symm  loss +0.043  pg +0.0687  v 0.006  ev +0.97  adv_std 0.107  tR -0.33  ent[s/d/p/e] 1.94/2.06/1.41/0.47  emits 0.42  spf 59.2  z0 0.78  garr 128.8  tG 958  e2 0.08  nF 4.6  pS 0.33  ptS 0.32  fLog 0.58  pdΔ -0.1702  pkR 5.17  clip 0.09  kl +0.003
upd  164  steps  337920  sps 1236  opp symm  loss +0.000  pg +0.0256  v 0.006  ev +0.96  adv_std 0.108  tR -0.14  ent[s/d/p/e] 1.86/1.91/1.47/0.46  emits 0.29  spf 70.2  z0 0.82  garr 145.4  tG 1079  e2 0.05  nF 3.2  pS 0.33  ptS 0.32  fLog 0.61  pdΔ -0.1726  pkR 4.76  clip 0.07  kl +0.002
upd  165  steps  339968  sps 1240  opp symm  loss -0.054  pg -0.0297  v 0.009  ev +0.92  adv_std 0.134  tR -0.33  ent[s/d/p/e] 1.87/1.83/1.53/0.46  emits 0.33  spf 77.5  z0 0.78  garr 152.1  tG 1136  e2 0.06  nF 3.1  pS 0.33  ptS 0.32  fLog 0.62  pdΔ -0.1715  pkR 5.73  clip 0.06  kl +0.002
upd  166  steps  342016  sps 1245  opp symm  loss -0.014  pg +0.0104  v 0.007  ev +0.95  adv_std 0.115  tR +0.50  ent[s/d/p/e] 1.79/1.79/1.48/0.48  emits 0.34  spf 70.9  z0 0.79  garr 146.6  tG 1102  e2 0.07  nF 3.8  pS 0.33  ptS 0.32  fLog 0.60  pdΔ -0.1722  pkR 6.39  clip 0.06  kl +0.001
upd  167  steps  344064  sps 1249  opp symm  loss -0.059  pg -0.0343  v 0.006  ev +0.95  adv_std 0.106  tR -0.11  ent[s/d/p/e] 1.73/1.89/1.48/0.46  emits 0.31  spf 71.5  z0 0.79  garr 153.6  tG 1145  e2 0.05  nF 3.3  pS 0.32  ptS 0.31  fLog 0.59  pdΔ -0.1803  pkR 5.71  clip 0.05  kl +0.000
upd  168  steps  346112  sps 1254  opp symm  loss +0.005  pg +0.0271  v 0.010  ev +0.90  adv_std 0.141  tR +0.00  ent[s/d/p/e] 1.76/2.00/1.42/0.44  emits 0.33  spf 62.8  z0 0.79  garr 141.7  tG 1071  e2 0.06  nF 3.8  pS 0.32  ptS 0.31  fLog 0.58  pdΔ -0.1811  pkR 5.11  clip 0.08  kl +0.002
upd  169  steps  348160  sps 1258  opp symm  loss +0.000  pg +0.0255  v 0.007  ev +0.94  adv_std 0.114  tR +0.20  ent[s/d/p/e] 1.73/1.92/1.53/0.48  emits 0.29  spf 71.7  z0 0.81  garr 144.5  tG 1085  e2 0.05  nF 3.3  pS 0.31  ptS 0.30  fLog 0.61  pdΔ -0.1883  pkR 5.62  clip 0.06  kl +0.002
upd  170  steps  350208  sps 1263  opp symm  loss +0.002  pg +0.0247  v 0.010  ev +0.92  adv_std 0.144  tR +0.20  ent[s/d/p/e] 1.69/1.87/1.52/0.48  emits 0.33  spf 76.1  z0 0.78  garr 148.7  tG 1120  e2 0.07  nF 3.1  pS 0.32  ptS 0.31  fLog 0.62  pdΔ -0.1833  pkR 6.09  clip 0.04  kl +0.001
upd  171  steps  352256  sps 1267  opp symm  loss -0.041  pg -0.0168  v 0.009  ev +0.93  adv_std 0.133  tR -0.50  ent[s/d/p/e] 1.77/1.94/1.52/0.48  emits 0.33  spf 74.0  z0 0.78  garr 144.2  tG 1068  e2 0.06  nF 2.9  pS 0.33  ptS 0.32  fLog 0.62  pdΔ -0.1748  pkR 4.52  clip 0.07  kl +0.002
upd  172  steps  354304  sps 1272  opp symm  loss -0.025  pg -0.0030  v 0.014  ev +0.90  adv_std 0.166  tR +0.00  ent[s/d/p/e] 1.80/1.93/1.50/0.53  emits 0.35  spf 66.7  z0 0.76  garr 130.2  tG 1037  e2 0.07  nF 3.4  pS 0.34  ptS 0.33  fLog 0.61  pdΔ -0.1582  pkR 5.06  clip 0.08  kl +0.006
upd  173  steps  356352  sps 1276  opp symm  loss -0.026  pg +0.0010  v 0.005  ev +0.96  adv_std 0.095  tR -1.00  ent[s/d/p/e] 1.83/1.96/1.50/0.51  emits 0.36  spf 69.3  z0 0.77  garr 116.3  tG 903  e2 0.08  nF 3.3  pS 0.32  ptS 0.31  fLog 0.62  pdΔ -0.1785  pkR 5.87  clip 0.04  kl +0.002
upd  174  steps  358400  sps 1280  opp symm  loss +0.025  pg +0.0538  v 0.003  ev +0.97  adv_std 0.083  tR +0.00  ent[s/d/p/e] 2.01/2.06/1.51/0.53  emits 0.44  spf 70.4  z0 0.74  garr 122.9  tG 972  e2 0.09  nF 4.5  pS 0.36  ptS 0.35  fLog 0.63  pdΔ -0.1414  pkR 4.74  clip 0.08  kl +0.002
upd  175  steps  360448  sps 1285  opp symm  loss +0.007  pg +0.0344  v 0.006  ev +0.94  adv_std 0.110  tR +0.00  ent[s/d/p/e] 2.17/2.18/1.41/0.54  emits 0.46  spf 73.5  z0 0.75  garr 123.0  tG 1014  e2 0.09  nF 4.4  pS 0.38  ptS 0.37  fLog 0.63  pdΔ -0.1230  pkR 4.01  clip 0.09  kl +0.006
upd  176  steps  362496  sps 1289  opp symm  loss +0.004  pg +0.0316  v 0.005  ev +0.94  adv_std 0.102  tR +0.60  ent[s/d/p/e] 2.03/2.10/1.48/0.51  emits 0.42  spf 75.6  z0 0.75  garr 117.4  tG 947  e2 0.09  nF 4.3  pS 0.36  ptS 0.35  fLog 0.63  pdΔ -0.1350  pkR 4.56  clip 0.06  kl +0.002
upd  177  steps  364544  sps 1293  opp symm  loss +0.010  pg +0.0362  v 0.008  ev +0.93  adv_std 0.124  tR +0.33  ent[s/d/p/e] 2.14/2.09/1.41/0.53  emits 0.47  spf 68.7  z0 0.73  garr 117.8  tG 968  e2 0.09  nF 4.9  pS 0.38  ptS 0.37  fLog 0.62  pdΔ -0.1207  pkR 3.95  clip 0.05  kl -0.001
upd  178  steps  366592  sps 1298  opp symm  loss +0.012  pg +0.0382  v 0.007  ev +0.93  adv_std 0.118  tR +0.71  ent[s/d/p/e] 1.95/2.05/1.50/0.50  emits 0.40  spf 68.3  z0 0.74  garr 111.5  tG 888  e2 0.07  nF 4.6  pS 0.36  ptS 0.34  fLog 0.62  pdΔ -0.1438  pkR 4.26  clip 0.05  kl +0.000
upd  179  steps  368640  sps 1302  opp symm  loss -0.001  pg +0.0253  v 0.005  ev +0.96  adv_std 0.098  tR +0.00  ent[s/d/p/e] 1.78/1.98/1.49/0.50  emits 0.31  spf 76.5  z0 0.78  garr 111.7  tG 874  e2 0.05  nF 3.3  pS 0.33  ptS 0.32  fLog 0.63  pdΔ -0.1650  pkR 3.98  clip 0.07  kl +0.001
upd  180  steps  370688  sps 1306  opp symm  loss +0.023  pg +0.0503  v 0.005  ev +0.96  adv_std 0.100  tR +0.33  ent[s/d/p/e] 1.88/2.00/1.52/0.50  emits 0.35  spf 69.9  z0 0.77  garr 108.8  tG 857  e2 0.06  nF 3.7  pS 0.33  ptS 0.32  fLog 0.63  pdΔ -0.1678  pkR 3.88  clip 0.09  kl +0.002
upd  181  steps  372736  sps 1310  opp symm  loss +0.023  pg +0.0506  v 0.004  ev +0.97  adv_std 0.089  tR +0.00  ent[s/d/p/e] 1.94/1.98/1.53/0.48  emits 0.30  spf 72.1  z0 0.79  garr 117.9  tG 935  e2 0.05  nF 3.4  pS 0.35  ptS 0.34  fLog 0.63  pdΔ -0.1528  pkR 3.88  clip 0.06  kl +0.003
upd  182  steps  374784  sps 1315  opp symm  loss -0.011  pg +0.0152  v 0.007  ev +0.95  adv_std 0.116  tR +0.60  ent[s/d/p/e] 1.95/1.98/1.53/0.47  emits 0.33  spf 68.4  z0 0.78  garr 126.8  tG 1001  e2 0.06  nF 3.4  pS 0.35  ptS 0.34  fLog 0.62  pdΔ -0.1537  pkR 4.20  clip 0.08  kl +0.000
upd  183  steps  376832  sps 1319  opp symm  loss -0.041  pg -0.0158  v 0.008  ev +0.95  adv_std 0.125  tR +0.11  ent[s/d/p/e] 1.91/1.89/1.49/0.49  emits 0.32  spf 66.1  z0 0.79  garr 123.2  tG 966  e2 0.06  nF 3.7  pS 0.32  ptS 0.31  fLog 0.61  pdΔ -0.1781  pkR 4.42  clip 0.08  kl +0.003
upd  184  steps  378880  sps 1323  opp symm  loss +0.005  pg +0.0291  v 0.008  ev +0.94  adv_std 0.130  tR +0.50  ent[s/d/p/e] 1.91/1.99/1.41/0.47  emits 0.37  spf 67.3  z0 0.78  garr 117.9  tG 917  e2 0.07  nF 3.9  pS 0.32  ptS 0.31  fLog 0.61  pdΔ -0.1807  pkR 5.77  clip 0.11  kl +0.004
upd  185  steps  380928  sps 1327  opp symm  loss +0.009  pg +0.0341  v 0.008  ev +0.95  adv_std 0.122  tR +0.14  ent[s/d/p/e] 1.96/2.02/1.32/0.49  emits 0.41  spf 60.1  z0 0.76  garr 109.8  tG 830  e2 0.08  nF 4.4  pS 0.32  ptS 0.31  fLog 0.59  pdΔ -0.1785  pkR 6.07  clip 0.07  kl -0.001
upd  186  steps  382976  sps 1331  opp symm  loss +0.020  pg +0.0456  v 0.004  ev +0.97  adv_std 0.090  tR +0.00  ent[s/d/p/e] 1.93/2.00/1.32/0.47  emits 0.37  spf 63.3  z0 0.78  garr 112.6  tG 809  e2 0.07  nF 4.5  pS 0.32  ptS 0.31  fLog 0.60  pdΔ -0.1828  pkR 5.13  clip 0.08  kl +0.002
upd  187  steps  385024  sps 1335  opp symm  loss -0.029  pg -0.0036  v 0.005  ev +0.97  adv_std 0.105  tR -1.00  ent[s/d/p/e] 1.84/1.89/1.39/0.49  emits 0.33  spf 65.1  z0 0.79  garr 125.8  tG 873  e2 0.06  nF 3.5  pS 0.31  ptS 0.30  fLog 0.61  pdΔ -0.1891  pkR 4.17  clip 0.05  kl +0.002
upd  188  steps  387072  sps 1339  opp symm  loss -0.031  pg -0.0050  v 0.004  ev +0.98  adv_std 0.085  tR -0.14  ent[s/d/p/e] 1.87/1.93/1.36/0.48  emits 0.38  spf 62.4  z0 0.78  garr 139.0  tG 932  e2 0.08  nF 3.7  pS 0.31  ptS 0.30  fLog 0.60  pdΔ -0.1860  pkR 3.65  clip 0.04  kl -0.000
upd  189  steps  389120  sps 1344  opp symm  loss +0.026  pg +0.0535  v 0.003  ev +0.98  adv_std 0.075  tR +0.00  ent[s/d/p/e] 1.94/1.96/1.36/0.51  emits 0.38  spf 67.8  z0 0.77  garr 130.3  tG 899  e2 0.07  nF 4.1  pS 0.32  ptS 0.31  fLog 0.61  pdΔ -0.1791  pkR 3.63  clip 0.06  kl +0.003
upd  190  steps  391168  sps 1348  opp symm  loss -0.000  pg +0.0269  v 0.004  ev +0.98  adv_std 0.086  tR -1.00  ent[s/d/p/e] 2.09/2.02/1.42/0.48  emits 0.35  spf 65.3  z0 0.79  garr 132.7  tG 964  e2 0.07  nF 4.0  pS 0.34  ptS 0.34  fLog 0.61  pdΔ -0.1553  pkR 3.39  clip 0.09  kl +0.000
upd  191  steps  393216  sps 1352  opp symm  loss -0.011  pg +0.0155  v 0.004  ev +0.97  adv_std 0.096  tR +0.00  ent[s/d/p/e] 1.96/1.94/1.47/0.46  emits 0.31  spf 68.0  z0 0.79  garr 141.7  tG 999  e2 0.06  nF 3.3  pS 0.32  ptS 0.32  fLog 0.61  pdΔ -0.1763  pkR 4.08  clip 0.04  kl +0.000
upd  192  steps  395264  sps 1356  opp symm  loss -0.000  pg +0.0266  v 0.005  ev +0.97  adv_std 0.098  tR +0.50  ent[s/d/p/e] 1.94/1.91/1.47/0.50  emits 0.34  spf 66.1  z0 0.78  garr 133.1  tG 960  e2 0.07  nF 3.8  pS 0.31  ptS 0.31  fLog 0.61  pdΔ -0.1855  pkR 3.94  clip 0.06  kl +0.004
upd  193  steps  397312  sps 1360  opp symm  loss +0.003  pg +0.0295  v 0.005  ev +0.97  adv_std 0.103  tR +0.00  ent[s/d/p/e] 1.97/1.89/1.49/0.51  emits 0.42  spf 57.5  z0 0.76  garr 130.6  tG 965  e2 0.08  nF 4.4  pS 0.33  ptS 0.32  fLog 0.58  pdΔ -0.1665  pkR 3.58  clip 0.05  kl +0.001
upd  194  steps  399360  sps 1364  opp symm  loss -0.005  pg +0.0213  v 0.008  ev +0.95  adv_std 0.123  tR +0.20  ent[s/d/p/e] 2.09/1.96/1.46/0.51  emits 0.45  spf 54.6  z0 0.75  garr 126.5  tG 966  e2 0.09  nF 5.1  pS 0.35  ptS 0.34  fLog 0.57  pdΔ -0.1517  pkR 4.62  clip 0.04  kl +0.002
upd  195  steps  401408  sps 1368  opp symm  loss +0.012  pg +0.0388  v 0.006  ev +0.96  adv_std 0.109  tR +0.60  ent[s/d/p/e] 2.13/1.96/1.46/0.52  emits 0.45  spf 59.5  z0 0.74  garr 123.6  tG 995  e2 0.09  nF 5.4  pS 0.36  ptS 0.35  fLog 0.59  pdΔ -0.1370  pkR 4.77  clip 0.09  kl +0.002
upd  196  steps  403456  sps 1372  opp symm  loss +0.014  pg +0.0415  v 0.005  ev +0.97  adv_std 0.100  tR -1.00  ent[s/d/p/e] 2.11/1.94/1.45/0.50  emits 0.49  spf 65.9  z0 0.72  garr 119.4  tG 989  e2 0.09  nF 5.3  pS 0.37  ptS 0.36  fLog 0.60  pdΔ -0.1297  pkR 3.71  clip 0.10  kl +0.002
upd  197  steps  405504  sps 1376  opp symm  loss +0.044  pg +0.0717  v 0.005  ev +0.96  adv_std 0.104  tR +0.50  ent[s/d/p/e] 2.24/2.07/1.41/0.51  emits 0.53  spf 61.3  z0 0.74  garr 123.6  tG 1023  e2 0.11  nF 6.2  pS 0.38  ptS 0.37  fLog 0.59  pdΔ -0.1164  pkR 3.46  clip 0.07  kl +0.005
upd  198  steps  407552  sps 1379  opp symm  loss +0.024  pg +0.0496  v 0.007  ev +0.95  adv_std 0.120  tR +0.33  ent[s/d/p/e] 2.13/2.00/1.43/0.49  emits 0.50  spf 58.5  z0 0.75  garr 129.9  tG 1017  e2 0.10  nF 5.3  pS 0.36  ptS 0.34  fLog 0.59  pdΔ -0.1395  pkR 3.97  clip 0.08  kl +0.001
[eval_vs_v20] u199 tag=train_u199  bin0=0.0%  spf=0.00  garr=128.50  flip=0.00%  z0=71.9%  e8=0.0%  e2+=0.0%  WLD=0/3/0
upd  199  steps  409600  sps 1383  opp symm  loss +0.001  pg +0.0270  v 0.005  ev +0.95  adv_std 0.101  tR +0.00  ent[s/d/p/e] 2.02/1.89/1.43/0.47  emits 0.41  spf 54.5  z0 0.77  garr 124.0  tG 934  e2 0.08  nF 4.7  pS 0.34  ptS 0.32  fLog 0.58  pdΔ -0.1606  pkR 4.08  clip 0.05  kl +0.001 WRr 0.09 v20[spf 0.0 flip 0.0% e2+ 0.0%]
[ckpt] saved /home/charlie/project/OrbitWarRL/ckpt_search/v14e_binary_v1_a_p0i5_ORBITWARS_SHAPING_RELEASE_K_20.0_f4c613180a/ckpt_000199.pkl opp=symm
