
=== [2026-06-11T03:29:30Z] v14e_binary_v1_a_p0i3_ORBITWARS_SHAPING_PROD_SHARE_DELTA_0.025_3d71e38613 phase=a kind=probe chunk=300 env={"ORBITWARS_SHAPING_ANTI_HOARD": 0.03, "ORBITWARS_SHAPING_CAPTURE": 0.06, "ORBITWARS_SHAPING_RELEASE": 0.0075, "ORBITWARS_SHAPING_RELEASE_K": 17.0, "ORBITWARS_SHAPING_PROD_SHARE_DELTA": 0.025, "ORBITWARS_SHAPING_ONE_SHIP_PENALTY": 0.01} ppo={"ent_coef_emit": 0.0175, "lr_peak": 4.5e-05} ===
[reward] kaggle-aligned: terminal +1 win/+1 tie>0/-1 loss/-1 double-wipeout; is_terminal at step >= episode_steps-2; SHAPING_SCALE=0.0; v1: KEEP_HOME=0.0 FLEET_SIZE=0.0/norm20.0; v2 (expert-replay calibrated): PROD_SHARE=0.0 PLANET_SHARE=0.0 FLEET_LOG=0.0/ref500.0/floor0.3; v3 (top10-2630ep calibrated): PROD_SHARE_DELTA=0.025 EMIT_LOG=0.0 EMIT_GATED=0.0 RELEASE=0.0075/K17.0 CAPTURE=0.06; ANTI_HOARD=0.03/thresh0.6; episode_steps=500 (kaggle=500, mismatch=False)
[symmetric] Frog Parade style: same params drive BOTH players, no frozen/strong/buffer opponents, zero_sum_value=True
upd    0  steps    2048  sps 38  opp symm  loss +0.008  pg +0.0197  v 0.002  ev +0.10  adv_std 0.059  tR +0.00  ent[s/d/p/e] 0.37/0.99/1.07/0.15  emits 0.60  spf 10.6  z0 0.65  garr 11.9  tG 15  e2 0.15  nF 3.2  pS 0.06  ptS 0.07  fLog 0.36  pdΔ -0.4366  pkR 4.83  clip 0.02  kl +0.002
upd    1  steps    4096  sps 74  opp symm  loss +0.113  pg +0.1282  v 0.003  ev +0.50  adv_std 0.071  tR +0.00  ent[s/d/p/e] 0.72/1.14/1.03/0.30  emits 1.25  spf 10.0  z0 0.47  garr 9.8  tG 22  e2 0.33  nF 13.1  pS 0.11  ptS 0.10  fLog 0.35  pdΔ -0.3938  pkR 6.80  clip 0.19  kl +0.004
upd    2  steps    6144  sps 110  opp symm  loss +0.010  pg +0.0276  v 0.007  ev +0.33  adv_std 0.101  tR -1.00  ent[s/d/p/e] 1.04/1.50/1.02/0.42  emits 1.60  spf 12.2  z0 0.44  garr 11.5  tG 42  e2 0.38  nF 20.2  pS 0.16  ptS 0.15  fLog 0.37  pdΔ -0.3446  pkR 7.61  clip 0.24  kl +0.008
upd    3  steps    8192  sps 146  opp symm  loss +0.087  pg +0.1083  v 0.004  ev +0.41  adv_std 0.074  tR +0.00  ent[s/d/p/e] 1.22/1.66/1.06/0.45  emits 1.78  spf 12.4  z0 0.40  garr 11.9  tG 59  e2 0.40  nF 25.5  pS 0.19  ptS 0.18  fLog 0.36  pdΔ -0.3144  pkR 7.78  clip 0.15  kl +0.002
upd    4  steps   10240  sps 180  opp symm  loss -0.033  pg -0.0129  v 0.009  ev +0.15  adv_std 0.130  tR -0.33  ent[s/d/p/e] 1.35/1.81/1.08/0.50  emits 1.85  spf 14.9  z0 0.39  garr 15.3  tG 91  e2 0.40  nF 27.1  pS 0.23  ptS 0.22  fLog 0.38  pdΔ -0.2721  pkR 8.74  clip 0.28  kl +0.006
upd    5  steps   12288  sps 213  opp symm  loss +0.022  pg +0.0441  v 0.007  ev +0.19  adv_std 0.109  tR +1.00  ent[s/d/p/e] 1.49/1.90/1.11/0.51  emits 1.82  spf 17.2  z0 0.40  garr 17.8  tG 123  e2 0.39  nF 27.4  pS 0.26  ptS 0.25  fLog 0.39  pdΔ -0.2411  pkR 8.97  clip 0.29  kl +0.007
upd    6  steps   14336  sps 246  opp symm  loss +0.040  pg +0.0650  v 0.002  ev +0.55  adv_std 0.054  tR +0.00  ent[s/d/p/e] 1.53/1.88/1.08/0.51  emits 1.63  spf 19.1  z0 0.41  garr 19.2  tG 156  e2 0.37  nF 26.1  pS 0.27  ptS 0.27  fLog 0.41  pdΔ -0.2288  pkR 9.26  clip 0.28  kl +0.011
upd    7  steps   16384  sps 278  opp symm  loss -0.007  pg +0.0146  v 0.009  ev +0.16  adv_std 0.136  tR +0.60  ent[s/d/p/e] 1.57/1.92/1.08/0.56  emits 1.32  spf 22.4  z0 0.48  garr 23.8  tG 219  e2 0.30  nF 22.3  pS 0.27  ptS 0.27  fLog 0.42  pdΔ -0.2255  pkR 12.78  clip 0.29  kl +0.003
upd    8  steps   18432  sps 310  opp symm  loss -0.066  pg -0.0439  v 0.011  ev +0.15  adv_std 0.147  tR +0.60  ent[s/d/p/e] 1.59/1.95/1.10/0.56  emits 1.21  spf 24.9  z0 0.48  garr 23.6  tG 185  e2 0.29  nF 17.9  pS 0.24  ptS 0.25  fLog 0.43  pdΔ -0.2568  pkR 9.52  clip 0.20  kl +0.008
upd    9  steps   20480  sps 340  opp symm  loss -0.021  pg +0.0037  v 0.003  ev +0.41  adv_std 0.075  tR +0.00  ent[s/d/p/e] 1.48/1.88/1.16/0.55  emits 1.16  spf 25.7  z0 0.49  garr 24.1  tG 190  e2 0.27  nF 16.7  pS 0.24  ptS 0.24  fLog 0.44  pdΔ -0.2601  pkR 10.47  clip 0.19  kl +0.006
upd   10  steps   22528  sps 370  opp symm  loss -0.112  pg -0.0893  v 0.007  ev +0.29  adv_std 0.114  tR -0.50  ent[s/d/p/e] 1.54/1.94/1.09/0.55  emits 1.20  spf 25.1  z0 0.49  garr 26.9  tG 242  e2 0.28  nF 16.2  pS 0.26  ptS 0.26  fLog 0.44  pdΔ -0.2361  pkR 13.65  clip 0.29  kl +0.005
upd   11  steps   24576  sps 400  opp symm  loss -0.091  pg -0.0668  v 0.005  ev +0.55  adv_std 0.084  tR -0.33  ent[s/d/p/e] 1.54/1.92/1.12/0.55  emits 1.19  spf 25.9  z0 0.50  garr 29.0  tG 286  e2 0.29  nF 16.4  pS 0.27  ptS 0.27  fLog 0.44  pdΔ -0.2270  pkR 19.34  clip 0.31  kl +0.008
upd   12  steps   26624  sps 429  opp symm  loss -0.171  pg -0.1460  v 0.004  ev +0.71  adv_std 0.089  tR -1.00  ent[s/d/p/e] 1.65/2.01/1.08/0.58  emits 1.20  spf 26.9  z0 0.49  garr 27.0  tG 225  e2 0.29  nF 15.8  pS 0.29  ptS 0.28  fLog 0.45  pdΔ -0.2133  pkR 6.75  clip 0.33  kl +0.008
upd   13  steps   28672  sps 457  opp symm  loss +0.004  pg +0.0298  v 0.002  ev +0.47  adv_std 0.055  tR +0.00  ent[s/d/p/e] 1.64/2.02/1.09/0.56  emits 1.37  spf 28.2  z0 0.47  garr 28.5  tG 243  e2 0.33  nF 16.6  pS 0.30  ptS 0.30  fLog 0.45  pdΔ -0.1970  pkR 7.56  clip 0.26  kl +0.010
upd   14  steps   30720  sps 485  opp symm  loss -0.078  pg -0.0525  v 0.004  ev +0.51  adv_std 0.086  tR -0.33  ent[s/d/p/e] 1.68/2.03/1.09/0.56  emits 1.52  spf 27.1  z0 0.41  garr 27.0  tG 241  e2 0.35  nF 18.5  pS 0.31  ptS 0.31  fLog 0.44  pdΔ -0.1932  pkR 11.12  clip 0.27  kl +0.005
upd   15  steps   32768  sps 512  opp symm  loss +0.028  pg +0.0207  v 0.065  ev +0.15  adv_std 0.363  tR -0.26  ent[s/d/p/e] 1.59/2.00/1.03/0.48  emits 1.16  spf 22.4  z0 0.52  garr 19.8  tG 157  e2 0.26  nF 15.4  pS 0.24  ptS 0.24  fLog 0.44  pdΔ -0.2551  pkR 17.21  clip 0.16  kl +0.002
upd   16  steps   34816  sps 538  opp symm  loss -0.043  pg -0.0232  v 0.002  ev +0.82  adv_std 0.058  tR -0.33  ent[s/d/p/e] 1.18/1.66/1.00/0.38  emits 1.22  spf 16.7  z0 0.48  garr 14.2  tG 76  e2 0.29  nF 12.5  pS 0.19  ptS 0.18  fLog 0.41  pdΔ -0.3110  pkR 11.94  clip 0.19  kl +0.005
upd   17  steps   36864  sps 564  opp symm  loss +0.010  pg +0.0305  v 0.004  ev +0.78  adv_std 0.093  tR +1.00  ent[s/d/p/e] 1.26/1.71/1.05/0.46  emits 1.43  spf 18.0  z0 0.43  garr 15.3  tG 110  e2 0.35  nF 16.9  pS 0.23  ptS 0.22  fLog 0.42  pdΔ -0.2735  pkR 13.44  clip 0.33  kl +0.008
upd   18  steps   38912  sps 590  opp symm  loss +0.003  pg +0.0242  v 0.005  ev +0.85  adv_std 0.088  tR +1.00  ent[s/d/p/e] 1.40/1.86/1.03/0.46  emits 1.76  spf 16.3  z0 0.41  garr 17.7  tG 175  e2 0.40  nF 19.9  pS 0.27  ptS 0.27  fLog 0.41  pdΔ -0.2274  pkR 19.97  clip 0.25  kl +0.007
upd   19  steps   40960  sps 615  opp symm  loss -0.070  pg -0.0472  v 0.006  ev +0.87  adv_std 0.094  tR +0.00  ent[s/d/p/e] 1.54/2.00/1.06/0.47  emits 1.86  spf 17.8  z0 0.40  garr 18.1  tG 184  e2 0.40  nF 23.6  pS 0.29  ptS 0.29  fLog 0.42  pdΔ -0.2066  pkR 25.14  clip 0.24  kl +0.005
upd   20  steps   43008  sps 639  opp symm  loss -0.003  pg +0.0194  v 0.005  ev +0.83  adv_std 0.098  tR +1.00  ent[s/d/p/e] 1.59/2.00/1.04/0.47  emits 1.87  spf 18.3  z0 0.39  garr 15.7  tG 128  e2 0.41  nF 23.5  pS 0.30  ptS 0.29  fLog 0.42  pdΔ -0.1994  pkR 7.69  clip 0.18  kl +0.007
upd   21  steps   45056  sps 663  opp symm  loss -0.030  pg -0.0066  v 0.003  ev +0.90  adv_std 0.064  tR -1.00  ent[s/d/p/e] 1.62/2.03/1.09/0.46  emits 1.84  spf 20.6  z0 0.38  garr 16.4  tG 140  e2 0.40  nF 22.7  pS 0.30  ptS 0.29  fLog 0.43  pdΔ -0.2039  pkR 7.19  clip 0.16  kl +0.004
upd   22  steps   47104  sps 687  opp symm  loss -0.071  pg -0.0479  v 0.005  ev +0.88  adv_std 0.091  tR -1.00  ent[s/d/p/e] 1.64/2.05/1.09/0.48  emits 1.88  spf 21.7  z0 0.38  garr 17.4  tG 157  e2 0.41  nF 22.8  pS 0.32  ptS 0.31  fLog 0.44  pdΔ -0.1849  pkR 6.44  clip 0.34  kl +0.005
upd   23  steps   49152  sps 710  opp symm  loss -0.051  pg -0.0262  v 0.005  ev +0.93  adv_std 0.084  tR -0.67  ent[s/d/p/e] 1.81/2.18/1.10/0.47  emits 1.90  spf 22.9  z0 0.39  garr 17.9  tG 176  e2 0.40  nF 22.7  pS 0.35  ptS 0.34  fLog 0.45  pdΔ -0.1526  pkR 6.09  clip 0.25  kl +0.008
upd   24  steps   51200  sps 733  opp symm  loss -0.020  pg +0.0038  v 0.007  ev +0.87  adv_std 0.114  tR +0.33  ent[s/d/p/e] 1.81/2.20/1.14/0.47  emits 1.82  spf 25.3  z0 0.39  garr 19.5  tG 203  e2 0.39  nF 21.1  pS 0.35  ptS 0.34  fLog 0.46  pdΔ -0.1505  pkR 9.61  clip 0.21  kl +0.005
upd   25  steps   53248  sps 755  opp symm  loss -0.054  pg -0.0301  v 0.003  ev +0.94  adv_std 0.071  tR -1.00  ent[s/d/p/e] 1.66/2.08/1.11/0.47  emits 1.74  spf 22.5  z0 0.41  garr 20.6  tG 235  e2 0.38  nF 20.4  pS 0.33  ptS 0.33  fLog 0.44  pdΔ -0.1681  pkR 13.63  clip 0.26  kl +0.011
upd   26  steps   55296  sps 777  opp symm  loss -0.097  pg -0.0723  v 0.004  ev +0.93  adv_std 0.081  tR +0.00  ent[s/d/p/e] 1.62/2.06/1.10/0.50  emits 1.72  spf 22.2  z0 0.41  garr 24.5  tG 309  e2 0.39  nF 19.9  pS 0.34  ptS 0.33  fLog 0.45  pdΔ -0.1610  pkR 17.64  clip 0.27  kl +0.009
upd   27  steps   57344  sps 798  opp symm  loss -0.047  pg -0.0226  v 0.004  ev +0.86  adv_std 0.095  tR +0.43  ent[s/d/p/e] 1.65/2.11/1.11/0.50  emits 1.69  spf 23.6  z0 0.40  garr 19.5  tG 181  e2 0.38  nF 20.1  pS 0.33  ptS 0.32  fLog 0.46  pdΔ -0.1741  pkR 10.63  clip 0.16  kl +0.005
upd   28  steps   59392  sps 820  opp symm  loss -0.035  pg -0.0094  v 0.003  ev +0.88  adv_std 0.071  tR +0.00  ent[s/d/p/e] 1.66/2.10/1.12/0.50  emits 1.69  spf 25.1  z0 0.40  garr 20.1  tG 186  e2 0.40  nF 20.1  pS 0.34  ptS 0.33  fLog 0.46  pdΔ -0.1580  pkR 5.69  clip 0.22  kl +0.008
upd   29  steps   61440  sps 840  opp symm  loss -0.037  pg -0.0117  v 0.005  ev +0.85  adv_std 0.097  tR +1.00  ent[s/d/p/e] 1.78/2.17/1.15/0.52  emits 1.69  spf 28.2  z0 0.42  garr 22.7  tG 236  e2 0.37  nF 21.3  pS 0.37  ptS 0.36  fLog 0.48  pdΔ -0.1310  pkR 9.30  clip 0.17  kl +0.004
upd   30  steps   63488  sps 861  opp symm  loss -0.098  pg -0.0741  v 0.007  ev +0.91  adv_std 0.104  tR -0.50  ent[s/d/p/e] 1.85/2.21/1.10/0.52  emits 1.69  spf 28.2  z0 0.43  garr 23.1  tG 258  e2 0.37  nF 20.7  pS 0.38  ptS 0.37  fLog 0.47  pdΔ -0.1243  pkR 14.47  clip 0.18  kl +0.004
upd   31  steps   65536  sps 881  opp symm  loss -0.038  pg -0.0182  v 0.012  ev +0.79  adv_std 0.158  tR +0.24  ent[s/d/p/e] 1.62/2.08/1.14/0.43  emits 1.36  spf 23.9  z0 0.48  garr 17.3  tG 139  e2 0.29  nF 16.1  pS 0.27  ptS 0.26  fLog 0.46  pdΔ -0.2302  pkR 6.57  clip 0.19  kl +0.005
upd   32  steps   67584  sps 900  opp symm  loss +0.003  pg +0.0255  v 0.004  ev +0.94  adv_std 0.081  tR +0.33  ent[s/d/p/e] 1.51/1.97/1.07/0.41  emits 1.63  spf 22.3  z0 0.42  garr 16.7  tG 147  e2 0.36  nF 18.3  pS 0.28  ptS 0.27  fLog 0.45  pdΔ -0.2215  pkR 11.14  clip 0.18  kl +0.006
upd   33  steps   69632  sps 920  opp symm  loss +0.009  pg +0.0329  v 0.003  ev +0.93  adv_std 0.081  tR +0.00  ent[s/d/p/e] 1.58/2.07/1.08/0.46  emits 1.78  spf 24.7  z0 0.41  garr 18.3  tG 164  e2 0.39  nF 20.2  pS 0.30  ptS 0.30  fLog 0.46  pdΔ -0.1954  pkR 9.27  clip 0.17  kl +0.004
upd   34  steps   71680  sps 939  opp symm  loss -0.042  pg -0.0188  v 0.007  ev +0.88  adv_std 0.114  tR +0.33  ent[s/d/p/e] 1.69/2.15/1.09/0.48  emits 1.71  spf 26.6  z0 0.41  garr 21.6  tG 230  e2 0.38  nF 20.2  pS 0.34  ptS 0.34  fLog 0.47  pdΔ -0.1592  pkR 17.49  clip 0.15  kl +0.002
upd   35  steps   73728  sps 957  opp symm  loss -0.023  pg +0.0005  v 0.006  ev +0.89  adv_std 0.105  tR +0.71  ent[s/d/p/e] 1.70/2.14/1.12/0.49  emits 1.65  spf 26.6  z0 0.42  garr 19.9  tG 197  e2 0.38  nF 18.5  pS 0.32  ptS 0.32  fLog 0.47  pdΔ -0.1769  pkR 17.55  clip 0.22  kl +0.007
upd   36  steps   75776  sps 976  opp symm  loss -0.027  pg -0.0035  v 0.004  ev +0.92  adv_std 0.086  tR -0.20  ent[s/d/p/e] 1.58/2.05/1.11/0.46  emits 1.58  spf 25.1  z0 0.42  garr 17.9  tG 158  e2 0.34  nF 17.6  pS 0.29  ptS 0.29  fLog 0.46  pdΔ -0.2067  pkR 5.34  clip 0.23  kl +0.005
upd   37  steps   77824  sps 994  opp symm  loss +0.005  pg +0.0289  v 0.004  ev +0.93  adv_std 0.086  tR -0.33  ent[s/d/p/e] 1.59/2.04/1.15/0.47  emits 1.72  spf 25.1  z0 0.39  garr 18.3  tG 174  e2 0.38  nF 19.1  pS 0.31  ptS 0.30  fLog 0.45  pdΔ -0.1878  pkR 6.45  clip 0.27  kl +0.007
upd   38  steps   79872  sps 1012  opp symm  loss -0.030  pg -0.0084  v 0.008  ev +0.88  adv_std 0.121  tR +0.50  ent[s/d/p/e] 1.56/2.00/1.13/0.46  emits 1.68  spf 24.9  z0 0.38  garr 19.4  tG 204  e2 0.37  nF 18.9  pS 0.33  ptS 0.32  fLog 0.45  pdΔ -0.1743  pkR 11.32  clip 0.24  kl +0.007
upd   39  steps   81920  sps 1029  opp symm  loss -0.029  pg -0.0063  v 0.007  ev +0.91  adv_std 0.110  tR +0.43  ent[s/d/p/e] 1.53/1.96/1.16/0.46  emits 1.59  spf 25.0  z0 0.40  garr 22.6  tG 264  e2 0.35  nF 18.0  pS 0.32  ptS 0.31  fLog 0.45  pdΔ -0.1812  pkR 16.27  clip 0.27  kl +0.006
upd   40  steps   83968  sps 1046  opp symm  loss -0.046  pg -0.0226  v 0.005  ev +0.94  adv_std 0.095  tR +0.00  ent[s/d/p/e] 1.56/2.04/1.16/0.48  emits 1.51  spf 23.9  z0 0.43  garr 21.2  tG 242  e2 0.34  nF 18.6  pS 0.30  ptS 0.29  fLog 0.45  pdΔ -0.2000  pkR 27.81  clip 0.18  kl +0.005
upd   41  steps   86016  sps 1063  opp symm  loss +0.022  pg +0.0452  v 0.006  ev +0.92  adv_std 0.105  tR +0.33  ent[s/d/p/e] 1.59/2.06/1.18/0.48  emits 1.45  spf 24.3  z0 0.45  garr 20.0  tG 206  e2 0.34  nF 18.2  pS 0.31  ptS 0.30  fLog 0.46  pdΔ -0.1887  pkR 28.77  clip 0.17  kl +0.001
upd   42  steps   88064  sps 1080  opp symm  loss -0.045  pg -0.0227  v 0.005  ev +0.93  adv_std 0.093  tR +0.33  ent[s/d/p/e] 1.49/1.95/1.12/0.45  emits 1.54  spf 23.2  z0 0.44  garr 19.5  tG 200  e2 0.35  nF 16.9  pS 0.30  ptS 0.29  fLog 0.45  pdΔ -0.2049  pkR 19.68  clip 0.16  kl +0.006
upd   43  steps   90112  sps 1096  opp symm  loss -0.026  pg -0.0043  v 0.006  ev +0.91  adv_std 0.110  tR +0.67  ent[s/d/p/e] 1.41/1.87/1.15/0.47  emits 1.54  spf 23.2  z0 0.40  garr 20.4  tG 210  e2 0.37  nF 18.2  pS 0.29  ptS 0.29  fLog 0.45  pdΔ -0.2054  pkR 21.51  clip 0.18  kl +0.006
upd   44  steps   92160  sps 1113  opp symm  loss -0.007  pg +0.0146  v 0.005  ev +0.92  adv_std 0.099  tR +0.20  ent[s/d/p/e] 1.30/1.83/1.12/0.44  emits 1.59  spf 19.9  z0 0.41  garr 19.3  tG 177  e2 0.39  nF 18.5  pS 0.27  ptS 0.26  fLog 0.43  pdΔ -0.2262  pkR 22.88  clip 0.20  kl +0.008
upd   45  steps   94208  sps 1128  opp symm  loss -0.045  pg -0.0217  v 0.004  ev +0.94  adv_std 0.082  tR +0.20  ent[s/d/p/e] 1.33/1.83/1.15/0.49  emits 1.42  spf 19.7  z0 0.44  garr 18.7  tG 172  e2 0.34  nF 18.8  pS 0.27  ptS 0.26  fLog 0.44  pdΔ -0.2293  pkR 19.72  clip 0.24  kl +0.007
upd   46  steps   96256  sps 1144  opp symm  loss -0.015  pg +0.0024  v 0.015  ev +0.79  adv_std 0.172  tR +0.09  ent[s/d/p/e] 1.37/1.90/1.18/0.46  emits 1.62  spf 20.6  z0 0.41  garr 15.6  tG 113  e2 0.37  nF 18.8  pS 0.26  ptS 0.25  fLog 0.44  pdΔ -0.2443  pkR 17.65  clip 0.19  kl +0.009
upd   47  steps   98304  sps 1159  opp symm  loss -0.036  pg -0.0153  v 0.007  ev +0.90  adv_std 0.113  tR -0.33  ent[s/d/p/e] 1.29/1.82/1.17/0.43  emits 1.46  spf 18.8  z0 0.43  garr 14.9  tG 104  e2 0.33  nF 17.6  pS 0.24  ptS 0.23  fLog 0.43  pdΔ -0.2627  pkR 15.87  clip 0.13  kl +0.004
upd   48  steps  100352  sps 1174  opp symm  loss -0.008  pg +0.0145  v 0.004  ev +0.94  adv_std 0.091  tR +0.50  ent[s/d/p/e] 1.37/1.84/1.17/0.46  emits 1.57  spf 19.5  z0 0.40  garr 15.2  tG 111  e2 0.35  nF 18.7  pS 0.25  ptS 0.24  fLog 0.43  pdΔ -0.2473  pkR 15.17  clip 0.24  kl +0.003
upd   49  steps  102400  sps 1189  opp symm  loss -0.058  pg -0.0357  v 0.006  ev +0.95  adv_std 0.102  tR +0.00  ent[s/d/p/e] 1.33/1.81/1.20/0.46  emits 1.41  spf 21.1  z0 0.46  garr 16.7  tG 149  e2 0.33  nF 16.8  pS 0.25  ptS 0.24  fLog 0.44  pdΔ -0.2467  pkR 18.33  clip 0.20  kl +0.003
upd   50  steps  104448  sps 1204  opp symm  loss -0.073  pg -0.0498  v 0.004  ev +0.96  adv_std 0.086  tR -0.43  ent[s/d/p/e] 1.38/1.85/1.18/0.47  emits 1.45  spf 21.6  z0 0.45  garr 16.1  tG 127  e2 0.33  nF 15.4  pS 0.25  ptS 0.24  fLog 0.44  pdΔ -0.2493  pkR 16.30  clip 0.16  kl +0.004
upd   51  steps  106496  sps 1218  opp symm  loss -0.051  pg -0.0287  v 0.005  ev +0.93  adv_std 0.103  tR -0.14  ent[s/d/p/e] 1.39/1.84/1.16/0.48  emits 1.53  spf 21.0  z0 0.40  garr 18.4  tG 154  e2 0.36  nF 16.6  pS 0.28  ptS 0.27  fLog 0.44  pdΔ -0.2248  pkR 16.92  clip 0.17  kl +0.004
upd   52  steps  108544  sps 1233  opp symm  loss -0.019  pg +0.0051  v 0.004  ev +0.95  adv_std 0.083  tR +1.00  ent[s/d/p/e] 1.45/1.92/1.15/0.51  emits 1.57  spf 23.7  z0 0.39  garr 20.7  tG 193  e2 0.37  nF 18.4  pS 0.30  ptS 0.30  fLog 0.45  pdΔ -0.1964  pkR 18.54  clip 0.18  kl +0.005
upd   53  steps  110592  sps 1247  opp symm  loss +0.007  pg +0.0320  v 0.004  ev +0.95  adv_std 0.085  tR +1.00  ent[s/d/p/e] 1.60/2.07/1.17/0.52  emits 1.75  spf 24.9  z0 0.37  garr 20.3  tG 187  e2 0.40  nF 18.7  pS 0.32  ptS 0.32  fLog 0.46  pdΔ -0.1777  pkR 7.16  clip 0.24  kl +0.004
upd   54  steps  112640  sps 1261  opp symm  loss -0.046  pg -0.0206  v 0.004  ev +0.94  adv_std 0.092  tR +0.60  ent[s/d/p/e] 1.63/2.12/1.21/0.54  emits 1.50  spf 26.6  z0 0.43  garr 24.5  tG 256  e2 0.33  nF 17.2  pS 0.34  ptS 0.34  fLog 0.47  pdΔ -0.1619  pkR 15.02  clip 0.08  kl +0.003
upd   55  steps  114688  sps 1274  opp symm  loss -0.041  pg -0.0161  v 0.006  ev +0.91  adv_std 0.108  tR +0.14  ent[s/d/p/e] 1.64/2.10/1.17/0.54  emits 1.44  spf 27.4  z0 0.43  garr 25.2  tG 255  e2 0.32  nF 15.4  pS 0.32  ptS 0.32  fLog 0.47  pdΔ -0.1779  pkR 14.76  clip 0.20  kl +0.003
upd   56  steps  116736  sps 1288  opp symm  loss -0.002  pg +0.0230  v 0.004  ev +0.94  adv_std 0.080  tR +1.00  ent[s/d/p/e] 1.61/2.06/1.15/0.52  emits 1.63  spf 24.8  z0 0.40  garr 20.5  tG 180  e2 0.37  nF 16.9  pS 0.31  ptS 0.31  fLog 0.46  pdΔ -0.1869  pkR 9.73  clip 0.11  kl +0.001
upd   57  steps  118784  sps 1301  opp symm  loss -0.029  pg -0.0064  v 0.010  ev +0.86  adv_std 0.136  tR -0.33  ent[s/d/p/e] 1.57/2.04/1.18/0.54  emits 1.60  spf 23.7  z0 0.42  garr 23.4  tG 236  e2 0.36  nF 17.5  pS 0.32  ptS 0.32  fLog 0.46  pdΔ -0.1757  pkR 15.03  clip 0.23  kl +0.005
upd   58  steps  120832  sps 1314  opp symm  loss -0.008  pg +0.0185  v 0.003  ev +0.96  adv_std 0.073  tR +0.50  ent[s/d/p/e] 1.69/2.12/1.17/0.54  emits 1.48  spf 25.2  z0 0.44  garr 21.9  tG 195  e2 0.34  nF 16.9  pS 0.32  ptS 0.31  fLog 0.47  pdΔ -0.1850  pkR 18.79  clip 0.22  kl +0.004
upd   59  steps  122880  sps 1327  opp symm  loss -0.050  pg -0.0255  v 0.007  ev +0.92  adv_std 0.117  tR +0.40  ent[s/d/p/e] 1.72/2.15/1.21/0.52  emits 1.44  spf 26.7  z0 0.44  garr 21.9  tG 186  e2 0.32  nF 16.1  pS 0.31  ptS 0.30  fLog 0.47  pdΔ -0.1863  pkR 6.61  clip 0.09  kl +0.003
upd   60  steps  124928  sps 1340  opp symm  loss -0.007  pg +0.0178  v 0.006  ev +0.94  adv_std 0.106  tR +0.20  ent[s/d/p/e] 1.71/2.15/1.14/0.51  emits 1.46  spf 26.4  z0 0.47  garr 20.9  tG 173  e2 0.32  nF 15.1  pS 0.30  ptS 0.29  fLog 0.47  pdΔ -0.1955  pkR 6.26  clip 0.15  kl +0.003
upd   61  steps  126976  sps 1353  opp symm  loss -0.026  pg -0.0030  v 0.008  ev +0.92  adv_std 0.125  tR +0.00  ent[s/d/p/e] 1.72/2.12/1.14/0.50  emits 1.45  spf 28.1  z0 0.46  garr 20.5  tG 173  e2 0.32  nF 15.9  pS 0.29  ptS 0.28  fLog 0.48  pdΔ -0.2060  pkR 7.66  clip 0.13  kl +0.006
upd   62  steps  129024  sps 1365  opp symm  loss -0.015  pg +0.0074  v 0.010  ev +0.90  adv_std 0.136  tR -0.17  ent[s/d/p/e] 1.63/2.06/1.18/0.49  emits 1.33  spf 27.2  z0 0.48  garr 18.7  tG 149  e2 0.29  nF 14.0  pS 0.27  ptS 0.26  fLog 0.48  pdΔ -0.2324  pkR 6.60  clip 0.16  kl +0.004
upd   63  steps  131072  sps 1377  opp symm  loss -0.027  pg -0.0027  v 0.005  ev +0.94  adv_std 0.102  tR +0.00  ent[s/d/p/e] 1.59/2.02/1.15/0.51  emits 1.32  spf 27.6  z0 0.48  garr 20.1  tG 158  e2 0.29  nF 14.5  pS 0.27  ptS 0.26  fLog 0.47  pdΔ -0.2306  pkR 6.91  clip 0.24  kl -0.000
upd   64  steps  133120  sps 1389  opp symm  loss -0.017  pg +0.0082  v 0.005  ev +0.95  adv_std 0.096  tR -0.33  ent[s/d/p/e] 1.58/2.04/1.20/0.52  emits 1.52  spf 27.1  z0 0.43  garr 19.6  tG 148  e2 0.34  nF 15.8  pS 0.29  ptS 0.27  fLog 0.47  pdΔ -0.2134  pkR 6.29  clip 0.11  kl +0.003
upd   65  steps  135168  sps 1401  opp symm  loss -0.026  pg -0.0010  v 0.006  ev +0.95  adv_std 0.108  tR +0.33  ent[s/d/p/e] 1.67/2.12/1.19/0.54  emits 1.34  spf 27.0  z0 0.49  garr 19.7  tG 161  e2 0.30  nF 16.5  pS 0.30  ptS 0.29  fLog 0.48  pdΔ -0.1994  pkR 7.73  clip 0.22  kl +0.010
upd   66  steps  137216  sps 1413  opp symm  loss -0.016  pg +0.0087  v 0.007  ev +0.94  adv_std 0.116  tR -0.75  ent[s/d/p/e] 1.75/2.18/1.16/0.53  emits 1.42  spf 25.7  z0 0.47  garr 19.1  tG 154  e2 0.31  nF 16.3  pS 0.30  ptS 0.29  fLog 0.48  pdΔ -0.1990  pkR 7.11  clip 0.23  kl +0.003
upd   67  steps  139264  sps 1424  opp symm  loss -0.005  pg +0.0190  v 0.006  ev +0.95  adv_std 0.103  tR +0.50  ent[s/d/p/e] 1.67/2.11/1.14/0.50  emits 1.60  spf 25.6  z0 0.42  garr 19.7  tG 158  e2 0.35  nF 17.5  pS 0.31  ptS 0.29  fLog 0.47  pdΔ -0.1947  pkR 6.50  clip 0.23  kl +0.006
upd   68  steps  141312  sps 1436  opp symm  loss -0.018  pg +0.0076  v 0.003  ev +0.97  adv_std 0.078  tR -0.33  ent[s/d/p/e] 1.73/2.19/1.13/0.53  emits 1.64  spf 26.0  z0 0.42  garr 19.8  tG 167  e2 0.35  nF 19.4  pS 0.32  ptS 0.31  fLog 0.47  pdΔ -0.1778  pkR 5.82  clip 0.17  kl +0.001
upd   69  steps  143360  sps 1447  opp symm  loss +0.015  pg +0.0422  v 0.003  ev +0.96  adv_std 0.082  tR +0.50  ent[s/d/p/e] 1.79/2.25/1.17/0.53  emits 1.55  spf 26.9  z0 0.45  garr 21.1  tG 183  e2 0.32  nF 18.1  pS 0.33  ptS 0.32  fLog 0.48  pdΔ -0.1722  pkR 7.23  clip 0.23  kl +0.006
upd   70  steps  145408  sps 1458  opp symm  loss -0.009  pg +0.0167  v 0.006  ev +0.93  adv_std 0.103  tR +0.00  ent[s/d/p/e] 1.80/2.26/1.16/0.55  emits 1.57  spf 27.1  z0 0.43  garr 21.4  tG 176  e2 0.34  nF 18.1  pS 0.33  ptS 0.32  fLog 0.48  pdΔ -0.1711  pkR 5.04  clip 0.16  kl +0.002
upd   71  steps  147456  sps 1469  opp symm  loss -0.020  pg +0.0062  v 0.004  ev +0.95  adv_std 0.091  tR +0.00  ent[s/d/p/e] 1.82/2.29/1.19/0.53  emits 1.48  spf 29.1  z0 0.47  garr 23.2  tG 189  e2 0.33  nF 17.0  pS 0.33  ptS 0.33  fLog 0.50  pdΔ -0.1708  pkR 5.10  clip 0.10  kl +0.003
upd   72  steps  149504  sps 1480  opp symm  loss -0.024  pg +0.0025  v 0.006  ev +0.92  adv_std 0.104  tR +0.14  ent[s/d/p/e] 1.85/2.29/1.17/0.56  emits 1.41  spf 28.5  z0 0.48  garr 24.1  tG 198  e2 0.30  nF 16.2  pS 0.34  ptS 0.33  fLog 0.50  pdΔ -0.1642  pkR 6.88  clip 0.25  kl +0.006
upd   73  steps  151552  sps 1491  opp symm  loss -0.021  pg +0.0030  v 0.008  ev +0.86  adv_std 0.123  tR +0.25  ent[s/d/p/e] 1.78/2.25/1.13/0.51  emits 1.27  spf 29.2  z0 0.51  garr 23.2  tG 180  e2 0.27  nF 13.9  pS 0.31  ptS 0.31  fLog 0.50  pdΔ -0.1944  pkR 5.11  clip 0.12  kl +0.001
upd   74  steps  153600  sps 1501  opp symm  loss +0.002  pg +0.0275  v 0.005  ev +0.88  adv_std 0.099  tR -1.00  ent[s/d/p/e] 1.77/2.24/1.20/0.53  emits 1.39  spf 28.6  z0 0.49  garr 23.1  tG 185  e2 0.30  nF 14.7  pS 0.32  ptS 0.32  fLog 0.50  pdΔ -0.1831  pkR 5.17  clip 0.23  kl +0.005
upd   75  steps  155648  sps 1512  opp symm  loss +0.010  pg +0.0368  v 0.004  ev +0.91  adv_std 0.090  tR -0.33  ent[s/d/p/e] 1.82/2.27/1.22/0.54  emits 1.29  spf 29.5  z0 0.50  garr 25.9  tG 213  e2 0.29  nF 14.7  pS 0.32  ptS 0.32  fLog 0.50  pdΔ -0.1766  pkR 11.04  clip 0.22  kl +0.007
upd   76  steps  157696  sps 1522  opp symm  loss -0.017  pg +0.0102  v 0.004  ev +0.92  adv_std 0.084  tR -1.00  ent[s/d/p/e] 1.83/2.25/1.20/0.55  emits 1.16  spf 31.1  z0 0.53  garr 26.6  tG 225  e2 0.26  nF 13.9  pS 0.33  ptS 0.33  fLog 0.51  pdΔ -0.1651  pkR 5.08  clip 0.15  kl +0.001
upd   77  steps  159744  sps 1532  opp symm  loss -0.052  pg -0.0278  v 0.009  ev +0.84  adv_std 0.132  tR +0.11  ent[s/d/p/e] 1.82/2.23/1.23/0.54  emits 1.11  spf 31.2  z0 0.54  garr 27.2  tG 246  e2 0.25  nF 12.5  pS 0.32  ptS 0.32  fLog 0.50  pdΔ -0.1826  pkR 10.57  clip 0.15  kl +0.005
upd   78  steps  161792  sps 1542  opp symm  loss -0.008  pg +0.0164  v 0.006  ev +0.87  adv_std 0.107  tR +0.33  ent[s/d/p/e] 1.67/2.10/1.20/0.51  emits 1.15  spf 28.3  z0 0.52  garr 23.2  tG 197  e2 0.26  nF 12.0  pS 0.28  ptS 0.28  fLog 0.49  pdΔ -0.2161  pkR 19.55  clip 0.12  kl +0.003
upd   79  steps  163840  sps 1552  opp symm  loss -0.051  pg -0.0267  v 0.006  ev +0.89  adv_std 0.108  tR +0.20  ent[s/d/p/e] 1.66/2.09/1.21/0.52  emits 1.16  spf 28.9  z0 0.50  garr 23.1  tG 185  e2 0.25  nF 12.6  pS 0.29  ptS 0.29  fLog 0.49  pdΔ -0.2093  pkR 6.48  clip 0.16  kl +0.006
upd   80  steps  165888  sps 1562  opp symm  loss -0.013  pg +0.0121  v 0.006  ev +0.91  adv_std 0.109  tR +0.00  ent[s/d/p/e] 1.68/2.10/1.23/0.52  emits 1.21  spf 29.7  z0 0.50  garr 23.3  tG 190  e2 0.27  nF 12.9  pS 0.29  ptS 0.29  fLog 0.49  pdΔ -0.2073  pkR 5.04  clip 0.16  kl +0.000
upd   81  steps  167936  sps 1572  opp symm  loss -0.030  pg -0.0056  v 0.008  ev +0.89  adv_std 0.129  tR +0.20  ent[s/d/p/e] 1.66/2.08/1.26/0.54  emits 1.19  spf 28.9  z0 0.51  garr 22.5  tG 180  e2 0.26  nF 12.9  pS 0.28  ptS 0.28  fLog 0.49  pdΔ -0.2176  pkR 5.32  clip 0.11  kl +0.001
upd   82  steps  169984  sps 1581  opp symm  loss -0.029  pg -0.0067  v 0.010  ev +0.88  adv_std 0.144  tR +0.56  ent[s/d/p/e] 1.65/2.06/1.19/0.53  emits 1.03  spf 27.9  z0 0.54  garr 21.9  tG 167  e2 0.23  nF 12.2  pS 0.28  ptS 0.27  fLog 0.49  pdΔ -0.2220  pkR 6.40  clip 0.12  kl +0.005
upd   83  steps  172032  sps 1591  opp symm  loss -0.018  pg +0.0069  v 0.004  ev +0.95  adv_std 0.090  tR -0.33  ent[s/d/p/e] 1.57/2.00/1.20/0.52  emits 1.05  spf 28.8  z0 0.53  garr 22.4  tG 174  e2 0.25  nF 11.0  pS 0.28  ptS 0.27  fLog 0.49  pdΔ -0.2235  pkR 7.16  clip 0.17  kl +0.003
upd   84  steps  174080  sps 1600  opp symm  loss -0.031  pg -0.0075  v 0.006  ev +0.93  adv_std 0.111  tR +0.33  ent[s/d/p/e] 1.50/1.97/1.26/0.52  emits 1.02  spf 28.8  z0 0.53  garr 23.3  tG 186  e2 0.23  nF 10.7  pS 0.27  ptS 0.26  fLog 0.49  pdΔ -0.2281  pkR 8.68  clip 0.11  kl +0.005
upd   85  steps  176128  sps 1609  opp symm  loss -0.063  pg -0.0380  v 0.004  ev +0.95  adv_std 0.088  tR +0.00  ent[s/d/p/e] 1.56/2.01/1.18/0.53  emits 1.04  spf 29.7  z0 0.53  garr 22.2  tG 177  e2 0.24  nF 10.6  pS 0.28  ptS 0.27  fLog 0.50  pdΔ -0.2230  pkR 7.15  clip 0.17  kl +0.005
upd   86  steps  178176  sps 1618  opp symm  loss -0.056  pg -0.0307  v 0.005  ev +0.94  adv_std 0.102  tR +0.25  ent[s/d/p/e] 1.60/2.07/1.21/0.55  emits 0.88  spf 32.8  z0 0.57  garr 24.9  tG 189  e2 0.20  nF 10.2  pS 0.28  ptS 0.27  fLog 0.52  pdΔ -0.2210  pkR 5.82  clip 0.17  kl +0.003
upd   87  steps  180224  sps 1628  opp symm  loss +0.006  pg +0.0321  v 0.004  ev +0.95  adv_std 0.096  tR +1.00  ent[s/d/p/e] 1.64/2.10/1.21/0.56  emits 0.89  spf 33.7  z0 0.57  garr 25.6  tG 194  e2 0.21  nF 9.9  pS 0.28  ptS 0.28  fLog 0.52  pdΔ -0.2180  pkR 6.51  clip 0.07  kl +0.002
upd   88  steps  182272  sps 1636  opp symm  loss -0.028  pg -0.0051  v 0.009  ev +0.90  adv_std 0.136  tR +0.00  ent[s/d/p/e] 1.54/2.08/1.18/0.53  emits 0.78  spf 35.1  z0 0.61  garr 27.7  tG 225  e2 0.17  nF 8.9  pS 0.28  ptS 0.27  fLog 0.53  pdΔ -0.2247  pkR 9.19  clip 0.08  kl -0.001
upd   89  steps  184320  sps 1645  opp symm  loss -0.010  pg +0.0152  v 0.005  ev +0.94  adv_std 0.096  tR +0.50  ent[s/d/p/e] 1.56/2.08/1.21/0.55  emits 0.83  spf 34.8  z0 0.59  garr 28.6  tG 238  e2 0.18  nF 8.5  pS 0.28  ptS 0.27  fLog 0.53  pdΔ -0.2179  pkR 14.18  clip 0.12  kl +0.006
upd   90  steps  186368  sps 1654  opp symm  loss -0.014  pg +0.0123  v 0.004  ev +0.94  adv_std 0.094  tR -1.00  ent[s/d/p/e] 1.65/2.12/1.23/0.56  emits 0.98  spf 34.6  z0 0.55  garr 27.8  tG 216  e2 0.23  nF 10.1  pS 0.31  ptS 0.30  fLog 0.52  pdΔ -0.1885  pkR 5.87  clip 0.15  kl +0.003
upd   91  steps  188416  sps 1663  opp symm  loss +0.003  pg +0.0289  v 0.005  ev +0.94  adv_std 0.099  tR +0.50  ent[s/d/p/e] 1.68/2.16/1.24/0.56  emits 0.91  spf 34.2  z0 0.57  garr 31.0  tG 233  e2 0.21  nF 9.6  pS 0.32  ptS 0.30  fLog 0.53  pdΔ -0.1848  pkR 6.03  clip 0.21  kl +0.008
upd   92  steps  190464  sps 1671  opp symm  loss -0.019  pg +0.0081  v 0.004  ev +0.95  adv_std 0.084  tR +1.00  ent[s/d/p/e] 1.72/2.20/1.25/0.58  emits 0.88  spf 35.2  z0 0.56  garr 33.4  tG 260  e2 0.20  nF 9.3  pS 0.33  ptS 0.32  fLog 0.53  pdΔ -0.1739  pkR 4.96  clip 0.12  kl +0.001
upd   93  steps  192512  sps 1679  opp symm  loss -0.031  pg -0.0060  v 0.008  ev +0.90  adv_std 0.124  tR -0.43  ent[s/d/p/e] 1.72/2.22/1.24/0.58  emits 0.94  spf 38.7  z0 0.55  garr 33.0  tG 264  e2 0.22  nF 8.9  pS 0.32  ptS 0.32  fLog 0.54  pdΔ -0.1779  pkR 4.50  clip 0.24  kl +0.008
upd   94  steps  194560  sps 1688  opp symm  loss -0.010  pg +0.0154  v 0.008  ev +0.89  adv_std 0.124  tR +1.00  ent[s/d/p/e] 1.71/2.23/1.23/0.59  emits 0.84  spf 38.5  z0 0.58  garr 34.3  tG 291  e2 0.19  nF 8.8  pS 0.33  ptS 0.32  fLog 0.54  pdΔ -0.1709  pkR 5.89  clip 0.07  kl +0.003
upd   95  steps  196608  sps 1696  opp symm  loss -0.050  pg -0.0219  v 0.004  ev +0.94  adv_std 0.092  tR +0.33  ent[s/d/p/e] 1.73/2.24/1.27/0.59  emits 0.86  spf 40.6  z0 0.58  garr 35.1  tG 295  e2 0.20  nF 8.9  pS 0.34  ptS 0.33  fLog 0.55  pdΔ -0.1568  pkR 6.68  clip 0.07  kl +0.001
upd   96  steps  198656  sps 1704  opp symm  loss -0.014  pg +0.0136  v 0.006  ev +0.93  adv_std 0.109  tR +0.50  ent[s/d/p/e] 1.91/2.32/1.27/0.60  emits 0.92  spf 42.6  z0 0.57  garr 37.6  tG 329  e2 0.21  nF 8.8  pS 0.37  ptS 0.36  fLog 0.56  pdΔ -0.1304  pkR 4.49  clip 0.09  kl +0.002
upd   97  steps  200704  sps 1712  opp symm  loss -0.006  pg +0.0200  v 0.010  ev +0.89  adv_std 0.139  tR +0.71  ent[s/d/p/e] 1.94/2.34/1.23/0.59  emits 0.88  spf 47.3  z0 0.57  garr 41.3  tG 385  e2 0.21  nF 8.4  pS 0.39  ptS 0.38  fLog 0.57  pdΔ -0.1095  pkR 4.59  clip 0.08  kl +0.000
upd   98  steps  202752  sps 1720  opp symm  loss -0.026  pg +0.0003  v 0.007  ev +0.91  adv_std 0.121  tR +0.33  ent[s/d/p/e] 1.95/2.32/1.23/0.56  emits 0.80  spf 47.7  z0 0.61  garr 39.4  tG 357  e2 0.18  nF 7.7  pS 0.35  ptS 0.34  fLog 0.57  pdΔ -0.1521  pkR 4.43  clip 0.12  kl +0.003
[eval_vs_v20] u99 tag=train_u99  bin0=0.0%  spf=20.32  garr=33.09  flip=18.18%  z0=69.8%  e8=0.0%  e2+=0.9%  WLD=0/3/0
upd   99  steps  204800  sps 1728  opp symm  loss -0.011  pg +0.0163  v 0.005  ev +0.94  adv_std 0.104  tR +0.33  ent[s/d/p/e] 1.79/2.23/1.30/0.56  emits 0.71  spf 46.4  z0 0.63  garr 43.3  tG 373  e2 0.16  nF 7.3  pS 0.34  ptS 0.33  fLog 0.56  pdΔ -0.1616  pkR 3.39  clip 0.11  kl +0.002 WRr 0.28 v20[spf 20.3 flip 18.2% e2+ 0.9%]
upd  100  steps  206848  sps 1004  opp symm  loss -0.011  pg +0.0130  v 0.010  ev +0.87  adv_std 0.143  tR +0.00  ent[s/d/p/e] 1.84/2.24/1.27/0.56  emits 0.82  spf 48.8  z0 0.61  garr 43.3  tG 384  e2 0.19  nF 7.5  pS 0.35  ptS 0.34  fLog 0.57  pdΔ -0.1528  pkR 4.24  clip 0.08  kl +0.002
upd  101  steps  208896  sps 1010  opp symm  loss -0.015  pg +0.0119  v 0.006  ev +0.92  adv_std 0.111  tR +0.67  ent[s/d/p/e] 1.85/2.24/1.24/0.57  emits 0.84  spf 46.6  z0 0.61  garr 46.9  tG 414  e2 0.19  nF 7.9  pS 0.36  ptS 0.35  fLog 0.56  pdΔ -0.1403  pkR 4.06  clip 0.10  kl +0.002
upd  102  steps  210944  sps 1017  opp symm  loss -0.042  pg -0.0158  v 0.007  ev +0.91  adv_std 0.117  tR +0.43  ent[s/d/p/e] 1.79/2.20/1.29/0.55  emits 0.75  spf 50.3  z0 0.63  garr 46.8  tG 404  e2 0.16  nF 6.8  pS 0.34  ptS 0.33  fLog 0.58  pdΔ -0.1636  pkR 5.17  clip 0.08  kl -0.001
upd  103  steps  212992  sps 1024  opp symm  loss -0.017  pg +0.0094  v 0.006  ev +0.92  adv_std 0.110  tR +0.50  ent[s/d/p/e] 1.83/2.27/1.28/0.55  emits 0.69  spf 51.8  z0 0.65  garr 50.4  tG 425  e2 0.15  nF 6.9  pS 0.33  ptS 0.33  fLog 0.58  pdΔ -0.1679  pkR 4.61  clip 0.19  kl +0.003
upd  104  steps  215040  sps 1030  opp symm  loss -0.066  pg -0.0386  v 0.005  ev +0.94  adv_std 0.099  tR +0.20  ent[s/d/p/e] 1.83/2.29/1.35/0.55  emits 0.64  spf 57.1  z0 0.67  garr 48.9  tG 398  e2 0.13  nF 6.1  pS 0.31  ptS 0.31  fLog 0.60  pdΔ -0.1885  pkR 3.96  clip 0.10  kl +0.006
upd  105  steps  217088  sps 1037  opp symm  loss -0.035  pg -0.0068  v 0.004  ev +0.95  adv_std 0.093  tR -0.20  ent[s/d/p/e] 1.83/2.27/1.35/0.57  emits 0.63  spf 52.5  z0 0.66  garr 51.4  tG 419  e2 0.14  nF 6.6  pS 0.32  ptS 0.32  fLog 0.58  pdΔ -0.1760  pkR 4.46  clip 0.07  kl +0.003
upd  106  steps  219136  sps 1044  opp symm  loss -0.035  pg -0.0081  v 0.007  ev +0.93  adv_std 0.117  tR +0.00  ent[s/d/p/e] 1.77/2.29/1.37/0.58  emits 0.70  spf 57.6  z0 0.63  garr 53.4  tG 446  e2 0.15  nF 6.4  pS 0.34  ptS 0.33  fLog 0.60  pdΔ -0.1630  pkR 4.17  clip 0.11  kl +0.004
upd  107  steps  221184  sps 1050  opp symm  loss -0.047  pg -0.0175  v 0.004  ev +0.96  adv_std 0.084  tR +0.33  ent[s/d/p/e] 1.86/2.36/1.40/0.58  emits 0.69  spf 51.0  z0 0.64  garr 51.3  tG 417  e2 0.16  nF 6.9  pS 0.34  ptS 0.34  fLog 0.58  pdΔ -0.1563  pkR 4.90  clip 0.07  kl +0.001
upd  108  steps  223232  sps 1057  opp symm  loss -0.055  pg -0.0276  v 0.006  ev +0.94  adv_std 0.114  tR +0.20  ent[s/d/p/e] 1.83/2.33/1.34/0.58  emits 0.66  spf 52.7  z0 0.65  garr 56.8  tG 448  e2 0.15  nF 6.5  pS 0.34  ptS 0.33  fLog 0.58  pdΔ -0.1588  pkR 4.94  clip 0.09  kl +0.003
upd  109  steps  225280  sps 1063  opp symm  loss -0.040  pg -0.0116  v 0.005  ev +0.95  adv_std 0.100  tR -0.43  ent[s/d/p/e] 1.83/2.35/1.36/0.59  emits 0.70  spf 55.1  z0 0.62  garr 54.7  tG 443  e2 0.16  nF 6.8  pS 0.34  ptS 0.33  fLog 0.59  pdΔ -0.1553  pkR 5.26  clip 0.10  kl +0.003
upd  110  steps  227328  sps 1069  opp symm  loss +0.018  pg +0.0468  v 0.005  ev +0.94  adv_std 0.095  tR +0.33  ent[s/d/p/e] 1.82/2.33/1.34/0.59  emits 0.67  spf 53.4  z0 0.63  garr 58.5  tG 509  e2 0.15  nF 6.4  pS 0.37  ptS 0.35  fLog 0.58  pdΔ -0.1315  pkR 6.68  clip 0.07  kl +0.004
upd  111  steps  229376  sps 1076  opp symm  loss -0.031  pg -0.0012  v 0.004  ev +0.94  adv_std 0.093  tR +0.00  ent[s/d/p/e] 1.91/2.37/1.43/0.59  emits 0.63  spf 61.2  z0 0.65  garr 63.6  tG 560  e2 0.14  nF 6.9  pS 0.38  ptS 0.37  fLog 0.61  pdΔ -0.1169  pkR 3.82  clip 0.10  kl +0.002
upd  112  steps  231424  sps 1082  opp symm  loss -0.021  pg +0.0073  v 0.007  ev +0.90  adv_std 0.124  tR -0.33  ent[s/d/p/e] 2.11/2.47/1.37/0.60  emits 0.61  spf 69.5  z0 0.66  garr 67.4  tG 622  e2 0.14  nF 6.1  pS 0.41  ptS 0.40  fLog 0.63  pdΔ -0.0921  pkR 3.30  clip 0.15  kl +0.007
upd  113  steps  233472  sps 1088  opp symm  loss -0.021  pg +0.0042  v 0.013  ev +0.84  adv_std 0.159  tR +0.56  ent[s/d/p/e] 2.01/2.41/1.35/0.58  emits 0.62  spf 63.7  z0 0.66  garr 68.6  tG 629  e2 0.14  nF 6.0  pS 0.39  ptS 0.39  fLog 0.61  pdΔ -0.1081  pkR 4.06  clip 0.06  kl +0.002
upd  114  steps  235520  sps 1095  opp symm  loss -0.019  pg +0.0094  v 0.005  ev +0.94  adv_std 0.103  tR +0.33  ent[s/d/p/e] 1.96/2.36/1.30/0.57  emits 0.67  spf 57.7  z0 0.65  garr 63.0  tG 572  e2 0.16  nF 6.4  pS 0.37  ptS 0.37  fLog 0.59  pdΔ -0.1251  pkR 7.00  clip 0.08  kl +0.001
upd  115  steps  237568  sps 1101  opp symm  loss -0.023  pg +0.0029  v 0.011  ev +0.88  adv_std 0.152  tR +0.71  ent[s/d/p/e] 1.97/2.35/1.36/0.57  emits 0.66  spf 55.5  z0 0.65  garr 58.2  tG 517  e2 0.15  nF 6.9  pS 0.36  ptS 0.36  fLog 0.59  pdΔ -0.1401  pkR 6.61  clip 0.10  kl -0.001
upd  116  steps  239616  sps 1107  opp symm  loss -0.037  pg -0.0104  v 0.006  ev +0.94  adv_std 0.111  tR +0.00  ent[s/d/p/e] 1.78/2.20/1.30/0.56  emits 0.61  spf 53.1  z0 0.66  garr 56.8  tG 496  e2 0.14  nF 6.3  pS 0.34  ptS 0.34  fLog 0.58  pdΔ -0.1584  pkR 5.04  clip 0.07  kl +0.002
upd  117  steps  241664  sps 1113  opp symm  loss -0.031  pg -0.0033  v 0.005  ev +0.95  adv_std 0.097  tR +0.14  ent[s/d/p/e] 1.86/2.28/1.32/0.55  emits 0.59  spf 56.0  z0 0.68  garr 59.1  tG 498  e2 0.13  nF 5.9  pS 0.35  ptS 0.34  fLog 0.59  pdΔ -0.1547  pkR 4.21  clip 0.05  kl +0.002
upd  118  steps  243712  sps 1119  opp symm  loss -0.012  pg +0.0148  v 0.005  ev +0.95  adv_std 0.098  tR -1.00  ent[s/d/p/e] 1.85/2.26/1.29/0.54  emits 0.55  spf 56.8  z0 0.70  garr 62.8  tG 508  e2 0.11  nF 5.3  pS 0.34  ptS 0.33  fLog 0.59  pdΔ -0.1600  pkR 4.56  clip 0.10  kl +0.002
upd  119  steps  245760  sps 1125  opp symm  loss -0.038  pg -0.0111  v 0.007  ev +0.93  adv_std 0.115  tR +0.20  ent[s/d/p/e] 1.90/2.28/1.34/0.53  emits 0.60  spf 56.9  z0 0.69  garr 63.2  tG 514  e2 0.12  nF 5.6  pS 0.34  ptS 0.33  fLog 0.59  pdΔ -0.1578  pkR 3.89  clip 0.11  kl +0.004
upd  120  steps  247808  sps 1131  opp symm  loss -0.035  pg -0.0068  v 0.004  ev +0.95  adv_std 0.089  tR -0.20  ent[s/d/p/e] 1.92/2.38/1.36/0.53  emits 0.53  spf 62.0  z0 0.71  garr 71.1  tG 560  e2 0.11  nF 5.4  pS 0.34  ptS 0.33  fLog 0.60  pdΔ -0.1589  pkR 3.84  clip 0.05  kl +0.002
upd  121  steps  249856  sps 1137  opp symm  loss -0.039  pg -0.0101  v 0.004  ev +0.95  adv_std 0.084  tR +0.50  ent[s/d/p/e] 1.97/2.40/1.37/0.53  emits 0.57  spf 62.6  z0 0.71  garr 69.0  tG 530  e2 0.12  nF 5.2  pS 0.34  ptS 0.33  fLog 0.60  pdΔ -0.1617  pkR 4.47  clip 0.07  kl +0.002
upd  122  steps  251904  sps 1143  opp symm  loss -0.059  pg -0.0334  v 0.008  ev +0.89  adv_std 0.124  tR +0.67  ent[s/d/p/e] 1.87/2.31/1.35/0.52  emits 0.54  spf 58.7  z0 0.72  garr 71.5  tG 536  e2 0.12  nF 4.5  pS 0.32  ptS 0.31  fLog 0.59  pdΔ -0.1810  pkR 4.19  clip 0.05  kl +0.000
upd  123  steps  253952  sps 1149  opp symm  loss -0.032  pg -0.0047  v 0.006  ev +0.92  adv_std 0.108  tR -0.20  ent[s/d/p/e] 1.78/2.34/1.44/0.51  emits 0.46  spf 66.0  z0 0.73  garr 71.9  tG 529  e2 0.10  nF 4.2  pS 0.30  ptS 0.29  fLog 0.61  pdΔ -0.1991  pkR 4.37  clip 0.09  kl +0.004
upd  124  steps  256000  sps 1155  opp symm  loss +0.024  pg +0.0503  v 0.005  ev +0.94  adv_std 0.098  tR -0.43  ent[s/d/p/e] 1.78/2.32/1.39/0.46  emits 0.34  spf 65.2  z0 0.78  garr 74.8  tG 551  e2 0.07  nF 3.9  pS 0.30  ptS 0.29  fLog 0.61  pdΔ -0.2022  pkR 4.49  clip 0.15  kl -0.001
upd  125  steps  258048  sps 1161  opp symm  loss +0.040  pg +0.0658  v 0.006  ev +0.91  adv_std 0.110  tR +1.00  ent[s/d/p/e] 1.66/2.21/1.44/0.49  emits 0.39  spf 63.2  z0 0.76  garr 79.1  tG 568  e2 0.08  nF 3.7  pS 0.30  ptS 0.28  fLog 0.59  pdΔ -0.1995  pkR 4.58  clip 0.09  kl +0.002
upd  126  steps  260096  sps 1167  opp symm  loss +0.013  pg +0.0405  v 0.004  ev +0.94  adv_std 0.091  tR -1.00  ent[s/d/p/e] 1.90/2.40/1.39/0.49  emits 0.49  spf 58.5  z0 0.74  garr 87.8  tG 606  e2 0.10  nF 4.5  pS 0.33  ptS 0.31  fLog 0.58  pdΔ -0.1738  pkR 4.19  clip 0.08  kl +0.003
upd  127  steps  262144  sps 1173  opp symm  loss +0.025  pg +0.0506  v 0.008  ev +0.89  adv_std 0.123  tR +0.20  ent[s/d/p/e] 2.00/2.44/1.31/0.46  emits 0.50  spf 61.7  z0 0.75  garr 93.5  tG 650  e2 0.10  nF 4.8  pS 0.34  ptS 0.32  fLog 0.59  pdΔ -0.1618  pkR 3.87  clip 0.12  kl +0.004
upd  128  steps  264192  sps 1178  opp symm  loss -0.031  pg -0.0036  v 0.004  ev +0.94  adv_std 0.094  tR +0.00  ent[s/d/p/e] 1.95/2.41/1.38/0.50  emits 0.50  spf 63.7  z0 0.75  garr 92.8  tG 663  e2 0.11  nF 4.6  pS 0.34  ptS 0.32  fLog 0.60  pdΔ -0.1611  pkR 4.44  clip 0.09  kl +0.001
upd  129  steps  266240  sps 1184  opp symm  loss -0.009  pg +0.0173  v 0.006  ev +0.90  adv_std 0.113  tR +0.00  ent[s/d/p/e] 1.89/2.38/1.33/0.49  emits 0.47  spf 66.7  z0 0.74  garr 89.8  tG 664  e2 0.10  nF 4.6  pS 0.33  ptS 0.32  fLog 0.61  pdΔ -0.1696  pkR 4.51  clip 0.06  kl +0.002
upd  130  steps  268288  sps 1190  opp symm  loss +0.019  pg +0.0438  v 0.009  ev +0.87  adv_std 0.131  tR +0.33  ent[s/d/p/e] 1.90/2.39/1.34/0.49  emits 0.52  spf 60.2  z0 0.74  garr 92.9  tG 674  e2 0.10  nF 4.7  pS 0.34  ptS 0.32  fLog 0.59  pdΔ -0.1646  pkR 4.61  clip 0.06  kl +0.001
upd  131  steps  270336  sps 1195  opp symm  loss -0.066  pg -0.0414  v 0.008  ev +0.87  adv_std 0.127  tR +0.14  ent[s/d/p/e] 1.76/2.29/1.37/0.48  emits 0.40  spf 60.0  z0 0.77  garr 87.6  tG 663  e2 0.08  nF 3.9  pS 0.32  ptS 0.31  fLog 0.59  pdΔ -0.1785  pkR 3.88  clip 0.07  kl +0.004
upd  132  steps  272384  sps 1201  opp symm  loss +0.013  pg +0.0380  v 0.007  ev +0.87  adv_std 0.115  tR +0.20  ent[s/d/p/e] 1.69/2.28/1.42/0.44  emits 0.32  spf 69.2  z0 0.80  garr 92.6  tG 699  e2 0.06  nF 3.2  pS 0.30  ptS 0.29  fLog 0.61  pdΔ -0.1997  pkR 4.54  clip 0.14  kl +0.002
upd  133  steps  274432  sps 1207  opp symm  loss -0.037  pg -0.0120  v 0.007  ev +0.88  adv_std 0.118  tR +0.33  ent[s/d/p/e] 1.58/2.24/1.42/0.50  emits 0.39  spf 70.9  z0 0.76  garr 91.6  tG 671  e2 0.08  nF 3.3  pS 0.29  ptS 0.28  fLog 0.61  pdΔ -0.2089  pkR 4.89  clip 0.12  kl +0.005
upd  134  steps  276480  sps 1212  opp symm  loss -0.027  pg -0.0032  v 0.007  ev +0.88  adv_std 0.122  tR +0.43  ent[s/d/p/e] 1.48/2.20/1.50/0.44  emits 0.29  spf 64.3  z0 0.79  garr 91.2  tG 621  e2 0.05  nF 2.9  pS 0.26  ptS 0.26  fLog 0.60  pdΔ -0.2388  pkR 5.53  clip 0.12  kl +0.001
upd  135  steps  278528  sps 1218  opp symm  loss -0.001  pg +0.0258  v 0.005  ev +0.92  adv_std 0.094  tR -1.00  ent[s/d/p/e] 1.48/2.15/1.51/0.49  emits 0.28  spf 63.3  z0 0.79  garr 98.4  tG 675  e2 0.05  nF 2.9  pS 0.27  ptS 0.27  fLog 0.60  pdΔ -0.2334  pkR 5.39  clip 0.10  kl +0.002
upd  136  steps  280576  sps 1223  opp symm  loss -0.046  pg -0.0195  v 0.005  ev +0.94  adv_std 0.098  tR -0.60  ent[s/d/p/e] 1.58/2.25/1.51/0.47  emits 0.28  spf 66.7  z0 0.80  garr 101.6  tG 729  e2 0.05  nF 3.1  pS 0.29  ptS 0.28  fLog 0.61  pdΔ -0.2134  pkR 5.23  clip 0.04  kl +0.001
upd  137  steps  282624  sps 1229  opp symm  loss -0.022  pg +0.0036  v 0.006  ev +0.93  adv_std 0.112  tR +0.60  ent[s/d/p/e] 1.73/2.26/1.42/0.48  emits 0.38  spf 62.0  z0 0.77  garr 103.7  tG 764  e2 0.08  nF 3.7  pS 0.31  ptS 0.30  fLog 0.59  pdΔ -0.1921  pkR 5.61  clip 0.07  kl +0.001
upd  138  steps  284672  sps 1234  opp symm  loss -0.026  pg +0.0017  v 0.004  ev +0.96  adv_std 0.089  tR -0.60  ent[s/d/p/e] 1.81/2.34/1.44/0.52  emits 0.47  spf 60.7  z0 0.73  garr 92.3  tG 701  e2 0.10  nF 4.7  pS 0.32  ptS 0.32  fLog 0.59  pdΔ -0.1755  pkR 6.01  clip 0.10  kl +0.003
upd  139  steps  286720  sps 1239  opp symm  loss -0.051  pg -0.0219  v 0.004  ev +0.96  adv_std 0.089  tR +0.00  ent[s/d/p/e] 1.85/2.41/1.41/0.53  emits 0.44  spf 70.0  z0 0.74  garr 91.5  tG 737  e2 0.09  nF 4.9  pS 0.35  ptS 0.34  fLog 0.62  pdΔ -0.1536  pkR 5.70  clip 0.09  kl +0.003
upd  140  steps  288768  sps 1245  opp symm  loss -0.038  pg -0.0137  v 0.011  ev +0.90  adv_std 0.150  tR +0.45  ent[s/d/p/e] 1.80/2.34/1.41/0.52  emits 0.44  spf 70.6  z0 0.74  garr 79.9  tG 641  e2 0.09  nF 4.7  pS 0.34  ptS 0.33  fLog 0.61  pdΔ -0.1635  pkR 5.03  clip 0.08  kl +0.001
upd  141  steps  290816  sps 1250  opp symm  loss -0.054  pg -0.0265  v 0.003  ev +0.97  adv_std 0.082  tR -0.60  ent[s/d/p/e] 1.70/2.28/1.43/0.52  emits 0.42  spf 66.0  z0 0.74  garr 78.4  tG 624  e2 0.08  nF 4.3  pS 0.32  ptS 0.31  fLog 0.61  pdΔ -0.1768  pkR 4.42  clip 0.08  kl +0.002
upd  142  steps  292864  sps 1255  opp symm  loss -0.015  pg +0.0111  v 0.008  ev +0.93  adv_std 0.123  tR +0.60  ent[s/d/p/e] 1.71/2.33/1.44/0.50  emits 0.40  spf 66.8  z0 0.76  garr 85.5  tG 688  e2 0.08  nF 4.1  pS 0.34  ptS 0.33  fLog 0.62  pdΔ -0.1631  pkR 4.60  clip 0.08  kl +0.001
upd  143  steps  294912  sps 1261  opp symm  loss -0.010  pg +0.0166  v 0.006  ev +0.94  adv_std 0.108  tR +1.00  ent[s/d/p/e] 1.68/2.34/1.52/0.50  emits 0.37  spf 72.9  z0 0.76  garr 87.3  tG 693  e2 0.07  nF 3.6  pS 0.33  ptS 0.32  fLog 0.63  pdΔ -0.1740  pkR 4.47  clip 0.04  kl +0.000
upd  144  steps  296960  sps 1266  opp symm  loss -0.036  pg -0.0111  v 0.009  ev +0.92  adv_std 0.138  tR +0.00  ent[s/d/p/e] 1.72/2.33/1.39/0.50  emits 0.41  spf 68.3  z0 0.76  garr 92.5  tG 713  e2 0.07  nF 3.8  pS 0.33  ptS 0.32  fLog 0.62  pdΔ -0.1749  pkR 4.06  clip 0.06  kl +0.002
upd  145  steps  299008  sps 1271  opp symm  loss -0.041  pg -0.0135  v 0.004  ev +0.97  adv_std 0.093  tR +1.00  ent[s/d/p/e] 1.82/2.39/1.38/0.51  emits 0.45  spf 73.8  z0 0.75  garr 94.1  tG 713  e2 0.09  nF 4.7  pS 0.33  ptS 0.32  fLog 0.63  pdΔ -0.1715  pkR 5.14  clip 0.04  kl +0.003
upd  146  steps  301056  sps 1276  opp symm  loss +0.006  pg +0.0335  v 0.005  ev +0.96  adv_std 0.105  tR +0.33  ent[s/d/p/e] 1.71/2.36/1.50/0.51  emits 0.39  spf 75.6  z0 0.76  garr 97.8  tG 745  e2 0.08  nF 3.6  pS 0.32  ptS 0.31  fLog 0.63  pdΔ -0.1795  pkR 5.14  clip 0.05  kl -0.000
upd  147  steps  303104  sps 1282  opp symm  loss -0.033  pg -0.0077  v 0.010  ev +0.91  adv_std 0.140  tR -0.25  ent[s/d/p/e] 1.72/2.39/1.54/0.49  emits 0.37  spf 70.3  z0 0.77  garr 96.5  tG 709  e2 0.07  nF 3.6  pS 0.31  ptS 0.30  fLog 0.62  pdΔ -0.1870  pkR 5.66  clip 0.07  kl +0.002
upd  148  steps  305152  sps 1287  opp symm  loss -0.024  pg +0.0023  v 0.007  ev +0.94  adv_std 0.119  tR +0.67  ent[s/d/p/e] 1.67/2.37/1.50/0.48  emits 0.32  spf 77.0  z0 0.78  garr 90.8  tG 640  e2 0.06  nF 3.0  pS 0.29  ptS 0.28  fLog 0.64  pdΔ -0.2125  pkR 5.44  clip 0.08  kl +0.005
upd  149  steps  307200  sps 1292  opp symm  loss +0.028  pg +0.0537  v 0.007  ev +0.93  adv_std 0.118  tR -0.71  ent[s/d/p/e] 1.73/2.38/1.52/0.43  emits 0.28  spf 69.4  z0 0.81  garr 86.5  tG 599  e2 0.05  nF 2.6  pS 0.28  ptS 0.27  fLog 0.62  pdΔ -0.2220  pkR 5.12  clip 0.11  kl +0.004
upd  150  steps  309248  sps 1297  opp symm  loss +0.002  pg +0.0277  v 0.005  ev +0.95  adv_std 0.102  tR +0.33  ent[s/d/p/e] 1.72/2.36/1.45/0.45  emits 0.21  spf 73.5  z0 0.85  garr 97.3  tG 636  e2 0.03  nF 2.0  pS 0.27  ptS 0.26  fLog 0.63  pdΔ -0.2320  pkR 4.50  clip 0.06  kl +0.006
upd  151  steps  311296  sps 1302  opp symm  loss -0.020  pg +0.0061  v 0.006  ev +0.94  adv_std 0.109  tR +0.00  ent[s/d/p/e] 1.63/2.30/1.56/0.45  emits 0.25  spf 91.5  z0 0.82  garr 105.2  tG 682  e2 0.04  nF 2.2  pS 0.27  ptS 0.26  fLog 0.67  pdΔ -0.2324  pkR 4.49  clip 0.05  kl +0.001
upd  152  steps  313344  sps 1307  opp symm  loss -0.030  pg -0.0030  v 0.006  ev +0.94  adv_std 0.109  tR -1.00  ent[s/d/p/e] 1.70/2.38/1.54/0.47  emits 0.26  spf 84.1  z0 0.82  garr 109.9  tG 726  e2 0.05  nF 2.5  pS 0.28  ptS 0.27  fLog 0.66  pdΔ -0.2187  pkR 5.22  clip 0.06  kl +0.003
upd  153  steps  315392  sps 1312  opp symm  loss -0.052  pg -0.0261  v 0.007  ev +0.95  adv_std 0.114  tR -1.00  ent[s/d/p/e] 1.74/2.36/1.42/0.46  emits 0.30  spf 79.4  z0 0.81  garr 104.4  tG 707  e2 0.06  nF 2.9  pS 0.28  ptS 0.27  fLog 0.64  pdΔ -0.2173  pkR 5.17  clip 0.04  kl +0.001
upd  154  steps  317440  sps 1317  opp symm  loss -0.023  pg +0.0030  v 0.007  ev +0.95  adv_std 0.115  tR -1.00  ent[s/d/p/e] 1.68/2.29/1.45/0.49  emits 0.36  spf 70.5  z0 0.77  garr 93.9  tG 646  e2 0.07  nF 3.5  pS 0.29  ptS 0.28  fLog 0.62  pdΔ -0.2129  pkR 4.66  clip 0.04  kl -0.000
upd  155  steps  319488  sps 1322  opp symm  loss -0.031  pg -0.0043  v 0.005  ev +0.97  adv_std 0.099  tR -0.67  ent[s/d/p/e] 1.64/2.29/1.47/0.50  emits 0.32  spf 68.6  z0 0.78  garr 89.8  tG 643  e2 0.06  nF 3.5  pS 0.30  ptS 0.29  fLog 0.62  pdΔ -0.1992  pkR 4.90  clip 0.06  kl +0.003
upd  156  steps  321536  sps 1327  opp symm  loss -0.024  pg +0.0036  v 0.004  ev +0.96  adv_std 0.094  tR -0.25  ent[s/d/p/e] 1.80/2.34/1.46/0.48  emits 0.36  spf 70.1  z0 0.78  garr 89.0  tG 648  e2 0.06  nF 3.5  pS 0.29  ptS 0.29  fLog 0.61  pdΔ -0.2055  pkR 4.58  clip 0.06  kl +0.002
upd  157  steps  323584  sps 1332  opp symm  loss -0.022  pg +0.0050  v 0.005  ev +0.95  adv_std 0.105  tR +0.00  ent[s/d/p/e] 1.83/2.37/1.44/0.49  emits 0.35  spf 62.2  z0 0.77  garr 93.7  tG 691  e2 0.06  nF 4.0  pS 0.31  ptS 0.30  fLog 0.60  pdΔ -0.1934  pkR 5.01  clip 0.06  kl +0.001
upd  158  steps  325632  sps 1337  opp symm  loss -0.010  pg +0.0150  v 0.010  ev +0.92  adv_std 0.142  tR +1.00  ent[s/d/p/e] 1.71/2.30/1.51/0.49  emits 0.35  spf 67.9  z0 0.77  garr 100.6  tG 736  e2 0.06  nF 3.8  pS 0.30  ptS 0.30  fLog 0.60  pdΔ -0.1965  pkR 5.96  clip 0.04  kl -0.000
upd  159  steps  327680  sps 1341  opp symm  loss -0.050  pg -0.0216  v 0.005  ev +0.97  adv_std 0.095  tR +0.00  ent[s/d/p/e] 1.80/2.36/1.49/0.51  emits 0.34  spf 71.6  z0 0.78  garr 105.4  tG 753  e2 0.07  nF 3.5  pS 0.31  ptS 0.30  fLog 0.62  pdΔ -0.1920  pkR 6.73  clip 0.08  kl +0.002
upd  160  steps  329728  sps 1346  opp symm  loss -0.027  pg +0.0004  v 0.006  ev +0.95  adv_std 0.111  tR +0.00  ent[s/d/p/e] 1.82/2.41/1.45/0.51  emits 0.38  spf 71.6  z0 0.76  garr 110.6  tG 774  e2 0.07  nF 3.7  pS 0.32  ptS 0.31  fLog 0.62  pdΔ -0.1823  pkR 6.62  clip 0.04  kl +0.001
upd  161  steps  331776  sps 1351  opp symm  loss -0.061  pg -0.0353  v 0.010  ev +0.93  adv_std 0.143  tR -0.14  ent[s/d/p/e] 1.76/2.34/1.50/0.52  emits 0.37  spf 68.6  z0 0.77  garr 118.0  tG 839  e2 0.06  nF 4.0  pS 0.33  ptS 0.32  fLog 0.61  pdΔ -0.1723  pkR 5.69  clip 0.06  kl +0.003
upd  162  steps  333824  sps 1356  opp symm  loss -0.002  pg +0.0228  v 0.008  ev +0.95  adv_std 0.129  tR +0.14  ent[s/d/p/e] 1.69/2.33/1.45/0.49  emits 0.40  spf 69.6  z0 0.75  garr 111.1  tG 807  e2 0.08  nF 3.9  pS 0.32  ptS 0.31  fLog 0.62  pdΔ -0.1802  pkR 6.66  clip 0.09  kl +0.002
upd  163  steps  335872  sps 1361  opp symm  loss -0.033  pg -0.0066  v 0.006  ev +0.96  adv_std 0.114  tR +0.00  ent[s/d/p/e] 1.78/2.35/1.45/0.50  emits 0.42  spf 61.6  z0 0.76  garr 90.7  tG 680  e2 0.08  nF 4.1  pS 0.31  ptS 0.30  fLog 0.60  pdΔ -0.1880  pkR 4.60  clip 0.09  kl +0.001
upd  164  steps  337920  sps 1365  opp symm  loss -0.013  pg +0.0140  v 0.006  ev +0.95  adv_std 0.109  tR +0.33  ent[s/d/p/e] 1.75/2.33/1.47/0.49  emits 0.45  spf 56.5  z0 0.76  garr 85.5  tG 622  e2 0.09  nF 4.6  pS 0.30  ptS 0.29  fLog 0.59  pdΔ -0.2001  pkR 4.72  clip 0.06  kl +0.003
upd  165  steps  339968  sps 1370  opp symm  loss +0.004  pg +0.0264  v 0.013  ev +0.89  adv_std 0.157  tR -0.43  ent[s/d/p/e] 1.52/2.27/1.56/0.45  emits 0.32  spf 59.3  z0 0.78  garr 85.8  tG 624  e2 0.05  nF 3.4  pS 0.29  ptS 0.28  fLog 0.60  pdΔ -0.2085  pkR 5.68  clip 0.07  kl +0.002
upd  166  steps  342016  sps 1375  opp symm  loss -0.029  pg -0.0019  v 0.004  ev +0.97  adv_std 0.089  tR -0.20  ent[s/d/p/e] 1.65/2.32/1.48/0.47  emits 0.34  spf 60.2  z0 0.79  garr 90.4  tG 652  e2 0.06  nF 3.2  pS 0.29  ptS 0.28  fLog 0.60  pdΔ -0.2082  pkR 6.67  clip 0.05  kl +0.002
upd  167  steps  344064  sps 1379  opp symm  loss -0.018  pg +0.0102  v 0.003  ev +0.98  adv_std 0.071  tR -0.33  ent[s/d/p/e] 1.86/2.39/1.47/0.45  emits 0.38  spf 62.7  z0 0.79  garr 95.4  tG 714  e2 0.08  nF 3.6  pS 0.31  ptS 0.30  fLog 0.61  pdΔ -0.1894  pkR 6.08  clip 0.08  kl +0.004
upd  168  steps  346112  sps 1384  opp symm  loss +0.022  pg +0.0500  v 0.004  ev +0.96  adv_std 0.095  tR -0.33  ent[s/d/p/e] 2.04/2.47/1.49/0.46  emits 0.43  spf 69.6  z0 0.78  garr 100.8  tG 777  e2 0.08  nF 4.0  pS 0.34  ptS 0.33  fLog 0.62  pdΔ -0.1615  pkR 5.30  clip 0.07  kl +0.001
upd  169  steps  348160  sps 1388  opp symm  loss -0.022  pg +0.0053  v 0.005  ev +0.96  adv_std 0.102  tR +0.33  ent[s/d/p/e] 1.91/2.43/1.47/0.45  emits 0.35  spf 70.9  z0 0.78  garr 97.9  tG 735  e2 0.06  nF 3.3  pS 0.32  ptS 0.31  fLog 0.63  pdΔ -0.1776  pkR 4.43  clip 0.07  kl +0.005
upd  170  steps  350208  sps 1393  opp symm  loss -0.015  pg +0.0089  v 0.013  ev +0.91  adv_std 0.160  tR +0.33  ent[s/d/p/e] 1.95/2.44/1.44/0.47  emits 0.46  spf 67.6  z0 0.75  garr 97.8  tG 743  e2 0.09  nF 3.9  pS 0.33  ptS 0.32  fLog 0.62  pdΔ -0.1653  pkR 4.42  clip 0.07  kl +0.004
upd  171  steps  352256  sps 1398  opp symm  loss +0.006  pg +0.0318  v 0.009  ev +0.94  adv_std 0.132  tR +0.33  ent[s/d/p/e] 1.95/2.40/1.39/0.48  emits 0.48  spf 57.1  z0 0.76  garr 100.3  tG 780  e2 0.10  nF 4.0  pS 0.34  ptS 0.33  fLog 0.59  pdΔ -0.1590  pkR 4.60  clip 0.07  kl +0.002
upd  172  steps  354304  sps 1402  opp symm  loss -0.029  pg -0.0030  v 0.006  ev +0.95  adv_std 0.111  tR +0.33  ent[s/d/p/e] 1.84/2.31/1.41/0.47  emits 0.41  spf 65.0  z0 0.77  garr 101.9  tG 784  e2 0.09  nF 3.7  pS 0.33  ptS 0.32  fLog 0.61  pdΔ -0.1727  pkR 4.96  clip 0.07  kl +0.003
upd  173  steps  356352  sps 1407  opp symm  loss -0.062  pg -0.0341  v 0.005  ev +0.96  adv_std 0.098  tR -0.33  ent[s/d/p/e] 1.76/2.27/1.50/0.50  emits 0.36  spf 71.6  z0 0.77  garr 109.8  tG 842  e2 0.07  nF 3.4  pS 0.33  ptS 0.32  fLog 0.62  pdΔ -0.1703  pkR 5.36  clip 0.05  kl +0.001
upd  174  steps  358400  sps 1411  opp symm  loss -0.069  pg -0.0426  v 0.007  ev +0.95  adv_std 0.115  tR -0.60  ent[s/d/p/e] 1.77/2.31/1.53/0.51  emits 0.40  spf 68.4  z0 0.76  garr 112.2  tG 852  e2 0.09  nF 3.7  pS 0.33  ptS 0.32  fLog 0.62  pdΔ -0.1683  pkR 6.24  clip 0.06  kl +0.004
upd  175  steps  360448  sps 1416  opp symm  loss -0.087  pg -0.0581  v 0.003  ev +0.98  adv_std 0.083  tR +0.33  ent[s/d/p/e] 1.88/2.35/1.52/0.50  emits 0.40  spf 64.2  z0 0.77  garr 115.6  tG 881  e2 0.09  nF 4.0  pS 0.34  ptS 0.34  fLog 0.61  pdΔ -0.1577  pkR 7.14  clip 0.05  kl +0.002
upd  176  steps  362496  sps 1420  opp symm  loss -0.048  pg -0.0223  v 0.008  ev +0.95  adv_std 0.130  tR -0.20  ent[s/d/p/e] 1.87/2.28/1.51/0.48  emits 0.38  spf 74.8  z0 0.76  garr 115.9  tG 925  e2 0.07  nF 3.7  pS 0.34  ptS 0.33  fLog 0.63  pdΔ -0.1582  pkR 5.42  clip 0.03  kl +0.001
upd  177  steps  364544  sps 1424  opp symm  loss +0.025  pg +0.0516  v 0.006  ev +0.96  adv_std 0.111  tR +0.00  ent[s/d/p/e] 1.82/2.26/1.49/0.47  emits 0.37  spf 70.3  z0 0.77  garr 120.1  tG 972  e2 0.08  nF 3.7  pS 0.34  ptS 0.33  fLog 0.62  pdΔ -0.1597  pkR 4.82  clip 0.06  kl +0.002
upd  178  steps  366592  sps 1429  opp symm  loss -0.044  pg -0.0178  v 0.006  ev +0.97  adv_std 0.108  tR -0.20  ent[s/d/p/e] 1.87/2.27/1.43/0.48  emits 0.38  spf 60.9  z0 0.78  garr 126.2  tG 1015  e2 0.08  nF 3.6  pS 0.34  ptS 0.33  fLog 0.60  pdΔ -0.1626  pkR 4.96  clip 0.08  kl +0.004
upd  179  steps  368640  sps 1433  opp symm  loss -0.022  pg +0.0019  v 0.009  ev +0.94  adv_std 0.137  tR +0.14  ent[s/d/p/e] 1.70/2.20/1.41/0.46  emits 0.37  spf 58.8  z0 0.78  garr 124.0  tG 988  e2 0.08  nF 3.8  pS 0.32  ptS 0.31  fLog 0.59  pdΔ -0.1767  pkR 4.47  clip 0.06  kl +0.002
upd  180  steps  370688  sps 1437  opp symm  loss -0.039  pg -0.0148  v 0.009  ev +0.95  adv_std 0.133  tR +0.14  ent[s/d/p/e] 1.64/2.21/1.51/0.45  emits 0.32  spf 56.3  z0 0.81  garr 125.1  tG 952  e2 0.06  nF 3.4  pS 0.31  ptS 0.30  fLog 0.59  pdΔ -0.1911  pkR 4.94  clip 0.05  kl +0.001
upd  181  steps  372736  sps 1442  opp symm  loss +0.007  pg +0.0334  v 0.005  ev +0.98  adv_std 0.098  tR +0.33  ent[s/d/p/e] 1.65/2.21/1.51/0.45  emits 0.30  spf 55.6  z0 0.82  garr 128.4  tG 960  e2 0.06  nF 3.0  pS 0.30  ptS 0.29  fLog 0.59  pdΔ -0.2012  pkR 5.80  clip 0.04  kl +0.001
upd  182  steps  374784  sps 1446  opp symm  loss -0.009  pg +0.0175  v 0.004  ev +0.98  adv_std 0.093  tR -0.20  ent[s/d/p/e] 1.68/2.21/1.56/0.46  emits 0.35  spf 61.3  z0 0.80  garr 145.1  tG 1078  e2 0.06  nF 3.0  pS 0.30  ptS 0.30  fLog 0.59  pdΔ -0.1950  pkR 5.97  clip 0.10  kl +0.004
upd  183  steps  376832  sps 1450  opp symm  loss -0.002  pg +0.0235  v 0.005  ev +0.97  adv_std 0.096  tR -0.50  ent[s/d/p/e] 1.61/2.21/1.46/0.45  emits 0.33  spf 70.6  z0 0.80  garr 137.2  tG 1062  e2 0.06  nF 2.9  pS 0.30  ptS 0.29  fLog 0.61  pdΔ -0.2036  pkR 6.66  clip 0.10  kl +0.003
upd  184  steps  378880  sps 1455  opp symm  loss -0.023  pg +0.0013  v 0.010  ev +0.94  adv_std 0.140  tR +0.00  ent[s/d/p/e] 1.58/2.28/1.56/0.46  emits 0.35  spf 72.6  z0 0.79  garr 130.5  tG 1017  e2 0.07  nF 3.1  pS 0.29  ptS 0.29  fLog 0.62  pdΔ -0.2052  pkR 7.28  clip 0.04  kl +0.000
upd  185  steps  380928  sps 1459  opp symm  loss -0.006  pg +0.0199  v 0.006  ev +0.96  adv_std 0.107  tR -0.33  ent[s/d/p/e] 1.57/2.25/1.59/0.46  emits 0.38  spf 65.0  z0 0.77  garr 117.5  tG 895  e2 0.07  nF 3.4  pS 0.31  ptS 0.30  fLog 0.62  pdΔ -0.1899  pkR 7.46  clip 0.05  kl +0.002
upd  186  steps  382976  sps 1463  opp symm  loss -0.025  pg +0.0016  v 0.005  ev +0.97  adv_std 0.104  tR +0.33  ent[s/d/p/e] 1.54/2.21/1.59/0.48  emits 0.42  spf 63.5  z0 0.77  garr 130.2  tG 1011  e2 0.08  nF 3.5  pS 0.33  ptS 0.32  fLog 0.61  pdΔ -0.1744  pkR 8.03  clip 0.06  kl +0.003
upd  187  steps  385024  sps 1467  opp symm  loss -0.019  pg +0.0047  v 0.011  ev +0.93  adv_std 0.141  tR +0.25  ent[s/d/p/e] 1.60/2.19/1.52/0.49  emits 0.46  spf 58.8  z0 0.76  garr 121.5  tG 883  e2 0.10  nF 4.2  pS 0.30  ptS 0.29  fLog 0.59  pdΔ -0.1951  pkR 9.36  clip 0.09  kl +0.005
upd  188  steps  387072  sps 1471  opp symm  loss -0.048  pg -0.0226  v 0.009  ev +0.95  adv_std 0.132  tR -0.14  ent[s/d/p/e] 1.59/2.23/1.57/0.49  emits 0.40  spf 60.4  z0 0.79  garr 111.5  tG 796  e2 0.08  nF 3.8  pS 0.30  ptS 0.29  fLog 0.60  pdΔ -0.2043  pkR 10.34  clip 0.08  kl +0.005
upd  189  steps  389120  sps 1476  opp symm  loss -0.054  pg -0.0288  v 0.009  ev +0.95  adv_std 0.137  tR +0.20  ent[s/d/p/e] 1.56/2.20/1.57/0.50  emits 0.42  spf 61.5  z0 0.77  garr 108.9  tG 779  e2 0.08  nF 3.9  pS 0.31  ptS 0.30  fLog 0.62  pdΔ -0.1896  pkR 6.07  clip 0.05  kl +0.002
upd  190  steps  391168  sps 1480  opp symm  loss -0.013  pg +0.0130  v 0.008  ev +0.95  adv_std 0.129  tR +0.00  ent[s/d/p/e] 1.61/2.21/1.60/0.51  emits 0.42  spf 61.1  z0 0.75  garr 102.8  tG 718  e2 0.08  nF 4.1  pS 0.31  ptS 0.30  fLog 0.61  pdΔ -0.1891  pkR 6.17  clip 0.06  kl +0.002
upd  191  steps  393216  sps 1484  opp symm  loss -0.053  pg -0.0262  v 0.006  ev +0.97  adv_std 0.107  tR +0.00  ent[s/d/p/e] 1.68/2.16/1.60/0.52  emits 0.42  spf 63.5  z0 0.74  garr 105.2  tG 773  e2 0.08  nF 4.2  pS 0.34  ptS 0.33  fLog 0.62  pdΔ -0.1590  pkR 4.50  clip 0.06  kl +0.001
upd  192  steps  395264  sps 1488  opp symm  loss -0.030  pg -0.0027  v 0.007  ev +0.97  adv_std 0.114  tR -0.33  ent[s/d/p/e] 1.80/2.24/1.55/0.53  emits 0.47  spf 64.5  z0 0.73  garr 111.1  tG 841  e2 0.09  nF 5.0  pS 0.36  ptS 0.34  fLog 0.62  pdΔ -0.1440  pkR 4.98  clip 0.07  kl +0.001
upd  193  steps  397312  sps 1492  opp symm  loss +0.019  pg +0.0460  v 0.006  ev +0.97  adv_std 0.109  tR -0.20  ent[s/d/p/e] 1.85/2.27/1.48/0.51  emits 0.47  spf 66.3  z0 0.73  garr 106.7  tG 819  e2 0.09  nF 5.2  pS 0.35  ptS 0.34  fLog 0.62  pdΔ -0.1503  pkR 5.28  clip 0.06  kl +0.000
upd  194  steps  399360  sps 1496  opp symm  loss -0.020  pg +0.0066  v 0.006  ev +0.97  adv_std 0.108  tR +0.00  ent[s/d/p/e] 1.92/2.29/1.40/0.47  emits 0.45  spf 67.9  z0 0.77  garr 106.6  tG 823  e2 0.09  nF 5.0  pS 0.35  ptS 0.34  fLog 0.62  pdΔ -0.1513  pkR 5.26  clip 0.06  kl +0.002
upd  195  steps  401408  sps 1500  opp symm  loss +0.007  pg +0.0318  v 0.007  ev +0.96  adv_std 0.117  tR -0.25  ent[s/d/p/e] 1.80/2.20/1.44/0.45  emits 0.39  spf 63.7  z0 0.78  garr 111.1  tG 836  e2 0.08  nF 4.0  pS 0.32  ptS 0.31  fLog 0.62  pdΔ -0.1765  pkR 4.63  clip 0.06  kl +0.001
upd  196  steps  403456  sps 1504  opp symm  loss +0.035  pg +0.0591  v 0.008  ev +0.94  adv_std 0.127  tR -0.20  ent[s/d/p/e] 1.82/2.18/1.47/0.45  emits 0.41  spf 62.2  z0 0.77  garr 117.7  tG 896  e2 0.08  nF 4.0  pS 0.32  ptS 0.31  fLog 0.61  pdΔ -0.1807  pkR 4.68  clip 0.09  kl +0.003
upd  197  steps  405504  sps 1508  opp symm  loss -0.004  pg +0.0222  v 0.006  ev +0.96  adv_std 0.107  tR +0.00  ent[s/d/p/e] 1.81/2.18/1.48/0.46  emits 0.35  spf 67.2  z0 0.80  garr 128.6  tG 1024  e2 0.07  nF 3.8  pS 0.33  ptS 0.32  fLog 0.61  pdΔ -0.1713  pkR 4.61  clip 0.06  kl +0.003
upd  198  steps  407552  sps 1512  opp symm  loss -0.039  pg -0.0136  v 0.005  ev +0.97  adv_std 0.101  tR -0.33  ent[s/d/p/e] 1.72/2.07/1.46/0.42  emits 0.29  spf 70.4  z0 0.82  garr 131.4  tG 1043  e2 0.05  nF 3.4  pS 0.32  ptS 0.31  fLog 0.62  pdΔ -0.1782  pkR 4.88  clip 0.05  kl +0.000
[eval_vs_v20] u199 tag=train_u199  bin0=0.0%  spf=12.50  garr=124.40  flip=50.00%  z0=68.3%  e8=0.0%  e2+=0.4%  WLD=0/3/0
upd  199  steps  409600  sps 1516  opp symm  loss +0.007  pg +0.0326  v 0.004  ev +0.97  adv_std 0.086  tR -0.33  ent[s/d/p/e] 1.83/2.05/1.48/0.42  emits 0.31  spf 69.9  z0 0.81  garr 142.9  tG 1162  e2 0.05  nF 3.0  pS 0.33  ptS 0.32  fLog 0.61  pdΔ -0.1721  pkR 5.05  clip 0.08  kl +0.001 WRr 0.09 v20[spf 12.5 flip 50.0% e2+ 0.4%]
[ckpt] saved /home/charlie/project/OrbitWarRL/ckpt_search/v14e_binary_v1_a_p0i3_ORBITWARS_SHAPING_PROD_SHARE_DELTA_0.025_3d71e38613/ckpt_000199.pkl opp=symm
upd  200  steps  411648  sps 1108  opp symm  loss -0.017  pg +0.0050  v 0.010  ev +0.93  adv_std 0.138  tR +0.71  ent[s/d/p/e] 1.64/1.96/1.49/0.39  emits 0.23  spf 69.0  z0 0.85  garr 147.9  tG 1144  e2 0.04  nF 2.6  pS 0.30  ptS 0.29  fLog 0.60  pdΔ -0.1992  pkR 5.28  clip 0.05  kl +0.001
upd  201  steps  413696  sps 1112  opp symm  loss +0.008  pg +0.0308  v 0.007  ev +0.95  adv_std 0.115  tR -1.00  ent[s/d/p/e] 1.50/1.91/1.48/0.43  emits 0.24  spf 74.4  z0 0.83  garr 158.0  tG 1238  e2 0.04  nF 2.4  pS 0.30  ptS 0.29  fLog 0.62  pdΔ -0.1984  pkR 5.93  clip 0.04  kl +0.001
upd  202  steps  415744  sps 1116  opp symm  loss -0.010  pg +0.0129  v 0.009  ev +0.93  adv_std 0.135  tR +0.00  ent[s/d/p/e] 1.72/2.01/1.46/0.42  emits 0.26  spf 86.1  z0 0.83  garr 161.0  tG 1232  e2 0.05  nF 2.6  pS 0.31  ptS 0.30  fLog 0.65  pdΔ -0.1889  pkR 6.49  clip 0.05  kl +0.002
upd  203  steps  417792  sps 1119  opp symm  loss -0.005  pg +0.0175  v 0.012  ev +0.92  adv_std 0.151  tR +0.20  ent[s/d/p/e] 1.78/2.13/1.43/0.45  emits 0.34  spf 69.7  z0 0.80  garr 143.5  tG 1004  e2 0.07  nF 3.2  pS 0.31  ptS 0.30  fLog 0.63  pdΔ -0.1873  pkR 8.11  clip 0.05  kl +0.002
upd  204  steps  419840  sps 1123  opp symm  loss +0.013  pg +0.0383  v 0.006  ev +0.96  adv_std 0.113  tR -0.50  ent[s/d/p/e] 1.85/2.20/1.40/0.45  emits 0.36  spf 61.2  z0 0.80  garr 136.5  tG 900  e2 0.07  nF 3.6  pS 0.31  ptS 0.29  fLog 0.60  pdΔ -0.1899  pkR 6.22  clip 0.04  kl +0.001
upd  205  steps  421888  sps 1126  opp symm  loss -0.014  pg +0.0119  v 0.006  ev +0.96  adv_std 0.109  tR +0.50  ent[s/d/p/e] 1.83/2.20/1.41/0.44  emits 0.36  spf 57.8  z0 0.80  garr 140.7  tG 956  e2 0.07  nF 4.1  pS 0.32  ptS 0.30  fLog 0.60  pdΔ -0.1834  pkR 6.18  clip 0.06  kl +0.002
upd  206  steps  423936  sps 1130  opp symm  loss -0.007  pg +0.0183  v 0.006  ev +0.97  adv_std 0.109  tR -1.00  ent[s/d/p/e] 1.92/2.23/1.34/0.45  emits 0.40  spf 62.9  z0 0.78  garr 153.8  tG 1094  e2 0.08  nF 4.1  pS 0.33  ptS 0.32  fLog 0.61  pdΔ -0.1656  pkR 6.42  clip 0.07  kl +0.002
upd  207  steps  425984  sps 1133  opp symm  loss -0.015  pg +0.0099  v 0.006  ev +0.97  adv_std 0.111  tR -0.50  ent[s/d/p/e] 2.01/2.26/1.30/0.44  emits 0.41  spf 66.8  z0 0.79  garr 167.1  tG 1260  e2 0.07  nF 4.3  pS 0.35  ptS 0.34  fLog 0.62  pdΔ -0.1518  pkR 5.88  clip 0.08  kl +0.005
upd  208  steps  428032  sps 1137  opp symm  loss +0.015  pg +0.0406  v 0.004  ev +0.98  adv_std 0.087  tR +0.00  ent[s/d/p/e] 1.96/2.05/1.37/0.43  emits 0.35  spf 63.8  z0 0.81  garr 186.5  tG 1384  e2 0.07  nF 3.5  pS 0.33  ptS 0.33  fLog 0.60  pdΔ -0.1652  pkR 6.19  clip 0.07  kl +0.003
upd  209  steps  430080  sps 1140  opp symm  loss -0.077  pg -0.0530  v 0.005  ev +0.97  adv_std 0.105  tR +0.14  ent[s/d/p/e] 1.90/1.97/1.41/0.40  emits 0.33  spf 50.2  z0 0.82  garr 206.0  tG 1519  e2 0.07  nF 3.5  pS 0.33  ptS 0.32  fLog 0.57  pdΔ -0.1745  pkR 6.92  clip 0.06  kl +0.002
upd  210  steps  432128  sps 1144  opp symm  loss -0.038  pg -0.0161  v 0.011  ev +0.94  adv_std 0.146  tR -0.33  ent[s/d/p/e] 1.84/1.91/1.45/0.42  emits 0.37  spf 49.2  z0 0.80  garr 199.0  tG 1432  e2 0.08  nF 3.6  pS 0.31  ptS 0.31  fLog 0.57  pdΔ -0.1938  pkR 7.73  clip 0.06  kl +0.003
upd  211  steps  434176  sps 1147  opp symm  loss +0.005  pg +0.0288  v 0.007  ev +0.96  adv_std 0.117  tR +0.67  ent[s/d/p/e] 1.81/1.86/1.40/0.46  emits 0.44  spf 43.5  z0 0.78  garr 160.8  tG 1055  e2 0.09  nF 4.2  pS 0.29  ptS 0.30  fLog 0.55  pdΔ -0.2052  pkR 5.92  clip 0.09  kl +0.003
upd  212  steps  436224  sps 1151  opp symm  loss -0.043  pg -0.0187  v 0.007  ev +0.96  adv_std 0.116  tR +0.14  ent[s/d/p/e] 1.83/1.89/1.41/0.45  emits 0.38  spf 49.2  z0 0.80  garr 157.1  tG 1045  e2 0.08  nF 3.7  pS 0.29  ptS 0.29  fLog 0.57  pdΔ -0.2062  pkR 4.91  clip 0.11  kl +0.001
upd  213  steps  438272  sps 1154  opp symm  loss +0.020  pg +0.0437  v 0.010  ev +0.95  adv_std 0.140  tR +0.00  ent[s/d/p/e] 1.78/1.76/1.50/0.49  emits 0.40  spf 50.4  z0 0.77  garr 153.1  tG 1055  e2 0.08  nF 3.9  pS 0.31  ptS 0.31  fLog 0.57  pdΔ -0.1904  pkR 5.25  clip 0.07  kl +0.002
upd  214  steps  440320  sps 1157  opp symm  loss -0.028  pg -0.0036  v 0.006  ev +0.97  adv_std 0.113  tR +0.00  ent[s/d/p/e] 1.83/1.78/1.50/0.46  emits 0.39  spf 52.5  z0 0.77  garr 148.3  tG 1114  e2 0.08  nF 4.3  pS 0.32  ptS 0.32  fLog 0.59  pdΔ -0.1775  pkR 4.91  clip 0.08  kl +0.003
upd  215  steps  442368  sps 1161  opp symm  loss -0.038  pg -0.0147  v 0.010  ev +0.95  adv_std 0.142  tR -0.33  ent[s/d/p/e] 1.84/1.83/1.50/0.50  emits 0.41  spf 52.1  z0 0.76  garr 156.4  tG 1227  e2 0.09  nF 4.3  pS 0.34  ptS 0.33  fLog 0.58  pdΔ -0.1597  pkR 5.07  clip 0.08  kl +0.001
upd  216  steps  444416  sps 1164  opp symm  loss -0.022  pg +0.0044  v 0.005  ev +0.97  adv_std 0.097  tR +0.00  ent[s/d/p/e] 1.87/1.93/1.53/0.49  emits 0.41  spf 56.7  z0 0.77  garr 163.9  tG 1297  e2 0.08  nF 4.2  pS 0.35  ptS 0.34  fLog 0.59  pdΔ -0.1533  pkR 5.25  clip 0.09  kl +0.002
upd  217  steps  446464  sps 1168  opp symm  loss +0.014  pg +0.0406  v 0.007  ev +0.97  adv_std 0.115  tR +0.20  ent[s/d/p/e] 1.98/2.00/1.51/0.50  emits 0.47  spf 55.7  z0 0.76  garr 172.5  tG 1390  e2 0.10  nF 4.9  pS 0.36  ptS 0.35  fLog 0.59  pdΔ -0.1368  pkR 5.69  clip 0.09  kl +0.003
upd  218  steps  448512  sps 1171  opp symm  loss -0.043  pg -0.0181  v 0.008  ev +0.96  adv_std 0.126  tR +0.00  ent[s/d/p/e] 1.99/1.95/1.50/0.45  emits 0.45  spf 55.4  z0 0.77  garr 161.7  tG 1271  e2 0.09  nF 4.8  pS 0.36  ptS 0.35  fLog 0.59  pdΔ -0.1378  pkR 6.09  clip 0.08  kl +0.002
upd  219  steps  450560  sps 1174  opp symm  loss -0.034  pg -0.0078  v 0.005  ev +0.97  adv_std 0.105  tR +0.20  ent[s/d/p/e] 1.76/1.75/1.58/0.49  emits 0.40  spf 47.9  z0 0.77  garr 159.8  tG 1250  e2 0.08  nF 4.2  pS 0.34  ptS 0.33  fLog 0.57  pdΔ -0.1588  pkR 6.07  clip 0.11  kl +0.006
upd  220  steps  452608  sps 1178  opp symm  loss -0.056  pg -0.0308  v 0.005  ev +0.97  adv_std 0.100  tR +0.00  ent[s/d/p/e] 1.83/1.73/1.56/0.46  emits 0.36  spf 56.8  z0 0.79  garr 158.8  tG 1254  e2 0.07  nF 3.8  pS 0.34  ptS 0.32  fLog 0.60  pdΔ -0.1636  pkR 6.40  clip 0.13  kl +0.006
upd  221  steps  454656  sps 1181  opp symm  loss -0.007  pg +0.0180  v 0.005  ev +0.97  adv_std 0.105  tR +0.33  ent[s/d/p/e] 1.82/1.72/1.54/0.47  emits 0.35  spf 56.6  z0 0.79  garr 159.1  tG 1244  e2 0.07  nF 3.5  pS 0.33  ptS 0.31  fLog 0.59  pdΔ -0.1725  pkR 7.33  clip 0.07  kl +0.001
upd  222  steps  456704  sps 1184  opp symm  loss -0.021  pg +0.0044  v 0.005  ev +0.97  adv_std 0.100  tR +1.00  ent[s/d/p/e] 1.88/1.75/1.54/0.45  emits 0.36  spf 61.3  z0 0.79  garr 181.5  tG 1405  e2 0.07  nF 3.7  pS 0.33  ptS 0.32  fLog 0.59  pdΔ -0.1657  pkR 7.39  clip 0.05  kl +0.002
upd  223  steps  458752  sps 1188  opp symm  loss -0.008  pg +0.0172  v 0.005  ev +0.98  adv_std 0.099  tR -0.50  ent[s/d/p/e] 1.82/1.72/1.54/0.45  emits 0.29  spf 73.7  z0 0.81  garr 188.8  tG 1462  e2 0.06  nF 2.8  pS 0.32  ptS 0.31  fLog 0.63  pdΔ -0.1755  pkR 7.80  clip 0.05  kl +0.003
upd  224  steps  460800  sps 1191  opp symm  loss -0.004  pg +0.0212  v 0.005  ev +0.97  adv_std 0.103  tR +0.20  ent[s/d/p/e] 1.72/1.69/1.58/0.44  emits 0.28  spf 63.5  z0 0.81  garr 193.8  tG 1522  e2 0.05  nF 2.8  pS 0.32  ptS 0.31  fLog 0.61  pdΔ -0.1756  pkR 8.43  clip 0.05  kl +0.001
upd  225  steps  462848  sps 1194  opp symm  loss +0.015  pg +0.0378  v 0.008  ev +0.96  adv_std 0.123  tR -0.60  ent[s/d/p/e] 1.62/1.55/1.60/0.41  emits 0.26  spf 57.9  z0 0.81  garr 191.0  tG 1531  e2 0.05  nF 2.9  pS 0.33  ptS 0.32  fLog 0.58  pdΔ -0.1699  pkR 9.09  clip 0.05  kl +0.002
upd  226  steps  464896  sps 1198  opp symm  loss +0.001  pg +0.0252  v 0.005  ev +0.97  adv_std 0.105  tR +0.78  ent[s/d/p/e] 1.69/1.61/1.70/0.39  emits 0.28  spf 50.9  z0 0.83  garr 184.1  tG 1408  e2 0.05  nF 2.9  pS 0.32  ptS 0.30  fLog 0.56  pdΔ -0.1841  pkR 8.96  clip 0.06  kl +0.001
upd  227  steps  466944  sps 1201  opp symm  loss -0.032  pg -0.0076  v 0.005  ev +0.97  adv_std 0.099  tR +0.50  ent[s/d/p/e] 1.69/1.75/1.68/0.39  emits 0.24  spf 52.6  z0 0.83  garr 185.3  tG 1321  e2 0.05  nF 2.6  pS 0.30  ptS 0.29  fLog 0.58  pdΔ -0.2015  pkR 4.75  clip 0.04  kl +0.001
upd  228  steps  468992  sps 1204  opp symm  loss -0.035  pg -0.0116  v 0.007  ev +0.96  adv_std 0.117  tR -1.00  ent[s/d/p/e] 1.67/1.68/1.61/0.41  emits 0.30  spf 47.4  z0 0.82  garr 191.4  tG 1361  e2 0.06  nF 3.1  pS 0.31  ptS 0.29  fLog 0.57  pdΔ -0.1907  pkR 5.56  clip 0.05  kl +0.000