
=== [2026-06-11T04:37:35Z] v14e_binary_v1_a_p0i7_lr_peak_4.5e-05_0268cbc752 phase=a kind=probe chunk=300 env={"ORBITWARS_SHAPING_ANTI_HOARD": 0.03, "ORBITWARS_SHAPING_CAPTURE": 0.06, "ORBITWARS_SHAPING_RELEASE": 0.003, "ORBITWARS_SHAPING_RELEASE_K": 14.0, "ORBITWARS_SHAPING_PROD_SHARE_DELTA": 0.01, "ORBITWARS_SHAPING_ONE_SHIP_PENALTY": 0.01} ppo={"ent_coef_emit": 0.025, "lr_peak": 4.5e-05} ===
[reward] kaggle-aligned: terminal +1 win/+1 tie>0/-1 loss/-1 double-wipeout; is_terminal at step >= episode_steps-2; SHAPING_SCALE=0.0; v1: KEEP_HOME=0.0 FLEET_SIZE=0.0/norm20.0; v2 (expert-replay calibrated): PROD_SHARE=0.0 PLANET_SHARE=0.0 FLEET_LOG=0.0/ref500.0/floor0.3; v3 (top10-2630ep calibrated): PROD_SHARE_DELTA=0.01 EMIT_LOG=0.0 EMIT_GATED=0.0 RELEASE=0.003/K14.0 CAPTURE=0.06; ANTI_HOARD=0.03/thresh0.6; episode_steps=500 (kaggle=500, mismatch=False)
[symmetric] Frog Parade style: same params drive BOTH players, no frozen/strong/buffer opponents, zero_sum_value=True
upd    0  steps    2048  sps 38  opp symm  loss -0.073  pg -0.0564  v 0.002  ev +0.13  adv_std 0.058  tR +0.00  ent[s/d/p/e] 0.36/1.23/1.18/0.24  emits 0.38  spf 13.0  z0 0.72  garr 13.8  tG 17  e2 0.07  nF 2.6  pS 0.07  ptS 0.06  fLog 0.40  pdΔ -0.4338  pkR 6.17  clip 0.02  kl +0.001
upd    1  steps    4096  sps 74  opp symm  loss +0.035  pg +0.0553  v 0.002  ev +0.44  adv_std 0.063  tR +0.00  ent[s/d/p/e] 0.76/1.18/1.07/0.36  emits 1.28  spf 10.9  z0 0.46  garr 11.8  tG 29  e2 0.33  nF 11.8  pS 0.12  ptS 0.11  fLog 0.35  pdΔ -0.3775  pkR 7.39  clip 0.20  kl +0.008
upd    2  steps    6144  sps 110  opp symm  loss +0.036  pg +0.0584  v 0.002  ev +0.38  adv_std 0.065  tR +0.00  ent[s/d/p/e] 1.04/1.45/1.00/0.42  emits 1.87  spf 10.8  z0 0.35  garr 11.2  tG 43  e2 0.44  nF 24.4  pS 0.18  ptS 0.16  fLog 0.35  pdΔ -0.3208  pkR 8.94  clip 0.16  kl +0.003
upd    3  steps    8192  sps 146  opp symm  loss -0.023  pg +0.0008  v 0.005  ev +0.28  adv_std 0.098  tR +0.00  ent[s/d/p/e] 1.36/1.75/0.98/0.45  emits 2.19  spf 11.7  z0 0.32  garr 12.6  tG 72  e2 0.48  nF 32.7  pS 0.24  ptS 0.22  fLog 0.36  pdΔ -0.2562  pkR 7.39  clip 0.28  kl +0.006
upd    4  steps   10240  sps 180  opp symm  loss +0.038  pg +0.0634  v 0.004  ev +0.41  adv_std 0.069  tR +0.00  ent[s/d/p/e] 1.57/1.93/0.96/0.45  emits 2.45  spf 13.9  z0 0.30  garr 14.6  tG 119  e2 0.52  nF 36.9  pS 0.31  ptS 0.29  fLog 0.37  pdΔ -0.1902  pkR 9.75  clip 0.30  kl +0.010
upd    5  steps   12288  sps 213  opp symm  loss +0.008  pg +0.0314  v 0.011  ev +0.20  adv_std 0.142  tR +1.00  ent[s/d/p/e] 1.70/2.03/0.98/0.46  emits 2.26  spf 15.5  z0 0.34  garr 17.8  tG 196  e2 0.48  nF 34.9  pS 0.36  ptS 0.34  fLog 0.38  pdΔ -0.1416  pkR 13.22  clip 0.32  kl +0.010
upd    6  steps   14336  sps 246  opp symm  loss -0.071  pg -0.0480  v 0.014  ev +0.27  adv_std 0.163  tR +0.33  ent[s/d/p/e] 1.78/2.10/0.99/0.48  emits 2.14  spf 17.0  z0 0.39  garr 22.2  tG 275  e2 0.45  nF 31.8  pS 0.37  ptS 0.35  fLog 0.39  pdΔ -0.1336  pkR 16.01  clip 0.33  kl +0.021
upd    7  steps   16384  sps 278  opp symm  loss -0.040  pg -0.0143  v 0.009  ev +0.47  adv_std 0.133  tR +0.00  ent[s/d/p/e] 1.87/2.16/0.98/0.51  emits 1.85  spf 19.8  z0 0.41  garr 22.0  tG 241  e2 0.40  nF 30.5  pS 0.36  ptS 0.35  fLog 0.41  pdΔ -0.1366  pkR 20.14  clip 0.37  kl +0.012
upd    8  steps   18432  sps 310  opp symm  loss -0.001  pg +0.0254  v 0.008  ev +0.57  adv_std 0.121  tR +1.00  ent[s/d/p/e] 1.88/2.15/1.00/0.50  emits 1.80  spf 20.9  z0 0.42  garr 20.8  tG 221  e2 0.40  nF 27.4  pS 0.36  ptS 0.35  fLog 0.42  pdΔ -0.1423  pkR 6.35  clip 0.29  kl +0.016
upd    9  steps   20480  sps 340  opp symm  loss -0.108  pg -0.0821  v 0.008  ev +0.65  adv_std 0.128  tR -0.20  ent[s/d/p/e] 1.90/2.18/0.98/0.49  emits 1.79  spf 21.8  z0 0.44  garr 23.8  tG 291  e2 0.39  nF 24.5  pS 0.38  ptS 0.37  fLog 0.42  pdΔ -0.1242  pkR 10.21  clip 0.19  kl +0.006
upd   10  steps   22528  sps 370  opp symm  loss -0.036  pg -0.0105  v 0.009  ev +0.69  adv_std 0.137  tR +0.40  ent[s/d/p/e] 1.90/2.19/0.98/0.46  emits 1.85  spf 21.1  z0 0.43  garr 21.9  tG 241  e2 0.38  nF 25.6  pS 0.35  ptS 0.33  fLog 0.42  pdΔ -0.1544  pkR 15.37  clip 0.20  kl +0.003
upd   11  steps   24576  sps 400  opp symm  loss -0.031  pg -0.0035  v 0.005  ev +0.76  adv_std 0.091  tR +1.00  ent[s/d/p/e] 1.85/2.11/1.00/0.48  emits 1.62  spf 21.0  z0 0.46  garr 21.4  tG 248  e2 0.35  nF 23.9  pS 0.33  ptS 0.32  fLog 0.41  pdΔ -0.1733  pkR 15.89  clip 0.22  kl +0.007
upd   12  steps   26624  sps 429  opp symm  loss -0.086  pg -0.0599  v 0.007  ev +0.74  adv_std 0.118  tR -0.20  ent[s/d/p/e] 1.78/2.05/1.00/0.48  emits 1.64  spf 19.0  z0 0.45  garr 22.3  tG 261  e2 0.36  nF 23.9  pS 0.33  ptS 0.33  fLog 0.40  pdΔ -0.1689  pkR 17.40  clip 0.26  kl +0.011
upd   13  steps   28672  sps 457  opp symm  loss -0.076  pg -0.0487  v 0.007  ev +0.78  adv_std 0.117  tR +0.33  ent[s/d/p/e] 1.81/2.12/1.07/0.50  emits 1.54  spf 22.1  z0 0.46  garr 20.6  tG 211  e2 0.35  nF 22.2  pS 0.31  ptS 0.31  fLog 0.42  pdΔ -0.1881  pkR 12.33  clip 0.22  kl +0.005
upd   14  steps   30720  sps 484  opp symm  loss -0.060  pg -0.0320  v 0.005  ev +0.79  adv_std 0.093  tR -1.00  ent[s/d/p/e] 1.84/2.15/1.05/0.50  emits 1.76  spf 21.7  z0 0.41  garr 19.4  tG 194  e2 0.40  nF 23.6  pS 0.32  ptS 0.32  fLog 0.42  pdΔ -0.1768  pkR 10.78  clip 0.24  kl +0.003
upd   15  steps   32768  sps 511  opp symm  loss -0.015  pg -0.0181  v 0.065  ev -0.16  adv_std 0.377  tR +0.20  ent[s/d/p/e] 1.69/2.03/1.10/0.48  emits 1.36  spf 20.7  z0 0.49  garr 18.7  tG 157  e2 0.31  nF 20.0  pS 0.27  ptS 0.26  fLog 0.42  pdΔ -0.2341  pkR 9.55  clip 0.17  kl +0.007
upd   16  steps   34816  sps 538  opp symm  loss +0.055  pg +0.0815  v 0.003  ev +0.55  adv_std 0.074  tR +0.00  ent[s/d/p/e] 1.42/1.83/1.17/0.47  emits 1.13  spf 17.6  z0 0.53  garr 15.6  tG 97  e2 0.27  nF 15.5  pS 0.20  ptS 0.19  fLog 0.40  pdΔ -0.3050  pkR 10.49  clip 0.21  kl +0.009
upd   17  steps   36864  sps 564  opp symm  loss -0.068  pg -0.0411  v 0.004  ev +0.78  adv_std 0.078  tR -1.00  ent[s/d/p/e] 1.43/1.85/1.11/0.51  emits 1.29  spf 18.9  z0 0.50  garr 16.2  tG 129  e2 0.30  nF 17.6  pS 0.23  ptS 0.23  fLog 0.41  pdΔ -0.2715  pkR 10.61  clip 0.21  kl +0.002
upd   18  steps   38912  sps 589  opp symm  loss -0.087  pg -0.0588  v 0.005  ev +0.80  adv_std 0.096  tR -0.20  ent[s/d/p/e] 1.55/1.97/1.11/0.53  emits 1.40  spf 20.6  z0 0.47  garr 17.6  tG 140  e2 0.31  nF 19.6  pS 0.25  ptS 0.25  fLog 0.42  pdΔ -0.2468  pkR 9.61  clip 0.26  kl +0.008
upd   19  steps   40960  sps 614  opp symm  loss -0.006  pg +0.0232  v 0.004  ev +0.80  adv_std 0.079  tR +0.00  ent[s/d/p/e] 1.61/2.01/1.13/0.52  emits 1.43  spf 19.8  z0 0.44  garr 19.1  tG 156  e2 0.33  nF 20.5  pS 0.27  ptS 0.27  fLog 0.41  pdΔ -0.2287  pkR 8.66  clip 0.21  kl +0.008
upd   20  steps   43008  sps 639  opp symm  loss -0.066  pg -0.0380  v 0.005  ev +0.83  adv_std 0.097  tR -0.20  ent[s/d/p/e] 1.68/2.02/1.13/0.52  emits 1.38  spf 21.0  z0 0.46  garr 22.2  tG 222  e2 0.31  nF 19.8  pS 0.30  ptS 0.30  fLog 0.42  pdΔ -0.1972  pkR 15.10  clip 0.22  kl +0.002
upd   21  steps   45056  sps 663  opp symm  loss +0.007  pg +0.0330  v 0.011  ev +0.59  adv_std 0.149  tR +1.00  ent[s/d/p/e] 1.70/2.05/1.14/0.54  emits 1.22  spf 24.3  z0 0.49  garr 24.4  tG 241  e2 0.29  nF 17.3  pS 0.31  ptS 0.30  fLog 0.44  pdΔ -0.1917  pkR 9.88  clip 0.18  kl +0.006
upd   22  steps   47104  sps 687  opp symm  loss -0.022  pg +0.0044  v 0.008  ev +0.75  adv_std 0.123  tR +0.20  ent[s/d/p/e] 1.73/2.07/1.11/0.51  emits 1.41  spf 25.4  z0 0.47  garr 20.6  tG 203  e2 0.32  nF 17.9  pS 0.29  ptS 0.29  fLog 0.43  pdΔ -0.2093  pkR 10.01  clip 0.18  kl +0.003
upd   23  steps   49152  sps 710  opp symm  loss -0.105  pg -0.0765  v 0.007  ev +0.84  adv_std 0.114  tR -1.00  ent[s/d/p/e] 1.79/2.12/1.12/0.53  emits 1.27  spf 23.4  z0 0.52  garr 21.4  tG 226  e2 0.28  nF 18.0  pS 0.30  ptS 0.30  fLog 0.44  pdΔ -0.1974  pkR 17.37  clip 0.23  kl +0.008
upd   24  steps   51200  sps 732  opp symm  loss -0.097  pg -0.0679  v 0.005  ev +0.88  adv_std 0.105  tR +0.00  ent[s/d/p/e] 1.75/2.15/1.13/0.51  emits 1.33  spf 24.7  z0 0.49  garr 25.8  tG 280  e2 0.30  nF 17.6  pS 0.33  ptS 0.32  fLog 0.45  pdΔ -0.1743  pkR 15.58  clip 0.23  kl +0.008
upd   25  steps   53248  sps 755  opp symm  loss -0.021  pg +0.0080  v 0.008  ev +0.76  adv_std 0.125  tR +0.50  ent[s/d/p/e] 1.76/2.19/1.15/0.55  emits 1.36  spf 25.6  z0 0.49  garr 22.5  tG 184  e2 0.31  nF 17.1  pS 0.29  ptS 0.29  fLog 0.46  pdΔ -0.2063  pkR 12.29  clip 0.16  kl +0.007
upd   26  steps   55296  sps 777  opp symm  loss -0.040  pg -0.0118  v 0.007  ev +0.71  adv_std 0.121  tR +0.60  ent[s/d/p/e] 1.64/2.08/1.18/0.53  emits 1.34  spf 23.3  z0 0.48  garr 20.7  tG 163  e2 0.31  nF 16.2  pS 0.28  ptS 0.27  fLog 0.45  pdΔ -0.2246  pkR 9.91  clip 0.15  kl +0.005
upd   27  steps   57344  sps 798  opp symm  loss -0.103  pg -0.0732  v 0.005  ev +0.89  adv_std 0.097  tR +0.00  ent[s/d/p/e] 1.72/2.16/1.13/0.55  emits 1.39  spf 24.7  z0 0.48  garr 23.5  tG 223  e2 0.32  nF 16.5  pS 0.30  ptS 0.30  fLog 0.46  pdΔ -0.1958  pkR 17.46  clip 0.15  kl +0.007
upd   28  steps   59392  sps 819  opp symm  loss -0.098  pg -0.0701  v 0.008  ev +0.83  adv_std 0.122  tR +0.00  ent[s/d/p/e] 1.75/2.16/1.10/0.52  emits 1.43  spf 24.3  z0 0.49  garr 21.0  tG 185  e2 0.32  nF 16.7  pS 0.29  ptS 0.29  fLog 0.45  pdΔ -0.2134  pkR 16.28  clip 0.13  kl +0.004
upd   29  steps   61440  sps 840  opp symm  loss -0.057  pg -0.0283  v 0.005  ev +0.86  adv_std 0.101  tR -0.33  ent[s/d/p/e] 1.76/2.16/1.11/0.53  emits 1.49  spf 24.9  z0 0.47  garr 20.8  tG 179  e2 0.33  nF 18.2  pS 0.30  ptS 0.30  fLog 0.46  pdΔ -0.2006  pkR 7.02  clip 0.16  kl +0.007
upd   30  steps   63488  sps 860  opp symm  loss -0.028  pg +0.0012  v 0.005  ev +0.85  adv_std 0.099  tR +1.00  ent[s/d/p/e] 1.71/2.16/1.10/0.54  emits 1.72  spf 23.2  z0 0.42  garr 21.2  tG 177  e2 0.37  nF 19.1  pS 0.31  ptS 0.30  fLog 0.45  pdΔ -0.1949  pkR 6.73  clip 0.20  kl +0.004
upd   31  steps   65536  sps 880  opp symm  loss -0.031  pg -0.0028  v 0.007  ev +0.83  adv_std 0.118  tR +0.20  ent[s/d/p/e] 1.72/2.20/1.10/0.53  emits 1.62  spf 23.3  z0 0.45  garr 20.0  tG 148  e2 0.35  nF 17.9  pS 0.29  ptS 0.28  fLog 0.45  pdΔ -0.2137  pkR 6.88  clip 0.18  kl +0.004
upd   32  steps   67584  sps 900  opp symm  loss -0.036  pg -0.0050  v 0.003  ev +0.95  adv_std 0.072  tR +0.33  ent[s/d/p/e] 1.78/2.22/1.13/0.54  emits 1.61  spf 24.1  z0 0.43  garr 22.4  tG 183  e2 0.36  nF 18.4  pS 0.31  ptS 0.30  fLog 0.46  pdΔ -0.1885  pkR 10.37  clip 0.15  kl +0.004
upd   33  steps   69632  sps 919  opp symm  loss -0.028  pg +0.0015  v 0.005  ev +0.92  adv_std 0.100  tR +0.00  ent[s/d/p/e] 1.79/2.23/1.14/0.53  emits 1.46  spf 27.2  z0 0.46  garr 27.4  tG 293  e2 0.33  nF 16.5  pS 0.33  ptS 0.33  fLog 0.48  pdΔ -0.1659  pkR 14.76  clip 0.12  kl +0.004
upd   34  steps   71680  sps 938  opp symm  loss -0.008  pg +0.0226  v 0.003  ev +0.95  adv_std 0.074  tR +0.67  ent[s/d/p/e] 1.75/2.18/1.14/0.53  emits 1.46  spf 25.7  z0 0.47  garr 27.4  tG 279  e2 0.33  nF 16.0  pS 0.32  ptS 0.31  fLog 0.46  pdΔ -0.1845  pkR 17.21  clip 0.13  kl +0.001
upd   35  steps   73728  sps 957  opp symm  loss -0.027  pg +0.0021  v 0.004  ev +0.90  adv_std 0.090  tR +0.00  ent[s/d/p/e] 1.73/2.17/1.15/0.52  emits 1.54  spf 27.8  z0 0.45  garr 24.5  tG 218  e2 0.34  nF 17.1  pS 0.31  ptS 0.31  fLog 0.47  pdΔ -0.1853  pkR 10.55  clip 0.14  kl +0.004
upd   36  steps   75776  sps 975  opp symm  loss -0.012  pg +0.0171  v 0.006  ev +0.87  adv_std 0.104  tR +0.33  ent[s/d/p/e] 1.67/2.10/1.20/0.53  emits 1.49  spf 27.8  z0 0.44  garr 25.7  tG 218  e2 0.33  nF 16.2  pS 0.30  ptS 0.30  fLog 0.47  pdΔ -0.1994  pkR 13.70  clip 0.20  kl +0.011
upd   37  steps   77824  sps 994  opp symm  loss -0.021  pg +0.0064  v 0.007  ev +0.85  adv_std 0.118  tR -0.20  ent[s/d/p/e] 1.69/2.14/1.19/0.51  emits 1.59  spf 25.7  z0 0.45  garr 22.5  tG 170  e2 0.34  nF 17.2  pS 0.29  ptS 0.28  fLog 0.46  pdΔ -0.2117  pkR 6.76  clip 0.15  kl +0.004
upd   38  steps   79872  sps 1011  opp symm  loss -0.013  pg +0.0161  v 0.005  ev +0.89  adv_std 0.099  tR +0.20  ent[s/d/p/e] 1.62/2.09/1.16/0.53  emits 1.51  spf 24.6  z0 0.48  garr 23.6  tG 184  e2 0.33  nF 17.5  pS 0.28  ptS 0.27  fLog 0.46  pdΔ -0.2201  pkR 10.00  clip 0.22  kl +0.005
upd   39  steps   81920  sps 1029  opp symm  loss -0.052  pg -0.0236  v 0.007  ev +0.85  adv_std 0.120  tR -0.14  ent[s/d/p/e] 1.63/2.10/1.20/0.54  emits 1.32  spf 25.9  z0 0.52  garr 26.3  tG 179  e2 0.29  nF 15.2  pS 0.28  ptS 0.27  fLog 0.46  pdΔ -0.2217  pkR 11.88  clip 0.23  kl +0.003
upd   40  steps   83968  sps 1046  opp symm  loss -0.035  pg -0.0048  v 0.004  ev +0.93  adv_std 0.089  tR +0.00  ent[s/d/p/e] 1.65/2.17/1.23/0.53  emits 1.24  spf 26.6  z0 0.52  garr 29.9  tG 216  e2 0.27  nF 13.9  pS 0.28  ptS 0.27  fLog 0.47  pdΔ -0.2192  pkR 17.93  clip 0.10  kl +0.001
upd   41  steps   86016  sps 1063  opp symm  loss -0.043  pg -0.0149  v 0.008  ev +0.90  adv_std 0.125  tR +0.71  ent[s/d/p/e] 1.63/2.10/1.21/0.54  emits 1.17  spf 26.0  z0 0.53  garr 28.4  tG 196  e2 0.27  nF 13.6  pS 0.28  ptS 0.27  fLog 0.46  pdΔ -0.2245  pkR 14.85  clip 0.15  kl +0.001
upd   42  steps   88064  sps 1080  opp symm  loss +0.004  pg +0.0363  v 0.003  ev +0.95  adv_std 0.080  tR -0.50  ent[s/d/p/e] 1.72/2.18/1.26/0.57  emits 1.17  spf 27.1  z0 0.52  garr 31.0  tG 196  e2 0.27  nF 14.0  pS 0.29  ptS 0.28  fLog 0.47  pdΔ -0.2145  pkR 6.66  clip 0.10  kl +0.001
upd   43  steps   90112  sps 1096  opp symm  loss -0.034  pg -0.0023  v 0.003  ev +0.95  adv_std 0.081  tR +0.00  ent[s/d/p/e] 1.71/2.14/1.20/0.58  emits 1.26  spf 27.7  z0 0.49  garr 29.6  tG 218  e2 0.29  nF 14.3  pS 0.31  ptS 0.31  fLog 0.47  pdΔ -0.1884  pkR 7.05  clip 0.13  kl +0.005
upd   44  steps   92160  sps 1112  opp symm  loss -0.028  pg +0.0035  v 0.005  ev +0.94  adv_std 0.093  tR -1.00  ent[s/d/p/e] 1.79/2.20/1.24/0.57  emits 1.35  spf 28.8  z0 0.46  garr 28.2  tG 229  e2 0.31  nF 15.2  pS 0.33  ptS 0.32  fLog 0.48  pdΔ -0.1708  pkR 5.98  clip 0.12  kl +0.003
upd   45  steps   94208  sps 1128  opp symm  loss -0.062  pg -0.0297  v 0.004  ev +0.96  adv_std 0.085  tR -0.33  ent[s/d/p/e] 1.86/2.28/1.22/0.57  emits 1.39  spf 31.2  z0 0.47  garr 28.9  tG 246  e2 0.32  nF 16.0  pS 0.34  ptS 0.34  fLog 0.49  pdΔ -0.1574  pkR 5.42  clip 0.15  kl +0.003
upd   46  steps   96256  sps 1144  opp symm  loss -0.038  pg -0.0085  v 0.009  ev +0.91  adv_std 0.132  tR +0.00  ent[s/d/p/e] 1.95/2.33/1.23/0.55  emits 1.44  spf 27.7  z0 0.48  garr 26.3  tG 225  e2 0.33  nF 16.9  pS 0.35  ptS 0.34  fLog 0.48  pdΔ -0.1515  pkR 6.55  clip 0.17  kl +0.005
upd   47  steps   98304  sps 1159  opp symm  loss -0.013  pg +0.0184  v 0.006  ev +0.94  adv_std 0.103  tR -0.20  ent[s/d/p/e] 1.95/2.32/1.19/0.56  emits 1.25  spf 29.3  z0 0.52  garr 29.6  tG 249  e2 0.28  nF 15.5  pS 0.34  ptS 0.33  fLog 0.48  pdΔ -0.1597  pkR 7.74  clip 0.25  kl +0.007
upd   48  steps  100352  sps 1174  opp symm  loss -0.050  pg -0.0193  v 0.006  ev +0.93  adv_std 0.106  tR +0.00  ent[s/d/p/e] 1.88/2.30/1.21/0.55  emits 1.29  spf 29.9  z0 0.52  garr 30.5  tG 277  e2 0.28  nF 15.6  pS 0.34  ptS 0.34  fLog 0.49  pdΔ -0.1561  pkR 11.13  clip 0.17  kl +0.003
upd   49  steps  102400  sps 1189  opp symm  loss -0.036  pg -0.0043  v 0.005  ev +0.92  adv_std 0.101  tR +1.00  ent[s/d/p/e] 1.88/2.31/1.24/0.56  emits 1.17  spf 28.7  z0 0.55  garr 31.1  tG 290  e2 0.27  nF 14.0  pS 0.32  ptS 0.32  fLog 0.49  pdΔ -0.1766  pkR 14.90  clip 0.18  kl +0.007
upd   50  steps  104448  sps 1203  opp symm  loss +0.017  pg +0.0496  v 0.004  ev +0.94  adv_std 0.092  tR +0.33  ent[s/d/p/e] 1.86/2.29/1.26/0.60  emits 1.19  spf 29.7  z0 0.52  garr 30.1  tG 221  e2 0.28  nF 13.9  pS 0.31  ptS 0.31  fLog 0.49  pdΔ -0.1859  pkR 7.06  clip 0.17  kl +0.006
upd   51  steps  106496  sps 1218  opp symm  loss -0.030  pg +0.0028  v 0.004  ev +0.95  adv_std 0.087  tR -0.33  ent[s/d/p/e] 1.82/2.26/1.22/0.60  emits 1.18  spf 31.9  z0 0.52  garr 31.3  tG 247  e2 0.27  nF 13.7  pS 0.31  ptS 0.31  fLog 0.50  pdΔ -0.1861  pkR 5.03  clip 0.12  kl +0.006
upd   52  steps  108544  sps 1232  opp symm  loss -0.025  pg +0.0076  v 0.003  ev +0.95  adv_std 0.079  tR -1.00  ent[s/d/p/e] 1.78/2.22/1.25/0.59  emits 1.10  spf 34.3  z0 0.52  garr 33.7  tG 282  e2 0.26  nF 13.0  pS 0.32  ptS 0.32  fLog 0.50  pdΔ -0.1755  pkR 7.05  clip 0.14  kl +0.003
upd   53  steps  110592  sps 1246  opp symm  loss -0.014  pg +0.0164  v 0.007  ev +0.92  adv_std 0.113  tR +0.33  ent[s/d/p/e] 1.75/2.20/1.30/0.59  emits 1.15  spf 35.9  z0 0.51  garr 34.0  tG 292  e2 0.26  nF 12.7  pS 0.31  ptS 0.30  fLog 0.50  pdΔ -0.1938  pkR 10.18  clip 0.12  kl +0.005
upd   54  steps  112640  sps 1260  opp symm  loss -0.056  pg -0.0235  v 0.005  ev +0.95  adv_std 0.096  tR -0.71  ent[s/d/p/e] 1.81/2.27/1.27/0.61  emits 1.02  spf 36.9  z0 0.55  garr 32.1  tG 268  e2 0.24  nF 11.9  pS 0.30  ptS 0.30  fLog 0.52  pdΔ -0.2020  pkR 6.14  clip 0.09  kl +0.001
upd   55  steps  114688  sps 1274  opp symm  loss -0.032  pg +0.0002  v 0.005  ev +0.94  adv_std 0.095  tR +0.00  ent[s/d/p/e] 1.88/2.30/1.27/0.59  emits 1.04  spf 35.6  z0 0.55  garr 33.4  tG 278  e2 0.24  nF 11.6  pS 0.31  ptS 0.31  fLog 0.51  pdΔ -0.1875  pkR 8.30  clip 0.11  kl +0.002
upd   56  steps  116736  sps 1287  opp symm  loss -0.027  pg +0.0045  v 0.004  ev +0.94  adv_std 0.089  tR -0.14  ent[s/d/p/e] 1.82/2.24/1.24/0.57  emits 1.08  spf 33.7  z0 0.55  garr 33.2  tG 303  e2 0.25  nF 11.5  pS 0.32  ptS 0.31  fLog 0.51  pdΔ -0.1810  pkR 11.04  clip 0.12  kl -0.001
upd   57  steps  118784  sps 1301  opp symm  loss -0.082  pg -0.0502  v 0.005  ev +0.92  adv_std 0.100  tR -0.50  ent[s/d/p/e] 1.82/2.27/1.24/0.59  emits 0.94  spf 35.6  z0 0.58  garr 36.5  tG 327  e2 0.22  nF 11.3  pS 0.31  ptS 0.30  fLog 0.52  pdΔ -0.1947  pkR 16.17  clip 0.12  kl +0.004
upd   58  steps  120832  sps 1314  opp symm  loss -0.010  pg +0.0216  v 0.004  ev +0.95  adv_std 0.083  tR +0.00  ent[s/d/p/e] 1.93/2.33/1.16/0.56  emits 1.04  spf 33.2  z0 0.56  garr 34.0  tG 298  e2 0.23  nF 11.5  pS 0.32  ptS 0.31  fLog 0.51  pdΔ -0.1840  pkR 17.61  clip 0.13  kl +0.002
upd   59  steps  122880  sps 1327  opp symm  loss -0.016  pg +0.0164  v 0.004  ev +0.94  adv_std 0.090  tR -0.33  ent[s/d/p/e] 1.98/2.39/1.23/0.57  emits 1.05  spf 36.5  z0 0.56  garr 34.5  tG 263  e2 0.24  nF 11.7  pS 0.31  ptS 0.30  fLog 0.52  pdΔ -0.1938  pkR 5.51  clip 0.16  kl +0.008
upd   60  steps  124928  sps 1339  opp symm  loss -0.041  pg -0.0087  v 0.004  ev +0.93  adv_std 0.092  tR +0.43  ent[s/d/p/e] 1.95/2.38/1.18/0.57  emits 1.17  spf 33.9  z0 0.55  garr 33.1  tG 239  e2 0.25  nF 11.8  pS 0.31  ptS 0.30  fLog 0.52  pdΔ -0.1915  pkR 5.23  clip 0.15  kl +0.003
upd   61  steps  126976  sps 1352  opp symm  loss +0.002  pg +0.0326  v 0.006  ev +0.92  adv_std 0.108  tR -0.33  ent[s/d/p/e] 1.89/2.30/1.17/0.56  emits 1.22  spf 32.6  z0 0.51  garr 30.7  tG 239  e2 0.27  nF 12.7  pS 0.32  ptS 0.31  fLog 0.50  pdΔ -0.1830  pkR 5.08  clip 0.21  kl +0.008
upd   62  steps  129024  sps 1364  opp symm  loss -0.002  pg +0.0302  v 0.005  ev +0.95  adv_std 0.094  tR +0.50  ent[s/d/p/e] 1.98/2.38/1.21/0.57  emits 1.18  spf 32.9  z0 0.52  garr 33.8  tG 254  e2 0.25  nF 12.9  pS 0.33  ptS 0.32  fLog 0.51  pdΔ -0.1749  pkR 4.73  clip 0.12  kl +0.003
upd   63  steps  131072  sps 1377  opp symm  loss -0.014  pg +0.0174  v 0.005  ev +0.95  adv_std 0.100  tR +0.20  ent[s/d/p/e] 1.98/2.37/1.22/0.56  emits 1.31  spf 33.8  z0 0.49  garr 35.2  tG 285  e2 0.28  nF 13.2  pS 0.34  ptS 0.34  fLog 0.51  pdΔ -0.1582  pkR 4.38  clip 0.12  kl +0.002
upd   64  steps  133120  sps 1389  opp symm  loss -0.069  pg -0.0359  v 0.003  ev +0.97  adv_std 0.080  tR +0.43  ent[s/d/p/e] 1.98/2.39/1.20/0.56  emits 1.12  spf 35.3  z0 0.56  garr 35.4  tG 277  e2 0.25  nF 12.3  pS 0.32  ptS 0.31  fLog 0.51  pdΔ -0.1827  pkR 6.40  clip 0.08  kl +0.002
upd   65  steps  135168  sps 1400  opp symm  loss -0.061  pg -0.0299  v 0.006  ev +0.93  adv_std 0.110  tR -0.60  ent[s/d/p/e] 1.93/2.35/1.24/0.56  emits 1.03  spf 35.9  z0 0.56  garr 36.3  tG 294  e2 0.24  nF 11.9  pS 0.32  ptS 0.31  fLog 0.52  pdΔ -0.1751  pkR 8.88  clip 0.11  kl +0.004
upd   66  steps  137216  sps 1412  opp symm  loss -0.045  pg -0.0125  v 0.004  ev +0.95  adv_std 0.089  tR +0.33  ent[s/d/p/e] 1.87/2.30/1.27/0.58  emits 0.93  spf 36.2  z0 0.58  garr 39.4  tG 341  e2 0.21  nF 11.5  pS 0.34  ptS 0.32  fLog 0.53  pdΔ -0.1641  pkR 9.23  clip 0.12  kl +0.002
upd   67  steps  139264  sps 1424  opp symm  loss -0.034  pg -0.0018  v 0.004  ev +0.95  adv_std 0.090  tR +0.33  ent[s/d/p/e] 1.97/2.36/1.21/0.58  emits 0.95  spf 35.4  z0 0.59  garr 36.6  tG 301  e2 0.21  nF 11.0  pS 0.32  ptS 0.31  fLog 0.53  pdΔ -0.1764  pkR 6.61  clip 0.19  kl +0.010
upd   68  steps  141312  sps 1435  opp symm  loss -0.003  pg +0.0305  v 0.004  ev +0.95  adv_std 0.091  tR +0.00  ent[s/d/p/e] 1.98/2.40/1.22/0.60  emits 0.96  spf 39.5  z0 0.57  garr 39.0  tG 325  e2 0.21  nF 11.0  pS 0.33  ptS 0.32  fLog 0.53  pdΔ -0.1651  pkR 4.55  clip 0.17  kl +0.003
upd   69  steps  143360  sps 1446  opp symm  loss -0.082  pg -0.0480  v 0.003  ev +0.96  adv_std 0.075  tR -0.20  ent[s/d/p/e] 2.07/2.45/1.20/0.59  emits 1.01  spf 40.1  z0 0.56  garr 41.3  tG 343  e2 0.24  nF 11.4  pS 0.36  ptS 0.35  fLog 0.54  pdΔ -0.1443  pkR 4.36  clip 0.12  kl +0.003
upd   70  steps  145408  sps 1458  opp symm  loss -0.042  pg -0.0103  v 0.007  ev +0.91  adv_std 0.121  tR -0.25  ent[s/d/p/e] 2.08/2.47/1.19/0.59  emits 0.89  spf 43.3  z0 0.59  garr 45.1  tG 377  e2 0.19  nF 10.4  pS 0.36  ptS 0.35  fLog 0.55  pdΔ -0.1386  pkR 4.64  clip 0.13  kl +0.006
upd   71  steps  147456  sps 1469  opp symm  loss -0.021  pg +0.0102  v 0.007  ev +0.92  adv_std 0.116  tR +0.00  ent[s/d/p/e] 1.98/2.40/1.19/0.57  emits 0.79  spf 39.9  z0 0.62  garr 49.8  tG 439  e2 0.18  nF 9.2  pS 0.35  ptS 0.35  fLog 0.53  pdΔ -0.1472  pkR 8.97  clip 0.19  kl +0.007
upd   72  steps  149504  sps 1479  opp symm  loss -0.043  pg -0.0114  v 0.006  ev +0.93  adv_std 0.104  tR +0.50  ent[s/d/p/e] 2.00/2.39/1.21/0.57  emits 0.85  spf 41.4  z0 0.61  garr 48.3  tG 361  e2 0.18  nF 9.2  pS 0.32  ptS 0.32  fLog 0.54  pdΔ -0.1796  pkR 4.54  clip 0.14  kl +0.002
upd   73  steps  151552  sps 1490  opp symm  loss -0.027  pg +0.0047  v 0.005  ev +0.94  adv_std 0.102  tR +0.33  ent[s/d/p/e] 1.95/2.37/1.24/0.57  emits 0.67  spf 43.2  z0 0.64  garr 46.9  tG 388  e2 0.15  nF 7.9  pS 0.32  ptS 0.31  fLog 0.54  pdΔ -0.1804  pkR 5.09  clip 0.20  kl +0.005
upd   74  steps  153600  sps 1501  opp symm  loss -0.024  pg +0.0081  v 0.005  ev +0.94  adv_std 0.102  tR -1.00  ent[s/d/p/e] 1.94/2.38/1.20/0.58  emits 0.73  spf 46.5  z0 0.64  garr 45.6  tG 382  e2 0.16  nF 7.3  pS 0.32  ptS 0.31  fLog 0.56  pdΔ -0.1840  pkR 5.57  clip 0.12  kl +0.003
upd   75  steps  155648  sps 1511  opp symm  loss -0.050  pg -0.0180  v 0.005  ev +0.94  adv_std 0.104  tR +0.60  ent[s/d/p/e] 1.92/2.41/1.22/0.58  emits 0.67  spf 46.9  z0 0.64  garr 49.8  tG 422  e2 0.14  nF 7.1  pS 0.32  ptS 0.32  fLog 0.56  pdΔ -0.1774  pkR 7.67  clip 0.08  kl +0.004
upd   76  steps  157696  sps 1521  opp symm  loss -0.026  pg +0.0074  v 0.003  ev +0.97  adv_std 0.077  tR +1.00  ent[s/d/p/e] 1.90/2.35/1.27/0.59  emits 0.75  spf 46.9  z0 0.62  garr 48.5  tG 402  e2 0.17  nF 7.4  pS 0.32  ptS 0.31  fLog 0.55  pdΔ -0.1841  pkR 7.69  clip 0.11  kl +0.005
upd   77  steps  159744  sps 1532  opp symm  loss -0.035  pg -0.0025  v 0.005  ev +0.95  adv_std 0.102  tR -0.50  ent[s/d/p/e] 1.96/2.38/1.24/0.60  emits 0.80  spf 45.1  z0 0.61  garr 48.6  tG 408  e2 0.18  nF 9.2  pS 0.33  ptS 0.33  fLog 0.55  pdΔ -0.1686  pkR 5.16  clip 0.10  kl +0.003
upd   78  steps  161792  sps 1542  opp symm  loss -0.017  pg +0.0163  v 0.005  ev +0.95  adv_std 0.097  tR +0.33  ent[s/d/p/e] 1.95/2.40/1.27/0.59  emits 0.92  spf 40.6  z0 0.59  garr 49.4  tG 391  e2 0.20  nF 10.0  pS 0.33  ptS 0.33  fLog 0.53  pdΔ -0.1715  pkR 7.31  clip 0.06  kl +0.001
upd   79  steps  163840  sps 1552  opp symm  loss -0.031  pg +0.0007  v 0.006  ev +0.94  adv_std 0.112  tR +0.25  ent[s/d/p/e] 1.94/2.39/1.24/0.59  emits 0.84  spf 37.6  z0 0.59  garr 47.4  tG 372  e2 0.18  nF 10.7  pS 0.33  ptS 0.33  fLog 0.52  pdΔ -0.1682  pkR 8.42  clip 0.08  kl -0.000
upd   80  steps  165888  sps 1561  opp symm  loss -0.059  pg -0.0256  v 0.004  ev +0.95  adv_std 0.094  tR +0.60  ent[s/d/p/e] 1.96/2.44/1.23/0.59  emits 0.84  spf 41.9  z0 0.61  garr 47.3  tG 361  e2 0.18  nF 9.5  pS 0.32  ptS 0.31  fLog 0.54  pdΔ -0.1811  pkR 6.03  clip 0.09  kl +0.003
upd   81  steps  167936  sps 1571  opp symm  loss -0.063  pg -0.0290  v 0.003  ev +0.97  adv_std 0.077  tR -0.33  ent[s/d/p/e] 1.95/2.45/1.27/0.59  emits 0.71  spf 45.5  z0 0.63  garr 49.3  tG 385  e2 0.16  nF 8.3  pS 0.32  ptS 0.31  fLog 0.56  pdΔ -0.1827  pkR 5.96  clip 0.16  kl +0.007
upd   82  steps  169984  sps 1581  opp symm  loss -0.044  pg -0.0119  v 0.007  ev +0.93  adv_std 0.118  tR -0.33  ent[s/d/p/e] 2.00/2.43/1.25/0.59  emits 0.90  spf 43.1  z0 0.58  garr 51.5  tG 416  e2 0.21  nF 9.2  pS 0.34  ptS 0.34  fLog 0.54  pdΔ -0.1557  pkR 4.86  clip 0.12  kl -0.001
upd   83  steps  172032  sps 1590  opp symm  loss -0.060  pg -0.0265  v 0.003  ev +0.97  adv_std 0.071  tR +0.50  ent[s/d/p/e] 2.01/2.44/1.23/0.58  emits 0.90  spf 44.3  z0 0.60  garr 48.9  tG 390  e2 0.20  nF 10.0  pS 0.34  ptS 0.33  fLog 0.55  pdΔ -0.1626  pkR 4.52  clip 0.11  kl +0.002
upd   84  steps  174080  sps 1599  opp symm  loss -0.032  pg +0.0001  v 0.007  ev +0.93  adv_std 0.117  tR -0.60  ent[s/d/p/e] 2.04/2.44/1.24/0.58  emits 0.83  spf 46.0  z0 0.62  garr 49.7  tG 394  e2 0.18  nF 10.0  pS 0.34  ptS 0.33  fLog 0.56  pdΔ -0.1619  pkR 5.00  clip 0.10  kl +0.001
upd   85  steps  176128  sps 1609  opp symm  loss -0.026  pg +0.0060  v 0.006  ev +0.93  adv_std 0.105  tR +0.00  ent[s/d/p/e] 1.94/2.39/1.26/0.57  emits 0.76  spf 44.0  z0 0.64  garr 48.0  tG 365  e2 0.17  nF 8.3  pS 0.31  ptS 0.31  fLog 0.55  pdΔ -0.1869  pkR 4.24  clip 0.07  kl +0.003
upd   86  steps  178176  sps 1618  opp symm  loss -0.073  pg -0.0426  v 0.008  ev +0.90  adv_std 0.123  tR +1.00  ent[s/d/p/e] 1.89/2.33/1.26/0.58  emits 0.59  spf 45.9  z0 0.67  garr 50.1  tG 368  e2 0.13  nF 6.8  pS 0.30  ptS 0.29  fLog 0.56  pdΔ -0.2041  pkR 4.32  clip 0.05  kl +0.001
upd   87  steps  180224  sps 1627  opp symm  loss -0.066  pg -0.0340  v 0.006  ev +0.93  adv_std 0.108  tR -0.67  ent[s/d/p/e] 1.86/2.34/1.26/0.58  emits 0.59  spf 53.6  z0 0.67  garr 56.7  tG 443  e2 0.13  nF 6.1  pS 0.30  ptS 0.30  fLog 0.58  pdΔ -0.1965  pkR 3.52  clip 0.15  kl +0.007
upd   88  steps  182272  sps 1636  opp symm  loss -0.028  pg +0.0034  v 0.006  ev +0.92  adv_std 0.105  tR +0.50  ent[s/d/p/e] 1.88/2.36/1.25/0.56  emits 0.62  spf 58.2  z0 0.66  garr 57.2  tG 446  e2 0.14  nF 6.5  pS 0.30  ptS 0.29  fLog 0.59  pdΔ -0.1979  pkR 4.02  clip 0.09  kl +0.004
upd   89  steps  184320  sps 1645  opp symm  loss -0.020  pg +0.0127  v 0.003  ev +0.96  adv_std 0.079  tR +1.00  ent[s/d/p/e] 1.81/2.28/1.25/0.59  emits 0.68  spf 51.3  z0 0.63  garr 54.2  tG 394  e2 0.15  nF 7.0  pS 0.29  ptS 0.28  fLog 0.57  pdΔ -0.2093  pkR 3.83  clip 0.09  kl +0.001
upd   90  steps  186368  sps 1653  opp symm  loss -0.024  pg +0.0078  v 0.005  ev +0.95  adv_std 0.100  tR +0.00  ent[s/d/p/e] 1.81/2.32/1.23/0.60  emits 0.67  spf 46.4  z0 0.64  garr 49.6  tG 361  e2 0.16  nF 8.3  pS 0.29  ptS 0.28  fLog 0.56  pdΔ -0.2064  pkR 5.23  clip 0.07  kl +0.001
upd   91  steps  188416  sps 1662  opp symm  loss -0.018  pg +0.0148  v 0.003  ev +0.97  adv_std 0.079  tR -0.33  ent[s/d/p/e] 1.93/2.42/1.22/0.57  emits 0.60  spf 50.9  z0 0.67  garr 55.4  tG 411  e2 0.12  nF 6.9  pS 0.30  ptS 0.30  fLog 0.58  pdΔ -0.1971  pkR 5.63  clip 0.07  kl +0.002
upd   92  steps  190464  sps 1670  opp symm  loss -0.048  pg -0.0158  v 0.005  ev +0.96  adv_std 0.097  tR +1.00  ent[s/d/p/e] 1.94/2.41/1.18/0.58  emits 0.74  spf 47.0  z0 0.62  garr 54.5  tG 425  e2 0.16  nF 7.7  pS 0.32  ptS 0.31  fLog 0.56  pdΔ -0.1774  pkR 8.09  clip 0.06  kl -0.000
upd   93  steps  192512  sps 1679  opp symm  loss -0.035  pg -0.0034  v 0.006  ev +0.96  adv_std 0.107  tR -0.14  ent[s/d/p/e] 1.97/2.41/1.14/0.59  emits 0.79  spf 41.4  z0 0.62  garr 51.8  tG 399  e2 0.17  nF 9.2  pS 0.33  ptS 0.31  fLog 0.54  pdΔ -0.1710  pkR 8.23  clip 0.08  kl +0.003
upd   94  steps  194560  sps 1687  opp symm  loss -0.037  pg -0.0060  v 0.009  ev +0.93  adv_std 0.131  tR -0.25  ent[s/d/p/e] 1.86/2.35/1.25/0.59  emits 0.75  spf 43.5  z0 0.62  garr 55.9  tG 454  e2 0.17  nF 8.9  pS 0.33  ptS 0.32  fLog 0.54  pdΔ -0.1722  pkR 10.26  clip 0.09  kl +0.003
upd   95  steps  196608  sps 1695  opp symm  loss -0.036  pg -0.0050  v 0.008  ev +0.94  adv_std 0.121  tR +0.25  ent[s/d/p/e] 1.95/2.40/1.21/0.59  emits 0.83  spf 40.9  z0 0.60  garr 48.9  tG 393  e2 0.18  nF 9.1  pS 0.33  ptS 0.31  fLog 0.54  pdΔ -0.1726  pkR 13.71  clip 0.10  kl +0.002
upd   96  steps  198656  sps 1703  opp symm  loss -0.034  pg -0.0014  v 0.005  ev +0.95  adv_std 0.101  tR +0.00  ent[s/d/p/e] 1.86/2.35/1.25/0.60  emits 0.75  spf 39.3  z0 0.61  garr 45.5  tG 341  e2 0.17  nF 8.8  pS 0.31  ptS 0.30  fLog 0.53  pdΔ -0.1877  pkR 6.59  clip 0.11  kl +0.003
upd   97  steps  200704  sps 1712  opp symm  loss -0.004  pg +0.0277  v 0.006  ev +0.94  adv_std 0.106  tR +1.00  ent[s/d/p/e] 1.85/2.35/1.22/0.60  emits 0.72  spf 44.3  z0 0.61  garr 51.8  tG 379  e2 0.16  nF 8.5  pS 0.32  ptS 0.31  fLog 0.55  pdΔ -0.1776  pkR 5.69  clip 0.14  kl +0.005
upd   98  steps  202752  sps 1720  opp symm  loss -0.025  pg +0.0075  v 0.006  ev +0.93  adv_std 0.113  tR -0.14  ent[s/d/p/e] 1.85/2.34/1.24/0.61  emits 0.72  spf 45.3  z0 0.61  garr 55.9  tG 410  e2 0.17  nF 7.8  pS 0.32  ptS 0.31  fLog 0.55  pdΔ -0.1763  pkR 5.77  clip 0.09  kl +0.002
[eval_vs_v20] u99 tag=train_u99  bin0=0.0%  spf=12.67  garr=36.62  flip=8.11%  z0=70.0%  e8=0.0%  e2+=2.1%  WLD=0/3/0
upd   99  steps  204800  sps 1727  opp symm  loss -0.043  pg -0.0092  v 0.005  ev +0.95  adv_std 0.096  tR +0.20  ent[s/d/p/e] 1.92/2.37/1.23/0.61  emits 0.72  spf 46.1  z0 0.62  garr 59.8  tG 439  e2 0.16  nF 7.8  pS 0.33  ptS 0.31  fLog 0.56  pdΔ -0.1729  pkR 5.42  clip 0.07  kl +0.003 WRr 0.38 v20[spf 12.7 flip 8.1% e2+ 2.1%]
upd  100  steps  206848  sps 1069  opp symm  loss -0.020  pg +0.0110  v 0.008  ev +0.92  adv_std 0.123  tR +0.67  ent[s/d/p/e] 1.93/2.36/1.22/0.60  emits 0.82  spf 43.1  z0 0.58  garr 59.1  tG 450  e2 0.18  nF 8.8  pS 0.33  ptS 0.32  fLog 0.54  pdΔ -0.1662  pkR 6.03  clip 0.13  kl +0.004
upd  101  steps  208896  sps 1076  opp symm  loss -0.018  pg +0.0131  v 0.008  ev +0.91  adv_std 0.125  tR +0.50  ent[s/d/p/e] 1.94/2.33/1.17/0.59  emits 0.80  spf 42.4  z0 0.62  garr 57.4  tG 457  e2 0.18  nF 9.4  pS 0.34  ptS 0.33  fLog 0.53  pdΔ -0.1635  pkR 7.36  clip 0.09  kl +0.004
upd  102  steps  210944  sps 1083  opp symm  loss -0.009  pg +0.0233  v 0.004  ev +0.95  adv_std 0.084  tR +0.20  ent[s/d/p/e] 1.75/2.20/1.22/0.58  emits 0.58  spf 52.6  z0 0.64  garr 60.1  tG 469  e2 0.13  nF 7.0  pS 0.30  ptS 0.30  fLog 0.56  pdΔ -0.1973  pkR 6.95  clip 0.11  kl +0.005
upd  103  steps  212992  sps 1089  opp symm  loss -0.049  pg -0.0173  v 0.006  ev +0.93  adv_std 0.105  tR +0.33  ent[s/d/p/e] 1.82/2.24/1.22/0.59  emits 0.59  spf 56.3  z0 0.66  garr 62.3  tG 501  e2 0.13  nF 6.8  pS 0.31  ptS 0.30  fLog 0.58  pdΔ -0.1949  pkR 5.26  clip 0.09  kl +0.001
upd  104  steps  215040  sps 1096  opp symm  loss -0.070  pg -0.0397  v 0.006  ev +0.92  adv_std 0.109  tR -0.75  ent[s/d/p/e] 1.81/2.25/1.22/0.57  emits 0.49  spf 57.4  z0 0.69  garr 61.9  tG 517  e2 0.10  nF 6.3  pS 0.30  ptS 0.29  fLog 0.58  pdΔ -0.1991  pkR 5.29  clip 0.09  kl +0.003
upd  105  steps  217088  sps 1103  opp symm  loss -0.039  pg -0.0063  v 0.003  ev +0.96  adv_std 0.084  tR +1.00  ent[s/d/p/e] 1.82/2.25/1.22/0.59  emits 0.53  spf 61.3  z0 0.68  garr 71.0  tG 594  e2 0.12  nF 6.4  pS 0.31  ptS 0.31  fLog 0.58  pdΔ -0.1869  pkR 5.55  clip 0.09  kl +0.003
upd  106  steps  219136  sps 1110  opp symm  loss -0.037  pg -0.0051  v 0.007  ev +0.93  adv_std 0.119  tR +0.00  ent[s/d/p/e] 1.82/2.24/1.23/0.62  emits 0.59  spf 61.2  z0 0.63  garr 70.5  tG 597  e2 0.13  nF 6.6  pS 0.32  ptS 0.32  fLog 0.58  pdΔ -0.1765  pkR 5.42  clip 0.13  kl +0.003
upd  107  steps  221184  sps 1117  opp symm  loss -0.026  pg +0.0062  v 0.004  ev +0.97  adv_std 0.087  tR +0.50  ent[s/d/p/e] 1.90/2.29/1.22/0.59  emits 0.57  spf 55.0  z0 0.66  garr 65.9  tG 564  e2 0.13  nF 6.9  pS 0.33  ptS 0.33  fLog 0.57  pdΔ -0.1702  pkR 5.35  clip 0.09  kl -0.000
upd  108  steps  223232  sps 1123  opp symm  loss -0.010  pg +0.0218  v 0.007  ev +0.95  adv_std 0.115  tR +0.00  ent[s/d/p/e] 1.98/2.32/1.17/0.60  emits 0.65  spf 53.7  z0 0.63  garr 64.7  tG 539  e2 0.14  nF 7.4  pS 0.34  ptS 0.34  fLog 0.57  pdΔ -0.1600  pkR 5.63  clip 0.13  kl +0.002
upd  109  steps  225280  sps 1130  opp symm  loss -0.013  pg +0.0177  v 0.009  ev +0.94  adv_std 0.131  tR +0.43  ent[s/d/p/e] 1.97/2.35/1.24/0.57  emits 0.66  spf 51.3  z0 0.65  garr 59.9  tG 485  e2 0.15  nF 7.6  pS 0.33  ptS 0.33  fLog 0.56  pdΔ -0.1732  pkR 4.89  clip 0.15  kl +0.004
upd  110  steps  227328  sps 1137  opp symm  loss +0.000  pg +0.0307  v 0.008  ev +0.94  adv_std 0.126  tR +0.14  ent[s/d/p/e] 1.91/2.27/1.21/0.58  emits 0.67  spf 41.7  z0 0.65  garr 51.9  tG 378  e2 0.15  nF 7.6  pS 0.29  ptS 0.29  fLog 0.53  pdΔ -0.2060  pkR 4.63  clip 0.22  kl +0.008
upd  111  steps  229376  sps 1143  opp symm  loss -0.033  pg -0.0022  v 0.006  ev +0.95  adv_std 0.111  tR -0.14  ent[s/d/p/e] 1.78/2.22/1.27/0.58  emits 0.59  spf 39.5  z0 0.67  garr 51.7  tG 363  e2 0.13  nF 7.4  pS 0.28  ptS 0.28  fLog 0.53  pdΔ -0.2157  pkR 4.77  clip 0.15  kl +0.008
upd  112  steps  231424  sps 1150  opp symm  loss -0.025  pg +0.0070  v 0.005  ev +0.96  adv_std 0.096  tR -0.20  ent[s/d/p/e] 1.71/2.18/1.27/0.59  emits 0.56  spf 46.2  z0 0.65  garr 51.8  tG 391  e2 0.13  nF 6.6  pS 0.30  ptS 0.29  fLog 0.55  pdΔ -0.2050  pkR 4.61  clip 0.11  kl +0.001
upd  113  steps  233472  sps 1156  opp symm  loss -0.026  pg +0.0065  v 0.004  ev +0.96  adv_std 0.091  tR +0.00  ent[s/d/p/e] 1.77/2.20/1.32/0.59  emits 0.50  spf 52.4  z0 0.69  garr 59.2  tG 463  e2 0.11  nF 5.8  pS 0.31  ptS 0.30  fLog 0.57  pdΔ -0.1946  pkR 5.26  clip 0.08  kl -0.000
upd  114  steps  235520  sps 1162  opp symm  loss -0.037  pg -0.0051  v 0.005  ev +0.95  adv_std 0.096  tR -0.50  ent[s/d/p/e] 1.68/2.20/1.37/0.59  emits 0.51  spf 54.4  z0 0.69  garr 64.1  tG 485  e2 0.11  nF 5.6  pS 0.30  ptS 0.28  fLog 0.58  pdΔ -0.2028  pkR 5.37  clip 0.11  kl +0.006
upd  115  steps  237568  sps 1169  opp symm  loss -0.007  pg +0.0251  v 0.006  ev +0.94  adv_std 0.109  tR +0.50  ent[s/d/p/e] 1.77/2.21/1.37/0.59  emits 0.54  spf 55.3  z0 0.68  garr 64.5  tG 517  e2 0.12  nF 5.6  pS 0.31  ptS 0.30  fLog 0.58  pdΔ -0.1864  pkR 7.03  clip 0.09  kl +0.002
upd  116  steps  239616  sps 1175  opp symm  loss -0.056  pg -0.0228  v 0.004  ev +0.96  adv_std 0.090  tR -0.33  ent[s/d/p/e] 1.78/2.19/1.38/0.59  emits 0.49  spf 57.0  z0 0.68  garr 70.3  tG 580  e2 0.11  nF 5.6  pS 0.32  ptS 0.31  fLog 0.58  pdΔ -0.1764  pkR 7.99  clip 0.08  kl +0.003
upd  117  steps  241664  sps 1181  opp symm  loss -0.017  pg +0.0153  v 0.008  ev +0.92  adv_std 0.123  tR +0.20  ent[s/d/p/e] 1.96/2.27/1.38/0.61  emits 0.76  spf 55.7  z0 0.61  garr 69.6  tG 595  e2 0.18  nF 7.4  pS 0.36  ptS 0.35  fLog 0.57  pdΔ -0.1351  pkR 8.87  clip 0.11  kl +0.005
upd  118  steps  243712  sps 1188  opp symm  loss -0.013  pg +0.0211  v 0.005  ev +0.95  adv_std 0.100  tR +1.00  ent[s/d/p/e] 1.99/2.30/1.35/0.61  emits 0.73  spf 55.5  z0 0.63  garr 67.1  tG 575  e2 0.17  nF 8.1  pS 0.39  ptS 0.37  fLog 0.58  pdΔ -0.1149  pkR 8.98  clip 0.13  kl +0.001
upd  119  steps  245760  sps 1194  opp symm  loss -0.037  pg -0.0036  v 0.006  ev +0.94  adv_std 0.110  tR +0.33  ent[s/d/p/e] 2.03/2.29/1.34/0.61  emits 0.81  spf 52.1  z0 0.59  garr 68.0  tG 591  e2 0.19  nF 8.3  pS 0.40  ptS 0.38  fLog 0.56  pdΔ -0.1020  pkR 7.12  clip 0.09  kl +0.001
upd  120  steps  247808  sps 1200  opp symm  loss -0.015  pg +0.0173  v 0.005  ev +0.95  adv_std 0.101  tR -0.50  ent[s/d/p/e] 2.00/2.27/1.34/0.58  emits 0.72  spf 49.9  z0 0.63  garr 64.7  tG 551  e2 0.17  nF 8.3  pS 0.37  ptS 0.36  fLog 0.56  pdΔ -0.1253  pkR 8.72  clip 0.13  kl +0.006
upd  121  steps  249856  sps 1206  opp symm  loss -0.008  pg +0.0258  v 0.003  ev +0.96  adv_std 0.083  tR +0.33  ent[s/d/p/e] 2.05/2.29/1.37/0.59  emits 0.79  spf 54.4  z0 0.61  garr 65.6  tG 591  e2 0.18  nF 7.9  pS 0.39  ptS 0.38  fLog 0.59  pdΔ -0.1080  pkR 8.17  clip 0.11  kl +0.004
upd  122  steps  251904  sps 1212  opp symm  loss -0.030  pg +0.0030  v 0.004  ev +0.95  adv_std 0.092  tR +0.67  ent[s/d/p/e] 2.10/2.30/1.30/0.58  emits 0.75  spf 53.8  z0 0.63  garr 68.9  tG 611  e2 0.16  nF 7.7  pS 0.39  ptS 0.38  fLog 0.58  pdΔ -0.1123  pkR 7.87  clip 0.12  kl +0.007
upd  123  steps  253952  sps 1218  opp symm  loss -0.019  pg +0.0140  v 0.003  ev +0.96  adv_std 0.082  tR +0.33  ent[s/d/p/e] 2.05/2.34/1.24/0.55  emits 0.64  spf 58.6  z0 0.67  garr 72.4  tG 611  e2 0.14  nF 6.8  pS 0.37  ptS 0.36  fLog 0.59  pdΔ -0.1282  pkR 7.51  clip 0.09  kl +0.003
upd  124  steps  256000  sps 1224  opp symm  loss -0.040  pg -0.0092  v 0.006  ev +0.94  adv_std 0.114  tR +0.67  ent[s/d/p/e] 2.02/2.34/1.20/0.55  emits 0.52  spf 56.9  z0 0.71  garr 83.2  tG 692  e2 0.11  nF 5.7  pS 0.37  ptS 0.35  fLog 0.59  pdΔ -0.1336  pkR 7.50  clip 0.06  kl +0.001
upd  125  steps  258048  sps 1230  opp symm  loss -0.040  pg -0.0106  v 0.009  ev +0.90  adv_std 0.130  tR +0.43  ent[s/d/p/e] 1.71/2.15/1.35/0.56  emits 0.44  spf 61.7  z0 0.71  garr 78.4  tG 587  e2 0.09  nF 4.1  pS 0.30  ptS 0.29  fLog 0.59  pdΔ -0.2004  pkR 7.98  clip 0.11  kl +0.004
upd  126  steps  260096  sps 1236  opp symm  loss -0.045  pg -0.0143  v 0.006  ev +0.92  adv_std 0.107  tR -0.33  ent[s/d/p/e] 1.79/2.21/1.34/0.56  emits 0.47  spf 52.3  z0 0.71  garr 69.9  tG 510  e2 0.10  nF 4.5  pS 0.30  ptS 0.29  fLog 0.58  pdΔ -0.2011  pkR 3.96  clip 0.06  kl +0.002
upd  127  steps  262144  sps 1242  opp symm  loss -0.068  pg -0.0373  v 0.007  ev +0.91  adv_std 0.116  tR +0.00  ent[s/d/p/e] 1.82/2.22/1.35/0.54  emits 0.48  spf 52.2  z0 0.71  garr 67.9  tG 497  e2 0.10  nF 4.8  pS 0.30  ptS 0.29  fLog 0.58  pdΔ -0.1995  pkR 4.17  clip 0.07  kl +0.002
upd  128  steps  264192  sps 1248  opp symm  loss -0.057  pg -0.0251  v 0.005  ev +0.92  adv_std 0.100  tR +0.00  ent[s/d/p/e] 1.76/2.18/1.36/0.56  emits 0.44  spf 55.0  z0 0.72  garr 69.1  tG 529  e2 0.10  nF 4.6  pS 0.30  ptS 0.29  fLog 0.59  pdΔ -0.1994  pkR 4.08  clip 0.07  kl +0.001
upd  129  steps  266240  sps 1254  opp symm  loss -0.038  pg -0.0069  v 0.005  ev +0.92  adv_std 0.102  tR +0.20  ent[s/d/p/e] 1.67/2.11/1.40/0.56  emits 0.47  spf 54.8  z0 0.69  garr 71.3  tG 549  e2 0.10  nF 4.6  pS 0.30  ptS 0.29  fLog 0.58  pdΔ -0.2000  pkR 4.30  clip 0.07  kl +0.002
upd  130  steps  268288  sps 1260  opp symm  loss -0.028  pg +0.0033  v 0.006  ev +0.92  adv_std 0.107  tR +1.00  ent[s/d/p/e] 1.70/2.13/1.40/0.57  emits 0.47  spf 59.1  z0 0.70  garr 73.6  tG 583  e2 0.11  nF 4.8  pS 0.30  ptS 0.30  fLog 0.59  pdΔ -0.1959  pkR 3.70  clip 0.05  kl +0.003
upd  131  steps  270336  sps 1266  opp symm  loss -0.025  pg +0.0061  v 0.005  ev +0.95  adv_std 0.104  tR -0.33  ent[s/d/p/e] 1.94/2.21/1.31/0.56  emits 0.49  spf 60.0  z0 0.70  garr 80.2  tG 658  e2 0.11  nF 5.3  pS 0.33  ptS 0.33  fLog 0.60  pdΔ -0.1662  pkR 3.74  clip 0.13  kl +0.002
upd  132  steps  272384  sps 1271  opp symm  loss -0.041  pg -0.0092  v 0.005  ev +0.95  adv_std 0.105  tR +0.00  ent[s/d/p/e] 2.05/2.33/1.24/0.57  emits 0.63  spf 60.8  z0 0.66  garr 82.1  tG 679  e2 0.14  nF 6.3  pS 0.35  ptS 0.35  fLog 0.60  pdΔ -0.1477  pkR 4.11  clip 0.13  kl +0.006
upd  133  steps  274432  sps 1277  opp symm  loss -0.021  pg +0.0122  v 0.005  ev +0.96  adv_std 0.096  tR -1.00  ent[s/d/p/e] 2.03/2.28/1.37/0.57  emits 0.60  spf 62.8  z0 0.68  garr 78.5  tG 656  e2 0.13  nF 6.5  pS 0.36  ptS 0.35  fLog 0.60  pdΔ -0.1443  pkR 4.33  clip 0.07  kl -0.000
upd  134  steps  276480  sps 1283  opp symm  loss -0.069  pg -0.0364  v 0.005  ev +0.95  adv_std 0.105  tR +0.00  ent[s/d/p/e] 2.09/2.29/1.38/0.57  emits 0.63  spf 64.6  z0 0.66  garr 80.5  tG 680  e2 0.13  nF 5.9  pS 0.37  ptS 0.36  fLog 0.61  pdΔ -0.1287  pkR 4.10  clip 0.12  kl +0.003
upd  135  steps  278528  sps 1288  opp symm  loss -0.029  pg +0.0029  v 0.007  ev +0.93  adv_std 0.119  tR +0.43  ent[s/d/p/e] 2.03/2.21/1.34/0.57  emits 0.63  spf 57.5  z0 0.67  garr 76.3  tG 665  e2 0.14  nF 5.9  pS 0.38  ptS 0.36  fLog 0.60  pdΔ -0.1248  pkR 4.55  clip 0.10  kl +0.002
upd  136  steps  280576  sps 1294  opp symm  loss -0.069  pg -0.0365  v 0.006  ev +0.95  adv_std 0.106  tR +0.50  ent[s/d/p/e] 2.14/2.24/1.31/0.57  emits 0.83  spf 58.2  z0 0.61  garr 73.7  tG 639  e2 0.17  nF 7.2  pS 0.39  ptS 0.37  fLog 0.60  pdΔ -0.1134  pkR 4.51  clip 0.12  kl +0.004
upd  137  steps  282624  sps 1300  opp symm  loss -0.068  pg -0.0346  v 0.005  ev +0.96  adv_std 0.097  tR +1.00  ent[s/d/p/e] 2.15/2.23/1.35/0.58  emits 0.79  spf 53.8  z0 0.63  garr 68.7  tG 605  e2 0.17  nF 7.9  pS 0.39  ptS 0.38  fLog 0.59  pdΔ -0.1119  pkR 4.88  clip 0.08  kl +0.001
upd  138  steps  284672  sps 1305  opp symm  loss -0.024  pg +0.0086  v 0.006  ev +0.95  adv_std 0.111  tR -0.20  ent[s/d/p/e] 2.14/2.17/1.28/0.58  emits 0.82  spf 50.2  z0 0.62  garr 62.9  tG 558  e2 0.18  nF 8.0  pS 0.37  ptS 0.36  fLog 0.58  pdΔ -0.1314  pkR 3.97  clip 0.07  kl +0.002
upd  139  steps  286720  sps 1310  opp symm  loss -0.024  pg +0.0087  v 0.005  ev +0.96  adv_std 0.104  tR +0.33  ent[s/d/p/e] 2.14/2.19/1.29/0.60  emits 0.83  spf 51.7  z0 0.62  garr 64.7  tG 590  e2 0.19  nF 8.6  pS 0.38  ptS 0.38  fLog 0.58  pdΔ -0.1178  pkR 4.06  clip 0.08  kl +0.003
upd  140  steps  288768  sps 1316  opp symm  loss -0.024  pg +0.0057  v 0.009  ev +0.94  adv_std 0.134  tR +0.45  ent[s/d/p/e] 2.12/2.21/1.24/0.57  emits 0.80  spf 49.9  z0 0.62  garr 58.6  tG 544  e2 0.18  nF 8.0  pS 0.37  ptS 0.37  fLog 0.57  pdΔ -0.1289  pkR 5.38  clip 0.11  kl +0.001
upd  141  steps  290816  sps 1321  opp symm  loss -0.008  pg +0.0228  v 0.006  ev +0.94  adv_std 0.112  tR +0.33  ent[s/d/p/e] 2.00/2.07/1.30/0.54  emits 0.74  spf 44.7  z0 0.64  garr 55.1  tG 498  e2 0.15  nF 8.0  pS 0.33  ptS 0.33  fLog 0.56  pdΔ -0.1687  pkR 6.57  clip 0.07  kl +0.001
upd  142  steps  292864  sps 1327  opp symm  loss +0.009  pg +0.0402  v 0.005  ev +0.95  adv_std 0.100  tR +0.67  ent[s/d/p/e] 1.98/2.05/1.24/0.55  emits 0.75  spf 40.5  z0 0.65  garr 55.2  tG 508  e2 0.16  nF 8.8  pS 0.34  ptS 0.33  fLog 0.54  pdΔ -0.1625  pkR 9.50  clip 0.12  kl +0.003
upd  143  steps  294912  sps 1332  opp symm  loss -0.029  pg +0.0014  v 0.004  ev +0.96  adv_std 0.085  tR +0.00  ent[s/d/p/e] 1.76/1.94/1.26/0.54  emits 0.56  spf 44.5  z0 0.68  garr 63.3  tG 526  e2 0.12  nF 7.0  pS 0.32  ptS 0.31  fLog 0.55  pdΔ -0.1830  pkR 4.69  clip 0.10  kl +0.005
upd  144  steps  296960  sps 1337  opp symm  loss -0.001  pg +0.0303  v 0.005  ev +0.94  adv_std 0.102  tR -1.00  ent[s/d/p/e] 2.03/2.14/1.23/0.55  emits 0.69  spf 50.4  z0 0.66  garr 74.0  tG 632  e2 0.15  nF 7.7  pS 0.36  ptS 0.35  fLog 0.57  pdΔ -0.1447  pkR 5.02  clip 0.12  kl +0.006
upd  145  steps  299008  sps 1343  opp symm  loss +0.014  pg +0.0454  v 0.004  ev +0.95  adv_std 0.089  tR +1.00  ent[s/d/p/e] 2.15/2.25/1.24/0.52  emits 0.64  spf 58.5  z0 0.69  garr 77.8  tG 677  e2 0.13  nF 7.8  pS 0.37  ptS 0.37  fLog 0.59  pdΔ -0.1271  pkR 5.03  clip 0.14  kl +0.010
upd  146  steps  301056  sps 1348  opp symm  loss +0.010  pg +0.0414  v 0.005  ev +0.93  adv_std 0.106  tR +1.00  ent[s/d/p/e] 2.20/2.28/1.25/0.54  emits 0.55  spf 63.3  z0 0.70  garr 93.5  tG 843  e2 0.11  nF 6.7  pS 0.40  ptS 0.39  fLog 0.61  pdΔ -0.1039  pkR 5.07  clip 0.11  kl +0.004
upd  147  steps  303104  sps 1353  opp symm  loss -0.023  pg +0.0081  v 0.005  ev +0.95  adv_std 0.101  tR +1.00  ent[s/d/p/e] 2.10/2.20/1.24/0.54  emits 0.54  spf 74.5  z0 0.70  garr 95.3  tG 864  e2 0.11  nF 5.6  pS 0.39  ptS 0.38  fLog 0.63  pdΔ -0.1132  pkR 4.48  clip 0.10  kl +0.003
upd  148  steps  305152  sps 1359  opp symm  loss -0.022  pg +0.0079  v 0.005  ev +0.95  adv_std 0.098  tR +1.00  ent[s/d/p/e] 2.03/2.12/1.22/0.52  emits 0.51  spf 72.3  z0 0.72  garr 100.3  tG 891  e2 0.11  nF 5.0  pS 0.37  ptS 0.37  fLog 0.62  pdΔ -0.1268  pkR 4.47  clip 0.09  kl +0.004
upd  149  steps  307200  sps 1364  opp symm  loss -0.039  pg -0.0085  v 0.005  ev +0.95  adv_std 0.097  tR +0.50  ent[s/d/p/e] 2.05/2.18/1.20/0.52  emits 0.48  spf 69.4  z0 0.73  garr 104.8  tG 871  e2 0.10  nF 4.8  pS 0.36  ptS 0.35  fLog 0.62  pdΔ -0.1447  pkR 3.84  clip 0.15  kl +0.005
upd  150  steps  309248  sps 1369  opp symm  loss -0.040  pg -0.0115  v 0.006  ev +0.94  adv_std 0.107  tR +1.00  ent[s/d/p/e] 1.90/2.06/1.17/0.52  emits 0.50  spf 60.9  z0 0.72  garr 108.7  tG 897  e2 0.11  nF 5.3  pS 0.37  ptS 0.36  fLog 0.59  pdΔ -0.1324  pkR 3.99  clip 0.19  kl +0.009
upd  151  steps  311296  sps 1374  opp symm  loss -0.037  pg -0.0070  v 0.004  ev +0.96  adv_std 0.090  tR +0.60  ent[s/d/p/e] 1.86/2.03/1.22/0.52  emits 0.56  spf 52.5  z0 0.70  garr 109.5  tG 854  e2 0.11  nF 5.8  pS 0.35  ptS 0.34  fLog 0.57  pdΔ -0.1458  pkR 3.85  clip 0.14  kl +0.003
upd  152  steps  313344  sps 1379  opp symm  loss +0.019  pg +0.0477  v 0.006  ev +0.95  adv_std 0.110  tR +1.00  ent[s/d/p/e] 1.77/2.01/1.27/0.50  emits 0.46  spf 55.3  z0 0.74  garr 113.2  tG 902  e2 0.10  nF 5.0  pS 0.35  ptS 0.34  fLog 0.58  pdΔ -0.1456  pkR 4.50  clip 0.12  kl -0.000
upd  153  steps  315392  sps 1384  opp symm  loss +0.006  pg +0.0321  v 0.012  ev +0.90  adv_std 0.150  tR +0.50  ent[s/d/p/e] 1.85/2.12/1.23/0.50  emits 0.43  spf 65.3  z0 0.75  garr 116.7  tG 936  e2 0.09  nF 4.9  pS 0.34  ptS 0.33  fLog 0.61  pdΔ -0.1568  pkR 4.72  clip 0.04  kl +0.002
upd  154  steps  317440  sps 1389  opp symm  loss -0.013  pg +0.0172  v 0.003  ev +0.96  adv_std 0.082  tR +0.00  ent[s/d/p/e] 1.85/2.13/1.20/0.51  emits 0.47  spf 64.3  z0 0.73  garr 112.6  tG 915  e2 0.09  nF 5.0  pS 0.34  ptS 0.33  fLog 0.60  pdΔ -0.1640  pkR 4.29  clip 0.07  kl +0.003
upd  155  steps  319488  sps 1394  opp symm  loss -0.020  pg +0.0058  v 0.011  ev +0.90  adv_std 0.152  tR +0.14  ent[s/d/p/e] 1.85/2.12/1.27/0.48  emits 0.39  spf 65.8  z0 0.75  garr 114.8  tG 942  e2 0.07  nF 5.1  pS 0.34  ptS 0.33  fLog 0.60  pdΔ -0.1614  pkR 3.98  clip 0.08  kl +0.003
upd  156  steps  321536  sps 1399  opp symm  loss -0.059  pg -0.0342  v 0.013  ev +0.88  adv_std 0.161  tR +0.08  ent[s/d/p/e] 1.77/2.07/1.21/0.50  emits 0.43  spf 55.8  z0 0.75  garr 102.9  tG 826  e2 0.09  nF 4.4  pS 0.31  ptS 0.31  fLog 0.58  pdΔ -0.1881  pkR 4.56  clip 0.09  kl +0.001
upd  157  steps  323584  sps 1404  opp symm  loss -0.013  pg +0.0150  v 0.007  ev +0.92  adv_std 0.117  tR +0.50  ent[s/d/p/e] 1.68/2.04/1.20/0.52  emits 0.39  spf 56.3  z0 0.75  garr 101.0  tG 825  e2 0.08  nF 4.2  pS 0.31  ptS 0.30  fLog 0.58  pdΔ -0.1916  pkR 4.82  clip 0.09  kl +0.006
upd  158  steps  325632  sps 1409  opp symm  loss -0.066  pg -0.0378  v 0.008  ev +0.91  adv_std 0.124  tR +0.25  ent[s/d/p/e] 1.74/2.03/1.20/0.53  emits 0.49  spf 57.1  z0 0.71  garr 87.7  tG 717  e2 0.10  nF 5.0  pS 0.30  ptS 0.29  fLog 0.57  pdΔ -0.1991  pkR 5.19  clip 0.07  kl +0.001
upd  159  steps  327680  sps 1414  opp symm  loss +0.015  pg +0.0444  v 0.004  ev +0.96  adv_std 0.089  tR +1.00  ent[s/d/p/e] 1.68/1.97/1.21/0.55  emits 0.56  spf 50.1  z0 0.69  garr 72.9  tG 569  e2 0.13  nF 6.4  pS 0.29  ptS 0.28  fLog 0.56  pdΔ -0.2090  pkR 6.32  clip 0.10  kl +0.004
upd  160  steps  329728  sps 1419  opp symm  loss -0.045  pg -0.0150  v 0.004  ev +0.96  adv_std 0.094  tR -0.20  ent[s/d/p/e] 1.67/1.97/1.22/0.54  emits 0.50  spf 49.9  z0 0.70  garr 75.4  tG 619  e2 0.10  nF 6.2  pS 0.32  ptS 0.31  fLog 0.56  pdΔ -0.1844  pkR 5.16  clip 0.08  kl +0.003
upd  161  steps  331776  sps 1424  opp symm  loss -0.024  pg +0.0066  v 0.005  ev +0.96  adv_std 0.098  tR +0.00  ent[s/d/p/e] 1.86/2.14/1.22/0.54  emits 0.53  spf 58.3  z0 0.70  garr 83.4  tG 683  e2 0.11  nF 6.0  pS 0.34  ptS 0.33  fLog 0.59  pdΔ -0.1631  pkR 5.84  clip 0.05  kl +0.001
upd  162  steps  333824  sps 1428  opp symm  loss -0.020  pg +0.0097  v 0.006  ev +0.95  adv_std 0.110  tR +0.00  ent[s/d/p/e] 1.93/2.13/1.18/0.55  emits 0.58  spf 58.3  z0 0.68  garr 83.8  tG 730  e2 0.13  nF 6.6  pS 0.36  ptS 0.35  fLog 0.59  pdΔ -0.1393  pkR 5.42  clip 0.11  kl +0.003
upd  163  steps  335872  sps 1433  opp symm  loss -0.042  pg -0.0128  v 0.005  ev +0.97  adv_std 0.104  tR +1.00  ent[s/d/p/e] 1.99/2.13/1.19/0.51  emits 0.53  spf 59.6  z0 0.71  garr 84.2  tG 727  e2 0.12  nF 6.2  pS 0.36  ptS 0.35  fLog 0.59  pdΔ -0.1392  pkR 5.25  clip 0.08  kl +0.002
upd  164  steps  337920  sps 1438  opp symm  loss -0.039  pg -0.0086  v 0.004  ev +0.98  adv_std 0.086  tR +0.25  ent[s/d/p/e] 1.89/2.15/1.22/0.51  emits 0.46  spf 53.7  z0 0.74  garr 88.8  tG 727  e2 0.09  nF 5.4  pS 0.33  ptS 0.32  fLog 0.58  pdΔ -0.1679  pkR 4.63  clip 0.06  kl +0.001
upd  165  steps  339968  sps 1443  opp symm  loss -0.057  pg -0.0322  v 0.011  ev +0.93  adv_std 0.148  tR -0.50  ent[s/d/p/e] 1.73/2.04/1.17/0.47  emits 0.40  spf 59.7  z0 0.75  garr 97.6  tG 812  e2 0.08  nF 4.9  pS 0.33  ptS 0.32  fLog 0.58  pdΔ -0.1677  pkR 4.99  clip 0.15  kl +0.005
upd  166  steps  342016  sps 1447  opp symm  loss -0.013  pg +0.0171  v 0.004  ev +0.98  adv_std 0.086  tR +0.60  ent[s/d/p/e] 1.68/2.07/1.28/0.52  emits 0.33  spf 65.2  z0 0.78  garr 106.8  tG 871  e2 0.06  nF 3.6  pS 0.32  ptS 0.31  fLog 0.60  pdΔ -0.1765  pkR 5.10  clip 0.09  kl +0.005
upd  167  steps  344064  sps 1452  opp symm  loss -0.021  pg +0.0071  v 0.007  ev +0.95  adv_std 0.120  tR +0.00  ent[s/d/p/e] 1.63/2.06/1.28/0.51  emits 0.40  spf 70.9  z0 0.74  garr 107.0  tG 839  e2 0.08  nF 3.9  pS 0.32  ptS 0.30  fLog 0.60  pdΔ -0.1830  pkR 4.79  clip 0.07  kl +0.001
upd  168  steps  346112  sps 1457  opp symm  loss -0.029  pg +0.0004  v 0.007  ev +0.94  adv_std 0.122  tR +0.20  ent[s/d/p/e] 1.73/2.14/1.27/0.54  emits 0.46  spf 63.0  z0 0.72  garr 103.5  tG 813  e2 0.09  nF 4.5  pS 0.33  ptS 0.31  fLog 0.59  pdΔ -0.1732  pkR 5.11  clip 0.06  kl +0.002
upd  169  steps  348160  sps 1461  opp symm  loss -0.024  pg +0.0035  v 0.008  ev +0.94  adv_std 0.123  tR +0.14  ent[s/d/p/e] 1.60/2.02/1.26/0.53  emits 0.45  spf 59.1  z0 0.72  garr 93.2  tG 716  e2 0.09  nF 4.4  pS 0.32  ptS 0.30  fLog 0.58  pdΔ -0.1842  pkR 4.29  clip 0.06  kl +0.002
upd  170  steps  350208  sps 1466  opp symm  loss -0.018  pg +0.0130  v 0.005  ev +0.96  adv_std 0.098  tR -0.33  ent[s/d/p/e] 1.79/2.13/1.29/0.54  emits 0.50  spf 55.6  z0 0.71  garr 97.2  tG 737  e2 0.10  nF 5.4  pS 0.33  ptS 0.31  fLog 0.58  pdΔ -0.1682  pkR 4.38  clip 0.05  kl -0.003
upd  171  steps  352256  sps 1471  opp symm  loss -0.008  pg +0.0207  v 0.006  ev +0.94  adv_std 0.112  tR +0.60  ent[s/d/p/e] 1.68/2.03/1.35/0.52  emits 0.45  spf 56.2  z0 0.72  garr 94.7  tG 747  e2 0.09  nF 4.9  pS 0.33  ptS 0.32  fLog 0.58  pdΔ -0.1678  pkR 4.68  clip 0.09  kl +0.004
upd  172  steps  354304  sps 1475  opp symm  loss -0.008  pg +0.0212  v 0.006  ev +0.94  adv_std 0.109  tR +0.33  ent[s/d/p/e] 1.70/1.98/1.26/0.53  emits 0.48  spf 48.8  z0 0.72  garr 95.4  tG 792  e2 0.10  nF 4.9  pS 0.34  ptS 0.32  fLog 0.56  pdΔ -0.1608  pkR 6.27  clip 0.07  kl +0.001
upd  173  steps  356352  sps 1480  opp symm  loss -0.036  pg -0.0057  v 0.006  ev +0.94  adv_std 0.111  tR -0.60  ent[s/d/p/e] 1.88/2.13/1.34/0.55  emits 0.51  spf 51.0  z0 0.72  garr 100.5  tG 831  e2 0.10  nF 5.8  pS 0.35  ptS 0.34  fLog 0.57  pdΔ -0.1484  pkR 4.67  clip 0.07  kl +0.002
upd  174  steps  358400  sps 1484  opp symm  loss -0.011  pg +0.0192  v 0.006  ev +0.93  adv_std 0.106  tR -0.14  ent[s/d/p/e] 1.83/2.09/1.31/0.55  emits 0.54  spf 56.7  z0 0.70  garr 87.3  tG 735  e2 0.11  nF 5.3  pS 0.34  ptS 0.32  fLog 0.59  pdΔ -0.1610  pkR 5.48  clip 0.08  kl +0.003
upd  175  steps  360448  sps 1489  opp symm  loss -0.010  pg +0.0227  v 0.003  ev +0.97  adv_std 0.070  tR +0.00  ent[s/d/p/e] 1.89/2.07/1.35/0.55  emits 0.51  spf 64.2  z0 0.71  garr 85.3  tG 726  e2 0.11  nF 5.6  pS 0.35  ptS 0.34  fLog 0.61  pdΔ -0.1475  pkR 5.25  clip 0.08  kl +0.002
upd  176  steps  362496  sps 1493  opp symm  loss -0.038  pg -0.0065  v 0.005  ev +0.93  adv_std 0.100  tR +0.00  ent[s/d/p/e] 1.99/2.12/1.32/0.54  emits 0.55  spf 60.6  z0 0.70  garr 90.4  tG 773  e2 0.11  nF 5.9  pS 0.38  ptS 0.36  fLog 0.60  pdΔ -0.1226  pkR 5.08  clip 0.10  kl +0.004
upd  177  steps  364544  sps 1498  opp symm  loss -0.042  pg -0.0105  v 0.005  ev +0.95  adv_std 0.096  tR +1.00  ent[s/d/p/e] 2.07/2.15/1.30/0.54  emits 0.55  spf 63.6  z0 0.71  garr 101.2  tG 853  e2 0.12  nF 5.8  pS 0.39  ptS 0.37  fLog 0.61  pdΔ -0.1106  pkR 4.76  clip 0.07  kl +0.000
upd  178  steps  366592  sps 1502  opp symm  loss -0.023  pg +0.0077  v 0.005  ev +0.96  adv_std 0.097  tR +1.00  ent[s/d/p/e] 1.88/2.11/1.30/0.53  emits 0.48  spf 69.6  z0 0.71  garr 106.9  tG 888  e2 0.10  nF 4.6  pS 0.35  ptS 0.34  fLog 0.62  pdΔ -0.1468  pkR 5.39  clip 0.10  kl +0.003
upd  179  steps  368640  sps 1506  opp symm  loss -0.030  pg +0.0003  v 0.005  ev +0.96  adv_std 0.100  tR +0.20  ent[s/d/p/e] 2.01/2.15/1.24/0.52  emits 0.52  spf 67.5  z0 0.72  garr 101.8  tG 870  e2 0.11  nF 5.3  pS 0.36  ptS 0.35  fLog 0.61  pdΔ -0.1370  pkR 4.90  clip 0.09  kl +0.003
upd  180  steps  370688  sps 1511  opp symm  loss -0.007  pg +0.0226  v 0.005  ev +0.95  adv_std 0.102  tR +0.50  ent[s/d/p/e] 1.97/2.15/1.21/0.52  emits 0.53  spf 60.9  z0 0.72  garr 96.7  tG 789  e2 0.11  nF 5.3  pS 0.34  ptS 0.33  fLog 0.60  pdΔ -0.1644  pkR 5.37  clip 0.07  kl +0.001
upd  181  steps  372736  sps 1515  opp symm  loss -0.001  pg +0.0271  v 0.008  ev +0.93  adv_std 0.124  tR +0.00  ent[s/d/p/e] 1.84/2.07/1.26/0.51  emits 0.46  spf 62.8  z0 0.72  garr 90.4  tG 739  e2 0.09  nF 5.3  pS 0.34  ptS 0.33  fLog 0.60  pdΔ -0.1615  pkR 4.56  clip 0.06  kl +0.003
upd  182  steps  374784  sps 1520  opp symm  loss -0.032  pg -0.0035  v 0.008  ev +0.93  adv_std 0.128  tR +0.25  ent[s/d/p/e] 1.95/2.16/1.17/0.52  emits 0.48  spf 56.0  z0 0.74  garr 88.1  tG 711  e2 0.10  nF 5.5  pS 0.33  ptS 0.32  fLog 0.59  pdΔ -0.1703  pkR 4.94  clip 0.05  kl +0.003
upd  183  steps  376832  sps 1524  opp symm  loss +0.013  pg +0.0415  v 0.008  ev +0.93  adv_std 0.124  tR +0.33  ent[s/d/p/e] 1.89/2.12/1.20/0.52  emits 0.55  spf 59.0  z0 0.70  garr 82.3  tG 645  e2 0.11  nF 6.1  pS 0.32  ptS 0.31  fLog 0.59  pdΔ -0.1806  pkR 5.30  clip 0.08  kl +0.002
upd  184  steps  378880  sps 1528  opp symm  loss -0.021  pg +0.0077  v 0.008  ev +0.91  adv_std 0.124  tR +0.00  ent[s/d/p/e] 1.77/2.07/1.24/0.53  emits 0.50  spf 53.4  z0 0.71  garr 69.1  tG 527  e2 0.10  nF 5.2  pS 0.29  ptS 0.29  fLog 0.58  pdΔ -0.2069  pkR 5.53  clip 0.10  kl +0.002
upd  185  steps  380928  sps 1532  opp symm  loss -0.042  pg -0.0126  v 0.005  ev +0.94  adv_std 0.102  tR -0.50  ent[s/d/p/e] 1.63/1.95/1.32/0.53  emits 0.45  spf 52.9  z0 0.71  garr 65.7  tG 513  e2 0.09  nF 4.8  pS 0.29  ptS 0.28  fLog 0.58  pdΔ -0.2106  pkR 5.87  clip 0.08  kl +0.003
upd  186  steps  382976  sps 1537  opp symm  loss -0.001  pg +0.0294  v 0.005  ev +0.95  adv_std 0.102  tR +1.00  ent[s/d/p/e] 1.82/2.13/1.27/0.54  emits 0.50  spf 55.4  z0 0.72  garr 70.5  tG 546  e2 0.10  nF 5.5  pS 0.31  ptS 0.31  fLog 0.59  pdΔ -0.1871  pkR 5.87  clip 0.05  kl +0.001
upd  187  steps  385024  sps 1541  opp symm  loss -0.035  pg -0.0062  v 0.008  ev +0.93  adv_std 0.125  tR +0.50  ent[s/d/p/e] 1.61/1.97/1.38/0.54  emits 0.44  spf 53.9  z0 0.72  garr 65.4  tG 489  e2 0.09  nF 4.8  pS 0.29  ptS 0.28  fLog 0.59  pdΔ -0.2147  pkR 3.95  clip 0.08  kl +0.002
upd  188  steps  387072  sps 1545  opp symm  loss -0.078  pg -0.0475  v 0.005  ev +0.96  adv_std 0.098  tR -0.33  ent[s/d/p/e] 1.64/1.93/1.36/0.56  emits 0.48  spf 48.5  z0 0.71  garr 59.1  tG 438  e2 0.10  nF 5.0  pS 0.27  ptS 0.27  fLog 0.57  pdΔ -0.2260  pkR 4.49  clip 0.06  kl -0.000
upd  189  steps  389120  sps 1549  opp symm  loss -0.079  pg -0.0491  v 0.004  ev +0.95  adv_std 0.095  tR +0.11  ent[s/d/p/e] 1.56/1.98/1.32/0.54  emits 0.46  spf 50.3  z0 0.72  garr 56.0  tG 441  e2 0.09  nF 5.2  pS 0.27  ptS 0.27  fLog 0.57  pdΔ -0.2270  pkR 5.09  clip 0.08  kl +0.002
upd  190  steps  391168  sps 1553  opp symm  loss -0.053  pg -0.0233  v 0.004  ev +0.96  adv_std 0.089  tR -0.50  ent[s/d/p/e] 1.64/2.00/1.33/0.53  emits 0.51  spf 47.1  z0 0.72  garr 56.7  tG 451  e2 0.11  nF 6.2  pS 0.27  ptS 0.27  fLog 0.56  pdΔ -0.2296  pkR 6.33  clip 0.07  kl +0.001
upd  191  steps  393216  sps 1557  opp symm  loss -0.085  pg -0.0549  v 0.004  ev +0.96  adv_std 0.094  tR -0.20  ent[s/d/p/e] 1.53/1.91/1.38/0.56  emits 0.53  spf 46.1  z0 0.69  garr 55.1  tG 431  e2 0.11  nF 6.4  pS 0.26  ptS 0.26  fLog 0.55  pdΔ -0.2355  pkR 7.39  clip 0.09  kl +0.000
upd  192  steps  395264  sps 1562  opp symm  loss -0.036  pg -0.0060  v 0.005  ev +0.95  adv_std 0.101  tR +0.00  ent[s/d/p/e] 1.48/1.90/1.38/0.57  emits 0.51  spf 47.2  z0 0.68  garr 56.2  tG 443  e2 0.10  nF 5.9  pS 0.27  ptS 0.27  fLog 0.56  pdΔ -0.2305  pkR 7.41  clip 0.08  kl +0.004
upd  193  steps  397312  sps 1566  opp symm  loss -0.022  pg +0.0070  v 0.009  ev +0.93  adv_std 0.130  tR -0.67  ent[s/d/p/e] 1.64/1.99/1.39/0.57  emits 0.60  spf 46.7  z0 0.65  garr 55.2  tG 441  e2 0.13  nF 6.3  pS 0.29  ptS 0.29  fLog 0.56  pdΔ -0.2069  pkR 5.11  clip 0.12  kl +0.001
upd  194  steps  399360  sps 1570  opp symm  loss -0.035  pg -0.0035  v 0.004  ev +0.96  adv_std 0.094  tR +0.33  ent[s/d/p/e] 1.72/2.00/1.34/0.57  emits 0.68  spf 46.8  z0 0.64  garr 51.7  tG 413  e2 0.15  nF 7.4  pS 0.31  ptS 0.30  fLog 0.56  pdΔ -0.1897  pkR 5.16  clip 0.11  kl +0.004
upd  195  steps  401408  sps 1574  opp symm  loss -0.021  pg +0.0096  v 0.004  ev +0.97  adv_std 0.088  tR +0.67  ent[s/d/p/e] 1.75/2.02/1.30/0.55  emits 0.69  spf 41.1  z0 0.66  garr 52.1  tG 394  e2 0.14  nF 8.1  pS 0.30  ptS 0.29  fLog 0.55  pdΔ -0.1978  pkR 5.24  clip 0.10  kl +0.005
upd  196  steps  403456  sps 1578  opp symm  loss -0.033  pg -0.0026  v 0.004  ev +0.97  adv_std 0.091  tR +0.50  ent[s/d/p/e] 1.68/2.01/1.34/0.54  emits 0.60  spf 42.4  z0 0.67  garr 55.3  tG 413  e2 0.12  nF 7.3  pS 0.29  ptS 0.28  fLog 0.55  pdΔ -0.2124  pkR 5.10  clip 0.07  kl +0.002
upd  197  steps  405504  sps 1582  opp symm  loss -0.032  pg -0.0031  v 0.009  ev +0.94  adv_std 0.137  tR -0.43  ent[s/d/p/e] 1.76/2.09/1.33/0.54  emits 0.58  spf 48.3  z0 0.70  garr 61.0  tG 479  e2 0.11  nF 6.3  pS 0.30  ptS 0.29  fLog 0.57  pdΔ -0.2029  pkR 5.34  clip 0.06  kl +0.002
upd  198  steps  407552  sps 1586  opp symm  loss +0.007  pg +0.0365  v 0.007  ev +0.95  adv_std 0.119  tR -1.00  ent[s/d/p/e] 1.77/2.11/1.36/0.52  emits 0.57  spf 51.3  z0 0.70  garr 65.8  tG 527  e2 0.12  nF 6.2  pS 0.31  ptS 0.31  fLog 0.57  pdΔ -0.1850  pkR 5.29  clip 0.10  kl +0.002
[eval_vs_v20] u199 tag=train_u199  bin0=0.0%  spf=0.00  garr=128.50  flip=0.00%  z0=71.9%  e8=0.0%  e2+=0.0%  WLD=0/3/0
upd  199  steps  409600  sps 1590  opp symm  loss -0.025  pg +0.0073  v 0.004  ev +0.98  adv_std 0.084  tR -0.60  ent[s/d/p/e] 1.93/2.19/1.34/0.54  emits 0.57  spf 54.8  z0 0.72  garr 72.6  tG 596  e2 0.11  nF 6.3  pS 0.33  ptS 0.32  fLog 0.59  pdΔ -0.1667  pkR 5.07  clip 0.09  kl +0.002 WRr 0.03 v20[spf 0.0 flip 0.0% e2+ 0.0%]
[ckpt] saved /home/charlie/project/OrbitWarRL/ckpt_search/v14e_binary_v1_a_p0i7_lr_peak_4.5e-05_0268cbc752/ckpt_000199.pkl opp=symm
upd  200  steps  411648  sps 1177  opp symm  loss -0.003  pg +0.0277  v 0.007  ev +0.95  adv_std 0.114  tR +0.00  ent[s/d/p/e] 1.92/2.24/1.35/0.54  emits 0.54  spf 54.6  z0 0.72  garr 69.5  tG 568  e2 0.11  nF 5.9  pS 0.33  ptS 0.32  fLog 0.58  pdΔ -0.1683  pkR 4.74  clip 0.07  kl +0.001
upd  201  steps  413696  sps 1181  opp symm  loss -0.033  pg -0.0008  v 0.005  ev +0.96  adv_std 0.099  tR -0.33  ent[s/d/p/e] 1.95/2.26/1.32/0.56  emits 0.63  spf 55.9  z0 0.67  garr 67.6  tG 549  e2 0.13  nF 6.3  pS 0.34  ptS 0.34  fLog 0.59  pdΔ -0.1555  pkR 5.15  clip 0.06  kl +0.003
upd  202  steps  415744  sps 1185  opp symm  loss +0.011  pg +0.0441  v 0.004  ev +0.97  adv_std 0.088  tR +0.20  ent[s/d/p/e] 1.97/2.21/1.36/0.57  emits 0.68  spf 57.1  z0 0.66  garr 70.7  tG 609  e2 0.15  nF 7.2  pS 0.37  ptS 0.36  fLog 0.59  pdΔ -0.1309  pkR 5.58  clip 0.09  kl +0.005
upd  203  steps  417792  sps 1188  opp symm  loss -0.033  pg -0.0012  v 0.007  ev +0.95  adv_std 0.112  tR -0.50  ent[s/d/p/e] 2.05/2.24/1.42/0.55  emits 0.71  spf 54.9  z0 0.65  garr 65.8  tG 563  e2 0.14  nF 7.6  pS 0.37  ptS 0.36  fLog 0.59  pdΔ -0.1337  pkR 5.65  clip 0.09  kl +0.001
upd  204  steps  419840  sps 1192  opp symm  loss -0.014  pg +0.0171  v 0.006  ev +0.95  adv_std 0.114  tR +0.20  ent[s/d/p/e] 2.08/2.25/1.33/0.54  emits 0.82  spf 50.4  z0 0.64  garr 61.6  tG 522  e2 0.17  nF 8.6  pS 0.37  ptS 0.36  fLog 0.58  pdΔ -0.1281  pkR 4.23  clip 0.12  kl -0.001
upd  205  steps  421888  sps 1196  opp symm  loss -0.032  pg -0.0012  v 0.006  ev +0.95  adv_std 0.106  tR -0.20  ent[s/d/p/e] 1.87/2.20/1.37/0.53  emits 0.58  spf 47.9  z0 0.70  garr 58.5  tG 463  e2 0.12  nF 6.9  pS 0.32  ptS 0.32  fLog 0.56  pdΔ -0.1819  pkR 4.96  clip 0.09  kl +0.003
upd  206  steps  423936  sps 1199  opp symm  loss -0.044  pg -0.0121  v 0.006  ev +0.95  adv_std 0.111  tR +0.50  ent[s/d/p/e] 1.92/2.17/1.34/0.57  emits 0.65  spf 50.4  z0 0.66  garr 62.5  tG 514  e2 0.13  nF 7.4  pS 0.34  ptS 0.34  fLog 0.57  pdΔ -0.1578  pkR 4.80  clip 0.12  kl +0.001
upd  207  steps  425984  sps 1203  opp symm  loss -0.042  pg -0.0092  v 0.004  ev +0.97  adv_std 0.096  tR -0.33  ent[s/d/p/e] 1.93/2.15/1.35/0.58  emits 0.62  spf 55.5  z0 0.66  garr 68.5  tG 574  e2 0.13  nF 7.2  pS 0.37  ptS 0.36  fLog 0.59  pdΔ -0.1339  pkR 3.45  clip 0.08  kl +0.001
upd  208  steps  428032  sps 1206  opp symm  loss -0.009  pg +0.0229  v 0.005  ev +0.95  adv_std 0.105  tR +0.43  ent[s/d/p/e] 1.90/2.10/1.34/0.60  emits 0.66  spf 58.0  z0 0.66  garr 74.0  tG 625  e2 0.15  nF 6.7  pS 0.37  ptS 0.36  fLog 0.60  pdΔ -0.1286  pkR 3.47  clip 0.12  kl +0.004
upd  209  steps  430080  sps 1210  opp symm  loss +0.004  pg +0.0360  v 0.006  ev +0.95  adv_std 0.107  tR +1.00  ent[s/d/p/e] 1.91/2.05/1.39/0.57  emits 0.58  spf 64.1  z0 0.67  garr 71.4  tG 635  e2 0.12  nF 5.7  pS 0.37  ptS 0.36  fLog 0.62  pdΔ -0.1301  pkR 3.40  clip 0.11  kl +0.001
upd  210  steps  432128  sps 1214  opp symm  loss -0.030  pg +0.0017  v 0.007  ev +0.94  adv_std 0.120  tR -0.20  ent[s/d/p/e] 2.07/2.20/1.27/0.58  emits 0.73  spf 58.7  z0 0.64  garr 73.7  tG 672  e2 0.15  nF 7.3  pS 0.40  ptS 0.39  fLog 0.60  pdΔ -0.1037  pkR 3.33  clip 0.16  kl +0.005
upd  211  steps  434176  sps 1217  opp symm  loss -0.019  pg +0.0130  v 0.005  ev +0.95  adv_std 0.103  tR +0.33  ent[s/d/p/e] 2.04/2.18/1.31/0.57  emits 0.62  spf 63.9  z0 0.67  garr 72.6  tG 656  e2 0.13  nF 6.7  pS 0.38  ptS 0.37  fLog 0.62  pdΔ -0.1151  pkR 3.41  clip 0.15  kl +0.006
upd  212  steps  436224  sps 1221  opp symm  loss +0.020  pg +0.0520  v 0.005  ev +0.95  adv_std 0.100  tR +0.67  ent[s/d/p/e] 1.96/2.13/1.37/0.55  emits 0.56  spf 59.5  z0 0.68  garr 72.4  tG 632  e2 0.12  nF 5.5  pS 0.36  ptS 0.35  fLog 0.61  pdΔ -0.1365  pkR 3.71  clip 0.12  kl +0.003
upd  213  steps  438272  sps 1224  opp symm  loss -0.003  pg +0.0279  v 0.008  ev +0.92  adv_std 0.123  tR -0.20  ent[s/d/p/e] 2.06/2.14/1.35/0.56  emits 0.67  spf 57.4  z0 0.67  garr 74.9  tG 633  e2 0.14  nF 6.1  pS 0.36  ptS 0.35  fLog 0.60  pdΔ -0.1427  pkR 4.28  clip 0.12  kl -0.001
upd  214  steps  440320  sps 1228  opp symm  loss -0.043  pg -0.0117  v 0.006  ev +0.93  adv_std 0.110  tR +1.00  ent[s/d/p/e] 2.06/2.06/1.32/0.56  emits 0.63  spf 57.2  z0 0.68  garr 77.4  tG 654  e2 0.13  nF 6.1  pS 0.36  ptS 0.35  fLog 0.59  pdΔ -0.1432  pkR 4.22  clip 0.06  kl +0.003
upd  215  steps  442368  sps 1231  opp symm  loss -0.028  pg +0.0037  v 0.005  ev +0.95  adv_std 0.095  tR +0.60  ent[s/d/p/e] 2.02/2.06/1.36/0.56  emits 0.64  spf 55.4  z0 0.68  garr 74.3  tG 619  e2 0.12  nF 6.6  pS 0.35  ptS 0.34  fLog 0.59  pdΔ -0.1475  pkR 4.42  clip 0.10  kl +0.002
upd  216  steps  444416  sps 1235  opp symm  loss -0.068  pg -0.0362  v 0.005  ev +0.95  adv_std 0.097  tR +0.60  ent[s/d/p/e] 2.03/2.09/1.39/0.54  emits 0.58  spf 55.5  z0 0.70  garr 75.6  tG 594  e2 0.12  nF 6.3  pS 0.34  ptS 0.33  fLog 0.59  pdΔ -0.1636  pkR 4.07  clip 0.09  kl +0.002
upd  217  steps  446464  sps 1238  opp symm  loss -0.031  pg +0.0000  v 0.008  ev +0.92  adv_std 0.124  tR +0.00  ent[s/d/p/e] 2.02/2.05/1.39/0.56  emits 0.70  spf 52.2  z0 0.68  garr 73.9  tG 600  e2 0.15  nF 6.7  pS 0.34  ptS 0.33  fLog 0.58  pdΔ -0.1635  pkR 4.22  clip 0.07  kl +0.002
upd  218  steps  448512  sps 1241  opp symm  loss -0.012  pg +0.0182  v 0.007  ev +0.94  adv_std 0.116  tR +0.67  ent[s/d/p/e] 2.01/2.08/1.37/0.53  emits 0.63  spf 53.3  z0 0.70  garr 68.9  tG 547  e2 0.12  nF 6.8  pS 0.32  ptS 0.32  fLog 0.58  pdΔ -0.1756  pkR 5.49  clip 0.12  kl +0.006
upd  219  steps  450560  sps 1245  opp symm  loss +0.008  pg +0.0384  v 0.006  ev +0.94  adv_std 0.108  tR +0.00  ent[s/d/p/e] 1.98/2.07/1.32/0.53  emits 0.66  spf 46.2  z0 0.68  garr 62.5  tG 486  e2 0.14  nF 7.0  pS 0.32  ptS 0.31  fLog 0.57  pdΔ -0.1787  pkR 6.96  clip 0.09  kl +0.002
upd  220  steps  452608  sps 1248  opp symm  loss -0.010  pg +0.0208  v 0.007  ev +0.94  adv_std 0.117  tR +0.33  ent[s/d/p/e] 1.97/2.06/1.40/0.54  emits 0.64  spf 46.2  z0 0.69  garr 61.2  tG 493  e2 0.14  nF 7.0  pS 0.31  ptS 0.31  fLog 0.56  pdΔ -0.1866  pkR 7.11  clip 0.07  kl +0.002
upd  221  steps  454656  sps 1252  opp symm  loss -0.055  pg -0.0236  v 0.005  ev +0.95  adv_std 0.105  tR +0.33  ent[s/d/p/e] 1.91/2.00/1.46/0.54  emits 0.65  spf 46.6  z0 0.68  garr 57.3  tG 446  e2 0.14  nF 7.1  pS 0.31  ptS 0.30  fLog 0.57  pdΔ -0.1931  pkR 6.15  clip 0.09  kl +0.002
upd  222  steps  456704  sps 1255  opp symm  loss -0.039  pg -0.0080  v 0.004  ev +0.97  adv_std 0.087  tR +0.33  ent[s/d/p/e] 1.85/1.90/1.44/0.53  emits 0.62  spf 44.8  z0 0.68  garr 59.5  tG 462  e2 0.13  nF 7.1  pS 0.31  ptS 0.30  fLog 0.56  pdΔ -0.1929  pkR 6.51  clip 0.14  kl +0.009
upd  223  steps  458752  sps 1259  opp symm  loss -0.028  pg +0.0017  v 0.008  ev +0.94  adv_std 0.124  tR +0.33  ent[s/d/p/e] 1.91/2.01/1.36/0.53  emits 0.65  spf 46.8  z0 0.68  garr 60.6  tG 471  e2 0.14  nF 7.3  pS 0.33  ptS 0.32  fLog 0.57  pdΔ -0.1728  pkR 5.85  clip 0.10  kl +0.004
upd  224  steps  460800  sps 1262  opp symm  loss -0.080  pg -0.0493  v 0.004  ev +0.97  adv_std 0.090  tR +0.33  ent[s/d/p/e] 1.93/2.04/1.33/0.51  emits 0.58  spf 44.6  z0 0.71  garr 63.6  tG 488  e2 0.13  nF 6.5  pS 0.31  ptS 0.31  fLog 0.56  pdΔ -0.1881  pkR 6.21  clip 0.08  kl +0.003
upd  225  steps  462848  sps 1265  opp symm  loss +0.021  pg +0.0520  v 0.003  ev +0.97  adv_std 0.081  tR +1.00  ent[s/d/p/e] 1.91/2.01/1.35/0.51  emits 0.48  spf 47.8  z0 0.73  garr 71.6  tG 536  e2 0.09  nF 6.0  pS 0.30  ptS 0.30  fLog 0.57  pdΔ -0.1993  pkR 5.92  clip 0.09  kl +0.002
upd  226  steps  464896  sps 1269  opp symm  loss -0.046  pg -0.0152  v 0.005  ev +0.96  adv_std 0.100  tR +0.43  ent[s/d/p/e] 1.97/2.09/1.36/0.52  emits 0.50  spf 51.6  z0 0.74  garr 83.3  tG 611  e2 0.10  nF 5.3  pS 0.30  ptS 0.30  fLog 0.57  pdΔ -0.1965  pkR 5.60  clip 0.06  kl +0.004
upd  227  steps  466944  sps 1272  opp symm  loss -0.029  pg +0.0013  v 0.006  ev +0.95  adv_std 0.106  tR +0.25  ent[s/d/p/e] 1.94/2.10/1.37/0.52  emits 0.53  spf 51.9  z0 0.73  garr 82.3  tG 613  e2 0.12  nF 5.3  pS 0.31  ptS 0.31  fLog 0.58  pdΔ -0.1920  pkR 6.21  clip 0.07  kl +0.000
upd  228  steps  468992  sps 1275  opp symm  loss -0.036  pg -0.0042  v 0.003  ev +0.97  adv_std 0.081  tR -0.20  ent[s/d/p/e] 1.93/2.03/1.40/0.52  emits 0.54  spf 51.8  z0 0.71  garr 77.0  tG 566  e2 0.11  nF 5.4  pS 0.30  ptS 0.29  fLog 0.57  pdΔ -0.2041  pkR 6.55  clip 0.10  kl +0.002
upd  229  steps  471040  sps 1279  opp symm  loss -0.010  pg +0.0220  v 0.004  ev +0.96  adv_std 0.089  tR +0.33  ent[s/d/p/e] 1.93/2.04/1.42/0.54  emits 0.57  spf 44.9  z0 0.71  garr 63.8  tG 469  e2 0.12  nF 6.3  pS 0.30  ptS 0.30  fLog 0.56  pdΔ -0.1971  pkR 6.14  clip 0.09  kl +0.003
upd  230  steps  473088  sps 1282  opp symm  loss -0.003  pg +0.0281  v 0.005  ev +0.95  adv_std 0.102  tR +0.14  ent[s/d/p/e] 1.98/2.02/1.37/0.55  emits 0.61  spf 46.2  z0 0.68  garr 67.1  tG 529  e2 0.12  nF 6.5  pS 0.33  ptS 0.33  fLog 0.56  pdΔ -0.1694  pkR 5.72  clip 0.09  kl +0.002
upd  231  steps  475136  sps 1285  opp symm  loss -0.008  pg +0.0232  v 0.004  ev +0.96  adv_std 0.089  tR +0.67  ent[s/d/p/e] 1.85/1.99/1.41/0.53  emits 0.53  spf 52.6  z0 0.71  garr 63.0  tG 512  e2 0.11  nF 5.7  pS 0.32  ptS 0.31  fLog 0.58  pdΔ -0.1815  pkR 5.56  clip 0.06  kl +0.002
upd  232  steps  477184  sps 1289  opp symm  loss -0.025  pg +0.0047  v 0.005  ev +0.94  adv_std 0.102  tR +0.20  ent[s/d/p/e] 1.73/1.94/1.46/0.52  emits 0.45  spf 55.4  z0 0.73  garr 62.8  tG 488  e2 0.09  nF 5.1  pS 0.30  ptS 0.29  fLog 0.59  pdΔ -0.2024  pkR 5.69  clip 0.09  kl +0.004
upd  233  steps  479232  sps 1292  opp symm  loss -0.074  pg -0.0422  v 0.003  ev +0.97  adv_std 0.083  tR +0.50  ent[s/d/p/e] 1.81/1.95/1.48/0.55  emits 0.50  spf 53.1  z0 0.72  garr 64.6  tG 504  e2 0.11  nF 5.2  pS 0.31  ptS 0.30  fLog 0.59  pdΔ -0.1927  pkR 4.85  clip 0.10  kl +0.004
upd  234  steps  481280  sps 1295  opp symm  loss -0.007  pg +0.0234  v 0.007  ev +0.94  adv_std 0.118  tR +0.00  ent[s/d/p/e] 1.81/1.93/1.53/0.55  emits 0.54  spf 52.4  z0 0.70  garr 65.5  tG 502  e2 0.12  nF 5.4  pS 0.31  ptS 0.30  fLog 0.59  pdΔ -0.1877  pkR 4.48  clip 0.09  kl +0.001
upd  235  steps  483328  sps 1298  opp symm  loss -0.009  pg +0.0205  v 0.008  ev +0.94  adv_std 0.123  tR +1.00  ent[s/d/p/e] 1.87/1.93/1.46/0.54  emits 0.53  spf 48.2  z0 0.71  garr 70.7  tG 552  e2 0.11  nF 5.9  pS 0.33  ptS 0.31  fLog 0.57  pdΔ -0.1742  pkR 5.23  clip 0.09  kl +0.002
upd  236  steps  485376  sps 1302  opp symm  loss -0.024  pg +0.0073  v 0.005  ev +0.96  adv_std 0.100  tR +0.60  ent[s/d/p/e] 1.84/1.88/1.42/0.54  emits 0.48  spf 45.9  z0 0.72  garr 72.6  tG 611  e2 0.11  nF 5.6  pS 0.33  ptS 0.32  fLog 0.56  pdΔ -0.1695  pkR 6.31  clip 0.08  kl +0.000
upd  237  steps  487424  sps 1305  opp symm  loss -0.034  pg -0.0048  v 0.008  ev +0.94  adv_std 0.132  tR +0.20  ent[s/d/p/e] 1.79/1.76/1.44/0.57  emits 0.56  spf 45.7  z0 0.68  garr 70.6  tG 566  e2 0.12  nF 6.3  pS 0.31  ptS 0.31  fLog 0.55  pdΔ -0.1859  pkR 6.52  clip 0.10  kl +0.001
upd  238  steps  489472  sps 1308  opp symm  loss -0.058  pg -0.0274  v 0.006  ev +0.96  adv_std 0.108  tR -0.43  ent[s/d/p/e] 1.87/1.86/1.48/0.56  emits 0.57  spf 42.4  z0 0.68  garr 59.0  tG 488  e2 0.13  nF 7.1  pS 0.32  ptS 0.32  fLog 0.54  pdΔ -0.1790  pkR 5.68  clip 0.10  kl +0.003
upd  239  steps  491520  sps 1311  opp symm  loss -0.012  pg +0.0187  v 0.006  ev +0.95  adv_std 0.111  tR +0.33  ent[s/d/p/e] 1.90/2.00/1.42/0.56  emits 0.67  spf 40.6  z0 0.66  garr 57.9  tG 490  e2 0.15  nF 7.5  pS 0.33  ptS 0.32  fLog 0.54  pdΔ -0.1714  pkR 6.96  clip 0.10  kl +0.003
upd  240  steps  493568  sps 1314  opp symm  loss -0.010  pg +0.0195  v 0.007  ev +0.93  adv_std 0.120  tR +0.78  ent[s/d/p/e] 1.80/1.91/1.40/0.53  emits 0.57  spf 41.3  z0 0.70  garr 51.8  tG 382  e2 0.12  nF 7.0  pS 0.27  ptS 0.27  fLog 0.54  pdΔ -0.2285  pkR 9.11  clip 0.13  kl +0.005
upd  241  steps  495616  sps 1318  opp symm  loss -0.021  pg +0.0072  v 0.010  ev +0.91  adv_std 0.145  tR +1.00  ent[s/d/p/e] 1.82/1.85/1.50/0.52  emits 0.49  spf 44.4  z0 0.72  garr 53.8  tG 374  e2 0.10  nF 6.3  pS 0.27  ptS 0.26  fLog 0.56  pdΔ -0.2346  pkR 6.96  clip 0.09  kl +0.002
upd  242  steps  497664  sps 1321  opp symm  loss -0.002  pg +0.0247  v 0.009  ev +0.93  adv_std 0.135  tR +0.33  ent[s/d/p/e] 1.71/1.73/1.44/0.49  emits 0.42  spf 45.9  z0 0.76  garr 56.0  tG 396  e2 0.08  nF 5.1  pS 0.26  ptS 0.25  fLog 0.56  pdΔ -0.2443  pkR 6.82  clip 0.08  kl +0.003
upd  243  steps  499712  sps 1324  opp symm  loss +0.005  pg +0.0342  v 0.005  ev +0.96  adv_std 0.101  tR -0.25  ent[s/d/p/e] 1.68/1.69/1.53/0.50  emits 0.44  spf 44.6  z0 0.75  garr 64.5  tG 445  e2 0.09  nF 4.5  pS 0.26  ptS 0.25  fLog 0.57  pdΔ -0.2437  pkR 7.61  clip 0.08  kl +0.002
upd  244  steps  501760  sps 1327  opp symm  loss -0.004  pg +0.0239  v 0.007  ev +0.94  adv_std 0.116  tR +0.00  ent[s/d/p/e] 1.73/1.83/1.50/0.48  emits 0.40  spf 45.0  z0 0.78  garr 66.5  tG 449  e2 0.08  nF 4.6  pS 0.27  ptS 0.26  fLog 0.57  pdΔ -0.2344  pkR 8.69  clip 0.06  kl +0.001
upd  245  steps  503808  sps 1330  opp symm  loss -0.180  pg -0.1504  v 0.005  ev +0.97  adv_std 0.094  tR +0.00  ent[s/d/p/e] 1.86/2.00/1.52/0.46  emits 0.37  spf 49.4  z0 0.79  garr 82.3  tG 559  e2 0.08  nF 4.1  pS 0.28  ptS 0.27  fLog 0.58  pdΔ -0.2243  pkR 9.07  clip 0.06  kl +0.003
upd  246  steps  505856  sps 1333  opp symm  loss -0.088  pg -0.0599  v 0.007  ev +0.94  adv_std 0.119  tR +0.33  ent[s/d/p/e] 1.75/1.91/1.48/0.47  emits 0.41  spf 50.0  z0 0.77  garr 94.3  tG 649  e2 0.08  nF 3.9  pS 0.27  ptS 0.26  fLog 0.58  pdΔ -0.2293  pkR 11.29  clip 0.07  kl +0.002
upd  247  steps  507904  sps 1336  opp symm  loss -0.030  pg -0.0004  v 0.007  ev +0.93  adv_std 0.117  tR +0.25  ent[s/d/p/e] 1.71/1.88/1.49/0.51  emits 0.50  spf 49.4  z0 0.74  garr 89.8  tG 566  e2 0.10  nF 4.5  pS 0.27  ptS 0.26  fLog 0.58  pdΔ -0.2281  pkR 9.63  clip 0.10  kl +0.000
upd  248  steps  509952  sps 1340  opp symm  loss +0.004  pg +0.0330  v 0.004  ev +0.95  adv_std 0.090  tR +1.00  ent[s/d/p/e] 1.72/1.79/1.48/0.48  emits 0.41  spf 50.9  z0 0.77  garr 95.3  tG 584  e2 0.08  nF 4.4  pS 0.28  ptS 0.26  fLog 0.59  pdΔ -0.2245  pkR 7.98  clip 0.14  kl +0.005
upd  249  steps  512000  sps 1343  opp symm  loss +0.018  pg +0.0472  v 0.004  ev +0.95  adv_std 0.093  tR +0.33  ent[s/d/p/e] 1.70/1.75/1.49/0.48  emits 0.38  spf 51.7  z0 0.77  garr 108.9  tG 698  e2 0.08  nF 4.3  pS 0.29  ptS 0.29  fLog 0.59  pdΔ -0.2053  pkR 6.63  clip 0.06  kl +0.002
upd  250  steps  514048  sps 1346  opp symm  loss -0.038  pg -0.0081  v 0.005  ev +0.95  adv_std 0.096  tR +0.00  ent[s/d/p/e] 1.78/1.82/1.51/0.48  emits 0.43  spf 58.6  z0 0.77  garr 123.3  tG 841  e2 0.10  nF 4.4  pS 0.32  ptS 0.31  fLog 0.60  pdΔ -0.1819  pkR 5.92  clip 0.06  kl +0.004
upd  251  steps  516096  sps 1349  opp symm  loss -0.032  pg -0.0005  v 0.003  ev +0.97  adv_std 0.073  tR +1.00  ent[s/d/p/e] 1.87/1.95/1.44/0.52  emits 0.59  spf 54.8  z0 0.70  garr 130.0  tG 870  e2 0.13  nF 5.4  pS 0.33  ptS 0.32  fLog 0.59  pdΔ -0.1709  pkR 6.58  clip 0.07  kl -0.000
upd  252  steps  518144  sps 1352  opp symm  loss -0.008  pg +0.0212  v 0.008  ev +0.92  adv_std 0.124  tR +0.75  ent[s/d/p/e] 1.95/1.97/1.47/0.51  emits 0.62  spf 54.5  z0 0.70  garr 130.8  tG 877  e2 0.14  nF 5.8  pS 0.34  ptS 0.33  fLog 0.59  pdΔ -0.1637  pkR 7.35  clip 0.14  kl +0.004
upd  253  steps  520192  sps 1355  opp symm  loss -0.062  pg -0.0301  v 0.005  ev +0.94  adv_std 0.102  tR -0.50  ent[s/d/p/e] 2.03/2.04/1.49/0.52  emits 0.63  spf 54.4  z0 0.71  garr 123.3  tG 862  e2 0.14  nF 6.1  pS 0.35  ptS 0.34  fLog 0.59  pdΔ -0.1536  pkR 8.37  clip 0.13  kl +0.001
upd  254  steps  522240  sps 1358  opp symm  loss -0.074  pg -0.0437  v 0.006  ev +0.93  adv_std 0.112  tR +0.60  ent[s/d/p/e] 2.06/2.03/1.45/0.51  emits 0.73  spf 49.7  z0 0.68  garr 114.9  tG 800  e2 0.16  nF 6.9  pS 0.33  ptS 0.32  fLog 0.58  pdΔ -0.1665  pkR 9.91  clip 0.08  kl +0.001
upd  255  steps  524288  sps 1361  opp symm  loss -0.019  pg +0.0094  v 0.011  ev +0.88  adv_std 0.153  tR +0.00  ent[s/d/p/e] 2.00/2.03/1.48/0.50  emits 0.60  spf 47.2  z0 0.72  garr 98.1  tG 682  e2 0.13  nF 6.1  pS 0.31  ptS 0.30  fLog 0.58  pdΔ -0.1875  pkR 12.25  clip 0.11  kl +0.004
upd  256  steps  526336  sps 1364  opp symm  loss +0.017  pg +0.0466  v 0.004  ev +0.95  adv_std 0.092  tR +0.60  ent[s/d/p/e] 1.87/1.98/1.39/0.49  emits 0.55  spf 47.8  z0 0.72  garr 69.7  tG 440  e2 0.11  nF 5.9  pS 0.28  ptS 0.28  fLog 0.57  pdΔ -0.2181  pkR 11.96  clip 0.10  kl +0.003
upd  257  steps  528384  sps 1367  opp symm  loss -0.003  pg +0.0255  v 0.005  ev +0.93  adv_std 0.101  tR +0.60  ent[s/d/p/e] 1.67/1.80/1.40/0.48  emits 0.46  spf 43.2  z0 0.74  garr 81.1  tG 488  e2 0.10  nF 5.0  pS 0.27  ptS 0.26  fLog 0.56  pdΔ -0.2314  pkR 12.56  clip 0.07  kl +0.001