
=== [2026-06-11T02:42:28Z] v14e_binary_v1_a_p0i1_ORBITWARS_SHAPING_CAPTURE_0.02_5f179cac94 phase=a kind=probe chunk=300 env={"ORBITWARS_SHAPING_ANTI_HOARD": 0.03, "ORBITWARS_SHAPING_CAPTURE": 0.02, "ORBITWARS_SHAPING_RELEASE": 0.0075, "ORBITWARS_SHAPING_RELEASE_K": 17.0, "ORBITWARS_SHAPING_PROD_SHARE_DELTA": 0.025, "ORBITWARS_SHAPING_ONE_SHIP_PENALTY": 0.025} ppo={"ent_coef_emit": 0.0175, "lr_peak": 4.5e-05} ===
[reward] kaggle-aligned: terminal +1 win/+1 tie>0/-1 loss/-1 double-wipeout; is_terminal at step >= episode_steps-2; SHAPING_SCALE=0.0; v1: KEEP_HOME=0.0 FLEET_SIZE=0.0/norm20.0; v2 (expert-replay calibrated): PROD_SHARE=0.0 PLANET_SHARE=0.0 FLEET_LOG=0.0/ref500.0/floor0.3; v3 (top10-2630ep calibrated): PROD_SHARE_DELTA=0.025 EMIT_LOG=0.0 EMIT_GATED=0.0 RELEASE=0.0075/K17.0 CAPTURE=0.02; ANTI_HOARD=0.03/thresh0.6; episode_steps=500 (kaggle=500, mismatch=False)
[symmetric] Frog Parade style: same params drive BOTH players, no frozen/strong/buffer opponents, zero_sum_value=True
upd    0  steps    2048  sps 38  opp symm  loss +0.147  pg +0.1631  v 0.004  ev -0.41  adv_std 0.090  tR +0.00  ent[s/d/p/e] 0.38/1.35/1.23/0.34  emits 0.34  spf 14.6  z0 0.73  garr 14.1  tG 21  e2 0.05  nF 2.1  pS 0.07  ptS 0.07  fLog 0.41  pdΔ -0.4305  pkR 7.70  clip 0.08  kl +0.002
upd    1  steps    4096  sps 74  opp symm  loss +0.113  pg +0.1344  v 0.003  ev +0.28  adv_std 0.080  tR +0.00  ent[s/d/p/e] 0.78/1.53/1.25/0.48  emits 0.38  spf 21.9  z0 0.74  garr 23.4  tG 72  e2 0.08  nF 4.1  pS 0.12  ptS 0.11  fLog 0.45  pdΔ -0.3782  pkR 8.66  clip 0.07  kl +0.002
upd    2  steps    6144  sps 110  opp symm  loss +0.062  pg +0.0863  v 0.001  ev +0.46  adv_std 0.048  tR +0.00  ent[s/d/p/e] 1.02/1.74/1.30/0.51  emits 0.36  spf 31.8  z0 0.73  garr 36.1  tG 154  e2 0.07  nF 4.8  pS 0.16  ptS 0.15  fLog 0.49  pdΔ -0.3401  pkR 5.85  clip 0.08  kl +0.002
upd    3  steps    8192  sps 145  opp symm  loss -0.013  pg +0.0124  v 0.001  ev +0.35  adv_std 0.048  tR +0.00  ent[s/d/p/e] 1.20/1.97/1.38/0.49  emits 0.28  spf 46.5  z0 0.79  garr 53.1  tG 262  e2 0.05  nF 3.9  pS 0.20  ptS 0.19  fLog 0.53  pdΔ -0.3031  pkR 4.78  clip 0.04  kl +0.001
upd    4  steps   10240  sps 180  opp symm  loss -0.088  pg -0.0626  v 0.003  ev +0.37  adv_std 0.082  tR +0.00  ent[s/d/p/e] 1.41/2.18/1.45/0.46  emits 0.26  spf 61.5  z0 0.80  garr 69.4  tG 415  e2 0.04  nF 3.0  pS 0.24  ptS 0.22  fLog 0.58  pdΔ -0.2648  pkR 5.31  clip 0.08  kl +0.001
upd    5  steps   12288  sps 213  opp symm  loss -0.075  pg -0.0489  v 0.003  ev +0.30  adv_std 0.081  tR +0.00  ent[s/d/p/e] 1.47/2.13/1.42/0.49  emits 0.27  spf 66.6  z0 0.78  garr 91.0  tG 599  e2 0.04  nF 2.5  pS 0.27  ptS 0.26  fLog 0.59  pdΔ -0.2335  pkR 4.99  clip 0.11  kl +0.006
upd    6  steps   14336  sps 246  opp symm  loss -0.044  pg -0.0165  v 0.001  ev +0.24  adv_std 0.049  tR +0.00  ent[s/d/p/e] 1.61/2.23/1.38/0.49  emits 0.25  spf 85.0  z0 0.80  garr 106.8  tG 788  e2 0.04  nF 2.6  pS 0.29  ptS 0.28  fLog 0.62  pdΔ -0.2069  pkR 4.53  clip 0.12  kl +0.001
upd    7  steps   16384  sps 278  opp symm  loss +0.027  pg +0.0542  v 0.001  ev +0.35  adv_std 0.053  tR +0.00  ent[s/d/p/e] 1.68/2.24/1.38/0.44  emits 0.22  spf 99.6  z0 0.82  garr 130.4  tG 999  e2 0.03  nF 2.3  pS 0.31  ptS 0.30  fLog 0.64  pdΔ -0.1872  pkR 4.76  clip 0.09  kl +0.001
upd    8  steps   18432  sps 310  opp symm  loss -0.016  pg +0.0107  v 0.003  ev +0.37  adv_std 0.076  tR +1.00  ent[s/d/p/e] 1.74/2.29/1.32/0.48  emits 0.24  spf 111.2  z0 0.81  garr 141.0  tG 1127  e2 0.04  nF 2.2  pS 0.32  ptS 0.31  fLog 0.65  pdΔ -0.1755  pkR 4.54  clip 0.07  kl +0.001
upd    9  steps   20480  sps 340  opp symm  loss -0.008  pg +0.0199  v 0.004  ev +0.50  adv_std 0.086  tR +1.00  ent[s/d/p/e] 1.81/2.36/1.37/0.51  emits 0.26  spf 122.2  z0 0.80  garr 146.5  tG 1227  e2 0.04  nF 2.7  pS 0.34  ptS 0.33  fLog 0.67  pdΔ -0.1618  pkR 5.16  clip 0.08  kl +0.003
upd   10  steps   22528  sps 370  opp symm  loss -0.002  pg +0.0254  v 0.002  ev +0.80  adv_std 0.063  tR +0.00  ent[s/d/p/e] 1.76/2.26/1.27/0.51  emits 0.24  spf 117.4  z0 0.80  garr 152.6  tG 1314  e2 0.03  nF 2.4  pS 0.34  ptS 0.33  fLog 0.65  pdΔ -0.1606  pkR 5.49  clip 0.11  kl +0.005
upd   11  steps   24576  sps 400  opp symm  loss -0.028  pg -0.0031  v 0.005  ev +0.69  adv_std 0.099  tR +1.00  ent[s/d/p/e] 1.85/2.38/1.32/0.40  emits 0.21  spf 137.1  z0 0.82  garr 165.6  tG 1417  e2 0.03  nF 2.1  pS 0.34  ptS 0.34  fLog 0.69  pdΔ -0.1563  pkR 5.25  clip 0.13  kl +0.005
upd   12  steps   26624  sps 429  opp symm  loss -0.019  pg +0.0103  v 0.001  ev +0.92  adv_std 0.054  tR +0.00  ent[s/d/p/e] 1.88/2.39/1.30/0.54  emits 0.25  spf 143.8  z0 0.80  garr 162.8  tG 1405  e2 0.04  nF 2.2  pS 0.35  ptS 0.34  fLog 0.70  pdΔ -0.1534  pkR 4.88  clip 0.30  kl +0.012
upd   13  steps   28672  sps 457  opp symm  loss -0.016  pg +0.0123  v 0.002  ev +0.94  adv_std 0.059  tR +0.00  ent[s/d/p/e] 1.94/2.40/1.28/0.47  emits 0.21  spf 147.3  z0 0.82  garr 163.6  tG 1405  e2 0.03  nF 2.0  pS 0.35  ptS 0.35  fLog 0.70  pdΔ -0.1461  pkR 4.47  clip 0.06  kl +0.000
upd   14  steps   30720  sps 484  opp symm  loss -0.033  pg -0.0062  v 0.005  ev +0.85  adv_std 0.096  tR -1.00  ent[s/d/p/e] 1.93/2.38/1.33/0.51  emits 0.26  spf 141.1  z0 0.79  garr 163.8  tG 1391  e2 0.04  nF 2.3  pS 0.36  ptS 0.35  fLog 0.69  pdΔ -0.1419  pkR 4.39  clip 0.10  kl +0.001
upd   15  steps   32768  sps 512  opp symm  loss -0.002  pg -0.0479  v 0.144  ev -0.24  adv_std 0.564  tR -0.18  ent[s/d/p/e] 1.32/2.13/1.34/0.41  emits 0.23  spf 96.9  z0 0.81  garr 98.7  tG 795  e2 0.03  nF 1.9  pS 0.23  ptS 0.23  fLog 0.60  pdΔ -0.2657  pkR 6.35  clip 0.03  kl +0.002
upd   16  steps   34816  sps 538  opp symm  loss +0.017  pg +0.0398  v 0.001  ev +0.46  adv_std 0.043  tR +0.00  ent[s/d/p/e] 0.67/1.77/1.42/0.44  emits 0.26  spf 26.5  z0 0.79  garr 27.5  tG 107  e2 0.04  nF 3.0  pS 0.10  ptS 0.11  fLog 0.48  pdΔ -0.3960  pkR 22.88  clip 0.08  kl +0.002
upd   17  steps   36864  sps 564  opp symm  loss +0.046  pg +0.0710  v 0.001  ev +0.62  adv_std 0.042  tR +0.00  ent[s/d/p/e] 1.03/1.99/1.37/0.49  emits 0.30  spf 35.5  z0 0.77  garr 39.6  tG 183  e2 0.05  nF 3.5  pS 0.17  ptS 0.16  fLog 0.52  pdΔ -0.3349  pkR 14.42  clip 0.09  kl +0.003
upd   18  steps   38912  sps 590  opp symm  loss +0.038  pg +0.0656  v 0.001  ev +0.65  adv_std 0.036  tR +0.00  ent[s/d/p/e] 1.38/2.21/1.29/0.52  emits 0.31  spf 44.2  z0 0.76  garr 52.6  tG 273  e2 0.06  nF 3.7  pS 0.22  ptS 0.21  fLog 0.55  pdΔ -0.2818  pkR 6.36  clip 0.07  kl +0.002
upd   19  steps   40960  sps 615  opp symm  loss -0.035  pg -0.0066  v 0.002  ev +0.63  adv_std 0.050  tR +1.00  ent[s/d/p/e] 1.58/2.40/1.37/0.51  emits 0.30  spf 71.9  z0 0.78  garr 68.3  tG 414  e2 0.06  nF 3.2  pS 0.27  ptS 0.26  fLog 0.63  pdΔ -0.2334  pkR 4.87  clip 0.07  kl -0.000
upd   20  steps   43008  sps 639  opp symm  loss -0.055  pg -0.0272  v 0.004  ev +0.33  adv_std 0.088  tR -1.00  ent[s/d/p/e] 1.65/2.39/1.28/0.54  emits 0.31  spf 73.8  z0 0.77  garr 77.4  tG 515  e2 0.06  nF 3.1  pS 0.30  ptS 0.29  fLog 0.63  pdΔ -0.2011  pkR 3.73  clip 0.13  kl +0.002
upd   21  steps   45056  sps 663  opp symm  loss -0.006  pg +0.0225  v 0.002  ev +0.35  adv_std 0.067  tR +1.00  ent[s/d/p/e] 1.77/2.43/1.33/0.50  emits 0.29  spf 93.5  z0 0.77  garr 91.4  tG 669  e2 0.05  nF 2.9  pS 0.33  ptS 0.31  fLog 0.65  pdΔ -0.1731  pkR 3.68  clip 0.13  kl +0.002
upd   22  steps   47104  sps 687  opp symm  loss -0.026  pg +0.0049  v 0.001  ev -0.07  adv_std 0.046  tR +0.00  ent[s/d/p/e] 1.84/2.46/1.34/0.59  emits 0.35  spf 103.4  z0 0.74  garr 98.4  tG 766  e2 0.06  nF 3.3  pS 0.36  ptS 0.34  fLog 0.67  pdΔ -0.1438  pkR 3.34  clip 0.15  kl +0.009
upd   23  steps   49152  sps 710  opp symm  loss -0.010  pg +0.0197  v 0.004  ev +0.05  adv_std 0.091  tR +1.00  ent[s/d/p/e] 1.93/2.50/1.29/0.59  emits 0.41  spf 108.5  z0 0.73  garr 91.9  tG 773  e2 0.08  nF 3.6  pS 0.39  ptS 0.37  fLog 0.68  pdΔ -0.1129  pkR 3.62  clip 0.16  kl +0.003
upd   24  steps   51200  sps 733  opp symm  loss -0.005  pg +0.0268  v 0.001  ev +0.43  adv_std 0.038  tR +0.00  ent[s/d/p/e] 2.03/2.53/1.23/0.60  emits 0.55  spf 95.7  z0 0.67  garr 84.6  tG 718  e2 0.13  nF 5.0  pS 0.41  ptS 0.38  fLog 0.65  pdΔ -0.0933  pkR 4.49  clip 0.13  kl +0.005
upd   25  steps   53248  sps 755  opp symm  loss -0.079  pg -0.0503  v 0.006  ev +0.06  adv_std 0.111  tR -0.33  ent[s/d/p/e] 2.04/2.55/1.19/0.61  emits 0.56  spf 90.4  z0 0.67  garr 78.4  tG 668  e2 0.12  nF 5.0  pS 0.41  ptS 0.39  fLog 0.64  pdΔ -0.0909  pkR 4.30  clip 0.10  kl +0.003
upd   26  steps   55296  sps 777  opp symm  loss -0.069  pg -0.0391  v 0.004  ev -0.15  adv_std 0.087  tR +1.00  ent[s/d/p/e] 2.06/2.57/1.11/0.63  emits 0.56  spf 94.0  z0 0.67  garr 73.7  tG 654  e2 0.13  nF 5.2  pS 0.42  ptS 0.40  fLog 0.65  pdΔ -0.0843  pkR 5.16  clip 0.18  kl +0.013
upd   27  steps   57344  sps 799  opp symm  loss -0.049  pg -0.0208  v 0.006  ev +0.07  adv_std 0.111  tR +0.00  ent[s/d/p/e] 1.99/2.51/1.12/0.62  emits 0.63  spf 73.8  z0 0.64  garr 60.6  tG 535  e2 0.14  nF 6.1  pS 0.41  ptS 0.39  fLog 0.60  pdΔ -0.0925  pkR 5.42  clip 0.11  kl +0.006
upd   28  steps   59392  sps 820  opp symm  loss -0.036  pg -0.0062  v 0.003  ev +0.11  adv_std 0.080  tR +1.00  ent[s/d/p/e] 2.04/2.54/1.10/0.62  emits 0.66  spf 74.4  z0 0.64  garr 59.8  tG 535  e2 0.14  nF 6.6  pS 0.41  ptS 0.40  fLog 0.61  pdΔ -0.0879  pkR 5.67  clip 0.14  kl +0.003
upd   29  steps   61440  sps 841  opp symm  loss -0.014  pg +0.0143  v 0.005  ev +0.07  adv_std 0.095  tR +1.00  ent[s/d/p/e] 1.95/2.49/1.16/0.61  emits 0.57  spf 76.6  z0 0.66  garr 61.1  tG 550  e2 0.13  nF 6.4  pS 0.40  ptS 0.39  fLog 0.61  pdΔ -0.1025  pkR 4.96  clip 0.12  kl +0.003
upd   30  steps   63488  sps 861  opp symm  loss -0.067  pg -0.0397  v 0.005  ev +0.26  adv_std 0.096  tR -0.33  ent[s/d/p/e] 1.94/2.51/1.17/0.57  emits 0.44  spf 82.7  z0 0.72  garr 68.5  tG 622  e2 0.09  nF 4.8  pS 0.39  ptS 0.38  fLog 0.63  pdΔ -0.1144  pkR 4.85  clip 0.11  kl +0.001
upd   31  steps   65536  sps 881  opp symm  loss -0.031  pg -0.0229  v 0.034  ev +0.08  adv_std 0.261  tR -0.14  ent[s/d/p/e] 0.99/2.04/1.37/0.42  emits 0.27  spf 51.8  z0 0.80  garr 33.4  tG 167  e2 0.05  nF 2.3  pS 0.14  ptS 0.14  fLog 0.55  pdΔ -0.3596  pkR 18.25  clip 0.04  kl +0.002
upd   32  steps   67584  sps 901  opp symm  loss -0.029  pg -0.0038  v 0.001  ev +0.23  adv_std 0.033  tR +0.00  ent[s/d/p/e] 1.00/1.99/1.34/0.51  emits 0.38  spf 44.2  z0 0.75  garr 32.2  tG 136  e2 0.08  nF 3.8  pS 0.15  ptS 0.15  fLog 0.54  pdΔ -0.3471  pkR 15.51  clip 0.08  kl +0.001
upd   33  steps   69632  sps 920  opp symm  loss +0.016  pg +0.0445  v 0.001  ev +0.82  adv_std 0.036  tR +0.00  ent[s/d/p/e] 1.35/2.21/1.36/0.57  emits 0.58  spf 47.8  z0 0.67  garr 34.7  tG 182  e2 0.12  nF 5.4  pS 0.21  ptS 0.21  fLog 0.56  pdΔ -0.2857  pkR 10.60  clip 0.13  kl +0.005
upd   34  steps   71680  sps 939  opp symm  loss -0.083  pg -0.0552  v 0.004  ev +0.73  adv_std 0.089  tR +1.00  ent[s/d/p/e] 1.57/2.37/1.30/0.59  emits 0.55  spf 54.9  z0 0.68  garr 41.3  tG 252  e2 0.13  nF 5.5  pS 0.26  ptS 0.25  fLog 0.59  pdΔ -0.2435  pkR 8.98  clip 0.12  kl +0.005
upd   35  steps   73728  sps 958  opp symm  loss -0.047  pg -0.0192  v 0.005  ev +0.68  adv_std 0.100  tR +0.33  ent[s/d/p/e] 1.56/2.32/1.36/0.58  emits 0.53  spf 56.0  z0 0.68  garr 43.6  tG 268  e2 0.12  nF 5.2  pS 0.26  ptS 0.25  fLog 0.59  pdΔ -0.2398  pkR 6.73  clip 0.14  kl +0.004
upd   36  steps   75776  sps 976  opp symm  loss -0.037  pg -0.0084  v 0.004  ev +0.79  adv_std 0.091  tR +0.00  ent[s/d/p/e] 1.62/2.33/1.32/0.61  emits 0.66  spf 50.4  z0 0.64  garr 39.4  tG 268  e2 0.16  nF 6.3  pS 0.27  ptS 0.27  fLog 0.57  pdΔ -0.2256  pkR 5.92  clip 0.12  kl +0.005
upd   37  steps   77824  sps 994  opp symm  loss -0.017  pg +0.0120  v 0.001  ev +0.94  adv_std 0.053  tR +1.00  ent[s/d/p/e] 1.65/2.33/1.29/0.60  emits 0.65  spf 52.4  z0 0.63  garr 41.7  tG 293  e2 0.15  nF 6.7  pS 0.29  ptS 0.28  fLog 0.58  pdΔ -0.2117  pkR 5.11  clip 0.11  kl +0.004
upd   38  steps   79872  sps 1012  opp symm  loss -0.070  pg -0.0411  v 0.002  ev +0.92  adv_std 0.069  tR +0.33  ent[s/d/p/e] 1.68/2.37/1.30/0.60  emits 0.58  spf 53.3  z0 0.66  garr 44.3  tG 318  e2 0.13  nF 6.3  pS 0.30  ptS 0.29  fLog 0.59  pdΔ -0.2034  pkR 6.09  clip 0.09  kl +0.005
upd   39  steps   81920  sps 1030  opp symm  loss -0.065  pg -0.0365  v 0.004  ev +0.88  adv_std 0.089  tR -0.33  ent[s/d/p/e] 1.75/2.41/1.35/0.58  emits 0.52  spf 55.7  z0 0.68  garr 51.7  tG 384  e2 0.12  nF 5.6  pS 0.31  ptS 0.30  fLog 0.59  pdΔ -0.1909  pkR 5.57  clip 0.10  kl +0.003
upd   40  steps   83968  sps 1047  opp symm  loss -0.049  pg -0.0195  v 0.003  ev +0.92  adv_std 0.078  tR -0.50  ent[s/d/p/e] 1.78/2.43/1.32/0.59  emits 0.49  spf 70.7  z0 0.70  garr 58.7  tG 445  e2 0.11  nF 5.1  pS 0.31  ptS 0.30  fLog 0.62  pdΔ -0.1872  pkR 5.50  clip 0.08  kl +0.002
upd   41  steps   86016  sps 1064  opp symm  loss -0.056  pg -0.0265  v 0.003  ev +0.91  adv_std 0.080  tR -1.00  ent[s/d/p/e] 1.76/2.45/1.38/0.60  emits 0.50  spf 77.0  z0 0.69  garr 58.8  tG 454  e2 0.11  nF 4.6  pS 0.32  ptS 0.31  fLog 0.64  pdΔ -0.1768  pkR 5.36  clip 0.10  kl +0.001
upd   42  steps   88064  sps 1081  opp symm  loss -0.035  pg -0.0067  v 0.005  ev +0.89  adv_std 0.100  tR -0.33  ent[s/d/p/e] 1.78/2.41/1.31/0.61  emits 0.53  spf 69.4  z0 0.66  garr 58.7  tG 488  e2 0.12  nF 5.3  pS 0.35  ptS 0.34  fLog 0.62  pdΔ -0.1465  pkR 5.86  clip 0.12  kl +0.003
upd   43  steps   90112  sps 1097  opp symm  loss -0.053  pg -0.0233  v 0.002  ev +0.95  adv_std 0.064  tR -1.00  ent[s/d/p/e] 1.84/2.48/1.29/0.60  emits 0.52  spf 74.7  z0 0.67  garr 61.6  tG 501  e2 0.12  nF 5.0  pS 0.35  ptS 0.34  fLog 0.64  pdΔ -0.1477  pkR 7.00  clip 0.08  kl -0.000
upd   44  steps   92160  sps 1113  opp symm  loss -0.019  pg +0.0109  v 0.003  ev +0.93  adv_std 0.078  tR +0.33  ent[s/d/p/e] 1.84/2.45/1.31/0.62  emits 0.67  spf 66.6  z0 0.61  garr 58.2  tG 494  e2 0.15  nF 5.9  pS 0.37  ptS 0.36  fLog 0.61  pdΔ -0.1273  pkR 7.06  clip 0.09  kl +0.003
upd   45  steps   94208  sps 1129  opp symm  loss -0.054  pg -0.0243  v 0.003  ev +0.94  adv_std 0.078  tR -0.50  ent[s/d/p/e] 1.82/2.45/1.31/0.60  emits 0.61  spf 61.6  z0 0.64  garr 53.7  tG 411  e2 0.14  nF 6.0  pS 0.34  ptS 0.33  fLog 0.61  pdΔ -0.1598  pkR 6.40  clip 0.10  kl +0.004
upd   46  steps   96256  sps 1145  opp symm  loss -0.028  pg -0.0150  v 0.033  ev +0.72  adv_std 0.270  tR -0.26  ent[s/d/p/e] 1.73/2.46/1.33/0.54  emits 0.45  spf 65.2  z0 0.72  garr 51.5  tG 370  e2 0.09  nF 4.3  pS 0.29  ptS 0.27  fLog 0.62  pdΔ -0.2135  pkR 5.21  clip 0.06  kl +0.003
upd   47  steps   98304  sps 1160  opp symm  loss +0.034  pg +0.0617  v 0.002  ev +0.93  adv_std 0.064  tR +0.00  ent[s/d/p/e] 1.49/2.52/1.39/0.47  emits 0.28  spf 62.9  z0 0.81  garr 53.1  tG 268  e2 0.06  nF 2.9  pS 0.21  ptS 0.19  fLog 0.62  pdΔ -0.2936  pkR 7.38  clip 0.04  kl +0.001
upd   48  steps  100352  sps 1175  opp symm  loss -0.087  pg -0.0592  v 0.002  ev +0.94  adv_std 0.068  tR -1.00  ent[s/d/p/e] 1.56/2.53/1.38/0.50  emits 0.36  spf 65.5  z0 0.77  garr 58.6  tG 304  e2 0.08  nF 3.3  pS 0.24  ptS 0.23  fLog 0.63  pdΔ -0.2604  pkR 5.31  clip 0.07  kl +0.000
upd   49  steps  102400  sps 1190  opp symm  loss -0.027  pg +0.0024  v 0.002  ev +0.95  adv_std 0.068  tR +0.00  ent[s/d/p/e] 1.65/2.62/1.45/0.53  emits 0.36  spf 65.6  z0 0.77  garr 66.2  tG 370  e2 0.07  nF 3.7  pS 0.28  ptS 0.27  fLog 0.64  pdΔ -0.2181  pkR 4.93  clip 0.14  kl +0.005
upd   50  steps  104448  sps 1205  opp symm  loss -0.040  pg -0.0107  v 0.004  ev +0.93  adv_std 0.086  tR +1.00  ent[s/d/p/e] 1.70/2.64/1.44/0.54  emits 0.43  spf 71.7  z0 0.73  garr 70.3  tG 420  e2 0.09  nF 4.0  pS 0.31  ptS 0.29  fLog 0.65  pdΔ -0.1927  pkR 4.24  clip 0.10  kl +0.003
upd   51  steps  106496  sps 1219  opp symm  loss -0.012  pg +0.0191  v 0.002  ev +0.97  adv_std 0.061  tR +0.00  ent[s/d/p/e] 1.74/2.62/1.39/0.60  emits 0.49  spf 68.2  z0 0.71  garr 69.6  tG 443  e2 0.11  nF 4.4  pS 0.32  ptS 0.31  fLog 0.64  pdΔ -0.1753  pkR 3.66  clip 0.19  kl +0.012
upd   52  steps  108544  sps 1234  opp symm  loss -0.059  pg -0.0286  v 0.003  ev +0.95  adv_std 0.078  tR +0.20  ent[s/d/p/e] 1.74/2.58/1.38/0.58  emits 0.50  spf 71.4  z0 0.70  garr 63.3  tG 470  e2 0.11  nF 4.8  pS 0.35  ptS 0.34  fLog 0.65  pdΔ -0.1501  pkR 3.27  clip 0.11  kl +0.001
upd   53  steps  110592  sps 1248  opp symm  loss -0.055  pg -0.0249  v 0.004  ev +0.93  adv_std 0.091  tR +0.00  ent[s/d/p/e] 1.83/2.60/1.40/0.60  emits 0.56  spf 68.7  z0 0.68  garr 63.7  tG 483  e2 0.12  nF 4.9  pS 0.35  ptS 0.34  fLog 0.64  pdΔ -0.1455  pkR 3.48  clip 0.13  kl +0.006
upd   54  steps  112640  sps 1262  opp symm  loss -0.060  pg -0.0287  v 0.002  ev +0.96  adv_std 0.065  tR +1.00  ent[s/d/p/e] 1.88/2.62/1.39/0.58  emits 0.55  spf 74.7  z0 0.68  garr 67.9  tG 535  e2 0.12  nF 5.2  pS 0.38  ptS 0.37  fLog 0.65  pdΔ -0.1191  pkR 3.36  clip 0.11  kl +0.004
upd   55  steps  114688  sps 1275  opp symm  loss -0.015  pg +0.0158  v 0.002  ev +0.96  adv_std 0.069  tR +1.00  ent[s/d/p/e] 1.87/2.60/1.34/0.59  emits 0.63  spf 69.7  z0 0.65  garr 66.8  tG 526  e2 0.14  nF 6.0  pS 0.38  ptS 0.37  fLog 0.64  pdΔ -0.1175  pkR 3.51  clip 0.11  kl +0.002
upd   56  steps  116736  sps 1289  opp symm  loss -0.040  pg -0.0115  v 0.006  ev +0.89  adv_std 0.111  tR +0.25  ent[s/d/p/e] 1.83/2.57/1.41/0.59  emits 0.59  spf 69.3  z0 0.66  garr 62.2  tG 480  e2 0.13  nF 5.4  pS 0.36  ptS 0.35  fLog 0.64  pdΔ -0.1366  pkR 3.57  clip 0.08  kl +0.001
upd   57  steps  118784  sps 1302  opp symm  loss -0.033  pg -0.0023  v 0.002  ev +0.97  adv_std 0.065  tR +0.00  ent[s/d/p/e] 1.79/2.56/1.40/0.60  emits 0.53  spf 68.5  z0 0.69  garr 62.1  tG 473  e2 0.12  nF 5.1  pS 0.36  ptS 0.35  fLog 0.64  pdΔ -0.1378  pkR 3.89  clip 0.11  kl +0.002
upd   58  steps  120832  sps 1315  opp symm  loss -0.030  pg +0.0001  v 0.003  ev +0.96  adv_std 0.078  tR +1.00  ent[s/d/p/e] 1.82/2.57/1.44/0.59  emits 0.54  spf 73.5  z0 0.67  garr 65.9  tG 516  e2 0.12  nF 4.9  pS 0.37  ptS 0.36  fLog 0.65  pdΔ -0.1278  pkR 4.83  clip 0.07  kl +0.003
upd   59  steps  122880  sps 1328  opp symm  loss -0.056  pg -0.0259  v 0.003  ev +0.96  adv_std 0.073  tR +0.00  ent[s/d/p/e] 1.75/2.53/1.44/0.59  emits 0.54  spf 72.1  z0 0.67  garr 64.6  tG 537  e2 0.12  nF 5.0  pS 0.37  ptS 0.36  fLog 0.64  pdΔ -0.1277  pkR 7.78  clip 0.19  kl +0.009
upd   60  steps  124928  sps 1341  opp symm  loss -0.028  pg +0.0009  v 0.005  ev +0.94  adv_std 0.100  tR +0.20  ent[s/d/p/e] 1.82/2.56/1.39/0.58  emits 0.49  spf 74.6  z0 0.71  garr 64.4  tG 513  e2 0.11  nF 5.0  pS 0.37  ptS 0.35  fLog 0.65  pdΔ -0.1337  pkR 3.51  clip 0.10  kl +0.001
upd   61  steps  126976  sps 1354  opp symm  loss -0.049  pg -0.0183  v 0.003  ev +0.97  adv_std 0.075  tR -0.33  ent[s/d/p/e] 1.82/2.54/1.38/0.59  emits 0.58  spf 67.6  z0 0.67  garr 65.9  tG 502  e2 0.13  nF 5.6  pS 0.36  ptS 0.35  fLog 0.63  pdΔ -0.1357  pkR 4.73  clip 0.13  kl +0.004
upd   62  steps  129024  sps 1366  opp symm  loss -0.034  pg -0.0125  v 0.017  ev +0.79  adv_std 0.184  tR -0.14  ent[s/d/p/e] 1.60/2.50/1.38/0.52  emits 0.41  spf 53.4  z0 0.76  garr 50.2  tG 292  e2 0.08  nF 3.8  pS 0.25  ptS 0.24  fLog 0.60  pdΔ -0.2520  pkR 5.32  clip 0.08  kl +0.001
upd   63  steps  131072  sps 1378  opp symm  loss +0.031  pg +0.0588  v 0.002  ev +0.94  adv_std 0.069  tR +0.00  ent[s/d/p/e] 1.46/2.47/1.35/0.54  emits 0.41  spf 52.9  z0 0.74  garr 51.7  tG 263  e2 0.08  nF 3.8  pS 0.24  ptS 0.23  fLog 0.60  pdΔ -0.2607  pkR 5.44  clip 0.07  kl +0.002
upd   64  steps  133120  sps 1390  opp symm  loss -0.047  pg -0.0176  v 0.002  ev +0.96  adv_std 0.065  tR +0.00  ent[s/d/p/e] 1.48/2.48/1.34/0.59  emits 0.57  spf 50.9  z0 0.67  garr 51.7  tG 286  e2 0.12  nF 5.0  pS 0.27  ptS 0.26  fLog 0.59  pdΔ -0.2302  pkR 4.25  clip 0.08  kl +0.002
upd   65  steps  135168  sps 1402  opp symm  loss -0.028  pg +0.0020  v 0.002  ev +0.97  adv_std 0.069  tR -1.00  ent[s/d/p/e] 1.61/2.52/1.35/0.60  emits 0.57  spf 50.9  z0 0.68  garr 54.3  tG 345  e2 0.13  nF 5.8  pS 0.31  ptS 0.30  fLog 0.59  pdΔ -0.1906  pkR 4.11  clip 0.07  kl +0.003
upd   66  steps  137216  sps 1414  opp symm  loss -0.051  pg -0.0222  v 0.004  ev +0.95  adv_std 0.091  tR -1.00  ent[s/d/p/e] 1.64/2.51/1.37/0.60  emits 0.62  spf 54.3  z0 0.66  garr 54.5  tG 407  e2 0.14  nF 6.4  pS 0.35  ptS 0.34  fLog 0.60  pdΔ -0.1511  pkR 4.03  clip 0.10  kl +0.001
upd   67  steps  139264  sps 1426  opp symm  loss -0.014  pg +0.0149  v 0.004  ev +0.95  adv_std 0.086  tR +0.20  ent[s/d/p/e] 1.63/2.55/1.36/0.58  emits 0.60  spf 54.0  z0 0.65  garr 55.5  tG 424  e2 0.13  nF 6.6  pS 0.35  ptS 0.34  fLog 0.60  pdΔ -0.1465  pkR 6.42  clip 0.12  kl +0.003
upd   68  steps  141312  sps 1437  opp symm  loss -0.045  pg -0.0163  v 0.003  ev +0.96  adv_std 0.082  tR -0.33  ent[s/d/p/e] 1.65/2.53/1.33/0.58  emits 0.60  spf 53.4  z0 0.66  garr 54.8  tG 400  e2 0.12  nF 6.3  pS 0.35  ptS 0.33  fLog 0.60  pdΔ -0.1516  pkR 3.69  clip 0.12  kl +0.004
upd   69  steps  143360  sps 1448  opp symm  loss -0.021  pg +0.0085  v 0.004  ev +0.94  adv_std 0.091  tR +0.33  ent[s/d/p/e] 1.69/2.56/1.35/0.59  emits 0.63  spf 59.0  z0 0.66  garr 61.1  tG 429  e2 0.14  nF 6.5  pS 0.36  ptS 0.35  fLog 0.62  pdΔ -0.1382  pkR 4.31  clip 0.10  kl +0.005
upd   70  steps  145408  sps 1460  opp symm  loss -0.028  pg +0.0009  v 0.004  ev +0.96  adv_std 0.084  tR -1.00  ent[s/d/p/e] 1.71/2.58/1.30/0.59  emits 0.73  spf 57.2  z0 0.64  garr 60.6  tG 447  e2 0.16  nF 6.7  pS 0.38  ptS 0.36  fLog 0.61  pdΔ -0.1222  pkR 5.09  clip 0.10  kl +0.003
upd   71  steps  147456  sps 1471  opp symm  loss -0.012  pg +0.0169  v 0.005  ev +0.94  adv_std 0.095  tR -0.14  ent[s/d/p/e] 1.78/2.57/1.37/0.57  emits 0.66  spf 62.8  z0 0.66  garr 63.0  tG 485  e2 0.15  nF 6.7  pS 0.39  ptS 0.38  fLog 0.62  pdΔ -0.1052  pkR 3.97  clip 0.13  kl +0.006
upd   72  steps  149504  sps 1481  opp symm  loss -0.013  pg +0.0142  v 0.006  ev +0.90  adv_std 0.106  tR +0.50  ent[s/d/p/e] 1.68/2.54/1.32/0.56  emits 0.62  spf 61.0  z0 0.67  garr 62.9  tG 454  e2 0.13  nF 6.2  pS 0.37  ptS 0.36  fLog 0.62  pdΔ -0.1289  pkR 3.75  clip 0.15  kl +0.006
upd   73  steps  151552  sps 1492  opp symm  loss -0.048  pg -0.0220  v 0.009  ev +0.87  adv_std 0.133  tR +1.00  ent[s/d/p/e] 1.72/2.54/1.31/0.58  emits 0.63  spf 62.0  z0 0.68  garr 64.4  tG 476  e2 0.14  nF 5.9  pS 0.37  ptS 0.36  fLog 0.62  pdΔ -0.1258  pkR 5.78  clip 0.09  kl +0.003
upd   74  steps  153600  sps 1503  opp symm  loss -0.035  pg -0.0071  v 0.005  ev +0.94  adv_std 0.100  tR +0.67  ent[s/d/p/e] 1.73/2.55/1.31/0.54  emits 0.48  spf 63.4  z0 0.72  garr 68.1  tG 478  e2 0.10  nF 4.9  pS 0.35  ptS 0.33  fLog 0.63  pdΔ -0.1539  pkR 5.32  clip 0.11  kl +0.001
upd   75  steps  155648  sps 1513  opp symm  loss +0.028  pg +0.0563  v 0.004  ev +0.94  adv_std 0.094  tR -1.00  ent[s/d/p/e] 1.64/2.53/1.31/0.57  emits 0.51  spf 65.9  z0 0.71  garr 72.9  tG 485  e2 0.11  nF 4.7  pS 0.33  ptS 0.32  fLog 0.62  pdΔ -0.1714  pkR 5.45  clip 0.10  kl +0.002
upd   76  steps  157696  sps 1524  opp symm  loss -0.032  pg -0.0037  v 0.004  ev +0.94  adv_std 0.084  tR -1.00  ent[s/d/p/e] 1.64/2.52/1.31/0.55  emits 0.42  spf 66.0  z0 0.74  garr 81.5  tG 548  e2 0.09  nF 4.3  pS 0.34  ptS 0.32  fLog 0.63  pdΔ -0.1641  pkR 3.96  clip 0.10  kl +0.003
upd   77  steps  159744  sps 1534  opp symm  loss -0.011  pg +0.0087  v 0.021  ev +0.80  adv_std 0.200  tR +0.26  ent[s/d/p/e] 1.65/2.52/1.32/0.55  emits 0.53  spf 66.7  z0 0.69  garr 81.7  tG 565  e2 0.11  nF 4.5  pS 0.33  ptS 0.32  fLog 0.62  pdΔ -0.1661  pkR 4.63  clip 0.18  kl +0.008
upd   78  steps  161792  sps 1544  opp symm  loss -0.007  pg +0.0195  v 0.006  ev +0.91  adv_std 0.104  tR +0.00  ent[s/d/p/e] 1.48/2.40/1.29/0.56  emits 0.54  spf 65.8  z0 0.69  garr 64.7  tG 437  e2 0.11  nF 4.7  pS 0.28  ptS 0.27  fLog 0.62  pdΔ -0.2223  pkR 6.50  clip 0.11  kl +0.002
upd   79  steps  163840  sps 1554  opp symm  loss -0.043  pg -0.0146  v 0.004  ev +0.96  adv_std 0.083  tR -1.00  ent[s/d/p/e] 1.62/2.52/1.32/0.57  emits 0.47  spf 69.0  z0 0.71  garr 68.5  tG 480  e2 0.10  nF 4.6  pS 0.31  ptS 0.30  fLog 0.64  pdΔ -0.1886  pkR 7.20  clip 0.10  kl +0.003
upd   80  steps  165888  sps 1564  opp symm  loss -0.032  pg -0.0032  v 0.003  ev +0.97  adv_std 0.080  tR +0.00  ent[s/d/p/e] 1.68/2.53/1.27/0.58  emits 0.63  spf 71.6  z0 0.67  garr 73.4  tG 535  e2 0.13  nF 5.3  pS 0.34  ptS 0.34  fLog 0.64  pdΔ -0.1563  pkR 7.01  clip 0.10  kl +0.005
upd   81  steps  167936  sps 1573  opp symm  loss -0.043  pg -0.0145  v 0.004  ev +0.97  adv_std 0.086  tR +0.50  ent[s/d/p/e] 1.74/2.55/1.28/0.57  emits 0.50  spf 73.8  z0 0.71  garr 81.1  tG 584  e2 0.11  nF 4.6  pS 0.34  ptS 0.34  fLog 0.65  pdΔ -0.1568  pkR 6.49  clip 0.09  kl +0.006
upd   82  steps  169984  sps 1583  opp symm  loss -0.047  pg -0.0207  v 0.007  ev +0.95  adv_std 0.115  tR +0.50  ent[s/d/p/e] 1.81/2.54/1.28/0.52  emits 0.43  spf 77.6  z0 0.75  garr 87.9  tG 644  e2 0.09  nF 4.1  pS 0.34  ptS 0.34  fLog 0.66  pdΔ -0.1559  pkR 7.55  clip 0.09  kl +0.002
upd   83  steps  172032  sps 1592  opp symm  loss -0.067  pg -0.0391  v 0.005  ev +0.96  adv_std 0.099  tR -0.50  ent[s/d/p/e] 1.74/2.51/1.29/0.56  emits 0.50  spf 76.1  z0 0.71  garr 76.8  tG 550  e2 0.10  nF 4.2  pS 0.33  ptS 0.33  fLog 0.65  pdΔ -0.1689  pkR 3.91  clip 0.10  kl +0.002
upd   84  steps  174080  sps 1602  opp symm  loss -0.058  pg -0.0304  v 0.005  ev +0.96  adv_std 0.104  tR +0.00  ent[s/d/p/e] 1.74/2.51/1.28/0.57  emits 0.56  spf 64.7  z0 0.69  garr 69.7  tG 497  e2 0.12  nF 4.9  pS 0.34  ptS 0.33  fLog 0.63  pdΔ -0.1616  pkR 4.46  clip 0.10  kl +0.000
upd   85  steps  176128  sps 1611  opp symm  loss -0.048  pg -0.0191  v 0.004  ev +0.97  adv_std 0.085  tR +1.00  ent[s/d/p/e] 1.70/2.48/1.30/0.58  emits 0.50  spf 61.8  z0 0.69  garr 68.3  tG 476  e2 0.10  nF 5.3  pS 0.33  ptS 0.32  fLog 0.62  pdΔ -0.1675  pkR 5.50  clip 0.12  kl +0.005
upd   86  steps  178176  sps 1620  opp symm  loss -0.052  pg -0.0240  v 0.005  ev +0.97  adv_std 0.095  tR -1.00  ent[s/d/p/e] 1.79/2.56/1.29/0.56  emits 0.54  spf 65.4  z0 0.70  garr 72.5  tG 543  e2 0.12  nF 5.4  pS 0.36  ptS 0.35  fLog 0.63  pdΔ -0.1408  pkR 4.66  clip 0.11  kl +0.003
upd   87  steps  180224  sps 1629  opp symm  loss -0.036  pg -0.0084  v 0.005  ev +0.98  adv_std 0.095  tR +0.00  ent[s/d/p/e] 1.78/2.56/1.24/0.56  emits 0.64  spf 67.1  z0 0.67  garr 61.4  tG 466  e2 0.13  nF 6.1  pS 0.36  ptS 0.35  fLog 0.64  pdΔ -0.1440  pkR 5.37  clip 0.12  kl +0.005
upd   88  steps  182272  sps 1638  opp symm  loss -0.011  pg +0.0168  v 0.004  ev +0.98  adv_std 0.094  tR +1.00  ent[s/d/p/e] 1.80/2.53/1.26/0.55  emits 0.48  spf 64.7  z0 0.72  garr 65.1  tG 485  e2 0.10  nF 5.2  pS 0.35  ptS 0.34  fLog 0.63  pdΔ -0.1499  pkR 4.01  clip 0.06  kl +0.003
upd   89  steps  184320  sps 1647  opp symm  loss -0.003  pg +0.0210  v 0.010  ev +0.95  adv_std 0.142  tR +0.25  ent[s/d/p/e] 1.66/2.47/1.25/0.55  emits 0.53  spf 64.1  z0 0.70  garr 61.9  tG 456  e2 0.10  nF 5.2  pS 0.32  ptS 0.31  fLog 0.62  pdΔ -0.1833  pkR 4.95  clip 0.09  kl +0.007
upd   90  steps  186368  sps 1656  opp symm  loss -0.023  pg +0.0035  v 0.006  ev +0.97  adv_std 0.109  tR -0.20  ent[s/d/p/e] 1.67/2.45/1.27/0.54  emits 0.48  spf 63.0  z0 0.72  garr 60.8  tG 460  e2 0.10  nF 4.7  pS 0.31  ptS 0.30  fLog 0.62  pdΔ -0.1927  pkR 8.03  clip 0.07  kl +0.001
upd   91  steps  188416  sps 1664  opp symm  loss +0.018  pg +0.0436  v 0.007  ev +0.95  adv_std 0.117  tR -0.14  ent[s/d/p/e] 1.62/2.43/1.28/0.51  emits 0.44  spf 60.5  z0 0.73  garr 59.1  tG 395  e2 0.09  nF 4.6  pS 0.29  ptS 0.27  fLog 0.62  pdΔ -0.2143  pkR 4.18  clip 0.10  kl +0.004
upd   92  steps  190464  sps 1673  opp symm  loss -0.027  pg -0.0000  v 0.004  ev +0.97  adv_std 0.088  tR +0.50  ent[s/d/p/e] 1.65/2.50/1.26/0.50  emits 0.36  spf 69.4  z0 0.76  garr 71.2  tG 469  e2 0.07  nF 4.0  pS 0.29  ptS 0.28  fLog 0.64  pdΔ -0.2087  pkR 4.58  clip 0.09  kl +0.006
upd   93  steps  192512  sps 1681  opp symm  loss -0.065  pg -0.0446  v 0.015  ev +0.87  adv_std 0.169  tR -0.14  ent[s/d/p/e] 1.42/2.35/1.27/0.50  emits 0.33  spf 64.4  z0 0.77  garr 61.3  tG 385  e2 0.06  nF 3.3  pS 0.25  ptS 0.24  fLog 0.62  pdΔ -0.2516  pkR 4.56  clip 0.05  kl +0.004
upd   94  steps  194560  sps 1690  opp symm  loss -0.030  pg -0.0058  v 0.007  ev +0.92  adv_std 0.119  tR +0.00  ent[s/d/p/e] 1.39/2.32/1.22/0.54  emits 0.35  spf 58.3  z0 0.75  garr 59.1  tG 363  e2 0.06  nF 3.5  pS 0.24  ptS 0.23  fLog 0.61  pdΔ -0.2593  pkR 5.23  clip 0.08  kl +0.004
upd   95  steps  196608  sps 1698  opp symm  loss -0.021  pg +0.0052  v 0.006  ev +0.94  adv_std 0.113  tR -1.00  ent[s/d/p/e] 1.48/2.38/1.29/0.57  emits 0.41  spf 60.9  z0 0.73  garr 59.0  tG 373  e2 0.09  nF 3.9  pS 0.27  ptS 0.26  fLog 0.62  pdΔ -0.2340  pkR 4.65  clip 0.07  kl +0.001
upd   96  steps  198656  sps 1706  opp symm  loss -0.060  pg -0.0326  v 0.004  ev +0.96  adv_std 0.095  tR +0.00  ent[s/d/p/e] 1.54/2.44/1.26/0.55  emits 0.36  spf 64.3  z0 0.75  garr 65.3  tG 429  e2 0.07  nF 4.0  pS 0.29  ptS 0.28  fLog 0.63  pdΔ -0.2118  pkR 3.96  clip 0.07  kl -0.000
upd   97  steps  200704  sps 1714  opp symm  loss -0.033  pg -0.0059  v 0.006  ev +0.96  adv_std 0.107  tR -1.00  ent[s/d/p/e] 1.62/2.48/1.22/0.58  emits 0.45  spf 64.9  z0 0.72  garr 64.6  tG 445  e2 0.09  nF 4.7  pS 0.31  ptS 0.30  fLog 0.63  pdΔ -0.1894  pkR 3.50  clip 0.11  kl -0.000
upd   98  steps  202752  sps 1722  opp symm  loss +0.005  pg +0.0294  v 0.009  ev +0.94  adv_std 0.138  tR +0.50  ent[s/d/p/e] 1.69/2.48/1.18/0.55  emits 0.48  spf 61.6  z0 0.71  garr 66.4  tG 481  e2 0.10  nF 4.8  pS 0.33  ptS 0.32  fLog 0.62  pdΔ -0.1738  pkR 3.69  clip 0.15  kl +0.004
[eval_vs_v20] u99 tag=train_u99  bin0=0.0%  spf=0.00  garr=128.50  flip=0.00%  z0=71.9%  e8=0.0%  e2+=0.0%  WLD=0/3/0
upd   99  steps  204800  sps 1730  opp symm  loss +0.007  pg +0.0345  v 0.004  ev +0.97  adv_std 0.094  tR -0.20  ent[s/d/p/e] 1.73/2.47/1.15/0.56  emits 0.46  spf 63.0  z0 0.73  garr 67.7  tG 505  e2 0.09  nF 4.9  pS 0.34  ptS 0.33  fLog 0.63  pdΔ -0.1598  pkR 3.78  clip 0.10  kl +0.006 WRr 0.09 v20[spf 0.0 flip 0.0% e2+ 0.0%]
upd  100  steps  206848  sps 934  opp symm  loss -0.032  pg -0.0066  v 0.006  ev +0.95  adv_std 0.111  tR +0.20  ent[s/d/p/e] 1.66/2.44/1.15/0.51  emits 0.38  spf 65.2  z0 0.75  garr 75.6  tG 538  e2 0.08  nF 3.9  pS 0.33  ptS 0.31  fLog 0.62  pdΔ -0.1746  pkR 3.88  clip 0.06  kl +0.003
upd  101  steps  208896  sps 940  opp symm  loss -0.034  pg -0.0075  v 0.004  ev +0.97  adv_std 0.088  tR +0.00  ent[s/d/p/e] 1.68/2.48/1.16/0.52  emits 0.33  spf 75.4  z0 0.77  garr 87.8  tG 648  e2 0.06  nF 3.2  pS 0.34  ptS 0.32  fLog 0.65  pdΔ -0.1626  pkR 3.65  clip 0.05  kl +0.004
upd  102  steps  210944  sps 947  opp symm  loss -0.002  pg +0.0236  v 0.007  ev +0.95  adv_std 0.114  tR +0.00  ent[s/d/p/e] 1.76/2.49/1.13/0.55  emits 0.43  spf 73.5  z0 0.73  garr 92.1  tG 674  e2 0.08  nF 3.9  pS 0.35  ptS 0.34  fLog 0.64  pdΔ -0.1484  pkR 3.60  clip 0.08  kl +0.004
upd  103  steps  212992  sps 953  opp symm  loss -0.002  pg +0.0243  v 0.006  ev +0.95  adv_std 0.103  tR +1.00  ent[s/d/p/e] 1.83/2.48/1.16/0.52  emits 0.38  spf 67.1  z0 0.75  garr 92.5  tG 714  e2 0.07  nF 3.8  pS 0.36  ptS 0.34  fLog 0.63  pdΔ -0.1417  pkR 4.43  clip 0.06  kl +0.000
upd  104  steps  215040  sps 960  opp symm  loss -0.011  pg +0.0163  v 0.004  ev +0.97  adv_std 0.086  tR -0.67  ent[s/d/p/e] 1.83/2.49/1.20/0.50  emits 0.37  spf 71.3  z0 0.78  garr 93.8  tG 736  e2 0.08  nF 3.8  pS 0.35  ptS 0.34  fLog 0.64  pdΔ -0.1510  pkR 3.80  clip 0.07  kl +0.002
upd  105  steps  217088  sps 966  opp symm  loss -0.044  pg -0.0201  v 0.010  ev +0.91  adv_std 0.140  tR +0.67  ent[s/d/p/e] 1.80/2.47/1.22/0.49  emits 0.29  spf 79.5  z0 0.80  garr 95.3  tG 751  e2 0.05  nF 3.3  pS 0.34  ptS 0.33  fLog 0.65  pdΔ -0.1631  pkR 4.50  clip 0.07  kl +0.001
upd  106  steps  219136  sps 972  opp symm  loss -0.038  pg -0.0118  v 0.005  ev +0.95  adv_std 0.100  tR +0.00  ent[s/d/p/e] 1.73/2.44/1.29/0.49  emits 0.33  spf 72.6  z0 0.78  garr 91.4  tG 698  e2 0.07  nF 2.9  pS 0.32  ptS 0.31  fLog 0.64  pdΔ -0.1842  pkR 5.13  clip 0.05  kl +0.002
upd  107  steps  221184  sps 979  opp symm  loss -0.020  pg +0.0048  v 0.009  ev +0.92  adv_std 0.134  tR +0.00  ent[s/d/p/e] 1.74/2.48/1.32/0.52  emits 0.38  spf 68.4  z0 0.77  garr 82.7  tG 619  e2 0.08  nF 3.9  pS 0.32  ptS 0.31  fLog 0.63  pdΔ -0.1816  pkR 5.68  clip 0.08  kl +0.001
upd  108  steps  223232  sps 985  opp symm  loss +0.024  pg +0.0491  v 0.010  ev +0.91  adv_std 0.145  tR +0.50  ent[s/d/p/e] 1.75/2.47/1.33/0.52  emits 0.41  spf 70.1  z0 0.75  garr 84.7  tG 653  e2 0.08  nF 3.9  pS 0.32  ptS 0.32  fLog 0.63  pdΔ -0.1787  pkR 5.18  clip 0.08  kl +0.005
upd  109  steps  225280  sps 991  opp symm  loss -0.072  pg -0.0445  v 0.006  ev +0.95  adv_std 0.109  tR +0.33  ent[s/d/p/e] 1.77/2.47/1.43/0.51  emits 0.40  spf 68.1  z0 0.75  garr 69.9  tG 511  e2 0.08  nF 3.8  pS 0.29  ptS 0.29  fLog 0.63  pdΔ -0.2086  pkR 5.66  clip 0.07  kl +0.001
upd  110  steps  227328  sps 997  opp symm  loss -0.012  pg +0.0162  v 0.004  ev +0.97  adv_std 0.087  tR +0.00  ent[s/d/p/e] 1.85/2.48/1.40/0.53  emits 0.51  spf 61.1  z0 0.72  garr 67.5  tG 489  e2 0.10  nF 4.3  pS 0.30  ptS 0.30  fLog 0.62  pdΔ -0.1969  pkR 4.93  clip 0.06  kl +0.001
upd  111  steps  229376  sps 1003  opp symm  loss +0.029  pg +0.0567  v 0.005  ev +0.96  adv_std 0.104  tR +1.00  ent[s/d/p/e] 1.83/2.45/1.37/0.52  emits 0.48  spf 59.5  z0 0.73  garr 63.5  tG 467  e2 0.10  nF 5.0  pS 0.31  ptS 0.32  fLog 0.61  pdΔ -0.1854  pkR 4.50  clip 0.09  kl -0.000
upd  112  steps  231424  sps 1010  opp symm  loss -0.053  pg -0.0249  v 0.004  ev +0.97  adv_std 0.092  tR -1.00  ent[s/d/p/e] 1.79/2.43/1.39/0.51  emits 0.40  spf 60.1  z0 0.75  garr 73.1  tG 517  e2 0.08  nF 4.4  pS 0.32  ptS 0.32  fLog 0.62  pdΔ -0.1793  pkR 4.37  clip 0.07  kl +0.004
upd  113  steps  233472  sps 1016  opp symm  loss -0.043  pg -0.0155  v 0.006  ev +0.96  adv_std 0.109  tR +0.00  ent[s/d/p/e] 1.79/2.44/1.38/0.53  emits 0.44  spf 61.8  z0 0.74  garr 79.1  tG 582  e2 0.09  nF 4.7  pS 0.34  ptS 0.34  fLog 0.62  pdΔ -0.1583  pkR 3.98  clip 0.08  kl +0.003
upd  114  steps  235520  sps 1022  opp symm  loss +0.017  pg +0.0436  v 0.008  ev +0.94  adv_std 0.125  tR +0.50  ent[s/d/p/e] 1.83/2.47/1.41/0.50  emits 0.40  spf 66.7  z0 0.76  garr 78.9  tG 606  e2 0.08  nF 4.3  pS 0.36  ptS 0.35  fLog 0.63  pdΔ -0.1445  pkR 4.30  clip 0.06  kl -0.000
upd  115  steps  237568  sps 1028  opp symm  loss +0.001  pg +0.0268  v 0.009  ev +0.93  adv_std 0.131  tR +0.33  ent[s/d/p/e] 1.83/2.48/1.42/0.50  emits 0.41  spf 69.0  z0 0.76  garr 88.0  tG 645  e2 0.08  nF 3.9  pS 0.34  ptS 0.33  fLog 0.64  pdΔ -0.1564  pkR 3.61  clip 0.09  kl +0.003
upd  116  steps  239616  sps 1034  opp symm  loss -0.002  pg +0.0252  v 0.008  ev +0.93  adv_std 0.125  tR -0.33  ent[s/d/p/e] 1.91/2.53/1.42/0.51  emits 0.44  spf 69.7  z0 0.76  garr 89.2  tG 644  e2 0.08  nF 4.4  pS 0.34  ptS 0.33  fLog 0.64  pdΔ -0.1610  pkR 3.83  clip 0.08  kl +0.003
upd  117  steps  241664  sps 1040  opp symm  loss +0.014  pg +0.0427  v 0.004  ev +0.96  adv_std 0.094  tR +0.00  ent[s/d/p/e] 1.80/2.47/1.48/0.52  emits 0.42  spf 61.5  z0 0.74  garr 91.0  tG 664  e2 0.08  nF 4.9  pS 0.35  ptS 0.34  fLog 0.62  pdΔ -0.1490  pkR 4.80  clip 0.06  kl +0.003
upd  118  steps  243712  sps 1046  opp symm  loss -0.003  pg +0.0254  v 0.005  ev +0.96  adv_std 0.104  tR +1.00  ent[s/d/p/e] 1.71/2.45/1.49/0.54  emits 0.39  spf 67.2  z0 0.75  garr 97.4  tG 714  e2 0.07  nF 4.1  pS 0.35  ptS 0.33  fLog 0.63  pdΔ -0.1529  pkR 4.99  clip 0.06  kl +0.002
upd  119  steps  245760  sps 1051  opp symm  loss -0.019  pg +0.0078  v 0.006  ev +0.96  adv_std 0.105  tR +0.00  ent[s/d/p/e] 1.66/2.36/1.46/0.50  emits 0.36  spf 69.2  z0 0.76  garr 96.9  tG 715  e2 0.08  nF 4.0  pS 0.34  ptS 0.33  fLog 0.63  pdΔ -0.1578  pkR 5.11  clip 0.10  kl +0.001
upd  120  steps  247808  sps 1057  opp symm  loss -0.005  pg +0.0206  v 0.010  ev +0.94  adv_std 0.139  tR +0.50  ent[s/d/p/e] 1.71/2.37/1.45/0.53  emits 0.42  spf 62.6  z0 0.75  garr 93.6  tG 690  e2 0.09  nF 4.3  pS 0.34  ptS 0.32  fLog 0.61  pdΔ -0.1608  pkR 4.84  clip 0.08  kl +0.001
upd  121  steps  249856  sps 1063  opp symm  loss +0.032  pg +0.0569  v 0.009  ev +0.95  adv_std 0.136  tR +0.14  ent[s/d/p/e] 1.72/2.33/1.46/0.48  emits 0.38  spf 58.4  z0 0.77  garr 83.6  tG 601  e2 0.07  nF 4.2  pS 0.31  ptS 0.30  fLog 0.61  pdΔ -0.1900  pkR 7.07  clip 0.10  kl +0.001
upd  122  steps  251904  sps 1069  opp symm  loss -0.001  pg +0.0227  v 0.011  ev +0.93  adv_std 0.153  tR -0.20  ent[s/d/p/e] 1.73/2.38/1.37/0.49  emits 0.39  spf 55.9  z0 0.77  garr 65.3  tG 455  e2 0.07  nF 4.3  pS 0.30  ptS 0.28  fLog 0.60  pdΔ -0.2020  pkR 7.54  clip 0.09  kl +0.003
upd  123  steps  253952  sps 1075  opp symm  loss +0.007  pg +0.0320  v 0.010  ev +0.94  adv_std 0.140  tR -0.20  ent[s/d/p/e] 1.83/2.43/1.42/0.49  emits 0.51  spf 51.6  z0 0.74  garr 62.4  tG 413  e2 0.11  nF 4.9  pS 0.29  ptS 0.28  fLog 0.59  pdΔ -0.2076  pkR 5.51  clip 0.10  kl +0.001
upd  124  steps  256000  sps 1080  opp symm  loss -0.038  pg -0.0111  v 0.004  ev +0.97  adv_std 0.091  tR +0.25  ent[s/d/p/e] 1.63/2.33/1.38/0.50  emits 0.39  spf 47.9  z0 0.77  garr 63.6  tG 378  e2 0.07  nF 4.1  pS 0.26  ptS 0.24  fLog 0.58  pdΔ -0.2401  pkR 6.23  clip 0.06  kl +0.000
upd  125  steps  258048  sps 1086  opp symm  loss +0.009  pg +0.0329  v 0.007  ev +0.94  adv_std 0.122  tR +0.67  ent[s/d/p/e] 1.46/2.28/1.41/0.46  emits 0.35  spf 54.0  z0 0.78  garr 63.6  tG 385  e2 0.06  nF 3.4  pS 0.25  ptS 0.23  fLog 0.60  pdΔ -0.2521  pkR 5.68  clip 0.09  kl +0.003
upd  126  steps  260096  sps 1092  opp symm  loss -0.002  pg +0.0236  v 0.006  ev +0.95  adv_std 0.114  tR +0.00  ent[s/d/p/e] 1.46/2.28/1.48/0.50  emits 0.37  spf 57.1  z0 0.77  garr 68.7  tG 407  e2 0.07  nF 3.1  pS 0.26  ptS 0.24  fLog 0.61  pdΔ -0.2445  pkR 5.31  clip 0.05  kl +0.001
upd  127  steps  262144  sps 1097  opp symm  loss +0.011  pg +0.0363  v 0.005  ev +0.96  adv_std 0.096  tR +0.00  ent[s/d/p/e] 1.44/2.30/1.45/0.45  emits 0.30  spf 65.3  z0 0.80  garr 81.3  tG 490  e2 0.06  nF 2.8  pS 0.27  ptS 0.26  fLog 0.63  pdΔ -0.2292  pkR 4.97  clip 0.10  kl +0.003
upd  128  steps  264192  sps 1103  opp symm  loss +0.001  pg +0.0264  v 0.007  ev +0.95  adv_std 0.119  tR -0.33  ent[s/d/p/e] 1.56/2.42/1.46/0.45  emits 0.27  spf 72.6  z0 0.82  garr 96.1  tG 633  e2 0.05  nF 2.4  pS 0.29  ptS 0.27  fLog 0.65  pdΔ -0.2130  pkR 4.38  clip 0.04  kl +0.001
upd  129  steps  266240  sps 1108  opp symm  loss -0.063  pg -0.0368  v 0.006  ev +0.94  adv_std 0.113  tR -0.67  ent[s/d/p/e] 1.67/2.45/1.41/0.48  emits 0.33  spf 77.1  z0 0.80  garr 104.9  tG 709  e2 0.06  nF 2.6  pS 0.29  ptS 0.28  fLog 0.64  pdΔ -0.2088  pkR 4.61  clip 0.06  kl +0.001
upd  130  steps  268288  sps 1114  opp symm  loss -0.012  pg +0.0106  v 0.011  ev +0.89  adv_std 0.151  tR -0.14  ent[s/d/p/e] 1.62/2.43/1.46/0.44  emits 0.26  spf 84.4  z0 0.82  garr 102.0  tG 682  e2 0.05  nF 2.3  pS 0.28  ptS 0.27  fLog 0.66  pdΔ -0.2209  pkR 5.65  clip 0.06  kl +0.002
upd  131  steps  270336  sps 1119  opp symm  loss -0.059  pg -0.0325  v 0.005  ev +0.95  adv_std 0.094  tR +0.00  ent[s/d/p/e] 1.58/2.46/1.43/0.47  emits 0.28  spf 81.9  z0 0.81  garr 107.3  tG 661  e2 0.05  nF 2.3  pS 0.28  ptS 0.26  fLog 0.65  pdΔ -0.2224  pkR 4.92  clip 0.06  kl +0.003
upd  132  steps  272384  sps 1125  opp symm  loss -0.082  pg -0.0554  v 0.005  ev +0.95  adv_std 0.099  tR -1.00  ent[s/d/p/e] 1.52/2.47/1.46/0.48  emits 0.31  spf 74.4  z0 0.79  garr 122.6  tG 755  e2 0.06  nF 2.8  pS 0.30  ptS 0.28  fLog 0.64  pdΔ -0.1996  pkR 4.36  clip 0.05  kl +0.002
upd  133  steps  274432  sps 1130  opp symm  loss -0.049  pg -0.0223  v 0.005  ev +0.96  adv_std 0.096  tR -1.00  ent[s/d/p/e] 1.62/2.50/1.46/0.48  emits 0.31  spf 82.9  z0 0.79  garr 131.0  tG 887  e2 0.06  nF 2.8  pS 0.33  ptS 0.31  fLog 0.65  pdΔ -0.1708  pkR 4.84  clip 0.06  kl +0.001
upd  134  steps  276480  sps 1136  opp symm  loss +0.008  pg +0.0341  v 0.006  ev +0.95  adv_std 0.110  tR +1.00  ent[s/d/p/e] 1.77/2.53/1.36/0.50  emits 0.33  spf 91.8  z0 0.79  garr 143.6  tG 1012  e2 0.06  nF 3.0  pS 0.35  ptS 0.33  fLog 0.67  pdΔ -0.1473  pkR 4.82  clip 0.06  kl +0.005
upd  135  steps  278528  sps 1141  opp symm  loss -0.033  pg -0.0063  v 0.005  ev +0.95  adv_std 0.105  tR +0.00  ent[s/d/p/e] 1.86/2.53/1.29/0.51  emits 0.39  spf 89.5  z0 0.77  garr 149.8  tG 1098  e2 0.07  nF 3.3  pS 0.37  ptS 0.35  fLog 0.66  pdΔ -0.1322  pkR 4.42  clip 0.07  kl +0.003
upd  136  steps  280576  sps 1146  opp symm  loss -0.009  pg +0.0160  v 0.008  ev +0.94  adv_std 0.130  tR +0.11  ent[s/d/p/e] 1.91/2.51/1.27/0.47  emits 0.39  spf 75.6  z0 0.78  garr 138.8  tG 980  e2 0.08  nF 3.5  pS 0.35  ptS 0.34  fLog 0.64  pdΔ -0.1455  pkR 5.76  clip 0.06  kl +0.003
upd  137  steps  282624  sps 1152  opp symm  loss -0.077  pg -0.0525  v 0.009  ev +0.92  adv_std 0.131  tR +0.00  ent[s/d/p/e] 1.94/2.54/1.28/0.47  emits 0.41  spf 70.0  z0 0.78  garr 133.6  tG 904  e2 0.08  nF 3.8  pS 0.34  ptS 0.32  fLog 0.63  pdΔ -0.1600  pkR 6.08  clip 0.09  kl +0.001
upd  138  steps  284672  sps 1157  opp symm  loss -0.001  pg +0.0243  v 0.006  ev +0.94  adv_std 0.113  tR +0.33  ent[s/d/p/e] 1.86/2.44/1.20/0.49  emits 0.44  spf 67.3  z0 0.75  garr 128.4  tG 858  e2 0.08  nF 4.3  pS 0.34  ptS 0.32  fLog 0.62  pdΔ -0.1627  pkR 6.02  clip 0.04  kl +0.001
upd  139  steps  286720  sps 1162  opp symm  loss -0.074  pg -0.0479  v 0.007  ev +0.95  adv_std 0.119  tR -0.50  ent[s/d/p/e] 1.81/2.39/1.27/0.51  emits 0.47  spf 62.6  z0 0.73  garr 120.9  tG 800  e2 0.10  nF 4.5  pS 0.33  ptS 0.31  fLog 0.60  pdΔ -0.1694  pkR 5.44  clip 0.05  kl +0.001
upd  140  steps  288768  sps 1167  opp symm  loss -0.029  pg -0.0051  v 0.009  ev +0.92  adv_std 0.131  tR +0.14  ent[s/d/p/e] 1.67/2.34/1.23/0.49  emits 0.37  spf 70.4  z0 0.76  garr 105.5  tG 724  e2 0.07  nF 4.0  pS 0.31  ptS 0.29  fLog 0.61  pdΔ -0.1943  pkR 5.78  clip 0.08  kl +0.001
upd  141  steps  290816  sps 1173  opp symm  loss -0.012  pg +0.0122  v 0.007  ev +0.93  adv_std 0.122  tR +0.00  ent[s/d/p/e] 1.67/2.34/1.26/0.48  emits 0.34  spf 66.1  z0 0.77  garr 102.9  tG 703  e2 0.07  nF 3.9  pS 0.30  ptS 0.29  fLog 0.61  pdΔ -0.2004  pkR 5.11  clip 0.06  kl +0.001
upd  142  steps  292864  sps 1178  opp symm  loss -0.002  pg +0.0219  v 0.007  ev +0.94  adv_std 0.117  tR +1.00  ent[s/d/p/e] 1.57/2.34/1.28/0.45  emits 0.27  spf 67.3  z0 0.81  garr 107.1  tG 743  e2 0.05  nF 3.1  pS 0.30  ptS 0.28  fLog 0.62  pdΔ -0.2035  pkR 4.28  clip 0.05  kl +0.002
upd  143  steps  294912  sps 1183  opp symm  loss -0.039  pg -0.0135  v 0.007  ev +0.95  adv_std 0.118  tR -1.00  ent[s/d/p/e] 1.73/2.48/1.29/0.49  emits 0.34  spf 69.1  z0 0.78  garr 124.0  tG 856  e2 0.07  nF 3.2  pS 0.31  ptS 0.29  fLog 0.62  pdΔ -0.1876  pkR 4.04  clip 0.05  kl +0.003
upd  144  steps  296960  sps 1188  opp symm  loss -0.036  pg -0.0120  v 0.011  ev +0.93  adv_std 0.146  tR +0.50  ent[s/d/p/e] 1.84/2.48/1.31/0.48  emits 0.38  spf 67.1  z0 0.79  garr 129.6  tG 875  e2 0.07  nF 3.8  pS 0.33  ptS 0.31  fLog 0.61  pdΔ -0.1748  pkR 4.58  clip 0.05  kl +0.000
upd  145  steps  299008  sps 1193  opp symm  loss -0.041  pg -0.0149  v 0.005  ev +0.97  adv_std 0.101  tR +0.43  ent[s/d/p/e] 1.89/2.49/1.29/0.45  emits 0.37  spf 66.9  z0 0.79  garr 131.0  tG 879  e2 0.07  nF 3.9  pS 0.32  ptS 0.30  fLog 0.61  pdΔ -0.1778  pkR 5.06  clip 0.05  kl +0.002
upd  146  steps  301056  sps 1198  opp symm  loss -0.006  pg +0.0183  v 0.008  ev +0.95  adv_std 0.123  tR +0.60  ent[s/d/p/e] 1.78/2.43/1.27/0.44  emits 0.37  spf 68.7  z0 0.78  garr 120.4  tG 832  e2 0.07  nF 3.7  pS 0.31  ptS 0.29  fLog 0.62  pdΔ -0.1900  pkR 6.02  clip 0.06  kl +0.002
upd  147  steps  303104  sps 1203  opp symm  loss +0.023  pg +0.0467  v 0.008  ev +0.94  adv_std 0.129  tR +0.60  ent[s/d/p/e] 1.74/2.37/1.30/0.47  emits 0.36  spf 69.9  z0 0.78  garr 110.6  tG 745  e2 0.07  nF 3.5  pS 0.29  ptS 0.28  fLog 0.61  pdΔ -0.2070  pkR 6.73  clip 0.05  kl +0.001
upd  148  steps  305152  sps 1208  opp symm  loss +0.001  pg +0.0267  v 0.007  ev +0.95  adv_std 0.115  tR +0.33  ent[s/d/p/e] 1.80/2.44/1.32/0.46  emits 0.32  spf 64.5  z0 0.80  garr 110.2  tG 718  e2 0.06  nF 3.4  pS 0.29  ptS 0.28  fLog 0.62  pdΔ -0.2091  pkR 7.61  clip 0.04  kl +0.002
upd  149  steps  307200  sps 1213  opp symm  loss -0.008  pg +0.0188  v 0.003  ev +0.98  adv_std 0.078  tR +0.00  ent[s/d/p/e] 1.87/2.46/1.23/0.45  emits 0.35  spf 60.9  z0 0.80  garr 124.2  tG 810  e2 0.06  nF 3.7  pS 0.31  ptS 0.30  fLog 0.61  pdΔ -0.1860  pkR 7.36  clip 0.08  kl +0.002
upd  150  steps  309248  sps 1218  opp symm  loss -0.024  pg +0.0032  v 0.004  ev +0.97  adv_std 0.092  tR -1.00  ent[s/d/p/e] 2.01/2.53/1.31/0.46  emits 0.37  spf 72.6  z0 0.80  garr 152.3  tG 1002  e2 0.07  nF 3.7  pS 0.34  ptS 0.33  fLog 0.63  pdΔ -0.1591  pkR 7.07  clip 0.05  kl +0.002
upd  151  steps  311296  sps 1223  opp symm  loss -0.008  pg +0.0192  v 0.005  ev +0.97  adv_std 0.100  tR +0.00  ent[s/d/p/e] 2.12/2.58/1.31/0.44  emits 0.43  spf 66.8  z0 0.79  garr 162.6  tG 1064  e2 0.09  nF 4.3  pS 0.35  ptS 0.34  fLog 0.62  pdΔ -0.1514  pkR 7.15  clip 0.07  kl +0.002
upd  152  steps  313344  sps 1228  opp symm  loss +0.021  pg +0.0469  v 0.006  ev +0.97  adv_std 0.110  tR -0.67  ent[s/d/p/e] 1.90/2.44/1.27/0.46  emits 0.36  spf 76.2  z0 0.79  garr 146.1  tG 911  e2 0.07  nF 3.4  pS 0.31  ptS 0.30  fLog 0.64  pdΔ -0.1912  pkR 5.03  clip 0.07  kl +0.001
upd  153  steps  315392  sps 1233  opp symm  loss -0.022  pg +0.0027  v 0.008  ev +0.96  adv_std 0.126  tR -0.50  ent[s/d/p/e] 1.89/2.42/1.27/0.44  emits 0.31  spf 72.8  z0 0.81  garr 132.3  tG 836  e2 0.05  nF 3.5  pS 0.30  ptS 0.29  fLog 0.63  pdΔ -0.1989  pkR 4.32  clip 0.09  kl +0.004
upd  154  steps  317440  sps 1238  opp symm  loss -0.002  pg +0.0244  v 0.003  ev +0.98  adv_std 0.080  tR -0.33  ent[s/d/p/e] 1.81/2.35/1.28/0.48  emits 0.32  spf 70.4  z0 0.80  garr 142.2  tG 916  e2 0.06  nF 3.2  pS 0.31  ptS 0.31  fLog 0.63  pdΔ -0.1904  pkR 4.13  clip 0.11  kl +0.006
upd  155  steps  319488  sps 1243  opp symm  loss -0.037  pg -0.0135  v 0.008  ev +0.96  adv_std 0.127  tR -0.71  ent[s/d/p/e] 1.71/2.31/1.31/0.43  emits 0.29  spf 81.4  z0 0.81  garr 142.2  tG 951  e2 0.05  nF 2.8  pS 0.30  ptS 0.30  fLog 0.65  pdΔ -0.1962  pkR 4.30  clip 0.08  kl +0.001
upd  156  steps  321536  sps 1248  opp symm  loss -0.040  pg -0.0158  v 0.007  ev +0.96  adv_std 0.119  tR -0.11  ent[s/d/p/e] 1.67/2.26/1.36/0.45  emits 0.28  spf 75.3  z0 0.81  garr 134.1  tG 933  e2 0.05  nF 2.7  pS 0.30  ptS 0.29  fLog 0.64  pdΔ -0.1974  pkR 4.86  clip 0.04  kl +0.002
upd  157  steps  323584  sps 1253  opp symm  loss -0.081  pg -0.0562  v 0.006  ev +0.96  adv_std 0.106  tR -0.67  ent[s/d/p/e] 1.60/2.22/1.37/0.48  emits 0.34  spf 70.8  z0 0.78  garr 115.6  tG 794  e2 0.07  nF 3.0  pS 0.29  ptS 0.28  fLog 0.62  pdΔ -0.2127  pkR 5.37  clip 0.04  kl +0.000
upd  158  steps  325632  sps 1257  opp symm  loss -0.029  pg -0.0038  v 0.004  ev +0.97  adv_std 0.092  tR +0.33  ent[s/d/p/e] 1.48/2.09/1.37/0.48  emits 0.29  spf 63.8  z0 0.80  garr 110.2  tG 794  e2 0.05  nF 3.2  pS 0.29  ptS 0.28  fLog 0.60  pdΔ -0.2144  pkR 5.85  clip 0.04  kl +0.001
upd  159  steps  327680  sps 1262  opp symm  loss -0.009  pg +0.0165  v 0.005  ev +0.97  adv_std 0.098  tR +1.00  ent[s/d/p/e] 1.64/2.20/1.41/0.45  emits 0.28  spf 66.0  z0 0.81  garr 129.0  tG 944  e2 0.05  nF 2.8  pS 0.30  ptS 0.29  fLog 0.62  pdΔ -0.1990  pkR 5.66  clip 0.06  kl +0.001
upd  160  steps  329728  sps 1267  opp symm  loss +0.017  pg +0.0427  v 0.005  ev +0.97  adv_std 0.100  tR +0.20  ent[s/d/p/e] 1.74/2.28/1.30/0.45  emits 0.27  spf 70.3  z0 0.82  garr 146.0  tG 1034  e2 0.05  nF 2.8  pS 0.31  ptS 0.30  fLog 0.63  pdΔ -0.1890  pkR 5.55  clip 0.04  kl +0.002
upd  161  steps  331776  sps 1272  opp symm  loss -0.035  pg -0.0105  v 0.007  ev +0.95  adv_std 0.121  tR +0.00  ent[s/d/p/e] 1.67/2.25/1.33/0.47  emits 0.28  spf 75.2  z0 0.80  garr 143.5  tG 1046  e2 0.04  nF 2.5  pS 0.30  ptS 0.29  fLog 0.63  pdΔ -0.1958  pkR 6.08  clip 0.06  kl +0.004
upd  162  steps  333824  sps 1276  opp symm  loss -0.027  pg -0.0013  v 0.006  ev +0.96  adv_std 0.106  tR -0.43  ent[s/d/p/e] 1.69/2.28/1.34/0.49  emits 0.32  spf 79.3  z0 0.79  garr 127.6  tG 952  e2 0.06  nF 2.9  pS 0.31  ptS 0.30  fLog 0.64  pdΔ -0.1929  pkR 5.36  clip 0.06  kl +0.001
upd  163  steps  335872  sps 1281  opp symm  loss -0.044  pg -0.0166  v 0.005  ev +0.97  adv_std 0.099  tR +1.00  ent[s/d/p/e] 1.78/2.31/1.35/0.53  emits 0.38  spf 74.8  z0 0.77  garr 108.7  tG 838  e2 0.07  nF 3.5  pS 0.32  ptS 0.31  fLog 0.63  pdΔ -0.1751  pkR 4.14  clip 0.08  kl +0.006
upd  164  steps  337920  sps 1286  opp symm  loss -0.021  pg +0.0053  v 0.006  ev +0.97  adv_std 0.113  tR +0.00  ent[s/d/p/e] 1.86/2.35/1.34/0.52  emits 0.39  spf 80.5  z0 0.76  garr 116.8  tG 890  e2 0.08  nF 3.9  pS 0.34  ptS 0.33  fLog 0.65  pdΔ -0.1553  pkR 3.52  clip 0.05  kl -0.001
upd  165  steps  339968  sps 1290  opp symm  loss -0.008  pg +0.0201  v 0.004  ev +0.98  adv_std 0.091  tR +0.33  ent[s/d/p/e] 1.97/2.40/1.35/0.52  emits 0.44  spf 77.3  z0 0.75  garr 118.0  tG 948  e2 0.09  nF 4.1  pS 0.38  ptS 0.37  fLog 0.65  pdΔ -0.1230  pkR 3.32  clip 0.05  kl +0.001
upd  166  steps  342016  sps 1295  opp symm  loss +0.009  pg +0.0361  v 0.006  ev +0.98  adv_std 0.108  tR +0.00  ent[s/d/p/e] 2.05/2.43/1.32/0.53  emits 0.49  spf 74.9  z0 0.73  garr 118.0  tG 932  e2 0.10  nF 4.5  pS 0.38  ptS 0.37  fLog 0.64  pdΔ -0.1191  pkR 3.28  clip 0.08  kl +0.001
upd  167  steps  344064  sps 1299  opp symm  loss -0.006  pg +0.0181  v 0.012  ev +0.95  adv_std 0.154  tR +0.25  ent[s/d/p/e] 1.98/2.38/1.33/0.50  emits 0.52  spf 68.1  z0 0.74  garr 107.3  tG 824  e2 0.11  nF 4.7  pS 0.36  ptS 0.35  fLog 0.63  pdΔ -0.1379  pkR 4.05  clip 0.06  kl +0.002
upd  168  steps  346112  sps 1304  opp symm  loss -0.022  pg +0.0035  v 0.007  ev +0.97  adv_std 0.116  tR +0.14  ent[s/d/p/e] 1.94/2.37/1.30/0.49  emits 0.48  spf 62.5  z0 0.75  garr 98.3  tG 725  e2 0.10  nF 4.4  pS 0.34  ptS 0.33  fLog 0.61  pdΔ -0.1642  pkR 4.20  clip 0.08  kl +0.001
upd  169  steps  348160  sps 1308  opp symm  loss +0.006  pg +0.0319  v 0.007  ev +0.97  adv_std 0.118  tR -0.20  ent[s/d/p/e] 1.92/2.38/1.30/0.51  emits 0.48  spf 63.8  z0 0.74  garr 91.0  tG 667  e2 0.09  nF 4.4  pS 0.32  ptS 0.31  fLog 0.62  pdΔ -0.1765  pkR 4.55  clip 0.06  kl +0.002
upd  170  steps  350208  sps 1313  opp symm  loss +0.042  pg +0.0681  v 0.006  ev +0.97  adv_std 0.107  tR +0.33  ent[s/d/p/e] 1.89/2.35/1.35/0.47  emits 0.40  spf 63.8  z0 0.78  garr 97.8  tG 727  e2 0.08  nF 3.5  pS 0.32  ptS 0.32  fLog 0.62  pdΔ -0.1779  pkR 4.52  clip 0.09  kl +0.005
upd  171  steps  352256  sps 1317  opp symm  loss +0.017  pg +0.0420  v 0.008  ev +0.96  adv_std 0.126  tR -0.50  ent[s/d/p/e] 1.83/2.20/1.30/0.50  emits 0.32  spf 71.3  z0 0.79  garr 98.9  tG 758  e2 0.06  nF 3.0  pS 0.31  ptS 0.31  fLog 0.63  pdΔ -0.1869  pkR 4.20  clip 0.08  kl +0.003
upd  172  steps  354304  sps 1322  opp symm  loss +0.007  pg +0.0294  v 0.011  ev +0.92  adv_std 0.148  tR +0.60  ent[s/d/p/e] 1.76/2.18/1.31/0.48  emits 0.33  spf 69.8  z0 0.78  garr 99.5  tG 731  e2 0.06  nF 3.0  pS 0.31  ptS 0.30  fLog 0.63  pdΔ -0.1937  pkR 4.68  clip 0.07  kl +0.002
upd  173  steps  356352  sps 1326  opp symm  loss +0.013  pg +0.0390  v 0.006  ev +0.96  adv_std 0.112  tR +0.50  ent[s/d/p/e] 1.89/2.27/1.32/0.48  emits 0.42  spf 69.7  z0 0.76  garr 90.7  tG 639  e2 0.08  nF 3.5  pS 0.31  ptS 0.30  fLog 0.63  pdΔ -0.1936  pkR 5.55  clip 0.06  kl -0.001
upd  174  steps  358400  sps 1331  opp symm  loss -0.007  pg +0.0177  v 0.009  ev +0.94  adv_std 0.139  tR -1.00  ent[s/d/p/e] 2.00/2.28/1.34/0.46  emits 0.33  spf 70.3  z0 0.80  garr 102.6  tG 740  e2 0.06  nF 3.4  pS 0.32  ptS 0.32  fLog 0.63  pdΔ -0.1790  pkR 4.09  clip 0.02  kl +0.000
upd  175  steps  360448  sps 1335  opp symm  loss -0.028  pg -0.0018  v 0.006  ev +0.97  adv_std 0.106  tR +0.33  ent[s/d/p/e] 2.07/2.26/1.36/0.43  emits 0.31  spf 75.4  z0 0.81  garr 124.8  tG 928  e2 0.06  nF 2.9  pS 0.34  ptS 0.34  fLog 0.65  pdΔ -0.1612  pkR 3.64  clip 0.06  kl +0.001
upd  176  steps  362496  sps 1339  opp symm  loss -0.042  pg -0.0156  v 0.006  ev +0.97  adv_std 0.110  tR -0.20  ent[s/d/p/e] 2.06/2.28/1.37/0.44  emits 0.33  spf 77.9  z0 0.80  garr 132.0  tG 994  e2 0.06  nF 3.1  pS 0.34  ptS 0.34  fLog 0.65  pdΔ -0.1599  pkR 3.54  clip 0.06  kl +0.002
upd  177  steps  364544  sps 1344  opp symm  loss -0.015  pg +0.0095  v 0.008  ev +0.95  adv_std 0.131  tR +0.00  ent[s/d/p/e] 1.91/2.19/1.41/0.46  emits 0.32  spf 75.9  z0 0.80  garr 131.0  tG 1035  e2 0.06  nF 2.8  pS 0.34  ptS 0.34  fLog 0.65  pdΔ -0.1648  pkR 3.93  clip 0.07  kl +0.003
upd  178  steps  366592  sps 1348  opp symm  loss -0.004  pg +0.0217  v 0.007  ev +0.96  adv_std 0.118  tR +1.00  ent[s/d/p/e] 1.93/2.31/1.42/0.44  emits 0.34  spf 80.6  z0 0.80  garr 126.2  tG 940  e2 0.07  nF 3.2  pS 0.32  ptS 0.32  fLog 0.65  pdΔ -0.1798  pkR 4.16  clip 0.06  kl -0.000
upd  179  steps  368640  sps 1352  opp symm  loss -0.018  pg +0.0077  v 0.008  ev +0.96  adv_std 0.122  tR +1.00  ent[s/d/p/e] 1.94/2.32/1.38/0.46  emits 0.35  spf 69.4  z0 0.80  garr 137.0  tG 1016  e2 0.07  nF 3.0  pS 0.32  ptS 0.32  fLog 0.63  pdΔ -0.1812  pkR 4.29  clip 0.07  kl +0.001
upd  180  steps  370688  sps 1357  opp symm  loss +0.006  pg +0.0311  v 0.010  ev +0.96  adv_std 0.140  tR -1.00  ent[s/d/p/e] 1.99/2.33/1.44/0.46  emits 0.38  spf 77.8  z0 0.78  garr 147.5  tG 1116  e2 0.08  nF 4.0  pS 0.35  ptS 0.34  fLog 0.64  pdΔ -0.1549  pkR 4.86  clip 0.09  kl +0.003
upd  181  steps  372736  sps 1361  opp symm  loss +0.058  pg +0.0836  v 0.008  ev +0.96  adv_std 0.128  tR +1.00  ent[s/d/p/e] 2.08/2.38/1.37/0.48  emits 0.43  spf 76.9  z0 0.77  garr 153.1  tG 1193  e2 0.08  nF 3.8  pS 0.37  ptS 0.37  fLog 0.64  pdΔ -0.1289  pkR 5.07  clip 0.05  kl +0.004
upd  182  steps  374784  sps 1365  opp symm  loss +0.038  pg +0.0636  v 0.008  ev +0.96  adv_std 0.129  tR +0.20  ent[s/d/p/e] 2.07/2.34/1.45/0.46  emits 0.38  spf 87.4  z0 0.78  garr 165.0  tG 1324  e2 0.08  nF 3.7  pS 0.39  ptS 0.38  fLog 0.67  pdΔ -0.1093  pkR 4.19  clip 0.07  kl +0.003
upd  183  steps  376832  sps 1369  opp symm  loss -0.004  pg +0.0205  v 0.009  ev +0.95  adv_std 0.136  tR +0.25  ent[s/d/p/e] 2.04/2.31/1.45/0.43  emits 0.32  spf 79.0  z0 0.82  garr 159.0  tG 1266  e2 0.06  nF 3.2  pS 0.36  ptS 0.35  fLog 0.66  pdΔ -0.1403  pkR 5.17  clip 0.05  kl +0.002
upd  184  steps  378880  sps 1374  opp symm  loss +0.017  pg +0.0415  v 0.010  ev +0.94  adv_std 0.142  tR +0.60  ent[s/d/p/e] 1.97/2.27/1.50/0.47  emits 0.35  spf 85.5  z0 0.79  garr 149.5  tG 1214  e2 0.07  nF 3.2  pS 0.35  ptS 0.34  fLog 0.66  pdΔ -0.1511  pkR 6.46  clip 0.08  kl +0.002
upd  185  steps  380928  sps 1378  opp symm  loss +0.022  pg +0.0465  v 0.011  ev +0.93  adv_std 0.150  tR +0.60  ent[s/d/p/e] 1.97/2.28/1.50/0.49  emits 0.42  spf 75.7  z0 0.77  garr 133.8  tG 1102  e2 0.08  nF 4.0  pS 0.35  ptS 0.34  fLog 0.63  pdΔ -0.1527  pkR 7.91  clip 0.06  kl +0.000