
=== [2026-06-11T04:04:32Z] v14e_binary_v1_a_p0i5_ORBITWARS_SHAPING_RELEASE_K_17.0_93e2359e41 phase=a kind=probe chunk=300 env={"ORBITWARS_SHAPING_ANTI_HOARD": 0.03, "ORBITWARS_SHAPING_CAPTURE": 0.06, "ORBITWARS_SHAPING_RELEASE": 0.003, "ORBITWARS_SHAPING_RELEASE_K": 17.0, "ORBITWARS_SHAPING_PROD_SHARE_DELTA": 0.01, "ORBITWARS_SHAPING_ONE_SHIP_PENALTY": 0.01} ppo={"ent_coef_emit": 0.0175, "lr_peak": 4.5e-05} ===
[reward] kaggle-aligned: terminal +1 win/+1 tie>0/-1 loss/-1 double-wipeout; is_terminal at step >= episode_steps-2; SHAPING_SCALE=0.0; v1: KEEP_HOME=0.0 FLEET_SIZE=0.0/norm20.0; v2 (expert-replay calibrated): PROD_SHARE=0.0 PLANET_SHARE=0.0 FLEET_LOG=0.0/ref500.0/floor0.3; v3 (top10-2630ep calibrated): PROD_SHARE_DELTA=0.01 EMIT_LOG=0.0 EMIT_GATED=0.0 RELEASE=0.003/K17.0 CAPTURE=0.06; ANTI_HOARD=0.03/thresh0.6; episode_steps=500 (kaggle=500, mismatch=False)
[symmetric] Frog Parade style: same params drive BOTH players, no frozen/strong/buffer opponents, zero_sum_value=True
upd    0  steps    2048  sps 38  opp symm  loss +0.100  pg +0.1153  v 0.002  ev -0.79  adv_std 0.071  tR +0.00  ent[s/d/p/e] 0.38/1.17/1.19/0.29  emits 0.45  spf 12.7  z0 0.69  garr 12.9  tG 17  e2 0.09  nF 2.7  pS 0.07  ptS 0.07  fLog 0.39  pdΔ -0.4285  pkR 6.14  clip 0.06  kl +0.001
upd    1  steps    4096  sps 74  opp symm  loss -0.011  pg +0.0071  v 0.004  ev -0.28  adv_std 0.089  tR -1.00  ent[s/d/p/e] 0.82/1.30/1.09/0.43  emits 1.02  spf 12.5  z0 0.52  garr 12.9  tG 33  e2 0.25  nF 9.5  pS 0.12  ptS 0.11  fLog 0.38  pdΔ -0.3754  pkR 10.20  clip 0.09  kl +0.001
upd    2  steps    6144  sps 110  opp symm  loss +0.029  pg +0.0504  v 0.004  ev +0.17  adv_std 0.086  tR +1.00  ent[s/d/p/e] 1.18/1.66/1.07/0.47  emits 1.51  spf 13.7  z0 0.44  garr 14.2  tG 60  e2 0.35  nF 18.3  pS 0.18  ptS 0.17  fLog 0.38  pdΔ -0.3156  pkR 8.64  clip 0.14  kl +0.008
upd    3  steps    8192  sps 145  opp symm  loss -0.019  pg +0.0024  v 0.005  ev +0.39  adv_std 0.090  tR -1.00  ent[s/d/p/e] 1.40/1.81/0.99/0.50  emits 1.86  spf 14.5  z0 0.38  garr 15.7  tG 94  e2 0.42  nF 23.2  pS 0.24  ptS 0.23  fLog 0.38  pdΔ -0.2584  pkR 9.67  clip 0.20  kl +0.005
upd    4  steps   10240  sps 179  opp symm  loss +0.025  pg +0.0499  v 0.003  ev +0.56  adv_std 0.064  tR +0.00  ent[s/d/p/e] 1.62/2.00/1.03/0.52  emits 2.02  spf 17.3  z0 0.36  garr 17.8  tG 134  e2 0.44  nF 27.3  pS 0.30  ptS 0.28  fLog 0.40  pdΔ -0.2049  pkR 9.24  clip 0.29  kl +0.011
upd    5  steps   12288  sps 213  opp symm  loss +0.023  pg +0.0480  v 0.004  ev +0.42  adv_std 0.085  tR +1.00  ent[s/d/p/e] 1.79/2.10/1.02/0.52  emits 2.18  spf 19.1  z0 0.35  garr 18.8  tG 169  e2 0.46  nF 29.2  pS 0.34  ptS 0.33  fLog 0.41  pdΔ -0.1571  pkR 7.85  clip 0.20  kl +0.003
upd    6  steps   14336  sps 245  opp symm  loss +0.005  pg +0.0304  v 0.005  ev +0.19  adv_std 0.087  tR +0.00  ent[s/d/p/e] 1.83/2.13/1.03/0.55  emits 1.90  spf 19.4  z0 0.38  garr 20.5  tG 186  e2 0.41  nF 28.9  pS 0.35  ptS 0.34  fLog 0.41  pdΔ -0.1499  pkR 7.70  clip 0.31  kl +0.006
upd    7  steps   16384  sps 277  opp symm  loss -0.030  pg -0.0036  v 0.004  ev +0.50  adv_std 0.087  tR +0.00  ent[s/d/p/e] 1.91/2.18/1.08/0.56  emits 1.65  spf 22.9  z0 0.42  garr 22.5  tG 231  e2 0.36  nF 25.7  pS 0.37  ptS 0.36  fLog 0.43  pdΔ -0.1342  pkR 6.95  clip 0.32  kl +0.013
upd    8  steps   18432  sps 309  opp symm  loss -0.068  pg -0.0412  v 0.004  ev +0.35  adv_std 0.082  tR +1.00  ent[s/d/p/e] 1.91/2.18/1.10/0.57  emits 1.17  spf 23.8  z0 0.51  garr 27.0  tG 303  e2 0.27  nF 20.6  pS 0.35  ptS 0.34  fLog 0.44  pdΔ -0.1549  pkR 11.65  clip 0.19  kl +0.005
upd    9  steps   20480  sps 339  opp symm  loss -0.135  pg -0.1099  v 0.008  ev +0.53  adv_std 0.125  tR -0.43  ent[s/d/p/e] 1.94/2.19/1.07/0.57  emits 1.12  spf 28.5  z0 0.54  garr 31.9  tG 378  e2 0.26  nF 16.2  pS 0.35  ptS 0.35  fLog 0.46  pdΔ -0.1472  pkR 12.24  clip 0.27  kl +0.007
upd   10  steps   22528  sps 369  opp symm  loss -0.092  pg -0.0661  v 0.007  ev +0.58  adv_std 0.116  tR +0.20  ent[s/d/p/e] 1.86/2.18/1.13/0.59  emits 0.80  spf 34.8  z0 0.58  garr 35.0  tG 380  e2 0.19  nF 12.8  pS 0.34  ptS 0.33  fLog 0.50  pdΔ -0.1587  pkR 8.41  clip 0.20  kl +0.004
upd   11  steps   24576  sps 399  opp symm  loss -0.098  pg -0.0717  v 0.006  ev +0.50  adv_std 0.099  tR -1.00  ent[s/d/p/e] 1.89/2.19/1.15/0.60  emits 0.77  spf 44.7  z0 0.59  garr 41.0  tG 460  e2 0.19  nF 10.2  pS 0.34  ptS 0.34  fLog 0.53  pdΔ -0.1552  pkR 6.45  clip 0.22  kl +0.007
upd   12  steps   26624  sps 428  opp symm  loss -0.067  pg -0.0400  v 0.006  ev +0.59  adv_std 0.102  tR +0.50  ent[s/d/p/e] 1.94/2.21/1.13/0.59  emits 0.97  spf 37.4  z0 0.55  garr 38.3  tG 472  e2 0.23  nF 11.4  pS 0.36  ptS 0.36  fLog 0.50  pdΔ -0.1363  pkR 9.31  clip 0.14  kl +0.003
upd   13  steps   28672  sps 456  opp symm  loss -0.080  pg -0.0540  v 0.005  ev +0.69  adv_std 0.102  tR +0.20  ent[s/d/p/e] 1.94/2.24/1.08/0.58  emits 0.98  spf 35.0  z0 0.57  garr 35.9  tG 406  e2 0.23  nF 12.0  pS 0.35  ptS 0.34  fLog 0.49  pdΔ -0.1543  pkR 10.48  clip 0.23  kl +0.007
upd   14  steps   30720  sps 483  opp symm  loss -0.009  pg +0.0187  v 0.003  ev +0.81  adv_std 0.082  tR +0.33  ent[s/d/p/e] 1.90/2.23/1.07/0.59  emits 0.99  spf 36.0  z0 0.56  garr 38.5  tG 444  e2 0.23  nF 11.6  pS 0.36  ptS 0.35  fLog 0.50  pdΔ -0.1449  pkR 14.08  clip 0.14  kl -0.002
upd   15  steps   32768  sps 510  opp symm  loss -0.003  pg -0.0091  v 0.069  ev +0.02  adv_std 0.385  tR +0.20  ent[s/d/p/e] 1.73/2.18/1.18/0.56  emits 0.70  spf 35.5  z0 0.63  garr 33.9  tG 310  e2 0.16  nF 8.6  pS 0.29  ptS 0.27  fLog 0.50  pdΔ -0.2132  pkR 7.79  clip 0.27  kl +0.010
upd   16  steps   34816  sps 537  opp symm  loss -0.034  pg -0.0081  v 0.003  ev +0.82  adv_std 0.073  tR +0.33  ent[s/d/p/e] 1.37/2.05/1.29/0.53  emits 0.50  spf 32.9  z0 0.69  garr 31.2  tG 198  e2 0.11  nF 5.9  pS 0.20  ptS 0.19  fLog 0.50  pdΔ -0.2967  pkR 6.57  clip 0.14  kl +0.005
upd   17  steps   36864  sps 563  opp symm  loss +0.015  pg +0.0415  v 0.004  ev +0.69  adv_std 0.083  tR +1.00  ent[s/d/p/e] 1.43/2.03/1.20/0.59  emits 0.70  spf 33.0  z0 0.61  garr 32.5  tG 212  e2 0.17  nF 7.9  pS 0.23  ptS 0.22  fLog 0.49  pdΔ -0.2705  pkR 6.74  clip 0.25  kl +0.004
upd   18  steps   38912  sps 588  opp symm  loss +0.026  pg +0.0531  v 0.003  ev +0.65  adv_std 0.074  tR -1.00  ent[s/d/p/e] 1.57/2.10/1.22/0.59  emits 0.82  spf 32.3  z0 0.58  garr 32.2  tG 225  e2 0.20  nF 9.9  pS 0.25  ptS 0.24  fLog 0.49  pdΔ -0.2470  pkR 6.30  clip 0.42  kl +0.018
upd   19  steps   40960  sps 613  opp symm  loss -0.066  pg -0.0384  v 0.003  ev +0.83  adv_std 0.074  tR +0.00  ent[s/d/p/e] 1.67/2.21/1.20/0.61  emits 0.55  spf 38.7  z0 0.67  garr 40.1  tG 315  e2 0.12  nF 9.0  pS 0.29  ptS 0.28  fLog 0.53  pdΔ -0.2107  pkR 6.38  clip 0.10  kl +0.006
upd   20  steps   43008  sps 638  opp symm  loss -0.051  pg -0.0236  v 0.003  ev +0.83  adv_std 0.084  tR +0.33  ent[s/d/p/e] 1.76/2.25/1.15/0.61  emits 0.59  spf 46.1  z0 0.65  garr 46.7  tG 391  e2 0.14  nF 7.1  pS 0.30  ptS 0.30  fLog 0.54  pdΔ -0.1965  pkR 5.82  clip 0.13  kl +0.003
upd   21  steps   45056  sps 662  opp symm  loss -0.058  pg -0.0304  v 0.004  ev +0.77  adv_std 0.091  tR +0.33  ent[s/d/p/e] 1.72/2.19/1.17/0.62  emits 0.74  spf 41.3  z0 0.60  garr 44.7  tG 383  e2 0.18  nF 8.2  pS 0.30  ptS 0.30  fLog 0.52  pdΔ -0.1986  pkR 7.77  clip 0.12  kl +0.003
upd   22  steps   47104  sps 685  opp symm  loss -0.029  pg -0.0010  v 0.002  ev +0.82  adv_std 0.065  tR +0.00  ent[s/d/p/e] 1.72/2.16/1.12/0.63  emits 0.77  spf 39.0  z0 0.58  garr 40.8  tG 354  e2 0.17  nF 9.6  pS 0.30  ptS 0.29  fLog 0.52  pdΔ -0.1971  pkR 7.72  clip 0.14  kl +0.005
upd   23  steps   49152  sps 708  opp symm  loss -0.094  pg -0.0667  v 0.005  ev +0.70  adv_std 0.099  tR +0.33  ent[s/d/p/e] 1.73/2.17/1.12/0.63  emits 0.77  spf 39.4  z0 0.59  garr 42.3  tG 372  e2 0.19  nF 9.3  pS 0.31  ptS 0.30  fLog 0.52  pdΔ -0.1925  pkR 8.11  clip 0.15  kl +0.003
upd   24  steps   51200  sps 731  opp symm  loss -0.049  pg -0.0247  v 0.009  ev +0.57  adv_std 0.136  tR -0.20  ent[s/d/p/e] 1.80/2.22/1.09/0.61  emits 0.70  spf 43.0  z0 0.62  garr 43.6  tG 400  e2 0.16  nF 8.6  pS 0.32  ptS 0.31  fLog 0.53  pdΔ -0.1805  pkR 6.27  clip 0.31  kl +0.012
upd   25  steps   53248  sps 753  opp symm  loss -0.018  pg +0.0054  v 0.011  ev +0.52  adv_std 0.151  tR +0.20  ent[s/d/p/e] 1.71/2.17/1.12/0.60  emits 0.74  spf 37.4  z0 0.60  garr 38.0  tG 322  e2 0.17  nF 8.1  pS 0.29  ptS 0.29  fLog 0.52  pdΔ -0.2101  pkR 7.78  clip 0.22  kl +0.006
upd   26  steps   55296  sps 775  opp symm  loss -0.051  pg -0.0261  v 0.007  ev +0.67  adv_std 0.112  tR +0.00  ent[s/d/p/e] 1.73/2.15/1.09/0.59  emits 0.76  spf 32.6  z0 0.61  garr 33.7  tG 289  e2 0.18  nF 8.7  pS 0.28  ptS 0.27  fLog 0.50  pdΔ -0.2217  pkR 14.22  clip 0.13  kl +0.001
upd   27  steps   57344  sps 797  opp symm  loss -0.087  pg -0.0616  v 0.006  ev +0.75  adv_std 0.112  tR -0.14  ent[s/d/p/e] 1.72/2.17/1.05/0.60  emits 0.78  spf 32.3  z0 0.60  garr 34.5  tG 302  e2 0.19  nF 9.3  pS 0.28  ptS 0.28  fLog 0.50  pdΔ -0.2205  pkR 16.72  clip 0.26  kl +0.009
upd   28  steps   59392  sps 818  opp symm  loss -0.019  pg +0.0072  v 0.005  ev +0.77  adv_std 0.095  tR +0.33  ent[s/d/p/e] 1.69/2.15/1.11/0.59  emits 0.69  spf 34.9  z0 0.62  garr 35.7  tG 292  e2 0.16  nF 8.1  pS 0.27  ptS 0.27  fLog 0.51  pdΔ -0.2305  pkR 6.83  clip 0.09  kl +0.002
upd   29  steps   61440  sps 839  opp symm  loss -0.046  pg -0.0197  v 0.004  ev +0.84  adv_std 0.086  tR +0.00  ent[s/d/p/e] 1.69/2.14/1.05/0.61  emits 0.61  spf 39.8  z0 0.63  garr 43.8  tG 362  e2 0.14  nF 7.6  pS 0.29  ptS 0.28  fLog 0.52  pdΔ -0.2149  pkR 7.76  clip 0.09  kl +0.001
upd   30  steps   63488  sps 859  opp symm  loss -0.034  pg -0.0078  v 0.004  ev +0.82  adv_std 0.089  tR +1.00  ent[s/d/p/e] 1.68/2.16/1.06/0.62  emits 0.67  spf 44.1  z0 0.62  garr 50.1  tG 437  e2 0.16  nF 8.0  pS 0.30  ptS 0.29  fLog 0.53  pdΔ -0.2040  pkR 8.64  clip 0.09  kl -0.000
upd   31  steps   65536  sps 879  opp symm  loss -0.012  pg +0.0085  v 0.014  ev +0.60  adv_std 0.168  tR -0.10  ent[s/d/p/e] 1.60/2.18/1.05/0.56  emits 0.55  spf 45.6  z0 0.69  garr 43.1  tG 355  e2 0.12  nF 6.3  pS 0.24  ptS 0.23  fLog 0.54  pdΔ -0.2606  pkR 11.03  clip 0.09  kl -0.001
upd   32  steps   67584  sps 899  opp symm  loss -0.100  pg -0.0739  v 0.003  ev +0.86  adv_std 0.073  tR -0.50  ent[s/d/p/e] 1.63/2.14/1.00/0.60  emits 0.57  spf 43.1  z0 0.66  garr 44.1  tG 316  e2 0.14  nF 6.3  pS 0.25  ptS 0.24  fLog 0.53  pdΔ -0.2516  pkR 8.33  clip 0.14  kl +0.003
upd   33  steps   69632  sps 918  opp symm  loss -0.061  pg -0.0357  v 0.006  ev +0.69  adv_std 0.106  tR -0.33  ent[s/d/p/e] 1.74/2.22/0.95/0.61  emits 0.62  spf 44.4  z0 0.64  garr 48.6  tG 366  e2 0.15  nF 6.7  pS 0.29  ptS 0.28  fLog 0.54  pdΔ -0.2115  pkR 7.11  clip 0.13  kl +0.005
upd   34  steps   71680  sps 937  opp symm  loss -0.026  pg +0.0020  v 0.002  ev +0.87  adv_std 0.064  tR +0.00  ent[s/d/p/e] 1.82/2.28/0.94/0.63  emits 0.68  spf 46.2  z0 0.61  garr 57.2  tG 464  e2 0.16  nF 7.3  pS 0.33  ptS 0.31  fLog 0.55  pdΔ -0.1746  pkR 4.58  clip 0.13  kl +0.002
upd   35  steps   73728  sps 956  opp symm  loss -0.033  pg -0.0043  v 0.002  ev +0.78  adv_std 0.067  tR +1.00  ent[s/d/p/e] 1.96/2.37/0.96/0.64  emits 0.76  spf 50.8  z0 0.59  garr 59.2  tG 514  e2 0.17  nF 8.5  pS 0.35  ptS 0.34  fLog 0.56  pdΔ -0.1476  pkR 4.81  clip 0.12  kl +0.003
upd   36  steps   75776  sps 974  opp symm  loss -0.067  pg -0.0389  v 0.003  ev +0.77  adv_std 0.077  tR -0.33  ent[s/d/p/e] 1.95/2.38/0.96/0.65  emits 0.71  spf 53.0  z0 0.61  garr 64.3  tG 566  e2 0.17  nF 8.4  pS 0.36  ptS 0.35  fLog 0.57  pdΔ -0.1404  pkR 5.52  clip 0.13  kl +0.003
upd   37  steps   77824  sps 992  opp symm  loss -0.013  pg +0.0159  v 0.002  ev +0.79  adv_std 0.056  tR +1.00  ent[s/d/p/e] 1.92/2.39/1.02/0.63  emits 0.59  spf 58.7  z0 0.64  garr 72.0  tG 622  e2 0.14  nF 7.2  pS 0.36  ptS 0.35  fLog 0.58  pdΔ -0.1423  pkR 5.65  clip 0.10  kl +0.004
upd   38  steps   79872  sps 1010  opp symm  loss -0.029  pg +0.0004  v 0.002  ev +0.79  adv_std 0.058  tR +1.00  ent[s/d/p/e] 2.02/2.44/0.96/0.65  emits 0.67  spf 61.0  z0 0.61  garr 76.5  tG 685  e2 0.15  nF 6.8  pS 0.38  ptS 0.37  fLog 0.59  pdΔ -0.1201  pkR 5.22  clip 0.07  kl +0.003
upd   39  steps   81920  sps 1028  opp symm  loss -0.028  pg -0.0005  v 0.006  ev +0.59  adv_std 0.105  tR +0.00  ent[s/d/p/e] 1.97/2.39/0.93/0.64  emits 0.64  spf 58.9  z0 0.63  garr 77.0  tG 706  e2 0.15  nF 6.9  pS 0.38  ptS 0.37  fLog 0.59  pdΔ -0.1172  pkR 6.64  clip 0.05  kl +0.003
upd   40  steps   83968  sps 1045  opp symm  loss -0.065  pg -0.0420  v 0.013  ev +0.42  adv_std 0.160  tR +0.11  ent[s/d/p/e] 1.98/2.37/0.93/0.61  emits 0.56  spf 57.9  z0 0.66  garr 75.1  tG 681  e2 0.13  nF 6.5  pS 0.36  ptS 0.36  fLog 0.58  pdΔ -0.1391  pkR 5.70  clip 0.15  kl +0.005
upd   41  steps   86016  sps 1062  opp symm  loss -0.051  pg -0.0265  v 0.010  ev +0.50  adv_std 0.137  tR -0.14  ent[s/d/p/e] 1.89/2.31/0.93/0.62  emits 0.60  spf 54.1  z0 0.64  garr 71.0  tG 642  e2 0.14  nF 6.5  pS 0.34  ptS 0.34  fLog 0.57  pdΔ -0.1628  pkR 4.74  clip 0.09  kl +0.001
upd   42  steps   88064  sps 1078  opp symm  loss -0.037  pg -0.0093  v 0.003  ev +0.77  adv_std 0.075  tR +1.00  ent[s/d/p/e] 1.87/2.32/0.94/0.63  emits 0.59  spf 58.0  z0 0.64  garr 70.6  tG 616  e2 0.12  nF 6.3  pS 0.33  ptS 0.32  fLog 0.58  pdΔ -0.1735  pkR 4.38  clip 0.10  kl +0.002
upd   43  steps   90112  sps 1095  opp symm  loss -0.035  pg -0.0103  v 0.008  ev +0.60  adv_std 0.122  tR +0.14  ent[s/d/p/e] 1.75/2.25/0.92/0.61  emits 0.56  spf 51.7  z0 0.64  garr 65.6  tG 571  e2 0.12  nF 6.1  pS 0.31  ptS 0.31  fLog 0.56  pdΔ -0.1852  pkR 6.05  clip 0.08  kl +0.002
upd   44  steps   92160  sps 1111  opp symm  loss -0.062  pg -0.0351  v 0.004  ev +0.74  adv_std 0.084  tR -1.00  ent[s/d/p/e] 1.82/2.32/0.93/0.63  emits 0.64  spf 51.1  z0 0.63  garr 65.4  tG 556  e2 0.15  nF 7.0  pS 0.31  ptS 0.31  fLog 0.56  pdΔ -0.1860  pkR 5.32  clip 0.12  kl +0.004
upd   45  steps   94208  sps 1127  opp symm  loss -0.046  pg -0.0180  v 0.004  ev +0.77  adv_std 0.094  tR +0.00  ent[s/d/p/e] 1.98/2.42/0.93/0.64  emits 0.72  spf 55.3  z0 0.60  garr 65.1  tG 579  e2 0.17  nF 7.9  pS 0.35  ptS 0.34  fLog 0.58  pdΔ -0.1508  pkR 5.01  clip 0.12  kl +0.004
upd   46  steps   96256  sps 1143  opp symm  loss -0.002  pg +0.0150  v 0.023  ev +0.47  adv_std 0.221  tR +0.12  ent[s/d/p/e] 1.91/2.39/0.93/0.61  emits 0.63  spf 52.5  z0 0.63  garr 59.5  tG 519  e2 0.14  nF 7.7  pS 0.33  ptS 0.32  fLog 0.57  pdΔ -0.1715  pkR 5.88  clip 0.08  kl +0.000
upd   47  steps   98304  sps 1158  opp symm  loss +0.005  pg +0.0310  v 0.004  ev +0.67  adv_std 0.085  tR -1.00  ent[s/d/p/e] 1.74/2.28/0.96/0.58  emits 0.57  spf 46.8  z0 0.65  garr 52.8  tG 414  e2 0.12  nF 6.1  pS 0.28  ptS 0.27  fLog 0.56  pdΔ -0.2224  pkR 6.37  clip 0.12  kl +0.002
upd   48  steps  100352  sps 1173  opp symm  loss -0.067  pg -0.0397  v 0.003  ev +0.82  adv_std 0.069  tR +1.00  ent[s/d/p/e] 1.83/2.32/0.94/0.60  emits 0.55  spf 54.9  z0 0.68  garr 61.8  tG 487  e2 0.12  nF 6.0  pS 0.30  ptS 0.29  fLog 0.57  pdΔ -0.1965  pkR 5.78  clip 0.09  kl +0.003
upd   49  steps  102400  sps 1188  opp symm  loss -0.018  pg +0.0091  v 0.004  ev +0.81  adv_std 0.086  tR +0.00  ent[s/d/p/e] 1.85/2.37/0.97/0.60  emits 0.56  spf 55.4  z0 0.67  garr 68.7  tG 533  e2 0.12  nF 6.1  pS 0.32  ptS 0.31  fLog 0.58  pdΔ -0.1828  pkR 5.53  clip 0.09  kl -0.000
upd   50  steps  104448  sps 1202  opp symm  loss +0.017  pg +0.0439  v 0.005  ev +0.73  adv_std 0.099  tR -0.33  ent[s/d/p/e] 1.85/2.37/0.97/0.64  emits 0.69  spf 55.6  z0 0.61  garr 73.3  tG 571  e2 0.16  nF 6.7  pS 0.33  ptS 0.32  fLog 0.58  pdΔ -0.1658  pkR 4.91  clip 0.07  kl +0.003
upd   51  steps  106496  sps 1217  opp symm  loss -0.043  pg -0.0144  v 0.002  ev +0.91  adv_std 0.057  tR +0.00  ent[s/d/p/e] 1.82/2.37/0.99/0.61  emits 0.54  spf 60.3  z0 0.67  garr 79.3  tG 633  e2 0.12  nF 6.4  pS 0.35  ptS 0.34  fLog 0.59  pdΔ -0.1516  pkR 4.27  clip 0.12  kl +0.004
upd   52  steps  108544  sps 1231  opp symm  loss -0.081  pg -0.0533  v 0.004  ev +0.81  adv_std 0.096  tR +0.20  ent[s/d/p/e] 1.92/2.42/0.96/0.64  emits 0.66  spf 62.2  z0 0.63  garr 78.4  tG 634  e2 0.15  nF 6.6  pS 0.35  ptS 0.33  fLog 0.59  pdΔ -0.1527  pkR 5.10  clip 0.10  kl +0.002
upd   53  steps  110592  sps 1245  opp symm  loss -0.017  pg +0.0119  v 0.002  ev +0.87  adv_std 0.058  tR +0.00  ent[s/d/p/e] 1.87/2.34/0.98/0.65  emits 0.79  spf 54.3  z0 0.57  garr 72.8  tG 588  e2 0.19  nF 7.7  pS 0.35  ptS 0.34  fLog 0.57  pdΔ -0.1530  pkR 3.99  clip 0.11  kl +0.004
upd   54  steps  112640  sps 1259  opp symm  loss -0.061  pg -0.0327  v 0.003  ev +0.84  adv_std 0.069  tR -1.00  ent[s/d/p/e] 1.96/2.38/0.92/0.65  emits 0.74  spf 52.4  z0 0.59  garr 68.7  tG 572  e2 0.17  nF 8.8  pS 0.36  ptS 0.36  fLog 0.57  pdΔ -0.1365  pkR 5.08  clip 0.20  kl +0.006
upd   55  steps  114688  sps 1273  opp symm  loss -0.025  pg +0.0005  v 0.009  ev +0.57  adv_std 0.132  tR +0.20  ent[s/d/p/e] 1.98/2.37/0.92/0.66  emits 0.98  spf 47.5  z0 0.54  garr 64.7  tG 534  e2 0.25  nF 9.8  pS 0.37  ptS 0.36  fLog 0.55  pdΔ -0.1336  pkR 5.51  clip 0.15  kl +0.004
upd   56  steps  116736  sps 1286  opp symm  loss -0.025  pg +0.0015  v 0.007  ev +0.72  adv_std 0.115  tR +0.00  ent[s/d/p/e] 1.97/2.38/0.95/0.64  emits 0.96  spf 44.2  z0 0.54  garr 54.5  tG 460  e2 0.22  nF 10.8  pS 0.36  ptS 0.34  fLog 0.54  pdΔ -0.1440  pkR 5.23  clip 0.11  kl +0.004
upd   57  steps  118784  sps 1300  opp symm  loss +0.001  pg +0.0291  v 0.003  ev +0.87  adv_std 0.068  tR +0.00  ent[s/d/p/e] 1.92/2.35/0.96/0.65  emits 0.98  spf 39.1  z0 0.54  garr 49.1  tG 409  e2 0.23  nF 11.8  pS 0.35  ptS 0.33  fLog 0.52  pdΔ -0.1512  pkR 5.98  clip 0.09  kl +0.002
upd   58  steps  120832  sps 1313  opp symm  loss -0.018  pg +0.0090  v 0.006  ev +0.81  adv_std 0.110  tR -0.20  ent[s/d/p/e] 1.92/2.35/0.95/0.66  emits 0.92  spf 41.6  z0 0.53  garr 51.7  tG 442  e2 0.23  nF 11.0  pS 0.36  ptS 0.35  fLog 0.54  pdΔ -0.1359  pkR 5.11  clip 0.04  kl +0.000
upd   59  steps  122880  sps 1326  opp symm  loss -0.011  pg +0.0154  v 0.006  ev +0.84  adv_std 0.107  tR +0.20  ent[s/d/p/e] 1.90/2.34/0.95/0.63  emits 0.86  spf 43.4  z0 0.55  garr 51.3  tG 444  e2 0.20  nF 10.1  pS 0.36  ptS 0.35  fLog 0.54  pdΔ -0.1416  pkR 4.81  clip 0.25  kl +0.006
upd   60  steps  124928  sps 1339  opp symm  loss +0.005  pg +0.0312  v 0.005  ev +0.87  adv_std 0.103  tR +0.20  ent[s/d/p/e] 1.97/2.39/0.90/0.62  emits 1.05  spf 43.4  z0 0.53  garr 47.3  tG 419  e2 0.24  nF 10.9  pS 0.35  ptS 0.34  fLog 0.54  pdΔ -0.1458  pkR 5.36  clip 0.20  kl +0.006
upd   61  steps  126976  sps 1351  opp symm  loss -0.022  pg +0.0059  v 0.004  ev +0.93  adv_std 0.085  tR +0.00  ent[s/d/p/e] 1.98/2.40/0.93/0.61  emits 0.93  spf 41.4  z0 0.56  garr 42.9  tG 378  e2 0.22  nF 10.4  pS 0.34  ptS 0.33  fLog 0.54  pdΔ -0.1565  pkR 4.89  clip 0.21  kl +0.005
upd   62  steps  129024  sps 1364  opp symm  loss -0.021  pg +0.0047  v 0.007  ev +0.82  adv_std 0.122  tR -0.33  ent[s/d/p/e] 1.89/2.38/0.97/0.60  emits 0.73  spf 42.0  z0 0.62  garr 42.9  tG 319  e2 0.18  nF 8.0  pS 0.31  ptS 0.29  fLog 0.55  pdΔ -0.1947  pkR 6.31  clip 0.09  kl +0.002
upd   63  steps  131072  sps 1376  opp symm  loss -0.002  pg +0.0258  v 0.002  ev +0.93  adv_std 0.064  tR -1.00  ent[s/d/p/e] 1.85/2.39/0.95/0.61  emits 0.86  spf 42.3  z0 0.57  garr 47.1  tG 349  e2 0.20  nF 8.2  pS 0.32  ptS 0.31  fLog 0.54  pdΔ -0.1798  pkR 7.20  clip 0.11  kl +0.003
upd   64  steps  133120  sps 1388  opp symm  loss -0.016  pg +0.0108  v 0.004  ev +0.87  adv_std 0.093  tR +0.00  ent[s/d/p/e] 1.87/2.37/0.94/0.63  emits 0.99  spf 40.0  z0 0.53  garr 47.0  tG 362  e2 0.23  nF 9.6  pS 0.34  ptS 0.33  fLog 0.53  pdΔ -0.1581  pkR 6.67  clip 0.13  kl +0.006
upd   65  steps  135168  sps 1400  opp symm  loss +0.003  pg +0.0304  v 0.004  ev +0.87  adv_std 0.085  tR +0.33  ent[s/d/p/e] 1.92/2.41/0.93/0.64  emits 0.82  spf 44.2  z0 0.59  garr 52.0  tG 401  e2 0.19  nF 9.3  pS 0.35  ptS 0.34  fLog 0.55  pdΔ -0.1498  pkR 5.78  clip 0.14  kl +0.009
upd   66  steps  137216  sps 1412  opp symm  loss -0.056  pg -0.0280  v 0.003  ev +0.93  adv_std 0.075  tR +0.33  ent[s/d/p/e] 1.87/2.39/0.91/0.62  emits 0.91  spf 41.7  z0 0.57  garr 51.1  tG 395  e2 0.22  nF 9.4  pS 0.33  ptS 0.32  fLog 0.54  pdΔ -0.1656  pkR 5.31  clip 0.15  kl +0.002
upd   67  steps  139264  sps 1423  opp symm  loss -0.027  pg +0.0002  v 0.004  ev +0.89  adv_std 0.090  tR -1.00  ent[s/d/p/e] 1.88/2.36/0.95/0.62  emits 0.79  spf 47.2  z0 0.59  garr 52.3  tG 409  e2 0.19  nF 8.7  pS 0.33  ptS 0.32  fLog 0.56  pdΔ -0.1725  pkR 5.93  clip 0.16  kl +0.007
upd   68  steps  141312  sps 1435  opp symm  loss +0.009  pg +0.0362  v 0.003  ev +0.93  adv_std 0.080  tR -1.00  ent[s/d/p/e] 1.91/2.37/0.89/0.61  emits 0.76  spf 49.3  z0 0.62  garr 56.6  tG 465  e2 0.18  nF 8.2  pS 0.34  ptS 0.33  fLog 0.56  pdΔ -0.1595  pkR 4.83  clip 0.35  kl +0.015
upd   69  steps  143360  sps 1446  opp symm  loss -0.030  pg -0.0023  v 0.002  ev +0.96  adv_std 0.067  tR +1.00  ent[s/d/p/e] 1.88/2.33/0.90/0.63  emits 0.95  spf 45.7  z0 0.55  garr 52.6  tG 479  e2 0.23  nF 9.9  pS 0.36  ptS 0.36  fLog 0.54  pdΔ -0.1366  pkR 7.69  clip 0.19  kl +0.004
upd   70  steps  145408  sps 1457  opp symm  loss -0.060  pg -0.0336  v 0.004  ev +0.93  adv_std 0.090  tR +0.50  ent[s/d/p/e] 1.89/2.30/0.88/0.63  emits 0.87  spf 41.1  z0 0.57  garr 52.1  tG 484  e2 0.22  nF 9.9  pS 0.36  ptS 0.35  fLog 0.53  pdΔ -0.1428  pkR 11.01  clip 0.05  kl +0.002
upd   71  steps  147456  sps 1468  opp symm  loss -0.023  pg +0.0036  v 0.005  ev +0.91  adv_std 0.099  tR +0.00  ent[s/d/p/e] 1.86/2.29/0.96/0.62  emits 0.82  spf 40.1  z0 0.58  garr 47.6  tG 425  e2 0.20  nF 9.2  pS 0.33  ptS 0.33  fLog 0.53  pdΔ -0.1678  pkR 13.63  clip 0.13  kl +0.002
upd   72  steps  149504  sps 1479  opp symm  loss -0.002  pg +0.0251  v 0.004  ev +0.93  adv_std 0.083  tR -0.33  ent[s/d/p/e] 1.80/2.29/0.97/0.61  emits 0.69  spf 43.6  z0 0.63  garr 46.4  tG 379  e2 0.17  nF 7.9  pS 0.31  ptS 0.31  fLog 0.55  pdΔ -0.1873  pkR 5.83  clip 0.14  kl +0.001
upd   73  steps  151552  sps 1490  opp symm  loss +0.016  pg +0.0434  v 0.003  ev +0.93  adv_std 0.079  tR -1.00  ent[s/d/p/e] 1.82/2.32/0.99/0.62  emits 0.76  spf 43.4  z0 0.59  garr 50.8  tG 421  e2 0.19  nF 8.0  pS 0.33  ptS 0.32  fLog 0.55  pdΔ -0.1715  pkR 4.18  clip 0.11  kl +0.002
upd   74  steps  153600  sps 1500  opp symm  loss -0.001  pg +0.0254  v 0.007  ev +0.90  adv_std 0.108  tR -1.00  ent[s/d/p/e] 1.88/2.36/0.95/0.63  emits 0.77  spf 46.3  z0 0.58  garr 50.2  tG 413  e2 0.18  nF 8.9  pS 0.33  ptS 0.33  fLog 0.55  pdΔ -0.1655  pkR 4.55  clip 0.17  kl +0.006
upd   75  steps  155648  sps 1511  opp symm  loss -0.011  pg +0.0148  v 0.008  ev +0.88  adv_std 0.122  tR -0.33  ent[s/d/p/e] 1.87/2.36/1.01/0.61  emits 0.60  spf 50.1  z0 0.65  garr 55.8  tG 457  e2 0.14  nF 7.7  pS 0.33  ptS 0.32  fLog 0.57  pdΔ -0.1712  pkR 5.00  clip 0.06  kl +0.003
upd   76  steps  157696  sps 1521  opp symm  loss -0.026  pg -0.0023  v 0.009  ev +0.87  adv_std 0.133  tR -0.33  ent[s/d/p/e] 1.76/2.30/0.99/0.60  emits 0.55  spf 51.9  z0 0.65  garr 62.6  tG 523  e2 0.12  nF 6.3  pS 0.32  ptS 0.32  fLog 0.57  pdΔ -0.1767  pkR 5.98  clip 0.11  kl +0.004
upd   77  steps  159744  sps 1531  opp symm  loss +0.001  pg +0.0250  v 0.008  ev +0.88  adv_std 0.128  tR +0.17  ent[s/d/p/e] 1.78/2.33/0.91/0.58  emits 0.51  spf 56.8  z0 0.68  garr 60.9  tG 457  e2 0.11  nF 5.4  pS 0.29  ptS 0.28  fLog 0.57  pdΔ -0.2097  pkR 6.38  clip 0.04  kl +0.002
upd   78  steps  161792  sps 1541  opp symm  loss +0.006  pg +0.0316  v 0.002  ev +0.95  adv_std 0.060  tR +0.00  ent[s/d/p/e] 1.48/2.21/1.04/0.55  emits 0.46  spf 49.3  z0 0.69  garr 54.6  tG 361  e2 0.10  nF 4.7  pS 0.25  ptS 0.24  fLog 0.57  pdΔ -0.2546  pkR 5.34  clip 0.11  kl +0.002
upd   79  steps  163840  sps 1551  opp symm  loss -0.015  pg +0.0120  v 0.004  ev +0.92  adv_std 0.083  tR +1.00  ent[s/d/p/e] 1.66/2.28/1.04/0.59  emits 0.49  spf 56.1  z0 0.68  garr 60.6  tG 428  e2 0.10  nF 4.9  pS 0.27  ptS 0.26  fLog 0.58  pdΔ -0.2299  pkR 5.31  clip 0.11  kl +0.002
upd   80  steps  165888  sps 1561  opp symm  loss -0.009  pg +0.0177  v 0.003  ev +0.94  adv_std 0.076  tR -0.50  ent[s/d/p/e] 1.67/2.29/1.06/0.57  emits 0.43  spf 59.0  z0 0.70  garr 68.6  tG 529  e2 0.09  nF 4.6  pS 0.29  ptS 0.28  fLog 0.60  pdΔ -0.2058  pkR 5.44  clip 0.06  kl +0.002
upd   81  steps  167936  sps 1571  opp symm  loss +0.005  pg +0.0305  v 0.005  ev +0.88  adv_std 0.099  tR -0.50  ent[s/d/p/e] 1.67/2.32/1.10/0.57  emits 0.40  spf 67.4  z0 0.71  garr 78.2  tG 595  e2 0.08  nF 3.7  pS 0.30  ptS 0.29  fLog 0.61  pdΔ -0.2023  pkR 5.01  clip 0.06  kl +0.001
upd   82  steps  169984  sps 1580  opp symm  loss +0.010  pg +0.0376  v 0.002  ev +0.95  adv_std 0.067  tR +0.00  ent[s/d/p/e] 1.69/2.32/1.11/0.56  emits 0.43  spf 66.0  z0 0.71  garr 79.9  tG 596  e2 0.08  nF 4.0  pS 0.29  ptS 0.28  fLog 0.60  pdΔ -0.2052  pkR 5.03  clip 0.08  kl +0.002
upd   83  steps  172032  sps 1590  opp symm  loss -0.035  pg -0.0081  v 0.004  ev +0.92  adv_std 0.082  tR +0.20  ent[s/d/p/e] 1.64/2.37/1.20/0.53  emits 0.35  spf 74.9  z0 0.75  garr 86.5  tG 614  e2 0.07  nF 3.6  pS 0.28  ptS 0.27  fLog 0.62  pdΔ -0.2218  pkR 5.65  clip 0.05  kl +0.000
upd   84  steps  174080  sps 1599  opp symm  loss +0.004  pg +0.0311  v 0.003  ev +0.93  adv_std 0.080  tR -1.00  ent[s/d/p/e] 1.72/2.37/1.15/0.55  emits 0.37  spf 77.6  z0 0.74  garr 88.7  tG 627  e2 0.07  nF 3.5  pS 0.29  ptS 0.28  fLog 0.63  pdΔ -0.2148  pkR 5.77  clip 0.06  kl +0.001
upd   85  steps  176128  sps 1608  opp symm  loss -0.019  pg +0.0084  v 0.002  ev +0.97  adv_std 0.055  tR +1.00  ent[s/d/p/e] 1.73/2.32/1.13/0.55  emits 0.37  spf 71.0  z0 0.74  garr 92.0  tG 684  e2 0.08  nF 3.5  pS 0.30  ptS 0.29  fLog 0.61  pdΔ -0.1968  pkR 6.54  clip 0.09  kl +0.004
upd   86  steps  178176  sps 1618  opp symm  loss +0.036  pg +0.0614  v 0.007  ev +0.88  adv_std 0.111  tR -0.50  ent[s/d/p/e] 1.82/2.39/1.17/0.53  emits 0.40  spf 78.1  z0 0.73  garr 93.1  tG 677  e2 0.08  nF 3.9  pS 0.30  ptS 0.29  fLog 0.63  pdΔ -0.1995  pkR 6.50  clip 0.15  kl +0.007
upd   87  steps  180224  sps 1627  opp symm  loss -0.010  pg +0.0178  v 0.003  ev +0.94  adv_std 0.078  tR -1.00  ent[s/d/p/e] 1.83/2.37/1.06/0.58  emits 0.46  spf 69.4  z0 0.70  garr 86.7  tG 636  e2 0.09  nF 4.6  pS 0.31  ptS 0.30  fLog 0.60  pdΔ -0.1884  pkR 4.70  clip 0.22  kl +0.004
upd   88  steps  182272  sps 1636  opp symm  loss +0.030  pg +0.0564  v 0.005  ev +0.91  adv_std 0.098  tR +0.50  ent[s/d/p/e] 1.92/2.41/1.09/0.56  emits 0.44  spf 66.6  z0 0.72  garr 81.9  tG 611  e2 0.10  nF 5.0  pS 0.33  ptS 0.31  fLog 0.60  pdΔ -0.1738  pkR 6.21  clip 0.05  kl -0.000
upd   89  steps  184320  sps 1644  opp symm  loss +0.001  pg +0.0274  v 0.005  ev +0.89  adv_std 0.101  tR +0.20  ent[s/d/p/e] 1.88/2.41/1.09/0.54  emits 0.44  spf 58.6  z0 0.72  garr 86.7  tG 616  e2 0.10  nF 5.3  pS 0.32  ptS 0.30  fLog 0.59  pdΔ -0.1838  pkR 5.22  clip 0.07  kl +0.003
upd   90  steps  186368  sps 1653  opp symm  loss +0.014  pg +0.0396  v 0.006  ev +0.85  adv_std 0.111  tR +0.00  ent[s/d/p/e] 1.84/2.41/1.12/0.55  emits 0.43  spf 60.8  z0 0.72  garr 92.9  tG 626  e2 0.08  nF 5.0  pS 0.31  ptS 0.29  fLog 0.58  pdΔ -0.1943  pkR 4.21  clip 0.05  kl +0.001
upd   91  steps  188416  sps 1662  opp symm  loss +0.020  pg +0.0479  v 0.003  ev +0.93  adv_std 0.079  tR +0.00  ent[s/d/p/e] 1.81/2.42/1.23/0.52  emits 0.38  spf 68.7  z0 0.75  garr 93.4  tG 617  e2 0.07  nF 4.5  pS 0.30  ptS 0.29  fLog 0.61  pdΔ -0.1972  pkR 4.63  clip 0.08  kl +0.000
upd   92  steps  190464  sps 1670  opp symm  loss -0.054  pg -0.0278  v 0.004  ev +0.92  adv_std 0.086  tR +0.00  ent[s/d/p/e] 1.77/2.39/1.13/0.49  emits 0.35  spf 59.7  z0 0.75  garr 88.8  tG 597  e2 0.07  nF 3.9  pS 0.29  ptS 0.27  fLog 0.60  pdΔ -0.2129  pkR 5.34  clip 0.13  kl +0.004
upd   93  steps  192512  sps 1679  opp symm  loss -0.069  pg -0.0476  v 0.013  ev +0.73  adv_std 0.160  tR +0.27  ent[s/d/p/e] 1.61/2.31/1.14/0.53  emits 0.37  spf 54.3  z0 0.75  garr 77.4  tG 502  e2 0.07  nF 3.8  pS 0.25  ptS 0.24  fLog 0.57  pdΔ -0.2546  pkR 7.17  clip 0.06  kl +0.003
upd   94  steps  194560  sps 1687  opp symm  loss +0.006  pg +0.0345  v 0.002  ev +0.97  adv_std 0.058  tR -1.00  ent[s/d/p/e] 1.72/2.32/1.13/0.57  emits 0.46  spf 49.1  z0 0.71  garr 68.7  tG 476  e2 0.10  nF 4.8  pS 0.27  ptS 0.26  fLog 0.57  pdΔ -0.2328  pkR 7.90  clip 0.05  kl +0.001
upd   95  steps  196608  sps 1695  opp symm  loss -0.013  pg +0.0148  v 0.003  ev +0.96  adv_std 0.073  tR -1.00  ent[s/d/p/e] 1.82/2.39/1.17/0.57  emits 0.42  spf 55.1  z0 0.72  garr 74.7  tG 550  e2 0.09  nF 5.1  pS 0.30  ptS 0.30  fLog 0.58  pdΔ -0.1953  pkR 7.44  clip 0.06  kl +0.003
upd   96  steps  198656  sps 1703  opp symm  loss -0.068  pg -0.0393  v 0.004  ev +0.94  adv_std 0.092  tR -0.71  ent[s/d/p/e] 1.99/2.48/1.16/0.59  emits 0.48  spf 60.4  z0 0.69  garr 78.2  tG 586  e2 0.10  nF 5.1  pS 0.33  ptS 0.32  fLog 0.60  pdΔ -0.1668  pkR 6.42  clip 0.08  kl +0.002
upd   97  steps  200704  sps 1711  opp symm  loss -0.025  pg +0.0023  v 0.004  ev +0.92  adv_std 0.093  tR +0.00  ent[s/d/p/e] 1.98/2.43/1.09/0.57  emits 0.47  spf 63.5  z0 0.71  garr 81.6  tG 656  e2 0.10  nF 4.8  pS 0.35  ptS 0.33  fLog 0.60  pdΔ -0.1468  pkR 5.35  clip 0.10  kl +0.001
upd   98  steps  202752  sps 1719  opp symm  loss +0.020  pg +0.0485  v 0.004  ev +0.93  adv_std 0.085  tR +0.20  ent[s/d/p/e] 2.03/2.49/1.17/0.58  emits 0.54  spf 61.2  z0 0.69  garr 83.7  tG 671  e2 0.12  nF 5.5  pS 0.36  ptS 0.34  fLog 0.60  pdΔ -0.1405  pkR 4.31  clip 0.07  kl +0.002
[eval_vs_v20] u99 tag=train_u99  bin0=0.0%  spf=28.00  garr=113.90  flip=20.00%  z0=62.7%  e8=0.0%  e2+=1.2%  WLD=0/3/0
upd   99  steps  204800  sps 1727  opp symm  loss -0.024  pg +0.0052  v 0.002  ev +0.96  adv_std 0.063  tR -0.33  ent[s/d/p/e] 2.09/2.50/1.13/0.58  emits 0.52  spf 61.2  z0 0.69  garr 86.7  tG 693  e2 0.11  nF 5.9  pS 0.37  ptS 0.35  fLog 0.60  pdΔ -0.1348  pkR 3.86  clip 0.06  kl +0.001 WRr 0.12 v20[spf 28.0 flip 20.0% e2+ 1.2%]
upd  100  steps  206848  sps 936  opp symm  loss -0.001  pg +0.0281  v 0.002  ev +0.95  adv_std 0.067  tR +0.33  ent[s/d/p/e] 2.08/2.51/1.15/0.57  emits 0.45  spf 69.4  z0 0.73  garr 102.2  tG 822  e2 0.09  nF 4.8  pS 0.37  ptS 0.36  fLog 0.61  pdΔ -0.1268  pkR 4.07  clip 0.08  kl +0.002
upd  101  steps  208896  sps 943  opp symm  loss -0.028  pg +0.0013  v 0.002  ev +0.95  adv_std 0.070  tR +0.00  ent[s/d/p/e] 2.08/2.52/1.13/0.56  emits 0.44  spf 74.9  z0 0.72  garr 109.6  tG 928  e2 0.09  nF 4.7  pS 0.38  ptS 0.37  fLog 0.62  pdΔ -0.1193  pkR 4.03  clip 0.08  kl +0.002
upd  102  steps  210944  sps 949  opp symm  loss -0.019  pg +0.0097  v 0.003  ev +0.93  adv_std 0.079  tR -0.33  ent[s/d/p/e] 2.08/2.44/1.09/0.58  emits 0.53  spf 72.5  z0 0.67  garr 107.8  tG 945  e2 0.11  nF 5.1  pS 0.38  ptS 0.38  fLog 0.62  pdΔ -0.1160  pkR 3.91  clip 0.07  kl +0.001
upd  103  steps  212992  sps 956  opp symm  loss +0.005  pg +0.0339  v 0.003  ev +0.95  adv_std 0.073  tR +1.00  ent[s/d/p/e] 2.03/2.38/1.08/0.59  emits 0.58  spf 67.8  z0 0.65  garr 104.3  tG 903  e2 0.13  nF 6.1  pS 0.37  ptS 0.36  fLog 0.59  pdΔ -0.1306  pkR 4.45  clip 0.06  kl +0.003
upd  104  steps  215040  sps 962  opp symm  loss -0.024  pg +0.0042  v 0.003  ev +0.94  adv_std 0.072  tR +0.20  ent[s/d/p/e] 1.95/2.38/1.12/0.59  emits 0.54  spf 66.1  z0 0.68  garr 101.4  tG 808  e2 0.12  nF 6.3  pS 0.34  ptS 0.33  fLog 0.59  pdΔ -0.1601  pkR 3.63  clip 0.16  kl +0.006
upd  105  steps  217088  sps 969  opp symm  loss -0.019  pg +0.0073  v 0.005  ev +0.89  adv_std 0.101  tR +1.00  ent[s/d/p/e] 1.90/2.37/1.10/0.54  emits 0.44  spf 65.9  z0 0.72  garr 98.5  tG 805  e2 0.09  nF 5.4  pS 0.33  ptS 0.33  fLog 0.60  pdΔ -0.1666  pkR 5.48  clip 0.10  kl +0.005
upd  106  steps  219136  sps 975  opp symm  loss -0.089  pg -0.0617  v 0.005  ev +0.93  adv_std 0.101  tR +0.75  ent[s/d/p/e] 1.87/2.37/1.12/0.57  emits 0.51  spf 60.0  z0 0.69  garr 97.7  tG 817  e2 0.11  nF 5.4  pS 0.33  ptS 0.32  fLog 0.58  pdΔ -0.1720  pkR 6.04  clip 0.10  kl +0.002
upd  107  steps  221184  sps 981  opp symm  loss -0.057  pg -0.0315  v 0.006  ev +0.90  adv_std 0.109  tR -1.00  ent[s/d/p/e] 1.75/2.23/1.08/0.57  emits 0.50  spf 55.9  z0 0.70  garr 98.3  tG 808  e2 0.11  nF 5.5  pS 0.31  ptS 0.31  fLog 0.57  pdΔ -0.1863  pkR 6.02  clip 0.13  kl +0.006
upd  108  steps  223232  sps 987  opp symm  loss -0.031  pg -0.0067  v 0.007  ev +0.91  adv_std 0.119  tR +0.00  ent[s/d/p/e] 1.83/2.29/1.06/0.54  emits 0.44  spf 56.7  z0 0.72  garr 95.0  tG 755  e2 0.09  nF 5.3  pS 0.31  ptS 0.31  fLog 0.57  pdΔ -0.1905  pkR 5.57  clip 0.08  kl +0.002
upd  109  steps  225280  sps 994  opp symm  loss +0.018  pg +0.0433  v 0.005  ev +0.91  adv_std 0.098  tR +0.33  ent[s/d/p/e] 1.74/2.26/1.04/0.52  emits 0.44  spf 51.5  z0 0.71  garr 79.0  tG 570  e2 0.08  nF 4.8  pS 0.28  ptS 0.27  fLog 0.57  pdΔ -0.2222  pkR 7.60  clip 0.04  kl +0.001
upd  110  steps  227328  sps 1000  opp symm  loss -0.010  pg +0.0179  v 0.002  ev +0.98  adv_std 0.059  tR +0.00  ent[s/d/p/e] 1.89/2.38/1.07/0.54  emits 0.52  spf 54.8  z0 0.70  garr 83.4  tG 603  e2 0.10  nF 5.6  pS 0.30  ptS 0.29  fLog 0.58  pdΔ -0.1975  pkR 7.14  clip 0.14  kl +0.003
upd  111  steps  229376  sps 1006  opp symm  loss +0.068  pg +0.0960  v 0.003  ev +0.96  adv_std 0.079  tR -0.20  ent[s/d/p/e] 1.97/2.37/1.04/0.57  emits 0.62  spf 49.3  z0 0.67  garr 84.8  tG 614  e2 0.13  nF 6.7  pS 0.32  ptS 0.31  fLog 0.56  pdΔ -0.1813  pkR 7.39  clip 0.10  kl +0.002
upd  112  steps  231424  sps 1012  opp symm  loss -0.035  pg -0.0087  v 0.006  ev +0.92  adv_std 0.109  tR -0.67  ent[s/d/p/e] 1.95/2.39/1.05/0.55  emits 0.57  spf 52.9  z0 0.68  garr 74.4  tG 547  e2 0.13  nF 6.6  pS 0.32  ptS 0.31  fLog 0.58  pdΔ -0.1822  pkR 6.30  clip 0.16  kl +0.006
upd  113  steps  233472  sps 1018  opp symm  loss -0.001  pg +0.0259  v 0.005  ev +0.93  adv_std 0.096  tR -0.50  ent[s/d/p/e] 2.05/2.42/1.02/0.57  emits 0.68  spf 50.2  z0 0.65  garr 68.4  tG 548  e2 0.15  nF 7.3  pS 0.34  ptS 0.33  fLog 0.57  pdΔ -0.1621  pkR 9.12  clip 0.09  kl +0.001
upd  114  steps  235520  sps 1024  opp symm  loss -0.019  pg +0.0092  v 0.003  ev +0.95  adv_std 0.078  tR +1.00  ent[s/d/p/e] 2.02/2.41/1.04/0.56  emits 0.60  spf 47.5  z0 0.66  garr 67.0  tG 525  e2 0.14  nF 7.4  pS 0.35  ptS 0.34  fLog 0.57  pdΔ -0.1528  pkR 7.35  clip 0.14  kl +0.008
upd  115  steps  237568  sps 1030  opp symm  loss -0.004  pg +0.0242  v 0.003  ev +0.96  adv_std 0.081  tR -0.20  ent[s/d/p/e] 2.14/2.50/1.01/0.56  emits 0.63  spf 50.8  z0 0.69  garr 73.6  tG 570  e2 0.13  nF 7.0  pS 0.36  ptS 0.34  fLog 0.58  pdΔ -0.1435  pkR 7.76  clip 0.12  kl +0.004
upd  116  steps  239616  sps 1036  opp symm  loss +0.041  pg +0.0698  v 0.002  ev +0.96  adv_std 0.068  tR +1.00  ent[s/d/p/e] 2.20/2.52/0.98/0.55  emits 0.67  spf 49.0  z0 0.66  garr 80.8  tG 579  e2 0.14  nF 7.7  pS 0.36  ptS 0.35  fLog 0.58  pdΔ -0.1360  pkR 3.95  clip 0.10  kl +0.003
upd  117  steps  241664  sps 1042  opp symm  loss +0.017  pg +0.0448  v 0.003  ev +0.95  adv_std 0.083  tR +1.00  ent[s/d/p/e] 2.17/2.48/1.01/0.52  emits 0.52  spf 50.8  z0 0.72  garr 94.7  tG 655  e2 0.10  nF 7.1  pS 0.35  ptS 0.33  fLog 0.56  pdΔ -0.1489  pkR 4.21  clip 0.08  kl -0.002
upd  118  steps  243712  sps 1048  opp symm  loss -0.008  pg +0.0184  v 0.004  ev +0.95  adv_std 0.085  tR +0.60  ent[s/d/p/e] 2.05/2.44/1.05/0.46  emits 0.32  spf 61.1  z0 0.80  garr 117.4  tG 788  e2 0.06  nF 4.7  pS 0.33  ptS 0.31  fLog 0.60  pdΔ -0.1711  pkR 4.33  clip 0.05  kl +0.002
upd  119  steps  245760  sps 1054  opp symm  loss -0.016  pg +0.0085  v 0.005  ev +0.94  adv_std 0.096  tR -0.20  ent[s/d/p/e] 2.03/2.48/1.04/0.43  emits 0.32  spf 68.6  z0 0.81  garr 134.1  tG 898  e2 0.06  nF 3.7  pS 0.32  ptS 0.30  fLog 0.61  pdΔ -0.1849  pkR 4.29  clip 0.04  kl +0.000
upd  120  steps  247808  sps 1060  opp symm  loss -0.004  pg +0.0197  v 0.006  ev +0.92  adv_std 0.103  tR -0.33  ent[s/d/p/e] 1.84/2.39/1.08/0.42  emits 0.25  spf 78.2  z0 0.83  garr 145.1  tG 1006  e2 0.04  nF 3.2  pS 0.31  ptS 0.29  fLog 0.63  pdΔ -0.1875  pkR 4.65  clip 0.07  kl +0.001
upd  121  steps  249856  sps 1066  opp symm  loss -0.013  pg +0.0117  v 0.005  ev +0.93  adv_std 0.096  tR -0.50  ent[s/d/p/e] 1.94/2.46/1.02/0.43  emits 0.32  spf 70.9  z0 0.81  garr 152.1  tG 1053  e2 0.05  nF 3.6  pS 0.31  ptS 0.29  fLog 0.60  pdΔ -0.1879  pkR 4.66  clip 0.07  kl +0.001
upd  122  steps  251904  sps 1071  opp symm  loss -0.032  pg -0.0069  v 0.006  ev +0.90  adv_std 0.114  tR -0.67  ent[s/d/p/e] 2.01/2.51/1.08/0.47  emits 0.37  spf 70.4  z0 0.78  garr 149.4  tG 1057  e2 0.07  nF 4.4  pS 0.32  ptS 0.30  fLog 0.60  pdΔ -0.1784  pkR 4.75  clip 0.07  kl +0.001
upd  123  steps  253952  sps 1077  opp symm  loss -0.060  pg -0.0348  v 0.004  ev +0.91  adv_std 0.094  tR +0.60  ent[s/d/p/e] 2.00/2.53/1.08/0.39  emits 0.27  spf 68.0  z0 0.83  garr 136.4  tG 941  e2 0.05  nF 3.9  pS 0.31  ptS 0.29  fLog 0.61  pdΔ -0.1905  pkR 5.31  clip 0.08  kl +0.001
upd  124  steps  256000  sps 1083  opp symm  loss -0.011  pg +0.0100  v 0.009  ev +0.85  adv_std 0.132  tR -0.11  ent[s/d/p/e] 1.72/2.46/1.13/0.34  emits 0.18  spf 69.6  z0 0.86  garr 147.9  tG 956  e2 0.02  nF 2.1  pS 0.27  ptS 0.26  fLog 0.62  pdΔ -0.2299  pkR 6.40  clip 0.05  kl -0.000
upd  125  steps  258048  sps 1089  opp symm  loss -0.034  pg -0.0094  v 0.002  ev +0.95  adv_std 0.067  tR -1.00  ent[s/d/p/e] 1.81/2.46/1.05/0.38  emits 0.21  spf 60.4  z0 0.87  garr 157.6  tG 1030  e2 0.04  nF 2.3  pS 0.28  ptS 0.26  fLog 0.59  pdΔ -0.2237  pkR 5.07  clip 0.07  kl +0.003
upd  126  steps  260096  sps 1094  opp symm  loss -0.063  pg -0.0384  v 0.004  ev +0.93  adv_std 0.090  tR +0.00  ent[s/d/p/e] 1.96/2.49/1.04/0.40  emits 0.28  spf 75.7  z0 0.82  garr 177.1  tG 1207  e2 0.05  nF 3.1  pS 0.30  ptS 0.29  fLog 0.62  pdΔ -0.1982  pkR 4.91  clip 0.06  kl -0.000
upd  127  steps  262144  sps 1100  opp symm  loss -0.042  pg -0.0193  v 0.007  ev +0.91  adv_std 0.117  tR -0.33  ent[s/d/p/e] 1.97/2.45/0.97/0.41  emits 0.25  spf 70.8  z0 0.84  garr 183.6  tG 1241  e2 0.05  nF 2.9  pS 0.31  ptS 0.31  fLog 0.61  pdΔ -0.1877  pkR 5.13  clip 0.06  kl -0.001
upd  128  steps  264192  sps 1105  opp symm  loss -0.003  pg +0.0239  v 0.002  ev +0.97  adv_std 0.069  tR +0.33  ent[s/d/p/e] 1.96/2.49/1.03/0.46  emits 0.34  spf 66.1  z0 0.80  garr 178.0  tG 1218  e2 0.07  nF 3.3  pS 0.31  ptS 0.30  fLog 0.60  pdΔ -0.1886  pkR 4.91  clip 0.08  kl -0.000
upd  129  steps  266240  sps 1111  opp symm  loss +0.018  pg +0.0441  v 0.004  ev +0.95  adv_std 0.085  tR -0.33  ent[s/d/p/e] 2.04/2.50/1.00/0.47  emits 0.40  spf 61.9  z0 0.78  garr 167.5  tG 1160  e2 0.08  nF 4.4  pS 0.32  ptS 0.31  fLog 0.59  pdΔ -0.1755  pkR 4.60  clip 0.05  kl -0.001
upd  130  steps  268288  sps 1117  opp symm  loss -0.083  pg -0.0581  v 0.006  ev +0.93  adv_std 0.111  tR +0.00  ent[s/d/p/e] 2.16/2.52/0.99/0.47  emits 0.44  spf 63.2  z0 0.76  garr 161.0  tG 1119  e2 0.09  nF 4.9  pS 0.34  ptS 0.32  fLog 0.60  pdΔ -0.1632  pkR 4.84  clip 0.08  kl +0.000
upd  131  steps  270336  sps 1122  opp symm  loss -0.034  pg -0.0075  v 0.004  ev +0.96  adv_std 0.082  tR -0.33  ent[s/d/p/e] 2.20/2.52/0.94/0.46  emits 0.44  spf 55.4  z0 0.78  garr 153.4  tG 1114  e2 0.08  nF 5.0  pS 0.33  ptS 0.33  fLog 0.58  pdΔ -0.1651  pkR 5.64  clip 0.09  kl +0.005
upd  132  steps  272384  sps 1128  opp symm  loss -0.038  pg -0.0124  v 0.003  ev +0.97  adv_std 0.075  tR +0.33  ent[s/d/p/e] 2.19/2.53/0.91/0.41  emits 0.30  spf 74.4  z0 0.82  garr 168.1  tG 1206  e2 0.06  nF 4.3  pS 0.33  ptS 0.32  fLog 0.61  pdΔ -0.1706  pkR 5.64  clip 0.09  kl +0.002
upd  133  steps  274432  sps 1133  opp symm  loss +0.004  pg +0.0296  v 0.003  ev +0.97  adv_std 0.077  tR +0.14  ent[s/d/p/e] 2.04/2.47/1.03/0.43  emits 0.32  spf 80.5  z0 0.80  garr 157.7  tG 1059  e2 0.07  nF 3.1  pS 0.29  ptS 0.28  fLog 0.63  pdΔ -0.2064  pkR 6.62  clip 0.05  kl -0.001
upd  134  steps  276480  sps 1138  opp symm  loss -0.037  pg -0.0115  v 0.004  ev +0.96  adv_std 0.087  tR -0.20  ent[s/d/p/e] 1.94/2.47/1.08/0.43  emits 0.30  spf 70.1  z0 0.81  garr 147.7  tG 930  e2 0.05  nF 3.1  pS 0.27  ptS 0.26  fLog 0.63  pdΔ -0.2265  pkR 7.58  clip 0.07  kl +0.003
upd  135  steps  278528  sps 1144  opp symm  loss -0.033  pg -0.0078  v 0.006  ev +0.93  adv_std 0.106  tR +0.00  ent[s/d/p/e] 2.08/2.50/0.95/0.49  emits 0.41  spf 65.6  z0 0.78  garr 126.2  tG 771  e2 0.07  nF 3.9  pS 0.28  ptS 0.27  fLog 0.60  pdΔ -0.2230  pkR 7.14  clip 0.09  kl +0.004
upd  136  steps  280576  sps 1149  opp symm  loss +0.002  pg +0.0277  v 0.004  ev +0.94  adv_std 0.090  tR +0.50  ent[s/d/p/e] 1.97/2.46/0.96/0.52  emits 0.44  spf 56.4  z0 0.76  garr 109.9  tG 643  e2 0.08  nF 5.0  pS 0.28  ptS 0.27  fLog 0.58  pdΔ -0.2189  pkR 5.58  clip 0.08  kl +0.005
upd  137  steps  282624  sps 1155  opp symm  loss -0.021  pg +0.0045  v 0.007  ev +0.90  adv_std 0.115  tR +0.33  ent[s/d/p/e] 1.86/2.42/1.06/0.53  emits 0.47  spf 51.9  z0 0.74  garr 95.6  tG 565  e2 0.11  nF 5.2  pS 0.28  ptS 0.27  fLog 0.58  pdΔ -0.2153  pkR 4.33  clip 0.08  kl +0.001
upd  138  steps  284672  sps 1160  opp symm  loss -0.019  pg +0.0069  v 0.004  ev +0.95  adv_std 0.095  tR +0.50  ent[s/d/p/e] 1.92/2.40/1.05/0.53  emits 0.39  spf 53.5  z0 0.77  garr 98.0  tG 634  e2 0.08  nF 4.7  pS 0.30  ptS 0.29  fLog 0.58  pdΔ -0.1967  pkR 4.56  clip 0.04  kl +0.003
upd  139  steps  286720  sps 1165  opp symm  loss -0.045  pg -0.0179  v 0.004  ev +0.97  adv_std 0.084  tR +0.20  ent[s/d/p/e] 1.96/2.43/1.02/0.53  emits 0.43  spf 57.5  z0 0.75  garr 102.6  tG 664  e2 0.09  nF 4.3  pS 0.30  ptS 0.29  fLog 0.59  pdΔ -0.2040  pkR 5.50  clip 0.05  kl +0.005
upd  140  steps  288768  sps 1170  opp symm  loss -0.039  pg -0.0129  v 0.004  ev +0.95  adv_std 0.090  tR +0.50  ent[s/d/p/e] 1.83/2.33/1.02/0.55  emits 0.48  spf 52.8  z0 0.72  garr 80.8  tG 528  e2 0.10  nF 4.9  pS 0.28  ptS 0.27  fLog 0.58  pdΔ -0.2206  pkR 5.83  clip 0.09  kl +0.003
upd  141  steps  290816  sps 1175  opp symm  loss -0.003  pg +0.0241  v 0.003  ev +0.97  adv_std 0.079  tR +0.00  ent[s/d/p/e] 1.90/2.39/0.99/0.57  emits 0.58  spf 47.6  z0 0.67  garr 76.2  tG 511  e2 0.13  nF 6.4  pS 0.30  ptS 0.29  fLog 0.57  pdΔ -0.1954  pkR 6.47  clip 0.11  kl +0.005
upd  142  steps  292864  sps 1181  opp symm  loss -0.011  pg +0.0148  v 0.005  ev +0.95  adv_std 0.105  tR +0.00  ent[s/d/p/e] 1.95/2.42/0.96/0.57  emits 0.56  spf 48.7  z0 0.68  garr 79.3  tG 552  e2 0.12  nF 6.9  pS 0.33  ptS 0.32  fLog 0.57  pdΔ -0.1700  pkR 7.05  clip 0.07  kl +0.002
upd  143  steps  294912  sps 1186  opp symm  loss -0.019  pg +0.0065  v 0.006  ev +0.95  adv_std 0.111  tR +0.67  ent[s/d/p/e] 1.96/2.39/0.95/0.57  emits 0.67  spf 48.5  z0 0.65  garr 78.3  tG 565  e2 0.16  nF 7.2  pS 0.33  ptS 0.32  fLog 0.56  pdΔ -0.1694  pkR 7.45  clip 0.07  kl +0.001
upd  144  steps  296960  sps 1191  opp symm  loss +0.022  pg +0.0486  v 0.003  ev +0.97  adv_std 0.079  tR +0.00  ent[s/d/p/e] 2.01/2.39/0.90/0.57  emits 0.77  spf 43.8  z0 0.63  garr 63.8  tG 449  e2 0.17  nF 8.6  pS 0.32  ptS 0.30  fLog 0.55  pdΔ -0.1825  pkR 8.24  clip 0.11  kl +0.004
upd  145  steps  299008  sps 1196  opp symm  loss -0.034  pg -0.0079  v 0.004  ev +0.96  adv_std 0.092  tR +0.00  ent[s/d/p/e] 1.99/2.35/0.91/0.56  emits 0.80  spf 38.2  z0 0.63  garr 58.2  tG 399  e2 0.18  nF 9.2  pS 0.33  ptS 0.31  fLog 0.53  pdΔ -0.1738  pkR 5.56  clip 0.09  kl +0.003
upd  146  steps  301056  sps 1201  opp symm  loss -0.055  pg -0.0307  v 0.007  ev +0.93  adv_std 0.118  tR +0.50  ent[s/d/p/e] 1.97/2.38/0.92/0.56  emits 0.77  spf 37.7  z0 0.62  garr 55.0  tG 442  e2 0.17  nF 8.9  pS 0.33  ptS 0.32  fLog 0.53  pdΔ -0.1699  pkR 8.24  clip 0.08  kl +0.003
upd  147  steps  303104  sps 1206  opp symm  loss -0.022  pg +0.0039  v 0.003  ev +0.97  adv_std 0.074  tR +0.11  ent[s/d/p/e] 1.80/2.23/0.89/0.56  emits 0.68  spf 32.9  z0 0.66  garr 49.2  tG 336  e2 0.15  nF 8.1  pS 0.28  ptS 0.27  fLog 0.52  pdΔ -0.2225  pkR 10.38  clip 0.16  kl +0.004
upd  148  steps  305152  sps 1211  opp symm  loss +0.029  pg +0.0541  v 0.005  ev +0.93  adv_std 0.096  tR -1.00  ent[s/d/p/e] 1.75/2.22/0.88/0.57  emits 0.73  spf 32.3  z0 0.64  garr 51.4  tG 307  e2 0.17  nF 9.1  pS 0.25  ptS 0.25  fLog 0.50  pdΔ -0.2495  pkR 8.91  clip 0.11  kl +0.002
upd  149  steps  307200  sps 1216  opp symm  loss -0.058  pg -0.0337  v 0.005  ev +0.94  adv_std 0.106  tR -0.67  ent[s/d/p/e] 1.74/2.28/0.90/0.55  emits 0.55  spf 35.1  z0 0.68  garr 55.5  tG 331  e2 0.12  nF 7.8  pS 0.26  ptS 0.25  fLog 0.52  pdΔ -0.2411  pkR 9.86  clip 0.04  kl +0.002
upd  150  steps  309248  sps 1221  opp symm  loss +0.013  pg +0.0383  v 0.004  ev +0.96  adv_std 0.091  tR +0.00  ent[s/d/p/e] 1.75/2.26/0.93/0.53  emits 0.51  spf 36.8  z0 0.72  garr 57.2  tG 351  e2 0.11  nF 6.6  pS 0.26  ptS 0.25  fLog 0.53  pdΔ -0.2427  pkR 6.09  clip 0.06  kl -0.001
upd  151  steps  311296  sps 1226  opp symm  loss +0.035  pg +0.0598  v 0.004  ev +0.96  adv_std 0.085  tR +0.00  ent[s/d/p/e] 1.70/2.20/0.94/0.51  emits 0.51  spf 39.2  z0 0.72  garr 71.0  tG 423  e2 0.11  nF 6.4  pS 0.24  ptS 0.24  fLog 0.53  pdΔ -0.2565  pkR 6.47  clip 0.05  kl +0.002
upd  152  steps  313344  sps 1231  opp symm  loss -0.018  pg +0.0061  v 0.004  ev +0.96  adv_std 0.087  tR -1.00  ent[s/d/p/e] 1.85/2.24/0.92/0.50  emits 0.56  spf 38.6  z0 0.71  garr 77.1  tG 480  e2 0.12  nF 7.5  pS 0.25  ptS 0.25  fLog 0.52  pdΔ -0.2486  pkR 7.28  clip 0.06  kl +0.001
upd  153  steps  315392  sps 1236  opp symm  loss +0.004  pg +0.0294  v 0.003  ev +0.98  adv_std 0.074  tR +0.50  ent[s/d/p/e] 1.80/2.20/0.96/0.49  emits 0.56  spf 37.3  z0 0.72  garr 82.8  tG 501  e2 0.12  nF 7.3  pS 0.24  ptS 0.24  fLog 0.51  pdΔ -0.2641  pkR 7.92  clip 0.06  kl +0.002
upd  154  steps  317440  sps 1241  opp symm  loss +0.004  pg +0.0272  v 0.008  ev +0.93  adv_std 0.124  tR -0.43  ent[s/d/p/e] 1.85/2.24/0.97/0.52  emits 0.65  spf 32.2  z0 0.70  garr 78.4  tG 460  e2 0.14  nF 7.7  pS 0.24  ptS 0.24  fLog 0.49  pdΔ -0.2597  pkR 9.29  clip 0.10  kl +0.002
upd  155  steps  319488  sps 1246  opp symm  loss -0.082  pg -0.0584  v 0.006  ev +0.94  adv_std 0.110  tR -0.43  ent[s/d/p/e] 1.73/2.19/1.02/0.52  emits 0.55  spf 30.1  z0 0.71  garr 80.4  tG 462  e2 0.12  nF 7.7  pS 0.25  ptS 0.25  fLog 0.50  pdΔ -0.2476  pkR 10.50  clip 0.08  kl +0.002
upd  156  steps  321536  sps 1251  opp symm  loss +0.038  pg +0.0627  v 0.004  ev +0.96  adv_std 0.092  tR +0.33  ent[s/d/p/e] 1.80/2.24/0.99/0.50  emits 0.48  spf 33.9  z0 0.74  garr 91.4  tG 507  e2 0.10  nF 7.0  pS 0.26  ptS 0.25  fLog 0.51  pdΔ -0.2410  pkR 8.10  clip 0.09  kl +0.003
upd  157  steps  323584  sps 1255  opp symm  loss -0.034  pg -0.0078  v 0.004  ev +0.97  adv_std 0.088  tR -0.50  ent[s/d/p/e] 1.95/2.33/1.00/0.50  emits 0.60  spf 32.3  z0 0.72  garr 107.0  tG 593  e2 0.13  nF 7.1  pS 0.27  ptS 0.27  fLog 0.52  pdΔ -0.2257  pkR 7.96  clip 0.07  kl +0.002
upd  158  steps  325632  sps 1260  opp symm  loss -0.008  pg +0.0176  v 0.005  ev +0.97  adv_std 0.099  tR +0.00  ent[s/d/p/e] 1.96/2.32/1.05/0.49  emits 0.53  spf 33.9  z0 0.75  garr 116.2  tG 664  e2 0.12  nF 6.6  pS 0.28  ptS 0.28  fLog 0.51  pdΔ -0.2198  pkR 7.89  clip 0.07  kl +0.002
upd  159  steps  327680  sps 1265  opp symm  loss -0.063  pg -0.0384  v 0.006  ev +0.96  adv_std 0.106  tR -0.43  ent[s/d/p/e] 1.88/2.26/1.07/0.47  emits 0.50  spf 37.5  z0 0.75  garr 132.9  tG 787  e2 0.11  nF 6.4  pS 0.29  ptS 0.29  fLog 0.53  pdΔ -0.2089  pkR 7.62  clip 0.04  kl -0.000
upd  160  steps  329728  sps 1270  opp symm  loss +0.038  pg +0.0621  v 0.007  ev +0.96  adv_std 0.117  tR +0.33  ent[s/d/p/e] 2.01/2.34/1.03/0.47  emits 0.52  spf 36.7  z0 0.75  garr 137.5  tG 798  e2 0.11  nF 6.9  pS 0.30  ptS 0.29  fLog 0.53  pdΔ -0.2045  pkR 8.07  clip 0.04  kl +0.001
upd  161  steps  331776  sps 1274  opp symm  loss +0.020  pg +0.0451  v 0.004  ev +0.98  adv_std 0.090  tR -0.50  ent[s/d/p/e] 2.00/2.31/1.05/0.44  emits 0.51  spf 33.6  z0 0.76  garr 151.6  tG 911  e2 0.11  nF 6.8  pS 0.30  ptS 0.29  fLog 0.52  pdΔ -0.2002  pkR 8.34  clip 0.07  kl +0.002
upd  162  steps  333824  sps 1279  opp symm  loss +0.038  pg +0.0607  v 0.004  ev +0.97  adv_std 0.088  tR +0.40  ent[s/d/p/e] 1.74/2.09/0.98/0.44  emits 0.42  spf 31.6  z0 0.78  garr 161.1  tG 943  e2 0.10  nF 5.9  pS 0.28  ptS 0.27  fLog 0.50  pdΔ -0.2222  pkR 7.69  clip 0.12  kl +0.002
upd  163  steps  335872  sps 1284  opp symm  loss +0.032  pg +0.0555  v 0.005  ev +0.96  adv_std 0.098  tR +0.00  ent[s/d/p/e] 1.75/2.18/1.08/0.42  emits 0.36  spf 38.9  z0 0.79  garr 168.0  tG 986  e2 0.07  nF 5.2  pS 0.26  ptS 0.26  fLog 0.53  pdΔ -0.2386  pkR 7.23  clip 0.07  kl +0.000
upd  164  steps  337920  sps 1288  opp symm  loss -0.047  pg -0.0242  v 0.006  ev +0.96  adv_std 0.112  tR -0.33  ent[s/d/p/e] 1.74/2.24/1.12/0.44  emits 0.37  spf 42.6  z0 0.79  garr 156.7  tG 959  e2 0.08  nF 4.6  pS 0.26  ptS 0.25  fLog 0.55  pdΔ -0.2394  pkR 9.17  clip 0.06  kl +0.002
upd  165  steps  339968  sps 1293  opp symm  loss +0.049  pg +0.0736  v 0.004  ev +0.97  adv_std 0.093  tR +0.00  ent[s/d/p/e] 1.82/2.24/1.09/0.44  emits 0.37  spf 42.1  z0 0.79  garr 166.4  tG 1028  e2 0.08  nF 5.0  pS 0.28  ptS 0.27  fLog 0.54  pdΔ -0.2204  pkR 9.86  clip 0.07  kl +0.003
upd  166  steps  342016  sps 1298  opp symm  loss -0.008  pg +0.0165  v 0.004  ev +0.98  adv_std 0.088  tR -0.20  ent[s/d/p/e] 1.68/2.24/1.14/0.42  emits 0.28  spf 50.0  z0 0.81  garr 186.2  tG 1198  e2 0.05  nF 4.3  pS 0.28  ptS 0.27  fLog 0.56  pdΔ -0.2164  pkR 9.51  clip 0.05  kl +0.003
upd  167  steps  344064  sps 1302  opp symm  loss +0.038  pg +0.0621  v 0.004  ev +0.98  adv_std 0.096  tR +1.00  ent[s/d/p/e] 1.87/2.29/1.06/0.41  emits 0.36  spf 54.8  z0 0.80  garr 190.6  tG 1313  e2 0.06  nF 4.0  pS 0.30  ptS 0.28  fLog 0.57  pdΔ -0.2035  pkR 9.59  clip 0.07  kl +0.003
upd  168  steps  346112  sps 1307  opp symm  loss +0.023  pg +0.0477  v 0.003  ev +0.99  adv_std 0.076  tR -0.33  ent[s/d/p/e] 2.06/2.37/0.99/0.40  emits 0.38  spf 49.0  z0 0.81  garr 217.2  tG 1498  e2 0.08  nF 4.7  pS 0.31  ptS 0.30  fLog 0.56  pdΔ -0.1914  pkR 9.25  clip 0.05  kl +0.000
upd  169  steps  348160  sps 1311  opp symm  loss +0.020  pg +0.0414  v 0.005  ev +0.98  adv_std 0.097  tR +0.14  ent[s/d/p/e] 1.93/2.29/0.97/0.31  emits 0.25  spf 45.6  z0 0.86  garr 237.1  tG 1605  e2 0.04  nF 4.2  pS 0.31  ptS 0.30  fLog 0.53  pdΔ -0.1897  pkR 8.88  clip 0.05  kl +0.001
upd  170  steps  350208  sps 1316  opp symm  loss +0.019  pg +0.0385  v 0.007  ev +0.97  adv_std 0.117  tR +0.60  ent[s/d/p/e] 1.57/2.10/1.05/0.31  emits 0.22  spf 60.8  z0 0.85  garr 227.6  tG 1433  e2 0.03  nF 2.7  pS 0.27  ptS 0.26  fLog 0.56  pdΔ -0.2255  pkR 5.09  clip 0.07  kl +0.002
upd  171  steps  352256  sps 1320  opp symm  loss +0.042  pg +0.0634  v 0.003  ev +0.98  adv_std 0.077  tR -0.50  ent[s/d/p/e] 1.71/2.14/0.94/0.30  emits 0.24  spf 35.7  z0 0.86  garr 228.0  tG 1476  e2 0.04  nF 3.5  pS 0.27  ptS 0.26  fLog 0.49  pdΔ -0.2270  pkR 6.02  clip 0.04  kl +0.000
upd  172  steps  354304  sps 1325  opp symm  loss +0.012  pg +0.0326  v 0.003  ev +0.98  adv_std 0.083  tR +0.00  ent[s/d/p/e] 1.52/2.08/1.06/0.30  emits 0.20  spf 54.5  z0 0.87  garr 241.2  tG 1601  e2 0.03  nF 3.3  pS 0.28  ptS 0.27  fLog 0.53  pdΔ -0.2210  pkR 6.45  clip 0.03  kl +0.000
upd  173  steps  356352  sps 1329  opp symm  loss -0.035  pg -0.0148  v 0.005  ev +0.97  adv_std 0.097  tR +0.00  ent[s/d/p/e] 1.41/2.00/1.15/0.29  emits 0.17  spf 62.6  z0 0.88  garr 269.2  tG 1824  e2 0.03  nF 2.7  pS 0.29  ptS 0.27  fLog 0.54  pdΔ -0.2139  pkR 6.58  clip 0.04  kl +0.000
upd  174  steps  358400  sps 1334  opp symm  loss -0.043  pg -0.0242  v 0.005  ev +0.97  adv_std 0.104  tR +0.00  ent[s/d/p/e] 1.13/1.98/1.21/0.29  emits 0.12  spf 79.5  z0 0.90  garr 280.3  tG 1920  e2 0.01  nF 1.9  pS 0.28  ptS 0.26  fLog 0.57  pdΔ -0.2245  pkR 6.85  clip 0.03  kl +0.001
upd  175  steps  360448  sps 1338  opp symm  loss -0.002  pg +0.0171  v 0.005  ev +0.97  adv_std 0.098  tR -0.67  ent[s/d/p/e] 1.21/2.05/1.24/0.26  emits 0.12  spf 82.9  z0 0.89  garr 295.6  tG 2037  e2 0.01  nF 1.4  pS 0.27  ptS 0.26  fLog 0.59  pdΔ -0.2301  pkR 7.40  clip 0.04  kl +0.003
upd  176  steps  362496  sps 1342  opp symm  loss -0.027  pg -0.0110  v 0.009  ev +0.95  adv_std 0.131  tR +1.00  ent[s/d/p/e] 1.12/1.95/1.13/0.27  emits 0.11  spf 94.3  z0 0.90  garr 307.1  tG 2089  e2 0.01  nF 1.5  pS 0.26  ptS 0.25  fLog 0.58  pdΔ -0.2414  pkR 7.50  clip 0.04  kl +0.001
upd  177  steps  364544  sps 1347  opp symm  loss -0.013  pg +0.0055  v 0.007  ev +0.96  adv_std 0.119  tR +0.00  ent[s/d/p/e] 1.28/2.08/1.14/0.29  emits 0.12  spf 108.9  z0 0.90  garr 311.0  tG 2041  e2 0.02  nF 1.5  pS 0.26  ptS 0.25  fLog 0.62  pdΔ -0.2426  pkR 8.16  clip 0.03  kl +0.000
upd  178  steps  366592  sps 1351  opp symm  loss -0.022  pg -0.0020  v 0.005  ev +0.96  adv_std 0.103  tR +0.33  ent[s/d/p/e] 1.27/1.96/1.20/0.32  emits 0.16  spf 109.3  z0 0.87  garr 268.8  tG 1648  e2 0.02  nF 1.6  pS 0.24  ptS 0.23  fLog 0.62  pdΔ -0.2639  pkR 6.21  clip 0.03  kl +0.001
upd  179  steps  368640  sps 1355  opp symm  loss +0.017  pg +0.0320  v 0.015  ev +0.89  adv_std 0.172  tR +0.43  ent[s/d/p/e] 1.15/1.98/1.18/0.37  emits 0.17  spf 89.5  z0 0.87  garr 243.1  tG 1502  e2 0.03  nF 1.6  pS 0.23  ptS 0.22  fLog 0.59  pdΔ -0.2701  pkR 7.26  clip 0.06  kl +0.002
upd  180  steps  370688  sps 1360  opp symm  loss +0.017  pg +0.0380  v 0.008  ev +0.94  adv_std 0.125  tR -0.50  ent[s/d/p/e] 1.40/2.06/1.16/0.41  emits 0.24  spf 74.5  z0 0.83  garr 183.8  tG 1174  e2 0.04  nF 2.4  pS 0.23  ptS 0.22  fLog 0.59  pdΔ -0.2726  pkR 9.19  clip 0.05  kl +0.000
upd  181  steps  372736  sps 1364  opp symm  loss -0.004  pg +0.0163  v 0.011  ev +0.92  adv_std 0.152  tR +0.33  ent[s/d/p/e] 1.50/2.14/1.14/0.47  emits 0.32  spf 77.0  z0 0.79  garr 176.0  tG 1120  e2 0.06  nF 3.4  pS 0.25  ptS 0.24  fLog 0.60  pdΔ -0.2531  pkR 6.85  clip 0.05  kl +0.000
upd  182  steps  374784  sps 1368  opp symm  loss +0.011  pg +0.0321  v 0.009  ev +0.94  adv_std 0.133  tR +0.50  ent[s/d/p/e] 1.40/2.07/1.19/0.44  emits 0.29  spf 50.1  z0 0.79  garr 154.6  tG 1011  e2 0.05  nF 3.5  pS 0.25  ptS 0.24  fLog 0.56  pdΔ -0.2474  pkR 7.35  clip 0.06  kl +0.001
upd  183  steps  376832  sps 1372  opp symm  loss +0.005  pg +0.0277  v 0.006  ev +0.96  adv_std 0.110  tR -1.00  ent[s/d/p/e] 1.53/2.14/1.16/0.44  emits 0.28  spf 62.6  z0 0.81  garr 161.3  tG 1069  e2 0.05  nF 3.4  pS 0.27  ptS 0.26  fLog 0.58  pdΔ -0.2278  pkR 5.88  clip 0.05  kl +0.000
upd  184  steps  378880  sps 1377  opp symm  loss -0.021  pg +0.0024  v 0.008  ev +0.95  adv_std 0.122  tR -0.20  ent[s/d/p/e] 1.61/2.15/1.18/0.48  emits 0.36  spf 63.3  z0 0.77  garr 165.3  tG 1135  e2 0.07  nF 3.7  pS 0.30  ptS 0.29  fLog 0.58  pdΔ -0.1976  pkR 4.95  clip 0.07  kl +0.000
upd  185  steps  380928  sps 1381  opp symm  loss -0.007  pg +0.0141  v 0.010  ev +0.93  adv_std 0.143  tR -0.27  ent[s/d/p/e] 1.74/2.19/1.08/0.47  emits 0.37  spf 54.3  z0 0.77  garr 155.5  tG 1088  e2 0.07  nF 4.3  pS 0.30  ptS 0.29  fLog 0.57  pdΔ -0.1963  pkR 5.19  clip 0.05  kl +0.002