
=== [2026-06-11T02:54:28Z] v14e_binary_v1_a_p0i1_ORBITWARS_SHAPING_CAPTURE_0.06_752c7431e2 phase=a kind=probe chunk=300 env={"ORBITWARS_SHAPING_ANTI_HOARD": 0.03, "ORBITWARS_SHAPING_CAPTURE": 0.06, "ORBITWARS_SHAPING_RELEASE": 0.0075, "ORBITWARS_SHAPING_RELEASE_K": 17.0, "ORBITWARS_SHAPING_PROD_SHARE_DELTA": 0.025, "ORBITWARS_SHAPING_ONE_SHIP_PENALTY": 0.025} ppo={"ent_coef_emit": 0.0175, "lr_peak": 4.5e-05} ===
[reward] kaggle-aligned: terminal +1 win/+1 tie>0/-1 loss/-1 double-wipeout; is_terminal at step >= episode_steps-2; SHAPING_SCALE=0.0; v1: KEEP_HOME=0.0 FLEET_SIZE=0.0/norm20.0; v2 (expert-replay calibrated): PROD_SHARE=0.0 PLANET_SHARE=0.0 FLEET_LOG=0.0/ref500.0/floor0.3; v3 (top10-2630ep calibrated): PROD_SHARE_DELTA=0.025 EMIT_LOG=0.0 EMIT_GATED=0.0 RELEASE=0.0075/K17.0 CAPTURE=0.06; ANTI_HOARD=0.03/thresh0.6; episode_steps=500 (kaggle=500, mismatch=False)
[symmetric] Frog Parade style: same params drive BOTH players, no frozen/strong/buffer opponents, zero_sum_value=True
upd    0  steps    2048  sps 38  opp symm  loss +0.166  pg +0.1829  v 0.007  ev -0.02  adv_std 0.126  tR +0.00  ent[s/d/p/e] 0.26/1.62/1.54/0.33  emits 0.17  spf 20.9  z0 0.85  garr 23.8  tG 31  e2 0.02  nF 1.2  pS 0.06  ptS 0.06  fLog 0.46  pdΔ -0.4383  pkR 7.56  clip 0.04  kl +0.001
upd    1  steps    4096  sps 74  opp symm  loss +0.068  pg +0.0883  v 0.006  ev +0.20  adv_std 0.115  tR +0.00  ent[s/d/p/e] 0.71/1.78/1.41/0.39  emits 0.20  spf 30.8  z0 0.83  garr 38.4  tG 87  e2 0.03  nF 2.6  pS 0.10  ptS 0.10  fLog 0.50  pdΔ -0.3961  pkR 5.90  clip 0.06  kl +0.001
upd    2  steps    6144  sps 110  opp symm  loss -0.026  pg -0.0030  v 0.004  ev +0.09  adv_std 0.098  tR -1.00  ent[s/d/p/e] 0.97/2.00/1.44/0.42  emits 0.22  spf 40.8  z0 0.83  garr 55.5  tG 187  e2 0.04  nF 2.6  pS 0.15  ptS 0.14  fLog 0.53  pdΔ -0.3547  pkR 5.76  clip 0.06  kl +0.003
upd    3  steps    8192  sps 146  opp symm  loss -0.053  pg -0.0265  v 0.001  ev +0.27  adv_std 0.055  tR +0.00  ent[s/d/p/e] 1.18/2.07/1.38/0.50  emits 0.25  spf 47.4  z0 0.81  garr 64.3  tG 308  e2 0.05  nF 3.0  pS 0.19  ptS 0.18  fLog 0.55  pdΔ -0.3081  pkR 6.08  clip 0.06  kl +0.000
upd    4  steps   10240  sps 180  opp symm  loss -0.089  pg -0.0622  v 0.004  ev +0.30  adv_std 0.086  tR -1.00  ent[s/d/p/e] 1.47/2.21/1.34/0.52  emits 0.30  spf 59.6  z0 0.77  garr 76.5  tG 461  e2 0.05  nF 3.3  pS 0.24  ptS 0.23  fLog 0.57  pdΔ -0.2649  pkR 4.79  clip 0.07  kl +0.002
upd    5  steps   12288  sps 213  opp symm  loss -0.023  pg +0.0060  v 0.002  ev +0.41  adv_std 0.057  tR +0.00  ent[s/d/p/e] 1.62/2.29/1.28/0.60  emits 0.39  spf 64.1  z0 0.73  garr 84.4  tG 564  e2 0.08  nF 3.9  pS 0.28  ptS 0.27  fLog 0.58  pdΔ -0.2245  pkR 4.32  clip 0.10  kl +0.004
upd    6  steps   14336  sps 246  opp symm  loss -0.074  pg -0.0481  v 0.007  ev +0.37  adv_std 0.125  tR +0.00  ent[s/d/p/e] 1.75/2.26/1.14/0.63  emits 0.58  spf 63.5  z0 0.64  garr 83.9  tG 616  e2 0.13  nF 5.3  pS 0.31  ptS 0.30  fLog 0.56  pdΔ -0.1894  pkR 4.77  clip 0.13  kl +0.006
upd    7  steps   16384  sps 278  opp symm  loss +0.018  pg +0.0476  v 0.002  ev +0.58  adv_std 0.057  tR +0.00  ent[s/d/p/e] 1.83/2.31/1.16/0.63  emits 0.62  spf 58.4  z0 0.63  garr 71.1  tG 580  e2 0.15  nF 6.9  pS 0.34  ptS 0.33  fLog 0.56  pdΔ -0.1620  pkR 4.78  clip 0.12  kl +0.006
upd    8  steps   18432  sps 310  opp symm  loss -0.091  pg -0.0622  v 0.005  ev +0.50  adv_std 0.102  tR +0.00  ent[s/d/p/e] 1.96/2.42/1.21/0.63  emits 0.55  spf 69.7  z0 0.66  garr 73.6  tG 644  e2 0.13  nF 6.3  pS 0.36  ptS 0.35  fLog 0.60  pdΔ -0.1379  pkR 4.77  clip 0.15  kl +0.004
upd    9  steps   20480  sps 340  opp symm  loss -0.124  pg -0.0943  v 0.004  ev +0.65  adv_std 0.084  tR -1.00  ent[s/d/p/e] 2.00/2.42/1.11/0.65  emits 0.76  spf 64.5  z0 0.60  garr 69.9  tG 606  e2 0.19  nF 7.7  pS 0.38  ptS 0.36  fLog 0.58  pdΔ -0.1166  pkR 5.03  clip 0.17  kl +0.005
upd   10  steps   22528  sps 370  opp symm  loss +0.006  pg +0.0364  v 0.002  ev +0.69  adv_std 0.058  tR +0.00  ent[s/d/p/e] 2.04/2.41/1.11/0.64  emits 0.92  spf 53.5  z0 0.54  garr 57.9  tG 532  e2 0.22  nF 9.3  pS 0.39  ptS 0.38  fLog 0.55  pdΔ -0.1053  pkR 6.09  clip 0.16  kl +0.003
upd   11  steps   24576  sps 400  opp symm  loss -0.099  pg -0.0689  v 0.003  ev +0.71  adv_std 0.081  tR -1.00  ent[s/d/p/e] 2.13/2.47/1.09/0.65  emits 0.91  spf 54.7  z0 0.57  garr 56.3  tG 533  e2 0.21  nF 9.9  pS 0.41  ptS 0.40  fLog 0.56  pdΔ -0.0895  pkR 6.89  clip 0.15  kl +0.006
upd   12  steps   26624  sps 429  opp symm  loss -0.062  pg -0.0335  v 0.006  ev +0.69  adv_std 0.115  tR +0.33  ent[s/d/p/e] 2.17/2.50/1.06/0.64  emits 1.03  spf 46.3  z0 0.54  garr 51.5  tG 486  e2 0.24  nF 11.0  pS 0.42  ptS 0.41  fLog 0.54  pdΔ -0.0794  pkR 5.61  clip 0.32  kl +0.006
upd   13  steps   28672  sps 457  opp symm  loss -0.065  pg -0.0350  v 0.003  ev +0.82  adv_std 0.078  tR -1.00  ent[s/d/p/e] 2.19/2.50/1.07/0.65  emits 1.11  spf 45.2  z0 0.52  garr 47.6  tG 457  e2 0.27  nF 13.1  pS 0.43  ptS 0.42  fLog 0.54  pdΔ -0.0689  pkR 5.60  clip 0.13  kl +0.006
upd   14  steps   30720  sps 484  opp symm  loss -0.050  pg -0.0215  v 0.007  ev +0.70  adv_std 0.116  tR +0.33  ent[s/d/p/e] 2.15/2.48/1.11/0.63  emits 0.96  spf 45.2  z0 0.55  garr 51.6  tG 533  e2 0.24  nF 11.9  pS 0.45  ptS 0.44  fLog 0.54  pdΔ -0.0520  pkR 8.01  clip 0.18  kl +0.008
upd   15  steps   32768  sps 512  opp symm  loss -0.017  pg -0.0416  v 0.110  ev -0.02  adv_std 0.500  tR -0.02  ent[s/d/p/e] 2.03/2.45/1.20/0.53  emits 0.56  spf 46.0  z0 0.71  garr 44.8  tG 345  e2 0.14  nF 7.0  pS 0.29  ptS 0.29  fLog 0.55  pdΔ -0.2078  pkR 12.57  clip 0.11  kl +0.001
upd   16  steps   34816  sps 538  opp symm  loss -0.066  pg -0.0395  v 0.002  ev +0.75  adv_std 0.072  tR +0.00  ent[s/d/p/e] 1.46/2.44/1.42/0.42  emits 0.21  spf 48.1  z0 0.85  garr 52.5  tG 167  e2 0.04  nF 2.1  pS 0.15  ptS 0.14  fLog 0.58  pdΔ -0.3502  pkR 10.20  clip 0.06  kl +0.002
upd   17  steps   36864  sps 564  opp symm  loss -0.049  pg -0.0216  v 0.001  ev +0.85  adv_std 0.056  tR +0.00  ent[s/d/p/e] 1.59/2.43/1.36/0.46  emits 0.30  spf 51.9  z0 0.80  garr 61.6  tG 260  e2 0.06  nF 2.6  pS 0.20  ptS 0.18  fLog 0.58  pdΔ -0.3046  pkR 8.86  clip 0.06  kl +0.001
upd   18  steps   38912  sps 590  opp symm  loss -0.034  pg -0.0061  v 0.002  ev +0.89  adv_std 0.058  tR +1.00  ent[s/d/p/e] 1.64/2.38/1.38/0.50  emits 0.34  spf 55.7  z0 0.77  garr 69.1  tG 335  e2 0.07  nF 3.5  pS 0.23  ptS 0.22  fLog 0.59  pdΔ -0.2680  pkR 8.64  clip 0.09  kl +0.004
upd   19  steps   40960  sps 615  opp symm  loss -0.103  pg -0.0743  v 0.002  ev +0.88  adv_std 0.067  tR +0.00  ent[s/d/p/e] 1.68/2.36/1.31/0.58  emits 0.44  spf 57.2  z0 0.73  garr 59.5  tG 376  e2 0.10  nF 4.5  pS 0.27  ptS 0.26  fLog 0.58  pdΔ -0.2258  pkR 8.96  clip 0.10  kl +0.006
upd   20  steps   43008  sps 639  opp symm  loss -0.080  pg -0.0494  v 0.002  ev +0.80  adv_std 0.063  tR +0.00  ent[s/d/p/e] 1.72/2.38/1.39/0.59  emits 0.52  spf 57.3  z0 0.68  garr 63.3  tG 449  e2 0.12  nF 5.2  pS 0.29  ptS 0.28  fLog 0.58  pdΔ -0.2077  pkR 12.06  clip 0.09  kl +0.004
upd   21  steps   45056  sps 663  opp symm  loss -0.028  pg +0.0018  v 0.003  ev +0.74  adv_std 0.076  tR +0.00  ent[s/d/p/e] 1.83/2.40/1.36/0.61  emits 0.55  spf 52.6  z0 0.67  garr 60.1  tG 427  e2 0.13  nF 6.3  pS 0.31  ptS 0.30  fLog 0.58  pdΔ -0.1879  pkR 7.84  clip 0.14  kl +0.003
upd   22  steps   47104  sps 687  opp symm  loss -0.052  pg -0.0227  v 0.004  ev +0.74  adv_std 0.086  tR +0.00  ent[s/d/p/e] 1.93/2.42/1.25/0.60  emits 0.59  spf 58.9  z0 0.66  garr 59.9  tG 434  e2 0.13  nF 6.3  pS 0.32  ptS 0.31  fLog 0.59  pdΔ -0.1784  pkR 4.26  clip 0.13  kl +0.006
upd   23  steps   49152  sps 710  opp symm  loss -0.019  pg +0.0106  v 0.003  ev +0.81  adv_std 0.083  tR +1.00  ent[s/d/p/e] 1.87/2.37/1.23/0.63  emits 0.77  spf 52.2  z0 0.59  garr 53.0  tG 417  e2 0.18  nF 7.7  pS 0.33  ptS 0.32  fLog 0.56  pdΔ -0.1682  pkR 5.73  clip 0.23  kl +0.009
upd   24  steps   51200  sps 733  opp symm  loss -0.014  pg +0.0172  v 0.002  ev +0.91  adv_std 0.062  tR +1.00  ent[s/d/p/e] 1.92/2.41/1.31/0.63  emits 0.77  spf 50.2  z0 0.59  garr 48.3  tG 389  e2 0.19  nF 8.2  pS 0.33  ptS 0.32  fLog 0.56  pdΔ -0.1675  pkR 7.15  clip 0.09  kl +0.004
upd   25  steps   53248  sps 755  opp symm  loss -0.068  pg -0.0373  v 0.002  ev +0.93  adv_std 0.058  tR -0.50  ent[s/d/p/e] 1.93/2.39/1.28/0.61  emits 0.76  spf 46.5  z0 0.61  garr 44.6  tG 345  e2 0.18  nF 8.8  pS 0.32  ptS 0.31  fLog 0.55  pdΔ -0.1802  pkR 4.90  clip 0.10  kl +0.000
upd   26  steps   55296  sps 777  opp symm  loss -0.046  pg -0.0161  v 0.003  ev +0.92  adv_std 0.073  tR +0.00  ent[s/d/p/e] 1.91/2.40/1.29/0.62  emits 0.72  spf 48.5  z0 0.62  garr 46.8  tG 386  e2 0.17  nF 8.3  pS 0.33  ptS 0.32  fLog 0.56  pdΔ -0.1743  pkR 7.82  clip 0.12  kl +0.001
upd   27  steps   57344  sps 798  opp symm  loss -0.037  pg -0.0083  v 0.004  ev +0.86  adv_std 0.090  tR -0.20  ent[s/d/p/e] 1.85/2.37/1.34/0.60  emits 0.62  spf 45.3  z0 0.65  garr 44.6  tG 344  e2 0.14  nF 7.7  pS 0.31  ptS 0.30  fLog 0.55  pdΔ -0.1935  pkR 8.89  clip 0.10  kl +0.001
upd   28  steps   59392  sps 820  opp symm  loss -0.074  pg -0.0448  v 0.004  ev +0.89  adv_std 0.084  tR -0.50  ent[s/d/p/e] 1.86/2.38/1.28/0.59  emits 0.57  spf 50.5  z0 0.67  garr 51.6  tG 391  e2 0.14  nF 6.9  pS 0.30  ptS 0.29  fLog 0.56  pdΔ -0.2012  pkR 7.15  clip 0.15  kl +0.007
upd   29  steps   61440  sps 840  opp symm  loss -0.001  pg +0.0288  v 0.002  ev +0.91  adv_std 0.063  tR -1.00  ent[s/d/p/e] 1.91/2.41/1.28/0.60  emits 0.64  spf 50.3  z0 0.63  garr 54.8  tG 401  e2 0.15  nF 6.8  pS 0.31  ptS 0.31  fLog 0.56  pdΔ -0.1860  pkR 4.27  clip 0.10  kl +0.008
upd   30  steps   63488  sps 861  opp symm  loss -0.041  pg -0.0108  v 0.002  ev +0.89  adv_std 0.069  tR +1.00  ent[s/d/p/e] 1.96/2.45/1.28/0.62  emits 0.77  spf 51.8  z0 0.61  garr 54.2  tG 412  e2 0.18  nF 8.1  pS 0.33  ptS 0.32  fLog 0.57  pdΔ -0.1689  pkR 4.44  clip 0.16  kl +0.008
upd   31  steps   65536  sps 881  opp symm  loss -0.043  pg -0.0258  v 0.019  ev +0.45  adv_std 0.203  tR -0.06  ent[s/d/p/e] 1.40/2.24/1.33/0.47  emits 0.37  spf 44.3  z0 0.75  garr 39.4  tG 218  e2 0.07  nF 3.4  pS 0.18  ptS 0.18  fLog 0.55  pdΔ -0.3166  pkR 11.09  clip 0.06  kl +0.000
upd   32  steps   67584  sps 901  opp symm  loss -0.012  pg +0.0156  v 0.002  ev +0.89  adv_std 0.054  tR +0.00  ent[s/d/p/e] 1.45/2.25/1.34/0.55  emits 0.44  spf 43.7  z0 0.72  garr 44.2  tG 249  e2 0.10  nF 4.2  pS 0.21  ptS 0.20  fLog 0.56  pdΔ -0.2926  pkR 9.52  clip 0.13  kl +0.005
upd   33  steps   69632  sps 920  opp symm  loss -0.019  pg +0.0106  v 0.001  ev +0.91  adv_std 0.056  tR +1.00  ent[s/d/p/e] 1.66/2.36/1.32/0.58  emits 0.53  spf 49.2  z0 0.68  garr 51.2  tG 321  e2 0.12  nF 4.9  pS 0.26  ptS 0.24  fLog 0.57  pdΔ -0.2425  pkR 7.86  clip 0.13  kl +0.006
upd   34  steps   71680  sps 939  opp symm  loss -0.053  pg -0.0239  v 0.003  ev +0.88  adv_std 0.072  tR +1.00  ent[s/d/p/e] 1.75/2.39/1.30/0.60  emits 0.65  spf 51.3  z0 0.64  garr 52.8  tG 352  e2 0.15  nF 5.9  pS 0.28  ptS 0.27  fLog 0.58  pdΔ -0.2178  pkR 7.83  clip 0.11  kl +0.001
upd   35  steps   73728  sps 958  opp symm  loss -0.029  pg +0.0018  v 0.002  ev +0.93  adv_std 0.059  tR +1.00  ent[s/d/p/e] 1.91/2.45/1.29/0.60  emits 0.62  spf 58.1  z0 0.66  garr 58.0  tG 408  e2 0.14  nF 6.0  pS 0.31  ptS 0.30  fLog 0.60  pdΔ -0.1879  pkR 6.45  clip 0.10  kl -0.001
upd   36  steps   75776  sps 976  opp symm  loss -0.043  pg -0.0131  v 0.003  ev +0.89  adv_std 0.077  tR -1.00  ent[s/d/p/e] 1.95/2.48/1.28/0.62  emits 0.67  spf 56.9  z0 0.64  garr 62.8  tG 473  e2 0.16  nF 6.5  pS 0.35  ptS 0.33  fLog 0.60  pdΔ -0.1519  pkR 5.90  clip 0.12  kl +0.007
upd   37  steps   77824  sps 994  opp symm  loss -0.035  pg -0.0068  v 0.008  ev +0.77  adv_std 0.130  tR +0.00  ent[s/d/p/e] 1.96/2.48/1.31/0.62  emits 0.69  spf 58.9  z0 0.64  garr 66.9  tG 544  e2 0.16  nF 6.3  pS 0.37  ptS 0.35  fLog 0.61  pdΔ -0.1343  pkR 8.15  clip 0.09  kl +0.004
upd   38  steps   79872  sps 1012  opp symm  loss +0.016  pg +0.0465  v 0.001  ev +0.95  adv_std 0.048  tR +1.00  ent[s/d/p/e] 1.91/2.46/1.28/0.61  emits 0.73  spf 55.8  z0 0.61  garr 63.8  tG 523  e2 0.17  nF 7.1  pS 0.36  ptS 0.34  fLog 0.60  pdΔ -0.1408  pkR 10.30  clip 0.27  kl +0.008
upd   39  steps   81920  sps 1029  opp symm  loss -0.015  pg +0.0159  v 0.002  ev +0.91  adv_std 0.066  tR +1.00  ent[s/d/p/e] 1.96/2.48/1.30/0.62  emits 0.65  spf 58.7  z0 0.63  garr 64.0  tG 534  e2 0.16  nF 6.5  pS 0.38  ptS 0.36  fLog 0.61  pdΔ -0.1235  pkR 4.24  clip 0.30  kl +0.011
upd   40  steps   83968  sps 1047  opp symm  loss -0.054  pg -0.0262  v 0.010  ev +0.75  adv_std 0.138  tR +0.14  ent[s/d/p/e] 2.01/2.54/1.34/0.60  emits 0.54  spf 67.0  z0 0.67  garr 73.4  tG 647  e2 0.12  nF 5.5  pS 0.39  ptS 0.38  fLog 0.63  pdΔ -0.1082  pkR 4.69  clip 0.06  kl +0.000
upd   41  steps   86016  sps 1064  opp symm  loss -0.002  pg +0.0299  v 0.001  ev +0.95  adv_std 0.052  tR +0.00  ent[s/d/p/e] 2.01/2.55/1.33/0.61  emits 0.54  spf 75.2  z0 0.67  garr 82.0  tG 704  e2 0.12  nF 4.9  pS 0.38  ptS 0.37  fLog 0.65  pdΔ -0.1174  pkR 5.86  clip 0.08  kl +0.003
upd   42  steps   88064  sps 1080  opp symm  loss -0.039  pg -0.0088  v 0.004  ev +0.89  adv_std 0.084  tR +0.00  ent[s/d/p/e] 2.09/2.55/1.26/0.62  emits 0.64  spf 70.6  z0 0.64  garr 81.9  tG 721  e2 0.15  nF 5.9  pS 0.41  ptS 0.40  fLog 0.63  pdΔ -0.0889  pkR 5.25  clip 0.12  kl +0.001
upd   43  steps   90112  sps 1097  opp symm  loss -0.027  pg +0.0030  v 0.005  ev +0.86  adv_std 0.093  tR +0.20  ent[s/d/p/e] 2.00/2.52/1.30/0.61  emits 0.55  spf 70.1  z0 0.66  garr 80.9  tG 681  e2 0.13  nF 5.2  pS 0.38  ptS 0.37  fLog 0.63  pdΔ -0.1151  pkR 3.82  clip 0.20  kl +0.009
upd   44  steps   92160  sps 1113  opp symm  loss -0.036  pg -0.0069  v 0.005  ev +0.83  adv_std 0.098  tR -0.20  ent[s/d/p/e] 2.07/2.53/1.29/0.59  emits 0.66  spf 66.3  z0 0.64  garr 76.1  tG 651  e2 0.15  nF 6.4  pS 0.39  ptS 0.38  fLog 0.62  pdΔ -0.1096  pkR 3.64  clip 0.11  kl +0.005
upd   45  steps   94208  sps 1129  opp symm  loss -0.016  pg +0.0152  v 0.001  ev +0.94  adv_std 0.053  tR +0.00  ent[s/d/p/e] 2.08/2.54/1.25/0.60  emits 0.63  spf 65.8  z0 0.66  garr 80.8  tG 682  e2 0.15  nF 6.5  pS 0.40  ptS 0.38  fLog 0.62  pdΔ -0.1048  pkR 3.46  clip 0.10  kl +0.002
upd   46  steps   96256  sps 1144  opp symm  loss -0.083  pg -0.0734  v 0.043  ev +0.58  adv_std 0.290  tR +0.58  ent[s/d/p/e] 2.01/2.52/1.27/0.54  emits 0.49  spf 65.5  z0 0.71  garr 74.4  tG 597  e2 0.10  nF 5.0  pS 0.33  ptS 0.32  fLog 0.62  pdΔ -0.1666  pkR 4.09  clip 0.09  kl +0.005
upd   47  steps   98304  sps 1159  opp symm  loss -0.100  pg -0.0733  v 0.002  ev +0.91  adv_std 0.065  tR -1.00  ent[s/d/p/e] 1.34/2.38/1.45/0.48  emits 0.24  spf 65.9  z0 0.82  garr 65.0  tG 377  e2 0.04  nF 2.4  pS 0.20  ptS 0.19  fLog 0.61  pdΔ -0.3011  pkR 8.30  clip 0.09  kl +0.008
upd   48  steps  100352  sps 1175  opp symm  loss +0.023  pg +0.0503  v 0.002  ev +0.91  adv_std 0.065  tR +0.00  ent[s/d/p/e] 1.63/2.48/1.32/0.48  emits 0.32  spf 75.2  z0 0.78  garr 76.4  tG 466  e2 0.06  nF 2.7  pS 0.24  ptS 0.23  fLog 0.64  pdΔ -0.2571  pkR 7.41  clip 0.07  kl +0.004
upd   49  steps  102400  sps 1190  opp symm  loss -0.030  pg -0.0001  v 0.003  ev +0.92  adv_std 0.070  tR -1.00  ent[s/d/p/e] 1.75/2.51/1.42/0.54  emits 0.41  spf 66.9  z0 0.74  garr 83.9  tG 544  e2 0.09  nF 3.7  pS 0.29  ptS 0.27  fLog 0.63  pdΔ -0.2109  pkR 6.86  clip 0.09  kl +0.002
upd   50  steps  104448  sps 1204  opp symm  loss -0.036  pg -0.0057  v 0.002  ev +0.93  adv_std 0.059  tR +0.00  ent[s/d/p/e] 1.85/2.51/1.39/0.53  emits 0.34  spf 71.2  z0 0.76  garr 92.2  tG 640  e2 0.07  nF 3.7  pS 0.32  ptS 0.30  fLog 0.63  pdΔ -0.1845  pkR 6.50  clip 0.09  kl +0.004
upd   51  steps  106496  sps 1219  opp symm  loss -0.038  pg -0.0073  v 0.001  ev +0.94  adv_std 0.054  tR +0.00  ent[s/d/p/e] 1.97/2.52/1.34/0.58  emits 0.49  spf 72.1  z0 0.71  garr 103.6  tG 763  e2 0.10  nF 4.4  pS 0.35  ptS 0.33  fLog 0.62  pdΔ -0.1512  pkR 5.43  clip 0.08  kl +0.005
upd   52  steps  108544  sps 1233  opp symm  loss -0.046  pg -0.0162  v 0.004  ev +0.88  adv_std 0.091  tR +0.33  ent[s/d/p/e] 2.03/2.50/1.33/0.60  emits 0.62  spf 71.5  z0 0.64  garr 100.4  tG 774  e2 0.14  nF 5.8  pS 0.37  ptS 0.36  fLog 0.62  pdΔ -0.1267  pkR 4.60  clip 0.09  kl +0.004
upd   53  steps  110592  sps 1247  opp symm  loss -0.012  pg +0.0166  v 0.007  ev +0.85  adv_std 0.117  tR -0.20  ent[s/d/p/e] 2.03/2.51/1.36/0.59  emits 0.60  spf 68.2  z0 0.66  garr 84.7  tG 659  e2 0.14  nF 5.8  pS 0.36  ptS 0.35  fLog 0.62  pdΔ -0.1375  pkR 4.86  clip 0.09  kl +0.003
upd   54  steps  112640  sps 1261  opp symm  loss -0.024  pg +0.0067  v 0.003  ev +0.94  adv_std 0.072  tR +0.00  ent[s/d/p/e] 2.00/2.47/1.32/0.60  emits 0.65  spf 57.6  z0 0.66  garr 78.6  tG 606  e2 0.15  nF 6.4  pS 0.36  ptS 0.34  fLog 0.59  pdΔ -0.1414  pkR 6.11  clip 0.15  kl +0.003
upd   55  steps  114688  sps 1275  opp symm  loss -0.053  pg -0.0238  v 0.005  ev +0.91  adv_std 0.096  tR +0.00  ent[s/d/p/e] 2.08/2.52/1.28/0.59  emits 0.64  spf 59.0  z0 0.67  garr 86.9  tG 689  e2 0.14  nF 7.0  pS 0.38  ptS 0.36  fLog 0.59  pdΔ -0.1237  pkR 6.60  clip 0.11  kl +0.004
upd   56  steps  116736  sps 1288  opp symm  loss -0.047  pg -0.0174  v 0.005  ev +0.92  adv_std 0.093  tR +0.67  ent[s/d/p/e] 2.12/2.53/1.31/0.57  emits 0.52  spf 77.8  z0 0.70  garr 93.5  tG 742  e2 0.11  nF 5.4  pS 0.37  ptS 0.35  fLog 0.63  pdΔ -0.1333  pkR 6.71  clip 0.08  kl +0.003
upd   57  steps  118784  sps 1302  opp symm  loss -0.064  pg -0.0330  v 0.002  ev +0.96  adv_std 0.061  tR +0.00  ent[s/d/p/e] 2.04/2.48/1.29/0.58  emits 0.50  spf 76.0  z0 0.69  garr 97.6  tG 773  e2 0.11  nF 4.8  pS 0.36  ptS 0.35  fLog 0.64  pdΔ -0.1362  pkR 4.98  clip 0.15  kl +0.005
upd   58  steps  120832  sps 1315  opp symm  loss -0.060  pg -0.0322  v 0.005  ev +0.92  adv_std 0.102  tR +0.60  ent[s/d/p/e] 2.06/2.49/1.26/0.54  emits 0.45  spf 74.6  z0 0.72  garr 98.8  tG 786  e2 0.11  nF 4.6  pS 0.36  ptS 0.35  fLog 0.63  pdΔ -0.1354  pkR 4.39  clip 0.08  kl +0.005
upd   59  steps  122880  sps 1328  opp symm  loss -0.047  pg -0.0179  v 0.004  ev +0.94  adv_std 0.093  tR +0.00  ent[s/d/p/e] 2.06/2.47/1.25/0.56  emits 0.44  spf 81.4  z0 0.72  garr 105.3  tG 819  e2 0.10  nF 4.2  pS 0.36  ptS 0.35  fLog 0.64  pdΔ -0.1439  pkR 4.85  clip 0.14  kl +0.002
upd   60  steps  124928  sps 1340  opp symm  loss -0.048  pg -0.0189  v 0.003  ev +0.96  adv_std 0.076  tR -0.33  ent[s/d/p/e] 2.07/2.52/1.28/0.52  emits 0.41  spf 86.4  z0 0.74  garr 105.7  tG 839  e2 0.09  nF 4.0  pS 0.34  ptS 0.34  fLog 0.65  pdΔ -0.1559  pkR 5.09  clip 0.08  kl +0.001
upd   61  steps  126976  sps 1353  opp symm  loss -0.011  pg +0.0191  v 0.002  ev +0.98  adv_std 0.061  tR +1.00  ent[s/d/p/e] 2.09/2.50/1.22/0.56  emits 0.53  spf 80.9  z0 0.69  garr 102.6  tG 817  e2 0.12  nF 4.6  pS 0.35  ptS 0.34  fLog 0.64  pdΔ -0.1487  pkR 4.72  clip 0.10  kl +0.001
upd   62  steps  129024  sps 1365  opp symm  loss -0.059  pg -0.0398  v 0.019  ev +0.75  adv_std 0.198  tR -0.10  ent[s/d/p/e] 1.89/2.44/1.21/0.49  emits 0.37  spf 73.5  z0 0.79  garr 72.1  tG 476  e2 0.07  nF 3.4  pS 0.25  ptS 0.24  fLog 0.61  pdΔ -0.2545  pkR 6.98  clip 0.12  kl +0.005
upd   63  steps  131072  sps 1378  opp symm  loss -0.128  pg -0.1011  v 0.003  ev +0.94  adv_std 0.073  tR +1.00  ent[s/d/p/e] 1.57/2.33/1.30/0.49  emits 0.36  spf 60.7  z0 0.77  garr 70.6  tG 411  e2 0.08  nF 3.2  pS 0.22  ptS 0.22  fLog 0.60  pdΔ -0.2769  pkR 7.54  clip 0.07  kl +0.002
upd   64  steps  133120  sps 1390  opp symm  loss -0.078  pg -0.0497  v 0.002  ev +0.95  adv_std 0.069  tR +0.00  ent[s/d/p/e] 1.60/2.43/1.45/0.49  emits 0.31  spf 59.5  z0 0.78  garr 78.1  tG 445  e2 0.07  nF 3.4  pS 0.24  ptS 0.23  fLog 0.62  pdΔ -0.2590  pkR 5.95  clip 0.07  kl +0.001
upd   65  steps  135168  sps 1402  opp symm  loss -0.026  pg +0.0029  v 0.004  ev +0.91  adv_std 0.085  tR -1.00  ent[s/d/p/e] 1.79/2.47/1.39/0.55  emits 0.41  spf 57.0  z0 0.74  garr 81.3  tG 512  e2 0.08  nF 3.9  pS 0.28  ptS 0.28  fLog 0.61  pdΔ -0.2182  pkR 3.25  clip 0.09  kl +0.004
upd   66  steps  137216  sps 1413  opp symm  loss -0.023  pg +0.0066  v 0.003  ev +0.94  adv_std 0.071  tR +0.00  ent[s/d/p/e] 1.89/2.51/1.37/0.57  emits 0.49  spf 63.3  z0 0.69  garr 82.5  tG 581  e2 0.11  nF 4.7  pS 0.32  ptS 0.31  fLog 0.63  pdΔ -0.1802  pkR 3.44  clip 0.08  kl +0.001
upd   67  steps  139264  sps 1425  opp symm  loss -0.050  pg -0.0205  v 0.003  ev +0.94  adv_std 0.079  tR +1.00  ent[s/d/p/e] 2.02/2.50/1.29/0.57  emits 0.52  spf 67.0  z0 0.69  garr 85.1  tG 634  e2 0.11  nF 5.2  pS 0.35  ptS 0.34  fLog 0.63  pdΔ -0.1487  pkR 3.65  clip 0.14  kl +0.006
upd   68  steps  141312  sps 1436  opp symm  loss -0.046  pg -0.0175  v 0.007  ev +0.90  adv_std 0.120  tR +0.00  ent[s/d/p/e] 2.04/2.50/1.29/0.60  emits 0.64  spf 65.5  z0 0.65  garr 83.7  tG 665  e2 0.14  nF 5.8  pS 0.37  ptS 0.36  fLog 0.62  pdΔ -0.1332  pkR 3.64  clip 0.06  kl +0.000
upd   69  steps  143360  sps 1448  opp symm  loss -0.019  pg +0.0084  v 0.007  ev +0.92  adv_std 0.118  tR +0.00  ent[s/d/p/e] 2.12/2.52/1.21/0.58  emits 0.56  spf 63.6  z0 0.69  garr 78.0  tG 668  e2 0.12  nF 6.0  pS 0.38  ptS 0.38  fLog 0.62  pdΔ -0.1191  pkR 4.36  clip 0.13  kl +0.003
upd   70  steps  145408  sps 1459  opp symm  loss -0.045  pg -0.0145  v 0.003  ev +0.96  adv_std 0.080  tR -0.33  ent[s/d/p/e] 2.11/2.52/1.22/0.60  emits 0.61  spf 66.4  z0 0.66  garr 79.3  tG 689  e2 0.13  nF 6.3  pS 0.39  ptS 0.38  fLog 0.63  pdΔ -0.1129  pkR 4.23  clip 0.11  kl +0.003
upd   71  steps  147456  sps 1470  opp symm  loss +0.005  pg +0.0308  v 0.010  ev +0.87  adv_std 0.146  tR +0.14  ent[s/d/p/e] 2.12/2.50/1.21/0.56  emits 0.55  spf 66.8  z0 0.69  garr 79.9  tG 740  e2 0.12  nF 5.9  pS 0.39  ptS 0.39  fLog 0.63  pdΔ -0.1073  pkR 4.39  clip 0.11  kl +0.003
upd   72  steps  149504  sps 1481  opp symm  loss +0.032  pg +0.0611  v 0.005  ev +0.94  adv_std 0.095  tR -0.33  ent[s/d/p/e] 2.10/2.47/1.25/0.57  emits 0.68  spf 64.7  z0 0.65  garr 74.5  tG 661  e2 0.14  nF 6.9  pS 0.36  ptS 0.36  fLog 0.61  pdΔ -0.1426  pkR 4.59  clip 0.15  kl +0.003
upd   73  steps  151552  sps 1491  opp symm  loss -0.029  pg +0.0000  v 0.005  ev +0.94  adv_std 0.094  tR +0.00  ent[s/d/p/e] 2.11/2.48/1.21/0.56  emits 0.62  spf 59.1  z0 0.67  garr 72.9  tG 628  e2 0.14  nF 7.2  pS 0.36  ptS 0.37  fLog 0.61  pdΔ -0.1403  pkR 4.17  clip 0.12  kl +0.002
upd   74  steps  153600  sps 1502  opp symm  loss -0.037  pg -0.0088  v 0.005  ev +0.93  adv_std 0.101  tR +0.33  ent[s/d/p/e] 2.11/2.49/1.15/0.56  emits 0.52  spf 59.7  z0 0.71  garr 76.3  tG 661  e2 0.12  nF 6.7  pS 0.37  ptS 0.37  fLog 0.60  pdΔ -0.1321  pkR 4.68  clip 0.07  kl +0.003
upd   75  steps  155648  sps 1512  opp symm  loss -0.037  pg -0.0116  v 0.008  ev +0.91  adv_std 0.124  tR +0.00  ent[s/d/p/e] 2.08/2.49/1.16/0.51  emits 0.47  spf 62.1  z0 0.73  garr 95.8  tG 801  e2 0.09  nF 5.6  pS 0.36  ptS 0.36  fLog 0.61  pdΔ -0.1368  pkR 4.14  clip 0.14  kl +0.001
upd   76  steps  157696  sps 1523  opp symm  loss +0.047  pg +0.0764  v 0.002  ev +0.98  adv_std 0.055  tR +1.00  ent[s/d/p/e] 1.94/2.43/1.27/0.55  emits 0.51  spf 65.3  z0 0.71  garr 97.7  tG 795  e2 0.11  nF 5.4  pS 0.35  ptS 0.35  fLog 0.61  pdΔ -0.1522  pkR 4.35  clip 0.07  kl +0.001
upd   77  steps  159744  sps 1533  opp symm  loss -0.033  pg -0.0160  v 0.025  ev +0.76  adv_std 0.231  tR +0.18  ent[s/d/p/e] 1.87/2.43/1.25/0.50  emits 0.39  spf 71.3  z0 0.74  garr 99.5  tG 771  e2 0.08  nF 4.5  pS 0.32  ptS 0.32  fLog 0.62  pdΔ -0.1791  pkR 4.33  clip 0.09  kl +0.004
upd   78  steps  161792  sps 1543  opp symm  loss -0.013  pg +0.0109  v 0.005  ev +0.90  adv_std 0.103  tR -0.33  ent[s/d/p/e] 1.44/2.25/1.31/0.46  emits 0.35  spf 52.9  z0 0.76  garr 65.9  tG 419  e2 0.07  nF 3.5  pS 0.23  ptS 0.23  fLog 0.58  pdΔ -0.2726  pkR 6.47  clip 0.09  kl +0.003
upd   79  steps  163840  sps 1553  opp symm  loss +0.013  pg +0.0382  v 0.004  ev +0.94  adv_std 0.093  tR +0.33  ent[s/d/p/e] 1.48/2.30/1.30/0.49  emits 0.35  spf 56.7  z0 0.76  garr 72.6  tG 479  e2 0.07  nF 3.8  pS 0.25  ptS 0.25  fLog 0.59  pdΔ -0.2492  pkR 5.56  clip 0.05  kl +0.000
upd   80  steps  165888  sps 1563  opp symm  loss -0.021  pg +0.0048  v 0.004  ev +0.95  adv_std 0.094  tR -0.33  ent[s/d/p/e] 1.52/2.34/1.31/0.52  emits 0.39  spf 57.3  z0 0.75  garr 77.2  tG 519  e2 0.09  nF 3.9  pS 0.27  ptS 0.27  fLog 0.61  pdΔ -0.2333  pkR 5.73  clip 0.10  kl +0.006
upd   81  steps  167936  sps 1572  opp symm  loss -0.028  pg -0.0020  v 0.004  ev +0.96  adv_std 0.092  tR +1.00  ent[s/d/p/e] 1.56/2.33/1.24/0.49  emits 0.32  spf 57.6  z0 0.78  garr 85.4  tG 583  e2 0.07  nF 3.8  pS 0.28  ptS 0.28  fLog 0.61  pdΔ -0.2179  pkR 6.07  clip 0.05  kl +0.001
upd   82  steps  169984  sps 1582  opp symm  loss -0.048  pg -0.0210  v 0.002  ev +0.98  adv_std 0.065  tR +1.00  ent[s/d/p/e] 1.57/2.37/1.29/0.49  emits 0.30  spf 66.4  z0 0.79  garr 110.4  tG 776  e2 0.06  nF 3.1  pS 0.29  ptS 0.29  fLog 0.62  pdΔ -0.2067  pkR 5.91  clip 0.07  kl +0.002
upd   83  steps  172032  sps 1591  opp symm  loss -0.046  pg -0.0203  v 0.005  ev +0.96  adv_std 0.100  tR +1.00  ent[s/d/p/e] 1.68/2.38/1.29/0.47  emits 0.26  spf 68.9  z0 0.82  garr 131.4  tG 933  e2 0.04  nF 3.1  pS 0.31  ptS 0.30  fLog 0.63  pdΔ -0.1926  pkR 5.16  clip 0.05  kl +0.002
upd   84  steps  174080  sps 1601  opp symm  loss -0.063  pg -0.0370  v 0.004  ev +0.97  adv_std 0.093  tR -0.33  ent[s/d/p/e] 1.73/2.40/1.28/0.47  emits 0.25  spf 80.4  z0 0.82  garr 141.1  tG 1020  e2 0.04  nF 2.6  pS 0.30  ptS 0.30  fLog 0.64  pdΔ -0.1962  pkR 5.01  clip 0.05  kl +0.003
upd   85  steps  176128  sps 1610  opp symm  loss +0.000  pg +0.0258  v 0.006  ev +0.96  adv_std 0.109  tR +0.20  ent[s/d/p/e] 1.73/2.40/1.26/0.47  emits 0.29  spf 89.2  z0 0.79  garr 135.1  tG 974  e2 0.05  nF 2.8  pS 0.31  ptS 0.30  fLog 0.65  pdΔ -0.1909  pkR 5.50  clip 0.05  kl +0.002
upd   86  steps  178176  sps 1619  opp symm  loss +0.044  pg +0.0696  v 0.003  ev +0.98  adv_std 0.082  tR -1.00  ent[s/d/p/e] 1.81/2.35/1.17/0.47  emits 0.34  spf 81.2  z0 0.77  garr 123.1  tG 885  e2 0.07  nF 3.4  pS 0.31  ptS 0.30  fLog 0.64  pdΔ -0.1903  pkR 4.54  clip 0.14  kl +0.005
upd   87  steps  180224  sps 1628  opp symm  loss -0.020  pg +0.0055  v 0.006  ev +0.96  adv_std 0.110  tR -0.60  ent[s/d/p/e] 1.79/2.32/1.13/0.51  emits 0.39  spf 67.4  z0 0.76  garr 113.2  tG 879  e2 0.08  nF 3.8  pS 0.32  ptS 0.32  fLog 0.61  pdΔ -0.1808  pkR 4.91  clip 0.06  kl +0.001
upd   88  steps  182272  sps 1637  opp symm  loss -0.015  pg +0.0094  v 0.006  ev +0.96  adv_std 0.113  tR -1.00  ent[s/d/p/e] 1.86/2.33/1.15/0.48  emits 0.40  spf 66.2  z0 0.75  garr 113.7  tG 912  e2 0.08  nF 4.4  pS 0.34  ptS 0.33  fLog 0.60  pdΔ -0.1598  pkR 5.22  clip 0.15  kl +0.006
upd   89  steps  184320  sps 1646  opp symm  loss -0.025  pg +0.0010  v 0.005  ev +0.97  adv_std 0.105  tR +0.67  ent[s/d/p/e] 1.81/2.33/1.20/0.53  emits 0.48  spf 67.2  z0 0.72  garr 107.8  tG 840  e2 0.11  nF 4.4  pS 0.33  ptS 0.32  fLog 0.61  pdΔ -0.1721  pkR 3.88  clip 0.07  kl +0.003
upd   90  steps  186368  sps 1655  opp symm  loss -0.005  pg +0.0208  v 0.006  ev +0.97  adv_std 0.107  tR +0.00  ent[s/d/p/e] 1.82/2.33/1.21/0.53  emits 0.42  spf 64.4  z0 0.75  garr 111.1  tG 870  e2 0.09  nF 4.7  pS 0.33  ptS 0.33  fLog 0.60  pdΔ -0.1703  pkR 3.94  clip 0.08  kl +0.005
upd   91  steps  188416  sps 1663  opp symm  loss -0.001  pg +0.0223  v 0.009  ev +0.94  adv_std 0.133  tR +0.67  ent[s/d/p/e] 1.76/2.33/1.19/0.50  emits 0.45  spf 60.8  z0 0.72  garr 105.2  tG 834  e2 0.08  nF 4.8  pS 0.32  ptS 0.31  fLog 0.60  pdΔ -0.1841  pkR 5.11  clip 0.10  kl +0.004
upd   92  steps  190464  sps 1672  opp symm  loss +0.012  pg +0.0370  v 0.007  ev +0.96  adv_std 0.115  tR +0.00  ent[s/d/p/e] 1.85/2.30/1.19/0.51  emits 0.47  spf 66.0  z0 0.73  garr 104.6  tG 854  e2 0.10  nF 4.8  pS 0.33  ptS 0.32  fLog 0.60  pdΔ -0.1709  pkR 5.58  clip 0.09  kl +0.002
upd   93  steps  192512  sps 1680  opp symm  loss -0.028  pg -0.0047  v 0.011  ev +0.91  adv_std 0.149  tR -0.05  ent[s/d/p/e] 1.79/2.27/1.27/0.51  emits 0.52  spf 52.3  z0 0.70  garr 89.3  tG 693  e2 0.11  nF 5.2  pS 0.31  ptS 0.30  fLog 0.58  pdΔ -0.1937  pkR 6.21  clip 0.09  kl +0.006
upd   94  steps  194560  sps 1689  opp symm  loss -0.030  pg -0.0046  v 0.006  ev +0.94  adv_std 0.110  tR +0.00  ent[s/d/p/e] 1.61/2.17/1.31/0.54  emits 0.50  spf 48.8  z0 0.70  garr 83.3  tG 595  e2 0.11  nF 5.2  pS 0.29  ptS 0.28  fLog 0.57  pdΔ -0.2119  pkR 5.57  clip 0.08  kl +0.003
upd   95  steps  196608  sps 1697  opp symm  loss -0.008  pg +0.0164  v 0.007  ev +0.94  adv_std 0.119  tR +0.00  ent[s/d/p/e] 1.62/2.16/1.32/0.52  emits 0.47  spf 49.8  z0 0.73  garr 91.8  tG 673  e2 0.10  nF 5.2  pS 0.32  ptS 0.30  fLog 0.58  pdΔ -0.1849  pkR 5.01  clip 0.09  kl +0.003
upd   96  steps  198656  sps 1705  opp symm  loss +0.003  pg +0.0292  v 0.005  ev +0.97  adv_std 0.096  tR +0.00  ent[s/d/p/e] 1.62/2.23/1.31/0.52  emits 0.46  spf 56.7  z0 0.73  garr 98.4  tG 743  e2 0.10  nF 4.7  pS 0.33  ptS 0.32  fLog 0.60  pdΔ -0.1664  pkR 6.04  clip 0.05  kl +0.002
upd   97  steps  200704  sps 1713  opp symm  loss -0.038  pg -0.0124  v 0.006  ev +0.96  adv_std 0.110  tR +0.00  ent[s/d/p/e] 1.78/2.22/1.31/0.52  emits 0.44  spf 61.3  z0 0.73  garr 108.7  tG 843  e2 0.10  nF 4.4  pS 0.35  ptS 0.34  fLog 0.60  pdΔ -0.1468  pkR 5.88  clip 0.08  kl -0.000
upd   98  steps  202752  sps 1721  opp symm  loss +0.026  pg +0.0517  v 0.006  ev +0.96  adv_std 0.106  tR +1.00  ent[s/d/p/e] 1.75/2.20/1.28/0.54  emits 0.47  spf 67.9  z0 0.71  garr 108.7  tG 860  e2 0.10  nF 4.5  pS 0.36  ptS 0.35  fLog 0.62  pdΔ -0.1394  pkR 6.21  clip 0.09  kl +0.002
[eval_vs_v20] u99 tag=train_u99  bin0=0.0%  spf=18.92  garr=53.80  flip=3.70%  z0=75.8%  e8=0.0%  e2+=0.8%  WLD=0/3/0
upd   99  steps  204800  sps 1729  opp symm  loss -0.031  pg -0.0080  v 0.012  ev +0.92  adv_std 0.159  tR +0.33  ent[s/d/p/e] 1.81/2.23/1.30/0.51  emits 0.35  spf 66.5  z0 0.77  garr 121.3  tG 976  e2 0.07  nF 4.2  pS 0.37  ptS 0.36  fLog 0.62  pdΔ -0.1333  pkR 6.40  clip 0.06  kl +0.001 WRr 0.12 v20[spf 18.9 flip 3.7% e2+ 0.8%]
upd  100  steps  206848  sps 1078  opp symm  loss -0.029  pg -0.0037  v 0.004  ev +0.98  adv_std 0.085  tR +1.00  ent[s/d/p/e] 1.61/2.15/1.28/0.50  emits 0.32  spf 79.5  z0 0.77  garr 135.1  tG 1047  e2 0.06  nF 3.0  pS 0.34  ptS 0.33  fLog 0.63  pdΔ -0.1617  pkR 6.09  clip 0.08  kl +0.004
upd  101  steps  208896  sps 1085  opp symm  loss +0.012  pg +0.0370  v 0.007  ev +0.95  adv_std 0.114  tR +1.00  ent[s/d/p/e] 1.65/2.08/1.36/0.50  emits 0.36  spf 69.8  z0 0.75  garr 126.5  tG 970  e2 0.07  nF 3.9  pS 0.33  ptS 0.32  fLog 0.61  pdΔ -0.1727  pkR 4.53  clip 0.05  kl +0.002
upd  102  steps  210944  sps 1092  opp symm  loss -0.014  pg +0.0115  v 0.006  ev +0.96  adv_std 0.109  tR +0.33  ent[s/d/p/e] 1.59/2.07/1.34/0.52  emits 0.36  spf 70.1  z0 0.75  garr 123.7  tG 936  e2 0.07  nF 4.2  pS 0.33  ptS 0.32  fLog 0.61  pdΔ -0.1730  pkR 4.84  clip 0.05  kl +0.002
upd  103  steps  212992  sps 1099  opp symm  loss -0.011  pg +0.0151  v 0.004  ev +0.98  adv_std 0.086  tR -0.33  ent[s/d/p/e] 1.65/2.15/1.35/0.50  emits 0.35  spf 72.8  z0 0.75  garr 129.9  tG 981  e2 0.07  nF 3.7  pS 0.34  ptS 0.33  fLog 0.62  pdΔ -0.1619  pkR 4.27  clip 0.08  kl +0.000
upd  104  steps  215040  sps 1106  opp symm  loss -0.015  pg +0.0094  v 0.009  ev +0.94  adv_std 0.137  tR -0.20  ent[s/d/p/e] 1.63/2.13/1.41/0.51  emits 0.35  spf 70.1  z0 0.76  garr 140.2  tG 1080  e2 0.08  nF 3.7  pS 0.35  ptS 0.34  fLog 0.61  pdΔ -0.1507  pkR 4.17  clip 0.10  kl +0.003
upd  105  steps  217088  sps 1113  opp symm  loss -0.027  pg -0.0011  v 0.005  ev +0.97  adv_std 0.099  tR -1.00  ent[s/d/p/e] 1.74/2.15/1.33/0.48  emits 0.31  spf 77.4  z0 0.79  garr 139.0  tG 1117  e2 0.07  nF 3.7  pS 0.35  ptS 0.34  fLog 0.63  pdΔ -0.1453  pkR 4.53  clip 0.04  kl +0.002
upd  106  steps  219136  sps 1119  opp symm  loss -0.053  pg -0.0282  v 0.005  ev +0.97  adv_std 0.105  tR +0.00  ent[s/d/p/e] 1.69/2.12/1.30/0.48  emits 0.30  spf 83.8  z0 0.79  garr 155.1  tG 1268  e2 0.06  nF 3.2  pS 0.36  ptS 0.35  fLog 0.64  pdΔ -0.1361  pkR 4.82  clip 0.04  kl +0.001
upd  107  steps  221184  sps 1126  opp symm  loss -0.013  pg +0.0108  v 0.008  ev +0.95  adv_std 0.126  tR +1.00  ent[s/d/p/e] 1.63/2.07/1.28/0.50  emits 0.37  spf 77.8  z0 0.76  garr 141.6  tG 1130  e2 0.07  nF 3.4  pS 0.35  ptS 0.34  fLog 0.63  pdΔ -0.1518  pkR 3.96  clip 0.07  kl +0.002
upd  108  steps  223232  sps 1133  opp symm  loss -0.011  pg +0.0095  v 0.015  ev +0.93  adv_std 0.176  tR +0.07  ent[s/d/p/e] 1.80/2.17/1.31/0.49  emits 0.34  spf 77.1  z0 0.77  garr 141.1  tG 1138  e2 0.07  nF 3.6  pS 0.36  ptS 0.35  fLog 0.63  pdΔ -0.1446  pkR 4.32  clip 0.07  kl +0.004
upd  109  steps  225280  sps 1140  opp symm  loss +0.005  pg +0.0245  v 0.011  ev +0.94  adv_std 0.150  tR +0.00  ent[s/d/p/e] 1.34/2.02/1.33/0.41  emits 0.26  spf 60.4  z0 0.81  garr 100.4  tG 785  e2 0.05  nF 2.7  pS 0.28  ptS 0.27  fLog 0.60  pdΔ -0.2203  pkR 5.55  clip 0.04  kl +0.002
upd  110  steps  227328  sps 1146  opp symm  loss -0.022  pg +0.0022  v 0.007  ev +0.97  adv_std 0.121  tR +0.00  ent[s/d/p/e] 1.45/2.04/1.40/0.49  emits 0.29  spf 68.3  z0 0.78  garr 106.9  tG 806  e2 0.05  nF 3.3  pS 0.29  ptS 0.28  fLog 0.61  pdΔ -0.2144  pkR 5.07  clip 0.06  kl +0.000
upd  111  steps  229376  sps 1153  opp symm  loss -0.005  pg +0.0182  v 0.011  ev +0.95  adv_std 0.149  tR +0.00  ent[s/d/p/e] 1.54/2.13/1.41/0.49  emits 0.36  spf 69.8  z0 0.75  garr 103.8  tG 857  e2 0.07  nF 3.7  pS 0.31  ptS 0.31  fLog 0.62  pdΔ -0.1861  pkR 5.74  clip 0.09  kl +0.002
upd  112  steps  231424  sps 1159  opp symm  loss +0.002  pg +0.0275  v 0.006  ev +0.97  adv_std 0.113  tR -0.33  ent[s/d/p/e] 1.50/2.05/1.40/0.54  emits 0.42  spf 69.3  z0 0.72  garr 94.8  tG 805  e2 0.08  nF 3.8  pS 0.33  ptS 0.32  fLog 0.62  pdΔ -0.1691  pkR 5.80  clip 0.11  kl +0.002
upd  113  steps  233472  sps 1166  opp symm  loss -0.006  pg +0.0185  v 0.008  ev +0.96  adv_std 0.129  tR +0.67  ent[s/d/p/e] 1.56/2.15/1.44/0.50  emits 0.34  spf 69.5  z0 0.76  garr 92.2  tG 802  e2 0.07  nF 3.7  pS 0.33  ptS 0.32  fLog 0.63  pdΔ -0.1735  pkR 5.58  clip 0.11  kl +0.004
upd  114  steps  235520  sps 1172  opp symm  loss -0.049  pg -0.0233  v 0.006  ev +0.97  adv_std 0.110  tR -0.60  ent[s/d/p/e] 1.57/2.18/1.41/0.52  emits 0.32  spf 69.1  z0 0.78  garr 100.8  tG 866  e2 0.06  nF 3.2  pS 0.33  ptS 0.32  fLog 0.63  pdΔ -0.1698  pkR 5.64  clip 0.10  kl +0.005
upd  115  steps  237568  sps 1179  opp symm  loss -0.015  pg +0.0094  v 0.009  ev +0.95  adv_std 0.137  tR +0.33  ent[s/d/p/e] 1.65/2.24/1.43/0.52  emits 0.39  spf 76.1  z0 0.75  garr 100.9  tG 836  e2 0.09  nF 3.4  pS 0.34  ptS 0.32  fLog 0.64  pdΔ -0.1636  pkR 5.31  clip 0.08  kl +0.003
upd  116  steps  239616  sps 1185  opp symm  loss +0.027  pg +0.0533  v 0.008  ev +0.96  adv_std 0.128  tR -0.20  ent[s/d/p/e] 1.69/2.25/1.48/0.53  emits 0.39  spf 75.6  z0 0.75  garr 95.6  tG 780  e2 0.08  nF 3.7  pS 0.34  ptS 0.33  fLog 0.65  pdΔ -0.1550  pkR 4.69  clip 0.08  kl +0.004
upd  117  steps  241664  sps 1191  opp symm  loss -0.042  pg -0.0162  v 0.008  ev +0.96  adv_std 0.123  tR -0.33  ent[s/d/p/e] 1.79/2.25/1.38/0.52  emits 0.45  spf 72.1  z0 0.73  garr 99.4  tG 832  e2 0.09  nF 4.1  pS 0.36  ptS 0.35  fLog 0.64  pdΔ -0.1364  pkR 5.28  clip 0.07  kl +0.001
upd  118  steps  243712  sps 1198  opp symm  loss -0.002  pg +0.0248  v 0.007  ev +0.96  adv_std 0.118  tR +0.33  ent[s/d/p/e] 1.91/2.31/1.37/0.53  emits 0.47  spf 68.5  z0 0.72  garr 98.8  tG 776  e2 0.10  nF 4.6  pS 0.36  ptS 0.35  fLog 0.63  pdΔ -0.1420  pkR 5.24  clip 0.08  kl +0.002
upd  119  steps  245760  sps 1204  opp symm  loss -0.030  pg -0.0026  v 0.004  ev +0.98  adv_std 0.089  tR +0.00  ent[s/d/p/e] 1.83/2.29/1.42/0.49  emits 0.38  spf 63.5  z0 0.77  garr 117.1  tG 894  e2 0.08  nF 4.0  pS 0.37  ptS 0.36  fLog 0.62  pdΔ -0.1339  pkR 4.98  clip 0.06  kl -0.001
upd  120  steps  247808  sps 1210  opp symm  loss -0.054  pg -0.0261  v 0.004  ev +0.98  adv_std 0.090  tR -1.00  ent[s/d/p/e] 1.93/2.29/1.43/0.51  emits 0.43  spf 73.3  z0 0.74  garr 133.7  tG 1091  e2 0.09  nF 4.4  pS 0.39  ptS 0.39  fLog 0.64  pdΔ -0.1060  pkR 4.17  clip 0.04  kl +0.001
upd  121  steps  249856  sps 1216  opp symm  loss -0.005  pg +0.0223  v 0.005  ev +0.98  adv_std 0.095  tR +0.50  ent[s/d/p/e] 1.96/2.29/1.41/0.48  emits 0.40  spf 74.8  z0 0.77  garr 140.4  tG 1173  e2 0.08  nF 4.3  pS 0.41  ptS 0.40  fLog 0.64  pdΔ -0.0930  pkR 4.02  clip 0.08  kl +0.003
upd  122  steps  251904  sps 1222  opp symm  loss +0.010  pg +0.0339  v 0.008  ev +0.96  adv_std 0.125  tR +0.00  ent[s/d/p/e] 1.71/2.16/1.40/0.45  emits 0.30  spf 66.6  z0 0.80  garr 137.1  tG 1107  e2 0.06  nF 3.2  pS 0.36  ptS 0.35  fLog 0.61  pdΔ -0.1366  pkR 4.09  clip 0.07  kl +0.003
upd  123  steps  253952  sps 1228  opp symm  loss +0.019  pg +0.0448  v 0.006  ev +0.97  adv_std 0.105  tR +0.00  ent[s/d/p/e] 1.70/2.23/1.47/0.45  emits 0.25  spf 82.7  z0 0.82  garr 145.2  tG 1193  e2 0.05  nF 3.0  pS 0.36  ptS 0.35  fLog 0.65  pdΔ -0.1353  pkR 3.68  clip 0.06  kl +0.000
upd  124  steps  256000  sps 1234  opp symm  loss +0.000  pg +0.0241  v 0.009  ev +0.95  adv_std 0.138  tR +0.27  ent[s/d/p/e] 1.63/2.22/1.49/0.45  emits 0.27  spf 87.5  z0 0.82  garr 148.0  tG 1238  e2 0.05  nF 2.6  pS 0.35  ptS 0.34  fLog 0.66  pdΔ -0.1479  pkR 3.98  clip 0.04  kl -0.001
upd  125  steps  258048  sps 1240  opp symm  loss -0.053  pg -0.0278  v 0.005  ev +0.97  adv_std 0.105  tR -1.00  ent[s/d/p/e] 1.49/2.16/1.51/0.48  emits 0.28  spf 91.9  z0 0.80  garr 145.3  tG 1212  e2 0.05  nF 2.6  pS 0.34  ptS 0.33  fLog 0.66  pdΔ -0.1587  pkR 4.17  clip 0.08  kl +0.003
upd  126  steps  260096  sps 1246  opp symm  loss -0.026  pg +0.0002  v 0.006  ev +0.97  adv_std 0.113  tR +0.33  ent[s/d/p/e] 1.72/2.19/1.40/0.50  emits 0.35  spf 94.3  z0 0.78  garr 146.6  tG 1249  e2 0.07  nF 3.2  pS 0.38  ptS 0.36  fLog 0.67  pdΔ -0.1242  pkR 4.76  clip 0.04  kl +0.001
upd  127  steps  262144  sps 1252  opp symm  loss -0.033  pg -0.0071  v 0.008  ev +0.96  adv_std 0.122  tR -0.33  ent[s/d/p/e] 1.79/2.19/1.43/0.52  emits 0.40  spf 83.6  z0 0.75  garr 136.6  tG 1171  e2 0.08  nF 3.5  pS 0.38  ptS 0.37  fLog 0.66  pdΔ -0.1159  pkR 4.53  clip 0.05  kl +0.002
upd  128  steps  264192  sps 1258  opp symm  loss -0.047  pg -0.0203  v 0.007  ev +0.96  adv_std 0.122  tR +0.50  ent[s/d/p/e] 1.88/2.26/1.50/0.49  emits 0.36  spf 90.4  z0 0.78  garr 139.9  tG 1179  e2 0.07  nF 3.4  pS 0.38  ptS 0.38  fLog 0.68  pdΔ -0.1169  pkR 4.49  clip 0.07  kl +0.002
upd  129  steps  266240  sps 1264  opp symm  loss -0.041  pg -0.0148  v 0.007  ev +0.97  adv_std 0.121  tR +0.11  ent[s/d/p/e] 1.92/2.21/1.42/0.50  emits 0.34  spf 81.7  z0 0.79  garr 132.3  tG 1086  e2 0.07  nF 3.4  pS 0.37  ptS 0.36  fLog 0.67  pdΔ -0.1309  pkR 5.44  clip 0.12  kl +0.005
upd  130  steps  268288  sps 1270  opp symm  loss -0.039  pg -0.0144  v 0.008  ev +0.96  adv_std 0.129  tR +0.20  ent[s/d/p/e] 1.85/2.16/1.39/0.48  emits 0.37  spf 81.2  z0 0.77  garr 122.0  tG 979  e2 0.07  nF 3.6  pS 0.35  ptS 0.34  fLog 0.66  pdΔ -0.1468  pkR 5.37  clip 0.09  kl +0.004
upd  131  steps  270336  sps 1276  opp symm  loss +0.015  pg +0.0405  v 0.008  ev +0.96  adv_std 0.127  tR +0.67  ent[s/d/p/e] 1.78/2.10/1.42/0.52  emits 0.44  spf 71.9  z0 0.74  garr 110.6  tG 864  e2 0.09  nF 4.1  pS 0.33  ptS 0.33  fLog 0.64  pdΔ -0.1667  pkR 4.34  clip 0.09  kl +0.003
upd  132  steps  272384  sps 1281  opp symm  loss -0.027  pg -0.0016  v 0.008  ev +0.96  adv_std 0.125  tR -1.00  ent[s/d/p/e] 1.71/2.10/1.40/0.51  emits 0.45  spf 60.6  z0 0.75  garr 102.4  tG 791  e2 0.09  nF 4.5  pS 0.32  ptS 0.32  fLog 0.61  pdΔ -0.1780  pkR 4.86  clip 0.05  kl +0.001
upd  133  steps  274432  sps 1287  opp symm  loss -0.026  pg -0.0008  v 0.007  ev +0.96  adv_std 0.120  tR +1.00  ent[s/d/p/e] 1.83/2.15/1.39/0.50  emits 0.41  spf 55.5  z0 0.77  garr 112.1  tG 910  e2 0.08  nF 4.7  pS 0.34  ptS 0.34  fLog 0.60  pdΔ -0.1557  pkR 4.64  clip 0.06  kl +0.004
upd  134  steps  276480  sps 1293  opp symm  loss -0.054  pg -0.0287  v 0.007  ev +0.97  adv_std 0.114  tR +1.00  ent[s/d/p/e] 1.74/2.22/1.35/0.51  emits 0.41  spf 56.6  z0 0.77  garr 129.6  tG 1007  e2 0.08  nF 4.3  pS 0.34  ptS 0.33  fLog 0.60  pdΔ -0.1598  pkR 5.11  clip 0.10  kl +0.008
upd  135  steps  278528  sps 1299  opp symm  loss -0.029  pg -0.0040  v 0.006  ev +0.97  adv_std 0.112  tR +0.20  ent[s/d/p/e] 1.77/2.17/1.30/0.49  emits 0.45  spf 59.2  z0 0.75  garr 140.6  tG 1105  e2 0.09  nF 4.7  pS 0.35  ptS 0.34  fLog 0.60  pdΔ -0.1454  pkR 5.44  clip 0.09  kl +0.004
upd  136  steps  280576  sps 1304  opp symm  loss -0.050  pg -0.0258  v 0.010  ev +0.96  adv_std 0.140  tR -0.33  ent[s/d/p/e] 1.85/2.23/1.34/0.49  emits 0.42  spf 57.2  z0 0.77  garr 157.2  tG 1183  e2 0.09  nF 4.6  pS 0.36  ptS 0.35  fLog 0.61  pdΔ -0.1443  pkR 4.91  clip 0.05  kl +0.002
upd  137  steps  282624  sps 1310  opp symm  loss -0.025  pg -0.0010  v 0.011  ev +0.95  adv_std 0.150  tR +0.71  ent[s/d/p/e] 1.95/2.21/1.33/0.52  emits 0.52  spf 62.3  z0 0.73  garr 156.8  tG 1115  e2 0.12  nF 5.2  pS 0.35  ptS 0.35  fLog 0.61  pdΔ -0.1450  pkR 4.84  clip 0.06  kl +0.002
upd  138  steps  284672  sps 1315  opp symm  loss -0.027  pg -0.0025  v 0.009  ev +0.96  adv_std 0.136  tR -0.60  ent[s/d/p/e] 1.83/2.10/1.38/0.52  emits 0.50  spf 66.9  z0 0.73  garr 138.1  tG 974  e2 0.10  nF 4.8  pS 0.32  ptS 0.31  fLog 0.60  pdΔ -0.1822  pkR 5.69  clip 0.09  kl +0.005
upd  139  steps  286720  sps 1321  opp symm  loss -0.031  pg -0.0051  v 0.006  ev +0.97  adv_std 0.113  tR -0.33  ent[s/d/p/e] 1.86/2.13/1.35/0.52  emits 0.50  spf 54.7  z0 0.73  garr 115.2  tG 856  e2 0.11  nF 5.9  pS 0.33  ptS 0.32  fLog 0.59  pdΔ -0.1749  pkR 6.93  clip 0.08  kl +0.005
upd  140  steps  288768  sps 1326  opp symm  loss +0.025  pg +0.0492  v 0.009  ev +0.96  adv_std 0.133  tR +0.20  ent[s/d/p/e] 1.88/2.17/1.38/0.49  emits 0.51  spf 46.3  z0 0.74  garr 95.0  tG 674  e2 0.10  nF 5.9  pS 0.31  ptS 0.30  fLog 0.57  pdΔ -0.1945  pkR 7.13  clip 0.10  kl +0.005
upd  141  steps  290816  sps 1332  opp symm  loss +0.021  pg +0.0445  v 0.007  ev +0.97  adv_std 0.117  tR +1.00  ent[s/d/p/e] 1.66/2.04/1.43/0.43  emits 0.33  spf 48.1  z0 0.79  garr 111.9  tG 791  e2 0.07  nF 4.5  pS 0.31  ptS 0.31  fLog 0.58  pdΔ -0.1941  pkR 6.21  clip 0.06  kl +0.002
upd  142  steps  292864  sps 1337  opp symm  loss -0.020  pg +0.0040  v 0.008  ev +0.97  adv_std 0.122  tR -0.33  ent[s/d/p/e] 1.61/2.16/1.43/0.43  emits 0.30  spf 50.3  z0 0.82  garr 142.6  tG 1024  e2 0.06  nF 3.4  pS 0.31  ptS 0.31  fLog 0.59  pdΔ -0.1924  pkR 5.94  clip 0.04  kl -0.000
upd  143  steps  294912  sps 1342  opp symm  loss -0.058  pg -0.0327  v 0.005  ev +0.98  adv_std 0.097  tR -0.60  ent[s/d/p/e] 1.76/2.21/1.44/0.43  emits 0.33  spf 59.9  z0 0.81  garr 151.6  tG 1122  e2 0.06  nF 3.5  pS 0.31  ptS 0.31  fLog 0.61  pdΔ -0.1879  pkR 6.32  clip 0.04  kl +0.001
upd  144  steps  296960  sps 1348  opp symm  loss -0.017  pg +0.0098  v 0.003  ev +0.99  adv_std 0.076  tR +0.60  ent[s/d/p/e] 1.81/2.21/1.45/0.41  emits 0.35  spf 54.9  z0 0.81  garr 153.8  tG 1205  e2 0.08  nF 3.6  pS 0.32  ptS 0.31  fLog 0.60  pdΔ -0.1836  pkR 6.17  clip 0.05  kl +0.004
upd  145  steps  299008  sps 1353  opp symm  loss +0.015  pg +0.0386  v 0.008  ev +0.96  adv_std 0.128  tR +0.67  ent[s/d/p/e] 1.82/2.17/1.51/0.40  emits 0.28  spf 61.2  z0 0.83  garr 159.7  tG 1185  e2 0.05  nF 3.3  pS 0.30  ptS 0.30  fLog 0.61  pdΔ -0.1988  pkR 5.98  clip 0.05  kl +0.001
upd  146  steps  301056  sps 1358  opp symm  loss -0.048  pg -0.0234  v 0.005  ev +0.98  adv_std 0.101  tR +0.33  ent[s/d/p/e] 1.69/2.13/1.55/0.35  emits 0.28  spf 54.7  z0 0.83  garr 156.3  tG 1145  e2 0.05  nF 3.0  pS 0.29  ptS 0.29  fLog 0.60  pdΔ -0.2087  pkR 7.13  clip 0.06  kl +0.000
upd  147  steps  303104  sps 1364  opp symm  loss -0.067  pg -0.0432  v 0.006  ev +0.97  adv_std 0.109  tR -0.60  ent[s/d/p/e] 1.54/2.01/1.57/0.38  emits 0.25  spf 54.2  z0 0.85  garr 181.3  tG 1342  e2 0.05  nF 2.6  pS 0.29  ptS 0.28  fLog 0.60  pdΔ -0.2147  pkR 7.02  clip 0.09  kl +0.002
upd  148  steps  305152  sps 1369  opp symm  loss +0.063  pg +0.0854  v 0.008  ev +0.96  adv_std 0.125  tR +0.20  ent[s/d/p/e] 1.47/1.95/1.59/0.36  emits 0.26  spf 53.8  z0 0.85  garr 189.7  tG 1322  e2 0.05  nF 2.5  pS 0.28  ptS 0.28  fLog 0.60  pdΔ -0.2163  pkR 7.26  clip 0.05  kl +0.002
upd  149  steps  307200  sps 1374  opp symm  loss -0.078  pg -0.0557  v 0.009  ev +0.96  adv_std 0.135  tR -0.50  ent[s/d/p/e] 1.59/2.07/1.60/0.36  emits 0.22  spf 63.2  z0 0.86  garr 204.0  tG 1399  e2 0.04  nF 2.4  pS 0.30  ptS 0.29  fLog 0.62  pdΔ -0.2026  pkR 4.68  clip 0.04  kl +0.001
upd  150  steps  309248  sps 1379  opp symm  loss +0.008  pg +0.0305  v 0.005  ev +0.98  adv_std 0.098  tR +0.00  ent[s/d/p/e] 1.38/1.84/1.58/0.32  emits 0.18  spf 85.0  z0 0.87  garr 220.2  tG 1451  e2 0.03  nF 1.9  pS 0.27  ptS 0.27  fLog 0.63  pdΔ -0.2252  pkR 5.29  clip 0.05  kl +0.002
upd  151  steps  311296  sps 1384  opp symm  loss -0.023  pg -0.0005  v 0.004  ev +0.98  adv_std 0.093  tR -1.00  ent[s/d/p/e] 1.49/1.90/1.58/0.31  emits 0.15  spf 83.5  z0 0.89  garr 229.2  tG 1568  e2 0.03  nF 1.6  pS 0.28  ptS 0.27  fLog 0.65  pdΔ -0.2232  pkR 5.27  clip 0.05  kl +0.002
upd  152  steps  313344  sps 1389  opp symm  loss -0.037  pg -0.0132  v 0.003  ev +0.99  adv_std 0.076  tR +0.00  ent[s/d/p/e] 1.81/2.00/1.51/0.28  emits 0.13  spf 99.7  z0 0.90  garr 272.2  tG 1873  e2 0.02  nF 1.4  pS 0.29  ptS 0.29  fLog 0.68  pdΔ -0.2066  pkR 5.07  clip 0.04  kl +0.000
upd  153  steps  315392  sps 1395  opp symm  loss -0.041  pg -0.0189  v 0.007  ev +0.97  adv_std 0.119  tR -0.50  ent[s/d/p/e] 1.80/2.07/1.40/0.33  emits 0.15  spf 100.8  z0 0.89  garr 297.2  tG 2073  e2 0.02  nF 1.3  pS 0.30  ptS 0.29  fLog 0.66  pdΔ -0.2044  pkR 4.95  clip 0.06  kl +0.003
upd  154  steps  317440  sps 1400  opp symm  loss +0.013  pg +0.0364  v 0.007  ev +0.98  adv_std 0.117  tR -0.50  ent[s/d/p/e] 1.83/1.86/1.44/0.39  emits 0.21  spf 140.5  z0 0.85  garr 293.1  tG 2041  e2 0.04  nF 1.7  pS 0.29  ptS 0.29  fLog 0.69  pdΔ -0.2062  pkR 4.95  clip 0.04  kl -0.000
upd  155  steps  319488  sps 1405  opp symm  loss -0.007  pg +0.0151  v 0.012  ev +0.95  adv_std 0.159  tR -0.20  ent[s/d/p/e] 1.98/2.05/1.47/0.41  emits 0.35  spf 136.1  z0 0.79  garr 249.7  tG 1758  e2 0.06  nF 2.9  pS 0.31  ptS 0.30  fLog 0.70  pdΔ -0.1888  pkR 4.24  clip 0.10  kl +0.006
upd  156  steps  321536  sps 1410  opp symm  loss -0.026  pg -0.0032  v 0.012  ev +0.95  adv_std 0.159  tR -0.33  ent[s/d/p/e] 2.01/2.12/1.49/0.44  emits 0.27  spf 97.0  z0 0.84  garr 215.0  tG 1491  e2 0.05  nF 2.6  pS 0.31  ptS 0.30  fLog 0.67  pdΔ -0.1900  pkR 4.39  clip 0.12  kl +0.011
upd  157  steps  323584  sps 1415  opp symm  loss -0.003  pg +0.0213  v 0.011  ev +0.95  adv_std 0.148  tR -0.33  ent[s/d/p/e] 1.92/2.01/1.49/0.50  emits 0.41  spf 97.8  z0 0.76  garr 196.7  tG 1362  e2 0.08  nF 3.2  pS 0.31  ptS 0.30  fLog 0.66  pdΔ -0.1876  pkR 4.33  clip 0.09  kl +0.003
upd  158  steps  325632  sps 1419  opp symm  loss +0.002  pg +0.0220  v 0.021  ev +0.88  adv_std 0.202  tR +0.33  ent[s/d/p/e] 1.99/2.07/1.44/0.54  emits 0.53  spf 98.1  z0 0.72  garr 146.1  tG 1046  e2 0.11  nF 4.2  pS 0.32  ptS 0.31  fLog 0.65  pdΔ -0.1810  pkR 5.65  clip 0.10  kl +0.005
upd  159  steps  327680  sps 1424  opp symm  loss +0.047  pg +0.0692  v 0.016  ev +0.90  adv_std 0.175  tR -1.00  ent[s/d/p/e] 1.98/2.05/1.40/0.52  emits 0.57  spf 67.7  z0 0.69  garr 92.1  tG 696  e2 0.12  nF 5.3  pS 0.33  ptS 0.33  fLog 0.62  pdΔ -0.1705  pkR 4.51  clip 0.20  kl +0.012
upd  160  steps  329728  sps 1429  opp symm  loss -0.013  pg +0.0102  v 0.011  ev +0.92  adv_std 0.151  tR +0.11  ent[s/d/p/e] 1.77/1.97/1.46/0.48  emits 0.35  spf 56.6  z0 0.79  garr 85.8  tG 658  e2 0.07  nF 4.2  pS 0.30  ptS 0.30  fLog 0.59  pdΔ -0.1955  pkR 5.11  clip 0.08  kl +0.000
upd  161  steps  331776  sps 1434  opp symm  loss -0.045  pg -0.0231  v 0.013  ev +0.90  adv_std 0.160  tR +0.50  ent[s/d/p/e] 1.65/1.92/1.51/0.47  emits 0.34  spf 53.5  z0 0.78  garr 87.8  tG 631  e2 0.06  nF 3.8  pS 0.27  ptS 0.27  fLog 0.59  pdΔ -0.2271  pkR 4.51  clip 0.10  kl -0.000
upd  162  steps  333824  sps 1439  opp symm  loss +0.028  pg +0.0513  v 0.012  ev +0.91  adv_std 0.156  tR -0.50  ent[s/d/p/e] 1.70/2.02/1.64/0.47  emits 0.32  spf 56.1  z0 0.79  garr 88.6  tG 644  e2 0.06  nF 3.7  pS 0.28  ptS 0.27  fLog 0.60  pdΔ -0.2225  pkR 5.31  clip 0.06  kl +0.002
upd  163  steps  335872  sps 1444  opp symm  loss +0.018  pg +0.0415  v 0.009  ev +0.92  adv_std 0.136  tR +0.14  ent[s/d/p/e] 1.66/1.94/1.52/0.49  emits 0.43  spf 47.8  z0 0.75  garr 87.0  tG 619  e2 0.09  nF 4.3  pS 0.29  ptS 0.28  fLog 0.58  pdΔ -0.2117  pkR 6.45  clip 0.09  kl +0.005
upd  164  steps  337920  sps 1449  opp symm  loss -0.026  pg -0.0019  v 0.009  ev +0.93  adv_std 0.137  tR +0.00  ent[s/d/p/e] 1.63/1.95/1.56/0.50  emits 0.40  spf 45.2  z0 0.76  garr 86.4  tG 585  e2 0.09  nF 4.9  pS 0.28  ptS 0.27  fLog 0.57  pdΔ -0.2158  pkR 8.33  clip 0.10  kl +0.005
upd  165  steps  339968  sps 1453  opp symm  loss -0.005  pg +0.0213  v 0.007  ev +0.95  adv_std 0.119  tR +0.20  ent[s/d/p/e] 1.77/2.03/1.63/0.49  emits 0.41  spf 52.2  z0 0.75  garr 96.0  tG 654  e2 0.09  nF 4.5  pS 0.32  ptS 0.30  fLog 0.60  pdΔ -0.1804  pkR 8.14  clip 0.09  kl +0.001
upd  166  steps  342016  sps 1458  opp symm  loss +0.013  pg +0.0416  v 0.003  ev +0.98  adv_std 0.075  tR +0.00  ent[s/d/p/e] 1.86/2.01/1.56/0.49  emits 0.47  spf 51.3  z0 0.74  garr 107.1  tG 776  e2 0.10  nF 4.7  pS 0.35  ptS 0.33  fLog 0.59  pdΔ -0.1527  pkR 7.40  clip 0.11  kl +0.003
upd  167  steps  344064  sps 1463  opp symm  loss -0.024  pg +0.0034  v 0.006  ev +0.97  adv_std 0.108  tR +1.00  ent[s/d/p/e] 1.96/2.01/1.56/0.52  emits 0.53  spf 55.7  z0 0.72  garr 114.6  tG 859  e2 0.11  nF 5.8  pS 0.38  ptS 0.37  fLog 0.60  pdΔ -0.1224  pkR 7.31  clip 0.10  kl -0.000
upd  168  steps  346112  sps 1467  opp symm  loss -0.014  pg +0.0126  v 0.007  ev +0.96  adv_std 0.116  tR +0.33  ent[s/d/p/e] 1.97/1.97/1.53/0.51  emits 0.45  spf 53.8  z0 0.75  garr 130.6  tG 1001  e2 0.09  nF 5.1  pS 0.39  ptS 0.38  fLog 0.60  pdΔ -0.1135  pkR 6.79  clip 0.09  kl +0.005
upd  169  steps  348160  sps 1472  opp symm  loss -0.004  pg +0.0217  v 0.008  ev +0.96  adv_std 0.129  tR +0.00  ent[s/d/p/e] 1.82/1.83/1.58/0.52  emits 0.50  spf 55.3  z0 0.74  garr 139.6  tG 1068  e2 0.11  nF 4.6  pS 0.38  ptS 0.37  fLog 0.59  pdΔ -0.1230  pkR 5.47  clip 0.08  kl +0.004
upd  170  steps  350208  sps 1477  opp symm  loss -0.053  pg -0.0260  v 0.007  ev +0.96  adv_std 0.120  tR +1.00  ent[s/d/p/e] 1.88/1.84/1.60/0.55  emits 0.53  spf 55.7  z0 0.71  garr 140.1  tG 1086  e2 0.11  nF 5.3  pS 0.38  ptS 0.37  fLog 0.59  pdΔ -0.1234  pkR 5.47  clip 0.12  kl +0.008
upd  171  steps  352256  sps 1481  opp symm  loss +0.020  pg +0.0466  v 0.008  ev +0.95  adv_std 0.121  tR +0.43  ent[s/d/p/e] 1.90/1.89/1.62/0.53  emits 0.56  spf 58.0  z0 0.71  garr 124.3  tG 961  e2 0.12  nF 5.6  pS 0.37  ptS 0.36  fLog 0.60  pdΔ -0.1311  pkR 4.94  clip 0.08  kl +0.001
upd  172  steps  354304  sps 1486  opp symm  loss -0.023  pg +0.0043  v 0.006  ev +0.96  adv_std 0.109  tR +0.50  ent[s/d/p/e] 1.89/1.86/1.59/0.53  emits 0.59  spf 55.0  z0 0.69  garr 116.8  tG 935  e2 0.13  nF 5.6  pS 0.37  ptS 0.36  fLog 0.59  pdΔ -0.1322  pkR 5.37  clip 0.07  kl +0.002
upd  173  steps  356352  sps 1490  opp symm  loss -0.006  pg +0.0205  v 0.006  ev +0.96  adv_std 0.109  tR +1.00  ent[s/d/p/e] 1.81/1.80/1.56/0.54  emits 0.51  spf 54.8  z0 0.70  garr 117.9  tG 930  e2 0.11  nF 5.1  pS 0.36  ptS 0.34  fLog 0.60  pdΔ -0.1448  pkR 5.85  clip 0.09  kl +0.005
upd  174  steps  358400  sps 1495  opp symm  loss -0.025  pg +0.0007  v 0.006  ev +0.96  adv_std 0.109  tR -0.25  ent[s/d/p/e] 1.78/1.79/1.65/0.48  emits 0.39  spf 60.6  z0 0.76  garr 122.4  tG 1002  e2 0.08  nF 4.3  pS 0.35  ptS 0.34  fLog 0.61  pdΔ -0.1522  pkR 5.92  clip 0.13  kl +0.003
upd  175  steps  360448  sps 1499  opp symm  loss -0.057  pg -0.0328  v 0.007  ev +0.95  adv_std 0.122  tR +0.20  ent[s/d/p/e] 1.73/1.78/1.56/0.48  emits 0.36  spf 60.5  z0 0.78  garr 133.0  tG 1108  e2 0.07  nF 3.8  pS 0.36  ptS 0.35  fLog 0.61  pdΔ -0.1429  pkR 5.34  clip 0.09  kl +0.005
upd  176  steps  362496  sps 1504  opp symm  loss -0.061  pg -0.0385  v 0.011  ev +0.93  adv_std 0.143  tR +0.25  ent[s/d/p/e] 1.68/1.78/1.51/0.49  emits 0.45  spf 59.8  z0 0.75  garr 134.4  tG 1141  e2 0.09  nF 3.8  pS 0.34  ptS 0.33  fLog 0.60  pdΔ -0.1597  pkR 5.56  clip 0.08  kl +0.001
upd  177  steps  364544  sps 1508  opp symm  loss -0.043  pg -0.0193  v 0.008  ev +0.94  adv_std 0.127  tR +0.50  ent[s/d/p/e] 1.49/1.60/1.50/0.53  emits 0.44  spf 69.5  z0 0.72  garr 126.9  tG 1028  e2 0.09  nF 3.9  pS 0.31  ptS 0.30  fLog 0.61  pdΔ -0.1912  pkR 6.79  clip 0.10  kl +0.005
upd  178  steps  366592  sps 1513  opp symm  loss -0.070  pg -0.0443  v 0.005  ev +0.97  adv_std 0.095  tR -0.33  ent[s/d/p/e] 1.48/1.69/1.55/0.51  emits 0.35  spf 63.2  z0 0.77  garr 120.0  tG 940  e2 0.07  nF 3.5  pS 0.31  ptS 0.30  fLog 0.61  pdΔ -0.1877  pkR 5.79  clip 0.06  kl +0.001
upd  179  steps  368640  sps 1517  opp symm  loss -0.032  pg -0.0102  v 0.012  ev +0.92  adv_std 0.155  tR -0.14  ent[s/d/p/e] 1.45/1.62/1.56/0.55  emits 0.42  spf 62.0  z0 0.74  garr 101.5  tG 757  e2 0.08  nF 3.9  pS 0.30  ptS 0.29  fLog 0.61  pdΔ -0.1995  pkR 7.72  clip 0.09  kl +0.004
upd  180  steps  370688  sps 1521  opp symm  loss -0.019  pg +0.0077  v 0.005  ev +0.97  adv_std 0.099  tR +1.00  ent[s/d/p/e] 1.51/1.73/1.62/0.53  emits 0.42  spf 59.0  z0 0.73  garr 99.0  tG 735  e2 0.09  nF 4.3  pS 0.33  ptS 0.32  fLog 0.61  pdΔ -0.1690  pkR 5.58  clip 0.12  kl +0.002
upd  181  steps  372736  sps 1526  opp symm  loss -0.013  pg +0.0135  v 0.007  ev +0.97  adv_std 0.120  tR +0.00  ent[s/d/p/e] 1.63/1.84/1.65/0.55  emits 0.42  spf 62.3  z0 0.74  garr 102.6  tG 769  e2 0.10  nF 4.0  pS 0.34  ptS 0.33  fLog 0.62  pdΔ -0.1626  pkR 6.40  clip 0.11  kl +0.004
upd  182  steps  374784  sps 1530  opp symm  loss -0.027  pg +0.0004  v 0.007  ev +0.97  adv_std 0.117  tR -0.33  ent[s/d/p/e] 1.84/1.99/1.61/0.58  emits 0.55  spf 70.3  z0 0.71  garr 105.2  tG 798  e2 0.13  nF 5.3  pS 0.36  ptS 0.35  fLog 0.64  pdΔ -0.1375  pkR 6.27  clip 0.07  kl +0.001
upd  183  steps  376832  sps 1534  opp symm  loss +0.001  pg +0.0295  v 0.004  ev +0.98  adv_std 0.094  tR -0.20  ent[s/d/p/e] 1.81/1.98/1.57/0.58  emits 0.57  spf 60.0  z0 0.67  garr 90.5  tG 739  e2 0.12  nF 5.9  pS 0.36  ptS 0.36  fLog 0.61  pdΔ -0.1377  pkR 6.00  clip 0.08  kl +0.002
upd  184  steps  378880  sps 1539  opp symm  loss +0.011  pg +0.0380  v 0.006  ev +0.97  adv_std 0.112  tR +0.00  ent[s/d/p/e] 1.73/1.92/1.57/0.56  emits 0.52  spf 60.1  z0 0.68  garr 81.3  tG 672  e2 0.11  nF 5.5  pS 0.35  ptS 0.34  fLog 0.61  pdΔ -0.1548  pkR 7.02  clip 0.08  kl +0.002
upd  185  steps  380928  sps 1543  opp symm  loss +0.007  pg +0.0322  v 0.008  ev +0.95  adv_std 0.129  tR +0.00  ent[s/d/p/e] 1.71/1.92/1.52/0.53  emits 0.46  spf 54.1  z0 0.73  garr 77.1  tG 632  e2 0.10  nF 4.8  pS 0.32  ptS 0.33  fLog 0.60  pdΔ -0.1760  pkR 7.49  clip 0.06  kl -0.000
upd  186  steps  382976  sps 1547  opp symm  loss +0.011  pg +0.0341  v 0.012  ev +0.92  adv_std 0.154  tR -0.20  ent[s/d/p/e] 1.80/1.97/1.46/0.51  emits 0.51  spf 55.8  z0 0.72  garr 72.8  tG 583  e2 0.10  nF 4.7  pS 0.31  ptS 0.31  fLog 0.60  pdΔ -0.1898  pkR 6.68  clip 0.08  kl +0.002
upd  187  steps  385024  sps 1551  opp symm  loss -0.004  pg +0.0222  v 0.007  ev +0.96  adv_std 0.117  tR +0.33  ent[s/d/p/e] 1.79/2.06/1.44/0.52  emits 0.46  spf 53.4  z0 0.74  garr 77.5  tG 624  e2 0.09  nF 5.0  pS 0.33  ptS 0.33  fLog 0.59  pdΔ -0.1713  pkR 4.47  clip 0.07  kl +0.002
upd  188  steps  387072  sps 1556  opp symm  loss -0.013  pg +0.0122  v 0.008  ev +0.95  adv_std 0.127  tR +0.00  ent[s/d/p/e] 1.71/1.93/1.52/0.52  emits 0.43  spf 65.0  z0 0.74  garr 87.2  tG 713  e2 0.09  nF 3.8  pS 0.33  ptS 0.32  fLog 0.63  pdΔ -0.1712  pkR 4.72  clip 0.07  kl +0.001
upd  189  steps  389120  sps 1560  opp symm  loss -0.016  pg +0.0089  v 0.009  ev +0.95  adv_std 0.133  tR +1.00  ent[s/d/p/e] 1.74/1.93/1.55/0.54  emits 0.46  spf 62.0  z0 0.72  garr 86.1  tG 697  e2 0.09  nF 4.3  pS 0.33  ptS 0.33  fLog 0.62  pdΔ -0.1676  pkR 5.42  clip 0.11  kl +0.002
upd  190  steps  391168  sps 1564  opp symm  loss -0.054  pg -0.0284  v 0.008  ev +0.96  adv_std 0.126  tR +0.33  ent[s/d/p/e] 1.73/1.98/1.50/0.55  emits 0.61  spf 61.4  z0 0.67  garr 76.6  tG 626  e2 0.13  nF 4.8  pS 0.33  ptS 0.33  fLog 0.62  pdΔ -0.1681  pkR 6.47  clip 0.08  kl +0.001
upd  191  steps  393216  sps 1568  opp symm  loss -0.007  pg +0.0198  v 0.009  ev +0.96  adv_std 0.131  tR -0.33  ent[s/d/p/e] 1.84/2.07/1.49/0.58  emits 0.64  spf 57.5  z0 0.67  garr 67.9  tG 561  e2 0.14  nF 6.7  pS 0.35  ptS 0.35  fLog 0.61  pdΔ -0.1467  pkR 6.84  clip 0.10  kl +0.007
upd  192  steps  395264  sps 1572  opp symm  loss -0.003  pg +0.0210  v 0.011  ev +0.93  adv_std 0.152  tR +0.00  ent[s/d/p/e] 1.86/2.00/1.48/0.55  emits 0.63  spf 53.8  z0 0.66  garr 62.4  tG 535  e2 0.13  nF 6.3  pS 0.35  ptS 0.35  fLog 0.60  pdΔ -0.1477  pkR 7.03  clip 0.15  kl +0.006
upd  193  steps  397312  sps 1576  opp symm  loss -0.006  pg +0.0210  v 0.008  ev +0.95  adv_std 0.129  tR -0.50  ent[s/d/p/e] 1.97/2.12/1.54/0.55  emits 0.64  spf 58.7  z0 0.68  garr 62.5  tG 527  e2 0.13  nF 6.5  pS 0.37  ptS 0.36  fLog 0.61  pdΔ -0.1324  pkR 4.20  clip 0.18  kl +0.005
upd  194  steps  399360  sps 1580  opp symm  loss -0.047  pg -0.0208  v 0.008  ev +0.95  adv_std 0.128  tR +0.50  ent[s/d/p/e] 1.86/2.03/1.58/0.52  emits 0.57  spf 57.6  z0 0.70  garr 68.2  tG 602  e2 0.12  nF 5.5  pS 0.36  ptS 0.36  fLog 0.61  pdΔ -0.1381  pkR 7.35  clip 0.11  kl -0.002
upd  195  steps  401408  sps 1584  opp symm  loss +0.006  pg +0.0322  v 0.006  ev +0.96  adv_std 0.108  tR +0.33  ent[s/d/p/e] 1.66/1.95/1.56/0.53  emits 0.43  spf 62.7  z0 0.73  garr 69.9  tG 548  e2 0.08  nF 4.5  pS 0.32  ptS 0.31  fLog 0.63  pdΔ -0.1822  pkR 6.49  clip 0.07  kl -0.000
upd  196  steps  403456  sps 1588  opp symm  loss -0.033  pg -0.0086  v 0.011  ev +0.93  adv_std 0.151  tR -0.67  ent[s/d/p/e] 1.73/1.92/1.52/0.55  emits 0.53  spf 63.0  z0 0.69  garr 64.1  tG 501  e2 0.11  nF 5.3  pS 0.33  ptS 0.32  fLog 0.63  pdΔ -0.1733  pkR 3.77  clip 0.17  kl +0.004
upd  197  steps  405504  sps 1592  opp symm  loss -0.024  pg +0.0020  v 0.006  ev +0.96  adv_std 0.114  tR -0.50  ent[s/d/p/e] 1.77/1.99/1.42/0.54  emits 0.51  spf 55.1  z0 0.72  garr 66.4  tG 528  e2 0.11  nF 4.7  pS 0.34  ptS 0.33  fLog 0.61  pdΔ -0.1644  pkR 4.20  clip 0.08  kl +0.004
upd  198  steps  407552  sps 1596  opp symm  loss -0.023  pg +0.0023  v 0.008  ev +0.95  adv_std 0.127  tR +1.00  ent[s/d/p/e] 1.76/2.00/1.46/0.54  emits 0.51  spf 59.3  z0 0.72  garr 78.6  tG 600  e2 0.11  nF 5.0  pS 0.34  ptS 0.34  fLog 0.62  pdΔ -0.1617  pkR 4.84  clip 0.09  kl +0.005
[eval_vs_v20] u199 tag=train_u199  bin0=0.0%  spf=60.33  garr=97.10  flip=33.33%  z0=76.1%  e8=0.0%  e2+=0.0%  WLD=0/3/0
upd  199  steps  409600  sps 1600  opp symm  loss -0.021  pg +0.0038  v 0.010  ev +0.94  adv_std 0.142  tR +0.20  ent[s/d/p/e] 1.75/1.98/1.55/0.55  emits 0.47  spf 62.0  z0 0.72  garr 84.5  tG 652  e2 0.09  nF 4.6  pS 0.35  ptS 0.34  fLog 0.62  pdΔ -0.1538  pkR 4.55  clip 0.06  kl +0.001 WRr 0.22 v20[spf 60.3 flip 33.3% e2+ 0.0%]
[ckpt] saved /home/charlie/project/OrbitWarRL/ckpt_search/v14e_binary_v1_a_p0i1_ORBITWARS_SHAPING_CAPTURE_0.06_752c7431e2/ckpt_000199.pkl opp=symm
upd  200  steps  411648  sps 1244  opp symm  loss -0.008  pg +0.0165  v 0.010  ev +0.95  adv_std 0.139  tR +0.60  ent[s/d/p/e] 1.68/1.99/1.54/0.53  emits 0.54  spf 57.4  z0 0.70  garr 80.5  tG 631  e2 0.12  nF 4.6  pS 0.34  ptS 0.33  fLog 0.61  pdΔ -0.1627  pkR 5.21  clip 0.07  kl +0.001
upd  201  steps  413696  sps 1248  opp symm  loss +0.001  pg +0.0243  v 0.012  ev +0.92  adv_std 0.155  tR +0.09  ent[s/d/p/e] 1.53/1.89/1.58/0.53  emits 0.44  spf 54.9  z0 0.73  garr 71.3  tG 553  e2 0.10  nF 4.2  pS 0.31  ptS 0.30  fLog 0.60  pdΔ -0.1863  pkR 6.17  clip 0.08  kl +0.001
upd  202  steps  415744  sps 1252  opp symm  loss -0.002  pg +0.0244  v 0.007  ev +0.96  adv_std 0.116  tR -0.33  ent[s/d/p/e] 1.63/2.04/1.53/0.54  emits 0.47  spf 54.9  z0 0.72  garr 72.0  tG 497  e2 0.09  nF 4.3  pS 0.30  ptS 0.29  fLog 0.61  pdΔ -0.1959  pkR 5.55  clip 0.07  kl +0.002
upd  203  steps  417792  sps 1255  opp symm  loss -0.015  pg +0.0099  v 0.008  ev +0.95  adv_std 0.133  tR +0.00  ent[s/d/p/e] 1.57/1.99/1.49/0.54  emits 0.53  spf 55.2  z0 0.69  garr 68.2  tG 491  e2 0.11  nF 4.9  pS 0.32  ptS 0.31  fLog 0.60  pdΔ -0.1839  pkR 6.10  clip 0.09  kl +0.002
upd  204  steps  419840  sps 1259  opp symm  loss +0.004  pg +0.0302  v 0.006  ev +0.95  adv_std 0.108  tR +0.60  ent[s/d/p/e] 1.49/1.94/1.56/0.52  emits 0.41  spf 51.7  z0 0.74  garr 73.1  tG 501  e2 0.09  nF 4.0  pS 0.30  ptS 0.29  fLog 0.60  pdΔ -0.2017  pkR 4.84  clip 0.06  kl +0.002
upd  205  steps  421888  sps 1263  opp symm  loss -0.001  pg +0.0248  v 0.007  ev +0.94  adv_std 0.120  tR -1.00  ent[s/d/p/e] 1.67/2.03/1.59/0.51  emits 0.42  spf 58.5  z0 0.75  garr 88.9  tG 620  e2 0.09  nF 4.3  pS 0.32  ptS 0.30  fLog 0.61  pdΔ -0.1840  pkR 5.07  clip 0.06  kl +0.001
upd  206  steps  423936  sps 1266  opp symm  loss -0.082  pg -0.0550  v 0.005  ev +0.96  adv_std 0.106  tR -1.00  ent[s/d/p/e] 1.74/2.12/1.55/0.49  emits 0.38  spf 62.7  z0 0.77  garr 114.2  tG 799  e2 0.08  nF 4.0  pS 0.34  ptS 0.33  fLog 0.62  pdΔ -0.1563  pkR 4.03  clip 0.05  kl +0.002
upd  207  steps  425984  sps 1270  opp symm  loss +0.018  pg +0.0437  v 0.007  ev +0.96  adv_std 0.121  tR +0.20  ent[s/d/p/e] 1.78/2.09/1.56/0.48  emits 0.39  spf 73.5  z0 0.77  garr 135.3  tG 984  e2 0.08  nF 3.8  pS 0.35  ptS 0.34  fLog 0.64  pdΔ -0.1469  pkR 4.01  clip 0.05  kl -0.001
upd  208  steps  428032  sps 1274  opp symm  loss +0.007  pg +0.0344  v 0.005  ev +0.97  adv_std 0.102  tR -1.00  ent[s/d/p/e] 1.87/2.24/1.45/0.49  emits 0.42  spf 72.7  z0 0.76  garr 151.7  tG 1102  e2 0.09  nF 3.8  pS 0.36  ptS 0.35  fLog 0.64  pdΔ -0.1375  pkR 4.49  clip 0.07  kl -0.000
upd  209  steps  430080  sps 1277  opp symm  loss +0.029  pg +0.0543  v 0.007  ev +0.96  adv_std 0.115  tR +0.33  ent[s/d/p/e] 1.85/2.24/1.37/0.47  emits 0.41  spf 68.3  z0 0.77  garr 166.9  tG 1236  e2 0.09  nF 4.3  pS 0.37  ptS 0.36  fLog 0.62  pdΔ -0.1282  pkR 4.63  clip 0.07  kl +0.002
upd  210  steps  432128  sps 1281  opp symm  loss -0.016  pg +0.0089  v 0.008  ev +0.95  adv_std 0.128  tR +0.00  ent[s/d/p/e] 1.69/2.15/1.51/0.47  emits 0.36  spf 73.8  z0 0.79  garr 157.2  tG 1163  e2 0.07  nF 3.4  pS 0.33  ptS 0.32  fLog 0.63  pdΔ -0.1709  pkR 4.01  clip 0.08  kl +0.003
upd  211  steps  434176  sps 1285  opp symm  loss -0.006  pg +0.0176  v 0.008  ev +0.95  adv_std 0.124  tR +0.00  ent[s/d/p/e] 1.31/1.89/1.52/0.48  emits 0.36  spf 76.1  z0 0.76  garr 145.4  tG 1071  e2 0.07  nF 3.2  pS 0.30  ptS 0.30  fLog 0.64  pdΔ -0.1957  pkR 4.74  clip 0.06  kl +0.000
upd  212  steps  436224  sps 1288  opp symm  loss -0.025  pg -0.0007  v 0.007  ev +0.96  adv_std 0.116  tR -1.00  ent[s/d/p/e] 1.43/2.01/1.49/0.49  emits 0.37  spf 67.3  z0 0.77  garr 144.9  tG 1108  e2 0.08  nF 3.3  pS 0.31  ptS 0.30  fLog 0.63  pdΔ -0.1918  pkR 5.71  clip 0.06  kl +0.001
upd  213  steps  438272  sps 1292  opp symm  loss -0.024  pg +0.0005  v 0.006  ev +0.96  adv_std 0.111  tR +0.50  ent[s/d/p/e] 1.52/2.01/1.46/0.48  emits 0.38  spf 68.2  z0 0.77  garr 146.1  tG 1148  e2 0.07  nF 3.3  pS 0.32  ptS 0.32  fLog 0.63  pdΔ -0.1810  pkR 6.57  clip 0.05  kl +0.004
upd  214  steps  440320  sps 1295  opp symm  loss -0.021  pg +0.0018  v 0.011  ev +0.92  adv_std 0.145  tR +0.43  ent[s/d/p/e] 1.49/2.01/1.51/0.50  emits 0.34  spf 60.9  z0 0.78  garr 134.8  tG 1054  e2 0.07  nF 3.2  pS 0.32  ptS 0.32  fLog 0.62  pdΔ -0.1792  pkR 7.69  clip 0.09  kl +0.008
upd  215  steps  442368  sps 1299  opp symm  loss -0.041  pg -0.0150  v 0.004  ev +0.97  adv_std 0.091  tR -1.00  ent[s/d/p/e] 1.47/2.01/1.51/0.48  emits 0.40  spf 61.6  z0 0.75  garr 128.6  tG 1020  e2 0.08  nF 3.6  pS 0.33  ptS 0.32  fLog 0.62  pdΔ -0.1737  pkR 6.63  clip 0.07  kl +0.002
upd  216  steps  444416  sps 1303  opp symm  loss -0.050  pg -0.0239  v 0.006  ev +0.96  adv_std 0.106  tR +0.00  ent[s/d/p/e] 1.60/2.09/1.46/0.49  emits 0.42  spf 64.4  z0 0.76  garr 144.1  tG 1176  e2 0.08  nF 3.7  pS 0.35  ptS 0.35  fLog 0.63  pdΔ -0.1520  pkR 6.39  clip 0.06  kl +0.002
upd  217  steps  446464  sps 1306  opp symm  loss +0.043  pg +0.0665  v 0.008  ev +0.93  adv_std 0.125  tR +0.50  ent[s/d/p/e] 1.52/2.01/1.41/0.47  emits 0.38  spf 69.3  z0 0.76  garr 129.0  tG 1070  e2 0.08  nF 3.9  pS 0.33  ptS 0.33  fLog 0.63  pdΔ -0.1731  pkR 7.33  clip 0.07  kl +0.002
upd  218  steps  448512  sps 1310  opp symm  loss +0.003  pg +0.0286  v 0.005  ev +0.96  adv_std 0.099  tR +0.33  ent[s/d/p/e] 1.63/2.04/1.41/0.51  emits 0.48  spf 69.3  z0 0.72  garr 120.8  tG 998  e2 0.09  nF 4.5  pS 0.34  ptS 0.34  fLog 0.63  pdΔ -0.1595  pkR 8.17  clip 0.08  kl +0.002
upd  219  steps  450560  sps 1313  opp symm  loss -0.033  pg -0.0096  v 0.008  ev +0.94  adv_std 0.129  tR -0.11  ent[s/d/p/e] 1.58/2.01/1.46/0.48  emits 0.40  spf 59.8  z0 0.76  garr 107.9  tG 927  e2 0.08  nF 4.1  pS 0.35  ptS 0.34  fLog 0.61  pdΔ -0.1531  pkR 9.93  clip 0.08  kl +0.004
upd  220  steps  452608  sps 1317  opp symm  loss -0.011  pg +0.0148  v 0.004  ev +0.97  adv_std 0.090  tR +1.00  ent[s/d/p/e] 1.52/1.98/1.48/0.50  emits 0.41  spf 64.6  z0 0.74  garr 99.6  tG 786  e2 0.08  nF 3.9  pS 0.33  ptS 0.32  fLog 0.63  pdΔ -0.1702  pkR 6.55  clip 0.07  kl +0.003
upd  221  steps  454656  sps 1320  opp symm  loss +0.017  pg +0.0422  v 0.006  ev +0.96  adv_std 0.113  tR +0.20  ent[s/d/p/e] 1.58/2.11/1.44/0.49  emits 0.43  spf 53.7  z0 0.76  garr 109.3  tG 836  e2 0.09  nF 4.5  pS 0.33  ptS 0.32  fLog 0.60  pdΔ -0.1736  pkR 7.56  clip 0.07  kl +0.001
upd  222  steps  456704  sps 1324  opp symm  loss -0.040  pg -0.0153  v 0.006  ev +0.96  adv_std 0.114  tR -0.33  ent[s/d/p/e] 1.61/2.06/1.41/0.47  emits 0.38  spf 54.1  z0 0.77  garr 122.9  tG 971  e2 0.07  nF 4.2  pS 0.34  ptS 0.34  fLog 0.60  pdΔ -0.1563  pkR 8.21  clip 0.08  kl +0.003
upd  223  steps  458752  sps 1327  opp symm  loss -0.059  pg -0.0346  v 0.006  ev +0.97  adv_std 0.107  tR +1.00  ent[s/d/p/e] 1.60/2.12/1.39/0.47  emits 0.39  spf 62.7  z0 0.78  garr 138.1  tG 1108  e2 0.08  nF 3.7  pS 0.35  ptS 0.34  fLog 0.62  pdΔ -0.1466  pkR 9.12  clip 0.06  kl +0.000
upd  224  steps  460800  sps 1330  opp symm  loss -0.024  pg -0.0001  v 0.007  ev +0.96  adv_std 0.117  tR -0.33  ent[s/d/p/e] 1.63/2.11/1.34/0.46  emits 0.45  spf 57.2  z0 0.76  garr 144.6  tG 1107  e2 0.10  nF 4.5  pS 0.37  ptS 0.35  fLog 0.61  pdΔ -0.1334  pkR 4.68  clip 0.10  kl +0.007
upd  225  steps  462848  sps 1334  opp symm  loss +0.018  pg +0.0423  v 0.006  ev +0.97  adv_std 0.107  tR +0.20  ent[s/d/p/e] 1.62/2.07/1.37/0.46  emits 0.40  spf 54.9  z0 0.77  garr 169.7  tG 1301  e2 0.09  nF 4.1  pS 0.37  ptS 0.36  fLog 0.61  pdΔ -0.1331  pkR 4.86  clip 0.07  kl +0.003
upd  226  steps  464896  sps 1337  opp symm  loss -0.045  pg -0.0210  v 0.005  ev +0.97  adv_std 0.103  tR +0.33  ent[s/d/p/e] 1.57/2.02/1.38/0.44  emits 0.34  spf 54.4  z0 0.80  garr 178.8  tG 1386  e2 0.08  nF 3.7  pS 0.35  ptS 0.34  fLog 0.60  pdΔ -0.1527  pkR 5.52  clip 0.05  kl +0.001
upd  227  steps  466944  sps 1341  opp symm  loss -0.055  pg -0.0316  v 0.006  ev +0.97  adv_std 0.109  tR +0.43  ent[s/d/p/e] 1.43/1.98/1.39/0.44  emits 0.33  spf 60.6  z0 0.79  garr 184.9  tG 1442  e2 0.06  nF 3.4  pS 0.34  ptS 0.32  fLog 0.61  pdΔ -0.1635  pkR 6.15  clip 0.09  kl +0.004
upd  228  steps  468992  sps 1344  opp symm  loss -0.042  pg -0.0195  v 0.008  ev +0.95  adv_std 0.125  tR -0.14  ent[s/d/p/e] 1.52/1.97/1.36/0.44  emits 0.33  spf 65.1  z0 0.80  garr 160.4  tG 1287  e2 0.07  nF 3.6  pS 0.33  ptS 0.31  fLog 0.62  pdΔ -0.1728  pkR 7.76  clip 0.04  kl +0.002
upd  229  steps  471040  sps 1347  opp symm  loss -0.093  pg -0.0702  v 0.008  ev +0.95  adv_std 0.125  tR +0.25  ent[s/d/p/e] 1.42/1.95/1.38/0.46  emits 0.31  spf 56.0  z0 0.81  garr 151.2  tG 1207  e2 0.06  nF 3.2  pS 0.31  ptS 0.29  fLog 0.60  pdΔ -0.1937  pkR 8.18  clip 0.05  kl +0.002
upd  230  steps  473088  sps 1351  opp symm  loss +0.038  pg +0.0586  v 0.009  ev +0.94  adv_std 0.136  tR +0.60  ent[s/d/p/e] 1.30/1.80/1.34/0.45  emits 0.33  spf 53.0  z0 0.79  garr 135.4  tG 1069  e2 0.06  nF 3.3  pS 0.28  ptS 0.27  fLog 0.59  pdΔ -0.2156  pkR 8.27  clip 0.05  kl +0.001
upd  231  steps  475136  sps 1354  opp symm  loss -0.034  pg -0.0114  v 0.008  ev +0.95  adv_std 0.123  tR +0.33  ent[s/d/p/e] 1.39/1.83/1.36/0.48  emits 0.41  spf 47.5  z0 0.75  garr 135.1  tG 1069  e2 0.09  nF 3.8  pS 0.30  ptS 0.28  fLog 0.59  pdΔ -0.2032  pkR 9.20  clip 0.04  kl +0.001
upd  232  steps  477184  sps 1357  opp symm  loss -0.017  pg +0.0050  v 0.010  ev +0.95  adv_std 0.137  tR -0.11  ent[s/d/p/e] 1.39/1.88/1.34/0.50  emits 0.39  spf 50.3  z0 0.76  garr 110.6  tG 880  e2 0.08  nF 4.1  pS 0.31  ptS 0.29  fLog 0.59  pdΔ -0.1936  pkR 11.11  clip 0.06  kl +0.002
upd  233  steps  479232  sps 1361  opp symm  loss +0.018  pg +0.0396  v 0.009  ev +0.94  adv_std 0.136  tR +1.00  ent[s/d/p/e] 1.41/1.86/1.32/0.49  emits 0.38  spf 52.8  z0 0.75  garr 101.3  tG 805  e2 0.08  nF 3.7  pS 0.31  ptS 0.29  fLog 0.60  pdΔ -0.1917  pkR 8.02  clip 0.07  kl +0.002
upd  234  steps  481280  sps 1364  opp symm  loss -0.046  pg -0.0226  v 0.008  ev +0.95  adv_std 0.124  tR +0.33  ent[s/d/p/e] 1.42/1.93/1.43/0.51  emits 0.38  spf 56.9  z0 0.76  garr 101.5  tG 787  e2 0.08  nF 3.8  pS 0.31  ptS 0.30  fLog 0.61  pdΔ -0.1907  pkR 8.71  clip 0.07  kl +0.002
upd  235  steps  483328  sps 1367  opp symm  loss -0.001  pg +0.0219  v 0.008  ev +0.94  adv_std 0.126  tR -0.20  ent[s/d/p/e] 1.46/1.94/1.44/0.47  emits 0.35  spf 64.2  z0 0.77  garr 105.6  tG 811  e2 0.07  nF 3.6  pS 0.31  ptS 0.31  fLog 0.63  pdΔ -0.1871  pkR 8.89  clip 0.08  kl +0.002
upd  236  steps  485376  sps 1371  opp symm  loss +0.007  pg +0.0295  v 0.008  ev +0.94  adv_std 0.124  tR +0.60  ent[s/d/p/e] 1.46/1.91/1.42/0.46  emits 0.32  spf 74.4  z0 0.79  garr 96.1  tG 702  e2 0.06  nF 3.2  pS 0.29  ptS 0.29  fLog 0.64  pdΔ -0.2085  pkR 8.20  clip 0.06  kl -0.000
upd  237  steps  487424  sps 1374  opp symm  loss -0.006  pg +0.0164  v 0.008  ev +0.94  adv_std 0.128  tR +0.00  ent[s/d/p/e] 1.39/1.80/1.47/0.45  emits 0.30  spf 70.8  z0 0.80  garr 98.1  tG 708  e2 0.06  nF 2.8  pS 0.29  ptS 0.29  fLog 0.63  pdΔ -0.2087  pkR 6.59  clip 0.07  kl +0.001
upd  238  steps  489472  sps 1377  opp symm  loss +0.002  pg +0.0255  v 0.003  ev +0.97  adv_std 0.083  tR +0.00  ent[s/d/p/e] 1.35/1.66/1.45/0.44  emits 0.30  spf 61.6  z0 0.79  garr 108.2  tG 768  e2 0.06  nF 2.7  pS 0.29  ptS 0.29  fLog 0.61  pdΔ -0.2092  pkR 5.19  clip 0.03  kl +0.002
upd  239  steps  491520  sps 1380  opp symm  loss -0.041  pg -0.0176  v 0.005  ev +0.97  adv_std 0.104  tR -0.33  ent[s/d/p/e] 1.52/1.77/1.44/0.45  emits 0.31  spf 59.4  z0 0.80  garr 124.8  tG 917  e2 0.06  nF 2.9  pS 0.30  ptS 0.30  fLog 0.61  pdΔ -0.1984  pkR 5.09  clip 0.05  kl +0.002
upd  240  steps  493568  sps 1384  opp symm  loss -0.009  pg +0.0143  v 0.008  ev +0.95  adv_std 0.126  tR +0.00  ent[s/d/p/e] 1.58/1.81/1.52/0.44  emits 0.31  spf 66.3  z0 0.81  garr 150.0  tG 1129  e2 0.06  nF 2.7  pS 0.32  ptS 0.31  fLog 0.62  pdΔ -0.1846  pkR 4.87  clip 0.06  kl +0.001
upd  241  steps  495616  sps 1387  opp symm  loss -0.013  pg +0.0100  v 0.008  ev +0.95  adv_std 0.123  tR -0.71  ent[s/d/p/e] 1.61/1.76/1.44/0.48  emits 0.34  spf 68.7  z0 0.79  garr 153.9  tG 1181  e2 0.07  nF 3.3  pS 0.33  ptS 0.32  fLog 0.62  pdΔ -0.1690  pkR 5.13  clip 0.06  kl -0.000
upd  242  steps  497664  sps 1390  opp symm  loss +0.045  pg +0.0677  v 0.008  ev +0.95  adv_std 0.125  tR +0.25  ent[s/d/p/e] 1.52/1.71/1.51/0.46  emits 0.32  spf 70.9  z0 0.79  garr 145.9  tG 1146  e2 0.07  nF 2.8  pS 0.33  ptS 0.32  fLog 0.62  pdΔ -0.1656  pkR 5.53  clip 0.06  kl +0.001
upd  243  steps  499712  sps 1393  opp symm  loss +0.027  pg +0.0507  v 0.006  ev +0.96  adv_std 0.109  tR +0.20  ent[s/d/p/e] 1.42/1.68/1.44/0.48  emits 0.34  spf 72.6  z0 0.76  garr 110.2  tG 920  e2 0.06  nF 3.0  pS 0.32  ptS 0.31  fLog 0.62  pdΔ -0.1805  pkR 7.13  clip 0.06  kl +0.001
upd  244  steps  501760  sps 1396  opp symm  loss +0.027  pg +0.0517  v 0.005  ev +0.96  adv_std 0.101  tR -0.50  ent[s/d/p/e] 1.50/1.76/1.46/0.49  emits 0.35  spf 75.1  z0 0.76  garr 99.5  tG 896  e2 0.07  nF 3.1  pS 0.34  ptS 0.33  fLog 0.64  pdΔ -0.1581  pkR 5.38  clip 0.04  kl +0.000
upd  245  steps  503808  sps 1400  opp symm  loss +0.019  pg +0.0439  v 0.005  ev +0.96  adv_std 0.104  tR +0.00  ent[s/d/p/e] 1.54/1.81/1.47/0.50  emits 0.35  spf 71.9  z0 0.77  garr 103.3  tG 936  e2 0.07  nF 3.1  pS 0.36  ptS 0.35  fLog 0.65  pdΔ -0.1436  pkR 5.47  clip 0.07  kl +0.002
upd  246  steps  505856  sps 1403  opp symm  loss +0.018  pg +0.0432  v 0.005  ev +0.96  adv_std 0.105  tR +1.00  ent[s/d/p/e] 1.60/1.84/1.42/0.50  emits 0.34  spf 71.9  z0 0.78  garr 113.8  tG 1021  e2 0.07  nF 3.0  pS 0.36  ptS 0.35  fLog 0.64  pdΔ -0.1414  pkR 6.08  clip 0.06  kl +0.001
upd  247  steps  507904  sps 1406  opp symm  loss -0.043  pg -0.0187  v 0.004  ev +0.98  adv_std 0.089  tR +0.20  ent[s/d/p/e] 1.56/1.82/1.41/0.47  emits 0.28  spf 83.4  z0 0.80  garr 127.7  tG 1132  e2 0.06  nF 2.7  pS 0.36  ptS 0.35  fLog 0.66  pdΔ -0.1410  pkR 6.09  clip 0.05  kl +0.001
upd  248  steps  509952  sps 1409  opp symm  loss -0.025  pg -0.0004  v 0.004  ev +0.97  adv_std 0.090  tR +0.67  ent[s/d/p/e] 1.55/1.79/1.42/0.47  emits 0.32  spf 77.0  z0 0.79  garr 124.5  tG 1059  e2 0.06  nF 2.6  pS 0.34  ptS 0.33  fLog 0.64  pdΔ -0.1590  pkR 5.77  clip 0.06  kl +0.001
upd  249  steps  512000  sps 1412  opp symm  loss -0.072  pg -0.0481  v 0.007  ev +0.94  adv_std 0.120  tR +0.71  ent[s/d/p/e] 1.44/1.85/1.52/0.47  emits 0.28  spf 82.6  z0 0.79  garr 117.4  tG 877  e2 0.05  nF 2.4  pS 0.31  ptS 0.30  fLog 0.66  pdΔ -0.1866  pkR 6.44  clip 0.05  kl -0.000
upd  250  steps  514048  sps 1415  opp symm  loss -0.056  pg -0.0315  v 0.007  ev +0.94  adv_std 0.119  tR +0.33  ent[s/d/p/e] 1.46/1.74/1.55/0.51  emits 0.30  spf 90.8  z0 0.79  garr 112.2  tG 810  e2 0.06  nF 2.1  pS 0.30  ptS 0.29  fLog 0.67  pdΔ -0.1953  pkR 4.63  clip 0.09  kl +0.006
upd  251  steps  516096  sps 1418  opp symm  loss +0.007  pg +0.0327  v 0.005  ev +0.95  adv_std 0.103  tR +0.50  ent[s/d/p/e] 1.64/1.87/1.45/0.50  emits 0.40  spf 86.4  z0 0.75  garr 110.7  tG 787  e2 0.08  nF 2.9  pS 0.33  ptS 0.31  fLog 0.67  pdΔ -0.1692  pkR 5.52  clip 0.09  kl +0.004
upd  252  steps  518144  sps 1422  opp symm  loss -0.027  pg -0.0016  v 0.007  ev +0.93  adv_std 0.114  tR +1.00  ent[s/d/p/e] 1.66/1.85/1.45/0.55  emits 0.46  spf 77.4  z0 0.73  garr 113.3  tG 781  e2 0.10  nF 3.6  pS 0.35  ptS 0.33  fLog 0.66  pdΔ -0.1514  pkR 6.92  clip 0.10  kl +0.004
upd  253  steps  520192  sps 1425  opp symm  loss -0.002  pg +0.0216  v 0.008  ev +0.93  adv_std 0.128  tR +0.00  ent[s/d/p/e] 1.60/1.79/1.43/0.51  emits 0.44  spf 73.8  z0 0.73  garr 101.3  tG 824  e2 0.09  nF 3.8  pS 0.37  ptS 0.35  fLog 0.65  pdΔ -0.1297  pkR 7.79  clip 0.14  kl +0.003
upd  254  steps  522240  sps 1428  opp symm  loss -0.005  pg +0.0198  v 0.007  ev +0.93  adv_std 0.122  tR +1.00  ent[s/d/p/e] 1.74/1.89/1.38/0.53  emits 0.46  spf 73.7  z0 0.73  garr 104.3  tG 874  e2 0.09  nF 3.9  pS 0.38  ptS 0.36  fLog 0.65  pdΔ -0.1230  pkR 8.16  clip 0.08  kl +0.004
upd  255  steps  524288  sps 1431  opp symm  loss -0.029  pg -0.0037  v 0.006  ev +0.93  adv_std 0.111  tR +1.00  ent[s/d/p/e] 1.73/1.81/1.40/0.55  emits 0.52  spf 71.5  z0 0.70  garr 106.0  tG 921  e2 0.11  nF 4.4  pS 0.38  ptS 0.36  fLog 0.64  pdΔ -0.1206  pkR 8.88  clip 0.07  kl +0.000
upd  256  steps  526336  sps 1434  opp symm  loss -0.006  pg +0.0180  v 0.007  ev +0.94  adv_std 0.119  tR +0.43  ent[s/d/p/e] 1.70/1.83/1.36/0.51  emits 0.49  spf 65.9  z0 0.72  garr 110.9  tG 990  e2 0.10  nF 4.8  pS 0.40  ptS 0.38  fLog 0.62  pdΔ -0.1030  pkR 8.38  clip 0.11  kl +0.004
upd  257  steps  528384  sps 1437  opp symm  loss +0.043  pg +0.0665  v 0.009  ev +0.92  adv_std 0.135  tR +1.00  ent[s/d/p/e] 1.73/1.80/1.31/0.53  emits 0.51  spf 61.1  z0 0.72  garr 105.4  tG 905  e2 0.10  nF 4.7  pS 0.38  ptS 0.36  fLog 0.62  pdΔ -0.1177  pkR 6.14  clip 0.08  kl +0.001
upd  258  steps  530432  sps 1440  opp symm  loss -0.058  pg -0.0359  v 0.010  ev +0.93  adv_std 0.137  tR -0.09  ent[s/d/p/e] 1.72/1.78/1.29/0.49  emits 0.45  spf 60.2  z0 0.74  garr 97.4  tG 818  e2 0.10  nF 4.6  pS 0.37  ptS 0.35  fLog 0.62  pdΔ -0.1348  pkR 6.32  clip 0.08  kl +0.004
upd  259  steps  532480  sps 1443  opp symm  loss +0.016  pg +0.0400  v 0.004  ev +0.96  adv_std 0.094  tR +0.60  ent[s/d/p/e] 1.55/1.79/1.27/0.47  emits 0.41  spf 55.7  z0 0.76  garr 91.0  tG 731  e2 0.08  nF 4.0  pS 0.32  ptS 0.31  fLog 0.60  pdΔ -0.1835  pkR 8.28  clip 0.04  kl +0.003
upd  260  steps  534528  sps 1446  opp symm  loss -0.006  pg +0.0169  v 0.005  ev +0.95  adv_std 0.104  tR +0.00  ent[s/d/p/e] 1.53/1.77/1.32/0.45  emits 0.37  spf 54.6  z0 0.78  garr 110.5  tG 917  e2 0.08  nF 3.9  pS 0.32  ptS 0.31  fLog 0.59  pdΔ -0.1798  pkR 8.37  clip 0.09  kl +0.003
upd  261  steps  536576  sps 1449  opp symm  loss -0.010  pg +0.0123  v 0.006  ev +0.95  adv_std 0.114  tR +0.00  ent[s/d/p/e] 1.46/1.73/1.38/0.46  emits 0.31  spf 59.9  z0 0.79  garr 127.6  tG 1050  e2 0.07  nF 3.5  pS 0.32  ptS 0.31  fLog 0.60  pdΔ -0.1806  pkR 8.29  clip 0.06  kl +0.002
upd  262  steps  538624  sps 1452  opp symm  loss +0.025  pg +0.0487  v 0.006  ev +0.95  adv_std 0.109  tR +1.00  ent[s/d/p/e] 1.43/1.72/1.38/0.49  emits 0.35  spf 68.4  z0 0.76  garr 122.9  tG 1031  e2 0.07  nF 3.5  pS 0.32  ptS 0.31  fLog 0.62  pdΔ -0.1785  pkR 6.99  clip 0.06  kl +0.001
upd  263  steps  540672  sps 1455  opp symm  loss +0.026  pg +0.0497  v 0.007  ev +0.94  adv_std 0.120  tR +1.00  ent[s/d/p/e] 1.56/1.79/1.39/0.50  emits 0.37  spf 67.4  z0 0.77  garr 120.5  tG 1027  e2 0.08  nF 3.7  pS 0.34  ptS 0.34  fLog 0.62  pdΔ -0.1569  pkR 6.30  clip 0.07  kl +0.003
upd  264  steps  542720  sps 1458  opp symm  loss -0.018  pg +0.0057  v 0.007  ev +0.95  adv_std 0.116  tR -0.14  ent[s/d/p/e] 1.67/1.85/1.37/0.49  emits 0.39  spf 65.2  z0 0.76  garr 121.6  tG 1025  e2 0.08  nF 4.1  pS 0.36  ptS 0.35  fLog 0.62  pdΔ -0.1426  pkR 6.42  clip 0.07  kl +0.004
upd  265  steps  544768  sps 1461  opp symm  loss -0.047  pg -0.0234  v 0.006  ev +0.96  adv_std 0.107  tR +0.67  ent[s/d/p/e] 1.48/1.73/1.36/0.48  emits 0.36  spf 69.4  z0 0.77  garr 123.6  tG 1065  e2 0.08  nF 3.4  pS 0.35  ptS 0.34  fLog 0.63  pdΔ -0.1490  pkR 6.34  clip 0.05  kl +0.002
upd  266  steps  546816  sps 1464  opp symm  loss -0.087  pg -0.0626  v 0.004  ev +0.97  adv_std 0.091  tR -1.00  ent[s/d/p/e] 1.61/1.79/1.36/0.48  emits 0.39  spf 66.0  z0 0.78  garr 136.6  tG 1228  e2 0.08  nF 3.3  pS 0.36  ptS 0.35  fLog 0.63  pdΔ -0.1405  pkR 6.56  clip 0.06  kl +0.004
upd  267  steps  548864  sps 1467  opp symm  loss +0.028  pg +0.0523  v 0.004  ev +0.98  adv_std 0.095  tR +0.00  ent[s/d/p/e] 1.69/1.84/1.32/0.46  emits 0.39  spf 70.5  z0 0.77  garr 157.7  tG 1406  e2 0.08  nF 3.5  pS 0.37  ptS 0.36  fLog 0.64  pdΔ -0.1254  pkR 6.61  clip 0.09  kl +0.004
upd  268  steps  550912  sps 1470  opp symm  loss -0.029  pg -0.0058  v 0.004  ev +0.97  adv_std 0.095  tR -0.14  ent[s/d/p/e] 1.58/1.73/1.41/0.43  emits 0.27  spf 71.1  z0 0.81  garr 180.1  tG 1587  e2 0.05  nF 3.1  pS 0.37  ptS 0.36  fLog 0.63  pdΔ -0.1261  pkR 6.29  clip 0.05  kl +0.003
upd  269  steps  552960  sps 1473  opp symm  loss -0.062  pg -0.0398  v 0.003  ev +0.98  adv_std 0.083  tR +0.67  ent[s/d/p/e] 1.26/1.54/1.43/0.37  emits 0.25  spf 73.2  z0 0.83  garr 171.0  tG 1514  e2 0.05  nF 2.3  pS 0.34  ptS 0.33  fLog 0.62  pdΔ -0.1556  pkR 6.34  clip 0.05  kl +0.001
upd  270  steps  555008  sps 1475  opp symm  loss +0.040  pg +0.0634  v 0.002  ev +0.98  adv_std 0.068  tR +0.33  ent[s/d/p/e] 1.27/1.49/1.40/0.43  emits 0.29  spf 56.0  z0 0.80  garr 177.3  tG 1521  e2 0.05  nF 2.7  pS 0.33  ptS 0.32  fLog 0.59  pdΔ -0.1691  pkR 6.20  clip 0.06  kl +0.003
upd  271  steps  557056  sps 1478  opp symm  loss +0.031  pg +0.0527  v 0.007  ev +0.96  adv_std 0.115  tR +0.33  ent[s/d/p/e] 1.38/1.60/1.45/0.43  emits 0.32  spf 61.3  z0 0.79  garr 191.9  tG 1627  e2 0.07  nF 3.2  pS 0.34  ptS 0.33  fLog 0.61  pdΔ -0.1582  pkR 6.80  clip 0.08  kl +0.002
upd  272  steps  559104  sps 1481  opp symm  loss -0.056  pg -0.0338  v 0.004  ev +0.97  adv_std 0.089  tR -0.33  ent[s/d/p/e] 1.34/1.61/1.37/0.44  emits 0.29  spf 55.0  z0 0.82  garr 196.8  tG 1688  e2 0.06  nF 3.2  pS 0.34  ptS 0.33  fLog 0.60  pdΔ -0.1612  pkR 7.45  clip 0.06  kl +0.002
upd  273  steps  561152  sps 1484  opp symm  loss -0.072  pg -0.0503  v 0.004  ev +0.97  adv_std 0.093  tR +0.20  ent[s/d/p/e] 1.26/1.39/1.40/0.42  emits 0.29  spf 57.3  z0 0.80  garr 200.9  tG 1737  e2 0.05  nF 2.8  pS 0.35  ptS 0.33  fLog 0.60  pdΔ -0.1547  pkR 7.30  clip 0.05  kl +0.001
upd  274  steps  563200  sps 1487  opp symm  loss -0.004  pg +0.0163  v 0.006  ev +0.95  adv_std 0.115  tR +0.33  ent[s/d/p/e] 1.14/1.33/1.40/0.44  emits 0.27  spf 55.6  z0 0.80  garr 168.1  tG 1419  e2 0.04  nF 2.8  pS 0.33  ptS 0.33  fLog 0.59  pdΔ -0.1683  pkR 6.76  clip 0.06  kl +0.002
upd  275  steps  565248  sps 1490  opp symm  loss +0.040  pg +0.0610  v 0.005  ev +0.96  adv_std 0.095  tR +1.00  ent[s/d/p/e] 1.23/1.33/1.35/0.44  emits 0.29  spf 56.8  z0 0.80  garr 158.1  tG 1291  e2 0.06  nF 3.0  pS 0.33  ptS 0.33  fLog 0.60  pdΔ -0.1654  pkR 5.57  clip 0.07  kl +0.003
upd  276  steps  567296  sps 1493  opp symm  loss -0.005  pg +0.0171  v 0.005  ev +0.97  adv_std 0.105  tR +0.00  ent[s/d/p/e] 1.37/1.45/1.36/0.45  emits 0.29  spf 66.5  z0 0.80  garr 161.8  tG 1343  e2 0.06  nF 3.1  pS 0.34  ptS 0.34  fLog 0.62  pdΔ -0.1562  pkR 4.76  clip 0.03  kl -0.000
upd  277  steps  569344  sps 1496  opp symm  loss +0.047  pg +0.0696  v 0.005  ev +0.97  adv_std 0.101  tR -0.33  ent[s/d/p/e] 1.51/1.63/1.33/0.45  emits 0.31  spf 69.4  z0 0.79  garr 155.1  tG 1319  e2 0.05  nF 3.5  pS 0.36  ptS 0.36  fLog 0.63  pdΔ -0.1387  pkR 5.40  clip 0.05  kl +0.000
upd  278  steps  571392  sps 1498  opp symm  loss +0.026  pg +0.0487  v 0.005  ev +0.97  adv_std 0.103  tR +0.20  ent[s/d/p/e] 1.50/1.60/1.32/0.44  emits 0.34  spf 72.3  z0 0.78  garr 172.7  tG 1486  e2 0.07  nF 3.4  pS 0.38  ptS 0.37  fLog 0.64  pdΔ -0.1221  pkR 5.39  clip 0.07  kl +0.004
upd  279  steps  573440  sps 1501  opp symm  loss -0.035  pg -0.0133  v 0.005  ev +0.97  adv_std 0.106  tR +0.20  ent[s/d/p/e] 1.29/1.39/1.50/0.41  emits 0.22  spf 71.8  z0 0.83  garr 185.9  tG 1593  e2 0.04  nF 2.4  pS 0.38  ptS 0.37  fLog 0.64  pdΔ -0.1247  pkR 5.40  clip 0.05  kl +0.003
upd  280  steps  575488  sps 1504  opp symm  loss -0.006  pg +0.0161  v 0.004  ev +0.98  adv_std 0.090  tR +0.43  ent[s/d/p/e] 1.42/1.52/1.48/0.40  emits 0.26  spf 70.2  z0 0.83  garr 181.6  tG 1578  e2 0.05  nF 2.1  pS 0.37  ptS 0.36  fLog 0.64  pdΔ -0.1350  pkR 4.94  clip 0.06  kl +0.001
upd  281  steps  577536  sps 1507  opp symm  loss +0.014  pg +0.0366  v 0.005  ev +0.97  adv_std 0.103  tR +0.00  ent[s/d/p/e] 1.51/1.68/1.37/0.43  emits 0.31  spf 71.8  z0 0.81  garr 173.3  tG 1474  e2 0.06  nF 2.7  pS 0.37  ptS 0.36  fLog 0.64  pdΔ -0.1346  pkR 5.16  clip 0.07  kl +0.000
upd  282  steps  579584  sps 1510  opp symm  loss +0.067  pg +0.0910  v 0.004  ev +0.98  adv_std 0.087  tR +1.00  ent[s/d/p/e] 1.66/1.93/1.32/0.42  emits 0.34  spf 82.8  z0 0.80  garr 183.8  tG 1526  e2 0.07  nF 3.4  pS 0.37  ptS 0.37  fLog 0.66  pdΔ -0.1258  pkR 4.62  clip 0.07  kl -0.000
upd  283  steps  581632  sps 1512  opp symm  loss +0.002  pg +0.0244  v 0.005  ev +0.98  adv_std 0.100  tR +0.50  ent[s/d/p/e] 1.66/1.88/1.27/0.40  emits 0.27  spf 95.2  z0 0.83  garr 191.2  tG 1561  e2 0.05  nF 2.8  pS 0.35  ptS 0.35  fLog 0.67  pdΔ -0.1509  pkR 4.80  clip 0.05  kl +0.000
upd  284  steps  583680  sps 1515  opp symm  loss -0.009  pg +0.0119  v 0.004  ev +0.98  adv_std 0.089  tR +0.11  ent[s/d/p/e] 1.26/1.67/1.41/0.33  emits 0.22  spf 76.1  z0 0.85  garr 193.9  tG 1548  e2 0.04  nF 2.0  pS 0.32  ptS 0.32  fLog 0.63  pdΔ -0.1770  pkR 5.54  clip 0.06  kl +0.004
upd  285  steps  585728  sps 1518  opp symm  loss -0.021  pg -0.0003  v 0.006  ev +0.97  adv_std 0.112  tR +0.50  ent[s/d/p/e] 1.24/1.69/1.41/0.38  emits 0.22  spf 72.3  z0 0.85  garr 192.6  tG 1420  e2 0.04  nF 2.1  pS 0.30  ptS 0.29  fLog 0.61  pdΔ -0.2048  pkR 5.52  clip 0.05  kl +0.003
upd  286  steps  587776  sps 1521  opp symm  loss -0.002  pg +0.0180  v 0.008  ev +0.96  adv_std 0.129  tR -1.00  ent[s/d/p/e] 1.11/1.64/1.62/0.34  emits 0.16  spf 69.4  z0 0.88  garr 209.8  tG 1609  e2 0.03  nF 1.6  pS 0.31  ptS 0.31  fLog 0.63  pdΔ -0.1879  pkR 6.08  clip 0.06  kl +0.002