
=== [2026-06-11T02:23:27Z] v14e_binary_v1_a_p0i0_ORBITWARS_SHAPING_ANTI_HOARD_0.005_4951bdc616 phase=a kind=probe chunk=300 env={"ORBITWARS_SHAPING_ANTI_HOARD": 0.005, "ORBITWARS_SHAPING_CAPTURE": 0.04, "ORBITWARS_SHAPING_RELEASE": 0.0075, "ORBITWARS_SHAPING_RELEASE_K": 17.0, "ORBITWARS_SHAPING_PROD_SHARE_DELTA": 0.025, "ORBITWARS_SHAPING_ONE_SHIP_PENALTY": 0.025} ppo={"ent_coef_emit": 0.0175, "lr_peak": 4.5e-05} ===
[reward] kaggle-aligned: terminal +1 win/+1 tie>0/-1 loss/-1 double-wipeout; is_terminal at step >= episode_steps-2; SHAPING_SCALE=0.0; v1: KEEP_HOME=0.0 FLEET_SIZE=0.0/norm20.0; v2 (expert-replay calibrated): PROD_SHARE=0.0 PLANET_SHARE=0.0 FLEET_LOG=0.0/ref500.0/floor0.3; v3 (top10-2630ep calibrated): PROD_SHARE_DELTA=0.025 EMIT_LOG=0.0 EMIT_GATED=0.0 RELEASE=0.0075/K17.0 CAPTURE=0.04; ANTI_HOARD=0.005/thresh0.6; episode_steps=500 (kaggle=500, mismatch=False)
[symmetric] Frog Parade style: same params drive BOTH players, no frozen/strong/buffer opponents, zero_sum_value=True
upd    0  steps    2048  sps 38  opp symm  loss -0.111  pg -0.0937  v 0.004  ev -0.00  adv_std 0.082  tR +0.00  ent[s/d/p/e] 0.40/1.32/1.35/0.35  emits 0.32  spf 15.2  z0 0.76  garr 15.4  tG 22  e2 0.05  nF 2.0  pS 0.07  ptS 0.07  fLog 0.42  pdΔ -0.4340  pkR 7.80  clip 0.02  kl +0.002
upd    1  steps    4096  sps 75  opp symm  loss -0.014  pg +0.0074  v 0.004  ev +0.36  adv_std 0.088  tR +0.00  ent[s/d/p/e] 0.89/1.53/1.22/0.51  emits 0.50  spf 20.0  z0 0.68  garr 20.7  tG 66  e2 0.11  nF 5.6  pS 0.12  ptS 0.12  fLog 0.44  pdΔ -0.3788  pkR 13.35  clip 0.11  kl +0.001
upd    2  steps    6144  sps 111  opp symm  loss -0.001  pg +0.0235  v 0.004  ev +0.05  adv_std 0.096  tR -1.00  ent[s/d/p/e] 1.26/1.82/1.23/0.56  emits 0.57  spf 26.9  z0 0.66  garr 28.7  tG 148  e2 0.14  nF 6.9  pS 0.18  ptS 0.18  fLog 0.47  pdΔ -0.3234  pkR 11.59  clip 0.16  kl +0.006
upd    3  steps    8192  sps 146  opp symm  loss +0.027  pg +0.0506  v 0.006  ev +0.26  adv_std 0.111  tR +1.00  ent[s/d/p/e] 1.38/1.96/1.21/0.56  emits 0.48  spf 38.4  z0 0.70  garr 42.8  tG 266  e2 0.11  nF 6.3  pS 0.22  ptS 0.22  fLog 0.50  pdΔ -0.2788  pkR 8.14  clip 0.13  kl +0.000
upd    4  steps   10240  sps 180  opp symm  loss -0.032  pg -0.0051  v 0.002  ev +0.69  adv_std 0.073  tR -1.00  ent[s/d/p/e] 1.55/2.09/1.27/0.56  emits 0.41  spf 47.3  z0 0.72  garr 55.6  tG 412  e2 0.09  nF 5.4  pS 0.26  ptS 0.26  fLog 0.54  pdΔ -0.2416  pkR 6.99  clip 0.10  kl +0.002
upd    5  steps   12288  sps 214  opp symm  loss -0.012  pg +0.0157  v 0.002  ev +0.75  adv_std 0.072  tR +1.00  ent[s/d/p/e] 1.59/2.12/1.27/0.60  emits 0.54  spf 51.6  z0 0.67  garr 66.7  tG 553  e2 0.12  nF 5.7  pS 0.29  ptS 0.29  fLog 0.53  pdΔ -0.2090  pkR 6.15  clip 0.13  kl +0.010
upd    6  steps   14336  sps 247  opp symm  loss +0.010  pg +0.0393  v 0.001  ev +0.88  adv_std 0.053  tR +0.00  ent[s/d/p/e] 1.71/2.15/1.15/0.63  emits 0.73  spf 50.4  z0 0.61  garr 64.6  tG 600  e2 0.17  nF 7.8  pS 0.32  ptS 0.32  fLog 0.53  pdΔ -0.1809  pkR 7.54  clip 0.15  kl +0.006
upd    7  steps   16384  sps 279  opp symm  loss +0.004  pg +0.0324  v 0.003  ev +0.85  adv_std 0.066  tR +0.00  ent[s/d/p/e] 1.81/2.19/1.08/0.62  emits 0.73  spf 49.5  z0 0.61  garr 67.5  tG 676  e2 0.17  nF 8.6  pS 0.35  ptS 0.35  fLog 0.52  pdΔ -0.1470  pkR 7.51  clip 0.36  kl +0.012
upd    8  steps   18432  sps 311  opp symm  loss -0.023  pg +0.0054  v 0.003  ev +0.87  adv_std 0.085  tR +0.00  ent[s/d/p/e] 1.89/2.27/1.12/0.64  emits 0.82  spf 51.2  z0 0.59  garr 66.5  tG 699  e2 0.20  nF 9.0  pS 0.36  ptS 0.36  fLog 0.53  pdΔ -0.1370  pkR 7.29  clip 0.25  kl +0.009
upd    9  steps   20480  sps 341  opp symm  loss -0.004  pg +0.0235  v 0.003  ev +0.90  adv_std 0.071  tR +0.00  ent[s/d/p/e] 1.85/2.18/1.05/0.62  emits 0.79  spf 51.0  z0 0.58  garr 67.1  tG 802  e2 0.20  nF 10.2  pS 0.39  ptS 0.38  fLog 0.53  pdΔ -0.1088  pkR 8.27  clip 0.19  kl +0.013
upd   10  steps   22528  sps 372  opp symm  loss +0.033  pg +0.0617  v 0.002  ev +0.94  adv_std 0.067  tR +1.00  ent[s/d/p/e] 1.88/2.21/1.05/0.62  emits 0.72  spf 54.9  z0 0.61  garr 69.4  tG 833  e2 0.18  nF 8.8  pS 0.38  ptS 0.38  fLog 0.55  pdΔ -0.1157  pkR 8.23  clip 0.23  kl +0.011
upd   11  steps   24576  sps 401  opp symm  loss -0.085  pg -0.0563  v 0.003  ev +0.93  adv_std 0.075  tR -0.33  ent[s/d/p/e] 1.86/2.18/1.13/0.62  emits 0.76  spf 57.3  z0 0.59  garr 65.9  tG 780  e2 0.19  nF 8.6  pS 0.36  ptS 0.36  fLog 0.54  pdΔ -0.1371  pkR 8.52  clip 0.10  kl +0.005
upd   12  steps   26624  sps 430  opp symm  loss +0.010  pg +0.0380  v 0.002  ev +0.96  adv_std 0.060  tR +1.00  ent[s/d/p/e] 1.80/2.12/1.13/0.61  emits 0.66  spf 59.6  z0 0.62  garr 67.0  tG 788  e2 0.16  nF 7.9  pS 0.37  ptS 0.36  fLog 0.55  pdΔ -0.1315  pkR 9.06  clip 0.10  kl +0.006
upd   13  steps   28672  sps 458  opp symm  loss -0.084  pg -0.0551  v 0.002  ev +0.97  adv_std 0.062  tR +0.33  ent[s/d/p/e] 1.87/2.19/1.16/0.60  emits 0.55  spf 66.8  z0 0.66  garr 71.6  tG 844  e2 0.12  nF 6.5  pS 0.37  ptS 0.37  fLog 0.57  pdΔ -0.1256  pkR 8.29  clip 0.10  kl -0.000
upd   14  steps   30720  sps 486  opp symm  loss -0.057  pg -0.0282  v 0.002  ev +0.97  adv_std 0.054  tR -1.00  ent[s/d/p/e] 1.84/2.20/1.17/0.60  emits 0.54  spf 72.0  z0 0.68  garr 77.3  tG 872  e2 0.13  nF 5.2  pS 0.37  ptS 0.36  fLog 0.59  pdΔ -0.1320  pkR 8.16  clip 0.10  kl +0.003
upd   15  steps   32768  sps 513  opp symm  loss +0.006  pg +0.0112  v 0.044  ev +0.68  adv_std 0.318  tR +0.02  ent[s/d/p/e] 1.61/2.05/1.18/0.55  emits 0.47  spf 57.6  z0 0.70  garr 54.6  tG 572  e2 0.10  nF 4.7  pS 0.27  ptS 0.27  fLog 0.54  pdΔ -0.2302  pkR 11.32  clip 0.09  kl +0.007
upd   16  steps   34816  sps 540  opp symm  loss +0.013  pg +0.0356  v 0.003  ev +0.94  adv_std 0.075  tR +0.00  ent[s/d/p/e] 1.13/1.71/1.24/0.47  emits 0.41  spf 32.2  z0 0.73  garr 28.6  tG 186  e2 0.08  nF 4.5  pS 0.16  ptS 0.16  fLog 0.48  pdΔ -0.3429  pkR 15.55  clip 0.19  kl +0.006
upd   17  steps   36864  sps 566  opp symm  loss +0.040  pg +0.0651  v 0.003  ev +0.95  adv_std 0.076  tR +0.00  ent[s/d/p/e] 1.24/1.78/1.23/0.55  emits 0.50  spf 30.6  z0 0.68  garr 32.7  tG 228  e2 0.12  nF 6.0  pS 0.19  ptS 0.20  fLog 0.47  pdΔ -0.3059  pkR 15.65  clip 0.18  kl +0.005
upd   18  steps   38912  sps 592  opp symm  loss -0.004  pg +0.0226  v 0.003  ev +0.96  adv_std 0.078  tR -1.00  ent[s/d/p/e] 1.43/1.95/1.24/0.57  emits 0.52  spf 35.5  z0 0.69  garr 41.3  tG 322  e2 0.12  nF 6.6  pS 0.23  ptS 0.24  fLog 0.49  pdΔ -0.2695  pkR 12.49  clip 0.08  kl +0.002
upd   19  steps   40960  sps 617  opp symm  loss -0.034  pg -0.0078  v 0.004  ev +0.97  adv_std 0.085  tR -0.33  ent[s/d/p/e] 1.55/2.08/1.26/0.55  emits 0.42  spf 40.7  z0 0.72  garr 46.3  tG 365  e2 0.09  nF 5.9  pS 0.25  ptS 0.26  fLog 0.52  pdΔ -0.2485  pkR 10.16  clip 0.16  kl +0.006
upd   20  steps   43008  sps 641  opp symm  loss -0.017  pg +0.0098  v 0.004  ev +0.97  adv_std 0.087  tR -1.00  ent[s/d/p/e] 1.58/2.06/1.25/0.58  emits 0.52  spf 44.2  z0 0.67  garr 53.4  tG 459  e2 0.12  nF 5.8  pS 0.28  ptS 0.28  fLog 0.52  pdΔ -0.2196  pkR 10.13  clip 0.12  kl +0.006
upd   21  steps   45056  sps 665  opp symm  loss -0.002  pg +0.0244  v 0.004  ev +0.98  adv_std 0.085  tR +0.00  ent[s/d/p/e] 1.64/2.10/1.24/0.56  emits 0.42  spf 48.3  z0 0.72  garr 58.4  tG 539  e2 0.09  nF 5.3  pS 0.30  ptS 0.30  fLog 0.54  pdΔ -0.2009  pkR 10.62  clip 0.09  kl +0.002
upd   22  steps   47104  sps 689  opp symm  loss +0.014  pg +0.0409  v 0.003  ev +0.98  adv_std 0.084  tR +1.00  ent[s/d/p/e] 1.63/2.14/1.22/0.59  emits 0.53  spf 54.0  z0 0.68  garr 63.3  tG 612  e2 0.13  nF 5.3  pS 0.32  ptS 0.32  fLog 0.56  pdΔ -0.1798  pkR 10.42  clip 0.18  kl +0.004
upd   23  steps   49152  sps 712  opp symm  loss -0.009  pg +0.0185  v 0.004  ev +0.98  adv_std 0.087  tR -0.33  ent[s/d/p/e] 1.75/2.22/1.26/0.55  emits 0.36  spf 59.8  z0 0.74  garr 69.3  tG 659  e2 0.07  nF 4.4  pS 0.33  ptS 0.33  fLog 0.58  pdΔ -0.1672  pkR 8.13  clip 0.08  kl +0.002
upd   24  steps   51200  sps 735  opp symm  loss +0.013  pg +0.0411  v 0.004  ev +0.98  adv_std 0.084  tR +0.00  ent[s/d/p/e] 1.74/2.22/1.29/0.56  emits 0.46  spf 58.7  z0 0.69  garr 77.3  tG 775  e2 0.09  nF 4.7  pS 0.34  ptS 0.34  fLog 0.57  pdΔ -0.1566  pkR 8.47  clip 0.13  kl +0.007
upd   25  steps   53248  sps 757  opp symm  loss -0.042  pg -0.0141  v 0.003  ev +0.98  adv_std 0.075  tR +0.33  ent[s/d/p/e] 1.73/2.19/1.33/0.56  emits 0.36  spf 66.9  z0 0.74  garr 82.7  tG 835  e2 0.07  nF 4.4  pS 0.35  ptS 0.33  fLog 0.59  pdΔ -0.1549  pkR 9.21  clip 0.09  kl +0.000
upd   26  steps   55296  sps 779  opp symm  loss +0.006  pg +0.0337  v 0.004  ev +0.98  adv_std 0.095  tR +0.00  ent[s/d/p/e] 1.81/2.22/1.28/0.56  emits 0.40  spf 72.2  z0 0.73  garr 87.7  tG 856  e2 0.09  nF 4.2  pS 0.35  ptS 0.34  fLog 0.60  pdΔ -0.1508  pkR 8.91  clip 0.10  kl +0.003
upd   27  steps   57344  sps 801  opp symm  loss -0.002  pg +0.0263  v 0.003  ev +0.98  adv_std 0.081  tR +1.00  ent[s/d/p/e] 1.81/2.23/1.25/0.58  emits 0.44  spf 69.6  z0 0.71  garr 84.9  tG 808  e2 0.10  nF 4.5  pS 0.36  ptS 0.35  fLog 0.60  pdΔ -0.1370  pkR 6.64  clip 0.10  kl +0.006
upd   28  steps   59392  sps 822  opp symm  loss -0.023  pg +0.0045  v 0.004  ev +0.98  adv_std 0.091  tR +1.00  ent[s/d/p/e] 1.81/2.22/1.24/0.58  emits 0.45  spf 71.7  z0 0.70  garr 87.7  tG 813  e2 0.10  nF 4.8  pS 0.36  ptS 0.34  fLog 0.60  pdΔ -0.1419  pkR 6.53  clip 0.11  kl +0.005
upd   29  steps   61440  sps 843  opp symm  loss -0.038  pg -0.0097  v 0.004  ev +0.98  adv_std 0.090  tR -0.50  ent[s/d/p/e] 1.87/2.27/1.24/0.62  emits 0.51  spf 64.9  z0 0.68  garr 82.8  tG 791  e2 0.12  nF 5.3  pS 0.36  ptS 0.35  fLog 0.59  pdΔ -0.1362  pkR 5.98  clip 0.09  kl +0.005
upd   30  steps   63488  sps 863  opp symm  loss -0.008  pg +0.0202  v 0.004  ev +0.98  adv_std 0.091  tR +0.00  ent[s/d/p/e] 1.92/2.30/1.24/0.61  emits 0.56  spf 70.4  z0 0.66  garr 81.4  tG 787  e2 0.13  nF 5.5  pS 0.36  ptS 0.36  fLog 0.60  pdΔ -0.1369  pkR 6.30  clip 0.08  kl +0.001
upd   31  steps   65536  sps 883  opp symm  loss -0.013  pg +0.0090  v 0.011  ev +0.89  adv_std 0.152  tR -0.13  ent[s/d/p/e] 1.52/2.08/1.36/0.52  emits 0.39  spf 48.2  z0 0.75  garr 49.4  tG 364  e2 0.08  nF 3.8  pS 0.22  ptS 0.22  fLog 0.55  pdΔ -0.2805  pkR 9.31  clip 0.07  kl +0.001
upd   32  steps   67584  sps 903  opp symm  loss -0.033  pg -0.0074  v 0.006  ev +0.94  adv_std 0.109  tR +0.00  ent[s/d/p/e] 1.51/2.16/1.43/0.52  emits 0.35  spf 55.3  z0 0.75  garr 56.6  tG 388  e2 0.07  nF 4.2  pS 0.24  ptS 0.24  fLog 0.57  pdΔ -0.2574  pkR 7.60  clip 0.09  kl +0.004
upd   33  steps   69632  sps 923  opp symm  loss -0.072  pg -0.0450  v 0.004  ev +0.96  adv_std 0.096  tR +0.00  ent[s/d/p/e] 1.56/2.17/1.39/0.54  emits 0.30  spf 55.8  z0 0.77  garr 72.9  tG 561  e2 0.05  nF 3.7  pS 0.28  ptS 0.27  fLog 0.58  pdΔ -0.2174  pkR 6.83  clip 0.09  kl +0.006
upd   34  steps   71680  sps 942  opp symm  loss -0.029  pg -0.0027  v 0.007  ev +0.95  adv_std 0.116  tR +0.20  ent[s/d/p/e] 1.66/2.28/1.41/0.52  emits 0.32  spf 70.8  z0 0.76  garr 85.5  tG 686  e2 0.06  nF 3.3  pS 0.31  ptS 0.30  fLog 0.61  pdΔ -0.1944  pkR 7.54  clip 0.06  kl +0.001
upd   35  steps   73728  sps 960  opp symm  loss +0.010  pg +0.0365  v 0.006  ev +0.96  adv_std 0.107  tR -1.00  ent[s/d/p/e] 1.65/2.27/1.36/0.51  emits 0.31  spf 87.5  z0 0.77  garr 95.3  tG 782  e2 0.06  nF 3.2  pS 0.31  ptS 0.30  fLog 0.63  pdΔ -0.1863  pkR 7.54  clip 0.09  kl +0.004
upd   36  steps   75776  sps 979  opp symm  loss -0.042  pg -0.0144  v 0.005  ev +0.96  adv_std 0.106  tR -0.33  ent[s/d/p/e] 1.71/2.36/1.47/0.52  emits 0.29  spf 84.8  z0 0.79  garr 99.9  tG 823  e2 0.06  nF 3.1  pS 0.32  ptS 0.30  fLog 0.63  pdΔ -0.1820  pkR 6.28  clip 0.10  kl +0.005
upd   37  steps   77824  sps 997  opp symm  loss -0.038  pg -0.0100  v 0.003  ev +0.98  adv_std 0.078  tR +1.00  ent[s/d/p/e] 1.65/2.37/1.56/0.46  emits 0.22  spf 89.1  z0 0.82  garr 112.3  tG 931  e2 0.04  nF 2.6  pS 0.34  ptS 0.32  fLog 0.65  pdΔ -0.1623  pkR 6.45  clip 0.07  kl +0.001
upd   38  steps   79872  sps 1015  opp symm  loss -0.040  pg -0.0128  v 0.006  ev +0.97  adv_std 0.109  tR -1.00  ent[s/d/p/e] 1.73/2.40/1.49/0.52  emits 0.27  spf 107.0  z0 0.80  garr 129.2  tG 1077  e2 0.05  nF 2.5  pS 0.36  ptS 0.33  fLog 0.67  pdΔ -0.1445  pkR 6.15  clip 0.07  kl +0.002
upd   39  steps   81920  sps 1032  opp symm  loss -0.031  pg -0.0048  v 0.008  ev +0.95  adv_std 0.130  tR +0.00  ent[s/d/p/e] 1.74/2.36/1.45/0.51  emits 0.30  spf 109.5  z0 0.78  garr 128.2  tG 1094  e2 0.06  nF 2.7  pS 0.35  ptS 0.34  fLog 0.67  pdΔ -0.1470  pkR 6.08  clip 0.07  kl +0.002
upd   40  steps   83968  sps 1050  opp symm  loss -0.041  pg -0.0138  v 0.005  ev +0.97  adv_std 0.101  tR -0.20  ent[s/d/p/e] 1.77/2.35/1.41/0.52  emits 0.30  spf 99.8  z0 0.78  garr 118.3  tG 965  e2 0.06  nF 2.6  pS 0.34  ptS 0.33  fLog 0.66  pdΔ -0.1560  pkR 4.12  clip 0.08  kl +0.004
upd   41  steps   86016  sps 1067  opp symm  loss -0.020  pg +0.0054  v 0.008  ev +0.95  adv_std 0.133  tR -0.33  ent[s/d/p/e] 1.80/2.36/1.37/0.54  emits 0.32  spf 97.6  z0 0.77  garr 118.7  tG 992  e2 0.06  nF 3.0  pS 0.36  ptS 0.34  fLog 0.65  pdΔ -0.1440  pkR 3.90  clip 0.09  kl +0.006
upd   42  steps   88064  sps 1083  opp symm  loss +0.016  pg +0.0420  v 0.005  ev +0.97  adv_std 0.104  tR -0.20  ent[s/d/p/e] 1.71/2.32/1.43/0.44  emits 0.26  spf 91.2  z0 0.80  garr 118.4  tG 1033  e2 0.05  nF 2.8  pS 0.36  ptS 0.34  fLog 0.65  pdΔ -0.1413  pkR 4.03  clip 0.25  kl +0.008
upd   43  steps   90112  sps 1100  opp symm  loss -0.019  pg +0.0078  v 0.005  ev +0.97  adv_std 0.099  tR -0.33  ent[s/d/p/e] 1.75/2.32/1.37/0.51  emits 0.25  spf 99.7  z0 0.81  garr 136.3  tG 1200  e2 0.04  nF 2.5  pS 0.37  ptS 0.35  fLog 0.67  pdΔ -0.1326  pkR 4.30  clip 0.10  kl +0.005
upd   44  steps   92160  sps 1116  opp symm  loss -0.018  pg +0.0086  v 0.006  ev +0.96  adv_std 0.114  tR +0.00  ent[s/d/p/e] 1.90/2.44/1.42/0.46  emits 0.23  spf 119.7  z0 0.82  garr 151.1  tG 1331  e2 0.04  nF 2.0  pS 0.38  ptS 0.36  fLog 0.69  pdΔ -0.1200  pkR 3.97  clip 0.08  kl +0.000
upd   45  steps   94208  sps 1132  opp symm  loss -0.053  pg -0.0238  v 0.004  ev +0.97  adv_std 0.095  tR +0.00  ent[s/d/p/e] 1.88/2.51/1.46/0.54  emits 0.30  spf 122.7  z0 0.78  garr 153.5  tG 1338  e2 0.05  nF 2.4  pS 0.37  ptS 0.36  fLog 0.70  pdΔ -0.1268  pkR 4.48  clip 0.11  kl +0.006
upd   46  steps   96256  sps 1148  opp symm  loss -0.035  pg -0.0120  v 0.014  ev +0.92  adv_std 0.170  tR +0.17  ent[s/d/p/e] 1.78/2.40/1.46/0.50  emits 0.32  spf 101.8  z0 0.78  garr 121.5  tG 1026  e2 0.06  nF 2.7  pS 0.33  ptS 0.31  fLog 0.67  pdΔ -0.1726  pkR 7.23  clip 0.08  kl +0.001
upd   47  steps   98304  sps 1163  opp symm  loss -0.031  pg -0.0058  v 0.008  ev +0.93  adv_std 0.124  tR -1.00  ent[s/d/p/e] 1.49/2.27/1.54/0.50  emits 0.33  spf 73.7  z0 0.78  garr 76.6  tG 503  e2 0.07  nF 3.0  pS 0.23  ptS 0.22  fLog 0.62  pdΔ -0.2682  pkR 6.71  clip 0.08  kl +0.004
upd   48  steps  100352  sps 1178  opp symm  loss -0.036  pg -0.0096  v 0.006  ev +0.95  adv_std 0.113  tR +0.00  ent[s/d/p/e] 1.63/2.30/1.37/0.56  emits 0.39  spf 62.2  z0 0.73  garr 73.9  tG 503  e2 0.08  nF 3.9  pS 0.27  ptS 0.26  fLog 0.60  pdΔ -0.2341  pkR 5.58  clip 0.08  kl +0.001
upd   49  steps  102400  sps 1193  opp symm  loss -0.025  pg +0.0026  v 0.005  ev +0.96  adv_std 0.103  tR +0.00  ent[s/d/p/e] 1.66/2.25/1.39/0.58  emits 0.47  spf 62.3  z0 0.70  garr 69.3  tG 502  e2 0.10  nF 4.3  pS 0.29  ptS 0.28  fLog 0.60  pdΔ -0.2107  pkR 6.39  clip 0.08  kl -0.000
upd   50  steps  104448  sps 1208  opp symm  loss -0.034  pg -0.0065  v 0.006  ev +0.96  adv_std 0.106  tR -0.33  ent[s/d/p/e] 1.67/2.27/1.39/0.55  emits 0.41  spf 62.1  z0 0.74  garr 72.4  tG 545  e2 0.08  nF 4.4  pS 0.30  ptS 0.29  fLog 0.60  pdΔ -0.1990  pkR 6.41  clip 0.07  kl +0.005
upd   51  steps  106496  sps 1222  opp symm  loss -0.013  pg +0.0136  v 0.007  ev +0.96  adv_std 0.115  tR -0.33  ent[s/d/p/e] 1.69/2.24/1.42/0.53  emits 0.38  spf 59.7  z0 0.73  garr 79.2  tG 601  e2 0.08  nF 4.2  pS 0.31  ptS 0.30  fLog 0.60  pdΔ -0.1942  pkR 5.96  clip 0.08  kl +0.004
upd   52  steps  108544  sps 1237  opp symm  loss -0.020  pg +0.0063  v 0.006  ev +0.96  adv_std 0.114  tR +0.50  ent[s/d/p/e] 1.58/2.23/1.41/0.54  emits 0.42  spf 66.6  z0 0.73  garr 79.8  tG 576  e2 0.09  nF 4.3  pS 0.28  ptS 0.28  fLog 0.61  pdΔ -0.2163  pkR 6.81  clip 0.08  kl +0.002
upd   53  steps  110592  sps 1251  opp symm  loss +0.024  pg +0.0508  v 0.006  ev +0.97  adv_std 0.113  tR -1.00  ent[s/d/p/e] 1.73/2.28/1.40/0.56  emits 0.41  spf 66.2  z0 0.73  garr 73.3  tG 530  e2 0.08  nF 4.7  pS 0.28  ptS 0.28  fLog 0.60  pdΔ -0.2152  pkR 5.30  clip 0.07  kl +0.000
upd   54  steps  112640  sps 1265  opp symm  loss -0.066  pg -0.0381  v 0.005  ev +0.97  adv_std 0.100  tR -1.00  ent[s/d/p/e] 1.76/2.28/1.37/0.56  emits 0.39  spf 59.2  z0 0.76  garr 82.6  tG 624  e2 0.08  nF 4.5  pS 0.30  ptS 0.30  fLog 0.59  pdΔ -0.1962  pkR 5.23  clip 0.07  kl +0.002
upd   55  steps  114688  sps 1278  opp symm  loss -0.029  pg -0.0040  v 0.011  ev +0.93  adv_std 0.149  tR -0.33  ent[s/d/p/e] 1.83/2.29/1.37/0.55  emits 0.45  spf 60.7  z0 0.72  garr 84.3  tG 649  e2 0.10  nF 4.6  pS 0.31  ptS 0.30  fLog 0.59  pdΔ -0.1909  pkR 5.32  clip 0.17  kl +0.005
upd   56  steps  116736  sps 1292  opp symm  loss -0.026  pg +0.0006  v 0.010  ev +0.94  adv_std 0.144  tR +0.20  ent[s/d/p/e] 1.78/2.32/1.43/0.58  emits 0.45  spf 63.6  z0 0.73  garr 77.7  tG 588  e2 0.10  nF 4.8  pS 0.29  ptS 0.28  fLog 0.60  pdΔ -0.2103  pkR 6.47  clip 0.10  kl +0.006
upd   57  steps  118784  sps 1305  opp symm  loss -0.010  pg +0.0168  v 0.006  ev +0.97  adv_std 0.110  tR +0.00  ent[s/d/p/e] 1.71/2.23/1.45/0.55  emits 0.41  spf 62.9  z0 0.72  garr 74.1  tG 595  e2 0.09  nF 4.8  pS 0.30  ptS 0.29  fLog 0.59  pdΔ -0.2045  pkR 7.19  clip 0.07  kl +0.001
upd   58  steps  120832  sps 1318  opp symm  loss -0.029  pg -0.0008  v 0.005  ev +0.98  adv_std 0.102  tR +1.00  ent[s/d/p/e] 1.71/2.23/1.47/0.56  emits 0.37  spf 65.9  z0 0.75  garr 75.8  tG 624  e2 0.08  nF 4.7  pS 0.30  ptS 0.29  fLog 0.60  pdΔ -0.2030  pkR 7.59  clip 0.07  kl +0.002
upd   59  steps  122880  sps 1331  opp symm  loss -0.002  pg +0.0240  v 0.009  ev +0.96  adv_std 0.136  tR +0.50  ent[s/d/p/e] 1.71/2.21/1.47/0.55  emits 0.44  spf 60.3  z0 0.71  garr 69.2  tG 569  e2 0.10  nF 4.8  pS 0.30  ptS 0.29  fLog 0.59  pdΔ -0.2048  pkR 7.06  clip 0.11  kl +0.004
upd   60  steps  124928  sps 1344  opp symm  loss -0.040  pg -0.0121  v 0.005  ev +0.98  adv_std 0.104  tR -1.00  ent[s/d/p/e] 1.80/2.21/1.46/0.57  emits 0.39  spf 58.9  z0 0.75  garr 74.5  tG 650  e2 0.08  nF 5.1  pS 0.32  ptS 0.31  fLog 0.58  pdΔ -0.1839  pkR 6.46  clip 0.08  kl +0.006
upd   61  steps  126976  sps 1357  opp symm  loss -0.012  pg +0.0152  v 0.006  ev +0.97  adv_std 0.105  tR +0.00  ent[s/d/p/e] 1.85/2.24/1.44/0.52  emits 0.38  spf 64.3  z0 0.75  garr 84.8  tG 761  e2 0.09  nF 4.7  pS 0.33  ptS 0.33  fLog 0.59  pdΔ -0.1650  pkR 6.06  clip 0.12  kl +0.004
upd   62  steps  129024  sps 1369  opp symm  loss -0.006  pg +0.0202  v 0.008  ev +0.95  adv_std 0.132  tR -0.33  ent[s/d/p/e] 1.76/2.21/1.48/0.55  emits 0.44  spf 55.7  z0 0.72  garr 70.7  tG 614  e2 0.10  nF 4.8  pS 0.30  ptS 0.29  fLog 0.58  pdΔ -0.2044  pkR 9.58  clip 0.09  kl +0.002
upd   63  steps  131072  sps 1381  opp symm  loss -0.045  pg -0.0185  v 0.009  ev +0.94  adv_std 0.134  tR +1.00  ent[s/d/p/e] 1.77/2.25/1.48/0.56  emits 0.41  spf 56.4  z0 0.73  garr 65.1  tG 505  e2 0.09  nF 5.1  pS 0.28  ptS 0.28  fLog 0.59  pdΔ -0.2189  pkR 8.00  clip 0.08  kl +0.001
upd   64  steps  133120  sps 1394  opp symm  loss -0.037  pg -0.0094  v 0.007  ev +0.96  adv_std 0.115  tR +0.00  ent[s/d/p/e] 1.72/2.22/1.52/0.55  emits 0.39  spf 53.6  z0 0.73  garr 71.6  tG 570  e2 0.08  nF 4.6  pS 0.30  ptS 0.29  fLog 0.58  pdΔ -0.1969  pkR 6.09  clip 0.07  kl +0.002
upd   65  steps  135168  sps 1405  opp symm  loss -0.032  pg -0.0058  v 0.010  ev +0.95  adv_std 0.144  tR +0.50  ent[s/d/p/e] 1.77/2.25/1.53/0.56  emits 0.45  spf 58.1  z0 0.72  garr 80.1  tG 639  e2 0.10  nF 4.9  pS 0.31  ptS 0.30  fLog 0.59  pdΔ -0.1895  pkR 5.82  clip 0.08  kl +0.002
upd   66  steps  137216  sps 1417  opp symm  loss -0.013  pg +0.0142  v 0.008  ev +0.96  adv_std 0.126  tR +1.00  ent[s/d/p/e] 1.86/2.24/1.46/0.57  emits 0.51  spf 56.1  z0 0.71  garr 76.8  tG 616  e2 0.11  nF 5.9  pS 0.32  ptS 0.31  fLog 0.58  pdΔ -0.1818  pkR 6.66  clip 0.10  kl +0.004
upd   67  steps  139264  sps 1429  opp symm  loss -0.028  pg +0.0006  v 0.006  ev +0.97  adv_std 0.104  tR +0.00  ent[s/d/p/e] 1.90/2.24/1.45/0.59  emits 0.60  spf 49.1  z0 0.68  garr 69.9  tG 571  e2 0.14  nF 6.9  pS 0.33  ptS 0.32  fLog 0.56  pdΔ -0.1689  pkR 6.50  clip 0.07  kl +0.002
upd   68  steps  141312  sps 1440  opp symm  loss -0.012  pg +0.0156  v 0.007  ev +0.97  adv_std 0.118  tR -0.33  ent[s/d/p/e] 1.85/2.20/1.51/0.57  emits 0.53  spf 48.5  z0 0.69  garr 67.3  tG 568  e2 0.12  nF 6.5  pS 0.33  ptS 0.32  fLog 0.57  pdΔ -0.1743  pkR 5.20  clip 0.10  kl +0.004
upd   69  steps  143360  sps 1452  opp symm  loss -0.023  pg +0.0052  v 0.006  ev +0.97  adv_std 0.109  tR +1.00  ent[s/d/p/e] 1.91/2.21/1.46/0.56  emits 0.44  spf 51.3  z0 0.73  garr 78.1  tG 692  e2 0.09  nF 5.7  pS 0.33  ptS 0.33  fLog 0.57  pdΔ -0.1669  pkR 5.44  clip 0.07  kl +0.005
upd   70  steps  145408  sps 1463  opp symm  loss +0.021  pg +0.0475  v 0.008  ev +0.97  adv_std 0.124  tR +0.25  ent[s/d/p/e] 1.85/2.19/1.46/0.56  emits 0.45  spf 54.4  z0 0.73  garr 81.1  tG 680  e2 0.10  nF 5.0  pS 0.31  ptS 0.31  fLog 0.58  pdΔ -0.1876  pkR 5.91  clip 0.05  kl +0.000
upd   71  steps  147456  sps 1474  opp symm  loss -0.033  pg -0.0069  v 0.008  ev +0.96  adv_std 0.126  tR -0.33  ent[s/d/p/e] 1.85/2.15/1.52/0.52  emits 0.40  spf 49.6  z0 0.76  garr 73.8  tG 610  e2 0.09  nF 4.9  pS 0.29  ptS 0.29  fLog 0.57  pdΔ -0.2116  pkR 7.81  clip 0.07  kl +0.000
upd   72  steps  149504  sps 1485  opp symm  loss -0.029  pg -0.0043  v 0.009  ev +0.95  adv_std 0.135  tR +0.00  ent[s/d/p/e] 1.71/2.00/1.45/0.54  emits 0.44  spf 45.6  z0 0.74  garr 73.8  tG 602  e2 0.09  nF 4.6  pS 0.29  ptS 0.29  fLog 0.56  pdΔ -0.2127  pkR 9.09  clip 0.07  kl +0.004
upd   73  steps  151552  sps 1495  opp symm  loss -0.034  pg -0.0080  v 0.007  ev +0.97  adv_std 0.119  tR +0.20  ent[s/d/p/e] 1.71/2.02/1.46/0.56  emits 0.47  spf 45.9  z0 0.72  garr 74.1  tG 612  e2 0.11  nF 5.3  pS 0.29  ptS 0.29  fLog 0.55  pdΔ -0.2085  pkR 8.60  clip 0.10  kl +0.004
upd   74  steps  153600  sps 1506  opp symm  loss -0.022  pg +0.0028  v 0.010  ev +0.96  adv_std 0.141  tR +0.20  ent[s/d/p/e] 1.67/1.96/1.48/0.55  emits 0.45  spf 45.8  z0 0.73  garr 72.6  tG 605  e2 0.10  nF 5.6  pS 0.29  ptS 0.29  fLog 0.54  pdΔ -0.2103  pkR 6.87  clip 0.09  kl +0.003
upd   75  steps  155648  sps 1516  opp symm  loss -0.037  pg -0.0105  v 0.009  ev +0.96  adv_std 0.133  tR -0.33  ent[s/d/p/e] 1.79/2.09/1.51/0.59  emits 0.56  spf 46.9  z0 0.68  garr 74.7  tG 649  e2 0.13  nF 6.1  pS 0.32  ptS 0.32  fLog 0.56  pdΔ -0.1793  pkR 7.03  clip 0.05  kl -0.001
upd   76  steps  157696  sps 1527  opp symm  loss -0.011  pg +0.0142  v 0.011  ev +0.96  adv_std 0.149  tR -0.25  ent[s/d/p/e] 1.87/2.13/1.46/0.58  emits 0.52  spf 55.0  z0 0.70  garr 70.7  tG 652  e2 0.12  nF 6.5  pS 0.35  ptS 0.34  fLog 0.57  pdΔ -0.1528  pkR 7.55  clip 0.11  kl +0.005
upd   77  steps  159744  sps 1537  opp symm  loss +0.000  pg +0.0266  v 0.009  ev +0.96  adv_std 0.136  tR +0.09  ent[s/d/p/e] 1.87/2.13/1.50/0.57  emits 0.50  spf 54.3  z0 0.70  garr 71.4  tG 646  e2 0.12  nF 5.9  pS 0.35  ptS 0.33  fLog 0.58  pdΔ -0.1547  pkR 8.40  clip 0.08  kl +0.002
upd   78  steps  161792  sps 1547  opp symm  loss -0.016  pg +0.0103  v 0.012  ev +0.94  adv_std 0.157  tR -1.00  ent[s/d/p/e] 1.93/2.19/1.52/0.61  emits 0.63  spf 53.4  z0 0.66  garr 62.3  tG 543  e2 0.14  nF 6.3  pS 0.34  ptS 0.33  fLog 0.59  pdΔ -0.1578  pkR 5.70  clip 0.14  kl +0.007
upd   79  steps  163840  sps 1557  opp symm  loss +0.006  pg +0.0331  v 0.008  ev +0.96  adv_std 0.129  tR +0.33  ent[s/d/p/e] 1.92/2.20/1.47/0.58  emits 0.52  spf 54.1  z0 0.69  garr 66.3  tG 602  e2 0.12  nF 5.8  pS 0.36  ptS 0.34  fLog 0.59  pdΔ -0.1447  pkR 6.08  clip 0.08  kl +0.001
upd   80  steps  165888  sps 1567  opp symm  loss -0.043  pg -0.0164  v 0.010  ev +0.96  adv_std 0.145  tR -0.33  ent[s/d/p/e] 1.80/2.13/1.59/0.60  emits 0.50  spf 60.3  z0 0.69  garr 74.4  tG 681  e2 0.11  nF 5.3  pS 0.36  ptS 0.35  fLog 0.60  pdΔ -0.1365  pkR 5.68  clip 0.12  kl -0.001
upd   81  steps  167936  sps 1576  opp symm  loss -0.020  pg +0.0067  v 0.009  ev +0.97  adv_std 0.138  tR +0.33  ent[s/d/p/e] 1.91/2.14/1.58/0.57  emits 0.47  spf 65.4  z0 0.70  garr 82.5  tG 781  e2 0.11  nF 5.0  pS 0.39  ptS 0.38  fLog 0.62  pdΔ -0.1083  pkR 5.26  clip 0.10  kl +0.005
upd   82  steps  169984  sps 1586  opp symm  loss -0.046  pg -0.0162  v 0.006  ev +0.98  adv_std 0.107  tR +0.33  ent[s/d/p/e] 2.07/2.18/1.57/0.60  emits 0.47  spf 72.9  z0 0.71  garr 94.7  tG 927  e2 0.11  nF 5.0  pS 0.43  ptS 0.41  fLog 0.64  pdΔ -0.0732  pkR 4.97  clip 0.10  kl +0.004
upd   83  steps  172032  sps 1595  opp symm  loss -0.010  pg +0.0188  v 0.006  ev +0.97  adv_std 0.114  tR +0.33  ent[s/d/p/e] 2.07/2.22/1.56/0.58  emits 0.49  spf 76.5  z0 0.71  garr 107.3  tG 1040  e2 0.11  nF 4.6  pS 0.43  ptS 0.41  fLog 0.65  pdΔ -0.0738  pkR 4.04  clip 0.08  kl +0.003
upd   84  steps  174080  sps 1605  opp symm  loss -0.032  pg -0.0031  v 0.007  ev +0.97  adv_std 0.118  tR +1.00  ent[s/d/p/e] 2.10/2.28/1.56/0.57  emits 0.50  spf 89.9  z0 0.70  garr 107.5  tG 1067  e2 0.12  nF 4.9  pS 0.43  ptS 0.41  fLog 0.67  pdΔ -0.0736  pkR 4.74  clip 0.10  kl -0.001
upd   85  steps  176128  sps 1614  opp symm  loss -0.024  pg +0.0050  v 0.007  ev +0.97  adv_std 0.119  tR +0.00  ent[s/d/p/e] 2.17/2.30/1.51/0.57  emits 0.54  spf 83.3  z0 0.71  garr 93.9  tG 976  e2 0.12  nF 5.0  pS 0.42  ptS 0.41  fLog 0.66  pdΔ -0.0793  pkR 4.97  clip 0.17  kl +0.011
upd   86  steps  178176  sps 1623  opp symm  loss -0.036  pg -0.0091  v 0.008  ev +0.97  adv_std 0.127  tR +0.43  ent[s/d/p/e] 2.08/2.26/1.49/0.51  emits 0.44  spf 77.3  z0 0.73  garr 90.7  tG 888  e2 0.09  nF 4.6  pS 0.39  ptS 0.38  fLog 0.63  pdΔ -0.1091  pkR 5.38  clip 0.17  kl +0.003
upd   87  steps  180224  sps 1632  opp symm  loss -0.015  pg +0.0118  v 0.009  ev +0.97  adv_std 0.133  tR +0.50  ent[s/d/p/e] 1.93/2.23/1.49/0.54  emits 0.46  spf 70.2  z0 0.73  garr 92.4  tG 817  e2 0.09  nF 4.8  pS 0.36  ptS 0.35  fLog 0.62  pdΔ -0.1445  pkR 3.86  clip 0.11  kl +0.001
upd   88  steps  182272  sps 1641  opp symm  loss -0.043  pg -0.0177  v 0.010  ev +0.96  adv_std 0.138  tR +0.33  ent[s/d/p/e] 1.86/2.16/1.53/0.53  emits 0.46  spf 67.7  z0 0.72  garr 94.3  tG 803  e2 0.09  nF 5.0  pS 0.34  ptS 0.33  fLog 0.61  pdΔ -0.1573  pkR 4.60  clip 0.11  kl +0.003
upd   89  steps  184320  sps 1650  opp symm  loss -0.036  pg -0.0077  v 0.006  ev +0.98  adv_std 0.111  tR -0.33  ent[s/d/p/e] 1.86/2.18/1.56/0.59  emits 0.45  spf 66.5  z0 0.72  garr 97.9  tG 807  e2 0.10  nF 5.2  pS 0.36  ptS 0.35  fLog 0.61  pdΔ -0.1439  pkR 4.65  clip 0.19  kl +0.011
upd   90  steps  186368  sps 1659  opp symm  loss -0.025  pg +0.0035  v 0.007  ev +0.97  adv_std 0.117  tR +0.00  ent[s/d/p/e] 1.89/2.20/1.61/0.55  emits 0.44  spf 75.8  z0 0.72  garr 101.4  tG 844  e2 0.10  nF 5.0  pS 0.37  ptS 0.36  fLog 0.63  pdΔ -0.1320  pkR 4.74  clip 0.08  kl +0.003
upd   91  steps  188416  sps 1667  opp symm  loss -0.007  pg +0.0214  v 0.006  ev +0.98  adv_std 0.112  tR +0.60  ent[s/d/p/e] 1.94/2.16/1.63/0.55  emits 0.45  spf 72.4  z0 0.73  garr 96.1  tG 781  e2 0.10  nF 5.1  pS 0.35  ptS 0.35  fLog 0.63  pdΔ -0.1481  pkR 5.54  clip 0.05  kl +0.001
upd   92  steps  190464  sps 1676  opp symm  loss -0.016  pg +0.0120  v 0.005  ev +0.98  adv_std 0.105  tR +0.14  ent[s/d/p/e] 1.83/2.10/1.66/0.49  emits 0.35  spf 73.6  z0 0.77  garr 87.6  tG 726  e2 0.07  nF 4.0  pS 0.32  ptS 0.32  fLog 0.63  pdΔ -0.1775  pkR 6.69  clip 0.10  kl +0.007
upd   93  steps  192512  sps 1684  opp symm  loss -0.040  pg -0.0150  v 0.009  ev +0.96  adv_std 0.138  tR -0.25  ent[s/d/p/e] 1.77/2.12/1.60/0.51  emits 0.34  spf 70.8  z0 0.77  garr 79.2  tG 641  e2 0.07  nF 3.8  pS 0.30  ptS 0.29  fLog 0.63  pdΔ -0.2049  pkR 7.23  clip 0.13  kl +0.004
upd   94  steps  194560  sps 1693  opp symm  loss +0.024  pg +0.0484  v 0.010  ev +0.96  adv_std 0.144  tR +0.14  ent[s/d/p/e] 1.75/2.09/1.59/0.45  emits 0.34  spf 61.5  z0 0.78  garr 74.6  tG 600  e2 0.07  nF 3.8  pS 0.29  ptS 0.29  fLog 0.60  pdΔ -0.2122  pkR 8.82  clip 0.12  kl +0.007
upd   95  steps  196608  sps 1701  opp symm  loss -0.052  pg -0.0286  v 0.009  ev +0.95  adv_std 0.143  tR -1.00  ent[s/d/p/e] 1.72/2.14/1.52/0.45  emits 0.24  spf 66.6  z0 0.83  garr 75.7  tG 569  e2 0.04  nF 3.3  pS 0.26  ptS 0.27  fLog 0.62  pdΔ -0.2398  pkR 4.63  clip 0.05  kl +0.003
upd   96  steps  198656  sps 1709  opp symm  loss -0.058  pg -0.0322  v 0.007  ev +0.97  adv_std 0.116  tR -0.50  ent[s/d/p/e] 1.69/2.08/1.59/0.45  emits 0.27  spf 68.9  z0 0.83  garr 91.8  tG 695  e2 0.05  nF 3.1  pS 0.28  ptS 0.29  fLog 0.62  pdΔ -0.2211  pkR 4.90  clip 0.04  kl +0.002
upd   97  steps  200704  sps 1717  opp symm  loss -0.038  pg -0.0125  v 0.007  ev +0.97  adv_std 0.115  tR +0.20  ent[s/d/p/e] 1.67/2.09/1.56/0.45  emits 0.29  spf 70.5  z0 0.81  garr 96.4  tG 766  e2 0.05  nF 3.3  pS 0.28  ptS 0.29  fLog 0.62  pdΔ -0.2186  pkR 6.03  clip 0.07  kl +0.002
upd   98  steps  202752  sps 1725  opp symm  loss -0.013  pg +0.0115  v 0.007  ev +0.97  adv_std 0.124  tR -0.20  ent[s/d/p/e] 1.74/2.18/1.59/0.42  emits 0.25  spf 72.3  z0 0.84  garr 100.3  tG 770  e2 0.05  nF 3.0  pS 0.28  ptS 0.28  fLog 0.63  pdΔ -0.2225  pkR 6.42  clip 0.08  kl -0.000
[eval_vs_v20] u99 tag=train_u99  bin0=0.0%  spf=0.00  garr=128.50  flip=0.00%  z0=71.9%  e8=0.0%  e2+=0.0%  WLD=0/3/0
upd   99  steps  204800  sps 1733  opp symm  loss -0.072  pg -0.0442  v 0.004  ev +0.98  adv_std 0.097  tR -1.00  ent[s/d/p/e] 1.74/2.26/1.64/0.44  emits 0.25  spf 83.3  z0 0.82  garr 109.6  tG 833  e2 0.05  nF 2.9  pS 0.28  ptS 0.28  fLog 0.64  pdΔ -0.2183  pkR 5.92  clip 0.06  kl +0.003 WRr 0.09 v20[spf 0.0 flip 0.0% e2+ 0.0%]
upd  100  steps  206848  sps 959  opp symm  loss -0.036  pg -0.0113  v 0.008  ev +0.97  adv_std 0.131  tR -0.50  ent[s/d/p/e] 1.78/2.27/1.63/0.42  emits 0.28  spf 70.9  z0 0.82  garr 115.0  tG 904  e2 0.06  nF 3.1  pS 0.30  ptS 0.30  fLog 0.63  pdΔ -0.1983  pkR 4.73  clip 0.07  kl +0.002
upd  101  steps  208896  sps 966  opp symm  loss -0.045  pg -0.0181  v 0.007  ev +0.97  adv_std 0.124  tR -1.00  ent[s/d/p/e] 1.87/2.31/1.68/0.48  emits 0.31  spf 80.8  z0 0.81  garr 123.7  tG 951  e2 0.07  nF 3.1  pS 0.31  ptS 0.31  fLog 0.66  pdΔ -0.1910  pkR 4.41  clip 0.11  kl +0.005
upd  102  steps  210944  sps 972  opp symm  loss -0.038  pg -0.0125  v 0.007  ev +0.97  adv_std 0.116  tR +0.50  ent[s/d/p/e] 1.82/2.23/1.62/0.41  emits 0.25  spf 79.3  z0 0.82  garr 120.2  tG 884  e2 0.05  nF 2.6  pS 0.30  ptS 0.30  fLog 0.66  pdΔ -0.1982  pkR 4.98  clip 0.09  kl +0.002
upd  103  steps  212992  sps 979  opp symm  loss -0.078  pg -0.0523  v 0.008  ev +0.96  adv_std 0.131  tR -0.67  ent[s/d/p/e] 1.77/2.21/1.61/0.45  emits 0.27  spf 71.4  z0 0.82  garr 108.6  tG 777  e2 0.05  nF 2.6  pS 0.29  ptS 0.29  fLog 0.64  pdΔ -0.2101  pkR 6.13  clip 0.09  kl +0.006
upd  104  steps  215040  sps 985  opp symm  loss +0.002  pg +0.0283  v 0.006  ev +0.97  adv_std 0.110  tR +0.33  ent[s/d/p/e] 1.73/2.22/1.62/0.45  emits 0.26  spf 71.7  z0 0.81  garr 114.8  tG 803  e2 0.05  nF 2.6  pS 0.30  ptS 0.30  fLog 0.64  pdΔ -0.1987  pkR 5.39  clip 0.05  kl +0.001
upd  105  steps  217088  sps 992  opp symm  loss -0.041  pg -0.0151  v 0.007  ev +0.97  adv_std 0.118  tR +0.00  ent[s/d/p/e] 1.73/2.16/1.67/0.45  emits 0.27  spf 73.0  z0 0.81  garr 129.4  tG 926  e2 0.05  nF 2.7  pS 0.31  ptS 0.31  fLog 0.64  pdΔ -0.1870  pkR 5.49  clip 0.05  kl -0.001
upd  106  steps  219136  sps 998  opp symm  loss -0.035  pg -0.0085  v 0.009  ev +0.96  adv_std 0.132  tR +1.00  ent[s/d/p/e] 1.88/2.20/1.62/0.49  emits 0.35  spf 75.1  z0 0.78  garr 132.9  tG 934  e2 0.08  nF 3.4  pS 0.32  ptS 0.32  fLog 0.63  pdΔ -0.1786  pkR 5.97  clip 0.06  kl +0.002
upd  107  steps  221184  sps 1005  opp symm  loss -0.073  pg -0.0456  v 0.010  ev +0.96  adv_std 0.137  tR -0.60  ent[s/d/p/e] 1.96/2.22/1.69/0.53  emits 0.40  spf 80.4  z0 0.75  garr 116.3  tG 859  e2 0.09  nF 4.1  pS 0.33  ptS 0.32  fLog 0.65  pdΔ -0.1677  pkR 5.21  clip 0.07  kl +0.004
upd  108  steps  223232  sps 1011  opp symm  loss -0.064  pg -0.0376  v 0.008  ev +0.97  adv_std 0.130  tR -0.33  ent[s/d/p/e] 1.95/2.16/1.61/0.50  emits 0.38  spf 80.3  z0 0.78  garr 100.7  tG 828  e2 0.07  nF 4.0  pS 0.34  ptS 0.34  fLog 0.65  pdΔ -0.1554  pkR 5.30  clip 0.05  kl -0.000
upd  109  steps  225280  sps 1017  opp symm  loss -0.038  pg -0.0115  v 0.009  ev +0.96  adv_std 0.138  tR +0.00  ent[s/d/p/e] 1.86/2.20/1.67/0.50  emits 0.35  spf 78.2  z0 0.79  garr 92.4  tG 746  e2 0.07  nF 3.6  pS 0.32  ptS 0.31  fLog 0.65  pdΔ -0.1825  pkR 6.79  clip 0.06  kl +0.003
upd  110  steps  227328  sps 1023  opp symm  loss -0.003  pg +0.0218  v 0.010  ev +0.96  adv_std 0.138  tR +0.33  ent[s/d/p/e] 1.72/2.14/1.63/0.50  emits 0.37  spf 65.1  z0 0.77  garr 89.4  tG 680  e2 0.08  nF 3.7  pS 0.30  ptS 0.29  fLog 0.62  pdΔ -0.2020  pkR 7.84  clip 0.07  kl +0.002
upd  111  steps  229376  sps 1030  opp symm  loss -0.032  pg -0.0052  v 0.008  ev +0.97  adv_std 0.124  tR +1.00  ent[s/d/p/e] 1.69/2.14/1.63/0.52  emits 0.36  spf 68.9  z0 0.76  garr 88.6  tG 671  e2 0.07  nF 3.7  pS 0.31  ptS 0.30  fLog 0.63  pdΔ -0.1908  pkR 6.11  clip 0.08  kl +0.004
upd  112  steps  231424  sps 1036  opp symm  loss -0.048  pg -0.0217  v 0.007  ev +0.97  adv_std 0.119  tR -0.33  ent[s/d/p/e] 1.79/2.17/1.63/0.49  emits 0.34  spf 64.2  z0 0.78  garr 94.2  tG 730  e2 0.07  nF 3.7  pS 0.32  ptS 0.31  fLog 0.62  pdΔ -0.1797  pkR 6.85  clip 0.10  kl +0.002
upd  113  steps  233472  sps 1042  opp symm  loss +0.004  pg +0.0285  v 0.014  ev +0.95  adv_std 0.169  tR +0.50  ent[s/d/p/e] 1.84/2.20/1.66/0.54  emits 0.40  spf 72.1  z0 0.74  garr 103.2  tG 814  e2 0.08  nF 3.8  pS 0.34  ptS 0.33  fLog 0.64  pdΔ -0.1589  pkR 6.82  clip 0.08  kl +0.003
upd  114  steps  235520  sps 1048  opp symm  loss -0.038  pg -0.0101  v 0.006  ev +0.97  adv_std 0.116  tR +0.00  ent[s/d/p/e] 1.86/2.16/1.60/0.52  emits 0.40  spf 67.5  z0 0.74  garr 92.7  tG 734  e2 0.09  nF 4.3  pS 0.34  ptS 0.33  fLog 0.63  pdΔ -0.1582  pkR 6.36  clip 0.07  kl +0.001
upd  115  steps  237568  sps 1054  opp symm  loss +0.006  pg +0.0323  v 0.009  ev +0.96  adv_std 0.132  tR +0.33  ent[s/d/p/e] 1.86/2.17/1.66/0.52  emits 0.36  spf 71.9  z0 0.77  garr 103.2  tG 824  e2 0.07  nF 4.0  pS 0.35  ptS 0.34  fLog 0.64  pdΔ -0.1515  pkR 6.57  clip 0.03  kl +0.001
upd  116  steps  239616  sps 1060  opp symm  loss -0.057  pg -0.0301  v 0.006  ev +0.97  adv_std 0.111  tR +0.00  ent[s/d/p/e] 1.86/2.09/1.67/0.48  emits 0.32  spf 79.5  z0 0.79  garr 112.2  tG 853  e2 0.06  nF 3.2  pS 0.34  ptS 0.33  fLog 0.64  pdΔ -0.1607  pkR 5.63  clip 0.07  kl +0.004
upd  117  steps  241664  sps 1066  opp symm  loss -0.057  pg -0.0303  v 0.007  ev +0.97  adv_std 0.119  tR -0.14  ent[s/d/p/e] 1.87/2.10/1.61/0.47  emits 0.27  spf 75.5  z0 0.80  garr 119.9  tG 915  e2 0.05  nF 2.9  pS 0.34  ptS 0.33  fLog 0.63  pdΔ -0.1623  pkR 4.76  clip 0.06  kl +0.003
upd  118  steps  243712  sps 1072  opp symm  loss -0.037  pg -0.0099  v 0.007  ev +0.97  adv_std 0.114  tR -0.33  ent[s/d/p/e] 1.89/2.14/1.60/0.49  emits 0.32  spf 76.1  z0 0.79  garr 119.0  tG 927  e2 0.06  nF 3.2  pS 0.34  ptS 0.33  fLog 0.64  pdΔ -0.1625  pkR 4.16  clip 0.05  kl +0.001
upd  119  steps  245760  sps 1078  opp symm  loss -0.028  pg -0.0030  v 0.010  ev +0.95  adv_std 0.138  tR +0.67  ent[s/d/p/e] 1.86/2.15/1.56/0.50  emits 0.34  spf 74.6  z0 0.78  garr 114.8  tG 912  e2 0.07  nF 3.2  pS 0.34  ptS 0.33  fLog 0.64  pdΔ -0.1636  pkR 4.09  clip 0.06  kl +0.002
upd  120  steps  247808  sps 1084  opp symm  loss -0.022  pg +0.0027  v 0.008  ev +0.96  adv_std 0.121  tR -1.00  ent[s/d/p/e] 1.61/2.11/1.55/0.47  emits 0.29  spf 67.0  z0 0.79  garr 122.1  tG 975  e2 0.05  nF 3.1  pS 0.33  ptS 0.32  fLog 0.62  pdΔ -0.1656  pkR 3.67  clip 0.05  kl +0.001
upd  121  steps  249856  sps 1090  opp symm  loss -0.035  pg -0.0093  v 0.009  ev +0.96  adv_std 0.135  tR +0.20  ent[s/d/p/e] 1.82/2.18/1.54/0.53  emits 0.34  spf 84.2  z0 0.78  garr 135.4  tG 1098  e2 0.07  nF 3.1  pS 0.35  ptS 0.34  fLog 0.64  pdΔ -0.1508  pkR 3.97  clip 0.06  kl +0.001
upd  122  steps  251904  sps 1096  opp symm  loss -0.024  pg +0.0023  v 0.008  ev +0.96  adv_std 0.130  tR +0.20  ent[s/d/p/e] 1.86/2.18/1.54/0.50  emits 0.33  spf 79.7  z0 0.77  garr 133.6  tG 1092  e2 0.07  nF 3.3  pS 0.35  ptS 0.34  fLog 0.64  pdΔ -0.1477  pkR 3.80  clip 0.05  kl +0.001
upd  123  steps  253952  sps 1102  opp symm  loss -0.026  pg -0.0012  v 0.013  ev +0.94  adv_std 0.162  tR +0.67  ent[s/d/p/e] 1.88/2.14/1.58/0.54  emits 0.41  spf 74.9  z0 0.75  garr 123.3  tG 1053  e2 0.09  nF 4.0  pS 0.35  ptS 0.34  fLog 0.63  pdΔ -0.1475  pkR 4.62  clip 0.08  kl +0.004
upd  124  steps  256000  sps 1107  opp symm  loss -0.006  pg +0.0207  v 0.008  ev +0.96  adv_std 0.125  tR +0.20  ent[s/d/p/e] 1.96/2.14/1.54/0.55  emits 0.44  spf 71.0  z0 0.74  garr 110.4  tG 872  e2 0.10  nF 4.3  pS 0.35  ptS 0.33  fLog 0.63  pdΔ -0.1538  pkR 4.62  clip 0.07  kl +0.002
upd  125  steps  258048  sps 1113  opp symm  loss -0.054  pg -0.0260  v 0.007  ev +0.97  adv_std 0.118  tR +0.25  ent[s/d/p/e] 1.86/2.12/1.62/0.55  emits 0.41  spf 66.6  z0 0.75  garr 104.5  tG 808  e2 0.09  nF 4.2  pS 0.35  ptS 0.33  fLog 0.63  pdΔ -0.1479  pkR 4.96  clip 0.07  kl +0.000
upd  126  steps  260096  sps 1119  opp symm  loss -0.020  pg +0.0058  v 0.011  ev +0.95  adv_std 0.149  tR +0.20  ent[s/d/p/e] 1.81/2.05/1.68/0.56  emits 0.47  spf 63.5  z0 0.72  garr 93.9  tG 722  e2 0.11  nF 4.7  pS 0.34  ptS 0.32  fLog 0.61  pdΔ -0.1621  pkR 5.66  clip 0.07  kl -0.001
upd  127  steps  262144  sps 1125  opp symm  loss -0.005  pg +0.0194  v 0.015  ev +0.93  adv_std 0.170  tR +1.00  ent[s/d/p/e] 1.90/2.07/1.66/0.58  emits 0.55  spf 59.6  z0 0.68  garr 88.7  tG 720  e2 0.13  nF 5.2  pS 0.38  ptS 0.36  fLog 0.61  pdΔ -0.1241  pkR 6.03  clip 0.11  kl +0.007
upd  128  steps  264192  sps 1130  opp symm  loss -0.031  pg -0.0047  v 0.011  ev +0.95  adv_std 0.146  tR +0.33  ent[s/d/p/e] 1.87/2.11/1.62/0.60  emits 0.56  spf 59.1  z0 0.68  garr 80.8  tG 663  e2 0.13  nF 5.4  pS 0.37  ptS 0.36  fLog 0.61  pdΔ -0.1268  pkR 6.10  clip 0.11  kl +0.003
upd  129  steps  266240  sps 1136  opp symm  loss -0.045  pg -0.0182  v 0.010  ev +0.96  adv_std 0.142  tR +0.00  ent[s/d/p/e] 1.88/2.14/1.58/0.60  emits 0.48  spf 57.1  z0 0.71  garr 75.7  tG 624  e2 0.10  nF 5.3  pS 0.38  ptS 0.37  fLog 0.61  pdΔ -0.1171  pkR 6.02  clip 0.08  kl +0.006
upd  130  steps  268288  sps 1141  opp symm  loss -0.006  pg +0.0219  v 0.008  ev +0.96  adv_std 0.127  tR +0.43  ent[s/d/p/e] 1.82/2.09/1.61/0.58  emits 0.55  spf 55.0  z0 0.68  garr 79.5  tG 650  e2 0.12  nF 5.3  pS 0.36  ptS 0.36  fLog 0.60  pdΔ -0.1350  pkR 4.73  clip 0.12  kl +0.006
upd  131  steps  270336  sps 1147  opp symm  loss +0.006  pg +0.0306  v 0.014  ev +0.94  adv_std 0.165  tR -1.00  ent[s/d/p/e] 1.71/2.02/1.58/0.60  emits 0.51  spf 51.0  z0 0.68  garr 75.4  tG 622  e2 0.11  nF 5.5  pS 0.37  ptS 0.36  fLog 0.59  pdΔ -0.1341  pkR 5.46  clip 0.07  kl +0.001
upd  132  steps  272384  sps 1153  opp symm  loss -0.005  pg +0.0188  v 0.014  ev +0.94  adv_std 0.169  tR +1.00  ent[s/d/p/e] 1.80/1.97/1.59/0.54  emits 0.46  spf 54.3  z0 0.71  garr 76.7  tG 671  e2 0.11  nF 5.4  pS 0.39  ptS 0.38  fLog 0.60  pdΔ -0.1121  pkR 5.78  clip 0.17  kl +0.007
upd  133  steps  274432  sps 1158  opp symm  loss -0.017  pg +0.0113  v 0.006  ev +0.98  adv_std 0.114  tR +0.40  ent[s/d/p/e] 1.83/2.03/1.62/0.56  emits 0.41  spf 59.1  z0 0.73  garr 80.1  tG 721  e2 0.08  nF 4.4  pS 0.39  ptS 0.37  fLog 0.61  pdΔ -0.1131  pkR 4.33  clip 0.06  kl +0.002
upd  134  steps  276480  sps 1164  opp symm  loss -0.017  pg +0.0097  v 0.007  ev +0.97  adv_std 0.121  tR +0.33  ent[s/d/p/e] 1.72/1.96/1.63/0.52  emits 0.39  spf 60.4  z0 0.75  garr 87.2  tG 731  e2 0.08  nF 3.6  pS 0.35  ptS 0.34  fLog 0.61  pdΔ -0.1477  pkR 5.31  clip 0.06  kl +0.000
upd  135  steps  278528  sps 1169  opp symm  loss +0.003  pg +0.0285  v 0.007  ev +0.96  adv_std 0.121  tR +0.33  ent[s/d/p/e] 1.65/1.96/1.63/0.48  emits 0.32  spf 57.6  z0 0.78  garr 97.4  tG 789  e2 0.06  nF 3.5  pS 0.33  ptS 0.32  fLog 0.60  pdΔ -0.1668  pkR 3.98  clip 0.06  kl +0.002
upd  136  steps  280576  sps 1174  opp symm  loss -0.013  pg +0.0136  v 0.006  ev +0.97  adv_std 0.113  tR +0.60  ent[s/d/p/e] 1.65/2.01/1.68/0.47  emits 0.27  spf 66.1  z0 0.80  garr 121.6  tG 948  e2 0.05  nF 2.9  pS 0.32  ptS 0.31  fLog 0.61  pdΔ -0.1811  pkR 4.24  clip 0.05  kl +0.001
upd  137  steps  282624  sps 1180  opp symm  loss -0.029  pg -0.0047  v 0.008  ev +0.95  adv_std 0.129  tR -0.60  ent[s/d/p/e] 1.60/1.97/1.59/0.45  emits 0.29  spf 72.3  z0 0.80  garr 136.8  tG 1081  e2 0.06  nF 3.0  pS 0.32  ptS 0.31  fLog 0.61  pdΔ -0.1762  pkR 4.30  clip 0.06  kl +0.001
upd  138  steps  284672  sps 1185  opp symm  loss -0.045  pg -0.0210  v 0.007  ev +0.96  adv_std 0.118  tR +0.00  ent[s/d/p/e] 1.46/1.93/1.59/0.44  emits 0.28  spf 74.2  z0 0.79  garr 140.7  tG 1126  e2 0.05  nF 2.9  pS 0.32  ptS 0.30  fLog 0.61  pdΔ -0.1788  pkR 4.87  clip 0.07  kl +0.001
upd  139  steps  286720  sps 1190  opp symm  loss -0.011  pg +0.0145  v 0.006  ev +0.97  adv_std 0.108  tR -1.00  ent[s/d/p/e] 1.55/1.99/1.60/0.46  emits 0.32  spf 66.7  z0 0.79  garr 137.3  tG 1129  e2 0.06  nF 3.2  pS 0.32  ptS 0.31  fLog 0.59  pdΔ -0.1770  pkR 5.57  clip 0.07  kl +0.001
upd  140  steps  288768  sps 1196  opp symm  loss +0.010  pg +0.0352  v 0.006  ev +0.97  adv_std 0.107  tR +0.33  ent[s/d/p/e] 1.52/1.99/1.64/0.42  emits 0.23  spf 71.4  z0 0.83  garr 138.0  tG 1135  e2 0.04  nF 2.8  pS 0.32  ptS 0.31  fLog 0.60  pdΔ -0.1776  pkR 5.17  clip 0.03  kl +0.001
upd  141  steps  290816  sps 1201  opp symm  loss -0.037  pg -0.0122  v 0.006  ev +0.97  adv_std 0.109  tR +0.50  ent[s/d/p/e] 1.45/1.99/1.66/0.44  emits 0.26  spf 61.6  z0 0.81  garr 134.8  tG 1042  e2 0.05  nF 2.9  pS 0.30  ptS 0.29  fLog 0.59  pdΔ -0.1969  pkR 5.30  clip 0.05  kl +0.003
upd  142  steps  292864  sps 1206  opp symm  loss +0.014  pg +0.0373  v 0.009  ev +0.96  adv_std 0.133  tR -0.33  ent[s/d/p/e] 1.53/1.99/1.61/0.43  emits 0.27  spf 60.8  z0 0.82  garr 144.6  tG 1098  e2 0.05  nF 3.0  pS 0.30  ptS 0.29  fLog 0.59  pdΔ -0.1995  pkR 4.35  clip 0.04  kl +0.001
upd  143  steps  294912  sps 1211  opp symm  loss -0.043  pg -0.0192  v 0.009  ev +0.96  adv_std 0.133  tR -1.00  ent[s/d/p/e] 1.62/2.05/1.62/0.46  emits 0.28  spf 63.3  z0 0.81  garr 151.9  tG 1157  e2 0.05  nF 3.2  pS 0.32  ptS 0.30  fLog 0.60  pdΔ -0.1830  pkR 4.91  clip 0.05  kl +0.002
upd  144  steps  296960  sps 1217  opp symm  loss +0.013  pg +0.0399  v 0.005  ev +0.98  adv_std 0.095  tR -0.33  ent[s/d/p/e] 1.77/2.14/1.55/0.47  emits 0.31  spf 65.0  z0 0.80  garr 166.1  tG 1274  e2 0.06  nF 3.5  pS 0.35  ptS 0.33  fLog 0.61  pdΔ -0.1549  pkR 5.20  clip 0.05  kl +0.002
upd  145  steps  299008  sps 1222  opp symm  loss +0.013  pg +0.0391  v 0.007  ev +0.97  adv_std 0.120  tR -0.60  ent[s/d/p/e] 1.80/2.12/1.64/0.44  emits 0.30  spf 60.1  z0 0.81  garr 168.6  tG 1388  e2 0.06  nF 3.5  pS 0.36  ptS 0.35  fLog 0.61  pdΔ -0.1445  pkR 5.55  clip 0.04  kl -0.001
upd  146  steps  301056  sps 1227  opp symm  loss -0.032  pg -0.0084  v 0.007  ev +0.97  adv_std 0.124  tR +0.14  ent[s/d/p/e] 1.66/2.04/1.61/0.39  emits 0.23  spf 66.3  z0 0.84  garr 177.6  tG 1454  e2 0.04  nF 2.9  pS 0.33  ptS 0.32  fLog 0.61  pdΔ -0.1675  pkR 5.92  clip 0.04  kl +0.002
upd  147  steps  303104  sps 1232  opp symm  loss -0.040  pg -0.0158  v 0.009  ev +0.96  adv_std 0.137  tR +1.00  ent[s/d/p/e] 1.80/2.11/1.70/0.41  emits 0.22  spf 78.4  z0 0.85  garr 168.6  tG 1342  e2 0.04  nF 2.6  pS 0.32  ptS 0.32  fLog 0.64  pdΔ -0.1773  pkR 7.00  clip 0.04  kl +0.001
upd  148  steps  305152  sps 1237  opp symm  loss -0.041  pg -0.0165  v 0.009  ev +0.96  adv_std 0.138  tR +0.33  ent[s/d/p/e] 1.79/2.03/1.61/0.46  emits 0.31  spf 78.6  z0 0.81  garr 159.5  tG 1301  e2 0.06  nF 3.2  pS 0.33  ptS 0.33  fLog 0.64  pdΔ -0.1692  pkR 6.05  clip 0.07  kl +0.003
upd  149  steps  307200  sps 1242  opp symm  loss -0.038  pg -0.0170  v 0.014  ev +0.94  adv_std 0.166  tR -0.20  ent[s/d/p/e] 1.43/1.86/1.70/0.44  emits 0.23  spf 70.1  z0 0.83  garr 128.2  tG 1011  e2 0.04  nF 2.7  pS 0.30  ptS 0.29  fLog 0.61  pdΔ -0.2047  pkR 7.20  clip 0.06  kl +0.001
upd  150  steps  309248  sps 1247  opp symm  loss +0.013  pg +0.0346  v 0.015  ev +0.94  adv_std 0.174  tR +0.00  ent[s/d/p/e] 1.66/1.93/1.70/0.47  emits 0.30  spf 64.2  z0 0.79  garr 111.6  tG 850  e2 0.06  nF 3.3  pS 0.29  ptS 0.29  fLog 0.61  pdΔ -0.2068  pkR 5.73  clip 0.05  kl +0.002
upd  151  steps  311296  sps 1252  opp symm  loss +0.028  pg +0.0525  v 0.009  ev +0.96  adv_std 0.131  tR +0.50  ent[s/d/p/e] 1.54/1.94/1.70/0.45  emits 0.29  spf 59.7  z0 0.80  garr 110.6  tG 836  e2 0.05  nF 3.4  pS 0.29  ptS 0.29  fLog 0.61  pdΔ -0.2069  pkR 5.39  clip 0.06  kl +0.003
upd  152  steps  313344  sps 1257  opp symm  loss -0.045  pg -0.0206  v 0.009  ev +0.96  adv_std 0.135  tR -0.25  ent[s/d/p/e] 1.69/2.11/1.70/0.44  emits 0.25  spf 58.4  z0 0.83  garr 118.5  tG 903  e2 0.04  nF 3.0  pS 0.30  ptS 0.29  fLog 0.60  pdΔ -0.2035  pkR 6.42  clip 0.06  kl +0.002
upd  153  steps  315392  sps 1262  opp symm  loss -0.003  pg +0.0229  v 0.005  ev +0.97  adv_std 0.104  tR +0.00  ent[s/d/p/e] 1.61/2.12/1.66/0.42  emits 0.24  spf 68.4  z0 0.84  garr 140.1  tG 1051  e2 0.04  nF 2.7  pS 0.30  ptS 0.29  fLog 0.62  pdΔ -0.1976  pkR 6.72  clip 0.04  kl -0.000
upd  154  steps  317440  sps 1267  opp symm  loss -0.000  pg +0.0244  v 0.009  ev +0.95  adv_std 0.140  tR +0.33  ent[s/d/p/e] 1.65/2.10/1.80/0.41  emits 0.24  spf 68.4  z0 0.83  garr 155.3  tG 1182  e2 0.04  nF 2.7  pS 0.30  ptS 0.29  fLog 0.62  pdΔ -0.2012  pkR 6.99  clip 0.04  kl +0.002
upd  155  steps  319488  sps 1272  opp symm  loss -0.006  pg +0.0194  v 0.006  ev +0.97  adv_std 0.112  tR +1.00  ent[s/d/p/e] 1.57/2.07/1.75/0.41  emits 0.21  spf 72.1  z0 0.85  garr 161.1  tG 1178  e2 0.04  nF 2.2  pS 0.29  ptS 0.28  fLog 0.62  pdΔ -0.2138  pkR 7.77  clip 0.06  kl +0.001
upd  156  steps  321536  sps 1277  opp symm  loss -0.047  pg -0.0228  v 0.008  ev +0.96  adv_std 0.128  tR +0.00  ent[s/d/p/e] 1.66/2.03/1.68/0.38  emits 0.21  spf 72.4  z0 0.86  garr 178.0  tG 1272  e2 0.04  nF 2.3  pS 0.30  ptS 0.29  fLog 0.63  pdΔ -0.1989  pkR 4.98  clip 0.02  kl -0.000
upd  157  steps  323584  sps 1281  opp symm  loss -0.035  pg -0.0099  v 0.006  ev +0.97  adv_std 0.116  tR -0.50  ent[s/d/p/e] 1.83/2.14/1.65/0.38  emits 0.22  spf 90.9  z0 0.85  garr 195.6  tG 1394  e2 0.04  nF 2.1  pS 0.31  ptS 0.30  fLog 0.66  pdΔ -0.1936  pkR 5.37  clip 0.04  kl +0.002
upd  158  steps  325632  sps 1286  opp symm  loss -0.047  pg -0.0222  v 0.006  ev +0.97  adv_std 0.112  tR +0.00  ent[s/d/p/e] 1.83/2.06/1.60/0.39  emits 0.26  spf 79.3  z0 0.83  garr 196.1  tG 1333  e2 0.05  nF 2.7  pS 0.31  ptS 0.30  fLog 0.64  pdΔ -0.1923  pkR 4.27  clip 0.05  kl +0.002
upd  159  steps  327680  sps 1291  opp symm  loss -0.040  pg -0.0166  v 0.010  ev +0.95  adv_std 0.143  tR -0.50  ent[s/d/p/e] 1.66/2.05/1.67/0.38  emits 0.21  spf 75.0  z0 0.86  garr 196.6  tG 1345  e2 0.04  nF 2.5  pS 0.30  ptS 0.29  fLog 0.63  pdΔ -0.1988  pkR 4.86  clip 0.05  kl +0.001
upd  160  steps  329728  sps 1296  opp symm  loss -0.086  pg -0.0613  v 0.008  ev +0.97  adv_std 0.127  tR +1.00  ent[s/d/p/e] 1.70/2.08/1.65/0.40  emits 0.27  spf 74.8  z0 0.82  garr 190.1  tG 1299  e2 0.05  nF 2.7  pS 0.31  ptS 0.30  fLog 0.63  pdΔ -0.1864  pkR 4.74  clip 0.04  kl +0.002
upd  161  steps  331776  sps 1301  opp symm  loss -0.052  pg -0.0260  v 0.004  ev +0.98  adv_std 0.090  tR -0.14  ent[s/d/p/e] 1.74/2.03/1.59/0.41  emits 0.25  spf 69.1  z0 0.83  garr 187.8  tG 1286  e2 0.05  nF 2.6  pS 0.31  ptS 0.30  fLog 0.63  pdΔ -0.1888  pkR 5.47  clip 0.05  kl +0.001
upd  162  steps  333824  sps 1305  opp symm  loss -0.032  pg -0.0087  v 0.008  ev +0.96  adv_std 0.127  tR -0.43  ent[s/d/p/e] 1.62/2.03/1.55/0.43  emits 0.31  spf 63.6  z0 0.81  garr 178.7  tG 1207  e2 0.06  nF 2.7  pS 0.30  ptS 0.29  fLog 0.61  pdΔ -0.2015  pkR 6.27  clip 0.05  kl +0.001
upd  163  steps  335872  sps 1310  opp symm  loss -0.004  pg +0.0203  v 0.007  ev +0.97  adv_std 0.113  tR +0.33  ent[s/d/p/e] 1.57/1.96/1.57/0.43  emits 0.31  spf 66.4  z0 0.80  garr 190.8  tG 1288  e2 0.07  nF 3.3  pS 0.32  ptS 0.31  fLog 0.61  pdΔ -0.1785  pkR 6.20  clip 0.10  kl +0.002
upd  164  steps  337920  sps 1315  opp symm  loss -0.057  pg -0.0353  v 0.014  ev +0.94  adv_std 0.169  tR +0.11  ent[s/d/p/e] 1.55/1.91/1.66/0.47  emits 0.34  spf 60.0  z0 0.78  garr 178.9  tG 1204  e2 0.07  nF 3.2  pS 0.32  ptS 0.30  fLog 0.61  pdΔ -0.1845  pkR 6.71  clip 0.06  kl +0.002
upd  165  steps  339968  sps 1319  opp symm  loss +0.001  pg +0.0218  v 0.015  ev +0.93  adv_std 0.170  tR +0.20  ent[s/d/p/e] 1.55/1.91/1.64/0.44  emits 0.32  spf 63.6  z0 0.80  garr 162.0  tG 1111  e2 0.06  nF 3.4  pS 0.32  ptS 0.29  fLog 0.60  pdΔ -0.1841  pkR 5.02  clip 0.11  kl +0.001
upd  166  steps  342016  sps 1324  opp symm  loss -0.014  pg +0.0098  v 0.007  ev +0.96  adv_std 0.117  tR +0.33  ent[s/d/p/e] 1.52/1.87/1.65/0.43  emits 0.28  spf 59.5  z0 0.82  garr 163.8  tG 1117  e2 0.06  nF 3.0  pS 0.31  ptS 0.29  fLog 0.60  pdΔ -0.1902  pkR 5.42  clip 0.05  kl +0.001
upd  167  steps  344064  sps 1328  opp symm  loss -0.068  pg -0.0438  v 0.008  ev +0.96  adv_std 0.123  tR -1.00  ent[s/d/p/e] 1.62/1.85/1.65/0.41  emits 0.29  spf 59.4  z0 0.82  garr 176.8  tG 1208  e2 0.06  nF 3.3  pS 0.32  ptS 0.31  fLog 0.61  pdΔ -0.1776  pkR 5.06  clip 0.06  kl +0.001
upd  168  steps  346112  sps 1333  opp symm  loss -0.115  pg -0.0899  v 0.006  ev +0.97  adv_std 0.113  tR -0.25  ent[s/d/p/e] 1.75/1.76/1.68/0.44  emits 0.34  spf 53.2  z0 0.81  garr 174.2  tG 1236  e2 0.07  nF 3.5  pS 0.34  ptS 0.32  fLog 0.60  pdΔ -0.1631  pkR 5.06  clip 0.10  kl +0.003
upd  169  steps  348160  sps 1338  opp symm  loss -0.026  pg -0.0028  v 0.010  ev +0.95  adv_std 0.143  tR +0.20  ent[s/d/p/e] 1.77/1.85/1.61/0.44  emits 0.42  spf 52.5  z0 0.79  garr 181.0  tG 1335  e2 0.09  nF 4.1  pS 0.35  ptS 0.33  fLog 0.60  pdΔ -0.1536  pkR 4.92  clip 0.05  kl +0.002
upd  170  steps  350208  sps 1342  opp symm  loss -0.016  pg +0.0083  v 0.009  ev +0.96  adv_std 0.134  tR -0.20  ent[s/d/p/e] 1.75/1.84/1.63/0.46  emits 0.41  spf 54.5  z0 0.78  garr 168.9  tG 1321  e2 0.09  nF 4.3  pS 0.36  ptS 0.34  fLog 0.60  pdΔ -0.1437  pkR 5.41  clip 0.06  kl +0.001
upd  171  steps  352256  sps 1347  opp symm  loss -0.004  pg +0.0190  v 0.009  ev +0.96  adv_std 0.135  tR +0.33  ent[s/d/p/e] 1.78/1.78/1.56/0.45  emits 0.43  spf 58.6  z0 0.77  garr 177.5  tG 1431  e2 0.09  nF 4.4  pS 0.37  ptS 0.35  fLog 0.61  pdΔ -0.1346  pkR 5.91  clip 0.07  kl +0.006
upd  172  steps  354304  sps 1351  opp symm  loss -0.084  pg -0.0567  v 0.004  ev +0.98  adv_std 0.087  tR -1.00  ent[s/d/p/e] 1.97/1.87/1.68/0.42  emits 0.37  spf 63.4  z0 0.81  garr 203.4  tG 1660  e2 0.08  nF 3.9  pS 0.39  ptS 0.38  fLog 0.63  pdΔ -0.1102  pkR 5.63  clip 0.05  kl +0.001
upd  173  steps  356352  sps 1356  opp symm  loss -0.097  pg -0.0733  v 0.007  ev +0.96  adv_std 0.122  tR +0.20  ent[s/d/p/e] 1.84/1.73/1.60/0.41  emits 0.39  spf 59.8  z0 0.79  garr 198.6  tG 1641  e2 0.08  nF 3.5  pS 0.37  ptS 0.36  fLog 0.61  pdΔ -0.1275  pkR 6.30  clip 0.07  kl +0.002
upd  174  steps  358400  sps 1360  opp symm  loss -0.072  pg -0.0492  v 0.008  ev +0.96  adv_std 0.129  tR +0.50  ent[s/d/p/e] 1.68/1.72/1.55/0.41  emits 0.34  spf 54.1  z0 0.80  garr 205.1  tG 1660  e2 0.08  nF 3.3  pS 0.35  ptS 0.34  fLog 0.59  pdΔ -0.1504  pkR 7.11  clip 0.08  kl +0.000
upd  175  steps  360448  sps 1364  opp symm  loss -0.062  pg -0.0380  v 0.008  ev +0.96  adv_std 0.127  tR +0.00  ent[s/d/p/e] 1.77/1.81/1.62/0.43  emits 0.34  spf 63.8  z0 0.82  garr 202.6  tG 1559  e2 0.07  nF 3.4  pS 0.35  ptS 0.33  fLog 0.61  pdΔ -0.1529  pkR 5.06  clip 0.06  kl +0.001
upd  176  steps  362496  sps 1369  opp symm  loss -0.008  pg +0.0189  v 0.005  ev +0.98  adv_std 0.101  tR +0.50  ent[s/d/p/e] 1.84/1.88/1.69/0.44  emits 0.38  spf 62.6  z0 0.79  garr 217.9  tG 1652  e2 0.08  nF 3.8  pS 0.36  ptS 0.35  fLog 0.61  pdΔ -0.1375  pkR 4.39  clip 0.06  kl +0.002
upd  177  steps  364544  sps 1373  opp symm  loss -0.057  pg -0.0315  v 0.006  ev +0.97  adv_std 0.107  tR +0.71  ent[s/d/p/e] 1.63/1.80/1.75/0.42  emits 0.30  spf 61.1  z0 0.83  garr 218.5  tG 1575  e2 0.06  nF 3.4  pS 0.34  ptS 0.33  fLog 0.60  pdΔ -0.1630  pkR 4.84  clip 0.04  kl +0.001
upd  178  steps  366592  sps 1378  opp symm  loss -0.007  pg +0.0163  v 0.008  ev +0.96  adv_std 0.131  tR +0.33  ent[s/d/p/e] 1.64/1.84/1.72/0.41  emits 0.31  spf 62.4  z0 0.81  garr 199.0  tG 1323  e2 0.06  nF 3.1  pS 0.31  ptS 0.30  fLog 0.61  pdΔ -0.1938  pkR 4.58  clip 0.06  kl +0.002
upd  179  steps  368640  sps 1382  opp symm  loss +0.002  pg +0.0254  v 0.008  ev +0.96  adv_std 0.128  tR +0.20  ent[s/d/p/e] 1.65/1.91/1.69/0.41  emits 0.32  spf 60.1  z0 0.81  garr 211.3  tG 1445  e2 0.06  nF 3.3  pS 0.32  ptS 0.31  fLog 0.61  pdΔ -0.1826  pkR 4.50  clip 0.05  kl +0.003
upd  180  steps  370688  sps 1386  opp symm  loss -0.077  pg -0.0528  v 0.008  ev +0.96  adv_std 0.125  tR -0.67  ent[s/d/p/e] 1.71/1.99/1.69/0.38  emits 0.24  spf 63.5  z0 0.85  garr 196.0  tG 1413  e2 0.05  nF 2.8  pS 0.32  ptS 0.31  fLog 0.62  pdΔ -0.1813  pkR 4.53  clip 0.05  kl +0.002
upd  181  steps  372736  sps 1390  opp symm  loss -0.026  pg -0.0010  v 0.004  ev +0.98  adv_std 0.085  tR +1.00  ent[s/d/p/e] 1.65/2.06/1.70/0.33  emits 0.21  spf 63.9  z0 0.87  garr 210.0  tG 1473  e2 0.04  nF 2.2  pS 0.31  ptS 0.30  fLog 0.62  pdΔ -0.1924  pkR 4.94  clip 0.05  kl +0.001
upd  182  steps  374784  sps 1395  opp symm  loss +0.011  pg +0.0348  v 0.005  ev +0.98  adv_std 0.100  tR +0.20  ent[s/d/p/e] 1.48/1.93/1.81/0.32  emits 0.17  spf 56.0  z0 0.89  garr 230.7  tG 1577  e2 0.04  nF 1.9  pS 0.29  ptS 0.28  fLog 0.61  pdΔ -0.2055  pkR 5.27  clip 0.04  kl +0.001
upd  183  steps  376832  sps 1399  opp symm  loss -0.063  pg -0.0386  v 0.005  ev +0.97  adv_std 0.103  tR +0.60  ent[s/d/p/e] 1.50/1.93/1.81/0.30  emits 0.16  spf 70.4  z0 0.88  garr 246.5  tG 1715  e2 0.03  nF 1.8  pS 0.30  ptS 0.29  fLog 0.64  pdΔ -0.2039  pkR 5.55  clip 0.04  kl +0.000
upd  184  steps  378880  sps 1403  opp symm  loss -0.086  pg -0.0614  v 0.005  ev +0.98  adv_std 0.101  tR -1.00  ent[s/d/p/e] 1.57/1.90/1.77/0.33  emits 0.17  spf 66.1  z0 0.88  garr 261.4  tG 1859  e2 0.03  nF 1.8  pS 0.30  ptS 0.30  fLog 0.62  pdΔ -0.1970  pkR 5.73  clip 0.04  kl +0.000
upd  185  steps  380928  sps 1407  opp symm  loss +0.046  pg +0.0700  v 0.005  ev +0.98  adv_std 0.105  tR +0.60  ent[s/d/p/e] 1.52/1.87/1.83/0.31  emits 0.18  spf 69.5  z0 0.88  garr 260.4  tG 1847  e2 0.04  nF 1.7  pS 0.30  ptS 0.29  fLog 0.63  pdΔ -0.2010  pkR 6.20  clip 0.04  kl +0.002