
=== [2026-06-11T02:47:28Z] v14e_binary_v1_a_p0i1_ORBITWARS_SHAPING_CAPTURE_0.04_5ecaa9332e phase=a kind=probe chunk=300 env={"ORBITWARS_SHAPING_ANTI_HOARD": 0.03, "ORBITWARS_SHAPING_CAPTURE": 0.04, "ORBITWARS_SHAPING_RELEASE": 0.0075, "ORBITWARS_SHAPING_RELEASE_K": 17.0, "ORBITWARS_SHAPING_PROD_SHARE_DELTA": 0.025, "ORBITWARS_SHAPING_ONE_SHIP_PENALTY": 0.025} ppo={"ent_coef_emit": 0.0175, "lr_peak": 4.5e-05} ===
[reward] kaggle-aligned: terminal +1 win/+1 tie>0/-1 loss/-1 double-wipeout; is_terminal at step >= episode_steps-2; SHAPING_SCALE=0.0; v1: KEEP_HOME=0.0 FLEET_SIZE=0.0/norm20.0; v2 (expert-replay calibrated): PROD_SHARE=0.0 PLANET_SHARE=0.0 FLEET_LOG=0.0/ref500.0/floor0.3; v3 (top10-2630ep calibrated): PROD_SHARE_DELTA=0.025 EMIT_LOG=0.0 EMIT_GATED=0.0 RELEASE=0.0075/K17.0 CAPTURE=0.04; ANTI_HOARD=0.03/thresh0.6; episode_steps=500 (kaggle=500, mismatch=False)
[symmetric] Frog Parade style: same params drive BOTH players, no frozen/strong/buffer opponents, zero_sum_value=True
upd    0  steps    2048  sps 37  opp symm  loss -0.141  pg -0.1239  v 0.007  ev +0.05  adv_std 0.121  tR +0.00  ent[s/d/p/e] 0.19/1.63/1.65/0.31  emits 0.15  spf 20.0  z0 0.87  garr 25.2  tG 32  e2 0.01  nF 1.1  pS 0.06  ptS 0.06  fLog 0.46  pdΔ -0.4413  pkR 5.47  clip 0.04  kl +0.001
upd    1  steps    4096  sps 74  opp symm  loss -0.121  pg -0.0982  v 0.006  ev +0.16  adv_std 0.115  tR +0.00  ent[s/d/p/e] 0.70/1.86/1.58/0.47  emits 0.23  spf 29.4  z0 0.82  garr 38.5  tG 82  e2 0.04  nF 2.5  pS 0.09  ptS 0.10  fLog 0.50  pdΔ -0.4052  pkR 5.38  clip 0.14  kl +0.006
upd    2  steps    6144  sps 110  opp symm  loss -0.075  pg -0.0495  v 0.003  ev +0.50  adv_std 0.083  tR -1.00  ent[s/d/p/e] 1.04/2.08/1.63/0.48  emits 0.24  spf 38.3  z0 0.81  garr 48.3  tG 165  e2 0.04  nF 2.6  pS 0.14  ptS 0.14  fLog 0.54  pdΔ -0.3595  pkR 4.98  clip 0.06  kl +0.002
upd    3  steps    8192  sps 145  opp symm  loss +0.052  pg +0.0783  v 0.002  ev +0.48  adv_std 0.064  tR +0.00  ent[s/d/p/e] 1.25/1.98/1.44/0.53  emits 0.37  spf 41.6  z0 0.74  garr 56.3  tG 276  e2 0.07  nF 3.8  pS 0.19  ptS 0.19  fLog 0.53  pdΔ -0.3074  pkR 4.49  clip 0.08  kl +0.005
upd    4  steps   10240  sps 179  opp symm  loss -0.002  pg +0.0264  v 0.001  ev +0.40  adv_std 0.054  tR +0.00  ent[s/d/p/e] 1.48/2.04/1.35/0.57  emits 0.41  spf 45.6  z0 0.72  garr 66.8  tG 406  e2 0.08  nF 4.8  pS 0.24  ptS 0.24  fLog 0.53  pdΔ -0.2570  pkR 4.43  clip 0.12  kl +0.007
upd    5  steps   12288  sps 212  opp symm  loss +0.017  pg +0.0464  v 0.001  ev +0.07  adv_std 0.044  tR +0.00  ent[s/d/p/e] 1.70/2.21/1.36/0.58  emits 0.43  spf 55.8  z0 0.70  garr 77.0  tG 531  e2 0.09  nF 5.4  pS 0.29  ptS 0.28  fLog 0.56  pdΔ -0.2131  pkR 3.91  clip 0.12  kl +0.002
upd    6  steps   14336  sps 245  opp symm  loss -0.005  pg +0.0250  v 0.001  ev +0.21  adv_std 0.053  tR +0.00  ent[s/d/p/e] 1.80/2.28/1.32/0.61  emits 0.52  spf 59.3  z0 0.68  garr 81.3  tG 613  e2 0.12  nF 6.0  pS 0.32  ptS 0.31  fLog 0.57  pdΔ -0.1830  pkR 3.86  clip 0.22  kl +0.011
upd    7  steps   16384  sps 277  opp symm  loss -0.059  pg -0.0314  v 0.006  ev +0.29  adv_std 0.105  tR +0.00  ent[s/d/p/e] 1.99/2.41/1.28/0.56  emits 0.43  spf 66.1  z0 0.72  garr 87.5  tG 727  e2 0.09  nF 5.5  pS 0.35  ptS 0.34  fLog 0.60  pdΔ -0.1546  pkR 4.48  clip 0.14  kl +0.006
upd    8  steps   18432  sps 308  opp symm  loss -0.031  pg -0.0022  v 0.002  ev +0.35  adv_std 0.055  tR +0.00  ent[s/d/p/e] 2.10/2.47/1.30/0.49  emits 0.31  spf 77.0  z0 0.79  garr 106.2  tG 900  e2 0.06  nF 4.2  pS 0.36  ptS 0.35  fLog 0.62  pdΔ -0.1428  pkR 6.19  clip 0.07  kl +0.005
upd    9  steps   20480  sps 339  opp symm  loss -0.010  pg +0.0204  v 0.001  ev +0.55  adv_std 0.053  tR +1.00  ent[s/d/p/e] 2.07/2.48/1.31/0.54  emits 0.33  spf 97.7  z0 0.77  garr 125.3  tG 1029  e2 0.06  nF 3.1  pS 0.36  ptS 0.35  fLog 0.65  pdΔ -0.1431  pkR 3.84  clip 0.10  kl +0.003
upd   10  steps   22528  sps 369  opp symm  loss -0.036  pg -0.0084  v 0.003  ev +0.41  adv_std 0.083  tR +1.00  ent[s/d/p/e] 1.97/2.42/1.27/0.51  emits 0.26  spf 110.3  z0 0.80  garr 137.3  tG 1171  e2 0.04  nF 3.0  pS 0.36  ptS 0.36  fLog 0.67  pdΔ -0.1374  pkR 3.49  clip 0.11  kl +0.003
upd   11  steps   24576  sps 398  opp symm  loss -0.036  pg -0.0068  v 0.002  ev +0.64  adv_std 0.058  tR +0.00  ent[s/d/p/e] 1.94/2.32/1.30/0.53  emits 0.29  spf 107.7  z0 0.79  garr 145.1  tG 1308  e2 0.05  nF 2.9  pS 0.36  ptS 0.36  fLog 0.66  pdΔ -0.1369  pkR 3.91  clip 0.15  kl +0.004
upd   12  steps   26624  sps 427  opp symm  loss -0.105  pg -0.0773  v 0.006  ev +0.38  adv_std 0.107  tR -1.00  ent[s/d/p/e] 2.03/2.38/1.32/0.55  emits 0.35  spf 114.0  z0 0.76  garr 155.7  tG 1418  e2 0.07  nF 3.3  pS 0.37  ptS 0.37  fLog 0.66  pdΔ -0.1309  pkR 4.20  clip 0.14  kl +0.007
upd   13  steps   28672  sps 455  opp symm  loss -0.027  pg +0.0027  v 0.003  ev +0.59  adv_std 0.079  tR +1.00  ent[s/d/p/e] 2.09/2.48/1.36/0.56  emits 0.37  spf 120.5  z0 0.75  garr 146.4  tG 1376  e2 0.08  nF 3.7  pS 0.38  ptS 0.38  fLog 0.68  pdΔ -0.1194  pkR 4.77  clip 0.11  kl +0.009
upd   14  steps   30720  sps 483  opp symm  loss +0.019  pg +0.0493  v 0.001  ev +0.83  adv_std 0.054  tR +0.00  ent[s/d/p/e] 2.06/2.42/1.32/0.58  emits 0.37  spf 118.1  z0 0.75  garr 144.2  tG 1334  e2 0.08  nF 3.7  pS 0.38  ptS 0.38  fLog 0.67  pdΔ -0.1243  pkR 5.28  clip 0.11  kl +0.007
upd   15  steps   32768  sps 510  opp symm  loss -0.102  pg -0.1354  v 0.124  ev -0.03  adv_std 0.532  tR +0.00  ent[s/d/p/e] 1.95/2.43/1.37/0.45  emits 0.29  spf 104.0  z0 0.81  garr 93.5  tG 758  e2 0.06  nF 2.6  pS 0.25  ptS 0.25  fLog 0.66  pdΔ -0.2489  pkR 8.87  clip 0.09  kl +0.003
upd   16  steps   34816  sps 536  opp symm  loss +0.060  pg +0.0833  v 0.001  ev +0.46  adv_std 0.035  tR +0.00  ent[s/d/p/e] 0.75/2.32/1.56/0.30  emits 0.10  spf 52.9  z0 0.91  garr 62.0  tG 157  e2 0.01  nF 1.1  pS 0.11  ptS 0.10  fLog 0.59  pdΔ -0.3933  pkR 10.11  clip 0.03  kl +0.000
upd   17  steps   36864  sps 562  opp symm  loss +0.019  pg +0.0443  v 0.002  ev +0.65  adv_std 0.061  tR -1.00  ent[s/d/p/e] 1.15/2.50/1.54/0.33  emits 0.12  spf 62.1  z0 0.90  garr 84.7  tG 266  e2 0.01  nF 1.3  pS 0.15  ptS 0.14  fLog 0.62  pdΔ -0.3517  pkR 7.82  clip 0.06  kl +0.003
upd   18  steps   38912  sps 587  opp symm  loss -0.046  pg -0.0197  v 0.001  ev +0.88  adv_std 0.032  tR +0.00  ent[s/d/p/e] 1.34/2.48/1.51/0.37  emits 0.14  spf 78.1  z0 0.89  garr 105.0  tG 389  e2 0.02  nF 1.4  pS 0.18  ptS 0.17  fLog 0.65  pdΔ -0.3177  pkR 6.12  clip 0.05  kl +0.005
upd   19  steps   40960  sps 612  opp symm  loss -0.040  pg -0.0118  v 0.001  ev +0.89  adv_std 0.037  tR +0.00  ent[s/d/p/e] 1.54/2.46/1.42/0.48  emits 0.30  spf 74.3  z0 0.79  garr 115.4  tG 467  e2 0.05  nF 2.3  pS 0.22  ptS 0.20  fLog 0.63  pdΔ -0.2840  pkR 3.75  clip 0.10  kl +0.002
upd   20  steps   43008  sps 637  opp symm  loss -0.036  pg -0.0064  v 0.001  ev +0.94  adv_std 0.034  tR +0.00  ent[s/d/p/e] 1.77/2.43/1.33/0.55  emits 0.42  spf 63.2  z0 0.74  garr 103.6  tG 520  e2 0.09  nF 3.8  pS 0.26  ptS 0.25  fLog 0.60  pdΔ -0.2373  pkR 3.49  clip 0.14  kl +0.001
upd   21  steps   45056  sps 661  opp symm  loss -0.005  pg +0.0259  v 0.001  ev +0.93  adv_std 0.040  tR +0.00  ent[s/d/p/e] 1.95/2.45/1.26/0.60  emits 0.62  spf 56.4  z0 0.67  garr 84.7  tG 523  e2 0.15  nF 5.8  pS 0.31  ptS 0.30  fLog 0.59  pdΔ -0.1852  pkR 3.26  clip 0.12  kl +0.000
upd   22  steps   47104  sps 684  opp symm  loss -0.046  pg -0.0159  v 0.002  ev +0.86  adv_std 0.069  tR -1.00  ent[s/d/p/e] 2.00/2.42/1.27/0.61  emits 0.78  spf 50.4  z0 0.62  garr 69.2  tG 482  e2 0.18  nF 8.1  pS 0.34  ptS 0.33  fLog 0.57  pdΔ -0.1591  pkR 3.59  clip 0.21  kl +0.009
upd   23  steps   49152  sps 708  opp symm  loss -0.025  pg +0.0055  v 0.002  ev +0.86  adv_std 0.070  tR +0.00  ent[s/d/p/e] 2.04/2.40/1.27/0.62  emits 0.98  spf 43.1  z0 0.57  garr 58.0  tG 438  e2 0.23  nF 10.5  pS 0.36  ptS 0.35  fLog 0.54  pdΔ -0.1394  pkR 4.79  clip 0.16  kl +0.006
upd   24  steps   51200  sps 730  opp symm  loss -0.070  pg -0.0396  v 0.003  ev +0.91  adv_std 0.073  tR -0.33  ent[s/d/p/e] 2.08/2.36/1.20/0.63  emits 1.02  spf 42.0  z0 0.55  garr 53.3  tG 411  e2 0.24  nF 12.0  pS 0.37  ptS 0.37  fLog 0.53  pdΔ -0.1295  pkR 5.04  clip 0.36  kl +0.017
upd   25  steps   53248  sps 752  opp symm  loss -0.010  pg +0.0196  v 0.003  ev +0.91  adv_std 0.077  tR +0.00  ent[s/d/p/e] 2.02/2.31/1.26/0.62  emits 1.22  spf 38.7  z0 0.52  garr 46.3  tG 378  e2 0.28  nF 12.7  pS 0.38  ptS 0.37  fLog 0.52  pdΔ -0.1201  pkR 5.75  clip 0.17  kl +0.003
upd   26  steps   55296  sps 774  opp symm  loss -0.019  pg +0.0107  v 0.003  ev +0.93  adv_std 0.076  tR +0.20  ent[s/d/p/e] 2.08/2.34/1.22/0.62  emits 0.96  spf 37.4  z0 0.55  garr 50.8  tG 436  e2 0.22  nF 12.9  pS 0.40  ptS 0.39  fLog 0.53  pdΔ -0.1037  pkR 8.19  clip 0.27  kl +0.009
upd   27  steps   57344  sps 796  opp symm  loss -0.047  pg -0.0161  v 0.003  ev +0.93  adv_std 0.074  tR -0.33  ent[s/d/p/e] 2.13/2.41/1.27/0.61  emits 0.84  spf 43.3  z0 0.61  garr 54.9  tG 408  e2 0.19  nF 10.8  pS 0.37  ptS 0.37  fLog 0.55  pdΔ -0.1258  pkR 3.69  clip 0.20  kl +0.003
upd   28  steps   59392  sps 817  opp symm  loss -0.014  pg +0.0157  v 0.003  ev +0.93  adv_std 0.078  tR +0.50  ent[s/d/p/e] 2.11/2.38/1.24/0.60  emits 0.87  spf 44.1  z0 0.60  garr 53.6  tG 423  e2 0.21  nF 9.8  pS 0.37  ptS 0.37  fLog 0.55  pdΔ -0.1285  pkR 4.51  clip 0.17  kl +0.004
upd   29  steps   61440  sps 838  opp symm  loss -0.022  pg +0.0066  v 0.003  ev +0.93  adv_std 0.079  tR +0.00  ent[s/d/p/e] 2.03/2.34/1.20/0.59  emits 0.94  spf 39.6  z0 0.59  garr 48.6  tG 396  e2 0.21  nF 10.0  pS 0.36  ptS 0.36  fLog 0.54  pdΔ -0.1367  pkR 9.67  clip 0.15  kl +0.005
upd   30  steps   63488  sps 858  opp symm  loss +0.015  pg +0.0447  v 0.003  ev +0.94  adv_std 0.074  tR +0.33  ent[s/d/p/e] 2.09/2.34/1.18/0.59  emits 0.92  spf 39.2  z0 0.59  garr 51.9  tG 451  e2 0.21  nF 10.6  pS 0.37  ptS 0.36  fLog 0.53  pdΔ -0.1312  pkR 10.10  clip 0.16  kl +0.004
upd   31  steps   65536  sps 878  opp symm  loss -0.060  pg -0.0414  v 0.016  ev +0.56  adv_std 0.185  tR +0.03  ent[s/d/p/e] 1.72/2.32/1.31/0.38  emits 0.31  spf 48.8  z0 0.83  garr 52.0  tG 207  e2 0.07  nF 3.2  pS 0.16  ptS 0.16  fLog 0.57  pdΔ -0.3411  pkR 7.11  clip 0.10  kl +0.004
upd   32  steps   67584  sps 898  opp symm  loss +0.058  pg +0.0839  v 0.001  ev +0.86  adv_std 0.049  tR +1.00  ent[s/d/p/e] 1.49/2.40/1.40/0.37  emits 0.19  spf 61.7  z0 0.86  garr 70.5  tG 246  e2 0.04  nF 2.0  pS 0.15  ptS 0.15  fLog 0.62  pdΔ -0.3462  pkR 5.57  clip 0.04  kl +0.002
upd   33  steps   69632  sps 917  opp symm  loss +0.027  pg +0.0545  v 0.002  ev +0.85  adv_std 0.065  tR +1.00  ent[s/d/p/e] 1.55/2.42/1.46/0.43  emits 0.25  spf 58.9  z0 0.83  garr 76.7  tG 286  e2 0.05  nF 2.5  pS 0.18  ptS 0.18  fLog 0.61  pdΔ -0.3158  pkR 5.47  clip 0.06  kl +0.004
upd   34  steps   71680  sps 936  opp symm  loss +0.044  pg +0.0725  v 0.002  ev +0.92  adv_std 0.056  tR +0.00  ent[s/d/p/e] 1.59/2.37/1.49/0.50  emits 0.34  spf 59.1  z0 0.77  garr 78.7  tG 368  e2 0.07  nF 2.8  pS 0.23  ptS 0.22  fLog 0.61  pdΔ -0.2715  pkR 4.75  clip 0.06  kl +0.000
upd   35  steps   73728  sps 955  opp symm  loss -0.040  pg -0.0100  v 0.002  ev +0.94  adv_std 0.056  tR +0.00  ent[s/d/p/e] 1.68/2.39/1.50/0.56  emits 0.44  spf 61.7  z0 0.72  garr 74.1  tG 420  e2 0.10  nF 4.5  pS 0.27  ptS 0.26  fLog 0.62  pdΔ -0.2260  pkR 3.87  clip 0.10  kl +0.002
upd   36  steps   75776  sps 973  opp symm  loss -0.059  pg -0.0286  v 0.002  ev +0.95  adv_std 0.063  tR -1.00  ent[s/d/p/e] 1.89/2.41/1.39/0.58  emits 0.47  spf 62.9  z0 0.71  garr 72.9  tG 490  e2 0.10  nF 4.9  pS 0.32  ptS 0.31  fLog 0.62  pdΔ -0.1752  pkR 4.49  clip 0.09  kl -0.001
upd   37  steps   77824  sps 991  opp symm  loss -0.025  pg +0.0063  v 0.002  ev +0.96  adv_std 0.062  tR +0.00  ent[s/d/p/e] 1.95/2.40/1.36/0.60  emits 0.56  spf 63.8  z0 0.67  garr 74.1  tG 558  e2 0.13  nF 5.5  pS 0.36  ptS 0.34  fLog 0.62  pdΔ -0.1434  pkR 3.87  clip 0.09  kl +0.003
upd   38  steps   79872  sps 1009  opp symm  loss -0.021  pg +0.0075  v 0.006  ev +0.92  adv_std 0.104  tR +0.60  ent[s/d/p/e] 1.93/2.36/1.37/0.59  emits 0.69  spf 59.5  z0 0.64  garr 63.5  tG 504  e2 0.16  nF 6.5  pS 0.35  ptS 0.34  fLog 0.60  pdΔ -0.1482  pkR 7.35  clip 0.15  kl +0.005
upd   39  steps   81920  sps 1026  opp symm  loss -0.037  pg -0.0079  v 0.003  ev +0.96  adv_std 0.075  tR -0.50  ent[s/d/p/e] 1.97/2.36/1.33/0.57  emits 0.58  spf 52.4  z0 0.68  garr 56.0  tG 410  e2 0.13  nF 6.8  pS 0.34  ptS 0.32  fLog 0.58  pdΔ -0.1637  pkR 4.90  clip 0.11  kl +0.003
upd   40  steps   83968  sps 1043  opp symm  loss +0.012  pg +0.0417  v 0.003  ev +0.97  adv_std 0.074  tR +0.00  ent[s/d/p/e] 2.02/2.39/1.31/0.58  emits 0.66  spf 55.6  z0 0.66  garr 59.4  tG 442  e2 0.15  nF 6.9  pS 0.35  ptS 0.34  fLog 0.59  pdΔ -0.1494  pkR 4.77  clip 0.10  kl +0.004
upd   41  steps   86016  sps 1060  opp symm  loss +0.025  pg +0.0539  v 0.005  ev +0.95  adv_std 0.097  tR +0.20  ent[s/d/p/e] 1.92/2.34/1.33/0.59  emits 0.67  spf 53.6  z0 0.64  garr 54.9  tG 415  e2 0.15  nF 7.1  pS 0.34  ptS 0.33  fLog 0.58  pdΔ -0.1600  pkR 7.48  clip 0.16  kl +0.005
upd   42  steps   88064  sps 1077  opp symm  loss -0.014  pg +0.0155  v 0.002  ev +0.97  adv_std 0.069  tR -1.00  ent[s/d/p/e] 1.99/2.38/1.31/0.57  emits 0.57  spf 54.4  z0 0.68  garr 55.6  tG 419  e2 0.12  nF 6.0  pS 0.34  ptS 0.33  fLog 0.59  pdΔ -0.1571  pkR 4.02  clip 0.13  kl +0.004
upd   43  steps   90112  sps 1093  opp symm  loss +0.011  pg +0.0407  v 0.002  ev +0.97  adv_std 0.067  tR +1.00  ent[s/d/p/e] 2.05/2.43/1.29/0.56  emits 0.45  spf 61.5  z0 0.73  garr 63.3  tG 486  e2 0.10  nF 5.2  pS 0.35  ptS 0.34  fLog 0.62  pdΔ -0.1504  pkR 5.16  clip 0.08  kl +0.003
upd   44  steps   92160  sps 1110  opp symm  loss -0.015  pg +0.0130  v 0.005  ev +0.92  adv_std 0.103  tR +0.00  ent[s/d/p/e] 2.07/2.46/1.27/0.54  emits 0.47  spf 61.7  z0 0.75  garr 72.1  tG 518  e2 0.10  nF 5.0  pS 0.34  ptS 0.33  fLog 0.61  pdΔ -0.1574  pkR 4.35  clip 0.10  kl +0.003
upd   45  steps   94208  sps 1125  opp symm  loss -0.029  pg +0.0014  v 0.002  ev +0.97  adv_std 0.065  tR +0.00  ent[s/d/p/e] 2.04/2.49/1.40/0.53  emits 0.39  spf 70.5  z0 0.76  garr 83.6  tG 620  e2 0.08  nF 4.6  pS 0.35  ptS 0.34  fLog 0.63  pdΔ -0.1479  pkR 4.83  clip 0.07  kl +0.003
upd   46  steps   96256  sps 1141  opp symm  loss -0.068  pg -0.0536  v 0.030  ev +0.73  adv_std 0.256  tR -0.09  ent[s/d/p/e] 2.04/2.45/1.30/0.46  emits 0.36  spf 71.6  z0 0.79  garr 77.3  tG 549  e2 0.07  nF 3.6  pS 0.30  ptS 0.29  fLog 0.63  pdΔ -0.1964  pkR 6.02  clip 0.08  kl +0.005
upd   47  steps   98304  sps 1156  opp symm  loss -0.054  pg -0.0279  v 0.002  ev +0.88  adv_std 0.061  tR -1.00  ent[s/d/p/e] 1.63/2.47/1.41/0.38  emits 0.16  spf 77.8  z0 0.88  garr 76.2  tG 400  e2 0.03  nF 1.6  pS 0.19  ptS 0.18  fLog 0.65  pdΔ -0.3093  pkR 8.33  clip 0.12  kl +0.009
upd   48  steps  100352  sps 1171  opp symm  loss -0.187  pg -0.1606  v 0.004  ev +0.80  adv_std 0.089  tR +1.00  ent[s/d/p/e] 1.68/2.49/1.42/0.42  emits 0.22  spf 91.5  z0 0.85  garr 86.4  tG 454  e2 0.04  nF 1.8  pS 0.21  ptS 0.20  fLog 0.67  pdΔ -0.2936  pkR 6.35  clip 0.04  kl +0.001
upd   49  steps  102400  sps 1186  opp symm  loss -0.085  pg -0.0565  v 0.002  ev +0.92  adv_std 0.059  tR +0.00  ent[s/d/p/e] 1.72/2.47/1.44/0.46  emits 0.28  spf 81.2  z0 0.80  garr 85.8  tG 470  e2 0.05  nF 2.2  pS 0.24  ptS 0.23  fLog 0.66  pdΔ -0.2640  pkR 5.86  clip 0.07  kl +0.002
upd   50  steps  104448  sps 1201  opp symm  loss -0.054  pg -0.0245  v 0.001  ev +0.95  adv_std 0.054  tR +0.00  ent[s/d/p/e] 1.79/2.47/1.41/0.48  emits 0.29  spf 82.9  z0 0.80  garr 92.3  tG 573  e2 0.06  nF 2.3  pS 0.28  ptS 0.27  fLog 0.67  pdΔ -0.2227  pkR 4.92  clip 0.07  kl +0.003
upd   51  steps  106496  sps 1215  opp symm  loss -0.116  pg -0.0870  v 0.003  ev +0.93  adv_std 0.075  tR -1.00  ent[s/d/p/e] 1.87/2.46/1.46/0.51  emits 0.35  spf 88.2  z0 0.77  garr 94.9  tG 643  e2 0.07  nF 2.8  pS 0.30  ptS 0.30  fLog 0.67  pdΔ -0.1962  pkR 5.48  clip 0.16  kl +0.004
upd   52  steps  108544  sps 1230  opp symm  loss -0.097  pg -0.0676  v 0.003  ev +0.96  adv_std 0.072  tR +0.00  ent[s/d/p/e] 2.01/2.44/1.32/0.53  emits 0.39  spf 81.4  z0 0.77  garr 93.6  tG 665  e2 0.08  nF 3.4  pS 0.33  ptS 0.33  fLog 0.66  pdΔ -0.1686  pkR 3.62  clip 0.14  kl +0.007
upd   53  steps  110592  sps 1244  opp symm  loss -0.028  pg +0.0025  v 0.003  ev +0.95  adv_std 0.084  tR -1.00  ent[s/d/p/e] 1.99/2.44/1.39/0.59  emits 0.57  spf 75.5  z0 0.68  garr 84.4  tG 640  e2 0.13  nF 4.5  pS 0.36  ptS 0.35  fLog 0.64  pdΔ -0.1386  pkR 4.02  clip 0.14  kl +0.007
upd   54  steps  112640  sps 1258  opp symm  loss -0.088  pg -0.0595  v 0.006  ev +0.94  adv_std 0.106  tR +1.00  ent[s/d/p/e] 1.99/2.47/1.38/0.58  emits 0.45  spf 75.7  z0 0.72  garr 78.4  tG 625  e2 0.09  nF 4.5  pS 0.36  ptS 0.35  fLog 0.65  pdΔ -0.1369  pkR 4.57  clip 0.09  kl +0.005
upd   55  steps  114688  sps 1271  opp symm  loss -0.088  pg -0.0579  v 0.003  ev +0.97  adv_std 0.079  tR +0.20  ent[s/d/p/e] 1.95/2.41/1.43/0.58  emits 0.50  spf 73.4  z0 0.71  garr 69.5  tG 517  e2 0.11  nF 4.1  pS 0.34  ptS 0.33  fLog 0.65  pdΔ -0.1638  pkR 4.07  clip 0.11  kl +0.000
upd   56  steps  116736  sps 1285  opp symm  loss -0.049  pg -0.0197  v 0.005  ev +0.95  adv_std 0.096  tR -0.33  ent[s/d/p/e] 2.01/2.41/1.48/0.57  emits 0.52  spf 67.3  z0 0.71  garr 64.4  tG 498  e2 0.12  nF 4.9  pS 0.36  ptS 0.35  fLog 0.64  pdΔ -0.1432  pkR 3.79  clip 0.16  kl +0.004
upd   57  steps  118784  sps 1298  opp symm  loss -0.041  pg -0.0120  v 0.006  ev +0.94  adv_std 0.105  tR -0.60  ent[s/d/p/e] 2.05/2.41/1.41/0.57  emits 0.57  spf 64.6  z0 0.69  garr 66.1  tG 548  e2 0.13  nF 5.2  pS 0.38  ptS 0.37  fLog 0.63  pdΔ -0.1216  pkR 4.10  clip 0.23  kl +0.007
upd   58  steps  120832  sps 1311  opp symm  loss -0.020  pg +0.0092  v 0.005  ev +0.94  adv_std 0.102  tR +0.33  ent[s/d/p/e] 2.02/2.39/1.37/0.59  emits 0.72  spf 60.0  z0 0.64  garr 54.6  tG 452  e2 0.16  nF 6.5  pS 0.37  ptS 0.36  fLog 0.61  pdΔ -0.1340  pkR 6.16  clip 0.17  kl +0.010
upd   59  steps  122880  sps 1324  opp symm  loss -0.016  pg +0.0126  v 0.006  ev +0.93  adv_std 0.112  tR +0.43  ent[s/d/p/e] 2.03/2.43/1.35/0.59  emits 0.67  spf 59.7  z0 0.66  garr 53.4  tG 434  e2 0.15  nF 6.3  pS 0.36  ptS 0.36  fLog 0.61  pdΔ -0.1360  pkR 4.78  clip 0.10  kl +0.005
upd   60  steps  124928  sps 1337  opp symm  loss +0.011  pg +0.0404  v 0.003  ev +0.96  adv_std 0.079  tR +1.00  ent[s/d/p/e] 1.94/2.38/1.37/0.58  emits 0.56  spf 59.4  z0 0.68  garr 56.4  tG 438  e2 0.12  nF 5.7  pS 0.36  ptS 0.35  fLog 0.61  pdΔ -0.1410  pkR 3.75  clip 0.09  kl +0.002
upd   61  steps  126976  sps 1350  opp symm  loss -0.047  pg -0.0182  v 0.004  ev +0.96  adv_std 0.089  tR -1.00  ent[s/d/p/e] 1.88/2.38/1.42/0.56  emits 0.53  spf 65.9  z0 0.70  garr 63.6  tG 520  e2 0.12  nF 5.6  pS 0.38  ptS 0.37  fLog 0.63  pdΔ -0.1190  pkR 4.78  clip 0.09  kl +0.003
upd   62  steps  129024  sps 1362  opp symm  loss -0.032  pg -0.0093  v 0.014  ev +0.83  adv_std 0.168  tR +0.00  ent[s/d/p/e] 1.72/2.32/1.36/0.54  emits 0.52  spf 65.0  z0 0.72  garr 51.4  tG 380  e2 0.10  nF 4.7  pS 0.30  ptS 0.28  fLog 0.63  pdΔ -0.2007  pkR 6.39  clip 0.18  kl +0.003
upd   63  steps  131072  sps 1374  opp symm  loss -0.023  pg +0.0045  v 0.004  ev +0.94  adv_std 0.091  tR +0.00  ent[s/d/p/e] 1.66/2.34/1.40/0.52  emits 0.44  spf 64.2  z0 0.73  garr 53.4  tG 356  e2 0.09  nF 4.5  pS 0.29  ptS 0.27  fLog 0.63  pdΔ -0.2140  pkR 4.45  clip 0.06  kl -0.001
upd   64  steps  133120  sps 1386  opp symm  loss -0.050  pg -0.0211  v 0.003  ev +0.96  adv_std 0.076  tR +0.33  ent[s/d/p/e] 1.74/2.41/1.45/0.53  emits 0.44  spf 61.8  z0 0.73  garr 60.4  tG 407  e2 0.09  nF 4.5  pS 0.30  ptS 0.29  fLog 0.62  pdΔ -0.2007  pkR 4.53  clip 0.08  kl +0.004
upd   65  steps  135168  sps 1398  opp symm  loss -0.054  pg -0.0240  v 0.003  ev +0.97  adv_std 0.073  tR +1.00  ent[s/d/p/e] 1.70/2.39/1.49/0.56  emits 0.48  spf 61.1  z0 0.72  garr 60.1  tG 415  e2 0.11  nF 4.6  pS 0.31  ptS 0.30  fLog 0.62  pdΔ -0.1944  pkR 4.09  clip 0.12  kl +0.002
upd   66  steps  137216  sps 1410  opp symm  loss -0.010  pg +0.0187  v 0.004  ev +0.96  adv_std 0.091  tR +1.00  ent[s/d/p/e] 1.76/2.42/1.49/0.54  emits 0.46  spf 62.0  z0 0.74  garr 62.7  tG 446  e2 0.10  nF 4.6  pS 0.32  ptS 0.32  fLog 0.63  pdΔ -0.1822  pkR 3.92  clip 0.10  kl +0.000
upd   67  steps  139264  sps 1421  opp symm  loss -0.024  pg +0.0041  v 0.004  ev +0.95  adv_std 0.090  tR +0.33  ent[s/d/p/e] 1.78/2.44/1.39/0.54  emits 0.44  spf 65.5  z0 0.75  garr 71.5  tG 522  e2 0.09  nF 4.2  pS 0.33  ptS 0.32  fLog 0.63  pdΔ -0.1743  pkR 4.54  clip 0.08  kl +0.003
upd   68  steps  141312  sps 1433  opp symm  loss -0.041  pg -0.0122  v 0.004  ev +0.95  adv_std 0.092  tR -1.00  ent[s/d/p/e] 1.80/2.45/1.47/0.53  emits 0.45  spf 73.6  z0 0.73  garr 73.3  tG 561  e2 0.10  nF 4.5  pS 0.34  ptS 0.33  fLog 0.64  pdΔ -0.1644  pkR 4.13  clip 0.12  kl +0.006
upd   69  steps  143360  sps 1444  opp symm  loss -0.039  pg -0.0097  v 0.003  ev +0.96  adv_std 0.075  tR +0.00  ent[s/d/p/e] 1.75/2.39/1.44/0.55  emits 0.46  spf 68.7  z0 0.71  garr 71.3  tG 550  e2 0.09  nF 4.8  pS 0.34  ptS 0.33  fLog 0.63  pdΔ -0.1632  pkR 4.98  clip 0.08  kl +0.004
upd   70  steps  145408  sps 1455  opp symm  loss -0.056  pg -0.0276  v 0.005  ev +0.93  adv_std 0.099  tR +0.20  ent[s/d/p/e] 1.79/2.45/1.51/0.53  emits 0.40  spf 70.0  z0 0.74  garr 70.4  tG 524  e2 0.07  nF 4.4  pS 0.32  ptS 0.32  fLog 0.64  pdΔ -0.1753  pkR 4.41  clip 0.13  kl +0.006
upd   71  steps  147456  sps 1466  opp symm  loss -0.030  pg -0.0017  v 0.004  ev +0.95  adv_std 0.085  tR -1.00  ent[s/d/p/e] 1.79/2.44/1.41/0.52  emits 0.32  spf 72.4  z0 0.78  garr 75.5  tG 557  e2 0.06  nF 3.7  pS 0.32  ptS 0.31  fLog 0.64  pdΔ -0.1849  pkR 4.91  clip 0.10  kl +0.003
upd   72  steps  149504  sps 1477  opp symm  loss -0.016  pg +0.0107  v 0.006  ev +0.91  adv_std 0.106  tR +0.20  ent[s/d/p/e] 1.78/2.44/1.41/0.48  emits 0.31  spf 72.9  z0 0.79  garr 85.0  tG 640  e2 0.05  nF 3.3  pS 0.31  ptS 0.31  fLog 0.64  pdΔ -0.1898  pkR 4.92  clip 0.09  kl +0.009
upd   73  steps  151552  sps 1488  opp symm  loss -0.058  pg -0.0318  v 0.007  ev +0.91  adv_std 0.121  tR +0.43  ent[s/d/p/e] 1.67/2.38/1.47/0.53  emits 0.37  spf 75.3  z0 0.76  garr 80.9  tG 588  e2 0.07  nF 3.5  pS 0.29  ptS 0.29  fLog 0.64  pdΔ -0.2060  pkR 5.13  clip 0.09  kl +0.004
upd   74  steps  153600  sps 1498  opp symm  loss -0.008  pg +0.0196  v 0.004  ev +0.94  adv_std 0.092  tR +0.00  ent[s/d/p/e] 1.59/2.40/1.56/0.50  emits 0.31  spf 70.3  z0 0.79  garr 74.6  tG 519  e2 0.06  nF 3.4  pS 0.28  ptS 0.28  fLog 0.64  pdΔ -0.2176  pkR 4.62  clip 0.07  kl +0.004
upd   75  steps  155648  sps 1509  opp symm  loss -0.002  pg +0.0251  v 0.004  ev +0.95  adv_std 0.091  tR -0.33  ent[s/d/p/e] 1.64/2.41/1.44/0.50  emits 0.35  spf 68.4  z0 0.77  garr 78.7  tG 568  e2 0.07  nF 3.4  pS 0.29  ptS 0.29  fLog 0.64  pdΔ -0.2081  pkR 4.36  clip 0.10  kl +0.005
upd   76  steps  157696  sps 1519  opp symm  loss -0.005  pg +0.0237  v 0.004  ev +0.95  adv_std 0.092  tR -1.00  ent[s/d/p/e] 1.69/2.38/1.44/0.56  emits 0.46  spf 70.1  z0 0.72  garr 79.2  tG 601  e2 0.10  nF 4.2  pS 0.32  ptS 0.31  fLog 0.63  pdΔ -0.1829  pkR 4.82  clip 0.12  kl +0.002
upd   77  steps  159744  sps 1529  opp symm  loss -0.058  pg -0.0389  v 0.022  ev +0.84  adv_std 0.214  tR +0.18  ent[s/d/p/e] 1.73/2.38/1.41/0.55  emits 0.40  spf 73.3  z0 0.75  garr 72.3  tG 555  e2 0.08  nF 4.0  pS 0.31  ptS 0.31  fLog 0.63  pdΔ -0.1852  pkR 5.01  clip 0.08  kl +0.001
upd   78  steps  161792  sps 1539  opp symm  loss -0.004  pg +0.0221  v 0.004  ev +0.96  adv_std 0.088  tR +0.00  ent[s/d/p/e] 1.42/2.21/1.45/0.48  emits 0.34  spf 56.5  z0 0.77  garr 56.8  tG 371  e2 0.07  nF 3.0  pS 0.25  ptS 0.24  fLog 0.60  pdΔ -0.2519  pkR 5.25  clip 0.08  kl +0.001
upd   79  steps  163840  sps 1549  opp symm  loss +0.007  pg +0.0338  v 0.004  ev +0.96  adv_std 0.095  tR +1.00  ent[s/d/p/e] 1.51/2.32/1.45/0.49  emits 0.30  spf 61.4  z0 0.78  garr 69.6  tG 499  e2 0.06  nF 3.0  pS 0.29  ptS 0.28  fLog 0.62  pdΔ -0.2139  pkR 5.30  clip 0.06  kl +0.002
upd   80  steps  165888  sps 1559  opp symm  loss -0.011  pg +0.0160  v 0.005  ev +0.95  adv_std 0.097  tR +0.00  ent[s/d/p/e] 1.63/2.42/1.44/0.50  emits 0.33  spf 77.3  z0 0.78  garr 79.6  tG 587  e2 0.07  nF 2.8  pS 0.30  ptS 0.29  fLog 0.66  pdΔ -0.2036  pkR 5.00  clip 0.08  kl +0.003
upd   81  steps  167936  sps 1569  opp symm  loss -0.016  pg +0.0108  v 0.004  ev +0.96  adv_std 0.088  tR -0.20  ent[s/d/p/e] 1.51/2.40/1.41/0.51  emits 0.28  spf 79.1  z0 0.80  garr 87.9  tG 647  e2 0.06  nF 2.7  pS 0.30  ptS 0.30  fLog 0.66  pdΔ -0.1950  pkR 4.39  clip 0.10  kl +0.002
upd   82  steps  169984  sps 1579  opp symm  loss -0.071  pg -0.0434  v 0.004  ev +0.96  adv_std 0.090  tR +0.00  ent[s/d/p/e] 1.59/2.39/1.49/0.49  emits 0.29  spf 82.8  z0 0.80  garr 95.7  tG 735  e2 0.05  nF 2.6  pS 0.32  ptS 0.31  fLog 0.67  pdΔ -0.1839  pkR 4.87  clip 0.08  kl +0.003
upd   83  steps  172032  sps 1588  opp symm  loss -0.028  pg -0.0001  v 0.004  ev +0.96  adv_std 0.093  tR +0.00  ent[s/d/p/e] 1.57/2.41/1.44/0.53  emits 0.37  spf 89.5  z0 0.75  garr 95.7  tG 716  e2 0.07  nF 3.2  pS 0.32  ptS 0.31  fLog 0.67  pdΔ -0.1828  pkR 4.47  clip 0.10  kl -0.001
upd   84  steps  174080  sps 1597  opp symm  loss -0.027  pg +0.0005  v 0.005  ev +0.96  adv_std 0.095  tR -0.20  ent[s/d/p/e] 1.63/2.46/1.47/0.49  emits 0.35  spf 88.0  z0 0.77  garr 93.6  tG 676  e2 0.07  nF 3.0  pS 0.32  ptS 0.31  fLog 0.68  pdΔ -0.1836  pkR 4.16  clip 0.09  kl +0.004
upd   85  steps  176128  sps 1607  opp symm  loss -0.016  pg +0.0117  v 0.004  ev +0.97  adv_std 0.089  tR -0.33  ent[s/d/p/e] 1.63/2.46/1.37/0.52  emits 0.41  spf 79.1  z0 0.75  garr 88.7  tG 639  e2 0.08  nF 3.2  pS 0.32  ptS 0.31  fLog 0.66  pdΔ -0.1836  pkR 4.44  clip 0.11  kl +0.001
upd   86  steps  178176  sps 1616  opp symm  loss -0.019  pg +0.0078  v 0.005  ev +0.96  adv_std 0.102  tR -0.33  ent[s/d/p/e] 1.61/2.48/1.39/0.50  emits 0.37  spf 77.2  z0 0.78  garr 85.3  tG 602  e2 0.08  nF 3.4  pS 0.31  ptS 0.30  fLog 0.66  pdΔ -0.1942  pkR 5.59  clip 0.07  kl +0.000
upd   87  steps  180224  sps 1625  opp symm  loss -0.036  pg -0.0102  v 0.007  ev +0.94  adv_std 0.124  tR -0.33  ent[s/d/p/e] 1.54/2.45/1.37/0.51  emits 0.33  spf 80.5  z0 0.78  garr 84.3  tG 562  e2 0.07  nF 3.0  pS 0.28  ptS 0.27  fLog 0.66  pdΔ -0.2154  pkR 5.04  clip 0.07  kl +0.002
upd   88  steps  182272  sps 1634  opp symm  loss -0.049  pg -0.0206  v 0.004  ev +0.98  adv_std 0.084  tR -0.33  ent[s/d/p/e] 1.60/2.49/1.47/0.54  emits 0.36  spf 78.2  z0 0.76  garr 81.1  tG 544  e2 0.08  nF 3.5  pS 0.29  ptS 0.27  fLog 0.66  pdΔ -0.2128  pkR 4.68  clip 0.10  kl +0.001
upd   89  steps  184320  sps 1643  opp symm  loss -0.043  pg -0.0158  v 0.006  ev +0.96  adv_std 0.108  tR -0.14  ent[s/d/p/e] 1.61/2.48/1.38/0.54  emits 0.38  spf 74.7  z0 0.76  garr 84.0  tG 578  e2 0.07  nF 3.5  pS 0.31  ptS 0.29  fLog 0.64  pdΔ -0.1940  pkR 5.05  clip 0.10  kl +0.007
upd   90  steps  186368  sps 1651  opp symm  loss -0.042  pg -0.0144  v 0.004  ev +0.97  adv_std 0.096  tR -0.33  ent[s/d/p/e] 1.57/2.45/1.39/0.55  emits 0.42  spf 71.8  z0 0.74  garr 83.9  tG 573  e2 0.09  nF 3.9  pS 0.31  ptS 0.30  fLog 0.64  pdΔ -0.1862  pkR 4.39  clip 0.09  kl +0.002
upd   91  steps  188416  sps 1660  opp symm  loss -0.040  pg -0.0123  v 0.004  ev +0.96  adv_std 0.094  tR +0.60  ent[s/d/p/e] 1.44/2.39/1.42/0.58  emits 0.40  spf 77.5  z0 0.74  garr 79.7  tG 575  e2 0.08  nF 3.8  pS 0.31  ptS 0.30  fLog 0.65  pdΔ -0.1884  pkR 5.68  clip 0.11  kl +0.006
upd   92  steps  190464  sps 1668  opp symm  loss -0.030  pg -0.0036  v 0.008  ev +0.94  adv_std 0.127  tR -0.50  ent[s/d/p/e] 1.47/2.41/1.42/0.59  emits 0.51  spf 74.0  z0 0.68  garr 74.5  tG 550  e2 0.11  nF 4.7  pS 0.33  ptS 0.32  fLog 0.65  pdΔ -0.1719  pkR 5.92  clip 0.13  kl +0.002
upd   93  steps  192512  sps 1677  opp symm  loss -0.029  pg -0.0068  v 0.016  ev +0.85  adv_std 0.179  tR +0.12  ent[s/d/p/e] 1.43/2.34/1.40/0.58  emits 0.57  spf 54.7  z0 0.67  garr 50.0  tG 331  e2 0.13  nF 5.3  pS 0.28  ptS 0.27  fLog 0.61  pdΔ -0.2244  pkR 4.57  clip 0.07  kl +0.002
upd   94  steps  194560  sps 1685  opp symm  loss +0.010  pg +0.0389  v 0.004  ev +0.96  adv_std 0.084  tR +0.00  ent[s/d/p/e] 1.44/2.29/1.42/0.60  emits 0.64  spf 46.6  z0 0.65  garr 45.7  tG 296  e2 0.15  nF 6.3  pS 0.28  ptS 0.28  fLog 0.58  pdΔ -0.2212  pkR 5.58  clip 0.10  kl +0.006
upd   95  steps  196608  sps 1693  opp symm  loss -0.025  pg +0.0040  v 0.003  ev +0.97  adv_std 0.083  tR +0.00  ent[s/d/p/e] 1.55/2.32/1.48/0.59  emits 0.57  spf 48.1  z0 0.67  garr 50.3  tG 357  e2 0.13  nF 6.6  pS 0.32  ptS 0.31  fLog 0.58  pdΔ -0.1831  pkR 4.02  clip 0.11  kl -0.001
upd   96  steps  198656  sps 1702  opp symm  loss +0.004  pg +0.0328  v 0.005  ev +0.96  adv_std 0.098  tR +0.33  ent[s/d/p/e] 1.68/2.37/1.37/0.59  emits 0.66  spf 52.1  z0 0.66  garr 53.0  tG 407  e2 0.15  nF 7.2  pS 0.35  ptS 0.34  fLog 0.60  pdΔ -0.1534  pkR 4.26  clip 0.13  kl +0.008
upd   97  steps  200704  sps 1710  opp symm  loss +0.003  pg +0.0319  v 0.005  ev +0.97  adv_std 0.102  tR +0.33  ent[s/d/p/e] 1.70/2.40/1.40/0.60  emits 0.67  spf 54.4  z0 0.66  garr 56.2  tG 425  e2 0.15  nF 7.3  pS 0.36  ptS 0.35  fLog 0.60  pdΔ -0.1449  pkR 3.99  clip 0.13  kl +0.004
upd   98  steps  202752  sps 1718  opp symm  loss -0.034  pg -0.0077  v 0.008  ev +0.95  adv_std 0.123  tR +0.14  ent[s/d/p/e] 1.64/2.35/1.43/0.56  emits 0.56  spf 53.0  z0 0.69  garr 57.6  tG 440  e2 0.12  nF 6.5  pS 0.35  ptS 0.34  fLog 0.60  pdΔ -0.1534  pkR 5.21  clip 0.11  kl +0.003
[eval_vs_v20] u99 tag=train_u99  bin0=0.0%  spf=64.00  garr=128.05  flip=100.00%  z0=73.1%  e8=0.0%  e2+=0.0%  WLD=0/3/0
upd   99  steps  204800  sps 1725  opp symm  loss +0.021  pg +0.0477  v 0.006  ev +0.96  adv_std 0.110  tR +0.00  ent[s/d/p/e] 1.69/2.34/1.38/0.54  emits 0.51  spf 56.1  z0 0.73  garr 60.6  tG 468  e2 0.11  nF 5.7  pS 0.34  ptS 0.33  fLog 0.61  pdΔ -0.1581  pkR 5.06  clip 0.09  kl +0.002 WRr 0.09 v20[spf 64.0 flip 100.0% e2+ 0.0%]
upd  100  steps  206848  sps 945  opp symm  loss -0.012  pg +0.0151  v 0.004  ev +0.97  adv_std 0.091  tR +0.43  ent[s/d/p/e] 1.62/2.28/1.37/0.52  emits 0.43  spf 61.8  z0 0.76  garr 69.2  tG 552  e2 0.09  nF 4.7  pS 0.32  ptS 0.32  fLog 0.62  pdΔ -0.1760  pkR 4.69  clip 0.09  kl +0.003
upd  101  steps  208896  sps 951  opp symm  loss -0.018  pg +0.0089  v 0.004  ev +0.97  adv_std 0.088  tR +0.50  ent[s/d/p/e] 1.60/2.22/1.36/0.52  emits 0.41  spf 54.4  z0 0.75  garr 69.7  tG 532  e2 0.08  nF 4.7  pS 0.31  ptS 0.31  fLog 0.60  pdΔ -0.1873  pkR 4.11  clip 0.12  kl -0.001
upd  102  steps  210944  sps 958  opp symm  loss -0.041  pg -0.0171  v 0.009  ev +0.92  adv_std 0.134  tR -0.33  ent[s/d/p/e] 1.47/2.16/1.34/0.54  emits 0.46  spf 56.8  z0 0.72  garr 73.1  tG 539  e2 0.10  nF 4.6  pS 0.31  ptS 0.31  fLog 0.61  pdΔ -0.1853  pkR 4.03  clip 0.10  kl +0.003
upd  103  steps  212992  sps 964  opp symm  loss -0.013  pg +0.0130  v 0.005  ev +0.96  adv_std 0.104  tR +0.33  ent[s/d/p/e] 1.41/2.11/1.34/0.55  emits 0.48  spf 56.9  z0 0.72  garr 72.7  tG 540  e2 0.11  nF 4.7  pS 0.32  ptS 0.31  fLog 0.61  pdΔ -0.1833  pkR 4.33  clip 0.11  kl +0.002
upd  104  steps  215040  sps 971  opp symm  loss -0.050  pg -0.0245  v 0.007  ev +0.95  adv_std 0.114  tR +0.00  ent[s/d/p/e] 1.56/2.20/1.33/0.52  emits 0.44  spf 59.9  z0 0.74  garr 80.7  tG 616  e2 0.08  nF 4.5  pS 0.33  ptS 0.33  fLog 0.61  pdΔ -0.1659  pkR 4.72  clip 0.13  kl +0.006
upd  105  steps  217088  sps 977  opp symm  loss +0.008  pg +0.0358  v 0.004  ev +0.97  adv_std 0.088  tR +0.33  ent[s/d/p/e] 1.68/2.26/1.33/0.54  emits 0.54  spf 62.7  z0 0.70  garr 79.9  tG 645  e2 0.11  nF 4.8  pS 0.34  ptS 0.33  fLog 0.62  pdΔ -0.1643  pkR 4.81  clip 0.14  kl +0.003
upd  106  steps  219136  sps 984  opp symm  loss -0.013  pg +0.0132  v 0.006  ev +0.96  adv_std 0.109  tR -1.00  ent[s/d/p/e] 1.77/2.23/1.34/0.53  emits 0.42  spf 64.5  z0 0.75  garr 84.4  tG 698  e2 0.09  nF 4.9  pS 0.35  ptS 0.35  fLog 0.62  pdΔ -0.1506  pkR 4.22  clip 0.08  kl +0.003
upd  107  steps  221184  sps 990  opp symm  loss -0.033  pg -0.0054  v 0.004  ev +0.97  adv_std 0.092  tR +0.50  ent[s/d/p/e] 1.81/2.30/1.36/0.51  emits 0.40  spf 71.9  z0 0.76  garr 91.2  tG 760  e2 0.08  nF 4.0  pS 0.36  ptS 0.35  fLog 0.64  pdΔ -0.1432  pkR 4.70  clip 0.08  kl +0.000
upd  108  steps  223232  sps 996  opp symm  loss -0.045  pg -0.0219  v 0.012  ev +0.93  adv_std 0.159  tR +0.18  ent[s/d/p/e] 1.79/2.26/1.25/0.52  emits 0.42  spf 73.4  z0 0.76  garr 93.6  tG 742  e2 0.08  nF 3.8  pS 0.34  ptS 0.33  fLog 0.64  pdΔ -0.1589  pkR 5.62  clip 0.09  kl +0.002
upd  109  steps  225280  sps 1003  opp symm  loss -0.003  pg +0.0207  v 0.006  ev +0.96  adv_std 0.105  tR -1.00  ent[s/d/p/e] 1.46/2.16/1.29/0.46  emits 0.30  spf 75.0  z0 0.80  garr 83.8  tG 589  e2 0.06  nF 2.5  pS 0.28  ptS 0.27  fLog 0.65  pdΔ -0.2249  pkR 7.28  clip 0.11  kl +0.006
upd  110  steps  227328  sps 1009  opp symm  loss +0.000  pg +0.0238  v 0.007  ev +0.96  adv_std 0.119  tR +1.00  ent[s/d/p/e] 1.49/2.04/1.29/0.51  emits 0.43  spf 65.5  z0 0.75  garr 81.7  tG 602  e2 0.10  nF 3.7  pS 0.30  ptS 0.29  fLog 0.63  pdΔ -0.1998  pkR 8.82  clip 0.07  kl +0.003
upd  111  steps  229376  sps 1015  opp symm  loss +0.003  pg +0.0292  v 0.005  ev +0.97  adv_std 0.106  tR -0.33  ent[s/d/p/e] 1.59/2.09/1.41/0.51  emits 0.46  spf 61.3  z0 0.74  garr 80.8  tG 611  e2 0.10  nF 4.5  pS 0.31  ptS 0.31  fLog 0.61  pdΔ -0.1872  pkR 8.56  clip 0.10  kl +0.004
upd  112  steps  231424  sps 1021  opp symm  loss +0.002  pg +0.0287  v 0.003  ev +0.98  adv_std 0.082  tR -1.00  ent[s/d/p/e] 1.67/2.16/1.39/0.50  emits 0.39  spf 61.9  z0 0.77  garr 90.8  tG 705  e2 0.08  nF 4.0  pS 0.33  ptS 0.32  fLog 0.61  pdΔ -0.1689  pkR 6.67  clip 0.11  kl +0.005
upd  113  steps  233472  sps 1027  opp symm  loss -0.041  pg -0.0142  v 0.005  ev +0.97  adv_std 0.099  tR +1.00  ent[s/d/p/e] 1.85/2.27/1.35/0.49  emits 0.46  spf 71.2  z0 0.75  garr 103.3  tG 828  e2 0.09  nF 4.3  pS 0.35  ptS 0.34  fLog 0.64  pdΔ -0.1530  pkR 5.55  clip 0.13  kl +0.004
upd  114  steps  235520  sps 1033  opp symm  loss +0.051  pg +0.0783  v 0.005  ev +0.97  adv_std 0.106  tR +0.00  ent[s/d/p/e] 1.92/2.32/1.31/0.52  emits 0.56  spf 66.1  z0 0.73  garr 100.2  tG 773  e2 0.12  nF 5.4  pS 0.35  ptS 0.34  fLog 0.61  pdΔ -0.1506  pkR 5.48  clip 0.13  kl +0.004
upd  115  steps  237568  sps 1039  opp symm  loss +0.031  pg +0.0577  v 0.004  ev +0.98  adv_std 0.084  tR -0.33  ent[s/d/p/e] 1.91/2.31/1.32/0.46  emits 0.39  spf 63.6  z0 0.79  garr 100.6  tG 750  e2 0.08  nF 4.8  pS 0.34  ptS 0.33  fLog 0.61  pdΔ -0.1596  pkR 4.79  clip 0.09  kl +0.000
upd  116  steps  239616  sps 1045  opp symm  loss +0.048  pg +0.0743  v 0.004  ev +0.98  adv_std 0.090  tR -0.33  ent[s/d/p/e] 1.84/2.24/1.33/0.47  emits 0.43  spf 61.4  z0 0.78  garr 104.7  tG 804  e2 0.07  nF 4.2  pS 0.33  ptS 0.32  fLog 0.60  pdΔ -0.1691  pkR 4.54  clip 0.08  kl +0.004
upd  117  steps  241664  sps 1051  opp symm  loss -0.043  pg -0.0189  v 0.009  ev +0.95  adv_std 0.139  tR +0.00  ent[s/d/p/e] 1.82/2.26/1.33/0.49  emits 0.40  spf 67.1  z0 0.79  garr 99.4  tG 781  e2 0.08  nF 4.8  pS 0.35  ptS 0.34  fLog 0.62  pdΔ -0.1539  pkR 4.72  clip 0.08  kl +0.002
upd  118  steps  243712  sps 1057  opp symm  loss -0.067  pg -0.0415  v 0.006  ev +0.97  adv_std 0.106  tR +0.20  ent[s/d/p/e] 1.83/2.25/1.30/0.49  emits 0.41  spf 76.6  z0 0.77  garr 99.5  tG 784  e2 0.08  nF 4.2  pS 0.35  ptS 0.34  fLog 0.65  pdΔ -0.1529  pkR 5.36  clip 0.05  kl +0.004
upd  119  steps  245760  sps 1063  opp symm  loss -0.046  pg -0.0198  v 0.005  ev +0.97  adv_std 0.103  tR +0.50  ent[s/d/p/e] 1.85/2.28/1.30/0.50  emits 0.44  spf 73.3  z0 0.77  garr 100.6  tG 726  e2 0.09  nF 4.1  pS 0.33  ptS 0.32  fLog 0.65  pdΔ -0.1676  pkR 4.46  clip 0.06  kl +0.003
upd  120  steps  247808  sps 1069  opp symm  loss -0.030  pg -0.0062  v 0.010  ev +0.95  adv_std 0.138  tR +0.14  ent[s/d/p/e] 1.77/2.22/1.35/0.49  emits 0.45  spf 71.4  z0 0.75  garr 97.1  tG 704  e2 0.09  nF 4.2  pS 0.33  ptS 0.32  fLog 0.64  pdΔ -0.1720  pkR 4.82  clip 0.13  kl +0.004
upd  121  steps  249856  sps 1075  opp symm  loss -0.040  pg -0.0145  v 0.006  ev +0.97  adv_std 0.104  tR +0.33  ent[s/d/p/e] 1.67/2.16/1.38/0.50  emits 0.38  spf 72.6  z0 0.78  garr 93.8  tG 715  e2 0.08  nF 3.6  pS 0.32  ptS 0.31  fLog 0.65  pdΔ -0.1793  pkR 4.97  clip 0.08  kl +0.005
upd  122  steps  251904  sps 1081  opp symm  loss +0.006  pg +0.0326  v 0.006  ev +0.97  adv_std 0.107  tR -1.00  ent[s/d/p/e] 1.73/2.22/1.38/0.52  emits 0.38  spf 83.4  z0 0.77  garr 96.5  tG 722  e2 0.08  nF 3.5  pS 0.33  ptS 0.32  fLog 0.67  pdΔ -0.1696  pkR 3.95  clip 0.07  kl +0.000
upd  123  steps  253952  sps 1086  opp symm  loss -0.021  pg +0.0040  v 0.008  ev +0.95  adv_std 0.126  tR +0.14  ent[s/d/p/e] 1.69/2.15/1.45/0.50  emits 0.40  spf 81.0  z0 0.76  garr 98.5  tG 767  e2 0.08  nF 3.6  pS 0.34  ptS 0.33  fLog 0.66  pdΔ -0.1619  pkR 4.04  clip 0.09  kl +0.004
upd  124  steps  256000  sps 1092  opp symm  loss +0.009  pg +0.0323  v 0.009  ev +0.93  adv_std 0.136  tR +0.33  ent[s/d/p/e] 1.65/2.11/1.35/0.49  emits 0.38  spf 71.6  z0 0.77  garr 84.1  tG 644  e2 0.08  nF 3.4  pS 0.30  ptS 0.30  fLog 0.64  pdΔ -0.1956  pkR 4.61  clip 0.09  kl +0.006
upd  125  steps  258048  sps 1098  opp symm  loss +0.036  pg +0.0604  v 0.007  ev +0.95  adv_std 0.113  tR +0.00  ent[s/d/p/e] 1.60/2.04/1.37/0.50  emits 0.38  spf 69.1  z0 0.78  garr 81.0  tG 589  e2 0.08  nF 3.7  pS 0.29  ptS 0.29  fLog 0.64  pdΔ -0.2051  pkR 4.82  clip 0.06  kl +0.004
upd  126  steps  260096  sps 1104  opp symm  loss -0.031  pg -0.0073  v 0.009  ev +0.94  adv_std 0.135  tR +0.00  ent[s/d/p/e] 1.56/1.97/1.37/0.55  emits 0.44  spf 69.3  z0 0.74  garr 81.1  tG 590  e2 0.09  nF 4.1  pS 0.32  ptS 0.31  fLog 0.63  pdΔ -0.1829  pkR 3.92  clip 0.09  kl +0.002
upd  127  steps  262144  sps 1109  opp symm  loss +0.005  pg +0.0292  v 0.009  ev +0.93  adv_std 0.136  tR -0.20  ent[s/d/p/e] 1.67/2.07/1.43/0.54  emits 0.47  spf 63.4  z0 0.72  garr 77.5  tG 567  e2 0.10  nF 4.5  pS 0.33  ptS 0.32  fLog 0.63  pdΔ -0.1683  pkR 3.60  clip 0.09  kl +0.003
upd  128  steps  264192  sps 1115  opp symm  loss -0.006  pg +0.0189  v 0.008  ev +0.94  adv_std 0.129  tR +0.00  ent[s/d/p/e] 1.58/2.01/1.43/0.54  emits 0.40  spf 67.3  z0 0.74  garr 82.7  tG 668  e2 0.08  nF 4.1  pS 0.36  ptS 0.35  fLog 0.64  pdΔ -0.1368  pkR 5.26  clip 0.06  kl +0.004
upd  129  steps  266240  sps 1120  opp symm  loss +0.005  pg +0.0305  v 0.008  ev +0.95  adv_std 0.128  tR +0.60  ent[s/d/p/e] 1.58/2.08/1.48/0.53  emits 0.45  spf 67.0  z0 0.73  garr 83.0  tG 642  e2 0.10  nF 4.1  pS 0.35  ptS 0.34  fLog 0.64  pdΔ -0.1485  pkR 6.71  clip 0.09  kl +0.004
upd  130  steps  268288  sps 1126  opp symm  loss +0.019  pg +0.0439  v 0.008  ev +0.95  adv_std 0.123  tR +0.00  ent[s/d/p/e] 1.60/2.09/1.37/0.53  emits 0.43  spf 65.8  z0 0.74  garr 85.5  tG 629  e2 0.09  nF 4.2  pS 0.34  ptS 0.33  fLog 0.63  pdΔ -0.1577  pkR 3.47  clip 0.07  kl +0.002
upd  131  steps  270336  sps 1131  opp symm  loss -0.033  pg -0.0075  v 0.008  ev +0.94  adv_std 0.128  tR +0.33  ent[s/d/p/e] 1.71/2.13/1.44/0.55  emits 0.45  spf 68.9  z0 0.73  garr 79.1  tG 590  e2 0.09  nF 4.5  pS 0.35  ptS 0.33  fLog 0.65  pdΔ -0.1550  pkR 3.97  clip 0.09  kl +0.004
upd  132  steps  272384  sps 1137  opp symm  loss -0.042  pg -0.0164  v 0.006  ev +0.96  adv_std 0.110  tR -0.33  ent[s/d/p/e] 1.63/1.97/1.45/0.53  emits 0.38  spf 63.5  z0 0.75  garr 81.1  tG 630  e2 0.07  nF 4.0  pS 0.36  ptS 0.35  fLog 0.64  pdΔ -0.1354  pkR 4.70  clip 0.12  kl +0.002
upd  133  steps  274432  sps 1142  opp symm  loss -0.005  pg +0.0215  v 0.007  ev +0.96  adv_std 0.117  tR +0.00  ent[s/d/p/e] 1.75/2.04/1.45/0.53  emits 0.42  spf 62.2  z0 0.74  garr 82.0  tG 626  e2 0.08  nF 4.1  pS 0.36  ptS 0.34  fLog 0.63  pdΔ -0.1413  pkR 3.64  clip 0.12  kl +0.002
upd  134  steps  276480  sps 1148  opp symm  loss -0.019  pg +0.0075  v 0.006  ev +0.96  adv_std 0.113  tR -0.33  ent[s/d/p/e] 1.76/2.09/1.41/0.52  emits 0.41  spf 66.0  z0 0.75  garr 82.0  tG 647  e2 0.09  nF 4.3  pS 0.36  ptS 0.35  fLog 0.64  pdΔ -0.1395  pkR 3.56  clip 0.11  kl +0.005
upd  135  steps  278528  sps 1153  opp symm  loss -0.005  pg +0.0204  v 0.007  ev +0.96  adv_std 0.118  tR +0.33  ent[s/d/p/e] 1.65/2.06/1.47/0.52  emits 0.42  spf 70.2  z0 0.74  garr 79.3  tG 611  e2 0.09  nF 4.2  pS 0.34  ptS 0.33  fLog 0.65  pdΔ -0.1618  pkR 3.38  clip 0.09  kl +0.003
upd  136  steps  280576  sps 1159  opp symm  loss -0.033  pg -0.0064  v 0.007  ev +0.96  adv_std 0.116  tR +0.33  ent[s/d/p/e] 1.68/2.03/1.37/0.58  emits 0.52  spf 63.0  z0 0.68  garr 77.3  tG 617  e2 0.11  nF 4.7  pS 0.35  ptS 0.35  fLog 0.62  pdΔ -0.1451  pkR 3.96  clip 0.13  kl +0.005
upd  137  steps  282624  sps 1164  opp symm  loss -0.013  pg +0.0137  v 0.006  ev +0.95  adv_std 0.116  tR +0.33  ent[s/d/p/e] 1.77/2.08/1.40/0.57  emits 0.60  spf 62.1  z0 0.67  garr 74.8  tG 621  e2 0.13  nF 5.6  pS 0.39  ptS 0.38  fLog 0.63  pdΔ -0.1095  pkR 3.23  clip 0.10  kl +0.002
upd  138  steps  284672  sps 1169  opp symm  loss -0.007  pg +0.0191  v 0.006  ev +0.95  adv_std 0.115  tR +1.00  ent[s/d/p/e] 1.80/2.02/1.40/0.56  emits 0.44  spf 70.1  z0 0.73  garr 82.4  tG 696  e2 0.10  nF 4.8  pS 0.40  ptS 0.39  fLog 0.65  pdΔ -0.0980  pkR 3.01  clip 0.07  kl +0.003
upd  139  steps  286720  sps 1175  opp symm  loss -0.034  pg -0.0070  v 0.007  ev +0.95  adv_std 0.122  tR +0.43  ent[s/d/p/e] 1.88/2.10/1.44/0.58  emits 0.52  spf 66.3  z0 0.71  garr 82.6  tG 688  e2 0.11  nF 4.6  pS 0.40  ptS 0.38  fLog 0.64  pdΔ -0.1041  pkR 4.21  clip 0.08  kl +0.002
upd  140  steps  288768  sps 1180  opp symm  loss -0.048  pg -0.0224  v 0.006  ev +0.96  adv_std 0.110  tR +0.33  ent[s/d/p/e] 1.71/1.93/1.34/0.54  emits 0.45  spf 64.5  z0 0.73  garr 74.1  tG 595  e2 0.09  nF 4.5  pS 0.36  ptS 0.35  fLog 0.63  pdΔ -0.1408  pkR 3.57  clip 0.11  kl +0.001
upd  141  steps  290816  sps 1185  opp symm  loss -0.055  pg -0.0276  v 0.005  ev +0.96  adv_std 0.104  tR +1.00  ent[s/d/p/e] 1.68/2.00/1.48/0.58  emits 0.51  spf 65.2  z0 0.71  garr 77.1  tG 613  e2 0.11  nF 4.7  pS 0.35  ptS 0.34  fLog 0.64  pdΔ -0.1514  pkR 4.97  clip 0.16  kl +0.007
upd  142  steps  292864  sps 1190  opp symm  loss -0.022  pg +0.0037  v 0.007  ev +0.96  adv_std 0.118  tR +0.00  ent[s/d/p/e] 1.67/2.04/1.43/0.52  emits 0.42  spf 69.7  z0 0.73  garr 80.3  tG 610  e2 0.09  nF 4.4  pS 0.34  ptS 0.33  fLog 0.65  pdΔ -0.1623  pkR 3.93  clip 0.10  kl +0.004
upd  143  steps  294912  sps 1195  opp symm  loss -0.011  pg +0.0158  v 0.006  ev +0.97  adv_std 0.107  tR +1.00  ent[s/d/p/e] 1.71/1.93/1.48/0.55  emits 0.52  spf 68.7  z0 0.71  garr 75.9  tG 612  e2 0.11  nF 4.7  pS 0.34  ptS 0.34  fLog 0.64  pdΔ -0.1591  pkR 4.21  clip 0.10  kl +0.004
upd  144  steps  296960  sps 1201  opp symm  loss +0.007  pg +0.0301  v 0.011  ev +0.95  adv_std 0.154  tR +0.43  ent[s/d/p/e] 1.66/1.93/1.47/0.51  emits 0.44  spf 68.3  z0 0.74  garr 74.1  tG 615  e2 0.09  nF 4.5  pS 0.33  ptS 0.33  fLog 0.64  pdΔ -0.1701  pkR 4.80  clip 0.10  kl +0.004
upd  145  steps  299008  sps 1206  opp symm  loss -0.043  pg -0.0166  v 0.006  ev +0.97  adv_std 0.105  tR -0.14  ent[s/d/p/e] 1.57/1.89/1.53/0.52  emits 0.38  spf 69.3  z0 0.76  garr 78.0  tG 620  e2 0.08  nF 3.6  pS 0.31  ptS 0.31  fLog 0.64  pdΔ -0.1914  pkR 6.47  clip 0.08  kl +0.004
upd  146  steps  301056  sps 1211  opp symm  loss -0.044  pg -0.0212  v 0.012  ev +0.93  adv_std 0.155  tR +0.71  ent[s/d/p/e] 1.54/1.85/1.53/0.52  emits 0.39  spf 69.1  z0 0.75  garr 79.9  tG 620  e2 0.08  nF 3.5  pS 0.31  ptS 0.31  fLog 0.64  pdΔ -0.1859  pkR 6.14  clip 0.07  kl +0.002
upd  147  steps  303104  sps 1216  opp symm  loss -0.038  pg -0.0123  v 0.006  ev +0.96  adv_std 0.108  tR +0.50  ent[s/d/p/e] 1.44/1.87/1.55/0.53  emits 0.44  spf 70.4  z0 0.73  garr 76.2  tG 607  e2 0.08  nF 3.7  pS 0.29  ptS 0.29  fLog 0.64  pdΔ -0.2089  pkR 9.35  clip 0.05  kl +0.002
upd  148  steps  305152  sps 1221  opp symm  loss -0.027  pg -0.0023  v 0.006  ev +0.96  adv_std 0.110  tR +0.33  ent[s/d/p/e] 1.29/1.82/1.55/0.53  emits 0.38  spf 65.6  z0 0.73  garr 69.3  tG 490  e2 0.08  nF 3.6  pS 0.27  ptS 0.27  fLog 0.63  pdΔ -0.2283  pkR 5.61  clip 0.08  kl +0.003
upd  149  steps  307200  sps 1226  opp symm  loss -0.057  pg -0.0317  v 0.006  ev +0.96  adv_std 0.108  tR -1.00  ent[s/d/p/e] 1.40/1.90/1.55/0.53  emits 0.33  spf 69.2  z0 0.77  garr 75.3  tG 516  e2 0.06  nF 3.3  pS 0.28  ptS 0.28  fLog 0.65  pdΔ -0.2160  pkR 3.98  clip 0.05  kl +0.002
upd  150  steps  309248  sps 1231  opp symm  loss -0.020  pg +0.0052  v 0.007  ev +0.96  adv_std 0.122  tR +0.67  ent[s/d/p/e] 1.25/1.79/1.64/0.54  emits 0.39  spf 62.1  z0 0.75  garr 71.2  tG 483  e2 0.08  nF 3.5  pS 0.28  ptS 0.28  fLog 0.62  pdΔ -0.2177  pkR 4.90  clip 0.07  kl +0.003
upd  151  steps  311296  sps 1236  opp symm  loss -0.029  pg -0.0046  v 0.009  ev +0.95  adv_std 0.137  tR -0.60  ent[s/d/p/e] 1.29/1.80/1.71/0.52  emits 0.40  spf 58.9  z0 0.75  garr 69.6  tG 444  e2 0.08  nF 4.0  pS 0.27  ptS 0.27  fLog 0.62  pdΔ -0.2273  pkR 4.35  clip 0.07  kl +0.003
upd  152  steps  313344  sps 1241  opp symm  loss -0.024  pg +0.0028  v 0.004  ev +0.98  adv_std 0.093  tR -1.00  ent[s/d/p/e] 1.36/1.90/1.63/0.52  emits 0.40  spf 65.0  z0 0.76  garr 74.9  tG 505  e2 0.08  nF 4.0  pS 0.30  ptS 0.29  fLog 0.64  pdΔ -0.2008  pkR 3.70  clip 0.06  kl -0.001
upd  153  steps  315392  sps 1246  opp symm  loss +0.005  pg +0.0326  v 0.004  ev +0.98  adv_std 0.090  tR -1.00  ent[s/d/p/e] 1.58/2.06/1.59/0.51  emits 0.45  spf 69.7  z0 0.76  garr 79.7  tG 569  e2 0.09  nF 4.3  pS 0.33  ptS 0.32  fLog 0.65  pdΔ -0.1746  pkR 3.29  clip 0.09  kl +0.003
upd  154  steps  317440  sps 1251  opp symm  loss -0.032  pg -0.0047  v 0.005  ev +0.98  adv_std 0.098  tR -0.25  ent[s/d/p/e] 1.58/2.11/1.65/0.52  emits 0.40  spf 68.6  z0 0.77  garr 83.6  tG 607  e2 0.08  nF 4.2  pS 0.34  ptS 0.33  fLog 0.65  pdΔ -0.1623  pkR 3.86  clip 0.12  kl +0.005
upd  155  steps  319488  sps 1256  opp symm  loss -0.048  pg -0.0234  v 0.008  ev +0.96  adv_std 0.127  tR -0.11  ent[s/d/p/e] 1.55/2.06/1.56/0.45  emits 0.34  spf 70.3  z0 0.79  garr 90.8  tG 658  e2 0.07  nF 3.1  pS 0.32  ptS 0.31  fLog 0.65  pdΔ -0.1832  pkR 4.30  clip 0.10  kl +0.004
upd  156  steps  321536  sps 1260  opp symm  loss -0.011  pg +0.0145  v 0.006  ev +0.96  adv_std 0.115  tR +0.33  ent[s/d/p/e] 1.43/2.00/1.60/0.51  emits 0.35  spf 76.2  z0 0.77  garr 91.9  tG 625  e2 0.06  nF 3.1  pS 0.30  ptS 0.28  fLog 0.66  pdΔ -0.2043  pkR 4.23  clip 0.08  kl +0.002
upd  157  steps  323584  sps 1265  opp symm  loss -0.023  pg +0.0026  v 0.005  ev +0.98  adv_std 0.097  tR -0.33  ent[s/d/p/e] 1.36/2.03/1.56/0.49  emits 0.29  spf 78.7  z0 0.79  garr 99.3  tG 673  e2 0.05  nF 2.8  pS 0.30  ptS 0.29  fLog 0.66  pdΔ -0.1964  pkR 4.92  clip 0.08  kl +0.001
upd  158  steps  325632  sps 1270  opp symm  loss -0.006  pg +0.0196  v 0.009  ev +0.95  adv_std 0.132  tR +0.33  ent[s/d/p/e] 1.57/2.05/1.56/0.53  emits 0.43  spf 70.4  z0 0.76  garr 92.9  tG 633  e2 0.09  nF 3.8  pS 0.32  ptS 0.30  fLog 0.64  pdΔ -0.1793  pkR 5.45  clip 0.09  kl +0.006
upd  159  steps  327680  sps 1275  opp symm  loss -0.018  pg +0.0073  v 0.007  ev +0.97  adv_std 0.115  tR +0.60  ent[s/d/p/e] 1.65/2.18/1.52/0.48  emits 0.34  spf 70.2  z0 0.79  garr 97.5  tG 648  e2 0.07  nF 3.7  pS 0.32  ptS 0.30  fLog 0.64  pdΔ -0.1832  pkR 3.83  clip 0.04  kl +0.003
upd  160  steps  329728  sps 1279  opp symm  loss -0.046  pg -0.0222  v 0.008  ev +0.95  adv_std 0.130  tR -0.14  ent[s/d/p/e] 1.37/2.08/1.50/0.47  emits 0.26  spf 78.9  z0 0.81  garr 105.5  tG 679  e2 0.04  nF 2.5  pS 0.29  ptS 0.28  fLog 0.67  pdΔ -0.2096  pkR 4.28  clip 0.06  kl +0.001
upd  161  steps  331776  sps 1284  opp symm  loss -0.002  pg +0.0231  v 0.006  ev +0.96  adv_std 0.107  tR +0.00  ent[s/d/p/e] 1.47/2.06/1.51/0.47  emits 0.29  spf 81.1  z0 0.81  garr 110.0  tG 718  e2 0.05  nF 2.8  pS 0.29  ptS 0.28  fLog 0.66  pdΔ -0.2075  pkR 4.36  clip 0.05  kl +0.002
upd  162  steps  333824  sps 1289  opp symm  loss -0.009  pg +0.0144  v 0.010  ev +0.94  adv_std 0.141  tR -0.67  ent[s/d/p/e] 1.40/2.03/1.55/0.50  emits 0.31  spf 78.3  z0 0.79  garr 104.3  tG 706  e2 0.06  nF 3.1  pS 0.30  ptS 0.29  fLog 0.65  pdΔ -0.2033  pkR 3.92  clip 0.10  kl +0.002
upd  163  steps  335872  sps 1294  opp symm  loss -0.002  pg +0.0197  v 0.009  ev +0.95  adv_std 0.134  tR -0.33  ent[s/d/p/e] 1.28/1.92/1.52/0.45  emits 0.29  spf 76.4  z0 0.79  garr 97.3  tG 687  e2 0.05  nF 2.7  pS 0.29  ptS 0.28  fLog 0.66  pdΔ -0.2068  pkR 3.76  clip 0.11  kl +0.007
upd  164  steps  337920  sps 1298  opp symm  loss +0.002  pg +0.0262  v 0.008  ev +0.95  adv_std 0.129  tR +0.33  ent[s/d/p/e] 1.26/1.98/1.55/0.51  emits 0.31  spf 75.1  z0 0.78  garr 99.2  tG 697  e2 0.06  nF 3.2  pS 0.30  ptS 0.29  fLog 0.65  pdΔ -0.1987  pkR 4.92  clip 0.06  kl +0.003
upd  165  steps  339968  sps 1303  opp symm  loss +0.000  pg +0.0233  v 0.009  ev +0.95  adv_std 0.132  tR +0.20  ent[s/d/p/e] 1.36/2.02/1.47/0.49  emits 0.33  spf 71.3  z0 0.78  garr 102.8  tG 697  e2 0.06  nF 3.2  pS 0.31  ptS 0.30  fLog 0.64  pdΔ -0.1926  pkR 5.17  clip 0.04  kl -0.001
upd  166  steps  342016  sps 1307  opp symm  loss -0.022  pg -0.0024  v 0.017  ev +0.90  adv_std 0.184  tR +0.00  ent[s/d/p/e] 1.45/2.00/1.58/0.49  emits 0.36  spf 67.1  z0 0.77  garr 98.8  tG 668  e2 0.07  nF 3.9  pS 0.31  ptS 0.30  fLog 0.63  pdΔ -0.1859  pkR 4.97  clip 0.07  kl +0.004
upd  167  steps  344064  sps 1312  opp symm  loss +0.020  pg +0.0433  v 0.011  ev +0.92  adv_std 0.150  tR -0.33  ent[s/d/p/e] 1.47/1.97/1.55/0.51  emits 0.38  spf 63.1  z0 0.77  garr 89.1  tG 602  e2 0.07  nF 4.2  pS 0.30  ptS 0.30  fLog 0.62  pdΔ -0.1956  pkR 4.13  clip 0.07  kl +0.002
upd  168  steps  346112  sps 1317  opp symm  loss -0.030  pg -0.0074  v 0.011  ev +0.92  adv_std 0.150  tR +0.00  ent[s/d/p/e] 1.49/2.02/1.53/0.51  emits 0.42  spf 59.6  z0 0.76  garr 93.6  tG 630  e2 0.08  nF 4.7  pS 0.31  ptS 0.30  fLog 0.61  pdΔ -0.1855  pkR 3.46  clip 0.08  kl +0.002
upd  169  steps  348160  sps 1321  opp symm  loss +0.013  pg +0.0376  v 0.007  ev +0.95  adv_std 0.123  tR -1.00  ent[s/d/p/e] 1.55/2.01/1.47/0.51  emits 0.40  spf 64.6  z0 0.76  garr 100.8  tG 695  e2 0.08  nF 4.6  pS 0.33  ptS 0.31  fLog 0.62  pdΔ -0.1748  pkR 3.77  clip 0.05  kl +0.004
upd  170  steps  350208  sps 1326  opp symm  loss -0.046  pg -0.0232  v 0.010  ev +0.93  adv_std 0.141  tR +0.20  ent[s/d/p/e] 1.38/1.98/1.48/0.48  emits 0.36  spf 73.4  z0 0.77  garr 99.6  tG 712  e2 0.07  nF 3.9  pS 0.33  ptS 0.31  fLog 0.65  pdΔ -0.1739  pkR 4.48  clip 0.10  kl +0.004
upd  171  steps  352256  sps 1330  opp symm  loss -0.043  pg -0.0204  v 0.008  ev +0.94  adv_std 0.131  tR -0.11  ent[s/d/p/e] 1.26/1.87/1.45/0.51  emits 0.34  spf 59.4  z0 0.78  garr 91.3  tG 580  e2 0.07  nF 3.2  pS 0.28  ptS 0.27  fLog 0.62  pdΔ -0.2160  pkR 5.85  clip 0.07  kl +0.004
upd  172  steps  354304  sps 1335  opp symm  loss +0.004  pg +0.0290  v 0.005  ev +0.96  adv_std 0.102  tR +1.00  ent[s/d/p/e] 1.25/1.88/1.55/0.50  emits 0.36  spf 60.7  z0 0.76  garr 90.1  tG 570  e2 0.07  nF 3.6  pS 0.29  ptS 0.28  fLog 0.63  pdΔ -0.2104  pkR 4.86  clip 0.10  kl +0.006
upd  173  steps  356352  sps 1339  opp symm  loss +0.011  pg +0.0356  v 0.007  ev +0.95  adv_std 0.119  tR -0.33  ent[s/d/p/e] 1.28/1.94/1.50/0.54  emits 0.45  spf 64.2  z0 0.73  garr 88.6  tG 589  e2 0.09  nF 4.1  pS 0.31  ptS 0.29  fLog 0.64  pdΔ -0.1918  pkR 4.52  clip 0.08  kl +0.001
upd  174  steps  358400  sps 1343  opp symm  loss -0.033  pg -0.0069  v 0.005  ev +0.96  adv_std 0.096  tR -0.50  ent[s/d/p/e] 1.35/1.86/1.52/0.55  emits 0.45  spf 61.9  z0 0.72  garr 92.5  tG 637  e2 0.10  nF 4.3  pS 0.33  ptS 0.31  fLog 0.63  pdΔ -0.1709  pkR 4.69  clip 0.11  kl +0.003
upd  175  steps  360448  sps 1348  opp symm  loss -0.021  pg +0.0038  v 0.008  ev +0.93  adv_std 0.128  tR +0.67  ent[s/d/p/e] 1.38/1.90/1.47/0.55  emits 0.46  spf 71.4  z0 0.72  garr 90.7  tG 639  e2 0.10  nF 4.2  pS 0.34  ptS 0.32  fLog 0.65  pdΔ -0.1649  pkR 4.37  clip 0.11  kl +0.001
upd  176  steps  362496  sps 1352  opp symm  loss -0.041  pg -0.0153  v 0.005  ev +0.96  adv_std 0.099  tR -0.33  ent[s/d/p/e] 1.42/1.90/1.49/0.54  emits 0.48  spf 68.2  z0 0.72  garr 85.0  tG 597  e2 0.10  nF 4.2  pS 0.32  ptS 0.31  fLog 0.65  pdΔ -0.1757  pkR 4.86  clip 0.12  kl +0.007
upd  177  steps  364544  sps 1357  opp symm  loss -0.044  pg -0.0179  v 0.006  ev +0.96  adv_std 0.106  tR -0.33  ent[s/d/p/e] 1.42/1.87/1.46/0.58  emits 0.52  spf 64.8  z0 0.69  garr 80.4  tG 589  e2 0.11  nF 4.9  pS 0.34  ptS 0.33  fLog 0.64  pdΔ -0.1567  pkR 4.69  clip 0.10  kl +0.002
upd  178  steps  366592  sps 1361  opp symm  loss -0.049  pg -0.0236  v 0.005  ev +0.97  adv_std 0.105  tR +1.00  ent[s/d/p/e] 1.46/1.87/1.43/0.55  emits 0.39  spf 66.1  z0 0.75  garr 82.2  tG 611  e2 0.08  nF 4.1  pS 0.34  ptS 0.32  fLog 0.65  pdΔ -0.1621  pkR 5.27  clip 0.07  kl +0.003
upd  179  steps  368640  sps 1365  opp symm  loss -0.083  pg -0.0575  v 0.005  ev +0.98  adv_std 0.099  tR -0.33  ent[s/d/p/e] 1.47/1.83/1.43/0.57  emits 0.50  spf 62.1  z0 0.70  garr 82.7  tG 589  e2 0.10  nF 4.6  pS 0.32  ptS 0.31  fLog 0.63  pdΔ -0.1752  pkR 3.19  clip 0.10  kl +0.002
upd  180  steps  370688  sps 1370  opp symm  loss -0.012  pg +0.0135  v 0.007  ev +0.96  adv_std 0.121  tR -1.00  ent[s/d/p/e] 1.56/1.89/1.45/0.56  emits 0.58  spf 62.9  z0 0.69  garr 78.3  tG 579  e2 0.12  nF 5.1  pS 0.34  ptS 0.33  fLog 0.63  pdΔ -0.1586  pkR 3.05  clip 0.14  kl +0.005
upd  181  steps  372736  sps 1374  opp symm  loss +0.031  pg +0.0565  v 0.008  ev +0.96  adv_std 0.126  tR -1.00  ent[s/d/p/e] 1.57/1.82/1.46/0.58  emits 0.59  spf 55.4  z0 0.66  garr 68.9  tG 541  e2 0.12  nF 5.5  pS 0.35  ptS 0.34  fLog 0.61  pdΔ -0.1540  pkR 3.34  clip 0.12  kl +0.004
upd  182  steps  374784  sps 1378  opp symm  loss +0.016  pg +0.0408  v 0.007  ev +0.97  adv_std 0.117  tR -0.33  ent[s/d/p/e] 1.56/1.87/1.43/0.54  emits 0.51  spf 56.6  z0 0.70  garr 72.0  tG 560  e2 0.11  nF 5.2  pS 0.35  ptS 0.33  fLog 0.61  pdΔ -0.1520  pkR 4.34  clip 0.12  kl +0.004
upd  183  steps  376832  sps 1382  opp symm  loss +0.016  pg +0.0404  v 0.009  ev +0.95  adv_std 0.133  tR +0.14  ent[s/d/p/e] 1.50/1.92/1.44/0.56  emits 0.51  spf 56.6  z0 0.70  garr 73.3  tG 547  e2 0.11  nF 4.8  pS 0.33  ptS 0.31  fLog 0.62  pdΔ -0.1674  pkR 4.01  clip 0.12  kl +0.003
upd  184  steps  378880  sps 1387  opp symm  loss +0.006  pg +0.0325  v 0.006  ev +0.96  adv_std 0.108  tR -0.50  ent[s/d/p/e] 1.69/2.02/1.44/0.54  emits 0.56  spf 60.3  z0 0.71  garr 79.7  tG 608  e2 0.12  nF 4.7  pS 0.36  ptS 0.33  fLog 0.63  pdΔ -0.1431  pkR 3.40  clip 0.12  kl +0.005
upd  185  steps  380928  sps 1391  opp symm  loss +0.012  pg +0.0374  v 0.008  ev +0.95  adv_std 0.131  tR +0.33  ent[s/d/p/e] 1.69/2.05/1.43/0.57  emits 0.59  spf 61.3  z0 0.69  garr 84.4  tG 642  e2 0.12  nF 5.3  pS 0.36  ptS 0.34  fLog 0.62  pdΔ -0.1434  pkR 3.39  clip 0.11  kl +0.003
upd  186  steps  382976  sps 1395  opp symm  loss -0.011  pg +0.0125  v 0.012  ev +0.92  adv_std 0.155  tR -0.25  ent[s/d/p/e] 1.65/1.98/1.43/0.55  emits 0.58  spf 63.6  z0 0.69  garr 77.9  tG 592  e2 0.12  nF 5.0  pS 0.35  ptS 0.33  fLog 0.63  pdΔ -0.1535  pkR 4.32  clip 0.08  kl +0.004
upd  187  steps  385024  sps 1399  opp symm  loss -0.045  pg -0.0218  v 0.011  ev +0.93  adv_std 0.147  tR -1.00  ent[s/d/p/e] 1.56/1.89/1.49/0.55  emits 0.52  spf 57.4  z0 0.70  garr 71.1  tG 532  e2 0.11  nF 4.7  pS 0.33  ptS 0.31  fLog 0.62  pdΔ -0.1699  pkR 5.22  clip 0.07  kl +0.003
upd  188  steps  387072  sps 1403  opp symm  loss -0.013  pg +0.0115  v 0.009  ev +0.95  adv_std 0.134  tR -0.33  ent[s/d/p/e] 1.53/1.92/1.47/0.56  emits 0.62  spf 59.1  z0 0.67  garr 68.9  tG 518  e2 0.14  nF 5.2  pS 0.34  ptS 0.31  fLog 0.62  pdΔ -0.1648  pkR 4.44  clip 0.09  kl +0.005
upd  189  steps  389120  sps 1407  opp symm  loss -0.032  pg -0.0071  v 0.009  ev +0.94  adv_std 0.136  tR +0.50  ent[s/d/p/e] 1.56/1.92/1.55/0.57  emits 0.61  spf 56.3  z0 0.67  garr 65.7  tG 477  e2 0.14  nF 5.3  pS 0.33  ptS 0.32  fLog 0.62  pdΔ -0.1654  pkR 3.45  clip 0.09  kl +0.005
upd  190  steps  391168  sps 1411  opp symm  loss -0.036  pg -0.0100  v 0.006  ev +0.96  adv_std 0.112  tR +0.00  ent[s/d/p/e] 1.53/1.96/1.45/0.59  emits 0.59  spf 55.8  z0 0.67  garr 63.0  tG 452  e2 0.13  nF 5.6  pS 0.33  ptS 0.32  fLog 0.62  pdΔ -0.1698  pkR 3.43  clip 0.15  kl +0.006
upd  191  steps  393216  sps 1416  opp symm  loss -0.055  pg -0.0305  v 0.009  ev +0.94  adv_std 0.137  tR -1.00  ent[s/d/p/e] 1.44/1.86/1.48/0.56  emits 0.50  spf 55.4  z0 0.70  garr 65.7  tG 470  e2 0.10  nF 4.7  pS 0.32  ptS 0.31  fLog 0.62  pdΔ -0.1794  pkR 3.26  clip 0.10  kl +0.003
upd  192  steps  395264  sps 1420  opp symm  loss -0.011  pg +0.0143  v 0.007  ev +0.95  adv_std 0.118  tR +0.00  ent[s/d/p/e] 1.49/1.85/1.48/0.56  emits 0.51  spf 64.5  z0 0.70  garr 71.8  tG 537  e2 0.11  nF 4.6  pS 0.34  ptS 0.33  fLog 0.64  pdΔ -0.1624  pkR 2.94  clip 0.07  kl +0.000
upd  193  steps  397312  sps 1424  opp symm  loss -0.036  pg -0.0111  v 0.009  ev +0.94  adv_std 0.133  tR -0.60  ent[s/d/p/e] 1.60/1.80/1.47/0.59  emits 0.59  spf 58.1  z0 0.67  garr 74.9  tG 567  e2 0.13  nF 5.2  pS 0.35  ptS 0.34  fLog 0.62  pdΔ -0.1474  pkR 2.87  clip 0.12  kl +0.003
upd  194  steps  399360  sps 1428  opp symm  loss -0.036  pg -0.0122  v 0.011  ev +0.93  adv_std 0.153  tR +0.00  ent[s/d/p/e] 1.56/1.93/1.45/0.58  emits 0.54  spf 59.8  z0 0.69  garr 79.7  tG 612  e2 0.11  nF 5.3  pS 0.36  ptS 0.34  fLog 0.62  pdΔ -0.1433  pkR 4.56  clip 0.15  kl +0.008
upd  195  steps  401408  sps 1432  opp symm  loss -0.027  pg -0.0027  v 0.010  ev +0.94  adv_std 0.140  tR +0.60  ent[s/d/p/e] 1.49/1.88/1.47/0.60  emits 0.47  spf 63.1  z0 0.71  garr 85.7  tG 648  e2 0.10  nF 4.4  pS 0.35  ptS 0.33  fLog 0.63  pdΔ -0.1522  pkR 4.17  clip 0.13  kl +0.006
upd  196  steps  403456  sps 1436  opp symm  loss -0.036  pg -0.0117  v 0.008  ev +0.96  adv_std 0.128  tR +0.00  ent[s/d/p/e] 1.46/1.86/1.44/0.55  emits 0.48  spf 68.6  z0 0.71  garr 86.4  tG 643  e2 0.10  nF 4.1  pS 0.34  ptS 0.32  fLog 0.64  pdΔ -0.1631  pkR 4.07  clip 0.15  kl +0.005
upd  197  steps  405504  sps 1440  opp symm  loss -0.019  pg +0.0060  v 0.008  ev +0.96  adv_std 0.123  tR +0.00  ent[s/d/p/e] 1.49/1.89/1.45/0.55  emits 0.43  spf 69.6  z0 0.73  garr 90.3  tG 656  e2 0.08  nF 3.9  pS 0.33  ptS 0.31  fLog 0.64  pdΔ -0.1731  pkR 4.84  clip 0.10  kl +0.002
upd  198  steps  407552  sps 1444  opp symm  loss -0.008  pg +0.0161  v 0.007  ev +0.96  adv_std 0.119  tR -1.00  ent[s/d/p/e] 1.46/1.87/1.44/0.50  emits 0.39  spf 77.3  z0 0.76  garr 91.3  tG 650  e2 0.08  nF 3.3  pS 0.30  ptS 0.28  fLog 0.65  pdΔ -0.2014  pkR 5.71  clip 0.07  kl -0.001
[eval_vs_v20] u199 tag=train_u199  bin0=0.0%  spf=0.00  garr=128.50  flip=0.00%  z0=71.9%  e8=0.0%  e2+=0.0%  WLD=0/3/0
upd  199  steps  409600  sps 1448  opp symm  loss -0.008  pg +0.0157  v 0.008  ev +0.96  adv_std 0.127  tR -1.00  ent[s/d/p/e] 1.49/1.90/1.46/0.52  emits 0.40  spf 65.0  z0 0.75  garr 99.2  tG 673  e2 0.07  nF 3.6  pS 0.30  ptS 0.29  fLog 0.63  pdΔ -0.1982  pkR 4.77  clip 0.10  kl +0.000 WRr 0.03 v20[spf 0.0 flip 0.0% e2+ 0.0%]
[ckpt] saved /home/charlie/project/OrbitWarRL/ckpt_search/v14e_binary_v1_a_p0i1_ORBITWARS_SHAPING_CAPTURE_0.04_5ecaa9332e/ckpt_000199.pkl opp=symm
upd  200  steps  411648  sps 1098  opp symm  loss -0.050  pg -0.0271  v 0.009  ev +0.95  adv_std 0.139  tR -0.20  ent[s/d/p/e] 1.37/1.82/1.49/0.52  emits 0.43  spf 67.1  z0 0.74  garr 100.6  tG 696  e2 0.09  nF 3.9  pS 0.29  ptS 0.28  fLog 0.62  pdΔ -0.2051  pkR 5.92  clip 0.08  kl +0.001
upd  201  steps  413696  sps 1102  opp symm  loss -0.010  pg +0.0137  v 0.008  ev +0.96  adv_std 0.125  tR +0.00  ent[s/d/p/e] 1.42/1.81/1.53/0.53  emits 0.43  spf 57.4  z0 0.76  garr 94.3  tG 616  e2 0.08  nF 4.2  pS 0.29  ptS 0.27  fLog 0.61  pdΔ -0.2081  pkR 5.84  clip 0.10  kl +0.001
upd  202  steps  415744  sps 1105  opp symm  loss +0.013  pg +0.0371  v 0.006  ev +0.97  adv_std 0.109  tR +0.00  ent[s/d/p/e] 1.46/1.86/1.48/0.48  emits 0.33  spf 59.7  z0 0.80  garr 103.3  tG 691  e2 0.06  nF 3.4  pS 0.29  ptS 0.27  fLog 0.61  pdΔ -0.2120  pkR 5.69  clip 0.08  kl +0.003
upd  203  steps  417792  sps 1109  opp symm  loss -0.006  pg +0.0163  v 0.011  ev +0.94  adv_std 0.153  tR -0.43  ent[s/d/p/e] 1.55/1.85/1.48/0.52  emits 0.41  spf 65.4  z0 0.77  garr 112.0  tG 771  e2 0.09  nF 3.9  pS 0.31  ptS 0.29  fLog 0.62  pdΔ -0.1940  pkR 5.91  clip 0.08  kl +0.001
upd  204  steps  419840  sps 1112  opp symm  loss -0.034  pg -0.0112  v 0.009  ev +0.94  adv_std 0.132  tR +0.60  ent[s/d/p/e] 1.48/1.90/1.47/0.50  emits 0.33  spf 77.5  z0 0.79  garr 123.9  tG 843  e2 0.07  nF 3.4  pS 0.30  ptS 0.28  fLog 0.65  pdΔ -0.2043  pkR 5.89  clip 0.07  kl +0.001
upd  205  steps  421888  sps 1116  opp symm  loss -0.011  pg +0.0141  v 0.006  ev +0.96  adv_std 0.110  tR +0.00  ent[s/d/p/e] 1.48/1.90/1.50/0.49  emits 0.35  spf 73.2  z0 0.77  garr 128.4  tG 905  e2 0.07  nF 3.4  pS 0.30  ptS 0.29  fLog 0.64  pdΔ -0.2005  pkR 5.82  clip 0.05  kl +0.002
upd  206  steps  423936  sps 1119  opp symm  loss -0.007  pg +0.0168  v 0.009  ev +0.95  adv_std 0.137  tR +0.20  ent[s/d/p/e] 1.64/1.95/1.53/0.49  emits 0.47  spf 76.7  z0 0.74  garr 117.8  tG 835  e2 0.09  nF 4.2  pS 0.31  ptS 0.30  fLog 0.65  pdΔ -0.1909  pkR 6.70  clip 0.09  kl +0.002
upd  207  steps  425984  sps 1123  opp symm  loss +0.023  pg +0.0468  v 0.009  ev +0.95  adv_std 0.137  tR +1.00  ent[s/d/p/e] 1.65/1.93/1.49/0.49  emits 0.43  spf 76.9  z0 0.76  garr 99.7  tG 676  e2 0.08  nF 4.5  pS 0.30  ptS 0.29  fLog 0.65  pdΔ -0.1958  pkR 6.17  clip 0.08  kl +0.002
upd  208  steps  428032  sps 1126  opp symm  loss +0.059  pg +0.0844  v 0.006  ev +0.97  adv_std 0.108  tR +1.00  ent[s/d/p/e] 1.80/2.01/1.39/0.46  emits 0.39  spf 71.8  z0 0.78  garr 107.2  tG 739  e2 0.07  nF 4.4  pS 0.32  ptS 0.32  fLog 0.64  pdΔ -0.1759  pkR 6.10  clip 0.08  kl +0.002
upd  209  steps  430080  sps 1130  opp symm  loss +0.013  pg +0.0374  v 0.007  ev +0.97  adv_std 0.117  tR +0.60  ent[s/d/p/e] 1.78/2.01/1.44/0.45  emits 0.38  spf 80.4  z0 0.79  garr 110.6  tG 768  e2 0.07  nF 3.9  pS 0.32  ptS 0.32  fLog 0.66  pdΔ -0.1798  pkR 4.29  clip 0.08  kl +0.001
upd  210  steps  432128  sps 1133  opp symm  loss +0.012  pg +0.0351  v 0.007  ev +0.97  adv_std 0.115  tR -0.60  ent[s/d/p/e] 1.61/1.96/1.32/0.45  emits 0.31  spf 75.0  z0 0.81  garr 113.4  tG 766  e2 0.05  nF 2.9  pS 0.30  ptS 0.29  fLog 0.65  pdΔ -0.2020  pkR 3.64  clip 0.06  kl +0.002
upd  211  steps  434176  sps 1137  opp symm  loss +0.014  pg +0.0367  v 0.009  ev +0.96  adv_std 0.133  tR -0.50  ent[s/d/p/e] 1.58/1.98/1.37/0.45  emits 0.31  spf 69.6  z0 0.81  garr 123.6  tG 843  e2 0.06  nF 3.1  pS 0.30  ptS 0.29  fLog 0.64  pdΔ -0.2004  pkR 4.02  clip 0.06  kl +0.002
upd  212  steps  436224  sps 1140  opp symm  loss -0.073  pg -0.0492  v 0.006  ev +0.97  adv_std 0.106  tR -0.67  ent[s/d/p/e] 1.48/1.86/1.40/0.44  emits 0.32  spf 70.9  z0 0.79  garr 129.8  tG 941  e2 0.06  nF 3.1  pS 0.31  ptS 0.30  fLog 0.64  pdΔ -0.1879  pkR 3.93  clip 0.07  kl +0.002
upd  213  steps  438272  sps 1144  opp symm  loss -0.014  pg +0.0097  v 0.008  ev +0.97  adv_std 0.127  tR +0.00  ent[s/d/p/e] 1.45/1.85/1.47/0.48  emits 0.36  spf 69.1  z0 0.78  garr 129.2  tG 922  e2 0.07  nF 3.0  pS 0.30  ptS 0.29  fLog 0.63  pdΔ -0.1997  pkR 4.30  clip 0.11  kl +0.004
upd  214  steps  440320  sps 1147  opp symm  loss +0.024  pg +0.0459  v 0.011  ev +0.95  adv_std 0.144  tR -0.71  ent[s/d/p/e] 1.50/1.79/1.50/0.45  emits 0.36  spf 58.7  z0 0.79  garr 127.5  tG 939  e2 0.07  nF 3.4  pS 0.32  ptS 0.30  fLog 0.61  pdΔ -0.1847  pkR 4.37  clip 0.10  kl +0.006
upd  215  steps  442368  sps 1151  opp symm  loss +0.008  pg +0.0299  v 0.011  ev +0.94  adv_std 0.151  tR +0.00  ent[s/d/p/e] 1.39/1.83/1.52/0.49  emits 0.37  spf 70.7  z0 0.76  garr 130.5  tG 961  e2 0.07  nF 3.7  pS 0.32  ptS 0.31  fLog 0.63  pdΔ -0.1812  pkR 4.55  clip 0.10  kl +0.003
upd  216  steps  444416  sps 1154  opp symm  loss -0.019  pg +0.0063  v 0.005  ev +0.97  adv_std 0.107  tR -0.33  ent[s/d/p/e] 1.60/1.96/1.53/0.46  emits 0.37  spf 68.4  z0 0.79  garr 130.1  tG 983  e2 0.07  nF 3.7  pS 0.32  ptS 0.31  fLog 0.63  pdΔ -0.1785  pkR 4.96  clip 0.06  kl +0.001
upd  217  steps  446464  sps 1157  opp symm  loss -0.051  pg -0.0281  v 0.008  ev +0.96  adv_std 0.124  tR +0.67  ent[s/d/p/e] 1.43/1.73/1.46/0.49  emits 0.34  spf 84.8  z0 0.78  garr 137.4  tG 1036  e2 0.07  nF 3.5  pS 0.31  ptS 0.31  fLog 0.65  pdΔ -0.1858  pkR 5.31  clip 0.09  kl +0.003
upd  218  steps  448512  sps 1161  opp symm  loss -0.023  pg -0.0037  v 0.014  ev +0.92  adv_std 0.170  tR -0.50  ent[s/d/p/e] 1.53/1.75/1.47/0.48  emits 0.33  spf 82.4  z0 0.79  garr 124.9  tG 947  e2 0.07  nF 3.0  pS 0.31  ptS 0.30  fLog 0.66  pdΔ -0.1949  pkR 5.19  clip 0.07  kl +0.001
upd  219  steps  450560  sps 1164  opp symm  loss +0.016  pg +0.0372  v 0.011  ev +0.93  adv_std 0.151  tR +0.00  ent[s/d/p/e] 1.49/1.79/1.38/0.47  emits 0.32  spf 74.3  z0 0.80  garr 117.4  tG 854  e2 0.06  nF 3.2  pS 0.30  ptS 0.29  fLog 0.63  pdΔ -0.2006  pkR 4.61  clip 0.06  kl +0.001
upd  220  steps  452608  sps 1167  opp symm  loss -0.031  pg -0.0103  v 0.011  ev +0.93  adv_std 0.153  tR -0.50  ent[s/d/p/e] 1.52/1.79/1.41/0.47  emits 0.28  spf 72.2  z0 0.81  garr 118.1  tG 898  e2 0.05  nF 2.8  pS 0.30  ptS 0.29  fLog 0.63  pdΔ -0.1992  pkR 4.41  clip 0.07  kl +0.003
upd  221  steps  454656  sps 1171  opp symm  loss -0.014  pg +0.0090  v 0.007  ev +0.95  adv_std 0.115  tR +0.33  ent[s/d/p/e] 1.53/1.79/1.32/0.48  emits 0.32  spf 71.7  z0 0.79  garr 125.3  tG 972  e2 0.06  nF 3.1  pS 0.31  ptS 0.30  fLog 0.63  pdΔ -0.1918  pkR 5.00  clip 0.06  kl +0.002
upd  222  steps  456704  sps 1174  opp symm  loss -0.044  pg -0.0225  v 0.008  ev +0.94  adv_std 0.130  tR +0.00  ent[s/d/p/e] 1.34/1.61/1.40/0.48  emits 0.24  spf 97.4  z0 0.82  garr 138.6  tG 1060  e2 0.04  nF 2.5  pS 0.31  ptS 0.30  fLog 0.68  pdΔ -0.1945  pkR 4.81  clip 0.06  kl +0.002
upd  223  steps  458752  sps 1177  opp symm  loss -0.003  pg +0.0179  v 0.008  ev +0.94  adv_std 0.130  tR +1.00  ent[s/d/p/e] 1.39/1.63/1.32/0.45  emits 0.26  spf 100.9  z0 0.81  garr 144.3  tG 1095  e2 0.04  nF 2.1  pS 0.31  ptS 0.30  fLog 0.68  pdΔ -0.1908  pkR 4.60  clip 0.07  kl +0.002
upd  224  steps  460800  sps 1181  opp symm  loss -0.032  pg -0.0096  v 0.007  ev +0.96  adv_std 0.122  tR +0.50  ent[s/d/p/e] 1.52/1.64/1.40/0.47  emits 0.28  spf 108.1  z0 0.80  garr 147.9  tG 1134  e2 0.05  nF 2.5  pS 0.34  ptS 0.33  fLog 0.71  pdΔ -0.1636  pkR 4.89  clip 0.06  kl +0.000
upd  225  steps  462848  sps 1184  opp symm  loss +0.010  pg +0.0349  v 0.005  ev +0.97  adv_std 0.096  tR -0.50  ent[s/d/p/e] 1.64/1.77/1.42/0.48  emits 0.32  spf 95.7  z0 0.80  garr 153.0  tG 1173  e2 0.06  nF 2.5  pS 0.34  ptS 0.34  fLog 0.68  pdΔ -0.1565  pkR 5.06  clip 0.06  kl +0.003
upd  226  steps  464896  sps 1187  opp symm  loss -0.029  pg -0.0067  v 0.010  ev +0.93  adv_std 0.140  tR +1.00  ent[s/d/p/e] 1.68/1.81/1.40/0.47  emits 0.32  spf 102.9  z0 0.81  garr 153.4  tG 1169  e2 0.06  nF 2.6  pS 0.35  ptS 0.34  fLog 0.70  pdΔ -0.1511  pkR 5.39  clip 0.06  kl +0.002
upd  227  steps  466944  sps 1190  opp symm  loss -0.006  pg +0.0182  v 0.007  ev +0.95  adv_std 0.117  tR +1.00  ent[s/d/p/e] 1.73/1.92/1.40/0.45  emits 0.26  spf 94.6  z0 0.83  garr 163.5  tG 1225  e2 0.05  nF 2.6  pS 0.35  ptS 0.34  fLog 0.68  pdΔ -0.1497  pkR 4.22  clip 0.05  kl +0.002
upd  228  steps  468992  sps 1194  opp symm  loss -0.008  pg +0.0153  v 0.006  ev +0.96  adv_std 0.105  tR +0.33  ent[s/d/p/e] 1.69/1.92/1.28/0.45  emits 0.33  spf 86.3  z0 0.81  garr 174.3  tG 1316  e2 0.06  nF 2.7  pS 0.35  ptS 0.34  fLog 0.66  pdΔ -0.1511  pkR 4.38  clip 0.10  kl +0.002