
=== [2026-06-11T02:28:27Z] v14e_binary_v1_a_p0i0_ORBITWARS_SHAPING_ANTI_HOARD_0.0175_a12460fb52 phase=a kind=probe chunk=300 env={"ORBITWARS_SHAPING_ANTI_HOARD": 0.0175, "ORBITWARS_SHAPING_CAPTURE": 0.04, "ORBITWARS_SHAPING_RELEASE": 0.0075, "ORBITWARS_SHAPING_RELEASE_K": 17.0, "ORBITWARS_SHAPING_PROD_SHARE_DELTA": 0.025, "ORBITWARS_SHAPING_ONE_SHIP_PENALTY": 0.025} ppo={"ent_coef_emit": 0.0175, "lr_peak": 4.5e-05} ===
[reward] kaggle-aligned: terminal +1 win/+1 tie>0/-1 loss/-1 double-wipeout; is_terminal at step >= episode_steps-2; SHAPING_SCALE=0.0; v1: KEEP_HOME=0.0 FLEET_SIZE=0.0/norm20.0; v2 (expert-replay calibrated): PROD_SHARE=0.0 PLANET_SHARE=0.0 FLEET_LOG=0.0/ref500.0/floor0.3; v3 (top10-2630ep calibrated): PROD_SHARE_DELTA=0.025 EMIT_LOG=0.0 EMIT_GATED=0.0 RELEASE=0.0075/K17.0 CAPTURE=0.04; ANTI_HOARD=0.0175/thresh0.6; episode_steps=500 (kaggle=500, mismatch=False)
[symmetric] Frog Parade style: same params drive BOTH players, no frozen/strong/buffer opponents, zero_sum_value=True
upd    0  steps    2048  sps 38  opp symm  loss +0.065  pg +0.0805  v 0.002  ev +0.20  adv_std 0.064  tR +0.00  ent[s/d/p/e] 0.33/1.18/1.10/0.31  emits 0.38  spf 12.0  z0 0.73  garr 14.7  tG 19  e2 0.07  nF 2.4  pS 0.06  ptS 0.06  fLog 0.38  pdΔ -0.4372  pkR 7.77  clip 0.01  kl -0.000
upd    1  steps    4096  sps 75  opp symm  loss +0.077  pg +0.0942  v 0.006  ev +0.21  adv_std 0.104  tR +0.00  ent[s/d/p/e] 0.83/1.37/0.93/0.48  emits 1.00  spf 13.1  z0 0.54  garr 14.3  tG 41  e2 0.26  nF 10.0  pS 0.12  ptS 0.12  fLog 0.37  pdΔ -0.3776  pkR 13.31  clip 0.19  kl +0.005
upd    2  steps    6144  sps 111  opp symm  loss +0.089  pg +0.1075  v 0.008  ev +0.44  adv_std 0.124  tR +0.00  ent[s/d/p/e] 1.26/1.66/0.92/0.50  emits 1.57  spf 14.1  z0 0.44  garr 15.4  tG 72  e2 0.36  nF 18.3  pS 0.19  ptS 0.18  fLog 0.37  pdΔ -0.3068  pkR 11.61  clip 0.18  kl +0.007
upd    3  steps    8192  sps 146  opp symm  loss +0.005  pg +0.0261  v 0.009  ev +0.51  adv_std 0.129  tR +0.33  ent[s/d/p/e] 1.52/1.91/0.96/0.56  emits 1.51  spf 17.9  z0 0.45  garr 20.1  tG 128  e2 0.34  nF 22.1  pS 0.25  ptS 0.24  fLog 0.40  pdΔ -0.2479  pkR 9.17  clip 0.28  kl +0.006
upd    4  steps   10240  sps 180  opp symm  loss +0.015  pg +0.0351  v 0.014  ev +0.41  adv_std 0.166  tR +1.00  ent[s/d/p/e] 1.65/2.02/1.00/0.60  emits 1.48  spf 21.5  z0 0.43  garr 24.2  tG 182  e2 0.35  nF 21.0  pS 0.29  ptS 0.28  fLog 0.42  pdΔ -0.2092  pkR 7.24  clip 0.24  kl +0.006
upd    5  steps   12288  sps 214  opp symm  loss +0.037  pg +0.0624  v 0.004  ev +0.72  adv_std 0.078  tR +0.00  ent[s/d/p/e] 1.68/2.04/1.02/0.60  emits 1.23  spf 26.0  z0 0.48  garr 28.3  tG 231  e2 0.30  nF 18.4  pS 0.30  ptS 0.30  fLog 0.45  pdΔ -0.1995  pkR 6.01  clip 0.27  kl +0.010
upd    6  steps   14336  sps 247  opp symm  loss -0.033  pg -0.0076  v 0.006  ev +0.44  adv_std 0.109  tR +0.00  ent[s/d/p/e] 1.72/2.08/1.03/0.62  emits 1.13  spf 30.2  z0 0.51  garr 35.6  tG 327  e2 0.29  nF 14.9  pS 0.32  ptS 0.32  fLog 0.46  pdΔ -0.1770  pkR 5.68  clip 0.33  kl +0.010
upd    7  steps   16384  sps 279  opp symm  loss -0.017  pg +0.0116  v 0.003  ev +0.55  adv_std 0.073  tR +0.00  ent[s/d/p/e] 1.89/2.20/1.12/0.62  emits 0.99  spf 36.7  z0 0.54  garr 39.6  tG 374  e2 0.25  nF 13.6  pS 0.35  ptS 0.35  fLog 0.49  pdΔ -0.1503  pkR 6.02  clip 0.20  kl -0.001
upd    8  steps   18432  sps 310  opp symm  loss -0.005  pg +0.0229  v 0.003  ev +0.46  adv_std 0.080  tR +1.00  ent[s/d/p/e] 1.84/2.17/1.10/0.64  emits 0.85  spf 40.2  z0 0.58  garr 48.2  tG 502  e2 0.21  nF 11.2  pS 0.38  ptS 0.37  fLog 0.51  pdΔ -0.1233  pkR 6.23  clip 0.14  kl +0.006
upd    9  steps   20480  sps 341  opp symm  loss -0.042  pg -0.0124  v 0.002  ev +0.46  adv_std 0.059  tR -1.00  ent[s/d/p/e] 1.95/2.26/1.11/0.64  emits 0.96  spf 45.6  z0 0.54  garr 51.8  tG 597  e2 0.24  nF 10.7  pS 0.40  ptS 0.40  fLog 0.52  pdΔ -0.1001  pkR 6.28  clip 0.20  kl +0.008
upd   10  steps   22528  sps 371  opp symm  loss -0.100  pg -0.0726  v 0.005  ev +0.37  adv_std 0.099  tR -0.33  ent[s/d/p/e] 1.95/2.25/1.06/0.62  emits 0.88  spf 48.7  z0 0.57  garr 51.2  tG 616  e2 0.22  nF 10.9  pS 0.40  ptS 0.40  fLog 0.53  pdΔ -0.1003  pkR 7.90  clip 0.13  kl +0.004
upd   11  steps   24576  sps 401  opp symm  loss +0.022  pg +0.0487  v 0.006  ev +0.43  adv_std 0.105  tR +1.00  ent[s/d/p/e] 1.91/2.20/1.12/0.61  emits 0.99  spf 46.6  z0 0.55  garr 46.2  tG 576  e2 0.24  nF 11.2  pS 0.40  ptS 0.39  fLog 0.51  pdΔ -0.1037  pkR 7.88  clip 0.17  kl +0.006
upd   12  steps   26624  sps 430  opp symm  loss -0.069  pg -0.0432  v 0.007  ev +0.58  adv_std 0.114  tR +0.00  ent[s/d/p/e] 1.86/2.17/1.14/0.60  emits 0.90  spf 47.2  z0 0.57  garr 45.6  tG 569  e2 0.22  nF 10.4  pS 0.38  ptS 0.38  fLog 0.52  pdΔ -0.1195  pkR 7.76  clip 0.32  kl +0.011
upd   13  steps   28672  sps 458  opp symm  loss -0.001  pg +0.0256  v 0.004  ev +0.65  adv_std 0.088  tR +1.00  ent[s/d/p/e] 1.84/2.14/1.11/0.60  emits 0.83  spf 49.9  z0 0.58  garr 49.4  tG 626  e2 0.20  nF 10.1  pS 0.38  ptS 0.38  fLog 0.52  pdΔ -0.1170  pkR 8.23  clip 0.11  kl +0.003
upd   14  steps   30720  sps 486  opp symm  loss +0.002  pg +0.0296  v 0.003  ev +0.80  adv_std 0.078  tR +0.33  ent[s/d/p/e] 1.84/2.20/1.16/0.60  emits 0.90  spf 48.4  z0 0.58  garr 46.6  tG 581  e2 0.22  nF 9.9  pS 0.37  ptS 0.37  fLog 0.52  pdΔ -0.1276  pkR 8.11  clip 0.30  kl +0.017
upd   15  steps   32768  sps 513  opp symm  loss -0.026  pg -0.0396  v 0.083  ev +0.16  adv_std 0.433  tR +0.22  ent[s/d/p/e] 1.65/2.11/1.19/0.54  emits 0.64  spf 42.9  z0 0.66  garr 31.5  tG 286  e2 0.14  nF 6.8  pS 0.24  ptS 0.24  fLog 0.51  pdΔ -0.2553  pkR 14.21  clip 0.15  kl +0.004
upd   16  steps   34816  sps 539  opp symm  loss -0.002  pg +0.0207  v 0.003  ev +0.74  adv_std 0.075  tR +0.00  ent[s/d/p/e] 1.00/1.66/1.24/0.50  emits 0.51  spf 22.5  z0 0.68  garr 22.6  tG 73  e2 0.12  nF 5.6  pS 0.13  ptS 0.13  fLog 0.46  pdΔ -0.3730  pkR 10.80  clip 0.09  kl +0.000
upd   17  steps   36864  sps 565  opp symm  loss -0.007  pg +0.0178  v 0.003  ev +0.84  adv_std 0.082  tR +1.00  ent[s/d/p/e] 1.22/1.83/1.22/0.55  emits 0.52  spf 26.6  z0 0.68  garr 30.6  tG 133  e2 0.12  nF 6.8  pS 0.17  ptS 0.17  fLog 0.48  pdΔ -0.3294  pkR 8.81  clip 0.08  kl +0.002
upd   18  steps   38912  sps 591  opp symm  loss -0.031  pg -0.0055  v 0.005  ev +0.88  adv_std 0.101  tR -1.00  ent[s/d/p/e] 1.40/1.96/1.18/0.59  emits 0.70  spf 31.8  z0 0.63  garr 31.6  tG 176  e2 0.17  nF 7.5  pS 0.21  ptS 0.21  fLog 0.49  pdΔ -0.2916  pkR 6.90  clip 0.19  kl +0.013
upd   19  steps   40960  sps 616  opp symm  loss -0.002  pg +0.0238  v 0.005  ev +0.89  adv_std 0.099  tR -0.50  ent[s/d/p/e] 1.51/2.02/1.17/0.59  emits 0.64  spf 33.6  z0 0.64  garr 33.2  tG 211  e2 0.15  nF 8.0  pS 0.24  ptS 0.23  fLog 0.51  pdΔ -0.2623  pkR 5.48  clip 0.15  kl +0.006
upd   20  steps   43008  sps 641  opp symm  loss -0.079  pg -0.0526  v 0.004  ev +0.94  adv_std 0.086  tR -0.20  ent[s/d/p/e] 1.59/2.05/1.13/0.59  emits 0.61  spf 36.8  z0 0.64  garr 40.0  tG 298  e2 0.14  nF 7.4  pS 0.27  ptS 0.26  fLog 0.51  pdΔ -0.2306  pkR 5.89  clip 0.17  kl +0.006
upd   21  steps   45056  sps 665  opp symm  loss +0.002  pg +0.0291  v 0.003  ev +0.94  adv_std 0.084  tR +1.00  ent[s/d/p/e] 1.62/2.13/1.20/0.59  emits 0.57  spf 45.4  z0 0.66  garr 47.2  tG 363  e2 0.13  nF 6.7  pS 0.28  ptS 0.27  fLog 0.55  pdΔ -0.2221  pkR 8.07  clip 0.12  kl +0.003
upd   22  steps   47104  sps 688  opp symm  loss -0.005  pg +0.0218  v 0.003  ev +0.96  adv_std 0.077  tR +0.33  ent[s/d/p/e] 1.64/2.11/1.16/0.58  emits 0.57  spf 44.0  z0 0.65  garr 50.3  tG 419  e2 0.13  nF 6.7  pS 0.29  ptS 0.29  fLog 0.54  pdΔ -0.2054  pkR 10.31  clip 0.12  kl +0.003
upd   23  steps   49152  sps 712  opp symm  loss -0.065  pg -0.0378  v 0.003  ev +0.97  adv_std 0.070  tR -1.00  ent[s/d/p/e] 1.65/2.11/1.20/0.60  emits 0.64  spf 48.3  z0 0.63  garr 53.5  tG 475  e2 0.15  nF 7.0  pS 0.30  ptS 0.29  fLog 0.54  pdΔ -0.2049  pkR 12.65  clip 0.15  kl -0.000
upd   24  steps   51200  sps 734  opp symm  loss -0.049  pg -0.0212  v 0.003  ev +0.96  adv_std 0.082  tR +1.00  ent[s/d/p/e] 1.74/2.13/1.20/0.61  emits 0.69  spf 53.8  z0 0.61  garr 49.7  tG 455  e2 0.17  nF 7.5  pS 0.31  ptS 0.31  fLog 0.56  pdΔ -0.1911  pkR 10.64  clip 0.09  kl +0.005
upd   25  steps   53248  sps 757  opp symm  loss -0.004  pg +0.0233  v 0.003  ev +0.96  adv_std 0.077  tR -1.00  ent[s/d/p/e] 1.70/2.08/1.14/0.61  emits 0.78  spf 49.5  z0 0.59  garr 45.4  tG 426  e2 0.19  nF 8.1  pS 0.31  ptS 0.30  fLog 0.54  pdΔ -0.1935  pkR 11.77  clip 0.14  kl +0.003
upd   26  steps   55296  sps 779  opp symm  loss -0.023  pg +0.0029  v 0.007  ev +0.94  adv_std 0.111  tR -0.33  ent[s/d/p/e] 1.70/2.07/1.20/0.59  emits 0.62  spf 47.1  z0 0.64  garr 47.1  tG 449  e2 0.14  nF 7.3  pS 0.30  ptS 0.30  fLog 0.54  pdΔ -0.1954  pkR 12.41  clip 0.12  kl +0.005
upd   27  steps   57344  sps 800  opp symm  loss -0.005  pg +0.0224  v 0.004  ev +0.97  adv_std 0.085  tR -0.50  ent[s/d/p/e] 1.71/2.06/1.15/0.60  emits 0.57  spf 54.6  z0 0.66  garr 51.9  tG 524  e2 0.13  nF 6.8  pS 0.30  ptS 0.30  fLog 0.55  pdΔ -0.1974  pkR 11.66  clip 0.09  kl -0.000
upd   28  steps   59392  sps 821  opp symm  loss -0.018  pg +0.0087  v 0.004  ev +0.97  adv_std 0.084  tR -0.71  ent[s/d/p/e] 1.69/2.09/1.17/0.58  emits 0.56  spf 56.1  z0 0.67  garr 52.6  tG 527  e2 0.14  nF 6.7  pS 0.29  ptS 0.29  fLog 0.55  pdΔ -0.2058  pkR 7.84  clip 0.10  kl +0.003
upd   29  steps   61440  sps 842  opp symm  loss -0.048  pg -0.0207  v 0.003  ev +0.97  adv_std 0.077  tR +0.33  ent[s/d/p/e] 1.68/2.11/1.18/0.57  emits 0.53  spf 56.5  z0 0.68  garr 53.4  tG 507  e2 0.12  nF 6.6  pS 0.29  ptS 0.29  fLog 0.55  pdΔ -0.2053  pkR 7.53  clip 0.14  kl +0.006
upd   30  steps   63488  sps 863  opp symm  loss +0.011  pg +0.0385  v 0.003  ev +0.97  adv_std 0.072  tR +1.00  ent[s/d/p/e] 1.66/2.11/1.18/0.58  emits 0.56  spf 56.1  z0 0.67  garr 50.7  tG 434  e2 0.12  nF 6.3  pS 0.27  ptS 0.27  fLog 0.55  pdΔ -0.2329  pkR 7.78  clip 0.09  kl +0.003
upd   31  steps   65536  sps 883  opp symm  loss -0.022  pg +0.0005  v 0.007  ev +0.86  adv_std 0.120  tR -0.62  ent[s/d/p/e] 1.38/2.04/1.22/0.52  emits 0.43  spf 49.2  z0 0.71  garr 42.7  tG 258  e2 0.10  nF 4.3  pS 0.19  ptS 0.19  fLog 0.54  pdΔ -0.3091  pkR 8.55  clip 0.13  kl +0.008
upd   32  steps   67584  sps 902  opp symm  loss +0.009  pg +0.0348  v 0.004  ev +0.92  adv_std 0.092  tR +1.00  ent[s/d/p/e] 1.42/2.05/1.25/0.58  emits 0.53  spf 41.9  z0 0.66  garr 42.3  tG 254  e2 0.12  nF 5.4  pS 0.22  ptS 0.21  fLog 0.53  pdΔ -0.2818  pkR 7.47  clip 0.12  kl +0.004
upd   33  steps   69632  sps 922  opp symm  loss +0.015  pg +0.0414  v 0.004  ev +0.93  adv_std 0.091  tR -1.00  ent[s/d/p/e] 1.56/2.14/1.26/0.59  emits 0.58  spf 42.3  z0 0.66  garr 44.1  tG 269  e2 0.13  nF 6.1  pS 0.24  ptS 0.23  fLog 0.53  pdΔ -0.2626  pkR 4.88  clip 0.12  kl +0.003
upd   34  steps   71680  sps 941  opp symm  loss -0.030  pg -0.0022  v 0.005  ev +0.92  adv_std 0.103  tR -0.60  ent[s/d/p/e] 1.74/2.25/1.27/0.59  emits 0.69  spf 43.2  z0 0.63  garr 43.2  tG 299  e2 0.16  nF 6.9  pS 0.27  ptS 0.27  fLog 0.55  pdΔ -0.2263  pkR 4.66  clip 0.12  kl +0.006
upd   35  steps   73728  sps 960  opp symm  loss -0.038  pg -0.0111  v 0.008  ev +0.90  adv_std 0.125  tR +0.50  ent[s/d/p/e] 1.80/2.28/1.27/0.61  emits 0.63  spf 45.8  z0 0.65  garr 46.5  tG 356  e2 0.15  nF 7.3  pS 0.29  ptS 0.29  fLog 0.55  pdΔ -0.2058  pkR 9.07  clip 0.13  kl +0.005
upd   36  steps   75776  sps 978  opp symm  loss -0.059  pg -0.0336  v 0.009  ev +0.87  adv_std 0.135  tR +0.43  ent[s/d/p/e] 1.72/2.28/1.31/0.61  emits 0.59  spf 46.5  z0 0.66  garr 48.9  tG 355  e2 0.13  nF 6.6  pS 0.29  ptS 0.28  fLog 0.56  pdΔ -0.2141  pkR 8.99  clip 0.11  kl +0.002
upd   37  steps   77824  sps 996  opp symm  loss -0.059  pg -0.0309  v 0.003  ev +0.95  adv_std 0.082  tR +0.33  ent[s/d/p/e] 1.79/2.31/1.25/0.60  emits 0.60  spf 48.9  z0 0.66  garr 48.2  tG 347  e2 0.14  nF 6.4  pS 0.29  ptS 0.28  fLog 0.56  pdΔ -0.2146  pkR 4.55  clip 0.13  kl +0.000
upd   38  steps   79872  sps 1014  opp symm  loss -0.008  pg +0.0204  v 0.004  ev +0.95  adv_std 0.089  tR -1.00  ent[s/d/p/e] 1.77/2.29/1.26/0.61  emits 0.59  spf 47.8  z0 0.65  garr 53.0  tG 390  e2 0.13  nF 6.5  pS 0.30  ptS 0.30  fLog 0.56  pdΔ -0.1958  pkR 3.96  clip 0.10  kl +0.002
upd   39  steps   81920  sps 1031  opp symm  loss -0.021  pg +0.0081  v 0.003  ev +0.97  adv_std 0.078  tR -1.00  ent[s/d/p/e] 1.86/2.33/1.29/0.61  emits 0.69  spf 52.0  z0 0.62  garr 55.0  tG 441  e2 0.16  nF 7.3  pS 0.34  ptS 0.33  fLog 0.58  pdΔ -0.1633  pkR 4.38  clip 0.14  kl +0.004
upd   40  steps   83968  sps 1049  opp symm  loss -0.037  pg -0.0074  v 0.003  ev +0.96  adv_std 0.080  tR +0.00  ent[s/d/p/e] 1.93/2.39/1.29/0.61  emits 0.61  spf 56.0  z0 0.65  garr 57.4  tG 451  e2 0.14  nF 6.3  pS 0.34  ptS 0.33  fLog 0.59  pdΔ -0.1645  pkR 4.05  clip 0.10  kl +0.005
upd   41  steps   86016  sps 1066  opp symm  loss -0.026  pg +0.0032  v 0.005  ev +0.95  adv_std 0.098  tR -1.00  ent[s/d/p/e] 1.99/2.43/1.32/0.62  emits 0.70  spf 55.8  z0 0.63  garr 57.6  tG 452  e2 0.16  nF 6.8  pS 0.34  ptS 0.33  fLog 0.60  pdΔ -0.1609  pkR 5.38  clip 0.19  kl +0.005
upd   42  steps   88064  sps 1082  opp symm  loss -0.020  pg +0.0096  v 0.004  ev +0.96  adv_std 0.092  tR +0.20  ent[s/d/p/e] 1.91/2.38/1.28/0.62  emits 0.89  spf 45.3  z0 0.57  garr 47.4  tG 368  e2 0.21  nF 8.7  pS 0.33  ptS 0.32  fLog 0.56  pdΔ -0.1726  pkR 6.16  clip 0.12  kl +0.003
upd   43  steps   90112  sps 1099  opp symm  loss -0.012  pg +0.0145  v 0.009  ev +0.92  adv_std 0.135  tR -0.20  ent[s/d/p/e] 1.93/2.33/1.22/0.62  emits 0.95  spf 38.9  z0 0.58  garr 43.5  tG 360  e2 0.22  nF 10.0  pS 0.34  ptS 0.33  fLog 0.54  pdΔ -0.1635  pkR 10.98  clip 0.12  kl +0.002
upd   44  steps   92160  sps 1115  opp symm  loss +0.009  pg +0.0366  v 0.006  ev +0.95  adv_std 0.110  tR -0.60  ent[s/d/p/e] 1.98/2.37/1.19/0.59  emits 1.09  spf 38.0  z0 0.56  garr 39.5  tG 323  e2 0.25  nF 11.5  pS 0.33  ptS 0.32  fLog 0.53  pdΔ -0.1725  pkR 14.31  clip 0.12  kl +0.002
upd   45  steps   94208  sps 1131  opp symm  loss -0.031  pg -0.0037  v 0.007  ev +0.94  adv_std 0.119  tR -0.14  ent[s/d/p/e] 1.89/2.35/1.22/0.59  emits 0.94  spf 36.2  z0 0.60  garr 40.3  tG 320  e2 0.21  nF 10.8  pS 0.32  ptS 0.31  fLog 0.53  pdΔ -0.1786  pkR 10.12  clip 0.13  kl +0.006
upd   46  steps   96256  sps 1147  opp symm  loss -0.003  pg +0.0178  v 0.017  ev +0.88  adv_std 0.187  tR -0.24  ent[s/d/p/e] 1.90/2.33/1.17/0.57  emits 0.65  spf 39.4  z0 0.67  garr 42.4  tG 312  e2 0.15  nF 8.6  pS 0.29  ptS 0.28  fLog 0.54  pdΔ -0.2068  pkR 10.16  clip 0.08  kl +0.003
upd   47  steps   98304  sps 1162  opp symm  loss -0.042  pg -0.0142  v 0.006  ev +0.95  adv_std 0.108  tR +0.00  ent[s/d/p/e] 1.91/2.41/1.24/0.57  emits 0.67  spf 46.5  z0 0.66  garr 45.5  tG 317  e2 0.15  nF 6.6  pS 0.28  ptS 0.27  fLog 0.57  pdΔ -0.2214  pkR 7.35  clip 0.09  kl +0.001
upd   48  steps  100352  sps 1177  opp symm  loss +0.018  pg +0.0466  v 0.005  ev +0.96  adv_std 0.104  tR +0.00  ent[s/d/p/e] 2.00/2.43/1.18/0.59  emits 0.85  spf 44.3  z0 0.60  garr 46.3  tG 357  e2 0.19  nF 8.2  pS 0.33  ptS 0.32  fLog 0.56  pdΔ -0.1731  pkR 6.93  clip 0.12  kl +0.005
upd   49  steps  102400  sps 1192  opp symm  loss +0.009  pg +0.0373  v 0.006  ev +0.96  adv_std 0.104  tR +0.71  ent[s/d/p/e] 2.02/2.44/1.20/0.59  emits 0.81  spf 45.7  z0 0.62  garr 47.0  tG 384  e2 0.18  nF 8.9  pS 0.34  ptS 0.34  fLog 0.57  pdΔ -0.1593  pkR 5.52  clip 0.11  kl +0.002
upd   50  steps  104448  sps 1207  opp symm  loss -0.038  pg -0.0096  v 0.005  ev +0.96  adv_std 0.100  tR -0.33  ent[s/d/p/e] 2.01/2.44/1.21/0.59  emits 0.75  spf 48.2  z0 0.63  garr 51.0  tG 376  e2 0.17  nF 7.6  pS 0.32  ptS 0.31  fLog 0.58  pdΔ -0.1814  pkR 4.85  clip 0.12  kl +0.003
upd   51  steps  106496  sps 1221  opp symm  loss -0.000  pg +0.0279  v 0.005  ev +0.95  adv_std 0.105  tR +0.00  ent[s/d/p/e] 2.00/2.41/1.20/0.61  emits 0.73  spf 46.6  z0 0.63  garr 51.5  tG 404  e2 0.17  nF 7.6  pS 0.35  ptS 0.34  fLog 0.58  pdΔ -0.1466  pkR 4.68  clip 0.11  kl +0.000
upd   52  steps  108544  sps 1235  opp symm  loss -0.042  pg -0.0142  v 0.006  ev +0.95  adv_std 0.106  tR +0.00  ent[s/d/p/e] 1.95/2.40/1.24/0.60  emits 0.67  spf 48.2  z0 0.66  garr 57.4  tG 493  e2 0.16  nF 6.9  pS 0.35  ptS 0.35  fLog 0.58  pdΔ -0.1464  pkR 10.81  clip 0.11  kl +0.003
upd   53  steps  110592  sps 1250  opp symm  loss -0.032  pg -0.0033  v 0.005  ev +0.96  adv_std 0.102  tR +1.00  ent[s/d/p/e] 1.97/2.39/1.24/0.61  emits 0.71  spf 53.5  z0 0.62  garr 58.5  tG 495  e2 0.16  nF 6.8  pS 0.36  ptS 0.35  fLog 0.59  pdΔ -0.1431  pkR 8.79  clip 0.10  kl +0.002
upd   54  steps  112640  sps 1263  opp symm  loss -0.052  pg -0.0237  v 0.007  ev +0.96  adv_std 0.114  tR +0.33  ent[s/d/p/e] 2.02/2.38/1.26/0.62  emits 0.77  spf 53.2  z0 0.61  garr 54.4  tG 463  e2 0.19  nF 7.2  pS 0.36  ptS 0.36  fLog 0.59  pdΔ -0.1409  pkR 4.71  clip 0.14  kl +0.002
upd   55  steps  114688  sps 1277  opp symm  loss -0.002  pg +0.0251  v 0.008  ev +0.94  adv_std 0.128  tR -0.33  ent[s/d/p/e] 2.06/2.37/1.23/0.61  emits 0.98  spf 45.7  z0 0.57  garr 48.9  tG 420  e2 0.22  nF 8.6  pS 0.37  ptS 0.37  fLog 0.57  pdΔ -0.1325  pkR 5.10  clip 0.15  kl +0.004
upd   56  steps  116736  sps 1291  opp symm  loss -0.021  pg +0.0065  v 0.008  ev +0.95  adv_std 0.126  tR +1.00  ent[s/d/p/e] 2.11/2.39/1.16/0.61  emits 1.11  spf 43.3  z0 0.54  garr 42.6  tG 377  e2 0.25  nF 11.0  pS 0.38  ptS 0.37  fLog 0.56  pdΔ -0.1232  pkR 5.21  clip 0.15  kl +0.001
upd   57  steps  118784  sps 1304  opp symm  loss -0.004  pg +0.0242  v 0.007  ev +0.97  adv_std 0.111  tR -0.33  ent[s/d/p/e] 2.10/2.39/1.15/0.61  emits 0.94  spf 43.0  z0 0.59  garr 43.0  tG 389  e2 0.21  nF 10.7  pS 0.38  ptS 0.37  fLog 0.56  pdΔ -0.1231  pkR 5.86  clip 0.14  kl +0.005
upd   58  steps  120832  sps 1317  opp symm  loss -0.004  pg +0.0237  v 0.005  ev +0.96  adv_std 0.102  tR +0.00  ent[s/d/p/e] 1.97/2.35/1.23/0.59  emits 0.79  spf 43.5  z0 0.63  garr 46.9  tG 412  e2 0.18  nF 8.3  pS 0.35  ptS 0.33  fLog 0.56  pdΔ -0.1548  pkR 9.16  clip 0.08  kl +0.004
upd   59  steps  122880  sps 1330  opp symm  loss +0.017  pg +0.0423  v 0.009  ev +0.94  adv_std 0.138  tR +0.33  ent[s/d/p/e] 1.97/2.36/1.22/0.57  emits 0.74  spf 45.6  z0 0.64  garr 49.3  tG 406  e2 0.17  nF 7.9  pS 0.33  ptS 0.32  fLog 0.56  pdΔ -0.1692  pkR 10.11  clip 0.13  kl +0.005
upd   60  steps  124928  sps 1343  opp symm  loss +0.014  pg +0.0404  v 0.009  ev +0.94  adv_std 0.136  tR -0.43  ent[s/d/p/e] 1.99/2.36/1.21/0.58  emits 0.91  spf 42.9  z0 0.61  garr 46.2  tG 349  e2 0.19  nF 8.6  pS 0.33  ptS 0.32  fLog 0.56  pdΔ -0.1734  pkR 6.20  clip 0.13  kl +0.010
upd   61  steps  126976  sps 1355  opp symm  loss +0.030  pg +0.0566  v 0.006  ev +0.96  adv_std 0.114  tR +0.20  ent[s/d/p/e] 1.95/2.33/1.22/0.57  emits 0.77  spf 40.8  z0 0.64  garr 49.4  tG 392  e2 0.17  nF 8.1  pS 0.32  ptS 0.32  fLog 0.55  pdΔ -0.1753  pkR 9.03  clip 0.18  kl +0.004
upd   62  steps  129024  sps 1368  opp symm  loss -0.028  pg -0.0037  v 0.008  ev +0.93  adv_std 0.125  tR +0.14  ent[s/d/p/e] 1.67/2.16/1.21/0.55  emits 0.53  spf 38.2  z0 0.69  garr 48.9  tG 351  e2 0.12  nF 5.8  pS 0.27  ptS 0.26  fLog 0.54  pdΔ -0.2300  pkR 13.70  clip 0.07  kl +0.003
upd   63  steps  131072  sps 1380  opp symm  loss -0.086  pg -0.0601  v 0.007  ev +0.92  adv_std 0.120  tR +0.20  ent[s/d/p/e] 1.67/2.26/1.21/0.58  emits 0.48  spf 45.7  z0 0.70  garr 57.3  tG 360  e2 0.11  nF 5.0  pS 0.27  ptS 0.26  fLog 0.57  pdΔ -0.2309  pkR 4.02  clip 0.12  kl +0.008
upd   64  steps  133120  sps 1392  opp symm  loss -0.048  pg -0.0206  v 0.004  ev +0.96  adv_std 0.095  tR +1.00  ent[s/d/p/e] 1.72/2.26/1.25/0.58  emits 0.48  spf 50.8  z0 0.72  garr 64.0  tG 417  e2 0.10  nF 4.6  pS 0.29  ptS 0.27  fLog 0.59  pdΔ -0.2134  pkR 3.68  clip 0.10  kl +0.001
upd   65  steps  135168  sps 1404  opp symm  loss -0.017  pg +0.0102  v 0.004  ev +0.96  adv_std 0.094  tR +0.00  ent[s/d/p/e] 1.80/2.35/1.34/0.53  emits 0.38  spf 62.6  z0 0.74  garr 81.1  tG 542  e2 0.08  nF 4.2  pS 0.30  ptS 0.29  fLog 0.61  pdΔ -0.1967  pkR 3.45  clip 0.12  kl +0.001
upd   66  steps  137216  sps 1416  opp symm  loss -0.042  pg -0.0149  v 0.006  ev +0.95  adv_std 0.109  tR +0.33  ent[s/d/p/e] 1.84/2.32/1.30/0.56  emits 0.43  spf 66.1  z0 0.73  garr 85.1  tG 590  e2 0.10  nF 3.9  pS 0.32  ptS 0.30  fLog 0.62  pdΔ -0.1835  pkR 3.52  clip 0.13  kl +0.005
upd   67  steps  139264  sps 1427  opp symm  loss -0.019  pg +0.0076  v 0.007  ev +0.94  adv_std 0.115  tR +0.00  ent[s/d/p/e] 1.82/2.29/1.29/0.55  emits 0.45  spf 63.7  z0 0.73  garr 81.6  tG 565  e2 0.10  nF 4.2  pS 0.31  ptS 0.29  fLog 0.62  pdΔ -0.1902  pkR 3.34  clip 0.08  kl +0.003
upd   68  steps  141312  sps 1439  opp symm  loss -0.029  pg -0.0022  v 0.005  ev +0.94  adv_std 0.102  tR -0.20  ent[s/d/p/e] 1.82/2.28/1.28/0.55  emits 0.42  spf 70.4  z0 0.72  garr 82.2  tG 602  e2 0.09  nF 3.8  pS 0.31  ptS 0.30  fLog 0.63  pdΔ -0.1909  pkR 3.92  clip 0.11  kl +0.000
upd   69  steps  143360  sps 1450  opp symm  loss -0.065  pg -0.0380  v 0.007  ev +0.93  adv_std 0.116  tR -0.33  ent[s/d/p/e] 1.95/2.32/1.22/0.58  emits 0.64  spf 59.5  z0 0.66  garr 72.6  tG 549  e2 0.14  nF 5.3  pS 0.33  ptS 0.32  fLog 0.61  pdΔ -0.1692  pkR 3.25  clip 0.15  kl +0.008
upd   70  steps  145408  sps 1461  opp symm  loss -0.009  pg +0.0167  v 0.008  ev +0.92  adv_std 0.128  tR -0.14  ent[s/d/p/e] 1.95/2.31/1.22/0.58  emits 0.60  spf 57.8  z0 0.68  garr 64.4  tG 496  e2 0.13  nF 5.9  pS 0.33  ptS 0.32  fLog 0.60  pdΔ -0.1666  pkR 4.31  clip 0.17  kl +0.005
upd   71  steps  147456  sps 1472  opp symm  loss -0.034  pg -0.0065  v 0.004  ev +0.95  adv_std 0.095  tR +0.00  ent[s/d/p/e] 1.90/2.30/1.23/0.58  emits 0.48  spf 56.5  z0 0.71  garr 65.9  tG 520  e2 0.11  nF 5.2  pS 0.33  ptS 0.32  fLog 0.60  pdΔ -0.1726  pkR 5.76  clip 0.07  kl +0.001
upd   72  steps  149504  sps 1483  opp symm  loss -0.008  pg +0.0188  v 0.007  ev +0.91  adv_std 0.121  tR -0.33  ent[s/d/p/e] 1.93/2.27/1.29/0.59  emits 0.58  spf 56.7  z0 0.67  garr 68.7  tG 526  e2 0.13  nF 5.6  pS 0.33  ptS 0.33  fLog 0.60  pdΔ -0.1656  pkR 3.60  clip 0.12  kl +0.003
upd   73  steps  151552  sps 1494  opp symm  loss -0.011  pg +0.0158  v 0.008  ev +0.91  adv_std 0.123  tR -0.60  ent[s/d/p/e] 1.97/2.30/1.25/0.60  emits 0.71  spf 50.9  z0 0.64  garr 58.2  tG 439  e2 0.17  nF 6.9  pS 0.33  ptS 0.33  fLog 0.59  pdΔ -0.1677  pkR 4.06  clip 0.10  kl +0.002
upd   74  steps  153600  sps 1504  opp symm  loss -0.034  pg -0.0067  v 0.008  ev +0.93  adv_std 0.128  tR +0.50  ent[s/d/p/e] 2.03/2.33/1.25/0.60  emits 0.75  spf 47.7  z0 0.63  garr 55.2  tG 431  e2 0.17  nF 7.4  pS 0.36  ptS 0.35  fLog 0.58  pdΔ -0.1443  pkR 4.53  clip 0.24  kl +0.010
upd   75  steps  155648  sps 1515  opp symm  loss -0.026  pg +0.0003  v 0.009  ev +0.94  adv_std 0.133  tR -0.43  ent[s/d/p/e] 2.01/2.31/1.26/0.59  emits 0.81  spf 46.1  z0 0.62  garr 52.2  tG 419  e2 0.18  nF 8.1  pS 0.35  ptS 0.34  fLog 0.58  pdΔ -0.1510  pkR 7.27  clip 0.12  kl +0.003
upd   76  steps  157696  sps 1525  opp symm  loss -0.034  pg -0.0077  v 0.008  ev +0.95  adv_std 0.126  tR +0.00  ent[s/d/p/e] 1.95/2.29/1.29/0.57  emits 0.85  spf 42.1  z0 0.61  garr 43.2  tG 341  e2 0.19  nF 8.3  pS 0.31  ptS 0.31  fLog 0.56  pdΔ -0.1861  pkR 5.64  clip 0.09  kl +0.000
upd   77  steps  159744  sps 1535  opp symm  loss -0.049  pg -0.0232  v 0.008  ev +0.95  adv_std 0.132  tR +0.17  ent[s/d/p/e] 1.90/2.24/1.31/0.57  emits 0.73  spf 34.1  z0 0.66  garr 38.4  tG 279  e2 0.16  nF 8.8  pS 0.28  ptS 0.28  fLog 0.53  pdΔ -0.2220  pkR 7.89  clip 0.10  kl +0.001
upd   78  steps  161792  sps 1546  opp symm  loss -0.020  pg +0.0044  v 0.010  ev +0.93  adv_std 0.143  tR -0.33  ent[s/d/p/e] 1.72/2.14/1.29/0.56  emits 0.64  spf 32.9  z0 0.67  garr 34.8  tG 221  e2 0.15  nF 8.0  pS 0.25  ptS 0.24  fLog 0.52  pdΔ -0.2546  pkR 4.97  clip 0.09  kl +0.001
upd   79  steps  163840  sps 1555  opp symm  loss -0.073  pg -0.0454  v 0.004  ev +0.97  adv_std 0.093  tR -0.50  ent[s/d/p/e] 1.79/2.26/1.25/0.58  emits 0.59  spf 40.3  z0 0.68  garr 43.9  tG 297  e2 0.13  nF 7.3  pS 0.27  ptS 0.27  fLog 0.55  pdΔ -0.2261  pkR 5.60  clip 0.14  kl -0.000
upd   80  steps  165888  sps 1565  opp symm  loss -0.043  pg -0.0153  v 0.006  ev +0.95  adv_std 0.112  tR +0.00  ent[s/d/p/e] 1.88/2.31/1.27/0.61  emits 0.72  spf 42.3  z0 0.63  garr 47.5  tG 344  e2 0.16  nF 7.3  pS 0.31  ptS 0.30  fLog 0.57  pdΔ -0.1891  pkR 5.06  clip 0.15  kl +0.007
upd   81  steps  167936  sps 1575  opp symm  loss +0.001  pg +0.0288  v 0.006  ev +0.96  adv_std 0.111  tR +0.33  ent[s/d/p/e] 1.89/2.27/1.25/0.61  emits 0.72  spf 42.2  z0 0.62  garr 49.9  tG 371  e2 0.16  nF 8.0  pS 0.33  ptS 0.32  fLog 0.56  pdΔ -0.1652  pkR 3.83  clip 0.12  kl +0.003
upd   82  steps  169984  sps 1585  opp symm  loss -0.039  pg -0.0115  v 0.006  ev +0.96  adv_std 0.107  tR -0.33  ent[s/d/p/e] 1.90/2.26/1.23/0.62  emits 0.84  spf 42.2  z0 0.60  garr 46.7  tG 359  e2 0.20  nF 8.6  pS 0.34  ptS 0.32  fLog 0.56  pdΔ -0.1597  pkR 4.30  clip 0.13  kl +0.005
upd   83  steps  172032  sps 1594  opp symm  loss -0.009  pg +0.0192  v 0.005  ev +0.96  adv_std 0.103  tR +0.00  ent[s/d/p/e] 1.93/2.24/1.23/0.62  emits 0.87  spf 41.9  z0 0.57  garr 45.6  tG 373  e2 0.20  nF 9.5  pS 0.36  ptS 0.35  fLog 0.56  pdΔ -0.1401  pkR 3.43  clip 0.20  kl +0.002
upd   84  steps  174080  sps 1603  opp symm  loss +0.001  pg +0.0281  v 0.009  ev +0.94  adv_std 0.133  tR +0.14  ent[s/d/p/e] 2.01/2.30/1.30/0.61  emits 0.89  spf 42.4  z0 0.59  garr 46.2  tG 386  e2 0.20  nF 10.0  pS 0.37  ptS 0.35  fLog 0.56  pdΔ -0.1349  pkR 3.74  clip 0.24  kl +0.010
upd   85  steps  176128  sps 1613  opp symm  loss -0.066  pg -0.0385  v 0.007  ev +0.96  adv_std 0.119  tR +0.50  ent[s/d/p/e] 2.05/2.34/1.25/0.60  emits 0.80  spf 46.5  z0 0.62  garr 48.1  tG 426  e2 0.19  nF 9.4  pS 0.38  ptS 0.37  fLog 0.58  pdΔ -0.1210  pkR 3.65  clip 0.14  kl +0.008
upd   86  steps  178176  sps 1622  opp symm  loss -0.018  pg +0.0100  v 0.005  ev +0.97  adv_std 0.103  tR +0.33  ent[s/d/p/e] 2.03/2.30/1.21/0.58  emits 0.77  spf 49.1  z0 0.63  garr 47.1  tG 426  e2 0.17  nF 8.0  pS 0.37  ptS 0.36  fLog 0.58  pdΔ -0.1311  pkR 5.04  clip 0.08  kl +0.001
upd   87  steps  180224  sps 1631  opp symm  loss -0.024  pg +0.0032  v 0.005  ev +0.97  adv_std 0.105  tR +1.00  ent[s/d/p/e] 2.01/2.30/1.19/0.58  emits 0.70  spf 49.6  z0 0.63  garr 53.9  tG 496  e2 0.15  nF 7.4  pS 0.37  ptS 0.36  fLog 0.59  pdΔ -0.1320  pkR 7.36  clip 0.09  kl +0.002
upd   88  steps  182272  sps 1640  opp symm  loss +0.005  pg +0.0325  v 0.006  ev +0.97  adv_std 0.110  tR +0.60  ent[s/d/p/e] 2.05/2.30/1.21/0.59  emits 0.70  spf 52.2  z0 0.64  garr 56.6  tG 488  e2 0.16  nF 7.2  pS 0.36  ptS 0.35  fLog 0.59  pdΔ -0.1425  pkR 6.56  clip 0.13  kl +0.002
upd   89  steps  184320  sps 1649  opp symm  loss -0.006  pg +0.0204  v 0.007  ev +0.96  adv_std 0.120  tR +0.60  ent[s/d/p/e] 1.97/2.27/1.23/0.54  emits 0.51  spf 51.7  z0 0.70  garr 62.0  tG 534  e2 0.11  nF 5.8  pS 0.36  ptS 0.35  fLog 0.60  pdΔ -0.1430  pkR 4.20  clip 0.29  kl +0.019
upd   90  steps  186368  sps 1657  opp symm  loss +0.018  pg +0.0456  v 0.005  ev +0.97  adv_std 0.103  tR +0.60  ent[s/d/p/e] 1.99/2.31/1.24/0.58  emits 0.57  spf 61.2  z0 0.70  garr 68.6  tG 550  e2 0.13  nF 5.4  pS 0.34  ptS 0.33  fLog 0.61  pdΔ -0.1581  pkR 4.46  clip 0.11  kl +0.004
upd   91  steps  188416  sps 1666  opp symm  loss +0.010  pg +0.0351  v 0.008  ev +0.95  adv_std 0.127  tR +0.00  ent[s/d/p/e] 1.87/2.27/1.25/0.54  emits 0.43  spf 56.6  z0 0.73  garr 71.3  tG 537  e2 0.10  nF 4.9  pS 0.32  ptS 0.31  fLog 0.60  pdΔ -0.1824  pkR 4.63  clip 0.10  kl +0.003
upd   92  steps  190464  sps 1675  opp symm  loss +0.027  pg +0.0518  v 0.008  ev +0.95  adv_std 0.126  tR -1.00  ent[s/d/p/e] 1.89/2.32/1.25/0.52  emits 0.39  spf 60.7  z0 0.75  garr 79.7  tG 590  e2 0.08  nF 4.3  pS 0.32  ptS 0.31  fLog 0.61  pdΔ -0.1795  pkR 3.24  clip 0.13  kl +0.003
upd   93  steps  192512  sps 1683  opp symm  loss -0.009  pg +0.0156  v 0.008  ev +0.94  adv_std 0.129  tR +0.20  ent[s/d/p/e] 1.78/2.30/1.21/0.51  emits 0.37  spf 68.1  z0 0.76  garr 83.2  tG 610  e2 0.08  nF 3.6  pS 0.30  ptS 0.29  fLog 0.63  pdΔ -0.1988  pkR 3.65  clip 0.09  kl +0.002
upd   94  steps  194560  sps 1691  opp symm  loss -0.027  pg -0.0034  v 0.006  ev +0.93  adv_std 0.113  tR -0.43  ent[s/d/p/e] 1.56/2.19/1.15/0.50  emits 0.34  spf 67.5  z0 0.76  garr 88.9  tG 613  e2 0.07  nF 2.9  pS 0.28  ptS 0.27  fLog 0.62  pdΔ -0.2168  pkR 3.63  clip 0.11  kl +0.006
upd   95  steps  196608  sps 1699  opp symm  loss -0.018  pg +0.0073  v 0.006  ev +0.94  adv_std 0.112  tR +0.00  ent[s/d/p/e] 1.59/2.18/1.15/0.56  emits 0.40  spf 62.4  z0 0.73  garr 87.4  tG 604  e2 0.08  nF 3.6  pS 0.29  ptS 0.28  fLog 0.60  pdΔ -0.2112  pkR 3.66  clip 0.11  kl +0.003
upd   96  steps  198656  sps 1708  opp symm  loss -0.007  pg +0.0196  v 0.004  ev +0.96  adv_std 0.092  tR +0.00  ent[s/d/p/e] 1.73/2.29/1.22/0.52  emits 0.33  spf 68.6  z0 0.76  garr 89.0  tG 622  e2 0.06  nF 3.5  pS 0.31  ptS 0.30  fLog 0.63  pdΔ -0.1916  pkR 3.57  clip 0.07  kl +0.003
upd   97  steps  200704  sps 1716  opp symm  loss -0.038  pg -0.0107  v 0.006  ev +0.96  adv_std 0.109  tR +1.00  ent[s/d/p/e] 1.74/2.34/1.30/0.57  emits 0.43  spf 70.6  z0 0.73  garr 95.6  tG 667  e2 0.09  nF 3.8  pS 0.32  ptS 0.31  fLog 0.64  pdΔ -0.1764  pkR 4.30  clip 0.14  kl +0.003
upd   98  steps  202752  sps 1724  opp symm  loss -0.045  pg -0.0189  v 0.007  ev +0.95  adv_std 0.122  tR +0.50  ent[s/d/p/e] 1.78/2.32/1.32/0.53  emits 0.39  spf 72.4  z0 0.74  garr 91.6  tG 655  e2 0.08  nF 3.7  pS 0.33  ptS 0.31  fLog 0.64  pdΔ -0.1742  pkR 5.05  clip 0.09  kl +0.001
[eval_vs_v20] u99 tag=train_u99  bin0=0.0%  spf=0.00  garr=128.50  flip=0.00%  z0=71.9%  e8=0.0%  e2+=0.0%  WLD=0/3/0
upd   99  steps  204800  sps 1732  opp symm  loss +0.006  pg +0.0319  v 0.008  ev +0.95  adv_std 0.121  tR +0.43  ent[s/d/p/e] 1.83/2.33/1.31/0.55  emits 0.43  spf 72.8  z0 0.72  garr 88.2  tG 648  e2 0.10  nF 3.8  pS 0.32  ptS 0.31  fLog 0.63  pdΔ -0.1764  pkR 4.69  clip 0.10  kl +0.006 WRr 0.09 v20[spf 0.0 flip 0.0% e2+ 0.0%]
upd  100  steps  206848  sps 936  opp symm  loss -0.017  pg +0.0093  v 0.006  ev +0.95  adv_std 0.106  tR +0.00  ent[s/d/p/e] 1.79/2.32/1.26/0.55  emits 0.36  spf 71.0  z0 0.75  garr 83.9  tG 614  e2 0.07  nF 3.5  pS 0.31  ptS 0.30  fLog 0.63  pdΔ -0.1850  pkR 3.74  clip 0.08  kl +0.003
upd  101  steps  208896  sps 943  opp symm  loss -0.025  pg -0.0006  v 0.009  ev +0.92  adv_std 0.136  tR +0.00  ent[s/d/p/e] 1.69/2.26/1.22/0.52  emits 0.33  spf 69.0  z0 0.77  garr 89.3  tG 670  e2 0.06  nF 3.1  pS 0.32  ptS 0.32  fLog 0.62  pdΔ -0.1780  pkR 3.11  clip 0.06  kl +0.004
upd  102  steps  210944  sps 949  opp symm  loss -0.025  pg +0.0012  v 0.006  ev +0.95  adv_std 0.108  tR -0.33  ent[s/d/p/e] 1.65/2.25/1.27/0.54  emits 0.39  spf 68.3  z0 0.74  garr 89.3  tG 663  e2 0.08  nF 3.3  pS 0.31  ptS 0.30  fLog 0.62  pdΔ -0.1921  pkR 3.61  clip 0.07  kl +0.001
upd  103  steps  212992  sps 956  opp symm  loss -0.032  pg -0.0061  v 0.007  ev +0.95  adv_std 0.118  tR -0.50  ent[s/d/p/e] 1.74/2.23/1.31/0.55  emits 0.44  spf 69.0  z0 0.71  garr 87.2  tG 667  e2 0.10  nF 3.9  pS 0.32  ptS 0.31  fLog 0.63  pdΔ -0.1769  pkR 3.60  clip 0.08  kl +0.003
upd  104  steps  215040  sps 962  opp symm  loss -0.018  pg +0.0073  v 0.006  ev +0.96  adv_std 0.114  tR -0.33  ent[s/d/p/e] 1.78/2.19/1.29/0.52  emits 0.41  spf 66.0  z0 0.74  garr 84.3  tG 658  e2 0.08  nF 3.9  pS 0.32  ptS 0.32  fLog 0.62  pdΔ -0.1751  pkR 3.28  clip 0.10  kl +0.001
upd  105  steps  217088  sps 969  opp symm  loss +0.008  pg +0.0325  v 0.009  ev +0.94  adv_std 0.138  tR -0.71  ent[s/d/p/e] 1.83/2.26/1.28/0.54  emits 0.43  spf 69.7  z0 0.73  garr 81.3  tG 638  e2 0.09  nF 3.9  pS 0.32  ptS 0.32  fLog 0.63  pdΔ -0.1788  pkR 3.64  clip 0.09  kl +0.003
upd  106  steps  219136  sps 975  opp symm  loss -0.024  pg +0.0009  v 0.007  ev +0.96  adv_std 0.115  tR +0.50  ent[s/d/p/e] 1.64/2.18/1.29/0.50  emits 0.37  spf 60.5  z0 0.75  garr 78.8  tG 629  e2 0.08  nF 3.4  pS 0.31  ptS 0.31  fLog 0.60  pdΔ -0.1871  pkR 5.93  clip 0.08  kl -0.001
upd  107  steps  221184  sps 981  opp symm  loss -0.011  pg +0.0113  v 0.011  ev +0.93  adv_std 0.150  tR +0.50  ent[s/d/p/e] 1.65/2.21/1.25/0.52  emits 0.43  spf 58.8  z0 0.74  garr 76.8  tG 557  e2 0.09  nF 3.9  pS 0.28  ptS 0.28  fLog 0.59  pdΔ -0.2165  pkR 4.75  clip 0.07  kl -0.000
upd  108  steps  223232  sps 988  opp symm  loss -0.052  pg -0.0313  v 0.016  ev +0.91  adv_std 0.178  tR -0.50  ent[s/d/p/e] 1.74/2.24/1.27/0.54  emits 0.54  spf 51.4  z0 0.71  garr 73.9  tG 523  e2 0.12  nF 4.9  pS 0.30  ptS 0.29  fLog 0.57  pdΔ -0.2029  pkR 4.27  clip 0.06  kl -0.000
upd  109  steps  225280  sps 994  opp symm  loss +0.024  pg +0.0484  v 0.009  ev +0.95  adv_std 0.132  tR +0.50  ent[s/d/p/e] 1.76/2.19/1.24/0.54  emits 0.55  spf 44.4  z0 0.70  garr 64.6  tG 456  e2 0.12  nF 5.2  pS 0.29  ptS 0.28  fLog 0.56  pdΔ -0.2094  pkR 5.30  clip 0.10  kl +0.001
upd  110  steps  227328  sps 1000  opp symm  loss -0.009  pg +0.0141  v 0.012  ev +0.93  adv_std 0.151  tR +0.00  ent[s/d/p/e] 1.75/2.20/1.21/0.55  emits 0.60  spf 45.8  z0 0.68  garr 63.3  tG 461  e2 0.13  nF 5.5  pS 0.31  ptS 0.30  fLog 0.56  pdΔ -0.1919  pkR 4.43  clip 0.14  kl +0.007
upd  111  steps  229376  sps 1006  opp symm  loss +0.011  pg +0.0362  v 0.008  ev +0.95  adv_std 0.130  tR +0.50  ent[s/d/p/e] 1.78/2.22/1.21/0.57  emits 0.61  spf 48.3  z0 0.68  garr 59.2  tG 438  e2 0.13  nF 5.9  pS 0.31  ptS 0.30  fLog 0.58  pdΔ -0.1889  pkR 4.68  clip 0.20  kl +0.007
upd  112  steps  231424  sps 1012  opp symm  loss -0.002  pg +0.0235  v 0.008  ev +0.93  adv_std 0.128  tR -0.33  ent[s/d/p/e] 1.81/2.30/1.26/0.54  emits 0.47  spf 52.6  z0 0.72  garr 65.6  tG 485  e2 0.10  nF 5.4  pS 0.33  ptS 0.32  fLog 0.60  pdΔ -0.1733  pkR 4.17  clip 0.07  kl -0.000
upd  113  steps  233472  sps 1018  opp symm  loss +0.020  pg +0.0459  v 0.006  ev +0.94  adv_std 0.117  tR +0.33  ent[s/d/p/e] 1.89/2.32/1.24/0.55  emits 0.52  spf 58.0  z0 0.71  garr 72.2  tG 557  e2 0.11  nF 5.2  pS 0.35  ptS 0.34  fLog 0.62  pdΔ -0.1455  pkR 3.03  clip 0.09  kl -0.001
upd  114  steps  235520  sps 1024  opp symm  loss -0.028  pg -0.0018  v 0.007  ev +0.94  adv_std 0.120  tR +0.50  ent[s/d/p/e] 1.93/2.31/1.27/0.53  emits 0.43  spf 62.7  z0 0.74  garr 81.5  tG 652  e2 0.09  nF 4.4  pS 0.36  ptS 0.35  fLog 0.62  pdΔ -0.1368  pkR 3.97  clip 0.08  kl +0.003
upd  115  steps  237568  sps 1030  opp symm  loss -0.008  pg +0.0160  v 0.010  ev +0.91  adv_std 0.142  tR +0.43  ent[s/d/p/e] 1.78/2.23/1.32/0.52  emits 0.41  spf 68.3  z0 0.75  garr 86.6  tG 685  e2 0.09  nF 3.3  pS 0.34  ptS 0.33  fLog 0.63  pdΔ -0.1635  pkR 4.14  clip 0.07  kl +0.001
upd  116  steps  239616  sps 1036  opp symm  loss -0.005  pg +0.0212  v 0.005  ev +0.96  adv_std 0.095  tR -1.00  ent[s/d/p/e] 1.80/2.21/1.21/0.52  emits 0.40  spf 69.4  z0 0.74  garr 90.8  tG 715  e2 0.09  nF 3.5  pS 0.34  ptS 0.33  fLog 0.63  pdΔ -0.1609  pkR 3.95  clip 0.07  kl +0.002
upd  117  steps  241664  sps 1042  opp symm  loss +0.006  pg +0.0315  v 0.007  ev +0.94  adv_std 0.117  tR +0.20  ent[s/d/p/e] 1.78/2.19/1.29/0.51  emits 0.39  spf 67.2  z0 0.76  garr 94.6  tG 755  e2 0.08  nF 3.8  pS 0.34  ptS 0.34  fLog 0.63  pdΔ -0.1593  pkR 4.29  clip 0.07  kl +0.003
upd  118  steps  243712  sps 1048  opp symm  loss -0.009  pg +0.0180  v 0.004  ev +0.96  adv_std 0.091  tR -0.50  ent[s/d/p/e] 1.95/2.28/1.30/0.51  emits 0.42  spf 71.8  z0 0.75  garr 103.4  tG 849  e2 0.09  nF 4.0  pS 0.36  ptS 0.35  fLog 0.63  pdΔ -0.1418  pkR 4.46  clip 0.06  kl +0.000
upd  119  steps  245760  sps 1054  opp symm  loss +0.026  pg +0.0535  v 0.004  ev +0.95  adv_std 0.093  tR -0.33  ent[s/d/p/e] 1.96/2.28/1.27/0.51  emits 0.45  spf 68.9  z0 0.74  garr 112.1  tG 957  e2 0.09  nF 4.3  pS 0.38  ptS 0.37  fLog 0.62  pdΔ -0.1236  pkR 4.48  clip 0.08  kl +0.003
upd  120  steps  247808  sps 1060  opp symm  loss -0.024  pg -0.0015  v 0.010  ev +0.89  adv_std 0.138  tR +0.60  ent[s/d/p/e] 1.89/2.28/1.23/0.46  emits 0.29  spf 89.0  z0 0.80  garr 128.1  tG 1088  e2 0.06  nF 3.5  pS 0.37  ptS 0.36  fLog 0.66  pdΔ -0.1304  pkR 4.13  clip 0.05  kl +0.000
upd  121  steps  249856  sps 1066  opp symm  loss -0.041  pg -0.0171  v 0.007  ev +0.93  adv_std 0.119  tR +1.00  ent[s/d/p/e] 1.77/2.31/1.27/0.46  emits 0.23  spf 106.6  z0 0.83  garr 146.7  tG 1217  e2 0.04  nF 2.0  pS 0.35  ptS 0.34  fLog 0.69  pdΔ -0.1476  pkR 4.23  clip 0.08  kl +0.003
upd  122  steps  251904  sps 1072  opp symm  loss -0.064  pg -0.0381  v 0.004  ev +0.96  adv_std 0.090  tR +1.00  ent[s/d/p/e] 1.79/2.32/1.23/0.45  emits 0.29  spf 109.2  z0 0.81  garr 146.6  tG 1118  e2 0.05  nF 2.3  pS 0.33  ptS 0.32  fLog 0.69  pdΔ -0.1737  pkR 3.98  clip 0.07  kl +0.002
upd  123  steps  253952  sps 1077  opp symm  loss -0.068  pg -0.0417  v 0.006  ev +0.96  adv_std 0.105  tR +0.20  ent[s/d/p/e] 1.82/2.33/1.31/0.49  emits 0.32  spf 96.3  z0 0.79  garr 134.3  tG 1008  e2 0.07  nF 2.9  pS 0.32  ptS 0.31  fLog 0.67  pdΔ -0.1782  pkR 3.28  clip 0.12  kl +0.002
upd  124  steps  256000  sps 1083  opp symm  loss -0.075  pg -0.0503  v 0.005  ev +0.97  adv_std 0.098  tR -0.14  ent[s/d/p/e] 1.67/2.24/1.24/0.44  emits 0.26  spf 86.8  z0 0.81  garr 129.3  tG 977  e2 0.05  nF 2.7  pS 0.32  ptS 0.31  fLog 0.66  pdΔ -0.1850  pkR 3.51  clip 0.08  kl -0.002
upd  125  steps  258048  sps 1089  opp symm  loss -0.047  pg -0.0246  v 0.010  ev +0.93  adv_std 0.139  tR -0.33  ent[s/d/p/e] 1.76/2.33/1.15/0.46  emits 0.29  spf 91.7  z0 0.81  garr 124.7  tG 919  e2 0.05  nF 2.4  pS 0.29  ptS 0.28  fLog 0.67  pdΔ -0.2102  pkR 4.12  clip 0.07  kl +0.000
upd  126  steps  260096  sps 1094  opp symm  loss +0.032  pg +0.0531  v 0.011  ev +0.93  adv_std 0.145  tR +0.33  ent[s/d/p/e] 1.62/2.28/1.15/0.47  emits 0.36  spf 79.7  z0 0.77  garr 115.7  tG 832  e2 0.07  nF 2.7  pS 0.29  ptS 0.28  fLog 0.64  pdΔ -0.2125  pkR 4.86  clip 0.08  kl +0.002
upd  127  steps  262144  sps 1100  opp symm  loss +0.005  pg +0.0281  v 0.006  ev +0.96  adv_std 0.107  tR +1.00  ent[s/d/p/e] 1.62/2.32/1.15/0.43  emits 0.25  spf 80.6  z0 0.82  garr 121.3  tG 911  e2 0.05  nF 2.5  pS 0.30  ptS 0.30  fLog 0.65  pdΔ -0.1967  pkR 4.77  clip 0.05  kl -0.000
upd  128  steps  264192  sps 1106  opp symm  loss +0.004  pg +0.0277  v 0.009  ev +0.94  adv_std 0.132  tR -0.67  ent[s/d/p/e] 1.70/2.32/1.27/0.45  emits 0.28  spf 94.3  z0 0.82  garr 130.2  tG 976  e2 0.05  nF 2.3  pS 0.30  ptS 0.30  fLog 0.67  pdΔ -0.1975  pkR 4.76  clip 0.06  kl +0.000
upd  129  steps  266240  sps 1111  opp symm  loss -0.050  pg -0.0250  v 0.005  ev +0.96  adv_std 0.099  tR -1.00  ent[s/d/p/e] 1.75/2.38/1.25/0.43  emits 0.23  spf 113.3  z0 0.83  garr 137.1  tG 1086  e2 0.04  nF 1.8  pS 0.32  ptS 0.31  fLog 0.71  pdΔ -0.1782  pkR 4.83  clip 0.05  kl +0.002
upd  130  steps  268288  sps 1117  opp symm  loss -0.051  pg -0.0269  v 0.009  ev +0.93  adv_std 0.137  tR +0.00  ent[s/d/p/e] 1.75/2.37/1.30/0.50  emits 0.31  spf 108.5  z0 0.79  garr 134.4  tG 1095  e2 0.06  nF 2.2  pS 0.33  ptS 0.33  fLog 0.69  pdΔ -0.1666  pkR 5.08  clip 0.10  kl +0.006
upd  131  steps  270336  sps 1122  opp symm  loss +0.011  pg +0.0349  v 0.007  ev +0.94  adv_std 0.123  tR +1.00  ent[s/d/p/e] 1.70/2.30/1.24/0.48  emits 0.36  spf 88.5  z0 0.76  garr 118.4  tG 904  e2 0.07  nF 2.9  pS 0.33  ptS 0.32  fLog 0.66  pdΔ -0.1668  pkR 4.19  clip 0.08  kl +0.004
upd  132  steps  272384  sps 1128  opp symm  loss -0.009  pg +0.0145  v 0.011  ev +0.92  adv_std 0.145  tR -0.20  ent[s/d/p/e] 1.83/2.36/1.27/0.47  emits 0.31  spf 89.8  z0 0.80  garr 130.0  tG 994  e2 0.07  nF 2.8  pS 0.35  ptS 0.34  fLog 0.67  pdΔ -0.1542  pkR 4.38  clip 0.08  kl +0.003
upd  133  steps  274432  sps 1133  opp symm  loss -0.035  pg -0.0103  v 0.005  ev +0.96  adv_std 0.104  tR -0.50  ent[s/d/p/e] 1.83/2.37/1.25/0.44  emits 0.25  spf 88.3  z0 0.83  garr 133.9  tG 1027  e2 0.04  nF 2.3  pS 0.33  ptS 0.32  fLog 0.67  pdΔ -0.1694  pkR 3.68  clip 0.06  kl +0.001
upd  134  steps  276480  sps 1139  opp symm  loss -0.044  pg -0.0180  v 0.005  ev +0.96  adv_std 0.107  tR +0.50  ent[s/d/p/e] 1.87/2.44/1.27/0.45  emits 0.27  spf 100.0  z0 0.82  garr 142.6  tG 1128  e2 0.05  nF 2.0  pS 0.33  ptS 0.32  fLog 0.68  pdΔ -0.1727  pkR 3.95  clip 0.06  kl +0.002
upd  135  steps  278528  sps 1144  opp symm  loss -0.084  pg -0.0596  v 0.008  ev +0.95  adv_std 0.130  tR +0.33  ent[s/d/p/e] 1.92/2.46/1.20/0.45  emits 0.31  spf 97.5  z0 0.81  garr 154.3  tG 1206  e2 0.06  nF 2.2  pS 0.33  ptS 0.33  fLog 0.68  pdΔ -0.1680  pkR 4.41  clip 0.07  kl +0.003
upd  136  steps  280576  sps 1149  opp symm  loss -0.058  pg -0.0361  v 0.012  ev +0.92  adv_std 0.151  tR +0.43  ent[s/d/p/e] 1.76/2.39/1.23/0.46  emits 0.27  spf 98.5  z0 0.82  garr 143.9  tG 1095  e2 0.05  nF 2.0  pS 0.31  ptS 0.30  fLog 0.68  pdΔ -0.1874  pkR 4.99  clip 0.06  kl +0.001
upd  137  steps  282624  sps 1155  opp symm  loss -0.023  pg +0.0006  v 0.009  ev +0.94  adv_std 0.129  tR +0.33  ent[s/d/p/e] 1.69/2.34/1.23/0.46  emits 0.32  spf 99.3  z0 0.79  garr 129.9  tG 972  e2 0.06  nF 2.7  pS 0.31  ptS 0.30  fLog 0.67  pdΔ -0.1929  pkR 4.88  clip 0.07  kl +0.004
upd  138  steps  284672  sps 1160  opp symm  loss -0.029  pg -0.0061  v 0.009  ev +0.93  adv_std 0.135  tR +0.00  ent[s/d/p/e] 1.65/2.26/1.29/0.44  emits 0.24  spf 86.6  z0 0.82  garr 130.1  tG 950  e2 0.05  nF 2.2  pS 0.31  ptS 0.30  fLog 0.66  pdΔ -0.1910  pkR 4.07  clip 0.07  kl -0.001
upd  139  steps  286720  sps 1165  opp symm  loss -0.012  pg +0.0123  v 0.006  ev +0.95  adv_std 0.111  tR -0.33  ent[s/d/p/e] 1.68/2.21/1.24/0.49  emits 0.30  spf 100.6  z0 0.79  garr 136.2  tG 997  e2 0.06  nF 2.5  pS 0.32  ptS 0.31  fLog 0.68  pdΔ -0.1839  pkR 4.13  clip 0.08  kl +0.003
upd  140  steps  288768  sps 1170  opp symm  loss -0.025  pg -0.0077  v 0.018  ev +0.85  adv_std 0.192  tR -0.20  ent[s/d/p/e] 1.56/2.12/1.24/0.46  emits 0.25  spf 73.8  z0 0.82  garr 111.3  tG 844  e2 0.04  nF 2.3  pS 0.30  ptS 0.30  fLog 0.64  pdΔ -0.1988  pkR 5.72  clip 0.06  kl +0.004
upd  141  steps  290816  sps 1176  opp symm  loss -0.065  pg -0.0402  v 0.005  ev +0.95  adv_std 0.103  tR +0.20  ent[s/d/p/e] 1.57/2.16/1.26/0.53  emits 0.35  spf 75.2  z0 0.78  garr 102.4  tG 751  e2 0.08  nF 3.2  pS 0.29  ptS 0.28  fLog 0.64  pdΔ -0.2108  pkR 6.89  clip 0.10  kl +0.004
upd  142  steps  292864  sps 1181  opp symm  loss -0.010  pg +0.0141  v 0.005  ev +0.95  adv_std 0.103  tR +0.50  ent[s/d/p/e] 1.55/2.13/1.23/0.50  emits 0.36  spf 68.9  z0 0.77  garr 95.3  tG 675  e2 0.07  nF 3.3  pS 0.29  ptS 0.28  fLog 0.63  pdΔ -0.2079  pkR 7.55  clip 0.09  kl +0.005
upd  143  steps  294912  sps 1186  opp symm  loss -0.057  pg -0.0325  v 0.006  ev +0.95  adv_std 0.116  tR +1.00  ent[s/d/p/e] 1.65/2.14/1.25/0.53  emits 0.35  spf 68.1  z0 0.77  garr 102.7  tG 729  e2 0.07  nF 3.6  pS 0.31  ptS 0.30  fLog 0.63  pdΔ -0.1885  pkR 5.18  clip 0.07  kl +0.003
upd  144  steps  296960  sps 1191  opp symm  loss -0.039  pg -0.0140  v 0.008  ev +0.95  adv_std 0.123  tR -0.60  ent[s/d/p/e] 1.69/2.14/1.29/0.53  emits 0.40  spf 72.3  z0 0.75  garr 105.5  tG 765  e2 0.08  nF 3.5  pS 0.31  ptS 0.31  fLog 0.64  pdΔ -0.1868  pkR 5.32  clip 0.08  kl +0.004
upd  145  steps  299008  sps 1196  opp symm  loss -0.065  pg -0.0379  v 0.007  ev +0.96  adv_std 0.121  tR +0.00  ent[s/d/p/e] 1.85/2.18/1.32/0.59  emits 0.56  spf 65.7  z0 0.70  garr 93.6  tG 693  e2 0.12  nF 4.9  pS 0.35  ptS 0.34  fLog 0.63  pdΔ -0.1542  pkR 4.91  clip 0.13  kl +0.006
upd  146  steps  301056  sps 1201  opp symm  loss -0.030  pg -0.0059  v 0.011  ev +0.95  adv_std 0.146  tR +0.00  ent[s/d/p/e] 1.90/2.26/1.20/0.56  emits 0.59  spf 63.6  z0 0.69  garr 77.8  tG 620  e2 0.13  nF 5.2  pS 0.36  ptS 0.35  fLog 0.63  pdΔ -0.1371  pkR 4.11  clip 0.15  kl +0.002
upd  147  steps  303104  sps 1206  opp symm  loss -0.044  pg -0.0171  v 0.006  ev +0.97  adv_std 0.106  tR -0.33  ent[s/d/p/e] 1.90/2.29/1.21/0.56  emits 0.59  spf 61.7  z0 0.70  garr 68.3  tG 561  e2 0.13  nF 5.3  pS 0.35  ptS 0.34  fLog 0.62  pdΔ -0.1487  pkR 4.28  clip 0.16  kl +0.006
upd  148  steps  305152  sps 1211  opp symm  loss +0.006  pg +0.0309  v 0.007  ev +0.96  adv_std 0.121  tR +0.00  ent[s/d/p/e] 1.86/2.29/1.12/0.53  emits 0.51  spf 64.2  z0 0.72  garr 68.3  tG 561  e2 0.11  nF 5.2  pS 0.34  ptS 0.33  fLog 0.62  pdΔ -0.1641  pkR 4.47  clip 0.12  kl +0.002
upd  149  steps  307200  sps 1216  opp symm  loss -0.059  pg -0.0356  v 0.009  ev +0.94  adv_std 0.138  tR -0.43  ent[s/d/p/e] 1.76/2.21/1.12/0.52  emits 0.47  spf 68.5  z0 0.73  garr 68.6  tG 536  e2 0.10  nF 4.3  pS 0.32  ptS 0.31  fLog 0.64  pdΔ -0.1834  pkR 4.13  clip 0.08  kl +0.002
upd  150  steps  309248  sps 1221  opp symm  loss -0.015  pg +0.0096  v 0.004  ev +0.98  adv_std 0.091  tR +1.00  ent[s/d/p/e] 1.54/2.09/1.21/0.51  emits 0.38  spf 66.0  z0 0.76  garr 74.6  tG 575  e2 0.08  nF 3.6  pS 0.30  ptS 0.29  fLog 0.62  pdΔ -0.1972  pkR 4.82  clip 0.06  kl +0.002
upd  151  steps  311296  sps 1226  opp symm  loss -0.035  pg -0.0108  v 0.008  ev +0.96  adv_std 0.127  tR -0.25  ent[s/d/p/e] 1.63/2.16/1.27/0.51  emits 0.37  spf 72.1  z0 0.76  garr 80.3  tG 612  e2 0.07  nF 3.4  pS 0.30  ptS 0.29  fLog 0.65  pdΔ -0.1960  pkR 4.78  clip 0.07  kl +0.003
upd  152  steps  313344  sps 1231  opp symm  loss -0.056  pg -0.0313  v 0.008  ev +0.96  adv_std 0.124  tR +1.00  ent[s/d/p/e] 1.64/2.13/1.27/0.54  emits 0.48  spf 70.5  z0 0.72  garr 77.1  tG 560  e2 0.10  nF 4.2  pS 0.30  ptS 0.29  fLog 0.64  pdΔ -0.2006  pkR 4.61  clip 0.11  kl +0.004
upd  153  steps  315392  sps 1236  opp symm  loss -0.070  pg -0.0445  v 0.006  ev +0.97  adv_std 0.109  tR -0.33  ent[s/d/p/e] 1.72/2.20/1.28/0.50  emits 0.43  spf 65.2  z0 0.75  garr 83.2  tG 618  e2 0.09  nF 4.2  pS 0.31  ptS 0.31  fLog 0.63  pdΔ -0.1855  pkR 5.05  clip 0.09  kl +0.003
upd  154  steps  317440  sps 1241  opp symm  loss -0.061  pg -0.0352  v 0.006  ev +0.97  adv_std 0.111  tR -0.14  ent[s/d/p/e] 1.77/2.24/1.20/0.53  emits 0.47  spf 68.5  z0 0.74  garr 94.0  tG 706  e2 0.10  nF 4.5  pS 0.33  ptS 0.32  fLog 0.63  pdΔ -0.1719  pkR 5.28  clip 0.08  kl +0.001
upd  155  steps  319488  sps 1246  opp symm  loss -0.020  pg +0.0026  v 0.009  ev +0.95  adv_std 0.139  tR +0.00  ent[s/d/p/e] 1.66/2.18/1.18/0.49  emits 0.37  spf 77.0  z0 0.76  garr 101.7  tG 731  e2 0.07  nF 3.4  pS 0.30  ptS 0.29  fLog 0.65  pdΔ -0.1991  pkR 4.94  clip 0.07  kl +0.003
upd  156  steps  321536  sps 1251  opp symm  loss -0.005  pg +0.0150  v 0.012  ev +0.93  adv_std 0.155  tR +0.33  ent[s/d/p/e] 1.52/2.10/1.22/0.47  emits 0.31  spf 75.7  z0 0.79  garr 98.3  tG 647  e2 0.06  nF 2.5  pS 0.26  ptS 0.25  fLog 0.64  pdΔ -0.2442  pkR 5.06  clip 0.05  kl -0.000
upd  157  steps  323584  sps 1255  opp symm  loss -0.053  pg -0.0301  v 0.007  ev +0.96  adv_std 0.119  tR -1.00  ent[s/d/p/e] 1.33/2.05/1.25/0.48  emits 0.28  spf 69.0  z0 0.80  garr 87.8  tG 557  e2 0.05  nF 2.8  pS 0.24  ptS 0.24  fLog 0.63  pdΔ -0.2592  pkR 5.96  clip 0.06  kl +0.001
upd  158  steps  325632  sps 1260  opp symm  loss -0.027  pg -0.0042  v 0.010  ev +0.95  adv_std 0.135  tR -0.33  ent[s/d/p/e] 1.47/2.12/1.28/0.52  emits 0.32  spf 65.6  z0 0.78  garr 86.8  tG 604  e2 0.07  nF 2.9  pS 0.26  ptS 0.26  fLog 0.62  pdΔ -0.2395  pkR 5.55  clip 0.09  kl +0.003
upd  159  steps  327680  sps 1265  opp symm  loss -0.008  pg +0.0142  v 0.010  ev +0.95  adv_std 0.138  tR +0.50  ent[s/d/p/e] 1.56/2.14/1.26/0.47  emits 0.32  spf 78.8  z0 0.78  garr 88.6  tG 642  e2 0.06  nF 2.9  pS 0.28  ptS 0.28  fLog 0.65  pdΔ -0.2200  pkR 5.11  clip 0.12  kl +0.006
upd  160  steps  329728  sps 1270  opp symm  loss +0.003  pg +0.0271  v 0.008  ev +0.95  adv_std 0.130  tR +0.00  ent[s/d/p/e] 1.62/2.13/1.24/0.52  emits 0.32  spf 70.3  z0 0.79  garr 93.0  tG 640  e2 0.06  nF 2.9  pS 0.28  ptS 0.28  fLog 0.64  pdΔ -0.2157  pkR 4.33  clip 0.10  kl +0.002
upd  161  steps  331776  sps 1274  opp symm  loss -0.015  pg +0.0085  v 0.008  ev +0.95  adv_std 0.124  tR -0.50  ent[s/d/p/e] 1.65/2.16/1.24/0.50  emits 0.36  spf 77.6  z0 0.76  garr 96.2  tG 657  e2 0.07  nF 3.4  pS 0.29  ptS 0.28  fLog 0.64  pdΔ -0.2078  pkR 4.24  clip 0.07  kl +0.002
upd  162  steps  333824  sps 1279  opp symm  loss -0.058  pg -0.0340  v 0.008  ev +0.95  adv_std 0.128  tR -0.50  ent[s/d/p/e] 1.73/2.21/1.20/0.54  emits 0.41  spf 71.2  z0 0.76  garr 89.0  tG 615  e2 0.08  nF 3.8  pS 0.29  ptS 0.28  fLog 0.63  pdΔ -0.2097  pkR 5.04  clip 0.10  kl +0.004
upd  163  steps  335872  sps 1284  opp symm  loss -0.027  pg -0.0004  v 0.005  ev +0.97  adv_std 0.094  tR +1.00  ent[s/d/p/e] 1.81/2.24/1.21/0.52  emits 0.41  spf 68.4  z0 0.75  garr 90.6  tG 658  e2 0.09  nF 4.2  pS 0.31  ptS 0.31  fLog 0.62  pdΔ -0.1901  pkR 4.31  clip 0.10  kl +0.008
upd  164  steps  337920  sps 1288  opp symm  loss -0.061  pg -0.0352  v 0.006  ev +0.97  adv_std 0.115  tR -1.00  ent[s/d/p/e] 1.86/2.25/1.26/0.53  emits 0.43  spf 74.0  z0 0.74  garr 88.1  tG 674  e2 0.09  nF 4.6  pS 0.33  ptS 0.32  fLog 0.64  pdΔ -0.1722  pkR 4.25  clip 0.09  kl +0.000
upd  165  steps  339968  sps 1293  opp symm  loss -0.028  pg -0.0030  v 0.007  ev +0.96  adv_std 0.120  tR +0.50  ent[s/d/p/e] 1.88/2.24/1.18/0.52  emits 0.43  spf 68.5  z0 0.75  garr 86.8  tG 692  e2 0.09  nF 4.6  pS 0.34  ptS 0.33  fLog 0.63  pdΔ -0.1585  pkR 4.77  clip 0.08  kl +0.002
upd  166  steps  342016  sps 1298  opp symm  loss -0.028  pg -0.0026  v 0.008  ev +0.96  adv_std 0.124  tR +0.50  ent[s/d/p/e] 1.86/2.27/1.18/0.55  emits 0.52  spf 71.5  z0 0.71  garr 84.0  tG 665  e2 0.11  nF 4.8  pS 0.33  ptS 0.33  fLog 0.63  pdΔ -0.1672  pkR 4.96  clip 0.13  kl +0.003
upd  167  steps  344064  sps 1302  opp symm  loss +0.016  pg +0.0395  v 0.008  ev +0.96  adv_std 0.127  tR +0.20  ent[s/d/p/e] 1.84/2.27/1.14/0.47  emits 0.37  spf 68.1  z0 0.77  garr 77.3  tG 599  e2 0.08  nF 4.3  pS 0.32  ptS 0.32  fLog 0.63  pdΔ -0.1792  pkR 4.08  clip 0.15  kl +0.003
upd  168  steps  346112  sps 1307  opp symm  loss -0.082  pg -0.0611  v 0.012  ev +0.94  adv_std 0.157  tR +0.20  ent[s/d/p/e] 1.71/2.19/1.17/0.48  emits 0.29  spf 71.2  z0 0.80  garr 90.6  tG 717  e2 0.05  nF 3.2  pS 0.31  ptS 0.31  fLog 0.63  pdΔ -0.1873  pkR 4.54  clip 0.09  kl +0.003
upd  169  steps  348160  sps 1311  opp symm  loss -0.011  pg +0.0133  v 0.008  ev +0.96  adv_std 0.127  tR +0.50  ent[s/d/p/e] 1.88/2.26/1.10/0.52  emits 0.43  spf 70.0  z0 0.76  garr 90.1  tG 696  e2 0.09  nF 4.0  pS 0.31  ptS 0.31  fLog 0.63  pdΔ -0.1872  pkR 4.35  clip 0.06  kl +0.000
upd  170  steps  350208  sps 1316  opp symm  loss -0.020  pg +0.0056  v 0.005  ev +0.98  adv_std 0.098  tR +0.00  ent[s/d/p/e] 1.90/2.31/1.13/0.52  emits 0.44  spf 65.1  z0 0.74  garr 94.2  tG 713  e2 0.09  nF 4.5  pS 0.33  ptS 0.32  fLog 0.62  pdΔ -0.1710  pkR 4.62  clip 0.06  kl +0.002
upd  171  steps  352256  sps 1320  opp symm  loss -0.046  pg -0.0229  v 0.008  ev +0.96  adv_std 0.125  tR -0.17  ent[s/d/p/e] 1.71/2.17/1.12/0.52  emits 0.39  spf 66.6  z0 0.77  garr 77.4  tG 580  e2 0.09  nF 3.6  pS 0.29  ptS 0.29  fLog 0.62  pdΔ -0.2072  pkR 5.61  clip 0.06  kl +0.002
upd  172  steps  354304  sps 1325  opp symm  loss -0.041  pg -0.0190  v 0.009  ev +0.95  adv_std 0.135  tR +0.00  ent[s/d/p/e] 1.55/1.94/1.13/0.52  emits 0.41  spf 56.7  z0 0.74  garr 65.3  tG 477  e2 0.09  nF 3.6  pS 0.27  ptS 0.27  fLog 0.60  pdΔ -0.2278  pkR 4.70  clip 0.05  kl -0.000
upd  173  steps  356352  sps 1329  opp symm  loss -0.055  pg -0.0313  v 0.006  ev +0.97  adv_std 0.115  tR -1.00  ent[s/d/p/e] 1.54/1.98/1.15/0.56  emits 0.47  spf 55.0  z0 0.72  garr 66.8  tG 486  e2 0.11  nF 4.4  pS 0.29  ptS 0.28  fLog 0.60  pdΔ -0.2149  pkR 5.04  clip 0.05  kl +0.001
upd  174  steps  358400  sps 1334  opp symm  loss -0.042  pg -0.0181  v 0.007  ev +0.97  adv_std 0.119  tR -0.33  ent[s/d/p/e] 1.69/2.08/1.15/0.55  emits 0.50  spf 54.9  z0 0.72  garr 64.4  tG 508  e2 0.11  nF 5.3  pS 0.30  ptS 0.30  fLog 0.59  pdΔ -0.1997  pkR 6.07  clip 0.06  kl -0.001
upd  175  steps  360448  sps 1338  opp symm  loss -0.019  pg +0.0052  v 0.008  ev +0.96  adv_std 0.126  tR -0.14  ent[s/d/p/e] 1.81/2.15/1.13/0.54  emits 0.50  spf 56.4  z0 0.72  garr 69.0  tG 537  e2 0.10  nF 4.9  pS 0.32  ptS 0.31  fLog 0.60  pdΔ -0.1840  pkR 6.47  clip 0.07  kl +0.002
upd  176  steps  362496  sps 1342  opp symm  loss -0.034  pg -0.0098  v 0.007  ev +0.97  adv_std 0.117  tR -0.20  ent[s/d/p/e] 1.78/2.18/1.10/0.55  emits 0.51  spf 63.9  z0 0.71  garr 71.2  tG 564  e2 0.11  nF 5.2  pS 0.32  ptS 0.32  fLog 0.62  pdΔ -0.1763  pkR 5.97  clip 0.05  kl +0.001
upd  177  steps  364544  sps 1347  opp symm  loss -0.051  pg -0.0268  v 0.010  ev +0.95  adv_std 0.140  tR +0.00  ent[s/d/p/e] 1.87/2.21/1.12/0.57  emits 0.67  spf 59.4  z0 0.65  garr 68.9  tG 550  e2 0.14  nF 6.0  pS 0.34  ptS 0.34  fLog 0.61  pdΔ -0.1577  pkR 5.52  clip 0.09  kl +0.001
upd  178  steps  366592  sps 1351  opp symm  loss -0.009  pg +0.0143  v 0.011  ev +0.95  adv_std 0.149  tR +0.00  ent[s/d/p/e] 1.89/2.26/1.11/0.57  emits 0.67  spf 60.1  z0 0.66  garr 67.2  tG 536  e2 0.15  nF 6.4  pS 0.35  ptS 0.34  fLog 0.61  pdΔ -0.1525  pkR 3.88  clip 0.10  kl +0.002
upd  179  steps  368640  sps 1355  opp symm  loss -0.035  pg -0.0095  v 0.007  ev +0.96  adv_std 0.123  tR -1.00  ent[s/d/p/e] 1.79/2.16/1.19/0.56  emits 0.57  spf 60.5  z0 0.69  garr 70.2  tG 582  e2 0.12  nF 5.8  pS 0.36  ptS 0.35  fLog 0.62  pdΔ -0.1418  pkR 5.57  clip 0.19  kl +0.009
upd  180  steps  370688  sps 1360  opp symm  loss +0.007  pg +0.0318  v 0.009  ev +0.96  adv_std 0.130  tR +0.50  ent[s/d/p/e] 1.77/2.13/1.17/0.58  emits 0.62  spf 60.2  z0 0.67  garr 74.0  tG 647  e2 0.13  nF 5.9  pS 0.37  ptS 0.36  fLog 0.61  pdΔ -0.1330  pkR 7.82  clip 0.21  kl +0.004
upd  181  steps  372736  sps 1364  opp symm  loss +0.011  pg +0.0356  v 0.008  ev +0.96  adv_std 0.128  tR +0.67  ent[s/d/p/e] 1.76/2.08/1.19/0.54  emits 0.55  spf 64.6  z0 0.69  garr 78.0  tG 684  e2 0.12  nF 5.3  pS 0.37  ptS 0.36  fLog 0.62  pdΔ -0.1342  pkR 8.02  clip 0.10  kl +0.005
upd  182  steps  374784  sps 1368  opp symm  loss -0.016  pg +0.0085  v 0.008  ev +0.96  adv_std 0.129  tR +0.71  ent[s/d/p/e] 1.70/2.12/1.25/0.55  emits 0.51  spf 62.6  z0 0.72  garr 78.4  tG 641  e2 0.10  nF 5.2  pS 0.35  ptS 0.33  fLog 0.61  pdΔ -0.1535  pkR 6.05  clip 0.10  kl +0.006
upd  183  steps  376832  sps 1372  opp symm  loss -0.016  pg +0.0086  v 0.006  ev +0.97  adv_std 0.116  tR +1.00  ent[s/d/p/e] 1.71/2.09/1.19/0.54  emits 0.53  spf 58.5  z0 0.70  garr 82.5  tG 667  e2 0.11  nF 5.4  pS 0.35  ptS 0.33  fLog 0.60  pdΔ -0.1504  pkR 3.82  clip 0.09  kl +0.005
upd  184  steps  378880  sps 1377  opp symm  loss -0.033  pg -0.0092  v 0.008  ev +0.96  adv_std 0.131  tR +0.20  ent[s/d/p/e] 1.70/2.13/1.18/0.54  emits 0.53  spf 60.9  z0 0.72  garr 85.6  tG 699  e2 0.12  nF 5.4  pS 0.35  ptS 0.33  fLog 0.61  pdΔ -0.1507  pkR 4.35  clip 0.07  kl +0.003
upd  185  steps  380928  sps 1381  opp symm  loss -0.023  pg -0.0004  v 0.010  ev +0.96  adv_std 0.142  tR +0.33  ent[s/d/p/e] 1.72/2.16/1.16/0.52  emits 0.51  spf 68.2  z0 0.72  garr 86.0  tG 699  e2 0.10  nF 4.9  pS 0.34  ptS 0.32  fLog 0.62  pdΔ -0.1594  pkR 4.60  clip 0.12  kl +0.003