
=== [2026-06-11T03:36:31Z] v14e_binary_v1_a_p0i3_ORBITWARS_SHAPING_PROD_SHARE_DELTA_0.04_3cecc94b43 phase=a kind=probe chunk=300 env={"ORBITWARS_SHAPING_ANTI_HOARD": 0.03, "ORBITWARS_SHAPING_CAPTURE": 0.06, "ORBITWARS_SHAPING_RELEASE": 0.0075, "ORBITWARS_SHAPING_RELEASE_K": 17.0, "ORBITWARS_SHAPING_PROD_SHARE_DELTA": 0.04, "ORBITWARS_SHAPING_ONE_SHIP_PENALTY": 0.01} ppo={"ent_coef_emit": 0.0175, "lr_peak": 4.5e-05} ===
[reward] kaggle-aligned: terminal +1 win/+1 tie>0/-1 loss/-1 double-wipeout; is_terminal at step >= episode_steps-2; SHAPING_SCALE=0.0; v1: KEEP_HOME=0.0 FLEET_SIZE=0.0/norm20.0; v2 (expert-replay calibrated): PROD_SHARE=0.0 PLANET_SHARE=0.0 FLEET_LOG=0.0/ref500.0/floor0.3; v3 (top10-2630ep calibrated): PROD_SHARE_DELTA=0.04 EMIT_LOG=0.0 EMIT_GATED=0.0 RELEASE=0.0075/K17.0 CAPTURE=0.06; ANTI_HOARD=0.03/thresh0.6; episode_steps=500 (kaggle=500, mismatch=False)
[symmetric] Frog Parade style: same params drive BOTH players, no frozen/strong/buffer opponents, zero_sum_value=True
upd    0  steps    2048  sps 38  opp symm  loss +0.065  pg +0.0809  v 0.002  ev +0.05  adv_std 0.064  tR +0.00  ent[s/d/p/e] 0.34/1.18/1.25/0.28  emits 0.36  spf 12.8  z0 0.74  garr 14.2  tG 18  e2 0.06  nF 2.4  pS 0.06  ptS 0.06  fLog 0.40  pdΔ -0.4395  pkR 5.68  clip 0.03  kl +0.000
upd    1  steps    4096  sps 74  opp symm  loss +0.072  pg +0.0920  v 0.002  ev +0.73  adv_std 0.069  tR +0.00  ent[s/d/p/e] 0.77/1.25/1.16/0.47  emits 0.85  spf 13.2  z0 0.58  garr 14.7  tG 35  e2 0.21  nF 8.6  pS 0.10  ptS 0.11  fLog 0.38  pdΔ -0.3978  pkR 8.82  clip 0.16  kl +0.003
upd    2  steps    6144  sps 110  opp symm  loss +0.007  pg +0.0292  v 0.004  ev +0.70  adv_std 0.087  tR +1.00  ent[s/d/p/e] 1.18/1.59/1.17/0.52  emits 1.11  spf 16.2  z0 0.52  garr 16.7  tG 65  e2 0.27  nF 13.6  pS 0.16  ptS 0.16  fLog 0.40  pdΔ -0.3435  pkR 7.07  clip 0.13  kl +0.003
upd    3  steps    8192  sps 145  opp symm  loss +0.006  pg +0.0304  v 0.004  ev +0.60  adv_std 0.089  tR +1.00  ent[s/d/p/e] 1.42/1.78/1.15/0.57  emits 1.15  spf 19.9  z0 0.50  garr 21.8  tG 132  e2 0.27  nF 15.0  pS 0.21  ptS 0.22  fLog 0.43  pdΔ -0.2862  pkR 8.61  clip 0.19  kl +0.004
upd    4  steps   10240  sps 180  opp symm  loss -0.033  pg -0.0087  v 0.005  ev +0.73  adv_std 0.102  tR +0.00  ent[s/d/p/e] 1.51/1.88/1.09/0.59  emits 1.33  spf 23.1  z0 0.46  garr 25.9  tG 200  e2 0.32  nF 17.1  pS 0.25  ptS 0.25  fLog 0.43  pdΔ -0.2474  pkR 11.28  clip 0.23  kl +0.009
upd    5  steps   12288  sps 213  opp symm  loss +0.001  pg +0.0275  v 0.003  ev +0.71  adv_std 0.078  tR +1.00  ent[s/d/p/e] 1.62/1.96/1.12/0.60  emits 1.30  spf 25.1  z0 0.46  garr 29.9  tG 257  e2 0.30  nF 18.9  pS 0.28  ptS 0.28  fLog 0.44  pdΔ -0.2184  pkR 11.90  clip 0.27  kl +0.009
upd    6  steps   14336  sps 246  opp symm  loss -0.013  pg +0.0145  v 0.003  ev +0.77  adv_std 0.077  tR +1.00  ent[s/d/p/e] 1.73/2.03/1.13/0.62  emits 1.18  spf 30.1  z0 0.49  garr 36.8  tG 360  e2 0.29  nF 17.1  pS 0.32  ptS 0.32  fLog 0.46  pdΔ -0.1757  pkR 10.08  clip 0.24  kl +0.009
upd    7  steps   16384  sps 278  opp symm  loss -0.082  pg -0.0553  v 0.006  ev +0.71  adv_std 0.105  tR +0.20  ent[s/d/p/e] 1.76/2.10/1.10/0.62  emits 1.18  spf 32.0  z0 0.51  garr 38.1  tG 386  e2 0.28  nF 15.6  pS 0.34  ptS 0.33  fLog 0.48  pdΔ -0.1637  pkR 14.12  clip 0.24  kl +0.008
upd    8  steps   18432  sps 309  opp symm  loss +0.024  pg +0.0508  v 0.004  ev +0.66  adv_std 0.093  tR +1.00  ent[s/d/p/e] 1.71/2.03/1.12/0.62  emits 1.27  spf 29.7  z0 0.47  garr 36.3  tG 360  e2 0.31  nF 15.7  pS 0.33  ptS 0.33  fLog 0.46  pdΔ -0.1661  pkR 15.25  clip 0.38  kl +0.019
upd    9  steps   20480  sps 340  opp symm  loss -0.035  pg -0.0082  v 0.005  ev +0.77  adv_std 0.106  tR +0.50  ent[s/d/p/e] 1.78/2.08/1.11/0.61  emits 1.10  spf 32.9  z0 0.51  garr 37.2  tG 376  e2 0.27  nF 14.8  pS 0.34  ptS 0.34  fLog 0.47  pdΔ -0.1587  pkR 6.21  clip 0.20  kl +0.006
upd   10  steps   22528  sps 370  opp symm  loss -0.098  pg -0.0695  v 0.003  ev +0.85  adv_std 0.072  tR -1.00  ent[s/d/p/e] 1.86/2.15/1.15/0.62  emits 0.93  spf 36.5  z0 0.55  garr 40.8  tG 438  e2 0.22  nF 13.7  pS 0.34  ptS 0.34  fLog 0.49  pdΔ -0.1555  pkR 6.49  clip 0.20  kl +0.008
upd   11  steps   24576  sps 400  opp symm  loss -0.069  pg -0.0415  v 0.004  ev +0.87  adv_std 0.093  tR +0.20  ent[s/d/p/e] 1.88/2.17/1.11/0.62  emits 0.79  spf 42.7  z0 0.59  garr 47.0  tG 531  e2 0.19  nF 11.0  pS 0.37  ptS 0.36  fLog 0.51  pdΔ -0.1342  pkR 6.03  clip 0.18  kl +0.004
upd   12  steps   26624  sps 428  opp symm  loss -0.066  pg -0.0386  v 0.004  ev +0.87  adv_std 0.091  tR -0.33  ent[s/d/p/e] 1.89/2.21/1.14/0.61  emits 0.95  spf 43.9  z0 0.54  garr 45.1  tG 497  e2 0.22  nF 10.7  pS 0.37  ptS 0.35  fLog 0.51  pdΔ -0.1329  pkR 6.37  clip 0.16  kl +0.002
upd   13  steps   28672  sps 456  opp symm  loss -0.058  pg -0.0309  v 0.005  ev +0.86  adv_std 0.107  tR +0.40  ent[s/d/p/e] 1.90/2.23/1.15/0.61  emits 0.78  spf 48.2  z0 0.59  garr 48.2  tG 509  e2 0.19  nF 9.7  pS 0.36  ptS 0.35  fLog 0.53  pdΔ -0.1372  pkR 4.70  clip 0.16  kl +0.008
upd   14  steps   30720  sps 484  opp symm  loss -0.078  pg -0.0507  v 0.005  ev +0.76  adv_std 0.101  tR -0.50  ent[s/d/p/e] 1.83/2.17/1.12/0.62  emits 0.90  spf 45.8  z0 0.56  garr 48.8  tG 497  e2 0.21  nF 9.0  pS 0.35  ptS 0.34  fLog 0.52  pdΔ -0.1473  pkR 5.04  clip 0.15  kl +0.002
upd   15  steps   32768  sps 511  opp symm  loss -0.037  pg -0.0363  v 0.055  ev +0.42  adv_std 0.352  tR -0.06  ent[s/d/p/e] 1.67/2.12/1.15/0.57  emits 0.72  spf 48.1  z0 0.61  garr 41.7  tG 372  e2 0.17  nF 7.1  pS 0.29  ptS 0.27  fLog 0.53  pdΔ -0.2145  pkR 6.74  clip 0.18  kl +0.003
upd   16  steps   34816  sps 538  opp symm  loss -0.060  pg -0.0346  v 0.005  ev +0.80  adv_std 0.097  tR +0.00  ent[s/d/p/e] 1.29/1.89/1.29/0.57  emits 0.57  spf 33.6  z0 0.64  garr 32.8  tG 195  e2 0.13  nF 6.3  pS 0.20  ptS 0.19  fLog 0.50  pdΔ -0.2992  pkR 7.32  clip 0.12  kl +0.008
upd   17  steps   36864  sps 564  opp symm  loss -0.020  pg +0.0071  v 0.004  ev +0.85  adv_std 0.087  tR -1.00  ent[s/d/p/e] 1.50/2.01/1.25/0.62  emits 0.75  spf 35.7  z0 0.58  garr 36.9  tG 252  e2 0.17  nF 8.1  pS 0.25  ptS 0.24  fLog 0.50  pdΔ -0.2462  pkR 6.02  clip 0.11  kl +0.002
upd   18  steps   38912  sps 589  opp symm  loss -0.015  pg +0.0133  v 0.003  ev +0.90  adv_std 0.077  tR +1.00  ent[s/d/p/e] 1.68/2.18/1.22/0.62  emits 0.73  spf 42.6  z0 0.61  garr 42.9  tG 326  e2 0.18  nF 8.4  pS 0.29  ptS 0.28  fLog 0.53  pdΔ -0.2085  pkR 5.50  clip 0.13  kl +0.002
upd   19  steps   40960  sps 614  opp symm  loss -0.016  pg +0.0133  v 0.003  ev +0.87  adv_std 0.082  tR +0.33  ent[s/d/p/e] 1.78/2.24/1.24/0.62  emits 0.81  spf 43.5  z0 0.57  garr 44.7  tG 365  e2 0.20  nF 8.7  pS 0.32  ptS 0.30  fLog 0.53  pdΔ -0.1821  pkR 4.94  clip 0.15  kl +0.003
upd   20  steps   43008  sps 639  opp symm  loss -0.021  pg +0.0077  v 0.005  ev +0.83  adv_std 0.096  tR -1.00  ent[s/d/p/e] 1.90/2.30/1.18/0.64  emits 0.85  spf 42.6  z0 0.57  garr 44.7  tG 397  e2 0.20  nF 9.2  pS 0.35  ptS 0.33  fLog 0.54  pdΔ -0.1542  pkR 5.35  clip 0.24  kl +0.005
upd   21  steps   45056  sps 663  opp symm  loss -0.035  pg -0.0051  v 0.002  ev +0.93  adv_std 0.065  tR +0.00  ent[s/d/p/e] 1.97/2.33/1.13/0.63  emits 0.70  spf 47.9  z0 0.61  garr 54.0  tG 518  e2 0.17  nF 8.5  pS 0.38  ptS 0.36  fLog 0.54  pdΔ -0.1246  pkR 5.92  clip 0.10  kl +0.003
upd   22  steps   47104  sps 686  opp symm  loss -0.051  pg -0.0225  v 0.005  ev +0.83  adv_std 0.101  tR +0.60  ent[s/d/p/e] 1.99/2.35/1.12/0.64  emits 0.75  spf 56.1  z0 0.59  garr 61.9  tG 586  e2 0.18  nF 8.0  pS 0.38  ptS 0.36  fLog 0.55  pdΔ -0.1241  pkR 5.04  clip 0.18  kl +0.006
upd   23  steps   49152  sps 709  opp symm  loss -0.044  pg -0.0155  v 0.005  ev +0.80  adv_std 0.094  tR +1.00  ent[s/d/p/e] 1.93/2.30/1.15/0.64  emits 0.74  spf 53.0  z0 0.60  garr 59.2  tG 544  e2 0.17  nF 8.1  pS 0.36  ptS 0.35  fLog 0.55  pdΔ -0.1358  pkR 5.31  clip 0.20  kl +0.004
upd   24  steps   51200  sps 732  opp symm  loss -0.003  pg +0.0262  v 0.003  ev +0.86  adv_std 0.080  tR -1.00  ent[s/d/p/e] 1.95/2.31/1.14/0.63  emits 0.62  spf 60.0  z0 0.63  garr 64.2  tG 630  e2 0.14  nF 7.4  pS 0.37  ptS 0.36  fLog 0.57  pdΔ -0.1271  pkR 5.75  clip 0.12  kl +0.005
upd   25  steps   53248  sps 755  opp symm  loss -0.020  pg +0.0083  v 0.005  ev +0.80  adv_std 0.097  tR +0.50  ent[s/d/p/e] 1.97/2.34/1.18/0.64  emits 0.71  spf 54.8  z0 0.60  garr 67.3  tG 669  e2 0.16  nF 7.4  pS 0.38  ptS 0.37  fLog 0.56  pdΔ -0.1218  pkR 6.78  clip 0.12  kl +0.005
upd   26  steps   55296  sps 776  opp symm  loss -0.067  pg -0.0379  v 0.006  ev +0.73  adv_std 0.103  tR -1.00  ent[s/d/p/e] 2.05/2.39/1.16/0.65  emits 0.87  spf 55.0  z0 0.56  garr 62.3  tG 622  e2 0.21  nF 9.3  pS 0.40  ptS 0.39  fLog 0.56  pdΔ -0.1004  pkR 6.83  clip 0.13  kl +0.003
upd   27  steps   57344  sps 798  opp symm  loss -0.101  pg -0.0717  v 0.005  ev +0.80  adv_std 0.095  tR -0.20  ent[s/d/p/e] 2.13/2.47/1.12/0.63  emits 1.10  spf 46.8  z0 0.54  garr 52.2  tG 529  e2 0.27  nF 11.4  pS 0.40  ptS 0.39  fLog 0.54  pdΔ -0.0973  pkR 10.15  clip 0.14  kl +0.004
upd   28  steps   59392  sps 819  opp symm  loss -0.055  pg -0.0278  v 0.009  ev +0.55  adv_std 0.129  tR -0.33  ent[s/d/p/e] 2.14/2.45/1.08/0.62  emits 1.16  spf 42.0  z0 0.51  garr 46.6  tG 427  e2 0.26  nF 13.2  pS 0.41  ptS 0.39  fLog 0.53  pdΔ -0.0935  pkR 6.12  clip 0.15  kl +0.004
upd   29  steps   61440  sps 840  opp symm  loss +0.007  pg +0.0323  v 0.009  ev +0.53  adv_std 0.136  tR +0.33  ent[s/d/p/e] 2.02/2.36/1.08/0.60  emits 1.16  spf 37.4  z0 0.51  garr 40.2  tG 350  e2 0.26  nF 13.5  pS 0.36  ptS 0.35  fLog 0.51  pdΔ -0.1383  pkR 7.92  clip 0.13  kl +0.007
upd   30  steps   63488  sps 860  opp symm  loss -0.045  pg -0.0162  v 0.004  ev +0.84  adv_std 0.088  tR +0.33  ent[s/d/p/e] 2.00/2.37/1.12/0.61  emits 0.90  spf 38.2  z0 0.59  garr 44.1  tG 385  e2 0.21  nF 10.7  pS 0.34  ptS 0.33  fLog 0.52  pdΔ -0.1613  pkR 13.48  clip 0.13  kl +0.001
upd   31  steps   65536  sps 880  opp symm  loss +0.004  pg +0.0250  v 0.016  ev +0.56  adv_std 0.177  tR -0.57  ent[s/d/p/e] 1.94/2.33/1.14/0.52  emits 0.73  spf 41.1  z0 0.65  garr 38.1  tG 271  e2 0.15  nF 7.2  pS 0.26  ptS 0.25  fLog 0.53  pdΔ -0.2384  pkR 8.01  clip 0.15  kl +0.005
upd   32  steps   67584  sps 900  opp symm  loss -0.052  pg -0.0233  v 0.003  ev +0.87  adv_std 0.074  tR +1.00  ent[s/d/p/e] 1.97/2.39/1.18/0.55  emits 0.70  spf 43.2  z0 0.66  garr 44.6  tG 335  e2 0.15  nF 7.3  pS 0.28  ptS 0.27  fLog 0.54  pdΔ -0.2218  pkR 10.82  clip 0.08  kl +0.004
upd   33  steps   69632  sps 919  opp symm  loss -0.079  pg -0.0520  v 0.006  ev +0.73  adv_std 0.109  tR +0.60  ent[s/d/p/e] 1.81/2.30/1.25/0.58  emits 0.65  spf 45.6  z0 0.65  garr 49.4  tG 362  e2 0.14  nF 7.0  pS 0.29  ptS 0.27  fLog 0.55  pdΔ -0.2148  pkR 11.06  clip 0.08  kl +0.004
upd   34  steps   71680  sps 938  opp symm  loss -0.042  pg -0.0127  v 0.003  ev +0.86  adv_std 0.076  tR +0.50  ent[s/d/p/e] 1.89/2.37/1.22/0.59  emits 0.71  spf 50.8  z0 0.65  garr 51.5  tG 381  e2 0.16  nF 6.7  pS 0.30  ptS 0.28  fLog 0.56  pdΔ -0.2038  pkR 9.92  clip 0.15  kl +0.006
upd   35  steps   73728  sps 957  opp symm  loss -0.019  pg +0.0107  v 0.002  ev +0.86  adv_std 0.057  tR +1.00  ent[s/d/p/e] 1.95/2.39/1.26/0.59  emits 0.68  spf 49.8  z0 0.65  garr 53.7  tG 383  e2 0.16  nF 7.4  pS 0.31  ptS 0.30  fLog 0.57  pdΔ -0.1873  pkR 4.70  clip 0.11  kl +0.001
upd   36  steps   75776  sps 975  opp symm  loss +0.023  pg +0.0528  v 0.003  ev +0.73  adv_std 0.079  tR -1.00  ent[s/d/p/e] 2.04/2.47/1.21/0.59  emits 0.71  spf 52.7  z0 0.65  garr 59.7  tG 440  e2 0.15  nF 6.8  pS 0.33  ptS 0.31  fLog 0.57  pdΔ -0.1696  pkR 4.46  clip 0.16  kl +0.007
upd   37  steps   77824  sps 993  opp symm  loss -0.034  pg -0.0045  v 0.003  ev +0.81  adv_std 0.076  tR +0.00  ent[s/d/p/e] 2.06/2.46/1.20/0.59  emits 0.93  spf 46.5  z0 0.59  garr 60.4  tG 434  e2 0.20  nF 8.6  pS 0.35  ptS 0.33  fLog 0.54  pdΔ -0.1529  pkR 3.95  clip 0.21  kl +0.004
upd   38  steps   79872  sps 1011  opp symm  loss -0.062  pg -0.0335  v 0.004  ev +0.80  adv_std 0.093  tR +1.00  ent[s/d/p/e] 2.01/2.38/1.24/0.59  emits 0.79  spf 41.7  z0 0.61  garr 54.1  tG 410  e2 0.17  nF 9.5  pS 0.33  ptS 0.31  fLog 0.53  pdΔ -0.1729  pkR 6.12  clip 0.13  kl +0.001
upd   39  steps   81920  sps 1029  opp symm  loss -0.086  pg -0.0564  v 0.004  ev +0.84  adv_std 0.083  tR -0.20  ent[s/d/p/e] 1.97/2.38/1.24/0.60  emits 0.72  spf 44.5  z0 0.64  garr 60.2  tG 459  e2 0.16  nF 8.8  pS 0.33  ptS 0.32  fLog 0.53  pdΔ -0.1705  pkR 6.31  clip 0.11  kl +0.004
upd   40  steps   83968  sps 1046  opp symm  loss -0.034  pg -0.0051  v 0.004  ev +0.83  adv_std 0.083  tR +0.00  ent[s/d/p/e] 1.91/2.32/1.23/0.61  emits 0.91  spf 39.4  z0 0.58  garr 54.7  tG 439  e2 0.21  nF 10.1  pS 0.34  ptS 0.33  fLog 0.51  pdΔ -0.1579  pkR 7.48  clip 0.12  kl +0.006
upd   41  steps   86016  sps 1063  opp symm  loss -0.055  pg -0.0254  v 0.003  ev +0.90  adv_std 0.074  tR +0.00  ent[s/d/p/e] 1.91/2.32/1.29/0.63  emits 0.93  spf 40.2  z0 0.55  garr 45.5  tG 364  e2 0.22  nF 11.2  pS 0.33  ptS 0.32  fLog 0.52  pdΔ -0.1681  pkR 6.16  clip 0.12  kl +0.003
upd   42  steps   88064  sps 1079  opp symm  loss -0.033  pg -0.0048  v 0.005  ev +0.89  adv_std 0.098  tR -0.67  ent[s/d/p/e] 1.96/2.35/1.22/0.62  emits 0.94  spf 38.9  z0 0.56  garr 42.0  tG 339  e2 0.23  nF 11.1  pS 0.33  ptS 0.32  fLog 0.52  pdΔ -0.1676  pkR 5.10  clip 0.18  kl +0.007
upd   43  steps   90112  sps 1096  opp symm  loss -0.027  pg +0.0017  v 0.004  ev +0.90  adv_std 0.088  tR +0.00  ent[s/d/p/e] 1.94/2.35/1.19/0.61  emits 0.97  spf 34.8  z0 0.57  garr 38.2  tG 287  e2 0.22  nF 11.1  pS 0.31  ptS 0.31  fLog 0.51  pdΔ -0.1853  pkR 6.11  clip 0.12  kl +0.001
upd   44  steps   92160  sps 1112  opp symm  loss -0.041  pg -0.0140  v 0.006  ev +0.86  adv_std 0.111  tR +0.67  ent[s/d/p/e] 1.89/2.31/1.20/0.61  emits 1.04  spf 31.3  z0 0.55  garr 37.5  tG 280  e2 0.24  nF 12.7  pS 0.31  ptS 0.31  fLog 0.49  pdΔ -0.1880  pkR 12.17  clip 0.09  kl +0.004
upd   45  steps   94208  sps 1128  opp symm  loss -0.017  pg +0.0113  v 0.005  ev +0.91  adv_std 0.096  tR +0.33  ent[s/d/p/e] 1.91/2.32/1.22/0.61  emits 1.04  spf 29.3  z0 0.55  garr 34.1  tG 228  e2 0.24  nF 12.9  pS 0.31  ptS 0.30  fLog 0.49  pdΔ -0.1941  pkR 4.41  clip 0.10  kl +0.004
upd   46  steps   96256  sps 1144  opp symm  loss -0.043  pg -0.0197  v 0.015  ev +0.83  adv_std 0.182  tR -0.06  ent[s/d/p/e] 1.87/2.32/1.30/0.60  emits 0.97  spf 31.4  z0 0.57  garr 36.2  tG 249  e2 0.23  nF 11.2  pS 0.30  ptS 0.29  fLog 0.49  pdΔ -0.2031  pkR 5.46  clip 0.12  kl +0.005
upd   47  steps   98304  sps 1159  opp symm  loss -0.043  pg -0.0141  v 0.003  ev +0.95  adv_std 0.074  tR +0.33  ent[s/d/p/e] 1.79/2.28/1.27/0.59  emits 0.70  spf 36.8  z0 0.65  garr 38.8  tG 252  e2 0.15  nF 7.6  pS 0.26  ptS 0.25  fLog 0.52  pdΔ -0.2391  pkR 7.56  clip 0.13  kl +0.005
upd   48  steps  100352  sps 1174  opp symm  loss -0.062  pg -0.0329  v 0.004  ev +0.94  adv_std 0.090  tR +0.33  ent[s/d/p/e] 1.79/2.31/1.32/0.61  emits 0.82  spf 38.8  z0 0.58  garr 40.5  tG 275  e2 0.19  nF 8.1  pS 0.28  ptS 0.27  fLog 0.53  pdΔ -0.2181  pkR 9.63  clip 0.14  kl +0.007
upd   49  steps  102400  sps 1189  opp symm  loss -0.021  pg +0.0086  v 0.003  ev +0.96  adv_std 0.073  tR -1.00  ent[s/d/p/e] 1.85/2.31/1.32/0.62  emits 0.88  spf 34.0  z0 0.59  garr 37.4  tG 253  e2 0.20  nF 9.6  pS 0.30  ptS 0.29  fLog 0.51  pdΔ -0.2048  pkR 6.48  clip 0.10  kl +0.004
upd   50  steps  104448  sps 1203  opp symm  loss -0.048  pg -0.0185  v 0.003  ev +0.95  adv_std 0.079  tR +0.33  ent[s/d/p/e] 1.87/2.29/1.27/0.63  emits 0.93  spf 34.1  z0 0.55  garr 41.6  tG 290  e2 0.21  nF 10.4  pS 0.32  ptS 0.31  fLog 0.52  pdΔ -0.1775  pkR 5.91  clip 0.12  kl +0.004
upd   51  steps  106496  sps 1218  opp symm  loss -0.034  pg -0.0052  v 0.005  ev +0.94  adv_std 0.099  tR +1.00  ent[s/d/p/e] 1.99/2.33/1.23/0.65  emits 1.07  spf 36.3  z0 0.51  garr 40.2  tG 333  e2 0.25  nF 12.1  pS 0.37  ptS 0.36  fLog 0.52  pdΔ -0.1344  pkR 5.49  clip 0.12  kl +0.000
upd   52  steps  108544  sps 1232  opp symm  loss -0.051  pg -0.0210  v 0.004  ev +0.97  adv_std 0.086  tR -0.33  ent[s/d/p/e] 2.11/2.40/1.25/0.63  emits 1.09  spf 36.8  z0 0.52  garr 39.6  tG 366  e2 0.25  nF 13.1  pS 0.39  ptS 0.39  fLog 0.52  pdΔ -0.1083  pkR 5.65  clip 0.19  kl +0.004
upd   53  steps  110592  sps 1246  opp symm  loss -0.027  pg +0.0032  v 0.003  ev +0.97  adv_std 0.078  tR +0.43  ent[s/d/p/e] 2.14/2.40/1.19/0.62  emits 0.99  spf 38.7  z0 0.54  garr 40.9  tG 389  e2 0.23  nF 12.5  pS 0.40  ptS 0.39  fLog 0.53  pdΔ -0.1027  pkR 4.71  clip 0.31  kl +0.009
upd   54  steps  112640  sps 1260  opp symm  loss -0.048  pg -0.0188  v 0.004  ev +0.97  adv_std 0.084  tR -0.50  ent[s/d/p/e] 2.13/2.39/1.18/0.60  emits 1.13  spf 36.6  z0 0.54  garr 39.2  tG 394  e2 0.25  nF 12.4  pS 0.39  ptS 0.38  fLog 0.52  pdΔ -0.1138  pkR 12.45  clip 0.17  kl +0.004
upd   55  steps  114688  sps 1274  opp symm  loss -0.046  pg -0.0173  v 0.005  ev +0.96  adv_std 0.096  tR +0.60  ent[s/d/p/e] 2.14/2.42/1.18/0.58  emits 0.89  spf 40.1  z0 0.60  garr 41.5  tG 423  e2 0.20  nF 11.8  pS 0.39  ptS 0.38  fLog 0.53  pdΔ -0.1094  pkR 10.83  clip 0.10  kl +0.003
upd   56  steps  116736  sps 1287  opp symm  loss -0.030  pg -0.0000  v 0.004  ev +0.96  adv_std 0.093  tR +0.60  ent[s/d/p/e] 2.23/2.47/1.22/0.59  emits 0.93  spf 45.7  z0 0.60  garr 42.6  tG 400  e2 0.21  nF 11.1  pS 0.37  ptS 0.37  fLog 0.54  pdΔ -0.1270  pkR 4.08  clip 0.24  kl +0.006
upd   57  steps  118784  sps 1301  opp symm  loss +0.018  pg +0.0483  v 0.003  ev +0.97  adv_std 0.076  tR +0.00  ent[s/d/p/e] 2.16/2.46/1.23/0.58  emits 0.98  spf 42.4  z0 0.58  garr 41.8  tG 370  e2 0.22  nF 11.3  pS 0.35  ptS 0.35  fLog 0.54  pdΔ -0.1481  pkR 4.22  clip 0.11  kl +0.000
upd   58  steps  120832  sps 1314  opp symm  loss +0.028  pg +0.0573  v 0.003  ev +0.96  adv_std 0.084  tR +0.50  ent[s/d/p/e] 2.20/2.48/1.24/0.57  emits 0.87  spf 43.8  z0 0.61  garr 42.2  tG 356  e2 0.20  nF 10.5  pS 0.34  ptS 0.34  fLog 0.55  pdΔ -0.1577  pkR 4.38  clip 0.11  kl +0.001
upd   59  steps  122880  sps 1327  opp symm  loss -0.028  pg -0.0007  v 0.008  ev +0.90  adv_std 0.127  tR +0.00  ent[s/d/p/e] 2.13/2.46/1.28/0.57  emits 0.85  spf 46.2  z0 0.63  garr 45.7  tG 381  e2 0.19  nF 9.5  pS 0.34  ptS 0.34  fLog 0.56  pdΔ -0.1576  pkR 3.83  clip 0.12  kl +0.004
upd   60  steps  124928  sps 1339  opp symm  loss +0.001  pg +0.0295  v 0.005  ev +0.93  adv_std 0.097  tR +0.20  ent[s/d/p/e] 2.17/2.49/1.24/0.55  emits 0.97  spf 40.9  z0 0.60  garr 44.2  tG 345  e2 0.20  nF 10.8  pS 0.34  ptS 0.34  fLog 0.53  pdΔ -0.1566  pkR 4.74  clip 0.11  kl +0.004
upd   61  steps  126976  sps 1352  opp symm  loss -0.062  pg -0.0334  v 0.003  ev +0.94  adv_std 0.082  tR +1.00  ent[s/d/p/e] 2.10/2.46/1.21/0.55  emits 0.83  spf 44.6  z0 0.64  garr 50.4  tG 427  e2 0.18  nF 9.9  pS 0.36  ptS 0.35  fLog 0.55  pdΔ -0.1402  pkR 8.16  clip 0.10  kl +0.002
upd   62  steps  129024  sps 1364  opp symm  loss -0.031  pg -0.0041  v 0.007  ev +0.87  adv_std 0.116  tR +0.50  ent[s/d/p/e] 2.01/2.44/1.32/0.54  emits 0.67  spf 44.3  z0 0.67  garr 48.7  tG 361  e2 0.14  nF 7.7  pS 0.31  ptS 0.30  fLog 0.56  pdΔ -0.1880  pkR 9.75  clip 0.07  kl +0.003
upd   63  steps  131072  sps 1376  opp symm  loss -0.010  pg +0.0195  v 0.002  ev +0.95  adv_std 0.061  tR +0.00  ent[s/d/p/e] 1.95/2.42/1.31/0.57  emits 0.62  spf 50.1  z0 0.67  garr 55.0  tG 384  e2 0.14  nF 6.4  pS 0.31  ptS 0.29  fLog 0.57  pdΔ -0.1942  pkR 6.76  clip 0.05  kl +0.002
upd   64  steps  133120  sps 1389  opp symm  loss -0.047  pg -0.0182  v 0.005  ev +0.91  adv_std 0.096  tR +0.00  ent[s/d/p/e] 2.02/2.44/1.28/0.58  emits 0.65  spf 48.6  z0 0.66  garr 52.1  tG 371  e2 0.15  nF 7.3  pS 0.32  ptS 0.31  fLog 0.57  pdΔ -0.1814  pkR 4.11  clip 0.08  kl +0.005
upd   65  steps  135168  sps 1400  opp symm  loss -0.041  pg -0.0112  v 0.004  ev +0.94  adv_std 0.086  tR +0.50  ent[s/d/p/e] 2.09/2.49/1.29/0.57  emits 0.73  spf 49.5  z0 0.63  garr 54.0  tG 386  e2 0.15  nF 7.4  pS 0.33  ptS 0.32  fLog 0.58  pdΔ -0.1709  pkR 3.72  clip 0.08  kl +0.002
upd   66  steps  137216  sps 1412  opp symm  loss -0.024  pg +0.0068  v 0.002  ev +0.97  adv_std 0.061  tR +0.00  ent[s/d/p/e] 2.03/2.44/1.26/0.59  emits 0.66  spf 49.0  z0 0.65  garr 55.3  tG 416  e2 0.14  nF 7.2  pS 0.34  ptS 0.33  fLog 0.57  pdΔ -0.1610  pkR 3.79  clip 0.05  kl +0.003
upd   67  steps  139264  sps 1424  opp symm  loss +0.002  pg +0.0320  v 0.003  ev +0.95  adv_std 0.079  tR +0.00  ent[s/d/p/e] 2.09/2.49/1.29/0.61  emits 0.73  spf 49.8  z0 0.62  garr 59.1  tG 460  e2 0.16  nF 8.1  pS 0.36  ptS 0.35  fLog 0.57  pdΔ -0.1399  pkR 4.60  clip 0.11  kl +0.002
upd   68  steps  141312  sps 1435  opp symm  loss -0.011  pg +0.0161  v 0.009  ev +0.87  adv_std 0.134  tR +0.33  ent[s/d/p/e] 2.01/2.44/1.32/0.60  emits 0.68  spf 52.4  z0 0.65  garr 61.2  tG 498  e2 0.16  nF 7.4  pS 0.36  ptS 0.36  fLog 0.58  pdΔ -0.1401  pkR 6.65  clip 0.12  kl +0.003
upd   69  steps  143360  sps 1446  opp symm  loss -0.066  pg -0.0360  v 0.004  ev +0.94  adv_std 0.087  tR +0.14  ent[s/d/p/e] 1.94/2.40/1.32/0.60  emits 0.64  spf 51.1  z0 0.64  garr 58.3  tG 445  e2 0.15  nF 6.8  pS 0.32  ptS 0.31  fLog 0.57  pdΔ -0.1824  pkR 4.38  clip 0.06  kl +0.005
upd   70  steps  145408  sps 1458  opp symm  loss -0.033  pg -0.0062  v 0.006  ev +0.92  adv_std 0.104  tR +0.14  ent[s/d/p/e] 1.84/2.33/1.27/0.56  emits 0.53  spf 51.4  z0 0.68  garr 54.5  tG 420  e2 0.12  nF 6.3  pS 0.30  ptS 0.30  fLog 0.58  pdΔ -0.1983  pkR 6.34  clip 0.11  kl +0.003
upd   71  steps  147456  sps 1469  opp symm  loss -0.005  pg +0.0241  v 0.003  ev +0.95  adv_std 0.072  tR +0.00  ent[s/d/p/e] 1.79/2.30/1.29/0.57  emits 0.49  spf 50.3  z0 0.71  garr 58.0  tG 415  e2 0.11  nF 5.4  pS 0.28  ptS 0.28  fLog 0.57  pdΔ -0.2196  pkR 5.62  clip 0.08  kl +0.000
upd   72  steps  149504  sps 1479  opp symm  loss -0.030  pg -0.0023  v 0.005  ev +0.92  adv_std 0.097  tR -1.00  ent[s/d/p/e] 1.72/2.35/1.31/0.55  emits 0.38  spf 56.0  z0 0.74  garr 73.1  tG 512  e2 0.08  nF 4.5  pS 0.29  ptS 0.29  fLog 0.59  pdΔ -0.2127  pkR 5.36  clip 0.08  kl +0.001
upd   73  steps  151552  sps 1490  opp symm  loss -0.025  pg +0.0034  v 0.004  ev +0.93  adv_std 0.087  tR -0.33  ent[s/d/p/e] 1.87/2.39/1.28/0.56  emits 0.43  spf 65.0  z0 0.73  garr 81.0  tG 613  e2 0.09  nF 4.3  pS 0.31  ptS 0.30  fLog 0.61  pdΔ -0.1881  pkR 5.27  clip 0.08  kl +0.000
upd   74  steps  153600  sps 1501  opp symm  loss -0.058  pg -0.0301  v 0.005  ev +0.92  adv_std 0.099  tR -0.20  ent[s/d/p/e] 1.89/2.40/1.29/0.56  emits 0.41  spf 66.5  z0 0.73  garr 93.9  tG 721  e2 0.09  nF 4.3  pS 0.33  ptS 0.32  fLog 0.61  pdΔ -0.1691  pkR 5.34  clip 0.09  kl +0.003
upd   75  steps  155648  sps 1511  opp symm  loss -0.050  pg -0.0217  v 0.004  ev +0.94  adv_std 0.089  tR +0.00  ent[s/d/p/e] 1.81/2.39/1.31/0.54  emits 0.36  spf 75.2  z0 0.75  garr 103.1  tG 787  e2 0.07  nF 3.8  pS 0.33  ptS 0.31  fLog 0.62  pdΔ -0.1714  pkR 5.90  clip 0.07  kl +0.004
upd   76  steps  157696  sps 1521  opp symm  loss -0.041  pg -0.0118  v 0.004  ev +0.95  adv_std 0.094  tR +0.33  ent[s/d/p/e] 1.89/2.40/1.34/0.59  emits 0.51  spf 75.6  z0 0.68  garr 104.6  tG 805  e2 0.11  nF 4.6  pS 0.34  ptS 0.33  fLog 0.62  pdΔ -0.1583  pkR 5.75  clip 0.09  kl +0.002
upd   77  steps  159744  sps 1532  opp symm  loss -0.019  pg +0.0067  v 0.011  ev +0.87  adv_std 0.149  tR +0.20  ent[s/d/p/e] 1.93/2.43/1.38/0.58  emits 0.46  spf 73.1  z0 0.71  garr 96.5  tG 758  e2 0.10  nF 4.7  pS 0.34  ptS 0.32  fLog 0.62  pdΔ -0.1611  pkR 6.23  clip 0.08  kl +0.003
upd   78  steps  161792  sps 1542  opp symm  loss -0.020  pg +0.0079  v 0.004  ev +0.95  adv_std 0.082  tR -0.33  ent[s/d/p/e] 1.80/2.40/1.31/0.54  emits 0.43  spf 69.4  z0 0.72  garr 85.9  tG 649  e2 0.10  nF 4.3  pS 0.31  ptS 0.30  fLog 0.61  pdΔ -0.1913  pkR 6.25  clip 0.11  kl +0.004
upd   79  steps  163840  sps 1552  opp symm  loss -0.023  pg +0.0049  v 0.007  ev +0.93  adv_std 0.114  tR +0.60  ent[s/d/p/e] 1.89/2.43/1.40/0.57  emits 0.50  spf 70.1  z0 0.70  garr 82.8  tG 625  e2 0.11  nF 4.8  pS 0.32  ptS 0.31  fLog 0.61  pdΔ -0.1796  pkR 5.21  clip 0.14  kl +0.007
upd   80  steps  165888  sps 1561  opp symm  loss +0.010  pg +0.0384  v 0.004  ev +0.97  adv_std 0.085  tR +0.00  ent[s/d/p/e] 1.95/2.39/1.28/0.55  emits 0.49  spf 60.8  z0 0.71  garr 75.9  tG 589  e2 0.11  nF 4.8  pS 0.34  ptS 0.33  fLog 0.61  pdΔ -0.1635  pkR 3.96  clip 0.07  kl +0.001
upd   81  steps  167936  sps 1571  opp symm  loss -0.034  pg -0.0051  v 0.005  ev +0.96  adv_std 0.097  tR +0.50  ent[s/d/p/e] 1.97/2.43/1.31/0.58  emits 0.55  spf 61.5  z0 0.67  garr 80.2  tG 649  e2 0.13  nF 5.4  pS 0.36  ptS 0.34  fLog 0.60  pdΔ -0.1437  pkR 5.32  clip 0.11  kl +0.003
upd   82  steps  169984  sps 1581  opp symm  loss -0.064  pg -0.0337  v 0.003  ev +0.98  adv_std 0.079  tR +0.00  ent[s/d/p/e] 2.09/2.50/1.30/0.57  emits 0.51  spf 64.9  z0 0.71  garr 86.5  tG 688  e2 0.11  nF 5.4  pS 0.36  ptS 0.35  fLog 0.61  pdΔ -0.1383  pkR 5.76  clip 0.05  kl -0.000
upd   83  steps  172032  sps 1590  opp symm  loss -0.003  pg +0.0276  v 0.003  ev +0.98  adv_std 0.076  tR -1.00  ent[s/d/p/e] 2.16/2.53/1.25/0.57  emits 0.65  spf 64.6  z0 0.67  garr 85.2  tG 703  e2 0.15  nF 5.5  pS 0.37  ptS 0.36  fLog 0.61  pdΔ -0.1272  pkR 4.05  clip 0.11  kl +0.004
upd   84  steps  174080  sps 1600  opp symm  loss -0.010  pg +0.0169  v 0.007  ev +0.94  adv_std 0.117  tR +0.20  ent[s/d/p/e] 2.14/2.46/1.15/0.54  emits 0.61  spf 61.1  z0 0.68  garr 81.1  tG 702  e2 0.14  nF 6.1  pS 0.38  ptS 0.37  fLog 0.60  pdΔ -0.1236  pkR 4.09  clip 0.11  kl +0.004
upd   85  steps  176128  sps 1609  opp symm  loss -0.040  pg -0.0136  v 0.008  ev +0.91  adv_std 0.127  tR +0.20  ent[s/d/p/e] 2.08/2.46/1.26/0.53  emits 0.55  spf 66.1  z0 0.71  garr 82.4  tG 661  e2 0.11  nF 5.1  pS 0.34  ptS 0.33  fLog 0.62  pdΔ -0.1634  pkR 4.43  clip 0.09  kl +0.003
upd   86  steps  178176  sps 1618  opp symm  loss -0.033  pg -0.0051  v 0.005  ev +0.94  adv_std 0.094  tR +0.50  ent[s/d/p/e] 2.02/2.40/1.24/0.52  emits 0.53  spf 61.7  z0 0.71  garr 80.8  tG 584  e2 0.11  nF 4.7  pS 0.31  ptS 0.30  fLog 0.60  pdΔ -0.1926  pkR 5.20  clip 0.10  kl +0.002
upd   87  steps  180224  sps 1627  opp symm  loss -0.013  pg +0.0130  v 0.007  ev +0.91  adv_std 0.116  tR -0.33  ent[s/d/p/e] 1.97/2.38/1.23/0.54  emits 0.47  spf 59.8  z0 0.73  garr 80.1  tG 590  e2 0.10  nF 4.6  pS 0.30  ptS 0.30  fLog 0.59  pdΔ -0.1957  pkR 5.98  clip 0.09  kl +0.001
upd   88  steps  182272  sps 1636  opp symm  loss -0.008  pg +0.0190  v 0.006  ev +0.94  adv_std 0.107  tR +0.33  ent[s/d/p/e] 2.00/2.39/1.25/0.50  emits 0.43  spf 67.5  z0 0.74  garr 85.9  tG 667  e2 0.08  nF 4.2  pS 0.31  ptS 0.31  fLog 0.61  pdΔ -0.1863  pkR 5.24  clip 0.11  kl +0.002
upd   89  steps  184320  sps 1645  opp symm  loss -0.003  pg +0.0243  v 0.006  ev +0.94  adv_std 0.110  tR +0.50  ent[s/d/p/e] 2.07/2.43/1.28/0.51  emits 0.48  spf 71.8  z0 0.74  garr 88.2  tG 674  e2 0.10  nF 4.3  pS 0.31  ptS 0.30  fLog 0.62  pdΔ -0.1904  pkR 4.53  clip 0.10  kl +0.003
upd   90  steps  186368  sps 1653  opp symm  loss -0.022  pg +0.0039  v 0.007  ev +0.94  adv_std 0.118  tR +0.00  ent[s/d/p/e] 1.98/2.39/1.27/0.48  emits 0.39  spf 71.1  z0 0.77  garr 98.9  tG 719  e2 0.07  nF 3.5  pS 0.31  ptS 0.30  fLog 0.61  pdΔ -0.1940  pkR 4.03  clip 0.07  kl +0.003
upd   91  steps  188416  sps 1662  opp symm  loss -0.041  pg -0.0140  v 0.007  ev +0.95  adv_std 0.116  tR -1.00  ent[s/d/p/e] 1.99/2.37/1.31/0.54  emits 0.43  spf 74.0  z0 0.75  garr 102.2  tG 772  e2 0.09  nF 4.0  pS 0.33  ptS 0.32  fLog 0.62  pdΔ -0.1702  pkR 4.59  clip 0.11  kl +0.005
upd   92  steps  190464  sps 1671  opp symm  loss -0.015  pg +0.0137  v 0.005  ev +0.96  adv_std 0.100  tR -0.33  ent[s/d/p/e] 2.02/2.41/1.33/0.55  emits 0.53  spf 70.9  z0 0.71  garr 104.9  tG 785  e2 0.10  nF 4.7  pS 0.34  ptS 0.34  fLog 0.62  pdΔ -0.1568  pkR 4.47  clip 0.08  kl +0.002
upd   93  steps  192512  sps 1679  opp symm  loss -0.022  pg +0.0020  v 0.013  ev +0.90  adv_std 0.161  tR +0.25  ent[s/d/p/e] 2.05/2.41/1.30/0.56  emits 0.57  spf 64.9  z0 0.70  garr 89.4  tG 691  e2 0.13  nF 5.3  pS 0.35  ptS 0.35  fLog 0.61  pdΔ -0.1456  pkR 4.23  clip 0.03  kl +0.002
upd   94  steps  194560  sps 1687  opp symm  loss -0.071  pg -0.0417  v 0.003  ev +0.97  adv_std 0.083  tR +1.00  ent[s/d/p/e] 2.04/2.40/1.32/0.56  emits 0.58  spf 57.1  z0 0.69  garr 87.3  tG 685  e2 0.13  nF 6.0  pS 0.36  ptS 0.35  fLog 0.59  pdΔ -0.1421  pkR 4.32  clip 0.08  kl +0.001
upd   95  steps  196608  sps 1695  opp symm  loss -0.014  pg +0.0133  v 0.006  ev +0.95  adv_std 0.111  tR +0.00  ent[s/d/p/e] 2.03/2.35/1.26/0.58  emits 0.66  spf 55.7  z0 0.66  garr 81.4  tG 639  e2 0.15  nF 6.6  pS 0.36  ptS 0.35  fLog 0.58  pdΔ -0.1405  pkR 5.00  clip 0.10  kl +0.001
upd   96  steps  198656  sps 1704  opp symm  loss -0.032  pg -0.0065  v 0.010  ev +0.94  adv_std 0.140  tR +0.14  ent[s/d/p/e] 2.10/2.38/1.29/0.55  emits 0.58  spf 51.5  z0 0.69  garr 78.8  tG 627  e2 0.13  nF 6.4  pS 0.36  ptS 0.36  fLog 0.57  pdΔ -0.1400  pkR 4.50  clip 0.05  kl +0.002
upd   97  steps  200704  sps 1712  opp symm  loss +0.045  pg +0.0721  v 0.008  ev +0.95  adv_std 0.125  tR +1.00  ent[s/d/p/e] 2.08/2.41/1.31/0.55  emits 0.59  spf 58.3  z0 0.68  garr 79.3  tG 628  e2 0.13  nF 6.4  pS 0.34  ptS 0.34  fLog 0.59  pdΔ -0.1558  pkR 4.59  clip 0.07  kl +0.001
upd   98  steps  202752  sps 1720  opp symm  loss +0.022  pg +0.0495  v 0.006  ev +0.95  adv_std 0.114  tR +0.33  ent[s/d/p/e] 2.11/2.40/1.25/0.55  emits 0.56  spf 56.9  z0 0.70  garr 83.2  tG 663  e2 0.12  nF 6.5  pS 0.36  ptS 0.35  fLog 0.58  pdΔ -0.1400  pkR 3.33  clip 0.10  kl +0.001
[eval_vs_v20] u99 tag=train_u99  bin0=0.0%  spf=0.00  garr=128.50  flip=0.00%  z0=71.9%  e8=0.0%  e2+=0.0%  WLD=0/3/0
upd   99  steps  204800  sps 1727  opp symm  loss -0.001  pg +0.0263  v 0.009  ev +0.95  adv_std 0.131  tR +0.60  ent[s/d/p/e] 2.18/2.44/1.27/0.55  emits 0.55  spf 58.9  z0 0.70  garr 86.6  tG 678  e2 0.11  nF 6.7  pS 0.37  ptS 0.36  fLog 0.59  pdΔ -0.1340  pkR 3.51  clip 0.07  kl +0.002 WRr 0.09 v20[spf 0.0 flip 0.0% e2+ 0.0%]
upd  100  steps  206848  sps 931  opp symm  loss -0.040  pg -0.0144  v 0.008  ev +0.95  adv_std 0.123  tR +0.20  ent[s/d/p/e] 2.03/2.37/1.30/0.51  emits 0.43  spf 61.1  z0 0.75  garr 89.6  tG 660  e2 0.08  nF 4.5  pS 0.32  ptS 0.32  fLog 0.60  pdΔ -0.1808  pkR 4.20  clip 0.08  kl +0.002
upd  101  steps  208896  sps 937  opp symm  loss -0.029  pg -0.0026  v 0.007  ev +0.95  adv_std 0.123  tR -0.33  ent[s/d/p/e] 1.89/2.29/1.34/0.52  emits 0.48  spf 59.9  z0 0.72  garr 86.7  tG 637  e2 0.10  nF 4.6  pS 0.30  ptS 0.30  fLog 0.60  pdΔ -0.1971  pkR 4.55  clip 0.06  kl +0.002
upd  102  steps  210944  sps 944  opp symm  loss -0.052  pg -0.0247  v 0.004  ev +0.97  adv_std 0.095  tR -0.50  ent[s/d/p/e] 1.81/2.18/1.32/0.54  emits 0.43  spf 63.8  z0 0.73  garr 83.2  tG 650  e2 0.08  nF 4.8  pS 0.32  ptS 0.31  fLog 0.61  pdΔ -0.1842  pkR 4.55  clip 0.09  kl -0.000
upd  103  steps  212992  sps 950  opp symm  loss -0.000  pg +0.0247  v 0.010  ev +0.93  adv_std 0.139  tR +0.50  ent[s/d/p/e] 1.88/2.25/1.35/0.54  emits 0.48  spf 63.9  z0 0.72  garr 87.6  tG 666  e2 0.09  nF 4.3  pS 0.32  ptS 0.31  fLog 0.61  pdΔ -0.1797  pkR 4.04  clip 0.10  kl +0.003
upd  104  steps  215040  sps 957  opp symm  loss -0.057  pg -0.0296  v 0.008  ev +0.94  adv_std 0.124  tR -0.33  ent[s/d/p/e] 1.85/2.29/1.42/0.58  emits 0.51  spf 64.5  z0 0.71  garr 85.7  tG 661  e2 0.11  nF 4.5  pS 0.34  ptS 0.33  fLog 0.62  pdΔ -0.1642  pkR 4.43  clip 0.20  kl +0.009
upd  105  steps  217088  sps 963  opp symm  loss -0.017  pg +0.0098  v 0.008  ev +0.94  adv_std 0.130  tR +0.60  ent[s/d/p/e] 1.98/2.39/1.33/0.56  emits 0.58  spf 65.4  z0 0.68  garr 84.9  tG 671  e2 0.12  nF 4.8  pS 0.36  ptS 0.35  fLog 0.62  pdΔ -0.1426  pkR 3.54  clip 0.08  kl +0.001
upd  106  steps  219136  sps 969  opp symm  loss +0.000  pg +0.0274  v 0.008  ev +0.94  adv_std 0.124  tR +1.00  ent[s/d/p/e] 2.04/2.40/1.31/0.55  emits 0.58  spf 68.0  z0 0.69  garr 80.5  tG 635  e2 0.12  nF 5.2  pS 0.36  ptS 0.35  fLog 0.63  pdΔ -0.1396  pkR 3.52  clip 0.08  kl +0.003
upd  107  steps  221184  sps 975  opp symm  loss -0.022  pg +0.0064  v 0.005  ev +0.96  adv_std 0.099  tR +0.33  ent[s/d/p/e] 1.99/2.36/1.39/0.56  emits 0.55  spf 62.8  z0 0.69  garr 81.9  tG 665  e2 0.11  nF 4.6  pS 0.36  ptS 0.36  fLog 0.62  pdΔ -0.1351  pkR 3.60  clip 0.10  kl +0.001
upd  108  steps  223232  sps 982  opp symm  loss +0.015  pg +0.0421  v 0.006  ev +0.95  adv_std 0.115  tR +0.60  ent[s/d/p/e] 2.01/2.34/1.38/0.53  emits 0.52  spf 71.6  z0 0.69  garr 89.9  tG 737  e2 0.12  nF 4.6  pS 0.37  ptS 0.36  fLog 0.63  pdΔ -0.1280  pkR 4.12  clip 0.09  kl +0.003
upd  109  steps  225280  sps 988  opp symm  loss -0.004  pg +0.0237  v 0.006  ev +0.95  adv_std 0.113  tR +0.00  ent[s/d/p/e] 2.05/2.37/1.41/0.52  emits 0.51  spf 65.9  z0 0.73  garr 89.1  tG 689  e2 0.10  nF 4.5  pS 0.34  ptS 0.33  fLog 0.62  pdΔ -0.1576  pkR 5.36  clip 0.05  kl +0.002
upd  110  steps  227328  sps 994  opp symm  loss -0.047  pg -0.0207  v 0.008  ev +0.94  adv_std 0.129  tR +0.14  ent[s/d/p/e] 1.98/2.38/1.45/0.50  emits 0.39  spf 74.4  z0 0.77  garr 98.5  tG 753  e2 0.07  nF 3.6  pS 0.34  ptS 0.33  fLog 0.64  pdΔ -0.1586  pkR 3.47  clip 0.08  kl +0.002
upd  111  steps  229376  sps 1000  opp symm  loss -0.039  pg -0.0120  v 0.006  ev +0.96  adv_std 0.114  tR +0.50  ent[s/d/p/e] 1.93/2.32/1.41/0.53  emits 0.46  spf 73.3  z0 0.73  garr 95.5  tG 720  e2 0.09  nF 3.8  pS 0.32  ptS 0.31  fLog 0.63  pdΔ -0.1777  pkR 4.05  clip 0.11  kl +0.002
upd  112  steps  231424  sps 1006  opp symm  loss -0.026  pg +0.0005  v 0.007  ev +0.95  adv_std 0.121  tR -0.60  ent[s/d/p/e] 1.95/2.30/1.39/0.50  emits 0.42  spf 65.7  z0 0.76  garr 95.7  tG 718  e2 0.08  nF 3.9  pS 0.32  ptS 0.31  fLog 0.62  pdΔ -0.1771  pkR 4.08  clip 0.06  kl +0.001
upd  113  steps  233472  sps 1012  opp symm  loss -0.002  pg +0.0241  v 0.007  ev +0.96  adv_std 0.118  tR -0.60  ent[s/d/p/e] 2.03/2.30/1.35/0.51  emits 0.44  spf 68.3  z0 0.76  garr 102.9  tG 785  e2 0.08  nF 4.2  pS 0.34  ptS 0.33  fLog 0.62  pdΔ -0.1588  pkR 3.84  clip 0.05  kl +0.001
upd  114  steps  235520  sps 1018  opp symm  loss +0.033  pg +0.0592  v 0.008  ev +0.96  adv_std 0.124  tR +1.00  ent[s/d/p/e] 2.05/2.28/1.35/0.49  emits 0.45  spf 69.5  z0 0.75  garr 106.6  tG 823  e2 0.09  nF 4.0  pS 0.35  ptS 0.33  fLog 0.62  pdΔ -0.1549  pkR 3.85  clip 0.07  kl +0.002
upd  115  steps  237568  sps 1024  opp symm  loss -0.036  pg -0.0100  v 0.008  ev +0.95  adv_std 0.128  tR -0.14  ent[s/d/p/e] 2.07/2.30/1.37/0.50  emits 0.41  spf 71.4  z0 0.76  garr 115.0  tG 875  e2 0.07  nF 3.6  pS 0.34  ptS 0.34  fLog 0.62  pdΔ -0.1598  pkR 3.80  clip 0.07  kl +0.001
upd  116  steps  239616  sps 1030  opp symm  loss -0.026  pg +0.0008  v 0.006  ev +0.96  adv_std 0.112  tR +0.33  ent[s/d/p/e] 2.07/2.28/1.34/0.51  emits 0.45  spf 70.8  z0 0.75  garr 114.2  tG 886  e2 0.09  nF 4.0  pS 0.35  ptS 0.34  fLog 0.62  pdΔ -0.1529  pkR 3.88  clip 0.08  kl +0.002
upd  117  steps  241664  sps 1036  opp symm  loss -0.048  pg -0.0244  v 0.011  ev +0.94  adv_std 0.147  tR +0.20  ent[s/d/p/e] 2.01/2.27/1.35/0.50  emits 0.37  spf 72.8  z0 0.78  garr 118.1  tG 909  e2 0.08  nF 3.9  pS 0.34  ptS 0.34  fLog 0.62  pdΔ -0.1563  pkR 4.64  clip 0.05  kl +0.002
upd  118  steps  243712  sps 1042  opp symm  loss -0.008  pg +0.0178  v 0.007  ev +0.96  adv_std 0.119  tR -0.14  ent[s/d/p/e] 2.01/2.30/1.38/0.49  emits 0.44  spf 71.1  z0 0.76  garr 115.1  tG 846  e2 0.09  nF 4.0  pS 0.32  ptS 0.32  fLog 0.63  pdΔ -0.1760  pkR 5.03  clip 0.07  kl -0.000
upd  119  steps  245760  sps 1048  opp symm  loss -0.005  pg +0.0191  v 0.009  ev +0.95  adv_std 0.132  tR -0.33  ent[s/d/p/e] 1.94/2.25/1.36/0.46  emits 0.32  spf 72.7  z0 0.80  garr 110.8  tG 829  e2 0.06  nF 3.4  pS 0.32  ptS 0.31  fLog 0.62  pdΔ -0.1753  pkR 5.02  clip 0.06  kl +0.002
upd  120  steps  247808  sps 1054  opp symm  loss +0.007  pg +0.0335  v 0.005  ev +0.97  adv_std 0.103  tR +0.50  ent[s/d/p/e] 1.81/2.20/1.42/0.48  emits 0.28  spf 74.5  z0 0.81  garr 122.4  tG 905  e2 0.05  nF 2.7  pS 0.32  ptS 0.31  fLog 0.64  pdΔ -0.1751  pkR 5.37  clip 0.05  kl +0.004
upd  121  steps  249856  sps 1060  opp symm  loss -0.008  pg +0.0195  v 0.005  ev +0.97  adv_std 0.100  tR +1.00  ent[s/d/p/e] 2.00/2.31/1.44/0.48  emits 0.36  spf 78.9  z0 0.78  garr 126.9  tG 929  e2 0.06  nF 3.0  pS 0.34  ptS 0.32  fLog 0.64  pdΔ -0.1646  pkR 3.83  clip 0.07  kl +0.003
upd  122  steps  251904  sps 1065  opp symm  loss -0.017  pg +0.0090  v 0.009  ev +0.95  adv_std 0.129  tR +0.14  ent[s/d/p/e] 2.15/2.38/1.39/0.49  emits 0.44  spf 70.4  z0 0.77  garr 131.2  tG 958  e2 0.08  nF 3.9  pS 0.35  ptS 0.34  fLog 0.63  pdΔ -0.1499  pkR 4.06  clip 0.09  kl +0.004
upd  123  steps  253952  sps 1071  opp symm  loss -0.033  pg -0.0060  v 0.004  ev +0.97  adv_std 0.092  tR -1.00  ent[s/d/p/e] 2.01/2.33/1.39/0.47  emits 0.37  spf 71.9  z0 0.79  garr 142.8  tG 1021  e2 0.07  nF 3.7  pS 0.34  ptS 0.33  fLog 0.63  pdΔ -0.1572  pkR 3.94  clip 0.07  kl +0.001
upd  124  steps  256000  sps 1077  opp symm  loss -0.016  pg +0.0104  v 0.007  ev +0.95  adv_std 0.119  tR +0.56  ent[s/d/p/e] 1.98/2.30/1.35/0.49  emits 0.44  spf 73.6  z0 0.76  garr 136.8  tG 982  e2 0.08  nF 3.8  pS 0.33  ptS 0.32  fLog 0.63  pdΔ -0.1688  pkR 5.05  clip 0.06  kl -0.001
upd  125  steps  258048  sps 1082  opp symm  loss -0.031  pg -0.0053  v 0.005  ev +0.96  adv_std 0.105  tR +0.60  ent[s/d/p/e] 1.70/2.17/1.40/0.49  emits 0.41  spf 66.6  z0 0.75  garr 123.6  tG 876  e2 0.08  nF 3.9  pS 0.30  ptS 0.29  fLog 0.61  pdΔ -0.1962  pkR 6.41  clip 0.05  kl +0.002
upd  126  steps  260096  sps 1088  opp symm  loss -0.001  pg +0.0246  v 0.006  ev +0.96  adv_std 0.109  tR +0.00  ent[s/d/p/e] 1.76/2.19/1.39/0.49  emits 0.48  spf 61.7  z0 0.74  garr 120.1  tG 871  e2 0.09  nF 4.5  pS 0.31  ptS 0.30  fLog 0.58  pdΔ -0.1936  pkR 6.73  clip 0.06  kl +0.002
upd  127  steps  262144  sps 1094  opp symm  loss -0.008  pg +0.0186  v 0.006  ev +0.96  adv_std 0.106  tR +0.50  ent[s/d/p/e] 1.97/2.26/1.40/0.46  emits 0.48  spf 56.5  z0 0.76  garr 124.1  tG 935  e2 0.10  nF 5.2  pS 0.33  ptS 0.32  fLog 0.58  pdΔ -0.1709  pkR 6.21  clip 0.08  kl +0.000
upd  128  steps  264192  sps 1099  opp symm  loss -0.010  pg +0.0163  v 0.006  ev +0.96  adv_std 0.106  tR +1.00  ent[s/d/p/e] 1.95/2.24/1.41/0.47  emits 0.50  spf 56.9  z0 0.75  garr 127.8  tG 918  e2 0.11  nF 5.2  pS 0.33  ptS 0.32  fLog 0.59  pdΔ -0.1660  pkR 5.56  clip 0.10  kl +0.004
upd  129  steps  266240  sps 1105  opp symm  loss -0.005  pg +0.0181  v 0.009  ev +0.94  adv_std 0.134  tR +0.25  ent[s/d/p/e] 1.84/2.12/1.35/0.45  emits 0.44  spf 57.4  z0 0.77  garr 127.5  tG 879  e2 0.09  nF 4.4  pS 0.32  ptS 0.31  fLog 0.58  pdΔ -0.1781  pkR 5.02  clip 0.06  kl -0.000
upd  130  steps  268288  sps 1110  opp symm  loss -0.045  pg -0.0194  v 0.004  ev +0.97  adv_std 0.092  tR +0.33  ent[s/d/p/e] 1.75/2.12/1.39/0.47  emits 0.44  spf 62.2  z0 0.76  garr 132.5  tG 921  e2 0.08  nF 4.3  pS 0.31  ptS 0.30  fLog 0.59  pdΔ -0.1874  pkR 5.55  clip 0.07  kl +0.004
upd  131  steps  270336  sps 1116  opp symm  loss -0.038  pg -0.0131  v 0.011  ev +0.94  adv_std 0.145  tR -0.60  ent[s/d/p/e] 1.97/2.18/1.44/0.50  emits 0.52  spf 61.3  z0 0.74  garr 137.5  tG 972  e2 0.10  nF 5.2  pS 0.34  ptS 0.32  fLog 0.60  pdΔ -0.1639  pkR 6.03  clip 0.09  kl +0.001
upd  132  steps  272384  sps 1121  opp symm  loss +0.021  pg +0.0445  v 0.013  ev +0.92  adv_std 0.160  tR +0.60  ent[s/d/p/e] 2.00/2.22/1.42/0.49  emits 0.50  spf 63.9  z0 0.74  garr 136.7  tG 948  e2 0.10  nF 5.2  pS 0.35  ptS 0.33  fLog 0.60  pdΔ -0.1543  pkR 6.47  clip 0.09  kl +0.002
upd  133  steps  274432  sps 1127  opp symm  loss -0.039  pg -0.0137  v 0.009  ev +0.95  adv_std 0.131  tR -0.14  ent[s/d/p/e] 1.86/2.14/1.44/0.50  emits 0.47  spf 67.6  z0 0.75  garr 104.3  tG 730  e2 0.10  nF 4.8  pS 0.31  ptS 0.30  fLog 0.61  pdΔ -0.1920  pkR 8.24  clip 0.06  kl +0.000
upd  134  steps  276480  sps 1132  opp symm  loss -0.010  pg +0.0137  v 0.011  ev +0.93  adv_std 0.149  tR -0.20  ent[s/d/p/e] 1.86/2.10/1.44/0.50  emits 0.47  spf 52.6  z0 0.74  garr 83.5  tG 555  e2 0.10  nF 5.1  pS 0.30  ptS 0.29  fLog 0.58  pdΔ -0.2007  pkR 6.10  clip 0.07  kl +0.002
upd  135  steps  278528  sps 1137  opp symm  loss -0.006  pg +0.0186  v 0.010  ev +0.94  adv_std 0.146  tR -0.50  ent[s/d/p/e] 1.88/2.09/1.41/0.53  emits 0.59  spf 47.7  z0 0.71  garr 78.7  tG 554  e2 0.12  nF 6.4  pS 0.32  ptS 0.31  fLog 0.57  pdΔ -0.1750  pkR 4.62  clip 0.10  kl +0.001
upd  136  steps  280576  sps 1143  opp symm  loss -0.031  pg -0.0045  v 0.007  ev +0.97  adv_std 0.114  tR +0.71  ent[s/d/p/e] 1.83/2.09/1.46/0.52  emits 0.57  spf 55.6  z0 0.69  garr 82.8  tG 630  e2 0.12  nF 6.1  pS 0.35  ptS 0.34  fLog 0.60  pdΔ -0.1502  pkR 3.76  clip 0.13  kl +0.005
upd  137  steps  282624  sps 1148  opp symm  loss -0.021  pg +0.0034  v 0.009  ev +0.95  adv_std 0.133  tR +1.00  ent[s/d/p/e] 1.85/2.08/1.43/0.51  emits 0.57  spf 52.0  z0 0.70  garr 86.0  tG 633  e2 0.12  nF 6.2  pS 0.33  ptS 0.32  fLog 0.58  pdΔ -0.1654  pkR 4.21  clip 0.10  kl +0.003
upd  138  steps  284672  sps 1153  opp symm  loss +0.024  pg +0.0490  v 0.008  ev +0.96  adv_std 0.126  tR +0.00  ent[s/d/p/e] 1.80/2.03/1.49/0.51  emits 0.57  spf 51.6  z0 0.70  garr 78.2  tG 589  e2 0.12  nF 6.5  pS 0.33  ptS 0.32  fLog 0.58  pdΔ -0.1679  pkR 3.70  clip 0.14  kl +0.002
upd  139  steps  286720  sps 1159  opp symm  loss -0.020  pg +0.0047  v 0.008  ev +0.96  adv_std 0.124  tR +0.20  ent[s/d/p/e] 1.70/1.92/1.44/0.51  emits 0.61  spf 48.6  z0 0.69  garr 79.5  tG 591  e2 0.12  nF 6.0  pS 0.31  ptS 0.30  fLog 0.57  pdΔ -0.1912  pkR 4.63  clip 0.12  kl +0.004
upd  140  steps  288768  sps 1164  opp symm  loss -0.027  pg -0.0042  v 0.009  ev +0.94  adv_std 0.134  tR -0.43  ent[s/d/p/e] 1.59/1.91/1.43/0.48  emits 0.50  spf 49.8  z0 0.72  garr 78.6  tG 595  e2 0.10  nF 5.9  pS 0.31  ptS 0.29  fLog 0.57  pdΔ -0.1880  pkR 5.09  clip 0.17  kl +0.006
upd  141  steps  290816  sps 1169  opp symm  loss -0.015  pg +0.0098  v 0.006  ev +0.96  adv_std 0.113  tR +0.33  ent[s/d/p/e] 1.59/1.96/1.47/0.49  emits 0.46  spf 44.7  z0 0.73  garr 89.4  tG 649  e2 0.10  nF 5.4  pS 0.31  ptS 0.29  fLog 0.56  pdΔ -0.1907  pkR 4.68  clip 0.08  kl +0.004
upd  142  steps  292864  sps 1174  opp symm  loss +0.006  pg +0.0312  v 0.008  ev +0.96  adv_std 0.123  tR +0.00  ent[s/d/p/e] 1.64/2.04/1.52/0.49  emits 0.49  spf 52.1  z0 0.74  garr 105.8  tG 777  e2 0.11  nF 5.9  pS 0.33  ptS 0.32  fLog 0.58  pdΔ -0.1714  pkR 4.91  clip 0.17  kl +0.003
upd  143  steps  294912  sps 1179  opp symm  loss +0.012  pg +0.0370  v 0.009  ev +0.95  adv_std 0.135  tR +0.33  ent[s/d/p/e] 1.78/2.10/1.51/0.51  emits 0.58  spf 53.5  z0 0.72  garr 108.4  tG 810  e2 0.12  nF 6.2  pS 0.34  ptS 0.34  fLog 0.57  pdΔ -0.1590  pkR 5.24  clip 0.11  kl +0.002
upd  144  steps  296960  sps 1184  opp symm  loss -0.011  pg +0.0130  v 0.011  ev +0.94  adv_std 0.148  tR +0.14  ent[s/d/p/e] 1.90/2.20/1.44/0.47  emits 0.55  spf 52.5  z0 0.74  garr 104.7  tG 802  e2 0.11  nF 5.9  pS 0.33  ptS 0.33  fLog 0.58  pdΔ -0.1676  pkR 4.78  clip 0.10  kl +0.003
upd  145  steps  299008  sps 1190  opp symm  loss -0.022  pg +0.0024  v 0.010  ev +0.94  adv_std 0.136  tR -0.67  ent[s/d/p/e] 1.86/2.20/1.44/0.47  emits 0.48  spf 54.6  z0 0.76  garr 100.2  tG 736  e2 0.09  nF 4.8  pS 0.31  ptS 0.30  fLog 0.59  pdΔ -0.1924  pkR 5.51  clip 0.10  kl +0.000
upd  146  steps  301056  sps 1195  opp symm  loss -0.010  pg +0.0136  v 0.009  ev +0.95  adv_std 0.133  tR +0.33  ent[s/d/p/e] 1.73/2.12/1.43/0.45  emits 0.41  spf 55.6  z0 0.77  garr 96.9  tG 725  e2 0.08  nF 4.7  pS 0.31  ptS 0.30  fLog 0.58  pdΔ -0.1949  pkR 7.01  clip 0.06  kl +0.001
upd  147  steps  303104  sps 1200  opp symm  loss +0.005  pg +0.0292  v 0.010  ev +0.94  adv_std 0.142  tR -1.00  ent[s/d/p/e] 1.75/2.12/1.45/0.50  emits 0.47  spf 60.6  z0 0.75  garr 98.8  tG 749  e2 0.10  nF 4.9  pS 0.31  ptS 0.30  fLog 0.59  pdΔ -0.1924  pkR 7.70  clip 0.09  kl +0.003
upd  148  steps  305152  sps 1205  opp symm  loss -0.013  pg +0.0126  v 0.007  ev +0.96  adv_std 0.120  tR +0.75  ent[s/d/p/e] 1.77/2.11/1.47/0.47  emits 0.37  spf 57.3  z0 0.79  garr 107.3  tG 809  e2 0.07  nF 4.3  pS 0.32  ptS 0.31  fLog 0.58  pdΔ -0.1803  pkR 8.37  clip 0.07  kl +0.002
upd  149  steps  307200  sps 1210  opp symm  loss +0.025  pg +0.0491  v 0.009  ev +0.94  adv_std 0.131  tR +0.20  ent[s/d/p/e] 1.69/2.09/1.50/0.47  emits 0.33  spf 67.2  z0 0.79  garr 108.6  tG 797  e2 0.06  nF 3.1  pS 0.29  ptS 0.29  fLog 0.61  pdΔ -0.2063  pkR 9.42  clip 0.08  kl +0.003
upd  150  steps  309248  sps 1215  opp symm  loss +0.034  pg +0.0602  v 0.005  ev +0.97  adv_std 0.098  tR +0.50  ent[s/d/p/e] 1.67/2.06/1.52/0.45  emits 0.40  spf 60.7  z0 0.78  garr 102.5  tG 745  e2 0.08  nF 3.4  pS 0.30  ptS 0.29  fLog 0.60  pdΔ -0.2031  pkR 7.88  clip 0.11  kl +0.008
upd  151  steps  311296  sps 1220  opp symm  loss +0.024  pg +0.0505  v 0.005  ev +0.97  adv_std 0.101  tR -0.20  ent[s/d/p/e] 1.71/2.08/1.52/0.46  emits 0.33  spf 62.3  z0 0.81  garr 112.9  tG 825  e2 0.06  nF 3.1  pS 0.30  ptS 0.29  fLog 0.61  pdΔ -0.1991  pkR 7.99  clip 0.04  kl +0.003
upd  152  steps  313344  sps 1224  opp symm  loss +0.003  pg +0.0282  v 0.006  ev +0.96  adv_std 0.112  tR +1.00  ent[s/d/p/e] 1.66/2.04/1.55/0.44  emits 0.32  spf 58.0  z0 0.80  garr 110.4  tG 826  e2 0.06  nF 3.2  pS 0.30  ptS 0.30  fLog 0.60  pdΔ -0.2000  pkR 7.40  clip 0.07  kl +0.002
upd  153  steps  315392  sps 1229  opp symm  loss -0.056  pg -0.0313  v 0.008  ev +0.96  adv_std 0.126  tR -0.33  ent[s/d/p/e] 1.71/2.01/1.54/0.45  emits 0.34  spf 67.0  z0 0.79  garr 116.0  tG 860  e2 0.07  nF 3.1  pS 0.31  ptS 0.30  fLog 0.62  pdΔ -0.1946  pkR 6.31  clip 0.05  kl +0.002
upd  154  steps  317440  sps 1234  opp symm  loss -0.043  pg -0.0195  v 0.009  ev +0.95  adv_std 0.133  tR +0.00  ent[s/d/p/e] 1.78/1.96/1.47/0.45  emits 0.41  spf 56.7  z0 0.78  garr 112.0  tG 794  e2 0.08  nF 3.4  pS 0.30  ptS 0.29  fLog 0.60  pdΔ -0.2039  pkR 7.71  clip 0.06  kl +0.002
upd  155  steps  319488  sps 1239  opp symm  loss -0.069  pg -0.0457  v 0.011  ev +0.94  adv_std 0.152  tR -0.71  ent[s/d/p/e] 1.75/2.01/1.46/0.49  emits 0.49  spf 58.8  z0 0.75  garr 105.7  tG 729  e2 0.10  nF 4.2  pS 0.30  ptS 0.29  fLog 0.60  pdΔ -0.2004  pkR 8.15  clip 0.05  kl +0.001
upd  156  steps  321536  sps 1244  opp symm  loss -0.013  pg +0.0100  v 0.012  ev +0.94  adv_std 0.150  tR -0.43  ent[s/d/p/e] 1.73/1.97/1.54/0.49  emits 0.42  spf 55.9  z0 0.76  garr 85.1  tG 562  e2 0.08  nF 4.5  pS 0.28  ptS 0.28  fLog 0.59  pdΔ -0.2193  pkR 6.47  clip 0.06  kl +0.006
upd  157  steps  323584  sps 1249  opp symm  loss -0.025  pg -0.0013  v 0.008  ev +0.96  adv_std 0.126  tR +0.60  ent[s/d/p/e] 1.55/1.92/1.52/0.47  emits 0.31  spf 50.1  z0 0.80  garr 86.7  tG 573  e2 0.06  nF 3.9  pS 0.27  ptS 0.26  fLog 0.58  pdΔ -0.2340  pkR 5.80  clip 0.06  kl +0.002
upd  158  steps  325632  sps 1253  opp symm  loss -0.037  pg -0.0138  v 0.009  ev +0.95  adv_std 0.136  tR +0.50  ent[s/d/p/e] 1.52/1.88/1.44/0.49  emits 0.36  spf 53.3  z0 0.78  garr 94.3  tG 624  e2 0.08  nF 3.6  pS 0.27  ptS 0.26  fLog 0.59  pdΔ -0.2322  pkR 6.36  clip 0.05  kl +0.003
upd  159  steps  327680  sps 1258  opp symm  loss -0.022  pg -0.0005  v 0.012  ev +0.93  adv_std 0.158  tR +0.00  ent[s/d/p/e] 1.66/2.02/1.41/0.47  emits 0.39  spf 55.7  z0 0.78  garr 97.3  tG 661  e2 0.07  nF 3.9  pS 0.28  ptS 0.27  fLog 0.60  pdΔ -0.2218  pkR 6.95  clip 0.06  kl -0.000
upd  160  steps  329728  sps 1263  opp symm  loss -0.030  pg -0.0068  v 0.011  ev +0.93  adv_std 0.146  tR -0.33  ent[s/d/p/e] 1.68/2.01/1.42/0.49  emits 0.38  spf 55.1  z0 0.76  garr 96.6  tG 647  e2 0.07  nF 4.1  pS 0.28  ptS 0.27  fLog 0.59  pdΔ -0.2179  pkR 5.76  clip 0.06  kl +0.001
upd  161  steps  331776  sps 1268  opp symm  loss -0.005  pg +0.0206  v 0.006  ev +0.96  adv_std 0.112  tR +0.33  ent[s/d/p/e] 1.74/2.09/1.43/0.52  emits 0.44  spf 55.7  z0 0.76  garr 98.9  tG 642  e2 0.09  nF 4.3  pS 0.29  ptS 0.28  fLog 0.60  pdΔ -0.2093  pkR 6.46  clip 0.06  kl -0.000
upd  162  steps  333824  sps 1272  opp symm  loss -0.020  pg +0.0029  v 0.010  ev +0.94  adv_std 0.143  tR +1.00  ent[s/d/p/e] 1.58/2.01/1.50/0.49  emits 0.36  spf 63.3  z0 0.77  garr 112.3  tG 723  e2 0.07  nF 3.9  pS 0.30  ptS 0.29  fLog 0.61  pdΔ -0.1996  pkR 4.89  clip 0.04  kl +0.001
upd  163  steps  335872  sps 1277  opp symm  loss +0.008  pg +0.0336  v 0.006  ev +0.97  adv_std 0.107  tR -0.60  ent[s/d/p/e] 1.75/2.00/1.52/0.49  emits 0.40  spf 57.2  z0 0.77  garr 122.5  tG 773  e2 0.09  nF 3.7  pS 0.31  ptS 0.30  fLog 0.60  pdΔ -0.1879  pkR 5.04  clip 0.06  kl -0.000
upd  164  steps  337920  sps 1282  opp symm  loss +0.024  pg +0.0493  v 0.007  ev +0.97  adv_std 0.115  tR +0.60  ent[s/d/p/e] 1.83/1.99/1.49/0.48  emits 0.50  spf 50.7  z0 0.75  garr 127.4  tG 866  e2 0.10  nF 4.8  pS 0.33  ptS 0.32  fLog 0.58  pdΔ -0.1712  pkR 5.32  clip 0.06  kl +0.003
upd  165  steps  339968  sps 1286  opp symm  loss -0.064  pg -0.0401  v 0.009  ev +0.95  adv_std 0.131  tR -0.14  ent[s/d/p/e] 1.87/1.99/1.42/0.48  emits 0.48  spf 52.5  z0 0.76  garr 132.2  tG 913  e2 0.10  nF 4.6  pS 0.31  ptS 0.31  fLog 0.59  pdΔ -0.1851  pkR 5.50  clip 0.05  kl +0.001
upd  166  steps  342016  sps 1291  opp symm  loss -0.017  pg +0.0057  v 0.009  ev +0.95  adv_std 0.138  tR +0.60  ent[s/d/p/e] 1.67/1.81/1.41/0.49  emits 0.46  spf 48.4  z0 0.76  garr 134.6  tG 935  e2 0.11  nF 4.4  pS 0.31  ptS 0.30  fLog 0.57  pdΔ -0.1910  pkR 6.26  clip 0.06  kl +0.001
upd  167  steps  344064  sps 1295  opp symm  loss -0.011  pg +0.0109  v 0.008  ev +0.96  adv_std 0.133  tR +0.25  ent[s/d/p/e] 1.58/1.72/1.45/0.46  emits 0.38  spf 48.3  z0 0.79  garr 146.6  tG 1019  e2 0.08  nF 3.8  pS 0.30  ptS 0.29  fLog 0.57  pdΔ -0.2029  pkR 6.61  clip 0.08  kl -0.000
upd  168  steps  346112  sps 1300  opp symm  loss -0.012  pg +0.0109  v 0.007  ev +0.96  adv_std 0.121  tR +0.50  ent[s/d/p/e] 1.51/1.69/1.36/0.47  emits 0.38  spf 51.2  z0 0.77  garr 135.9  tG 905  e2 0.08  nF 3.8  pS 0.27  ptS 0.26  fLog 0.57  pdΔ -0.2260  pkR 8.27  clip 0.07  kl +0.001
upd  169  steps  348160  sps 1304  opp symm  loss -0.021  pg +0.0008  v 0.010  ev +0.95  adv_std 0.138  tR +0.33  ent[s/d/p/e] 1.62/1.81/1.41/0.47  emits 0.40  spf 50.3  z0 0.76  garr 135.7  tG 945  e2 0.09  nF 4.3  pS 0.28  ptS 0.27  fLog 0.58  pdΔ -0.2232  pkR 8.48  clip 0.07  kl +0.002
upd  170  steps  350208  sps 1309  opp symm  loss -0.009  pg +0.0135  v 0.009  ev +0.95  adv_std 0.138  tR -0.50  ent[s/d/p/e] 1.62/1.70/1.40/0.50  emits 0.39  spf 56.8  z0 0.77  garr 118.5  tG 825  e2 0.08  nF 4.2  pS 0.28  ptS 0.27  fLog 0.58  pdΔ -0.2194  pkR 9.22  clip 0.05  kl +0.003
upd  171  steps  352256  sps 1313  opp symm  loss -0.046  pg -0.0214  v 0.006  ev +0.97  adv_std 0.112  tR -0.25  ent[s/d/p/e] 1.75/1.88/1.45/0.48  emits 0.39  spf 64.5  z0 0.77  garr 113.4  tG 873  e2 0.08  nF 4.2  pS 0.31  ptS 0.30  fLog 0.60  pdΔ -0.1924  pkR 7.71  clip 0.06  kl +0.003
upd  172  steps  354304  sps 1318  opp symm  loss +0.005  pg +0.0283  v 0.010  ev +0.94  adv_std 0.139  tR +0.25  ent[s/d/p/e] 1.72/1.82/1.43/0.49  emits 0.42  spf 56.8  z0 0.75  garr 106.8  tG 777  e2 0.08  nF 4.2  pS 0.28  ptS 0.27  fLog 0.59  pdΔ -0.2163  pkR 6.95  clip 0.05  kl +0.003
upd  173  steps  356352  sps 1322  opp symm  loss -0.011  pg +0.0126  v 0.008  ev +0.96  adv_std 0.131  tR -0.33  ent[s/d/p/e] 1.75/1.82/1.39/0.52  emits 0.50  spf 48.3  z0 0.73  garr 89.5  tG 661  e2 0.10  nF 4.7  pS 0.29  ptS 0.29  fLog 0.57  pdΔ -0.2065  pkR 6.91  clip 0.09  kl +0.002
upd  174  steps  358400  sps 1327  opp symm  loss +0.011  pg +0.0332  v 0.013  ev +0.93  adv_std 0.164  tR -0.20  ent[s/d/p/e] 1.76/1.91/1.45/0.51  emits 0.52  spf 53.9  z0 0.72  garr 89.8  tG 689  e2 0.11  nF 5.4  pS 0.32  ptS 0.31  fLog 0.60  pdΔ -0.1790  pkR 6.40  clip 0.09  kl +0.004
upd  175  steps  360448  sps 1331  opp symm  loss +0.010  pg +0.0350  v 0.007  ev +0.97  adv_std 0.116  tR +0.33  ent[s/d/p/e] 1.76/1.93/1.45/0.51  emits 0.48  spf 58.6  z0 0.74  garr 90.7  tG 688  e2 0.10  nF 4.5  pS 0.31  ptS 0.31  fLog 0.60  pdΔ -0.1870  pkR 7.56  clip 0.07  kl +0.000
upd  176  steps  362496  sps 1335  opp symm  loss -0.006  pg +0.0180  v 0.008  ev +0.95  adv_std 0.130  tR -0.14  ent[s/d/p/e] 1.81/1.91/1.43/0.49  emits 0.47  spf 61.4  z0 0.76  garr 84.0  tG 628  e2 0.11  nF 4.5  pS 0.31  ptS 0.30  fLog 0.61  pdΔ -0.1908  pkR 7.53  clip 0.08  kl +0.004
upd  177  steps  364544  sps 1340  opp symm  loss -0.010  pg +0.0137  v 0.009  ev +0.95  adv_std 0.134  tR +1.00  ent[s/d/p/e] 1.86/1.99/1.48/0.46  emits 0.44  spf 58.9  z0 0.77  garr 88.2  tG 674  e2 0.09  nF 4.2  pS 0.31  ptS 0.31  fLog 0.60  pdΔ -0.1873  pkR 5.34  clip 0.07  kl +0.003
upd  178  steps  366592  sps 1344  opp symm  loss -0.047  pg -0.0224  v 0.009  ev +0.95  adv_std 0.132  tR +0.43  ent[s/d/p/e] 1.82/2.03/1.46/0.47  emits 0.39  spf 56.1  z0 0.78  garr 100.2  tG 762  e2 0.08  nF 4.0  pS 0.33  ptS 0.32  fLog 0.60  pdΔ -0.1746  pkR 5.79  clip 0.07  kl +0.002
upd  179  steps  368640  sps 1348  opp symm  loss -0.037  pg -0.0123  v 0.008  ev +0.96  adv_std 0.127  tR +0.33  ent[s/d/p/e] 1.87/1.95/1.46/0.48  emits 0.41  spf 60.4  z0 0.78  garr 103.4  tG 759  e2 0.08  nF 4.0  pS 0.31  ptS 0.30  fLog 0.60  pdΔ -0.1859  pkR 4.69  clip 0.06  kl +0.001
upd  180  steps  370688  sps 1353  opp symm  loss -0.027  pg -0.0017  v 0.008  ev +0.96  adv_std 0.124  tR +1.00  ent[s/d/p/e] 1.85/1.94/1.43/0.51  emits 0.54  spf 59.1  z0 0.72  garr 100.6  tG 705  e2 0.11  nF 4.6  pS 0.31  ptS 0.29  fLog 0.58  pdΔ -0.1922  pkR 5.04  clip 0.07  kl +0.003
upd  181  steps  372736  sps 1357  opp symm  loss +0.029  pg +0.0544  v 0.008  ev +0.96  adv_std 0.125  tR +0.33  ent[s/d/p/e] 1.94/2.08/1.49/0.48  emits 0.60  spf 54.3  z0 0.71  garr 90.3  tG 609  e2 0.11  nF 6.3  pS 0.31  ptS 0.29  fLog 0.57  pdΔ -0.1939  pkR 4.76  clip 0.12  kl +0.004
upd  182  steps  374784  sps 1361  opp symm  loss +0.026  pg +0.0502  v 0.010  ev +0.95  adv_std 0.141  tR +0.00  ent[s/d/p/e] 2.02/2.08/1.42/0.48  emits 0.67  spf 45.8  z0 0.71  garr 72.6  tG 516  e2 0.12  nF 6.3  pS 0.30  ptS 0.29  fLog 0.56  pdΔ -0.1951  pkR 4.06  clip 0.09  kl +0.000
upd  183  steps  376832  sps 1365  opp symm  loss +0.006  pg +0.0306  v 0.009  ev +0.95  adv_std 0.135  tR +0.60  ent[s/d/p/e] 1.95/2.03/1.41/0.47  emits 0.48  spf 56.3  z0 0.77  garr 75.2  tG 510  e2 0.09  nF 5.2  pS 0.28  ptS 0.27  fLog 0.58  pdΔ -0.2207  pkR 4.03  clip 0.05  kl +0.004
upd  184  steps  378880  sps 1370  opp symm  loss -0.011  pg +0.0157  v 0.006  ev +0.97  adv_std 0.108  tR +0.33  ent[s/d/p/e] 1.90/2.02/1.49/0.50  emits 0.49  spf 52.5  z0 0.74  garr 88.2  tG 609  e2 0.10  nF 5.2  pS 0.30  ptS 0.29  fLog 0.59  pdΔ -0.1978  pkR 4.22  clip 0.07  kl +0.001
upd  185  steps  380928  sps 1374  opp symm  loss -0.025  pg -0.0001  v 0.009  ev +0.96  adv_std 0.133  tR -0.60  ent[s/d/p/e] 2.00/2.09/1.46/0.50  emits 0.59  spf 53.5  z0 0.72  garr 96.9  tG 688  e2 0.12  nF 5.5  pS 0.32  ptS 0.31  fLog 0.59  pdΔ -0.1787  pkR 4.54  clip 0.07  kl +0.003