
=== [2026-06-11T03:51:32Z] v14e_binary_v1_a_p0i4_ORBITWARS_SHAPING_RELEASE_0.012_9638b66de5 phase=a kind=probe chunk=300 env={"ORBITWARS_SHAPING_ANTI_HOARD": 0.03, "ORBITWARS_SHAPING_CAPTURE": 0.06, "ORBITWARS_SHAPING_RELEASE": 0.012, "ORBITWARS_SHAPING_RELEASE_K": 17.0, "ORBITWARS_SHAPING_PROD_SHARE_DELTA": 0.01, "ORBITWARS_SHAPING_ONE_SHIP_PENALTY": 0.01} ppo={"ent_coef_emit": 0.0175, "lr_peak": 4.5e-05} ===
[reward] kaggle-aligned: terminal +1 win/+1 tie>0/-1 loss/-1 double-wipeout; is_terminal at step >= episode_steps-2; SHAPING_SCALE=0.0; v1: KEEP_HOME=0.0 FLEET_SIZE=0.0/norm20.0; v2 (expert-replay calibrated): PROD_SHARE=0.0 PLANET_SHARE=0.0 FLEET_LOG=0.0/ref500.0/floor0.3; v3 (top10-2630ep calibrated): PROD_SHARE_DELTA=0.01 EMIT_LOG=0.0 EMIT_GATED=0.0 RELEASE=0.012/K17.0 CAPTURE=0.06; ANTI_HOARD=0.03/thresh0.6; episode_steps=500 (kaggle=500, mismatch=False)
[symmetric] Frog Parade style: same params drive BOTH players, no frozen/strong/buffer opponents, zero_sum_value=True
upd    0  steps    2048  sps 37  opp symm  loss -0.181  pg -0.1662  v 0.012  ev -0.95  adv_std 0.154  tR +0.00  ent[s/d/p/e] 0.29/1.69/1.55/0.31  emits 0.17  spf 20.9  z0 0.85  garr 21.0  tG 28  e2 0.02  nF 1.3  pS 0.06  ptS 0.06  fLog 0.47  pdΔ -0.4376  pkR 7.16  clip 0.03  kl -0.001
upd    1  steps    4096  sps 74  opp symm  loss -0.155  pg -0.1343  v 0.007  ev -0.16  adv_std 0.130  tR +1.00  ent[s/d/p/e] 0.83/1.74/1.35/0.48  emits 0.32  spf 26.5  z0 0.77  garr 26.0  tG 68  e2 0.06  nF 3.2  pS 0.11  ptS 0.11  fLog 0.49  pdΔ -0.3899  pkR 5.44  clip 0.06  kl -0.001
upd    2  steps    6144  sps 110  opp symm  loss -0.071  pg -0.0459  v 0.002  ev +0.53  adv_std 0.072  tR +0.00  ent[s/d/p/e] 1.16/1.82/1.22/0.56  emits 0.44  spf 30.1  z0 0.70  garr 30.5  tG 125  e2 0.09  nF 4.8  pS 0.16  ptS 0.16  fLog 0.49  pdΔ -0.3361  pkR 5.34  clip 0.11  kl +0.003
upd    3  steps    8192  sps 145  opp symm  loss -0.109  pg -0.0826  v 0.004  ev +0.57  adv_std 0.096  tR +0.00  ent[s/d/p/e] 1.39/2.04/1.24/0.60  emits 0.56  spf 37.5  z0 0.67  garr 37.4  tG 197  e2 0.14  nF 6.0  pS 0.21  ptS 0.20  fLog 0.51  pdΔ -0.2923  pkR 5.35  clip 0.06  kl +0.002
upd    4  steps   10240  sps 179  opp symm  loss -0.068  pg -0.0406  v 0.003  ev +0.63  adv_std 0.081  tR -1.00  ent[s/d/p/e] 1.53/2.09/1.19/0.61  emits 0.64  spf 35.4  z0 0.63  garr 38.0  tG 251  e2 0.15  nF 7.5  pS 0.25  ptS 0.24  fLog 0.51  pdΔ -0.2522  pkR 6.14  clip 0.21  kl +0.011
upd    5  steps   12288  sps 212  opp symm  loss -0.077  pg -0.0484  v 0.002  ev +0.73  adv_std 0.070  tR -1.00  ent[s/d/p/e] 1.65/2.15/1.20/0.61  emits 0.60  spf 42.9  z0 0.65  garr 46.5  tG 337  e2 0.14  nF 7.5  pS 0.27  ptS 0.27  fLog 0.53  pdΔ -0.2276  pkR 6.33  clip 0.16  kl +0.009
upd    6  steps   14336  sps 245  opp symm  loss -0.017  pg +0.0118  v 0.002  ev +0.72  adv_std 0.068  tR +1.00  ent[s/d/p/e] 1.71/2.16/1.20/0.61  emits 0.68  spf 45.7  z0 0.62  garr 47.7  tG 375  e2 0.17  nF 7.8  pS 0.29  ptS 0.29  fLog 0.53  pdΔ -0.2097  pkR 7.64  clip 0.17  kl +0.009
upd    7  steps   16384  sps 277  opp symm  loss +0.004  pg +0.0330  v 0.001  ev +0.82  adv_std 0.050  tR +0.00  ent[s/d/p/e] 1.78/2.17/1.15/0.63  emits 0.77  spf 41.4  z0 0.59  garr 43.6  tG 358  e2 0.18  nF 8.7  pS 0.30  ptS 0.30  fLog 0.51  pdΔ -0.1992  pkR 7.98  clip 0.13  kl +0.006
upd    8  steps   18432  sps 308  opp symm  loss -0.084  pg -0.0549  v 0.002  ev +0.72  adv_std 0.063  tR -1.00  ent[s/d/p/e] 1.85/2.21/1.16/0.63  emits 0.79  spf 45.2  z0 0.60  garr 42.7  tG 374  e2 0.19  nF 9.5  pS 0.32  ptS 0.32  fLog 0.52  pdΔ -0.1826  pkR 8.73  clip 0.18  kl +0.005
upd    9  steps   20480  sps 339  opp symm  loss -0.114  pg -0.0854  v 0.003  ev +0.72  adv_std 0.089  tR +0.00  ent[s/d/p/e] 1.89/2.27/1.22/0.62  emits 0.71  spf 49.2  z0 0.63  garr 45.5  tG 388  e2 0.17  nF 8.9  pS 0.32  ptS 0.32  fLog 0.53  pdΔ -0.1830  pkR 8.20  clip 0.21  kl +0.008
upd   10  steps   22528  sps 368  opp symm  loss +0.009  pg +0.0385  v 0.002  ev +0.76  adv_std 0.063  tR +1.00  ent[s/d/p/e] 1.85/2.26/1.23/0.61  emits 0.65  spf 47.9  z0 0.63  garr 43.2  tG 361  e2 0.16  nF 8.4  pS 0.29  ptS 0.30  fLog 0.54  pdΔ -0.2054  pkR 5.17  clip 0.17  kl +0.004
upd   11  steps   24576  sps 398  opp symm  loss -0.101  pg -0.0722  v 0.003  ev +0.74  adv_std 0.079  tR -1.00  ent[s/d/p/e] 1.86/2.25/1.22/0.60  emits 0.65  spf 47.1  z0 0.64  garr 43.2  tG 365  e2 0.16  nF 7.8  pS 0.30  ptS 0.31  fLog 0.54  pdΔ -0.2007  pkR 5.18  clip 0.16  kl +0.006
upd   12  steps   26624  sps 426  opp symm  loss -0.098  pg -0.0689  v 0.003  ev +0.76  adv_std 0.079  tR +0.00  ent[s/d/p/e] 1.84/2.25/1.26/0.61  emits 0.69  spf 48.7  z0 0.64  garr 45.2  tG 419  e2 0.17  nF 8.3  pS 0.32  ptS 0.32  fLog 0.54  pdΔ -0.1795  pkR 8.77  clip 0.11  kl +0.002
upd   13  steps   28672  sps 455  opp symm  loss -0.069  pg -0.0396  v 0.002  ev +0.84  adv_std 0.070  tR +0.33  ent[s/d/p/e] 1.88/2.30/1.16/0.61  emits 0.70  spf 49.2  z0 0.63  garr 45.5  tG 388  e2 0.17  nF 8.7  pS 0.31  ptS 0.31  fLog 0.54  pdΔ -0.1886  pkR 10.46  clip 0.12  kl +0.004
upd   14  steps   30720  sps 482  opp symm  loss -0.038  pg -0.0088  v 0.003  ev +0.84  adv_std 0.072  tR +0.00  ent[s/d/p/e] 1.85/2.29/1.25/0.62  emits 0.70  spf 49.1  z0 0.62  garr 44.7  tG 375  e2 0.17  nF 8.8  pS 0.32  ptS 0.32  fLog 0.55  pdΔ -0.1839  pkR 5.27  clip 0.15  kl +0.004
upd   15  steps   32768  sps 509  opp symm  loss -0.026  pg -0.0287  v 0.064  ev +0.39  adv_std 0.376  tR -0.14  ent[s/d/p/e] 1.70/2.26/1.33/0.54  emits 0.46  spf 48.2  z0 0.73  garr 38.2  tG 265  e2 0.10  nF 5.8  pS 0.23  ptS 0.23  fLog 0.55  pdΔ -0.2705  pkR 8.39  clip 0.09  kl +0.002
upd   16  steps   34816  sps 535  opp symm  loss +0.024  pg +0.0497  v 0.003  ev +0.82  adv_std 0.079  tR +0.00  ent[s/d/p/e] 1.26/2.22/1.52/0.47  emits 0.30  spf 41.6  z0 0.79  garr 37.8  tG 132  e2 0.06  nF 3.3  pS 0.14  ptS 0.13  fLog 0.54  pdΔ -0.3644  pkR 9.81  clip 0.07  kl +0.001
upd   17  steps   36864  sps 561  opp symm  loss +0.034  pg +0.0597  v 0.003  ev +0.85  adv_std 0.081  tR +0.00  ent[s/d/p/e] 1.30/2.15/1.39/0.51  emits 0.41  spf 38.4  z0 0.76  garr 37.0  tG 163  e2 0.09  nF 4.4  pS 0.17  ptS 0.17  fLog 0.53  pdΔ -0.3257  pkR 11.98  clip 0.16  kl +0.002
upd   18  steps   38912  sps 587  opp symm  loss +0.001  pg +0.0295  v 0.002  ev +0.90  adv_std 0.061  tR +1.00  ent[s/d/p/e] 1.41/2.25/1.41/0.56  emits 0.42  spf 42.6  z0 0.73  garr 41.3  tG 204  e2 0.09  nF 5.0  pS 0.21  ptS 0.20  fLog 0.55  pdΔ -0.2937  pkR 7.37  clip 0.12  kl +0.002
upd   19  steps   40960  sps 612  opp symm  loss -0.044  pg -0.0165  v 0.005  ev +0.81  adv_std 0.102  tR -1.00  ent[s/d/p/e] 1.59/2.33/1.37/0.56  emits 0.40  spf 48.9  z0 0.72  garr 49.7  tG 293  e2 0.08  nF 4.7  pS 0.24  ptS 0.24  fLog 0.57  pdΔ -0.2571  pkR 4.08  clip 0.10  kl +0.002
upd   20  steps   43008  sps 636  opp symm  loss -0.011  pg +0.0186  v 0.002  ev +0.93  adv_std 0.062  tR +0.00  ent[s/d/p/e] 1.67/2.32/1.33/0.58  emits 0.50  spf 51.4  z0 0.69  garr 55.1  tG 363  e2 0.12  nF 5.7  pS 0.28  ptS 0.27  fLog 0.58  pdΔ -0.2181  pkR 3.79  clip 0.11  kl +0.003
upd   21  steps   45056  sps 660  opp symm  loss -0.043  pg -0.0141  v 0.003  ev +0.92  adv_std 0.079  tR -1.00  ent[s/d/p/e] 1.73/2.31/1.21/0.63  emits 0.70  spf 47.3  z0 0.61  garr 49.5  tG 352  e2 0.17  nF 7.4  pS 0.31  ptS 0.30  fLog 0.56  pdΔ -0.1931  pkR 3.81  clip 0.11  kl +0.004
upd   22  steps   47104  sps 684  opp symm  loss -0.014  pg +0.0159  v 0.003  ev +0.94  adv_std 0.071  tR +1.00  ent[s/d/p/e] 1.82/2.33/1.21/0.64  emits 0.78  spf 41.2  z0 0.60  garr 48.0  tG 358  e2 0.19  nF 8.8  pS 0.33  ptS 0.33  fLog 0.54  pdΔ -0.1666  pkR 4.05  clip 0.11  kl +0.002
upd   23  steps   49152  sps 707  opp symm  loss +0.011  pg +0.0404  v 0.003  ev +0.94  adv_std 0.073  tR +0.00  ent[s/d/p/e] 1.84/2.30/1.18/0.64  emits 1.00  spf 38.6  z0 0.52  garr 41.3  tG 326  e2 0.23  nF 11.5  pS 0.35  ptS 0.34  fLog 0.53  pdΔ -0.1532  pkR 4.43  clip 0.15  kl +0.006
upd   24  steps   51200  sps 729  opp symm  loss -0.031  pg -0.0022  v 0.004  ev +0.94  adv_std 0.092  tR +0.50  ent[s/d/p/e] 1.82/2.29/1.16/0.64  emits 0.88  spf 39.2  z0 0.57  garr 40.8  tG 335  e2 0.22  nF 11.3  pS 0.35  ptS 0.35  fLog 0.53  pdΔ -0.1459  pkR 5.45  clip 0.15  kl +0.003
upd   25  steps   53248  sps 752  opp symm  loss -0.030  pg -0.0012  v 0.003  ev +0.97  adv_std 0.071  tR +0.00  ent[s/d/p/e] 1.81/2.29/1.17/0.63  emits 0.87  spf 39.4  z0 0.57  garr 39.9  tG 306  e2 0.21  nF 10.7  pS 0.32  ptS 0.32  fLog 0.53  pdΔ -0.1784  pkR 7.26  clip 0.15  kl +0.002
upd   26  steps   55296  sps 773  opp symm  loss -0.052  pg -0.0243  v 0.005  ev +0.95  adv_std 0.098  tR -0.33  ent[s/d/p/e] 1.83/2.28/1.14/0.62  emits 0.76  spf 39.6  z0 0.59  garr 40.9  tG 316  e2 0.18  nF 10.2  pS 0.32  ptS 0.32  fLog 0.53  pdΔ -0.1784  pkR 8.65  clip 0.09  kl +0.003
upd   27  steps   57344  sps 795  opp symm  loss -0.021  pg +0.0082  v 0.002  ev +0.98  adv_std 0.064  tR +1.00  ent[s/d/p/e] 1.85/2.33/1.17/0.61  emits 0.67  spf 40.4  z0 0.64  garr 43.7  tG 296  e2 0.16  nF 9.0  pS 0.31  ptS 0.30  fLog 0.54  pdΔ -0.1875  pkR 9.38  clip 0.14  kl +0.002
upd   28  steps   59392  sps 816  opp symm  loss -0.001  pg +0.0269  v 0.006  ev +0.94  adv_std 0.101  tR -0.67  ent[s/d/p/e] 1.86/2.38/1.20/0.62  emits 0.75  spf 42.4  z0 0.63  garr 41.9  tG 294  e2 0.18  nF 9.3  pS 0.31  ptS 0.30  fLog 0.55  pdΔ -0.1898  pkR 5.81  clip 0.18  kl +0.003
upd   29  steps   61440  sps 837  opp symm  loss -0.040  pg -0.0110  v 0.003  ev +0.97  adv_std 0.072  tR -1.00  ent[s/d/p/e] 1.91/2.39/1.18/0.61  emits 0.80  spf 39.4  z0 0.61  garr 39.9  tG 302  e2 0.19  nF 9.7  pS 0.32  ptS 0.32  fLog 0.53  pdΔ -0.1797  pkR 6.88  clip 0.16  kl +0.000
upd   30  steps   63488  sps 857  opp symm  loss -0.017  pg +0.0119  v 0.004  ev +0.96  adv_std 0.087  tR +0.20  ent[s/d/p/e] 1.96/2.39/1.19/0.61  emits 0.89  spf 42.0  z0 0.58  garr 39.0  tG 308  e2 0.22  nF 10.5  pS 0.34  ptS 0.33  fLog 0.54  pdΔ -0.1625  pkR 7.33  clip 0.13  kl +0.004
upd   31  steps   65536  sps 877  opp symm  loss +0.002  pg +0.0247  v 0.012  ev +0.77  adv_std 0.156  tR -0.07  ent[s/d/p/e] 1.68/2.35/1.23/0.51  emits 0.50  spf 39.2  z0 0.75  garr 36.7  tG 153  e2 0.11  nF 5.4  pS 0.19  ptS 0.19  fLog 0.54  pdΔ -0.3094  pkR 7.48  clip 0.08  kl +0.003
upd   32  steps   67584  sps 897  opp symm  loss -0.017  pg +0.0096  v 0.005  ev +0.85  adv_std 0.102  tR +0.33  ent[s/d/p/e] 1.59/2.33/1.28/0.53  emits 0.48  spf 38.4  z0 0.73  garr 41.0  tG 171  e2 0.11  nF 5.2  pS 0.20  ptS 0.20  fLog 0.55  pdΔ -0.2985  pkR 5.24  clip 0.07  kl +0.003
upd   33  steps   69632  sps 916  opp symm  loss -0.033  pg -0.0045  v 0.002  ev +0.93  adv_std 0.068  tR -1.00  ent[s/d/p/e] 1.56/2.30/1.32/0.57  emits 0.50  spf 42.8  z0 0.71  garr 44.5  tG 216  e2 0.12  nF 5.2  pS 0.23  ptS 0.22  fLog 0.56  pdΔ -0.2737  pkR 4.17  clip 0.10  kl +0.002
upd   34  steps   71680  sps 935  opp symm  loss -0.051  pg -0.0231  v 0.005  ev +0.90  adv_std 0.098  tR +1.00  ent[s/d/p/e] 1.65/2.37/1.31/0.61  emits 0.54  spf 48.0  z0 0.67  garr 48.5  tG 291  e2 0.12  nF 5.7  pS 0.27  ptS 0.27  fLog 0.58  pdΔ -0.2271  pkR 3.96  clip 0.10  kl +0.004
upd   35  steps   73728  sps 954  opp symm  loss -0.031  pg -0.0020  v 0.004  ev +0.95  adv_std 0.086  tR +1.00  ent[s/d/p/e] 1.62/2.35/1.30/0.62  emits 0.62  spf 51.5  z0 0.65  garr 46.9  tG 321  e2 0.15  nF 5.9  pS 0.29  ptS 0.28  fLog 0.59  pdΔ -0.2100  pkR 5.61  clip 0.17  kl +0.008
upd   36  steps   75776  sps 972  opp symm  loss -0.047  pg -0.0190  v 0.004  ev +0.95  adv_std 0.091  tR -1.00  ent[s/d/p/e] 1.65/2.33/1.21/0.60  emits 0.48  spf 54.3  z0 0.69  garr 53.6  tG 420  e2 0.10  nF 5.3  pS 0.31  ptS 0.30  fLog 0.60  pdΔ -0.1921  pkR 9.52  clip 0.10  kl +0.003
upd   37  steps   77824  sps 990  opp symm  loss -0.021  pg +0.0067  v 0.004  ev +0.95  adv_std 0.086  tR -0.20  ent[s/d/p/e] 1.71/2.41/1.24/0.56  emits 0.38  spf 65.4  z0 0.74  garr 64.1  tG 474  e2 0.08  nF 4.2  pS 0.31  ptS 0.30  fLog 0.62  pdΔ -0.1915  pkR 5.48  clip 0.09  kl +0.004
upd   38  steps   79872  sps 1008  opp symm  loss -0.015  pg +0.0145  v 0.003  ev +0.96  adv_std 0.075  tR -1.00  ent[s/d/p/e] 1.83/2.48/1.23/0.60  emits 0.52  spf 68.9  z0 0.69  garr 67.2  tG 506  e2 0.11  nF 4.7  pS 0.32  ptS 0.32  fLog 0.63  pdΔ -0.1785  pkR 4.25  clip 0.09  kl -0.000
upd   39  steps   81920  sps 1025  opp symm  loss -0.008  pg +0.0218  v 0.002  ev +0.97  adv_std 0.065  tR -1.00  ent[s/d/p/e] 1.86/2.47/1.18/0.59  emits 0.48  spf 68.7  z0 0.70  garr 74.8  tG 584  e2 0.10  nF 5.2  pS 0.35  ptS 0.34  fLog 0.63  pdΔ -0.1546  pkR 4.16  clip 0.10  kl +0.004
upd   40  steps   83968  sps 1042  opp symm  loss -0.010  pg +0.0182  v 0.005  ev +0.94  adv_std 0.101  tR +0.00  ent[s/d/p/e] 1.80/2.46/1.24/0.59  emits 0.45  spf 75.5  z0 0.70  garr 76.0  tG 590  e2 0.10  nF 4.5  pS 0.35  ptS 0.34  fLog 0.64  pdΔ -0.1532  pkR 4.47  clip 0.10  kl +0.004
upd   41  steps   86016  sps 1059  opp symm  loss -0.033  pg -0.0037  v 0.004  ev +0.97  adv_std 0.085  tR +1.00  ent[s/d/p/e] 1.86/2.48/1.29/0.60  emits 0.50  spf 70.5  z0 0.68  garr 78.1  tG 615  e2 0.10  nF 4.6  pS 0.35  ptS 0.34  fLog 0.64  pdΔ -0.1481  pkR 4.01  clip 0.09  kl +0.003
upd   42  steps   88064  sps 1076  opp symm  loss -0.023  pg +0.0059  v 0.004  ev +0.96  adv_std 0.090  tR -0.43  ent[s/d/p/e] 1.90/2.51/1.28/0.59  emits 0.46  spf 67.9  z0 0.71  garr 72.2  tG 561  e2 0.10  nF 4.7  pS 0.33  ptS 0.32  fLog 0.62  pdΔ -0.1699  pkR 4.28  clip 0.10  kl +0.009
upd   43  steps   90112  sps 1092  opp symm  loss -0.042  pg -0.0148  v 0.004  ev +0.95  adv_std 0.089  tR +0.20  ent[s/d/p/e] 1.75/2.40/1.31/0.53  emits 0.37  spf 67.7  z0 0.75  garr 75.8  tG 588  e2 0.08  nF 4.3  pS 0.33  ptS 0.32  fLog 0.63  pdΔ -0.1726  pkR 3.83  clip 0.09  kl +0.003
upd   44  steps   92160  sps 1108  opp symm  loss -0.005  pg +0.0231  v 0.005  ev +0.93  adv_std 0.101  tR +0.00  ent[s/d/p/e] 1.74/2.41/1.25/0.59  emits 0.42  spf 74.5  z0 0.72  garr 77.9  tG 607  e2 0.09  nF 4.2  pS 0.32  ptS 0.31  fLog 0.63  pdΔ -0.1811  pkR 4.15  clip 0.11  kl +0.004
upd   45  steps   94208  sps 1124  opp symm  loss -0.054  pg -0.0250  v 0.003  ev +0.95  adv_std 0.077  tR +0.00  ent[s/d/p/e] 1.76/2.41/1.29/0.59  emits 0.39  spf 75.3  z0 0.73  garr 79.5  tG 613  e2 0.08  nF 3.9  pS 0.32  ptS 0.31  fLog 0.64  pdΔ -0.1845  pkR 5.21  clip 0.09  kl +0.010
upd   46  steps   96256  sps 1140  opp symm  loss +0.011  pg +0.0241  v 0.031  ev +0.66  adv_std 0.255  tR -0.12  ent[s/d/p/e] 1.62/2.34/1.26/0.55  emits 0.40  spf 72.3  z0 0.73  garr 71.1  tG 548  e2 0.08  nF 3.4  pS 0.29  ptS 0.28  fLog 0.62  pdΔ -0.2129  pkR 7.16  clip 0.12  kl +0.007
upd   47  steps   98304  sps 1155  opp symm  loss -0.026  pg -0.0014  v 0.005  ev +0.86  adv_std 0.103  tR -1.00  ent[s/d/p/e] 1.23/2.11/1.27/0.57  emits 0.43  spf 51.2  z0 0.72  garr 48.5  tG 314  e2 0.09  nF 3.7  pS 0.21  ptS 0.21  fLog 0.56  pdΔ -0.2864  pkR 6.62  clip 0.13  kl +0.008
upd   48  steps  100352  sps 1170  opp symm  loss -0.000  pg +0.0258  v 0.003  ev +0.90  adv_std 0.079  tR -1.00  ent[s/d/p/e] 1.42/2.22/1.17/0.56  emits 0.47  spf 53.7  z0 0.70  garr 51.4  tG 350  e2 0.11  nF 4.8  pS 0.25  ptS 0.24  fLog 0.58  pdΔ -0.2472  pkR 6.19  clip 0.24  kl +0.008
upd   49  steps  102400  sps 1185  opp symm  loss -0.041  pg -0.0130  v 0.004  ev +0.90  adv_std 0.085  tR +1.00  ent[s/d/p/e] 1.55/2.32/1.16/0.62  emits 0.56  spf 52.6  z0 0.67  garr 54.6  tG 372  e2 0.13  nF 5.4  pS 0.28  ptS 0.27  fLog 0.58  pdΔ -0.2177  pkR 4.64  clip 0.10  kl +0.006
upd   50  steps  104448  sps 1200  opp symm  loss -0.017  pg +0.0082  v 0.008  ev +0.85  adv_std 0.124  tR -1.00  ent[s/d/p/e] 1.57/2.36/1.17/0.61  emits 0.53  spf 55.7  z0 0.68  garr 60.7  tG 424  e2 0.12  nF 5.5  pS 0.30  ptS 0.29  fLog 0.60  pdΔ -0.1988  pkR 4.91  clip 0.09  kl +0.003
upd   51  steps  106496  sps 1214  opp symm  loss +0.003  pg +0.0300  v 0.004  ev +0.94  adv_std 0.086  tR +0.00  ent[s/d/p/e] 1.64/2.36/1.08/0.62  emits 0.59  spf 59.5  z0 0.65  garr 65.3  tG 491  e2 0.14  nF 5.6  pS 0.33  ptS 0.32  fLog 0.60  pdΔ -0.1725  pkR 4.59  clip 0.12  kl +0.007
upd   52  steps  108544  sps 1229  opp symm  loss -0.046  pg -0.0190  v 0.006  ev +0.92  adv_std 0.103  tR +0.50  ent[s/d/p/e] 1.77/2.44/1.06/0.61  emits 0.50  spf 66.8  z0 0.69  garr 70.5  tG 565  e2 0.11  nF 5.4  pS 0.35  ptS 0.34  fLog 0.62  pdΔ -0.1538  pkR 4.41  clip 0.11  kl +0.001
upd   53  steps  110592  sps 1243  opp symm  loss -0.056  pg -0.0303  v 0.007  ev +0.91  adv_std 0.115  tR -0.33  ent[s/d/p/e] 1.78/2.43/1.05/0.60  emits 0.52  spf 65.2  z0 0.68  garr 68.2  tG 546  e2 0.11  nF 5.5  pS 0.35  ptS 0.34  fLog 0.62  pdΔ -0.1539  pkR 4.55  clip 0.12  kl +0.003
upd   54  steps  112640  sps 1256  opp symm  loss -0.072  pg -0.0428  v 0.002  ev +0.98  adv_std 0.062  tR +0.00  ent[s/d/p/e] 1.79/2.47/1.08/0.60  emits 0.52  spf 68.2  z0 0.67  garr 71.0  tG 580  e2 0.11  nF 5.3  pS 0.36  ptS 0.35  fLog 0.63  pdΔ -0.1361  pkR 3.22  clip 0.14  kl +0.002
upd   55  steps  114688  sps 1270  opp symm  loss -0.029  pg -0.0027  v 0.007  ev +0.94  adv_std 0.118  tR +1.00  ent[s/d/p/e] 1.86/2.50/1.08/0.61  emits 0.61  spf 66.7  z0 0.65  garr 67.4  tG 578  e2 0.14  nF 6.1  pS 0.38  ptS 0.37  fLog 0.63  pdΔ -0.1189  pkR 3.50  clip 0.14  kl +0.008
upd   56  steps  116736  sps 1284  opp symm  loss +0.008  pg +0.0363  v 0.004  ev +0.98  adv_std 0.084  tR +1.00  ent[s/d/p/e] 1.89/2.46/1.09/0.60  emits 0.60  spf 62.4  z0 0.67  garr 62.2  tG 539  e2 0.14  nF 6.4  pS 0.37  ptS 0.37  fLog 0.61  pdΔ -0.1297  pkR 3.99  clip 0.09  kl +0.001
upd   57  steps  118784  sps 1297  opp symm  loss -0.040  pg -0.0114  v 0.003  ev +0.98  adv_std 0.076  tR +0.33  ent[s/d/p/e] 1.91/2.51/1.08/0.58  emits 0.53  spf 65.2  z0 0.69  garr 70.3  tG 594  e2 0.12  nF 5.9  pS 0.37  ptS 0.36  fLog 0.62  pdΔ -0.1307  pkR 4.32  clip 0.10  kl +0.001
upd   58  steps  120832  sps 1310  opp symm  loss -0.037  pg -0.0117  v 0.005  ev +0.95  adv_std 0.104  tR -0.25  ent[s/d/p/e] 1.72/2.42/1.11/0.53  emits 0.46  spf 74.5  z0 0.72  garr 73.2  tG 588  e2 0.08  nF 4.3  pS 0.33  ptS 0.32  fLog 0.64  pdΔ -0.1688  pkR 4.15  clip 0.10  kl +0.004
upd   59  steps  122880  sps 1323  opp symm  loss -0.050  pg -0.0245  v 0.006  ev +0.94  adv_std 0.106  tR -0.33  ent[s/d/p/e] 1.69/2.45/1.14/0.51  emits 0.37  spf 76.9  z0 0.77  garr 83.8  tG 671  e2 0.08  nF 3.8  pS 0.33  ptS 0.32  fLog 0.64  pdΔ -0.1701  pkR 4.00  clip 0.06  kl -0.002
upd   60  steps  124928  sps 1336  opp symm  loss -0.042  pg -0.0161  v 0.006  ev +0.93  adv_std 0.113  tR -0.60  ent[s/d/p/e] 1.69/2.49/1.12/0.56  emits 0.41  spf 78.9  z0 0.73  garr 92.5  tG 760  e2 0.08  nF 3.9  pS 0.35  ptS 0.34  fLog 0.65  pdΔ -0.1519  pkR 3.93  clip 0.11  kl +0.004
upd   61  steps  126976  sps 1348  opp symm  loss -0.066  pg -0.0421  v 0.009  ev +0.88  adv_std 0.136  tR +0.14  ent[s/d/p/e] 1.65/2.47/1.11/0.53  emits 0.39  spf 86.4  z0 0.74  garr 92.5  tG 754  e2 0.09  nF 3.4  pS 0.34  ptS 0.33  fLog 0.66  pdΔ -0.1584  pkR 4.06  clip 0.10  kl +0.005
upd   62  steps  129024  sps 1361  opp symm  loss -0.055  pg -0.0360  v 0.015  ev +0.76  adv_std 0.176  tR +0.05  ent[s/d/p/e] 1.37/2.22/1.11/0.54  emits 0.44  spf 65.9  z0 0.71  garr 61.6  tG 448  e2 0.09  nF 3.6  pS 0.25  ptS 0.25  fLog 0.61  pdΔ -0.2470  pkR 7.36  clip 0.07  kl +0.002
upd   63  steps  131072  sps 1373  opp symm  loss -0.064  pg -0.0420  v 0.011  ev +0.84  adv_std 0.152  tR -0.50  ent[s/d/p/e] 1.41/2.22/1.08/0.57  emits 0.49  spf 60.9  z0 0.69  garr 54.9  tG 384  e2 0.10  nF 4.8  pS 0.25  ptS 0.25  fLog 0.61  pdΔ -0.2507  pkR 5.70  clip 0.09  kl +0.002
upd   64  steps  133120  sps 1385  opp symm  loss -0.020  pg +0.0047  v 0.005  ev +0.95  adv_std 0.095  tR +0.00  ent[s/d/p/e] 1.51/2.30/1.04/0.55  emits 0.50  spf 64.0  z0 0.69  garr 56.2  tG 422  e2 0.11  nF 4.9  pS 0.28  ptS 0.27  fLog 0.61  pdΔ -0.2246  pkR 5.47  clip 0.12  kl +0.004
upd   65  steps  135168  sps 1397  opp symm  loss -0.022  pg +0.0039  v 0.005  ev +0.95  adv_std 0.104  tR +1.00  ent[s/d/p/e] 1.61/2.39/1.03/0.58  emits 0.45  spf 64.5  z0 0.71  garr 60.2  tG 457  e2 0.10  nF 4.8  pS 0.30  ptS 0.29  fLog 0.62  pdΔ -0.2032  pkR 4.79  clip 0.09  kl +0.004
upd   66  steps  137216  sps 1409  opp symm  loss -0.032  pg -0.0065  v 0.006  ev +0.95  adv_std 0.110  tR -0.60  ent[s/d/p/e] 1.62/2.41/1.12/0.54  emits 0.44  spf 68.9  z0 0.72  garr 66.9  tG 512  e2 0.09  nF 4.2  pS 0.30  ptS 0.30  fLog 0.63  pdΔ -0.1998  pkR 3.98  clip 0.08  kl +0.002
upd   67  steps  139264  sps 1420  opp symm  loss -0.062  pg -0.0355  v 0.005  ev +0.96  adv_std 0.102  tR +0.50  ent[s/d/p/e] 1.67/2.45/1.11/0.58  emits 0.52  spf 71.6  z0 0.71  garr 71.6  tG 574  e2 0.11  nF 4.7  pS 0.31  ptS 0.31  fLog 0.64  pdΔ -0.1862  pkR 6.27  clip 0.17  kl +0.002
upd   68  steps  141312  sps 1432  opp symm  loss -0.028  pg -0.0043  v 0.009  ev +0.92  adv_std 0.131  tR -1.00  ent[s/d/p/e] 1.61/2.37/1.07/0.52  emits 0.40  spf 67.7  z0 0.73  garr 71.0  tG 523  e2 0.08  nF 4.6  pS 0.29  ptS 0.28  fLog 0.62  pdΔ -0.2130  pkR 3.90  clip 0.10  kl +0.001
upd   69  steps  143360  sps 1443  opp symm  loss -0.027  pg -0.0002  v 0.004  ev +0.97  adv_std 0.084  tR +0.00  ent[s/d/p/e] 1.59/2.42/1.10/0.56  emits 0.44  spf 80.1  z0 0.72  garr 76.5  tG 552  e2 0.09  nF 4.0  pS 0.28  ptS 0.27  fLog 0.65  pdΔ -0.2184  pkR 4.83  clip 0.08  kl +0.001
upd   70  steps  145408  sps 1454  opp symm  loss -0.040  pg -0.0133  v 0.004  ev +0.97  adv_std 0.084  tR -1.00  ent[s/d/p/e] 1.65/2.47/1.11/0.54  emits 0.41  spf 77.1  z0 0.74  garr 80.4  tG 566  e2 0.09  nF 4.1  pS 0.30  ptS 0.29  fLog 0.65  pdΔ -0.1967  pkR 3.99  clip 0.10  kl +0.002
upd   71  steps  147456  sps 1465  opp symm  loss -0.060  pg -0.0335  v 0.006  ev +0.96  adv_std 0.105  tR -1.00  ent[s/d/p/e] 1.76/2.51/1.07/0.56  emits 0.48  spf 73.8  z0 0.71  garr 85.4  tG 627  e2 0.10  nF 4.4  pS 0.32  ptS 0.31  fLog 0.64  pdΔ -0.1785  pkR 3.80  clip 0.10  kl +0.002
upd   72  steps  149504  sps 1476  opp symm  loss -0.049  pg -0.0229  v 0.006  ev +0.97  adv_std 0.106  tR -0.33  ent[s/d/p/e] 1.82/2.47/1.06/0.53  emits 0.45  spf 71.5  z0 0.73  garr 90.1  tG 683  e2 0.09  nF 4.6  pS 0.33  ptS 0.32  fLog 0.64  pdΔ -0.1702  pkR 3.87  clip 0.06  kl +0.002
upd   73  steps  151552  sps 1486  opp symm  loss -0.051  pg -0.0261  v 0.007  ev +0.97  adv_std 0.118  tR -0.33  ent[s/d/p/e] 1.86/2.50/0.99/0.55  emits 0.51  spf 75.0  z0 0.72  garr 84.4  tG 654  e2 0.12  nF 5.0  pS 0.33  ptS 0.32  fLog 0.64  pdΔ -0.1746  pkR 4.03  clip 0.12  kl +0.006
upd   74  steps  153600  sps 1497  opp symm  loss -0.001  pg +0.0246  v 0.004  ev +0.98  adv_std 0.092  tR -0.25  ent[s/d/p/e] 1.74/2.41/0.98/0.55  emits 0.57  spf 63.2  z0 0.68  garr 70.2  tG 528  e2 0.12  nF 5.8  pS 0.31  ptS 0.30  fLog 0.61  pdΔ -0.1863  pkR 5.31  clip 0.12  kl +0.005
upd   75  steps  155648  sps 1507  opp symm  loss -0.063  pg -0.0378  v 0.006  ev +0.96  adv_std 0.107  tR -0.33  ent[s/d/p/e] 1.53/2.29/1.04/0.58  emits 0.60  spf 55.2  z0 0.66  garr 63.7  tG 487  e2 0.14  nF 6.1  pS 0.30  ptS 0.30  fLog 0.59  pdΔ -0.1959  pkR 6.00  clip 0.08  kl +0.002
upd   76  steps  157696  sps 1518  opp symm  loss -0.001  pg +0.0220  v 0.010  ev +0.93  adv_std 0.139  tR +0.20  ent[s/d/p/e] 1.64/2.32/0.96/0.60  emits 0.75  spf 49.4  z0 0.62  garr 56.1  tG 435  e2 0.17  nF 7.4  pS 0.31  ptS 0.31  fLog 0.57  pdΔ -0.1853  pkR 6.34  clip 0.28  kl +0.010
upd   77  steps  159744  sps 1528  opp symm  loss -0.010  pg +0.0097  v 0.017  ev +0.88  adv_std 0.183  tR -0.12  ent[s/d/p/e] 1.66/2.36/0.99/0.55  emits 0.62  spf 48.7  z0 0.66  garr 53.2  tG 405  e2 0.14  nF 7.4  pS 0.31  ptS 0.31  fLog 0.57  pdΔ -0.1890  pkR 7.48  clip 0.40  kl +0.019
upd   78  steps  161792  sps 1538  opp symm  loss +0.043  pg +0.0680  v 0.005  ev +0.95  adv_std 0.097  tR +0.00  ent[s/d/p/e] 1.52/2.33/0.99/0.56  emits 0.58  spf 52.5  z0 0.66  garr 50.3  tG 371  e2 0.12  nF 5.7  pS 0.28  ptS 0.27  fLog 0.58  pdΔ -0.2226  pkR 8.26  clip 0.13  kl +0.003
upd   79  steps  163840  sps 1548  opp symm  loss -0.008  pg +0.0149  v 0.010  ev +0.91  adv_std 0.137  tR -0.50  ent[s/d/p/e] 1.56/2.36/1.01/0.57  emits 0.57  spf 51.3  z0 0.67  garr 52.1  tG 392  e2 0.12  nF 5.6  pS 0.29  ptS 0.29  fLog 0.59  pdΔ -0.2061  pkR 5.63  clip 0.09  kl +0.004
upd   80  steps  165888  sps 1558  opp symm  loss -0.074  pg -0.0475  v 0.005  ev +0.96  adv_std 0.101  tR +0.00  ent[s/d/p/e] 1.66/2.43/0.99/0.61  emits 0.56  spf 57.8  z0 0.67  garr 60.7  tG 469  e2 0.13  nF 5.9  pS 0.33  ptS 0.32  fLog 0.61  pdΔ -0.1712  pkR 5.78  clip 0.11  kl +0.004
upd   81  steps  167936  sps 1567  opp symm  loss -0.037  pg -0.0116  v 0.008  ev +0.94  adv_std 0.125  tR -0.20  ent[s/d/p/e] 1.70/2.45/0.99/0.59  emits 0.58  spf 63.2  z0 0.67  garr 65.9  tG 508  e2 0.13  nF 5.9  pS 0.34  ptS 0.33  fLog 0.62  pdΔ -0.1609  pkR 4.25  clip 0.08  kl +0.002
upd   82  steps  169984  sps 1577  opp symm  loss -0.052  pg -0.0259  v 0.006  ev +0.95  adv_std 0.116  tR +0.00  ent[s/d/p/e] 1.69/2.49/1.02/0.60  emits 0.52  spf 61.4  z0 0.69  garr 66.7  tG 519  e2 0.11  nF 5.5  pS 0.33  ptS 0.32  fLog 0.61  pdΔ -0.1664  pkR 4.23  clip 0.06  kl +0.002
upd   83  steps  172032  sps 1587  opp symm  loss -0.004  pg +0.0198  v 0.009  ev +0.94  adv_std 0.136  tR +0.14  ent[s/d/p/e] 1.67/2.47/0.97/0.59  emits 0.61  spf 60.6  z0 0.65  garr 63.6  tG 510  e2 0.14  nF 6.1  pS 0.34  ptS 0.33  fLog 0.61  pdΔ -0.1600  pkR 4.95  clip 0.07  kl +0.001
upd   84  steps  174080  sps 1596  opp symm  loss -0.004  pg +0.0209  v 0.006  ev +0.96  adv_std 0.109  tR +0.33  ent[s/d/p/e] 1.64/2.42/1.01/0.56  emits 0.50  spf 64.4  z0 0.69  garr 60.5  tG 488  e2 0.11  nF 5.4  pS 0.32  ptS 0.31  fLog 0.62  pdΔ -0.1824  pkR 4.99  clip 0.11  kl +0.005
upd   85  steps  176128  sps 1605  opp symm  loss -0.029  pg -0.0037  v 0.005  ev +0.97  adv_std 0.097  tR +0.00  ent[s/d/p/e] 1.50/2.39/1.00/0.56  emits 0.39  spf 71.2  z0 0.73  garr 70.2  tG 539  e2 0.07  nF 4.1  pS 0.30  ptS 0.29  fLog 0.63  pdΔ -0.2041  pkR 4.50  clip 0.06  kl +0.001
upd   86  steps  178176  sps 1614  opp symm  loss -0.008  pg +0.0175  v 0.006  ev +0.97  adv_std 0.107  tR +0.00  ent[s/d/p/e] 1.62/2.41/1.01/0.58  emits 0.47  spf 75.6  z0 0.70  garr 77.5  tG 618  e2 0.10  nF 4.4  pS 0.32  ptS 0.31  fLog 0.63  pdΔ -0.1820  pkR 4.06  clip 0.06  kl +0.002
upd   87  steps  180224  sps 1623  opp symm  loss -0.058  pg -0.0321  v 0.007  ev +0.96  adv_std 0.116  tR +0.20  ent[s/d/p/e] 1.66/2.43/1.06/0.58  emits 0.46  spf 73.4  z0 0.71  garr 76.7  tG 630  e2 0.09  nF 4.9  pS 0.33  ptS 0.32  fLog 0.63  pdΔ -0.1733  pkR 5.48  clip 0.07  kl +0.005
upd   88  steps  182272  sps 1632  opp symm  loss -0.020  pg +0.0064  v 0.005  ev +0.97  adv_std 0.105  tR -0.33  ent[s/d/p/e] 1.75/2.42/1.04/0.56  emits 0.46  spf 72.3  z0 0.72  garr 74.6  tG 634  e2 0.10  nF 4.8  pS 0.33  ptS 0.33  fLog 0.63  pdΔ -0.1678  pkR 7.84  clip 0.07  kl +0.002
upd   89  steps  184320  sps 1641  opp symm  loss -0.024  pg -0.0013  v 0.010  ev +0.94  adv_std 0.140  tR +0.43  ent[s/d/p/e] 1.66/2.40/1.05/0.54  emits 0.47  spf 60.5  z0 0.71  garr 65.0  tG 528  e2 0.09  nF 5.1  pS 0.31  ptS 0.31  fLog 0.60  pdΔ -0.1905  pkR 8.94  clip 0.05  kl +0.004
upd   90  steps  186368  sps 1650  opp symm  loss -0.040  pg -0.0160  v 0.007  ev +0.94  adv_std 0.116  tR +0.20  ent[s/d/p/e] 1.37/2.33/1.12/0.52  emits 0.41  spf 56.3  z0 0.74  garr 60.8  tG 414  e2 0.08  nF 4.2  pS 0.26  ptS 0.25  fLog 0.60  pdΔ -0.2443  pkR 7.63  clip 0.14  kl +0.006
upd   91  steps  188416  sps 1658  opp symm  loss -0.016  pg +0.0083  v 0.006  ev +0.95  adv_std 0.113  tR +0.00  ent[s/d/p/e] 1.34/2.34/1.19/0.56  emits 0.42  spf 58.8  z0 0.71  garr 66.7  tG 457  e2 0.09  nF 4.4  pS 0.27  ptS 0.26  fLog 0.60  pdΔ -0.2266  pkR 5.87  clip 0.08  kl +0.006
upd   92  steps  190464  sps 1667  opp symm  loss -0.046  pg -0.0221  v 0.008  ev +0.94  adv_std 0.126  tR -0.43  ent[s/d/p/e] 1.51/2.42/1.12/0.54  emits 0.38  spf 66.0  z0 0.74  garr 73.5  tG 529  e2 0.07  nF 4.1  pS 0.30  ptS 0.29  fLog 0.62  pdΔ -0.1973  pkR 4.23  clip 0.06  kl +0.002
upd   93  steps  192512  sps 1675  opp symm  loss -0.015  pg +0.0058  v 0.013  ev +0.90  adv_std 0.163  tR -0.23  ent[s/d/p/e] 1.32/2.31/1.19/0.53  emits 0.35  spf 67.1  z0 0.75  garr 67.9  tG 472  e2 0.07  nF 3.6  pS 0.26  ptS 0.25  fLog 0.62  pdΔ -0.2378  pkR 4.34  clip 0.06  kl +0.004
upd   94  steps  194560  sps 1684  opp symm  loss -0.034  pg -0.0096  v 0.005  ev +0.96  adv_std 0.102  tR -1.00  ent[s/d/p/e] 1.37/2.35/1.18/0.50  emits 0.33  spf 67.8  z0 0.76  garr 70.5  tG 476  e2 0.06  nF 3.5  pS 0.26  ptS 0.25  fLog 0.62  pdΔ -0.2406  pkR 4.43  clip 0.05  kl +0.001
upd   95  steps  196608  sps 1692  opp symm  loss -0.002  pg +0.0223  v 0.006  ev +0.95  adv_std 0.114  tR +0.00  ent[s/d/p/e] 1.59/2.46/1.17/0.50  emits 0.34  spf 77.4  z0 0.77  garr 78.7  tG 552  e2 0.06  nF 3.6  pS 0.28  ptS 0.27  fLog 0.65  pdΔ -0.2188  pkR 4.42  clip 0.08  kl +0.002
upd   96  steps  198656  sps 1700  opp symm  loss -0.107  pg -0.0825  v 0.006  ev +0.96  adv_std 0.109  tR -1.00  ent[s/d/p/e] 1.59/2.43/1.14/0.51  emits 0.30  spf 82.4  z0 0.77  garr 86.5  tG 659  e2 0.05  nF 3.0  pS 0.31  ptS 0.30  fLog 0.65  pdΔ -0.1909  pkR 5.72  clip 0.11  kl +0.006
upd   97  steps  200704  sps 1708  opp symm  loss -0.047  pg -0.0254  v 0.013  ev +0.92  adv_std 0.158  tR +0.33  ent[s/d/p/e] 1.59/2.46/1.11/0.54  emits 0.39  spf 84.1  z0 0.74  garr 88.7  tG 658  e2 0.08  nF 3.3  pS 0.32  ptS 0.31  fLog 0.67  pdΔ -0.1817  pkR 4.72  clip 0.06  kl -0.001
upd   98  steps  202752  sps 1716  opp symm  loss -0.037  pg -0.0120  v 0.009  ev +0.95  adv_std 0.131  tR -0.33  ent[s/d/p/e] 1.67/2.43/1.11/0.58  emits 0.51  spf 79.6  z0 0.70  garr 84.2  tG 650  e2 0.11  nF 4.3  pS 0.33  ptS 0.32  fLog 0.66  pdΔ -0.1675  pkR 4.16  clip 0.07  kl +0.004
[eval_vs_v20] u99 tag=train_u99  bin0=0.0%  spf=14.69  garr=174.51  flip=38.46%  z0=62.6%  e8=0.4%  e2+=1.2%  WLD=0/3/0
upd   99  steps  204800  sps 1724  opp symm  loss -0.054  pg -0.0303  v 0.011  ev +0.93  adv_std 0.147  tR +0.67  ent[s/d/p/e] 1.67/2.38/1.13/0.56  emits 0.53  spf 66.5  z0 0.70  garr 75.5  tG 584  e2 0.11  nF 4.9  pS 0.34  ptS 0.33  fLog 0.63  pdΔ -0.1636  pkR 3.59  clip 0.08  kl +0.001 WRr 0.09 v20[spf 14.7 flip 38.5% e2+ 1.2%]
upd  100  steps  206848  sps 899  opp symm  loss -0.030  pg -0.0050  v 0.009  ev +0.94  adv_std 0.131  tR -0.20  ent[s/d/p/e] 1.66/2.38/1.18/0.55  emits 0.60  spf 68.0  z0 0.68  garr 75.9  tG 584  e2 0.13  nF 5.2  pS 0.33  ptS 0.32  fLog 0.63  pdΔ -0.1658  pkR 3.78  clip 0.11  kl +0.004
upd  101  steps  208896  sps 906  opp symm  loss -0.027  pg -0.0011  v 0.005  ev +0.96  adv_std 0.105  tR +0.33  ent[s/d/p/e] 1.65/2.35/1.18/0.54  emits 0.45  spf 68.6  z0 0.74  garr 79.4  tG 621  e2 0.09  nF 4.8  pS 0.34  ptS 0.33  fLog 0.63  pdΔ -0.1611  pkR 4.80  clip 0.08  kl +0.004
upd  102  steps  210944  sps 912  opp symm  loss -0.023  pg +0.0038  v 0.005  ev +0.96  adv_std 0.104  tR -1.00  ent[s/d/p/e] 1.72/2.41/1.19/0.56  emits 0.48  spf 74.0  z0 0.71  garr 88.2  tG 701  e2 0.10  nF 4.7  pS 0.36  ptS 0.35  fLog 0.64  pdΔ -0.1399  pkR 4.41  clip 0.09  kl +0.002
upd  103  steps  212992  sps 918  opp symm  loss -0.026  pg -0.0009  v 0.006  ev +0.96  adv_std 0.107  tR -0.50  ent[s/d/p/e] 1.72/2.41/1.11/0.51  emits 0.39  spf 80.6  z0 0.76  garr 102.0  tG 827  e2 0.08  nF 4.1  pS 0.37  ptS 0.36  fLog 0.65  pdΔ -0.1254  pkR 4.85  clip 0.13  kl +0.005
upd  104  steps  215040  sps 925  opp symm  loss -0.005  pg +0.0185  v 0.009  ev +0.94  adv_std 0.135  tR +0.00  ent[s/d/p/e] 1.74/2.45/1.13/0.52  emits 0.42  spf 85.4  z0 0.74  garr 112.5  tG 932  e2 0.08  nF 3.8  pS 0.37  ptS 0.37  fLog 0.66  pdΔ -0.1252  pkR 5.48  clip 0.06  kl -0.001
upd  105  steps  217088  sps 931  opp symm  loss -0.038  pg -0.0156  v 0.013  ev +0.91  adv_std 0.160  tR -0.09  ent[s/d/p/e] 1.72/2.44/1.23/0.50  emits 0.36  spf 85.3  z0 0.77  garr 111.4  tG 924  e2 0.07  nF 3.4  pS 0.36  ptS 0.35  fLog 0.65  pdΔ -0.1428  pkR 6.69  clip 0.09  kl +0.003
upd  106  steps  219136  sps 937  opp symm  loss -0.007  pg +0.0187  v 0.007  ev +0.94  adv_std 0.119  tR -0.33  ent[s/d/p/e] 1.68/2.47/1.24/0.51  emits 0.41  spf 72.9  z0 0.76  garr 102.5  tG 820  e2 0.08  nF 4.1  pS 0.32  ptS 0.32  fLog 0.62  pdΔ -0.1831  pkR 7.96  clip 0.05  kl +0.002
upd  107  steps  221184  sps 943  opp symm  loss -0.048  pg -0.0235  v 0.009  ev +0.93  adv_std 0.131  tR -1.00  ent[s/d/p/e] 1.61/2.40/1.25/0.54  emits 0.44  spf 71.1  z0 0.74  garr 102.7  tG 801  e2 0.09  nF 4.7  pS 0.33  ptS 0.32  fLog 0.62  pdΔ -0.1736  pkR 7.22  clip 0.09  kl +0.001
upd  108  steps  223232  sps 949  opp symm  loss -0.045  pg -0.0248  v 0.016  ev +0.88  adv_std 0.182  tR -0.29  ent[s/d/p/e] 1.61/2.44/1.20/0.51  emits 0.39  spf 73.2  z0 0.76  garr 91.3  tG 681  e2 0.08  nF 4.3  pS 0.31  ptS 0.31  fLog 0.64  pdΔ -0.1868  pkR 4.84  clip 0.08  kl +0.002
upd  109  steps  225280  sps 955  opp symm  loss -0.037  pg -0.0135  v 0.007  ev +0.94  adv_std 0.119  tR +0.00  ent[s/d/p/e] 1.43/2.34/1.20/0.51  emits 0.34  spf 71.1  z0 0.77  garr 80.7  tG 565  e2 0.07  nF 3.3  pS 0.27  ptS 0.28  fLog 0.63  pdΔ -0.2281  pkR 4.22  clip 0.07  kl +0.003
upd  110  steps  227328  sps 961  opp symm  loss -0.003  pg +0.0194  v 0.011  ev +0.93  adv_std 0.147  tR +0.00  ent[s/d/p/e] 1.50/2.34/1.21/0.52  emits 0.41  spf 71.3  z0 0.73  garr 85.0  tG 613  e2 0.09  nF 4.2  pS 0.30  ptS 0.30  fLog 0.63  pdΔ -0.1994  pkR 4.05  clip 0.07  kl +0.003
upd  111  steps  229376  sps 968  opp symm  loss +0.011  pg +0.0361  v 0.006  ev +0.96  adv_std 0.107  tR -1.00  ent[s/d/p/e] 1.62/2.46/1.17/0.52  emits 0.40  spf 70.8  z0 0.76  garr 95.6  tG 724  e2 0.08  nF 4.3  pS 0.34  ptS 0.34  fLog 0.63  pdΔ -0.1628  pkR 3.76  clip 0.06  kl +0.001
upd  112  steps  231424  sps 973  opp symm  loss -0.032  pg -0.0060  v 0.006  ev +0.97  adv_std 0.111  tR -0.33  ent[s/d/p/e] 1.75/2.54/1.16/0.53  emits 0.40  spf 81.4  z0 0.76  garr 104.6  tG 806  e2 0.08  nF 4.1  pS 0.35  ptS 0.35  fLog 0.66  pdΔ -0.1454  pkR 3.74  clip 0.04  kl +0.000
upd  113  steps  233472  sps 979  opp symm  loss -0.018  pg +0.0074  v 0.007  ev +0.96  adv_std 0.117  tR +0.33  ent[s/d/p/e] 1.81/2.53/1.16/0.51  emits 0.41  spf 82.5  z0 0.76  garr 106.8  tG 834  e2 0.08  nF 4.1  pS 0.36  ptS 0.35  fLog 0.67  pdΔ -0.1424  pkR 3.39  clip 0.08  kl +0.003
upd  114  steps  235520  sps 985  opp symm  loss -0.006  pg +0.0194  v 0.006  ev +0.97  adv_std 0.110  tR +0.33  ent[s/d/p/e] 1.68/2.45/1.09/0.53  emits 0.43  spf 78.7  z0 0.73  garr 104.0  tG 780  e2 0.08  nF 4.1  pS 0.34  ptS 0.34  fLog 0.65  pdΔ -0.1553  pkR 4.20  clip 0.07  kl +0.004
upd  115  steps  237568  sps 991  opp symm  loss -0.055  pg -0.0292  v 0.005  ev +0.97  adv_std 0.107  tR +0.00  ent[s/d/p/e] 1.55/2.40/1.18/0.53  emits 0.35  spf 75.6  z0 0.76  garr 103.8  tG 787  e2 0.07  nF 3.5  pS 0.33  ptS 0.33  fLog 0.64  pdΔ -0.1680  pkR 4.46  clip 0.08  kl +0.004
upd  116  steps  239616  sps 997  opp symm  loss -0.037  pg -0.0107  v 0.004  ev +0.98  adv_std 0.092  tR +0.00  ent[s/d/p/e] 1.58/2.44/1.22/0.52  emits 0.40  spf 70.7  z0 0.75  garr 92.0  tG 685  e2 0.09  nF 4.0  pS 0.32  ptS 0.31  fLog 0.63  pdΔ -0.1807  pkR 5.17  clip 0.06  kl +0.002
upd  117  steps  241664  sps 1003  opp symm  loss -0.047  pg -0.0213  v 0.005  ev +0.98  adv_std 0.106  tR +1.00  ent[s/d/p/e] 1.63/2.43/1.14/0.52  emits 0.38  spf 70.3  z0 0.76  garr 90.6  tG 684  e2 0.08  nF 4.0  pS 0.32  ptS 0.31  fLog 0.63  pdΔ -0.1840  pkR 5.67  clip 0.04  kl +0.000
upd  118  steps  243712  sps 1009  opp symm  loss -0.050  pg -0.0253  v 0.007  ev +0.97  adv_std 0.119  tR -0.50  ent[s/d/p/e] 1.77/2.46/1.11/0.53  emits 0.44  spf 70.3  z0 0.74  garr 88.1  tG 639  e2 0.09  nF 4.7  pS 0.32  ptS 0.31  fLog 0.63  pdΔ -0.1806  pkR 5.61  clip 0.11  kl -0.000
upd  119  steps  245760  sps 1014  opp symm  loss -0.001  pg +0.0235  v 0.007  ev +0.97  adv_std 0.122  tR -0.50  ent[s/d/p/e] 1.81/2.44/1.10/0.52  emits 0.43  spf 66.0  z0 0.75  garr 86.3  tG 630  e2 0.09  nF 4.6  pS 0.33  ptS 0.32  fLog 0.63  pdΔ -0.1664  pkR 6.05  clip 0.10  kl +0.002
upd  120  steps  247808  sps 1020  opp symm  loss -0.003  pg +0.0207  v 0.010  ev +0.96  adv_std 0.140  tR +0.50  ent[s/d/p/e] 1.82/2.46/1.11/0.54  emits 0.45  spf 66.3  z0 0.74  garr 84.6  tG 591  e2 0.10  nF 4.6  pS 0.31  ptS 0.31  fLog 0.62  pdΔ -0.1857  pkR 5.15  clip 0.06  kl +0.002
upd  121  steps  249856  sps 1026  opp symm  loss -0.049  pg -0.0248  v 0.007  ev +0.97  adv_std 0.120  tR -0.33  ent[s/d/p/e] 1.65/2.33/1.09/0.50  emits 0.39  spf 60.9  z0 0.75  garr 77.0  tG 537  e2 0.08  nF 4.0  pS 0.29  ptS 0.28  fLog 0.61  pdΔ -0.2079  pkR 3.83  clip 0.08  kl +0.001
upd  122  steps  251904  sps 1032  opp symm  loss -0.029  pg -0.0043  v 0.007  ev +0.97  adv_std 0.120  tR +0.00  ent[s/d/p/e] 1.68/2.34/1.07/0.55  emits 0.46  spf 61.9  z0 0.73  garr 76.4  tG 589  e2 0.10  nF 4.5  pS 0.31  ptS 0.30  fLog 0.61  pdΔ -0.1870  pkR 4.38  clip 0.10  kl +0.005
upd  123  steps  253952  sps 1037  opp symm  loss -0.032  pg -0.0064  v 0.007  ev +0.97  adv_std 0.114  tR +0.00  ent[s/d/p/e] 1.70/2.41/1.07/0.56  emits 0.49  spf 65.9  z0 0.72  garr 89.5  tG 680  e2 0.10  nF 4.8  pS 0.33  ptS 0.32  fLog 0.61  pdΔ -0.1656  pkR 3.84  clip 0.04  kl +0.001
upd  124  steps  256000  sps 1043  opp symm  loss +0.008  pg +0.0295  v 0.014  ev +0.93  adv_std 0.166  tR +0.09  ent[s/d/p/e] 1.64/2.38/1.07/0.55  emits 0.55  spf 56.8  z0 0.69  garr 79.3  tG 592  e2 0.12  nF 5.4  pS 0.32  ptS 0.30  fLog 0.59  pdΔ -0.1815  pkR 4.30  clip 0.08  kl +0.003
upd  125  steps  258048  sps 1048  opp symm  loss -0.034  pg -0.0108  v 0.010  ev +0.95  adv_std 0.140  tR -0.33  ent[s/d/p/e] 1.70/2.38/1.07/0.54  emits 0.48  spf 55.8  z0 0.71  garr 77.8  tG 590  e2 0.10  nF 5.8  pS 0.32  ptS 0.31  fLog 0.59  pdΔ -0.1795  pkR 4.58  clip 0.07  kl +0.004
upd  126  steps  260096  sps 1054  opp symm  loss -0.019  pg +0.0063  v 0.005  ev +0.97  adv_std 0.105  tR +1.00  ent[s/d/p/e] 1.75/2.37/1.06/0.54  emits 0.46  spf 60.1  z0 0.73  garr 84.8  tG 667  e2 0.10  nF 5.4  pS 0.34  ptS 0.33  fLog 0.60  pdΔ -0.1568  pkR 5.10  clip 0.06  kl +0.001
upd  127  steps  262144  sps 1060  opp symm  loss -0.040  pg -0.0159  v 0.009  ev +0.96  adv_std 0.139  tR +0.20  ent[s/d/p/e] 1.85/2.39/1.04/0.56  emits 0.51  spf 62.7  z0 0.72  garr 93.5  tG 740  e2 0.10  nF 5.4  pS 0.35  ptS 0.34  fLog 0.61  pdΔ -0.1490  pkR 4.79  clip 0.06  kl +0.001
upd  128  steps  264192  sps 1065  opp symm  loss -0.041  pg -0.0172  v 0.010  ev +0.96  adv_std 0.143  tR -0.14  ent[s/d/p/e] 1.81/2.37/1.03/0.55  emits 0.47  spf 69.5  z0 0.73  garr 97.4  tG 765  e2 0.10  nF 5.0  pS 0.35  ptS 0.34  fLog 0.63  pdΔ -0.1499  pkR 4.29  clip 0.04  kl +0.001
upd  129  steps  266240  sps 1070  opp symm  loss -0.051  pg -0.0274  v 0.008  ev +0.96  adv_std 0.130  tR -0.50  ent[s/d/p/e] 1.77/2.33/1.08/0.53  emits 0.42  spf 71.0  z0 0.73  garr 94.6  tG 766  e2 0.08  nF 4.6  pS 0.35  ptS 0.34  fLog 0.63  pdΔ -0.1514  pkR 3.81  clip 0.07  kl -0.001
upd  130  steps  268288  sps 1076  opp symm  loss -0.033  pg -0.0084  v 0.008  ev +0.96  adv_std 0.126  tR +0.43  ent[s/d/p/e] 1.79/2.34/1.06/0.55  emits 0.50  spf 67.7  z0 0.72  garr 94.7  tG 776  e2 0.11  nF 4.8  pS 0.34  ptS 0.33  fLog 0.62  pdΔ -0.1581  pkR 4.63  clip 0.08  kl +0.002
upd  131  steps  270336  sps 1081  opp symm  loss -0.004  pg +0.0202  v 0.008  ev +0.96  adv_std 0.125  tR +1.00  ent[s/d/p/e] 1.77/2.30/1.10/0.52  emits 0.45  spf 69.4  z0 0.74  garr 91.5  tG 725  e2 0.09  nF 4.4  pS 0.32  ptS 0.32  fLog 0.63  pdΔ -0.1762  pkR 4.59  clip 0.11  kl +0.001
upd  132  steps  272384  sps 1087  opp symm  loss -0.033  pg -0.0091  v 0.009  ev +0.96  adv_std 0.134  tR +1.00  ent[s/d/p/e] 1.69/2.30/1.11/0.54  emits 0.39  spf 72.0  z0 0.77  garr 103.5  tG 805  e2 0.08  nF 4.0  pS 0.32  ptS 0.32  fLog 0.63  pdΔ -0.1771  pkR 4.26  clip 0.15  kl +0.011
upd  133  steps  274432  sps 1092  opp symm  loss -0.046  pg -0.0230  v 0.009  ev +0.95  adv_std 0.138  tR +0.00  ent[s/d/p/e] 1.69/2.36/1.13/0.49  emits 0.35  spf 81.6  z0 0.77  garr 110.9  tG 839  e2 0.06  nF 3.5  pS 0.32  ptS 0.30  fLog 0.65  pdΔ -0.1841  pkR 5.14  clip 0.08  kl +0.002
upd  134  steps  276480  sps 1097  opp symm  loss -0.040  pg -0.0157  v 0.009  ev +0.95  adv_std 0.137  tR +0.00  ent[s/d/p/e] 1.83/2.40/1.10/0.53  emits 0.38  spf 85.4  z0 0.76  garr 109.8  tG 843  e2 0.07  nF 3.5  pS 0.33  ptS 0.32  fLog 0.66  pdΔ -0.1748  pkR 5.03  clip 0.09  kl +0.006
upd  135  steps  278528  sps 1103  opp symm  loss -0.051  pg -0.0254  v 0.006  ev +0.97  adv_std 0.112  tR +0.00  ent[s/d/p/e] 1.88/2.40/1.10/0.51  emits 0.41  spf 80.6  z0 0.76  garr 111.5  tG 862  e2 0.08  nF 3.6  pS 0.34  ptS 0.33  fLog 0.66  pdΔ -0.1597  pkR 4.22  clip 0.08  kl +0.001
upd  136  steps  280576  sps 1108  opp symm  loss -0.011  pg +0.0115  v 0.013  ev +0.93  adv_std 0.158  tR +0.50  ent[s/d/p/e] 1.91/2.36/1.09/0.54  emits 0.45  spf 76.1  z0 0.75  garr 108.9  tG 867  e2 0.09  nF 4.3  pS 0.35  ptS 0.34  fLog 0.64  pdΔ -0.1539  pkR 4.68  clip 0.08  kl +0.003
upd  137  steps  282624  sps 1113  opp symm  loss -0.017  pg +0.0053  v 0.010  ev +0.92  adv_std 0.142  tR -0.60  ent[s/d/p/e] 1.61/2.26/1.13/0.51  emits 0.40  spf 75.1  z0 0.75  garr 101.7  tG 780  e2 0.08  nF 3.9  pS 0.31  ptS 0.30  fLog 0.63  pdΔ -0.1918  pkR 5.02  clip 0.07  kl +0.004
upd  138  steps  284672  sps 1118  opp symm  loss -0.016  pg +0.0088  v 0.005  ev +0.97  adv_std 0.102  tR +1.00  ent[s/d/p/e] 1.47/2.24/1.17/0.54  emits 0.37  spf 62.7  z0 0.75  garr 96.8  tG 721  e2 0.07  nF 3.7  pS 0.30  ptS 0.29  fLog 0.61  pdΔ -0.2047  pkR 6.38  clip 0.04  kl +0.001
upd  139  steps  286720  sps 1123  opp symm  loss +0.009  pg +0.0331  v 0.007  ev +0.95  adv_std 0.121  tR -0.50  ent[s/d/p/e] 1.56/2.30/1.15/0.51  emits 0.33  spf 66.4  z0 0.78  garr 98.5  tG 731  e2 0.06  nF 3.8  pS 0.31  ptS 0.30  fLog 0.62  pdΔ -0.1937  pkR 7.39  clip 0.05  kl +0.001
upd  140  steps  288768  sps 1129  opp symm  loss -0.024  pg -0.0012  v 0.009  ev +0.93  adv_std 0.131  tR -0.40  ent[s/d/p/e] 1.56/2.26/1.13/0.51  emits 0.38  spf 58.1  z0 0.74  garr 80.8  tG 577  e2 0.07  nF 4.2  pS 0.28  ptS 0.28  fLog 0.60  pdΔ -0.2153  pkR 4.10  clip 0.07  kl +0.003
upd  141  steps  290816  sps 1134  opp symm  loss -0.072  pg -0.0465  v 0.005  ev +0.96  adv_std 0.103  tR -0.33  ent[s/d/p/e] 1.65/2.31/1.13/0.52  emits 0.39  spf 59.6  z0 0.75  garr 87.5  tG 626  e2 0.09  nF 4.0  pS 0.30  ptS 0.29  fLog 0.61  pdΔ -0.1958  pkR 3.81  clip 0.06  kl +0.000
upd  142  steps  292864  sps 1139  opp symm  loss -0.035  pg -0.0099  v 0.008  ev +0.95  adv_std 0.126  tR -0.50  ent[s/d/p/e] 1.77/2.37/1.12/0.55  emits 0.45  spf 65.6  z0 0.74  garr 90.3  tG 667  e2 0.09  nF 4.4  pS 0.33  ptS 0.32  fLog 0.63  pdΔ -0.1723  pkR 3.31  clip 0.08  kl +0.001
upd  143  steps  294912  sps 1144  opp symm  loss -0.026  pg -0.0008  v 0.007  ev +0.96  adv_std 0.116  tR -1.00  ent[s/d/p/e] 1.87/2.40/1.07/0.55  emits 0.52  spf 60.2  z0 0.72  garr 94.0  tG 707  e2 0.11  nF 5.3  pS 0.35  ptS 0.34  fLog 0.62  pdΔ -0.1484  pkR 3.90  clip 0.11  kl +0.006
upd  144  steps  296960  sps 1149  opp symm  loss -0.023  pg +0.0017  v 0.009  ev +0.95  adv_std 0.132  tR -0.20  ent[s/d/p/e] 1.87/2.36/1.07/0.56  emits 0.59  spf 58.9  z0 0.70  garr 87.6  tG 695  e2 0.13  nF 6.2  pS 0.37  ptS 0.36  fLog 0.61  pdΔ -0.1303  pkR 4.60  clip 0.12  kl +0.005
upd  145  steps  299008  sps 1154  opp symm  loss -0.037  pg -0.0122  v 0.008  ev +0.95  adv_std 0.122  tR +0.20  ent[s/d/p/e] 1.84/2.32/1.06/0.55  emits 0.50  spf 55.4  z0 0.72  garr 84.9  tG 681  e2 0.10  nF 5.6  pS 0.36  ptS 0.35  fLog 0.60  pdΔ -0.1424  pkR 5.40  clip 0.09  kl +0.003
upd  146  steps  301056  sps 1159  opp symm  loss -0.002  pg +0.0242  v 0.005  ev +0.96  adv_std 0.096  tR -0.60  ent[s/d/p/e] 1.73/2.23/1.08/0.57  emits 0.53  spf 60.0  z0 0.69  garr 88.1  tG 672  e2 0.11  nF 5.3  pS 0.34  ptS 0.33  fLog 0.61  pdΔ -0.1594  pkR 4.20  clip 0.09  kl +0.003
upd  147  steps  303104  sps 1164  opp symm  loss +0.003  pg +0.0280  v 0.007  ev +0.94  adv_std 0.113  tR +1.00  ent[s/d/p/e] 1.78/2.28/1.08/0.56  emits 0.47  spf 62.3  z0 0.72  garr 96.5  tG 740  e2 0.09  nF 5.4  pS 0.35  ptS 0.34  fLog 0.62  pdΔ -0.1475  pkR 3.36  clip 0.06  kl +0.000
upd  148  steps  305152  sps 1169  opp symm  loss -0.045  pg -0.0210  v 0.008  ev +0.94  adv_std 0.128  tR +0.33  ent[s/d/p/e] 1.83/2.30/1.05/0.57  emits 0.45  spf 77.3  z0 0.73  garr 107.7  tG 849  e2 0.10  nF 4.6  pS 0.37  ptS 0.35  fLog 0.65  pdΔ -0.1286  pkR 3.22  clip 0.07  kl +0.001
upd  149  steps  307200  sps 1174  opp symm  loss -0.034  pg -0.0092  v 0.008  ev +0.94  adv_std 0.128  tR -0.50  ent[s/d/p/e] 1.83/2.26/1.05/0.59  emits 0.53  spf 76.0  z0 0.70  garr 103.6  tG 850  e2 0.11  nF 4.8  pS 0.38  ptS 0.36  fLog 0.65  pdΔ -0.1243  pkR 4.22  clip 0.09  kl +0.002
upd  150  steps  309248  sps 1179  opp symm  loss -0.025  pg +0.0003  v 0.006  ev +0.96  adv_std 0.106  tR +0.00  ent[s/d/p/e] 1.79/2.22/1.01/0.57  emits 0.55  spf 71.6  z0 0.68  garr 99.0  tG 835  e2 0.11  nF 4.9  pS 0.38  ptS 0.37  fLog 0.64  pdΔ -0.1201  pkR 5.20  clip 0.06  kl +0.000
upd  151  steps  311296  sps 1184  opp symm  loss -0.012  pg +0.0131  v 0.007  ev +0.95  adv_std 0.114  tR +0.20  ent[s/d/p/e] 1.84/2.16/1.01/0.59  emits 0.57  spf 70.8  z0 0.69  garr 100.9  tG 895  e2 0.12  nF 5.0  pS 0.39  ptS 0.37  fLog 0.64  pdΔ -0.1132  pkR 5.10  clip 0.08  kl +0.002
upd  152  steps  313344  sps 1189  opp symm  loss -0.029  pg -0.0073  v 0.013  ev +0.90  adv_std 0.162  tR -0.11  ent[s/d/p/e] 1.81/2.17/1.04/0.55  emits 0.49  spf 72.0  z0 0.71  garr 104.4  tG 897  e2 0.10  nF 4.8  pS 0.37  ptS 0.35  fLog 0.63  pdΔ -0.1348  pkR 5.34  clip 0.06  kl +0.004
upd  153  steps  315392  sps 1193  opp symm  loss -0.012  pg +0.0096  v 0.013  ev +0.90  adv_std 0.162  tR +0.33  ent[s/d/p/e] 1.87/2.20/1.05/0.56  emits 0.47  spf 66.4  z0 0.73  garr 107.2  tG 918  e2 0.10  nF 4.7  pS 0.37  ptS 0.35  fLog 0.63  pdΔ -0.1338  pkR 5.42  clip 0.08  kl +0.000
upd  154  steps  317440  sps 1198  opp symm  loss -0.065  pg -0.0398  v 0.007  ev +0.95  adv_std 0.117  tR +0.33  ent[s/d/p/e] 1.88/2.17/1.09/0.55  emits 0.53  spf 71.7  z0 0.69  garr 106.7  tG 902  e2 0.11  nF 5.2  pS 0.37  ptS 0.36  fLog 0.63  pdΔ -0.1345  pkR 5.17  clip 0.08  kl +0.001
upd  155  steps  319488  sps 1203  opp symm  loss -0.020  pg +0.0032  v 0.011  ev +0.94  adv_std 0.146  tR +0.33  ent[s/d/p/e] 1.87/2.16/1.11/0.56  emits 0.61  spf 62.3  z0 0.68  garr 94.4  tG 788  e2 0.13  nF 6.0  pS 0.36  ptS 0.35  fLog 0.62  pdΔ -0.1372  pkR 5.66  clip 0.07  kl +0.001
upd  156  steps  321536  sps 1208  opp symm  loss -0.046  pg -0.0218  v 0.010  ev +0.94  adv_std 0.142  tR +1.00  ent[s/d/p/e] 1.91/2.21/1.11/0.57  emits 0.54  spf 63.1  z0 0.71  garr 83.9  tG 682  e2 0.12  nF 6.0  pS 0.35  ptS 0.34  fLog 0.63  pdΔ -0.1490  pkR 4.61  clip 0.08  kl +0.002
upd  157  steps  323584  sps 1213  opp symm  loss -0.062  pg -0.0368  v 0.008  ev +0.95  adv_std 0.126  tR +0.00  ent[s/d/p/e] 1.86/2.20/1.13/0.56  emits 0.55  spf 63.9  z0 0.70  garr 81.8  tG 654  e2 0.12  nF 5.4  pS 0.34  ptS 0.34  fLog 0.62  pdΔ -0.1579  pkR 4.76  clip 0.06  kl +0.002
upd  158  steps  325632  sps 1217  opp symm  loss -0.012  pg +0.0119  v 0.011  ev +0.93  adv_std 0.145  tR +0.50  ent[s/d/p/e] 1.80/2.20/1.14/0.58  emits 0.62  spf 56.2  z0 0.68  garr 74.1  tG 570  e2 0.14  nF 6.3  pS 0.34  ptS 0.33  fLog 0.61  pdΔ -0.1615  pkR 3.98  clip 0.07  kl +0.001
upd  159  steps  327680  sps 1222  opp symm  loss -0.020  pg +0.0038  v 0.010  ev +0.95  adv_std 0.138  tR +0.00  ent[s/d/p/e] 1.79/2.16/1.11/0.57  emits 0.59  spf 51.2  z0 0.68  garr 72.8  tG 568  e2 0.13  nF 6.9  pS 0.35  ptS 0.34  fLog 0.59  pdΔ -0.1484  pkR 4.19  clip 0.12  kl +0.004
upd  160  steps  329728  sps 1227  opp symm  loss -0.015  pg +0.0076  v 0.013  ev +0.94  adv_std 0.161  tR +0.00  ent[s/d/p/e] 1.80/2.10/1.12/0.60  emits 0.71  spf 46.9  z0 0.64  garr 72.2  tG 570  e2 0.16  nF 7.4  pS 0.36  ptS 0.34  fLog 0.58  pdΔ -0.1447  pkR 4.57  clip 0.12  kl +0.002
upd  161  steps  331776  sps 1231  opp symm  loss +0.022  pg +0.0420  v 0.015  ev +0.93  adv_std 0.175  tR +0.82  ent[s/d/p/e] 1.78/2.07/1.19/0.53  emits 0.55  spf 43.7  z0 0.71  garr 63.9  tG 478  e2 0.12  nF 7.3  pS 0.31  ptS 0.30  fLog 0.57  pdΔ -0.1860  pkR 4.88  clip 0.16  kl +0.008
upd  162  steps  333824  sps 1236  opp symm  loss -0.040  pg -0.0156  v 0.007  ev +0.97  adv_std 0.118  tR -0.33  ent[s/d/p/e] 1.67/2.11/1.24/0.53  emits 0.51  spf 45.6  z0 0.73  garr 66.7  tG 478  e2 0.11  nF 6.1  pS 0.28  ptS 0.28  fLog 0.58  pdΔ -0.2152  pkR 4.98  clip 0.13  kl +0.002
upd  163  steps  335872  sps 1241  opp symm  loss -0.004  pg +0.0188  v 0.011  ev +0.95  adv_std 0.148  tR +0.00  ent[s/d/p/e] 1.68/2.09/1.22/0.54  emits 0.55  spf 49.3  z0 0.69  garr 70.2  tG 527  e2 0.13  nF 6.8  pS 0.30  ptS 0.30  fLog 0.58  pdΔ -0.1983  pkR 5.41  clip 0.08  kl +0.003
upd  164  steps  337920  sps 1245  opp symm  loss -0.052  pg -0.0269  v 0.007  ev +0.97  adv_std 0.119  tR -0.50  ent[s/d/p/e] 1.75/2.18/1.27/0.55  emits 0.51  spf 50.8  z0 0.71  garr 77.1  tG 597  e2 0.10  nF 6.3  pS 0.31  ptS 0.31  fLog 0.59  pdΔ -0.1880  pkR 5.41  clip 0.10  kl +0.003
upd  165  steps  339968  sps 1250  opp symm  loss -0.025  pg -0.0010  v 0.010  ev +0.96  adv_std 0.140  tR +0.20  ent[s/d/p/e] 1.72/2.14/1.26/0.56  emits 0.56  spf 55.0  z0 0.70  garr 73.0  tG 587  e2 0.12  nF 6.6  pS 0.32  ptS 0.32  fLog 0.60  pdΔ -0.1812  pkR 5.97  clip 0.07  kl -0.001
upd  166  steps  342016  sps 1254  opp symm  loss -0.036  pg -0.0126  v 0.009  ev +0.96  adv_std 0.135  tR -0.33  ent[s/d/p/e] 1.58/2.08/1.25/0.56  emits 0.52  spf 55.8  z0 0.69  garr 74.3  tG 615  e2 0.11  nF 5.8  pS 0.32  ptS 0.32  fLog 0.60  pdΔ -0.1752  pkR 5.78  clip 0.09  kl +0.003
upd  167  steps  344064  sps 1259  opp symm  loss -0.053  pg -0.0295  v 0.010  ev +0.96  adv_std 0.142  tR +0.20  ent[s/d/p/e] 1.57/1.97/1.23/0.59  emits 0.65  spf 47.6  z0 0.65  garr 65.0  tG 528  e2 0.14  nF 7.0  pS 0.32  ptS 0.32  fLog 0.58  pdΔ -0.1805  pkR 6.13  clip 0.13  kl +0.002
upd  168  steps  346112  sps 1263  opp symm  loss -0.022  pg -0.0004  v 0.012  ev +0.94  adv_std 0.152  tR +0.00  ent[s/d/p/e] 1.55/2.04/1.22/0.56  emits 0.61  spf 52.4  z0 0.67  garr 62.0  tG 492  e2 0.14  nF 6.4  pS 0.30  ptS 0.30  fLog 0.59  pdΔ -0.1983  pkR 6.23  clip 0.11  kl +0.005
upd  169  steps  348160  sps 1268  opp symm  loss -0.044  pg -0.0199  v 0.008  ev +0.96  adv_std 0.123  tR +0.00  ent[s/d/p/e] 1.65/2.01/1.21/0.57  emits 0.57  spf 48.8  z0 0.68  garr 62.7  tG 538  e2 0.12  nF 7.2  pS 0.32  ptS 0.32  fLog 0.58  pdΔ -0.1831  pkR 5.93  clip 0.10  kl +0.002
upd  170  steps  350208  sps 1272  opp symm  loss -0.010  pg +0.0141  v 0.008  ev +0.95  adv_std 0.131  tR +1.00  ent[s/d/p/e] 1.72/2.10/1.22/0.54  emits 0.53  spf 52.2  z0 0.70  garr 66.1  tG 583  e2 0.11  nF 6.5  pS 0.33  ptS 0.33  fLog 0.59  pdΔ -0.1746  pkR 8.05  clip 0.12  kl +0.003
upd  171  steps  352256  sps 1277  opp symm  loss -0.006  pg +0.0178  v 0.008  ev +0.96  adv_std 0.127  tR -0.20  ent[s/d/p/e] 1.65/2.06/1.21/0.54  emits 0.55  spf 50.2  z0 0.72  garr 69.4  tG 573  e2 0.12  nF 5.9  pS 0.30  ptS 0.31  fLog 0.58  pdΔ -0.1956  pkR 6.60  clip 0.13  kl +0.002
upd  172  steps  354304  sps 1281  opp symm  loss -0.058  pg -0.0344  v 0.010  ev +0.95  adv_std 0.142  tR +0.00  ent[s/d/p/e] 1.71/2.17/1.18/0.56  emits 0.54  spf 49.3  z0 0.70  garr 75.7  tG 618  e2 0.12  nF 6.5  pS 0.32  ptS 0.32  fLog 0.58  pdΔ -0.1819  pkR 7.84  clip 0.09  kl +0.003
upd  173  steps  356352  sps 1285  opp symm  loss -0.021  pg +0.0038  v 0.009  ev +0.96  adv_std 0.133  tR +1.00  ent[s/d/p/e] 1.76/2.15/1.23/0.59  emits 0.61  spf 51.7  z0 0.67  garr 81.5  tG 672  e2 0.13  nF 6.6  pS 0.35  ptS 0.35  fLog 0.59  pdΔ -0.1513  pkR 4.91  clip 0.08  kl +0.004
upd  174  steps  358400  sps 1290  opp symm  loss -0.048  pg -0.0216  v 0.006  ev +0.97  adv_std 0.113  tR +0.50  ent[s/d/p/e] 1.71/2.18/1.22/0.59  emits 0.58  spf 61.2  z0 0.67  garr 87.0  tG 748  e2 0.13  nF 6.5  pS 0.37  ptS 0.37  fLog 0.62  pdΔ -0.1251  pkR 4.72  clip 0.07  kl +0.000
upd  175  steps  360448  sps 1294  opp symm  loss -0.033  pg -0.0064  v 0.006  ev +0.98  adv_std 0.111  tR +0.50  ent[s/d/p/e] 1.75/2.13/1.20/0.59  emits 0.69  spf 54.2  z0 0.63  garr 85.0  tG 731  e2 0.16  nF 6.7  pS 0.38  ptS 0.37  fLog 0.60  pdΔ -0.1229  pkR 4.85  clip 0.09  kl +0.004
upd  176  steps  362496  sps 1298  opp symm  loss -0.040  pg -0.0201  v 0.019  ev +0.92  adv_std 0.195  tR -0.33  ent[s/d/p/e] 1.78/2.11/1.19/0.58  emits 0.72  spf 51.4  z0 0.64  garr 77.8  tG 641  e2 0.15  nF 7.5  pS 0.36  ptS 0.35  fLog 0.59  pdΔ -0.1398  pkR 4.81  clip 0.07  kl +0.002
upd  177  steps  364544  sps 1303  opp symm  loss -0.003  pg +0.0196  v 0.012  ev +0.94  adv_std 0.154  tR +0.45  ent[s/d/p/e] 1.65/2.04/1.24/0.57  emits 0.69  spf 48.7  z0 0.64  garr 66.2  tG 529  e2 0.15  nF 6.6  pS 0.32  ptS 0.32  fLog 0.58  pdΔ -0.1750  pkR 5.16  clip 0.11  kl +0.003
upd  178  steps  366592  sps 1307  opp symm  loss -0.025  pg -0.0024  v 0.010  ev +0.94  adv_std 0.140  tR +0.33  ent[s/d/p/e] 1.56/2.00/1.24/0.55  emits 0.58  spf 49.1  z0 0.69  garr 67.6  tG 542  e2 0.13  nF 6.4  pS 0.31  ptS 0.30  fLog 0.58  pdΔ -0.1920  pkR 6.48  clip 0.10  kl +0.004
upd  179  steps  368640  sps 1311  opp symm  loss -0.036  pg -0.0106  v 0.006  ev +0.96  adv_std 0.113  tR -1.00  ent[s/d/p/e] 1.68/2.06/1.23/0.56  emits 0.63  spf 49.4  z0 0.67  garr 76.9  tG 637  e2 0.14  nF 6.9  pS 0.34  ptS 0.33  fLog 0.58  pdΔ -0.1648  pkR 5.82  clip 0.14  kl +0.005
upd  180  steps  370688  sps 1316  opp symm  loss -0.044  pg -0.0204  v 0.010  ev +0.95  adv_std 0.142  tR -1.00  ent[s/d/p/e] 1.71/2.13/1.25/0.56  emits 0.60  spf 52.6  z0 0.69  garr 91.9  tG 787  e2 0.13  nF 6.6  pS 0.35  ptS 0.34  fLog 0.59  pdΔ -0.1483  pkR 5.07  clip 0.06  kl +0.002
upd  181  steps  372736  sps 1320  opp symm  loss +0.007  pg +0.0305  v 0.009  ev +0.96  adv_std 0.135  tR +0.20  ent[s/d/p/e] 1.76/2.15/1.17/0.56  emits 0.65  spf 59.4  z0 0.69  garr 98.0  tG 848  e2 0.14  nF 6.6  pS 0.34  ptS 0.34  fLog 0.60  pdΔ -0.1560  pkR 5.72  clip 0.12  kl +0.003
upd  182  steps  374784  sps 1324  opp symm  loss -0.034  pg -0.0101  v 0.009  ev +0.96  adv_std 0.136  tR -0.20  ent[s/d/p/e] 1.80/2.21/1.21/0.53  emits 0.54  spf 66.5  z0 0.72  garr 100.5  tG 906  e2 0.11  nF 5.9  pS 0.35  ptS 0.35  fLog 0.61  pdΔ -0.1504  pkR 4.91  clip 0.11  kl +0.003
upd  183  steps  376832  sps 1328  opp symm  loss -0.039  pg -0.0158  v 0.009  ev +0.96  adv_std 0.134  tR +0.60  ent[s/d/p/e] 1.68/2.06/1.21/0.53  emits 0.46  spf 62.7  z0 0.74  garr 107.5  tG 938  e2 0.09  nF 4.9  pS 0.33  ptS 0.32  fLog 0.60  pdΔ -0.1734  pkR 5.41  clip 0.13  kl +0.005
upd  184  steps  378880  sps 1332  opp symm  loss -0.017  pg +0.0067  v 0.008  ev +0.97  adv_std 0.127  tR +0.33  ent[s/d/p/e] 1.67/2.10/1.19/0.51  emits 0.46  spf 70.3  z0 0.73  garr 115.6  tG 1006  e2 0.10  nF 4.8  pS 0.32  ptS 0.32  fLog 0.61  pdΔ -0.1826  pkR 5.66  clip 0.09  kl +0.002
upd  185  steps  380928  sps 1337  opp symm  loss -0.015  pg +0.0096  v 0.006  ev +0.98  adv_std 0.107  tR +1.00  ent[s/d/p/e] 1.74/2.19/1.13/0.52  emits 0.48  spf 66.1  z0 0.73  garr 120.6  tG 1013  e2 0.09  nF 4.9  pS 0.32  ptS 0.32  fLog 0.60  pdΔ -0.1754  pkR 6.21  clip 0.05  kl +0.003
upd  186  steps  382976  sps 1341  opp symm  loss -0.064  pg -0.0425  v 0.013  ev +0.94  adv_std 0.163  tR +0.00  ent[s/d/p/e] 1.86/2.26/1.12/0.54  emits 0.50  spf 71.8  z0 0.73  garr 117.7  tG 1006  e2 0.10  nF 5.2  pS 0.34  ptS 0.33  fLog 0.62  pdΔ -0.1650  pkR 6.27  clip 0.08  kl +0.000
upd  187  steps  385024  sps 1345  opp symm  loss +0.007  pg +0.0299  v 0.009  ev +0.96  adv_std 0.130  tR -0.33  ent[s/d/p/e] 1.70/2.13/1.14/0.53  emits 0.50  spf 66.6  z0 0.71  garr 108.6  tG 915  e2 0.10  nF 5.4  pS 0.32  ptS 0.31  fLog 0.60  pdΔ -0.1827  pkR 7.47  clip 0.13  kl +0.005
upd  188  steps  387072  sps 1349  opp symm  loss +0.009  pg +0.0318  v 0.010  ev +0.95  adv_std 0.142  tR -0.33  ent[s/d/p/e] 1.68/2.16/1.16/0.53  emits 0.48  spf 59.5  z0 0.72  garr 102.0  tG 831  e2 0.10  nF 5.3  pS 0.32  ptS 0.32  fLog 0.60  pdΔ -0.1769  pkR 7.14  clip 0.12  kl +0.002
upd  189  steps  389120  sps 1353  opp symm  loss -0.056  pg -0.0320  v 0.007  ev +0.97  adv_std 0.121  tR -0.50  ent[s/d/p/e] 1.76/2.21/1.17/0.50  emits 0.37  spf 56.8  z0 0.78  garr 117.2  tG 933  e2 0.07  nF 4.4  pS 0.34  ptS 0.33  fLog 0.60  pdΔ -0.1616  pkR 6.71  clip 0.04  kl +0.000
upd  190  steps  391168  sps 1357  opp symm  loss -0.036  pg -0.0135  v 0.009  ev +0.96  adv_std 0.135  tR -0.50  ent[s/d/p/e] 1.70/2.18/1.19/0.50  emits 0.40  spf 60.5  z0 0.76  garr 131.1  tG 1037  e2 0.08  nF 4.1  pS 0.34  ptS 0.33  fLog 0.61  pdΔ -0.1558  pkR 5.38  clip 0.08  kl +0.003
upd  191  steps  393216  sps 1361  opp symm  loss -0.055  pg -0.0323  v 0.009  ev +0.96  adv_std 0.133  tR +0.20  ent[s/d/p/e] 1.62/2.15/1.18/0.50  emits 0.41  spf 64.1  z0 0.75  garr 137.5  tG 1079  e2 0.09  nF 4.1  pS 0.33  ptS 0.32  fLog 0.61  pdΔ -0.1693  pkR 4.40  clip 0.09  kl +0.001
upd  192  steps  395264  sps 1365  opp symm  loss +0.012  pg +0.0327  v 0.012  ev +0.94  adv_std 0.154  tR +0.40  ent[s/d/p/e] 1.45/2.07/1.19/0.49  emits 0.35  spf 60.8  z0 0.77  garr 125.0  tG 948  e2 0.07  nF 4.2  pS 0.30  ptS 0.29  fLog 0.60  pdΔ -0.2016  pkR 4.83  clip 0.09  kl +0.000
upd  193  steps  397312  sps 1369  opp symm  loss -0.033  pg -0.0114  v 0.011  ev +0.94  adv_std 0.152  tR +0.20  ent[s/d/p/e] 1.47/2.08/1.20/0.51  emits 0.37  spf 61.9  z0 0.77  garr 121.0  tG 905  e2 0.08  nF 4.0  pS 0.29  ptS 0.29  fLog 0.60  pdΔ -0.2085  pkR 4.63  clip 0.04  kl +0.002
upd  194  steps  399360  sps 1373  opp symm  loss -0.008  pg +0.0147  v 0.007  ev +0.96  adv_std 0.120  tR -1.00  ent[s/d/p/e] 1.40/2.05/1.25/0.51  emits 0.35  spf 60.1  z0 0.77  garr 130.3  tG 976  e2 0.07  nF 3.9  pS 0.30  ptS 0.30  fLog 0.60  pdΔ -0.1981  pkR 5.17  clip 0.04  kl +0.000
upd  195  steps  401408  sps 1377  opp symm  loss -0.024  pg +0.0002  v 0.006  ev +0.96  adv_std 0.109  tR +0.50  ent[s/d/p/e] 1.53/2.14/1.26/0.50  emits 0.35  spf 69.1  z0 0.78  garr 138.1  tG 1033  e2 0.07  nF 3.7  pS 0.31  ptS 0.30  fLog 0.62  pdΔ -0.1910  pkR 4.59  clip 0.07  kl +0.002
upd  196  steps  403456  sps 1381  opp symm  loss +0.054  pg +0.0766  v 0.009  ev +0.94  adv_std 0.137  tR -0.60  ent[s/d/p/e] 1.49/2.06/1.31/0.49  emits 0.37  spf 69.8  z0 0.77  garr 144.4  tG 1091  e2 0.07  nF 3.9  pS 0.32  ptS 0.31  fLog 0.62  pdΔ -0.1775  pkR 4.26  clip 0.08  kl +0.002
upd  197  steps  405504  sps 1385  opp symm  loss -0.036  pg -0.0150  v 0.010  ev +0.94  adv_std 0.144  tR -0.33  ent[s/d/p/e] 1.50/2.02/1.28/0.48  emits 0.32  spf 62.7  z0 0.80  garr 142.7  tG 1103  e2 0.06  nF 3.7  pS 0.32  ptS 0.31  fLog 0.60  pdΔ -0.1790  pkR 4.16  clip 0.06  kl +0.003
upd  198  steps  407552  sps 1389  opp symm  loss -0.032  pg -0.0093  v 0.009  ev +0.95  adv_std 0.134  tR +0.20  ent[s/d/p/e] 1.53/2.06/1.25/0.50  emits 0.39  spf 65.3  z0 0.77  garr 139.5  tG 1074  e2 0.07  nF 4.0  pS 0.31  ptS 0.30  fLog 0.60  pdΔ -0.1882  pkR 4.99  clip 0.07  kl +0.003
[eval_vs_v20] u199 tag=train_u199  bin0=0.0%  spf=31.88  garr=86.67  flip=18.18%  z0=77.1%  e8=0.4%  e2+=0.8%  WLD=0/3/0
upd  199  steps  409600  sps 1393  opp symm  loss -0.069  pg -0.0467  v 0.008  ev +0.96  adv_std 0.125  tR +0.50  ent[s/d/p/e] 1.48/2.05/1.23/0.51  emits 0.40  spf 65.5  z0 0.76  garr 133.0  tG 1022  e2 0.08  nF 4.4  pS 0.30  ptS 0.30  fLog 0.60  pdΔ -0.1988  pkR 6.32  clip 0.05  kl +0.002 WRr 0.12 v20[spf 31.9 flip 18.2% e2+ 0.8%]
[ckpt] saved /home/charlie/project/OrbitWarRL/ckpt_search/v14e_binary_v1_a_p0i4_ORBITWARS_SHAPING_RELEASE_0.012_9638b66de5/ckpt_000199.pkl opp=symm
upd  200  steps  411648  sps 1085  opp symm  loss -0.043  pg -0.0178  v 0.006  ev +0.97  adv_std 0.112  tR -1.00  ent[s/d/p/e] 1.66/2.09/1.22/0.54  emits 0.50  spf 67.0  z0 0.73  garr 136.2  tG 1065  e2 0.10  nF 5.4  pS 0.33  ptS 0.32  fLog 0.60  pdΔ -0.1739  pkR 6.65  clip 0.08  kl +0.004
upd  201  steps  413696  sps 1089  opp symm  loss -0.033  pg -0.0094  v 0.008  ev +0.96  adv_std 0.126  tR +0.00  ent[s/d/p/e] 1.62/2.15/1.24/0.52  emits 0.44  spf 75.9  z0 0.74  garr 135.4  tG 1064  e2 0.09  nF 4.8  pS 0.33  ptS 0.32  fLog 0.63  pdΔ -0.1693  pkR 6.58  clip 0.08  kl +0.001
upd  202  steps  415744  sps 1092  opp symm  loss -0.026  pg -0.0050  v 0.013  ev +0.94  adv_std 0.160  tR +0.11  ent[s/d/p/e] 1.51/2.10/1.25/0.55  emits 0.39  spf 68.1  z0 0.75  garr 115.9  tG 901  e2 0.08  nF 4.2  pS 0.32  ptS 0.32  fLog 0.62  pdΔ -0.1822  pkR 7.04  clip 0.09  kl +0.004
upd  203  steps  417792  sps 1096  opp symm  loss -0.014  pg +0.0085  v 0.010  ev +0.95  adv_std 0.140  tR -0.33  ent[s/d/p/e] 1.37/2.03/1.32/0.51  emits 0.33  spf 70.3  z0 0.77  garr 109.8  tG 856  e2 0.06  nF 3.7  pS 0.30  ptS 0.30  fLog 0.62  pdΔ -0.1966  pkR 4.48  clip 0.08  kl +0.000
upd  204  steps  419840  sps 1099  opp symm  loss -0.030  pg -0.0055  v 0.007  ev +0.97  adv_std 0.111  tR +0.00  ent[s/d/p/e] 1.48/2.06/1.30/0.54  emits 0.35  spf 79.9  z0 0.76  garr 120.2  tG 913  e2 0.07  nF 3.4  pS 0.32  ptS 0.31  fLog 0.65  pdΔ -0.1826  pkR 4.42  clip 0.05  kl +0.002
upd  205  steps  421888  sps 1103  opp symm  loss +0.013  pg +0.0358  v 0.012  ev +0.94  adv_std 0.154  tR -0.33  ent[s/d/p/e] 1.54/2.07/1.30/0.55  emits 0.44  spf 75.6  z0 0.73  garr 118.9  tG 937  e2 0.08  nF 4.2  pS 0.33  ptS 0.33  fLog 0.63  pdΔ -0.1661  pkR 4.23  clip 0.07  kl +0.004
upd  206  steps  423936  sps 1106  opp symm  loss -0.016  pg +0.0081  v 0.007  ev +0.95  adv_std 0.120  tR +0.20  ent[s/d/p/e] 1.64/2.14/1.23/0.51  emits 0.40  spf 71.9  z0 0.75  garr 125.7  tG 990  e2 0.08  nF 4.3  pS 0.33  ptS 0.33  fLog 0.63  pdΔ -0.1651  pkR 4.34  clip 0.09  kl +0.000
upd  207  steps  425984  sps 1110  opp symm  loss -0.017  pg +0.0045  v 0.013  ev +0.92  adv_std 0.163  tR +0.67  ent[s/d/p/e] 1.54/2.05/1.22/0.55  emits 0.43  spf 70.1  z0 0.73  garr 120.7  tG 961  e2 0.09  nF 4.3  pS 0.32  ptS 0.31  fLog 0.62  pdΔ -0.1832  pkR 5.84  clip 0.09  kl +0.002
upd  208  steps  428032  sps 1113  opp symm  loss -0.051  pg -0.0280  v 0.007  ev +0.96  adv_std 0.117  tR +0.25  ent[s/d/p/e] 1.37/1.98/1.23/0.52  emits 0.37  spf 63.2  z0 0.74  garr 110.9  tG 857  e2 0.07  nF 3.7  pS 0.29  ptS 0.29  fLog 0.60  pdΔ -0.2100  pkR 6.47  clip 0.09  kl +0.003
upd  209  steps  430080  sps 1117  opp symm  loss +0.006  pg +0.0301  v 0.005  ev +0.96  adv_std 0.103  tR +1.00  ent[s/d/p/e] 1.30/1.89/1.28/0.55  emits 0.42  spf 51.4  z0 0.72  garr 109.6  tG 826  e2 0.09  nF 4.2  pS 0.30  ptS 0.30  fLog 0.57  pdΔ -0.1974  pkR 7.07  clip 0.11  kl +0.003
upd  210  steps  432128  sps 1120  opp symm  loss -0.026  pg -0.0018  v 0.006  ev +0.95  adv_std 0.112  tR -0.20  ent[s/d/p/e] 1.40/2.02/1.26/0.52  emits 0.36  spf 69.3  z0 0.76  garr 117.9  tG 911  e2 0.07  nF 4.0  pS 0.32  ptS 0.31  fLog 0.62  pdΔ -0.1796  pkR 6.30  clip 0.09  kl +0.003
upd  211  steps  434176  sps 1124  opp symm  loss -0.017  pg +0.0072  v 0.007  ev +0.95  adv_std 0.115  tR +1.00  ent[s/d/p/e] 1.55/2.09/1.28/0.53  emits 0.37  spf 68.2  z0 0.76  garr 131.3  tG 1032  e2 0.07  nF 3.8  pS 0.34  ptS 0.34  fLog 0.62  pdΔ -0.1569  pkR 5.95  clip 0.07  kl +0.003
upd  212  steps  436224  sps 1127  opp symm  loss -0.042  pg -0.0173  v 0.006  ev +0.97  adv_std 0.107  tR -1.00  ent[s/d/p/e] 1.65/1.99/1.27/0.51  emits 0.39  spf 60.9  z0 0.76  garr 144.6  tG 1165  e2 0.08  nF 4.3  pS 0.36  ptS 0.35  fLog 0.61  pdΔ -0.1392  pkR 4.91  clip 0.05  kl +0.002
upd  213  steps  438272  sps 1130  opp symm  loss -0.035  pg -0.0102  v 0.006  ev +0.97  adv_std 0.113  tR +0.00  ent[s/d/p/e] 1.65/1.90/1.31/0.51  emits 0.40  spf 66.6  z0 0.75  garr 155.8  tG 1281  e2 0.08  nF 4.2  pS 0.37  ptS 0.36  fLog 0.62  pdΔ -0.1281  pkR 3.96  clip 0.08  kl +0.003
upd  214  steps  440320  sps 1134  opp symm  loss -0.030  pg -0.0069  v 0.010  ev +0.95  adv_std 0.140  tR +0.00  ent[s/d/p/e] 1.64/1.89/1.32/0.52  emits 0.47  spf 64.5  z0 0.74  garr 154.2  tG 1293  e2 0.10  nF 4.5  pS 0.36  ptS 0.36  fLog 0.61  pdΔ -0.1363  pkR 4.46  clip 0.06  kl +0.000
upd  215  steps  442368  sps 1137  opp symm  loss -0.021  pg +0.0041  v 0.007  ev +0.97  adv_std 0.116  tR +0.00  ent[s/d/p/e] 1.73/1.96/1.32/0.54  emits 0.53  spf 65.8  z0 0.71  garr 147.9  tG 1238  e2 0.12  nF 5.4  pS 0.37  ptS 0.36  fLog 0.61  pdΔ -0.1308  pkR 4.91  clip 0.06  kl +0.001
upd  216  steps  444416  sps 1140  opp symm  loss -0.030  pg -0.0059  v 0.011  ev +0.95  adv_std 0.151  tR +0.00  ent[s/d/p/e] 1.82/2.01/1.36/0.54  emits 0.55  spf 62.0  z0 0.71  garr 140.8  tG 1223  e2 0.11  nF 5.4  pS 0.38  ptS 0.37  fLog 0.61  pdΔ -0.1222  pkR 5.21  clip 0.11  kl +0.004
upd  217  steps  446464  sps 1144  opp symm  loss -0.024  pg -0.0002  v 0.011  ev +0.95  adv_std 0.150  tR -0.33  ent[s/d/p/e] 1.85/2.03/1.40/0.53  emits 0.57  spf 57.5  z0 0.71  garr 135.2  tG 1161  e2 0.12  nF 6.1  pS 0.38  ptS 0.37  fLog 0.60  pdΔ -0.1229  pkR 5.82  clip 0.10  kl +0.002
upd  218  steps  448512  sps 1147  opp symm  loss -0.048  pg -0.0238  v 0.010  ev +0.95  adv_std 0.144  tR +0.33  ent[s/d/p/e] 1.80/1.96/1.42/0.53  emits 0.59  spf 55.3  z0 0.71  garr 113.4  tG 997  e2 0.13  nF 6.6  pS 0.37  ptS 0.36  fLog 0.59  pdΔ -0.1276  pkR 6.85  clip 0.10  kl +0.003
upd  219  steps  450560  sps 1151  opp symm  loss -0.011  pg +0.0144  v 0.009  ev +0.96  adv_std 0.132  tR +0.14  ent[s/d/p/e] 1.80/1.95/1.43/0.54  emits 0.68  spf 53.5  z0 0.67  garr 105.8  tG 903  e2 0.15  nF 6.7  pS 0.38  ptS 0.37  fLog 0.59  pdΔ -0.1186  pkR 7.46  clip 0.18  kl +0.003
upd  220  steps  452608  sps 1154  opp symm  loss -0.025  pg +0.0009  v 0.008  ev +0.96  adv_std 0.131  tR +0.00  ent[s/d/p/e] 1.78/1.91/1.50/0.56  emits 0.67  spf 54.6  z0 0.67  garr 98.8  tG 827  e2 0.13  nF 7.0  pS 0.38  ptS 0.36  fLog 0.60  pdΔ -0.1236  pkR 7.96  clip 0.12  kl +0.004
upd  221  steps  454656  sps 1157  opp symm  loss +0.013  pg +0.0364  v 0.011  ev +0.94  adv_std 0.151  tR -0.67  ent[s/d/p/e] 1.76/1.92/1.48/0.54  emits 0.59  spf 54.2  z0 0.69  garr 88.4  tG 766  e2 0.13  nF 6.8  pS 0.37  ptS 0.36  fLog 0.60  pdΔ -0.1340  pkR 4.51  clip 0.11  kl +0.004
upd  222  steps  456704  sps 1160  opp symm  loss -0.043  pg -0.0180  v 0.009  ev +0.96  adv_std 0.131  tR +0.67  ent[s/d/p/e] 1.78/1.95/1.44/0.55  emits 0.57  spf 60.9  z0 0.71  garr 93.6  tG 819  e2 0.11  nF 6.3  pS 0.36  ptS 0.35  fLog 0.62  pdΔ -0.1385  pkR 4.21  clip 0.10  kl +0.006
upd  223  steps  458752  sps 1164  opp symm  loss -0.024  pg -0.0006  v 0.008  ev +0.96  adv_std 0.130  tR +0.40  ent[s/d/p/e] 1.50/1.90/1.46/0.52  emits 0.45  spf 65.9  z0 0.72  garr 99.6  tG 828  e2 0.09  nF 4.3  pS 0.32  ptS 0.31  fLog 0.62  pdΔ -0.1774  pkR 4.04  clip 0.11  kl +0.004
upd  224  steps  460800  sps 1167  opp symm  loss -0.032  pg -0.0102  v 0.013  ev +0.93  adv_std 0.163  tR +1.00  ent[s/d/p/e] 1.48/1.88/1.46/0.54  emits 0.42  spf 63.2  z0 0.73  garr 99.8  tG 793  e2 0.08  nF 4.5  pS 0.31  ptS 0.30  fLog 0.62  pdΔ -0.1879  pkR 4.66  clip 0.11  kl +0.003
upd  225  steps  462848  sps 1170  opp symm  loss +0.000  pg +0.0214  v 0.013  ev +0.94  adv_std 0.163  tR +1.00  ent[s/d/p/e] 1.48/1.85/1.46/0.52  emits 0.42  spf 68.9  z0 0.74  garr 101.8  tG 801  e2 0.08  nF 4.2  pS 0.32  ptS 0.31  fLog 0.63  pdΔ -0.1805  pkR 5.17  clip 0.09  kl +0.003
upd  226  steps  464896  sps 1174  opp symm  loss -0.022  pg +0.0019  v 0.008  ev +0.97  adv_std 0.128  tR +0.00  ent[s/d/p/e] 1.50/1.88/1.43/0.54  emits 0.41  spf 67.8  z0 0.75  garr 111.0  tG 846  e2 0.08  nF 4.1  pS 0.32  ptS 0.32  fLog 0.63  pdΔ -0.1757  pkR 4.85  clip 0.09  kl +0.000
upd  227  steps  466944  sps 1177  opp symm  loss -0.022  pg +0.0026  v 0.009  ev +0.97  adv_std 0.133  tR -1.00  ent[s/d/p/e] 1.55/1.94/1.46/0.54  emits 0.41  spf 80.1  z0 0.75  garr 122.2  tG 952  e2 0.08  nF 3.8  pS 0.33  ptS 0.32  fLog 0.65  pdΔ -0.1689  pkR 4.59  clip 0.07  kl +0.002
upd  228  steps  468992  sps 1180  opp symm  loss -0.065  pg -0.0402  v 0.009  ev +0.97  adv_std 0.134  tR +0.33  ent[s/d/p/e] 1.60/2.02/1.39/0.55  emits 0.41  spf 76.9  z0 0.75  garr 130.3  tG 1026  e2 0.07  nF 4.1  pS 0.35  ptS 0.34  fLog 0.65  pdΔ -0.1515  pkR 5.13  clip 0.07  kl +0.002
upd  229  steps  471040  sps 1183  opp symm  loss -0.023  pg -0.0009  v 0.011  ev +0.95  adv_std 0.151  tR +0.60  ent[s/d/p/e] 1.52/1.95/1.40/0.52  emits 0.37  spf 85.1  z0 0.76  garr 133.1  tG 1043  e2 0.07  nF 3.4  pS 0.34  ptS 0.33  fLog 0.66  pdΔ -0.1602  pkR 5.72  clip 0.07  kl +0.000
upd  230  steps  473088  sps 1186  opp symm  loss -0.009  pg +0.0136  v 0.010  ev +0.95  adv_std 0.136  tR -0.33  ent[s/d/p/e] 1.48/1.96/1.36/0.50  emits 0.36  spf 74.9  z0 0.76  garr 119.0  tG 935  e2 0.06  nF 3.6  pS 0.33  ptS 0.32  fLog 0.64  pdΔ -0.1664  pkR 7.03  clip 0.06  kl +0.001
upd  231  steps  475136  sps 1190  opp symm  loss -0.000  pg +0.0193  v 0.016  ev +0.92  adv_std 0.178  tR +1.00  ent[s/d/p/e] 1.52/1.88/1.38/0.51  emits 0.41  spf 75.3  z0 0.75  garr 122.4  tG 961  e2 0.08  nF 3.7  pS 0.34  ptS 0.33  fLog 0.64  pdΔ -0.1598  pkR 6.17  clip 0.07  kl +0.001
upd  232  steps  477184  sps 1193  opp symm  loss -0.026  pg -0.0036  v 0.010  ev +0.95  adv_std 0.142  tR +0.00  ent[s/d/p/e] 1.54/1.96/1.37/0.53  emits 0.40  spf 68.3  z0 0.76  garr 109.6  tG 848  e2 0.07  nF 3.7  pS 0.33  ptS 0.33  fLog 0.63  pdΔ -0.1657  pkR 5.78  clip 0.06  kl +0.006
upd  233  steps  479232  sps 1196  opp symm  loss -0.024  pg -0.0035  v 0.012  ev +0.94  adv_std 0.153  tR +0.33  ent[s/d/p/e] 1.33/1.82/1.39/0.51  emits 0.37  spf 65.2  z0 0.75  garr 105.4  tG 792  e2 0.07  nF 3.5  pS 0.31  ptS 0.30  fLog 0.62  pdΔ -0.1908  pkR 5.94  clip 0.06  kl +0.000
upd  234  steps  481280  sps 1199  opp symm  loss -0.026  pg -0.0069  v 0.016  ev +0.91  adv_std 0.180  tR -0.33  ent[s/d/p/e] 1.32/1.84/1.41/0.56  emits 0.43  spf 59.5  z0 0.72  garr 91.2  tG 663  e2 0.08  nF 4.2  pS 0.30  ptS 0.29  fLog 0.61  pdΔ -0.1961  pkR 5.80  clip 0.10  kl +0.005
upd  235  steps  483328  sps 1202  opp symm  loss -0.026  pg -0.0030  v 0.010  ev +0.95  adv_std 0.137  tR +1.00  ent[s/d/p/e] 1.31/1.81/1.42/0.55  emits 0.46  spf 52.3  z0 0.71  garr 83.0  tG 604  e2 0.09  nF 4.8  pS 0.31  ptS 0.30  fLog 0.59  pdΔ -0.1884  pkR 5.56  clip 0.10  kl +0.003
upd  236  steps  485376  sps 1206  opp symm  loss +0.005  pg +0.0289  v 0.009  ev +0.95  adv_std 0.138  tR -0.60  ent[s/d/p/e] 1.48/1.92/1.44/0.57  emits 0.48  spf 52.8  z0 0.72  garr 83.4  tG 616  e2 0.11  nF 5.2  pS 0.33  ptS 0.32  fLog 0.60  pdΔ -0.1653  pkR 3.92  clip 0.07  kl +0.004
upd  237  steps  487424  sps 1209  opp symm  loss -0.030  pg -0.0042  v 0.006  ev +0.97  adv_std 0.111  tR -0.33  ent[s/d/p/e] 1.54/1.96/1.44/0.55  emits 0.53  spf 50.3  z0 0.72  garr 79.3  tG 599  e2 0.11  nF 5.8  pS 0.35  ptS 0.33  fLog 0.59  pdΔ -0.1508  pkR 3.92  clip 0.11  kl +0.006
upd  238  steps  489472  sps 1212  opp symm  loss -0.001  pg +0.0237  v 0.009  ev +0.95  adv_std 0.134  tR +0.25  ent[s/d/p/e] 1.54/1.95/1.44/0.58  emits 0.59  spf 51.7  z0 0.67  garr 80.9  tG 623  e2 0.12  nF 6.3  pS 0.36  ptS 0.34  fLog 0.60  pdΔ -0.1404  pkR 4.20  clip 0.09  kl +0.003
upd  239  steps  491520  sps 1215  opp symm  loss -0.006  pg +0.0163  v 0.013  ev +0.92  adv_std 0.160  tR +0.20  ent[s/d/p/e] 1.48/1.94/1.47/0.55  emits 0.54  spf 51.4  z0 0.69  garr 76.6  tG 596  e2 0.11  nF 5.9  pS 0.35  ptS 0.33  fLog 0.60  pdΔ -0.1477  pkR 4.85  clip 0.12  kl +0.004
upd  240  steps  493568  sps 1218  opp symm  loss -0.018  pg +0.0062  v 0.008  ev +0.95  adv_std 0.130  tR +0.50  ent[s/d/p/e] 1.41/1.97/1.43/0.53  emits 0.47  spf 53.8  z0 0.72  garr 82.8  tG 617  e2 0.10  nF 5.1  pS 0.33  ptS 0.31  fLog 0.61  pdΔ -0.1698  pkR 5.05  clip 0.09  kl +0.003
upd  241  steps  495616  sps 1221  opp symm  loss -0.017  pg +0.0058  v 0.009  ev +0.94  adv_std 0.134  tR +0.33  ent[s/d/p/e] 1.39/1.88/1.36/0.53  emits 0.40  spf 57.2  z0 0.74  garr 91.5  tG 713  e2 0.08  nF 4.3  pS 0.34  ptS 0.33  fLog 0.61  pdΔ -0.1628  pkR 4.31  clip 0.08  kl +0.004
upd  242  steps  497664  sps 1224  opp symm  loss -0.061  pg -0.0376  v 0.007  ev +0.96  adv_std 0.124  tR -0.33  ent[s/d/p/e] 1.52/2.00/1.30/0.52  emits 0.41  spf 62.5  z0 0.75  garr 104.9  tG 802  e2 0.08  nF 4.0  pS 0.33  ptS 0.32  fLog 0.63  pdΔ -0.1666  pkR 4.52  clip 0.09  kl +0.002
upd  243  steps  499712  sps 1227  opp symm  loss -0.015  pg +0.0088  v 0.006  ev +0.97  adv_std 0.107  tR -0.33  ent[s/d/p/e] 1.43/1.89/1.35/0.51  emits 0.34  spf 63.7  z0 0.77  garr 114.9  tG 904  e2 0.07  nF 3.5  pS 0.34  ptS 0.33  fLog 0.62  pdΔ -0.1633  pkR 4.95  clip 0.07  kl +0.003
upd  244  steps  501760  sps 1230  opp symm  loss -0.046  pg -0.0215  v 0.005  ev +0.97  adv_std 0.105  tR -0.20  ent[s/d/p/e] 1.44/1.84/1.35/0.51  emits 0.38  spf 72.2  z0 0.77  garr 124.6  tG 988  e2 0.08  nF 3.5  pS 0.33  ptS 0.32  fLog 0.64  pdΔ -0.1686  pkR 5.18  clip 0.07  kl +0.002
upd  245  steps  503808  sps 1233  opp symm  loss -0.034  pg -0.0129  v 0.011  ev +0.94  adv_std 0.149  tR -0.50  ent[s/d/p/e] 1.47/1.78/1.36/0.50  emits 0.38  spf 65.2  z0 0.77  garr 125.5  tG 974  e2 0.08  nF 3.7  pS 0.33  ptS 0.32  fLog 0.63  pdΔ -0.1689  pkR 4.92  clip 0.05  kl +0.002
upd  246  steps  505856  sps 1236  opp symm  loss +0.014  pg +0.0375  v 0.005  ev +0.97  adv_std 0.099  tR +0.00  ent[s/d/p/e] 1.56/1.83/1.30/0.48  emits 0.33  spf 72.6  z0 0.80  garr 133.0  tG 1052  e2 0.06  nF 3.3  pS 0.33  ptS 0.32  fLog 0.64  pdΔ -0.1702  pkR 3.43  clip 0.03  kl +0.001
upd  247  steps  507904  sps 1240  opp symm  loss -0.038  pg -0.0144  v 0.005  ev +0.97  adv_std 0.094  tR +0.33  ent[s/d/p/e] 1.60/1.90/1.32/0.45  emits 0.34  spf 83.2  z0 0.80  garr 146.0  tG 1166  e2 0.06  nF 3.1  pS 0.33  ptS 0.33  fLog 0.66  pdΔ -0.1661  pkR 3.49  clip 0.07  kl +0.002
upd  248  steps  509952  sps 1243  opp symm  loss -0.015  pg +0.0078  v 0.007  ev +0.96  adv_std 0.119  tR +0.33  ent[s/d/p/e] 1.58/1.89/1.35/0.46  emits 0.29  spf 80.0  z0 0.82  garr 158.3  tG 1283  e2 0.05  nF 2.9  pS 0.34  ptS 0.33  fLog 0.64  pdΔ -0.1645  pkR 3.39  clip 0.05  kl +0.001
upd  249  steps  512000  sps 1246  opp symm  loss -0.037  pg -0.0133  v 0.006  ev +0.97  adv_std 0.115  tR +0.33  ent[s/d/p/e] 1.54/1.89/1.37/0.46  emits 0.30  spf 83.8  z0 0.81  garr 162.8  tG 1322  e2 0.05  nF 2.7  pS 0.32  ptS 0.32  fLog 0.65  pdΔ -0.1764  pkR 3.33  clip 0.05  kl +0.003
upd  250  steps  514048  sps 1249  opp symm  loss -0.007  pg +0.0130  v 0.010  ev +0.95  adv_std 0.146  tR +0.20  ent[s/d/p/e] 1.50/1.81/1.34/0.43  emits 0.25  spf 85.4  z0 0.83  garr 164.4  tG 1343  e2 0.04  nF 2.9  pS 0.31  ptS 0.31  fLog 0.64  pdΔ -0.1858  pkR 3.93  clip 0.05  kl -0.000
upd  251  steps  516096  sps 1252  opp symm  loss -0.061  pg -0.0387  v 0.007  ev +0.96  adv_std 0.121  tR -0.71  ent[s/d/p/e] 1.52/1.90/1.30/0.44  emits 0.26  spf 95.7  z0 0.83  garr 171.5  tG 1426  e2 0.04  nF 2.5  pS 0.32  ptS 0.31  fLog 0.65  pdΔ -0.1827  pkR 4.35  clip 0.04  kl +0.002
upd  252  steps  518144  sps 1255  opp symm  loss -0.093  pg -0.0712  v 0.009  ev +0.95  adv_std 0.135  tR -0.67  ent[s/d/p/e] 1.51/1.80/1.28/0.47  emits 0.30  spf 101.3  z0 0.81  garr 165.4  tG 1381  e2 0.05  nF 2.9  pS 0.31  ptS 0.30  fLog 0.65  pdΔ -0.1884  pkR 5.07  clip 0.07  kl +0.003
upd  253  steps  520192  sps 1258  opp symm  loss -0.043  pg -0.0206  v 0.008  ev +0.95  adv_std 0.124  tR +0.60  ent[s/d/p/e] 1.48/1.78/1.35/0.48  emits 0.33  spf 83.0  z0 0.79  garr 161.1  tG 1324  e2 0.06  nF 3.1  pS 0.31  ptS 0.30  fLog 0.63  pdΔ -0.1882  pkR 5.95  clip 0.05  kl +0.000
upd  254  steps  522240  sps 1261  opp symm  loss -0.042  pg -0.0240  v 0.016  ev +0.90  adv_std 0.178  tR -0.25  ent[s/d/p/e] 1.32/1.71/1.32/0.52  emits 0.36  spf 84.7  z0 0.76  garr 150.6  tG 1236  e2 0.07  nF 3.0  pS 0.31  ptS 0.30  fLog 0.64  pdΔ -0.1883  pkR 5.64  clip 0.08  kl +0.002
upd  255  steps  524288  sps 1264  opp symm  loss -0.001  pg +0.0170  v 0.015  ev +0.90  adv_std 0.163  tR +0.67  ent[s/d/p/e] 1.27/1.62/1.32/0.48  emits 0.33  spf 78.7  z0 0.77  garr 132.2  tG 1066  e2 0.06  nF 3.6  pS 0.30  ptS 0.29  fLog 0.62  pdΔ -0.1979  pkR 6.45  clip 0.07  kl +0.004
upd  256  steps  526336  sps 1267  opp symm  loss -0.016  pg +0.0054  v 0.008  ev +0.94  adv_std 0.128  tR +0.00  ent[s/d/p/e] 1.35/1.68/1.32/0.52  emits 0.34  spf 75.2  z0 0.77  garr 126.6  tG 1025  e2 0.06  nF 3.4  pS 0.31  ptS 0.30  fLog 0.62  pdΔ -0.1869  pkR 6.66  clip 0.06  kl +0.001
upd  257  steps  528384  sps 1269  opp symm  loss -0.023  pg +0.0001  v 0.008  ev +0.95  adv_std 0.127  tR +0.00  ent[s/d/p/e] 1.46/1.78/1.38/0.52  emits 0.35  spf 72.0  z0 0.77  garr 123.6  tG 997  e2 0.07  nF 3.6  pS 0.33  ptS 0.31  fLog 0.63  pdΔ -0.1737  pkR 3.94  clip 0.05  kl +0.001
upd  258  steps  530432  sps 1272  opp symm  loss -0.012  pg +0.0110  v 0.009  ev +0.94  adv_std 0.132  tR -0.60  ent[s/d/p/e] 1.53/1.73/1.46/0.51  emits 0.42  spf 74.5  z0 0.75  garr 126.0  tG 1006  e2 0.09  nF 4.3  pS 0.33  ptS 0.32  fLog 0.63  pdΔ -0.1684  pkR 4.01  clip 0.07  kl +0.003
upd  259  steps  532480  sps 1275  opp symm  loss -0.015  pg +0.0091  v 0.007  ev +0.95  adv_std 0.114  tR -1.00  ent[s/d/p/e] 1.56/1.77/1.46/0.52  emits 0.42  spf 69.6  z0 0.76  garr 129.9  tG 1052  e2 0.09  nF 4.4  pS 0.35  ptS 0.33  fLog 0.63  pdΔ -0.1543  pkR 3.76  clip 0.06  kl +0.001
upd  260  steps  534528  sps 1278  opp symm  loss -0.002  pg +0.0229  v 0.008  ev +0.95  adv_std 0.123  tR +0.00  ent[s/d/p/e] 1.71/1.82/1.47/0.54  emits 0.50  spf 68.4  z0 0.73  garr 132.6  tG 1098  e2 0.10  nF 5.0  pS 0.37  ptS 0.36  fLog 0.62  pdΔ -0.1304  pkR 3.67  clip 0.09  kl +0.004
upd  261  steps  536576  sps 1281  opp symm  loss -0.032  pg -0.0072  v 0.008  ev +0.96  adv_std 0.125  tR +1.00  ent[s/d/p/e] 1.70/1.82/1.42/0.53  emits 0.49  spf 66.7  z0 0.72  garr 123.0  tG 1027  e2 0.10  nF 5.3  pS 0.38  ptS 0.36  fLog 0.62  pdΔ -0.1200  pkR 4.42  clip 0.10  kl +0.003
upd  262  steps  538624  sps 1284  opp symm  loss -0.001  pg +0.0220  v 0.009  ev +0.95  adv_std 0.135  tR +0.50  ent[s/d/p/e] 1.63/1.73/1.39/0.53  emits 0.46  spf 69.3  z0 0.75  garr 139.4  tG 1166  e2 0.09  nF 4.3  pS 0.39  ptS 0.37  fLog 0.63  pdΔ -0.1088  pkR 4.23  clip 0.08  kl +0.003
upd  263  steps  540672  sps 1287  opp symm  loss -0.037  pg -0.0135  v 0.008  ev +0.95  adv_std 0.132  tR +0.00  ent[s/d/p/e] 1.64/1.73/1.41/0.51  emits 0.41  spf 71.8  z0 0.76  garr 146.0  tG 1178  e2 0.08  nF 4.2  pS 0.36  ptS 0.35  fLog 0.63  pdΔ -0.1372  pkR 4.50  clip 0.09  kl +0.004
upd  264  steps  542720  sps 1290  opp symm  loss -0.027  pg -0.0036  v 0.010  ev +0.95  adv_std 0.139  tR +0.00  ent[s/d/p/e] 1.74/1.82/1.40/0.53  emits 0.42  spf 73.2  z0 0.75  garr 159.6  tG 1290  e2 0.08  nF 3.8  pS 0.37  ptS 0.35  fLog 0.64  pdΔ -0.1315  pkR 4.06  clip 0.06  kl +0.002
upd  265  steps  544768  sps 1293  opp symm  loss -0.002  pg +0.0235  v 0.006  ev +0.97  adv_std 0.106  tR +0.00  ent[s/d/p/e] 1.76/1.84/1.35/0.51  emits 0.49  spf 82.4  z0 0.74  garr 169.8  tG 1397  e2 0.10  nF 4.1  pS 0.38  ptS 0.37  fLog 0.65  pdΔ -0.1158  pkR 4.27  clip 0.10  kl +0.003
upd  266  steps  546816  sps 1296  opp symm  loss -0.044  pg -0.0213  v 0.011  ev +0.94  adv_std 0.149  tR -0.20  ent[s/d/p/e] 1.74/1.82/1.41/0.51  emits 0.45  spf 78.4  z0 0.74  garr 163.0  tG 1338  e2 0.09  nF 4.5  pS 0.38  ptS 0.36  fLog 0.64  pdΔ -0.1242  pkR 5.24  clip 0.11  kl +0.001
upd  267  steps  548864  sps 1298  opp symm  loss -0.019  pg +0.0013  v 0.014  ev +0.93  adv_std 0.165  tR +1.00  ent[s/d/p/e] 1.64/1.76/1.43/0.48  emits 0.36  spf 86.2  z0 0.78  garr 158.4  tG 1290  e2 0.07  nF 3.3  pS 0.35  ptS 0.33  fLog 0.66  pdΔ -0.1532  pkR 5.55  clip 0.09  kl -0.000
upd  268  steps  550912  sps 1301  opp symm  loss -0.020  pg +0.0019  v 0.007  ev +0.96  adv_std 0.121  tR +0.43  ent[s/d/p/e] 1.37/1.54/1.31/0.49  emits 0.31  spf 80.4  z0 0.80  garr 149.1  tG 1171  e2 0.06  nF 2.7  pS 0.32  ptS 0.30  fLog 0.63  pdΔ -0.1792  pkR 4.74  clip 0.08  kl +0.002
upd  269  steps  552960  sps 1304  opp symm  loss -0.015  pg +0.0044  v 0.013  ev +0.93  adv_std 0.158  tR +0.14  ent[s/d/p/e] 1.50/1.78/1.34/0.47  emits 0.31  spf 80.4  z0 0.80  garr 149.1  tG 1107  e2 0.06  nF 3.1  pS 0.31  ptS 0.29  fLog 0.64  pdΔ -0.1921  pkR 5.36  clip 0.06  kl +0.002
upd  270  steps  555008  sps 1307  opp symm  loss -0.038  pg -0.0163  v 0.010  ev +0.95  adv_std 0.140  tR -1.00  ent[s/d/p/e] 1.59/1.81/1.35/0.48  emits 0.31  spf 69.6  z0 0.80  garr 144.6  tG 1056  e2 0.05  nF 3.1  pS 0.31  ptS 0.29  fLog 0.63  pdΔ -0.1902  pkR 4.90  clip 0.06  kl +0.006
upd  271  steps  557056  sps 1310  opp symm  loss +0.006  pg +0.0272  v 0.010  ev +0.94  adv_std 0.140  tR +0.00  ent[s/d/p/e] 1.54/1.76/1.38/0.47  emits 0.37  spf 63.5  z0 0.78  garr 139.2  tG 1014  e2 0.07  nF 3.5  pS 0.30  ptS 0.29  fLog 0.61  pdΔ -0.1963  pkR 5.38  clip 0.07  kl -0.000
upd  272  steps  559104  sps 1313  opp symm  loss -0.039  pg -0.0175  v 0.010  ev +0.95  adv_std 0.142  tR +0.00  ent[s/d/p/e] 1.56/1.74/1.43/0.47  emits 0.34  spf 62.3  z0 0.80  garr 148.8  tG 1070  e2 0.07  nF 3.6  pS 0.31  ptS 0.29  fLog 0.62  pdΔ -0.1945  pkR 6.24  clip 0.06  kl +0.003
upd  273  steps  561152  sps 1315  opp symm  loss +0.044  pg +0.0665  v 0.007  ev +0.96  adv_std 0.121  tR -0.50  ent[s/d/p/e] 1.49/1.71/1.35/0.46  emits 0.35  spf 57.4  z0 0.80  garr 158.6  tG 1170  e2 0.07  nF 3.5  pS 0.32  ptS 0.30  fLog 0.60  pdΔ -0.1820  pkR 6.38  clip 0.07  kl +0.004
upd  274  steps  563200  sps 1318  opp symm  loss -0.029  pg -0.0070  v 0.006  ev +0.97  adv_std 0.114  tR -0.20  ent[s/d/p/e] 1.37/1.62/1.36/0.48  emits 0.35  spf 61.6  z0 0.79  garr 171.9  tG 1282  e2 0.07  nF 3.4  pS 0.31  ptS 0.29  fLog 0.60  pdΔ -0.1862  pkR 6.76  clip 0.08  kl +0.003
upd  275  steps  565248  sps 1321  opp symm  loss -0.039  pg -0.0180  v 0.010  ev +0.96  adv_std 0.140  tR +0.00  ent[s/d/p/e] 1.41/1.52/1.47/0.48  emits 0.37  spf 61.0  z0 0.77  garr 172.6  tG 1308  e2 0.07  nF 3.8  pS 0.32  ptS 0.30  fLog 0.60  pdΔ -0.1788  pkR 7.32  clip 0.07  kl +0.002
upd  276  steps  567296  sps 1324  opp symm  loss +0.012  pg +0.0353  v 0.007  ev +0.96  adv_std 0.122  tR +0.00  ent[s/d/p/e] 1.51/1.58/1.50/0.48  emits 0.40  spf 62.1  z0 0.78  garr 161.8  tG 1231  e2 0.08  nF 4.2  pS 0.32  ptS 0.30  fLog 0.60  pdΔ -0.1752  pkR 5.03  clip 0.07  kl +0.003
upd  277  steps  569344  sps 1327  opp symm  loss +0.013  pg +0.0364  v 0.007  ev +0.96  adv_std 0.122  tR +0.00  ent[s/d/p/e] 1.64/1.63/1.51/0.47  emits 0.39  spf 58.2  z0 0.78  garr 162.3  tG 1235  e2 0.08  nF 4.5  pS 0.33  ptS 0.31  fLog 0.59  pdΔ -0.1722  pkR 5.15  clip 0.04  kl -0.001
upd  278  steps  571392  sps 1329  opp symm  loss -0.030  pg -0.0073  v 0.007  ev +0.96  adv_std 0.124  tR +0.14  ent[s/d/p/e] 1.60/1.70/1.50/0.43  emits 0.35  spf 58.4  z0 0.80  garr 171.2  tG 1260  e2 0.06  nF 3.8  pS 0.31  ptS 0.29  fLog 0.59  pdΔ -0.1908  pkR 5.53  clip 0.06  kl +0.002
upd  279  steps  573440  sps 1332  opp symm  loss +0.007  pg +0.0272  v 0.009  ev +0.95  adv_std 0.134  tR +0.33  ent[s/d/p/e] 1.30/1.56/1.45/0.40  emits 0.22  spf 59.2  z0 0.84  garr 179.6  tG 1299  e2 0.03  nF 2.6  pS 0.28  ptS 0.27  fLog 0.60  pdΔ -0.2175  pkR 6.01  clip 0.03  kl +0.002
upd  280  steps  575488  sps 1335  opp symm  loss -0.041  pg -0.0210  v 0.007  ev +0.95  adv_std 0.121  tR -0.50  ent[s/d/p/e] 1.04/1.40/1.40/0.43  emits 0.23  spf 75.1  z0 0.83  garr 183.6  tG 1320  e2 0.04  nF 2.0  pS 0.28  ptS 0.27  fLog 0.63  pdΔ -0.2182  pkR 5.91  clip 0.05  kl +0.001
upd  281  steps  577536  sps 1338  opp symm  loss -0.043  pg -0.0222  v 0.007  ev +0.96  adv_std 0.117  tR +0.00  ent[s/d/p/e] 1.13/1.41/1.48/0.46  emits 0.25  spf 85.6  z0 0.82  garr 191.5  tG 1398  e2 0.05  nF 2.4  pS 0.30  ptS 0.28  fLog 0.64  pdΔ -0.1992  pkR 5.03  clip 0.08  kl -0.001
upd  282  steps  579584  sps 1340  opp symm  loss -0.027  pg -0.0071  v 0.008  ev +0.96  adv_std 0.125  tR -0.20  ent[s/d/p/e] 1.20/1.45/1.46/0.42  emits 0.24  spf 81.3  z0 0.82  garr 193.5  tG 1466  e2 0.04  nF 2.2  pS 0.31  ptS 0.30  fLog 0.65  pdΔ -0.1865  pkR 5.53  clip 0.06  kl +0.002
upd  283  steps  581632  sps 1343  opp symm  loss -0.061  pg -0.0402  v 0.010  ev +0.95  adv_std 0.138  tR -0.60  ent[s/d/p/e] 1.35/1.52/1.56/0.45  emits 0.27  spf 76.0  z0 0.81  garr 176.8  tG 1372  e2 0.05  nF 2.6  pS 0.32  ptS 0.31  fLog 0.64  pdΔ -0.1840  pkR 6.33  clip 0.07  kl +0.002
upd  284  steps  583680  sps 1346  opp symm  loss -0.026  pg -0.0061  v 0.010  ev +0.95  adv_std 0.146  tR -1.00  ent[s/d/p/e] 1.39/1.58/1.40/0.45  emits 0.30  spf 73.7  z0 0.80  garr 169.9  tG 1294  e2 0.06  nF 2.8  pS 0.31  ptS 0.31  fLog 0.63  pdΔ -0.1876  pkR 7.03  clip 0.08  kl +0.003
upd  285  steps  585728  sps 1348  opp symm  loss -0.045  pg -0.0245  v 0.011  ev +0.94  adv_std 0.156  tR -1.00  ent[s/d/p/e] 1.49/1.61/1.46/0.49  emits 0.39  spf 69.2  z0 0.76  garr 163.2  tG 1251  e2 0.08  nF 3.2  pS 0.33  ptS 0.32  fLog 0.63  pdΔ -0.1715  pkR 7.05  clip 0.08  kl +0.000
upd  286  steps  587776  sps 1351  opp symm  loss -0.003  pg +0.0198  v 0.006  ev +0.96  adv_std 0.113  tR -0.60  ent[s/d/p/e] 1.43/1.66/1.41/0.46  emits 0.33  spf 71.5  z0 0.78  garr 164.1  tG 1258  e2 0.07  nF 3.5  pS 0.34  ptS 0.33  fLog 0.63  pdΔ -0.1583  pkR 6.82  clip 0.06  kl +0.001