
=== [2026-06-11T03:24:30Z] v14e_binary_v1_a_p0i3_ORBITWARS_SHAPING_PROD_SHARE_DELTA_0.01_24ee827606 phase=a kind=probe chunk=300 env={"ORBITWARS_SHAPING_ANTI_HOARD": 0.03, "ORBITWARS_SHAPING_CAPTURE": 0.06, "ORBITWARS_SHAPING_RELEASE": 0.0075, "ORBITWARS_SHAPING_RELEASE_K": 17.0, "ORBITWARS_SHAPING_PROD_SHARE_DELTA": 0.01, "ORBITWARS_SHAPING_ONE_SHIP_PENALTY": 0.01} ppo={"ent_coef_emit": 0.0175, "lr_peak": 4.5e-05} ===
[reward] kaggle-aligned: terminal +1 win/+1 tie>0/-1 loss/-1 double-wipeout; is_terminal at step >= episode_steps-2; SHAPING_SCALE=0.0; v1: KEEP_HOME=0.0 FLEET_SIZE=0.0/norm20.0; v2 (expert-replay calibrated): PROD_SHARE=0.0 PLANET_SHARE=0.0 FLEET_LOG=0.0/ref500.0/floor0.3; v3 (top10-2630ep calibrated): PROD_SHARE_DELTA=0.01 EMIT_LOG=0.0 EMIT_GATED=0.0 RELEASE=0.0075/K17.0 CAPTURE=0.06; ANTI_HOARD=0.03/thresh0.6; episode_steps=500 (kaggle=500, mismatch=False)
[symmetric] Frog Parade style: same params drive BOTH players, no frozen/strong/buffer opponents, zero_sum_value=True
upd    0  steps    2048  sps 38  opp symm  loss +0.087  pg +0.1010  v 0.002  ev +0.18  adv_std 0.060  tR +0.00  ent[s/d/p/e] 0.40/1.09/1.07/0.23  emits 0.59  spf 11.1  z0 0.64  garr 11.1  tG 16  e2 0.13  nF 3.4  pS 0.08  ptS 0.07  fLog 0.37  pdΔ -0.4242  pkR 5.25  clip 0.03  kl -0.000
upd    1  steps    4096  sps 74  opp symm  loss +0.092  pg +0.1094  v 0.003  ev +0.38  adv_std 0.080  tR +0.00  ent[s/d/p/e] 0.82/1.27/1.04/0.38  emits 1.32  spf 11.0  z0 0.46  garr 10.9  tG 29  e2 0.34  nF 12.6  pS 0.13  ptS 0.12  fLog 0.36  pdΔ -0.3723  pkR 6.01  clip 0.14  kl +0.002
upd    2  steps    6144  sps 110  opp symm  loss +0.039  pg +0.0583  v 0.006  ev +0.51  adv_std 0.101  tR +1.00  ent[s/d/p/e] 1.10/1.54/1.03/0.48  emits 1.82  spf 11.9  z0 0.38  garr 12.3  tG 51  e2 0.43  nF 22.0  pS 0.19  ptS 0.18  fLog 0.37  pdΔ -0.3090  pkR 6.39  clip 0.18  kl +0.005
upd    3  steps    8192  sps 146  opp symm  loss -0.061  pg -0.0425  v 0.012  ev +0.26  adv_std 0.148  tR +0.33  ent[s/d/p/e] 1.41/1.84/0.99/0.51  emits 1.95  spf 14.3  z0 0.37  garr 14.6  tG 87  e2 0.45  nF 25.5  pS 0.26  ptS 0.24  fLog 0.39  pdΔ -0.2415  pkR 5.43  clip 0.22  kl +0.007
upd    4  steps   10240  sps 180  opp symm  loss -0.017  pg -0.0003  v 0.018  ev +0.08  adv_std 0.190  tR +1.00  ent[s/d/p/e] 1.59/1.99/0.97/0.50  emits 1.95  spf 15.4  z0 0.38  garr 16.0  tG 104  e2 0.44  nF 26.3  pS 0.28  ptS 0.27  fLog 0.39  pdΔ -0.2156  pkR 5.86  clip 0.34  kl +0.008
upd    5  steps   12288  sps 213  opp symm  loss -0.018  pg +0.0022  v 0.009  ev +0.23  adv_std 0.111  tR -0.33  ent[s/d/p/e] 1.62/2.03/0.94/0.46  emits 2.27  spf 14.3  z0 0.35  garr 14.6  tG 100  e2 0.47  nF 28.0  pS 0.29  ptS 0.27  fLog 0.38  pdΔ -0.2116  pkR 7.67  clip 0.27  kl +0.017
upd    6  steps   14336  sps 246  opp symm  loss +0.006  pg +0.0292  v 0.007  ev +0.20  adv_std 0.106  tR +0.00  ent[s/d/p/e] 1.78/2.15/0.97/0.51  emits 2.26  spf 15.7  z0 0.34  garr 16.4  tG 128  e2 0.47  nF 32.8  pS 0.34  ptS 0.32  fLog 0.39  pdΔ -0.1602  pkR 5.13  clip 0.37  kl +0.018
upd    7  steps   16384  sps 278  opp symm  loss -0.037  pg -0.0133  v 0.007  ev +0.49  adv_std 0.101  tR +0.00  ent[s/d/p/e] 1.89/2.24/0.98/0.51  emits 2.14  spf 18.0  z0 0.35  garr 18.5  tG 161  e2 0.45  nF 32.2  pS 0.37  ptS 0.35  fLog 0.41  pdΔ -0.1348  pkR 5.64  clip 0.40  kl +0.010
upd    8  steps   18432  sps 310  opp symm  loss -0.049  pg -0.0247  v 0.007  ev +0.49  adv_std 0.110  tR +0.33  ent[s/d/p/e] 1.94/2.28/0.99/0.54  emits 1.90  spf 20.4  z0 0.41  garr 22.5  tG 225  e2 0.41  nF 27.8  pS 0.38  ptS 0.37  fLog 0.43  pdΔ -0.1171  pkR 10.87  clip 0.32  kl +0.009
upd    9  steps   20480  sps 340  opp symm  loss -0.056  pg -0.0329  v 0.011  ev +0.46  adv_std 0.141  tR +0.20  ent[s/d/p/e] 1.96/2.28/1.02/0.55  emits 1.75  spf 22.7  z0 0.43  garr 26.2  tG 268  e2 0.39  nF 24.8  pS 0.38  ptS 0.37  fLog 0.44  pdΔ -0.1172  pkR 11.81  clip 0.32  kl +0.014
upd   10  steps   22528  sps 370  opp symm  loss -0.014  pg +0.0113  v 0.006  ev +0.59  adv_std 0.106  tR +0.33  ent[s/d/p/e] 1.99/2.27/0.95/0.56  emits 1.41  spf 26.8  z0 0.47  garr 30.2  tG 326  e2 0.32  nF 21.6  pS 0.39  ptS 0.38  fLog 0.46  pdΔ -0.1094  pkR 15.16  clip 0.35  kl +0.018
upd   11  steps   24576  sps 400  opp symm  loss +0.035  pg +0.0623  v 0.002  ev +0.84  adv_std 0.060  tR +0.00  ent[s/d/p/e] 1.99/2.26/0.98/0.54  emits 1.58  spf 26.7  z0 0.46  garr 28.7  tG 292  e2 0.36  nF 20.5  pS 0.38  ptS 0.37  fLog 0.45  pdΔ -0.1170  pkR 8.78  clip 0.36  kl +0.017
upd   12  steps   26624  sps 429  opp symm  loss +0.004  pg +0.0295  v 0.006  ev +0.68  adv_std 0.105  tR +0.50  ent[s/d/p/e] 1.95/2.23/0.99/0.56  emits 1.37  spf 26.7  z0 0.48  garr 28.7  tG 291  e2 0.31  nF 19.2  pS 0.37  ptS 0.36  fLog 0.46  pdΔ -0.1293  pkR 10.94  clip 0.47  kl +0.020
upd   13  steps   28672  sps 457  opp symm  loss -0.040  pg -0.0142  v 0.005  ev +0.73  adv_std 0.098  tR +0.33  ent[s/d/p/e] 1.97/2.26/0.98/0.53  emits 1.70  spf 24.7  z0 0.43  garr 26.0  tG 258  e2 0.36  nF 22.0  pS 0.37  ptS 0.36  fLog 0.44  pdΔ -0.1282  pkR 11.59  clip 0.26  kl +0.012
upd   14  steps   30720  sps 485  opp symm  loss -0.052  pg -0.0268  v 0.006  ev +0.70  adv_std 0.108  tR +0.33  ent[s/d/p/e] 1.93/2.24/0.99/0.54  emits 1.58  spf 24.4  z0 0.46  garr 26.4  tG 289  e2 0.35  nF 21.9  pS 0.36  ptS 0.35  fLog 0.44  pdΔ -0.1441  pkR 20.03  clip 0.27  kl +0.007
upd   15  steps   32768  sps 512  opp symm  loss -0.021  pg -0.0390  v 0.084  ev +0.08  adv_std 0.427  tR +0.00  ent[s/d/p/e] 1.67/2.07/1.00/0.42  emits 1.32  spf 19.5  z0 0.52  garr 20.0  tG 179  e2 0.28  nF 16.7  pS 0.25  ptS 0.25  fLog 0.42  pdΔ -0.2458  pkR 32.59  clip 0.19  kl +0.005
upd   16  steps   34816  sps 538  opp symm  loss -0.009  pg +0.0079  v 0.004  ev +0.82  adv_std 0.079  tR +1.00  ent[s/d/p/e] 1.05/1.59/0.92/0.33  emits 1.23  spf 14.8  z0 0.50  garr 14.0  tG 86  e2 0.30  nF 13.3  pS 0.16  ptS 0.15  fLog 0.39  pdΔ -0.3423  pkR 37.64  clip 0.17  kl +0.005
upd   17  steps   36864  sps 564  opp symm  loss -0.080  pg -0.0601  v 0.004  ev +0.83  adv_std 0.082  tR -1.00  ent[s/d/p/e] 1.25/1.71/0.97/0.44  emits 1.52  spf 15.8  z0 0.43  garr 14.3  tG 80  e2 0.37  nF 18.4  pS 0.20  ptS 0.20  fLog 0.40  pdΔ -0.2953  pkR 9.22  clip 0.20  kl +0.009
upd   18  steps   38912  sps 590  opp symm  loss -0.026  pg -0.0046  v 0.005  ev +0.71  adv_std 0.094  tR -1.00  ent[s/d/p/e] 1.39/1.84/0.97/0.50  emits 1.75  spf 17.7  z0 0.38  garr 18.1  tG 126  e2 0.41  nF 21.8  pS 0.25  ptS 0.25  fLog 0.41  pdΔ -0.2457  pkR 10.79  clip 0.23  kl +0.005
upd   19  steps   40960  sps 615  opp symm  loss -0.042  pg -0.0172  v 0.003  ev +0.76  adv_std 0.067  tR +0.00  ent[s/d/p/e] 1.55/1.98/1.02/0.53  emits 1.72  spf 19.8  z0 0.41  garr 20.0  tG 155  e2 0.40  nF 23.3  pS 0.29  ptS 0.28  fLog 0.43  pdΔ -0.2055  pkR 10.16  clip 0.39  kl +0.015
upd   20  steps   43008  sps 639  opp symm  loss -0.103  pg -0.0799  v 0.005  ev +0.84  adv_std 0.092  tR -0.71  ent[s/d/p/e] 1.64/2.06/1.02/0.51  emits 1.89  spf 21.0  z0 0.40  garr 22.5  tG 216  e2 0.42  nF 23.3  pS 0.33  ptS 0.31  fLog 0.43  pdΔ -0.1711  pkR 18.88  clip 0.20  kl +0.004
upd   21  steps   45056  sps 663  opp symm  loss -0.015  pg +0.0086  v 0.005  ev +0.80  adv_std 0.093  tR +0.50  ent[s/d/p/e] 1.68/2.06/0.97/0.50  emits 2.00  spf 21.0  z0 0.36  garr 20.6  tG 171  e2 0.44  nF 25.0  pS 0.33  ptS 0.32  fLog 0.43  pdΔ -0.1695  pkR 9.97  clip 0.23  kl +0.008
upd   22  steps   47104  sps 687  opp symm  loss -0.039  pg -0.0161  v 0.006  ev +0.80  adv_std 0.107  tR +1.00  ent[s/d/p/e] 1.64/2.02/0.95/0.52  emits 1.73  spf 19.9  z0 0.40  garr 21.4  tG 169  e2 0.40  nF 23.7  pS 0.32  ptS 0.31  fLog 0.42  pdΔ -0.1812  pkR 4.87  clip 0.17  kl +0.006
upd   23  steps   49152  sps 710  opp symm  loss -0.009  pg +0.0143  v 0.007  ev +0.77  adv_std 0.120  tR +1.00  ent[s/d/p/e] 1.65/2.03/1.00/0.54  emits 1.66  spf 20.2  z0 0.42  garr 21.8  tG 172  e2 0.38  nF 21.6  pS 0.31  ptS 0.30  fLog 0.43  pdΔ -0.1906  pkR 7.75  clip 0.19  kl +0.006
upd   24  steps   51200  sps 733  opp symm  loss -0.003  pg +0.0205  v 0.005  ev +0.79  adv_std 0.094  tR -0.33  ent[s/d/p/e] 1.63/2.02/0.99/0.51  emits 1.81  spf 20.2  z0 0.38  garr 21.5  tG 156  e2 0.41  nF 22.7  pS 0.30  ptS 0.29  fLog 0.43  pdΔ -0.1972  pkR 5.38  clip 0.37  kl +0.008
upd   25  steps   53248  sps 755  opp symm  loss +0.005  pg +0.0302  v 0.003  ev +0.86  adv_std 0.067  tR +1.00  ent[s/d/p/e] 1.62/2.02/1.02/0.54  emits 1.56  spf 22.7  z0 0.41  garr 25.6  tG 201  e2 0.37  nF 21.3  pS 0.32  ptS 0.31  fLog 0.44  pdΔ -0.1774  pkR 6.37  clip 0.26  kl +0.008
upd   26  steps   55296  sps 777  opp symm  loss -0.013  pg +0.0140  v 0.002  ev +0.88  adv_std 0.065  tR +0.00  ent[s/d/p/e] 1.71/2.10/1.02/0.59  emits 1.27  spf 29.3  z0 0.47  garr 33.9  tG 286  e2 0.31  nF 16.7  pS 0.34  ptS 0.33  fLog 0.47  pdΔ -0.1609  pkR 5.64  clip 0.17  kl +0.005
upd   27  steps   57344  sps 798  opp symm  loss -0.053  pg -0.0289  v 0.008  ev +0.73  adv_std 0.129  tR +0.00  ent[s/d/p/e] 1.74/2.13/1.05/0.59  emits 1.30  spf 30.7  z0 0.48  garr 39.2  tG 347  e2 0.32  nF 15.0  pS 0.35  ptS 0.33  fLog 0.48  pdΔ -0.1521  pkR 8.80  clip 0.25  kl +0.007
upd   28  steps   59392  sps 820  opp symm  loss -0.056  pg -0.0293  v 0.003  ev +0.85  adv_std 0.080  tR +0.33  ent[s/d/p/e] 1.76/2.14/1.02/0.58  emits 1.41  spf 27.7  z0 0.45  garr 34.7  tG 297  e2 0.32  nF 17.0  pS 0.34  ptS 0.33  fLog 0.46  pdΔ -0.1606  pkR 4.53  clip 0.14  kl +0.002
upd   29  steps   61440  sps 840  opp symm  loss -0.010  pg +0.0156  v 0.005  ev +0.75  adv_std 0.100  tR -0.33  ent[s/d/p/e] 1.75/2.12/1.01/0.57  emits 1.51  spf 27.5  z0 0.41  garr 33.3  tG 297  e2 0.37  nF 18.5  pS 0.35  ptS 0.34  fLog 0.47  pdΔ -0.1490  pkR 5.94  clip 0.17  kl +0.006
upd   30  steps   63488  sps 861  opp symm  loss -0.018  pg +0.0076  v 0.006  ev +0.78  adv_std 0.104  tR -1.00  ent[s/d/p/e] 1.76/2.13/1.02/0.59  emits 1.42  spf 28.7  z0 0.43  garr 35.4  tG 331  e2 0.34  nF 19.0  pS 0.36  ptS 0.35  fLog 0.47  pdΔ -0.1427  pkR 5.24  clip 0.27  kl +0.006
upd   31  steps   65536  sps 881  opp symm  loss +0.011  pg +0.0286  v 0.016  ev +0.55  adv_std 0.178  tR +0.22  ent[s/d/p/e] 1.55/2.01/1.05/0.49  emits 1.12  spf 24.1  z0 0.54  garr 22.3  tG 170  e2 0.26  nF 14.2  pS 0.24  ptS 0.23  fLog 0.45  pdΔ -0.2576  pkR 11.38  clip 0.21  kl +0.003
upd   32  steps   67584  sps 900  opp symm  loss +0.086  pg +0.1108  v 0.003  ev +0.86  adv_std 0.073  tR +0.33  ent[s/d/p/e] 1.58/2.00/1.05/0.50  emits 1.24  spf 22.6  z0 0.51  garr 20.7  tG 147  e2 0.29  nF 14.9  pS 0.24  ptS 0.23  fLog 0.44  pdΔ -0.2632  pkR 8.86  clip 0.17  kl +0.006
upd   33  steps   69632  sps 920  opp symm  loss -0.031  pg -0.0074  v 0.004  ev +0.87  adv_std 0.091  tR +0.33  ent[s/d/p/e] 1.54/1.95/1.05/0.53  emits 1.28  spf 22.5  z0 0.48  garr 20.2  tG 153  e2 0.30  nF 16.8  pS 0.26  ptS 0.25  fLog 0.44  pdΔ -0.2450  pkR 9.48  clip 0.12  kl +0.004
upd   34  steps   71680  sps 939  opp symm  loss -0.065  pg -0.0395  v 0.003  ev +0.94  adv_std 0.069  tR +0.00  ent[s/d/p/e] 1.62/2.00/1.04/0.55  emits 1.39  spf 22.8  z0 0.46  garr 21.2  tG 177  e2 0.33  nF 17.7  pS 0.28  ptS 0.27  fLog 0.44  pdΔ -0.2213  pkR 7.99  clip 0.18  kl +0.008
upd   35  steps   73728  sps 958  opp symm  loss -0.069  pg -0.0448  v 0.006  ev +0.88  adv_std 0.105  tR +0.00  ent[s/d/p/e] 1.63/2.00/1.02/0.54  emits 1.44  spf 22.9  z0 0.45  garr 22.4  tG 180  e2 0.34  nF 17.8  pS 0.28  ptS 0.27  fLog 0.44  pdΔ -0.2179  pkR 8.23  clip 0.16  kl +0.004
upd   36  steps   75776  sps 976  opp symm  loss +0.017  pg +0.0398  v 0.006  ev +0.86  adv_std 0.106  tR -0.20  ent[s/d/p/e] 1.61/1.99/1.02/0.55  emits 1.34  spf 21.2  z0 0.48  garr 21.9  tG 158  e2 0.31  nF 18.1  pS 0.26  ptS 0.26  fLog 0.43  pdΔ -0.2360  pkR 8.00  clip 0.19  kl +0.005
upd   37  steps   77824  sps 994  opp symm  loss -0.004  pg +0.0218  v 0.004  ev +0.93  adv_std 0.084  tR +0.33  ent[s/d/p/e] 1.66/2.07/1.05/0.56  emits 1.23  spf 24.4  z0 0.50  garr 23.1  tG 181  e2 0.29  nF 16.8  pS 0.27  ptS 0.27  fLog 0.45  pdΔ -0.2280  pkR 8.10  clip 0.17  kl +0.005
upd   38  steps   79872  sps 1012  opp symm  loss -0.029  pg -0.0046  v 0.006  ev +0.91  adv_std 0.104  tR +1.00  ent[s/d/p/e] 1.67/2.07/1.05/0.56  emits 1.28  spf 23.6  z0 0.49  garr 23.0  tG 198  e2 0.29  nF 16.3  pS 0.28  ptS 0.27  fLog 0.45  pdΔ -0.2231  pkR 16.80  clip 0.16  kl +0.004
upd   39  steps   81920  sps 1029  opp symm  loss -0.020  pg +0.0062  v 0.003  ev +0.96  adv_std 0.070  tR -0.20  ent[s/d/p/e] 1.71/2.08/1.07/0.56  emits 1.31  spf 23.5  z0 0.48  garr 24.8  tG 238  e2 0.29  nF 17.2  pS 0.29  ptS 0.28  fLog 0.45  pdΔ -0.2142  pkR 23.36  clip 0.16  kl +0.005
upd   40  steps   83968  sps 1047  opp symm  loss -0.009  pg +0.0160  v 0.004  ev +0.94  adv_std 0.087  tR +0.20  ent[s/d/p/e] 1.68/2.06/1.05/0.54  emits 1.31  spf 23.1  z0 0.49  garr 21.6  tG 164  e2 0.29  nF 16.9  pS 0.27  ptS 0.26  fLog 0.45  pdΔ -0.2299  pkR 8.02  clip 0.14  kl +0.004
upd   41  steps   86016  sps 1063  opp symm  loss -0.059  pg -0.0338  v 0.005  ev +0.94  adv_std 0.095  tR -0.67  ent[s/d/p/e] 1.75/2.15/1.05/0.56  emits 1.24  spf 25.9  z0 0.50  garr 23.2  tG 193  e2 0.28  nF 16.0  pS 0.29  ptS 0.27  fLog 0.46  pdΔ -0.2137  pkR 8.23  clip 0.21  kl +0.005
upd   42  steps   88064  sps 1080  opp symm  loss -0.029  pg -0.0044  v 0.006  ev +0.93  adv_std 0.100  tR -0.33  ent[s/d/p/e] 1.74/2.15/1.06/0.56  emits 1.37  spf 26.5  z0 0.46  garr 24.8  tG 214  e2 0.30  nF 16.6  pS 0.31  ptS 0.30  fLog 0.46  pdΔ -0.1907  pkR 13.67  clip 0.17  kl +0.003
upd   43  steps   90112  sps 1097  opp symm  loss +0.006  pg +0.0315  v 0.004  ev +0.96  adv_std 0.089  tR +0.33  ent[s/d/p/e] 1.77/2.16/1.05/0.56  emits 1.29  spf 24.3  z0 0.49  garr 23.2  tG 190  e2 0.29  nF 15.9  pS 0.31  ptS 0.30  fLog 0.46  pdΔ -0.1933  pkR 8.59  clip 0.23  kl +0.004
upd   44  steps   92160  sps 1113  opp symm  loss -0.016  pg +0.0092  v 0.005  ev +0.96  adv_std 0.092  tR -0.33  ent[s/d/p/e] 1.77/2.16/1.03/0.54  emits 1.34  spf 24.0  z0 0.48  garr 24.8  tG 236  e2 0.29  nF 16.7  pS 0.31  ptS 0.30  fLog 0.45  pdΔ -0.1860  pkR 16.51  clip 0.21  kl +0.008
upd   45  steps   94208  sps 1129  opp symm  loss -0.040  pg -0.0162  v 0.007  ev +0.94  adv_std 0.109  tR -0.33  ent[s/d/p/e] 1.83/2.22/0.99/0.54  emits 1.43  spf 24.3  z0 0.48  garr 23.1  tG 212  e2 0.30  nF 17.6  pS 0.31  ptS 0.31  fLog 0.46  pdΔ -0.1862  pkR 14.59  clip 0.19  kl +0.007
upd   46  steps   96256  sps 1144  opp symm  loss -0.060  pg -0.0401  v 0.014  ev +0.87  adv_std 0.162  tR -0.25  ent[s/d/p/e] 1.77/2.16/1.00/0.53  emits 1.42  spf 23.1  z0 0.49  garr 23.2  tG 220  e2 0.31  nF 17.2  pS 0.31  ptS 0.30  fLog 0.45  pdΔ -0.1904  pkR 15.91  clip 0.15  kl +0.003
upd   47  steps   98304  sps 1159  opp symm  loss +0.031  pg +0.0527  v 0.008  ev +0.88  adv_std 0.128  tR +0.67  ent[s/d/p/e] 1.64/2.07/0.99/0.52  emits 1.43  spf 23.0  z0 0.47  garr 22.3  tG 172  e2 0.31  nF 15.4  pS 0.27  ptS 0.26  fLog 0.45  pdΔ -0.2286  pkR 24.44  clip 0.29  kl +0.010
upd   48  steps  100352  sps 1174  opp symm  loss +0.029  pg +0.0545  v 0.004  ev +0.94  adv_std 0.088  tR +0.00  ent[s/d/p/e] 1.65/2.05/1.01/0.58  emits 1.46  spf 22.8  z0 0.46  garr 23.2  tG 184  e2 0.34  nF 17.1  pS 0.29  ptS 0.29  fLog 0.45  pdΔ -0.2066  pkR 11.97  clip 0.22  kl +0.003
upd   49  steps  102400  sps 1189  opp symm  loss -0.014  pg +0.0124  v 0.004  ev +0.95  adv_std 0.093  tR +0.20  ent[s/d/p/e] 1.79/2.20/1.03/0.58  emits 1.40  spf 26.1  z0 0.47  garr 27.1  tG 232  e2 0.32  nF 16.2  pS 0.32  ptS 0.32  fLog 0.47  pdΔ -0.1782  pkR 13.69  clip 0.16  kl +0.003
upd   50  steps  104448  sps 1204  opp symm  loss -0.010  pg +0.0147  v 0.006  ev +0.93  adv_std 0.106  tR +0.60  ent[s/d/p/e] 1.84/2.26/0.98/0.57  emits 1.56  spf 26.6  z0 0.45  garr 29.0  tG 272  e2 0.35  nF 16.8  pS 0.35  ptS 0.34  fLog 0.47  pdΔ -0.1525  pkR 15.31  clip 0.20  kl +0.004
upd   51  steps  106496  sps 1219  opp symm  loss +0.005  pg +0.0319  v 0.004  ev +0.94  adv_std 0.091  tR +0.43  ent[s/d/p/e] 1.92/2.33/1.08/0.58  emits 1.32  spf 30.2  z0 0.49  garr 30.5  tG 270  e2 0.29  nF 15.5  pS 0.35  ptS 0.34  fLog 0.49  pdΔ -0.1534  pkR 15.22  clip 0.14  kl +0.003
upd   52  steps  108544  sps 1233  opp symm  loss -0.035  pg -0.0083  v 0.004  ev +0.94  adv_std 0.086  tR +0.60  ent[s/d/p/e] 1.92/2.34/1.07/0.56  emits 1.33  spf 30.0  z0 0.51  garr 30.5  tG 246  e2 0.30  nF 14.0  pS 0.34  ptS 0.33  fLog 0.49  pdΔ -0.1642  pkR 6.77  clip 0.13  kl +0.002
upd   53  steps  110592  sps 1247  opp symm  loss +0.005  pg +0.0332  v 0.003  ev +0.94  adv_std 0.081  tR -0.33  ent[s/d/p/e] 1.96/2.37/1.09/0.57  emits 1.33  spf 31.1  z0 0.50  garr 33.2  tG 272  e2 0.30  nF 15.1  pS 0.36  ptS 0.35  fLog 0.50  pdΔ -0.1418  pkR 6.42  clip 0.16  kl +0.006
upd   54  steps  112640  sps 1261  opp symm  loss -0.004  pg +0.0243  v 0.003  ev +0.95  adv_std 0.068  tR +0.33  ent[s/d/p/e] 1.98/2.38/1.07/0.58  emits 1.34  spf 30.8  z0 0.48  garr 35.3  tG 320  e2 0.29  nF 15.3  pS 0.38  ptS 0.37  fLog 0.50  pdΔ -0.1185  pkR 8.54  clip 0.20  kl +0.005
upd   55  steps  114688  sps 1275  opp symm  loss -0.008  pg +0.0197  v 0.005  ev +0.92  adv_std 0.095  tR +0.00  ent[s/d/p/e] 2.06/2.44/1.07/0.59  emits 1.41  spf 33.2  z0 0.48  garr 34.4  tG 326  e2 0.32  nF 16.6  pS 0.40  ptS 0.39  fLog 0.51  pdΔ -0.1006  pkR 8.18  clip 0.14  kl +0.006
upd   56  steps  116736  sps 1288  opp symm  loss -0.087  pg -0.0588  v 0.004  ev +0.95  adv_std 0.086  tR +0.25  ent[s/d/p/e] 2.17/2.50/1.02/0.56  emits 1.53  spf 32.0  z0 0.48  garr 33.5  tG 335  e2 0.33  nF 16.8  pS 0.42  ptS 0.40  fLog 0.50  pdΔ -0.0847  pkR 10.12  clip 0.19  kl +0.005
upd   57  steps  118784  sps 1301  opp symm  loss -0.045  pg -0.0175  v 0.004  ev +0.92  adv_std 0.090  tR -0.33  ent[s/d/p/e] 2.13/2.48/1.06/0.56  emits 1.32  spf 35.4  z0 0.53  garr 37.4  tG 361  e2 0.29  nF 15.8  pS 0.39  ptS 0.39  fLog 0.51  pdΔ -0.1084  pkR 6.16  clip 0.12  kl +0.005
upd   58  steps  120832  sps 1315  opp symm  loss +0.042  pg +0.0686  v 0.005  ev +0.90  adv_std 0.097  tR +0.43  ent[s/d/p/e] 2.08/2.46/1.05/0.54  emits 1.27  spf 34.7  z0 0.54  garr 37.6  tG 367  e2 0.27  nF 15.1  pS 0.37  ptS 0.37  fLog 0.50  pdΔ -0.1305  pkR 9.73  clip 0.18  kl +0.009
upd   59  steps  122880  sps 1327  opp symm  loss -0.072  pg -0.0452  v 0.006  ev +0.86  adv_std 0.107  tR +0.33  ent[s/d/p/e] 1.99/2.42/1.15/0.54  emits 1.16  spf 33.0  z0 0.59  garr 39.1  tG 356  e2 0.25  nF 14.6  pS 0.33  ptS 0.33  fLog 0.50  pdΔ -0.1722  pkR 13.90  clip 0.19  kl +0.009
upd   60  steps  124928  sps 1340  opp symm  loss -0.020  pg +0.0077  v 0.003  ev +0.92  adv_std 0.080  tR -0.33  ent[s/d/p/e] 1.92/2.35/1.11/0.55  emits 1.13  spf 32.1  z0 0.57  garr 39.3  tG 332  e2 0.25  nF 12.9  pS 0.33  ptS 0.33  fLog 0.50  pdΔ -0.1689  pkR 10.20  clip 0.14  kl +0.001
upd   61  steps  126976  sps 1353  opp symm  loss +0.012  pg +0.0376  v 0.007  ev +0.81  adv_std 0.114  tR +1.00  ent[s/d/p/e] 1.97/2.37/1.10/0.55  emits 1.27  spf 32.1  z0 0.56  garr 41.1  tG 333  e2 0.28  nF 14.2  pS 0.34  ptS 0.34  fLog 0.50  pdΔ -0.1568  pkR 13.66  clip 0.12  kl +0.005
upd   62  steps  129024  sps 1365  opp symm  loss +0.017  pg +0.0409  v 0.011  ev +0.72  adv_std 0.148  tR +0.27  ent[s/d/p/e] 1.83/2.32/1.17/0.56  emits 0.96  spf 32.1  z0 0.61  garr 40.0  tG 310  e2 0.21  nF 12.1  pS 0.31  ptS 0.30  fLog 0.50  pdΔ -0.1924  pkR 9.27  clip 0.22  kl +0.006
upd   63  steps  131072  sps 1377  opp symm  loss +0.038  pg +0.0654  v 0.003  ev +0.90  adv_std 0.073  tR -0.33  ent[s/d/p/e] 1.79/2.29/1.18/0.56  emits 0.96  spf 33.5  z0 0.61  garr 41.7  tG 258  e2 0.21  nF 10.0  pS 0.28  ptS 0.27  fLog 0.50  pdΔ -0.2205  pkR 9.73  clip 0.14  kl +0.005
upd   64  steps  133120  sps 1389  opp symm  loss -0.002  pg +0.0259  v 0.003  ev +0.91  adv_std 0.083  tR +1.00  ent[s/d/p/e] 1.80/2.33/1.24/0.59  emits 0.99  spf 31.2  z0 0.57  garr 38.7  tG 236  e2 0.23  nF 11.3  pS 0.30  ptS 0.29  fLog 0.51  pdΔ -0.2041  pkR 6.07  clip 0.10  kl +0.001
upd   65  steps  135168  sps 1401  opp symm  loss -0.066  pg -0.0372  v 0.002  ev +0.95  adv_std 0.068  tR -0.33  ent[s/d/p/e] 1.82/2.31/1.16/0.60  emits 1.08  spf 30.7  z0 0.55  garr 36.7  tG 269  e2 0.25  nF 12.3  pS 0.33  ptS 0.32  fLog 0.50  pdΔ -0.1696  pkR 10.12  clip 0.09  kl +0.002
upd   66  steps  137216  sps 1413  opp symm  loss -0.027  pg +0.0001  v 0.006  ev +0.89  adv_std 0.106  tR +0.20  ent[s/d/p/e] 1.84/2.32/1.16/0.59  emits 0.97  spf 34.3  z0 0.57  garr 37.6  tG 270  e2 0.23  nF 12.0  pS 0.32  ptS 0.32  fLog 0.51  pdΔ -0.1757  pkR 4.85  clip 0.18  kl +0.002
upd   67  steps  139264  sps 1425  opp symm  loss -0.053  pg -0.0268  v 0.007  ev +0.89  adv_std 0.115  tR +0.00  ent[s/d/p/e] 1.93/2.38/1.13/0.57  emits 1.02  spf 35.0  z0 0.59  garr 38.9  tG 279  e2 0.23  nF 11.2  pS 0.33  ptS 0.32  fLog 0.52  pdΔ -0.1700  pkR 6.23  clip 0.22  kl +0.006
upd   68  steps  141312  sps 1436  opp symm  loss -0.010  pg +0.0176  v 0.004  ev +0.94  adv_std 0.090  tR +0.20  ent[s/d/p/e] 1.92/2.38/1.17/0.56  emits 0.87  spf 36.3  z0 0.60  garr 40.8  tG 312  e2 0.20  nF 10.7  pS 0.32  ptS 0.32  fLog 0.53  pdΔ -0.1754  pkR 7.38  clip 0.10  kl +0.002
upd   69  steps  143360  sps 1447  opp symm  loss -0.026  pg +0.0025  v 0.003  ev +0.96  adv_std 0.074  tR -0.33  ent[s/d/p/e] 1.99/2.44/1.17/0.56  emits 0.87  spf 40.0  z0 0.62  garr 42.5  tG 309  e2 0.19  nF 10.0  pS 0.32  ptS 0.31  fLog 0.54  pdΔ -0.1816  pkR 6.86  clip 0.04  kl +0.000
upd   70  steps  145408  sps 1459  opp symm  loss +0.006  pg +0.0340  v 0.004  ev +0.95  adv_std 0.087  tR +0.00  ent[s/d/p/e] 2.00/2.45/1.19/0.55  emits 0.97  spf 38.0  z0 0.60  garr 41.0  tG 321  e2 0.20  nF 10.5  pS 0.33  ptS 0.32  fLog 0.53  pdΔ -0.1692  pkR 8.55  clip 0.12  kl +0.002
upd   71  steps  147456  sps 1470  opp symm  loss -0.032  pg -0.0040  v 0.004  ev +0.95  adv_std 0.083  tR -1.00  ent[s/d/p/e] 2.02/2.46/1.15/0.57  emits 1.00  spf 36.3  z0 0.60  garr 41.3  tG 344  e2 0.22  nF 11.5  pS 0.35  ptS 0.34  fLog 0.52  pdΔ -0.1458  pkR 10.37  clip 0.09  kl +0.002
upd   72  steps  149504  sps 1480  opp symm  loss -0.036  pg -0.0096  v 0.006  ev +0.90  adv_std 0.111  tR +0.71  ent[s/d/p/e] 1.91/2.37/1.17/0.57  emits 1.05  spf 33.7  z0 0.57  garr 40.1  tG 329  e2 0.23  nF 11.8  pS 0.34  ptS 0.33  fLog 0.51  pdΔ -0.1579  pkR 11.48  clip 0.10  kl +0.003
upd   73  steps  151552  sps 1491  opp symm  loss -0.030  pg -0.0030  v 0.005  ev +0.91  adv_std 0.100  tR +1.00  ent[s/d/p/e] 1.81/2.32/1.19/0.59  emits 0.93  spf 37.8  z0 0.58  garr 38.8  tG 271  e2 0.21  nF 10.0  pS 0.30  ptS 0.29  fLog 0.52  pdΔ -0.2024  pkR 6.17  clip 0.08  kl +0.001
upd   74  steps  153600  sps 1502  opp symm  loss +0.000  pg +0.0281  v 0.004  ev +0.94  adv_std 0.089  tR +0.33  ent[s/d/p/e] 1.78/2.32/1.21/0.59  emits 0.79  spf 35.0  z0 0.62  garr 37.9  tG 246  e2 0.18  nF 9.3  pS 0.28  ptS 0.28  fLog 0.52  pdΔ -0.2213  pkR 6.76  clip 0.10  kl +0.002
upd   75  steps  155648  sps 1512  opp symm  loss -0.080  pg -0.0515  v 0.004  ev +0.96  adv_std 0.088  tR +0.00  ent[s/d/p/e] 1.82/2.34/1.23/0.59  emits 0.78  spf 36.5  z0 0.63  garr 38.0  tG 253  e2 0.18  nF 9.0  pS 0.28  ptS 0.28  fLog 0.52  pdΔ -0.2172  pkR 6.22  clip 0.10  kl +0.001
upd   76  steps  157696  sps 1522  opp symm  loss -0.004  pg +0.0216  v 0.008  ev +0.90  adv_std 0.124  tR -0.14  ent[s/d/p/e] 1.82/2.36/1.21/0.58  emits 0.70  spf 35.9  z0 0.65  garr 39.3  tG 247  e2 0.16  nF 8.2  pS 0.27  ptS 0.27  fLog 0.53  pdΔ -0.2264  pkR 4.79  clip 0.12  kl +0.003
upd   77  steps  159744  sps 1533  opp symm  loss -0.022  pg +0.0056  v 0.005  ev +0.93  adv_std 0.104  tR +0.00  ent[s/d/p/e] 1.79/2.34/1.21/0.59  emits 0.76  spf 37.2  z0 0.62  garr 38.8  tG 254  e2 0.18  nF 8.1  pS 0.29  ptS 0.28  fLog 0.54  pdΔ -0.2146  pkR 4.34  clip 0.10  kl +0.001
upd   78  steps  161792  sps 1543  opp symm  loss -0.002  pg +0.0254  v 0.004  ev +0.94  adv_std 0.094  tR -0.14  ent[s/d/p/e] 1.74/2.28/1.25/0.58  emits 0.61  spf 38.0  z0 0.65  garr 42.3  tG 275  e2 0.14  nF 7.4  pS 0.27  ptS 0.27  fLog 0.54  pdΔ -0.2315  pkR 4.98  clip 0.13  kl +0.002
upd   79  steps  163840  sps 1553  opp symm  loss -0.057  pg -0.0277  v 0.003  ev +0.96  adv_std 0.077  tR -1.00  ent[s/d/p/e] 1.73/2.30/1.24/0.62  emits 0.61  spf 45.2  z0 0.64  garr 46.8  tG 323  e2 0.14  nF 6.6  pS 0.28  ptS 0.28  fLog 0.56  pdΔ -0.2173  pkR 5.34  clip 0.11  kl +0.005
upd   80  steps  165888  sps 1562  opp symm  loss -0.030  pg -0.0017  v 0.004  ev +0.95  adv_std 0.085  tR -0.33  ent[s/d/p/e] 1.79/2.33/1.25/0.61  emits 0.78  spf 44.2  z0 0.59  garr 44.3  tG 327  e2 0.19  nF 8.2  pS 0.32  ptS 0.32  fLog 0.55  pdΔ -0.1827  pkR 5.14  clip 0.13  kl +0.006
upd   81  steps  167936  sps 1572  opp symm  loss -0.020  pg +0.0077  v 0.006  ev +0.92  adv_std 0.110  tR +0.20  ent[s/d/p/e] 1.89/2.38/1.21/0.62  emits 0.87  spf 43.1  z0 0.57  garr 44.8  tG 346  e2 0.21  nF 9.9  pS 0.35  ptS 0.35  fLog 0.55  pdΔ -0.1483  pkR 3.68  clip 0.11  kl +0.006
upd   82  steps  169984  sps 1582  opp symm  loss -0.042  pg -0.0130  v 0.004  ev +0.96  adv_std 0.086  tR +0.00  ent[s/d/p/e] 1.88/2.38/1.24/0.61  emits 0.97  spf 40.1  z0 0.56  garr 42.7  tG 349  e2 0.23  nF 10.2  pS 0.36  ptS 0.35  fLog 0.55  pdΔ -0.1378  pkR 7.55  clip 0.11  kl +0.005
upd   83  steps  172032  sps 1591  opp symm  loss -0.054  pg -0.0250  v 0.004  ev +0.95  adv_std 0.092  tR +0.20  ent[s/d/p/e] 1.96/2.43/1.23/0.60  emits 1.03  spf 44.3  z0 0.55  garr 44.2  tG 350  e2 0.24  nF 11.0  pS 0.36  ptS 0.35  fLog 0.56  pdΔ -0.1386  pkR 6.59  clip 0.13  kl +0.002
upd   84  steps  174080  sps 1601  opp symm  loss -0.037  pg -0.0082  v 0.005  ev +0.94  adv_std 0.105  tR +0.60  ent[s/d/p/e] 2.01/2.48/1.20/0.59  emits 0.94  spf 42.9  z0 0.59  garr 44.1  tG 346  e2 0.21  nF 10.2  pS 0.36  ptS 0.35  fLog 0.56  pdΔ -0.1438  pkR 7.50  clip 0.09  kl +0.001
upd   85  steps  176128  sps 1610  opp symm  loss -0.007  pg +0.0221  v 0.003  ev +0.96  adv_std 0.080  tR -0.20  ent[s/d/p/e] 2.05/2.53/1.22/0.58  emits 0.97  spf 40.8  z0 0.59  garr 46.7  tG 385  e2 0.21  nF 10.6  pS 0.37  ptS 0.36  fLog 0.55  pdΔ -0.1330  pkR 11.36  clip 0.11  kl +0.001
upd   86  steps  178176  sps 1619  opp symm  loss -0.022  pg +0.0064  v 0.004  ev +0.95  adv_std 0.094  tR +0.00  ent[s/d/p/e] 2.00/2.49/1.20/0.58  emits 0.82  spf 45.9  z0 0.63  garr 49.8  tG 397  e2 0.19  nF 9.0  pS 0.36  ptS 0.36  fLog 0.57  pdΔ -0.1408  pkR 5.95  clip 0.11  kl +0.006
upd   87  steps  180224  sps 1628  opp symm  loss -0.037  pg -0.0077  v 0.003  ev +0.96  adv_std 0.080  tR -0.20  ent[s/d/p/e] 2.08/2.51/1.20/0.59  emits 0.84  spf 47.2  z0 0.61  garr 51.2  tG 411  e2 0.19  nF 8.4  pS 0.36  ptS 0.36  fLog 0.57  pdΔ -0.1381  pkR 6.86  clip 0.09  kl +0.002
upd   88  steps  182272  sps 1637  opp symm  loss +0.015  pg +0.0427  v 0.006  ev +0.90  adv_std 0.108  tR +0.67  ent[s/d/p/e] 1.96/2.46/1.21/0.57  emits 0.69  spf 48.0  z0 0.66  garr 53.8  tG 425  e2 0.15  nF 7.2  pS 0.34  ptS 0.33  fLog 0.57  pdΔ -0.1615  pkR 6.04  clip 0.20  kl +0.004
upd   89  steps  184320  sps 1646  opp symm  loss +0.007  pg +0.0344  v 0.005  ev +0.92  adv_std 0.099  tR -0.60  ent[s/d/p/e] 1.89/2.44/1.22/0.56  emits 0.58  spf 55.9  z0 0.69  garr 56.6  tG 415  e2 0.13  nF 6.1  pS 0.31  ptS 0.30  fLog 0.59  pdΔ -0.1899  pkR 6.40  clip 0.08  kl +0.002
upd   90  steps  186368  sps 1654  opp symm  loss -0.017  pg +0.0115  v 0.004  ev +0.93  adv_std 0.090  tR +0.00  ent[s/d/p/e] 1.96/2.47/1.24/0.57  emits 0.66  spf 58.6  z0 0.67  garr 59.1  tG 428  e2 0.15  nF 6.2  pS 0.32  ptS 0.32  fLog 0.60  pdΔ -0.1764  pkR 5.46  clip 0.11  kl +0.005
upd   91  steps  188416  sps 1663  opp symm  loss -0.015  pg +0.0113  v 0.008  ev +0.89  adv_std 0.125  tR +0.14  ent[s/d/p/e] 1.92/2.49/1.23/0.55  emits 0.47  spf 63.3  z0 0.72  garr 66.5  tG 472  e2 0.10  nF 5.0  pS 0.32  ptS 0.31  fLog 0.61  pdΔ -0.1788  pkR 4.27  clip 0.07  kl +0.000
upd   92  steps  190464  sps 1672  opp symm  loss -0.059  pg -0.0306  v 0.003  ev +0.96  adv_std 0.078  tR +0.20  ent[s/d/p/e] 1.91/2.48/1.25/0.56  emits 0.51  spf 61.1  z0 0.72  garr 69.1  tG 467  e2 0.11  nF 4.4  pS 0.31  ptS 0.30  fLog 0.61  pdΔ -0.1929  pkR 3.95  clip 0.10  kl +0.003
upd   93  steps  192512  sps 1680  opp symm  loss -0.029  pg +0.0000  v 0.004  ev +0.95  adv_std 0.091  tR -0.67  ent[s/d/p/e] 1.89/2.47/1.29/0.57  emits 0.55  spf 55.9  z0 0.70  garr 67.9  tG 466  e2 0.12  nF 5.2  pS 0.32  ptS 0.31  fLog 0.60  pdΔ -0.1814  pkR 4.26  clip 0.07  kl +0.002
upd   94  steps  194560  sps 1688  opp symm  loss -0.027  pg +0.0018  v 0.004  ev +0.96  adv_std 0.085  tR +0.00  ent[s/d/p/e] 1.86/2.49/1.27/0.57  emits 0.59  spf 62.1  z0 0.68  garr 64.7  tG 457  e2 0.13  nF 5.3  pS 0.33  ptS 0.32  fLog 0.61  pdΔ -0.1739  pkR 3.97  clip 0.11  kl -0.000
upd   95  steps  196608  sps 1697  opp symm  loss -0.038  pg -0.0092  v 0.003  ev +0.97  adv_std 0.082  tR +0.33  ent[s/d/p/e] 1.93/2.47/1.21/0.56  emits 0.59  spf 56.0  z0 0.69  garr 66.5  tG 519  e2 0.13  nF 5.8  pS 0.35  ptS 0.35  fLog 0.60  pdΔ -0.1463  pkR 7.40  clip 0.09  kl +0.002
upd   96  steps  198656  sps 1705  opp symm  loss +0.024  pg +0.0514  v 0.006  ev +0.96  adv_std 0.108  tR -1.00  ent[s/d/p/e] 1.95/2.47/1.23/0.56  emits 0.64  spf 58.8  z0 0.67  garr 66.4  tG 507  e2 0.15  nF 6.3  pS 0.34  ptS 0.34  fLog 0.60  pdΔ -0.1617  pkR 4.27  clip 0.07  kl +0.004
upd   97  steps  200704  sps 1713  opp symm  loss -0.040  pg -0.0114  v 0.003  ev +0.97  adv_std 0.082  tR +0.00  ent[s/d/p/e] 1.96/2.47/1.23/0.53  emits 0.56  spf 58.6  z0 0.71  garr 64.9  tG 493  e2 0.12  nF 6.0  pS 0.32  ptS 0.32  fLog 0.60  pdΔ -0.1814  pkR 4.80  clip 0.10  kl +0.002
upd   98  steps  202752  sps 1721  opp symm  loss +0.006  pg +0.0330  v 0.004  ev +0.96  adv_std 0.094  tR +0.00  ent[s/d/p/e] 1.96/2.48/1.24/0.51  emits 0.46  spf 68.2  z0 0.74  garr 69.4  tG 521  e2 0.11  nF 4.7  pS 0.31  ptS 0.31  fLog 0.62  pdΔ -0.1921  pkR 4.59  clip 0.14  kl +0.004
[eval_vs_v20] u99 tag=train_u99  bin0=0.0%  spf=0.00  garr=128.50  flip=0.00%  z0=71.9%  e8=0.0%  e2+=0.0%  WLD=0/3/0
upd   99  steps  204800  sps 1729  opp symm  loss -0.017  pg +0.0095  v 0.006  ev +0.95  adv_std 0.105  tR -0.67  ent[s/d/p/e] 1.89/2.43/1.23/0.53  emits 0.44  spf 66.6  z0 0.75  garr 72.5  tG 523  e2 0.09  nF 4.4  pS 0.29  ptS 0.30  fLog 0.62  pdΔ -0.2063  pkR 4.19  clip 0.08  kl +0.004 WRr 0.12 v20[spf 0.0 flip 0.0% e2+ 0.0%]
upd  100  steps  206848  sps 959  opp symm  loss +0.006  pg +0.0326  v 0.006  ev +0.94  adv_std 0.113  tR -0.60  ent[s/d/p/e] 1.97/2.51/1.24/0.53  emits 0.56  spf 60.9  z0 0.73  garr 65.0  tG 451  e2 0.12  nF 5.0  pS 0.28  ptS 0.28  fLog 0.60  pdΔ -0.2181  pkR 4.90  clip 0.07  kl +0.002
upd  101  steps  208896  sps 966  opp symm  loss -0.020  pg +0.0072  v 0.005  ev +0.95  adv_std 0.096  tR -0.11  ent[s/d/p/e] 1.83/2.43/1.22/0.52  emits 0.41  spf 59.3  z0 0.75  garr 64.9  tG 452  e2 0.08  nF 4.0  pS 0.28  ptS 0.28  fLog 0.60  pdΔ -0.2184  pkR 4.69  clip 0.05  kl +0.001
upd  102  steps  210944  sps 972  opp symm  loss -0.051  pg -0.0226  v 0.003  ev +0.96  adv_std 0.078  tR +0.33  ent[s/d/p/e] 1.91/2.51/1.25/0.52  emits 0.49  spf 65.7  z0 0.73  garr 73.8  tG 517  e2 0.10  nF 4.2  pS 0.30  ptS 0.29  fLog 0.61  pdΔ -0.2042  pkR 4.65  clip 0.10  kl +0.004
upd  103  steps  212992  sps 979  opp symm  loss -0.005  pg +0.0207  v 0.008  ev +0.91  adv_std 0.124  tR +0.50  ent[s/d/p/e] 1.74/2.40/1.24/0.52  emits 0.40  spf 70.1  z0 0.76  garr 76.5  tG 520  e2 0.09  nF 3.8  pS 0.28  ptS 0.28  fLog 0.63  pdΔ -0.2173  pkR 5.02  clip 0.10  kl +0.005
upd  104  steps  215040  sps 985  opp symm  loss -0.012  pg +0.0150  v 0.004  ev +0.95  adv_std 0.091  tR -1.00  ent[s/d/p/e] 1.64/2.40/1.34/0.53  emits 0.34  spf 81.9  z0 0.76  garr 85.8  tG 595  e2 0.07  nF 3.1  pS 0.28  ptS 0.28  fLog 0.65  pdΔ -0.2191  pkR 5.31  clip 0.08  kl +0.001
upd  105  steps  217088  sps 992  opp symm  loss -0.078  pg -0.0520  v 0.006  ev +0.94  adv_std 0.105  tR -0.60  ent[s/d/p/e] 1.68/2.44/1.24/0.50  emits 0.37  spf 81.8  z0 0.76  garr 91.4  tG 641  e2 0.08  nF 3.1  pS 0.29  ptS 0.28  fLog 0.65  pdΔ -0.2136  pkR 5.49  clip 0.09  kl +0.005
upd  106  steps  219136  sps 998  opp symm  loss -0.050  pg -0.0225  v 0.005  ev +0.96  adv_std 0.100  tR +0.00  ent[s/d/p/e] 1.77/2.48/1.33/0.53  emits 0.42  spf 82.4  z0 0.74  garr 94.2  tG 662  e2 0.09  nF 3.4  pS 0.30  ptS 0.29  fLog 0.64  pdΔ -0.2007  pkR 4.73  clip 0.09  kl +0.002
upd  107  steps  221184  sps 1004  opp symm  loss -0.012  pg +0.0144  v 0.006  ev +0.95  adv_std 0.111  tR +0.20  ent[s/d/p/e] 1.68/2.47/1.30/0.51  emits 0.35  spf 81.1  z0 0.77  garr 96.8  tG 660  e2 0.07  nF 3.5  pS 0.28  ptS 0.27  fLog 0.65  pdΔ -0.2171  pkR 5.23  clip 0.08  kl +0.005
upd  108  steps  223232  sps 1011  opp symm  loss -0.041  pg -0.0176  v 0.009  ev +0.92  adv_std 0.134  tR -0.67  ent[s/d/p/e] 1.52/2.31/1.31/0.49  emits 0.31  spf 71.9  z0 0.79  garr 107.2  tG 743  e2 0.06  nF 3.0  pS 0.29  ptS 0.28  fLog 0.62  pdΔ -0.2141  pkR 4.92  clip 0.06  kl -0.001
upd  109  steps  225280  sps 1017  opp symm  loss -0.016  pg +0.0069  v 0.010  ev +0.92  adv_std 0.135  tR +0.67  ent[s/d/p/e] 1.48/2.32/1.35/0.47  emits 0.29  spf 77.6  z0 0.79  garr 116.1  tG 839  e2 0.06  nF 3.3  pS 0.29  ptS 0.28  fLog 0.62  pdΔ -0.2144  pkR 4.97  clip 0.04  kl +0.002
upd  110  steps  227328  sps 1023  opp symm  loss -0.059  pg -0.0337  v 0.004  ev +0.97  adv_std 0.088  tR +1.00  ent[s/d/p/e] 1.54/2.34/1.30/0.44  emits 0.24  spf 82.1  z0 0.82  garr 129.7  tG 943  e2 0.04  nF 2.9  pS 0.29  ptS 0.28  fLog 0.63  pdΔ -0.2143  pkR 5.00  clip 0.07  kl +0.001
upd  111  steps  229376  sps 1030  opp symm  loss -0.014  pg +0.0136  v 0.005  ev +0.96  adv_std 0.097  tR -0.50  ent[s/d/p/e] 1.76/2.45/1.37/0.50  emits 0.36  spf 91.9  z0 0.77  garr 134.4  tG 992  e2 0.07  nF 3.3  pS 0.30  ptS 0.29  fLog 0.65  pdΔ -0.1964  pkR 4.99  clip 0.05  kl +0.000
upd  112  steps  231424  sps 1036  opp symm  loss -0.070  pg -0.0423  v 0.003  ev +0.98  adv_std 0.077  tR -0.67  ent[s/d/p/e] 1.72/2.45/1.36/0.48  emits 0.27  spf 101.8  z0 0.82  garr 137.8  tG 1018  e2 0.05  nF 2.8  pS 0.31  ptS 0.29  fLog 0.66  pdΔ -0.1920  pkR 5.06  clip 0.08  kl +0.001
upd  113  steps  233472  sps 1042  opp symm  loss -0.038  pg -0.0118  v 0.005  ev +0.95  adv_std 0.101  tR -0.50  ent[s/d/p/e] 1.78/2.52/1.35/0.43  emits 0.28  spf 88.3  z0 0.80  garr 145.7  tG 1068  e2 0.05  nF 2.7  pS 0.31  ptS 0.30  fLog 0.64  pdΔ -0.1890  pkR 4.53  clip 0.09  kl +0.003
upd  114  steps  235520  sps 1048  opp symm  loss -0.035  pg -0.0086  v 0.006  ev +0.94  adv_std 0.105  tR +0.50  ent[s/d/p/e] 1.71/2.49/1.33/0.49  emits 0.29  spf 98.8  z0 0.81  garr 145.7  tG 1081  e2 0.06  nF 2.9  pS 0.31  ptS 0.30  fLog 0.66  pdΔ -0.1923  pkR 5.22  clip 0.10  kl +0.004
upd  115  steps  237568  sps 1054  opp symm  loss -0.029  pg -0.0048  v 0.010  ev +0.91  adv_std 0.141  tR +0.20  ent[s/d/p/e] 1.69/2.45/1.35/0.47  emits 0.32  spf 106.3  z0 0.78  garr 137.8  tG 1045  e2 0.06  nF 2.8  pS 0.30  ptS 0.29  fLog 0.67  pdΔ -0.2047  pkR 5.27  clip 0.14  kl +0.005
upd  116  steps  239616  sps 1060  opp symm  loss -0.024  pg -0.0005  v 0.013  ev +0.90  adv_std 0.159  tR -0.43  ent[s/d/p/e] 1.74/2.43/1.37/0.53  emits 0.35  spf 94.0  z0 0.78  garr 117.1  tG 863  e2 0.07  nF 3.5  pS 0.29  ptS 0.28  fLog 0.65  pdΔ -0.2106  pkR 6.33  clip 0.16  kl +0.008
upd  117  steps  241664  sps 1066  opp symm  loss -0.015  pg +0.0110  v 0.006  ev +0.95  adv_std 0.111  tR +0.00  ent[s/d/p/e] 1.71/2.44/1.31/0.49  emits 0.34  spf 82.8  z0 0.78  garr 107.1  tG 792  e2 0.07  nF 3.4  pS 0.28  ptS 0.27  fLog 0.64  pdΔ -0.2207  pkR 6.12  clip 0.10  kl +0.001
upd  118  steps  243712  sps 1072  opp symm  loss -0.000  pg +0.0252  v 0.008  ev +0.94  adv_std 0.128  tR -0.50  ent[s/d/p/e] 1.72/2.39/1.32/0.55  emits 0.40  spf 82.3  z0 0.74  garr 99.0  tG 772  e2 0.08  nF 3.9  pS 0.31  ptS 0.30  fLog 0.63  pdΔ -0.1894  pkR 6.02  clip 0.10  kl +0.003
upd  119  steps  245760  sps 1078  opp symm  loss -0.002  pg +0.0229  v 0.009  ev +0.93  adv_std 0.135  tR +0.20  ent[s/d/p/e] 1.80/2.45/1.31/0.52  emits 0.41  spf 78.4  z0 0.75  garr 85.9  tG 654  e2 0.08  nF 4.6  pS 0.31  ptS 0.31  fLog 0.65  pdΔ -0.1877  pkR 4.82  clip 0.09  kl +0.002
upd  120  steps  247808  sps 1084  opp symm  loss -0.002  pg +0.0257  v 0.006  ev +0.95  adv_std 0.106  tR +0.50  ent[s/d/p/e] 1.86/2.45/1.40/0.52  emits 0.38  spf 72.3  z0 0.77  garr 88.9  tG 706  e2 0.08  nF 4.0  pS 0.33  ptS 0.32  fLog 0.64  pdΔ -0.1740  pkR 4.13  clip 0.04  kl -0.001
upd  121  steps  249856  sps 1090  opp symm  loss -0.077  pg -0.0488  v 0.005  ev +0.96  adv_std 0.100  tR +1.00  ent[s/d/p/e] 1.91/2.45/1.41/0.51  emits 0.36  spf 81.3  z0 0.77  garr 92.2  tG 715  e2 0.08  nF 4.0  pS 0.33  ptS 0.33  fLog 0.66  pdΔ -0.1660  pkR 3.97  clip 0.07  kl +0.005
upd  122  steps  251904  sps 1096  opp symm  loss -0.005  pg +0.0213  v 0.008  ev +0.93  adv_std 0.128  tR +0.33  ent[s/d/p/e] 1.88/2.43/1.36/0.51  emits 0.41  spf 75.3  z0 0.76  garr 96.2  tG 752  e2 0.08  nF 4.0  pS 0.34  ptS 0.33  fLog 0.65  pdΔ -0.1639  pkR 4.59  clip 0.09  kl +0.003
upd  123  steps  253952  sps 1102  opp symm  loss +0.020  pg +0.0471  v 0.006  ev +0.95  adv_std 0.108  tR +0.00  ent[s/d/p/e] 1.87/2.41/1.33/0.53  emits 0.44  spf 74.1  z0 0.73  garr 93.6  tG 714  e2 0.09  nF 4.2  pS 0.33  ptS 0.32  fLog 0.63  pdΔ -0.1707  pkR 5.10  clip 0.09  kl +0.002
upd  124  steps  256000  sps 1107  opp symm  loss -0.022  pg +0.0050  v 0.006  ev +0.95  adv_std 0.106  tR -0.20  ent[s/d/p/e] 1.86/2.41/1.36/0.51  emits 0.40  spf 79.7  z0 0.75  garr 90.0  tG 686  e2 0.08  nF 4.4  pS 0.33  ptS 0.32  fLog 0.65  pdΔ -0.1710  pkR 4.16  clip 0.06  kl +0.002
upd  125  steps  258048  sps 1113  opp symm  loss -0.026  pg +0.0022  v 0.002  ev +0.97  adv_std 0.068  tR +0.00  ent[s/d/p/e] 1.75/2.36/1.39/0.51  emits 0.43  spf 72.5  z0 0.73  garr 86.8  tG 644  e2 0.09  nF 4.1  pS 0.31  ptS 0.31  fLog 0.63  pdΔ -0.1895  pkR 5.27  clip 0.07  kl +0.000
upd  126  steps  260096  sps 1119  opp symm  loss -0.025  pg +0.0008  v 0.007  ev +0.92  adv_std 0.120  tR -0.50  ent[s/d/p/e] 1.81/2.42/1.38/0.49  emits 0.36  spf 81.3  z0 0.77  garr 97.3  tG 733  e2 0.07  nF 3.4  pS 0.33  ptS 0.32  fLog 0.66  pdΔ -0.1720  pkR 3.50  clip 0.09  kl +0.002
upd  127  steps  262144  sps 1124  opp symm  loss -0.042  pg -0.0131  v 0.004  ev +0.97  adv_std 0.084  tR -1.00  ent[s/d/p/e] 1.88/2.44/1.38/0.52  emits 0.42  spf 75.7  z0 0.77  garr 102.6  tG 786  e2 0.08  nF 3.9  pS 0.33  ptS 0.33  fLog 0.65  pdΔ -0.1676  pkR 3.41  clip 0.06  kl +0.002
upd  128  steps  264192  sps 1130  opp symm  loss -0.030  pg -0.0041  v 0.009  ev +0.92  adv_std 0.136  tR +0.00  ent[s/d/p/e] 1.88/2.44/1.35/0.52  emits 0.46  spf 72.7  z0 0.74  garr 98.2  tG 738  e2 0.09  nF 4.6  pS 0.32  ptS 0.32  fLog 0.64  pdΔ -0.1771  pkR 3.82  clip 0.09  kl +0.003
upd  129  steps  266240  sps 1136  opp symm  loss -0.056  pg -0.0308  v 0.009  ev +0.92  adv_std 0.132  tR -0.20  ent[s/d/p/e] 1.81/2.38/1.33/0.52  emits 0.37  spf 66.8  z0 0.78  garr 100.9  tG 776  e2 0.07  nF 4.0  pS 0.33  ptS 0.33  fLog 0.63  pdΔ -0.1730  pkR 5.41  clip 0.07  kl +0.006
upd  130  steps  268288  sps 1141  opp symm  loss -0.020  pg +0.0054  v 0.007  ev +0.95  adv_std 0.116  tR +0.33  ent[s/d/p/e] 1.82/2.30/1.23/0.54  emits 0.47  spf 73.0  z0 0.72  garr 95.8  tG 743  e2 0.10  nF 4.3  pS 0.33  ptS 0.33  fLog 0.62  pdΔ -0.1703  pkR 5.30  clip 0.08  kl +0.002
upd  131  steps  270336  sps 1147  opp symm  loss -0.029  pg -0.0034  v 0.004  ev +0.97  adv_std 0.090  tR +0.20  ent[s/d/p/e] 1.72/2.26/1.22/0.51  emits 0.40  spf 71.2  z0 0.75  garr 99.2  tG 741  e2 0.08  nF 4.3  pS 0.32  ptS 0.32  fLog 0.62  pdΔ -0.1780  pkR 4.06  clip 0.12  kl +0.007
upd  132  steps  272384  sps 1152  opp symm  loss -0.009  pg +0.0162  v 0.006  ev +0.96  adv_std 0.109  tR +0.00  ent[s/d/p/e] 1.63/2.21/1.20/0.53  emits 0.41  spf 64.1  z0 0.75  garr 95.3  tG 684  e2 0.08  nF 4.1  pS 0.30  ptS 0.30  fLog 0.60  pdΔ -0.1955  pkR 4.39  clip 0.09  kl +0.003
upd  133  steps  274432  sps 1158  opp symm  loss -0.038  pg -0.0115  v 0.006  ev +0.96  adv_std 0.111  tR -1.00  ent[s/d/p/e] 1.76/2.26/1.23/0.56  emits 0.55  spf 56.4  z0 0.70  garr 93.7  tG 689  e2 0.12  nF 4.9  pS 0.32  ptS 0.32  fLog 0.59  pdΔ -0.1751  pkR 5.42  clip 0.06  kl +0.002
upd  134  steps  276480  sps 1163  opp symm  loss -0.014  pg +0.0119  v 0.006  ev +0.96  adv_std 0.113  tR +0.00  ent[s/d/p/e] 1.69/2.25/1.27/0.57  emits 0.61  spf 56.0  z0 0.66  garr 75.8  tG 563  e2 0.13  nF 6.1  pS 0.31  ptS 0.31  fLog 0.59  pdΔ -0.1858  pkR 7.88  clip 0.08  kl +0.003
upd  135  steps  278528  sps 1169  opp symm  loss -0.034  pg -0.0068  v 0.006  ev +0.96  adv_std 0.105  tR -0.33  ent[s/d/p/e] 1.61/2.24/1.32/0.58  emits 0.61  spf 49.6  z0 0.67  garr 55.8  tG 391  e2 0.14  nF 6.5  pS 0.30  ptS 0.29  fLog 0.58  pdΔ -0.2013  pkR 6.18  clip 0.09  kl +0.003
upd  136  steps  280576  sps 1174  opp symm  loss -0.019  pg +0.0079  v 0.005  ev +0.97  adv_std 0.098  tR +0.00  ent[s/d/p/e] 1.76/2.20/1.25/0.57  emits 0.67  spf 43.5  z0 0.67  garr 60.7  tG 447  e2 0.15  nF 7.5  pS 0.32  ptS 0.31  fLog 0.56  pdΔ -0.1805  pkR 5.81  clip 0.10  kl +0.006
upd  137  steps  282624  sps 1180  opp symm  loss -0.029  pg -0.0031  v 0.008  ev +0.93  adv_std 0.125  tR +0.20  ent[s/d/p/e] 1.78/2.26/1.33/0.58  emits 0.71  spf 50.7  z0 0.65  garr 64.9  tG 507  e2 0.17  nF 7.3  pS 0.34  ptS 0.33  fLog 0.58  pdΔ -0.1592  pkR 5.77  clip 0.11  kl +0.001
upd  138  steps  284672  sps 1185  opp symm  loss -0.010  pg +0.0154  v 0.008  ev +0.93  adv_std 0.127  tR +0.20  ent[s/d/p/e] 1.71/2.20/1.33/0.57  emits 0.65  spf 48.7  z0 0.67  garr 61.1  tG 469  e2 0.14  nF 7.0  pS 0.33  ptS 0.33  fLog 0.58  pdΔ -0.1677  pkR 5.92  clip 0.07  kl +0.002
upd  139  steps  286720  sps 1190  opp symm  loss -0.002  pg +0.0238  v 0.007  ev +0.93  adv_std 0.116  tR -1.00  ent[s/d/p/e] 1.79/2.24/1.29/0.55  emits 0.62  spf 51.6  z0 0.68  garr 65.6  tG 509  e2 0.13  nF 6.4  pS 0.34  ptS 0.33  fLog 0.59  pdΔ -0.1646  pkR 5.49  clip 0.08  kl -0.000
upd  140  steps  288768  sps 1195  opp symm  loss +0.006  pg +0.0306  v 0.010  ev +0.90  adv_std 0.140  tR +0.43  ent[s/d/p/e] 1.75/2.22/1.33/0.57  emits 0.57  spf 53.8  z0 0.68  garr 73.6  tG 566  e2 0.13  nF 5.8  pS 0.33  ptS 0.32  fLog 0.60  pdΔ -0.1682  pkR 5.97  clip 0.09  kl +0.004
upd  141  steps  290816  sps 1201  opp symm  loss -0.002  pg +0.0256  v 0.005  ev +0.94  adv_std 0.103  tR +0.00  ent[s/d/p/e] 1.72/2.23/1.32/0.59  emits 0.65  spf 55.2  z0 0.66  garr 67.1  tG 510  e2 0.14  nF 6.1  pS 0.33  ptS 0.33  fLog 0.60  pdΔ -0.1665  pkR 4.46  clip 0.17  kl +0.004
upd  142  steps  292864  sps 1206  opp symm  loss -0.020  pg +0.0055  v 0.009  ev +0.92  adv_std 0.136  tR +0.00  ent[s/d/p/e] 1.73/2.18/1.30/0.60  emits 0.68  spf 54.6  z0 0.63  garr 60.0  tG 485  e2 0.15  nF 6.2  pS 0.34  ptS 0.34  fLog 0.60  pdΔ -0.1556  pkR 3.42  clip 0.11  kl +0.004
upd  143  steps  294912  sps 1211  opp symm  loss -0.010  pg +0.0169  v 0.007  ev +0.94  adv_std 0.115  tR +0.20  ent[s/d/p/e] 1.71/2.19/1.32/0.61  emits 0.63  spf 52.1  z0 0.64  garr 61.6  tG 488  e2 0.14  nF 5.9  pS 0.34  ptS 0.33  fLog 0.59  pdΔ -0.1644  pkR 3.85  clip 0.08  kl +0.003
upd  144  steps  296960  sps 1216  opp symm  loss -0.010  pg +0.0163  v 0.006  ev +0.95  adv_std 0.113  tR +0.33  ent[s/d/p/e] 1.62/2.08/1.29/0.60  emits 0.63  spf 49.2  z0 0.64  garr 60.9  tG 474  e2 0.14  nF 6.0  pS 0.32  ptS 0.32  fLog 0.58  pdΔ -0.1750  pkR 4.45  clip 0.11  kl +0.004
upd  145  steps  299008  sps 1221  opp symm  loss -0.016  pg +0.0112  v 0.005  ev +0.96  adv_std 0.099  tR +0.00  ent[s/d/p/e] 1.61/2.12/1.32/0.61  emits 0.65  spf 52.2  z0 0.64  garr 58.2  tG 451  e2 0.15  nF 6.6  pS 0.32  ptS 0.32  fLog 0.58  pdΔ -0.1848  pkR 6.11  clip 0.10  kl +0.004
upd  146  steps  301056  sps 1227  opp symm  loss +0.019  pg +0.0466  v 0.005  ev +0.96  adv_std 0.103  tR -1.00  ent[s/d/p/e] 1.66/2.11/1.34/0.60  emits 0.69  spf 50.4  z0 0.64  garr 60.1  tG 485  e2 0.16  nF 7.3  pS 0.34  ptS 0.33  fLog 0.58  pdΔ -0.1608  pkR 6.25  clip 0.22  kl +0.003
upd  147  steps  303104  sps 1232  opp symm  loss -0.035  pg -0.0085  v 0.008  ev +0.95  adv_std 0.131  tR -0.43  ent[s/d/p/e] 1.70/2.13/1.34/0.61  emits 0.65  spf 52.9  z0 0.65  garr 65.4  tG 550  e2 0.15  nF 6.8  pS 0.35  ptS 0.34  fLog 0.59  pdΔ -0.1521  pkR 7.10  clip 0.12  kl +0.006
upd  148  steps  305152  sps 1237  opp symm  loss -0.022  pg +0.0053  v 0.005  ev +0.96  adv_std 0.103  tR -1.00  ent[s/d/p/e] 1.73/2.14/1.31/0.61  emits 0.72  spf 49.5  z0 0.63  garr 66.4  tG 599  e2 0.17  nF 7.8  pS 0.35  ptS 0.35  fLog 0.58  pdΔ -0.1474  pkR 8.80  clip 0.12  kl +0.004
upd  149  steps  307200  sps 1242  opp symm  loss +0.009  pg +0.0368  v 0.005  ev +0.97  adv_std 0.097  tR +0.33  ent[s/d/p/e] 1.74/2.18/1.30/0.59  emits 0.71  spf 56.3  z0 0.63  garr 64.0  tG 562  e2 0.16  nF 7.5  pS 0.35  ptS 0.35  fLog 0.58  pdΔ -0.1517  pkR 9.79  clip 0.19  kl +0.005
upd  150  steps  309248  sps 1247  opp symm  loss -0.011  pg +0.0153  v 0.005  ev +0.96  adv_std 0.098  tR +0.00  ent[s/d/p/e] 1.60/2.10/1.26/0.57  emits 0.72  spf 52.9  z0 0.62  garr 58.5  tG 489  e2 0.15  nF 7.4  pS 0.32  ptS 0.31  fLog 0.58  pdΔ -0.1836  pkR 8.51  clip 0.09  kl +0.001
upd  151  steps  311296  sps 1252  opp symm  loss -0.032  pg -0.0070  v 0.007  ev +0.94  adv_std 0.121  tR +0.60  ent[s/d/p/e] 1.43/2.04/1.31/0.56  emits 0.63  spf 51.0  z0 0.66  garr 53.4  tG 431  e2 0.14  nF 6.8  pS 0.30  ptS 0.29  fLog 0.57  pdΔ -0.2049  pkR 10.59  clip 0.09  kl +0.002
upd  152  steps  313344  sps 1257  opp symm  loss -0.013  pg +0.0118  v 0.007  ev +0.93  adv_std 0.119  tR -0.20  ent[s/d/p/e] 1.39/2.00/1.32/0.57  emits 0.58  spf 44.0  z0 0.66  garr 50.0  tG 414  e2 0.13  nF 6.6  pS 0.29  ptS 0.28  fLog 0.56  pdΔ -0.2066  pkR 8.73  clip 0.13  kl +0.003
upd  153  steps  315392  sps 1262  opp symm  loss -0.037  pg -0.0113  v 0.005  ev +0.96  adv_std 0.097  tR +0.14  ent[s/d/p/e] 1.39/1.94/1.34/0.59  emits 0.63  spf 39.0  z0 0.66  garr 48.8  tG 379  e2 0.14  nF 6.7  pS 0.29  ptS 0.28  fLog 0.55  pdΔ -0.2070  pkR 10.92  clip 0.14  kl +0.008
upd  154  steps  317440  sps 1267  opp symm  loss -0.023  pg +0.0035  v 0.003  ev +0.98  adv_std 0.083  tR -1.00  ent[s/d/p/e] 1.43/1.87/1.34/0.60  emits 0.67  spf 40.6  z0 0.62  garr 51.9  tG 394  e2 0.15  nF 7.5  pS 0.31  ptS 0.31  fLog 0.55  pdΔ -0.1854  pkR 7.43  clip 0.13  kl +0.004
upd  155  steps  319488  sps 1272  opp symm  loss -0.010  pg +0.0139  v 0.010  ev +0.94  adv_std 0.139  tR -0.20  ent[s/d/p/e] 1.55/1.96/1.39/0.59  emits 0.63  spf 44.8  z0 0.67  garr 55.8  tG 443  e2 0.14  nF 7.3  pS 0.34  ptS 0.33  fLog 0.57  pdΔ -0.1636  pkR 6.46  clip 0.07  kl +0.001
upd  156  steps  321536  sps 1276  opp symm  loss -0.034  pg -0.0085  v 0.007  ev +0.96  adv_std 0.115  tR -0.60  ent[s/d/p/e] 1.55/1.99/1.36/0.59  emits 0.67  spf 41.3  z0 0.64  garr 50.4  tG 448  e2 0.16  nF 7.7  pS 0.35  ptS 0.34  fLog 0.56  pdΔ -0.1491  pkR 7.94  clip 0.10  kl +0.007
upd  157  steps  323584  sps 1281  opp symm  loss -0.015  pg +0.0122  v 0.006  ev +0.96  adv_std 0.108  tR +0.00  ent[s/d/p/e] 1.64/2.09/1.38/0.60  emits 0.75  spf 44.4  z0 0.61  garr 47.5  tG 404  e2 0.18  nF 8.7  pS 0.36  ptS 0.35  fLog 0.58  pdΔ -0.1448  pkR 7.07  clip 0.18  kl +0.007
upd  158  steps  325632  sps 1286  opp symm  loss -0.003  pg +0.0243  v 0.005  ev +0.97  adv_std 0.098  tR +0.14  ent[s/d/p/e] 1.64/2.07/1.35/0.57  emits 0.66  spf 44.7  z0 0.64  garr 47.7  tG 400  e2 0.14  nF 7.7  pS 0.35  ptS 0.34  fLog 0.58  pdΔ -0.1489  pkR 4.12  clip 0.08  kl +0.007
upd  159  steps  327680  sps 1291  opp symm  loss -0.046  pg -0.0196  v 0.005  ev +0.97  adv_std 0.104  tR +1.00  ent[s/d/p/e] 1.48/1.98/1.43/0.57  emits 0.59  spf 43.2  z0 0.67  garr 51.4  tG 408  e2 0.14  nF 7.1  pS 0.33  ptS 0.32  fLog 0.57  pdΔ -0.1673  pkR 6.02  clip 0.08  kl +0.005
upd  160  steps  329728  sps 1296  opp symm  loss -0.001  pg +0.0231  v 0.009  ev +0.95  adv_std 0.138  tR +1.00  ent[s/d/p/e] 1.48/1.95/1.41/0.56  emits 0.68  spf 38.2  z0 0.65  garr 47.4  tG 349  e2 0.15  nF 7.6  pS 0.31  ptS 0.30  fLog 0.55  pdΔ -0.1902  pkR 7.74  clip 0.14  kl +0.006
upd  161  steps  331776  sps 1300  opp symm  loss +0.004  pg +0.0304  v 0.004  ev +0.97  adv_std 0.088  tR -0.50  ent[s/d/p/e] 1.44/1.96/1.43/0.56  emits 0.62  spf 39.1  z0 0.67  garr 49.5  tG 328  e2 0.15  nF 6.5  pS 0.29  ptS 0.28  fLog 0.56  pdΔ -0.2134  pkR 4.74  clip 0.13  kl +0.003
upd  162  steps  333824  sps 1305  opp symm  loss -0.009  pg +0.0151  v 0.010  ev +0.94  adv_std 0.140  tR +1.00  ent[s/d/p/e] 1.52/1.93/1.44/0.58  emits 0.85  spf 39.8  z0 0.61  garr 46.6  tG 326  e2 0.18  nF 8.2  pS 0.31  ptS 0.30  fLog 0.56  pdΔ -0.1896  pkR 4.32  clip 0.09  kl +0.002
upd  163  steps  335872  sps 1310  opp symm  loss -0.013  pg +0.0139  v 0.004  ev +0.98  adv_std 0.087  tR -0.43  ent[s/d/p/e] 1.60/1.97/1.35/0.57  emits 0.90  spf 36.8  z0 0.60  garr 39.8  tG 282  e2 0.20  nF 9.1  pS 0.30  ptS 0.30  fLog 0.55  pdΔ -0.1983  pkR 4.20  clip 0.12  kl +0.001
upd  164  steps  337920  sps 1314  opp symm  loss +0.005  pg +0.0267  v 0.011  ev +0.93  adv_std 0.150  tR +0.20  ent[s/d/p/e] 1.45/1.90/1.29/0.57  emits 0.67  spf 39.7  z0 0.65  garr 41.2  tG 313  e2 0.15  nF 7.8  pS 0.30  ptS 0.29  fLog 0.55  pdΔ -0.2009  pkR 6.44  clip 0.10  kl +0.002
upd  165  steps  339968  sps 1319  opp symm  loss -0.015  pg +0.0109  v 0.005  ev +0.96  adv_std 0.095  tR -0.33  ent[s/d/p/e] 1.39/1.90/1.33/0.57  emits 0.62  spf 41.4  z0 0.65  garr 50.2  tG 373  e2 0.15  nF 6.2  pS 0.30  ptS 0.29  fLog 0.56  pdΔ -0.2038  pkR 5.35  clip 0.07  kl +0.002
upd  166  steps  342016  sps 1324  opp symm  loss -0.014  pg +0.0102  v 0.005  ev +0.96  adv_std 0.105  tR +1.00  ent[s/d/p/e] 1.32/1.85/1.30/0.57  emits 0.64  spf 45.8  z0 0.65  garr 56.8  tG 428  e2 0.14  nF 6.0  pS 0.29  ptS 0.29  fLog 0.57  pdΔ -0.2067  pkR 4.63  clip 0.13  kl +0.009
upd  167  steps  344064  sps 1328  opp symm  loss -0.032  pg -0.0067  v 0.006  ev +0.96  adv_std 0.112  tR -1.00  ent[s/d/p/e] 1.54/1.92/1.33/0.57  emits 0.69  spf 47.8  z0 0.65  garr 59.0  tG 479  e2 0.16  nF 6.7  pS 0.32  ptS 0.31  fLog 0.58  pdΔ -0.1838  pkR 5.43  clip 0.10  kl +0.004
upd  168  steps  346112  sps 1333  opp symm  loss -0.022  pg +0.0028  v 0.007  ev +0.96  adv_std 0.120  tR +0.14  ent[s/d/p/e] 1.49/1.88/1.41/0.58  emits 0.72  spf 42.0  z0 0.63  garr 62.7  tG 523  e2 0.16  nF 7.5  pS 0.33  ptS 0.32  fLog 0.56  pdΔ -0.1701  pkR 5.60  clip 0.14  kl +0.005
upd  169  steps  348160  sps 1337  opp symm  loss -0.072  pg -0.0464  v 0.006  ev +0.96  adv_std 0.110  tR -0.67  ent[s/d/p/e] 1.48/1.90/1.41/0.59  emits 0.78  spf 42.8  z0 0.60  garr 58.8  tG 503  e2 0.18  nF 7.8  pS 0.35  ptS 0.33  fLog 0.56  pdΔ -0.1547  pkR 7.56  clip 0.10  kl +0.003
upd  170  steps  350208  sps 1342  opp symm  loss +0.007  pg +0.0326  v 0.007  ev +0.94  adv_std 0.118  tR +0.00  ent[s/d/p/e] 1.54/1.93/1.42/0.60  emits 0.90  spf 38.9  z0 0.57  garr 58.3  tG 499  e2 0.21  nF 9.6  pS 0.37  ptS 0.35  fLog 0.54  pdΔ -0.1251  pkR 6.17  clip 0.12  kl +0.006
upd  171  steps  352256  sps 1346  opp symm  loss -0.027  pg +0.0001  v 0.006  ev +0.95  adv_std 0.111  tR -0.50  ent[s/d/p/e] 1.66/2.05/1.46/0.61  emits 0.84  spf 46.0  z0 0.59  garr 60.8  tG 540  e2 0.20  nF 9.6  pS 0.40  ptS 0.38  fLog 0.57  pdΔ -0.1010  pkR 6.00  clip 0.13  kl +0.004
upd  172  steps  354304  sps 1351  opp symm  loss -0.008  pg +0.0193  v 0.007  ev +0.95  adv_std 0.112  tR +0.20  ent[s/d/p/e] 1.63/2.03/1.48/0.60  emits 0.91  spf 47.8  z0 0.59  garr 57.7  tG 530  e2 0.21  nF 9.4  pS 0.41  ptS 0.38  fLog 0.58  pdΔ -0.0945  pkR 4.92  clip 0.14  kl +0.004
upd  173  steps  356352  sps 1355  opp symm  loss -0.012  pg +0.0139  v 0.008  ev +0.92  adv_std 0.131  tR -0.50  ent[s/d/p/e] 1.70/2.13/1.42/0.58  emits 0.84  spf 47.2  z0 0.60  garr 63.4  tG 574  e2 0.18  nF 8.4  pS 0.40  ptS 0.38  fLog 0.58  pdΔ -0.0984  pkR 5.51  clip 0.16  kl +0.003
upd  174  steps  358400  sps 1360  opp symm  loss -0.005  pg +0.0215  v 0.007  ev +0.94  adv_std 0.115  tR +1.00  ent[s/d/p/e] 1.70/2.08/1.38/0.58  emits 0.77  spf 47.1  z0 0.65  garr 66.9  tG 588  e2 0.17  nF 8.5  pS 0.39  ptS 0.37  fLog 0.58  pdΔ -0.1112  pkR 7.04  clip 0.13  kl +0.007
upd  175  steps  360448  sps 1364  opp symm  loss -0.046  pg -0.0182  v 0.006  ev +0.96  adv_std 0.106  tR +0.33  ent[s/d/p/e] 1.69/2.11/1.44/0.58  emits 0.71  spf 51.0  z0 0.65  garr 73.8  tG 651  e2 0.16  nF 7.7  pS 0.39  ptS 0.37  fLog 0.58  pdΔ -0.1114  pkR 4.76  clip 0.09  kl +0.003
upd  176  steps  362496  sps 1369  opp symm  loss -0.007  pg +0.0176  v 0.009  ev +0.93  adv_std 0.136  tR -0.25  ent[s/d/p/e] 1.70/2.14/1.38/0.55  emits 0.72  spf 52.2  z0 0.64  garr 68.4  tG 607  e2 0.15  nF 7.7  pS 0.37  ptS 0.35  fLog 0.59  pdΔ -0.1303  pkR 5.46  clip 0.16  kl +0.006
upd  177  steps  364544  sps 1373  opp symm  loss -0.003  pg +0.0233  v 0.005  ev +0.96  adv_std 0.099  tR +0.50  ent[s/d/p/e] 1.74/2.09/1.39/0.53  emits 0.59  spf 51.9  z0 0.70  garr 78.7  tG 712  e2 0.13  nF 6.7  pS 0.38  ptS 0.37  fLog 0.59  pdΔ -0.1203  pkR 5.69  clip 0.11  kl +0.004
upd  178  steps  366592  sps 1377  opp symm  loss -0.034  pg -0.0082  v 0.005  ev +0.97  adv_std 0.098  tR -0.20  ent[s/d/p/e] 1.65/2.09/1.40/0.52  emits 0.51  spf 55.6  z0 0.73  garr 94.0  tG 796  e2 0.11  nF 5.4  pS 0.36  ptS 0.35  fLog 0.60  pdΔ -0.1363  pkR 5.85  clip 0.07  kl +0.001
upd  179  steps  368640  sps 1382  opp symm  loss -0.015  pg +0.0104  v 0.006  ev +0.96  adv_std 0.111  tR +0.33  ent[s/d/p/e] 1.51/2.08/1.47/0.51  emits 0.42  spf 62.3  z0 0.74  garr 99.7  tG 827  e2 0.09  nF 4.7  pS 0.35  ptS 0.34  fLog 0.61  pdΔ -0.1455  pkR 6.56  clip 0.08  kl +0.001
upd  180  steps  370688  sps 1386  opp symm  loss -0.047  pg -0.0204  v 0.005  ev +0.97  adv_std 0.098  tR -0.20  ent[s/d/p/e] 1.59/2.12/1.49/0.51  emits 0.43  spf 69.8  z0 0.74  garr 105.9  tG 921  e2 0.09  nF 4.1  pS 0.36  ptS 0.35  fLog 0.63  pdΔ -0.1418  pkR 5.82  clip 0.08  kl +0.001
upd  181  steps  372736  sps 1390  opp symm  loss -0.051  pg -0.0244  v 0.005  ev +0.97  adv_std 0.097  tR +0.00  ent[s/d/p/e] 1.60/2.19/1.47/0.49  emits 0.47  spf 72.4  z0 0.73  garr 109.0  tG 947  e2 0.10  nF 4.1  pS 0.35  ptS 0.34  fLog 0.63  pdΔ -0.1515  pkR 6.19  clip 0.09  kl +0.002
upd  182  steps  374784  sps 1395  opp symm  loss +0.010  pg +0.0360  v 0.004  ev +0.97  adv_std 0.093  tR +1.00  ent[s/d/p/e] 1.47/2.07/1.49/0.49  emits 0.43  spf 63.7  z0 0.75  garr 111.1  tG 894  e2 0.09  nF 4.3  pS 0.32  ptS 0.32  fLog 0.61  pdΔ -0.1773  pkR 7.04  clip 0.10  kl +0.004
upd  183  steps  376832  sps 1399  opp symm  loss +0.005  pg +0.0313  v 0.004  ev +0.96  adv_std 0.095  tR +0.00  ent[s/d/p/e] 1.57/2.09/1.49/0.48  emits 0.42  spf 61.0  z0 0.75  garr 115.0  tG 845  e2 0.09  nF 4.5  pS 0.31  ptS 0.31  fLog 0.61  pdΔ -0.1865  pkR 8.05  clip 0.09  kl +0.004
upd  184  steps  378880  sps 1403  opp symm  loss +0.022  pg +0.0467  v 0.005  ev +0.96  adv_std 0.102  tR +0.11  ent[s/d/p/e] 1.56/2.02/1.44/0.45  emits 0.40  spf 57.1  z0 0.78  garr 108.5  tG 778  e2 0.08  nF 4.1  pS 0.31  ptS 0.31  fLog 0.59  pdΔ -0.1888  pkR 8.08  clip 0.06  kl +0.003
upd  185  steps  380928  sps 1407  opp symm  loss -0.006  pg +0.0166  v 0.008  ev +0.93  adv_std 0.125  tR +0.00  ent[s/d/p/e] 1.34/1.86/1.45/0.46  emits 0.33  spf 59.4  z0 0.78  garr 104.3  tG 764  e2 0.07  nF 3.3  pS 0.30  ptS 0.30  fLog 0.59  pdΔ -0.1955  pkR 6.82  clip 0.09  kl +0.000