
=== [2026-06-11T07:05:01Z] v14f_binary_v1_a_p0i1_ORBITWARS_SHAPING_CAPTURE_0.06_e2928f3258 phase=a kind=probe chunk=500 env={"ORBITWARS_SHAPING_ANTI_HOARD": 0.035, "ORBITWARS_SHAPING_CAPTURE": 0.06, "ORBITWARS_SHAPING_RELEASE": 0.0075, "ORBITWARS_SHAPING_RELEASE_K": 15.0, "ORBITWARS_SHAPING_PROD_SHARE_DELTA": 0.015, "ORBITWARS_SHAPING_ONE_SHIP_PENALTY": 0.015} ppo={"ent_coef_emit": 0.0225, "lr_peak": 4.5e-05} ===
[reward] kaggle-aligned: terminal +1 win/+1 tie>0/-1 loss/-1 double-wipeout; is_terminal at step >= episode_steps-2; SHAPING_SCALE=0.0; v1: KEEP_HOME=0.0 FLEET_SIZE=0.0/norm20.0; v2 (expert-replay calibrated): PROD_SHARE=0.0 PLANET_SHARE=0.0 FLEET_LOG=0.0/ref500.0/floor0.3; v3 (top10-2630ep calibrated): PROD_SHARE_DELTA=0.015 EMIT_LOG=0.0 EMIT_GATED=0.0 RELEASE=0.0075/K15.0 CAPTURE=0.06; ANTI_HOARD=0.035/thresh0.6; episode_steps=500 (kaggle=500, mismatch=False)
[symmetric] Frog Parade style: same params drive BOTH players, no frozen/strong/buffer opponents, zero_sum_value=True
upd    0  steps    2048  sps 38  opp symm  loss +0.046  pg +0.0651  v 0.002  ev -0.04  adv_std 0.060  tR +0.00  ent[s/d/p/e] 0.28/1.32/1.21/0.35  emits 0.29  spf 16.7  z0 0.77  garr 17.1  tG 23  e2 0.05  nF 1.8  pS 0.07  ptS 0.06  fLog 0.43  pdΔ -0.4347  pkR 6.06  clip 0.10  kl +0.002
upd    1  steps    4096  sps 74  opp symm  loss +0.002  pg +0.0263  v 0.002  ev +0.51  adv_std 0.057  tR +0.00  ent[s/d/p/e] 0.79/1.48/1.16/0.51  emits 0.44  spf 22.2  z0 0.70  garr 24.4  tG 68  e2 0.10  nF 4.4  pS 0.12  ptS 0.12  fLog 0.45  pdΔ -0.3790  pkR 5.48  clip 0.11  kl +0.004
upd    2  steps    6144  sps 110  opp symm  loss +0.010  pg +0.0365  v 0.004  ev +0.56  adv_std 0.094  tR +1.00  ent[s/d/p/e] 1.09/1.71/1.17/0.57  emits 0.54  spf 27.0  z0 0.65  garr 33.7  tG 153  e2 0.12  nF 5.7  pS 0.18  ptS 0.18  fLog 0.46  pdΔ -0.3170  pkR 5.88  clip 0.23  kl +0.003
upd    3  steps    8192  sps 145  opp symm  loss -0.023  pg +0.0055  v 0.002  ev +0.72  adv_std 0.059  tR +1.00  ent[s/d/p/e] 1.28/1.92/1.18/0.56  emits 0.44  spf 36.6  z0 0.69  garr 47.8  tG 289  e2 0.09  nF 5.3  pS 0.23  ptS 0.22  fLog 0.50  pdΔ -0.2701  pkR 5.41  clip 0.07  kl +0.002
upd    4  steps   10240  sps 180  opp symm  loss -0.043  pg -0.0137  v 0.002  ev +0.67  adv_std 0.068  tR +1.00  ent[s/d/p/e] 1.47/1.99/1.12/0.60  emits 0.52  spf 47.3  z0 0.67  garr 60.6  tG 417  e2 0.11  nF 5.6  pS 0.27  ptS 0.26  fLog 0.52  pdΔ -0.2326  pkR 5.54  clip 0.10  kl +0.006
upd    5  steps   12288  sps 213  opp symm  loss -0.042  pg -0.0123  v 0.001  ev +0.69  adv_std 0.052  tR +0.00  ent[s/d/p/e] 1.57/2.06/1.12/0.58  emits 0.46  spf 53.9  z0 0.70  garr 70.7  tG 526  e2 0.10  nF 5.3  pS 0.29  ptS 0.28  fLog 0.55  pdΔ -0.2099  pkR 5.44  clip 0.13  kl +0.004
upd    6  steps   14336  sps 246  opp symm  loss -0.042  pg -0.0111  v 0.002  ev +0.69  adv_std 0.060  tR +0.00  ent[s/d/p/e] 1.66/2.11/1.16/0.61  emits 0.56  spf 56.8  z0 0.65  garr 73.2  tG 608  e2 0.13  nF 5.7  pS 0.32  ptS 0.31  fLog 0.55  pdΔ -0.1793  pkR 5.97  clip 0.14  kl +0.005
upd    7  steps   16384  sps 278  opp symm  loss -0.044  pg -0.0130  v 0.002  ev +0.61  adv_std 0.069  tR +1.00  ent[s/d/p/e] 1.75/2.21/1.11/0.60  emits 0.50  spf 66.1  z0 0.69  garr 85.1  tG 721  e2 0.12  nF 5.5  pS 0.33  ptS 0.32  fLog 0.57  pdΔ -0.1699  pkR 5.77  clip 0.17  kl +0.003
upd    8  steps   18432  sps 309  opp symm  loss -0.110  pg -0.0791  v 0.004  ev +0.53  adv_std 0.096  tR +0.00  ent[s/d/p/e] 1.85/2.26/1.12/0.61  emits 0.53  spf 70.9  z0 0.66  garr 91.5  tG 829  e2 0.12  nF 5.3  pS 0.35  ptS 0.35  fLog 0.58  pdΔ -0.1463  pkR 6.55  clip 0.11  kl +0.005
upd    9  steps   20480  sps 340  opp symm  loss -0.105  pg -0.0735  v 0.003  ev +0.57  adv_std 0.079  tR -1.00  ent[s/d/p/e] 1.96/2.37/1.12/0.61  emits 0.54  spf 76.2  z0 0.67  garr 88.6  tG 825  e2 0.12  nF 6.1  pS 0.37  ptS 0.36  fLog 0.60  pdΔ -0.1307  pkR 7.48  clip 0.22  kl +0.010
upd   10  steps   22528  sps 370  opp symm  loss -0.052  pg -0.0204  v 0.004  ev +0.43  adv_std 0.095  tR +0.00  ent[s/d/p/e] 1.97/2.35/1.09/0.63  emits 0.80  spf 67.6  z0 0.57  garr 83.6  tG 789  e2 0.19  nF 7.0  pS 0.38  ptS 0.37  fLog 0.58  pdΔ -0.1196  pkR 8.15  clip 0.55  kl +0.041
upd   11  steps   24576  sps 400  opp symm  loss +0.002  pg +0.0349  v 0.001  ev +0.61  adv_std 0.053  tR +0.00  ent[s/d/p/e] 2.00/2.35/1.03/0.62  emits 0.60  spf 69.6  z0 0.64  garr 84.4  tG 749  e2 0.14  nF 6.9  pS 0.38  ptS 0.37  fLog 0.58  pdΔ -0.1201  pkR 6.92  clip 0.15  kl +0.006
upd   12  steps   26624  sps 428  opp symm  loss -0.021  pg +0.0113  v 0.002  ev +0.57  adv_std 0.061  tR +1.00  ent[s/d/p/e] 2.06/2.39/1.09/0.60  emits 0.64  spf 69.8  z0 0.62  garr 87.6  tG 757  e2 0.14  nF 6.5  pS 0.39  ptS 0.38  fLog 0.59  pdΔ -0.1147  pkR 4.51  clip 0.37  kl +0.017
upd   13  steps   28672  sps 457  opp symm  loss -0.059  pg -0.0250  v 0.002  ev +0.72  adv_std 0.063  tR -1.00  ent[s/d/p/e] 2.07/2.44/1.15/0.63  emits 0.58  spf 69.6  z0 0.66  garr 93.0  tG 804  e2 0.13  nF 6.4  pS 0.39  ptS 0.38  fLog 0.60  pdΔ -0.1096  pkR 5.47  clip 0.19  kl +0.007
upd   14  steps   30720  sps 484  opp symm  loss -0.125  pg -0.0919  v 0.003  ev +0.69  adv_std 0.076  tR -1.00  ent[s/d/p/e] 2.13/2.45/1.10/0.64  emits 0.72  spf 71.7  z0 0.61  garr 91.7  tG 821  e2 0.16  nF 7.6  pS 0.40  ptS 0.40  fLog 0.59  pdΔ -0.0979  pkR 5.74  clip 0.28  kl +0.010
upd   15  steps   32768  sps 511  opp symm  loss +0.014  pg +0.0043  v 0.084  ev +0.33  adv_std 0.424  tR +0.10  ent[s/d/p/e] 1.89/2.37/1.12/0.55  emits 0.62  spf 67.1  z0 0.66  garr 64.3  tG 519  e2 0.14  nF 5.6  pS 0.28  ptS 0.28  fLog 0.57  pdΔ -0.2170  pkR 7.09  clip 0.29  kl +0.006
upd   16  steps   34816  sps 538  opp symm  loss +0.043  pg +0.0675  v 0.005  ev +0.66  adv_std 0.100  tR -1.00  ent[s/d/p/e] 1.09/1.93/1.22/0.46  emits 0.29  spf 38.1  z0 0.78  garr 35.9  tG 164  e2 0.05  nF 3.4  pS 0.15  ptS 0.14  fLog 0.52  pdΔ -0.3527  pkR 9.88  clip 0.13  kl +0.004
upd   17  steps   36864  sps 564  opp symm  loss -0.023  pg +0.0052  v 0.002  ev +0.83  adv_std 0.064  tR +0.00  ent[s/d/p/e] 1.48/2.20/1.27/0.48  emits 0.32  spf 50.0  z0 0.78  garr 51.0  tG 244  e2 0.06  nF 3.6  pS 0.19  ptS 0.19  fLog 0.55  pdΔ -0.3097  pkR 7.01  clip 0.15  kl +0.007
upd   18  steps   38912  sps 589  opp symm  loss -0.020  pg +0.0082  v 0.005  ev +0.77  adv_std 0.106  tR +0.20  ent[s/d/p/e] 1.53/2.20/1.14/0.58  emits 0.54  spf 43.9  z0 0.69  garr 48.5  tG 251  e2 0.11  nF 4.8  pS 0.22  ptS 0.22  fLog 0.54  pdΔ -0.2761  pkR 5.37  clip 0.15  kl +0.003
upd   19  steps   40960  sps 614  opp symm  loss -0.028  pg +0.0022  v 0.002  ev +0.92  adv_std 0.057  tR +1.00  ent[s/d/p/e] 1.57/2.23/1.23/0.56  emits 0.42  spf 47.7  z0 0.73  garr 56.0  tG 302  e2 0.09  nF 4.7  pS 0.24  ptS 0.24  fLog 0.55  pdΔ -0.2552  pkR 4.52  clip 0.10  kl +0.003
upd   20  steps   43008  sps 639  opp symm  loss -0.026  pg +0.0060  v 0.002  ev +0.93  adv_std 0.065  tR +1.00  ent[s/d/p/e] 1.69/2.35/1.29/0.58  emits 0.49  spf 53.9  z0 0.68  garr 61.6  tG 379  e2 0.11  nF 4.8  pS 0.28  ptS 0.27  fLog 0.59  pdΔ -0.2165  pkR 3.37  clip 0.13  kl +0.001
upd   21  steps   45056  sps 663  opp symm  loss -0.055  pg -0.0233  v 0.003  ev +0.95  adv_std 0.072  tR +0.33  ent[s/d/p/e] 1.82/2.36/1.14/0.60  emits 0.56  spf 52.2  z0 0.66  garr 59.3  tG 396  e2 0.12  nF 5.8  pS 0.31  ptS 0.29  fLog 0.58  pdΔ -0.1942  pkR 3.41  clip 0.13  kl +0.007
upd   22  steps   47104  sps 686  opp symm  loss -0.021  pg +0.0112  v 0.002  ev +0.95  adv_std 0.066  tR +0.33  ent[s/d/p/e] 1.82/2.34/1.18/0.60  emits 0.57  spf 48.4  z0 0.67  garr 59.3  tG 412  e2 0.13  nF 6.4  pS 0.31  ptS 0.30  fLog 0.57  pdΔ -0.1890  pkR 3.50  clip 0.13  kl +0.003
upd   23  steps   49152  sps 710  opp symm  loss -0.016  pg +0.0160  v 0.002  ev +0.96  adv_std 0.066  tR +1.00  ent[s/d/p/e] 1.93/2.40/1.13/0.61  emits 0.61  spf 52.1  z0 0.64  garr 63.6  tG 469  e2 0.14  nF 6.9  pS 0.34  ptS 0.33  fLog 0.57  pdΔ -0.1571  pkR 3.62  clip 0.27  kl +0.016
upd   24  steps   51200  sps 732  opp symm  loss +0.003  pg +0.0349  v 0.004  ev +0.92  adv_std 0.092  tR -1.00  ent[s/d/p/e] 2.01/2.45/1.11/0.62  emits 0.82  spf 52.3  z0 0.59  garr 62.8  tG 486  e2 0.19  nF 8.0  pS 0.36  ptS 0.35  fLog 0.57  pdΔ -0.1429  pkR 3.84  clip 0.28  kl +0.006
upd   25  steps   53248  sps 755  opp symm  loss -0.034  pg -0.0025  v 0.004  ev +0.93  adv_std 0.094  tR +0.00  ent[s/d/p/e] 2.07/2.44/1.07/0.60  emits 1.09  spf 44.5  z0 0.53  garr 52.1  tG 432  e2 0.25  nF 11.4  pS 0.38  ptS 0.37  fLog 0.54  pdΔ -0.1187  pkR 4.86  clip 0.19  kl +0.009
upd   26  steps   55296  sps 777  opp symm  loss -0.037  pg -0.0043  v 0.002  ev +0.97  adv_std 0.070  tR -0.33  ent[s/d/p/e] 2.15/2.47/1.06/0.60  emits 1.07  spf 42.0  z0 0.55  garr 49.8  tG 429  e2 0.23  nF 12.2  pS 0.40  ptS 0.39  fLog 0.53  pdΔ -0.1014  pkR 3.90  clip 0.23  kl +0.007
upd   27  steps   57344  sps 798  opp symm  loss -0.011  pg +0.0218  v 0.003  ev +0.96  adv_std 0.073  tR -1.00  ent[s/d/p/e] 2.16/2.46/1.08/0.60  emits 1.17  spf 39.9  z0 0.54  garr 47.2  tG 408  e2 0.27  nF 13.9  pS 0.39  ptS 0.38  fLog 0.53  pdΔ -0.1084  pkR 3.77  clip 0.20  kl +0.002
upd   28  steps   59392  sps 819  opp symm  loss -0.001  pg +0.0314  v 0.003  ev +0.95  adv_std 0.082  tR -1.00  ent[s/d/p/e] 2.16/2.48/1.06/0.60  emits 1.11  spf 41.7  z0 0.54  garr 46.2  tG 411  e2 0.25  nF 13.6  pS 0.40  ptS 0.39  fLog 0.53  pdΔ -0.1021  pkR 3.56  clip 0.12  kl +0.000
upd   29  steps   61440  sps 840  opp symm  loss +0.008  pg +0.0401  v 0.003  ev +0.96  adv_std 0.071  tR +0.50  ent[s/d/p/e] 2.14/2.46/1.09/0.60  emits 1.01  spf 44.3  z0 0.56  garr 46.3  tG 425  e2 0.24  nF 12.0  pS 0.39  ptS 0.38  fLog 0.54  pdΔ -0.1137  pkR 4.88  clip 0.21  kl +0.004
upd   30  steps   63488  sps 860  opp symm  loss +0.004  pg +0.0362  v 0.003  ev +0.95  adv_std 0.082  tR +0.00  ent[s/d/p/e] 2.18/2.50/1.02/0.60  emits 0.96  spf 45.5  z0 0.58  garr 48.2  tG 432  e2 0.22  nF 11.4  pS 0.39  ptS 0.38  fLog 0.54  pdΔ -0.1147  pkR 4.90  clip 0.23  kl +0.011
upd   31  steps   65536  sps 880  opp symm  loss -0.035  pg -0.0115  v 0.013  ev +0.71  adv_std 0.165  tR +0.12  ent[s/d/p/e] 1.83/2.32/1.07/0.48  emits 0.47  spf 47.5  z0 0.74  garr 40.9  tG 285  e2 0.09  nF 5.1  pS 0.23  ptS 0.23  fLog 0.56  pdΔ -0.2708  pkR 5.86  clip 0.17  kl +0.004
upd   32  steps   67584  sps 900  opp symm  loss -0.007  pg +0.0222  v 0.003  ev +0.86  adv_std 0.084  tR +0.00  ent[s/d/p/e] 1.84/2.29/0.97/0.55  emits 0.58  spf 50.2  z0 0.70  garr 45.8  tG 310  e2 0.12  nF 5.4  pS 0.24  ptS 0.24  fLog 0.56  pdΔ -0.2594  pkR 5.48  clip 0.13  kl +0.006
upd   33  steps   69632  sps 920  opp symm  loss -0.030  pg -0.0008  v 0.004  ev +0.87  adv_std 0.093  tR +1.00  ent[s/d/p/e] 1.86/2.33/1.06/0.56  emits 0.57  spf 52.9  z0 0.67  garr 53.7  tG 373  e2 0.11  nF 5.6  pS 0.28  ptS 0.28  fLog 0.57  pdΔ -0.2210  pkR 5.08  clip 0.15  kl +0.003
upd   34  steps   71680  sps 939  opp symm  loss -0.040  pg -0.0095  v 0.004  ev +0.91  adv_std 0.088  tR +0.60  ent[s/d/p/e] 1.95/2.41/1.05/0.56  emits 0.56  spf 54.3  z0 0.68  garr 56.5  tG 400  e2 0.11  nF 5.7  pS 0.30  ptS 0.29  fLog 0.58  pdΔ -0.2021  pkR 4.87  clip 0.12  kl +0.000
upd   35  steps   73728  sps 957  opp symm  loss -0.041  pg -0.0111  v 0.004  ev +0.91  adv_std 0.092  tR +0.33  ent[s/d/p/e] 2.02/2.45/1.06/0.56  emits 0.52  spf 54.0  z0 0.71  garr 70.7  tG 505  e2 0.10  nF 5.4  pS 0.31  ptS 0.31  fLog 0.57  pdΔ -0.1863  pkR 3.94  clip 0.09  kl +0.003
upd   36  steps   75776  sps 976  opp symm  loss -0.063  pg -0.0322  v 0.003  ev +0.93  adv_std 0.077  tR -1.00  ent[s/d/p/e] 1.94/2.43/1.11/0.57  emits 0.57  spf 62.0  z0 0.68  garr 77.6  tG 564  e2 0.12  nF 5.1  pS 0.32  ptS 0.31  fLog 0.59  pdΔ -0.1827  pkR 4.29  clip 0.10  kl +0.002
upd   37  steps   77824  sps 994  opp symm  loss -0.041  pg -0.0107  v 0.006  ev +0.87  adv_std 0.111  tR +1.00  ent[s/d/p/e] 2.05/2.47/1.10/0.57  emits 0.59  spf 61.6  z0 0.68  garr 82.3  tG 629  e2 0.12  nF 5.9  pS 0.34  ptS 0.34  fLog 0.59  pdΔ -0.1562  pkR 4.69  clip 0.14  kl +0.002
upd   38  steps   79872  sps 1012  opp symm  loss -0.023  pg +0.0092  v 0.002  ev +0.96  adv_std 0.062  tR +1.00  ent[s/d/p/e] 2.04/2.45/1.10/0.59  emits 0.77  spf 66.0  z0 0.62  garr 72.0  tG 568  e2 0.16  nF 6.9  pS 0.35  ptS 0.34  fLog 0.60  pdΔ -0.1492  pkR 4.94  clip 0.18  kl +0.010
upd   39  steps   81920  sps 1029  opp symm  loss -0.051  pg -0.0200  v 0.005  ev +0.92  adv_std 0.100  tR +0.60  ent[s/d/p/e] 2.06/2.46/1.13/0.58  emits 0.70  spf 52.9  z0 0.63  garr 64.9  tG 528  e2 0.15  nF 7.5  pS 0.35  ptS 0.34  fLog 0.57  pdΔ -0.1482  pkR 5.85  clip 0.08  kl +0.002
upd   40  steps   83968  sps 1046  opp symm  loss -0.071  pg -0.0393  v 0.003  ev +0.95  adv_std 0.074  tR +0.20  ent[s/d/p/e] 1.92/2.39/1.20/0.56  emits 0.56  spf 57.7  z0 0.68  garr 69.0  tG 547  e2 0.12  nF 5.6  pS 0.32  ptS 0.32  fLog 0.59  pdΔ -0.1783  pkR 5.74  clip 0.12  kl +0.008
upd   41  steps   86016  sps 1063  opp symm  loss -0.058  pg -0.0268  v 0.004  ev +0.93  adv_std 0.093  tR +0.20  ent[s/d/p/e] 1.94/2.42/1.19/0.58  emits 0.56  spf 59.7  z0 0.69  garr 74.9  tG 591  e2 0.10  nF 5.5  pS 0.33  ptS 0.32  fLog 0.59  pdΔ -0.1714  pkR 5.20  clip 0.17  kl +0.007
upd   42  steps   88064  sps 1080  opp symm  loss -0.064  pg -0.0323  v 0.003  ev +0.96  adv_std 0.071  tR -0.33  ent[s/d/p/e] 1.86/2.40/1.28/0.55  emits 0.41  spf 63.0  z0 0.73  garr 84.6  tG 660  e2 0.08  nF 4.7  pS 0.32  ptS 0.31  fLog 0.60  pdΔ -0.1813  pkR 5.56  clip 0.10  kl +0.004
upd   43  steps   90112  sps 1096  opp symm  loss -0.034  pg -0.0032  v 0.006  ev +0.90  adv_std 0.106  tR +0.00  ent[s/d/p/e] 1.85/2.37/1.33/0.57  emits 0.46  spf 65.7  z0 0.71  garr 94.6  tG 750  e2 0.09  nF 4.4  pS 0.32  ptS 0.31  fLog 0.59  pdΔ -0.1789  pkR 5.63  clip 0.13  kl +0.006
upd   44  steps   92160  sps 1113  opp symm  loss -0.042  pg -0.0107  v 0.008  ev +0.89  adv_std 0.124  tR +0.20  ent[s/d/p/e] 1.92/2.40/1.32/0.61  emits 0.65  spf 68.8  z0 0.66  garr 87.1  tG 700  e2 0.15  nF 6.1  pS 0.34  ptS 0.32  fLog 0.59  pdΔ -0.1619  pkR 5.78  clip 0.14  kl +0.004
upd   45  steps   94208  sps 1128  opp symm  loss -0.038  pg -0.0055  v 0.004  ev +0.94  adv_std 0.093  tR +0.00  ent[s/d/p/e] 1.94/2.41/1.27/0.61  emits 0.76  spf 59.6  z0 0.61  garr 69.8  tG 568  e2 0.17  nF 7.4  pS 0.33  ptS 0.32  fLog 0.57  pdΔ -0.1701  pkR 6.85  clip 0.12  kl +0.006
upd   46  steps   96256  sps 1144  opp symm  loss -0.045  pg -0.0238  v 0.025  ev +0.78  adv_std 0.233  tR -0.20  ent[s/d/p/e] 1.94/2.40/1.24/0.57  emits 0.73  spf 54.0  z0 0.63  garr 51.0  tG 407  e2 0.16  nF 7.2  pS 0.30  ptS 0.30  fLog 0.57  pdΔ -0.1952  pkR 7.01  clip 0.10  kl +0.005
upd   47  steps   98304  sps 1159  opp symm  loss +0.013  pg +0.0405  v 0.006  ev +0.91  adv_std 0.109  tR -0.33  ent[s/d/p/e] 1.70/2.26/1.21/0.53  emits 0.57  spf 41.5  z0 0.67  garr 40.0  tG 257  e2 0.12  nF 5.8  pS 0.23  ptS 0.22  fLog 0.53  pdΔ -0.2740  pkR 6.51  clip 0.12  kl +0.003
upd   48  steps  100352  sps 1174  opp symm  loss -0.012  pg +0.0170  v 0.006  ev +0.92  adv_std 0.107  tR -1.00  ent[s/d/p/e] 1.78/2.29/1.18/0.55  emits 0.59  spf 41.4  z0 0.67  garr 44.5  tG 299  e2 0.12  nF 6.2  pS 0.27  ptS 0.26  fLog 0.55  pdΔ -0.2349  pkR 6.42  clip 0.12  kl +0.003
upd   49  steps  102400  sps 1189  opp symm  loss -0.029  pg +0.0015  v 0.006  ev +0.91  adv_std 0.109  tR +0.60  ent[s/d/p/e] 1.94/2.39/1.21/0.60  emits 0.75  spf 45.2  z0 0.62  garr 47.0  tG 330  e2 0.17  nF 7.7  pS 0.30  ptS 0.29  fLog 0.55  pdΔ -0.1980  pkR 4.05  clip 0.18  kl +0.005
upd   50  steps  104448  sps 1204  opp symm  loss -0.018  pg +0.0110  v 0.006  ev +0.89  adv_std 0.111  tR +1.00  ent[s/d/p/e] 1.83/2.26/1.14/0.57  emits 0.70  spf 43.1  z0 0.62  garr 46.9  tG 333  e2 0.16  nF 6.9  pS 0.29  ptS 0.29  fLog 0.55  pdΔ -0.2051  pkR 3.71  clip 0.14  kl +0.002
upd   51  steps  106496  sps 1219  opp symm  loss -0.046  pg -0.0163  v 0.006  ev +0.90  adv_std 0.105  tR +0.50  ent[s/d/p/e] 1.87/2.32/1.15/0.58  emits 0.64  spf 47.4  z0 0.64  garr 51.9  tG 389  e2 0.14  nF 6.4  pS 0.31  ptS 0.30  fLog 0.55  pdΔ -0.1940  pkR 4.64  clip 0.16  kl +0.003
upd   52  steps  108544  sps 1233  opp symm  loss -0.052  pg -0.0218  v 0.005  ev +0.93  adv_std 0.099  tR +0.00  ent[s/d/p/e] 1.80/2.24/1.20/0.58  emits 0.62  spf 50.5  z0 0.64  garr 56.1  tG 433  e2 0.14  nF 6.7  pS 0.30  ptS 0.30  fLog 0.56  pdΔ -0.1974  pkR 5.53  clip 0.17  kl +0.009
upd   53  steps  110592  sps 1247  opp symm  loss -0.039  pg -0.0083  v 0.003  ev +0.96  adv_std 0.081  tR +0.33  ent[s/d/p/e] 1.84/2.27/1.20/0.58  emits 0.63  spf 55.5  z0 0.65  garr 54.9  tG 440  e2 0.14  nF 6.6  pS 0.30  ptS 0.30  fLog 0.57  pdΔ -0.1963  pkR 5.28  clip 0.18  kl +0.008
upd   54  steps  112640  sps 1261  opp symm  loss -0.049  pg -0.0189  v 0.004  ev +0.95  adv_std 0.095  tR -0.20  ent[s/d/p/e] 1.88/2.26/1.18/0.57  emits 0.56  spf 56.3  z0 0.67  garr 60.5  tG 499  e2 0.12  nF 5.8  pS 0.31  ptS 0.31  fLog 0.57  pdΔ -0.1913  pkR 5.10  clip 0.12  kl +0.007
upd   55  steps  114688  sps 1275  opp symm  loss -0.057  pg -0.0296  v 0.008  ev +0.92  adv_std 0.130  tR -0.20  ent[s/d/p/e] 1.83/2.22/1.15/0.56  emits 0.57  spf 53.5  z0 0.68  garr 65.3  tG 549  e2 0.12  nF 5.9  pS 0.30  ptS 0.30  fLog 0.57  pdΔ -0.2012  pkR 5.34  clip 0.14  kl +0.005
upd   56  steps  116736  sps 1288  opp symm  loss -0.023  pg +0.0080  v 0.003  ev +0.97  adv_std 0.082  tR -1.00  ent[s/d/p/e] 1.88/2.29/1.21/0.57  emits 0.56  spf 65.0  z0 0.66  garr 67.9  tG 594  e2 0.12  nF 6.2  pS 0.31  ptS 0.31  fLog 0.59  pdΔ -0.1874  pkR 6.06  clip 0.08  kl +0.004
upd   57  steps  118784  sps 1301  opp symm  loss -0.044  pg -0.0138  v 0.007  ev +0.94  adv_std 0.115  tR -0.20  ent[s/d/p/e] 1.89/2.35/1.28/0.56  emits 0.52  spf 58.4  z0 0.69  garr 70.9  tG 600  e2 0.11  nF 5.6  pS 0.31  ptS 0.31  fLog 0.58  pdΔ -0.1867  pkR 6.96  clip 0.10  kl +0.004
upd   58  steps  120832  sps 1315  opp symm  loss +0.000  pg +0.0304  v 0.006  ev +0.94  adv_std 0.110  tR +0.60  ent[s/d/p/e] 1.95/2.38/1.22/0.58  emits 0.61  spf 59.1  z0 0.67  garr 64.5  tG 512  e2 0.13  nF 6.1  pS 0.31  ptS 0.30  fLog 0.58  pdΔ -0.1918  pkR 8.01  clip 0.12  kl +0.003
upd   59  steps  122880  sps 1328  opp symm  loss -0.005  pg +0.0262  v 0.003  ev +0.97  adv_std 0.075  tR +1.00  ent[s/d/p/e] 1.93/2.37/1.22/0.57  emits 0.54  spf 60.7  z0 0.68  garr 66.2  tG 516  e2 0.11  nF 6.3  pS 0.31  ptS 0.31  fLog 0.58  pdΔ -0.1868  pkR 7.59  clip 0.17  kl +0.007
upd   60  steps  124928  sps 1340  opp symm  loss -0.015  pg +0.0159  v 0.004  ev +0.96  adv_std 0.092  tR +0.71  ent[s/d/p/e] 1.88/2.33/1.23/0.59  emits 0.68  spf 56.8  z0 0.63  garr 62.0  tG 501  e2 0.15  nF 6.5  pS 0.31  ptS 0.31  fLog 0.58  pdΔ -0.1854  pkR 7.65  clip 0.15  kl +0.007
upd   61  steps  126976  sps 1353  opp symm  loss -0.076  pg -0.0459  v 0.005  ev +0.95  adv_std 0.102  tR +0.00  ent[s/d/p/e] 1.76/2.28/1.28/0.57  emits 0.48  spf 57.9  z0 0.69  garr 57.7  tG 443  e2 0.10  nF 5.5  pS 0.28  ptS 0.28  fLog 0.58  pdΔ -0.2172  pkR 6.75  clip 0.08  kl +0.005
upd   62  steps  129024  sps 1365  opp symm  loss -0.009  pg +0.0167  v 0.009  ev +0.91  adv_std 0.135  tR -0.38  ent[s/d/p/e] 1.64/2.25/1.21/0.52  emits 0.43  spf 52.2  z0 0.73  garr 50.5  tG 354  e2 0.10  nF 4.3  pS 0.24  ptS 0.23  fLog 0.56  pdΔ -0.2644  pkR 7.18  clip 0.15  kl +0.004
upd   63  steps  131072  sps 1378  opp symm  loss -0.004  pg +0.0240  v 0.007  ev +0.93  adv_std 0.121  tR +0.00  ent[s/d/p/e] 1.55/2.16/1.25/0.55  emits 0.51  spf 49.6  z0 0.67  garr 45.5  tG 311  e2 0.10  nF 5.3  pS 0.24  ptS 0.23  fLog 0.56  pdΔ -0.2648  pkR 5.64  clip 0.08  kl +0.003
upd   64  steps  133120  sps 1390  opp symm  loss -0.017  pg +0.0136  v 0.006  ev +0.95  adv_std 0.107  tR -1.00  ent[s/d/p/e] 1.81/2.31/1.24/0.58  emits 0.58  spf 51.9  z0 0.67  garr 50.0  tG 356  e2 0.12  nF 5.9  pS 0.27  ptS 0.27  fLog 0.57  pdΔ -0.2256  pkR 4.56  clip 0.07  kl +0.001
upd   65  steps  135168  sps 1401  opp symm  loss -0.021  pg +0.0083  v 0.008  ev +0.93  adv_std 0.126  tR -0.60  ent[s/d/p/e] 1.85/2.33/1.25/0.58  emits 0.60  spf 47.5  z0 0.66  garr 52.6  tG 383  e2 0.12  nF 6.3  pS 0.30  ptS 0.30  fLog 0.57  pdΔ -0.1954  pkR 4.17  clip 0.07  kl +0.002
upd   66  steps  137216  sps 1413  opp symm  loss -0.024  pg +0.0062  v 0.007  ev +0.94  adv_std 0.120  tR +0.33  ent[s/d/p/e] 1.97/2.42/1.26/0.59  emits 0.58  spf 52.7  z0 0.68  garr 63.5  tG 504  e2 0.11  nF 6.4  pS 0.34  ptS 0.33  fLog 0.58  pdΔ -0.1629  pkR 6.52  clip 0.16  kl +0.005
upd   67  steps  139264  sps 1425  opp symm  loss -0.034  pg -0.0039  v 0.006  ev +0.94  adv_std 0.112  tR +1.00  ent[s/d/p/e] 1.88/2.36/1.29/0.55  emits 0.48  spf 50.9  z0 0.69  garr 68.7  tG 553  e2 0.10  nF 5.6  pS 0.33  ptS 0.32  fLog 0.58  pdΔ -0.1673  pkR 9.41  clip 0.09  kl +0.004
upd   68  steps  141312  sps 1436  opp symm  loss -0.078  pg -0.0477  v 0.007  ev +0.94  adv_std 0.114  tR +0.00  ent[s/d/p/e] 2.01/2.45/1.30/0.57  emits 0.50  spf 56.8  z0 0.71  garr 76.4  tG 585  e2 0.10  nF 5.6  pS 0.33  ptS 0.33  fLog 0.59  pdΔ -0.1670  pkR 10.21  clip 0.13  kl +0.006
upd   69  steps  143360  sps 1448  opp symm  loss +0.000  pg +0.0318  v 0.004  ev +0.96  adv_std 0.088  tR -0.50  ent[s/d/p/e] 2.01/2.46/1.25/0.56  emits 0.51  spf 62.3  z0 0.71  garr 79.2  tG 608  e2 0.11  nF 5.4  pS 0.34  ptS 0.33  fLog 0.61  pdΔ -0.1581  pkR 3.21  clip 0.09  kl -0.001
upd   70  steps  145408  sps 1459  opp symm  loss -0.035  pg -0.0034  v 0.004  ev +0.95  adv_std 0.091  tR -1.00  ent[s/d/p/e] 2.01/2.43/1.23/0.57  emits 0.54  spf 70.3  z0 0.69  garr 85.6  tG 672  e2 0.11  nF 5.6  pS 0.36  ptS 0.35  fLog 0.62  pdΔ -0.1415  pkR 3.33  clip 0.11  kl +0.001
upd   71  steps  147456  sps 1470  opp symm  loss -0.031  pg -0.0009  v 0.006  ev +0.93  adv_std 0.104  tR -1.00  ent[s/d/p/e] 2.05/2.47/1.21/0.52  emits 0.40  spf 68.3  z0 0.75  garr 96.7  tG 776  e2 0.08  nF 4.2  pS 0.36  ptS 0.35  fLog 0.62  pdΔ -0.1362  pkR 3.02  clip 0.07  kl +0.001
upd   72  steps  149504  sps 1481  opp symm  loss -0.068  pg -0.0384  v 0.007  ev +0.92  adv_std 0.121  tR -0.60  ent[s/d/p/e] 2.14/2.48/1.19/0.53  emits 0.49  spf 74.4  z0 0.73  garr 108.3  tG 856  e2 0.10  nF 4.5  pS 0.37  ptS 0.36  fLog 0.63  pdΔ -0.1330  pkR 3.10  clip 0.08  kl +0.003
upd   73  steps  151552  sps 1491  opp symm  loss -0.034  pg -0.0047  v 0.006  ev +0.93  adv_std 0.115  tR +0.60  ent[s/d/p/e] 2.03/2.38/1.19/0.52  emits 0.40  spf 74.2  z0 0.75  garr 107.3  tG 841  e2 0.08  nF 4.1  pS 0.34  ptS 0.34  fLog 0.62  pdΔ -0.1581  pkR 3.68  clip 0.08  kl +0.003
upd   74  steps  153600  sps 1502  opp symm  loss +0.009  pg +0.0382  v 0.005  ev +0.95  adv_std 0.103  tR -0.20  ent[s/d/p/e] 2.10/2.45/1.22/0.49  emits 0.38  spf 87.1  z0 0.77  garr 106.6  tG 848  e2 0.07  nF 4.0  pS 0.34  ptS 0.33  fLog 0.65  pdΔ -0.1586  pkR 3.49  clip 0.09  kl +0.002
upd   75  steps  155648  sps 1512  opp symm  loss -0.043  pg -0.0146  v 0.007  ev +0.93  adv_std 0.121  tR +0.50  ent[s/d/p/e] 2.04/2.43/1.25/0.49  emits 0.37  spf 85.0  z0 0.77  garr 115.0  tG 930  e2 0.07  nF 3.5  pS 0.35  ptS 0.34  fLog 0.64  pdΔ -0.1458  pkR 3.61  clip 0.10  kl +0.002
upd   76  steps  157696  sps 1523  opp symm  loss -0.059  pg -0.0337  v 0.011  ev +0.89  adv_std 0.147  tR +0.00  ent[s/d/p/e] 1.91/2.35/1.21/0.46  emits 0.33  spf 79.1  z0 0.80  garr 112.3  tG 858  e2 0.06  nF 2.9  pS 0.33  ptS 0.31  fLog 0.63  pdΔ -0.1750  pkR 4.02  clip 0.08  kl +0.002
upd   77  steps  159744  sps 1533  opp symm  loss -0.050  pg -0.0265  v 0.014  ev +0.88  adv_std 0.164  tR +0.54  ent[s/d/p/e] 1.80/2.35/1.29/0.45  emits 0.34  spf 71.9  z0 0.78  garr 111.1  tG 793  e2 0.06  nF 3.0  pS 0.29  ptS 0.28  fLog 0.62  pdΔ -0.2118  pkR 5.06  clip 0.06  kl +0.002
upd   78  steps  161792  sps 1543  opp symm  loss -0.014  pg +0.0134  v 0.004  ev +0.95  adv_std 0.087  tR +1.00  ent[s/d/p/e] 1.56/2.27/1.33/0.44  emits 0.28  spf 66.5  z0 0.80  garr 91.9  tG 552  e2 0.05  nF 2.7  pS 0.24  ptS 0.23  fLog 0.61  pdΔ -0.2597  pkR 4.95  clip 0.05  kl +0.001
upd   79  steps  163840  sps 1553  opp symm  loss -0.039  pg -0.0096  v 0.003  ev +0.97  adv_std 0.084  tR -1.00  ent[s/d/p/e] 1.65/2.39/1.41/0.45  emits 0.26  spf 70.6  z0 0.80  garr 104.4  tG 636  e2 0.04  nF 2.9  pS 0.27  ptS 0.26  fLog 0.63  pdΔ -0.2276  pkR 4.30  clip 0.08  kl +0.002
upd   80  steps  165888  sps 1563  opp symm  loss -0.023  pg +0.0049  v 0.005  ev +0.96  adv_std 0.101  tR +0.33  ent[s/d/p/e] 1.80/2.41/1.41/0.42  emits 0.31  spf 69.8  z0 0.80  garr 112.6  tG 704  e2 0.06  nF 3.0  pS 0.29  ptS 0.27  fLog 0.63  pdΔ -0.2121  pkR 4.52  clip 0.11  kl +0.008
upd   81  steps  167936  sps 1572  opp symm  loss -0.053  pg -0.0230  v 0.004  ev +0.97  adv_std 0.088  tR -0.67  ent[s/d/p/e] 1.94/2.45/1.38/0.45  emits 0.33  spf 66.0  z0 0.81  garr 125.0  tG 746  e2 0.05  nF 3.1  pS 0.29  ptS 0.27  fLog 0.61  pdΔ -0.2126  pkR 4.10  clip 0.09  kl +0.002
upd   82  steps  169984  sps 1582  opp symm  loss -0.033  pg -0.0066  v 0.009  ev +0.92  adv_std 0.134  tR -0.60  ent[s/d/p/e] 1.80/2.40/1.33/0.47  emits 0.33  spf 70.6  z0 0.79  garr 123.9  tG 795  e2 0.06  nF 3.4  pS 0.31  ptS 0.29  fLog 0.62  pdΔ -0.1945  pkR 4.39  clip 0.11  kl +0.003
upd   83  steps  172032  sps 1591  opp symm  loss -0.033  pg -0.0035  v 0.005  ev +0.96  adv_std 0.104  tR +1.00  ent[s/d/p/e] 1.93/2.44/1.35/0.49  emits 0.39  spf 70.0  z0 0.77  garr 123.8  tG 822  e2 0.08  nF 3.8  pS 0.32  ptS 0.30  fLog 0.61  pdΔ -0.1824  pkR 4.35  clip 0.17  kl +0.005
upd   84  steps  174080  sps 1601  opp symm  loss +0.013  pg +0.0419  v 0.007  ev +0.95  adv_std 0.115  tR -0.60  ent[s/d/p/e] 1.94/2.42/1.31/0.49  emits 0.44  spf 63.2  z0 0.74  garr 114.1  tG 772  e2 0.08  nF 4.6  pS 0.32  ptS 0.30  fLog 0.60  pdΔ -0.1805  pkR 3.58  clip 0.11  kl +0.006
upd   85  steps  176128  sps 1610  opp symm  loss +0.016  pg +0.0445  v 0.006  ev +0.94  adv_std 0.110  tR -0.50  ent[s/d/p/e] 2.01/2.44/1.33/0.48  emits 0.34  spf 67.4  z0 0.79  garr 113.9  tG 822  e2 0.06  nF 4.2  pS 0.33  ptS 0.31  fLog 0.61  pdΔ -0.1714  pkR 3.93  clip 0.08  kl +0.001
upd   86  steps  178176  sps 1619  opp symm  loss -0.032  pg -0.0034  v 0.008  ev +0.94  adv_std 0.124  tR +0.00  ent[s/d/p/e] 1.91/2.37/1.32/0.51  emits 0.32  spf 73.6  z0 0.78  garr 125.8  tG 937  e2 0.06  nF 3.6  pS 0.34  ptS 0.33  fLog 0.64  pdΔ -0.1551  pkR 3.45  clip 0.07  kl +0.002
upd   87  steps  180224  sps 1628  opp symm  loss -0.031  pg -0.0014  v 0.005  ev +0.96  adv_std 0.105  tR +1.00  ent[s/d/p/e] 1.98/2.40/1.36/0.49  emits 0.36  spf 80.4  z0 0.76  garr 127.1  tG 963  e2 0.07  nF 3.7  pS 0.34  ptS 0.33  fLog 0.64  pdΔ -0.1561  pkR 3.43  clip 0.08  kl +0.001
upd   88  steps  182272  sps 1637  opp symm  loss -0.035  pg -0.0076  v 0.010  ev +0.93  adv_std 0.141  tR -0.20  ent[s/d/p/e] 2.04/2.39/1.32/0.50  emits 0.42  spf 72.9  z0 0.76  garr 125.7  tG 1012  e2 0.08  nF 4.2  pS 0.36  ptS 0.34  fLog 0.62  pdΔ -0.1418  pkR 3.61  clip 0.16  kl +0.004
upd   89  steps  184320  sps 1646  opp symm  loss -0.031  pg -0.0044  v 0.009  ev +0.94  adv_std 0.139  tR +0.00  ent[s/d/p/e] 2.08/2.39/1.25/0.47  emits 0.40  spf 66.8  z0 0.77  garr 135.2  tG 1101  e2 0.07  nF 4.3  pS 0.37  ptS 0.36  fLog 0.60  pdΔ -0.1310  pkR 4.03  clip 0.07  kl +0.003
upd   90  steps  186368  sps 1655  opp symm  loss -0.001  pg +0.0255  v 0.007  ev +0.95  adv_std 0.122  tR +0.20  ent[s/d/p/e] 1.97/2.35/1.19/0.45  emits 0.38  spf 73.9  z0 0.77  garr 134.8  tG 1117  e2 0.06  nF 3.9  pS 0.36  ptS 0.35  fLog 0.60  pdΔ -0.1439  pkR 3.99  clip 0.08  kl +0.004
upd   91  steps  188416  sps 1663  opp symm  loss -0.046  pg -0.0171  v 0.007  ev +0.96  adv_std 0.117  tR -0.60  ent[s/d/p/e] 2.01/2.40/1.32/0.48  emits 0.39  spf 74.2  z0 0.77  garr 142.0  tG 1181  e2 0.07  nF 3.9  pS 0.36  ptS 0.35  fLog 0.61  pdΔ -0.1425  pkR 3.92  clip 0.08  kl +0.002
upd   92  steps  190464  sps 1672  opp symm  loss -0.048  pg -0.0186  v 0.005  ev +0.97  adv_std 0.104  tR +0.50  ent[s/d/p/e] 2.03/2.41/1.32/0.47  emits 0.48  spf 67.4  z0 0.74  garr 134.4  tG 1100  e2 0.08  nF 4.9  pS 0.35  ptS 0.34  fLog 0.60  pdΔ -0.1503  pkR 4.14  clip 0.13  kl +0.006
upd   93  steps  192512  sps 1680  opp symm  loss +0.001  pg +0.0279  v 0.010  ev +0.93  adv_std 0.143  tR +0.69  ent[s/d/p/e] 1.89/2.34/1.39/0.47  emits 0.42  spf 65.7  z0 0.77  garr 109.7  tG 811  e2 0.08  nF 4.1  pS 0.29  ptS 0.29  fLog 0.60  pdΔ -0.2072  pkR 5.24  clip 0.07  kl +0.005
upd   94  steps  194560  sps 1689  opp symm  loss -0.026  pg +0.0006  v 0.008  ev +0.94  adv_std 0.127  tR +0.00  ent[s/d/p/e] 1.67/2.25/1.38/0.46  emits 0.34  spf 65.5  z0 0.77  garr 107.2  tG 826  e2 0.06  nF 3.6  pS 0.29  ptS 0.28  fLog 0.61  pdΔ -0.2130  pkR 5.35  clip 0.09  kl +0.003
upd   95  steps  196608  sps 1697  opp symm  loss -0.013  pg +0.0151  v 0.008  ev +0.96  adv_std 0.127  tR +0.50  ent[s/d/p/e] 1.77/2.29/1.40/0.49  emits 0.32  spf 76.0  z0 0.79  garr 109.3  tG 843  e2 0.05  nF 3.7  pS 0.29  ptS 0.29  fLog 0.62  pdΔ -0.2086  pkR 6.10  clip 0.08  kl +0.004
upd   96  steps  198656  sps 1705  opp symm  loss -0.053  pg -0.0273  v 0.008  ev +0.96  adv_std 0.129  tR +1.00  ent[s/d/p/e] 1.56/2.22/1.42/0.44  emits 0.23  spf 72.1  z0 0.83  garr 113.9  tG 880  e2 0.04  nF 2.6  pS 0.29  ptS 0.29  fLog 0.62  pdΔ -0.2117  pkR 5.52  clip 0.06  kl +0.000
upd   97  steps  200704  sps 1713  opp symm  loss -0.024  pg +0.0028  v 0.005  ev +0.98  adv_std 0.103  tR -1.00  ent[s/d/p/e] 1.56/2.16/1.41/0.42  emits 0.22  spf 90.0  z0 0.82  garr 118.9  tG 892  e2 0.03  nF 2.5  pS 0.28  ptS 0.28  fLog 0.63  pdΔ -0.2222  pkR 5.29  clip 0.06  kl +0.003
upd   98  steps  202752  sps 1721  opp symm  loss -0.041  pg -0.0133  v 0.007  ev +0.97  adv_std 0.118  tR +0.00  ent[s/d/p/e] 1.67/2.25/1.41/0.48  emits 0.24  spf 85.8  z0 0.82  garr 133.8  tG 1011  e2 0.04  nF 2.7  pS 0.29  ptS 0.29  fLog 0.64  pdΔ -0.2054  pkR 5.35  clip 0.14  kl +0.005
[eval_vs_v20] u99 tag=train_u99  bin0=0.0%  spf=15.00  garr=103.25  flip=30.77%  z0=72.8%  e8=0.0%  e2+=0.0%  WLD=0/3/0
upd   99  steps  204800  sps 1729  opp symm  loss -0.037  pg -0.0085  v 0.005  ev +0.98  adv_std 0.098  tR +0.00  ent[s/d/p/e] 1.76/2.29/1.40/0.45  emits 0.24  spf 85.4  z0 0.83  garr 138.0  tG 1109  e2 0.04  nF 2.8  pS 0.31  ptS 0.31  fLog 0.64  pdΔ -0.1862  pkR 4.88  clip 0.04  kl +0.003 WRr 0.12 v20[spf 15.0 flip 30.8% e2+ 0.0%]
upd  100  steps  206848  sps 1033  opp symm  loss -0.029  pg -0.0039  v 0.011  ev +0.94  adv_std 0.148  tR +0.00  ent[s/d/p/e] 1.70/2.25/1.37/0.48  emits 0.31  spf 76.0  z0 0.78  garr 136.4  tG 1082  e2 0.05  nF 2.9  pS 0.31  ptS 0.30  fLog 0.62  pdΔ -0.1938  pkR 6.00  clip 0.07  kl +0.000
upd  101  steps  208896  sps 1040  opp symm  loss -0.026  pg +0.0011  v 0.007  ev +0.96  adv_std 0.118  tR +0.00  ent[s/d/p/e] 1.64/2.21/1.43/0.48  emits 0.32  spf 79.2  z0 0.78  garr 134.0  tG 1002  e2 0.06  nF 3.3  pS 0.30  ptS 0.29  fLog 0.62  pdΔ -0.2034  pkR 6.12  clip 0.07  kl +0.002
upd  102  steps  210944  sps 1047  opp symm  loss -0.027  pg +0.0013  v 0.007  ev +0.96  adv_std 0.116  tR +0.33  ent[s/d/p/e] 1.70/2.22/1.46/0.49  emits 0.35  spf 72.5  z0 0.78  garr 140.2  tG 1047  e2 0.06  nF 3.6  pS 0.30  ptS 0.29  fLog 0.62  pdΔ -0.2004  pkR 5.91  clip 0.10  kl +0.001
upd  103  steps  212992  sps 1054  opp symm  loss -0.025  pg +0.0035  v 0.010  ev +0.94  adv_std 0.141  tR -0.33  ent[s/d/p/e] 1.87/2.27/1.44/0.55  emits 0.46  spf 71.2  z0 0.73  garr 131.6  tG 1023  e2 0.09  nF 4.5  pS 0.32  ptS 0.32  fLog 0.60  pdΔ -0.1785  pkR 6.44  clip 0.12  kl +0.010
upd  104  steps  215040  sps 1061  opp symm  loss -0.005  pg +0.0231  v 0.009  ev +0.95  adv_std 0.130  tR -0.50  ent[s/d/p/e] 1.91/2.30/1.38/0.51  emits 0.39  spf 74.4  z0 0.75  garr 117.0  tG 946  e2 0.08  nF 4.6  pS 0.33  ptS 0.33  fLog 0.61  pdΔ -0.1715  pkR 7.05  clip 0.08  kl +0.003
upd  105  steps  217088  sps 1067  opp symm  loss +0.006  pg +0.0339  v 0.010  ev +0.94  adv_std 0.140  tR -0.14  ent[s/d/p/e] 1.97/2.35/1.35/0.50  emits 0.43  spf 74.8  z0 0.75  garr 102.4  tG 816  e2 0.08  nF 4.7  pS 0.33  ptS 0.33  fLog 0.62  pdΔ -0.1744  pkR 5.50  clip 0.07  kl +0.001
upd  106  steps  219136  sps 1074  opp symm  loss -0.038  pg -0.0094  v 0.005  ev +0.96  adv_std 0.103  tR +0.50  ent[s/d/p/e] 1.92/2.30/1.36/0.48  emits 0.39  spf 68.6  z0 0.75  garr 98.0  tG 779  e2 0.08  nF 4.3  pS 0.32  ptS 0.32  fLog 0.61  pdΔ -0.1766  pkR 3.77  clip 0.10  kl +0.002
upd  107  steps  221184  sps 1081  opp symm  loss +0.001  pg +0.0294  v 0.005  ev +0.96  adv_std 0.097  tR +0.60  ent[s/d/p/e] 1.68/2.17/1.40/0.46  emits 0.28  spf 65.9  z0 0.81  garr 111.0  tG 862  e2 0.05  nF 3.1  pS 0.30  ptS 0.29  fLog 0.61  pdΔ -0.2007  pkR 3.94  clip 0.06  kl +0.003
upd  108  steps  223232  sps 1087  opp symm  loss -0.014  pg +0.0091  v 0.014  ev +0.88  adv_std 0.166  tR -0.27  ent[s/d/p/e] 1.69/2.13/1.39/0.47  emits 0.33  spf 64.7  z0 0.78  garr 116.1  tG 929  e2 0.06  nF 3.5  pS 0.31  ptS 0.30  fLog 0.60  pdΔ -0.1936  pkR 4.08  clip 0.09  kl +0.003
upd  109  steps  225280  sps 1094  opp symm  loss +0.040  pg +0.0663  v 0.005  ev +0.94  adv_std 0.095  tR +1.00  ent[s/d/p/e] 1.51/1.95/1.32/0.48  emits 0.38  spf 60.1  z0 0.75  garr 105.7  tG 851  e2 0.07  nF 3.9  pS 0.30  ptS 0.29  fLog 0.57  pdΔ -0.2032  pkR 4.51  clip 0.11  kl +0.006
upd  110  steps  227328  sps 1100  opp symm  loss +0.000  pg +0.0284  v 0.008  ev +0.90  adv_std 0.126  tR +0.33  ent[s/d/p/e] 1.70/2.12/1.38/0.54  emits 0.40  spf 68.1  z0 0.74  garr 110.5  tG 892  e2 0.08  nF 4.7  pS 0.33  ptS 0.32  fLog 0.60  pdΔ -0.1711  pkR 5.04  clip 0.07  kl +0.004
upd  111  steps  229376  sps 1107  opp symm  loss -0.046  pg -0.0166  v 0.007  ev +0.93  adv_std 0.117  tR +0.00  ent[s/d/p/e] 1.77/2.10/1.43/0.57  emits 0.53  spf 67.5  z0 0.69  garr 103.2  tG 852  e2 0.11  nF 5.7  pS 0.36  ptS 0.34  fLog 0.60  pdΔ -0.1438  pkR 5.28  clip 0.09  kl +0.002
upd  112  steps  231424  sps 1113  opp symm  loss -0.021  pg +0.0054  v 0.011  ev +0.90  adv_std 0.147  tR +0.20  ent[s/d/p/e] 1.81/2.17/1.39/0.53  emits 0.51  spf 62.8  z0 0.70  garr 98.2  tG 835  e2 0.10  nF 5.9  pS 0.38  ptS 0.36  fLog 0.60  pdΔ -0.1210  pkR 5.74  clip 0.09  kl +0.002
upd  113  steps  233472  sps 1119  opp symm  loss -0.027  pg +0.0027  v 0.004  ev +0.96  adv_std 0.092  tR +0.33  ent[s/d/p/e] 1.77/2.10/1.35/0.52  emits 0.44  spf 61.7  z0 0.72  garr 101.7  tG 868  e2 0.08  nF 4.9  pS 0.36  ptS 0.35  fLog 0.60  pdΔ -0.1364  pkR 6.36  clip 0.09  kl +0.003
upd  114  steps  235520  sps 1126  opp symm  loss -0.022  pg +0.0077  v 0.005  ev +0.96  adv_std 0.097  tR +0.00  ent[s/d/p/e] 1.78/2.19/1.36/0.52  emits 0.37  spf 69.8  z0 0.74  garr 113.4  tG 979  e2 0.07  nF 4.4  pS 0.37  ptS 0.36  fLog 0.62  pdΔ -0.1309  pkR 6.29  clip 0.07  kl +0.002
upd  115  steps  237568  sps 1132  opp symm  loss -0.016  pg +0.0140  v 0.006  ev +0.95  adv_std 0.113  tR +0.00  ent[s/d/p/e] 1.87/2.26/1.38/0.54  emits 0.40  spf 79.7  z0 0.74  garr 118.6  tG 1031  e2 0.08  nF 4.0  pS 0.38  ptS 0.37  fLog 0.65  pdΔ -0.1219  pkR 5.50  clip 0.09  kl +0.003
upd  116  steps  239616  sps 1138  opp symm  loss -0.024  pg +0.0039  v 0.009  ev +0.93  adv_std 0.132  tR +0.43  ent[s/d/p/e] 1.88/2.23/1.38/0.54  emits 0.49  spf 71.9  z0 0.72  garr 114.2  tG 987  e2 0.10  nF 4.4  pS 0.38  ptS 0.37  fLog 0.62  pdΔ -0.1186  pkR 5.08  clip 0.09  kl +0.004
upd  117  steps  241664  sps 1144  opp symm  loss -0.022  pg +0.0081  v 0.005  ev +0.96  adv_std 0.098  tR +0.33  ent[s/d/p/e] 1.94/2.30/1.33/0.54  emits 0.47  spf 67.6  z0 0.73  garr 103.3  tG 875  e2 0.10  nF 5.0  pS 0.38  ptS 0.36  fLog 0.62  pdΔ -0.1247  pkR 5.08  clip 0.13  kl +0.003
upd  118  steps  243712  sps 1151  opp symm  loss +0.009  pg +0.0386  v 0.004  ev +0.96  adv_std 0.096  tR +1.00  ent[s/d/p/e] 1.91/2.25/1.30/0.52  emits 0.40  spf 68.8  z0 0.75  garr 113.0  tG 956  e2 0.08  nF 4.9  pS 0.38  ptS 0.36  fLog 0.62  pdΔ -0.1196  pkR 4.03  clip 0.07  kl +0.003
upd  119  steps  245760  sps 1157  opp symm  loss -0.002  pg +0.0249  v 0.010  ev +0.91  adv_std 0.143  tR +0.40  ent[s/d/p/e] 1.92/2.23/1.30/0.51  emits 0.43  spf 67.6  z0 0.75  garr 118.2  tG 1018  e2 0.08  nF 4.6  pS 0.38  ptS 0.36  fLog 0.61  pdΔ -0.1219  pkR 3.94  clip 0.06  kl +0.001
upd  120  steps  247808  sps 1163  opp symm  loss -0.004  pg +0.0260  v 0.004  ev +0.96  adv_std 0.093  tR +1.00  ent[s/d/p/e] 1.77/2.23/1.37/0.54  emits 0.39  spf 74.5  z0 0.75  garr 116.6  tG 968  e2 0.07  nF 4.1  pS 0.36  ptS 0.33  fLog 0.63  pdΔ -0.1438  pkR 4.69  clip 0.08  kl +0.001
upd  121  steps  249856  sps 1169  opp symm  loss -0.002  pg +0.0273  v 0.006  ev +0.95  adv_std 0.108  tR -0.33  ent[s/d/p/e] 1.86/2.34/1.38/0.52  emits 0.41  spf 72.8  z0 0.73  garr 118.7  tG 976  e2 0.08  nF 4.3  pS 0.36  ptS 0.34  fLog 0.63  pdΔ -0.1362  pkR 4.70  clip 0.11  kl +0.003
upd  122  steps  251904  sps 1175  opp symm  loss -0.007  pg +0.0213  v 0.010  ev +0.92  adv_std 0.138  tR +1.00  ent[s/d/p/e] 1.90/2.32/1.43/0.55  emits 0.49  spf 70.7  z0 0.72  garr 114.5  tG 972  e2 0.09  nF 4.8  pS 0.38  ptS 0.37  fLog 0.62  pdΔ -0.1169  pkR 5.00  clip 0.09  kl +0.004
upd  123  steps  253952  sps 1181  opp symm  loss -0.041  pg -0.0135  v 0.010  ev +0.92  adv_std 0.138  tR +0.25  ent[s/d/p/e] 1.86/2.33/1.40/0.52  emits 0.35  spf 73.9  z0 0.77  garr 115.1  tG 1021  e2 0.07  nF 4.1  pS 0.38  ptS 0.37  fLog 0.64  pdΔ -0.1195  pkR 4.86  clip 0.08  kl +0.005
upd  124  steps  256000  sps 1187  opp symm  loss -0.009  pg +0.0188  v 0.007  ev +0.92  adv_std 0.117  tR +0.14  ent[s/d/p/e] 1.72/2.23/1.37/0.51  emits 0.38  spf 68.6  z0 0.75  garr 110.4  tG 939  e2 0.08  nF 3.9  pS 0.35  ptS 0.34  fLog 0.62  pdΔ -0.1473  pkR 5.83  clip 0.07  kl +0.002
upd  125  steps  258048  sps 1193  opp symm  loss +0.006  pg +0.0361  v 0.006  ev +0.93  adv_std 0.105  tR +1.00  ent[s/d/p/e] 1.73/2.30/1.39/0.55  emits 0.38  spf 76.8  z0 0.74  garr 110.8  tG 936  e2 0.08  nF 4.2  pS 0.36  ptS 0.35  fLog 0.64  pdΔ -0.1373  pkR 4.50  clip 0.11  kl +0.007
upd  126  steps  260096  sps 1199  opp symm  loss -0.037  pg -0.0071  v 0.005  ev +0.94  adv_std 0.096  tR +0.33  ent[s/d/p/e] 1.85/2.30/1.39/0.52  emits 0.44  spf 81.6  z0 0.73  garr 106.5  tG 912  e2 0.09  nF 4.3  pS 0.37  ptS 0.36  fLog 0.65  pdΔ -0.1293  pkR 5.16  clip 0.18  kl +0.009
upd  127  steps  262144  sps 1205  opp symm  loss -0.028  pg +0.0016  v 0.007  ev +0.92  adv_std 0.119  tR +0.14  ent[s/d/p/e] 1.81/2.22/1.32/0.57  emits 0.52  spf 62.9  z0 0.69  garr 101.4  tG 823  e2 0.11  nF 5.2  pS 0.36  ptS 0.35  fLog 0.61  pdΔ -0.1386  pkR 5.16  clip 0.18  kl +0.006
upd  128  steps  264192  sps 1210  opp symm  loss -0.032  pg -0.0017  v 0.004  ev +0.95  adv_std 0.091  tR -0.50  ent[s/d/p/e] 1.83/2.25/1.36/0.54  emits 0.53  spf 60.7  z0 0.70  garr 81.9  tG 684  e2 0.11  nF 5.5  pS 0.35  ptS 0.34  fLog 0.61  pdΔ -0.1474  pkR 4.61  clip 0.11  kl +0.006
upd  129  steps  266240  sps 1216  opp symm  loss -0.025  pg +0.0069  v 0.004  ev +0.95  adv_std 0.089  tR +0.33  ent[s/d/p/e] 1.92/2.30/1.31/0.57  emits 0.62  spf 56.3  z0 0.67  garr 83.2  tG 692  e2 0.12  nF 6.5  pS 0.37  ptS 0.36  fLog 0.60  pdΔ -0.1282  pkR 4.52  clip 0.11  kl +0.004
upd  130  steps  268288  sps 1222  opp symm  loss -0.044  pg -0.0156  v 0.008  ev +0.91  adv_std 0.127  tR +1.00  ent[s/d/p/e] 1.79/2.24/1.35/0.55  emits 0.55  spf 52.3  z0 0.69  garr 89.7  tG 754  e2 0.11  nF 6.3  pS 0.37  ptS 0.36  fLog 0.58  pdΔ -0.1259  pkR 5.92  clip 0.11  kl +0.003
upd  131  steps  270336  sps 1228  opp symm  loss -0.054  pg -0.0255  v 0.008  ev +0.92  adv_std 0.134  tR +0.25  ent[s/d/p/e] 1.74/2.21/1.36/0.56  emits 0.54  spf 51.2  z0 0.69  garr 81.4  tG 642  e2 0.11  nF 5.8  pS 0.34  ptS 0.33  fLog 0.59  pdΔ -0.1592  pkR 6.81  clip 0.08  kl +0.003
upd  132  steps  272384  sps 1233  opp symm  loss -0.046  pg -0.0162  v 0.006  ev +0.95  adv_std 0.113  tR -0.60  ent[s/d/p/e] 1.77/2.18/1.36/0.55  emits 0.54  spf 49.2  z0 0.70  garr 76.6  tG 605  e2 0.12  nF 6.2  pS 0.34  ptS 0.33  fLog 0.58  pdΔ -0.1592  pkR 7.44  clip 0.12  kl +0.005
upd  133  steps  274432  sps 1239  opp symm  loss -0.047  pg -0.0162  v 0.004  ev +0.97  adv_std 0.082  tR +0.33  ent[s/d/p/e] 1.70/2.13/1.42/0.58  emits 0.65  spf 51.0  z0 0.66  garr 82.9  tG 674  e2 0.15  nF 6.5  pS 0.35  ptS 0.34  fLog 0.58  pdΔ -0.1536  pkR 8.23  clip 0.14  kl +0.005
upd  134  steps  276480  sps 1245  opp symm  loss -0.042  pg -0.0118  v 0.005  ev +0.96  adv_std 0.098  tR -0.33  ent[s/d/p/e] 1.75/2.16/1.38/0.57  emits 0.65  spf 50.9  z0 0.66  garr 83.4  tG 688  e2 0.14  nF 7.5  pS 0.34  ptS 0.34  fLog 0.57  pdΔ -0.1552  pkR 8.00  clip 0.12  kl +0.002
upd  135  steps  278528  sps 1250  opp symm  loss +0.005  pg +0.0332  v 0.006  ev +0.95  adv_std 0.108  tR -0.11  ent[s/d/p/e] 1.66/2.01/1.42/0.53  emits 0.58  spf 45.8  z0 0.69  garr 65.9  tG 538  e2 0.12  nF 7.3  pS 0.32  ptS 0.31  fLog 0.56  pdΔ -0.1824  pkR 8.90  clip 0.10  kl +0.007
upd  136  steps  280576  sps 1256  opp symm  loss -0.053  pg -0.0252  v 0.006  ev +0.96  adv_std 0.110  tR +0.67  ent[s/d/p/e] 1.48/1.92/1.36/0.54  emits 0.52  spf 47.6  z0 0.70  garr 64.5  tG 531  e2 0.11  nF 6.1  pS 0.30  ptS 0.29  fLog 0.57  pdΔ -0.2021  pkR 7.31  clip 0.09  kl +0.002
upd  137  steps  282624  sps 1261  opp symm  loss -0.062  pg -0.0330  v 0.004  ev +0.96  adv_std 0.093  tR -0.60  ent[s/d/p/e] 1.36/1.90/1.35/0.58  emits 0.63  spf 39.2  z0 0.65  garr 55.9  tG 420  e2 0.14  nF 7.0  pS 0.29  ptS 0.28  fLog 0.55  pdΔ -0.2142  pkR 10.60  clip 0.13  kl +0.004
upd  138  steps  284672  sps 1267  opp symm  loss -0.032  pg -0.0022  v 0.003  ev +0.97  adv_std 0.077  tR +0.60  ent[s/d/p/e] 1.41/1.93/1.36/0.58  emits 0.63  spf 39.8  z0 0.65  garr 56.7  tG 429  e2 0.13  nF 7.4  pS 0.30  ptS 0.29  fLog 0.55  pdΔ -0.1962  pkR 8.24  clip 0.11  kl +0.005
upd  139  steps  286720  sps 1272  opp symm  loss -0.046  pg -0.0163  v 0.003  ev +0.97  adv_std 0.083  tR -1.00  ent[s/d/p/e] 1.46/2.05/1.39/0.57  emits 0.58  spf 46.6  z0 0.68  garr 61.7  tG 456  e2 0.13  nF 6.7  pS 0.30  ptS 0.29  fLog 0.57  pdΔ -0.1988  pkR 8.21  clip 0.07  kl +0.004
upd  140  steps  288768  sps 1277  opp symm  loss -0.074  pg -0.0450  v 0.006  ev +0.95  adv_std 0.105  tR -0.14  ent[s/d/p/e] 1.44/2.04/1.40/0.57  emits 0.59  spf 44.8  z0 0.67  garr 63.4  tG 497  e2 0.13  nF 5.8  pS 0.31  ptS 0.30  fLog 0.57  pdΔ -0.1928  pkR 6.68  clip 0.09  kl +0.002
upd  141  steps  290816  sps 1283  opp symm  loss -0.030  pg +0.0000  v 0.005  ev +0.96  adv_std 0.094  tR -0.50  ent[s/d/p/e] 1.49/2.04/1.36/0.58  emits 0.66  spf 46.3  z0 0.64  garr 61.3  tG 505  e2 0.14  nF 6.4  pS 0.31  ptS 0.31  fLog 0.57  pdΔ -0.1851  pkR 7.52  clip 0.09  kl +0.002
upd  142  steps  292864  sps 1288  opp symm  loss -0.015  pg +0.0144  v 0.004  ev +0.96  adv_std 0.091  tR +0.00  ent[s/d/p/e] 1.48/1.94/1.38/0.56  emits 0.58  spf 48.0  z0 0.67  garr 63.2  tG 514  e2 0.12  nF 5.9  pS 0.32  ptS 0.31  fLog 0.57  pdΔ -0.1850  pkR 6.39  clip 0.12  kl +0.004
upd  143  steps  294912  sps 1294  opp symm  loss -0.011  pg +0.0173  v 0.007  ev +0.95  adv_std 0.121  tR +0.43  ent[s/d/p/e] 1.43/1.93/1.41/0.57  emits 0.60  spf 48.1  z0 0.66  garr 67.8  tG 537  e2 0.13  nF 5.4  pS 0.31  ptS 0.30  fLog 0.58  pdΔ -0.1875  pkR 5.35  clip 0.08  kl +0.001
upd  144  steps  296960  sps 1299  opp symm  loss -0.015  pg +0.0149  v 0.003  ev +0.97  adv_std 0.082  tR +0.00  ent[s/d/p/e] 1.57/1.94/1.39/0.56  emits 0.56  spf 51.7  z0 0.68  garr 70.0  tG 570  e2 0.12  nF 5.4  pS 0.32  ptS 0.31  fLog 0.59  pdΔ -0.1761  pkR 6.78  clip 0.09  kl +0.002
upd  145  steps  299008  sps 1304  opp symm  loss -0.037  pg -0.0077  v 0.006  ev +0.96  adv_std 0.108  tR -0.20  ent[s/d/p/e] 1.72/2.00/1.38/0.56  emits 0.68  spf 51.9  z0 0.65  garr 72.6  tG 611  e2 0.14  nF 6.5  pS 0.35  ptS 0.34  fLog 0.59  pdΔ -0.1496  pkR 7.08  clip 0.12  kl +0.006
upd  146  steps  301056  sps 1309  opp symm  loss -0.081  pg -0.0538  v 0.009  ev +0.95  adv_std 0.134  tR +0.64  ent[s/d/p/e] 1.68/2.03/1.37/0.54  emits 0.60  spf 51.8  z0 0.68  garr 78.3  tG 697  e2 0.12  nF 6.2  pS 0.35  ptS 0.34  fLog 0.59  pdΔ -0.1459  pkR 6.57  clip 0.09  kl +0.003
upd  147  steps  303104  sps 1315  opp symm  loss -0.059  pg -0.0303  v 0.006  ev +0.96  adv_std 0.111  tR +0.50  ent[s/d/p/e] 1.59/2.03/1.39/0.55  emits 0.53  spf 55.7  z0 0.70  garr 82.7  tG 709  e2 0.10  nF 5.3  pS 0.32  ptS 0.31  fLog 0.59  pdΔ -0.1776  pkR 7.04  clip 0.09  kl +0.003
upd  148  steps  305152  sps 1320  opp symm  loss +0.000  pg +0.0278  v 0.007  ev +0.96  adv_std 0.115  tR +0.00  ent[s/d/p/e] 1.51/2.01/1.42/0.53  emits 0.50  spf 55.2  z0 0.72  garr 85.3  tG 698  e2 0.10  nF 5.2  pS 0.31  ptS 0.30  fLog 0.59  pdΔ -0.1862  pkR 6.86  clip 0.11  kl +0.000
upd  149  steps  307200  sps 1325  opp symm  loss -0.033  pg -0.0051  v 0.008  ev +0.95  adv_std 0.127  tR -0.33  ent[s/d/p/e] 1.56/2.01/1.45/0.55  emits 0.56  spf 53.1  z0 0.70  garr 90.3  tG 733  e2 0.12  nF 5.5  pS 0.33  ptS 0.32  fLog 0.59  pdΔ -0.1672  pkR 6.06  clip 0.16  kl +0.009
upd  150  steps  309248  sps 1330  opp symm  loss -0.030  pg -0.0006  v 0.005  ev +0.97  adv_std 0.098  tR +0.00  ent[s/d/p/e] 1.62/2.01/1.39/0.55  emits 0.56  spf 52.0  z0 0.69  garr 89.9  tG 755  e2 0.12  nF 5.7  pS 0.34  ptS 0.33  fLog 0.58  pdΔ -0.1560  pkR 4.69  clip 0.10  kl +0.002
upd  151  steps  311296  sps 1335  opp symm  loss -0.013  pg +0.0139  v 0.008  ev +0.94  adv_std 0.132  tR -0.20  ent[s/d/p/e] 1.63/2.02/1.42/0.52  emits 0.51  spf 61.2  z0 0.71  garr 86.7  tG 761  e2 0.11  nF 5.7  pS 0.35  ptS 0.34  fLog 0.61  pdΔ -0.1461  pkR 4.92  clip 0.12  kl +0.002
upd  152  steps  313344  sps 1340  opp symm  loss -0.049  pg -0.0217  v 0.010  ev +0.94  adv_std 0.138  tR +0.00  ent[s/d/p/e] 1.60/2.07/1.45/0.55  emits 0.53  spf 52.6  z0 0.70  garr 85.3  tG 760  e2 0.11  nF 5.6  pS 0.37  ptS 0.35  fLog 0.60  pdΔ -0.1346  pkR 6.32  clip 0.14  kl +0.007
upd  153  steps  315392  sps 1345  opp symm  loss -0.037  pg -0.0073  v 0.006  ev +0.96  adv_std 0.106  tR +0.20  ent[s/d/p/e] 1.68/2.12/1.44/0.57  emits 0.58  spf 56.0  z0 0.69  garr 87.3  tG 808  e2 0.12  nF 6.0  pS 0.38  ptS 0.37  fLog 0.60  pdΔ -0.1237  pkR 6.94  clip 0.12  kl +0.006
upd  154  steps  317440  sps 1350  opp symm  loss -0.062  pg -0.0316  v 0.004  ev +0.98  adv_std 0.088  tR +0.00  ent[s/d/p/e] 1.71/2.11/1.42/0.57  emits 0.66  spf 54.5  z0 0.65  garr 78.9  tG 730  e2 0.14  nF 6.5  pS 0.37  ptS 0.36  fLog 0.60  pdΔ -0.1305  pkR 8.68  clip 0.12  kl +0.003
upd  155  steps  319488  sps 1355  opp symm  loss +0.001  pg +0.0310  v 0.006  ev +0.96  adv_std 0.114  tR +0.00  ent[s/d/p/e] 1.80/2.15/1.41/0.58  emits 0.78  spf 51.9  z0 0.62  garr 70.6  tG 646  e2 0.16  nF 7.2  pS 0.38  ptS 0.37  fLog 0.60  pdΔ -0.1205  pkR 7.41  clip 0.08  kl +0.001
upd  156  steps  321536  sps 1360  opp symm  loss -0.026  pg +0.0041  v 0.005  ev +0.97  adv_std 0.095  tR +0.50  ent[s/d/p/e] 1.83/2.13/1.35/0.56  emits 0.83  spf 51.9  z0 0.62  garr 75.4  tG 698  e2 0.17  nF 8.3  pS 0.40  ptS 0.39  fLog 0.60  pdΔ -0.1001  pkR 8.08  clip 0.11  kl +0.004
upd  157  steps  323584  sps 1365  opp symm  loss +0.015  pg +0.0443  v 0.005  ev +0.96  adv_std 0.104  tR +0.60  ent[s/d/p/e] 1.83/2.13/1.35/0.54  emits 0.70  spf 52.6  z0 0.67  garr 76.5  tG 714  e2 0.14  nF 8.1  pS 0.38  ptS 0.38  fLog 0.59  pdΔ -0.1190  pkR 7.76  clip 0.10  kl +0.002
upd  158  steps  325632  sps 1370  opp symm  loss -0.096  pg -0.0667  v 0.006  ev +0.96  adv_std 0.107  tR -0.14  ent[s/d/p/e] 1.85/2.14/1.37/0.55  emits 0.69  spf 57.0  z0 0.68  garr 81.4  tG 775  e2 0.15  nF 7.0  pS 0.38  ptS 0.37  fLog 0.61  pdΔ -0.1247  pkR 7.49  clip 0.10  kl +0.003
upd  159  steps  327680  sps 1375  opp symm  loss -0.023  pg +0.0055  v 0.007  ev +0.95  adv_std 0.120  tR +0.60  ent[s/d/p/e] 1.89/2.17/1.39/0.52  emits 0.69  spf 54.7  z0 0.69  garr 79.6  tG 718  e2 0.14  nF 7.1  pS 0.36  ptS 0.36  fLog 0.60  pdΔ -0.1420  pkR 8.62  clip 0.09  kl +0.002
upd  160  steps  329728  sps 1380  opp symm  loss -0.023  pg +0.0054  v 0.006  ev +0.96  adv_std 0.107  tR +0.33  ent[s/d/p/e] 1.71/2.09/1.39/0.53  emits 0.56  spf 54.8  z0 0.70  garr 79.9  tG 703  e2 0.12  nF 5.8  pS 0.34  ptS 0.34  fLog 0.60  pdΔ -0.1630  pkR 6.03  clip 0.08  kl +0.000
upd  161  steps  331776  sps 1385  opp symm  loss -0.024  pg +0.0040  v 0.006  ev +0.95  adv_std 0.114  tR +0.33  ent[s/d/p/e] 1.66/2.04/1.42/0.52  emits 0.51  spf 52.6  z0 0.71  garr 81.9  tG 741  e2 0.10  nF 5.6  pS 0.33  ptS 0.33  fLog 0.59  pdΔ -0.1669  pkR 6.17  clip 0.09  kl +0.005
upd  162  steps  333824  sps 1389  opp symm  loss -0.080  pg -0.0523  v 0.006  ev +0.95  adv_std 0.112  tR +0.11  ent[s/d/p/e] 1.60/1.99/1.41/0.53  emits 0.48  spf 58.6  z0 0.72  garr 78.9  tG 671  e2 0.09  nF 4.6  pS 0.30  ptS 0.30  fLog 0.60  pdΔ -0.1953  pkR 6.77  clip 0.09  kl +0.001
upd  163  steps  335872  sps 1394  opp symm  loss -0.029  pg -0.0013  v 0.007  ev +0.93  adv_std 0.120  tR +0.11  ent[s/d/p/e] 1.59/2.00/1.40/0.55  emits 0.55  spf 52.3  z0 0.69  garr 72.6  tG 579  e2 0.11  nF 4.9  pS 0.30  ptS 0.29  fLog 0.58  pdΔ -0.1970  pkR 8.01  clip 0.11  kl +0.002
upd  164  steps  337920  sps 1399  opp symm  loss -0.031  pg -0.0041  v 0.010  ev +0.91  adv_std 0.143  tR -1.00  ent[s/d/p/e] 1.53/1.97/1.47/0.55  emits 0.53  spf 48.2  z0 0.69  garr 70.0  tG 526  e2 0.12  nF 5.2  pS 0.31  ptS 0.29  fLog 0.58  pdΔ -0.1945  pkR 9.42  clip 0.18  kl +0.007
upd  165  steps  339968  sps 1404  opp symm  loss +0.010  pg +0.0351  v 0.014  ev +0.90  adv_std 0.168  tR +0.20  ent[s/d/p/e] 1.62/1.99/1.41/0.57  emits 0.52  spf 51.7  z0 0.71  garr 70.1  tG 542  e2 0.10  nF 5.0  pS 0.32  ptS 0.31  fLog 0.59  pdΔ -0.1799  pkR 6.92  clip 0.13  kl +0.006
upd  166  steps  342016  sps 1408  opp symm  loss +0.001  pg +0.0299  v 0.006  ev +0.96  adv_std 0.111  tR +0.00  ent[s/d/p/e] 1.64/1.97/1.47/0.54  emits 0.52  spf 50.2  z0 0.69  garr 73.3  tG 550  e2 0.11  nF 4.8  pS 0.33  ptS 0.32  fLog 0.58  pdΔ -0.1713  pkR 5.37  clip 0.16  kl +0.001
upd  167  steps  344064  sps 1413  opp symm  loss -0.005  pg +0.0249  v 0.006  ev +0.96  adv_std 0.113  tR -0.50  ent[s/d/p/e] 1.76/2.09/1.45/0.55  emits 0.56  spf 53.9  z0 0.70  garr 78.4  tG 583  e2 0.11  nF 5.0  pS 0.33  ptS 0.32  fLog 0.60  pdΔ -0.1692  pkR 4.72  clip 0.09  kl +0.003
upd  168  steps  346112  sps 1418  opp symm  loss -0.033  pg -0.0051  v 0.007  ev +0.96  adv_std 0.118  tR +0.20  ent[s/d/p/e] 1.74/2.08/1.41/0.51  emits 0.50  spf 57.5  z0 0.72  garr 84.6  tG 662  e2 0.10  nF 4.8  pS 0.34  ptS 0.33  fLog 0.60  pdΔ -0.1585  pkR 6.55  clip 0.11  kl +0.005
upd  169  steps  348160  sps 1422  opp symm  loss -0.040  pg -0.0122  v 0.009  ev +0.94  adv_std 0.132  tR +0.14  ent[s/d/p/e] 1.72/2.07/1.48/0.53  emits 0.53  spf 63.2  z0 0.72  garr 89.1  tG 675  e2 0.11  nF 4.6  pS 0.34  ptS 0.32  fLog 0.62  pdΔ -0.1643  pkR 4.42  clip 0.06  kl +0.001
upd  170  steps  350208  sps 1427  opp symm  loss -0.059  pg -0.0334  v 0.013  ev +0.90  adv_std 0.162  tR -0.33  ent[s/d/p/e] 1.66/2.00/1.51/0.53  emits 0.52  spf 54.4  z0 0.72  garr 86.0  tG 672  e2 0.11  nF 5.2  pS 0.33  ptS 0.32  fLog 0.59  pdΔ -0.1691  pkR 5.88  clip 0.09  kl +0.000
upd  171  steps  352256  sps 1431  opp symm  loss -0.004  pg +0.0239  v 0.009  ev +0.94  adv_std 0.136  tR +1.00  ent[s/d/p/e] 1.76/2.02/1.47/0.54  emits 0.58  spf 55.1  z0 0.69  garr 81.0  tG 629  e2 0.12  nF 5.8  pS 0.34  ptS 0.32  fLog 0.59  pdΔ -0.1575  pkR 5.73  clip 0.14  kl +0.005
upd  172  steps  354304  sps 1436  opp symm  loss -0.017  pg +0.0108  v 0.011  ev +0.94  adv_std 0.148  tR -0.33  ent[s/d/p/e] 1.84/2.09/1.51/0.53  emits 0.65  spf 54.1  z0 0.69  garr 76.1  tG 623  e2 0.13  nF 6.3  pS 0.36  ptS 0.34  fLog 0.60  pdΔ -0.1374  pkR 6.37  clip 0.09  kl +0.001
upd  173  steps  356352  sps 1440  opp symm  loss -0.010  pg +0.0189  v 0.008  ev +0.95  adv_std 0.129  tR +0.33  ent[s/d/p/e] 1.90/2.12/1.56/0.52  emits 0.63  spf 53.5  z0 0.70  garr 82.6  tG 693  e2 0.12  nF 6.4  pS 0.37  ptS 0.35  fLog 0.60  pdΔ -0.1288  pkR 6.51  clip 0.07  kl +0.001
upd  174  steps  358400  sps 1445  opp symm  loss -0.006  pg +0.0214  v 0.009  ev +0.95  adv_std 0.137  tR +0.00  ent[s/d/p/e] 1.87/2.07/1.48/0.51  emits 0.68  spf 50.3  z0 0.69  garr 86.3  tG 733  e2 0.14  nF 7.2  pS 0.37  ptS 0.36  fLog 0.58  pdΔ -0.1259  pkR 5.67  clip 0.10  kl +0.005
upd  175  steps  360448  sps 1449  opp symm  loss -0.005  pg +0.0220  v 0.009  ev +0.95  adv_std 0.138  tR +0.60  ent[s/d/p/e] 1.96/2.19/1.42/0.48  emits 0.63  spf 47.9  z0 0.73  garr 94.5  tG 760  e2 0.12  nF 7.0  pS 0.34  ptS 0.33  fLog 0.57  pdΔ -0.1564  pkR 5.91  clip 0.08  kl +0.002
upd  176  steps  362496  sps 1454  opp symm  loss +0.027  pg +0.0538  v 0.009  ev +0.95  adv_std 0.135  tR +0.43  ent[s/d/p/e] 1.84/2.15/1.41/0.46  emits 0.59  spf 44.5  z0 0.74  garr 101.5  tG 783  e2 0.11  nF 6.3  pS 0.31  ptS 0.30  fLog 0.56  pdΔ -0.1938  pkR 6.46  clip 0.12  kl +0.005
upd  177  steps  364544  sps 1458  opp symm  loss -0.069  pg -0.0478  v 0.015  ev +0.91  adv_std 0.176  tR +0.40  ent[s/d/p/e] 1.57/1.96/1.37/0.43  emits 0.38  spf 45.0  z0 0.79  garr 103.5  tG 842  e2 0.07  nF 4.8  pS 0.29  ptS 0.28  fLog 0.56  pdΔ -0.2077  pkR 7.15  clip 0.06  kl +0.002
upd  178  steps  366592  sps 1463  opp symm  loss -0.100  pg -0.0743  v 0.007  ev +0.95  adv_std 0.120  tR -1.00  ent[s/d/p/e] 1.60/1.97/1.36/0.47  emits 0.43  spf 43.0  z0 0.76  garr 86.3  tG 651  e2 0.08  nF 4.1  pS 0.27  ptS 0.26  fLog 0.56  pdΔ -0.2291  pkR 9.06  clip 0.10  kl +0.003
upd  179  steps  368640  sps 1467  opp symm  loss -0.058  pg -0.0317  v 0.009  ev +0.95  adv_std 0.131  tR +0.00  ent[s/d/p/e] 1.54/1.93/1.46/0.50  emits 0.45  spf 48.3  z0 0.73  garr 84.3  tG 601  e2 0.10  nF 4.7  pS 0.28  ptS 0.28  fLog 0.57  pdΔ -0.2160  pkR 10.64  clip 0.12  kl +0.004
upd  180  steps  370688  sps 1471  opp symm  loss -0.020  pg +0.0076  v 0.009  ev +0.95  adv_std 0.135  tR +0.50  ent[s/d/p/e] 1.55/1.92/1.47/0.55  emits 0.53  spf 53.8  z0 0.71  garr 81.7  tG 533  e2 0.11  nF 4.9  pS 0.29  ptS 0.28  fLog 0.60  pdΔ -0.2066  pkR 11.50  clip 0.11  kl +0.001
upd  181  steps  372736  sps 1476  opp symm  loss -0.022  pg +0.0070  v 0.007  ev +0.96  adv_std 0.122  tR +0.00  ent[s/d/p/e] 1.62/1.97/1.46/0.57  emits 0.58  spf 51.0  z0 0.67  garr 72.6  tG 495  e2 0.12  nF 5.9  pS 0.32  ptS 0.31  fLog 0.59  pdΔ -0.1840  pkR 4.76  clip 0.10  kl +0.001
upd  182  steps  374784  sps 1480  opp symm  loss -0.029  pg -0.0012  v 0.008  ev +0.96  adv_std 0.127  tR +0.20  ent[s/d/p/e] 1.49/1.83/1.44/0.58  emits 0.61  spf 49.4  z0 0.65  garr 67.5  tG 483  e2 0.13  nF 5.9  pS 0.31  ptS 0.30  fLog 0.58  pdΔ -0.1930  pkR 5.55  clip 0.11  kl +0.001
upd  183  steps  376832  sps 1484  opp symm  loss -0.038  pg -0.0099  v 0.008  ev +0.96  adv_std 0.121  tR +0.00  ent[s/d/p/e] 1.53/1.79/1.47/0.57  emits 0.65  spf 47.6  z0 0.65  garr 65.3  tG 511  e2 0.14  nF 7.2  pS 0.34  ptS 0.33  fLog 0.57  pdΔ -0.1626  pkR 5.08  clip 0.11  kl +0.004
upd  184  steps  378880  sps 1489  opp symm  loss -0.056  pg -0.0277  v 0.007  ev +0.96  adv_std 0.118  tR +0.14  ent[s/d/p/e] 1.58/1.83/1.47/0.58  emits 0.65  spf 45.3  z0 0.65  garr 63.9  tG 526  e2 0.14  nF 7.3  pS 0.33  ptS 0.32  fLog 0.56  pdΔ -0.1709  pkR 6.73  clip 0.14  kl +0.002
upd  185  steps  380928  sps 1493  opp symm  loss -0.031  pg -0.0018  v 0.005  ev +0.97  adv_std 0.104  tR +0.33  ent[s/d/p/e] 1.54/1.76/1.50/0.57  emits 0.55  spf 47.4  z0 0.67  garr 70.3  tG 619  e2 0.12  nF 6.6  pS 0.34  ptS 0.33  fLog 0.57  pdΔ -0.1578  pkR 9.19  clip 0.14  kl +0.003
upd  186  steps  382976  sps 1497  opp symm  loss -0.038  pg -0.0100  v 0.007  ev +0.96  adv_std 0.120  tR +0.11  ent[s/d/p/e] 1.57/1.81/1.47/0.56  emits 0.56  spf 49.9  z0 0.68  garr 77.9  tG 665  e2 0.12  nF 6.6  pS 0.35  ptS 0.34  fLog 0.58  pdΔ -0.1479  pkR 6.54  clip 0.08  kl +0.003
upd  187  steps  385024  sps 1501  opp symm  loss -0.016  pg +0.0130  v 0.006  ev +0.96  adv_std 0.114  tR -0.33  ent[s/d/p/e] 1.55/1.83/1.46/0.57  emits 0.52  spf 51.1  z0 0.69  garr 83.3  tG 706  e2 0.10  nF 5.4  pS 0.34  ptS 0.32  fLog 0.58  pdΔ -0.1602  pkR 5.38  clip 0.08  kl +0.003
upd  188  steps  387072  sps 1505  opp symm  loss -0.000  pg +0.0283  v 0.006  ev +0.96  adv_std 0.108  tR +0.33  ent[s/d/p/e] 1.65/1.89/1.45/0.53  emits 0.51  spf 55.4  z0 0.70  garr 91.1  tG 774  e2 0.10  nF 5.5  pS 0.35  ptS 0.34  fLog 0.59  pdΔ -0.1482  pkR 5.15  clip 0.14  kl +0.004
upd  189  steps  389120  sps 1510  opp symm  loss -0.064  pg -0.0372  v 0.010  ev +0.95  adv_std 0.140  tR -0.33  ent[s/d/p/e] 1.66/1.93/1.44/0.52  emits 0.45  spf 58.0  z0 0.74  garr 110.8  tG 954  e2 0.09  nF 5.1  pS 0.36  ptS 0.35  fLog 0.60  pdΔ -0.1408  pkR 5.28  clip 0.13  kl +0.004
upd  190  steps  391168  sps 1514  opp symm  loss -0.009  pg +0.0173  v 0.006  ev +0.96  adv_std 0.113  tR +0.20  ent[s/d/p/e] 1.62/1.88/1.38/0.49  emits 0.41  spf 57.2  z0 0.75  garr 117.1  tG 1049  e2 0.08  nF 4.6  pS 0.35  ptS 0.34  fLog 0.59  pdΔ -0.1495  pkR 5.42  clip 0.07  kl +0.004
upd  191  steps  393216  sps 1518  opp symm  loss +0.009  pg +0.0344  v 0.008  ev +0.95  adv_std 0.127  tR +0.11  ent[s/d/p/e] 1.61/1.87/1.39/0.49  emits 0.41  spf 57.4  z0 0.75  garr 116.7  tG 984  e2 0.08  nF 4.5  pS 0.34  ptS 0.32  fLog 0.58  pdΔ -0.1637  pkR 6.59  clip 0.10  kl +0.004
upd  192  steps  395264  sps 1522  opp symm  loss -0.026  pg -0.0009  v 0.009  ev +0.94  adv_std 0.135  tR +0.14  ent[s/d/p/e] 1.71/1.97/1.33/0.46  emits 0.41  spf 63.7  z0 0.76  garr 118.5  tG 981  e2 0.08  nF 4.2  pS 0.34  ptS 0.32  fLog 0.60  pdΔ -0.1597  pkR 4.90  clip 0.07  kl +0.003
upd  193  steps  397312  sps 1526  opp symm  loss +0.002  pg +0.0275  v 0.008  ev +0.95  adv_std 0.129  tR +1.00  ent[s/d/p/e] 1.63/1.94/1.37/0.47  emits 0.38  spf 57.4  z0 0.77  garr 130.2  tG 1074  e2 0.07  nF 4.0  pS 0.34  ptS 0.32  fLog 0.59  pdΔ -0.1610  pkR 5.59  clip 0.09  kl +0.005
upd  194  steps  399360  sps 1530  opp symm  loss +0.001  pg +0.0269  v 0.008  ev +0.95  adv_std 0.131  tR -0.43  ent[s/d/p/e] 1.71/1.99/1.49/0.47  emits 0.39  spf 59.9  z0 0.77  garr 137.4  tG 1133  e2 0.07  nF 4.2  pS 0.34  ptS 0.33  fLog 0.60  pdΔ -0.1554  pkR 5.54  clip 0.07  kl +0.001
upd  195  steps  401408  sps 1534  opp symm  loss -0.034  pg -0.0065  v 0.007  ev +0.95  adv_std 0.117  tR +0.33  ent[s/d/p/e] 1.76/1.96/1.51/0.49  emits 0.46  spf 58.3  z0 0.75  garr 125.5  tG 1034  e2 0.09  nF 4.5  pS 0.34  ptS 0.33  fLog 0.60  pdΔ -0.1627  pkR 5.27  clip 0.10  kl +0.003
upd  196  steps  403456  sps 1538  opp symm  loss +0.038  pg +0.0662  v 0.007  ev +0.94  adv_std 0.124  tR -1.00  ent[s/d/p/e] 1.83/1.99/1.50/0.49  emits 0.50  spf 69.2  z0 0.75  garr 131.3  tG 1036  e2 0.10  nF 4.7  pS 0.33  ptS 0.32  fLog 0.61  pdΔ -0.1708  pkR 5.41  clip 0.06  kl +0.001
upd  197  steps  405504  sps 1542  opp symm  loss +0.018  pg +0.0458  v 0.007  ev +0.94  adv_std 0.118  tR +0.00  ent[s/d/p/e] 1.91/2.06/1.50/0.48  emits 0.50  spf 56.8  z0 0.75  garr 130.7  tG 1010  e2 0.10  nF 5.4  pS 0.35  ptS 0.33  fLog 0.59  pdΔ -0.1543  pkR 6.31  clip 0.09  kl +0.003
upd  198  steps  407552  sps 1546  opp symm  loss +0.022  pg +0.0490  v 0.008  ev +0.93  adv_std 0.128  tR +0.60  ent[s/d/p/e] 1.95/2.10/1.49/0.45  emits 0.45  spf 53.3  z0 0.77  garr 137.9  tG 1116  e2 0.09  nF 5.8  pS 0.35  ptS 0.34  fLog 0.58  pdΔ -0.1488  pkR 6.48  clip 0.05  kl +0.003
[eval_vs_v20] u199 tag=train_u199  bin0=0.0%  spf=0.00  garr=128.50  flip=44.44%  z0=67.4%  e8=0.0%  e2+=0.0%  WLD=0/3/0
upd  199  steps  409600  sps 1550  opp symm  loss +0.033  pg +0.0596  v 0.009  ev +0.92  adv_std 0.133  tR +0.50  ent[s/d/p/e] 1.96/2.05/1.50/0.46  emits 0.42  spf 52.9  z0 0.78  garr 153.9  tG 1241  e2 0.08  nF 4.9  pS 0.35  ptS 0.34  fLog 0.58  pdΔ -0.1546  pkR 6.81  clip 0.08  kl +0.006 WRr 0.34 v20[spf 0.0 flip 44.4% e2+ 0.0%]
[ckpt] saved /home/charlie/project/OrbitWarRL/ckpt_search/v14f_binary_v1_a_p0i1_ORBITWARS_SHAPING_CAPTURE_0.06_e2928f3258/ckpt_000199.pkl opp=symm
upd  200  steps  411648  sps 1179  opp symm  loss -0.045  pg -0.0190  v 0.008  ev +0.94  adv_std 0.129  tR +0.14  ent[s/d/p/e] 2.03/2.09/1.39/0.43  emits 0.44  spf 58.6  z0 0.77  garr 159.3  tG 1277  e2 0.08  nF 4.6  pS 0.34  ptS 0.34  fLog 0.59  pdΔ -0.1578  pkR 7.36  clip 0.12  kl +0.004
upd  201  steps  413696  sps 1183  opp symm  loss -0.009  pg +0.0176  v 0.007  ev +0.95  adv_std 0.123  tR -0.14  ent[s/d/p/e] 1.93/2.04/1.43/0.42  emits 0.35  spf 55.8  z0 0.81  garr 155.1  tG 1180  e2 0.07  nF 3.9  pS 0.32  ptS 0.31  fLog 0.58  pdΔ -0.1847  pkR 8.89  clip 0.06  kl +0.003
upd  202  steps  415744  sps 1186  opp symm  loss +0.004  pg +0.0268  v 0.009  ev +0.92  adv_std 0.135  tR +0.00  ent[s/d/p/e] 1.68/1.85/1.39/0.40  emits 0.29  spf 55.7  z0 0.83  garr 149.3  tG 1082  e2 0.05  nF 3.0  pS 0.28  ptS 0.28  fLog 0.59  pdΔ -0.2169  pkR 9.06  clip 0.07  kl +0.003
upd  203  steps  417792  sps 1190  opp symm  loss +0.002  pg +0.0255  v 0.011  ev +0.92  adv_std 0.149  tR -0.20  ent[s/d/p/e] 1.71/1.88/1.47/0.43  emits 0.31  spf 62.9  z0 0.81  garr 154.5  tG 1159  e2 0.06  nF 3.2  pS 0.31  ptS 0.30  fLog 0.61  pdΔ -0.1923  pkR 5.99  clip 0.06  kl +0.001
upd  204  steps  419840  sps 1193  opp symm  loss -0.024  pg +0.0034  v 0.005  ev +0.96  adv_std 0.101  tR -0.33  ent[s/d/p/e] 1.86/2.03/1.53/0.41  emits 0.34  spf 68.3  z0 0.81  garr 169.9  tG 1356  e2 0.07  nF 3.1  pS 0.34  ptS 0.33  fLog 0.63  pdΔ -0.1599  pkR 6.11  clip 0.07  kl +0.004
upd  205  steps  421888  sps 1197  opp symm  loss +0.061  pg +0.0883  v 0.006  ev +0.95  adv_std 0.109  tR +0.00  ent[s/d/p/e] 1.90/2.06/1.55/0.41  emits 0.37  spf 73.7  z0 0.79  garr 194.9  tG 1565  e2 0.07  nF 3.4  pS 0.36  ptS 0.35  fLog 0.64  pdΔ -0.1387  pkR 5.95  clip 0.06  kl -0.000
upd  206  steps  423936  sps 1201  opp symm  loss +0.018  pg +0.0467  v 0.004  ev +0.96  adv_std 0.088  tR +0.50  ent[s/d/p/e] 1.95/2.11/1.54/0.41  emits 0.44  spf 64.7  z0 0.78  garr 194.6  tG 1567  e2 0.08  nF 3.9  pS 0.38  ptS 0.36  fLog 0.62  pdΔ -0.1245  pkR 5.54  clip 0.08  kl +0.004
upd  207  steps  425984  sps 1204  opp symm  loss +0.053  pg +0.0811  v 0.006  ev +0.94  adv_std 0.107  tR +0.67  ent[s/d/p/e] 2.07/2.18/1.47/0.41  emits 0.44  spf 69.3  z0 0.80  garr 188.6  tG 1490  e2 0.09  nF 3.6  pS 0.37  ptS 0.36  fLog 0.62  pdΔ -0.1297  pkR 4.76  clip 0.07  kl +0.002
upd  208  steps  428032  sps 1208  opp symm  loss +0.004  pg +0.0322  v 0.006  ev +0.93  adv_std 0.109  tR +0.60  ent[s/d/p/e] 2.08/2.15/1.46/0.44  emits 0.59  spf 64.0  z0 0.75  garr 196.8  tG 1514  e2 0.12  nF 4.6  pS 0.39  ptS 0.38  fLog 0.62  pdΔ -0.1144  pkR 5.37  clip 0.07  kl -0.001
upd  209  steps  430080  sps 1211  opp symm  loss +0.024  pg +0.0520  v 0.005  ev +0.94  adv_std 0.103  tR +1.00  ent[s/d/p/e] 2.04/2.06/1.44/0.41  emits 0.43  spf 62.7  z0 0.80  garr 215.2  tG 1591  e2 0.08  nF 4.1  pS 0.36  ptS 0.36  fLog 0.62  pdΔ -0.1371  pkR 5.67  clip 0.06  kl +0.001
upd  210  steps  432128  sps 1215  opp symm  loss -0.082  pg -0.0580  v 0.009  ev +0.91  adv_std 0.137  tR +0.60  ent[s/d/p/e] 1.83/1.92/1.50/0.38  emits 0.31  spf 62.4  z0 0.82  garr 206.3  tG 1444  e2 0.06  nF 3.1  pS 0.31  ptS 0.31  fLog 0.62  pdΔ -0.1874  pkR 6.61  clip 0.04  kl -0.001
upd  211  steps  434176  sps 1219  opp symm  loss -0.010  pg +0.0178  v 0.005  ev +0.95  adv_std 0.099  tR +1.00  ent[s/d/p/e] 1.79/2.01/1.54/0.42  emits 0.37  spf 68.3  z0 0.80  garr 190.3  tG 1306  e2 0.07  nF 3.1  pS 0.31  ptS 0.30  fLog 0.63  pdΔ -0.1933  pkR 8.11  clip 0.08  kl +0.002
upd  212  steps  436224  sps 1222  opp symm  loss -0.017  pg +0.0099  v 0.009  ev +0.92  adv_std 0.130  tR +0.20  ent[s/d/p/e] 1.88/2.03/1.58/0.42  emits 0.43  spf 58.1  z0 0.79  garr 189.8  tG 1301  e2 0.08  nF 4.2  pS 0.31  ptS 0.30  fLog 0.61  pdΔ -0.1877  pkR 8.41  clip 0.05  kl +0.001
upd  213  steps  438272  sps 1226  opp symm  loss +0.009  pg +0.0348  v 0.008  ev +0.91  adv_std 0.128  tR +0.50  ent[s/d/p/e] 1.84/2.04/1.57/0.40  emits 0.36  spf 57.4  z0 0.81  garr 187.0  tG 1299  e2 0.08  nF 3.7  pS 0.30  ptS 0.29  fLog 0.61  pdΔ -0.1977  pkR 8.80  clip 0.07  kl +0.003
upd  214  steps  440320  sps 1229  opp symm  loss +0.068  pg +0.0948  v 0.006  ev +0.95  adv_std 0.107  tR +0.00  ent[s/d/p/e] 1.88/1.98/1.52/0.40  emits 0.34  spf 58.9  z0 0.83  garr 191.1  tG 1295  e2 0.07  nF 3.6  pS 0.30  ptS 0.29  fLog 0.61  pdΔ -0.2047  pkR 7.44  clip 0.06  kl +0.002
upd  215  steps  442368  sps 1233  opp symm  loss +0.029  pg +0.0546  v 0.008  ev +0.93  adv_std 0.132  tR +0.33  ent[s/d/p/e] 1.96/2.10/1.52/0.39  emits 0.38  spf 60.8  z0 0.82  garr 205.0  tG 1427  e2 0.07  nF 4.0  pS 0.30  ptS 0.30  fLog 0.60  pdΔ -0.1975  pkR 7.35  clip 0.04  kl +0.002
upd  216  steps  444416  sps 1236  opp symm  loss -0.025  pg -0.0037  v 0.010  ev +0.92  adv_std 0.148  tR +0.33  ent[s/d/p/e] 1.62/1.83/1.43/0.36  emits 0.31  spf 55.2  z0 0.82  garr 174.5  tG 1153  e2 0.06  nF 3.7  pS 0.27  ptS 0.26  fLog 0.58  pdΔ -0.2324  pkR 8.68  clip 0.06  kl +0.003
upd  217  steps  446464  sps 1240  opp symm  loss -0.054  pg -0.0326  v 0.008  ev +0.93  adv_std 0.128  tR +0.50  ent[s/d/p/e] 1.32/1.64/1.39/0.38  emits 0.24  spf 51.9  z0 0.84  garr 151.1  tG 1017  e2 0.04  nF 2.9  pS 0.24  ptS 0.24  fLog 0.56  pdΔ -0.2572  pkR 7.88  clip 0.05  kl +0.003
upd  218  steps  448512  sps 1243  opp symm  loss -0.047  pg -0.0244  v 0.005  ev +0.96  adv_std 0.108  tR -0.33  ent[s/d/p/e] 1.38/1.66/1.39/0.37  emits 0.28  spf 52.1  z0 0.82  garr 152.6  tG 956  e2 0.05  nF 3.0  pS 0.24  ptS 0.24  fLog 0.56  pdΔ -0.2590  pkR 5.66  clip 0.10  kl +0.005
upd  219  steps  450560  sps 1246  opp symm  loss -0.001  pg +0.0231  v 0.004  ev +0.97  adv_std 0.088  tR +0.33  ent[s/d/p/e] 1.20/1.66/1.51/0.39  emits 0.24  spf 46.5  z0 0.84  garr 155.6  tG 976  e2 0.04  nF 2.9  pS 0.23  ptS 0.23  fLog 0.55  pdΔ -0.2659  pkR 6.57  clip 0.07  kl +0.001
upd  220  steps  452608  sps 1250  opp symm  loss -0.036  pg -0.0109  v 0.004  ev +0.97  adv_std 0.086  tR +0.00  ent[s/d/p/e] 1.20/1.69/1.58/0.37  emits 0.23  spf 46.8  z0 0.84  garr 169.9  tG 1104  e2 0.04  nF 2.9  pS 0.24  ptS 0.24  fLog 0.56  pdΔ -0.2582  pkR 6.71  clip 0.06  kl +0.005
upd  221  steps  454656  sps 1253  opp symm  loss -0.057  pg -0.0309  v 0.004  ev +0.98  adv_std 0.084  tR -0.67  ent[s/d/p/e] 1.60/1.81/1.49/0.38  emits 0.27  spf 49.3  z0 0.83  garr 180.2  tG 1194  e2 0.05  nF 3.1  pS 0.27  ptS 0.26  fLog 0.56  pdΔ -0.2318  pkR 6.82  clip 0.05  kl +0.002
upd  222  steps  456704  sps 1257  opp symm  loss +0.018  pg +0.0425  v 0.007  ev +0.95  adv_std 0.117  tR +0.33  ent[s/d/p/e] 1.70/1.67/1.55/0.38  emits 0.30  spf 42.4  z0 0.83  garr 201.3  tG 1310  e2 0.06  nF 3.1  pS 0.28  ptS 0.27  fLog 0.55  pdΔ -0.2221  pkR 6.43  clip 0.05  kl +0.002
upd  223  steps  458752  sps 1260  opp symm  loss -0.011  pg +0.0125  v 0.010  ev +0.93  adv_std 0.142  tR +1.00  ent[s/d/p/e] 1.73/1.73/1.55/0.40  emits 0.31  spf 54.0  z0 0.82  garr 210.1  tG 1333  e2 0.06  nF 3.6  pS 0.27  ptS 0.27  fLog 0.58  pdΔ -0.2261  pkR 7.23  clip 0.05  kl +0.003
upd  224  steps  460800  sps 1263  opp symm  loss -0.020  pg +0.0023  v 0.011  ev +0.91  adv_std 0.146  tR -0.67  ent[s/d/p/e] 1.68/1.69/1.41/0.40  emits 0.29  spf 55.1  z0 0.82  garr 207.2  tG 1295  e2 0.05  nF 3.3  pS 0.29  ptS 0.28  fLog 0.59  pdΔ -0.2130  pkR 5.68  clip 0.05  kl +0.002
upd  225  steps  462848  sps 1267  opp symm  loss -0.086  pg -0.0596  v 0.006  ev +0.95  adv_std 0.111  tR -0.20  ent[s/d/p/e] 1.67/1.71/1.45/0.46  emits 0.38  spf 61.7  z0 0.78  garr 207.0  tG 1377  e2 0.07  nF 3.5  pS 0.31  ptS 0.31  fLog 0.59  pdΔ -0.1882  pkR 5.12  clip 0.07  kl +0.003
upd  226  steps  464896  sps 1270  opp symm  loss -0.009  pg +0.0177  v 0.007  ev +0.94  adv_std 0.117  tR +0.00  ent[s/d/p/e] 1.82/1.81/1.46/0.46  emits 0.44  spf 56.4  z0 0.77  garr 173.3  tG 1142  e2 0.08  nF 4.7  pS 0.31  ptS 0.30  fLog 0.59  pdΔ -0.1918  pkR 5.66  clip 0.08  kl +0.002
upd  227  steps  466944  sps 1274  opp symm  loss -0.030  pg -0.0031  v 0.007  ev +0.94  adv_std 0.120  tR +0.60  ent[s/d/p/e] 1.90/1.80/1.48/0.45  emits 0.48  spf 48.4  z0 0.77  garr 172.5  tG 1119  e2 0.10  nF 4.9  pS 0.30  ptS 0.30  fLog 0.57  pdΔ -0.1956  pkR 5.36  clip 0.05  kl +0.003
upd  228  steps  468992  sps 1277  opp symm  loss +0.009  pg +0.0354  v 0.005  ev +0.96  adv_std 0.103  tR +0.60  ent[s/d/p/e] 1.79/1.67/1.46/0.44  emits 0.38  spf 49.8  z0 0.78  garr 174.2  tG 1160  e2 0.08  nF 4.6  pS 0.32  ptS 0.31  fLog 0.58  pdΔ -0.1823  pkR 5.70  clip 0.05  kl +0.002
upd  229  steps  471040  sps 1280  opp symm  loss -0.019  pg +0.0069  v 0.006  ev +0.95  adv_std 0.114  tR -0.33  ent[s/d/p/e] 1.81/1.70/1.41/0.44  emits 0.42  spf 46.1  z0 0.77  garr 170.2  tG 1188  e2 0.09  nF 4.6  pS 0.32  ptS 0.32  fLog 0.56  pdΔ -0.1774  pkR 5.64  clip 0.05  kl +0.002
upd  230  steps  473088  sps 1284  opp symm  loss -0.068  pg -0.0407  v 0.004  ev +0.97  adv_std 0.086  tR +1.00  ent[s/d/p/e] 1.84/1.68/1.41/0.44  emits 0.39  spf 48.9  z0 0.79  garr 187.4  tG 1342  e2 0.08  nF 4.9  pS 0.34  ptS 0.33  fLog 0.57  pdΔ -0.1614  pkR 4.92  clip 0.06  kl +0.001
upd  231  steps  475136  sps 1287  opp symm  loss -0.075  pg -0.0468  v 0.005  ev +0.96  adv_std 0.101  tR +0.00  ent[s/d/p/e] 1.86/1.71/1.57/0.47  emits 0.38  spf 52.4  z0 0.79  garr 199.3  tG 1409  e2 0.08  nF 4.4  pS 0.33  ptS 0.32  fLog 0.58  pdΔ -0.1712  pkR 4.42  clip 0.06  kl +0.002
upd  232  steps  477184  sps 1290  opp symm  loss -0.006  pg +0.0196  v 0.005  ev +0.95  adv_std 0.104  tR +0.14  ent[s/d/p/e] 1.63/1.67/1.42/0.45  emits 0.36  spf 53.7  z0 0.78  garr 175.0  tG 1244  e2 0.07  nF 3.7  pS 0.29  ptS 0.28  fLog 0.58  pdΔ -0.2134  pkR 5.72  clip 0.05  kl +0.001
upd  233  steps  479232  sps 1293  opp symm  loss +0.001  pg +0.0260  v 0.007  ev +0.94  adv_std 0.117  tR +0.14  ent[s/d/p/e] 1.65/1.63/1.48/0.45  emits 0.38  spf 52.5  z0 0.77  garr 142.6  tG 1026  e2 0.07  nF 3.7  pS 0.27  ptS 0.27  fLog 0.58  pdΔ -0.2305  pkR 7.98  clip 0.06  kl +0.002
upd  234  steps  481280  sps 1297  opp symm  loss +0.022  pg +0.0461  v 0.008  ev +0.93  adv_std 0.129  tR +0.25  ent[s/d/p/e] 1.66/1.66/1.47/0.44  emits 0.39  spf 52.4  z0 0.78  garr 140.6  tG 1048  e2 0.08  nF 4.3  pS 0.27  ptS 0.27  fLog 0.57  pdΔ -0.2255  pkR 8.36  clip 0.07  kl +0.005
upd  235  steps  483328  sps 1300  opp symm  loss -0.004  pg +0.0211  v 0.006  ev +0.95  adv_std 0.111  tR -0.25  ent[s/d/p/e] 1.66/1.65/1.44/0.43  emits 0.37  spf 46.9  z0 0.80  garr 131.3  tG 928  e2 0.07  nF 4.7  pS 0.27  ptS 0.26  fLog 0.56  pdΔ -0.2342  pkR 10.26  clip 0.07  kl +0.000
upd  236  steps  485376  sps 1303  opp symm  loss -0.011  pg +0.0139  v 0.006  ev +0.95  adv_std 0.113  tR -0.60  ent[s/d/p/e] 1.71/1.69/1.44/0.43  emits 0.32  spf 48.5  z0 0.79  garr 127.9  tG 882  e2 0.06  nF 3.6  pS 0.27  ptS 0.26  fLog 0.58  pdΔ -0.2270  pkR 12.86  clip 0.05  kl -0.001
upd  237  steps  487424  sps 1306  opp symm  loss -0.022  pg +0.0045  v 0.006  ev +0.94  adv_std 0.108  tR +0.33  ent[s/d/p/e] 1.77/1.86/1.51/0.43  emits 0.33  spf 51.2  z0 0.80  garr 132.3  tG 985  e2 0.06  nF 3.5  pS 0.29  ptS 0.28  fLog 0.59  pdΔ -0.2100  pkR 12.85  clip 0.07  kl +0.001
upd  238  steps  489472  sps 1310  opp symm  loss -0.012  pg +0.0148  v 0.004  ev +0.96  adv_std 0.090  tR +0.00  ent[s/d/p/e] 1.74/1.79/1.50/0.42  emits 0.34  spf 47.1  z0 0.80  garr 154.5  tG 1150  e2 0.06  nF 3.7  pS 0.31  ptS 0.30  fLog 0.59  pdΔ -0.1929  pkR 12.20  clip 0.06  kl +0.002
upd  239  steps  491520  sps 1313  opp symm  loss -0.020  pg +0.0071  v 0.005  ev +0.95  adv_std 0.105  tR +0.50  ent[s/d/p/e] 1.96/1.89/1.49/0.42  emits 0.38  spf 51.1  z0 0.79  garr 172.4  tG 1233  e2 0.07  nF 4.3  pS 0.32  ptS 0.31  fLog 0.59  pdΔ -0.1759  pkR 12.62  clip 0.05  kl +0.001
upd  240  steps  493568  sps 1316  opp symm  loss -0.001  pg +0.0267  v 0.006  ev +0.95  adv_std 0.109  tR +0.20  ent[s/d/p/e] 1.98/1.96/1.56/0.42  emits 0.40  spf 47.3  z0 0.79  garr 155.3  tG 1000  e2 0.08  nF 4.8  pS 0.32  ptS 0.31  fLog 0.58  pdΔ -0.1794  pkR 9.30  clip 0.08  kl +0.005
upd  241  steps  495616  sps 1319  opp symm  loss -0.048  pg -0.0202  v 0.006  ev +0.96  adv_std 0.106  tR +0.20  ent[s/d/p/e] 2.07/2.02/1.53/0.40  emits 0.42  spf 47.8  z0 0.80  garr 178.7  tG 1151  e2 0.09  nF 4.8  pS 0.33  ptS 0.31  fLog 0.57  pdΔ -0.1738  pkR 4.52  clip 0.04  kl +0.002
upd  242  steps  497664  sps 1322  opp symm  loss -0.040  pg -0.0135  v 0.006  ev +0.95  adv_std 0.117  tR -0.33  ent[s/d/p/e] 2.06/1.93/1.46/0.41  emits 0.41  spf 42.6  z0 0.80  garr 207.2  tG 1385  e2 0.08  nF 5.5  pS 0.35  ptS 0.34  fLog 0.55  pdΔ -0.1507  pkR 4.13  clip 0.07  kl +0.002
upd  243  steps  499712  sps 1325  opp symm  loss +0.019  pg +0.0469  v 0.004  ev +0.97  adv_std 0.090  tR +0.33  ent[s/d/p/e] 2.01/1.93/1.44/0.43  emits 0.47  spf 43.0  z0 0.76  garr 225.3  tG 1479  e2 0.10  nF 5.8  pS 0.35  ptS 0.34  fLog 0.55  pdΔ -0.1489  pkR 4.27  clip 0.08  kl +0.003
upd  244  steps  501760  sps 1329  opp symm  loss +0.066  pg +0.0938  v 0.005  ev +0.96  adv_std 0.099  tR +0.20  ent[s/d/p/e] 1.99/1.91/1.47/0.45  emits 0.52  spf 40.4  z0 0.74  garr 214.8  tG 1470  e2 0.12  nF 6.3  pS 0.36  ptS 0.35  fLog 0.55  pdΔ -0.1401  pkR 4.63  clip 0.05  kl +0.000
upd  245  steps  503808  sps 1332  opp symm  loss -0.063  pg -0.0346  v 0.004  ev +0.97  adv_std 0.095  tR +0.00  ent[s/d/p/e] 2.01/2.02/1.52/0.42  emits 0.42  spf 45.6  z0 0.79  garr 235.2  tG 1658  e2 0.08  nF 5.5  pS 0.36  ptS 0.35  fLog 0.57  pdΔ -0.1373  pkR 4.63  clip 0.07  kl +0.003
upd  246  steps  505856  sps 1335  opp symm  loss -0.044  pg -0.0161  v 0.005  ev +0.97  adv_std 0.095  tR +0.20  ent[s/d/p/e] 1.95/1.84/1.60/0.41  emits 0.40  spf 44.6  z0 0.80  garr 261.9  tG 1851  e2 0.09  nF 5.0  pS 0.35  ptS 0.34  fLog 0.57  pdΔ -0.1457  pkR 4.67  clip 0.07  kl +0.004
upd  247  steps  507904  sps 1338  opp symm  loss -0.054  pg -0.0282  v 0.007  ev +0.95  adv_std 0.121  tR +0.60  ent[s/d/p/e] 1.84/1.84/1.48/0.40  emits 0.28  spf 55.2  z0 0.83  garr 261.8  tG 1844  e2 0.06  nF 3.7  pS 0.33  ptS 0.32  fLog 0.60  pdΔ -0.1708  pkR 5.09  clip 0.08  kl +0.005
upd  248  steps  509952  sps 1341  opp symm  loss -0.042  pg -0.0162  v 0.004  ev +0.97  adv_std 0.097  tR -0.33  ent[s/d/p/e] 1.73/1.67/1.39/0.43  emits 0.33  spf 49.5  z0 0.81  garr 223.2  tG 1586  e2 0.06  nF 3.5  pS 0.30  ptS 0.29  fLog 0.58  pdΔ -0.1961  pkR 6.43  clip 0.04  kl +0.001
upd  249  steps  512000  sps 1344  opp symm  loss +0.018  pg +0.0445  v 0.006  ev +0.96  adv_std 0.104  tR +1.00  ent[s/d/p/e] 1.67/1.71/1.36/0.47  emits 0.41  spf 50.8  z0 0.78  garr 239.1  tG 1757  e2 0.08  nF 4.1  pS 0.33  ptS 0.31  fLog 0.58  pdΔ -0.1743  pkR 6.02  clip 0.07  kl +0.000
upd  250  steps  514048  sps 1347  opp symm  loss +0.052  pg +0.0787  v 0.006  ev +0.95  adv_std 0.107  tR +0.50  ent[s/d/p/e] 1.69/1.68/1.46/0.48  emits 0.38  spf 48.0  z0 0.77  garr 202.5  tG 1467  e2 0.08  nF 4.2  pS 0.31  ptS 0.29  fLog 0.57  pdΔ -0.1909  pkR 6.73  clip 0.07  kl +0.005
upd  251  steps  516096  sps 1350  opp symm  loss -0.025  pg +0.0010  v 0.008  ev +0.94  adv_std 0.127  tR +0.00  ent[s/d/p/e] 1.64/1.68/1.46/0.50  emits 0.43  spf 52.2  z0 0.73  garr 151.4  tG 1093  e2 0.09  nF 4.8  pS 0.32  ptS 0.30  fLog 0.58  pdΔ -0.1841  pkR 9.22  clip 0.07  kl +0.003
upd  252  steps  518144  sps 1353  opp symm  loss -0.049  pg -0.0213  v 0.006  ev +0.95  adv_std 0.110  tR -0.33  ent[s/d/p/e] 1.76/1.72/1.52/0.51  emits 0.49  spf 46.8  z0 0.72  garr 114.7  tG 830  e2 0.11  nF 5.5  pS 0.32  ptS 0.30  fLog 0.57  pdΔ -0.1766  pkR 6.16  clip 0.09  kl +0.004
upd  253  steps  520192  sps 1356  opp symm  loss -0.018  pg +0.0120  v 0.004  ev +0.97  adv_std 0.085  tR +1.00  ent[s/d/p/e] 1.89/1.77/1.55/0.53  emits 0.55  spf 44.1  z0 0.72  garr 115.4  tG 859  e2 0.11  nF 6.2  pS 0.33  ptS 0.32  fLog 0.56  pdΔ -0.1698  pkR 7.38  clip 0.09  kl +0.002
upd  254  steps  522240  sps 1360  opp symm  loss -0.034  pg -0.0051  v 0.004  ev +0.97  adv_std 0.091  tR +0.00  ent[s/d/p/e] 1.87/1.76/1.44/0.50  emits 0.51  spf 46.3  z0 0.73  garr 128.9  tG 973  e2 0.11  nF 6.4  pS 0.33  ptS 0.32  fLog 0.56  pdΔ -0.1716  pkR 7.90  clip 0.09  kl +0.004
upd  255  steps  524288  sps 1363  opp symm  loss -0.023  pg +0.0070  v 0.003  ev +0.98  adv_std 0.083  tR +0.00  ent[s/d/p/e] 1.93/1.75/1.53/0.49  emits 0.47  spf 48.7  z0 0.75  garr 143.7  tG 1103  e2 0.09  nF 6.4  pS 0.34  ptS 0.33  fLog 0.56  pdΔ -0.1569  pkR 8.19  clip 0.08  kl +0.004
upd  256  steps  526336  sps 1366  opp symm  loss +0.004  pg +0.0335  v 0.003  ev +0.98  adv_std 0.083  tR +1.00  ent[s/d/p/e] 1.96/1.75/1.52/0.48  emits 0.55  spf 48.5  z0 0.72  garr 155.3  tG 1225  e2 0.12  nF 6.9  pS 0.36  ptS 0.35  fLog 0.56  pdΔ -0.1420  pkR 8.20  clip 0.11  kl +0.005
upd  257  steps  528384  sps 1369  opp symm  loss -0.061  pg -0.0328  v 0.005  ev +0.97  adv_std 0.096  tR +0.08  ent[s/d/p/e] 2.00/1.86/1.44/0.44  emits 0.42  spf 49.4  z0 0.77  garr 164.1  tG 1275  e2 0.08  nF 5.1  pS 0.33  ptS 0.32  fLog 0.58  pdΔ -0.1684  pkR 8.85  clip 0.05  kl +0.001