
=== [2026-06-11T08:32:06Z] v14f_binary_v1_a_p0i5_ORBITWARS_SHAPING_RELEASE_K_18.0_60ac90fba3 phase=a kind=probe chunk=500 env={"ORBITWARS_SHAPING_ANTI_HOARD": 0.035, "ORBITWARS_SHAPING_CAPTURE": 0.04, "ORBITWARS_SHAPING_RELEASE": 0.003, "ORBITWARS_SHAPING_RELEASE_K": 18.0, "ORBITWARS_SHAPING_PROD_SHARE_DELTA": 0.025, "ORBITWARS_SHAPING_ONE_SHIP_PENALTY": 0.025} ppo={"ent_coef_emit": 0.0225, "lr_peak": 4.5e-05} ===
[reward] kaggle-aligned: terminal +1 win/+1 tie>0/-1 loss/-1 double-wipeout; is_terminal at step >= episode_steps-2; SHAPING_SCALE=0.0; v1: KEEP_HOME=0.0 FLEET_SIZE=0.0/norm20.0; v2 (expert-replay calibrated): PROD_SHARE=0.0 PLANET_SHARE=0.0 FLEET_LOG=0.0/ref500.0/floor0.3; v3 (top10-2630ep calibrated): PROD_SHARE_DELTA=0.025 EMIT_LOG=0.0 EMIT_GATED=0.0 RELEASE=0.003/K18.0 CAPTURE=0.04; ANTI_HOARD=0.035/thresh0.6; episode_steps=500 (kaggle=500, mismatch=False)
[symmetric] Frog Parade style: same params drive BOTH players, no frozen/strong/buffer opponents, zero_sum_value=True
upd    0  steps    2048  sps 37  opp symm  loss -0.091  pg -0.0715  v 0.004  ev +0.08  adv_std 0.086  tR +0.00  ent[s/d/p/e] 0.37/1.36/1.34/0.37  emits 0.27  spf 16.8  z0 0.78  garr 17.9  tG 27  e2 0.04  nF 1.8  pS 0.08  ptS 0.07  fLog 0.43  pdΔ -0.4245  pkR 6.94  clip 0.01  kl +0.001
upd    1  steps    4096  sps 74  opp symm  loss -0.061  pg -0.0365  v 0.004  ev +0.29  adv_std 0.091  tR +0.00  ent[s/d/p/e] 0.87/1.46/1.17/0.54  emits 0.52  spf 20.6  z0 0.65  garr 23.9  tG 76  e2 0.11  nF 5.0  pS 0.13  ptS 0.12  fLog 0.43  pdΔ -0.3678  pkR 7.16  clip 0.08  kl +0.006
upd    2  steps    6144  sps 110  opp symm  loss -0.043  pg -0.0174  v 0.005  ev +0.58  adv_std 0.111  tR +0.00  ent[s/d/p/e] 1.10/1.66/1.10/0.58  emits 0.61  spf 22.8  z0 0.60  garr 33.7  tG 156  e2 0.13  nF 7.0  pS 0.19  ptS 0.18  fLog 0.43  pdΔ -0.3113  pkR 5.36  clip 0.09  kl +0.002
upd    3  steps    8192  sps 145  opp symm  loss -0.005  pg +0.0233  v 0.002  ev +0.73  adv_std 0.071  tR +0.00  ent[s/d/p/e] 1.24/1.84/1.18/0.60  emits 0.51  spf 32.3  z0 0.65  garr 47.0  tG 271  e2 0.11  nF 6.8  pS 0.23  ptS 0.22  fLog 0.48  pdΔ -0.2699  pkR 5.64  clip 0.10  kl +0.002
upd    4  steps   10240  sps 179  opp symm  loss -0.030  pg -0.0020  v 0.003  ev +0.58  adv_std 0.084  tR +1.00  ent[s/d/p/e] 1.45/1.90/1.09/0.59  emits 0.51  spf 39.9  z0 0.66  garr 59.2  tG 429  e2 0.11  nF 6.5  pS 0.28  ptS 0.27  fLog 0.50  pdΔ -0.2160  pkR 5.69  clip 0.06  kl +0.004
upd    5  steps   12288  sps 212  opp symm  loss -0.057  pg -0.0276  v 0.004  ev +0.48  adv_std 0.093  tR +1.00  ent[s/d/p/e] 1.62/2.03/1.12/0.62  emits 0.55  spf 49.5  z0 0.63  garr 67.6  tG 554  e2 0.12  nF 6.5  pS 0.31  ptS 0.30  fLog 0.52  pdΔ -0.1925  pkR 5.68  clip 0.16  kl +0.006
upd    6  steps   14336  sps 245  opp symm  loss -0.011  pg +0.0194  v 0.002  ev +0.34  adv_std 0.066  tR +0.00  ent[s/d/p/e] 1.71/2.12/1.07/0.60  emits 0.48  spf 60.2  z0 0.67  garr 81.2  tG 684  e2 0.10  nF 6.1  pS 0.32  ptS 0.31  fLog 0.55  pdΔ -0.1831  pkR 5.77  clip 0.18  kl +0.007
upd    7  steps   16384  sps 277  opp symm  loss -0.017  pg +0.0142  v 0.002  ev +0.41  adv_std 0.062  tR +0.00  ent[s/d/p/e] 1.77/2.18/1.13/0.59  emits 0.45  spf 75.4  z0 0.69  garr 85.6  tG 733  e2 0.10  nF 5.3  pS 0.32  ptS 0.32  fLog 0.57  pdΔ -0.1782  pkR 4.98  clip 0.24  kl +0.011
upd    8  steps   18432  sps 308  opp symm  loss -0.037  pg -0.0050  v 0.002  ev +0.66  adv_std 0.061  tR +0.00  ent[s/d/p/e] 1.87/2.28/1.16/0.61  emits 0.52  spf 81.8  z0 0.66  garr 84.2  tG 727  e2 0.11  nF 5.2  pS 0.33  ptS 0.33  fLog 0.59  pdΔ -0.1663  pkR 4.68  clip 0.13  kl +0.007
upd    9  steps   20480  sps 339  opp symm  loss +0.015  pg +0.0466  v 0.003  ev +0.58  adv_std 0.072  tR +1.00  ent[s/d/p/e] 1.98/2.35/1.12/0.61  emits 0.55  spf 77.2  z0 0.65  garr 73.0  tG 655  e2 0.13  nF 6.8  pS 0.35  ptS 0.35  fLog 0.59  pdΔ -0.1507  pkR 6.05  clip 0.11  kl +0.003
upd   10  steps   22528  sps 369  opp symm  loss -0.021  pg +0.0120  v 0.002  ev +0.74  adv_std 0.065  tR +0.00  ent[s/d/p/e] 2.07/2.42/1.16/0.60  emits 0.55  spf 73.3  z0 0.66  garr 71.3  tG 656  e2 0.12  nF 6.1  pS 0.36  ptS 0.36  fLog 0.60  pdΔ -0.1361  pkR 5.99  clip 0.16  kl +0.008
upd   11  steps   24576  sps 398  opp symm  loss -0.049  pg -0.0203  v 0.008  ev +0.22  adv_std 0.130  tR +0.33  ent[s/d/p/e] 2.07/2.39/1.11/0.58  emits 0.64  spf 62.0  z0 0.64  garr 67.4  tG 628  e2 0.15  nF 6.9  pS 0.37  ptS 0.36  fLog 0.57  pdΔ -0.1341  pkR 5.63  clip 0.22  kl +0.013
upd   12  steps   26624  sps 427  opp symm  loss +0.072  pg +0.1043  v 0.001  ev +0.80  adv_std 0.052  tR +0.00  ent[s/d/p/e] 2.12/2.42/1.05/0.58  emits 0.60  spf 62.1  z0 0.66  garr 65.4  tG 584  e2 0.13  nF 6.9  pS 0.36  ptS 0.36  fLog 0.57  pdΔ -0.1354  pkR 4.45  clip 0.17  kl +0.008
upd   13  steps   28672  sps 455  opp symm  loss -0.067  pg -0.0365  v 0.005  ev +0.48  adv_std 0.104  tR -0.50  ent[s/d/p/e] 2.18/2.47/1.14/0.56  emits 0.57  spf 65.7  z0 0.68  garr 70.1  tG 617  e2 0.11  nF 6.7  pS 0.37  ptS 0.36  fLog 0.58  pdΔ -0.1306  pkR 4.41  clip 0.12  kl +0.005
upd   14  steps   30720  sps 483  opp symm  loss +0.040  pg +0.0718  v 0.002  ev +0.71  adv_std 0.060  tR -1.00  ent[s/d/p/e] 2.21/2.51/1.07/0.55  emits 0.52  spf 69.7  z0 0.70  garr 78.3  tG 678  e2 0.11  nF 6.3  pS 0.38  ptS 0.37  fLog 0.59  pdΔ -0.1219  pkR 4.31  clip 0.14  kl +0.001
upd   15  steps   32768  sps 510  opp symm  loss -0.135  pg -0.1607  v 0.111  ev +0.06  adv_std 0.491  tR -0.12  ent[s/d/p/e] 2.05/2.48/1.08/0.42  emits 0.27  spf 69.7  z0 0.83  garr 67.3  tG 494  e2 0.05  nF 3.3  pS 0.26  ptS 0.25  fLog 0.60  pdΔ -0.2409  pkR 6.55  clip 0.05  kl +0.002
upd   16  steps   34816  sps 536  opp symm  loss +0.078  pg +0.1044  v 0.002  ev +0.33  adv_std 0.061  tR +0.00  ent[s/d/p/e] 0.93/2.07/1.52/0.38  emits 0.18  spf 46.3  z0 0.85  garr 49.7  tG 203  e2 0.03  nF 1.6  pS 0.13  ptS 0.12  fLog 0.54  pdΔ -0.3676  pkR 12.32  clip 0.05  kl -0.001
upd   17  steps   36864  sps 562  opp symm  loss +0.035  pg +0.0624  v 0.002  ev +0.52  adv_std 0.064  tR -1.00  ent[s/d/p/e] 1.25/2.21/1.42/0.45  emits 0.24  spf 64.8  z0 0.82  garr 63.4  tG 283  e2 0.04  nF 2.3  pS 0.17  ptS 0.16  fLog 0.59  pdΔ -0.3312  pkR 8.41  clip 0.10  kl +0.006
upd   18  steps   38912  sps 587  opp symm  loss -0.057  pg -0.0289  v 0.001  ev +0.37  adv_std 0.046  tR +1.00  ent[s/d/p/e] 1.40/2.29/1.31/0.42  emits 0.21  spf 63.2  z0 0.83  garr 74.6  tG 352  e2 0.04  nF 2.4  pS 0.19  ptS 0.18  fLog 0.60  pdΔ -0.3062  pkR 6.25  clip 0.07  kl +0.002
upd   19  steps   40960  sps 612  opp symm  loss -0.067  pg -0.0360  v 0.000  ev +0.64  adv_std 0.031  tR +0.00  ent[s/d/p/e] 1.48/2.26/1.33/0.51  emits 0.30  spf 66.3  z0 0.78  garr 76.0  tG 411  e2 0.05  nF 3.0  pS 0.23  ptS 0.22  fLog 0.59  pdΔ -0.2722  pkR 5.59  clip 0.08  kl +0.002
upd   20  steps   43008  sps 637  opp symm  loss -0.004  pg +0.0239  v 0.007  ev +0.19  adv_std 0.119  tR +0.00  ent[s/d/p/e] 1.73/2.37/1.29/0.52  emits 0.35  spf 63.3  z0 0.76  garr 78.1  tG 490  e2 0.06  nF 3.6  pS 0.27  ptS 0.26  fLog 0.60  pdΔ -0.2326  pkR 5.15  clip 0.09  kl -0.001
upd   21  steps   45056  sps 661  opp symm  loss -0.043  pg -0.0121  v 0.002  ev +0.58  adv_std 0.065  tR -1.00  ent[s/d/p/e] 1.80/2.43/1.21/0.55  emits 0.35  spf 72.1  z0 0.77  garr 83.9  tG 521  e2 0.07  nF 4.0  pS 0.27  ptS 0.27  fLog 0.60  pdΔ -0.2256  pkR 4.96  clip 0.16  kl +0.011
upd   22  steps   47104  sps 684  opp symm  loss -0.051  pg -0.0203  v 0.002  ev +0.75  adv_std 0.067  tR +0.00  ent[s/d/p/e] 1.83/2.41/1.23/0.52  emits 0.37  spf 73.2  z0 0.75  garr 84.4  tG 545  e2 0.07  nF 4.2  pS 0.28  ptS 0.28  fLog 0.61  pdΔ -0.2159  pkR 4.42  clip 0.07  kl +0.002
upd   23  steps   49152  sps 708  opp symm  loss +0.040  pg +0.0715  v 0.001  ev +0.88  adv_std 0.037  tR +0.00  ent[s/d/p/e] 1.84/2.40/1.22/0.53  emits 0.35  spf 73.8  z0 0.75  garr 84.7  tG 566  e2 0.07  nF 4.1  pS 0.30  ptS 0.29  fLog 0.62  pdΔ -0.2032  pkR 4.75  clip 0.09  kl +0.000
upd   24  steps   51200  sps 730  opp symm  loss -0.009  pg +0.0222  v 0.003  ev +0.68  adv_std 0.076  tR +1.00  ent[s/d/p/e] 1.93/2.40/1.22/0.55  emits 0.40  spf 73.1  z0 0.74  garr 90.0  tG 620  e2 0.08  nF 4.4  pS 0.31  ptS 0.31  fLog 0.61  pdΔ -0.1862  pkR 4.24  clip 0.06  kl -0.002
upd   25  steps   53248  sps 752  opp symm  loss -0.029  pg +0.0034  v 0.002  ev +0.82  adv_std 0.056  tR -1.00  ent[s/d/p/e] 1.97/2.39/1.20/0.55  emits 0.36  spf 71.4  z0 0.75  garr 92.2  tG 665  e2 0.07  nF 4.3  pS 0.32  ptS 0.32  fLog 0.60  pdΔ -0.1751  pkR 3.84  clip 0.08  kl +0.000
upd   26  steps   55296  sps 774  opp symm  loss -0.013  pg +0.0183  v 0.003  ev +0.64  adv_std 0.071  tR +1.00  ent[s/d/p/e] 2.00/2.42/1.25/0.54  emits 0.34  spf 78.5  z0 0.77  garr 107.3  tG 811  e2 0.07  nF 4.1  pS 0.34  ptS 0.34  fLog 0.63  pdΔ -0.1572  pkR 3.70  clip 0.08  kl +0.004
upd   27  steps   57344  sps 796  opp symm  loss -0.057  pg -0.0267  v 0.004  ev +0.58  adv_std 0.086  tR -0.33  ent[s/d/p/e] 2.04/2.44/1.19/0.52  emits 0.33  spf 89.6  z0 0.77  garr 122.3  tG 941  e2 0.06  nF 3.6  pS 0.35  ptS 0.34  fLog 0.64  pdΔ -0.1522  pkR 3.16  clip 0.11  kl +0.002
upd   28  steps   59392  sps 817  opp symm  loss -0.039  pg -0.0090  v 0.003  ev +0.47  adv_std 0.082  tR +1.00  ent[s/d/p/e] 2.01/2.39/1.07/0.54  emits 0.38  spf 87.6  z0 0.74  garr 123.8  tG 999  e2 0.08  nF 4.3  pS 0.36  ptS 0.35  fLog 0.63  pdΔ -0.1440  pkR 4.58  clip 0.06  kl +0.003
upd   29  steps   61440  sps 838  opp symm  loss -0.040  pg -0.0110  v 0.006  ev +0.39  adv_std 0.110  tR +0.00  ent[s/d/p/e] 2.03/2.44/1.06/0.55  emits 0.37  spf 90.4  z0 0.76  garr 117.9  tG 957  e2 0.08  nF 4.3  pS 0.36  ptS 0.35  fLog 0.62  pdΔ -0.1400  pkR 5.92  clip 0.10  kl +0.003
upd   30  steps   63488  sps 858  opp symm  loss +0.030  pg +0.0627  v 0.001  ev +0.59  adv_std 0.046  tR +0.00  ent[s/d/p/e] 2.07/2.46/1.08/0.58  emits 0.50  spf 84.8  z0 0.68  garr 107.1  tG 892  e2 0.11  nF 4.8  pS 0.37  ptS 0.35  fLog 0.62  pdΔ -0.1314  pkR 4.34  clip 0.12  kl +0.004
upd   31  steps   65536  sps 878  opp symm  loss -0.059  pg -0.0457  v 0.032  ev +0.17  adv_std 0.256  tR -0.18  ent[s/d/p/e] 1.78/2.38/1.13/0.43  emits 0.31  spf 70.1  z0 0.81  garr 57.4  tG 317  e2 0.06  nF 2.9  pS 0.18  ptS 0.18  fLog 0.59  pdΔ -0.3193  pkR 11.43  clip 0.06  kl +0.001
upd   32  steps   67584  sps 898  opp symm  loss +0.037  pg +0.0666  v 0.001  ev +0.79  adv_std 0.036  tR +0.00  ent[s/d/p/e] 1.67/2.37/1.18/0.48  emits 0.31  spf 59.7  z0 0.79  garr 54.9  tG 263  e2 0.06  nF 3.1  pS 0.19  ptS 0.19  fLog 0.59  pdΔ -0.3117  pkR 8.79  clip 0.06  kl +0.002
upd   33  steps   69632  sps 917  opp symm  loss -0.030  pg -0.0004  v 0.003  ev +0.74  adv_std 0.071  tR +0.00  ent[s/d/p/e] 1.74/2.35/1.16/0.52  emits 0.35  spf 57.2  z0 0.77  garr 60.6  tG 333  e2 0.07  nF 3.6  pS 0.23  ptS 0.23  fLog 0.58  pdΔ -0.2679  pkR 7.32  clip 0.12  kl +0.001
upd   34  steps   71680  sps 936  opp symm  loss +0.016  pg +0.0474  v 0.001  ev +0.81  adv_std 0.044  tR +0.00  ent[s/d/p/e] 1.78/2.29/1.08/0.60  emits 0.65  spf 49.2  z0 0.64  garr 51.2  tG 323  e2 0.15  nF 6.2  pS 0.27  ptS 0.27  fLog 0.55  pdΔ -0.2259  pkR 7.64  clip 0.23  kl +0.010
upd   35  steps   73728  sps 955  opp symm  loss -0.056  pg -0.0253  v 0.005  ev +0.57  adv_std 0.095  tR +0.00  ent[s/d/p/e] 1.89/2.32/1.04/0.61  emits 0.69  spf 45.8  z0 0.63  garr 52.1  tG 373  e2 0.15  nF 8.1  pS 0.32  ptS 0.31  fLog 0.55  pdΔ -0.1840  pkR 6.83  clip 0.15  kl +0.004
upd   36  steps   75776  sps 973  opp symm  loss -0.007  pg +0.0243  v 0.003  ev +0.77  adv_std 0.071  tR +0.33  ent[s/d/p/e] 1.92/2.31/1.00/0.63  emits 0.89  spf 47.2  z0 0.57  garr 49.5  tG 354  e2 0.21  nF 9.9  pS 0.33  ptS 0.32  fLog 0.54  pdΔ -0.1672  pkR 7.58  clip 0.15  kl +0.006
upd   37  steps   77824  sps 991  opp symm  loss -0.031  pg +0.0003  v 0.004  ev +0.66  adv_std 0.090  tR +1.00  ent[s/d/p/e] 1.96/2.38/1.06/0.63  emits 0.84  spf 46.3  z0 0.59  garr 47.0  tG 338  e2 0.20  nF 10.4  pS 0.34  ptS 0.33  fLog 0.55  pdΔ -0.1590  pkR 4.26  clip 0.11  kl +0.000
upd   38  steps   79872  sps 1009  opp symm  loss -0.017  pg +0.0156  v 0.001  ev +0.88  adv_std 0.049  tR -1.00  ent[s/d/p/e] 1.98/2.38/1.02/0.63  emits 0.89  spf 44.2  z0 0.56  garr 44.4  tG 346  e2 0.21  nF 10.8  pS 0.36  ptS 0.35  fLog 0.54  pdΔ -0.1404  pkR 3.58  clip 0.10  kl +0.003
upd   39  steps   81920  sps 1026  opp symm  loss -0.024  pg +0.0093  v 0.002  ev +0.87  adv_std 0.053  tR +1.00  ent[s/d/p/e] 2.04/2.41/1.07/0.62  emits 0.99  spf 42.2  z0 0.54  garr 43.5  tG 343  e2 0.23  nF 11.4  pS 0.37  ptS 0.36  fLog 0.54  pdΔ -0.1269  pkR 4.14  clip 0.11  kl +0.002
upd   40  steps   83968  sps 1043  opp symm  loss -0.020  pg +0.0126  v 0.002  ev +0.84  adv_std 0.063  tR -1.00  ent[s/d/p/e] 2.08/2.42/1.04/0.64  emits 0.95  spf 45.8  z0 0.54  garr 41.8  tG 344  e2 0.22  nF 10.8  pS 0.38  ptS 0.37  fLog 0.55  pdΔ -0.1183  pkR 4.39  clip 0.16  kl +0.001
upd   41  steps   86016  sps 1060  opp symm  loss -0.082  pg -0.0496  v 0.002  ev +0.87  adv_std 0.065  tR +0.00  ent[s/d/p/e] 2.08/2.41/1.00/0.64  emits 0.95  spf 43.8  z0 0.54  garr 41.8  tG 357  e2 0.22  nF 10.6  pS 0.40  ptS 0.39  fLog 0.54  pdΔ -0.0955  pkR 4.56  clip 0.12  kl +0.002
upd   42  steps   88064  sps 1077  opp symm  loss -0.042  pg -0.0110  v 0.006  ev +0.70  adv_std 0.112  tR +0.71  ent[s/d/p/e] 2.08/2.45/1.02/0.64  emits 0.93  spf 44.7  z0 0.56  garr 45.5  tG 375  e2 0.22  nF 9.8  pS 0.39  ptS 0.38  fLog 0.55  pdΔ -0.1128  pkR 4.16  clip 0.13  kl +0.003
upd   43  steps   90112  sps 1093  opp symm  loss -0.016  pg +0.0170  v 0.002  ev +0.90  adv_std 0.057  tR +1.00  ent[s/d/p/e] 2.03/2.43/1.05/0.64  emits 0.91  spf 47.5  z0 0.55  garr 45.6  tG 376  e2 0.21  nF 9.6  pS 0.38  ptS 0.37  fLog 0.56  pdΔ -0.1218  pkR 4.54  clip 0.15  kl +0.005
upd   44  steps   92160  sps 1110  opp symm  loss -0.041  pg -0.0081  v 0.003  ev +0.83  adv_std 0.074  tR +0.00  ent[s/d/p/e] 2.03/2.44/1.09/0.64  emits 0.76  spf 49.2  z0 0.61  garr 52.0  tG 434  e2 0.18  nF 8.6  pS 0.38  ptS 0.37  fLog 0.57  pdΔ -0.1197  pkR 5.68  clip 0.14  kl +0.006
upd   45  steps   94208  sps 1125  opp symm  loss -0.024  pg +0.0089  v 0.003  ev +0.84  adv_std 0.072  tR +0.00  ent[s/d/p/e] 2.02/2.42/1.13/0.63  emits 0.87  spf 47.6  z0 0.56  garr 49.2  tG 401  e2 0.20  nF 8.6  pS 0.37  ptS 0.36  fLog 0.56  pdΔ -0.1303  pkR 4.46  clip 0.09  kl +0.003
upd   46  steps   96256  sps 1141  opp symm  loss -0.075  pg -0.0661  v 0.048  ev +0.58  adv_std 0.329  tR -0.03  ent[s/d/p/e] 2.04/2.40/1.12/0.58  emits 0.63  spf 50.6  z0 0.66  garr 44.0  tG 340  e2 0.15  nF 7.1  pS 0.32  ptS 0.31  fLog 0.57  pdΔ -0.1848  pkR 5.71  clip 0.07  kl +0.001
upd   47  steps   98304  sps 1156  opp symm  loss -0.000  pg +0.0286  v 0.002  ev +0.85  adv_std 0.072  tR -1.00  ent[s/d/p/e] 1.54/2.28/1.23/0.50  emits 0.35  spf 45.8  z0 0.77  garr 40.1  tG 211  e2 0.07  nF 3.5  pS 0.20  ptS 0.19  fLog 0.56  pdΔ -0.3026  pkR 7.04  clip 0.12  kl +0.004
upd   48  steps  100352  sps 1171  opp symm  loss -0.032  pg -0.0002  v 0.001  ev +0.92  adv_std 0.047  tR +1.00  ent[s/d/p/e] 1.75/2.41/1.22/0.54  emits 0.42  spf 52.7  z0 0.75  garr 51.7  tG 293  e2 0.09  nF 4.2  pS 0.25  ptS 0.24  fLog 0.59  pdΔ -0.2544  pkR 5.35  clip 0.09  kl +0.002
upd   49  steps  102400  sps 1186  opp symm  loss +0.004  pg +0.0348  v 0.002  ev +0.85  adv_std 0.066  tR +1.00  ent[s/d/p/e] 1.74/2.41/1.18/0.56  emits 0.48  spf 53.7  z0 0.70  garr 56.6  tG 329  e2 0.11  nF 4.6  pS 0.26  ptS 0.25  fLog 0.58  pdΔ -0.2385  pkR 4.58  clip 0.09  kl +0.002
upd   50  steps  104448  sps 1201  opp symm  loss -0.013  pg +0.0197  v 0.001  ev +0.94  adv_std 0.047  tR +0.00  ent[s/d/p/e] 1.85/2.43/1.13/0.59  emits 0.60  spf 53.7  z0 0.65  garr 56.1  tG 353  e2 0.13  nF 5.9  pS 0.30  ptS 0.29  fLog 0.59  pdΔ -0.1999  pkR 3.78  clip 0.08  kl +0.001
upd   51  steps  106496  sps 1215  opp symm  loss -0.029  pg +0.0022  v 0.004  ev +0.88  adv_std 0.088  tR -0.50  ent[s/d/p/e] 1.88/2.43/1.13/0.60  emits 0.68  spf 47.7  z0 0.62  garr 53.2  tG 346  e2 0.15  nF 7.2  pS 0.32  ptS 0.31  fLog 0.57  pdΔ -0.1847  pkR 3.49  clip 0.20  kl +0.001
upd   52  steps  108544  sps 1230  opp symm  loss -0.063  pg -0.0299  v 0.002  ev +0.96  adv_std 0.056  tR +0.00  ent[s/d/p/e] 1.94/2.51/1.24/0.59  emits 0.63  spf 53.5  z0 0.65  garr 54.4  tG 377  e2 0.13  nF 6.4  pS 0.33  ptS 0.32  fLog 0.59  pdΔ -0.1710  pkR 3.72  clip 0.09  kl +0.006
upd   53  steps  110592  sps 1244  opp symm  loss -0.041  pg -0.0088  v 0.003  ev +0.93  adv_std 0.071  tR -1.00  ent[s/d/p/e] 2.01/2.48/1.14/0.60  emits 0.74  spf 49.2  z0 0.62  garr 53.6  tG 388  e2 0.17  nF 7.5  pS 0.35  ptS 0.34  fLog 0.57  pdΔ -0.1538  pkR 3.49  clip 0.13  kl +0.002
upd   54  steps  112640  sps 1258  opp symm  loss -0.039  pg -0.0057  v 0.002  ev +0.95  adv_std 0.057  tR +0.00  ent[s/d/p/e] 2.02/2.48/1.16/0.60  emits 0.66  spf 50.5  z0 0.63  garr 56.5  tG 428  e2 0.15  nF 7.4  pS 0.35  ptS 0.35  fLog 0.58  pdΔ -0.1480  pkR 3.88  clip 0.28  kl +0.012
upd   55  steps  114688  sps 1271  opp symm  loss -0.060  pg -0.0267  v 0.002  ev +0.95  adv_std 0.065  tR -0.33  ent[s/d/p/e] 2.06/2.47/1.10/0.61  emits 0.91  spf 47.0  z0 0.57  garr 52.2  tG 407  e2 0.21  nF 8.8  pS 0.37  ptS 0.37  fLog 0.57  pdΔ -0.1290  pkR 4.13  clip 0.18  kl +0.007
upd   56  steps  116736  sps 1285  opp symm  loss -0.004  pg +0.0282  v 0.003  ev +0.91  adv_std 0.082  tR +1.00  ent[s/d/p/e] 2.07/2.45/1.11/0.61  emits 1.15  spf 41.6  z0 0.51  garr 44.3  tG 356  e2 0.26  nF 11.6  pS 0.38  ptS 0.39  fLog 0.55  pdΔ -0.1162  pkR 3.60  clip 0.12  kl +0.005
upd   57  steps  118784  sps 1298  opp symm  loss -0.021  pg +0.0106  v 0.005  ev +0.91  adv_std 0.097  tR +0.20  ent[s/d/p/e] 2.02/2.41/1.10/0.61  emits 0.99  spf 36.2  z0 0.56  garr 41.9  tG 310  e2 0.23  nF 12.2  pS 0.36  ptS 0.37  fLog 0.53  pdΔ -0.1354  pkR 3.28  clip 0.14  kl +0.003
upd   58  steps  120832  sps 1311  opp symm  loss -0.019  pg +0.0121  v 0.004  ev +0.91  adv_std 0.088  tR +0.00  ent[s/d/p/e] 2.00/2.41/1.10/0.60  emits 0.83  spf 39.1  z0 0.60  garr 43.4  tG 335  e2 0.20  nF 10.5  pS 0.36  ptS 0.36  fLog 0.55  pdΔ -0.1449  pkR 7.49  clip 0.10  kl +0.004
upd   59  steps  122880  sps 1324  opp symm  loss +0.011  pg +0.0419  v 0.005  ev +0.90  adv_std 0.096  tR -0.33  ent[s/d/p/e] 2.03/2.45/1.09/0.61  emits 1.00  spf 39.3  z0 0.55  garr 43.6  tG 342  e2 0.23  nF 10.5  pS 0.37  ptS 0.37  fLog 0.55  pdΔ -0.1307  pkR 11.31  clip 0.11  kl +0.004
upd   60  steps  124928  sps 1337  opp symm  loss -0.037  pg -0.0058  v 0.005  ev +0.90  adv_std 0.096  tR +0.00  ent[s/d/p/e] 1.99/2.44/1.09/0.62  emits 0.91  spf 41.5  z0 0.57  garr 42.8  tG 323  e2 0.21  nF 10.5  pS 0.36  ptS 0.36  fLog 0.55  pdΔ -0.1370  pkR 5.02  clip 0.19  kl +0.006
upd   61  steps  126976  sps 1349  opp symm  loss -0.044  pg -0.0124  v 0.006  ev +0.87  adv_std 0.109  tR +0.00  ent[s/d/p/e] 1.98/2.42/1.12/0.63  emits 0.87  spf 39.7  z0 0.56  garr 44.0  tG 348  e2 0.20  nF 10.3  pS 0.38  ptS 0.36  fLog 0.55  pdΔ -0.1234  pkR 7.43  clip 0.17  kl +0.008
upd   62  steps  129024  sps 1362  opp symm  loss -0.015  pg +0.0057  v 0.023  ev +0.58  adv_std 0.220  tR +0.07  ent[s/d/p/e] 1.82/2.37/1.17/0.54  emits 0.56  spf 39.7  z0 0.69  garr 39.8  tG 244  e2 0.12  nF 6.1  pS 0.26  ptS 0.25  fLog 0.55  pdΔ -0.2386  pkR 6.19  clip 0.08  kl +0.001
upd   63  steps  131072  sps 1374  opp symm  loss +0.007  pg +0.0375  v 0.003  ev +0.86  adv_std 0.071  tR +1.00  ent[s/d/p/e] 1.75/2.42/1.22/0.56  emits 0.47  spf 49.2  z0 0.71  garr 48.2  tG 280  e2 0.10  nF 5.2  pS 0.26  ptS 0.25  fLog 0.59  pdΔ -0.2431  pkR 4.90  clip 0.11  kl +0.003
upd   64  steps  133120  sps 1386  opp symm  loss -0.022  pg +0.0089  v 0.003  ev +0.88  adv_std 0.080  tR +1.00  ent[s/d/p/e] 1.72/2.37/1.23/0.56  emits 0.47  spf 51.7  z0 0.69  garr 57.0  tG 368  e2 0.09  nF 4.9  pS 0.29  ptS 0.27  fLog 0.59  pdΔ -0.2118  pkR 5.28  clip 0.06  kl +0.001
upd   65  steps  135168  sps 1398  opp symm  loss -0.027  pg +0.0054  v 0.002  ev +0.94  adv_std 0.058  tR -1.00  ent[s/d/p/e] 1.82/2.43/1.18/0.58  emits 0.50  spf 56.3  z0 0.69  garr 63.8  tG 424  e2 0.11  nF 5.2  pS 0.31  ptS 0.29  fLog 0.60  pdΔ -0.1924  pkR 3.89  clip 0.09  kl +0.004
upd   66  steps  137216  sps 1410  opp symm  loss -0.022  pg +0.0095  v 0.003  ev +0.91  adv_std 0.076  tR +0.33  ent[s/d/p/e] 1.91/2.48/1.18/0.57  emits 0.48  spf 61.2  z0 0.70  garr 71.5  tG 507  e2 0.10  nF 5.0  pS 0.34  ptS 0.32  fLog 0.62  pdΔ -0.1633  pkR 4.20  clip 0.08  kl +0.001
upd   67  steps  139264  sps 1421  opp symm  loss +0.006  pg +0.0374  v 0.002  ev +0.92  adv_std 0.067  tR +0.00  ent[s/d/p/e] 1.86/2.44/1.27/0.55  emits 0.43  spf 67.5  z0 0.71  garr 74.6  tG 533  e2 0.09  nF 4.6  pS 0.34  ptS 0.32  fLog 0.63  pdΔ -0.1636  pkR 3.10  clip 0.12  kl +0.004
upd   68  steps  141312  sps 1433  opp symm  loss -0.002  pg +0.0304  v 0.003  ev +0.89  adv_std 0.082  tR +0.00  ent[s/d/p/e] 1.93/2.47/1.30/0.58  emits 0.42  spf 72.1  z0 0.73  garr 82.9  tG 605  e2 0.09  nF 4.1  pS 0.35  ptS 0.33  fLog 0.64  pdΔ -0.1522  pkR 3.05  clip 0.09  kl +0.005
upd   69  steps  143360  sps 1444  opp symm  loss -0.033  pg -0.0019  v 0.007  ev +0.82  adv_std 0.116  tR -0.20  ent[s/d/p/e] 1.97/2.48/1.35/0.58  emits 0.48  spf 71.2  z0 0.69  garr 79.3  tG 615  e2 0.10  nF 4.4  pS 0.36  ptS 0.35  fLog 0.64  pdΔ -0.1417  pkR 3.20  clip 0.09  kl +0.001
upd   70  steps  145408  sps 1455  opp symm  loss -0.014  pg +0.0177  v 0.004  ev +0.88  adv_std 0.092  tR +0.00  ent[s/d/p/e] 1.94/2.47/1.32/0.55  emits 0.41  spf 77.3  z0 0.73  garr 84.3  tG 647  e2 0.09  nF 3.6  pS 0.36  ptS 0.35  fLog 0.65  pdΔ -0.1407  pkR 3.49  clip 0.06  kl +0.002
upd   71  steps  147456  sps 1466  opp symm  loss -0.046  pg -0.0124  v 0.001  ev +0.96  adv_std 0.051  tR +0.00  ent[s/d/p/e] 1.90/2.48/1.33/0.58  emits 0.40  spf 81.5  z0 0.73  garr 87.2  tG 665  e2 0.08  nF 3.7  pS 0.36  ptS 0.34  fLog 0.66  pdΔ -0.1410  pkR 3.58  clip 0.18  kl +0.006
upd   72  steps  149504  sps 1477  opp symm  loss +0.016  pg +0.0475  v 0.003  ev +0.92  adv_std 0.073  tR +1.00  ent[s/d/p/e] 1.92/2.46/1.32/0.51  emits 0.33  spf 84.9  z0 0.76  garr 97.0  tG 755  e2 0.05  nF 3.2  pS 0.37  ptS 0.36  fLog 0.67  pdΔ -0.1302  pkR 3.85  clip 0.07  kl +0.003
upd   73  steps  151552  sps 1488  opp symm  loss -0.045  pg -0.0144  v 0.006  ev +0.86  adv_std 0.110  tR +0.50  ent[s/d/p/e] 1.96/2.54/1.33/0.54  emits 0.35  spf 96.5  z0 0.76  garr 104.9  tG 816  e2 0.07  nF 2.9  pS 0.37  ptS 0.35  fLog 0.69  pdΔ -0.1328  pkR 3.46  clip 0.12  kl +0.005
upd   74  steps  153600  sps 1498  opp symm  loss -0.018  pg +0.0131  v 0.004  ev +0.90  adv_std 0.092  tR -0.60  ent[s/d/p/e] 2.04/2.55/1.25/0.52  emits 0.39  spf 90.7  z0 0.75  garr 101.9  tG 782  e2 0.07  nF 3.5  pS 0.36  ptS 0.35  fLog 0.67  pdΔ -0.1361  pkR 4.09  clip 0.07  kl +0.003
upd   75  steps  155648  sps 1509  opp symm  loss -0.009  pg +0.0211  v 0.007  ev +0.84  adv_std 0.116  tR +0.33  ent[s/d/p/e] 2.00/2.54/1.28/0.53  emits 0.33  spf 91.3  z0 0.79  garr 107.4  tG 828  e2 0.07  nF 3.0  pS 0.35  ptS 0.34  fLog 0.68  pdΔ -0.1479  pkR 3.86  clip 0.18  kl +0.009
upd   76  steps  157696  sps 1519  opp symm  loss -0.027  pg +0.0032  v 0.004  ev +0.90  adv_std 0.082  tR +0.33  ent[s/d/p/e] 1.95/2.54/1.34/0.47  emits 0.32  spf 93.8  z0 0.79  garr 111.1  tG 827  e2 0.06  nF 2.9  pS 0.33  ptS 0.32  fLog 0.67  pdΔ -0.1678  pkR 4.03  clip 0.07  kl +0.001
upd   77  steps  159744  sps 1529  opp symm  loss -0.044  pg -0.0264  v 0.028  ev +0.63  adv_std 0.243  tR -0.09  ent[s/d/p/e] 1.82/2.47/1.35/0.47  emits 0.33  spf 94.2  z0 0.77  garr 103.7  tG 770  e2 0.06  nF 2.6  pS 0.32  ptS 0.31  fLog 0.68  pdΔ -0.1848  pkR 4.03  clip 0.06  kl -0.000
upd   78  steps  161792  sps 1540  opp symm  loss +0.015  pg +0.0423  v 0.005  ev +0.81  adv_std 0.091  tR +0.33  ent[s/d/p/e] 1.53/2.32/1.41/0.43  emits 0.28  spf 67.8  z0 0.81  garr 80.8  tG 498  e2 0.05  nF 2.4  pS 0.22  ptS 0.22  fLog 0.61  pdΔ -0.2753  pkR 8.00  clip 0.07  kl +0.000
upd   79  steps  163840  sps 1549  opp symm  loss -0.059  pg -0.0288  v 0.003  ev +0.92  adv_std 0.071  tR -1.00  ent[s/d/p/e] 1.57/2.38/1.47/0.49  emits 0.31  spf 70.6  z0 0.78  garr 86.1  tG 552  e2 0.05  nF 2.7  pS 0.25  ptS 0.24  fLog 0.63  pdΔ -0.2549  pkR 7.80  clip 0.06  kl +0.004
upd   80  steps  165888  sps 1559  opp symm  loss +0.003  pg +0.0344  v 0.003  ev +0.90  adv_std 0.077  tR +0.00  ent[s/d/p/e] 1.67/2.41/1.47/0.52  emits 0.38  spf 73.2  z0 0.76  garr 87.7  tG 590  e2 0.08  nF 3.2  pS 0.27  ptS 0.26  fLog 0.63  pdΔ -0.2342  pkR 7.64  clip 0.07  kl +0.002
upd   81  steps  167936  sps 1569  opp symm  loss -0.024  pg +0.0087  v 0.002  ev +0.95  adv_std 0.057  tR -1.00  ent[s/d/p/e] 1.73/2.42/1.47/0.54  emits 0.36  spf 81.1  z0 0.75  garr 93.9  tG 667  e2 0.07  nF 3.3  pS 0.30  ptS 0.29  fLog 0.64  pdΔ -0.2024  pkR 7.32  clip 0.08  kl +0.001
upd   82  steps  169984  sps 1579  opp symm  loss -0.023  pg +0.0086  v 0.002  ev +0.95  adv_std 0.065  tR -0.50  ent[s/d/p/e] 1.83/2.43/1.44/0.52  emits 0.32  spf 87.9  z0 0.77  garr 102.2  tG 767  e2 0.05  nF 3.2  pS 0.31  ptS 0.31  fLog 0.66  pdΔ -0.1856  pkR 6.07  clip 0.04  kl -0.001
upd   83  steps  172032  sps 1588  opp symm  loss -0.052  pg -0.0212  v 0.003  ev +0.95  adv_std 0.071  tR +0.50  ent[s/d/p/e] 1.67/2.39/1.43/0.50  emits 0.29  spf 90.2  z0 0.78  garr 98.3  tG 745  e2 0.05  nF 2.4  pS 0.31  ptS 0.30  fLog 0.66  pdΔ -0.1902  pkR 6.60  clip 0.04  kl -0.000
upd   84  steps  174080  sps 1597  opp symm  loss -0.028  pg +0.0015  v 0.004  ev +0.94  adv_std 0.086  tR -1.00  ent[s/d/p/e] 1.71/2.37/1.36/0.51  emits 0.28  spf 95.3  z0 0.79  garr 101.5  tG 784  e2 0.05  nF 2.4  pS 0.31  ptS 0.31  fLog 0.67  pdΔ -0.1897  pkR 4.01  clip 0.04  kl +0.001
upd   85  steps  176128  sps 1607  opp symm  loss -0.014  pg +0.0167  v 0.003  ev +0.95  adv_std 0.083  tR +0.33  ent[s/d/p/e] 1.66/2.36/1.50/0.51  emits 0.29  spf 94.4  z0 0.78  garr 100.1  tG 765  e2 0.05  nF 2.5  pS 0.30  ptS 0.30  fLog 0.67  pdΔ -0.2015  pkR 4.07  clip 0.05  kl +0.001
upd   86  steps  178176  sps 1616  opp symm  loss -0.043  pg -0.0112  v 0.002  ev +0.97  adv_std 0.059  tR -1.00  ent[s/d/p/e] 1.74/2.42/1.48/0.50  emits 0.28  spf 101.2  z0 0.78  garr 112.6  tG 862  e2 0.04  nF 2.4  pS 0.32  ptS 0.32  fLog 0.68  pdΔ -0.1813  pkR 3.86  clip 0.06  kl +0.001
upd   87  steps  180224  sps 1625  opp symm  loss -0.065  pg -0.0345  v 0.003  ev +0.96  adv_std 0.082  tR +0.33  ent[s/d/p/e] 1.86/2.48/1.43/0.47  emits 0.31  spf 96.4  z0 0.78  garr 120.4  tG 962  e2 0.05  nF 2.7  pS 0.35  ptS 0.34  fLog 0.67  pdΔ -0.1543  pkR 4.09  clip 0.08  kl +0.000
upd   88  steps  182272  sps 1634  opp symm  loss +0.024  pg +0.0558  v 0.002  ev +0.97  adv_std 0.062  tR +0.00  ent[s/d/p/e] 2.08/2.52/1.36/0.47  emits 0.27  spf 95.1  z0 0.82  garr 137.7  tG 1134  e2 0.04  nF 2.5  pS 0.37  ptS 0.37  fLog 0.66  pdΔ -0.1295  pkR 3.86  clip 0.13  kl +0.004
upd   89  steps  184320  sps 1643  opp symm  loss +0.050  pg +0.0791  v 0.004  ev +0.93  adv_std 0.093  tR +0.33  ent[s/d/p/e] 1.96/2.47/1.34/0.44  emits 0.29  spf 107.0  z0 0.79  garr 142.5  tG 1171  e2 0.05  nF 2.3  pS 0.36  ptS 0.35  fLog 0.68  pdΔ -0.1436  pkR 3.63  clip 0.06  kl +0.003
upd   90  steps  186368  sps 1651  opp symm  loss +0.003  pg +0.0317  v 0.006  ev +0.88  adv_std 0.107  tR -0.20  ent[s/d/p/e] 1.87/2.46/1.41/0.47  emits 0.27  spf 99.9  z0 0.82  garr 142.5  tG 1177  e2 0.04  nF 2.4  pS 0.35  ptS 0.35  fLog 0.66  pdΔ -0.1456  pkR 3.89  clip 0.06  kl +0.002
upd   91  steps  188416  sps 1660  opp symm  loss +0.004  pg +0.0311  v 0.007  ev +0.85  adv_std 0.119  tR +0.14  ent[s/d/p/e] 1.88/2.44/1.35/0.44  emits 0.27  spf 96.5  z0 0.81  garr 142.9  tG 1169  e2 0.05  nF 2.6  pS 0.34  ptS 0.34  fLog 0.66  pdΔ -0.1579  pkR 3.89  clip 0.05  kl +0.003
upd   92  steps  190464  sps 1669  opp symm  loss +0.031  pg +0.0617  v 0.002  ev +0.95  adv_std 0.058  tR +1.00  ent[s/d/p/e] 1.72/2.44/1.45/0.46  emits 0.26  spf 90.0  z0 0.82  garr 146.0  tG 1206  e2 0.05  nF 2.4  pS 0.34  ptS 0.34  fLog 0.66  pdΔ -0.1571  pkR 4.51  clip 0.06  kl +0.002
upd   93  steps  192512  sps 1677  opp symm  loss -0.060  pg -0.0382  v 0.019  ev +0.66  adv_std 0.204  tR +0.00  ent[s/d/p/e] 1.75/2.39/1.46/0.45  emits 0.33  spf 89.4  z0 0.79  garr 119.3  tG 967  e2 0.06  nF 2.4  pS 0.30  ptS 0.29  fLog 0.65  pdΔ -0.2017  pkR 5.91  clip 0.08  kl +0.004
upd   94  steps  194560  sps 1685  opp symm  loss +0.012  pg +0.0420  v 0.004  ev +0.82  adv_std 0.082  tR +1.00  ent[s/d/p/e] 1.68/2.31/1.48/0.49  emits 0.42  spf 61.3  z0 0.75  garr 86.1  tG 634  e2 0.08  nF 3.6  pS 0.27  ptS 0.26  fLog 0.61  pdΔ -0.2255  pkR 7.38  clip 0.09  kl +0.003
upd   95  steps  196608  sps 1693  opp symm  loss -0.024  pg +0.0062  v 0.004  ev +0.85  adv_std 0.099  tR +0.33  ent[s/d/p/e] 1.89/2.38/1.45/0.51  emits 0.41  spf 62.1  z0 0.76  garr 88.8  tG 652  e2 0.08  nF 4.0  pS 0.31  ptS 0.30  fLog 0.61  pdΔ -0.1928  pkR 6.83  clip 0.09  kl +0.005
upd   96  steps  198656  sps 1702  opp symm  loss -0.084  pg -0.0531  v 0.004  ev +0.87  adv_std 0.088  tR +1.00  ent[s/d/p/e] 1.84/2.37/1.49/0.50  emits 0.30  spf 59.3  z0 0.79  garr 103.8  tG 743  e2 0.06  nF 3.3  pS 0.32  ptS 0.31  fLog 0.61  pdΔ -0.1793  pkR 5.29  clip 0.08  kl +0.005
upd   97  steps  200704  sps 1710  opp symm  loss -0.009  pg +0.0220  v 0.005  ev +0.88  adv_std 0.099  tR +1.00  ent[s/d/p/e] 1.87/2.37/1.51/0.52  emits 0.38  spf 80.2  z0 0.75  garr 121.0  tG 885  e2 0.07  nF 3.3  pS 0.33  ptS 0.32  fLog 0.65  pdΔ -0.1674  pkR 5.33  clip 0.11  kl +0.005
upd   98  steps  202752  sps 1718  opp symm  loss -0.065  pg -0.0354  v 0.005  ev +0.89  adv_std 0.105  tR +0.33  ent[s/d/p/e] 1.73/2.28/1.57/0.50  emits 0.34  spf 72.8  z0 0.77  garr 114.2  tG 825  e2 0.06  nF 3.2  pS 0.32  ptS 0.31  fLog 0.63  pdΔ -0.1776  pkR 5.41  clip 0.06  kl +0.001
[eval_vs_v20] u99 tag=train_u99  bin0=0.0%  spf=0.00  garr=128.50  flip=0.00%  z0=71.9%  e8=0.0%  e2+=0.0%  WLD=0/3/0
upd   99  steps  204800  sps 1726  opp symm  loss -0.051  pg -0.0197  v 0.003  ev +0.93  adv_std 0.079  tR +0.33  ent[s/d/p/e] 1.81/2.29/1.47/0.51  emits 0.42  spf 70.8  z0 0.74  garr 106.6  tG 794  e2 0.08  nF 3.7  pS 0.33  ptS 0.32  fLog 0.63  pdΔ -0.1681  pkR 4.79  clip 0.07  kl +0.003 WRr 0.09 v20[spf 0.0 flip 0.0% e2+ 0.0%]
upd  100  steps  206848  sps 956  opp symm  loss +0.036  pg +0.0658  v 0.008  ev +0.86  adv_std 0.122  tR +1.00  ent[s/d/p/e] 1.92/2.35/1.52/0.51  emits 0.39  spf 67.7  z0 0.76  garr 107.6  tG 814  e2 0.08  nF 4.0  pS 0.35  ptS 0.34  fLog 0.63  pdΔ -0.1503  pkR 4.87  clip 0.08  kl +0.003
upd  101  steps  208896  sps 962  opp symm  loss +0.006  pg +0.0377  v 0.003  ev +0.95  adv_std 0.079  tR +1.00  ent[s/d/p/e] 1.93/2.28/1.53/0.49  emits 0.41  spf 74.2  z0 0.75  garr 100.9  tG 837  e2 0.08  nF 3.9  pS 0.36  ptS 0.35  fLog 0.63  pdΔ -0.1434  pkR 5.76  clip 0.08  kl +0.003
upd  102  steps  210944  sps 969  opp symm  loss -0.115  pg -0.0836  v 0.004  ev +0.95  adv_std 0.086  tR +0.20  ent[s/d/p/e] 1.99/2.38/1.51/0.51  emits 0.47  spf 68.4  z0 0.73  garr 108.0  tG 843  e2 0.10  nF 4.3  pS 0.34  ptS 0.34  fLog 0.63  pdΔ -0.1557  pkR 5.20  clip 0.07  kl +0.002
upd  103  steps  212992  sps 975  opp symm  loss +0.009  pg +0.0412  v 0.003  ev +0.96  adv_std 0.072  tR +0.00  ent[s/d/p/e] 1.91/2.32/1.50/0.52  emits 0.44  spf 70.2  z0 0.73  garr 112.4  tG 875  e2 0.09  nF 4.1  pS 0.34  ptS 0.33  fLog 0.62  pdΔ -0.1639  pkR 5.32  clip 0.12  kl +0.004
upd  104  steps  215040  sps 982  opp symm  loss +0.001  pg +0.0300  v 0.006  ev +0.94  adv_std 0.111  tR +0.20  ent[s/d/p/e] 1.87/2.34/1.43/0.49  emits 0.40  spf 66.0  z0 0.77  garr 109.8  tG 873  e2 0.07  nF 4.0  pS 0.34  ptS 0.34  fLog 0.61  pdΔ -0.1585  pkR 5.42  clip 0.08  kl +0.002
upd  105  steps  217088  sps 988  opp symm  loss -0.082  pg -0.0514  v 0.005  ev +0.95  adv_std 0.101  tR +0.14  ent[s/d/p/e] 1.92/2.36/1.40/0.52  emits 0.51  spf 60.5  z0 0.73  garr 98.9  tG 771  e2 0.10  nF 4.5  pS 0.32  ptS 0.32  fLog 0.60  pdΔ -0.1795  pkR 6.22  clip 0.13  kl +0.003
upd  106  steps  219136  sps 995  opp symm  loss +0.005  pg +0.0328  v 0.008  ev +0.90  adv_std 0.127  tR +0.60  ent[s/d/p/e] 1.72/2.29/1.49/0.48  emits 0.36  spf 55.2  z0 0.77  garr 96.0  tG 701  e2 0.07  nF 4.0  pS 0.29  ptS 0.29  fLog 0.58  pdΔ -0.2094  pkR 7.76  clip 0.10  kl +0.002
upd  107  steps  221184  sps 1001  opp symm  loss -0.016  pg +0.0129  v 0.008  ev +0.89  adv_std 0.126  tR -0.11  ent[s/d/p/e] 1.59/2.20/1.58/0.52  emits 0.37  spf 49.8  z0 0.76  garr 87.6  tG 625  e2 0.07  nF 4.0  pS 0.28  ptS 0.28  fLog 0.58  pdΔ -0.2182  pkR 7.54  clip 0.10  kl +0.002
upd  108  steps  223232  sps 1007  opp symm  loss -0.082  pg -0.0568  v 0.013  ev +0.86  adv_std 0.162  tR -0.54  ent[s/d/p/e] 1.51/2.15/1.63/0.49  emits 0.37  spf 45.1  z0 0.76  garr 87.2  tG 622  e2 0.08  nF 4.1  pS 0.29  ptS 0.28  fLog 0.57  pdΔ -0.2140  pkR 6.13  clip 0.07  kl +0.001
upd  109  steps  225280  sps 1014  opp symm  loss -0.042  pg -0.0112  v 0.003  ev +0.95  adv_std 0.078  tR +0.00  ent[s/d/p/e] 1.45/2.13/1.57/0.53  emits 0.38  spf 46.7  z0 0.75  garr 63.2  tG 419  e2 0.08  nF 4.1  pS 0.25  ptS 0.25  fLog 0.57  pdΔ -0.2495  pkR 8.85  clip 0.09  kl +0.002
upd  110  steps  227328  sps 1020  opp symm  loss -0.063  pg -0.0323  v 0.003  ev +0.96  adv_std 0.081  tR -1.00  ent[s/d/p/e] 1.53/2.16/1.55/0.52  emits 0.38  spf 47.8  z0 0.75  garr 66.9  tG 423  e2 0.08  nF 4.3  pS 0.26  ptS 0.26  fLog 0.58  pdΔ -0.2396  pkR 6.22  clip 0.09  kl +0.001
upd  111  steps  229376  sps 1026  opp symm  loss +0.000  pg +0.0309  v 0.004  ev +0.96  adv_std 0.084  tR -1.00  ent[s/d/p/e] 1.59/2.15/1.50/0.55  emits 0.49  spf 44.2  z0 0.71  garr 68.4  tG 444  e2 0.10  nF 5.0  pS 0.28  ptS 0.28  fLog 0.56  pdΔ -0.2222  pkR 6.41  clip 0.10  kl +0.002
upd  112  steps  231424  sps 1032  opp symm  loss -0.047  pg -0.0169  v 0.004  ev +0.96  adv_std 0.092  tR -0.33  ent[s/d/p/e] 1.69/2.18/1.48/0.51  emits 0.43  spf 41.3  z0 0.75  garr 83.4  tG 570  e2 0.09  nF 5.3  pS 0.30  ptS 0.30  fLog 0.55  pdΔ -0.1997  pkR 6.48  clip 0.09  kl -0.002
upd  113  steps  233472  sps 1038  opp symm  loss +0.005  pg +0.0345  v 0.006  ev +0.96  adv_std 0.103  tR -0.33  ent[s/d/p/e] 1.64/2.22/1.53/0.49  emits 0.44  spf 47.2  z0 0.75  garr 87.3  tG 647  e2 0.09  nF 5.1  pS 0.31  ptS 0.30  fLog 0.57  pdΔ -0.1948  pkR 6.75  clip 0.10  kl +0.004
upd  114  steps  235520  sps 1044  opp symm  loss -0.042  pg -0.0117  v 0.004  ev +0.97  adv_std 0.087  tR +0.33  ent[s/d/p/e] 1.69/2.21/1.51/0.50  emits 0.44  spf 47.6  z0 0.76  garr 91.3  tG 736  e2 0.09  nF 4.6  pS 0.29  ptS 0.29  fLog 0.57  pdΔ -0.2071  pkR 6.20  clip 0.06  kl -0.000
upd  115  steps  237568  sps 1051  opp symm  loss -0.030  pg -0.0001  v 0.004  ev +0.97  adv_std 0.090  tR -0.20  ent[s/d/p/e] 1.74/2.24/1.41/0.50  emits 0.46  spf 56.6  z0 0.75  garr 87.2  tG 676  e2 0.09  nF 4.6  pS 0.28  ptS 0.28  fLog 0.59  pdΔ -0.2157  pkR 6.78  clip 0.08  kl +0.003
upd  116  steps  239616  sps 1057  opp symm  loss -0.052  pg -0.0234  v 0.006  ev +0.95  adv_std 0.110  tR -0.20  ent[s/d/p/e] 1.61/2.20/1.54/0.51  emits 0.39  spf 52.8  z0 0.76  garr 89.1  tG 658  e2 0.08  nF 4.0  pS 0.27  ptS 0.26  fLog 0.59  pdΔ -0.2291  pkR 6.54  clip 0.07  kl +0.001
upd  117  steps  241664  sps 1063  opp symm  loss +0.016  pg +0.0463  v 0.003  ev +0.98  adv_std 0.073  tR +0.00  ent[s/d/p/e] 1.59/2.21/1.51/0.51  emits 0.39  spf 58.4  z0 0.75  garr 78.9  tG 568  e2 0.08  nF 3.8  pS 0.27  ptS 0.26  fLog 0.60  pdΔ -0.2310  pkR 7.75  clip 0.05  kl +0.002
upd  118  steps  243712  sps 1069  opp symm  loss -0.020  pg +0.0096  v 0.006  ev +0.95  adv_std 0.108  tR +0.00  ent[s/d/p/e] 1.53/2.20/1.56/0.54  emits 0.40  spf 53.0  z0 0.74  garr 70.4  tG 504  e2 0.08  nF 4.2  pS 0.28  ptS 0.26  fLog 0.59  pdΔ -0.2229  pkR 9.69  clip 0.06  kl +0.004
upd  119  steps  245760  sps 1075  opp symm  loss -0.017  pg +0.0137  v 0.006  ev +0.95  adv_std 0.107  tR -0.33  ent[s/d/p/e] 1.71/2.24/1.51/0.54  emits 0.46  spf 57.4  z0 0.72  garr 69.6  tG 498  e2 0.09  nF 4.9  pS 0.30  ptS 0.29  fLog 0.60  pdΔ -0.1971  pkR 9.83  clip 0.06  kl +0.001
upd  120  steps  247808  sps 1080  opp symm  loss +0.024  pg +0.0526  v 0.008  ev +0.93  adv_std 0.131  tR -0.60  ent[s/d/p/e] 1.87/2.28/1.40/0.54  emits 0.58  spf 52.9  z0 0.69  garr 66.8  tG 465  e2 0.12  nF 5.6  pS 0.32  ptS 0.31  fLog 0.60  pdΔ -0.1783  pkR 6.92  clip 0.10  kl +0.007
upd  121  steps  249856  sps 1086  opp symm  loss +0.010  pg +0.0396  v 0.006  ev +0.93  adv_std 0.113  tR +0.20  ent[s/d/p/e] 1.87/2.28/1.46/0.51  emits 0.47  spf 54.1  z0 0.73  garr 68.8  tG 476  e2 0.09  nF 5.1  pS 0.31  ptS 0.30  fLog 0.60  pdΔ -0.1868  pkR 8.05  clip 0.10  kl +0.004
upd  122  steps  251904  sps 1092  opp symm  loss -0.019  pg +0.0126  v 0.004  ev +0.96  adv_std 0.092  tR +0.33  ent[s/d/p/e] 1.78/2.26/1.53/0.53  emits 0.44  spf 59.5  z0 0.73  garr 71.7  tG 488  e2 0.08  nF 4.6  pS 0.31  ptS 0.30  fLog 0.61  pdΔ -0.1887  pkR 3.88  clip 0.04  kl +0.001
upd  123  steps  253952  sps 1098  opp symm  loss +0.036  pg +0.0672  v 0.004  ev +0.95  adv_std 0.088  tR +0.00  ent[s/d/p/e] 1.81/2.32/1.47/0.54  emits 0.50  spf 55.6  z0 0.72  garr 75.9  tG 512  e2 0.10  nF 4.8  pS 0.32  ptS 0.31  fLog 0.60  pdΔ -0.1793  pkR 4.18  clip 0.08  kl +0.003
upd  124  steps  256000  sps 1104  opp symm  loss -0.053  pg -0.0232  v 0.007  ev +0.93  adv_std 0.125  tR +0.17  ent[s/d/p/e] 1.79/2.21/1.53/0.53  emits 0.45  spf 58.5  z0 0.74  garr 69.8  tG 498  e2 0.09  nF 4.5  pS 0.31  ptS 0.30  fLog 0.61  pdΔ -0.1857  pkR 4.39  clip 0.06  kl -0.000
upd  125  steps  258048  sps 1109  opp symm  loss -0.020  pg +0.0088  v 0.007  ev +0.92  adv_std 0.115  tR -0.67  ent[s/d/p/e] 1.63/2.15/1.54/0.52  emits 0.44  spf 56.9  z0 0.74  garr 65.7  tG 454  e2 0.09  nF 4.2  pS 0.29  ptS 0.28  fLog 0.61  pdΔ -0.2114  pkR 4.84  clip 0.07  kl +0.003
upd  126  steps  260096  sps 1115  opp symm  loss -0.025  pg +0.0066  v 0.003  ev +0.96  adv_std 0.080  tR -0.33  ent[s/d/p/e] 1.65/2.25/1.49/0.54  emits 0.46  spf 56.3  z0 0.72  garr 65.2  tG 461  e2 0.09  nF 4.4  pS 0.30  ptS 0.29  fLog 0.61  pdΔ -0.1999  pkR 4.52  clip 0.08  kl -0.000
upd  127  steps  262144  sps 1121  opp symm  loss -0.027  pg +0.0034  v 0.004  ev +0.95  adv_std 0.091  tR +1.00  ent[s/d/p/e] 1.59/2.20/1.55/0.52  emits 0.38  spf 62.9  z0 0.74  garr 73.1  tG 553  e2 0.07  nF 4.0  pS 0.32  ptS 0.31  fLog 0.62  pdΔ -0.1796  pkR 5.11  clip 0.06  kl +0.001
upd  128  steps  264192  sps 1126  opp symm  loss -0.019  pg +0.0106  v 0.004  ev +0.96  adv_std 0.092  tR +0.20  ent[s/d/p/e] 1.61/2.12/1.48/0.52  emits 0.38  spf 64.3  z0 0.74  garr 75.7  tG 593  e2 0.07  nF 3.8  pS 0.32  ptS 0.31  fLog 0.62  pdΔ -0.1818  pkR 6.59  clip 0.08  kl +0.003
upd  129  steps  266240  sps 1132  opp symm  loss +0.002  pg +0.0308  v 0.005  ev +0.95  adv_std 0.102  tR +1.00  ent[s/d/p/e] 1.71/2.17/1.47/0.50  emits 0.37  spf 64.8  z0 0.77  garr 82.0  tG 589  e2 0.07  nF 3.8  pS 0.31  ptS 0.29  fLog 0.62  pdΔ -0.1947  pkR 5.82  clip 0.10  kl +0.002
upd  130  steps  268288  sps 1138  opp symm  loss -0.060  pg -0.0304  v 0.006  ev +0.94  adv_std 0.109  tR -0.60  ent[s/d/p/e] 1.73/2.18/1.53/0.51  emits 0.45  spf 55.6  z0 0.73  garr 78.8  tG 549  e2 0.09  nF 4.2  pS 0.30  ptS 0.29  fLog 0.60  pdΔ -0.2032  pkR 7.17  clip 0.06  kl +0.001
upd  131  steps  270336  sps 1143  opp symm  loss -0.019  pg +0.0096  v 0.007  ev +0.93  adv_std 0.119  tR -0.50  ent[s/d/p/e] 1.77/2.22/1.48/0.53  emits 0.50  spf 53.1  z0 0.72  garr 68.1  tG 480  e2 0.11  nF 5.2  pS 0.30  ptS 0.29  fLog 0.59  pdΔ -0.1977  pkR 6.34  clip 0.06  kl +0.003
upd  132  steps  272384  sps 1149  opp symm  loss -0.062  pg -0.0317  v 0.004  ev +0.96  adv_std 0.087  tR +0.00  ent[s/d/p/e] 1.76/2.27/1.40/0.53  emits 0.50  spf 50.3  z0 0.73  garr 65.8  tG 461  e2 0.10  nF 5.7  pS 0.30  ptS 0.29  fLog 0.58  pdΔ -0.2019  pkR 5.70  clip 0.04  kl +0.001
upd  133  steps  274432  sps 1154  opp symm  loss -0.061  pg -0.0315  v 0.005  ev +0.95  adv_std 0.098  tR -0.25  ent[s/d/p/e] 1.50/2.13/1.47/0.53  emits 0.43  spf 51.4  z0 0.74  garr 66.6  tG 483  e2 0.08  nF 4.2  pS 0.28  ptS 0.27  fLog 0.58  pdΔ -0.2230  pkR 6.62  clip 0.04  kl +0.001
upd  134  steps  276480  sps 1160  opp symm  loss -0.033  pg -0.0036  v 0.006  ev +0.94  adv_std 0.111  tR -0.50  ent[s/d/p/e] 1.57/2.10/1.47/0.55  emits 0.43  spf 56.2  z0 0.72  garr 66.3  tG 484  e2 0.08  nF 4.4  pS 0.29  ptS 0.28  fLog 0.59  pdΔ -0.2079  pkR 7.01  clip 0.10  kl +0.006
upd  135  steps  278528  sps 1165  opp symm  loss -0.027  pg +0.0027  v 0.005  ev +0.95  adv_std 0.102  tR +0.00  ent[s/d/p/e] 1.67/2.15/1.44/0.55  emits 0.52  spf 52.1  z0 0.70  garr 73.0  tG 547  e2 0.11  nF 5.0  pS 0.32  ptS 0.31  fLog 0.59  pdΔ -0.1797  pkR 7.07  clip 0.06  kl +0.001
upd  136  steps  280576  sps 1171  opp symm  loss -0.035  pg -0.0052  v 0.006  ev +0.94  adv_std 0.113  tR +0.25  ent[s/d/p/e] 1.70/2.22/1.47/0.54  emits 0.47  spf 53.5  z0 0.73  garr 74.8  tG 536  e2 0.10  nF 5.2  pS 0.32  ptS 0.31  fLog 0.59  pdΔ -0.1835  pkR 6.94  clip 0.07  kl +0.002
upd  137  steps  282624  sps 1176  opp symm  loss +0.004  pg +0.0334  v 0.005  ev +0.95  adv_std 0.099  tR +0.33  ent[s/d/p/e] 1.64/2.17/1.45/0.54  emits 0.51  spf 52.2  z0 0.71  garr 69.8  tG 498  e2 0.10  nF 5.1  pS 0.31  ptS 0.30  fLog 0.59  pdΔ -0.1871  pkR 8.25  clip 0.08  kl -0.000
upd  138  steps  284672  sps 1181  opp symm  loss +0.011  pg +0.0411  v 0.005  ev +0.95  adv_std 0.100  tR +0.00  ent[s/d/p/e] 1.69/2.16/1.40/0.54  emits 0.54  spf 54.1  z0 0.70  garr 74.4  tG 561  e2 0.12  nF 5.4  pS 0.34  ptS 0.32  fLog 0.60  pdΔ -0.1636  pkR 8.25  clip 0.09  kl +0.002
upd  139  steps  286720  sps 1186  opp symm  loss -0.030  pg +0.0002  v 0.004  ev +0.96  adv_std 0.090  tR +0.20  ent[s/d/p/e] 1.73/2.21/1.42/0.54  emits 0.57  spf 60.9  z0 0.71  garr 80.4  tG 602  e2 0.14  nF 5.8  pS 0.33  ptS 0.32  fLog 0.61  pdΔ -0.1680  pkR 6.67  clip 0.08  kl +0.001
upd  140  steps  288768  sps 1192  opp symm  loss -0.021  pg +0.0091  v 0.005  ev +0.96  adv_std 0.097  tR -0.11  ent[s/d/p/e] 1.68/2.15/1.39/0.53  emits 0.52  spf 58.9  z0 0.71  garr 72.0  tG 528  e2 0.11  nF 5.2  pS 0.31  ptS 0.30  fLog 0.61  pdΔ -0.1929  pkR 8.31  clip 0.08  kl +0.003
upd  141  steps  290816  sps 1197  opp symm  loss -0.012  pg +0.0162  v 0.007  ev +0.94  adv_std 0.122  tR +0.50  ent[s/d/p/e] 1.69/2.16/1.47/0.53  emits 0.50  spf 57.7  z0 0.72  garr 67.9  tG 522  e2 0.11  nF 5.1  pS 0.32  ptS 0.31  fLog 0.61  pdΔ -0.1763  pkR 6.78  clip 0.08  kl +0.002
upd  142  steps  292864  sps 1202  opp symm  loss -0.007  pg +0.0229  v 0.004  ev +0.97  adv_std 0.092  tR +0.50  ent[s/d/p/e] 1.62/2.09/1.46/0.55  emits 0.55  spf 51.2  z0 0.70  garr 69.7  tG 547  e2 0.13  nF 5.3  pS 0.32  ptS 0.31  fLog 0.59  pdΔ -0.1764  pkR 6.47  clip 0.09  kl +0.001
upd  143  steps  294912  sps 1207  opp symm  loss -0.003  pg +0.0268  v 0.004  ev +0.97  adv_std 0.088  tR +0.00  ent[s/d/p/e] 1.68/2.13/1.45/0.54  emits 0.54  spf 50.1  z0 0.69  garr 71.5  tG 562  e2 0.12  nF 5.9  pS 0.33  ptS 0.33  fLog 0.59  pdΔ -0.1659  pkR 7.75  clip 0.11  kl +0.003
upd  144  steps  296960  sps 1213  opp symm  loss -0.000  pg +0.0284  v 0.008  ev +0.94  adv_std 0.123  tR +0.20  ent[s/d/p/e] 1.78/2.17/1.43/0.54  emits 0.59  spf 53.5  z0 0.71  garr 80.7  tG 639  e2 0.13  nF 6.1  pS 0.35  ptS 0.34  fLog 0.59  pdΔ -0.1463  pkR 8.20  clip 0.09  kl +0.004
upd  145  steps  299008  sps 1218  opp symm  loss -0.038  pg -0.0065  v 0.004  ev +0.96  adv_std 0.084  tR +1.00  ent[s/d/p/e] 1.70/2.13/1.44/0.56  emits 0.58  spf 56.1  z0 0.68  garr 80.5  tG 612  e2 0.12  nF 6.1  pS 0.33  ptS 0.32  fLog 0.60  pdΔ -0.1682  pkR 9.43  clip 0.08  kl +0.001
upd  146  steps  301056  sps 1223  opp symm  loss -0.047  pg -0.0186  v 0.007  ev +0.93  adv_std 0.119  tR +0.00  ent[s/d/p/e] 1.62/2.04/1.48/0.55  emits 0.52  spf 56.7  z0 0.69  garr 73.2  tG 550  e2 0.11  nF 5.8  pS 0.33  ptS 0.32  fLog 0.60  pdΔ -0.1687  pkR 7.00  clip 0.08  kl +0.003
upd  147  steps  303104  sps 1228  opp symm  loss -0.023  pg +0.0078  v 0.006  ev +0.93  adv_std 0.107  tR -0.33  ent[s/d/p/e] 1.76/2.11/1.49/0.57  emits 0.60  spf 57.8  z0 0.68  garr 71.6  tG 527  e2 0.13  nF 6.0  pS 0.34  ptS 0.33  fLog 0.61  pdΔ -0.1615  pkR 6.18  clip 0.07  kl +0.002
upd  148  steps  305152  sps 1233  opp symm  loss -0.031  pg -0.0012  v 0.007  ev +0.91  adv_std 0.119  tR +0.33  ent[s/d/p/e] 1.74/2.12/1.50/0.58  emits 0.67  spf 52.3  z0 0.66  garr 56.3  tG 438  e2 0.14  nF 6.7  pS 0.35  ptS 0.34  fLog 0.60  pdΔ -0.1483  pkR 5.43  clip 0.11  kl +0.003
upd  149  steps  307200  sps 1238  opp symm  loss -0.001  pg +0.0303  v 0.004  ev +0.95  adv_std 0.095  tR +1.00  ent[s/d/p/e] 1.76/2.16/1.49/0.56  emits 0.66  spf 52.9  z0 0.68  garr 60.5  tG 463  e2 0.14  nF 6.4  pS 0.35  ptS 0.34  fLog 0.60  pdΔ -0.1475  pkR 5.11  clip 0.07  kl -0.000
upd  150  steps  309248  sps 1243  opp symm  loss +0.007  pg +0.0372  v 0.006  ev +0.93  adv_std 0.111  tR +0.00  ent[s/d/p/e] 1.74/2.17/1.46/0.56  emits 0.66  spf 57.1  z0 0.66  garr 62.5  tG 477  e2 0.14  nF 6.7  pS 0.36  ptS 0.35  fLog 0.61  pdΔ -0.1369  pkR 5.39  clip 0.10  kl +0.004
upd  151  steps  311296  sps 1248  opp symm  loss -0.001  pg +0.0290  v 0.006  ev +0.95  adv_std 0.109  tR +0.60  ent[s/d/p/e] 1.78/2.17/1.52/0.54  emits 0.68  spf 51.5  z0 0.67  garr 70.9  tG 568  e2 0.15  nF 7.0  pS 0.38  ptS 0.37  fLog 0.60  pdΔ -0.1171  pkR 6.18  clip 0.11  kl +0.004
upd  152  steps  313344  sps 1253  opp symm  loss -0.028  pg +0.0014  v 0.006  ev +0.95  adv_std 0.105  tR +1.00  ent[s/d/p/e] 1.76/2.16/1.49/0.52  emits 0.58  spf 51.2  z0 0.71  garr 70.4  tG 533  e2 0.12  nF 6.1  pS 0.35  ptS 0.33  fLog 0.59  pdΔ -0.1548  pkR 7.61  clip 0.05  kl +0.001
upd  153  steps  315392  sps 1258  opp symm  loss +0.021  pg +0.0495  v 0.006  ev +0.95  adv_std 0.108  tR +0.20  ent[s/d/p/e] 1.70/2.18/1.46/0.51  emits 0.59  spf 49.3  z0 0.71  garr 75.3  tG 520  e2 0.12  nF 5.5  pS 0.33  ptS 0.32  fLog 0.59  pdΔ -0.1685  pkR 5.34  clip 0.10  kl +0.001
upd  154  steps  317440  sps 1263  opp symm  loss +0.001  pg +0.0304  v 0.005  ev +0.96  adv_std 0.100  tR +0.33  ent[s/d/p/e] 1.69/2.13/1.47/0.53  emits 0.54  spf 50.7  z0 0.71  garr 87.5  tG 609  e2 0.11  nF 5.4  pS 0.34  ptS 0.33  fLog 0.59  pdΔ -0.1576  pkR 5.64  clip 0.08  kl +0.001
upd  155  steps  319488  sps 1268  opp symm  loss +0.013  pg +0.0427  v 0.006  ev +0.94  adv_std 0.113  tR +0.33  ent[s/d/p/e] 1.77/2.22/1.49/0.52  emits 0.61  spf 53.0  z0 0.70  garr 97.5  tG 715  e2 0.13  nF 5.4  pS 0.37  ptS 0.36  fLog 0.60  pdΔ -0.1262  pkR 5.76  clip 0.10  kl +0.004
upd  156  steps  321536  sps 1273  opp symm  loss -0.048  pg -0.0180  v 0.005  ev +0.96  adv_std 0.097  tR +0.71  ent[s/d/p/e] 1.76/2.21/1.49/0.52  emits 0.56  spf 54.8  z0 0.72  garr 93.4  tG 711  e2 0.13  nF 5.0  pS 0.36  ptS 0.35  fLog 0.61  pdΔ -0.1355  pkR 7.67  clip 0.10  kl -0.000
upd  157  steps  323584  sps 1277  opp symm  loss +0.008  pg +0.0367  v 0.005  ev +0.96  adv_std 0.100  tR +0.60  ent[s/d/p/e] 1.73/2.19/1.45/0.48  emits 0.51  spf 52.9  z0 0.74  garr 95.8  tG 736  e2 0.10  nF 5.1  pS 0.35  ptS 0.34  fLog 0.60  pdΔ -0.1482  pkR 8.81  clip 0.09  kl +0.001
upd  158  steps  325632  sps 1282  opp symm  loss -0.015  pg +0.0123  v 0.005  ev +0.95  adv_std 0.104  tR -0.33  ent[s/d/p/e] 1.69/2.20/1.35/0.47  emits 0.46  spf 52.5  z0 0.77  garr 100.9  tG 727  e2 0.10  nF 4.8  pS 0.35  ptS 0.34  fLog 0.60  pdΔ -0.1542  pkR 6.27  clip 0.10  kl +0.002
upd  159  steps  327680  sps 1287  opp symm  loss -0.055  pg -0.0265  v 0.005  ev +0.96  adv_std 0.101  tR -0.11  ent[s/d/p/e] 1.76/2.27/1.43/0.46  emits 0.42  spf 56.1  z0 0.77  garr 117.2  tG 841  e2 0.08  nF 4.2  pS 0.34  ptS 0.34  fLog 0.61  pdΔ -0.1554  pkR 4.78  clip 0.06  kl +0.001
upd  160  steps  329728  sps 1292  opp symm  loss -0.053  pg -0.0242  v 0.005  ev +0.96  adv_std 0.105  tR +0.50  ent[s/d/p/e] 1.67/2.19/1.50/0.47  emits 0.36  spf 68.5  z0 0.79  garr 119.0  tG 902  e2 0.07  nF 3.3  pS 0.33  ptS 0.32  fLog 0.64  pdΔ -0.1726  pkR 4.44  clip 0.07  kl +0.003
upd  161  steps  331776  sps 1297  opp symm  loss +0.017  pg +0.0455  v 0.004  ev +0.97  adv_std 0.095  tR +0.00  ent[s/d/p/e] 1.53/2.14/1.54/0.47  emits 0.38  spf 69.5  z0 0.77  garr 120.9  tG 934  e2 0.07  nF 3.6  pS 0.34  ptS 0.33  fLog 0.64  pdΔ -0.1632  pkR 4.57  clip 0.06  kl +0.001
upd  162  steps  333824  sps 1301  opp symm  loss -0.004  pg +0.0255  v 0.004  ev +0.97  adv_std 0.089  tR +0.00  ent[s/d/p/e] 1.70/2.18/1.50/0.50  emits 0.49  spf 59.6  z0 0.75  garr 108.7  tG 875  e2 0.09  nF 4.3  pS 0.35  ptS 0.34  fLog 0.61  pdΔ -0.1548  pkR 5.92  clip 0.07  kl +0.002
upd  163  steps  335872  sps 1306  opp symm  loss -0.026  pg +0.0030  v 0.006  ev +0.94  adv_std 0.114  tR +0.00  ent[s/d/p/e] 1.72/2.20/1.49/0.49  emits 0.44  spf 53.2  z0 0.76  garr 100.9  tG 791  e2 0.08  nF 4.4  pS 0.33  ptS 0.32  fLog 0.60  pdΔ -0.1724  pkR 6.45  clip 0.06  kl +0.002
upd  164  steps  337920  sps 1311  opp symm  loss -0.037  pg -0.0083  v 0.006  ev +0.94  adv_std 0.113  tR -0.43  ent[s/d/p/e] 1.63/2.14/1.48/0.51  emits 0.48  spf 59.7  z0 0.73  garr 89.5  tG 690  e2 0.10  nF 4.3  pS 0.32  ptS 0.31  fLog 0.61  pdΔ -0.1787  pkR 6.04  clip 0.06  kl +0.001
upd  165  steps  339968  sps 1315  opp symm  loss -0.042  pg -0.0120  v 0.003  ev +0.96  adv_std 0.085  tR +1.00  ent[s/d/p/e] 1.63/2.11/1.47/0.51  emits 0.45  spf 59.5  z0 0.74  garr 94.5  tG 721  e2 0.09  nF 4.0  pS 0.32  ptS 0.31  fLog 0.61  pdΔ -0.1847  pkR 5.64  clip 0.04  kl +0.001
upd  166  steps  342016  sps 1320  opp symm  loss -0.035  pg -0.0059  v 0.003  ev +0.97  adv_std 0.079  tR +1.00  ent[s/d/p/e] 1.49/1.96/1.45/0.51  emits 0.43  spf 63.1  z0 0.73  garr 101.2  tG 774  e2 0.09  nF 4.1  pS 0.30  ptS 0.30  fLog 0.61  pdΔ -0.2023  pkR 6.65  clip 0.04  kl -0.000
upd  167  steps  344064  sps 1324  opp symm  loss -0.007  pg +0.0193  v 0.008  ev +0.94  adv_std 0.125  tR +0.00  ent[s/d/p/e] 1.56/1.96/1.35/0.52  emits 0.51  spf 52.6  z0 0.72  garr 90.3  tG 699  e2 0.10  nF 4.9  pS 0.30  ptS 0.30  fLog 0.59  pdΔ -0.2026  pkR 8.09  clip 0.05  kl +0.000
upd  168  steps  346112  sps 1329  opp symm  loss -0.020  pg +0.0078  v 0.006  ev +0.95  adv_std 0.107  tR +0.00  ent[s/d/p/e] 1.52/2.06/1.34/0.53  emits 0.48  spf 51.6  z0 0.73  garr 71.6  tG 546  e2 0.10  nF 5.3  pS 0.27  ptS 0.28  fLog 0.58  pdΔ -0.2261  pkR 11.32  clip 0.07  kl +0.001
upd  169  steps  348160  sps 1334  opp symm  loss -0.051  pg -0.0228  v 0.005  ev +0.96  adv_std 0.095  tR +0.14  ent[s/d/p/e] 1.33/1.99/1.43/0.53  emits 0.39  spf 50.0  z0 0.76  garr 67.3  tG 485  e2 0.08  nF 4.2  pS 0.25  ptS 0.25  fLog 0.58  pdΔ -0.2460  pkR 9.82  clip 0.08  kl +0.004
upd  170  steps  350208  sps 1338  opp symm  loss -0.024  pg +0.0051  v 0.004  ev +0.97  adv_std 0.089  tR +0.00  ent[s/d/p/e] 1.35/1.93/1.37/0.57  emits 0.52  spf 44.7  z0 0.69  garr 65.2  tG 453  e2 0.11  nF 4.8  pS 0.25  ptS 0.25  fLog 0.56  pdΔ -0.2486  pkR 10.81  clip 0.05  kl +0.002
upd  171  steps  352256  sps 1343  opp symm  loss -0.035  pg -0.0084  v 0.009  ev +0.94  adv_std 0.131  tR -0.20  ent[s/d/p/e] 1.46/1.95/1.39/0.56  emits 0.54  spf 45.3  z0 0.69  garr 63.5  tG 440  e2 0.10  nF 5.2  pS 0.27  ptS 0.27  fLog 0.57  pdΔ -0.2273  pkR 12.23  clip 0.05  kl +0.000
upd  172  steps  354304  sps 1347  opp symm  loss -0.038  pg -0.0086  v 0.006  ev +0.96  adv_std 0.107  tR -0.50  ent[s/d/p/e] 1.43/1.97/1.43/0.60  emits 0.54  spf 45.8  z0 0.68  garr 54.5  tG 366  e2 0.11  nF 5.4  pS 0.28  ptS 0.27  fLog 0.58  pdΔ -0.2245  pkR 11.13  clip 0.08  kl +0.002
upd  173  steps  356352  sps 1352  opp symm  loss -0.039  pg -0.0098  v 0.006  ev +0.95  adv_std 0.107  tR -0.43  ent[s/d/p/e] 1.46/1.99/1.41/0.58  emits 0.67  spf 44.8  z0 0.63  garr 47.5  tG 344  e2 0.15  nF 6.4  pS 0.29  ptS 0.29  fLog 0.57  pdΔ -0.2072  pkR 7.56  clip 0.13  kl +0.004
upd  174  steps  358400  sps 1356  opp symm  loss -0.005  pg +0.0253  v 0.004  ev +0.97  adv_std 0.093  tR +0.33  ent[s/d/p/e] 1.54/2.06/1.42/0.56  emits 0.58  spf 45.1  z0 0.68  garr 52.0  tG 377  e2 0.12  nF 6.6  pS 0.30  ptS 0.29  fLog 0.58  pdΔ -0.2024  pkR 6.55  clip 0.09  kl +0.002
upd  175  steps  360448  sps 1360  opp symm  loss -0.037  pg -0.0088  v 0.006  ev +0.96  adv_std 0.110  tR -0.25  ent[s/d/p/e] 1.58/2.00/1.46/0.52  emits 0.52  spf 43.5  z0 0.71  garr 51.8  tG 376  e2 0.10  nF 6.1  pS 0.28  ptS 0.29  fLog 0.57  pdΔ -0.2164  pkR 7.36  clip 0.08  kl +0.001
upd  176  steps  362496  sps 1365  opp symm  loss -0.015  pg +0.0141  v 0.005  ev +0.96  adv_std 0.098  tR +1.00  ent[s/d/p/e] 1.49/2.03/1.49/0.54  emits 0.52  spf 43.1  z0 0.70  garr 55.5  tG 375  e2 0.11  nF 5.4  pS 0.27  ptS 0.27  fLog 0.57  pdΔ -0.2302  pkR 7.63  clip 0.07  kl +0.004
upd  177  steps  364544  sps 1369  opp symm  loss +0.004  pg +0.0324  v 0.006  ev +0.96  adv_std 0.108  tR +0.00  ent[s/d/p/e] 1.51/2.02/1.47/0.52  emits 0.50  spf 44.6  z0 0.71  garr 57.1  tG 378  e2 0.10  nF 5.2  pS 0.26  ptS 0.26  fLog 0.57  pdΔ -0.2376  pkR 7.28  clip 0.07  kl +0.002
upd  178  steps  366592  sps 1374  opp symm  loss -0.037  pg -0.0078  v 0.004  ev +0.97  adv_std 0.090  tR -0.25  ent[s/d/p/e] 1.53/2.06/1.46/0.52  emits 0.49  spf 48.1  z0 0.73  garr 59.7  tG 406  e2 0.10  nF 5.2  pS 0.27  ptS 0.27  fLog 0.59  pdΔ -0.2254  pkR 7.62  clip 0.08  kl +0.005
upd  179  steps  368640  sps 1378  opp symm  loss -0.034  pg -0.0072  v 0.006  ev +0.94  adv_std 0.107  tR +0.14  ent[s/d/p/e] 1.35/1.99/1.46/0.50  emits 0.43  spf 45.1  z0 0.73  garr 67.0  tG 451  e2 0.09  nF 4.3  pS 0.26  ptS 0.25  fLog 0.58  pdΔ -0.2444  pkR 8.90  clip 0.09  kl +0.002
upd  180  steps  370688  sps 1382  opp symm  loss -0.027  pg +0.0013  v 0.005  ev +0.94  adv_std 0.105  tR +0.20  ent[s/d/p/e] 1.38/2.06/1.44/0.53  emits 0.49  spf 47.7  z0 0.72  garr 72.0  tG 484  e2 0.11  nF 5.3  pS 0.27  ptS 0.26  fLog 0.58  pdΔ -0.2339  pkR 9.69  clip 0.07  kl +0.002
upd  181  steps  372736  sps 1387  opp symm  loss +0.024  pg +0.0535  v 0.004  ev +0.94  adv_std 0.092  tR +1.00  ent[s/d/p/e] 1.45/2.02/1.44/0.53  emits 0.50  spf 42.6  z0 0.71  garr 72.5  tG 477  e2 0.11  nF 5.7  pS 0.27  ptS 0.27  fLog 0.57  pdΔ -0.2279  pkR 12.23  clip 0.07  kl +0.002
upd  182  steps  374784  sps 1391  opp symm  loss +0.030  pg +0.0583  v 0.004  ev +0.94  adv_std 0.091  tR +1.00  ent[s/d/p/e] 1.34/1.94/1.47/0.53  emits 0.41  spf 42.2  z0 0.73  garr 83.8  tG 540  e2 0.09  nF 4.6  pS 0.28  ptS 0.27  fLog 0.57  pdΔ -0.2230  pkR 9.93  clip 0.05  kl +0.001
upd  183  steps  376832  sps 1395  opp symm  loss +0.002  pg +0.0301  v 0.006  ev +0.95  adv_std 0.106  tR -0.33  ent[s/d/p/e] 1.53/2.02/1.40/0.50  emits 0.45  spf 49.8  z0 0.73  garr 101.6  tG 685  e2 0.10  nF 5.0  pS 0.30  ptS 0.30  fLog 0.59  pdΔ -0.1997  pkR 9.08  clip 0.07  kl +0.003
upd  184  steps  378880  sps 1399  opp symm  loss -0.047  pg -0.0190  v 0.008  ev +0.93  adv_std 0.120  tR -1.00  ent[s/d/p/e] 1.72/2.18/1.42/0.52  emits 0.48  spf 51.4  z0 0.75  garr 107.1  tG 719  e2 0.11  nF 5.1  pS 0.31  ptS 0.32  fLog 0.60  pdΔ -0.1855  pkR 7.90  clip 0.08  kl +0.004
upd  185  steps  380928  sps 1403  opp symm  loss -0.025  pg +0.0017  v 0.009  ev +0.90  adv_std 0.135  tR -0.20  ent[s/d/p/e] 1.65/2.14/1.36/0.53  emits 0.65  spf 48.9  z0 0.68  garr 95.9  tG 672  e2 0.14  nF 6.2  pS 0.31  ptS 0.32  fLog 0.58  pdΔ -0.1854  pkR 8.46  clip 0.07  kl +0.003