
=== [2026-06-11T08:05:04Z] v14f_binary_v1_a_p0i4_ORBITWARS_SHAPING_RELEASE_0.0075_d4329c6247 phase=a kind=probe chunk=500 env={"ORBITWARS_SHAPING_ANTI_HOARD": 0.035, "ORBITWARS_SHAPING_CAPTURE": 0.04, "ORBITWARS_SHAPING_RELEASE": 0.0075, "ORBITWARS_SHAPING_RELEASE_K": 15.0, "ORBITWARS_SHAPING_PROD_SHARE_DELTA": 0.025, "ORBITWARS_SHAPING_ONE_SHIP_PENALTY": 0.025} ppo={"ent_coef_emit": 0.0225, "lr_peak": 4.5e-05} ===
[reward] kaggle-aligned: terminal +1 win/+1 tie>0/-1 loss/-1 double-wipeout; is_terminal at step >= episode_steps-2; SHAPING_SCALE=0.0; v1: KEEP_HOME=0.0 FLEET_SIZE=0.0/norm20.0; v2 (expert-replay calibrated): PROD_SHARE=0.0 PLANET_SHARE=0.0 FLEET_LOG=0.0/ref500.0/floor0.3; v3 (top10-2630ep calibrated): PROD_SHARE_DELTA=0.025 EMIT_LOG=0.0 EMIT_GATED=0.0 RELEASE=0.0075/K15.0 CAPTURE=0.04; ANTI_HOARD=0.035/thresh0.6; episode_steps=500 (kaggle=500, mismatch=False)
[symmetric] Frog Parade style: same params drive BOTH players, no frozen/strong/buffer opponents, zero_sum_value=True
upd    0  steps    2048  sps 38  opp symm  loss +0.067  pg +0.0833  v 0.005  ev -0.60  adv_std 0.105  tR +0.00  ent[s/d/p/e] 0.39/1.21/1.10/0.34  emits 0.34  spf 15.0  z0 0.73  garr 14.7  tG 23  e2 0.06  nF 2.2  pS 0.08  ptS 0.07  fLog 0.41  pdΔ -0.4218  pkR 10.94  clip 0.06  kl -0.000
upd    1  steps    4096  sps 74  opp symm  loss +0.004  pg +0.0242  v 0.008  ev -0.07  adv_std 0.133  tR -1.00  ent[s/d/p/e] 0.83/1.42/1.11/0.49  emits 0.50  spf 20.9  z0 0.67  garr 20.3  tG 65  e2 0.12  nF 5.7  pS 0.13  ptS 0.12  fLog 0.43  pdΔ -0.3712  pkR 12.06  clip 0.19  kl +0.005
upd    2  steps    6144  sps 110  opp symm  loss -0.009  pg +0.0165  v 0.005  ev +0.05  adv_std 0.091  tR -1.00  ent[s/d/p/e] 1.08/1.60/1.14/0.56  emits 0.62  spf 24.5  z0 0.61  garr 26.5  tG 123  e2 0.15  nF 7.3  pS 0.18  ptS 0.17  fLog 0.43  pdΔ -0.3202  pkR 9.64  clip 0.15  kl +0.005
upd    3  steps    8192  sps 145  opp symm  loss -0.029  pg -0.0006  v 0.003  ev +0.16  adv_std 0.080  tR +1.00  ent[s/d/p/e] 1.36/1.85/1.17/0.59  emits 0.62  spf 30.2  z0 0.62  garr 31.2  tG 205  e2 0.14  nF 8.4  pS 0.24  ptS 0.23  fLog 0.47  pdΔ -0.2605  pkR 10.95  clip 0.11  kl +0.004
upd    4  steps   10240  sps 179  opp symm  loss -0.117  pg -0.0885  v 0.005  ev +0.35  adv_std 0.100  tR -1.00  ent[s/d/p/e] 1.54/1.97/1.12/0.61  emits 0.62  spf 36.8  z0 0.61  garr 37.5  tG 293  e2 0.14  nF 7.9  pS 0.28  ptS 0.27  fLog 0.49  pdΔ -0.2195  pkR 11.14  clip 0.25  kl +0.007
upd    5  steps   12288  sps 213  opp symm  loss +0.002  pg +0.0315  v 0.003  ev +0.20  adv_std 0.080  tR +1.00  ent[s/d/p/e] 1.63/2.02/1.10/0.59  emits 0.57  spf 47.9  z0 0.64  garr 49.8  tG 423  e2 0.14  nF 7.1  pS 0.31  ptS 0.30  fLog 0.51  pdΔ -0.1946  pkR 9.57  clip 0.14  kl +0.006
upd    6  steps   14336  sps 246  opp symm  loss -0.077  pg -0.0469  v 0.004  ev +0.41  adv_std 0.093  tR +0.00  ent[s/d/p/e] 1.72/2.16/1.22/0.60  emits 0.55  spf 58.9  z0 0.64  garr 53.3  tG 470  e2 0.13  nF 6.7  pS 0.32  ptS 0.32  fLog 0.54  pdΔ -0.1804  pkR 10.49  clip 0.13  kl +0.005
upd    7  steps   16384  sps 278  opp symm  loss -0.043  pg -0.0122  v 0.005  ev +0.33  adv_std 0.098  tR +1.00  ent[s/d/p/e] 1.78/2.21/1.20/0.61  emits 0.63  spf 59.9  z0 0.63  garr 52.0  tG 490  e2 0.14  nF 7.0  pS 0.34  ptS 0.33  fLog 0.54  pdΔ -0.1633  pkR 8.81  clip 0.15  kl +0.004
upd    8  steps   18432  sps 309  opp symm  loss -0.103  pg -0.0727  v 0.004  ev +0.51  adv_std 0.098  tR -0.50  ent[s/d/p/e] 1.80/2.23/1.21/0.58  emits 0.54  spf 58.1  z0 0.65  garr 52.4  tG 498  e2 0.12  nF 6.5  pS 0.33  ptS 0.33  fLog 0.55  pdΔ -0.1738  pkR 9.06  clip 0.17  kl +0.007
upd    9  steps   20480  sps 340  opp symm  loss -0.056  pg -0.0248  v 0.003  ev +0.63  adv_std 0.073  tR +1.00  ent[s/d/p/e] 1.82/2.24/1.22/0.59  emits 0.52  spf 61.2  z0 0.66  garr 55.6  tG 537  e2 0.12  nF 6.0  pS 0.33  ptS 0.33  fLog 0.56  pdΔ -0.1748  pkR 8.81  clip 0.17  kl +0.001
upd   10  steps   22528  sps 369  opp symm  loss -0.039  pg -0.0073  v 0.003  ev +0.62  adv_std 0.070  tR +1.00  ent[s/d/p/e] 1.79/2.22/1.23/0.61  emits 0.51  spf 62.2  z0 0.66  garr 54.8  tG 498  e2 0.10  nF 5.9  pS 0.32  ptS 0.33  fLog 0.56  pdΔ -0.1752  pkR 8.36  clip 0.19  kl +0.008
upd   11  steps   24576  sps 399  opp symm  loss -0.084  pg -0.0539  v 0.006  ev +0.54  adv_std 0.107  tR -0.33  ent[s/d/p/e] 1.90/2.30/1.19/0.60  emits 0.55  spf 69.2  z0 0.66  garr 57.7  tG 542  e2 0.12  nF 6.3  pS 0.34  ptS 0.34  fLog 0.58  pdΔ -0.1600  pkR 8.42  clip 0.23  kl +0.000
upd   12  steps   26624  sps 428  opp symm  loss -0.037  pg -0.0042  v 0.003  ev +0.44  adv_std 0.075  tR -1.00  ent[s/d/p/e] 1.94/2.31/1.23/0.63  emits 0.70  spf 57.0  z0 0.61  garr 51.6  tG 499  e2 0.16  nF 7.6  pS 0.36  ptS 0.36  fLog 0.55  pdΔ -0.1366  pkR 8.94  clip 0.15  kl +0.002
upd   13  steps   28672  sps 456  opp symm  loss -0.052  pg -0.0200  v 0.003  ev +0.53  adv_std 0.081  tR -0.33  ent[s/d/p/e] 1.98/2.34/1.17/0.63  emits 0.74  spf 49.3  z0 0.59  garr 45.8  tG 421  e2 0.17  nF 9.4  pS 0.37  ptS 0.37  fLog 0.54  pdΔ -0.1275  pkR 6.06  clip 0.15  kl +0.006
upd   14  steps   30720  sps 483  opp symm  loss +0.002  pg +0.0359  v 0.002  ev +0.60  adv_std 0.057  tR +0.00  ent[s/d/p/e] 2.05/2.39/1.17/0.63  emits 0.72  spf 53.0  z0 0.59  garr 51.1  tG 461  e2 0.17  nF 9.0  pS 0.38  ptS 0.38  fLog 0.56  pdΔ -0.1234  pkR 4.68  clip 0.23  kl +0.008
upd   15  steps   32768  sps 510  opp symm  loss -0.017  pg -0.0289  v 0.087  ev +0.13  adv_std 0.439  tR -0.07  ent[s/d/p/e] 1.94/2.31/1.22/0.53  emits 0.49  spf 53.9  z0 0.71  garr 42.8  tG 337  e2 0.11  nF 5.9  pS 0.27  ptS 0.28  fLog 0.55  pdΔ -0.2250  pkR 5.62  clip 0.11  kl +0.003
upd   16  steps   34816  sps 537  opp symm  loss +0.045  pg +0.0721  v 0.001  ev +0.83  adv_std 0.051  tR +0.00  ent[s/d/p/e] 1.46/2.17/1.32/0.42  emits 0.24  spf 64.0  z0 0.84  garr 44.2  tG 200  e2 0.04  nF 2.6  pS 0.15  ptS 0.15  fLog 0.58  pdΔ -0.3502  pkR 10.66  clip 0.06  kl +0.004
upd   17  steps   36864  sps 563  opp symm  loss +0.009  pg +0.0367  v 0.003  ev +0.70  adv_std 0.077  tR -1.00  ent[s/d/p/e] 1.54/2.19/1.29/0.45  emits 0.30  spf 55.5  z0 0.79  garr 48.5  tG 251  e2 0.05  nF 3.1  pS 0.19  ptS 0.19  fLog 0.56  pdΔ -0.3100  pkR 8.48  clip 0.16  kl +0.008
upd   18  steps   38912  sps 588  opp symm  loss -0.031  pg -0.0006  v 0.001  ev +0.80  adv_std 0.052  tR +1.00  ent[s/d/p/e] 1.69/2.29/1.31/0.49  emits 0.34  spf 65.3  z0 0.77  garr 59.2  tG 329  e2 0.06  nF 3.8  pS 0.22  ptS 0.22  fLog 0.59  pdΔ -0.2799  pkR 6.97  clip 0.12  kl +0.003
upd   19  steps   40960  sps 613  opp symm  loss -0.038  pg -0.0068  v 0.001  ev +0.88  adv_std 0.045  tR +0.00  ent[s/d/p/e] 1.79/2.35/1.41/0.48  emits 0.33  spf 68.2  z0 0.77  garr 65.5  tG 401  e2 0.06  nF 3.6  pS 0.25  ptS 0.25  fLog 0.60  pdΔ -0.2487  pkR 4.55  clip 0.11  kl +0.006
upd   20  steps   43008  sps 638  opp symm  loss -0.049  pg -0.0166  v 0.002  ev +0.78  adv_std 0.062  tR +0.33  ent[s/d/p/e] 1.78/2.34/1.32/0.57  emits 0.44  spf 60.1  z0 0.72  garr 61.7  tG 383  e2 0.09  nF 4.0  pS 0.26  ptS 0.26  fLog 0.59  pdΔ -0.2368  pkR 4.34  clip 0.17  kl +0.009
upd   21  steps   45056  sps 662  opp symm  loss -0.031  pg +0.0006  v 0.003  ev +0.71  adv_std 0.073  tR +1.00  ent[s/d/p/e] 1.84/2.37/1.33/0.54  emits 0.43  spf 61.5  z0 0.71  garr 59.4  tG 400  e2 0.09  nF 4.3  pS 0.29  ptS 0.29  fLog 0.59  pdΔ -0.2133  pkR 4.26  clip 0.10  kl +0.006
upd   22  steps   47104  sps 685  opp symm  loss -0.031  pg +0.0018  v 0.002  ev +0.77  adv_std 0.070  tR +0.00  ent[s/d/p/e] 1.88/2.40/1.29/0.59  emits 0.51  spf 65.1  z0 0.70  garr 62.0  tG 453  e2 0.12  nF 4.9  pS 0.31  ptS 0.31  fLog 0.59  pdΔ -0.1926  pkR 4.81  clip 0.19  kl +0.005
upd   23  steps   49152  sps 709  opp symm  loss -0.068  pg -0.0384  v 0.009  ev +0.69  adv_std 0.136  tR +0.00  ent[s/d/p/e] 1.93/2.41/1.35/0.58  emits 0.46  spf 69.2  z0 0.70  garr 64.6  tG 488  e2 0.10  nF 4.5  pS 0.31  ptS 0.31  fLog 0.61  pdΔ -0.1904  pkR 5.14  clip 0.10  kl +0.004
upd   24  steps   51200  sps 731  opp symm  loss -0.009  pg +0.0240  v 0.002  ev +0.90  adv_std 0.058  tR +1.00  ent[s/d/p/e] 1.85/2.34/1.34/0.58  emits 0.48  spf 70.7  z0 0.70  garr 64.1  tG 467  e2 0.10  nF 4.2  pS 0.29  ptS 0.30  fLog 0.61  pdΔ -0.2060  pkR 4.02  clip 0.09  kl +0.002
upd   25  steps   53248  sps 754  opp symm  loss -0.018  pg +0.0149  v 0.002  ev +0.87  adv_std 0.070  tR +1.00  ent[s/d/p/e] 1.84/2.34/1.27/0.60  emits 0.53  spf 66.7  z0 0.67  garr 57.8  tG 437  e2 0.12  nF 5.2  pS 0.31  ptS 0.31  fLog 0.59  pdΔ -0.1878  pkR 4.83  clip 0.14  kl +0.007
upd   26  steps   55296  sps 775  opp symm  loss -0.045  pg -0.0124  v 0.002  ev +0.90  adv_std 0.069  tR +0.00  ent[s/d/p/e] 1.92/2.36/1.28/0.60  emits 0.55  spf 62.9  z0 0.66  garr 59.7  tG 474  e2 0.12  nF 5.8  pS 0.34  ptS 0.34  fLog 0.60  pdΔ -0.1641  pkR 5.48  clip 0.09  kl +0.004
upd   27  steps   57344  sps 797  opp symm  loss -0.020  pg +0.0111  v 0.006  ev +0.75  adv_std 0.104  tR +0.20  ent[s/d/p/e] 1.93/2.34/1.25/0.59  emits 0.54  spf 63.1  z0 0.67  garr 66.2  tG 499  e2 0.12  nF 5.5  pS 0.34  ptS 0.33  fLog 0.59  pdΔ -0.1627  pkR 5.46  clip 0.06  kl +0.002
upd   28  steps   59392  sps 818  opp symm  loss -0.015  pg +0.0174  v 0.004  ev +0.85  adv_std 0.089  tR +0.00  ent[s/d/p/e] 1.93/2.40/1.29/0.60  emits 0.52  spf 71.2  z0 0.68  garr 69.6  tG 526  e2 0.11  nF 5.0  pS 0.34  ptS 0.34  fLog 0.61  pdΔ -0.1587  pkR 3.89  clip 0.09  kl +0.001
upd   29  steps   61440  sps 839  opp symm  loss -0.066  pg -0.0336  v 0.003  ev +0.88  adv_std 0.081  tR -1.00  ent[s/d/p/e] 1.91/2.39/1.32/0.60  emits 0.57  spf 72.5  z0 0.65  garr 64.0  tG 520  e2 0.13  nF 5.6  pS 0.34  ptS 0.34  fLog 0.61  pdΔ -0.1575  pkR 5.24  clip 0.18  kl +0.003
upd   30  steps   63488  sps 859  opp symm  loss +0.001  pg +0.0350  v 0.002  ev +0.91  adv_std 0.058  tR +0.00  ent[s/d/p/e] 1.98/2.41/1.33/0.61  emits 0.61  spf 67.9  z0 0.65  garr 64.3  tG 555  e2 0.14  nF 6.1  pS 0.37  ptS 0.36  fLog 0.61  pdΔ -0.1276  pkR 4.23  clip 0.13  kl +0.006
upd   31  steps   65536  sps 879  opp symm  loss -0.038  pg -0.0159  v 0.018  ev +0.43  adv_std 0.194  tR -0.03  ent[s/d/p/e] 1.69/2.40/1.46/0.46  emits 0.32  spf 74.3  z0 0.80  garr 56.4  tG 328  e2 0.07  nF 2.9  pS 0.21  ptS 0.20  fLog 0.62  pdΔ -0.2852  pkR 7.05  clip 0.06  kl +0.001
upd   32  steps   67584  sps 899  opp symm  loss -0.078  pg -0.0470  v 0.003  ev +0.79  adv_std 0.080  tR +1.00  ent[s/d/p/e] 1.71/2.47/1.46/0.50  emits 0.34  spf 69.5  z0 0.78  garr 60.7  tG 312  e2 0.07  nF 3.0  pS 0.23  ptS 0.21  fLog 0.62  pdΔ -0.2726  pkR 5.80  clip 0.10  kl +0.008
upd   33  steps   69632  sps 918  opp symm  loss -0.002  pg +0.0278  v 0.004  ev +0.82  adv_std 0.087  tR +0.50  ent[s/d/p/e] 1.50/2.27/1.44/0.52  emits 0.39  spf 58.8  z0 0.73  garr 54.5  tG 294  e2 0.07  nF 3.6  pS 0.23  ptS 0.22  fLog 0.59  pdΔ -0.2683  pkR 6.14  clip 0.09  kl +0.004
upd   34  steps   71680  sps 937  opp symm  loss -0.068  pg -0.0369  v 0.002  ev +0.90  adv_std 0.060  tR +0.00  ent[s/d/p/e] 1.55/2.22/1.39/0.57  emits 0.47  spf 50.0  z0 0.70  garr 44.9  tG 268  e2 0.10  nF 5.0  pS 0.24  ptS 0.24  fLog 0.56  pdΔ -0.2568  pkR 5.24  clip 0.09  kl +0.000
upd   35  steps   73728  sps 956  opp symm  loss -0.068  pg -0.0377  v 0.006  ev +0.78  adv_std 0.104  tR -1.00  ent[s/d/p/e] 1.69/2.30/1.40/0.57  emits 0.48  spf 51.0  z0 0.70  garr 48.0  tG 328  e2 0.11  nF 5.5  pS 0.28  ptS 0.27  fLog 0.57  pdΔ -0.2183  pkR 3.66  clip 0.09  kl +0.002
upd   36  steps   75776  sps 974  opp symm  loss -0.023  pg +0.0085  v 0.004  ev +0.85  adv_std 0.086  tR +0.00  ent[s/d/p/e] 1.77/2.33/1.37/0.59  emits 0.64  spf 54.7  z0 0.64  garr 48.8  tG 352  e2 0.15  nF 6.4  pS 0.30  ptS 0.29  fLog 0.58  pdΔ -0.1961  pkR 4.10  clip 0.11  kl +0.004
upd   37  steps   77824  sps 992  opp symm  loss -0.006  pg +0.0261  v 0.004  ev +0.89  adv_std 0.080  tR -1.00  ent[s/d/p/e] 1.82/2.36/1.32/0.60  emits 0.67  spf 49.9  z0 0.64  garr 46.4  tG 351  e2 0.15  nF 7.3  pS 0.33  ptS 0.32  fLog 0.56  pdΔ -0.1708  pkR 4.65  clip 0.12  kl +0.005
upd   38  steps   79872  sps 1010  opp symm  loss -0.041  pg -0.0080  v 0.002  ev +0.95  adv_std 0.065  tR -1.00  ent[s/d/p/e] 1.90/2.38/1.32/0.60  emits 0.70  spf 58.7  z0 0.63  garr 48.0  tG 403  e2 0.17  nF 7.3  pS 0.35  ptS 0.34  fLog 0.58  pdΔ -0.1542  pkR 4.34  clip 0.09  kl +0.003
upd   39  steps   81920  sps 1027  opp symm  loss -0.049  pg -0.0183  v 0.007  ev +0.81  adv_std 0.118  tR +0.00  ent[s/d/p/e] 1.92/2.42/1.32/0.59  emits 0.74  spf 53.9  z0 0.63  garr 41.6  tG 351  e2 0.17  nF 7.5  pS 0.34  ptS 0.33  fLog 0.57  pdΔ -0.1599  pkR 5.53  clip 0.09  kl +0.000
upd   40  steps   83968  sps 1045  opp symm  loss -0.016  pg +0.0160  v 0.004  ev +0.91  adv_std 0.085  tR -0.33  ent[s/d/p/e] 1.94/2.40/1.36/0.57  emits 0.73  spf 49.1  z0 0.63  garr 40.3  tG 340  e2 0.17  nF 8.3  pS 0.34  ptS 0.33  fLog 0.56  pdΔ -0.1580  pkR 5.58  clip 0.18  kl +0.009
upd   41  steps   86016  sps 1062  opp symm  loss +0.000  pg +0.0327  v 0.004  ev +0.94  adv_std 0.089  tR -1.00  ent[s/d/p/e] 2.04/2.48/1.28/0.58  emits 0.66  spf 59.7  z0 0.66  garr 47.4  tG 412  e2 0.15  nF 7.6  pS 0.36  ptS 0.35  fLog 0.58  pdΔ -0.1393  pkR 5.62  clip 0.04  kl +0.002
upd   42  steps   88064  sps 1078  opp symm  loss -0.023  pg +0.0088  v 0.005  ev +0.93  adv_std 0.092  tR +0.20  ent[s/d/p/e] 2.05/2.49/1.31/0.58  emits 0.72  spf 54.6  z0 0.63  garr 47.2  tG 415  e2 0.17  nF 7.6  pS 0.38  ptS 0.36  fLog 0.58  pdΔ -0.1247  pkR 7.86  clip 0.09  kl +0.001
upd   43  steps   90112  sps 1095  opp symm  loss -0.029  pg +0.0028  v 0.004  ev +0.94  adv_std 0.086  tR +0.33  ent[s/d/p/e] 1.96/2.44/1.32/0.56  emits 0.62  spf 52.9  z0 0.66  garr 44.9  tG 359  e2 0.14  nF 6.7  pS 0.34  ptS 0.32  fLog 0.57  pdΔ -0.1650  pkR 9.09  clip 0.21  kl +0.006
upd   44  steps   92160  sps 1111  opp symm  loss -0.026  pg +0.0056  v 0.004  ev +0.94  adv_std 0.086  tR +0.00  ent[s/d/p/e] 1.95/2.45/1.31/0.54  emits 0.58  spf 52.4  z0 0.69  garr 52.6  tG 368  e2 0.13  nF 6.4  pS 0.32  ptS 0.31  fLog 0.57  pdΔ -0.1760  pkR 6.62  clip 0.09  kl +0.001
upd   45  steps   94208  sps 1127  opp symm  loss +0.005  pg +0.0370  v 0.003  ev +0.96  adv_std 0.070  tR +1.00  ent[s/d/p/e] 1.85/2.37/1.35/0.55  emits 0.57  spf 54.9  z0 0.69  garr 55.5  tG 394  e2 0.13  nF 5.8  pS 0.31  ptS 0.30  fLog 0.57  pdΔ -0.1865  pkR 11.23  clip 0.14  kl +0.005
upd   46  steps   96256  sps 1142  opp symm  loss -0.052  pg -0.0278  v 0.017  ev +0.83  adv_std 0.196  tR +0.04  ent[s/d/p/e] 1.76/2.40/1.39/0.51  emits 0.45  spf 56.2  z0 0.73  garr 52.9  tG 320  e2 0.10  nF 5.0  pS 0.28  ptS 0.27  fLog 0.58  pdΔ -0.2239  pkR 6.31  clip 0.11  kl +0.002
upd   47  steps   98304  sps 1157  opp symm  loss +0.013  pg +0.0425  v 0.002  ev +0.94  adv_std 0.066  tR +0.00  ent[s/d/p/e] 1.58/2.39/1.33/0.48  emits 0.31  spf 61.8  z0 0.79  garr 50.7  tG 258  e2 0.06  nF 3.0  pS 0.21  ptS 0.20  fLog 0.61  pdΔ -0.2896  pkR 6.02  clip 0.09  kl +0.005
upd   48  steps  100352  sps 1173  opp symm  loss +0.003  pg +0.0333  v 0.003  ev +0.91  adv_std 0.078  tR +0.00  ent[s/d/p/e] 1.61/2.42/1.41/0.52  emits 0.32  spf 71.1  z0 0.78  garr 59.7  tG 350  e2 0.06  nF 3.1  pS 0.24  ptS 0.24  fLog 0.62  pdΔ -0.2574  pkR 5.05  clip 0.08  kl +0.008
upd   49  steps  102400  sps 1187  opp symm  loss -0.046  pg -0.0149  v 0.003  ev +0.92  adv_std 0.080  tR +0.00  ent[s/d/p/e] 1.57/2.38/1.44/0.52  emits 0.34  spf 74.5  z0 0.76  garr 63.0  tG 398  e2 0.07  nF 3.1  pS 0.27  ptS 0.26  fLog 0.63  pdΔ -0.2346  pkR 4.94  clip 0.07  kl +0.001
upd   50  steps  104448  sps 1202  opp symm  loss -0.061  pg -0.0290  v 0.003  ev +0.93  adv_std 0.074  tR +0.00  ent[s/d/p/e] 1.65/2.42/1.38/0.58  emits 0.44  spf 76.2  z0 0.72  garr 60.9  tG 418  e2 0.10  nF 3.7  pS 0.28  ptS 0.28  fLog 0.64  pdΔ -0.2161  pkR 5.51  clip 0.17  kl +0.008
upd   51  steps  106496  sps 1217  opp symm  loss -0.017  pg +0.0154  v 0.003  ev +0.91  adv_std 0.080  tR +1.00  ent[s/d/p/e] 1.76/2.51/1.42/0.57  emits 0.43  spf 81.4  z0 0.73  garr 60.8  tG 436  e2 0.09  nF 4.1  pS 0.30  ptS 0.30  fLog 0.65  pdΔ -0.1958  pkR 5.48  clip 0.10  kl +0.003
upd   52  steps  108544  sps 1231  opp symm  loss -0.043  pg -0.0103  v 0.002  ev +0.94  adv_std 0.069  tR +1.00  ent[s/d/p/e] 1.74/2.51/1.44/0.57  emits 0.45  spf 76.9  z0 0.71  garr 61.0  tG 450  e2 0.09  nF 4.1  pS 0.31  ptS 0.31  fLog 0.65  pdΔ -0.1852  pkR 5.08  clip 0.10  kl +0.001
upd   53  steps  110592  sps 1245  opp symm  loss -0.075  pg -0.0420  v 0.002  ev +0.96  adv_std 0.064  tR +0.00  ent[s/d/p/e] 1.76/2.46/1.39/0.60  emits 0.49  spf 71.0  z0 0.69  garr 57.1  tG 433  e2 0.10  nF 4.4  pS 0.32  ptS 0.31  fLog 0.63  pdΔ -0.1790  pkR 4.56  clip 0.14  kl +0.003
upd   54  steps  112640  sps 1259  opp symm  loss -0.056  pg -0.0242  v 0.004  ev +0.94  adv_std 0.096  tR +0.00  ent[s/d/p/e] 1.79/2.44/1.39/0.59  emits 0.53  spf 71.8  z0 0.68  garr 58.6  tG 456  e2 0.12  nF 4.8  pS 0.33  ptS 0.32  fLog 0.64  pdΔ -0.1693  pkR 4.92  clip 0.14  kl +0.003
upd   55  steps  114688  sps 1273  opp symm  loss -0.066  pg -0.0342  v 0.004  ev +0.94  adv_std 0.095  tR -0.14  ent[s/d/p/e] 1.81/2.49/1.39/0.57  emits 0.47  spf 71.7  z0 0.70  garr 57.7  tG 440  e2 0.10  nF 4.5  pS 0.31  ptS 0.30  fLog 0.63  pdΔ -0.1911  pkR 5.84  clip 0.11  kl +0.003
upd   56  steps  116736  sps 1286  opp symm  loss -0.001  pg +0.0316  v 0.003  ev +0.97  adv_std 0.071  tR +0.00  ent[s/d/p/e] 1.84/2.47/1.34/0.59  emits 0.56  spf 76.2  z0 0.67  garr 58.1  tG 458  e2 0.12  nF 5.2  pS 0.32  ptS 0.32  fLog 0.63  pdΔ -0.1797  pkR 5.09  clip 0.11  kl +0.002
upd   57  steps  118784  sps 1299  opp symm  loss -0.046  pg -0.0156  v 0.007  ev +0.93  adv_std 0.121  tR +1.00  ent[s/d/p/e] 1.87/2.47/1.34/0.60  emits 0.69  spf 58.1  z0 0.63  garr 50.4  tG 412  e2 0.15  nF 6.9  pS 0.34  ptS 0.33  fLog 0.59  pdΔ -0.1615  pkR 10.88  clip 0.09  kl +0.001
upd   58  steps  120832  sps 1313  opp symm  loss -0.041  pg -0.0102  v 0.006  ev +0.94  adv_std 0.110  tR -0.11  ent[s/d/p/e] 1.82/2.42/1.33/0.58  emits 0.58  spf 52.7  z0 0.66  garr 47.8  tG 407  e2 0.13  nF 6.8  pS 0.34  ptS 0.33  fLog 0.59  pdΔ -0.1616  pkR 13.17  clip 0.11  kl +0.001
upd   59  steps  122880  sps 1325  opp symm  loss -0.052  pg -0.0202  v 0.004  ev +0.94  adv_std 0.093  tR +0.60  ent[s/d/p/e] 1.83/2.44/1.27/0.58  emits 0.63  spf 52.2  z0 0.65  garr 44.2  tG 346  e2 0.13  nF 6.7  pS 0.33  ptS 0.32  fLog 0.59  pdΔ -0.1715  pkR 9.02  clip 0.10  kl +0.001
upd   60  steps  124928  sps 1338  opp symm  loss -0.018  pg +0.0141  v 0.005  ev +0.92  adv_std 0.098  tR -0.60  ent[s/d/p/e] 1.86/2.46/1.31/0.59  emits 0.69  spf 52.5  z0 0.63  garr 45.9  tG 336  e2 0.14  nF 6.9  pS 0.33  ptS 0.32  fLog 0.58  pdΔ -0.1688  pkR 4.59  clip 0.10  kl +0.003
upd   61  steps  126976  sps 1351  opp symm  loss -0.052  pg -0.0200  v 0.003  ev +0.94  adv_std 0.082  tR +0.33  ent[s/d/p/e] 1.84/2.45/1.30/0.59  emits 0.71  spf 53.0  z0 0.62  garr 47.4  tG 362  e2 0.15  nF 7.3  pS 0.35  ptS 0.33  fLog 0.58  pdΔ -0.1549  pkR 7.50  clip 0.16  kl +0.006
upd   62  steps  129024  sps 1363  opp symm  loss -0.057  pg -0.0270  v 0.008  ev +0.87  adv_std 0.128  tR -0.43  ent[s/d/p/e] 1.83/2.46/1.30/0.58  emits 0.77  spf 49.3  z0 0.63  garr 38.5  tG 281  e2 0.17  nF 7.3  pS 0.30  ptS 0.29  fLog 0.57  pdΔ -0.1999  pkR 6.25  clip 0.17  kl +0.008
upd   63  steps  131072  sps 1375  opp symm  loss -0.083  pg -0.0533  v 0.007  ev +0.86  adv_std 0.115  tR +0.20  ent[s/d/p/e] 1.69/2.37/1.31/0.58  emits 0.68  spf 47.4  z0 0.63  garr 37.1  tG 276  e2 0.15  nF 7.2  pS 0.30  ptS 0.29  fLog 0.57  pdΔ -0.2044  pkR 8.88  clip 0.18  kl +0.001
upd   64  steps  133120  sps 1387  opp symm  loss -0.019  pg +0.0118  v 0.005  ev +0.91  adv_std 0.094  tR +1.00  ent[s/d/p/e] 1.65/2.33/1.26/0.61  emits 0.83  spf 44.3  z0 0.58  garr 36.8  tG 297  e2 0.19  nF 8.1  pS 0.32  ptS 0.31  fLog 0.56  pdΔ -0.1845  pkR 16.24  clip 0.12  kl +0.004
upd   65  steps  135168  sps 1399  opp symm  loss -0.030  pg +0.0016  v 0.004  ev +0.92  adv_std 0.093  tR +0.33  ent[s/d/p/e] 1.64/2.33/1.30/0.61  emits 0.89  spf 42.8  z0 0.56  garr 31.8  tG 231  e2 0.20  nF 8.6  pS 0.31  ptS 0.31  fLog 0.56  pdΔ -0.1874  pkR 4.20  clip 0.10  kl +0.003
upd   66  steps  137216  sps 1411  opp symm  loss -0.049  pg -0.0171  v 0.003  ev +0.94  adv_std 0.083  tR -0.33  ent[s/d/p/e] 1.71/2.36/1.32/0.62  emits 0.90  spf 43.1  z0 0.55  garr 31.6  tG 241  e2 0.21  nF 9.2  pS 0.33  ptS 0.32  fLog 0.57  pdΔ -0.1682  pkR 3.89  clip 0.13  kl +0.003
upd   67  steps  139264  sps 1423  opp symm  loss -0.059  pg -0.0262  v 0.003  ev +0.96  adv_std 0.075  tR +0.00  ent[s/d/p/e] 1.84/2.44/1.31/0.60  emits 1.04  spf 41.6  z0 0.54  garr 33.1  tG 267  e2 0.24  nF 10.5  pS 0.36  ptS 0.36  fLog 0.55  pdΔ -0.1351  pkR 4.37  clip 0.13  kl +0.004
upd   68  steps  141312  sps 1434  opp symm  loss -0.037  pg -0.0057  v 0.004  ev +0.95  adv_std 0.094  tR -0.33  ent[s/d/p/e] 1.91/2.47/1.25/0.58  emits 1.12  spf 43.2  z0 0.53  garr 32.1  tG 289  e2 0.25  nF 11.6  pS 0.38  ptS 0.37  fLog 0.56  pdΔ -0.1168  pkR 6.80  clip 0.17  kl +0.007
upd   69  steps  143360  sps 1445  opp symm  loss -0.066  pg -0.0361  v 0.008  ev +0.93  adv_std 0.128  tR +0.00  ent[s/d/p/e] 1.96/2.48/1.26/0.58  emits 1.13  spf 38.9  z0 0.53  garr 31.9  tG 320  e2 0.24  nF 12.5  pS 0.40  ptS 0.39  fLog 0.54  pdΔ -0.0994  pkR 11.89  clip 0.11  kl +0.002
upd   70  steps  145408  sps 1456  opp symm  loss -0.062  pg -0.0324  v 0.008  ev +0.92  adv_std 0.126  tR +0.33  ent[s/d/p/e] 1.87/2.44/1.24/0.57  emits 1.08  spf 35.2  z0 0.55  garr 33.1  tG 347  e2 0.24  nF 11.7  pS 0.38  ptS 0.37  fLog 0.53  pdΔ -0.1193  pkR 11.45  clip 0.17  kl +0.005
upd   71  steps  147456  sps 1467  opp symm  loss -0.025  pg +0.0062  v 0.005  ev +0.95  adv_std 0.097  tR +0.50  ent[s/d/p/e] 1.84/2.42/1.29/0.56  emits 1.15  spf 34.0  z0 0.53  garr 27.0  tG 199  e2 0.24  nF 11.9  pS 0.33  ptS 0.32  fLog 0.53  pdΔ -0.1733  pkR 10.08  clip 0.12  kl -0.000
upd   72  steps  149504  sps 1478  opp symm  loss -0.021  pg +0.0102  v 0.004  ev +0.95  adv_std 0.094  tR -1.00  ent[s/d/p/e] 1.88/2.44/1.27/0.56  emits 1.23  spf 33.2  z0 0.53  garr 25.5  tG 189  e2 0.26  nF 13.2  pS 0.33  ptS 0.32  fLog 0.52  pdΔ -0.1732  pkR 4.96  clip 0.14  kl +0.004
upd   73  steps  151552  sps 1489  opp symm  loss -0.022  pg +0.0067  v 0.008  ev +0.92  adv_std 0.123  tR -0.67  ent[s/d/p/e] 1.94/2.44/1.25/0.55  emits 1.15  spf 35.1  z0 0.54  garr 28.8  tG 258  e2 0.24  nF 13.4  pS 0.36  ptS 0.35  fLog 0.53  pdΔ -0.1404  pkR 14.17  clip 0.22  kl +0.003
upd   74  steps  153600  sps 1500  opp symm  loss -0.035  pg -0.0044  v 0.005  ev +0.94  adv_std 0.094  tR -0.43  ent[s/d/p/e] 1.95/2.47/1.24/0.56  emits 1.14  spf 38.6  z0 0.54  garr 30.7  tG 242  e2 0.25  nF 12.2  pS 0.34  ptS 0.33  fLog 0.54  pdΔ -0.1614  pkR 9.74  clip 0.22  kl +0.009
upd   75  steps  155648  sps 1510  opp symm  loss -0.062  pg -0.0318  v 0.006  ev +0.91  adv_std 0.112  tR +0.40  ent[s/d/p/e] 1.89/2.41/1.25/0.56  emits 0.96  spf 38.1  z0 0.58  garr 30.1  tG 238  e2 0.21  nF 12.2  pS 0.32  ptS 0.32  fLog 0.54  pdΔ -0.1796  pkR 6.98  clip 0.13  kl +0.003
upd   76  steps  157696  sps 1520  opp symm  loss -0.050  pg -0.0189  v 0.004  ev +0.93  adv_std 0.087  tR -0.50  ent[s/d/p/e] 1.82/2.38/1.29/0.57  emits 0.86  spf 37.3  z0 0.60  garr 31.1  tG 238  e2 0.19  nF 9.6  pS 0.29  ptS 0.29  fLog 0.54  pdΔ -0.2111  pkR 12.04  clip 0.15  kl +0.001
upd   77  steps  159744  sps 1530  opp symm  loss -0.017  pg +0.0084  v 0.014  ev +0.81  adv_std 0.170  tR +0.00  ent[s/d/p/e] 1.83/2.38/1.26/0.56  emits 1.03  spf 35.6  z0 0.56  garr 29.2  tG 218  e2 0.23  nF 11.3  pS 0.30  ptS 0.30  fLog 0.53  pdΔ -0.1991  pkR 4.92  clip 0.15  kl +0.003
upd   78  steps  161792  sps 1541  opp symm  loss -0.084  pg -0.0530  v 0.005  ev +0.92  adv_std 0.100  tR +0.00  ent[s/d/p/e] 1.88/2.47/1.31/0.57  emits 0.96  spf 40.1  z0 0.60  garr 32.2  tG 251  e2 0.21  nF 9.7  pS 0.31  ptS 0.30  fLog 0.55  pdΔ -0.1931  pkR 12.60  clip 0.11  kl +0.002
upd   79  steps  163840  sps 1550  opp symm  loss -0.092  pg -0.0618  v 0.005  ev +0.94  adv_std 0.097  tR +0.33  ent[s/d/p/e] 1.91/2.48/1.26/0.55  emits 1.01  spf 36.6  z0 0.59  garr 33.5  tG 268  e2 0.21  nF 10.3  pS 0.32  ptS 0.31  fLog 0.54  pdΔ -0.1847  pkR 15.59  clip 0.12  kl +0.006
upd   80  steps  165888  sps 1560  opp symm  loss +0.006  pg +0.0359  v 0.005  ev +0.92  adv_std 0.103  tR +0.33  ent[s/d/p/e] 1.88/2.46/1.24/0.53  emits 1.15  spf 33.0  z0 0.57  garr 30.0  tG 197  e2 0.23  nF 11.5  pS 0.30  ptS 0.29  fLog 0.52  pdΔ -0.2031  pkR 6.55  clip 0.16  kl +0.006
upd   81  steps  167936  sps 1570  opp symm  loss -0.036  pg -0.0065  v 0.005  ev +0.92  adv_std 0.098  tR +0.50  ent[s/d/p/e] 1.83/2.42/1.22/0.53  emits 1.19  spf 32.0  z0 0.56  garr 27.6  tG 174  e2 0.24  nF 12.9  pS 0.30  ptS 0.29  fLog 0.52  pdΔ -0.2010  pkR 4.61  clip 0.09  kl +0.002
upd   82  steps  169984  sps 1580  opp symm  loss +0.006  pg +0.0352  v 0.005  ev +0.93  adv_std 0.097  tR +0.00  ent[s/d/p/e] 1.85/2.41/1.19/0.54  emits 1.32  spf 29.4  z0 0.51  garr 27.9  tG 186  e2 0.27  nF 14.6  pS 0.32  ptS 0.31  fLog 0.51  pdΔ -0.1810  pkR 4.97  clip 0.14  kl +0.002
upd   83  steps  172032  sps 1589  opp symm  loss +0.025  pg +0.0529  v 0.009  ev +0.89  adv_std 0.125  tR -0.33  ent[s/d/p/e] 1.91/2.44/1.22/0.54  emits 1.19  spf 30.0  z0 0.55  garr 30.4  tG 219  e2 0.25  nF 15.0  pS 0.33  ptS 0.32  fLog 0.51  pdΔ -0.1705  pkR 9.43  clip 0.13  kl -0.000
upd   84  steps  174080  sps 1598  opp symm  loss -0.051  pg -0.0230  v 0.007  ev +0.92  adv_std 0.113  tR +0.50  ent[s/d/p/e] 1.79/2.38/1.19/0.53  emits 1.13  spf 30.4  z0 0.58  garr 31.9  tG 264  e2 0.24  nF 13.4  pS 0.31  ptS 0.30  fLog 0.50  pdΔ -0.1940  pkR 16.58  clip 0.17  kl +0.009
upd   85  steps  176128  sps 1608  opp symm  loss +0.052  pg +0.0796  v 0.007  ev +0.90  adv_std 0.115  tR -0.33  ent[s/d/p/e] 1.67/2.30/1.22/0.53  emits 1.03  spf 28.0  z0 0.58  garr 26.7  tG 155  e2 0.21  nF 13.1  pS 0.26  ptS 0.25  fLog 0.49  pdΔ -0.2440  pkR 5.38  clip 0.25  kl +0.009
upd   86  steps  178176  sps 1617  opp symm  loss +0.036  pg +0.0628  v 0.008  ev +0.90  adv_std 0.127  tR +0.00  ent[s/d/p/e] 1.59/2.26/1.22/0.55  emits 0.78  spf 29.6  z0 0.65  garr 31.4  tG 181  e2 0.16  nF 11.9  pS 0.25  ptS 0.24  fLog 0.49  pdΔ -0.2535  pkR 6.83  clip 0.10  kl +0.003
upd   87  steps  180224  sps 1626  opp symm  loss +0.062  pg +0.0920  v 0.004  ev +0.95  adv_std 0.085  tR +0.00  ent[s/d/p/e] 1.63/2.33/1.29/0.54  emits 0.73  spf 36.9  z0 0.66  garr 36.9  tG 211  e2 0.15  nF 9.8  pS 0.24  ptS 0.24  fLog 0.51  pdΔ -0.2607  pkR 6.26  clip 0.19  kl +0.006
upd   88  steps  182272  sps 1635  opp symm  loss -0.007  pg +0.0229  v 0.006  ev +0.95  adv_std 0.107  tR -1.00  ent[s/d/p/e] 1.80/2.41/1.28/0.54  emits 0.72  spf 36.5  z0 0.66  garr 35.9  tG 228  e2 0.15  nF 9.5  pS 0.27  ptS 0.26  fLog 0.52  pdΔ -0.2336  pkR 5.50  clip 0.13  kl +0.006
upd   89  steps  184320  sps 1643  opp symm  loss -0.066  pg -0.0359  v 0.004  ev +0.96  adv_std 0.095  tR -0.43  ent[s/d/p/e] 1.83/2.47/1.28/0.52  emits 0.61  spf 47.3  z0 0.69  garr 42.2  tG 287  e2 0.12  nF 8.1  pS 0.28  ptS 0.28  fLog 0.56  pdΔ -0.2181  pkR 4.26  clip 0.09  kl +0.004
upd   90  steps  186368  sps 1652  opp symm  loss -0.065  pg -0.0374  v 0.008  ev +0.93  adv_std 0.125  tR -0.50  ent[s/d/p/e] 1.72/2.46/1.27/0.50  emits 0.41  spf 56.5  z0 0.74  garr 49.8  tG 347  e2 0.07  nF 5.3  pS 0.28  ptS 0.27  fLog 0.60  pdΔ -0.2219  pkR 4.77  clip 0.12  kl +0.002
upd   91  steps  188416  sps 1661  opp symm  loss -0.016  pg +0.0137  v 0.008  ev +0.93  adv_std 0.122  tR +0.20  ent[s/d/p/e] 1.71/2.44/1.35/0.56  emits 0.52  spf 58.5  z0 0.70  garr 52.7  tG 353  e2 0.11  nF 5.1  pS 0.28  ptS 0.27  fLog 0.60  pdΔ -0.2242  pkR 4.68  clip 0.14  kl +0.006
upd   92  steps  190464  sps 1669  opp symm  loss -0.024  pg +0.0047  v 0.007  ev +0.93  adv_std 0.119  tR +0.33  ent[s/d/p/e] 1.54/2.38/1.46/0.51  emits 0.35  spf 67.3  z0 0.75  garr 59.1  tG 409  e2 0.06  nF 4.0  pS 0.28  ptS 0.27  fLog 0.62  pdΔ -0.2209  pkR 5.24  clip 0.14  kl +0.003
upd   93  steps  192512  sps 1678  opp symm  loss -0.048  pg -0.0185  v 0.007  ev +0.93  adv_std 0.122  tR -0.14  ent[s/d/p/e] 1.60/2.40/1.41/0.57  emits 0.43  spf 69.1  z0 0.73  garr 60.9  tG 401  e2 0.09  nF 3.5  pS 0.27  ptS 0.26  fLog 0.63  pdΔ -0.2273  pkR 4.96  clip 0.20  kl +0.006
upd   94  steps  194560  sps 1686  opp symm  loss -0.050  pg -0.0187  v 0.003  ev +0.97  adv_std 0.072  tR -1.00  ent[s/d/p/e] 1.72/2.48/1.40/0.53  emits 0.45  spf 65.0  z0 0.73  garr 62.1  tG 414  e2 0.09  nF 4.1  pS 0.29  ptS 0.28  fLog 0.62  pdΔ -0.2057  pkR 4.26  clip 0.08  kl +0.003
upd   95  steps  196608  sps 1694  opp symm  loss -0.028  pg +0.0026  v 0.005  ev +0.95  adv_std 0.105  tR -0.20  ent[s/d/p/e] 1.71/2.46/1.31/0.57  emits 0.56  spf 62.4  z0 0.68  garr 63.1  tG 446  e2 0.11  nF 4.8  pS 0.31  ptS 0.30  fLog 0.61  pdΔ -0.1860  pkR 4.36  clip 0.14  kl +0.007
upd   96  steps  198656  sps 1702  opp symm  loss -0.037  pg -0.0059  v 0.005  ev +0.96  adv_std 0.102  tR +0.00  ent[s/d/p/e] 1.76/2.48/1.34/0.55  emits 0.53  spf 61.5  z0 0.70  garr 69.4  tG 481  e2 0.11  nF 5.4  pS 0.32  ptS 0.31  fLog 0.61  pdΔ -0.1826  pkR 5.10  clip 0.06  kl +0.001
upd   97  steps  200704  sps 1710  opp symm  loss +0.023  pg +0.0538  v 0.005  ev +0.96  adv_std 0.096  tR -1.00  ent[s/d/p/e] 1.76/2.48/1.35/0.53  emits 0.44  spf 70.9  z0 0.73  garr 76.8  tG 527  e2 0.08  nF 5.1  pS 0.32  ptS 0.31  fLog 0.62  pdΔ -0.1780  pkR 4.71  clip 0.09  kl +0.004
upd   98  steps  202752  sps 1718  opp symm  loss -0.013  pg +0.0192  v 0.004  ev +0.97  adv_std 0.082  tR +0.33  ent[s/d/p/e] 1.71/2.50/1.45/0.55  emits 0.40  spf 78.8  z0 0.74  garr 82.9  tG 556  e2 0.07  nF 4.2  pS 0.31  ptS 0.30  fLog 0.64  pdΔ -0.1885  pkR 4.23  clip 0.05  kl -0.000
[eval_vs_v20] u99 tag=train_u99  bin0=0.0%  spf=0.00  garr=128.50  flip=0.00%  z0=71.9%  e8=0.0%  e2+=0.0%  WLD=0/3/0
upd   99  steps  204800  sps 1726  opp symm  loss -0.035  pg -0.0028  v 0.005  ev +0.95  adv_std 0.099  tR -0.50  ent[s/d/p/e] 1.72/2.47/1.47/0.57  emits 0.41  spf 78.0  z0 0.73  garr 80.0  tG 568  e2 0.08  nF 4.0  pS 0.33  ptS 0.32  fLog 0.65  pdΔ -0.1726  pkR 3.71  clip 0.07  kl +0.002 WRr 0.12 v20[spf 0.0 flip 0.0% e2+ 0.0%]
upd  100  steps  206848  sps 937  opp symm  loss -0.018  pg +0.0128  v 0.007  ev +0.94  adv_std 0.117  tR +0.33  ent[s/d/p/e] 1.70/2.48/1.55/0.54  emits 0.36  spf 78.1  z0 0.74  garr 84.3  tG 616  e2 0.07  nF 3.6  pS 0.33  ptS 0.32  fLog 0.64  pdΔ -0.1702  pkR 4.11  clip 0.07  kl +0.002
upd  101  steps  208896  sps 943  opp symm  loss -0.040  pg -0.0077  v 0.005  ev +0.96  adv_std 0.096  tR -0.33  ent[s/d/p/e] 1.74/2.52/1.54/0.57  emits 0.40  spf 85.1  z0 0.73  garr 84.1  tG 638  e2 0.08  nF 3.4  pS 0.34  ptS 0.32  fLog 0.66  pdΔ -0.1610  pkR 5.64  clip 0.10  kl +0.004
upd  102  steps  210944  sps 950  opp symm  loss -0.009  pg +0.0225  v 0.006  ev +0.95  adv_std 0.110  tR +0.00  ent[s/d/p/e] 1.85/2.52/1.48/0.54  emits 0.45  spf 75.0  z0 0.72  garr 77.9  tG 616  e2 0.09  nF 4.0  pS 0.35  ptS 0.34  fLog 0.64  pdΔ -0.1491  pkR 3.76  clip 0.08  kl +0.002
upd  103  steps  212992  sps 956  opp symm  loss -0.025  pg +0.0076  v 0.005  ev +0.96  adv_std 0.101  tR +0.33  ent[s/d/p/e] 1.96/2.55/1.41/0.58  emits 0.62  spf 71.0  z0 0.66  garr 71.1  tG 600  e2 0.14  nF 5.7  pS 0.38  ptS 0.37  fLog 0.63  pdΔ -0.1240  pkR 4.03  clip 0.07  kl +0.002
upd  104  steps  215040  sps 963  opp symm  loss +0.005  pg +0.0375  v 0.004  ev +0.97  adv_std 0.093  tR +0.50  ent[s/d/p/e] 2.03/2.58/1.39/0.55  emits 0.61  spf 72.9  z0 0.68  garr 70.6  tG 614  e2 0.13  nF 6.0  pS 0.40  ptS 0.39  fLog 0.63  pdΔ -0.1011  pkR 3.74  clip 0.11  kl +0.005
upd  105  steps  217088  sps 969  opp symm  loss -0.045  pg -0.0142  v 0.005  ev +0.96  adv_std 0.095  tR +0.71  ent[s/d/p/e] 1.94/2.54/1.35/0.53  emits 0.51  spf 69.7  z0 0.72  garr 71.3  tG 564  e2 0.10  nF 5.0  pS 0.34  ptS 0.34  fLog 0.62  pdΔ -0.1558  pkR 4.24  clip 0.08  kl +0.003
upd  106  steps  219136  sps 975  opp symm  loss +0.009  pg +0.0372  v 0.010  ev +0.90  adv_std 0.143  tR -0.14  ent[s/d/p/e] 1.88/2.50/1.33/0.54  emits 0.62  spf 66.8  z0 0.68  garr 59.6  tG 459  e2 0.12  nF 5.3  pS 0.32  ptS 0.32  fLog 0.62  pdΔ -0.1813  pkR 3.54  clip 0.13  kl +0.001
upd  107  steps  221184  sps 982  opp symm  loss +0.011  pg +0.0419  v 0.004  ev +0.96  adv_std 0.091  tR -0.20  ent[s/d/p/e] 1.93/2.55/1.35/0.51  emits 0.51  spf 64.8  z0 0.72  garr 59.1  tG 441  e2 0.10  nF 5.4  pS 0.32  ptS 0.33  fLog 0.62  pdΔ -0.1795  pkR 3.56  clip 0.09  kl +0.000
upd  108  steps  223232  sps 988  opp symm  loss -0.008  pg +0.0203  v 0.008  ev +0.92  adv_std 0.132  tR +1.00  ent[s/d/p/e] 1.84/2.54/1.32/0.50  emits 0.46  spf 65.6  z0 0.75  garr 68.6  tG 489  e2 0.10  nF 4.3  pS 0.32  ptS 0.32  fLog 0.63  pdΔ -0.1837  pkR 5.89  clip 0.17  kl +0.001
upd  109  steps  225280  sps 994  opp symm  loss +0.020  pg +0.0504  v 0.005  ev +0.95  adv_std 0.095  tR -0.20  ent[s/d/p/e] 1.76/2.48/1.36/0.53  emits 0.52  spf 60.9  z0 0.71  garr 61.2  tG 391  e2 0.09  nF 4.6  pS 0.29  ptS 0.29  fLog 0.61  pdΔ -0.2075  pkR 3.72  clip 0.17  kl +0.002
upd  110  steps  227328  sps 1000  opp symm  loss -0.042  pg -0.0124  v 0.006  ev +0.95  adv_std 0.112  tR +0.50  ent[s/d/p/e] 1.76/2.51/1.42/0.48  emits 0.41  spf 66.0  z0 0.76  garr 68.5  tG 469  e2 0.08  nF 4.2  pS 0.31  ptS 0.30  fLog 0.63  pdΔ -0.1924  pkR 5.55  clip 0.08  kl +0.001
upd  111  steps  229376  sps 1007  opp symm  loss -0.051  pg -0.0213  v 0.005  ev +0.96  adv_std 0.096  tR +0.33  ent[s/d/p/e] 1.66/2.47/1.43/0.49  emits 0.41  spf 68.4  z0 0.76  garr 69.7  tG 470  e2 0.08  nF 3.7  pS 0.29  ptS 0.28  fLog 0.62  pdΔ -0.2120  pkR 4.98  clip 0.09  kl +0.003
upd  112  steps  231424  sps 1013  opp symm  loss -0.074  pg -0.0438  v 0.005  ev +0.96  adv_std 0.096  tR +0.00  ent[s/d/p/e] 1.65/2.50/1.43/0.52  emits 0.38  spf 75.6  z0 0.76  garr 76.0  tG 483  e2 0.08  nF 3.6  pS 0.29  ptS 0.28  fLog 0.65  pdΔ -0.2078  pkR 4.70  clip 0.10  kl +0.004
upd  113  steps  233472  sps 1019  opp symm  loss -0.010  pg +0.0210  v 0.005  ev +0.95  adv_std 0.106  tR -1.00  ent[s/d/p/e] 1.82/2.58/1.43/0.52  emits 0.41  spf 78.2  z0 0.76  garr 78.7  tG 551  e2 0.08  nF 3.7  pS 0.32  ptS 0.31  fLog 0.66  pdΔ -0.1802  pkR 4.34  clip 0.07  kl +0.002
upd  114  steps  235520  sps 1025  opp symm  loss -0.020  pg +0.0110  v 0.005  ev +0.95  adv_std 0.104  tR +0.00  ent[s/d/p/e] 1.78/2.58/1.41/0.55  emits 0.50  spf 88.7  z0 0.70  garr 76.4  tG 574  e2 0.10  nF 4.3  pS 0.34  ptS 0.33  fLog 0.67  pdΔ -0.1582  pkR 4.07  clip 0.13  kl +0.001
upd  115  steps  237568  sps 1031  opp symm  loss -0.003  pg +0.0276  v 0.007  ev +0.95  adv_std 0.119  tR +1.00  ent[s/d/p/e] 1.88/2.58/1.45/0.53  emits 0.48  spf 81.1  z0 0.73  garr 74.4  tG 591  e2 0.10  nF 4.6  pS 0.37  ptS 0.35  fLog 0.66  pdΔ -0.1341  pkR 4.29  clip 0.08  kl +0.002
upd  116  steps  239616  sps 1037  opp symm  loss -0.020  pg +0.0086  v 0.010  ev +0.93  adv_std 0.140  tR +0.20  ent[s/d/p/e] 1.88/2.55/1.39/0.52  emits 0.44  spf 79.2  z0 0.74  garr 75.1  tG 571  e2 0.09  nF 4.6  pS 0.36  ptS 0.34  fLog 0.65  pdΔ -0.1403  pkR 3.54  clip 0.06  kl +0.002
upd  117  steps  241664  sps 1043  opp symm  loss -0.050  pg -0.0216  v 0.008  ev +0.94  adv_std 0.129  tR +0.14  ent[s/d/p/e] 1.76/2.54/1.43/0.51  emits 0.38  spf 79.2  z0 0.76  garr 78.1  tG 616  e2 0.08  nF 4.0  pS 0.35  ptS 0.34  fLog 0.66  pdΔ -0.1486  pkR 4.92  clip 0.07  kl +0.001
upd  118  steps  243712  sps 1049  opp symm  loss -0.046  pg -0.0144  v 0.004  ev +0.97  adv_std 0.094  tR +0.00  ent[s/d/p/e] 1.78/2.52/1.43/0.54  emits 0.39  spf 82.9  z0 0.75  garr 75.0  tG 578  e2 0.07  nF 3.9  pS 0.34  ptS 0.32  fLog 0.66  pdΔ -0.1641  pkR 4.94  clip 0.11  kl +0.007
upd  119  steps  245760  sps 1055  opp symm  loss -0.035  pg -0.0036  v 0.005  ev +0.97  adv_std 0.095  tR +1.00  ent[s/d/p/e] 1.82/2.56/1.47/0.53  emits 0.45  spf 81.3  z0 0.72  garr 75.7  tG 599  e2 0.09  nF 4.1  pS 0.35  ptS 0.34  fLog 0.66  pdΔ -0.1525  pkR 4.47  clip 0.07  kl +0.003
upd  120  steps  247808  sps 1060  opp symm  loss +0.016  pg +0.0455  v 0.007  ev +0.94  adv_std 0.123  tR +0.00  ent[s/d/p/e] 1.74/2.51/1.43/0.55  emits 0.50  spf 72.9  z0 0.70  garr 66.8  tG 517  e2 0.10  nF 4.6  pS 0.34  ptS 0.32  fLog 0.64  pdΔ -0.1649  pkR 5.36  clip 0.09  kl +0.000
upd  121  steps  249856  sps 1066  opp symm  loss -0.020  pg +0.0114  v 0.004  ev +0.96  adv_std 0.092  tR +0.00  ent[s/d/p/e] 1.74/2.52/1.41/0.54  emits 0.51  spf 65.8  z0 0.72  garr 61.4  tG 483  e2 0.11  nF 4.8  pS 0.33  ptS 0.32  fLog 0.62  pdΔ -0.1719  pkR 5.86  clip 0.09  kl +0.006
upd  122  steps  251904  sps 1072  opp symm  loss -0.019  pg +0.0125  v 0.005  ev +0.96  adv_std 0.099  tR -0.14  ent[s/d/p/e] 1.81/2.58/1.39/0.55  emits 0.60  spf 55.2  z0 0.69  garr 52.9  tG 373  e2 0.11  nF 5.8  pS 0.32  ptS 0.31  fLog 0.60  pdΔ -0.1815  pkR 3.88  clip 0.11  kl +0.003
upd  123  steps  253952  sps 1078  opp symm  loss -0.031  pg -0.0004  v 0.005  ev +0.96  adv_std 0.104  tR +0.50  ent[s/d/p/e] 1.75/2.54/1.38/0.54  emits 0.50  spf 53.9  z0 0.72  garr 50.0  tG 338  e2 0.10  nF 5.8  pS 0.30  ptS 0.30  fLog 0.60  pdΔ -0.1988  pkR 4.29  clip 0.07  kl +0.000
upd  124  steps  256000  sps 1083  opp symm  loss -0.032  pg -0.0017  v 0.005  ev +0.96  adv_std 0.104  tR -0.33  ent[s/d/p/e] 1.65/2.51/1.44/0.53  emits 0.44  spf 55.0  z0 0.73  garr 49.6  tG 342  e2 0.09  nF 4.7  pS 0.28  ptS 0.28  fLog 0.61  pdΔ -0.2180  pkR 5.18  clip 0.06  kl +0.002
upd  125  steps  258048  sps 1089  opp symm  loss +0.031  pg +0.0618  v 0.004  ev +0.96  adv_std 0.092  tR +0.33  ent[s/d/p/e] 1.71/2.52/1.38/0.54  emits 0.51  spf 57.0  z0 0.71  garr 50.5  tG 345  e2 0.10  nF 5.0  pS 0.29  ptS 0.28  fLog 0.61  pdΔ -0.2115  pkR 5.22  clip 0.17  kl +0.005
upd  126  steps  260096  sps 1095  opp symm  loss -0.035  pg -0.0044  v 0.006  ev +0.95  adv_std 0.109  tR -0.20  ent[s/d/p/e] 1.73/2.52/1.41/0.56  emits 0.53  spf 55.5  z0 0.69  garr 50.5  tG 358  e2 0.12  nF 5.7  pS 0.31  ptS 0.31  fLog 0.61  pdΔ -0.1864  pkR 4.54  clip 0.09  kl +0.002
upd  127  steps  262144  sps 1100  opp symm  loss -0.037  pg -0.0081  v 0.008  ev +0.94  adv_std 0.127  tR +0.00  ent[s/d/p/e] 1.69/2.51/1.44/0.53  emits 0.41  spf 65.1  z0 0.74  garr 59.5  tG 467  e2 0.08  nF 4.4  pS 0.34  ptS 0.32  fLog 0.63  pdΔ -0.1642  pkR 5.88  clip 0.05  kl -0.000
upd  128  steps  264192  sps 1106  opp symm  loss +0.040  pg +0.0715  v 0.004  ev +0.97  adv_std 0.090  tR +1.00  ent[s/d/p/e] 1.75/2.48/1.44/0.52  emits 0.44  spf 70.8  z0 0.72  garr 61.3  tG 493  e2 0.09  nF 4.4  pS 0.33  ptS 0.32  fLog 0.64  pdΔ -0.1686  pkR 5.82  clip 0.07  kl +0.003
upd  129  steps  266240  sps 1112  opp symm  loss -0.025  pg +0.0061  v 0.005  ev +0.95  adv_std 0.107  tR +0.00  ent[s/d/p/e] 1.82/2.52/1.44/0.55  emits 0.51  spf 77.3  z0 0.71  garr 62.8  tG 514  e2 0.10  nF 4.6  pS 0.34  ptS 0.33  fLog 0.65  pdΔ -0.1614  pkR 4.69  clip 0.07  kl -0.001
upd  130  steps  268288  sps 1117  opp symm  loss -0.079  pg -0.0482  v 0.006  ev +0.95  adv_std 0.110  tR +0.50  ent[s/d/p/e] 1.77/2.47/1.41/0.54  emits 0.43  spf 71.2  z0 0.74  garr 63.2  tG 536  e2 0.09  nF 4.3  pS 0.34  ptS 0.33  fLog 0.64  pdΔ -0.1599  pkR 6.01  clip 0.06  kl +0.000
upd  131  steps  270336  sps 1123  opp symm  loss -0.081  pg -0.0515  v 0.005  ev +0.95  adv_std 0.105  tR +0.00  ent[s/d/p/e] 1.69/2.45/1.39/0.52  emits 0.38  spf 71.1  z0 0.76  garr 63.1  tG 486  e2 0.08  nF 3.6  pS 0.31  ptS 0.31  fLog 0.64  pdΔ -0.1886  pkR 5.53  clip 0.08  kl +0.001
upd  132  steps  272384  sps 1128  opp symm  loss -0.021  pg +0.0094  v 0.005  ev +0.96  adv_std 0.096  tR -0.20  ent[s/d/p/e] 1.71/2.52/1.43/0.49  emits 0.36  spf 76.1  z0 0.77  garr 71.3  tG 539  e2 0.07  nF 3.5  pS 0.31  ptS 0.30  fLog 0.64  pdΔ -0.1927  pkR 4.44  clip 0.07  kl +0.001
upd  133  steps  274432  sps 1134  opp symm  loss -0.038  pg -0.0092  v 0.008  ev +0.93  adv_std 0.128  tR -0.14  ent[s/d/p/e] 1.72/2.56/1.41/0.52  emits 0.49  spf 75.2  z0 0.73  garr 70.1  tG 502  e2 0.09  nF 4.1  pS 0.30  ptS 0.29  fLog 0.65  pdΔ -0.1972  pkR 4.86  clip 0.06  kl +0.001
upd  134  steps  276480  sps 1139  opp symm  loss -0.042  pg -0.0104  v 0.003  ev +0.97  adv_std 0.082  tR +1.00  ent[s/d/p/e] 1.73/2.50/1.42/0.54  emits 0.56  spf 63.3  z0 0.70  garr 62.8  tG 436  e2 0.11  nF 4.9  pS 0.31  ptS 0.30  fLog 0.62  pdΔ -0.1946  pkR 4.03  clip 0.07  kl +0.001
upd  135  steps  278528  sps 1144  opp symm  loss -0.039  pg -0.0087  v 0.007  ev +0.94  adv_std 0.119  tR -1.00  ent[s/d/p/e] 1.75/2.50/1.44/0.55  emits 0.61  spf 64.5  z0 0.70  garr 59.7  tG 453  e2 0.12  nF 5.7  pS 0.32  ptS 0.32  fLog 0.62  pdΔ -0.1770  pkR 5.41  clip 0.09  kl +0.001
upd  136  steps  280576  sps 1150  opp symm  loss -0.069  pg -0.0402  v 0.008  ev +0.93  adv_std 0.125  tR -0.25  ent[s/d/p/e] 1.67/2.45/1.40/0.54  emits 0.62  spf 57.8  z0 0.68  garr 56.4  tG 471  e2 0.13  nF 5.7  pS 0.34  ptS 0.33  fLog 0.61  pdΔ -0.1645  pkR 9.56  clip 0.12  kl +0.004
upd  137  steps  282624  sps 1155  opp symm  loss -0.022  pg +0.0095  v 0.004  ev +0.96  adv_std 0.090  tR +0.33  ent[s/d/p/e] 1.73/2.46/1.39/0.56  emits 0.64  spf 54.2  z0 0.67  garr 56.7  tG 432  e2 0.13  nF 6.2  pS 0.33  ptS 0.32  fLog 0.60  pdΔ -0.1696  pkR 13.18  clip 0.11  kl +0.003
upd  138  steps  284672  sps 1160  opp symm  loss -0.067  pg -0.0374  v 0.008  ev +0.92  adv_std 0.124  tR -0.11  ent[s/d/p/e] 1.75/2.47/1.40/0.54  emits 0.48  spf 58.1  z0 0.71  garr 58.7  tG 420  e2 0.09  nF 5.4  pS 0.32  ptS 0.31  fLog 0.62  pdΔ -0.1753  pkR 4.07  clip 0.10  kl +0.003
upd  139  steps  286720  sps 1166  opp symm  loss -0.006  pg +0.0244  v 0.005  ev +0.94  adv_std 0.102  tR +0.33  ent[s/d/p/e] 1.69/2.43/1.39/0.54  emits 0.53  spf 61.7  z0 0.70  garr 59.1  tG 440  e2 0.11  nF 4.7  pS 0.31  ptS 0.30  fLog 0.61  pdΔ -0.1926  pkR 5.71  clip 0.11  kl +0.002
upd  140  steps  288768  sps 1171  opp symm  loss +0.000  pg +0.0297  v 0.006  ev +0.91  adv_std 0.111  tR +0.50  ent[s/d/p/e] 1.64/2.39/1.44/0.52  emits 0.46  spf 63.6  z0 0.73  garr 59.0  tG 412  e2 0.10  nF 4.4  pS 0.29  ptS 0.29  fLog 0.62  pdΔ -0.2074  pkR 5.77  clip 0.11  kl +0.004
upd  141  steps  290816  sps 1176  opp symm  loss -0.046  pg -0.0139  v 0.003  ev +0.96  adv_std 0.075  tR +0.00  ent[s/d/p/e] 1.67/2.41/1.44/0.58  emits 0.58  spf 62.2  z0 0.67  garr 61.3  tG 439  e2 0.13  nF 5.3  pS 0.32  ptS 0.31  fLog 0.62  pdΔ -0.1812  pkR 4.65  clip 0.12  kl +0.002
upd  142  steps  292864  sps 1181  opp symm  loss -0.069  pg -0.0393  v 0.007  ev +0.90  adv_std 0.121  tR -0.33  ent[s/d/p/e] 1.66/2.40/1.51/0.55  emits 0.46  spf 66.2  z0 0.71  garr 64.9  tG 488  e2 0.09  nF 4.6  pS 0.33  ptS 0.32  fLog 0.63  pdΔ -0.1701  pkR 4.70  clip 0.08  kl +0.003
upd  143  steps  294912  sps 1186  opp symm  loss -0.033  pg -0.0026  v 0.007  ev +0.92  adv_std 0.119  tR +0.50  ent[s/d/p/e] 1.68/2.37/1.46/0.58  emits 0.50  spf 70.0  z0 0.70  garr 67.3  tG 514  e2 0.10  nF 4.1  pS 0.33  ptS 0.32  fLog 0.65  pdΔ -0.1747  pkR 6.04  clip 0.10  kl +0.003
upd  144  steps  296960  sps 1192  opp symm  loss -0.033  pg -0.0020  v 0.004  ev +0.95  adv_std 0.096  tR -0.33  ent[s/d/p/e] 1.67/2.37/1.44/0.57  emits 0.51  spf 60.6  z0 0.68  garr 61.4  tG 462  e2 0.10  nF 4.7  pS 0.33  ptS 0.32  fLog 0.62  pdΔ -0.1743  pkR 4.16  clip 0.07  kl +0.002
upd  145  steps  299008  sps 1197  opp symm  loss -0.062  pg -0.0300  v 0.005  ev +0.95  adv_std 0.098  tR +0.00  ent[s/d/p/e] 1.73/2.41/1.48/0.56  emits 0.54  spf 59.2  z0 0.68  garr 64.5  tG 490  e2 0.11  nF 5.5  pS 0.34  ptS 0.33  fLog 0.62  pdΔ -0.1617  pkR 3.59  clip 0.11  kl +0.005
upd  146  steps  301056  sps 1202  opp symm  loss -0.018  pg +0.0117  v 0.008  ev +0.92  adv_std 0.124  tR +0.33  ent[s/d/p/e] 1.76/2.47/1.48/0.51  emits 0.44  spf 63.4  z0 0.74  garr 70.0  tG 496  e2 0.09  nF 4.7  pS 0.33  ptS 0.32  fLog 0.63  pdΔ -0.1747  pkR 3.50  clip 0.11  kl +0.005
upd  147  steps  303104  sps 1207  opp symm  loss -0.017  pg +0.0113  v 0.010  ev +0.90  adv_std 0.141  tR -0.25  ent[s/d/p/e] 1.57/2.37/1.57/0.53  emits 0.33  spf 70.7  z0 0.78  garr 76.7  tG 520  e2 0.06  nF 3.4  pS 0.30  ptS 0.30  fLog 0.64  pdΔ -0.2000  pkR 3.31  clip 0.15  kl +0.009
upd  148  steps  305152  sps 1212  opp symm  loss -0.052  pg -0.0211  v 0.004  ev +0.96  adv_std 0.088  tR -0.50  ent[s/d/p/e] 1.65/2.36/1.51/0.52  emits 0.41  spf 70.0  z0 0.75  garr 72.6  tG 516  e2 0.08  nF 3.7  pS 0.31  ptS 0.30  fLog 0.65  pdΔ -0.1894  pkR 3.76  clip 0.06  kl +0.003
upd  149  steps  307200  sps 1217  opp symm  loss -0.071  pg -0.0400  v 0.004  ev +0.97  adv_std 0.091  tR -0.50  ent[s/d/p/e] 1.68/2.36/1.48/0.55  emits 0.50  spf 68.0  z0 0.71  garr 72.7  tG 518  e2 0.11  nF 4.4  pS 0.33  ptS 0.31  fLog 0.64  pdΔ -0.1742  pkR 4.17  clip 0.10  kl +0.004
upd  150  steps  309248  sps 1222  opp symm  loss -0.034  pg -0.0033  v 0.004  ev +0.97  adv_std 0.094  tR +0.00  ent[s/d/p/e] 1.75/2.42/1.49/0.52  emits 0.43  spf 65.8  z0 0.76  garr 80.9  tG 591  e2 0.09  nF 4.4  pS 0.35  ptS 0.33  fLog 0.63  pdΔ -0.1543  pkR 6.54  clip 0.06  kl -0.000
upd  151  steps  311296  sps 1227  opp symm  loss -0.037  pg -0.0059  v 0.005  ev +0.97  adv_std 0.101  tR -0.20  ent[s/d/p/e] 1.83/2.42/1.49/0.52  emits 0.47  spf 66.8  z0 0.73  garr 91.4  tG 707  e2 0.10  nF 4.7  pS 0.37  ptS 0.35  fLog 0.63  pdΔ -0.1340  pkR 8.92  clip 0.06  kl +0.002
upd  152  steps  313344  sps 1232  opp symm  loss -0.016  pg +0.0142  v 0.007  ev +0.95  adv_std 0.112  tR +0.50  ent[s/d/p/e] 1.72/2.39/1.57/0.52  emits 0.43  spf 74.3  z0 0.75  garr 86.4  tG 621  e2 0.09  nF 4.5  pS 0.33  ptS 0.32  fLog 0.65  pdΔ -0.1743  pkR 5.08  clip 0.09  kl +0.003
upd  153  steps  315392  sps 1237  opp symm  loss -0.019  pg +0.0101  v 0.007  ev +0.94  adv_std 0.114  tR +0.00  ent[s/d/p/e] 1.57/2.28/1.55/0.51  emits 0.41  spf 74.0  z0 0.73  garr 89.5  tG 672  e2 0.08  nF 4.1  pS 0.33  ptS 0.33  fLog 0.64  pdΔ -0.1667  pkR 5.15  clip 0.10  kl +0.004
upd  154  steps  317440  sps 1241  opp symm  loss -0.042  pg -0.0128  v 0.007  ev +0.92  adv_std 0.121  tR +0.00  ent[s/d/p/e] 1.55/2.30/1.52/0.52  emits 0.40  spf 67.6  z0 0.75  garr 82.7  tG 627  e2 0.08  nF 3.9  pS 0.33  ptS 0.32  fLog 0.63  pdΔ -0.1749  pkR 5.80  clip 0.08  kl +0.004
upd  155  steps  319488  sps 1246  opp symm  loss -0.015  pg +0.0142  v 0.006  ev +0.93  adv_std 0.111  tR +0.50  ent[s/d/p/e] 1.65/2.33/1.53/0.51  emits 0.40  spf 75.3  z0 0.75  garr 84.6  tG 620  e2 0.08  nF 4.3  pS 0.32  ptS 0.32  fLog 0.64  pdΔ -0.1782  pkR 6.43  clip 0.10  kl +0.003
upd  156  steps  321536  sps 1251  opp symm  loss -0.007  pg +0.0225  v 0.006  ev +0.94  adv_std 0.110  tR +0.00  ent[s/d/p/e] 1.66/2.32/1.57/0.52  emits 0.37  spf 78.3  z0 0.76  garr 87.4  tG 650  e2 0.08  nF 3.5  pS 0.33  ptS 0.33  fLog 0.66  pdΔ -0.1733  pkR 4.49  clip 0.06  kl +0.001
upd  157  steps  323584  sps 1256  opp symm  loss -0.024  pg +0.0055  v 0.008  ev +0.93  adv_std 0.126  tR -0.60  ent[s/d/p/e] 1.84/2.37/1.49/0.54  emits 0.49  spf 78.4  z0 0.72  garr 82.7  tG 657  e2 0.11  nF 4.2  pS 0.35  ptS 0.35  fLog 0.65  pdΔ -0.1480  pkR 4.52  clip 0.11  kl +0.005
upd  158  steps  325632  sps 1261  opp symm  loss -0.068  pg -0.0373  v 0.005  ev +0.95  adv_std 0.103  tR +0.50  ent[s/d/p/e] 1.92/2.40/1.45/0.51  emits 0.46  spf 67.7  z0 0.74  garr 89.1  tG 701  e2 0.09  nF 4.8  pS 0.37  ptS 0.37  fLog 0.63  pdΔ -0.1282  pkR 4.16  clip 0.05  kl +0.000
upd  159  steps  327680  sps 1265  opp symm  loss -0.014  pg +0.0167  v 0.004  ev +0.96  adv_std 0.093  tR +0.33  ent[s/d/p/e] 1.90/2.38/1.44/0.52  emits 0.45  spf 73.4  z0 0.75  garr 96.7  tG 734  e2 0.09  nF 4.5  pS 0.35  ptS 0.35  fLog 0.63  pdΔ -0.1472  pkR 4.65  clip 0.07  kl +0.005
upd  160  steps  329728  sps 1270  opp symm  loss -0.027  pg +0.0036  v 0.005  ev +0.96  adv_std 0.097  tR +0.14  ent[s/d/p/e] 1.90/2.38/1.42/0.51  emits 0.39  spf 73.0  z0 0.77  garr 100.2  tG 760  e2 0.08  nF 4.1  pS 0.34  ptS 0.34  fLog 0.63  pdΔ -0.1552  pkR 5.00  clip 0.07  kl -0.000
upd  161  steps  331776  sps 1275  opp symm  loss +0.030  pg +0.0587  v 0.006  ev +0.93  adv_std 0.110  tR +0.00  ent[s/d/p/e] 1.84/2.38/1.42/0.48  emits 0.35  spf 76.4  z0 0.78  garr 106.0  tG 800  e2 0.06  nF 3.5  pS 0.33  ptS 0.32  fLog 0.63  pdΔ -0.1678  pkR 4.38  clip 0.06  kl +0.001
upd  162  steps  333824  sps 1280  opp symm  loss -0.021  pg +0.0039  v 0.013  ev +0.86  adv_std 0.157  tR +0.33  ent[s/d/p/e] 1.66/2.26/1.49/0.48  emits 0.38  spf 77.3  z0 0.76  garr 95.2  tG 727  e2 0.07  nF 3.8  pS 0.33  ptS 0.32  fLog 0.64  pdΔ -0.1711  pkR 3.99  clip 0.06  kl +0.001
upd  163  steps  335872  sps 1284  opp symm  loss -0.041  pg -0.0129  v 0.006  ev +0.92  adv_std 0.110  tR +1.00  ent[s/d/p/e] 1.57/2.24/1.46/0.47  emits 0.35  spf 69.2  z0 0.77  garr 88.4  tG 674  e2 0.07  nF 3.8  pS 0.32  ptS 0.31  fLog 0.62  pdΔ -0.1838  pkR 4.28  clip 0.05  kl +0.001
upd  164  steps  337920  sps 1289  opp symm  loss +0.003  pg +0.0279  v 0.010  ev +0.90  adv_std 0.141  tR +0.20  ent[s/d/p/e] 1.45/2.20/1.53/0.45  emits 0.27  spf 75.3  z0 0.81  garr 95.5  tG 674  e2 0.05  nF 3.2  pS 0.29  ptS 0.28  fLog 0.64  pdΔ -0.2094  pkR 4.33  clip 0.06  kl +0.003
upd  165  steps  339968  sps 1294  opp symm  loss -0.006  pg +0.0222  v 0.005  ev +0.96  adv_std 0.102  tR +0.50  ent[s/d/p/e] 1.51/2.31/1.53/0.45  emits 0.29  spf 80.8  z0 0.80  garr 103.9  tG 707  e2 0.05  nF 2.8  pS 0.30  ptS 0.29  fLog 0.66  pdΔ -0.1976  pkR 4.32  clip 0.05  kl +0.001
upd  166  steps  342016  sps 1298  opp symm  loss -0.002  pg +0.0267  v 0.005  ev +0.96  adv_std 0.102  tR +0.00  ent[s/d/p/e] 1.54/2.29/1.53/0.45  emits 0.27  spf 86.4  z0 0.81  garr 117.7  tG 803  e2 0.05  nF 2.3  pS 0.31  ptS 0.30  fLog 0.66  pdΔ -0.1913  pkR 4.18  clip 0.05  kl +0.003
upd  167  steps  344064  sps 1303  opp symm  loss -0.039  pg -0.0117  v 0.008  ev +0.94  adv_std 0.125  tR +0.00  ent[s/d/p/e] 1.63/2.32/1.52/0.45  emits 0.32  spf 89.9  z0 0.79  garr 122.7  tG 831  e2 0.06  nF 2.6  pS 0.32  ptS 0.31  fLog 0.68  pdΔ -0.1780  pkR 4.86  clip 0.05  kl +0.000
upd  168  steps  346112  sps 1307  opp symm  loss -0.017  pg +0.0109  v 0.005  ev +0.95  adv_std 0.105  tR -0.20  ent[s/d/p/e] 1.70/2.31/1.51/0.44  emits 0.34  spf 75.9  z0 0.80  garr 117.2  tG 806  e2 0.06  nF 2.8  pS 0.33  ptS 0.32  fLog 0.66  pdΔ -0.1706  pkR 4.59  clip 0.05  kl +0.001
upd  169  steps  348160  sps 1312  opp symm  loss -0.033  pg -0.0066  v 0.010  ev +0.89  adv_std 0.144  tR +0.50  ent[s/d/p/e] 1.74/2.31/1.50/0.47  emits 0.38  spf 77.6  z0 0.79  garr 109.5  tG 754  e2 0.08  nF 3.0  pS 0.32  ptS 0.31  fLog 0.66  pdΔ -0.1800  pkR 3.53  clip 0.07  kl +0.001
upd  170  steps  350208  sps 1316  opp symm  loss -0.043  pg -0.0135  v 0.005  ev +0.95  adv_std 0.100  tR +0.50  ent[s/d/p/e] 1.82/2.35/1.51/0.45  emits 0.43  spf 69.5  z0 0.77  garr 101.5  tG 737  e2 0.08  nF 4.0  pS 0.33  ptS 0.32  fLog 0.64  pdΔ -0.1664  pkR 4.05  clip 0.06  kl +0.002
upd  171  steps  352256  sps 1321  opp symm  loss -0.046  pg -0.0190  v 0.006  ev +0.94  adv_std 0.111  tR -0.33  ent[s/d/p/e] 1.61/2.26/1.51/0.43  emits 0.30  spf 74.6  z0 0.82  garr 110.7  tG 811  e2 0.06  nF 2.8  pS 0.32  ptS 0.31  fLog 0.64  pdΔ -0.1826  pkR 4.28  clip 0.05  kl -0.000
upd  172  steps  354304  sps 1325  opp symm  loss -0.021  pg +0.0062  v 0.006  ev +0.94  adv_std 0.107  tR +0.60  ent[s/d/p/e] 1.53/2.26/1.46/0.44  emits 0.31  spf 75.4  z0 0.80  garr 104.5  tG 713  e2 0.05  nF 3.0  pS 0.29  ptS 0.28  fLog 0.64  pdΔ -0.2134  pkR 4.85  clip 0.07  kl +0.004
upd  173  steps  356352  sps 1330  opp symm  loss -0.048  pg -0.0195  v 0.004  ev +0.96  adv_std 0.089  tR -0.50  ent[s/d/p/e] 1.47/2.21/1.54/0.47  emits 0.29  spf 85.4  z0 0.79  garr 95.8  tG 657  e2 0.05  nF 2.6  pS 0.27  ptS 0.27  fLog 0.65  pdΔ -0.2286  pkR 5.47  clip 0.08  kl +0.001
upd  174  steps  358400  sps 1334  opp symm  loss +0.008  pg +0.0371  v 0.005  ev +0.94  adv_std 0.103  tR -1.00  ent[s/d/p/e] 1.61/2.32/1.58/0.46  emits 0.32  spf 78.5  z0 0.81  garr 85.3  tG 551  e2 0.06  nF 3.1  pS 0.27  ptS 0.27  fLog 0.65  pdΔ -0.2275  pkR 4.26  clip 0.04  kl +0.000
upd  175  steps  360448  sps 1338  opp symm  loss -0.037  pg -0.0110  v 0.011  ev +0.88  adv_std 0.151  tR +0.50  ent[s/d/p/e] 1.32/2.24/1.61/0.48  emits 0.28  spf 76.2  z0 0.80  garr 91.9  tG 660  e2 0.05  nF 2.8  pS 0.30  ptS 0.29  fLog 0.65  pdΔ -0.1979  pkR 6.10  clip 0.05  kl +0.002
upd  176  steps  362496  sps 1343  opp symm  loss -0.071  pg -0.0423  v 0.006  ev +0.94  adv_std 0.106  tR +0.00  ent[s/d/p/e] 1.38/2.27/1.59/0.48  emits 0.30  spf 77.3  z0 0.80  garr 88.3  tG 588  e2 0.06  nF 2.6  pS 0.28  ptS 0.27  fLog 0.65  pdΔ -0.2233  pkR 5.58  clip 0.04  kl +0.003
upd  177  steps  364544  sps 1347  opp symm  loss -0.017  pg +0.0118  v 0.006  ev +0.94  adv_std 0.115  tR +0.33  ent[s/d/p/e] 1.47/2.32/1.56/0.49  emits 0.37  spf 71.9  z0 0.77  garr 83.4  tG 567  e2 0.07  nF 3.3  pS 0.29  ptS 0.28  fLog 0.64  pdΔ -0.2137  pkR 4.67  clip 0.06  kl +0.002
upd  178  steps  366592  sps 1352  opp symm  loss -0.029  pg +0.0005  v 0.007  ev +0.93  adv_std 0.118  tR +0.33  ent[s/d/p/e] 1.66/2.42/1.53/0.51  emits 0.47  spf 63.4  z0 0.75  garr 80.1  tG 534  e2 0.09  nF 3.9  pS 0.29  ptS 0.29  fLog 0.62  pdΔ -0.2050  pkR 5.19  clip 0.10  kl +0.005
upd  179  steps  368640  sps 1356  opp symm  loss +0.008  pg +0.0356  v 0.007  ev +0.94  adv_std 0.118  tR -0.33  ent[s/d/p/e] 1.50/2.31/1.52/0.48  emits 0.37  spf 68.2  z0 0.77  garr 82.4  tG 541  e2 0.07  nF 3.8  pS 0.29  ptS 0.28  fLog 0.63  pdΔ -0.2143  pkR 5.89  clip 0.10  kl +0.004
upd  180  steps  370688  sps 1360  opp symm  loss -0.054  pg -0.0248  v 0.005  ev +0.96  adv_std 0.105  tR +0.33  ent[s/d/p/e] 1.55/2.34/1.49/0.52  emits 0.44  spf 64.7  z0 0.73  garr 75.9  tG 513  e2 0.09  nF 4.1  pS 0.30  ptS 0.30  fLog 0.63  pdΔ -0.1965  pkR 6.01  clip 0.08  kl -0.000
upd  181  steps  372736  sps 1364  opp symm  loss -0.006  pg +0.0227  v 0.007  ev +0.94  adv_std 0.122  tR +0.20  ent[s/d/p/e] 1.56/2.34/1.47/0.53  emits 0.43  spf 65.4  z0 0.74  garr 71.0  tG 513  e2 0.09  nF 4.0  pS 0.32  ptS 0.31  fLog 0.63  pdΔ -0.1839  pkR 6.56  clip 0.04  kl +0.001
upd  182  steps  374784  sps 1369  opp symm  loss +0.025  pg +0.0539  v 0.006  ev +0.94  adv_std 0.114  tR +0.00  ent[s/d/p/e] 1.58/2.38/1.47/0.52  emits 0.44  spf 69.0  z0 0.74  garr 70.3  tG 506  e2 0.09  nF 4.3  pS 0.32  ptS 0.31  fLog 0.65  pdΔ -0.1808  pkR 3.59  clip 0.08  kl +0.003
upd  183  steps  376832  sps 1373  opp symm  loss -0.036  pg -0.0067  v 0.006  ev +0.95  adv_std 0.112  tR +0.50  ent[s/d/p/e] 1.61/2.39/1.48/0.50  emits 0.41  spf 73.9  z0 0.76  garr 74.0  tG 559  e2 0.08  nF 3.8  pS 0.33  ptS 0.32  fLog 0.66  pdΔ -0.1658  pkR 4.49  clip 0.09  kl +0.001
upd  184  steps  378880  sps 1377  opp symm  loss -0.037  pg -0.0112  v 0.010  ev +0.92  adv_std 0.146  tR +0.43  ent[s/d/p/e] 1.62/2.36/1.51/0.47  emits 0.36  spf 77.0  z0 0.78  garr 79.1  tG 606  e2 0.07  nF 3.3  pS 0.32  ptS 0.32  fLog 0.66  pdΔ -0.1754  pkR 4.58  clip 0.09  kl +0.003
upd  185  steps  380928  sps 1381  opp symm  loss -0.036  pg -0.0074  v 0.009  ev +0.93  adv_std 0.138  tR +0.43  ent[s/d/p/e] 1.65/2.43/1.52/0.51  emits 0.37  spf 79.9  z0 0.77  garr 79.6  tG 567  e2 0.08  nF 3.0  pS 0.30  ptS 0.29  fLog 0.67  pdΔ -0.2012  pkR 4.07  clip 0.14  kl +0.008