
=== [2026-06-11T08:37:07Z] v14f_binary_v1_a_p0i6_ent_coef_emit_0.015_a9b7415809 phase=a kind=probe chunk=500 env={"ORBITWARS_SHAPING_ANTI_HOARD": 0.035, "ORBITWARS_SHAPING_CAPTURE": 0.04, "ORBITWARS_SHAPING_RELEASE": 0.003, "ORBITWARS_SHAPING_RELEASE_K": 18.0, "ORBITWARS_SHAPING_PROD_SHARE_DELTA": 0.025, "ORBITWARS_SHAPING_ONE_SHIP_PENALTY": 0.025} ppo={"ent_coef_emit": 0.015, "lr_peak": 4.5e-05} ===
[reward] kaggle-aligned: terminal +1 win/+1 tie>0/-1 loss/-1 double-wipeout; is_terminal at step >= episode_steps-2; SHAPING_SCALE=0.0; v1: KEEP_HOME=0.0 FLEET_SIZE=0.0/norm20.0; v2 (expert-replay calibrated): PROD_SHARE=0.0 PLANET_SHARE=0.0 FLEET_LOG=0.0/ref500.0/floor0.3; v3 (top10-2630ep calibrated): PROD_SHARE_DELTA=0.025 EMIT_LOG=0.0 EMIT_GATED=0.0 RELEASE=0.003/K18.0 CAPTURE=0.04; ANTI_HOARD=0.035/thresh0.6; episode_steps=500 (kaggle=500, mismatch=False)
[symmetric] Frog Parade style: same params drive BOTH players, no frozen/strong/buffer opponents, zero_sum_value=True
upd    0  steps    2048  sps 38  opp symm  loss +0.087  pg +0.1004  v 0.007  ev +0.18  adv_std 0.114  tR +0.00  ent[s/d/p/e] 0.35/1.15/1.26/0.32  emits 0.44  spf 13.0  z0 0.68  garr 14.0  tG 18  e2 0.08  nF 3.0  pS 0.07  ptS 0.07  fLog 0.39  pdΔ -0.4285  pkR 5.87  clip 0.08  kl -0.000
upd    1  steps    4096  sps 74  opp symm  loss -0.006  pg +0.0129  v 0.004  ev +0.52  adv_std 0.092  tR +0.00  ent[s/d/p/e] 0.80/1.26/1.16/0.50  emits 0.79  spf 13.7  z0 0.55  garr 15.0  tG 39  e2 0.20  nF 8.8  pS 0.12  ptS 0.12  fLog 0.39  pdΔ -0.3804  pkR 8.92  clip 0.09  kl +0.000
upd    2  steps    6144  sps 110  opp symm  loss -0.006  pg +0.0147  v 0.006  ev +0.36  adv_std 0.113  tR +1.00  ent[s/d/p/e] 1.20/1.65/1.07/0.58  emits 0.87  spf 17.9  z0 0.56  garr 19.3  tG 85  e2 0.21  nF 12.5  pS 0.18  ptS 0.18  fLog 0.42  pdΔ -0.3244  pkR 8.17  clip 0.08  kl +0.003
upd    3  steps    8192  sps 145  opp symm  loss -0.048  pg -0.0258  v 0.007  ev +0.31  adv_std 0.122  tR +0.33  ent[s/d/p/e] 1.42/1.91/1.12/0.59  emits 0.87  spf 24.9  z0 0.55  garr 26.0  tG 147  e2 0.20  nF 11.2  pS 0.22  ptS 0.21  fLog 0.46  pdΔ -0.2844  pkR 8.95  clip 0.16  kl +0.004
upd    4  steps   10240  sps 180  opp symm  loss -0.084  pg -0.0593  v 0.005  ev +0.39  adv_std 0.090  tR -1.00  ent[s/d/p/e] 1.61/2.03/1.13/0.60  emits 0.95  spf 26.8  z0 0.52  garr 26.8  tG 193  e2 0.22  nF 12.4  pS 0.26  ptS 0.26  fLog 0.46  pdΔ -0.2407  pkR 11.91  clip 0.14  kl +0.006
upd    5  steps   12288  sps 213  opp symm  loss +0.015  pg +0.0410  v 0.002  ev +0.52  adv_std 0.061  tR +0.00  ent[s/d/p/e] 1.73/2.09/1.14/0.60  emits 0.94  spf 29.5  z0 0.53  garr 30.8  tG 266  e2 0.23  nF 13.2  pS 0.31  ptS 0.30  fLog 0.47  pdΔ -0.1949  pkR 10.15  clip 0.25  kl +0.006
upd    6  steps   14336  sps 246  opp symm  loss -0.005  pg +0.0182  v 0.007  ev +0.36  adv_std 0.116  tR +1.00  ent[s/d/p/e] 1.69/2.07/1.11/0.59  emits 0.99  spf 30.6  z0 0.53  garr 29.5  tG 260  e2 0.24  nF 12.5  pS 0.30  ptS 0.30  fLog 0.48  pdΔ -0.1986  pkR 12.06  clip 0.31  kl +0.011
upd    7  steps   16384  sps 278  opp symm  loss -0.091  pg -0.0671  v 0.005  ev +0.57  adv_std 0.093  tR -0.50  ent[s/d/p/e] 1.67/2.02/1.05/0.60  emits 1.03  spf 30.7  z0 0.51  garr 29.6  tG 281  e2 0.23  nF 12.9  pS 0.32  ptS 0.31  fLog 0.48  pdΔ -0.1827  pkR 6.59  clip 0.15  kl +0.004
upd    8  steps   18432  sps 309  opp symm  loss -0.024  pg -0.0012  v 0.008  ev +0.44  adv_std 0.124  tR +0.50  ent[s/d/p/e] 1.74/2.11/1.10/0.59  emits 0.99  spf 32.7  z0 0.54  garr 33.2  tG 344  e2 0.23  nF 13.3  pS 0.32  ptS 0.32  fLog 0.49  pdΔ -0.1766  pkR 9.14  clip 0.27  kl +0.008
upd    9  steps   20480  sps 340  opp symm  loss -0.073  pg -0.0499  v 0.008  ev +0.51  adv_std 0.127  tR +0.20  ent[s/d/p/e] 1.73/2.12/1.13/0.59  emits 0.96  spf 34.3  z0 0.54  garr 29.5  tG 295  e2 0.22  nF 12.2  pS 0.30  ptS 0.30  fLog 0.49  pdΔ -0.1985  pkR 8.82  clip 0.15  kl +0.005
upd   10  steps   22528  sps 370  opp symm  loss -0.117  pg -0.0932  v 0.008  ev +0.50  adv_std 0.115  tR -1.00  ent[s/d/p/e] 1.73/2.09/1.14/0.58  emits 0.93  spf 33.7  z0 0.53  garr 30.3  tG 320  e2 0.21  nF 12.0  pS 0.31  ptS 0.31  fLog 0.49  pdΔ -0.1851  pkR 13.66  clip 0.22  kl +0.007
upd   11  steps   24576  sps 400  opp symm  loss -0.063  pg -0.0385  v 0.006  ev +0.54  adv_std 0.103  tR +0.00  ent[s/d/p/e] 1.70/2.04/1.14/0.60  emits 1.00  spf 32.7  z0 0.51  garr 34.0  tG 393  e2 0.24  nF 12.5  pS 0.34  ptS 0.34  fLog 0.49  pdΔ -0.1593  pkR 17.77  clip 0.25  kl +0.006
upd   12  steps   26624  sps 428  opp symm  loss -0.053  pg -0.0279  v 0.005  ev +0.74  adv_std 0.094  tR +0.33  ent[s/d/p/e] 1.80/2.13/1.08/0.59  emits 1.05  spf 37.4  z0 0.51  garr 34.6  tG 406  e2 0.24  nF 12.4  pS 0.34  ptS 0.34  fLog 0.50  pdΔ -0.1562  pkR 20.17  clip 0.29  kl +0.013
upd   13  steps   28672  sps 456  opp symm  loss -0.083  pg -0.0591  v 0.007  ev +0.68  adv_std 0.113  tR +0.00  ent[s/d/p/e] 1.80/2.19/1.11/0.59  emits 1.04  spf 34.5  z0 0.54  garr 32.0  tG 366  e2 0.24  nF 12.4  pS 0.34  ptS 0.34  fLog 0.49  pdΔ -0.1550  pkR 8.39  clip 0.16  kl +0.000
upd   14  steps   30720  sps 484  opp symm  loss -0.057  pg -0.0327  v 0.006  ev +0.73  adv_std 0.108  tR +0.14  ent[s/d/p/e] 1.80/2.21/1.13/0.58  emits 1.10  spf 32.8  z0 0.52  garr 30.4  tG 324  e2 0.24  nF 11.9  pS 0.33  ptS 0.32  fLog 0.49  pdΔ -0.1719  pkR 11.85  clip 0.24  kl +0.005
upd   15  steps   32768  sps 511  opp symm  loss -0.001  pg -0.0049  v 0.061  ev +0.15  adv_std 0.364  tR -0.20  ent[s/d/p/e] 1.71/2.16/1.15/0.55  emits 1.01  spf 30.0  z0 0.54  garr 25.0  tG 206  e2 0.22  nF 10.9  pS 0.28  ptS 0.27  fLog 0.48  pdΔ -0.2221  pkR 10.86  clip 0.30  kl +0.009
upd   16  steps   34816  sps 538  opp symm  loss -0.011  pg +0.0122  v 0.003  ev +0.71  adv_std 0.080  tR +1.00  ent[s/d/p/e] 1.35/1.89/1.13/0.56  emits 0.85  spf 25.7  z0 0.55  garr 23.1  tG 147  e2 0.20  nF 9.5  pS 0.22  ptS 0.20  fLog 0.46  pdΔ -0.2845  pkR 11.09  clip 0.10  kl +0.002
upd   17  steps   36864  sps 564  opp symm  loss -0.011  pg +0.0118  v 0.006  ev +0.68  adv_std 0.109  tR +0.33  ent[s/d/p/e] 1.48/1.95/1.15/0.59  emits 1.04  spf 27.0  z0 0.50  garr 23.9  tG 168  e2 0.25  nF 11.4  pS 0.26  ptS 0.24  fLog 0.47  pdΔ -0.2379  pkR 10.94  clip 0.21  kl +0.008
upd   18  steps   38912  sps 589  opp symm  loss -0.045  pg -0.0212  v 0.006  ev +0.80  adv_std 0.095  tR -0.50  ent[s/d/p/e] 1.64/2.11/1.08/0.60  emits 1.20  spf 27.2  z0 0.49  garr 26.1  tG 213  e2 0.28  nF 13.6  pS 0.30  ptS 0.29  fLog 0.48  pdΔ -0.2049  pkR 16.05  clip 0.19  kl +0.005
upd   19  steps   40960  sps 614  opp symm  loss -0.026  pg -0.0001  v 0.003  ev +0.90  adv_std 0.070  tR +0.00  ent[s/d/p/e] 1.70/2.14/1.12/0.59  emits 1.26  spf 29.6  z0 0.48  garr 25.7  tG 208  e2 0.29  nF 14.9  pS 0.30  ptS 0.29  fLog 0.48  pdΔ -0.1980  pkR 6.92  clip 0.21  kl +0.005
upd   20  steps   43008  sps 639  opp symm  loss -0.037  pg -0.0114  v 0.004  ev +0.89  adv_std 0.082  tR +0.60  ent[s/d/p/e] 1.73/2.15/1.08/0.59  emits 1.23  spf 30.2  z0 0.48  garr 26.3  tG 236  e2 0.29  nF 15.4  pS 0.32  ptS 0.31  fLog 0.49  pdΔ -0.1757  pkR 7.74  clip 0.21  kl +0.007
upd   21  steps   45056  sps 663  opp symm  loss +0.043  pg +0.0676  v 0.004  ev +0.82  adv_std 0.090  tR +0.00  ent[s/d/p/e] 1.75/2.14/1.13/0.58  emits 1.26  spf 31.4  z0 0.48  garr 27.2  tG 260  e2 0.30  nF 16.4  pS 0.33  ptS 0.32  fLog 0.49  pdΔ -0.1661  pkR 10.27  clip 0.20  kl +0.004
upd   22  steps   47104  sps 686  opp symm  loss -0.001  pg +0.0233  v 0.005  ev +0.86  adv_std 0.093  tR +0.00  ent[s/d/p/e] 1.85/2.21/1.06/0.58  emits 1.15  spf 30.1  z0 0.51  garr 27.1  tG 263  e2 0.28  nF 16.2  pS 0.35  ptS 0.34  fLog 0.48  pdΔ -0.1488  pkR 7.69  clip 0.20  kl +0.005
upd   23  steps   49152  sps 709  opp symm  loss -0.069  pg -0.0433  v 0.004  ev +0.92  adv_std 0.078  tR +0.33  ent[s/d/p/e] 1.78/2.16/1.12/0.57  emits 1.12  spf 30.4  z0 0.52  garr 32.2  tG 346  e2 0.26  nF 15.2  pS 0.34  ptS 0.33  fLog 0.48  pdΔ -0.1580  pkR 13.24  clip 0.15  kl +0.005
upd   24  steps   51200  sps 732  opp symm  loss +0.011  pg +0.0356  v 0.004  ev +0.89  adv_std 0.084  tR +0.50  ent[s/d/p/e] 1.83/2.21/1.10/0.56  emits 1.10  spf 31.2  z0 0.54  garr 29.5  tG 295  e2 0.25  nF 14.9  pS 0.34  ptS 0.33  fLog 0.49  pdΔ -0.1642  pkR 15.94  clip 0.22  kl +0.010
upd   25  steps   53248  sps 754  opp symm  loss -0.040  pg -0.0149  v 0.004  ev +0.87  adv_std 0.084  tR +0.14  ent[s/d/p/e] 1.83/2.25/1.08/0.55  emits 1.27  spf 30.6  z0 0.52  garr 27.4  tG 250  e2 0.27  nF 14.3  pS 0.31  ptS 0.31  fLog 0.48  pdΔ -0.1895  pkR 16.56  clip 0.18  kl +0.007
upd   26  steps   55296  sps 776  opp symm  loss -0.019  pg +0.0063  v 0.005  ev +0.82  adv_std 0.089  tR -1.00  ent[s/d/p/e] 1.88/2.28/1.09/0.56  emits 1.21  spf 29.3  z0 0.53  garr 25.5  tG 197  e2 0.28  nF 15.1  pS 0.31  ptS 0.30  fLog 0.49  pdΔ -0.1919  pkR 6.17  clip 0.22  kl +0.004
upd   27  steps   57344  sps 798  opp symm  loss +0.013  pg +0.0388  v 0.003  ev +0.87  adv_std 0.072  tR -0.33  ent[s/d/p/e] 1.95/2.31/1.04/0.55  emits 1.34  spf 28.0  z0 0.51  garr 28.6  tG 235  e2 0.29  nF 15.9  pS 0.34  ptS 0.33  fLog 0.48  pdΔ -0.1589  pkR 9.58  clip 0.16  kl +0.005
upd   28  steps   59392  sps 819  opp symm  loss +0.003  pg +0.0259  v 0.008  ev +0.65  adv_std 0.123  tR +0.60  ent[s/d/p/e] 1.85/2.26/1.11/0.55  emits 1.13  spf 30.0  z0 0.54  garr 31.2  tG 261  e2 0.24  nF 14.7  pS 0.32  ptS 0.32  fLog 0.49  pdΔ -0.1786  pkR 12.19  clip 0.23  kl +0.009
upd   29  steps   61440  sps 840  opp symm  loss +0.038  pg +0.0614  v 0.009  ev +0.66  adv_std 0.130  tR +0.00  ent[s/d/p/e] 1.79/2.19/1.17/0.58  emits 0.81  spf 34.6  z0 0.61  garr 39.7  tG 316  e2 0.18  nF 11.5  pS 0.31  ptS 0.31  fLog 0.50  pdΔ -0.1886  pkR 9.17  clip 0.16  kl +0.007
upd   30  steps   63488  sps 860  opp symm  loss -0.011  pg +0.0149  v 0.003  ev +0.87  adv_std 0.076  tR +0.00  ent[s/d/p/e] 1.78/2.22/1.18/0.57  emits 0.78  spf 45.9  z0 0.62  garr 43.4  tG 334  e2 0.18  nF 9.3  pS 0.30  ptS 0.30  fLog 0.53  pdΔ -0.1992  pkR 9.22  clip 0.15  kl +0.007
upd   31  steps   65536  sps 880  opp symm  loss +0.021  pg +0.0419  v 0.012  ev +0.70  adv_std 0.157  tR +0.14  ent[s/d/p/e] 1.58/2.18/1.30/0.52  emits 0.45  spf 47.4  z0 0.72  garr 41.7  tG 258  e2 0.10  nF 4.8  pS 0.22  ptS 0.22  fLog 0.54  pdΔ -0.2756  pkR 9.71  clip 0.23  kl +0.006
upd   32  steps   67584  sps 900  opp symm  loss -0.012  pg +0.0140  v 0.002  ev +0.92  adv_std 0.058  tR +0.00  ent[s/d/p/e] 1.53/2.10/1.27/0.53  emits 0.48  spf 47.0  z0 0.72  garr 47.7  tG 269  e2 0.10  nF 5.0  pS 0.22  ptS 0.22  fLog 0.54  pdΔ -0.2776  pkR 8.72  clip 0.07  kl +0.004
upd   33  steps   69632  sps 919  opp symm  loss -0.040  pg -0.0158  v 0.005  ev +0.81  adv_std 0.097  tR -0.33  ent[s/d/p/e] 1.55/2.11/1.23/0.55  emits 0.53  spf 48.5  z0 0.67  garr 47.3  tG 279  e2 0.12  nF 5.2  pS 0.23  ptS 0.23  fLog 0.56  pdΔ -0.2654  pkR 8.73  clip 0.14  kl +0.006
upd   34  steps   71680  sps 938  opp symm  loss -0.056  pg -0.0296  v 0.003  ev +0.91  adv_std 0.081  tR +0.00  ent[s/d/p/e] 1.58/2.18/1.30/0.56  emits 0.41  spf 53.5  z0 0.72  garr 52.6  tG 344  e2 0.08  nF 4.8  pS 0.25  ptS 0.25  fLog 0.57  pdΔ -0.2468  pkR 7.05  clip 0.07  kl +0.003
upd   35  steps   73728  sps 957  opp symm  loss +0.001  pg +0.0264  v 0.004  ev +0.90  adv_std 0.086  tR -0.50  ent[s/d/p/e] 1.58/2.18/1.19/0.57  emits 0.47  spf 63.9  z0 0.70  garr 61.2  tG 403  e2 0.10  nF 4.5  pS 0.25  ptS 0.25  fLog 0.57  pdΔ -0.2455  pkR 7.16  clip 0.10  kl +0.004
upd   36  steps   75776  sps 975  opp symm  loss -0.016  pg +0.0093  v 0.003  ev +0.92  adv_std 0.076  tR +0.00  ent[s/d/p/e] 1.62/2.23/1.21/0.55  emits 0.48  spf 59.4  z0 0.70  garr 62.3  tG 421  e2 0.10  nF 4.7  pS 0.27  ptS 0.26  fLog 0.58  pdΔ -0.2312  pkR 6.03  clip 0.10  kl +0.004
upd   37  steps   77824  sps 993  opp symm  loss -0.047  pg -0.0201  v 0.002  ev +0.95  adv_std 0.057  tR +0.00  ent[s/d/p/e] 1.72/2.29/1.19/0.60  emits 0.55  spf 59.6  z0 0.66  garr 60.3  tG 433  e2 0.12  nF 5.5  pS 0.30  ptS 0.29  fLog 0.59  pdΔ -0.2039  pkR 7.43  clip 0.17  kl +0.006
upd   38  steps   79872  sps 1011  opp symm  loss -0.069  pg -0.0427  v 0.004  ev +0.91  adv_std 0.087  tR -0.33  ent[s/d/p/e] 1.76/2.29/1.18/0.59  emits 0.56  spf 59.6  z0 0.67  garr 61.9  tG 489  e2 0.12  nF 5.5  pS 0.31  ptS 0.30  fLog 0.58  pdΔ -0.1898  pkR 7.77  clip 0.11  kl +0.003
upd   39  steps   81920  sps 1029  opp symm  loss +0.018  pg +0.0421  v 0.008  ev +0.80  adv_std 0.118  tR -0.20  ent[s/d/p/e] 1.80/2.31/1.16/0.60  emits 0.70  spf 59.9  z0 0.62  garr 57.2  tG 449  e2 0.15  nF 6.2  pS 0.31  ptS 0.30  fLog 0.58  pdΔ -0.1896  pkR 7.29  clip 0.11  kl +0.002
upd   40  steps   83968  sps 1046  opp symm  loss +0.007  pg +0.0331  v 0.005  ev +0.88  adv_std 0.091  tR -1.00  ent[s/d/p/e] 1.84/2.31/1.13/0.59  emits 0.77  spf 50.7  z0 0.61  garr 47.3  tG 376  e2 0.18  nF 7.6  pS 0.32  ptS 0.31  fLog 0.56  pdΔ -0.1790  pkR 6.49  clip 0.15  kl +0.006
upd   41  steps   86016  sps 1063  opp symm  loss +0.006  pg +0.0326  v 0.004  ev +0.89  adv_std 0.084  tR +1.00  ent[s/d/p/e] 1.94/2.36/1.18/0.58  emits 0.72  spf 47.9  z0 0.62  garr 48.9  tG 381  e2 0.16  nF 7.8  pS 0.32  ptS 0.31  fLog 0.56  pdΔ -0.1753  pkR 7.69  clip 0.11  kl +0.003
upd   42  steps   88064  sps 1079  opp symm  loss -0.008  pg +0.0181  v 0.006  ev +0.86  adv_std 0.105  tR +0.60  ent[s/d/p/e] 1.90/2.34/1.17/0.58  emits 0.65  spf 53.3  z0 0.65  garr 55.3  tG 430  e2 0.15  nF 7.1  pS 0.32  ptS 0.31  fLog 0.57  pdΔ -0.1768  pkR 5.68  clip 0.13  kl +0.002
upd   43  steps   90112  sps 1096  opp symm  loss +0.024  pg +0.0495  v 0.004  ev +0.86  adv_std 0.090  tR +0.00  ent[s/d/p/e] 1.84/2.32/1.13/0.55  emits 0.59  spf 48.9  z0 0.70  garr 62.8  tG 444  e2 0.13  nF 6.5  pS 0.30  ptS 0.29  fLog 0.56  pdΔ -0.2036  pkR 7.03  clip 0.13  kl +0.007
upd   44  steps   92160  sps 1112  opp symm  loss +0.001  pg +0.0247  v 0.005  ev +0.85  adv_std 0.097  tR +0.33  ent[s/d/p/e] 1.71/2.25/1.05/0.54  emits 0.45  spf 57.5  z0 0.72  garr 70.8  tG 544  e2 0.10  nF 5.7  pS 0.30  ptS 0.29  fLog 0.57  pdΔ -0.2042  pkR 9.01  clip 0.10  kl +0.000
upd   45  steps   94208  sps 1128  opp symm  loss +0.031  pg +0.0556  v 0.006  ev +0.80  adv_std 0.105  tR +0.50  ent[s/d/p/e] 1.74/2.24/1.15/0.57  emits 0.53  spf 54.3  z0 0.69  garr 71.6  tG 538  e2 0.11  nF 5.4  pS 0.29  ptS 0.28  fLog 0.57  pdΔ -0.2117  pkR 8.35  clip 0.13  kl +0.001
upd   46  steps   96256  sps 1143  opp symm  loss -0.011  pg +0.0088  v 0.014  ev +0.69  adv_std 0.169  tR +0.00  ent[s/d/p/e] 1.73/2.23/1.12/0.56  emits 0.51  spf 57.7  z0 0.70  garr 68.9  tG 491  e2 0.11  nF 5.5  pS 0.28  ptS 0.27  fLog 0.57  pdΔ -0.2234  pkR 9.88  clip 0.08  kl +0.003
upd   47  steps   98304  sps 1158  opp symm  loss -0.008  pg +0.0168  v 0.004  ev +0.83  adv_std 0.085  tR -0.20  ent[s/d/p/e] 1.67/2.27/1.19/0.53  emits 0.44  spf 63.0  z0 0.72  garr 65.1  tG 427  e2 0.09  nF 4.5  pS 0.26  ptS 0.24  fLog 0.59  pdΔ -0.2432  pkR 11.10  clip 0.07  kl +0.002
upd   48  steps  100352  sps 1174  opp symm  loss +0.008  pg +0.0320  v 0.004  ev +0.86  adv_std 0.090  tR +0.00  ent[s/d/p/e] 1.66/2.25/1.13/0.53  emits 0.39  spf 57.7  z0 0.74  garr 67.8  tG 445  e2 0.09  nF 4.6  pS 0.27  ptS 0.26  fLog 0.59  pdΔ -0.2259  pkR 9.74  clip 0.09  kl +0.004
upd   49  steps  102400  sps 1189  opp symm  loss -0.015  pg +0.0093  v 0.004  ev +0.86  adv_std 0.093  tR +0.00  ent[s/d/p/e] 1.59/2.27/1.22/0.50  emits 0.35  spf 62.6  z0 0.76  garr 79.5  tG 540  e2 0.06  nF 3.6  pS 0.28  ptS 0.27  fLog 0.60  pdΔ -0.2170  pkR 9.99  clip 0.07  kl +0.001
upd   50  steps  104448  sps 1203  opp symm  loss +0.006  pg +0.0291  v 0.008  ev +0.73  adv_std 0.125  tR -0.67  ent[s/d/p/e] 1.66/2.33/1.21/0.53  emits 0.37  spf 65.5  z0 0.74  garr 83.4  tG 626  e2 0.07  nF 3.6  pS 0.31  ptS 0.29  fLog 0.61  pdΔ -0.1934  pkR 9.42  clip 0.09  kl +0.003
upd   51  steps  106496  sps 1218  opp symm  loss -0.055  pg -0.0296  v 0.004  ev +0.78  adv_std 0.093  tR +0.00  ent[s/d/p/e] 1.70/2.39/1.25/0.55  emits 0.43  spf 71.8  z0 0.72  garr 75.5  tG 584  e2 0.09  nF 4.3  pS 0.32  ptS 0.31  fLog 0.62  pdΔ -0.1824  pkR 5.15  clip 0.09  kl +0.002
upd   52  steps  108544  sps 1232  opp symm  loss -0.004  pg +0.0234  v 0.002  ev +0.90  adv_std 0.063  tR +1.00  ent[s/d/p/e] 1.87/2.47/1.22/0.55  emits 0.46  spf 69.7  z0 0.72  garr 77.3  tG 603  e2 0.10  nF 4.6  pS 0.34  ptS 0.33  fLog 0.63  pdΔ -0.1568  pkR 5.08  clip 0.10  kl +0.001
upd   53  steps  110592  sps 1246  opp symm  loss +0.030  pg +0.0566  v 0.003  ev +0.86  adv_std 0.076  tR -1.00  ent[s/d/p/e] 1.97/2.48/1.09/0.53  emits 0.48  spf 72.2  z0 0.71  garr 84.1  tG 652  e2 0.10  nF 5.3  pS 0.36  ptS 0.35  fLog 0.63  pdΔ -0.1429  pkR 5.51  clip 0.21  kl +0.013
upd   54  steps  112640  sps 1260  opp symm  loss -0.019  pg +0.0057  v 0.006  ev +0.72  adv_std 0.108  tR -0.14  ent[s/d/p/e] 2.09/2.54/1.11/0.47  emits 0.36  spf 78.3  z0 0.79  garr 98.8  tG 748  e2 0.08  nF 4.1  pS 0.35  ptS 0.35  fLog 0.64  pdΔ -0.1468  pkR 5.36  clip 0.06  kl +0.000
upd   55  steps  114688  sps 1274  opp symm  loss -0.111  pg -0.0877  v 0.005  ev +0.65  adv_std 0.103  tR +0.14  ent[s/d/p/e] 1.92/2.52/1.19/0.39  emits 0.26  spf 75.9  z0 0.83  garr 108.6  tG 732  e2 0.06  nF 2.9  pS 0.30  ptS 0.30  fLog 0.64  pdΔ -0.1974  pkR 5.74  clip 0.05  kl +0.000
upd   56  steps  116736  sps 1287  opp symm  loss -0.011  pg +0.0128  v 0.004  ev +0.72  adv_std 0.093  tR +0.60  ent[s/d/p/e] 1.92/2.50/1.12/0.40  emits 0.30  spf 81.6  z0 0.82  garr 120.3  tG 699  e2 0.06  nF 2.9  pS 0.27  ptS 0.26  fLog 0.64  pdΔ -0.2343  pkR 7.12  clip 0.09  kl +0.007
upd   57  steps  118784  sps 1301  opp symm  loss +0.018  pg +0.0419  v 0.003  ev +0.83  adv_std 0.079  tR -1.00  ent[s/d/p/e] 1.88/2.50/1.09/0.37  emits 0.22  spf 78.8  z0 0.86  garr 133.5  tG 738  e2 0.04  nF 3.1  pS 0.26  ptS 0.26  fLog 0.62  pdΔ -0.2357  pkR 6.34  clip 0.07  kl +0.001
upd   58  steps  120832  sps 1314  opp symm  loss -0.010  pg +0.0127  v 0.006  ev +0.76  adv_std 0.108  tR -0.20  ent[s/d/p/e] 2.03/2.58/1.08/0.35  emits 0.26  spf 72.0  z0 0.85  garr 129.5  tG 748  e2 0.04  nF 2.9  pS 0.26  ptS 0.26  fLog 0.61  pdΔ -0.2369  pkR 5.46  clip 0.07  kl +0.002
upd   59  steps  122880  sps 1327  opp symm  loss +0.122  pg +0.1450  v 0.003  ev +0.86  adv_std 0.071  tR -0.50  ent[s/d/p/e] 1.93/2.54/1.20/0.27  emits 0.17  spf 87.8  z0 0.89  garr 151.3  tG 837  e2 0.03  nF 2.1  pS 0.26  ptS 0.26  fLog 0.64  pdΔ -0.2366  pkR 5.99  clip 0.04  kl +0.002
upd   60  steps  124928  sps 1339  opp symm  loss +0.030  pg +0.0525  v 0.004  ev +0.78  adv_std 0.082  tR +1.00  ent[s/d/p/e] 1.77/2.55/1.21/0.26  emits 0.11  spf 97.8  z0 0.92  garr 183.5  tG 945  e2 0.02  nF 1.5  pS 0.24  ptS 0.23  fLog 0.67  pdΔ -0.2593  pkR 6.31  clip 0.03  kl +0.001
upd   61  steps  126976  sps 1352  opp symm  loss -0.084  pg -0.0612  v 0.002  ev +0.90  adv_std 0.056  tR +0.00  ent[s/d/p/e] 1.78/2.55/1.18/0.24  emits 0.10  spf 128.5  z0 0.92  garr 216.1  tG 1085  e2 0.01  nF 1.1  pS 0.23  ptS 0.23  fLog 0.69  pdΔ -0.2681  pkR 6.23  clip 0.05  kl +0.001
upd   62  steps  129024  sps 1364  opp symm  loss -0.085  pg -0.0677  v 0.012  ev +0.60  adv_std 0.154  tR -0.33  ent[s/d/p/e] 1.59/2.55/1.24/0.24  emits 0.11  spf 130.9  z0 0.93  garr 218.8  tG 998  e2 0.02  nF 0.9  pS 0.20  ptS 0.19  fLog 0.71  pdΔ -0.2992  pkR 5.75  clip 0.03  kl -0.000
upd   63  steps  131072  sps 1377  opp symm  loss -0.122  pg -0.0977  v 0.002  ev +0.92  adv_std 0.063  tR -1.00  ent[s/d/p/e] 1.65/2.60/1.23/0.31  emits 0.18  spf 114.2  z0 0.89  garr 204.4  tG 910  e2 0.03  nF 1.3  pS 0.20  ptS 0.19  fLog 0.69  pdΔ -0.2963  pkR 6.35  clip 0.04  kl -0.001
upd   64  steps  133120  sps 1389  opp symm  loss -0.102  pg -0.0788  v 0.002  ev +0.93  adv_std 0.071  tR +0.00  ent[s/d/p/e] 1.69/2.52/1.21/0.33  emits 0.21  spf 92.4  z0 0.87  garr 195.5  tG 889  e2 0.04  nF 2.0  pS 0.22  ptS 0.21  fLog 0.64  pdΔ -0.2783  pkR 6.33  clip 0.05  kl +0.002
upd   65  steps  135168  sps 1401  opp symm  loss +0.006  pg +0.0301  v 0.002  ev +0.94  adv_std 0.069  tR -0.33  ent[s/d/p/e] 1.88/2.51/1.08/0.37  emits 0.27  spf 73.0  z0 0.85  garr 184.8  tG 847  e2 0.06  nF 3.1  pS 0.24  ptS 0.22  fLog 0.61  pdΔ -0.2630  pkR 6.27  clip 0.05  kl +0.003
upd   66  steps  137216  sps 1412  opp symm  loss +0.024  pg +0.0473  v 0.004  ev +0.89  adv_std 0.091  tR +0.60  ent[s/d/p/e] 1.93/2.55/0.98/0.38  emits 0.31  spf 66.7  z0 0.83  garr 179.6  tG 861  e2 0.06  nF 2.8  pS 0.24  ptS 0.23  fLog 0.60  pdΔ -0.2557  pkR 7.19  clip 0.05  kl +0.002
upd   67  steps  139264  sps 1424  opp symm  loss -0.011  pg +0.0134  v 0.003  ev +0.92  adv_std 0.077  tR -1.00  ent[s/d/p/e] 2.05/2.60/1.01/0.37  emits 0.29  spf 62.8  z0 0.85  garr 192.9  tG 961  e2 0.05  nF 3.2  pS 0.26  ptS 0.24  fLog 0.59  pdΔ -0.2375  pkR 7.12  clip 0.06  kl +0.004
upd   68  steps  141312  sps 1435  opp symm  loss -0.013  pg +0.0116  v 0.002  ev +0.96  adv_std 0.058  tR +0.33  ent[s/d/p/e] 1.99/2.58/0.94/0.40  emits 0.38  spf 72.1  z0 0.81  garr 183.3  tG 981  e2 0.07  nF 3.8  pS 0.27  ptS 0.26  fLog 0.60  pdΔ -0.2268  pkR 8.34  clip 0.08  kl +0.001
upd   69  steps  143360  sps 1447  opp symm  loss +0.043  pg +0.0628  v 0.011  ev +0.79  adv_std 0.149  tR +0.14  ent[s/d/p/e] 2.12/2.57/0.86/0.39  emits 0.45  spf 51.5  z0 0.81  garr 183.9  tG 1007  e2 0.09  nF 4.8  pS 0.28  ptS 0.26  fLog 0.55  pdΔ -0.2181  pkR 9.31  clip 0.13  kl +0.005
upd   70  steps  145408  sps 1458  opp symm  loss -0.058  pg -0.0372  v 0.009  ev +0.85  adv_std 0.131  tR +0.20  ent[s/d/p/e] 2.01/2.48/0.90/0.42  emits 0.43  spf 52.7  z0 0.80  garr 153.5  tG 827  e2 0.09  nF 5.0  pS 0.27  ptS 0.26  fLog 0.57  pdΔ -0.2251  pkR 12.53  clip 0.11  kl +0.003
upd   71  steps  147456  sps 1469  opp symm  loss +0.026  pg +0.0496  v 0.005  ev +0.87  adv_std 0.100  tR -1.00  ent[s/d/p/e] 1.84/2.45/1.01/0.47  emits 0.50  spf 60.0  z0 0.75  garr 118.2  tG 604  e2 0.11  nF 4.8  pS 0.26  ptS 0.25  fLog 0.59  pdΔ -0.2379  pkR 5.66  clip 0.10  kl +0.002
upd   72  steps  149504  sps 1480  opp symm  loss +0.044  pg +0.0686  v 0.003  ev +0.91  adv_std 0.082  tR +0.00  ent[s/d/p/e] 1.95/2.50/0.95/0.50  emits 0.65  spf 54.4  z0 0.71  garr 107.9  tG 606  e2 0.13  nF 6.2  pS 0.29  ptS 0.28  fLog 0.58  pdΔ -0.2125  pkR 6.70  clip 0.13  kl +0.004
upd   73  steps  151552  sps 1490  opp symm  loss -0.010  pg +0.0142  v 0.005  ev +0.89  adv_std 0.098  tR +0.25  ent[s/d/p/e] 1.99/2.48/0.98/0.49  emits 0.51  spf 50.9  z0 0.74  garr 101.1  tG 616  e2 0.11  nF 6.7  pS 0.30  ptS 0.29  fLog 0.57  pdΔ -0.2049  pkR 7.87  clip 0.06  kl +0.001
upd   74  steps  153600  sps 1501  opp symm  loss +0.001  pg +0.0263  v 0.003  ev +0.93  adv_std 0.076  tR -0.33  ent[s/d/p/e] 2.02/2.51/0.98/0.49  emits 0.61  spf 48.1  z0 0.71  garr 95.0  tG 533  e2 0.13  nF 6.5  pS 0.29  ptS 0.28  fLog 0.56  pdΔ -0.2120  pkR 4.89  clip 0.10  kl +0.004
upd   75  steps  155648  sps 1511  opp symm  loss -0.021  pg +0.0032  v 0.005  ev +0.88  adv_std 0.103  tR +0.50  ent[s/d/p/e] 2.05/2.52/0.95/0.49  emits 0.65  spf 44.3  z0 0.72  garr 103.8  tG 579  e2 0.14  nF 7.0  pS 0.30  ptS 0.28  fLog 0.55  pdΔ -0.2047  pkR 5.21  clip 0.12  kl +0.001
upd   76  steps  157696  sps 1522  opp symm  loss +0.060  pg +0.0858  v 0.002  ev +0.95  adv_std 0.067  tR -1.00  ent[s/d/p/e] 2.07/2.50/0.95/0.48  emits 0.74  spf 41.7  z0 0.68  garr 113.5  tG 660  e2 0.16  nF 8.1  pS 0.31  ptS 0.30  fLog 0.54  pdΔ -0.1851  pkR 5.08  clip 0.13  kl +0.006
upd   77  steps  159744  sps 1532  opp symm  loss -0.092  pg -0.0706  v 0.011  ev +0.84  adv_std 0.147  tR +0.00  ent[s/d/p/e] 2.14/2.52/0.91/0.49  emits 0.72  spf 43.3  z0 0.71  garr 103.9  tG 648  e2 0.16  nF 8.7  pS 0.32  ptS 0.32  fLog 0.55  pdΔ -0.1752  pkR 6.43  clip 0.09  kl +0.002
upd   78  steps  161792  sps 1542  opp symm  loss -0.029  pg -0.0049  v 0.005  ev +0.91  adv_std 0.098  tR +0.60  ent[s/d/p/e] 2.02/2.49/0.93/0.48  emits 0.56  spf 44.9  z0 0.73  garr 93.2  tG 600  e2 0.12  nF 6.4  pS 0.29  ptS 0.28  fLog 0.56  pdΔ -0.2098  pkR 8.33  clip 0.18  kl +0.004
upd   79  steps  163840  sps 1552  opp symm  loss +0.015  pg +0.0409  v 0.003  ev +0.94  adv_std 0.081  tR +0.50  ent[s/d/p/e] 1.92/2.47/1.01/0.52  emits 0.62  spf 51.4  z0 0.70  garr 94.5  tG 623  e2 0.13  nF 5.9  pS 0.29  ptS 0.28  fLog 0.57  pdΔ -0.2122  pkR 9.12  clip 0.08  kl +0.002
upd   80  steps  165888  sps 1562  opp symm  loss -0.001  pg +0.0246  v 0.003  ev +0.95  adv_std 0.081  tR +1.00  ent[s/d/p/e] 1.90/2.46/1.01/0.56  emits 0.65  spf 52.7  z0 0.67  garr 86.3  tG 567  e2 0.14  nF 6.5  pS 0.30  ptS 0.29  fLog 0.57  pdΔ -0.2024  pkR 10.03  clip 0.08  kl +0.001
upd   81  steps  167936  sps 1571  opp symm  loss -0.038  pg -0.0126  v 0.004  ev +0.93  adv_std 0.091  tR +0.00  ent[s/d/p/e] 1.93/2.49/1.02/0.56  emits 0.63  spf 60.7  z0 0.67  garr 81.5  tG 551  e2 0.15  nF 6.3  pS 0.32  ptS 0.31  fLog 0.59  pdΔ -0.1787  pkR 8.88  clip 0.10  kl +0.003
upd   82  steps  169984  sps 1581  opp symm  loss -0.011  pg +0.0147  v 0.004  ev +0.93  adv_std 0.086  tR +0.00  ent[s/d/p/e] 2.01/2.54/0.99/0.56  emits 0.73  spf 54.6  z0 0.65  garr 71.9  tG 528  e2 0.16  nF 7.3  pS 0.33  ptS 0.32  fLog 0.58  pdΔ -0.1737  pkR 8.63  clip 0.10  kl +0.003
upd   83  steps  172032  sps 1590  opp symm  loss -0.003  pg +0.0237  v 0.003  ev +0.95  adv_std 0.082  tR +1.00  ent[s/d/p/e] 1.98/2.51/0.97/0.58  emits 0.80  spf 55.4  z0 0.61  garr 66.4  tG 463  e2 0.19  nF 8.3  pS 0.33  ptS 0.32  fLog 0.58  pdΔ -0.1698  pkR 8.53  clip 0.14  kl +0.005
upd   84  steps  174080  sps 1600  opp symm  loss +0.020  pg +0.0463  v 0.002  ev +0.96  adv_std 0.068  tR +0.00  ent[s/d/p/e] 1.98/2.48/0.95/0.59  emits 0.89  spf 50.5  z0 0.60  garr 59.0  tG 412  e2 0.20  nF 9.8  pS 0.34  ptS 0.34  fLog 0.56  pdΔ -0.1569  pkR 9.41  clip 0.08  kl +0.002
upd   85  steps  176128  sps 1609  opp symm  loss -0.034  pg -0.0093  v 0.007  ev +0.91  adv_std 0.114  tR +0.00  ent[s/d/p/e] 1.98/2.48/0.95/0.59  emits 0.79  spf 49.6  z0 0.61  garr 61.7  tG 433  e2 0.19  nF 9.3  pS 0.34  ptS 0.34  fLog 0.57  pdΔ -0.1562  pkR 6.46  clip 0.15  kl +0.004
upd   86  steps  178176  sps 1618  opp symm  loss -0.036  pg -0.0102  v 0.004  ev +0.95  adv_std 0.089  tR -0.50  ent[s/d/p/e] 1.98/2.47/0.94/0.59  emits 0.74  spf 45.0  z0 0.65  garr 61.6  tG 428  e2 0.17  nF 9.3  pS 0.32  ptS 0.32  fLog 0.56  pdΔ -0.1750  pkR 8.54  clip 0.05  kl +0.002
upd   87  steps  180224  sps 1627  opp symm  loss -0.024  pg +0.0022  v 0.003  ev +0.97  adv_std 0.072  tR +0.00  ent[s/d/p/e] 1.97/2.49/0.92/0.55  emits 0.56  spf 49.3  z0 0.70  garr 76.7  tG 553  e2 0.12  nF 8.2  pS 0.34  ptS 0.33  fLog 0.58  pdΔ -0.1596  pkR 8.41  clip 0.08  kl +0.006
upd   88  steps  182272  sps 1636  opp symm  loss +0.001  pg +0.0262  v 0.004  ev +0.96  adv_std 0.087  tR -0.50  ent[s/d/p/e] 2.05/2.54/0.93/0.54  emits 0.57  spf 50.1  z0 0.71  garr 94.5  tG 732  e2 0.12  nF 7.1  pS 0.36  ptS 0.34  fLog 0.57  pdΔ -0.1429  pkR 8.56  clip 0.04  kl +0.002
upd   89  steps  184320  sps 1645  opp symm  loss -0.039  pg -0.0149  v 0.005  ev +0.93  adv_std 0.103  tR +0.11  ent[s/d/p/e] 1.89/2.47/0.94/0.50  emits 0.46  spf 55.6  z0 0.73  garr 84.6  tG 608  e2 0.09  nF 6.3  pS 0.32  ptS 0.31  fLog 0.59  pdΔ -0.1757  pkR 10.89  clip 0.15  kl +0.006
upd   90  steps  186368  sps 1654  opp symm  loss +0.022  pg +0.0468  v 0.004  ev +0.94  adv_std 0.090  tR -0.33  ent[s/d/p/e] 2.05/2.53/0.88/0.53  emits 0.81  spf 45.5  z0 0.64  garr 84.0  tG 577  e2 0.16  nF 8.1  pS 0.34  ptS 0.33  fLog 0.56  pdΔ -0.1622  pkR 10.98  clip 0.13  kl +0.002
upd   91  steps  188416  sps 1662  opp symm  loss -0.024  pg +0.0012  v 0.002  ev +0.97  adv_std 0.059  tR +1.00  ent[s/d/p/e] 2.01/2.51/0.87/0.52  emits 0.63  spf 43.0  z0 0.69  garr 91.5  tG 636  e2 0.14  nF 8.2  pS 0.34  ptS 0.33  fLog 0.56  pdΔ -0.1602  pkR 11.86  clip 0.22  kl +0.005
upd   92  steps  190464  sps 1671  opp symm  loss +0.011  pg +0.0357  v 0.005  ev +0.93  adv_std 0.098  tR -0.33  ent[s/d/p/e] 1.96/2.51/0.94/0.52  emits 0.70  spf 44.8  z0 0.67  garr 105.7  tG 727  e2 0.15  nF 7.6  pS 0.32  ptS 0.32  fLog 0.56  pdΔ -0.1760  pkR 12.10  clip 0.08  kl +0.001
upd   93  steps  192512  sps 1679  opp symm  loss +0.015  pg +0.0351  v 0.011  ev +0.85  adv_std 0.147  tR +0.17  ent[s/d/p/e] 1.93/2.45/0.89/0.50  emits 0.55  spf 43.0  z0 0.72  garr 105.9  tG 734  e2 0.12  nF 6.7  pS 0.31  ptS 0.31  fLog 0.55  pdΔ -0.1860  pkR 11.35  clip 0.06  kl +0.001
upd   94  steps  194560  sps 1687  opp symm  loss -0.019  pg +0.0034  v 0.005  ev +0.90  adv_std 0.101  tR +0.20  ent[s/d/p/e] 1.70/2.31/0.93/0.50  emits 0.49  spf 49.7  z0 0.71  garr 105.3  tG 725  e2 0.10  nF 5.8  pS 0.30  ptS 0.29  fLog 0.56  pdΔ -0.2043  pkR 8.91  clip 0.11  kl +0.007
upd   95  steps  196608  sps 1696  opp symm  loss +0.068  pg +0.0909  v 0.006  ev +0.89  adv_std 0.111  tR +0.33  ent[s/d/p/e] 1.71/2.35/0.95/0.53  emits 0.63  spf 39.2  z0 0.68  garr 109.6  tG 697  e2 0.14  nF 6.7  pS 0.28  ptS 0.28  fLog 0.54  pdΔ -0.2175  pkR 8.71  clip 0.15  kl +0.004
upd   96  steps  198656  sps 1704  opp symm  loss -0.062  pg -0.0385  v 0.005  ev +0.90  adv_std 0.103  tR +0.33  ent[s/d/p/e] 1.80/2.41/0.98/0.52  emits 0.61  spf 40.2  z0 0.70  garr 108.7  tG 706  e2 0.13  nF 7.2  pS 0.29  ptS 0.28  fLog 0.54  pdΔ -0.2137  pkR 10.16  clip 0.07  kl +0.002
upd   97  steps  200704  sps 1712  opp symm  loss +0.057  pg +0.0804  v 0.006  ev +0.89  adv_std 0.110  tR +0.20  ent[s/d/p/e] 1.83/2.40/0.96/0.51  emits 0.53  spf 40.8  z0 0.71  garr 112.6  tG 758  e2 0.10  nF 6.4  pS 0.29  ptS 0.29  fLog 0.55  pdΔ -0.2118  pkR 10.95  clip 0.06  kl -0.001
upd   98  steps  202752  sps 1720  opp symm  loss -0.065  pg -0.0403  v 0.005  ev +0.91  adv_std 0.097  tR -0.60  ent[s/d/p/e] 1.87/2.43/1.01/0.51  emits 0.57  spf 41.8  z0 0.71  garr 113.2  tG 715  e2 0.12  nF 6.5  pS 0.29  ptS 0.29  fLog 0.55  pdΔ -0.2100  pkR 10.01  clip 0.08  kl +0.003
[eval_vs_v20] u99 tag=train_u99  bin0=0.0%  spf=0.00  garr=128.50  flip=0.00%  z0=71.9%  e8=0.0%  e2+=0.0%  WLD=0/3/0
upd   99  steps  204800  sps 1728  opp symm  loss +0.032  pg +0.0564  v 0.003  ev +0.93  adv_std 0.083  tR -1.00  ent[s/d/p/e] 1.87/2.38/0.96/0.53  emits 0.59  spf 41.3  z0 0.69  garr 112.5  tG 704  e2 0.12  nF 7.0  pS 0.30  ptS 0.30  fLog 0.55  pdΔ -0.1975  pkR 8.63  clip 0.11  kl +0.001 WRr 0.09 v20[spf 0.0 flip 0.0% e2+ 0.0%]
upd  100  steps  206848  sps 956  opp symm  loss +0.044  pg +0.0672  v 0.007  ev +0.90  adv_std 0.120  tR -1.00  ent[s/d/p/e] 1.93/2.41/0.96/0.53  emits 0.64  spf 41.3  z0 0.68  garr 126.6  tG 815  e2 0.14  nF 7.4  pS 0.32  ptS 0.32  fLog 0.55  pdΔ -0.1778  pkR 8.00  clip 0.08  kl +0.003
upd  101  steps  208896  sps 963  opp symm  loss -0.080  pg -0.0563  v 0.005  ev +0.94  adv_std 0.102  tR -0.20  ent[s/d/p/e] 1.99/2.45/0.91/0.50  emits 0.52  spf 43.5  z0 0.73  garr 137.1  tG 944  e2 0.11  nF 6.7  pS 0.33  ptS 0.32  fLog 0.55  pdΔ -0.1707  pkR 7.80  clip 0.12  kl +0.004
upd  102  steps  210944  sps 969  opp symm  loss +0.040  pg +0.0635  v 0.006  ev +0.94  adv_std 0.108  tR +0.50  ent[s/d/p/e] 2.02/2.48/0.93/0.50  emits 0.62  spf 43.8  z0 0.70  garr 159.9  tG 1099  e2 0.13  nF 7.0  pS 0.33  ptS 0.33  fLog 0.54  pdΔ -0.1658  pkR 7.62  clip 0.09  kl +0.003
upd  103  steps  212992  sps 976  opp symm  loss +0.041  pg +0.0639  v 0.005  ev +0.95  adv_std 0.095  tR +0.50  ent[s/d/p/e] 1.91/2.41/0.90/0.48  emits 0.57  spf 43.1  z0 0.73  garr 142.7  tG 1014  e2 0.12  nF 6.9  pS 0.32  ptS 0.31  fLog 0.54  pdΔ -0.1800  pkR 8.62  clip 0.23  kl +0.005
upd  104  steps  215040  sps 982  opp symm  loss -0.055  pg -0.0366  v 0.014  ev +0.87  adv_std 0.169  tR +0.09  ent[s/d/p/e] 1.88/2.40/0.93/0.50  emits 0.56  spf 44.7  z0 0.73  garr 140.9  tG 972  e2 0.11  nF 6.8  pS 0.30  ptS 0.29  fLog 0.54  pdΔ -0.1978  pkR 6.30  clip 0.14  kl +0.005
upd  105  steps  217088  sps 989  opp symm  loss +0.002  pg +0.0243  v 0.004  ev +0.95  adv_std 0.091  tR -1.00  ent[s/d/p/e] 1.66/2.30/0.95/0.47  emits 0.43  spf 50.4  z0 0.75  garr 130.4  tG 887  e2 0.09  nF 5.2  pS 0.27  ptS 0.27  fLog 0.56  pdΔ -0.2261  pkR 6.79  clip 0.16  kl +0.008
upd  106  steps  219136  sps 995  opp symm  loss +0.055  pg +0.0795  v 0.003  ev +0.96  adv_std 0.081  tR -1.00  ent[s/d/p/e] 1.68/2.34/1.02/0.52  emits 0.44  spf 51.9  z0 0.73  garr 132.0  tG 955  e2 0.10  nF 5.3  pS 0.29  ptS 0.28  fLog 0.57  pdΔ -0.2134  pkR 7.39  clip 0.16  kl +0.007
upd  107  steps  221184  sps 1001  opp symm  loss -0.058  pg -0.0349  v 0.005  ev +0.94  adv_std 0.106  tR +0.00  ent[s/d/p/e] 1.77/2.40/1.00/0.47  emits 0.43  spf 46.2  z0 0.76  garr 131.8  tG 986  e2 0.10  nF 5.3  pS 0.30  ptS 0.28  fLog 0.56  pdΔ -0.2040  pkR 8.32  clip 0.11  kl +0.006
upd  108  steps  223232  sps 1008  opp symm  loss -0.006  pg +0.0157  v 0.007  ev +0.94  adv_std 0.119  tR +0.00  ent[s/d/p/e] 1.76/2.33/0.96/0.49  emits 0.51  spf 44.1  z0 0.73  garr 144.5  tG 1123  e2 0.11  nF 5.6  pS 0.31  ptS 0.30  fLog 0.55  pdΔ -0.1925  pkR 8.23  clip 0.09  kl +0.002
upd  109  steps  225280  sps 1014  opp symm  loss -0.013  pg +0.0091  v 0.006  ev +0.93  adv_std 0.113  tR +0.60  ent[s/d/p/e] 1.73/2.32/1.00/0.47  emits 0.42  spf 44.5  z0 0.76  garr 109.0  tG 751  e2 0.08  nF 4.7  pS 0.26  ptS 0.25  fLog 0.56  pdΔ -0.2385  pkR 12.49  clip 0.05  kl -0.000
upd  110  steps  227328  sps 1020  opp symm  loss -0.024  pg -0.0016  v 0.004  ev +0.96  adv_std 0.086  tR +0.00  ent[s/d/p/e] 1.62/2.20/1.02/0.47  emits 0.40  spf 47.9  z0 0.75  garr 115.6  tG 803  e2 0.09  nF 4.6  pS 0.27  ptS 0.26  fLog 0.56  pdΔ -0.2322  pkR 10.54  clip 0.06  kl +0.002
upd  111  steps  229376  sps 1026  opp symm  loss +0.003  pg +0.0255  v 0.005  ev +0.96  adv_std 0.097  tR -0.33  ent[s/d/p/e] 1.76/2.29/0.98/0.47  emits 0.42  spf 46.3  z0 0.75  garr 131.1  tG 942  e2 0.10  nF 4.8  pS 0.30  ptS 0.29  fLog 0.56  pdΔ -0.2047  pkR 10.06  clip 0.05  kl +0.003
upd  112  steps  231424  sps 1033  opp symm  loss +0.060  pg +0.0829  v 0.005  ev +0.96  adv_std 0.100  tR -1.00  ent[s/d/p/e] 1.81/2.35/0.99/0.48  emits 0.42  spf 43.7  z0 0.77  garr 136.4  tG 1006  e2 0.09  nF 5.2  pS 0.30  ptS 0.30  fLog 0.55  pdΔ -0.1969  pkR 9.66  clip 0.07  kl +0.001
upd  113  steps  233472  sps 1039  opp symm  loss -0.094  pg -0.0715  v 0.005  ev +0.95  adv_std 0.098  tR +0.00  ent[s/d/p/e] 1.93/2.43/0.95/0.45  emits 0.45  spf 48.7  z0 0.76  garr 140.3  tG 986  e2 0.10  nF 5.2  pS 0.30  ptS 0.30  fLog 0.56  pdΔ -0.1977  pkR 9.01  clip 0.06  kl +0.003
upd  114  steps  235520  sps 1045  opp symm  loss +0.011  pg +0.0334  v 0.006  ev +0.94  adv_std 0.108  tR -1.00  ent[s/d/p/e] 1.97/2.45/0.97/0.45  emits 0.41  spf 53.1  z0 0.79  garr 156.0  tG 1084  e2 0.08  nF 5.3  pS 0.30  ptS 0.30  fLog 0.56  pdΔ -0.1977  pkR 6.24  clip 0.04  kl +0.002
upd  115  steps  237568  sps 1051  opp symm  loss +0.070  pg +0.0950  v 0.004  ev +0.97  adv_std 0.089  tR +0.00  ent[s/d/p/e] 2.01/2.48/1.01/0.48  emits 0.49  spf 58.0  z0 0.75  garr 174.0  tG 1198  e2 0.11  nF 5.8  pS 0.32  ptS 0.32  fLog 0.57  pdΔ -0.1800  pkR 6.39  clip 0.07  kl +0.004
upd  116  steps  239616  sps 1057  opp symm  loss -0.009  pg +0.0148  v 0.005  ev +0.96  adv_std 0.105  tR +0.33  ent[s/d/p/e] 2.11/2.58/0.95/0.43  emits 0.40  spf 56.2  z0 0.80  garr 193.7  tG 1316  e2 0.08  nF 5.3  pS 0.33  ptS 0.33  fLog 0.58  pdΔ -0.1679  pkR 6.66  clip 0.08  kl +0.003
upd  117  steps  241664  sps 1063  opp symm  loss +0.127  pg +0.1501  v 0.005  ev +0.97  adv_std 0.099  tR +0.33  ent[s/d/p/e] 2.17/2.62/1.02/0.37  emits 0.40  spf 50.2  z0 0.81  garr 207.1  tG 1351  e2 0.08  nF 4.9  pS 0.33  ptS 0.32  fLog 0.56  pdΔ -0.1742  pkR 6.31  clip 0.06  kl +0.002
upd  118  steps  243712  sps 1069  opp symm  loss +0.054  pg +0.0775  v 0.004  ev +0.98  adv_std 0.087  tR +0.33  ent[s/d/p/e] 2.19/2.60/1.03/0.32  emits 0.30  spf 58.8  z0 0.86  garr 237.0  tG 1539  e2 0.07  nF 4.1  pS 0.32  ptS 0.32  fLog 0.58  pdΔ -0.1783  pkR 5.93  clip 0.03  kl +0.001
upd  119  steps  245760  sps 1075  opp symm  loss -0.009  pg +0.0117  v 0.006  ev +0.96  adv_std 0.111  tR -0.50  ent[s/d/p/e] 2.10/2.62/1.01/0.26  emits 0.19  spf 62.2  z0 0.90  garr 274.9  tG 1719  e2 0.04  nF 2.3  pS 0.28  ptS 0.28  fLog 0.61  pdΔ -0.2212  pkR 5.84  clip 0.03  kl +0.001
upd  120  steps  247808  sps 1081  opp symm  loss +0.032  pg +0.0516  v 0.005  ev +0.96  adv_std 0.099  tR -0.14  ent[s/d/p/e] 1.80/2.50/1.00/0.25  emits 0.14  spf 85.4  z0 0.92  garr 290.3  tG 1839  e2 0.02  nF 1.4  pS 0.26  ptS 0.25  fLog 0.63  pdΔ -0.2394  pkR 6.06  clip 0.03  kl +0.001
upd  121  steps  249856  sps 1087  opp symm  loss +0.014  pg +0.0346  v 0.006  ev +0.95  adv_std 0.105  tR -1.00  ent[s/d/p/e] 1.58/2.36/1.19/0.27  emits 0.14  spf 119.1  z0 0.90  garr 313.9  tG 1981  e2 0.02  nF 1.6  pS 0.26  ptS 0.25  fLog 0.63  pdΔ -0.2379  pkR 6.18  clip 0.03  kl -0.001
upd  122  steps  251904  sps 1093  opp symm  loss -0.005  pg +0.0123  v 0.009  ev +0.93  adv_std 0.133  tR +0.71  ent[s/d/p/e] 1.36/2.35/1.18/0.25  emits 0.10  spf 104.3  z0 0.92  garr 336.7  tG 2100  e2 0.02  nF 1.1  pS 0.26  ptS 0.25  fLog 0.61  pdΔ -0.2379  pkR 6.31  clip 0.02  kl +0.001
upd  123  steps  253952  sps 1098  opp symm  loss -0.103  pg -0.0831  v 0.004  ev +0.97  adv_std 0.084  tR -1.00  ent[s/d/p/e] 1.42/2.31/1.13/0.27  emits 0.13  spf 102.1  z0 0.91  garr 354.2  tG 2211  e2 0.02  nF 1.4  pS 0.26  ptS 0.25  fLog 0.61  pdΔ -0.2388  pkR 6.06  clip 0.04  kl +0.001
upd  124  steps  256000  sps 1104  opp symm  loss -0.020  pg +0.0005  v 0.008  ev +0.94  adv_std 0.124  tR -0.11  ent[s/d/p/e] 1.63/2.43/1.16/0.31  emits 0.19  spf 123.1  z0 0.87  garr 336.4  tG 2131  e2 0.03  nF 1.8  pS 0.27  ptS 0.26  fLog 0.65  pdΔ -0.2286  pkR 6.58  clip 0.04  kl +0.002
upd  125  steps  258048  sps 1110  opp symm  loss -0.036  pg -0.0121  v 0.004  ev +0.97  adv_std 0.084  tR -0.20  ent[s/d/p/e] 1.79/2.50/1.18/0.39  emits 0.32  spf 69.5  z0 0.82  garr 295.2  tG 1753  e2 0.07  nF 3.0  pS 0.27  ptS 0.25  fLog 0.60  pdΔ -0.2290  pkR 7.85  clip 0.07  kl +0.002
upd  126  steps  260096  sps 1116  opp symm  loss -0.026  pg -0.0026  v 0.005  ev +0.95  adv_std 0.100  tR -0.33  ent[s/d/p/e] 1.93/2.51/1.01/0.41  emits 0.38  spf 54.0  z0 0.80  garr 276.0  tG 1553  e2 0.07  nF 4.1  pS 0.28  ptS 0.27  fLog 0.56  pdΔ -0.2151  pkR 6.81  clip 0.06  kl +0.001
upd  127  steps  262144  sps 1121  opp symm  loss -0.019  pg +0.0035  v 0.005  ev +0.95  adv_std 0.103  tR +0.50  ent[s/d/p/e] 1.90/2.50/1.00/0.43  emits 0.36  spf 51.3  z0 0.80  garr 284.2  tG 1634  e2 0.08  nF 4.4  pS 0.30  ptS 0.28  fLog 0.57  pdΔ -0.1976  pkR 6.79  clip 0.04  kl +0.002
upd  128  steps  264192  sps 1127  opp symm  loss -0.009  pg +0.0148  v 0.005  ev +0.95  adv_std 0.104  tR +0.60  ent[s/d/p/e] 1.91/2.51/1.10/0.46  emits 0.42  spf 69.6  z0 0.78  garr 278.0  tG 1611  e2 0.08  nF 4.4  pS 0.31  ptS 0.29  fLog 0.60  pdΔ -0.1950  pkR 7.32  clip 0.06  kl +0.001
upd  129  steps  266240  sps 1132  opp symm  loss -0.015  pg +0.0087  v 0.005  ev +0.94  adv_std 0.102  tR +0.50  ent[s/d/p/e] 1.82/2.42/1.07/0.49  emits 0.49  spf 81.2  z0 0.72  garr 186.1  tG 1086  e2 0.10  nF 5.3  pS 0.31  ptS 0.29  fLog 0.60  pdΔ -0.1938  pkR 8.19  clip 0.03  kl -0.001
upd  130  steps  268288  sps 1138  opp symm  loss -0.093  pg -0.0692  v 0.005  ev +0.93  adv_std 0.104  tR +1.00  ent[s/d/p/e] 1.80/2.45/1.06/0.49  emits 0.46  spf 67.0  z0 0.74  garr 162.5  tG 923  e2 0.08  nF 5.0  pS 0.29  ptS 0.27  fLog 0.59  pdΔ -0.2100  pkR 9.68  clip 0.09  kl +0.003
upd  131  steps  270336  sps 1144  opp symm  loss +0.052  pg +0.0762  v 0.005  ev +0.94  adv_std 0.099  tR -0.50  ent[s/d/p/e] 1.95/2.50/1.08/0.50  emits 0.45  spf 61.1  z0 0.76  garr 164.8  tG 968  e2 0.09  nF 5.3  pS 0.31  ptS 0.29  fLog 0.58  pdΔ -0.1914  pkR 7.42  clip 0.10  kl +0.002
upd  132  steps  272384  sps 1149  opp symm  loss +0.067  pg +0.0906  v 0.006  ev +0.94  adv_std 0.104  tR -0.20  ent[s/d/p/e] 1.84/2.46/1.15/0.44  emits 0.38  spf 55.2  z0 0.78  garr 164.8  tG 960  e2 0.07  nF 5.2  pS 0.30  ptS 0.29  fLog 0.57  pdΔ -0.1982  pkR 5.70  clip 0.07  kl +0.001
upd  133  steps  274432  sps 1155  opp symm  loss +0.020  pg +0.0436  v 0.004  ev +0.96  adv_std 0.088  tR +0.33  ent[s/d/p/e] 1.84/2.45/1.09/0.41  emits 0.28  spf 66.1  z0 0.83  garr 181.6  tG 1070  e2 0.06  nF 4.0  pS 0.29  ptS 0.28  fLog 0.58  pdΔ -0.2086  pkR 5.66  clip 0.05  kl +0.002
upd  134  steps  276480  sps 1160  opp symm  loss -0.008  pg +0.0144  v 0.006  ev +0.94  adv_std 0.106  tR -0.25  ent[s/d/p/e] 1.79/2.40/1.11/0.40  emits 0.31  spf 72.8  z0 0.82  garr 173.8  tG 1074  e2 0.06  nF 3.3  pS 0.27  ptS 0.26  fLog 0.59  pdΔ -0.2258  pkR 5.93  clip 0.06  kl +0.004
upd  135  steps  278528  sps 1166  opp symm  loss +0.076  pg +0.0979  v 0.007  ev +0.93  adv_std 0.112  tR -0.20  ent[s/d/p/e] 1.75/2.39/1.20/0.39  emits 0.23  spf 73.2  z0 0.84  garr 171.7  tG 1104  e2 0.04  nF 3.3  pS 0.28  ptS 0.27  fLog 0.60  pdΔ -0.2238  pkR 6.47  clip 0.05  kl +0.002
upd  136  steps  280576  sps 1171  opp symm  loss -0.023  pg +0.0013  v 0.004  ev +0.96  adv_std 0.083  tR +0.00  ent[s/d/p/e] 1.86/2.43/1.16/0.41  emits 0.33  spf 82.9  z0 0.81  garr 167.8  tG 1076  e2 0.07  nF 3.2  pS 0.27  ptS 0.26  fLog 0.61  pdΔ -0.2279  pkR 5.20  clip 0.04  kl +0.000
upd  137  steps  282624  sps 1176  opp symm  loss -0.065  pg -0.0398  v 0.004  ev +0.96  adv_std 0.091  tR +1.00  ent[s/d/p/e] 1.91/2.45/1.18/0.47  emits 0.39  spf 87.4  z0 0.78  garr 165.9  tG 1059  e2 0.08  nF 3.7  pS 0.29  ptS 0.28  fLog 0.63  pdΔ -0.2121  pkR 4.74  clip 0.07  kl +0.003
upd  138  steps  284672  sps 1182  opp symm  loss -0.024  pg -0.0008  v 0.007  ev +0.93  adv_std 0.115  tR -0.50  ent[s/d/p/e] 1.85/2.39/1.14/0.47  emits 0.45  spf 73.4  z0 0.75  garr 152.4  tG 955  e2 0.10  nF 4.3  pS 0.29  ptS 0.28  fLog 0.61  pdΔ -0.2141  pkR 5.83  clip 0.04  kl -0.000
upd  139  steps  286720  sps 1187  opp symm  loss -0.030  pg -0.0047  v 0.002  ev +0.98  adv_std 0.066  tR +0.33  ent[s/d/p/e] 1.90/2.40/1.07/0.48  emits 0.44  spf 63.7  z0 0.75  garr 157.0  tG 938  e2 0.09  nF 5.1  pS 0.29  ptS 0.28  fLog 0.59  pdΔ -0.2107  pkR 6.91  clip 0.06  kl +0.001
upd  140  steps  288768  sps 1192  opp symm  loss +0.005  pg +0.0301  v 0.003  ev +0.96  adv_std 0.084  tR +0.00  ent[s/d/p/e] 1.96/2.42/1.06/0.46  emits 0.44  spf 62.4  z0 0.77  garr 139.3  tG 835  e2 0.10  nF 5.0  pS 0.28  ptS 0.28  fLog 0.58  pdΔ -0.2191  pkR 6.60  clip 0.02  kl -0.000
upd  141  steps  290816  sps 1197  opp symm  loss +0.057  pg +0.0796  v 0.006  ev +0.94  adv_std 0.102  tR +0.00  ent[s/d/p/e] 1.94/2.45/1.02/0.44  emits 0.35  spf 56.6  z0 0.80  garr 154.9  tG 915  e2 0.08  nF 4.2  pS 0.28  ptS 0.28  fLog 0.58  pdΔ -0.2164  pkR 6.38  clip 0.06  kl +0.000
upd  142  steps  292864  sps 1203  opp symm  loss +0.039  pg +0.0622  v 0.005  ev +0.92  adv_std 0.102  tR +0.14  ent[s/d/p/e] 1.86/2.42/1.06/0.45  emits 0.42  spf 58.9  z0 0.77  garr 151.6  tG 940  e2 0.09  nF 4.0  pS 0.28  ptS 0.27  fLog 0.58  pdΔ -0.2238  pkR 7.38  clip 0.06  kl +0.001
upd  143  steps  294912  sps 1208  opp symm  loss +0.030  pg +0.0511  v 0.007  ev +0.91  adv_std 0.115  tR -0.20  ent[s/d/p/e] 1.76/2.37/1.02/0.40  emits 0.28  spf 51.2  z0 0.82  garr 153.5  tG 917  e2 0.06  nF 3.6  pS 0.26  ptS 0.26  fLog 0.58  pdΔ -0.2357  pkR 7.63  clip 0.14  kl +0.008
upd  144  steps  296960  sps 1213  opp symm  loss -0.032  pg -0.0096  v 0.004  ev +0.95  adv_std 0.093  tR -1.00  ent[s/d/p/e] 1.75/2.40/1.12/0.38  emits 0.27  spf 53.2  z0 0.84  garr 177.0  tG 1082  e2 0.05  nF 2.9  pS 0.27  ptS 0.27  fLog 0.58  pdΔ -0.2272  pkR 7.27  clip 0.03  kl +0.001
upd  145  steps  299008  sps 1218  opp symm  loss -0.031  pg -0.0066  v 0.004  ev +0.95  adv_std 0.086  tR +0.00  ent[s/d/p/e] 1.80/2.48/1.13/0.42  emits 0.28  spf 55.6  z0 0.83  garr 193.7  tG 1227  e2 0.06  nF 2.8  pS 0.29  ptS 0.29  fLog 0.60  pdΔ -0.2056  pkR 7.15  clip 0.06  kl +0.007
upd  146  steps  301056  sps 1223  opp symm  loss +0.006  pg +0.0295  v 0.005  ev +0.93  adv_std 0.100  tR -1.00  ent[s/d/p/e] 1.91/2.44/1.13/0.45  emits 0.43  spf 69.7  z0 0.77  garr 195.8  tG 1211  e2 0.10  nF 4.1  pS 0.31  ptS 0.30  fLog 0.60  pdΔ -0.1860  pkR 4.81  clip 0.04  kl +0.002
upd  147  steps  303104  sps 1228  opp symm  loss -0.068  pg -0.0442  v 0.006  ev +0.91  adv_std 0.112  tR +0.20  ent[s/d/p/e] 1.97/2.49/1.09/0.45  emits 0.46  spf 69.5  z0 0.76  garr 196.7  tG 1223  e2 0.10  nF 4.4  pS 0.32  ptS 0.31  fLog 0.61  pdΔ -0.1816  pkR 5.08  clip 0.11  kl +0.007
upd  148  steps  305152  sps 1233  opp symm  loss -0.048  pg -0.0228  v 0.004  ev +0.93  adv_std 0.089  tR +0.33  ent[s/d/p/e] 2.05/2.53/1.11/0.48  emits 0.53  spf 61.2  z0 0.75  garr 188.5  tG 1211  e2 0.12  nF 5.3  pS 0.33  ptS 0.32  fLog 0.60  pdΔ -0.1652  pkR 5.49  clip 0.13  kl +0.008
upd  149  steps  307200  sps 1238  opp symm  loss +0.006  pg +0.0303  v 0.008  ev +0.84  adv_std 0.128  tR +0.67  ent[s/d/p/e] 1.98/2.46/1.12/0.54  emits 0.80  spf 68.9  z0 0.64  garr 160.8  tG 1042  e2 0.18  nF 7.3  pS 0.34  ptS 0.33  fLog 0.59  pdΔ -0.1560  pkR 6.14  clip 0.12  kl +0.004
upd  150  steps  309248  sps 1243  opp symm  loss -0.025  pg +0.0020  v 0.004  ev +0.88  adv_std 0.094  tR -0.20  ent[s/d/p/e] 2.03/2.44/1.17/0.57  emits 0.81  spf 48.5  z0 0.63  garr 90.9  tG 669  e2 0.18  nF 9.6  pS 0.35  ptS 0.35  fLog 0.56  pdΔ -0.1462  pkR 9.09  clip 0.11  kl +0.003
upd  151  steps  311296  sps 1248  opp symm  loss -0.008  pg +0.0198  v 0.003  ev +0.94  adv_std 0.073  tR +1.00  ent[s/d/p/e] 2.12/2.50/1.13/0.56  emits 0.76  spf 47.8  z0 0.65  garr 84.7  tG 650  e2 0.16  nF 8.5  pS 0.37  ptS 0.36  fLog 0.57  pdΔ -0.1300  pkR 7.40  clip 0.10  kl +0.003
upd  152  steps  313344  sps 1253  opp symm  loss -0.029  pg -0.0014  v 0.002  ev +0.95  adv_std 0.070  tR +0.00  ent[s/d/p/e] 2.21/2.55/1.10/0.53  emits 0.74  spf 47.0  z0 0.67  garr 101.3  tG 776  e2 0.16  nF 8.1  pS 0.39  ptS 0.38  fLog 0.56  pdΔ -0.1097  pkR 5.57  clip 0.03  kl +0.000
upd  153  steps  315392  sps 1258  opp symm  loss -0.061  pg -0.0363  v 0.007  ev +0.87  adv_std 0.116  tR +0.33  ent[s/d/p/e] 2.21/2.56/1.06/0.52  emits 0.78  spf 47.9  z0 0.66  garr 112.4  tG 890  e2 0.16  nF 9.0  pS 0.40  ptS 0.39  fLog 0.56  pdΔ -0.0950  pkR 5.85  clip 0.10  kl +0.003
upd  154  steps  317440  sps 1263  opp symm  loss -0.075  pg -0.0489  v 0.005  ev +0.90  adv_std 0.097  tR +0.33  ent[s/d/p/e] 2.13/2.54/1.12/0.51  emits 0.62  spf 50.0  z0 0.71  garr 108.3  tG 874  e2 0.13  nF 7.9  pS 0.38  ptS 0.37  fLog 0.57  pdΔ -0.1196  pkR 6.99  clip 0.10  kl +0.005
upd  155  steps  319488  sps 1268  opp symm  loss -0.021  pg +0.0046  v 0.006  ev +0.88  adv_std 0.110  tR +0.43  ent[s/d/p/e] 2.14/2.52/1.10/0.52  emits 0.57  spf 53.9  z0 0.72  garr 113.1  tG 959  e2 0.12  nF 6.5  pS 0.38  ptS 0.37  fLog 0.58  pdΔ -0.1199  pkR 7.04  clip 0.06  kl +0.004
upd  156  steps  321536  sps 1273  opp symm  loss -0.075  pg -0.0501  v 0.005  ev +0.92  adv_std 0.099  tR +0.33  ent[s/d/p/e] 2.02/2.49/1.16/0.48  emits 0.42  spf 64.2  z0 0.74  garr 114.1  tG 946  e2 0.08  nF 5.4  pS 0.36  ptS 0.36  fLog 0.61  pdΔ -0.1374  pkR 7.65  clip 0.11  kl +0.003
upd  157  steps  323584  sps 1278  opp symm  loss -0.028  pg -0.0048  v 0.008  ev +0.86  adv_std 0.126  tR +0.00  ent[s/d/p/e] 1.74/2.37/1.27/0.50  emits 0.36  spf 69.6  z0 0.75  garr 116.0  tG 964  e2 0.07  nF 3.6  pS 0.32  ptS 0.32  fLog 0.62  pdΔ -0.1771  pkR 8.44  clip 0.05  kl +0.002
upd  158  steps  325632  sps 1283  opp symm  loss +0.034  pg +0.0595  v 0.003  ev +0.93  adv_std 0.079  tR +0.50  ent[s/d/p/e] 1.76/2.36/1.25/0.52  emits 0.44  spf 66.4  z0 0.74  garr 106.7  tG 858  e2 0.09  nF 4.3  pS 0.31  ptS 0.30  fLog 0.61  pdΔ -0.1916  pkR 8.12  clip 0.08  kl +0.003
upd  159  steps  327680  sps 1287  opp symm  loss -0.008  pg +0.0181  v 0.004  ev +0.92  adv_std 0.085  tR +0.33  ent[s/d/p/e] 1.80/2.38/1.21/0.54  emits 0.52  spf 61.7  z0 0.71  garr 105.7  tG 855  e2 0.11  nF 5.6  pS 0.32  ptS 0.31  fLog 0.60  pdΔ -0.1846  pkR 8.66  clip 0.10  kl +0.005
upd  160  steps  329728  sps 1292  opp symm  loss +0.038  pg +0.0636  v 0.005  ev +0.91  adv_std 0.100  tR -0.33  ent[s/d/p/e] 1.84/2.39/1.21/0.52  emits 0.49  spf 62.6  z0 0.73  garr 105.8  tG 855  e2 0.10  nF 5.5  pS 0.32  ptS 0.32  fLog 0.61  pdΔ -0.1771  pkR 7.52  clip 0.06  kl +0.001
upd  161  steps  331776  sps 1297  opp symm  loss -0.003  pg +0.0226  v 0.004  ev +0.94  adv_std 0.091  tR +0.33  ent[s/d/p/e] 1.68/2.31/1.26/0.52  emits 0.45  spf 59.9  z0 0.73  garr 112.9  tG 893  e2 0.10  nF 4.6  pS 0.31  ptS 0.30  fLog 0.59  pdΔ -0.1882  pkR 7.37  clip 0.10  kl +0.003
upd  162  steps  333824  sps 1302  opp symm  loss -0.027  pg -0.0029  v 0.006  ev +0.92  adv_std 0.114  tR +0.00  ent[s/d/p/e] 1.78/2.37/1.25/0.52  emits 0.46  spf 54.0  z0 0.75  garr 115.8  tG 879  e2 0.10  nF 4.8  pS 0.31  ptS 0.30  fLog 0.59  pdΔ -0.1878  pkR 8.14  clip 0.11  kl +0.002
upd  163  steps  335872  sps 1306  opp symm  loss -0.064  pg -0.0374  v 0.004  ev +0.95  adv_std 0.083  tR -0.20  ent[s/d/p/e] 1.92/2.44/1.23/0.54  emits 0.64  spf 52.7  z0 0.68  garr 98.8  tG 731  e2 0.13  nF 5.8  pS 0.32  ptS 0.31  fLog 0.58  pdΔ -0.1792  pkR 8.77  clip 0.08  kl -0.000
upd  164  steps  337920  sps 1311  opp symm  loss -0.067  pg -0.0398  v 0.003  ev +0.94  adv_std 0.085  tR +0.50  ent[s/d/p/e] 1.95/2.48/1.23/0.52  emits 0.55  spf 62.6  z0 0.72  garr 91.6  tG 683  e2 0.11  nF 5.5  pS 0.32  ptS 0.31  fLog 0.60  pdΔ -0.1806  pkR 10.42  clip 0.06  kl +0.001
upd  165  steps  339968  sps 1316  opp symm  loss -0.044  pg -0.0168  v 0.003  ev +0.94  adv_std 0.074  tR -0.20  ent[s/d/p/e] 1.85/2.45/1.28/0.52  emits 0.50  spf 64.8  z0 0.72  garr 79.9  tG 555  e2 0.10  nF 5.2  pS 0.30  ptS 0.29  fLog 0.62  pdΔ -0.2018  pkR 7.48  clip 0.12  kl +0.005
upd  166  steps  342016  sps 1320  opp symm  loss -0.025  pg +0.0009  v 0.004  ev +0.90  adv_std 0.089  tR +0.20  ent[s/d/p/e] 1.82/2.46/1.31/0.49  emits 0.39  spf 68.6  z0 0.76  garr 84.3  tG 596  e2 0.08  nF 3.9  pS 0.31  ptS 0.30  fLog 0.64  pdΔ -0.1929  pkR 5.40  clip 0.05  kl -0.001
upd  167  steps  344064  sps 1325  opp symm  loss +0.042  pg +0.0685  v 0.002  ev +0.96  adv_std 0.065  tR +1.00  ent[s/d/p/e] 1.70/2.41/1.34/0.47  emits 0.32  spf 75.0  z0 0.79  garr 94.3  tG 672  e2 0.06  nF 3.2  pS 0.30  ptS 0.29  fLog 0.64  pdΔ -0.1979  pkR 5.05  clip 0.06  kl +0.003
upd  168  steps  346112  sps 1329  opp symm  loss -0.006  pg +0.0161  v 0.011  ev +0.83  adv_std 0.147  tR +0.00  ent[s/d/p/e] 1.73/2.44/1.38/0.44  emits 0.34  spf 71.8  z0 0.79  garr 105.4  tG 748  e2 0.07  nF 3.4  pS 0.31  ptS 0.30  fLog 0.64  pdΔ -0.1922  pkR 5.32  clip 0.07  kl +0.003
upd  169  steps  348160  sps 1334  opp symm  loss -0.079  pg -0.0526  v 0.003  ev +0.96  adv_std 0.072  tR +0.00  ent[s/d/p/e] 1.72/2.38/1.34/0.47  emits 0.37  spf 62.9  z0 0.78  garr 113.7  tG 794  e2 0.08  nF 3.5  pS 0.30  ptS 0.29  fLog 0.62  pdΔ -0.2021  pkR 6.07  clip 0.05  kl +0.001
upd  170  steps  350208  sps 1338  opp symm  loss -0.030  pg -0.0041  v 0.004  ev +0.95  adv_std 0.094  tR -0.50  ent[s/d/p/e] 1.79/2.47/1.34/0.47  emits 0.39  spf 63.7  z0 0.77  garr 119.8  tG 856  e2 0.08  nF 4.0  pS 0.32  ptS 0.31  fLog 0.63  pdΔ -0.1836  pkR 6.08  clip 0.05  kl +0.003
upd  171  steps  352256  sps 1343  opp symm  loss -0.017  pg +0.0104  v 0.003  ev +0.97  adv_std 0.073  tR +0.33  ent[s/d/p/e] 1.88/2.45/1.34/0.50  emits 0.52  spf 55.3  z0 0.73  garr 122.1  tG 874  e2 0.11  nF 4.9  pS 0.32  ptS 0.31  fLog 0.61  pdΔ -0.1792  pkR 6.84  clip 0.09  kl +0.003
upd  172  steps  354304  sps 1347  opp symm  loss -0.110  pg -0.0851  v 0.006  ev +0.93  adv_std 0.113  tR +0.00  ent[s/d/p/e] 1.84/2.42/1.30/0.51  emits 0.45  spf 51.1  z0 0.76  garr 110.3  tG 790  e2 0.09  nF 4.8  pS 0.31  ptS 0.30  fLog 0.59  pdΔ -0.1894  pkR 8.18  clip 0.07  kl +0.003
upd  173  steps  356352  sps 1352  opp symm  loss -0.038  pg -0.0105  v 0.002  ev +0.97  adv_std 0.067  tR +0.20  ent[s/d/p/e] 1.81/2.45/1.40/0.47  emits 0.40  spf 61.3  z0 0.77  garr 104.2  tG 770  e2 0.08  nF 4.2  pS 0.31  ptS 0.30  fLog 0.61  pdΔ -0.1859  pkR 9.31  clip 0.03  kl +0.002
upd  174  steps  358400  sps 1356  opp symm  loss +0.020  pg +0.0465  v 0.003  ev +0.96  adv_std 0.075  tR +1.00  ent[s/d/p/e] 1.82/2.43/1.36/0.49  emits 0.48  spf 59.5  z0 0.74  garr 98.1  tG 691  e2 0.10  nF 4.6  pS 0.31  ptS 0.30  fLog 0.61  pdΔ -0.1917  pkR 6.45  clip 0.17  kl +0.005
upd  175  steps  360448  sps 1361  opp symm  loss -0.021  pg +0.0039  v 0.004  ev +0.95  adv_std 0.093  tR +0.00  ent[s/d/p/e] 1.76/2.38/1.35/0.45  emits 0.40  spf 47.9  z0 0.77  garr 112.8  tG 799  e2 0.08  nF 4.5  pS 0.31  ptS 0.30  fLog 0.58  pdΔ -0.1926  pkR 7.44  clip 0.08  kl +0.002
upd  176  steps  362496  sps 1365  opp symm  loss -0.047  pg -0.0214  v 0.003  ev +0.97  adv_std 0.075  tR -0.33  ent[s/d/p/e] 1.75/2.35/1.34/0.48  emits 0.48  spf 49.2  z0 0.74  garr 127.3  tG 852  e2 0.11  nF 4.8  pS 0.31  ptS 0.30  fLog 0.58  pdΔ -0.1879  pkR 6.23  clip 0.05  kl +0.002
upd  177  steps  364544  sps 1369  opp symm  loss -0.031  pg -0.0051  v 0.004  ev +0.96  adv_std 0.089  tR +1.00  ent[s/d/p/e] 1.77/2.38/1.34/0.48  emits 0.48  spf 47.0  z0 0.74  garr 142.0  tG 992  e2 0.10  nF 5.2  pS 0.33  ptS 0.31  fLog 0.58  pdΔ -0.1723  pkR 5.78  clip 0.06  kl -0.001
upd  178  steps  366592  sps 1374  opp symm  loss -0.075  pg -0.0513  v 0.008  ev +0.92  adv_std 0.123  tR -0.25  ent[s/d/p/e] 1.81/2.34/1.31/0.51  emits 0.60  spf 48.6  z0 0.69  garr 125.8  tG 833  e2 0.13  nF 6.4  pS 0.31  ptS 0.30  fLog 0.58  pdΔ -0.1864  pkR 7.78  clip 0.07  kl +0.001
upd  179  steps  368640  sps 1378  opp symm  loss +0.010  pg +0.0360  v 0.005  ev +0.96  adv_std 0.098  tR -0.20  ent[s/d/p/e] 1.83/2.33/1.27/0.53  emits 0.64  spf 50.1  z0 0.69  garr 102.6  tG 666  e2 0.14  nF 6.5  pS 0.32  ptS 0.31  fLog 0.58  pdΔ -0.1795  pkR 10.56  clip 0.14  kl +0.004
upd  180  steps  370688  sps 1382  opp symm  loss -0.071  pg -0.0440  v 0.004  ev +0.96  adv_std 0.092  tR -0.14  ent[s/d/p/e] 1.91/2.36/1.34/0.54  emits 0.70  spf 49.3  z0 0.67  garr 96.3  tG 667  e2 0.15  nF 6.9  pS 0.35  ptS 0.33  fLog 0.59  pdΔ -0.1507  pkR 9.41  clip 0.06  kl +0.003
upd  181  steps  372736  sps 1387  opp symm  loss +0.010  pg +0.0360  v 0.005  ev +0.95  adv_std 0.103  tR +0.11  ent[s/d/p/e] 1.88/2.33/1.35/0.52  emits 0.65  spf 48.0  z0 0.68  garr 87.1  tG 549  e2 0.14  nF 6.4  pS 0.32  ptS 0.31  fLog 0.58  pdΔ -0.1804  pkR 13.34  clip 0.11  kl +0.003
upd  182  steps  374784  sps 1391  opp symm  loss -0.053  pg -0.0273  v 0.004  ev +0.96  adv_std 0.090  tR +0.00  ent[s/d/p/e] 1.84/2.32/1.30/0.52  emits 0.67  spf 46.0  z0 0.67  garr 82.5  tG 487  e2 0.14  nF 6.9  pS 0.31  ptS 0.31  fLog 0.57  pdΔ -0.1886  pkR 7.09  clip 0.08  kl +0.000
upd  183  steps  376832  sps 1395  opp symm  loss -0.036  pg -0.0095  v 0.004  ev +0.97  adv_std 0.084  tR +0.67  ent[s/d/p/e] 1.81/2.31/1.26/0.54  emits 0.68  spf 39.6  z0 0.67  garr 80.6  tG 541  e2 0.15  nF 7.6  pS 0.32  ptS 0.31  fLog 0.55  pdΔ -0.1821  pkR 8.48  clip 0.07  kl +0.001
upd  184  steps  378880  sps 1399  opp symm  loss -0.052  pg -0.0238  v 0.002  ev +0.98  adv_std 0.057  tR +0.50  ent[s/d/p/e] 1.82/2.30/1.27/0.57  emits 0.78  spf 38.5  z0 0.63  garr 70.9  tG 433  e2 0.17  nF 8.4  pS 0.30  ptS 0.30  fLog 0.55  pdΔ -0.1952  pkR 10.59  clip 0.09  kl +0.003