
=== [2026-06-11T07:12:01Z] v14f_binary_v1_a_p0i1_ORBITWARS_SHAPING_CAPTURE_0.08_88a1cf8d02 phase=a kind=probe chunk=500 env={"ORBITWARS_SHAPING_ANTI_HOARD": 0.035, "ORBITWARS_SHAPING_CAPTURE": 0.08, "ORBITWARS_SHAPING_RELEASE": 0.0075, "ORBITWARS_SHAPING_RELEASE_K": 15.0, "ORBITWARS_SHAPING_PROD_SHARE_DELTA": 0.015, "ORBITWARS_SHAPING_ONE_SHIP_PENALTY": 0.015} ppo={"ent_coef_emit": 0.0225, "lr_peak": 4.5e-05} ===
[reward] kaggle-aligned: terminal +1 win/+1 tie>0/-1 loss/-1 double-wipeout; is_terminal at step >= episode_steps-2; SHAPING_SCALE=0.0; v1: KEEP_HOME=0.0 FLEET_SIZE=0.0/norm20.0; v2 (expert-replay calibrated): PROD_SHARE=0.0 PLANET_SHARE=0.0 FLEET_LOG=0.0/ref500.0/floor0.3; v3 (top10-2630ep calibrated): PROD_SHARE_DELTA=0.015 EMIT_LOG=0.0 EMIT_GATED=0.0 RELEASE=0.0075/K15.0 CAPTURE=0.08; ANTI_HOARD=0.035/thresh0.6; episode_steps=500 (kaggle=500, mismatch=False)
[symmetric] Frog Parade style: same params drive BOTH players, no frozen/strong/buffer opponents, zero_sum_value=True
upd    0  steps    2048  sps 38  opp symm  loss +0.069  pg +0.0896  v 0.001  ev -0.15  adv_std 0.054  tR +0.00  ent[s/d/p/e] 0.18/1.77/1.60/0.25  emits 0.10  spf 24.7  z0 0.91  garr 26.8  tG 34  e2 0.00  nF 0.7  pS 0.06  ptS 0.06  fLog 0.49  pdΔ -0.4386  pkR 6.27  clip 0.00  kl +0.000
upd    1  steps    4096  sps 74  opp symm  loss -0.060  pg -0.0363  v 0.001  ev -0.03  adv_std 0.053  tR +0.00  ent[s/d/p/e] 0.61/1.95/1.50/0.35  emits 0.13  spf 36.4  z0 0.88  garr 46.1  tG 106  e2 0.01  nF 1.5  pS 0.11  ptS 0.10  fLog 0.54  pdΔ -0.3917  pkR 5.48  clip 0.04  kl +0.002
upd    2  steps    6144  sps 110  opp symm  loss -0.077  pg -0.0521  v 0.005  ev +0.01  adv_std 0.103  tR +0.00  ent[s/d/p/e] 0.99/2.08/1.54/0.40  emits 0.16  spf 49.5  z0 0.86  garr 68.1  tG 226  e2 0.02  nF 1.8  pS 0.15  ptS 0.14  fLog 0.57  pdΔ -0.3507  pkR 4.25  clip 0.03  kl +0.001
upd    3  steps    8192  sps 145  opp symm  loss -0.070  pg -0.0422  v 0.003  ev +0.19  adv_std 0.076  tR -1.00  ent[s/d/p/e] 1.19/2.04/1.41/0.51  emits 0.28  spf 52.1  z0 0.78  garr 68.0  tG 302  e2 0.05  nF 2.9  pS 0.18  ptS 0.18  fLog 0.55  pdΔ -0.3163  pkR 4.66  clip 0.08  kl +0.006
upd    4  steps   10240  sps 179  opp symm  loss -0.090  pg -0.0603  v 0.003  ev +0.35  adv_std 0.072  tR -1.00  ent[s/d/p/e] 1.42/2.15/1.40/0.53  emits 0.29  spf 55.6  z0 0.79  garr 69.9  tG 398  e2 0.06  nF 3.7  pS 0.24  ptS 0.23  fLog 0.57  pdΔ -0.2649  pkR 5.36  clip 0.13  kl +0.007
upd    5  steps   12288  sps 213  opp symm  loss -0.070  pg -0.0374  v 0.001  ev +0.48  adv_std 0.053  tR +0.00  ent[s/d/p/e] 1.65/2.27/1.32/0.58  emits 0.41  spf 57.8  z0 0.73  garr 75.2  tG 490  e2 0.09  nF 4.0  pS 0.28  ptS 0.26  fLog 0.57  pdΔ -0.2244  pkR 4.65  clip 0.28  kl +0.008
upd    6  steps   14336  sps 246  opp symm  loss -0.084  pg -0.0514  v 0.002  ev +0.33  adv_std 0.070  tR -1.00  ent[s/d/p/e] 1.77/2.31/1.33/0.60  emits 0.48  spf 62.7  z0 0.68  garr 74.8  tG 521  e2 0.11  nF 5.0  pS 0.31  ptS 0.29  fLog 0.58  pdΔ -0.1939  pkR 3.98  clip 0.17  kl +0.006
upd    7  steps   16384  sps 278  opp symm  loss -0.031  pg +0.0017  v 0.001  ev +0.29  adv_std 0.055  tR +0.00  ent[s/d/p/e] 1.89/2.35/1.28/0.60  emits 0.48  spf 60.4  z0 0.70  garr 74.8  tG 561  e2 0.10  nF 5.6  pS 0.34  ptS 0.33  fLog 0.58  pdΔ -0.1620  pkR 4.05  clip 0.14  kl +0.004
upd    8  steps   18432  sps 309  opp symm  loss -0.023  pg +0.0112  v 0.001  ev +0.55  adv_std 0.047  tR +0.00  ent[s/d/p/e] 1.96/2.37/1.21/0.63  emits 0.68  spf 58.4  z0 0.61  garr 71.3  tG 545  e2 0.16  nF 7.0  pS 0.36  ptS 0.35  fLog 0.56  pdΔ -0.1376  pkR 4.34  clip 0.31  kl +0.011
upd    9  steps   20480  sps 340  opp symm  loss -0.003  pg +0.0307  v 0.001  ev +0.73  adv_std 0.047  tR +0.00  ent[s/d/p/e] 2.08/2.41/1.13/0.63  emits 0.70  spf 53.4  z0 0.62  garr 62.6  tG 520  e2 0.17  nF 8.3  pS 0.39  ptS 0.37  fLog 0.56  pdΔ -0.1057  pkR 3.41  clip 0.29  kl +0.006
upd   10  steps   22528  sps 370  opp symm  loss -0.055  pg -0.0245  v 0.006  ev +0.32  adv_std 0.103  tR -0.33  ent[s/d/p/e] 2.06/2.38/1.11/0.62  emits 0.58  spf 55.8  z0 0.66  garr 69.9  tG 604  e2 0.14  nF 7.8  pS 0.40  ptS 0.38  fLog 0.57  pdΔ -0.1042  pkR 4.41  clip 0.17  kl +0.008
upd   11  steps   24576  sps 399  opp symm  loss -0.076  pg -0.0417  v 0.003  ev +0.52  adv_std 0.074  tR -1.00  ent[s/d/p/e] 2.10/2.44/1.21/0.64  emits 0.57  spf 62.7  z0 0.66  garr 77.8  tG 692  e2 0.13  nF 7.1  pS 0.40  ptS 0.39  fLog 0.58  pdΔ -0.0961  pkR 4.11  clip 0.22  kl +0.009
upd   12  steps   26624  sps 428  opp symm  loss -0.035  pg -0.0020  v 0.003  ev +0.51  adv_std 0.082  tR +1.00  ent[s/d/p/e] 2.11/2.40/1.13/0.63  emits 0.80  spf 59.2  z0 0.58  garr 69.2  tG 630  e2 0.20  nF 8.7  pS 0.41  ptS 0.40  fLog 0.56  pdΔ -0.0926  pkR 4.39  clip 0.26  kl +0.009
upd   13  steps   28672  sps 456  opp symm  loss -0.071  pg -0.0390  v 0.003  ev +0.63  adv_std 0.086  tR -1.00  ent[s/d/p/e] 2.14/2.43/1.09/0.61  emits 0.62  spf 58.5  z0 0.64  garr 71.4  tG 637  e2 0.15  nF 8.7  pS 0.41  ptS 0.40  fLog 0.57  pdΔ -0.0868  pkR 3.87  clip 0.20  kl +0.004
upd   14  steps   30720  sps 484  opp symm  loss -0.049  pg -0.0188  v 0.007  ev +0.54  adv_std 0.118  tR +0.50  ent[s/d/p/e] 2.13/2.46/1.11/0.60  emits 0.50  spf 71.3  z0 0.69  garr 77.7  tG 715  e2 0.12  nF 6.6  pS 0.40  ptS 0.40  fLog 0.61  pdΔ -0.0953  pkR 5.00  clip 0.12  kl +0.003
upd   15  steps   32768  sps 511  opp symm  loss -0.053  pg -0.0762  v 0.107  ev +0.06  adv_std 0.488  tR +0.04  ent[s/d/p/e] 1.99/2.38/1.08/0.47  emits 0.38  spf 63.0  z0 0.77  garr 56.4  tG 416  e2 0.09  nF 4.1  pS 0.26  ptS 0.26  fLog 0.58  pdΔ -0.2357  pkR 5.86  clip 0.07  kl +0.002
upd   16  steps   34816  sps 537  opp symm  loss +0.035  pg +0.0609  v 0.003  ev +0.54  adv_std 0.077  tR +0.00  ent[s/d/p/e] 1.47/2.42/1.32/0.33  emits 0.13  spf 49.2  z0 0.91  garr 60.4  tG 156  e2 0.02  nF 1.4  pS 0.13  ptS 0.12  fLog 0.57  pdΔ -0.3742  pkR 8.71  clip 0.04  kl +0.005
upd   17  steps   36864  sps 563  opp symm  loss +0.046  pg +0.0734  v 0.001  ev +0.75  adv_std 0.056  tR +0.00  ent[s/d/p/e] 1.46/2.40/1.35/0.38  emits 0.19  spf 59.8  z0 0.86  garr 76.0  tG 256  e2 0.03  nF 2.0  pS 0.16  ptS 0.15  fLog 0.61  pdΔ -0.3371  pkR 7.40  clip 0.05  kl +0.001
upd   18  steps   38912  sps 589  opp symm  loss -0.044  pg -0.0173  v 0.004  ev +0.65  adv_std 0.092  tR +1.00  ent[s/d/p/e] 1.52/2.36/1.30/0.44  emits 0.24  spf 64.5  z0 0.82  garr 77.5  tG 326  e2 0.04  nF 2.3  pS 0.20  ptS 0.19  fLog 0.62  pdΔ -0.2990  pkR 4.80  clip 0.07  kl +0.001
upd   19  steps   40960  sps 614  opp symm  loss +0.008  pg +0.0363  v 0.004  ev +0.76  adv_std 0.092  tR +0.33  ent[s/d/p/e] 1.54/2.33/1.33/0.49  emits 0.27  spf 65.2  z0 0.80  garr 85.4  tG 408  e2 0.05  nF 2.4  pS 0.22  ptS 0.21  fLog 0.60  pdΔ -0.2764  pkR 4.35  clip 0.05  kl +0.001
upd   20  steps   43008  sps 638  opp symm  loss -0.038  pg -0.0076  v 0.001  ev +0.92  adv_std 0.050  tR +0.00  ent[s/d/p/e] 1.64/2.36/1.25/0.52  emits 0.28  spf 69.1  z0 0.79  garr 87.1  tG 492  e2 0.05  nF 2.9  pS 0.26  ptS 0.25  fLog 0.61  pdΔ -0.2392  pkR 4.36  clip 0.06  kl -0.000
upd   21  steps   45056  sps 662  opp symm  loss -0.046  pg -0.0152  v 0.003  ev +0.85  adv_std 0.075  tR +0.00  ent[s/d/p/e] 1.76/2.37/1.16/0.59  emits 0.44  spf 71.4  z0 0.70  garr 78.8  tG 526  e2 0.10  nF 3.8  pS 0.30  ptS 0.28  fLog 0.62  pdΔ -0.2049  pkR 5.00  clip 0.10  kl +0.003
upd   22  steps   47104  sps 686  opp symm  loss -0.050  pg -0.0178  v 0.001  ev +0.93  adv_std 0.045  tR +0.00  ent[s/d/p/e] 1.84/2.36/1.25/0.58  emits 0.36  spf 70.6  z0 0.74  garr 79.8  tG 564  e2 0.08  nF 3.8  pS 0.32  ptS 0.31  fLog 0.61  pdΔ -0.1793  pkR 4.23  clip 0.11  kl +0.005
upd   23  steps   49152  sps 709  opp symm  loss -0.042  pg -0.0090  v 0.001  ev +0.92  adv_std 0.051  tR +0.00  ent[s/d/p/e] 1.94/2.42/1.19/0.59  emits 0.42  spf 85.8  z0 0.71  garr 89.7  tG 690  e2 0.09  nF 4.1  pS 0.35  ptS 0.34  fLog 0.63  pdΔ -0.1532  pkR 4.14  clip 0.16  kl +0.006
upd   24  steps   51200  sps 732  opp symm  loss -0.032  pg +0.0014  v 0.002  ev +0.92  adv_std 0.055  tR +0.00  ent[s/d/p/e] 1.97/2.40/1.18/0.63  emits 0.58  spf 74.7  z0 0.64  garr 78.5  tG 633  e2 0.13  nF 5.3  pS 0.36  ptS 0.35  fLog 0.61  pdΔ -0.1412  pkR 5.12  clip 0.16  kl +0.005
upd   25  steps   53248  sps 754  opp symm  loss -0.026  pg +0.0057  v 0.004  ev +0.79  adv_std 0.090  tR +0.33  ent[s/d/p/e] 1.94/2.37/1.09/0.65  emits 0.88  spf 56.3  z0 0.56  garr 60.5  tG 474  e2 0.22  nF 8.5  pS 0.35  ptS 0.34  fLog 0.56  pdΔ -0.1455  pkR 5.14  clip 0.15  kl +0.006
upd   26  steps   55296  sps 776  opp symm  loss -0.034  pg -0.0018  v 0.004  ev +0.82  adv_std 0.083  tR -1.00  ent[s/d/p/e] 1.94/2.33/1.07/0.64  emits 0.82  spf 47.3  z0 0.56  garr 47.5  tG 411  e2 0.20  nF 9.3  pS 0.37  ptS 0.36  fLog 0.55  pdΔ -0.1338  pkR 4.52  clip 0.12  kl +0.003
upd   27  steps   57344  sps 797  opp symm  loss -0.040  pg -0.0081  v 0.004  ev +0.81  adv_std 0.085  tR +0.00  ent[s/d/p/e] 2.06/2.42/1.06/0.64  emits 0.82  spf 49.7  z0 0.58  garr 48.5  tG 419  e2 0.20  nF 9.1  pS 0.37  ptS 0.37  fLog 0.56  pdΔ -0.1295  pkR 4.18  clip 0.18  kl +0.005
upd   28  steps   59392  sps 818  opp symm  loss -0.035  pg -0.0018  v 0.002  ev +0.90  adv_std 0.064  tR +0.00  ent[s/d/p/e] 2.08/2.43/1.11/0.62  emits 0.91  spf 47.4  z0 0.58  garr 45.4  tG 403  e2 0.21  nF 9.6  pS 0.37  ptS 0.37  fLog 0.55  pdΔ -0.1336  pkR 6.34  clip 0.22  kl +0.006
upd   29  steps   61440  sps 839  opp symm  loss -0.088  pg -0.0578  v 0.007  ev +0.77  adv_std 0.119  tR +0.50  ent[s/d/p/e] 2.09/2.46/1.13/0.61  emits 0.82  spf 48.1  z0 0.62  garr 47.0  tG 390  e2 0.19  nF 8.9  pS 0.35  ptS 0.35  fLog 0.56  pdΔ -0.1496  pkR 7.54  clip 0.13  kl +0.003
upd   30  steps   63488  sps 860  opp symm  loss -0.031  pg +0.0004  v 0.004  ev +0.76  adv_std 0.092  tR +0.00  ent[s/d/p/e] 1.96/2.41/1.15/0.59  emits 0.62  spf 49.4  z0 0.66  garr 49.6  tG 382  e2 0.14  nF 7.2  pS 0.32  ptS 0.32  fLog 0.56  pdΔ -0.1821  pkR 9.13  clip 0.09  kl -0.002
upd   31  steps   65536  sps 880  opp symm  loss -0.070  pg -0.0520  v 0.020  ev +0.47  adv_std 0.209  tR -0.13  ent[s/d/p/e] 1.55/2.36/1.16/0.42  emits 0.27  spf 43.6  z0 0.83  garr 39.3  tG 153  e2 0.06  nF 2.7  pS 0.15  ptS 0.15  fLog 0.56  pdΔ -0.3463  pkR 15.54  clip 0.07  kl +0.001
upd   32  steps   67584  sps 899  opp symm  loss -0.076  pg -0.0472  v 0.002  ev +0.81  adv_std 0.063  tR +0.00  ent[s/d/p/e] 1.47/2.36/1.14/0.50  emits 0.33  spf 47.5  z0 0.78  garr 45.1  tG 163  e2 0.06  nF 3.1  pS 0.17  ptS 0.17  fLog 0.57  pdΔ -0.3308  pkR 5.65  clip 0.10  kl +0.009
upd   33  steps   69632  sps 919  opp symm  loss -0.049  pg -0.0209  v 0.005  ev +0.79  adv_std 0.100  tR +0.00  ent[s/d/p/e] 1.47/2.26/1.12/0.57  emits 0.42  spf 43.7  z0 0.72  garr 43.0  tG 196  e2 0.10  nF 4.6  pS 0.21  ptS 0.21  fLog 0.56  pdΔ -0.2883  pkR 5.49  clip 0.10  kl +0.004
upd   34  steps   71680  sps 938  opp symm  loss -0.035  pg -0.0059  v 0.003  ev +0.88  adv_std 0.080  tR +0.00  ent[s/d/p/e] 1.61/2.34/1.10/0.56  emits 0.43  spf 46.4  z0 0.72  garr 47.3  tG 257  e2 0.10  nF 4.8  pS 0.24  ptS 0.24  fLog 0.57  pdΔ -0.2571  pkR 5.22  clip 0.05  kl -0.000
upd   35  steps   73728  sps 956  opp symm  loss -0.052  pg -0.0212  v 0.004  ev +0.85  adv_std 0.087  tR -1.00  ent[s/d/p/e] 1.69/2.32/1.11/0.60  emits 0.47  spf 51.2  z0 0.69  garr 50.9  tG 319  e2 0.10  nF 4.9  pS 0.28  ptS 0.27  fLog 0.57  pdΔ -0.2209  pkR 6.05  clip 0.15  kl +0.008
upd   36  steps   75776  sps 975  opp symm  loss -0.060  pg -0.0281  v 0.002  ev +0.94  adv_std 0.060  tR +1.00  ent[s/d/p/e] 1.81/2.41/1.10/0.60  emits 0.50  spf 54.8  z0 0.67  garr 56.8  tG 389  e2 0.11  nF 5.3  pS 0.31  ptS 0.30  fLog 0.59  pdΔ -0.1872  pkR 4.69  clip 0.11  kl +0.003
upd   37  steps   77824  sps 993  opp symm  loss -0.105  pg -0.0748  v 0.005  ev +0.88  adv_std 0.101  tR -0.60  ent[s/d/p/e] 1.99/2.46/1.04/0.61  emits 0.67  spf 52.3  z0 0.64  garr 51.8  tG 375  e2 0.16  nF 6.4  pS 0.34  ptS 0.32  fLog 0.58  pdΔ -0.1634  pkR 4.56  clip 0.14  kl +0.004
upd   38  steps   79872  sps 1011  opp symm  loss -0.055  pg -0.0235  v 0.003  ev +0.93  adv_std 0.082  tR -1.00  ent[s/d/p/e] 2.05/2.50/1.03/0.59  emits 0.51  spf 54.1  z0 0.70  garr 57.7  tG 439  e2 0.11  nF 6.2  pS 0.36  ptS 0.35  fLog 0.59  pdΔ -0.1414  pkR 4.85  clip 0.06  kl +0.001
upd   39  steps   81920  sps 1028  opp symm  loss -0.038  pg -0.0061  v 0.003  ev +0.94  adv_std 0.076  tR +0.50  ent[s/d/p/e] 2.08/2.51/1.07/0.57  emits 0.54  spf 63.5  z0 0.69  garr 63.9  tG 533  e2 0.12  nF 5.7  pS 0.36  ptS 0.35  fLog 0.61  pdΔ -0.1406  pkR 4.82  clip 0.06  kl +0.001
upd   40  steps   83968  sps 1045  opp symm  loss -0.010  pg +0.0212  v 0.004  ev +0.90  adv_std 0.090  tR +0.50  ent[s/d/p/e] 2.12/2.53/1.09/0.57  emits 0.54  spf 68.7  z0 0.70  garr 64.8  tG 531  e2 0.13  nF 5.5  pS 0.35  ptS 0.34  fLog 0.61  pdΔ -0.1499  pkR 5.93  clip 0.12  kl +0.005
upd   41  steps   86016  sps 1062  opp symm  loss -0.034  pg -0.0018  v 0.003  ev +0.93  adv_std 0.072  tR +0.50  ent[s/d/p/e] 2.06/2.53/1.17/0.55  emits 0.42  spf 70.0  z0 0.74  garr 74.1  tG 606  e2 0.09  nF 4.8  pS 0.34  ptS 0.33  fLog 0.62  pdΔ -0.1614  pkR 6.79  clip 0.08  kl +0.002
upd   42  steps   88064  sps 1079  opp symm  loss +0.005  pg +0.0368  v 0.003  ev +0.91  adv_std 0.075  tR -1.00  ent[s/d/p/e] 2.04/2.51/1.13/0.56  emits 0.45  spf 82.9  z0 0.72  garr 78.4  tG 620  e2 0.10  nF 4.3  pS 0.33  ptS 0.33  fLog 0.64  pdΔ -0.1666  pkR 5.69  clip 0.15  kl +0.003
upd   43  steps   90112  sps 1095  opp symm  loss -0.058  pg -0.0266  v 0.004  ev +0.89  adv_std 0.090  tR +0.20  ent[s/d/p/e] 2.05/2.53/1.14/0.55  emits 0.45  spf 79.3  z0 0.71  garr 78.9  tG 623  e2 0.09  nF 4.3  pS 0.33  ptS 0.34  fLog 0.63  pdΔ -0.1668  pkR 6.93  clip 0.09  kl +0.001
upd   44  steps   92160  sps 1111  opp symm  loss -0.014  pg +0.0163  v 0.006  ev +0.81  adv_std 0.104  tR +0.00  ent[s/d/p/e] 2.00/2.47/1.10/0.59  emits 0.49  spf 78.9  z0 0.70  garr 76.1  tG 600  e2 0.10  nF 4.9  pS 0.34  ptS 0.34  fLog 0.62  pdΔ -0.1630  pkR 7.76  clip 0.09  kl +0.005
upd   45  steps   94208  sps 1127  opp symm  loss +0.007  pg +0.0353  v 0.009  ev +0.71  adv_std 0.136  tR -0.33  ent[s/d/p/e] 2.04/2.51/1.13/0.58  emits 0.53  spf 70.1  z0 0.68  garr 72.8  tG 593  e2 0.12  nF 5.1  pS 0.36  ptS 0.35  fLog 0.62  pdΔ -0.1441  pkR 4.83  clip 0.13  kl +0.005
upd   46  steps   96256  sps 1143  opp symm  loss -0.036  pg -0.0217  v 0.036  ev +0.56  adv_std 0.278  tR +0.19  ent[s/d/p/e] 1.96/2.47/1.11/0.54  emits 0.46  spf 64.9  z0 0.73  garr 61.9  tG 489  e2 0.10  nF 4.6  pS 0.31  ptS 0.30  fLog 0.61  pdΔ -0.1923  pkR 7.85  clip 0.10  kl +0.001
upd   47  steps   98304  sps 1158  opp symm  loss +0.001  pg +0.0287  v 0.002  ev +0.92  adv_std 0.067  tR +0.00  ent[s/d/p/e] 1.61/2.37/1.13/0.48  emits 0.32  spf 59.5  z0 0.79  garr 52.0  tG 287  e2 0.06  nF 3.0  pS 0.20  ptS 0.20  fLog 0.59  pdΔ -0.2962  pkR 5.80  clip 0.06  kl +0.001
upd   48  steps  100352  sps 1173  opp symm  loss -0.045  pg -0.0143  v 0.002  ev +0.94  adv_std 0.064  tR -1.00  ent[s/d/p/e] 1.68/2.39/1.22/0.54  emits 0.40  spf 58.2  z0 0.73  garr 56.3  tG 347  e2 0.08  nF 4.1  pS 0.25  ptS 0.25  fLog 0.60  pdΔ -0.2496  pkR 5.20  clip 0.06  kl +0.003
upd   49  steps  102400  sps 1188  opp symm  loss -0.020  pg +0.0106  v 0.003  ev +0.93  adv_std 0.073  tR +0.00  ent[s/d/p/e] 1.71/2.42/1.24/0.55  emits 0.40  spf 61.6  z0 0.73  garr 63.9  tG 419  e2 0.08  nF 4.3  pS 0.29  ptS 0.28  fLog 0.60  pdΔ -0.2145  pkR 4.47  clip 0.11  kl +0.002
upd   50  steps  104448  sps 1203  opp symm  loss -0.031  pg -0.0013  v 0.004  ev +0.92  adv_std 0.085  tR +0.60  ent[s/d/p/e] 1.74/2.43/1.18/0.54  emits 0.37  spf 70.0  z0 0.74  garr 69.1  tG 481  e2 0.08  nF 3.9  pS 0.30  ptS 0.29  fLog 0.62  pdΔ -0.2020  pkR 4.18  clip 0.11  kl +0.005
upd   51  steps  106496  sps 1217  opp symm  loss -0.040  pg -0.0094  v 0.004  ev +0.92  adv_std 0.086  tR +1.00  ent[s/d/p/e] 1.83/2.45/1.21/0.55  emits 0.42  spf 72.3  z0 0.72  garr 75.0  tG 548  e2 0.09  nF 4.2  pS 0.31  ptS 0.30  fLog 0.63  pdΔ -0.1850  pkR 4.40  clip 0.07  kl +0.002
upd   52  steps  108544  sps 1232  opp symm  loss +0.009  pg +0.0408  v 0.002  ev +0.96  adv_std 0.063  tR +1.00  ent[s/d/p/e] 1.95/2.51/1.09/0.56  emits 0.41  spf 80.8  z0 0.74  garr 81.3  tG 618  e2 0.09  nF 4.1  pS 0.34  ptS 0.32  fLog 0.64  pdΔ -0.1633  pkR 4.96  clip 0.04  kl +0.001
upd   53  steps  110592  sps 1246  opp symm  loss -0.019  pg +0.0112  v 0.006  ev +0.88  adv_std 0.106  tR +0.33  ent[s/d/p/e] 1.94/2.46/1.10/0.57  emits 0.48  spf 81.0  z0 0.69  garr 81.4  tG 623  e2 0.10  nF 4.3  pS 0.34  ptS 0.33  fLog 0.63  pdΔ -0.1608  pkR 5.43  clip 0.11  kl -0.002
upd   54  steps  112640  sps 1260  opp symm  loss -0.047  pg -0.0171  v 0.006  ev +0.89  adv_std 0.112  tR +0.14  ent[s/d/p/e] 1.97/2.49/1.10/0.56  emits 0.43  spf 76.1  z0 0.72  garr 77.4  tG 587  e2 0.09  nF 4.4  pS 0.33  ptS 0.32  fLog 0.63  pdΔ -0.1667  pkR 5.64  clip 0.04  kl +0.002
upd   55  steps  114688  sps 1273  opp symm  loss -0.033  pg -0.0036  v 0.005  ev +0.92  adv_std 0.095  tR +0.50  ent[s/d/p/e] 1.88/2.40/1.13/0.54  emits 0.42  spf 76.2  z0 0.72  garr 71.9  tG 524  e2 0.09  nF 4.1  pS 0.32  ptS 0.30  fLog 0.62  pdΔ -0.1827  pkR 7.22  clip 0.06  kl +0.001
upd   56  steps  116736  sps 1287  opp symm  loss -0.029  pg +0.0016  v 0.003  ev +0.95  adv_std 0.073  tR +1.00  ent[s/d/p/e] 1.82/2.41/1.11/0.54  emits 0.38  spf 74.9  z0 0.74  garr 70.5  tG 492  e2 0.08  nF 3.9  pS 0.29  ptS 0.29  fLog 0.62  pdΔ -0.2051  pkR 4.61  clip 0.07  kl +0.002
upd   57  steps  118784  sps 1300  opp symm  loss -0.039  pg -0.0099  v 0.004  ev +0.91  adv_std 0.083  tR +0.00  ent[s/d/p/e] 1.81/2.40/1.14/0.52  emits 0.37  spf 75.3  z0 0.75  garr 76.7  tG 541  e2 0.08  nF 3.5  pS 0.30  ptS 0.29  fLog 0.63  pdΔ -0.1974  pkR 5.57  clip 0.06  kl +0.002
upd   58  steps  120832  sps 1313  opp symm  loss -0.040  pg -0.0092  v 0.003  ev +0.91  adv_std 0.082  tR +1.00  ent[s/d/p/e] 1.89/2.45/1.12/0.57  emits 0.40  spf 77.6  z0 0.73  garr 81.4  tG 574  e2 0.08  nF 4.0  pS 0.32  ptS 0.31  fLog 0.63  pdΔ -0.1788  pkR 5.14  clip 0.08  kl +0.001
upd   59  steps  122880  sps 1326  opp symm  loss -0.048  pg -0.0162  v 0.003  ev +0.93  adv_std 0.071  tR -1.00  ent[s/d/p/e] 1.92/2.45/1.09/0.59  emits 0.43  spf 72.4  z0 0.72  garr 80.4  tG 561  e2 0.09  nF 4.4  pS 0.33  ptS 0.32  fLog 0.62  pdΔ -0.1710  pkR 5.17  clip 0.06  kl +0.003
upd   60  steps  124928  sps 1339  opp symm  loss -0.034  pg -0.0059  v 0.010  ev +0.83  adv_std 0.135  tR -1.00  ent[s/d/p/e] 1.96/2.45/1.04/0.61  emits 0.59  spf 65.5  z0 0.65  garr 70.2  tG 518  e2 0.14  nF 5.4  pS 0.34  ptS 0.34  fLog 0.60  pdΔ -0.1564  pkR 5.09  clip 0.10  kl -0.002
upd   61  steps  126976  sps 1352  opp symm  loss -0.022  pg +0.0096  v 0.003  ev +0.94  adv_std 0.079  tR -1.00  ent[s/d/p/e] 1.99/2.45/1.05/0.59  emits 0.51  spf 57.8  z0 0.69  garr 57.5  tG 441  e2 0.11  nF 5.5  pS 0.34  ptS 0.33  fLog 0.59  pdΔ -0.1626  pkR 4.28  clip 0.12  kl +0.002
upd   62  steps  129024  sps 1364  opp symm  loss -0.040  pg -0.0156  v 0.014  ev +0.73  adv_std 0.170  tR -0.09  ent[s/d/p/e] 1.89/2.47/1.15/0.51  emits 0.34  spf 64.9  z0 0.77  garr 59.6  tG 397  e2 0.07  nF 3.7  pS 0.27  ptS 0.26  fLog 0.61  pdΔ -0.2250  pkR 5.45  clip 0.04  kl +0.001
upd   63  steps  131072  sps 1376  opp symm  loss -0.070  pg -0.0384  v 0.002  ev +0.92  adv_std 0.067  tR +1.00  ent[s/d/p/e] 1.75/2.49/1.22/0.56  emits 0.36  spf 70.7  z0 0.76  garr 65.2  tG 436  e2 0.07  nF 3.3  pS 0.28  ptS 0.27  fLog 0.63  pdΔ -0.2216  pkR 5.42  clip 0.12  kl +0.006
upd   64  steps  133120  sps 1388  opp symm  loss -0.048  pg -0.0170  v 0.003  ev +0.91  adv_std 0.075  tR -1.00  ent[s/d/p/e] 1.77/2.42/1.18/0.55  emits 0.43  spf 67.4  z0 0.72  garr 67.9  tG 527  e2 0.09  nF 4.0  pS 0.32  ptS 0.31  fLog 0.61  pdΔ -0.1785  pkR 7.15  clip 0.11  kl +0.006
upd   65  steps  135168  sps 1400  opp symm  loss -0.080  pg -0.0477  v 0.004  ev +0.90  adv_std 0.086  tR +0.50  ent[s/d/p/e] 1.88/2.44/1.23/0.61  emits 0.54  spf 67.9  z0 0.68  garr 66.5  tG 533  e2 0.12  nF 5.0  pS 0.34  ptS 0.33  fLog 0.62  pdΔ -0.1570  pkR 9.35  clip 0.13  kl +0.005
upd   66  steps  137216  sps 1412  opp symm  loss -0.070  pg -0.0375  v 0.003  ev +0.93  adv_std 0.075  tR +1.00  ent[s/d/p/e] 1.89/2.41/1.14/0.62  emits 0.60  spf 59.1  z0 0.64  garr 57.4  tG 441  e2 0.13  nF 5.8  pS 0.34  ptS 0.33  fLog 0.60  pdΔ -0.1614  pkR 4.54  clip 0.12  kl +0.007
upd   67  steps  139264  sps 1424  opp symm  loss -0.050  pg -0.0179  v 0.003  ev +0.94  adv_std 0.083  tR +0.00  ent[s/d/p/e] 1.93/2.45/1.13/0.61  emits 0.55  spf 65.2  z0 0.66  garr 62.8  tG 494  e2 0.12  nF 5.5  pS 0.36  ptS 0.34  fLog 0.61  pdΔ -0.1421  pkR 3.73  clip 0.07  kl +0.001
upd   68  steps  141312  sps 1435  opp symm  loss -0.067  pg -0.0339  v 0.003  ev +0.96  adv_std 0.073  tR +0.00  ent[s/d/p/e] 1.99/2.50/1.19/0.62  emits 0.55  spf 63.7  z0 0.65  garr 65.5  tG 539  e2 0.13  nF 5.4  pS 0.38  ptS 0.36  fLog 0.61  pdΔ -0.1202  pkR 3.15  clip 0.06  kl +0.005
upd   69  steps  143360  sps 1446  opp symm  loss -0.039  pg -0.0052  v 0.002  ev +0.96  adv_std 0.065  tR -0.33  ent[s/d/p/e] 2.02/2.48/1.18/0.61  emits 0.49  spf 69.0  z0 0.68  garr 71.5  tG 610  e2 0.11  nF 5.0  pS 0.39  ptS 0.38  fLog 0.63  pdΔ -0.1108  pkR 2.96  clip 0.10  kl +0.004
upd   70  steps  145408  sps 1457  opp symm  loss -0.066  pg -0.0353  v 0.007  ev +0.88  adv_std 0.118  tR +0.71  ent[s/d/p/e] 1.95/2.45/1.15/0.61  emits 0.56  spf 66.5  z0 0.66  garr 70.9  tG 606  e2 0.13  nF 4.9  pS 0.37  ptS 0.36  fLog 0.61  pdΔ -0.1252  pkR 3.30  clip 0.12  kl -0.000
upd   71  steps  147456  sps 1468  opp symm  loss -0.032  pg -0.0019  v 0.005  ev +0.91  adv_std 0.099  tR +0.00  ent[s/d/p/e] 1.94/2.44/1.12/0.57  emits 0.50  spf 67.1  z0 0.68  garr 66.8  tG 558  e2 0.12  nF 4.9  pS 0.37  ptS 0.35  fLog 0.62  pdΔ -0.1321  pkR 3.38  clip 0.10  kl +0.005
upd   72  steps  149504  sps 1479  opp symm  loss -0.040  pg -0.0083  v 0.004  ev +0.93  adv_std 0.091  tR -1.00  ent[s/d/p/e] 1.91/2.45/1.20/0.61  emits 0.51  spf 70.6  z0 0.66  garr 71.8  tG 609  e2 0.11  nF 5.0  pS 0.37  ptS 0.35  fLog 0.62  pdΔ -0.1284  pkR 3.39  clip 0.10  kl +0.001
upd   73  steps  151552  sps 1490  opp symm  loss -0.048  pg -0.0154  v 0.003  ev +0.94  adv_std 0.078  tR +0.00  ent[s/d/p/e] 2.02/2.54/1.24/0.59  emits 0.50  spf 75.8  z0 0.68  garr 73.0  tG 629  e2 0.11  nF 4.9  pS 0.38  ptS 0.36  fLog 0.64  pdΔ -0.1194  pkR 3.83  clip 0.11  kl +0.002
upd   74  steps  153600  sps 1501  opp symm  loss -0.079  pg -0.0476  v 0.006  ev +0.92  adv_std 0.111  tR +0.14  ent[s/d/p/e] 2.07/2.53/1.19/0.62  emits 0.67  spf 68.7  z0 0.63  garr 68.7  tG 612  e2 0.15  nF 6.2  pS 0.40  ptS 0.39  fLog 0.62  pdΔ -0.1003  pkR 4.14  clip 0.18  kl +0.011
upd   75  steps  155648  sps 1511  opp symm  loss -0.020  pg +0.0132  v 0.002  ev +0.97  adv_std 0.072  tR +0.00  ent[s/d/p/e] 2.07/2.49/1.18/0.60  emits 0.61  spf 67.2  z0 0.66  garr 69.0  tG 613  e2 0.14  nF 6.5  pS 0.39  ptS 0.38  fLog 0.62  pdΔ -0.1149  pkR 3.56  clip 0.08  kl -0.001
upd   76  steps  157696  sps 1521  opp symm  loss -0.036  pg -0.0039  v 0.006  ev +0.92  adv_std 0.105  tR +0.00  ent[s/d/p/e] 2.10/2.52/1.19/0.61  emits 0.68  spf 67.5  z0 0.63  garr 67.0  tG 573  e2 0.15  nF 6.8  pS 0.39  ptS 0.38  fLog 0.62  pdΔ -0.1135  pkR 4.04  clip 0.11  kl +0.003
upd   77  steps  159744  sps 1531  opp symm  loss -0.034  pg -0.0092  v 0.018  ev +0.81  adv_std 0.197  tR +0.10  ent[s/d/p/e] 2.03/2.51/1.22/0.59  emits 0.58  spf 63.1  z0 0.66  garr 63.2  tG 517  e2 0.13  nF 5.5  pS 0.37  ptS 0.35  fLog 0.62  pdΔ -0.1338  pkR 4.29  clip 0.11  kl +0.003
upd   78  steps  161792  sps 1542  opp symm  loss -0.017  pg +0.0139  v 0.003  ev +0.94  adv_std 0.076  tR +1.00  ent[s/d/p/e] 1.78/2.43/1.20/0.56  emits 0.43  spf 60.1  z0 0.72  garr 60.4  tG 420  e2 0.08  nF 4.4  pS 0.29  ptS 0.28  fLog 0.61  pdΔ -0.2083  pkR 5.24  clip 0.06  kl +0.001
upd   79  steps  163840  sps 1551  opp symm  loss -0.013  pg +0.0184  v 0.003  ev +0.95  adv_std 0.085  tR +1.00  ent[s/d/p/e] 1.90/2.49/1.24/0.57  emits 0.49  spf 64.2  z0 0.68  garr 65.3  tG 471  e2 0.10  nF 4.7  pS 0.32  ptS 0.31  fLog 0.62  pdΔ -0.1811  pkR 5.47  clip 0.08  kl +0.005
upd   80  steps  165888  sps 1561  opp symm  loss -0.030  pg +0.0017  v 0.004  ev +0.96  adv_std 0.089  tR +0.00  ent[s/d/p/e] 1.97/2.55/1.22/0.59  emits 0.50  spf 64.0  z0 0.69  garr 69.4  tG 521  e2 0.10  nF 4.9  pS 0.35  ptS 0.34  fLog 0.62  pdΔ -0.1525  pkR 4.88  clip 0.05  kl +0.002
upd   81  steps  167936  sps 1571  opp symm  loss -0.039  pg -0.0075  v 0.004  ev +0.96  adv_std 0.085  tR +0.25  ent[s/d/p/e] 1.98/2.53/1.20/0.57  emits 0.50  spf 69.1  z0 0.71  garr 72.0  tG 524  e2 0.11  nF 4.6  pS 0.35  ptS 0.33  fLog 0.63  pdΔ -0.1536  pkR 3.50  clip 0.06  kl +0.001
upd   82  steps  169984  sps 1581  opp symm  loss -0.040  pg -0.0093  v 0.005  ev +0.94  adv_std 0.104  tR +0.50  ent[s/d/p/e] 1.85/2.44/1.25/0.57  emits 0.47  spf 70.0  z0 0.71  garr 68.7  tG 477  e2 0.11  nF 4.5  pS 0.32  ptS 0.31  fLog 0.64  pdΔ -0.1767  pkR 3.79  clip 0.07  kl +0.003
upd   83  steps  172032  sps 1590  opp symm  loss -0.069  pg -0.0363  v 0.004  ev +0.96  adv_std 0.084  tR +1.00  ent[s/d/p/e] 1.87/2.45/1.24/0.62  emits 0.63  spf 63.5  z0 0.64  garr 63.4  tG 451  e2 0.15  nF 5.0  pS 0.33  ptS 0.32  fLog 0.62  pdΔ -0.1657  pkR 3.32  clip 0.12  kl +0.004
upd   84  steps  174080  sps 1599  opp symm  loss -0.021  pg +0.0102  v 0.005  ev +0.95  adv_std 0.100  tR -0.20  ent[s/d/p/e] 1.93/2.42/1.13/0.60  emits 0.58  spf 61.1  z0 0.67  garr 60.1  tG 459  e2 0.14  nF 5.7  pS 0.35  ptS 0.34  fLog 0.61  pdΔ -0.1511  pkR 4.02  clip 0.08  kl +0.002
upd   85  steps  176128  sps 1609  opp symm  loss -0.012  pg +0.0178  v 0.008  ev +0.93  adv_std 0.127  tR +0.20  ent[s/d/p/e] 1.94/2.42/1.17/0.61  emits 0.64  spf 57.0  z0 0.64  garr 56.6  tG 434  e2 0.15  nF 6.3  pS 0.35  ptS 0.34  fLog 0.60  pdΔ -0.1528  pkR 3.74  clip 0.10  kl +0.001
upd   86  steps  178176  sps 1618  opp symm  loss -0.009  pg +0.0215  v 0.005  ev +0.94  adv_std 0.100  tR +0.00  ent[s/d/p/e] 1.84/2.40/1.19/0.58  emits 0.57  spf 58.5  z0 0.66  garr 56.4  tG 417  e2 0.14  nF 5.6  pS 0.32  ptS 0.31  fLog 0.61  pdΔ -0.1788  pkR 3.59  clip 0.16  kl +0.004
upd   87  steps  180224  sps 1627  opp symm  loss -0.054  pg -0.0225  v 0.004  ev +0.96  adv_std 0.084  tR +0.00  ent[s/d/p/e] 1.91/2.47/1.16/0.58  emits 0.49  spf 64.8  z0 0.70  garr 60.3  tG 461  e2 0.11  nF 5.2  pS 0.33  ptS 0.33  fLog 0.63  pdΔ -0.1671  pkR 3.88  clip 0.09  kl +0.001
upd   88  steps  182272  sps 1636  opp symm  loss -0.036  pg -0.0054  v 0.004  ev +0.96  adv_std 0.086  tR -0.33  ent[s/d/p/e] 1.93/2.46/1.12/0.57  emits 0.47  spf 71.1  z0 0.70  garr 68.9  tG 544  e2 0.10  nF 4.4  pS 0.35  ptS 0.34  fLog 0.64  pdΔ -0.1532  pkR 3.86  clip 0.06  kl +0.002
upd   89  steps  184320  sps 1644  opp symm  loss -0.012  pg +0.0186  v 0.007  ev +0.93  adv_std 0.118  tR +1.00  ent[s/d/p/e] 2.02/2.50/1.18/0.59  emits 0.55  spf 71.0  z0 0.68  garr 71.2  tG 560  e2 0.13  nF 5.2  pS 0.36  ptS 0.36  fLog 0.64  pdΔ -0.1361  pkR 3.89  clip 0.14  kl +0.006
upd   90  steps  186368  sps 1653  opp symm  loss -0.005  pg +0.0255  v 0.004  ev +0.96  adv_std 0.095  tR +0.00  ent[s/d/p/e] 1.98/2.47/1.15/0.57  emits 0.53  spf 70.7  z0 0.69  garr 73.7  tG 582  e2 0.12  nF 5.1  pS 0.36  ptS 0.36  fLog 0.64  pdΔ -0.1359  pkR 4.31  clip 0.05  kl +0.002
upd   91  steps  188416  sps 1662  opp symm  loss -0.002  pg +0.0290  v 0.004  ev +0.96  adv_std 0.090  tR +0.33  ent[s/d/p/e] 1.99/2.48/1.16/0.57  emits 0.57  spf 68.8  z0 0.68  garr 76.1  tG 614  e2 0.12  nF 5.2  pS 0.37  ptS 0.36  fLog 0.63  pdΔ -0.1306  pkR 5.53  clip 0.08  kl +0.001
upd   92  steps  190464  sps 1670  opp symm  loss +0.003  pg +0.0322  v 0.006  ev +0.94  adv_std 0.117  tR -0.20  ent[s/d/p/e] 2.02/2.51/1.14/0.55  emits 0.53  spf 70.1  z0 0.69  garr 72.9  tG 592  e2 0.11  nF 5.3  pS 0.36  ptS 0.36  fLog 0.63  pdΔ -0.1374  pkR 4.80  clip 0.10  kl +0.002
upd   93  steps  192512  sps 1679  opp symm  loss -0.050  pg -0.0227  v 0.009  ev +0.92  adv_std 0.133  tR -0.12  ent[s/d/p/e] 1.90/2.43/1.18/0.53  emits 0.44  spf 70.3  z0 0.73  garr 66.6  tG 501  e2 0.09  nF 4.3  pS 0.31  ptS 0.31  fLog 0.63  pdΔ -0.1887  pkR 4.34  clip 0.06  kl +0.001
upd   94  steps  194560  sps 1687  opp symm  loss -0.005  pg +0.0227  v 0.008  ev +0.92  adv_std 0.121  tR +1.00  ent[s/d/p/e] 1.81/2.39/1.18/0.55  emits 0.43  spf 69.2  z0 0.73  garr 68.8  tG 504  e2 0.08  nF 4.2  pS 0.31  ptS 0.31  fLog 0.62  pdΔ -0.1918  pkR 4.56  clip 0.15  kl +0.004
upd   95  steps  196608  sps 1695  opp symm  loss +0.000  pg +0.0304  v 0.004  ev +0.97  adv_std 0.085  tR +0.00  ent[s/d/p/e] 1.89/2.47/1.25/0.50  emits 0.37  spf 73.7  z0 0.76  garr 75.8  tG 584  e2 0.07  nF 4.1  pS 0.33  ptS 0.33  fLog 0.64  pdΔ -0.1697  pkR 4.59  clip 0.15  kl +0.005
upd   96  steps  198656  sps 1703  opp symm  loss -0.069  pg -0.0401  v 0.007  ev +0.95  adv_std 0.119  tR +0.20  ent[s/d/p/e] 1.97/2.50/1.22/0.55  emits 0.42  spf 81.4  z0 0.74  garr 85.0  tG 677  e2 0.09  nF 3.9  pS 0.35  ptS 0.34  fLog 0.65  pdΔ -0.1510  pkR 4.54  clip 0.10  kl +0.003
upd   97  steps  200704  sps 1712  opp symm  loss -0.057  pg -0.0280  v 0.006  ev +0.96  adv_std 0.106  tR -0.43  ent[s/d/p/e] 1.89/2.50/1.20/0.52  emits 0.38  spf 84.0  z0 0.76  garr 83.4  tG 657  e2 0.07  nF 3.5  pS 0.33  ptS 0.33  fLog 0.66  pdΔ -0.1660  pkR 3.87  clip 0.05  kl +0.003
upd   98  steps  202752  sps 1719  opp symm  loss -0.059  pg -0.0283  v 0.005  ev +0.95  adv_std 0.103  tR -0.14  ent[s/d/p/e] 1.78/2.47/1.29/0.55  emits 0.43  spf 85.5  z0 0.72  garr 78.5  tG 639  e2 0.09  nF 3.6  pS 0.33  ptS 0.32  fLog 0.66  pdΔ -0.1728  pkR 5.60  clip 0.09  kl +0.001
[eval_vs_v20] u99 tag=train_u99  bin0=0.0%  spf=0.00  garr=128.50  flip=0.00%  z0=71.9%  e8=0.0%  e2+=0.0%  WLD=0/3/0
upd   99  steps  204800  sps 1727  opp symm  loss -0.031  pg -0.0002  v 0.005  ev +0.95  adv_std 0.104  tR +0.00  ent[s/d/p/e] 1.89/2.52/1.23/0.58  emits 0.50  spf 78.0  z0 0.69  garr 78.0  tG 638  e2 0.10  nF 4.1  pS 0.36  ptS 0.35  fLog 0.65  pdΔ -0.1378  pkR 4.80  clip 0.08  kl +0.001 WRr 0.09 v20[spf 0.0 flip 0.0% e2+ 0.0%]
upd  100  steps  206848  sps 935  opp symm  loss +0.004  pg +0.0350  v 0.005  ev +0.95  adv_std 0.105  tR +1.00  ent[s/d/p/e] 1.91/2.51/1.29/0.56  emits 0.51  spf 74.2  z0 0.70  garr 78.1  tG 625  e2 0.11  nF 4.7  pS 0.37  ptS 0.35  fLog 0.64  pdΔ -0.1271  pkR 6.86  clip 0.11  kl +0.003
upd  101  steps  208896  sps 941  opp symm  loss -0.017  pg +0.0127  v 0.008  ev +0.93  adv_std 0.122  tR +0.14  ent[s/d/p/e] 1.86/2.48/1.18/0.58  emits 0.52  spf 66.9  z0 0.69  garr 75.0  tG 557  e2 0.12  nF 4.9  pS 0.35  ptS 0.33  fLog 0.63  pdΔ -0.1500  pkR 3.79  clip 0.10  kl +0.005
upd  102  steps  210944  sps 948  opp symm  loss -0.037  pg -0.0059  v 0.005  ev +0.95  adv_std 0.105  tR +0.50  ent[s/d/p/e] 1.78/2.51/1.30/0.57  emits 0.44  spf 70.7  z0 0.71  garr 77.0  tG 554  e2 0.09  nF 4.2  pS 0.33  ptS 0.31  fLog 0.64  pdΔ -0.1703  pkR 4.76  clip 0.06  kl +0.001
upd  103  steps  212992  sps 954  opp symm  loss -0.013  pg +0.0177  v 0.004  ev +0.96  adv_std 0.089  tR +0.00  ent[s/d/p/e] 1.75/2.43/1.27/0.57  emits 0.45  spf 70.0  z0 0.71  garr 79.3  tG 561  e2 0.10  nF 4.2  pS 0.32  ptS 0.31  fLog 0.62  pdΔ -0.1756  pkR 5.89  clip 0.07  kl +0.002
upd  104  steps  215040  sps 960  opp symm  loss -0.042  pg -0.0125  v 0.006  ev +0.95  adv_std 0.107  tR +1.00  ent[s/d/p/e] 1.73/2.42/1.21/0.58  emits 0.49  spf 71.0  z0 0.69  garr 76.2  tG 543  e2 0.11  nF 4.6  pS 0.33  ptS 0.31  fLog 0.62  pdΔ -0.1716  pkR 3.86  clip 0.08  kl +0.004
upd  105  steps  217088  sps 967  opp symm  loss -0.008  pg +0.0226  v 0.003  ev +0.97  adv_std 0.080  tR -0.20  ent[s/d/p/e] 1.84/2.44/1.25/0.54  emits 0.45  spf 70.3  z0 0.72  garr 79.5  tG 561  e2 0.09  nF 4.3  pS 0.31  ptS 0.30  fLog 0.63  pdΔ -0.1881  pkR 3.87  clip 0.08  kl +0.000
upd  106  steps  219136  sps 973  opp symm  loss -0.012  pg +0.0184  v 0.004  ev +0.97  adv_std 0.083  tR -1.00  ent[s/d/p/e] 1.83/2.43/1.23/0.55  emits 0.44  spf 70.5  z0 0.71  garr 81.1  tG 571  e2 0.09  nF 4.2  pS 0.31  ptS 0.30  fLog 0.63  pdΔ -0.1931  pkR 4.19  clip 0.08  kl +0.003
upd  107  steps  221184  sps 979  opp symm  loss -0.031  pg -0.0024  v 0.009  ev +0.91  adv_std 0.132  tR +0.33  ent[s/d/p/e] 1.84/2.44/1.20/0.55  emits 0.44  spf 69.7  z0 0.72  garr 79.2  tG 571  e2 0.08  nF 4.3  pS 0.31  ptS 0.30  fLog 0.62  pdΔ -0.1914  pkR 4.53  clip 0.04  kl +0.000
upd  108  steps  223232  sps 986  opp symm  loss -0.038  pg -0.0126  v 0.012  ev +0.90  adv_std 0.152  tR -0.23  ent[s/d/p/e] 1.71/2.41/1.17/0.53  emits 0.38  spf 73.7  z0 0.74  garr 77.6  tG 553  e2 0.08  nF 3.8  pS 0.29  ptS 0.28  fLog 0.63  pdΔ -0.2095  pkR 5.38  clip 0.10  kl +0.006
upd  109  steps  225280  sps 992  opp symm  loss -0.001  pg +0.0252  v 0.007  ev +0.91  adv_std 0.118  tR +1.00  ent[s/d/p/e] 1.52/2.31/1.20/0.46  emits 0.26  spf 73.8  z0 0.80  garr 72.4  tG 475  e2 0.05  nF 2.9  pS 0.25  ptS 0.24  fLog 0.63  pdΔ -0.2540  pkR 7.64  clip 0.08  kl +0.001
upd  110  steps  227328  sps 998  opp symm  loss -0.007  pg +0.0205  v 0.005  ev +0.93  adv_std 0.101  tR +0.00  ent[s/d/p/e] 1.59/2.34/1.23/0.50  emits 0.34  spf 75.4  z0 0.75  garr 76.1  tG 519  e2 0.06  nF 3.2  pS 0.27  ptS 0.26  fLog 0.63  pdΔ -0.2315  pkR 7.99  clip 0.06  kl +0.003
upd  111  steps  229376  sps 1004  opp symm  loss -0.040  pg -0.0105  v 0.003  ev +0.96  adv_std 0.080  tR +0.00  ent[s/d/p/e] 1.65/2.36/1.22/0.53  emits 0.33  spf 70.3  z0 0.76  garr 78.5  tG 555  e2 0.07  nF 3.4  pS 0.29  ptS 0.28  fLog 0.64  pdΔ -0.2066  pkR 6.94  clip 0.06  kl +0.002
upd  112  steps  231424  sps 1010  opp symm  loss -0.053  pg -0.0267  v 0.009  ev +0.91  adv_std 0.139  tR -0.25  ent[s/d/p/e] 1.72/2.41/1.28/0.50  emits 0.31  spf 79.4  z0 0.78  garr 89.1  tG 635  e2 0.06  nF 3.1  pS 0.30  ptS 0.29  fLog 0.65  pdΔ -0.1975  pkR 5.98  clip 0.04  kl +0.002
upd  113  steps  233472  sps 1016  opp symm  loss -0.036  pg -0.0087  v 0.007  ev +0.94  adv_std 0.115  tR +0.11  ent[s/d/p/e] 1.63/2.36/1.23/0.51  emits 0.37  spf 79.6  z0 0.74  garr 78.5  tG 536  e2 0.08  nF 3.1  pS 0.27  ptS 0.26  fLog 0.65  pdΔ -0.2258  pkR 6.92  clip 0.06  kl +0.002
upd  114  steps  235520  sps 1022  opp symm  loss -0.018  pg +0.0085  v 0.007  ev +0.94  adv_std 0.116  tR -0.67  ent[s/d/p/e] 1.54/2.34/1.17/0.49  emits 0.32  spf 66.7  z0 0.77  garr 76.4  tG 494  e2 0.05  nF 3.0  pS 0.26  ptS 0.25  fLog 0.62  pdΔ -0.2350  pkR 8.88  clip 0.06  kl +0.001
upd  115  steps  237568  sps 1028  opp symm  loss -0.025  pg +0.0031  v 0.003  ev +0.97  adv_std 0.081  tR +0.00  ent[s/d/p/e] 1.57/2.37/1.21/0.49  emits 0.32  spf 69.4  z0 0.77  garr 83.6  tG 560  e2 0.06  nF 3.0  pS 0.28  ptS 0.27  fLog 0.63  pdΔ -0.2153  pkR 8.36  clip 0.08  kl +0.004
upd  116  steps  239616  sps 1034  opp symm  loss -0.020  pg +0.0069  v 0.010  ev +0.93  adv_std 0.138  tR -0.33  ent[s/d/p/e] 1.78/2.44/1.21/0.52  emits 0.42  spf 71.8  z0 0.72  garr 79.4  tG 547  e2 0.09  nF 3.8  pS 0.31  ptS 0.29  fLog 0.63  pdΔ -0.1945  pkR 6.80  clip 0.07  kl +0.002
upd  117  steps  241664  sps 1040  opp symm  loss -0.014  pg +0.0130  v 0.008  ev +0.93  adv_std 0.127  tR +0.00  ent[s/d/p/e] 1.75/2.37/1.18/0.51  emits 0.39  spf 61.7  z0 0.75  garr 74.7  tG 509  e2 0.08  nF 3.6  pS 0.30  ptS 0.29  fLog 0.62  pdΔ -0.2034  pkR 4.96  clip 0.09  kl +0.002
upd  118  steps  243712  sps 1046  opp symm  loss -0.050  pg -0.0200  v 0.004  ev +0.97  adv_std 0.086  tR +0.00  ent[s/d/p/e] 1.80/2.42/1.16/0.54  emits 0.43  spf 65.8  z0 0.73  garr 75.3  tG 521  e2 0.09  nF 4.1  pS 0.31  ptS 0.30  fLog 0.62  pdΔ -0.1937  pkR 3.25  clip 0.10  kl +0.004
upd  119  steps  245760  sps 1052  opp symm  loss +0.012  pg +0.0409  v 0.005  ev +0.96  adv_std 0.097  tR +0.33  ent[s/d/p/e] 1.87/2.43/1.07/0.51  emits 0.38  spf 67.8  z0 0.76  garr 85.6  tG 602  e2 0.07  nF 3.7  pS 0.32  ptS 0.31  fLog 0.62  pdΔ -0.1821  pkR 2.84  clip 0.07  kl -0.000
upd  120  steps  247808  sps 1058  opp symm  loss -0.039  pg -0.0107  v 0.004  ev +0.97  adv_std 0.086  tR +0.33  ent[s/d/p/e] 1.89/2.45/1.14/0.47  emits 0.33  spf 72.5  z0 0.78  garr 93.2  tG 677  e2 0.06  nF 3.0  pS 0.32  ptS 0.31  fLog 0.64  pdΔ -0.1822  pkR 3.06  clip 0.07  kl +0.001
upd  121  steps  249856  sps 1064  opp symm  loss -0.030  pg -0.0020  v 0.005  ev +0.96  adv_std 0.097  tR +0.00  ent[s/d/p/e] 1.85/2.42/1.06/0.50  emits 0.35  spf 78.4  z0 0.77  garr 95.6  tG 706  e2 0.07  nF 3.0  pS 0.32  ptS 0.31  fLog 0.64  pdΔ -0.1849  pkR 3.55  clip 0.08  kl +0.004
upd  122  steps  251904  sps 1070  opp symm  loss -0.044  pg -0.0165  v 0.006  ev +0.95  adv_std 0.112  tR -1.00  ent[s/d/p/e] 1.92/2.45/1.15/0.49  emits 0.38  spf 71.2  z0 0.76  garr 102.5  tG 789  e2 0.08  nF 3.5  pS 0.33  ptS 0.33  fLog 0.63  pdΔ -0.1652  pkR 3.35  clip 0.09  kl +0.003
upd  123  steps  253952  sps 1075  opp symm  loss -0.033  pg -0.0057  v 0.007  ev +0.95  adv_std 0.123  tR +0.00  ent[s/d/p/e] 1.97/2.45/1.08/0.52  emits 0.43  spf 74.1  z0 0.75  garr 100.1  tG 771  e2 0.09  nF 3.8  pS 0.33  ptS 0.33  fLog 0.64  pdΔ -0.1677  pkR 3.54  clip 0.06  kl +0.002
upd  124  steps  256000  sps 1081  opp symm  loss +0.019  pg +0.0452  v 0.010  ev +0.94  adv_std 0.136  tR -0.11  ent[s/d/p/e] 1.96/2.43/1.10/0.50  emits 0.42  spf 76.0  z0 0.75  garr 98.2  tG 730  e2 0.09  nF 3.8  pS 0.32  ptS 0.32  fLog 0.63  pdΔ -0.1795  pkR 3.80  clip 0.10  kl +0.001
upd  125  steps  258048  sps 1087  opp symm  loss +0.006  pg +0.0355  v 0.004  ev +0.97  adv_std 0.092  tR +0.00  ent[s/d/p/e] 2.02/2.49/1.13/0.50  emits 0.42  spf 77.7  z0 0.76  garr 102.5  tG 748  e2 0.09  nF 4.0  pS 0.33  ptS 0.32  fLog 0.64  pdΔ -0.1713  pkR 3.85  clip 0.06  kl +0.004
upd  126  steps  260096  sps 1092  opp symm  loss -0.026  pg +0.0034  v 0.005  ev +0.97  adv_std 0.099  tR -1.00  ent[s/d/p/e] 2.03/2.53/1.08/0.53  emits 0.51  spf 84.6  z0 0.73  garr 107.5  tG 802  e2 0.11  nF 4.9  pS 0.35  ptS 0.35  fLog 0.64  pdΔ -0.1463  pkR 3.93  clip 0.08  kl +0.002
upd  127  steps  262144  sps 1098  opp symm  loss -0.044  pg -0.0140  v 0.004  ev +0.97  adv_std 0.091  tR +0.00  ent[s/d/p/e] 2.11/2.54/1.02/0.52  emits 0.46  spf 77.6  z0 0.73  garr 103.6  tG 793  e2 0.10  nF 5.1  pS 0.37  ptS 0.36  fLog 0.64  pdΔ -0.1283  pkR 4.14  clip 0.06  kl +0.004
upd  128  steps  264192  sps 1104  opp symm  loss +0.019  pg +0.0472  v 0.006  ev +0.95  adv_std 0.112  tR -0.43  ent[s/d/p/e] 2.00/2.49/1.06/0.53  emits 0.52  spf 75.9  z0 0.70  garr 91.6  tG 712  e2 0.11  nF 4.9  pS 0.35  ptS 0.35  fLog 0.64  pdΔ -0.1483  pkR 4.27  clip 0.08  kl +0.003
upd  129  steps  266240  sps 1109  opp symm  loss -0.052  pg -0.0255  v 0.009  ev +0.93  adv_std 0.133  tR +0.27  ent[s/d/p/e] 1.99/2.44/1.06/0.51  emits 0.44  spf 75.4  z0 0.73  garr 82.8  tG 645  e2 0.09  nF 4.7  pS 0.33  ptS 0.33  fLog 0.64  pdΔ -0.1699  pkR 4.41  clip 0.05  kl +0.000
upd  130  steps  268288  sps 1115  opp symm  loss -0.053  pg -0.0270  v 0.007  ev +0.95  adv_std 0.116  tR +0.00  ent[s/d/p/e] 1.81/2.36/1.04/0.49  emits 0.40  spf 67.8  z0 0.75  garr 80.4  tG 590  e2 0.07  nF 4.3  pS 0.29  ptS 0.29  fLog 0.62  pdΔ -0.2104  pkR 4.16  clip 0.11  kl +0.002
upd  131  steps  270336  sps 1120  opp symm  loss -0.015  pg +0.0112  v 0.008  ev +0.95  adv_std 0.125  tR +0.33  ent[s/d/p/e] 1.81/2.33/1.08/0.48  emits 0.36  spf 70.4  z0 0.77  garr 80.0  tG 613  e2 0.07  nF 4.2  pS 0.30  ptS 0.29  fLog 0.63  pdΔ -0.2029  pkR 4.43  clip 0.09  kl +0.001
upd  132  steps  272384  sps 1126  opp symm  loss -0.048  pg -0.0221  v 0.009  ev +0.95  adv_std 0.131  tR +0.00  ent[s/d/p/e] 1.72/2.27/1.10/0.52  emits 0.49  spf 62.3  z0 0.71  garr 76.2  tG 559  e2 0.10  nF 4.4  pS 0.29  ptS 0.28  fLog 0.60  pdΔ -0.2140  pkR 4.67  clip 0.09  kl +0.002
upd  133  steps  274432  sps 1131  opp symm  loss -0.046  pg -0.0183  v 0.007  ev +0.96  adv_std 0.116  tR +0.33  ent[s/d/p/e] 1.80/2.36/1.09/0.54  emits 0.53  spf 62.4  z0 0.70  garr 70.4  tG 504  e2 0.11  nF 4.9  pS 0.30  ptS 0.29  fLog 0.61  pdΔ -0.2034  pkR 5.59  clip 0.09  kl +0.003
upd  134  steps  276480  sps 1137  opp symm  loss -0.017  pg +0.0122  v 0.005  ev +0.97  adv_std 0.102  tR +0.20  ent[s/d/p/e] 1.89/2.42/1.07/0.58  emits 0.68  spf 56.2  z0 0.65  garr 63.3  tG 473  e2 0.15  nF 6.1  pS 0.33  ptS 0.32  fLog 0.60  pdΔ -0.1745  pkR 7.74  clip 0.09  kl +0.001
upd  135  steps  278528  sps 1142  opp symm  loss -0.013  pg +0.0147  v 0.008  ev +0.95  adv_std 0.128  tR +1.00  ent[s/d/p/e] 1.94/2.40/1.06/0.56  emits 0.59  spf 61.7  z0 0.68  garr 65.5  tG 514  e2 0.13  nF 5.8  pS 0.34  ptS 0.33  fLog 0.61  pdΔ -0.1583  pkR 4.21  clip 0.10  kl +0.005
upd  136  steps  280576  sps 1147  opp symm  loss -0.039  pg -0.0101  v 0.008  ev +0.96  adv_std 0.124  tR +0.33  ent[s/d/p/e] 2.03/2.41/1.11/0.56  emits 0.64  spf 58.6  z0 0.66  garr 68.7  tG 556  e2 0.14  nF 6.1  pS 0.35  ptS 0.35  fLog 0.61  pdΔ -0.1457  pkR 4.96  clip 0.08  kl +0.002
upd  137  steps  282624  sps 1153  opp symm  loss -0.020  pg +0.0097  v 0.004  ev +0.97  adv_std 0.093  tR +0.00  ent[s/d/p/e] 1.94/2.35/1.14/0.56  emits 0.52  spf 60.0  z0 0.70  garr 71.6  tG 568  e2 0.11  nF 5.1  pS 0.34  ptS 0.33  fLog 0.61  pdΔ -0.1640  pkR 5.58  clip 0.05  kl -0.001
upd  138  steps  284672  sps 1158  opp symm  loss -0.017  pg +0.0109  v 0.010  ev +0.93  adv_std 0.138  tR +0.00  ent[s/d/p/e] 1.93/2.38/1.08/0.57  emits 0.54  spf 66.6  z0 0.68  garr 74.0  tG 603  e2 0.12  nF 5.1  pS 0.34  ptS 0.33  fLog 0.61  pdΔ -0.1595  pkR 6.14  clip 0.17  kl +0.002
upd  139  steps  286720  sps 1163  opp symm  loss +0.003  pg +0.0318  v 0.005  ev +0.96  adv_std 0.097  tR +1.00  ent[s/d/p/e] 1.88/2.38/1.09/0.54  emits 0.44  spf 71.0  z0 0.72  garr 81.4  tG 665  e2 0.10  nF 4.8  pS 0.34  ptS 0.34  fLog 0.63  pdΔ -0.1579  pkR 6.81  clip 0.07  kl +0.001
upd  140  steps  288768  sps 1168  opp symm  loss -0.011  pg +0.0184  v 0.005  ev +0.96  adv_std 0.095  tR +0.20  ent[s/d/p/e] 2.01/2.43/1.11/0.54  emits 0.52  spf 77.1  z0 0.71  garr 85.1  tG 700  e2 0.10  nF 4.4  pS 0.34  ptS 0.34  fLog 0.64  pdΔ -0.1577  pkR 6.92  clip 0.10  kl +0.001
upd  141  steps  290816  sps 1174  opp symm  loss -0.020  pg +0.0071  v 0.010  ev +0.91  adv_std 0.143  tR +0.50  ent[s/d/p/e] 2.11/2.48/1.09/0.53  emits 0.50  spf 67.4  z0 0.73  garr 95.1  tG 787  e2 0.10  nF 5.2  pS 0.36  ptS 0.36  fLog 0.62  pdΔ -0.1363  pkR 7.45  clip 0.07  kl +0.003
upd  142  steps  292864  sps 1179  opp symm  loss -0.024  pg +0.0062  v 0.004  ev +0.96  adv_std 0.089  tR +1.00  ent[s/d/p/e] 2.00/2.41/1.02/0.56  emits 0.52  spf 71.9  z0 0.71  garr 99.9  tG 837  e2 0.10  nF 4.7  pS 0.37  ptS 0.36  fLog 0.62  pdΔ -0.1330  pkR 8.12  clip 0.06  kl +0.002
upd  143  steps  294912  sps 1184  opp symm  loss +0.004  pg +0.0327  v 0.006  ev +0.94  adv_std 0.111  tR +0.20  ent[s/d/p/e] 2.09/2.46/1.05/0.54  emits 0.53  spf 77.9  z0 0.71  garr 103.5  tG 898  e2 0.11  nF 4.9  pS 0.38  ptS 0.37  fLog 0.64  pdΔ -0.1186  pkR 7.72  clip 0.10  kl +0.005
upd  144  steps  296960  sps 1189  opp symm  loss -0.041  pg -0.0141  v 0.010  ev +0.91  adv_std 0.140  tR +0.11  ent[s/d/p/e] 1.95/2.38/1.05/0.54  emits 0.41  spf 80.1  z0 0.74  garr 103.6  tG 919  e2 0.09  nF 4.1  pS 0.37  ptS 0.36  fLog 0.63  pdΔ -0.1340  pkR 6.89  clip 0.05  kl +0.002
upd  145  steps  299008  sps 1194  opp symm  loss -0.039  pg -0.0131  v 0.009  ev +0.91  adv_std 0.138  tR -0.11  ent[s/d/p/e] 1.86/2.29/1.05/0.52  emits 0.40  spf 83.4  z0 0.74  garr 99.9  tG 867  e2 0.08  nF 3.3  pS 0.33  ptS 0.32  fLog 0.64  pdΔ -0.1719  pkR 7.97  clip 0.08  kl +0.004
upd  146  steps  301056  sps 1199  opp symm  loss -0.005  pg +0.0215  v 0.009  ev +0.90  adv_std 0.133  tR +0.50  ent[s/d/p/e] 1.90/2.31/1.09/0.54  emits 0.47  spf 84.5  z0 0.71  garr 94.2  tG 818  e2 0.10  nF 4.0  pS 0.33  ptS 0.32  fLog 0.64  pdΔ -0.1693  pkR 9.03  clip 0.08  kl +0.004
upd  147  steps  303104  sps 1204  opp symm  loss -0.039  pg -0.0121  v 0.008  ev +0.92  adv_std 0.124  tR +0.33  ent[s/d/p/e] 1.83/2.28/1.14/0.52  emits 0.48  spf 71.3  z0 0.71  garr 82.6  tG 697  e2 0.10  nF 4.2  pS 0.32  ptS 0.32  fLog 0.62  pdΔ -0.1761  pkR 8.09  clip 0.11  kl +0.006
upd  148  steps  305152  sps 1209  opp symm  loss -0.036  pg -0.0083  v 0.006  ev +0.94  adv_std 0.116  tR +1.00  ent[s/d/p/e] 1.82/2.33/1.15/0.52  emits 0.43  spf 59.1  z0 0.75  garr 73.4  tG 546  e2 0.08  nF 3.8  pS 0.31  ptS 0.30  fLog 0.61  pdΔ -0.1855  pkR 6.56  clip 0.08  kl +0.003
upd  149  steps  307200  sps 1214  opp symm  loss -0.007  pg +0.0203  v 0.006  ev +0.95  adv_std 0.111  tR +1.00  ent[s/d/p/e] 1.77/2.36/1.18/0.50  emits 0.37  spf 65.4  z0 0.76  garr 78.8  tG 559  e2 0.08  nF 3.3  pS 0.31  ptS 0.30  fLog 0.63  pdΔ -0.1860  pkR 4.57  clip 0.13  kl +0.003
upd  150  steps  309248  sps 1219  opp symm  loss -0.015  pg +0.0142  v 0.005  ev +0.96  adv_std 0.102  tR -1.00  ent[s/d/p/e] 1.81/2.40/1.23/0.54  emits 0.43  spf 66.6  z0 0.74  garr 82.6  tG 594  e2 0.09  nF 3.6  pS 0.32  ptS 0.31  fLog 0.63  pdΔ -0.1759  pkR 4.64  clip 0.08  kl +0.003
upd  151  steps  311296  sps 1224  opp symm  loss -0.013  pg +0.0153  v 0.006  ev +0.96  adv_std 0.108  tR -0.33  ent[s/d/p/e] 1.85/2.37/1.25/0.49  emits 0.40  spf 60.3  z0 0.76  garr 88.1  tG 626  e2 0.08  nF 4.1  pS 0.34  ptS 0.32  fLog 0.61  pdΔ -0.1647  pkR 4.59  clip 0.12  kl +0.006
upd  152  steps  313344  sps 1229  opp symm  loss -0.038  pg -0.0091  v 0.006  ev +0.96  adv_std 0.111  tR +0.33  ent[s/d/p/e] 1.91/2.41/1.16/0.51  emits 0.43  spf 65.0  z0 0.75  garr 95.7  tG 698  e2 0.09  nF 4.3  pS 0.34  ptS 0.33  fLog 0.63  pdΔ -0.1594  pkR 4.57  clip 0.09  kl +0.006
upd  153  steps  315392  sps 1234  opp symm  loss +0.005  pg +0.0308  v 0.008  ev +0.95  adv_std 0.126  tR +0.50  ent[s/d/p/e] 1.83/2.38/1.14/0.47  emits 0.37  spf 66.3  z0 0.77  garr 96.5  tG 694  e2 0.07  nF 3.5  pS 0.33  ptS 0.32  fLog 0.63  pdΔ -0.1685  pkR 5.32  clip 0.15  kl +0.006
upd  154  steps  317440  sps 1239  opp symm  loss -0.036  pg -0.0085  v 0.007  ev +0.95  adv_std 0.118  tR +0.14  ent[s/d/p/e] 1.91/2.41/1.19/0.51  emits 0.42  spf 72.3  z0 0.76  garr 98.0  tG 718  e2 0.08  nF 3.7  pS 0.32  ptS 0.31  fLog 0.64  pdΔ -0.1752  pkR 4.89  clip 0.11  kl +0.006
upd  155  steps  319488  sps 1244  opp symm  loss +0.007  pg +0.0356  v 0.004  ev +0.97  adv_std 0.091  tR -0.50  ent[s/d/p/e] 1.96/2.39/1.10/0.47  emits 0.38  spf 72.2  z0 0.77  garr 103.2  tG 803  e2 0.07  nF 3.9  pS 0.33  ptS 0.32  fLog 0.63  pdΔ -0.1680  pkR 4.84  clip 0.08  kl +0.003
upd  156  steps  321536  sps 1249  opp symm  loss -0.019  pg +0.0083  v 0.006  ev +0.96  adv_std 0.112  tR -0.50  ent[s/d/p/e] 1.98/2.42/1.20/0.45  emits 0.38  spf 86.9  z0 0.78  garr 117.9  tG 933  e2 0.07  nF 3.2  pS 0.33  ptS 0.32  fLog 0.66  pdΔ -0.1666  pkR 4.73  clip 0.12  kl +0.005
upd  157  steps  323584  sps 1253  opp symm  loss +0.023  pg +0.0504  v 0.008  ev +0.95  adv_std 0.128  tR +0.50  ent[s/d/p/e] 1.99/2.42/1.18/0.49  emits 0.44  spf 70.0  z0 0.75  garr 120.6  tG 937  e2 0.08  nF 4.2  pS 0.34  ptS 0.33  fLog 0.61  pdΔ -0.1629  pkR 5.68  clip 0.08  kl +0.002
upd  158  steps  325632  sps 1258  opp symm  loss -0.016  pg +0.0116  v 0.009  ev +0.95  adv_std 0.133  tR +0.00  ent[s/d/p/e] 2.00/2.41/1.16/0.51  emits 0.45  spf 76.2  z0 0.75  garr 122.4  tG 981  e2 0.09  nF 4.5  pS 0.36  ptS 0.35  fLog 0.63  pdΔ -0.1423  pkR 5.41  clip 0.08  kl +0.001
upd  159  steps  327680  sps 1263  opp symm  loss -0.021  pg +0.0051  v 0.012  ev +0.93  adv_std 0.158  tR +0.20  ent[s/d/p/e] 2.01/2.43/1.17/0.52  emits 0.45  spf 85.8  z0 0.73  garr 111.1  tG 904  e2 0.09  nF 4.0  pS 0.36  ptS 0.35  fLog 0.65  pdΔ -0.1407  pkR 4.28  clip 0.11  kl +0.003
upd  160  steps  329728  sps 1268  opp symm  loss -0.030  pg -0.0038  v 0.010  ev +0.95  adv_std 0.143  tR -0.11  ent[s/d/p/e] 2.04/2.44/1.08/0.50  emits 0.44  spf 69.2  z0 0.75  garr 101.7  tG 838  e2 0.09  nF 4.2  pS 0.36  ptS 0.35  fLog 0.63  pdΔ -0.1433  pkR 4.80  clip 0.06  kl +0.002
upd  161  steps  331776  sps 1272  opp symm  loss +0.041  pg +0.0685  v 0.009  ev +0.95  adv_std 0.134  tR +0.20  ent[s/d/p/e] 1.98/2.45/1.11/0.51  emits 0.47  spf 72.4  z0 0.73  garr 91.9  tG 719  e2 0.10  nF 4.7  pS 0.33  ptS 0.32  fLog 0.63  pdΔ -0.1700  pkR 6.50  clip 0.11  kl +0.004
upd  162  steps  333824  sps 1277  opp symm  loss +0.017  pg +0.0440  v 0.009  ev +0.94  adv_std 0.139  tR -0.20  ent[s/d/p/e] 2.08/2.50/1.14/0.51  emits 0.47  spf 69.9  z0 0.74  garr 95.7  tG 746  e2 0.10  nF 4.6  pS 0.35  ptS 0.34  fLog 0.63  pdΔ -0.1455  pkR 8.00  clip 0.08  kl +0.005
upd  163  steps  335872  sps 1282  opp symm  loss +0.003  pg +0.0297  v 0.009  ev +0.94  adv_std 0.132  tR +0.56  ent[s/d/p/e] 2.06/2.50/1.13/0.48  emits 0.46  spf 71.5  z0 0.77  garr 91.2  tG 662  e2 0.09  nF 4.6  pS 0.34  ptS 0.33  fLog 0.64  pdΔ -0.1558  pkR 4.49  clip 0.07  kl +0.002
upd  164  steps  337920  sps 1286  opp symm  loss -0.017  pg +0.0118  v 0.007  ev +0.95  adv_std 0.116  tR +1.00  ent[s/d/p/e] 1.87/2.44/1.26/0.49  emits 0.36  spf 80.6  z0 0.77  garr 100.3  tG 716  e2 0.07  nF 3.5  pS 0.32  ptS 0.31  fLog 0.66  pdΔ -0.1766  pkR 4.75  clip 0.10  kl +0.003
upd  165  steps  339968  sps 1291  opp symm  loss -0.050  pg -0.0223  v 0.007  ev +0.95  adv_std 0.118  tR +0.00  ent[s/d/p/e] 1.91/2.41/1.24/0.50  emits 0.39  spf 80.2  z0 0.76  garr 117.2  tG 882  e2 0.07  nF 3.6  pS 0.36  ptS 0.34  fLog 0.66  pdΔ -0.1413  pkR 4.43  clip 0.08  kl +0.000
upd  166  steps  342016  sps 1296  opp symm  loss -0.031  pg -0.0021  v 0.007  ev +0.96  adv_std 0.118  tR +0.50  ent[s/d/p/e] 1.93/2.41/1.28/0.51  emits 0.39  spf 86.1  z0 0.76  garr 124.0  tG 955  e2 0.09  nF 3.7  pS 0.37  ptS 0.35  fLog 0.66  pdΔ -0.1332  pkR 4.27  clip 0.04  kl +0.001
upd  167  steps  344064  sps 1300  opp symm  loss -0.036  pg -0.0074  v 0.008  ev +0.95  adv_std 0.131  tR -0.20  ent[s/d/p/e] 2.00/2.40/1.25/0.53  emits 0.41  spf 83.1  z0 0.74  garr 114.6  tG 916  e2 0.08  nF 3.8  pS 0.38  ptS 0.36  fLog 0.66  pdΔ -0.1236  pkR 4.55  clip 0.06  kl +0.003
upd  168  steps  346112  sps 1305  opp symm  loss -0.024  pg +0.0065  v 0.005  ev +0.97  adv_std 0.100  tR +0.00  ent[s/d/p/e] 2.12/2.44/1.18/0.53  emits 0.51  spf 88.2  z0 0.72  garr 103.9  tG 871  e2 0.11  nF 4.4  pS 0.40  ptS 0.38  fLog 0.67  pdΔ -0.1029  pkR 4.01  clip 0.10  kl +0.003
upd  169  steps  348160  sps 1309  opp symm  loss -0.003  pg +0.0263  v 0.007  ev +0.95  adv_std 0.116  tR +0.60  ent[s/d/p/e] 2.18/2.50/1.13/0.52  emits 0.55  spf 81.7  z0 0.71  garr 100.2  tG 857  e2 0.11  nF 4.8  pS 0.40  ptS 0.39  fLog 0.66  pdΔ -0.0960  pkR 3.13  clip 0.09  kl +0.002
upd  170  steps  350208  sps 1314  opp symm  loss -0.056  pg -0.0280  v 0.007  ev +0.95  adv_std 0.117  tR +0.67  ent[s/d/p/e] 2.02/2.45/1.15/0.47  emits 0.48  spf 76.3  z0 0.74  garr 97.2  tG 819  e2 0.10  nF 4.6  pS 0.38  ptS 0.37  fLog 0.65  pdΔ -0.1217  pkR 4.45  clip 0.07  kl +0.003
upd  171  steps  352256  sps 1318  opp symm  loss -0.020  pg +0.0087  v 0.006  ev +0.95  adv_std 0.114  tR +0.67  ent[s/d/p/e] 2.02/2.45/1.13/0.51  emits 0.48  spf 73.3  z0 0.75  garr 97.1  tG 759  e2 0.10  nF 4.6  pS 0.35  ptS 0.34  fLog 0.64  pdΔ -0.1526  pkR 3.92  clip 0.10  kl +0.005
upd  172  steps  354304  sps 1323  opp symm  loss -0.050  pg -0.0217  v 0.006  ev +0.95  adv_std 0.111  tR -0.33  ent[s/d/p/e] 1.83/2.37/1.25/0.51  emits 0.45  spf 80.3  z0 0.73  garr 96.7  tG 759  e2 0.09  nF 3.9  pS 0.33  ptS 0.32  fLog 0.65  pdΔ -0.1686  pkR 4.23  clip 0.06  kl +0.002
upd  173  steps  356352  sps 1327  opp symm  loss -0.038  pg -0.0093  v 0.007  ev +0.94  adv_std 0.117  tR +0.33  ent[s/d/p/e] 1.87/2.37/1.26/0.52  emits 0.53  spf 70.2  z0 0.71  garr 89.3  tG 720  e2 0.10  nF 4.8  pS 0.33  ptS 0.32  fLog 0.63  pdΔ -0.1661  pkR 4.61  clip 0.06  kl +0.001
upd  174  steps  358400  sps 1332  opp symm  loss -0.032  pg -0.0024  v 0.005  ev +0.95  adv_std 0.102  tR -0.50  ent[s/d/p/e] 1.85/2.35/1.24/0.52  emits 0.44  spf 72.7  z0 0.75  garr 92.5  tG 758  e2 0.09  nF 4.6  pS 0.34  ptS 0.33  fLog 0.63  pdΔ -0.1564  pkR 4.52  clip 0.06  kl +0.003
upd  175  steps  360448  sps 1336  opp symm  loss -0.022  pg +0.0064  v 0.008  ev +0.93  adv_std 0.126  tR +0.20  ent[s/d/p/e] 1.80/2.36/1.27/0.53  emits 0.50  spf 71.8  z0 0.72  garr 92.7  tG 741  e2 0.10  nF 4.6  pS 0.34  ptS 0.33  fLog 0.64  pdΔ -0.1629  pkR 4.74  clip 0.09  kl +0.003
upd  176  steps  362496  sps 1340  opp symm  loss -0.021  pg +0.0035  v 0.012  ev +0.89  adv_std 0.158  tR +0.45  ent[s/d/p/e] 1.76/2.31/1.23/0.50  emits 0.52  spf 61.5  z0 0.72  garr 77.9  tG 597  e2 0.10  nF 4.4  pS 0.32  ptS 0.30  fLog 0.61  pdΔ -0.1844  pkR 5.41  clip 0.06  kl +0.001
upd  177  steps  364544  sps 1345  opp symm  loss -0.032  pg -0.0051  v 0.010  ev +0.92  adv_std 0.141  tR +1.00  ent[s/d/p/e] 1.75/2.32/1.27/0.55  emits 0.53  spf 60.2  z0 0.71  garr 72.9  tG 555  e2 0.11  nF 4.8  pS 0.32  ptS 0.31  fLog 0.62  pdΔ -0.1846  pkR 4.50  clip 0.12  kl +0.003
upd  178  steps  366592  sps 1349  opp symm  loss -0.028  pg -0.0021  v 0.010  ev +0.93  adv_std 0.145  tR +0.67  ent[s/d/p/e] 1.62/2.20/1.28/0.53  emits 0.43  spf 64.8  z0 0.73  garr 73.2  tG 548  e2 0.09  nF 3.9  pS 0.30  ptS 0.29  fLog 0.62  pdΔ -0.2006  pkR 5.31  clip 0.07  kl +0.002
upd  179  steps  368640  sps 1353  opp symm  loss -0.015  pg +0.0124  v 0.005  ev +0.97  adv_std 0.097  tR +0.67  ent[s/d/p/e] 1.63/2.12/1.27/0.50  emits 0.42  spf 54.1  z0 0.73  garr 63.8  tG 455  e2 0.08  nF 3.9  pS 0.28  ptS 0.27  fLog 0.60  pdΔ -0.2197  pkR 5.14  clip 0.08  kl +0.002
upd  180  steps  370688  sps 1358  opp symm  loss +0.014  pg +0.0412  v 0.006  ev +0.96  adv_std 0.107  tR -0.50  ent[s/d/p/e] 1.79/2.23/1.26/0.48  emits 0.44  spf 60.1  z0 0.75  garr 72.4  tG 512  e2 0.09  nF 4.0  pS 0.29  ptS 0.29  fLog 0.62  pdΔ -0.2092  pkR 3.59  clip 0.08  kl +0.005
upd  181  steps  372736  sps 1362  opp symm  loss -0.020  pg +0.0084  v 0.005  ev +0.97  adv_std 0.095  tR -0.33  ent[s/d/p/e] 1.67/2.14/1.28/0.49  emits 0.37  spf 62.8  z0 0.76  garr 84.2  tG 571  e2 0.06  nF 3.8  pS 0.29  ptS 0.28  fLog 0.62  pdΔ -0.2140  pkR 3.53  clip 0.07  kl +0.003
upd  182  steps  374784  sps 1366  opp symm  loss -0.007  pg +0.0196  v 0.008  ev +0.95  adv_std 0.122  tR +1.00  ent[s/d/p/e] 1.73/2.14/1.31/0.51  emits 0.34  spf 70.6  z0 0.77  garr 92.7  tG 656  e2 0.06  nF 3.1  pS 0.30  ptS 0.29  fLog 0.64  pdΔ -0.1970  pkR 3.41  clip 0.07  kl +0.005
upd  183  steps  376832  sps 1370  opp symm  loss +0.017  pg +0.0437  v 0.010  ev +0.94  adv_std 0.141  tR +0.20  ent[s/d/p/e] 1.83/2.14/1.25/0.54  emits 0.45  spf 67.6  z0 0.73  garr 95.1  tG 713  e2 0.09  nF 4.1  pS 0.32  ptS 0.31  fLog 0.63  pdΔ -0.1755  pkR 3.44  clip 0.07  kl +0.000
upd  184  steps  378880  sps 1375  opp symm  loss -0.010  pg +0.0158  v 0.009  ev +0.95  adv_std 0.133  tR +0.33  ent[s/d/p/e] 1.64/2.06/1.21/0.52  emits 0.38  spf 68.4  z0 0.74  garr 90.4  tG 688  e2 0.08  nF 3.8  pS 0.31  ptS 0.30  fLog 0.63  pdΔ -0.1866  pkR 3.81  clip 0.15  kl +0.006
upd  185  steps  380928  sps 1379  opp symm  loss -0.003  pg +0.0232  v 0.007  ev +0.96  adv_std 0.119  tR -0.14  ent[s/d/p/e] 1.63/2.05/1.16/0.50  emits 0.30  spf 68.9  z0 0.79  garr 95.6  tG 736  e2 0.05  nF 3.3  pS 0.32  ptS 0.30  fLog 0.63  pdΔ -0.1795  pkR 3.71  clip 0.05  kl +0.004