
=== [2026-06-11T08:00:04Z] v14f_binary_v1_a_p0i4_ORBITWARS_SHAPING_RELEASE_0.003_9bd17803b1 phase=a kind=probe chunk=500 env={"ORBITWARS_SHAPING_ANTI_HOARD": 0.035, "ORBITWARS_SHAPING_CAPTURE": 0.04, "ORBITWARS_SHAPING_RELEASE": 0.003, "ORBITWARS_SHAPING_RELEASE_K": 15.0, "ORBITWARS_SHAPING_PROD_SHARE_DELTA": 0.025, "ORBITWARS_SHAPING_ONE_SHIP_PENALTY": 0.025} ppo={"ent_coef_emit": 0.0225, "lr_peak": 4.5e-05} ===
[reward] kaggle-aligned: terminal +1 win/+1 tie>0/-1 loss/-1 double-wipeout; is_terminal at step >= episode_steps-2; SHAPING_SCALE=0.0; v1: KEEP_HOME=0.0 FLEET_SIZE=0.0/norm20.0; v2 (expert-replay calibrated): PROD_SHARE=0.0 PLANET_SHARE=0.0 FLEET_LOG=0.0/ref500.0/floor0.3; v3 (top10-2630ep calibrated): PROD_SHARE_DELTA=0.025 EMIT_LOG=0.0 EMIT_GATED=0.0 RELEASE=0.003/K15.0 CAPTURE=0.04; ANTI_HOARD=0.035/thresh0.6; episode_steps=500 (kaggle=500, mismatch=False)
[symmetric] Frog Parade style: same params drive BOTH players, no frozen/strong/buffer opponents, zero_sum_value=True
upd    0  steps    2048  sps 38  opp symm  loss +0.106  pg +0.1213  v 0.005  ev +0.19  adv_std 0.098  tR +0.00  ent[s/d/p/e] 0.35/1.15/1.15/0.29  emits 0.34  spf 14.5  z0 0.75  garr 15.3  tG 21  e2 0.06  nF 2.0  pS 0.07  ptS 0.07  fLog 0.41  pdΔ -0.4343  pkR 6.96  clip 0.07  kl +0.002
upd    1  steps    4096  sps 74  opp symm  loss +0.077  pg +0.0977  v 0.006  ev +0.39  adv_std 0.119  tR +0.00  ent[s/d/p/e] 0.75/1.37/1.21/0.47  emits 0.45  spf 18.8  z0 0.71  garr 22.8  tG 61  e2 0.09  nF 4.5  pS 0.11  ptS 0.11  fLog 0.43  pdΔ -0.3859  pkR 7.02  clip 0.19  kl +0.005
upd    2  steps    6144  sps 110  opp symm  loss +0.003  pg +0.0252  v 0.008  ev +0.36  adv_std 0.130  tR +1.00  ent[s/d/p/e] 1.00/1.65/1.15/0.51  emits 0.48  spf 26.2  z0 0.69  garr 30.3  tG 115  e2 0.10  nF 5.4  pS 0.15  ptS 0.14  fLog 0.47  pdΔ -0.3521  pkR 8.31  clip 0.07  kl +0.004
upd    3  steps    8192  sps 145  opp symm  loss -0.120  pg -0.0954  v 0.008  ev +0.10  adv_std 0.130  tR -1.00  ent[s/d/p/e] 1.18/1.81/1.21/0.54  emits 0.44  spf 34.2  z0 0.71  garr 40.5  tG 202  e2 0.10  nF 4.9  pS 0.19  ptS 0.18  fLog 0.50  pdΔ -0.3144  pkR 7.20  clip 0.06  kl +0.002
upd    4  steps   10240  sps 179  opp symm  loss +0.017  pg +0.0455  v 0.001  ev +0.44  adv_std 0.050  tR +0.00  ent[s/d/p/e] 1.34/1.98/1.29/0.52  emits 0.37  spf 41.6  z0 0.74  garr 52.8  tG 299  e2 0.07  nF 4.4  pS 0.22  ptS 0.21  fLog 0.54  pdΔ -0.2825  pkR 6.30  clip 0.14  kl +0.007
upd    5  steps   12288  sps 213  opp symm  loss +0.004  pg +0.0338  v 0.001  ev +0.63  adv_std 0.050  tR +0.00  ent[s/d/p/e] 1.45/2.04/1.20/0.56  emits 0.45  spf 49.8  z0 0.71  garr 59.8  tG 396  e2 0.10  nF 4.6  pS 0.25  ptS 0.25  fLog 0.55  pdΔ -0.2511  pkR 5.66  clip 0.14  kl +0.007
upd    6  steps   14336  sps 245  opp symm  loss -0.098  pg -0.0704  v 0.007  ev +0.35  adv_std 0.119  tR -0.33  ent[s/d/p/e] 1.59/2.13/1.28/0.55  emits 0.45  spf 54.5  z0 0.71  garr 64.9  tG 478  e2 0.10  nF 4.3  pS 0.28  ptS 0.27  fLog 0.57  pdΔ -0.2238  pkR 6.07  clip 0.26  kl +0.010
upd    7  steps   16384  sps 277  opp symm  loss -0.017  pg +0.0152  v 0.002  ev +0.62  adv_std 0.053  tR +0.00  ent[s/d/p/e] 1.79/2.21/1.19/0.61  emits 0.63  spf 54.3  z0 0.63  garr 62.7  tG 504  e2 0.15  nF 5.7  pS 0.32  ptS 0.31  fLog 0.56  pdΔ -0.1834  pkR 5.46  clip 0.25  kl +0.012
upd    8  steps   18432  sps 308  opp symm  loss -0.104  pg -0.0749  v 0.009  ev +0.30  adv_std 0.134  tR +0.00  ent[s/d/p/e] 1.93/2.32/1.16/0.62  emits 0.76  spf 53.1  z0 0.62  garr 58.2  tG 481  e2 0.18  nF 6.9  pS 0.33  ptS 0.33  fLog 0.56  pdΔ -0.1682  pkR 6.31  clip 0.15  kl +0.001
upd    9  steps   20480  sps 339  opp symm  loss -0.031  pg +0.0018  v 0.002  ev +0.44  adv_std 0.063  tR +1.00  ent[s/d/p/e] 1.90/2.32/1.18/0.62  emits 0.59  spf 53.1  z0 0.65  garr 62.8  tG 517  e2 0.15  nF 6.6  pS 0.35  ptS 0.34  fLog 0.56  pdΔ -0.1528  pkR 5.52  clip 0.21  kl +0.007
upd   10  steps   22528  sps 369  opp symm  loss +0.014  pg +0.0469  v 0.003  ev +0.42  adv_std 0.073  tR +1.00  ent[s/d/p/e] 1.97/2.41/1.21/0.60  emits 0.56  spf 63.4  z0 0.68  garr 73.8  tG 611  e2 0.13  nF 5.6  pS 0.37  ptS 0.36  fLog 0.59  pdΔ -0.1349  pkR 3.69  clip 0.39  kl +0.013
upd   11  steps   24576  sps 398  opp symm  loss -0.005  pg +0.0283  v 0.002  ev +0.60  adv_std 0.064  tR +1.00  ent[s/d/p/e] 2.05/2.41/1.16/0.61  emits 0.63  spf 64.8  z0 0.65  garr 73.4  tG 633  e2 0.15  nF 6.0  pS 0.38  ptS 0.37  fLog 0.59  pdΔ -0.1223  pkR 3.92  clip 0.20  kl +0.007
upd   12  steps   26624  sps 427  opp symm  loss -0.033  pg -0.0010  v 0.004  ev +0.65  adv_std 0.087  tR +1.00  ent[s/d/p/e] 2.12/2.44/1.19/0.60  emits 0.59  spf 66.1  z0 0.65  garr 75.6  tG 693  e2 0.14  nF 6.3  pS 0.41  ptS 0.40  fLog 0.60  pdΔ -0.0868  pkR 3.90  clip 0.14  kl +0.008
upd   13  steps   28672  sps 455  opp symm  loss +0.010  pg +0.0443  v 0.001  ev +0.87  adv_std 0.054  tR +0.00  ent[s/d/p/e] 2.14/2.47/1.21/0.64  emits 0.75  spf 65.3  z0 0.61  garr 74.9  tG 672  e2 0.18  nF 7.1  pS 0.42  ptS 0.40  fLog 0.60  pdΔ -0.0843  pkR 3.46  clip 0.17  kl +0.000
upd   14  steps   30720  sps 483  opp symm  loss -0.065  pg -0.0318  v 0.005  ev +0.76  adv_std 0.094  tR -1.00  ent[s/d/p/e] 2.21/2.50/1.18/0.62  emits 0.80  spf 62.7  z0 0.60  garr 69.5  tG 651  e2 0.19  nF 8.2  pS 0.44  ptS 0.43  fLog 0.58  pdΔ -0.0627  pkR 3.48  clip 0.18  kl +0.006
upd   15  steps   32768  sps 510  opp symm  loss -0.112  pg -0.1396  v 0.118  ev +0.03  adv_std 0.510  tR +0.22  ent[s/d/p/e] 2.06/2.46/1.16/0.49  emits 0.44  spf 62.7  z0 0.76  garr 54.4  tG 435  e2 0.09  nF 4.8  pS 0.29  ptS 0.28  fLog 0.59  pdΔ -0.2105  pkR 5.95  clip 0.18  kl +0.007
upd   16  steps   34816  sps 536  opp symm  loss +0.005  pg +0.0319  v 0.001  ev +0.66  adv_std 0.047  tR +0.00  ent[s/d/p/e] 1.40/2.23/1.28/0.38  emits 0.22  spf 52.7  z0 0.85  garr 45.8  tG 169  e2 0.04  nF 2.0  pS 0.13  ptS 0.13  fLog 0.57  pdΔ -0.3666  pkR 10.50  clip 0.14  kl +0.003
upd   17  steps   36864  sps 562  opp symm  loss -0.038  pg -0.0088  v 0.001  ev +0.80  adv_std 0.037  tR +0.00  ent[s/d/p/e] 1.64/2.34/1.28/0.43  emits 0.28  spf 55.6  z0 0.83  garr 61.8  tG 229  e2 0.05  nF 2.5  pS 0.17  ptS 0.16  fLog 0.57  pdΔ -0.3346  pkR 6.55  clip 0.09  kl +0.004
upd   18  steps   38912  sps 588  opp symm  loss -0.056  pg -0.0277  v 0.002  ev +0.19  adv_std 0.065  tR +1.00  ent[s/d/p/e] 1.41/2.24/1.30/0.46  emits 0.30  spf 56.2  z0 0.81  garr 61.6  tG 280  e2 0.06  nF 2.9  pS 0.19  ptS 0.19  fLog 0.58  pdΔ -0.3073  pkR 9.47  clip 0.09  kl +0.002
upd   19  steps   40960  sps 613  opp symm  loss -0.080  pg -0.0512  v 0.003  ev +0.59  adv_std 0.077  tR +0.00  ent[s/d/p/e] 1.63/2.36/1.23/0.48  emits 0.30  spf 61.9  z0 0.80  garr 70.9  tG 365  e2 0.05  nF 2.8  pS 0.22  ptS 0.21  fLog 0.59  pdΔ -0.2800  pkR 9.17  clip 0.09  kl +0.008
upd   20  steps   43008  sps 637  opp symm  loss -0.068  pg -0.0380  v 0.001  ev +0.52  adv_std 0.047  tR +1.00  ent[s/d/p/e] 1.69/2.35/1.26/0.50  emits 0.31  spf 69.0  z0 0.79  garr 75.2  tG 414  e2 0.06  nF 3.1  pS 0.24  ptS 0.24  fLog 0.61  pdΔ -0.2573  pkR 4.57  clip 0.12  kl +0.008
upd   21  steps   45056  sps 661  opp symm  loss -0.050  pg -0.0182  v 0.001  ev +0.46  adv_std 0.051  tR -1.00  ent[s/d/p/e] 1.80/2.41/1.22/0.54  emits 0.36  spf 74.2  z0 0.76  garr 75.9  tG 470  e2 0.08  nF 3.5  pS 0.27  ptS 0.26  fLog 0.63  pdΔ -0.2344  pkR 4.20  clip 0.14  kl +0.003
upd   22  steps   47104  sps 685  opp symm  loss -0.119  pg -0.0872  v 0.003  ev +0.45  adv_std 0.079  tR +0.00  ent[s/d/p/e] 1.81/2.42/1.30/0.56  emits 0.37  spf 78.6  z0 0.75  garr 77.5  tG 514  e2 0.07  nF 3.4  pS 0.29  ptS 0.28  fLog 0.63  pdΔ -0.2116  pkR 4.09  clip 0.09  kl +0.005
upd   23  steps   49152  sps 708  opp symm  loss -0.118  pg -0.0864  v 0.002  ev +0.66  adv_std 0.067  tR -1.00  ent[s/d/p/e] 1.92/2.44/1.19/0.56  emits 0.38  spf 82.4  z0 0.73  garr 83.2  tG 602  e2 0.07  nF 3.6  pS 0.32  ptS 0.31  fLog 0.64  pdΔ -0.1761  pkR 3.43  clip 0.18  kl +0.010
upd   24  steps   51200  sps 730  opp symm  loss +0.002  pg +0.0330  v 0.005  ev +0.54  adv_std 0.094  tR -0.33  ent[s/d/p/e] 2.01/2.51/1.22/0.56  emits 0.37  spf 91.7  z0 0.76  garr 88.9  tG 663  e2 0.09  nF 3.8  pS 0.34  ptS 0.33  fLog 0.66  pdΔ -0.1591  pkR 3.80  clip 0.25  kl +0.015
upd   25  steps   53248  sps 753  opp symm  loss -0.026  pg +0.0072  v 0.002  ev +0.82  adv_std 0.060  tR -1.00  ent[s/d/p/e] 1.98/2.48/1.18/0.60  emits 0.63  spf 74.3  z0 0.66  garr 76.1  tG 565  e2 0.14  nF 5.2  pS 0.35  ptS 0.34  fLog 0.62  pdΔ -0.1487  pkR 4.28  clip 0.09  kl +0.001
upd   26  steps   55296  sps 775  opp symm  loss +0.007  pg +0.0383  v 0.004  ev +0.62  adv_std 0.082  tR -0.33  ent[s/d/p/e] 2.01/2.45/1.03/0.60  emits 0.68  spf 60.3  z0 0.63  garr 66.5  tG 502  e2 0.15  nF 7.0  pS 0.36  ptS 0.35  fLog 0.59  pdΔ -0.1406  pkR 5.19  clip 0.25  kl +0.005
upd   27  steps   57344  sps 796  opp symm  loss -0.006  pg +0.0252  v 0.003  ev +0.76  adv_std 0.075  tR +1.00  ent[s/d/p/e] 2.04/2.48/0.96/0.61  emits 0.82  spf 58.3  z0 0.61  garr 62.4  tG 479  e2 0.20  nF 8.6  pS 0.37  ptS 0.36  fLog 0.58  pdΔ -0.1316  pkR 5.18  clip 0.15  kl +0.000
upd   28  steps   59392  sps 817  opp symm  loss -0.043  pg -0.0102  v 0.002  ev +0.86  adv_std 0.055  tR -1.00  ent[s/d/p/e] 2.02/2.46/0.97/0.62  emits 0.93  spf 49.4  z0 0.58  garr 54.5  tG 405  e2 0.22  nF 9.7  pS 0.37  ptS 0.37  fLog 0.56  pdΔ -0.1273  pkR 5.76  clip 0.14  kl +0.000
upd   29  steps   61440  sps 838  opp symm  loss -0.010  pg +0.0202  v 0.003  ev +0.76  adv_std 0.080  tR +0.50  ent[s/d/p/e] 1.95/2.43/0.94/0.60  emits 1.06  spf 39.1  z0 0.56  garr 45.8  tG 336  e2 0.26  nF 11.3  pS 0.37  ptS 0.36  fLog 0.53  pdΔ -0.1268  pkR 6.37  clip 0.25  kl +0.007
upd   30  steps   63488  sps 858  opp symm  loss +0.003  pg +0.0288  v 0.012  ev +0.44  adv_std 0.148  tR -0.67  ent[s/d/p/e] 2.03/2.45/0.87/0.60  emits 1.20  spf 37.0  z0 0.56  garr 45.7  tG 350  e2 0.26  nF 12.7  pS 0.39  ptS 0.38  fLog 0.52  pdΔ -0.1138  pkR 7.20  clip 0.26  kl +0.012
upd   31  steps   65536  sps 878  opp symm  loss -0.014  pg +0.0005  v 0.026  ev +0.20  adv_std 0.226  tR +0.06  ent[s/d/p/e] 1.77/2.45/1.02/0.38  emits 0.35  spf 46.0  z0 0.81  garr 51.9  tG 193  e2 0.07  nF 3.4  pS 0.17  ptS 0.16  fLog 0.56  pdΔ -0.3311  pkR 7.94  clip 0.05  kl +0.002
upd   32  steps   67584  sps 898  opp symm  loss +0.087  pg +0.1145  v 0.001  ev +0.78  adv_std 0.035  tR +0.00  ent[s/d/p/e] 1.68/2.47/1.11/0.40  emits 0.31  spf 47.7  z0 0.83  garr 66.7  tG 230  e2 0.06  nF 2.8  pS 0.17  ptS 0.17  fLog 0.56  pdΔ -0.3297  pkR 8.03  clip 0.07  kl +0.001
upd   33  steps   69632  sps 917  opp symm  loss +0.074  pg +0.1000  v 0.005  ev +0.56  adv_std 0.098  tR -0.33  ent[s/d/p/e] 1.74/2.46/1.04/0.45  emits 0.41  spf 48.9  z0 0.79  garr 73.5  tG 296  e2 0.08  nF 3.5  pS 0.20  ptS 0.20  fLog 0.56  pdΔ -0.2977  pkR 7.91  clip 0.10  kl +0.007
upd   34  steps   71680  sps 936  opp symm  loss -0.144  pg -0.1200  v 0.008  ev +0.43  adv_std 0.128  tR +0.50  ent[s/d/p/e] 1.82/2.49/1.00/0.42  emits 0.45  spf 49.2  z0 0.80  garr 79.7  tG 341  e2 0.09  nF 4.1  pS 0.21  ptS 0.22  fLog 0.56  pdΔ -0.2855  pkR 4.70  clip 0.10  kl +0.006
upd   35  steps   73728  sps 955  opp symm  loss -0.021  pg +0.0076  v 0.002  ev +0.85  adv_std 0.061  tR -1.00  ent[s/d/p/e] 1.76/2.41/0.95/0.50  emits 0.57  spf 47.0  z0 0.73  garr 69.9  tG 337  e2 0.10  nF 5.1  pS 0.24  ptS 0.24  fLog 0.55  pdΔ -0.2583  pkR 4.30  clip 0.10  kl +0.005
upd   36  steps   75776  sps 973  opp symm  loss -0.017  pg +0.0122  v 0.002  ev +0.88  adv_std 0.061  tR -1.00  ent[s/d/p/e] 1.83/2.44/0.90/0.55  emits 0.74  spf 46.5  z0 0.65  garr 55.9  tG 320  e2 0.17  nF 6.9  pS 0.28  ptS 0.29  fLog 0.56  pdΔ -0.2152  pkR 3.90  clip 0.16  kl +0.006
upd   37  steps   77824  sps 991  opp symm  loss +0.035  pg +0.0637  v 0.004  ev +0.75  adv_std 0.090  tR +0.00  ent[s/d/p/e] 1.83/2.39/0.88/0.58  emits 0.95  spf 41.3  z0 0.59  garr 47.3  tG 304  e2 0.21  nF 9.5  pS 0.32  ptS 0.32  fLog 0.54  pdΔ -0.1797  pkR 4.32  clip 0.26  kl +0.011
upd   38  steps   79872  sps 1009  opp symm  loss -0.011  pg +0.0201  v 0.003  ev +0.81  adv_std 0.071  tR +1.00  ent[s/d/p/e] 1.84/2.41/0.91/0.61  emits 0.91  spf 41.8  z0 0.60  garr 44.0  tG 318  e2 0.21  nF 10.0  pS 0.35  ptS 0.35  fLog 0.55  pdΔ -0.1537  pkR 5.23  clip 0.29  kl +0.007
upd   39  steps   81920  sps 1026  opp symm  loss -0.077  pg -0.0470  v 0.004  ev +0.79  adv_std 0.093  tR +1.00  ent[s/d/p/e] 1.84/2.38/0.93/0.60  emits 0.94  spf 46.7  z0 0.58  garr 45.1  tG 354  e2 0.22  nF 9.9  pS 0.35  ptS 0.36  fLog 0.56  pdΔ -0.1489  pkR 5.34  clip 0.13  kl +0.002
upd   40  steps   83968  sps 1044  opp symm  loss -0.013  pg +0.0165  v 0.004  ev +0.84  adv_std 0.080  tR +0.50  ent[s/d/p/e] 1.85/2.39/0.89/0.58  emits 0.97  spf 44.2  z0 0.59  garr 43.8  tG 347  e2 0.22  nF 9.6  pS 0.34  ptS 0.34  fLog 0.56  pdΔ -0.1602  pkR 11.10  clip 0.18  kl +0.005
upd   41  steps   86016  sps 1061  opp symm  loss -0.052  pg -0.0239  v 0.003  ev +0.87  adv_std 0.079  tR -0.20  ent[s/d/p/e] 1.84/2.37/0.79/0.53  emits 1.13  spf 37.6  z0 0.57  garr 39.3  tG 267  e2 0.25  nF 11.1  pS 0.32  ptS 0.32  fLog 0.52  pdΔ -0.1816  pkR 6.46  clip 0.18  kl +0.002
upd   42  steps   88064  sps 1077  opp symm  loss -0.034  pg -0.0053  v 0.002  ev +0.90  adv_std 0.066  tR +0.33  ent[s/d/p/e] 1.85/2.37/0.87/0.55  emits 1.09  spf 36.3  z0 0.59  garr 42.0  tG 257  e2 0.24  nF 11.5  pS 0.31  ptS 0.32  fLog 0.53  pdΔ -0.1852  pkR 5.47  clip 0.27  kl +0.011
upd   43  steps   90112  sps 1094  opp symm  loss +0.029  pg +0.0574  v 0.003  ev +0.92  adv_std 0.067  tR -1.00  ent[s/d/p/e] 1.80/2.31/0.82/0.53  emits 1.33  spf 33.1  z0 0.54  garr 39.4  tG 248  e2 0.29  nF 13.6  pS 0.33  ptS 0.32  fLog 0.51  pdΔ -0.1727  pkR 5.18  clip 0.11  kl +0.001
upd   44  steps   92160  sps 1110  opp symm  loss +0.008  pg +0.0323  v 0.008  ev +0.82  adv_std 0.122  tR -0.14  ent[s/d/p/e] 1.84/2.32/0.81/0.48  emits 1.36  spf 30.7  z0 0.54  garr 38.0  tG 248  e2 0.29  nF 15.1  pS 0.34  ptS 0.33  fLog 0.49  pdΔ -0.1569  pkR 5.33  clip 0.26  kl +0.012
upd   45  steps   94208  sps 1126  opp symm  loss +0.025  pg +0.0520  v 0.004  ev +0.94  adv_std 0.076  tR -0.33  ent[s/d/p/e] 1.91/2.39/0.78/0.51  emits 1.25  spf 34.6  z0 0.59  garr 39.1  tG 258  e2 0.25  nF 14.1  pS 0.34  ptS 0.33  fLog 0.52  pdΔ -0.1606  pkR 6.57  clip 0.16  kl +0.003
upd   46  steps   96256  sps 1141  opp symm  loss -0.126  pg -0.1083  v 0.020  ev +0.75  adv_std 0.212  tR +0.23  ent[s/d/p/e] 1.86/2.36/0.86/0.46  emits 0.89  spf 34.5  z0 0.69  garr 40.8  tG 207  e2 0.18  nF 9.7  pS 0.26  ptS 0.25  fLog 0.52  pdΔ -0.2424  pkR 6.21  clip 0.10  kl +0.001
upd   47  steps   98304  sps 1156  opp symm  loss +0.014  pg +0.0376  v 0.003  ev +0.89  adv_std 0.079  tR +1.00  ent[s/d/p/e] 1.45/2.20/0.86/0.40  emits 0.47  spf 35.4  z0 0.79  garr 48.4  tG 147  e2 0.10  nF 4.9  pS 0.16  ptS 0.16  fLog 0.53  pdΔ -0.3402  pkR 5.79  clip 0.08  kl +0.001
upd   48  steps  100352  sps 1171  opp symm  loss +0.130  pg +0.1543  v 0.002  ev +0.94  adv_std 0.064  tR +0.00  ent[s/d/p/e] 1.40/2.09/0.86/0.45  emits 0.49  spf 33.7  z0 0.77  garr 55.6  tG 184  e2 0.11  nF 4.9  pS 0.17  ptS 0.18  fLog 0.51  pdΔ -0.3284  pkR 5.35  clip 0.08  kl +0.003
upd   49  steps  102400  sps 1186  opp symm  loss +0.020  pg +0.0447  v 0.004  ev +0.90  adv_std 0.091  tR +0.00  ent[s/d/p/e] 1.44/2.15/0.87/0.48  emits 0.56  spf 33.2  z0 0.74  garr 56.9  tG 209  e2 0.12  nF 5.5  pS 0.20  ptS 0.20  fLog 0.51  pdΔ -0.3012  pkR 6.72  clip 0.09  kl +0.005
upd   50  steps  104448  sps 1201  opp symm  loss +0.086  pg +0.1114  v 0.006  ev +0.90  adv_std 0.105  tR -1.00  ent[s/d/p/e] 1.51/2.26/0.88/0.52  emits 0.75  spf 33.7  z0 0.66  garr 53.0  tG 216  e2 0.17  nF 7.4  pS 0.22  ptS 0.22  fLog 0.51  pdΔ -0.2753  pkR 4.73  clip 0.09  kl +0.003
upd   51  steps  106496  sps 1216  opp symm  loss +0.007  pg +0.0339  v 0.004  ev +0.95  adv_std 0.085  tR +1.00  ent[s/d/p/e] 1.61/2.29/0.83/0.53  emits 1.08  spf 29.6  z0 0.58  garr 43.7  tG 200  e2 0.23  nF 11.4  pS 0.26  ptS 0.26  fLog 0.49  pdΔ -0.2392  pkR 5.06  clip 0.20  kl +0.008
upd   52  steps  108544  sps 1230  opp symm  loss -0.021  pg +0.0060  v 0.004  ev +0.96  adv_std 0.089  tR -0.33  ent[s/d/p/e] 1.67/2.32/0.81/0.54  emits 1.11  spf 30.2  z0 0.59  garr 41.8  tG 213  e2 0.24  nF 13.1  pS 0.28  ptS 0.28  fLog 0.50  pdΔ -0.2173  pkR 4.95  clip 0.14  kl +0.002
upd   53  steps  110592  sps 1244  opp symm  loss -0.003  pg +0.0224  v 0.007  ev +0.94  adv_std 0.115  tR +0.33  ent[s/d/p/e] 1.65/2.31/0.80/0.52  emits 1.00  spf 33.6  z0 0.61  garr 43.7  tG 225  e2 0.21  nF 12.3  pS 0.27  ptS 0.27  fLog 0.51  pdΔ -0.2267  pkR 3.97  clip 0.14  kl +0.002
upd   54  steps  112640  sps 1258  opp symm  loss +0.000  pg +0.0275  v 0.003  ev +0.97  adv_std 0.075  tR -0.33  ent[s/d/p/e] 1.69/2.33/0.81/0.53  emits 0.96  spf 37.2  z0 0.62  garr 42.0  tG 214  e2 0.21  nF 11.3  pS 0.26  ptS 0.26  fLog 0.53  pdΔ -0.2376  pkR 4.23  clip 0.18  kl +0.003
upd   55  steps  114688  sps 1272  opp symm  loss -0.005  pg +0.0207  v 0.005  ev +0.96  adv_std 0.095  tR -0.50  ent[s/d/p/e] 1.62/2.27/0.78/0.53  emits 1.23  spf 31.0  z0 0.55  garr 35.9  tG 186  e2 0.26  nF 12.0  pS 0.27  ptS 0.27  fLog 0.50  pdΔ -0.2294  pkR 5.00  clip 0.12  kl +0.005
upd   56  steps  116736  sps 1285  opp symm  loss +0.041  pg +0.0656  v 0.006  ev +0.96  adv_std 0.107  tR -0.67  ent[s/d/p/e] 1.66/2.27/0.78/0.50  emits 1.40  spf 27.9  z0 0.54  garr 32.5  tG 166  e2 0.29  nF 15.2  pS 0.28  ptS 0.28  fLog 0.49  pdΔ -0.2236  pkR 6.92  clip 0.14  kl +0.004
upd   57  steps  118784  sps 1298  opp symm  loss +0.006  pg +0.0305  v 0.005  ev +0.96  adv_std 0.100  tR -0.20  ent[s/d/p/e] 1.63/2.29/0.74/0.48  emits 1.20  spf 27.2  z0 0.60  garr 35.7  tG 203  e2 0.25  nF 13.8  pS 0.27  ptS 0.27  fLog 0.49  pdΔ -0.2306  pkR 18.81  clip 0.11  kl +0.001
upd   58  steps  120832  sps 1311  opp symm  loss +0.080  pg +0.1055  v 0.004  ev +0.97  adv_std 0.089  tR -0.33  ent[s/d/p/e] 1.65/2.29/0.78/0.49  emits 1.16  spf 27.4  z0 0.62  garr 38.3  tG 180  e2 0.24  nF 13.2  pS 0.26  ptS 0.26  fLog 0.49  pdΔ -0.2405  pkR 12.07  clip 0.18  kl +0.008
upd   59  steps  122880  sps 1324  opp symm  loss +0.037  pg +0.0612  v 0.006  ev +0.96  adv_std 0.107  tR -0.20  ent[s/d/p/e] 1.63/2.25/0.77/0.50  emits 1.07  spf 27.9  z0 0.63  garr 41.5  tG 210  e2 0.22  nF 12.2  pS 0.26  ptS 0.26  fLog 0.49  pdΔ -0.2391  pkR 11.39  clip 0.20  kl +0.000
upd   60  steps  124928  sps 1337  opp symm  loss -0.004  pg +0.0209  v 0.006  ev +0.96  adv_std 0.114  tR -0.14  ent[s/d/p/e] 1.60/2.23/0.84/0.49  emits 1.06  spf 28.2  z0 0.62  garr 43.4  tG 195  e2 0.21  nF 11.1  pS 0.24  ptS 0.24  fLog 0.49  pdΔ -0.2621  pkR 4.58  clip 0.15  kl +0.001
upd   61  steps  126976  sps 1350  opp symm  loss +0.038  pg +0.0616  v 0.007  ev +0.95  adv_std 0.119  tR -0.60  ent[s/d/p/e] 1.64/2.27/0.83/0.49  emits 1.04  spf 31.7  z0 0.62  garr 45.4  tG 199  e2 0.22  nF 11.4  pS 0.25  ptS 0.24  fLog 0.50  pdΔ -0.2535  pkR 3.86  clip 0.11  kl -0.001
upd   62  steps  129024  sps 1362  opp symm  loss -0.018  pg +0.0065  v 0.006  ev +0.95  adv_std 0.109  tR -0.33  ent[s/d/p/e] 1.71/2.33/0.87/0.47  emits 0.81  spf 33.4  z0 0.69  garr 46.3  tG 188  e2 0.16  nF 8.5  pS 0.23  ptS 0.22  fLog 0.52  pdΔ -0.2729  pkR 4.88  clip 0.09  kl +0.003
upd   63  steps  131072  sps 1374  opp symm  loss +0.131  pg +0.1568  v 0.006  ev +0.95  adv_std 0.112  tR +0.00  ent[s/d/p/e] 1.72/2.38/0.89/0.50  emits 0.84  spf 34.1  z0 0.67  garr 46.1  tG 203  e2 0.17  nF 9.1  pS 0.24  ptS 0.23  fLog 0.52  pdΔ -0.2596  pkR 4.45  clip 0.10  kl +0.004
upd   64  steps  133120  sps 1386  opp symm  loss -0.008  pg +0.0166  v 0.008  ev +0.94  adv_std 0.127  tR -0.33  ent[s/d/p/e] 1.65/2.32/0.88/0.51  emits 0.87  spf 33.9  z0 0.64  garr 44.7  tG 218  e2 0.18  nF 9.1  pS 0.25  ptS 0.25  fLog 0.52  pdΔ -0.2464  pkR 6.03  clip 0.09  kl +0.003
upd   65  steps  135168  sps 1398  opp symm  loss +0.002  pg +0.0267  v 0.008  ev +0.93  adv_std 0.129  tR -1.00  ent[s/d/p/e] 1.62/2.29/0.83/0.52  emits 0.93  spf 31.4  z0 0.64  garr 42.6  tG 225  e2 0.20  nF 9.0  pS 0.25  ptS 0.25  fLog 0.51  pdΔ -0.2505  pkR 11.52  clip 0.11  kl +0.002
upd   66  steps  137216  sps 1410  opp symm  loss +0.031  pg +0.0574  v 0.005  ev +0.96  adv_std 0.096  tR +0.00  ent[s/d/p/e] 1.61/2.27/0.78/0.53  emits 0.93  spf 32.4  z0 0.62  garr 41.4  tG 237  e2 0.20  nF 9.9  pS 0.27  ptS 0.27  fLog 0.52  pdΔ -0.2311  pkR 12.04  clip 0.11  kl +0.002
upd   67  steps  139264  sps 1421  opp symm  loss +0.015  pg +0.0418  v 0.005  ev +0.96  adv_std 0.104  tR +0.50  ent[s/d/p/e] 1.70/2.32/0.80/0.54  emits 0.98  spf 32.5  z0 0.60  garr 41.5  tG 229  e2 0.20  nF 10.2  pS 0.27  ptS 0.27  fLog 0.52  pdΔ -0.2258  pkR 7.79  clip 0.22  kl +0.011
upd   68  steps  141312  sps 1433  opp symm  loss +0.030  pg +0.0569  v 0.006  ev +0.95  adv_std 0.107  tR +0.33  ent[s/d/p/e] 1.72/2.34/0.83/0.54  emits 0.97  spf 34.6  z0 0.60  garr 38.5  tG 221  e2 0.20  nF 9.6  pS 0.27  ptS 0.27  fLog 0.52  pdΔ -0.2251  pkR 5.95  clip 0.18  kl +0.006
upd   69  steps  143360  sps 1444  opp symm  loss -0.006  pg +0.0212  v 0.005  ev +0.96  adv_std 0.095  tR -0.67  ent[s/d/p/e] 1.76/2.36/0.79/0.53  emits 0.87  spf 35.3  z0 0.64  garr 39.2  tG 240  e2 0.18  nF 9.7  pS 0.29  ptS 0.29  fLog 0.53  pdΔ -0.2083  pkR 8.53  clip 0.17  kl +0.005
upd   70  steps  145408  sps 1455  opp symm  loss +0.057  pg +0.0846  v 0.005  ev +0.96  adv_std 0.096  tR +0.00  ent[s/d/p/e] 1.86/2.42/0.80/0.53  emits 1.06  spf 36.6  z0 0.60  garr 40.5  tG 244  e2 0.22  nF 10.5  pS 0.31  ptS 0.30  fLog 0.53  pdΔ -0.1896  pkR 3.84  clip 0.14  kl +0.004
upd   71  steps  147456  sps 1466  opp symm  loss +0.024  pg +0.0501  v 0.005  ev +0.96  adv_std 0.099  tR -0.60  ent[s/d/p/e] 1.82/2.38/0.77/0.53  emits 1.03  spf 34.5  z0 0.61  garr 38.7  tG 249  e2 0.21  nF 11.0  pS 0.32  ptS 0.32  fLog 0.52  pdΔ -0.1781  pkR 8.59  clip 0.13  kl +0.006
upd   72  steps  149504  sps 1477  opp symm  loss -0.013  pg +0.0136  v 0.006  ev +0.95  adv_std 0.113  tR +0.33  ent[s/d/p/e] 1.78/2.38/0.82/0.54  emits 0.99  spf 33.9  z0 0.61  garr 40.3  tG 259  e2 0.21  nF 10.5  pS 0.31  ptS 0.30  fLog 0.53  pdΔ -0.1911  pkR 15.62  clip 0.12  kl +0.003
upd   73  steps  151552  sps 1488  opp symm  loss +0.080  pg +0.1054  v 0.007  ev +0.95  adv_std 0.115  tR -0.60  ent[s/d/p/e] 1.78/2.39/0.82/0.51  emits 0.96  spf 31.2  z0 0.63  garr 38.9  tG 218  e2 0.19  nF 9.9  pS 0.29  ptS 0.29  fLog 0.51  pdΔ -0.2087  pkR 6.31  clip 0.24  kl +0.012
upd   74  steps  153600  sps 1498  opp symm  loss -0.008  pg +0.0162  v 0.007  ev +0.94  adv_std 0.119  tR +0.00  ent[s/d/p/e] 1.69/2.31/0.77/0.51  emits 1.10  spf 27.9  z0 0.60  garr 36.7  tG 265  e2 0.24  nF 10.4  pS 0.31  ptS 0.30  fLog 0.49  pdΔ -0.1928  pkR 12.64  clip 0.22  kl +0.002
upd   75  steps  155648  sps 1509  opp symm  loss -0.048  pg -0.0215  v 0.004  ev +0.97  adv_std 0.085  tR +0.71  ent[s/d/p/e] 1.72/2.35/0.78/0.52  emits 0.99  spf 29.6  z0 0.62  garr 37.4  tG 227  e2 0.21  nF 11.2  pS 0.29  ptS 0.29  fLog 0.50  pdΔ -0.2107  pkR 15.31  clip 0.08  kl +0.002
upd   76  steps  157696  sps 1519  opp symm  loss +0.020  pg +0.0446  v 0.006  ev +0.93  adv_std 0.106  tR +0.00  ent[s/d/p/e] 1.68/2.32/0.72/0.50  emits 1.07  spf 28.5  z0 0.62  garr 35.5  tG 177  e2 0.22  nF 10.5  pS 0.27  ptS 0.26  fLog 0.49  pdΔ -0.2316  pkR 6.59  clip 0.24  kl +0.010
upd   77  steps  159744  sps 1529  opp symm  loss -0.055  pg -0.0340  v 0.013  ev +0.82  adv_std 0.163  tR +0.47  ent[s/d/p/e] 1.69/2.36/0.74/0.48  emits 1.19  spf 26.2  z0 0.61  garr 35.1  tG 170  e2 0.23  nF 11.3  pS 0.27  ptS 0.26  fLog 0.49  pdΔ -0.2317  pkR 7.09  clip 0.11  kl +0.003
upd   78  steps  161792  sps 1539  opp symm  loss +0.027  pg +0.0532  v 0.005  ev +0.90  adv_std 0.091  tR +0.00  ent[s/d/p/e] 1.55/2.34/0.78/0.52  emits 0.94  spf 32.2  z0 0.65  garr 38.9  tG 168  e2 0.19  nF 9.1  pS 0.23  ptS 0.23  fLog 0.51  pdΔ -0.2697  pkR 7.34  clip 0.20  kl +0.005
upd   79  steps  163840  sps 1549  opp symm  loss -0.003  pg +0.0221  v 0.006  ev +0.91  adv_std 0.113  tR -1.00  ent[s/d/p/e] 1.59/2.35/0.80/0.52  emits 1.17  spf 28.7  z0 0.57  garr 32.5  tG 161  e2 0.24  nF 11.8  pS 0.26  ptS 0.26  fLog 0.50  pdΔ -0.2389  pkR 4.66  clip 0.21  kl +0.011
upd   80  steps  165888  sps 1559  opp symm  loss +0.016  pg +0.0430  v 0.005  ev +0.94  adv_std 0.101  tR -1.00  ent[s/d/p/e] 1.69/2.40/0.78/0.54  emits 1.16  spf 31.2  z0 0.57  garr 31.9  tG 187  e2 0.24  nF 12.7  pS 0.29  ptS 0.29  fLog 0.52  pdΔ -0.2086  pkR 4.67  clip 0.15  kl +0.005
upd   81  steps  167936  sps 1569  opp symm  loss +0.019  pg +0.0448  v 0.007  ev +0.93  adv_std 0.121  tR -1.00  ent[s/d/p/e] 1.72/2.37/0.80/0.54  emits 1.11  spf 33.9  z0 0.59  garr 34.6  tG 232  e2 0.23  nF 12.3  pS 0.31  ptS 0.31  fLog 0.52  pdΔ -0.1914  pkR 6.34  clip 0.12  kl +0.008
upd   82  steps  169984  sps 1578  opp symm  loss -0.002  pg +0.0245  v 0.008  ev +0.93  adv_std 0.122  tR +0.60  ent[s/d/p/e] 1.67/2.37/0.88/0.57  emits 0.99  spf 35.7  z0 0.59  garr 34.6  tG 217  e2 0.21  nF 10.9  pS 0.29  ptS 0.29  fLog 0.53  pdΔ -0.2141  pkR 5.09  clip 0.09  kl +0.001
upd   83  steps  172032  sps 1588  opp symm  loss -0.021  pg +0.0079  v 0.004  ev +0.97  adv_std 0.087  tR -1.00  ent[s/d/p/e] 1.75/2.41/0.91/0.57  emits 0.98  spf 39.5  z0 0.59  garr 34.3  tG 223  e2 0.21  nF 9.7  pS 0.29  ptS 0.28  fLog 0.55  pdΔ -0.2140  pkR 4.01  clip 0.06  kl +0.001
upd   84  steps  174080  sps 1597  opp symm  loss -0.043  pg -0.0136  v 0.003  ev +0.98  adv_std 0.076  tR +0.20  ent[s/d/p/e] 1.74/2.40/0.93/0.57  emits 0.95  spf 42.3  z0 0.60  garr 36.7  tG 247  e2 0.21  nF 9.0  pS 0.30  ptS 0.29  fLog 0.56  pdΔ -0.2030  pkR 4.85  clip 0.11  kl +0.006
upd   85  steps  176128  sps 1606  opp symm  loss -0.055  pg -0.0276  v 0.007  ev +0.93  adv_std 0.118  tR +0.11  ent[s/d/p/e] 1.68/2.40/0.97/0.57  emits 0.90  spf 42.8  z0 0.62  garr 36.9  tG 250  e2 0.20  nF 7.9  pS 0.28  ptS 0.28  fLog 0.56  pdΔ -0.2213  pkR 11.25  clip 0.14  kl +0.003
upd   86  steps  178176  sps 1616  opp symm  loss +0.020  pg +0.0473  v 0.007  ev +0.92  adv_std 0.120  tR -0.20  ent[s/d/p/e] 1.70/2.37/0.95/0.58  emits 0.97  spf 41.2  z0 0.59  garr 34.9  tG 222  e2 0.22  nF 8.3  pS 0.28  ptS 0.28  fLog 0.56  pdΔ -0.2217  pkR 7.59  clip 0.10  kl +0.001
upd   87  steps  180224  sps 1625  opp symm  loss -0.022  pg +0.0060  v 0.006  ev +0.94  adv_std 0.110  tR +0.00  ent[s/d/p/e] 1.73/2.40/0.98/0.56  emits 0.86  spf 44.4  z0 0.61  garr 37.9  tG 241  e2 0.20  nF 8.2  pS 0.29  ptS 0.29  fLog 0.57  pdΔ -0.2071  pkR 4.94  clip 0.08  kl +0.000
upd   88  steps  182272  sps 1633  opp symm  loss -0.073  pg -0.0455  v 0.006  ev +0.94  adv_std 0.111  tR +0.20  ent[s/d/p/e] 1.78/2.41/0.99/0.55  emits 0.78  spf 43.8  z0 0.65  garr 42.3  tG 269  e2 0.18  nF 7.1  pS 0.29  ptS 0.28  fLog 0.57  pdΔ -0.2086  pkR 7.57  clip 0.17  kl +0.009
upd   89  steps  184320  sps 1642  opp symm  loss -0.010  pg +0.0194  v 0.003  ev +0.96  adv_std 0.081  tR +0.33  ent[s/d/p/e] 1.77/2.40/1.02/0.56  emits 0.82  spf 46.8  z0 0.64  garr 42.7  tG 267  e2 0.18  nF 6.9  pS 0.29  ptS 0.28  fLog 0.58  pdΔ -0.2126  pkR 7.36  clip 0.13  kl +0.006
upd   90  steps  186368  sps 1651  opp symm  loss -0.031  pg -0.0032  v 0.008  ev +0.92  adv_std 0.126  tR +0.00  ent[s/d/p/e] 1.87/2.46/1.08/0.56  emits 0.86  spf 46.0  z0 0.64  garr 41.8  tG 269  e2 0.20  nF 7.4  pS 0.30  ptS 0.29  fLog 0.58  pdΔ -0.2040  pkR 6.49  clip 0.10  kl +0.005
upd   91  steps  188416  sps 1660  opp symm  loss -0.071  pg -0.0414  v 0.004  ev +0.96  adv_std 0.091  tR -0.33  ent[s/d/p/e] 1.84/2.42/1.09/0.56  emits 0.82  spf 49.1  z0 0.65  garr 44.5  tG 301  e2 0.18  nF 7.4  pS 0.30  ptS 0.30  fLog 0.59  pdΔ -0.1957  pkR 6.33  clip 0.10  kl +0.001
upd   92  steps  190464  sps 1668  opp symm  loss +0.038  pg +0.0671  v 0.004  ev +0.95  adv_std 0.089  tR +1.00  ent[s/d/p/e] 1.80/2.40/1.08/0.55  emits 0.77  spf 48.6  z0 0.65  garr 47.2  tG 298  e2 0.17  nF 7.2  pS 0.29  ptS 0.29  fLog 0.59  pdΔ -0.2055  pkR 6.71  clip 0.14  kl +0.004
upd   93  steps  192512  sps 1676  opp symm  loss -0.038  pg -0.0110  v 0.007  ev +0.93  adv_std 0.120  tR +0.50  ent[s/d/p/e] 1.75/2.38/1.01/0.52  emits 0.73  spf 44.1  z0 0.67  garr 47.1  tG 268  e2 0.16  nF 7.2  pS 0.27  ptS 0.26  fLog 0.57  pdΔ -0.2289  pkR 4.06  clip 0.16  kl +0.002
upd   94  steps  194560  sps 1685  opp symm  loss -0.004  pg +0.0239  v 0.006  ev +0.95  adv_std 0.105  tR -1.00  ent[s/d/p/e] 1.74/2.39/1.05/0.54  emits 0.78  spf 42.5  z0 0.67  garr 49.9  tG 269  e2 0.17  nF 7.5  pS 0.27  ptS 0.26  fLog 0.57  pdΔ -0.2276  pkR 4.07  clip 0.14  kl +0.002
upd   95  steps  196608  sps 1693  opp symm  loss +0.002  pg +0.0306  v 0.005  ev +0.96  adv_std 0.104  tR +0.20  ent[s/d/p/e] 1.69/2.39/1.06/0.56  emits 0.82  spf 42.8  z0 0.65  garr 47.2  tG 255  e2 0.18  nF 7.5  pS 0.27  ptS 0.27  fLog 0.57  pdΔ -0.2274  pkR 4.58  clip 0.09  kl +0.002
upd   96  steps  198656  sps 1701  opp symm  loss -0.019  pg +0.0099  v 0.005  ev +0.96  adv_std 0.095  tR +0.20  ent[s/d/p/e] 1.83/2.45/1.04/0.54  emits 0.71  spf 40.3  z0 0.67  garr 50.3  tG 284  e2 0.15  nF 7.6  pS 0.28  ptS 0.28  fLog 0.56  pdΔ -0.2157  pkR 4.21  clip 0.24  kl +0.008
upd   97  steps  200704  sps 1709  opp symm  loss -0.002  pg +0.0276  v 0.005  ev +0.96  adv_std 0.098  tR -1.00  ent[s/d/p/e] 1.82/2.38/1.03/0.58  emits 0.90  spf 40.1  z0 0.61  garr 47.8  tG 277  e2 0.20  nF 8.5  pS 0.29  ptS 0.29  fLog 0.56  pdΔ -0.2074  pkR 4.82  clip 0.16  kl +0.002
upd   98  steps  202752  sps 1717  opp symm  loss -0.048  pg -0.0181  v 0.004  ev +0.97  adv_std 0.089  tR +0.00  ent[s/d/p/e] 1.87/2.39/0.99/0.57  emits 0.92  spf 39.1  z0 0.61  garr 43.5  tG 277  e2 0.20  nF 10.0  pS 0.33  ptS 0.32  fLog 0.55  pdΔ -0.1729  pkR 4.95  clip 0.10  kl +0.003
[eval_vs_v20] u99 tag=train_u99  bin0=0.0%  spf=0.00  garr=128.50  flip=0.00%  z0=71.9%  e8=0.0%  e2+=0.0%  WLD=0/3/0
upd   99  steps  204800  sps 1725  opp symm  loss +0.009  pg +0.0369  v 0.009  ev +0.94  adv_std 0.138  tR +0.14  ent[s/d/p/e] 1.99/2.44/0.99/0.57  emits 1.00  spf 38.8  z0 0.60  garr 45.1  tG 306  e2 0.22  nF 10.7  pS 0.36  ptS 0.35  fLog 0.55  pdΔ -0.1435  pkR 7.94  clip 0.15  kl +0.008 WRr 0.16 v20[spf 0.0 flip 0.0% e2+ 0.0%]
upd  100  steps  206848  sps 957  opp symm  loss +0.036  pg +0.0654  v 0.005  ev +0.96  adv_std 0.102  tR +0.00  ent[s/d/p/e] 1.92/2.41/0.99/0.57  emits 1.08  spf 38.0  z0 0.57  garr 39.7  tG 265  e2 0.23  nF 10.8  pS 0.34  ptS 0.33  fLog 0.55  pdΔ -0.1580  pkR 4.44  clip 0.14  kl +0.004
upd  101  steps  208896  sps 964  opp symm  loss +0.018  pg +0.0467  v 0.006  ev +0.94  adv_std 0.114  tR +0.60  ent[s/d/p/e] 1.88/2.43/1.04/0.55  emits 0.92  spf 41.1  z0 0.62  garr 39.9  tG 258  e2 0.20  nF 9.2  pS 0.31  ptS 0.31  fLog 0.57  pdΔ -0.1867  pkR 6.20  clip 0.16  kl +0.004
upd  102  steps  210944  sps 971  opp symm  loss -0.025  pg -0.0005  v 0.013  ev +0.89  adv_std 0.161  tR +1.00  ent[s/d/p/e] 1.93/2.44/0.90/0.54  emits 0.91  spf 38.8  z0 0.64  garr 41.9  tG 282  e2 0.19  nF 9.6  pS 0.33  ptS 0.33  fLog 0.55  pdΔ -0.1673  pkR 8.67  clip 0.11  kl +0.004
upd  103  steps  212992  sps 977  opp symm  loss -0.003  pg +0.0253  v 0.005  ev +0.95  adv_std 0.100  tR +1.00  ent[s/d/p/e] 1.81/2.46/1.00/0.53  emits 0.66  spf 40.3  z0 0.69  garr 50.3  tG 319  e2 0.14  nF 7.8  pS 0.31  ptS 0.31  fLog 0.56  pdΔ -0.1882  pkR 7.73  clip 0.06  kl +0.002
upd  104  steps  215040  sps 984  opp symm  loss -0.028  pg -0.0010  v 0.006  ev +0.94  adv_std 0.109  tR +0.00  ent[s/d/p/e] 1.78/2.45/1.03/0.50  emits 0.61  spf 44.6  z0 0.71  garr 52.0  tG 275  e2 0.12  nF 6.2  pS 0.27  ptS 0.27  fLog 0.58  pdΔ -0.2306  pkR 4.17  clip 0.06  kl +0.003
upd  105  steps  217088  sps 990  opp symm  loss +0.002  pg +0.0315  v 0.004  ev +0.95  adv_std 0.086  tR +0.00  ent[s/d/p/e] 1.71/2.43/1.07/0.54  emits 0.71  spf 44.1  z0 0.67  garr 51.8  tG 268  e2 0.15  nF 6.4  pS 0.27  ptS 0.27  fLog 0.58  pdΔ -0.2321  pkR 3.43  clip 0.10  kl +0.003
upd  106  steps  219136  sps 996  opp symm  loss -0.008  pg +0.0203  v 0.005  ev +0.93  adv_std 0.103  tR -0.60  ent[s/d/p/e] 1.72/2.44/1.02/0.56  emits 0.73  spf 43.5  z0 0.66  garr 50.3  tG 289  e2 0.16  nF 6.6  pS 0.29  ptS 0.29  fLog 0.58  pdΔ -0.2069  pkR 2.93  clip 0.17  kl +0.002
upd  107  steps  221184  sps 1003  opp symm  loss -0.028  pg +0.0017  v 0.005  ev +0.93  adv_std 0.104  tR +0.33  ent[s/d/p/e] 1.83/2.48/1.03/0.57  emits 0.92  spf 46.7  z0 0.60  garr 52.0  tG 329  e2 0.20  nF 7.8  pS 0.33  ptS 0.33  fLog 0.59  pdΔ -0.1671  pkR 3.35  clip 0.12  kl +0.002
upd  108  steps  223232  sps 1009  opp symm  loss -0.013  pg +0.0158  v 0.005  ev +0.94  adv_std 0.105  tR -0.33  ent[s/d/p/e] 1.87/2.44/0.97/0.57  emits 0.97  spf 44.5  z0 0.61  garr 50.2  tG 339  e2 0.21  nF 9.1  pS 0.35  ptS 0.35  fLog 0.58  pdΔ -0.1522  pkR 3.57  clip 0.13  kl +0.005
upd  109  steps  225280  sps 1015  opp symm  loss +0.048  pg +0.0773  v 0.005  ev +0.94  adv_std 0.095  tR -0.50  ent[s/d/p/e] 1.88/2.49/1.01/0.56  emits 0.76  spf 50.1  z0 0.65  garr 54.9  tG 380  e2 0.17  nF 8.2  pS 0.35  ptS 0.35  fLog 0.59  pdΔ -0.1496  pkR 4.71  clip 0.21  kl +0.004
upd  110  steps  227328  sps 1022  opp symm  loss +0.013  pg +0.0405  v 0.008  ev +0.90  adv_std 0.127  tR -0.33  ent[s/d/p/e] 1.86/2.45/0.98/0.58  emits 1.09  spf 47.6  z0 0.57  garr 50.9  tG 348  e2 0.23  nF 9.6  pS 0.36  ptS 0.36  fLog 0.58  pdΔ -0.1384  pkR 4.80  clip 0.10  kl +0.003
upd  111  steps  229376  sps 1028  opp symm  loss -0.038  pg -0.0105  v 0.007  ev +0.92  adv_std 0.119  tR -0.50  ent[s/d/p/e] 1.84/2.39/0.94/0.59  emits 1.15  spf 42.3  z0 0.54  garr 42.7  tG 306  e2 0.25  nF 11.1  pS 0.36  ptS 0.36  fLog 0.57  pdΔ -0.1359  pkR 4.76  clip 0.16  kl +0.007
upd  112  steps  231424  sps 1034  opp symm  loss -0.041  pg -0.0120  v 0.006  ev +0.93  adv_std 0.110  tR -0.43  ent[s/d/p/e] 1.83/2.39/0.97/0.59  emits 1.18  spf 40.7  z0 0.55  garr 38.6  tG 293  e2 0.26  nF 11.5  pS 0.36  ptS 0.36  fLog 0.56  pdΔ -0.1420  pkR 7.22  clip 0.21  kl +0.006
upd  113  steps  233472  sps 1040  opp symm  loss -0.008  pg +0.0216  v 0.004  ev +0.94  adv_std 0.090  tR +1.00  ent[s/d/p/e] 1.82/2.37/1.00/0.58  emits 1.17  spf 39.0  z0 0.54  garr 37.3  tG 310  e2 0.26  nF 11.3  pS 0.36  ptS 0.36  fLog 0.56  pdΔ -0.1427  pkR 14.38  clip 0.18  kl +0.003
upd  114  steps  235520  sps 1046  opp symm  loss -0.018  pg +0.0102  v 0.007  ev +0.90  adv_std 0.120  tR +0.00  ent[s/d/p/e] 1.77/2.31/1.02/0.60  emits 1.28  spf 38.4  z0 0.51  garr 34.5  tG 261  e2 0.28  nF 11.9  pS 0.36  ptS 0.35  fLog 0.55  pdΔ -0.1444  pkR 4.44  clip 0.18  kl +0.002
upd  115  steps  237568  sps 1052  opp symm  loss -0.066  pg -0.0393  v 0.010  ev +0.89  adv_std 0.137  tR +0.50  ent[s/d/p/e] 1.87/2.37/1.04/0.58  emits 1.27  spf 35.9  z0 0.52  garr 32.2  tG 245  e2 0.28  nF 12.1  pS 0.36  ptS 0.35  fLog 0.55  pdΔ -0.1446  pkR 4.81  clip 0.26  kl +0.004
upd  116  steps  239616  sps 1058  opp symm  loss -0.028  pg -0.0014  v 0.010  ev +0.87  adv_std 0.139  tR -0.11  ent[s/d/p/e] 1.81/2.34/1.02/0.57  emits 0.90  spf 39.7  z0 0.60  garr 34.7  tG 253  e2 0.21  nF 10.2  pS 0.33  ptS 0.33  fLog 0.56  pdΔ -0.1718  pkR 5.14  clip 0.12  kl +0.003
upd  117  steps  241664  sps 1064  opp symm  loss -0.008  pg +0.0209  v 0.006  ev +0.88  adv_std 0.105  tR +1.00  ent[s/d/p/e] 1.74/2.30/1.02/0.58  emits 0.76  spf 44.8  z0 0.63  garr 40.7  tG 277  e2 0.18  nF 7.3  pS 0.30  ptS 0.30  fLog 0.58  pdΔ -0.2017  pkR 6.63  clip 0.11  kl +0.003
upd  118  steps  243712  sps 1070  opp symm  loss -0.022  pg +0.0041  v 0.009  ev +0.79  adv_std 0.136  tR +0.33  ent[s/d/p/e] 1.72/2.34/1.06/0.57  emits 0.63  spf 49.3  z0 0.67  garr 49.1  tG 329  e2 0.13  nF 6.2  pS 0.29  ptS 0.29  fLog 0.59  pdΔ -0.2092  pkR 6.07  clip 0.09  kl +0.001
upd  119  steps  245760  sps 1076  opp symm  loss -0.030  pg -0.0012  v 0.006  ev +0.88  adv_std 0.116  tR -0.33  ent[s/d/p/e] 1.73/2.38/1.11/0.57  emits 0.58  spf 55.8  z0 0.69  garr 55.1  tG 375  e2 0.12  nF 5.6  pS 0.29  ptS 0.29  fLog 0.60  pdΔ -0.2132  pkR 6.57  clip 0.08  kl +0.004
upd  120  steps  247808  sps 1082  opp symm  loss +0.006  pg +0.0348  v 0.005  ev +0.87  adv_std 0.100  tR +0.00  ent[s/d/p/e] 1.58/2.33/1.15/0.55  emits 0.47  spf 55.7  z0 0.72  garr 58.8  tG 394  e2 0.10  nF 4.2  pS 0.28  ptS 0.28  fLog 0.60  pdΔ -0.2212  pkR 6.24  clip 0.05  kl +0.001
upd  121  steps  249856  sps 1088  opp symm  loss +0.035  pg +0.0611  v 0.008  ev +0.82  adv_std 0.124  tR +0.50  ent[s/d/p/e] 1.49/2.27/1.13/0.52  emits 0.44  spf 58.4  z0 0.74  garr 67.9  tG 447  e2 0.09  nF 3.6  pS 0.27  ptS 0.27  fLog 0.61  pdΔ -0.2313  pkR 5.76  clip 0.10  kl +0.003
upd  122  steps  251904  sps 1094  opp symm  loss -0.027  pg +0.0022  v 0.003  ev +0.94  adv_std 0.072  tR -1.00  ent[s/d/p/e] 1.51/2.26/1.14/0.55  emits 0.53  spf 57.5  z0 0.69  garr 71.8  tG 504  e2 0.12  nF 4.3  pS 0.28  ptS 0.28  fLog 0.59  pdΔ -0.2200  pkR 6.64  clip 0.08  kl +0.003
upd  123  steps  253952  sps 1100  opp symm  loss -0.084  pg -0.0546  v 0.005  ev +0.93  adv_std 0.103  tR -1.00  ent[s/d/p/e] 1.65/2.31/1.12/0.58  emits 0.53  spf 60.4  z0 0.70  garr 71.5  tG 502  e2 0.12  nF 5.2  pS 0.29  ptS 0.29  fLog 0.60  pdΔ -0.2065  pkR 7.21  clip 0.09  kl +0.000
upd  124  steps  256000  sps 1106  opp symm  loss -0.022  pg +0.0078  v 0.004  ev +0.96  adv_std 0.085  tR +0.50  ent[s/d/p/e] 1.72/2.36/1.08/0.56  emits 0.55  spf 66.8  z0 0.70  garr 69.2  tG 499  e2 0.12  nF 5.2  pS 0.30  ptS 0.30  fLog 0.61  pdΔ -0.1981  pkR 5.38  clip 0.07  kl +0.001
upd  125  steps  258048  sps 1111  opp symm  loss -0.036  pg -0.0065  v 0.004  ev +0.97  adv_std 0.088  tR +1.00  ent[s/d/p/e] 1.67/2.33/1.10/0.55  emits 0.49  spf 63.7  z0 0.72  garr 63.5  tG 482  e2 0.10  nF 5.1  pS 0.29  ptS 0.30  fLog 0.61  pdΔ -0.2056  pkR 6.73  clip 0.10  kl +0.004
upd  126  steps  260096  sps 1117  opp symm  loss -0.066  pg -0.0388  v 0.004  ev +0.96  adv_std 0.094  tR -0.43  ent[s/d/p/e] 1.56/2.24/1.10/0.50  emits 0.36  spf 54.5  z0 0.77  garr 66.9  tG 443  e2 0.07  nF 3.8  pS 0.27  ptS 0.27  fLog 0.59  pdΔ -0.2342  pkR 5.99  clip 0.07  kl +0.002
upd  127  steps  262144  sps 1123  opp symm  loss +0.005  pg +0.0296  v 0.009  ev +0.92  adv_std 0.134  tR +0.00  ent[s/d/p/e] 1.54/2.25/1.08/0.51  emits 0.42  spf 59.6  z0 0.74  garr 73.2  tG 482  e2 0.09  nF 4.1  pS 0.26  ptS 0.26  fLog 0.59  pdΔ -0.2429  pkR 6.87  clip 0.08  kl +0.001
upd  128  steps  264192  sps 1128  opp symm  loss -0.004  pg +0.0238  v 0.006  ev +0.95  adv_std 0.106  tR -0.33  ent[s/d/p/e] 1.58/2.26/1.09/0.56  emits 0.47  spf 54.9  z0 0.72  garr 62.0  tG 403  e2 0.10  nF 5.0  pS 0.26  ptS 0.25  fLog 0.58  pdΔ -0.2411  pkR 5.07  clip 0.10  kl +0.003
upd  129  steps  266240  sps 1134  opp symm  loss -0.014  pg +0.0122  v 0.007  ev +0.93  adv_std 0.118  tR +0.00  ent[s/d/p/e] 1.52/2.21/1.08/0.53  emits 0.46  spf 52.5  z0 0.72  garr 59.0  tG 392  e2 0.09  nF 4.7  pS 0.26  ptS 0.25  fLog 0.58  pdΔ -0.2422  pkR 7.30  clip 0.10  kl +0.003
upd  130  steps  268288  sps 1140  opp symm  loss -0.005  pg +0.0210  v 0.008  ev +0.92  adv_std 0.128  tR +0.00  ent[s/d/p/e] 1.58/2.22/1.09/0.54  emits 0.49  spf 52.3  z0 0.71  garr 61.0  tG 407  e2 0.11  nF 5.0  pS 0.27  ptS 0.26  fLog 0.58  pdΔ -0.2296  pkR 8.18  clip 0.11  kl +0.003
upd  131  steps  270336  sps 1145  opp symm  loss -0.022  pg +0.0042  v 0.008  ev +0.93  adv_std 0.126  tR -0.33  ent[s/d/p/e] 1.58/2.27/1.09/0.55  emits 0.46  spf 54.3  z0 0.72  garr 60.6  tG 387  e2 0.10  nF 4.8  pS 0.26  ptS 0.25  fLog 0.59  pdΔ -0.2405  pkR 8.92  clip 0.14  kl +0.008
upd  132  steps  272384  sps 1151  opp symm  loss +0.037  pg +0.0598  v 0.011  ev +0.90  adv_std 0.149  tR +0.00  ent[s/d/p/e] 1.38/2.14/1.09/0.51  emits 0.38  spf 55.2  z0 0.75  garr 63.4  tG 392  e2 0.07  nF 4.0  pS 0.24  ptS 0.23  fLog 0.59  pdΔ -0.2621  pkR 7.47  clip 0.04  kl +0.001
upd  133  steps  274432  sps 1156  opp symm  loss -0.043  pg -0.0157  v 0.005  ev +0.96  adv_std 0.097  tR -1.00  ent[s/d/p/e] 1.58/2.26/1.06/0.53  emits 0.43  spf 58.2  z0 0.73  garr 61.4  tG 400  e2 0.09  nF 4.1  pS 0.26  ptS 0.25  fLog 0.60  pdΔ -0.2426  pkR 6.35  clip 0.08  kl +0.001
upd  134  steps  276480  sps 1162  opp symm  loss -0.046  pg -0.0172  v 0.004  ev +0.97  adv_std 0.092  tR -0.50  ent[s/d/p/e] 1.77/2.32/1.10/0.55  emits 0.57  spf 55.3  z0 0.70  garr 65.6  tG 459  e2 0.12  nF 5.6  pS 0.29  ptS 0.28  fLog 0.59  pdΔ -0.2095  pkR 6.71  clip 0.09  kl +0.006
upd  135  steps  278528  sps 1167  opp symm  loss -0.049  pg -0.0225  v 0.009  ev +0.94  adv_std 0.133  tR +0.43  ent[s/d/p/e] 1.76/2.33/1.09/0.55  emits 0.52  spf 49.8  z0 0.72  garr 68.5  tG 459  e2 0.12  nF 5.7  pS 0.30  ptS 0.29  fLog 0.58  pdΔ -0.2030  pkR 7.32  clip 0.04  kl -0.000
upd  136  steps  280576  sps 1172  opp symm  loss -0.017  pg +0.0116  v 0.005  ev +0.96  adv_std 0.102  tR -0.33  ent[s/d/p/e] 1.87/2.35/1.07/0.56  emits 0.65  spf 53.6  z0 0.67  garr 66.5  tG 469  e2 0.14  nF 6.1  pS 0.32  ptS 0.31  fLog 0.59  pdΔ -0.1760  pkR 6.34  clip 0.10  kl -0.002
upd  137  steps  282624  sps 1178  opp symm  loss -0.062  pg -0.0343  v 0.007  ev +0.95  adv_std 0.113  tR -0.33  ent[s/d/p/e] 1.84/2.30/1.04/0.56  emits 0.63  spf 48.9  z0 0.68  garr 64.2  tG 459  e2 0.15  nF 6.6  pS 0.33  ptS 0.32  fLog 0.58  pdΔ -0.1690  pkR 5.05  clip 0.09  kl +0.006
upd  138  steps  284672  sps 1183  opp symm  loss -0.013  pg +0.0162  v 0.004  ev +0.96  adv_std 0.092  tR +0.60  ent[s/d/p/e] 1.80/2.25/1.07/0.58  emits 0.69  spf 49.3  z0 0.65  garr 69.0  tG 494  e2 0.15  nF 6.5  pS 0.33  ptS 0.31  fLog 0.57  pdΔ -0.1729  pkR 5.27  clip 0.10  kl +0.003
upd  139  steps  286720  sps 1188  opp symm  loss -0.006  pg +0.0227  v 0.005  ev +0.95  adv_std 0.106  tR +1.00  ent[s/d/p/e] 1.79/2.26/1.11/0.58  emits 0.64  spf 52.9  z0 0.66  garr 69.8  tG 504  e2 0.14  nF 6.2  pS 0.32  ptS 0.31  fLog 0.58  pdΔ -0.1758  pkR 6.18  clip 0.10  kl +0.003
upd  140  steps  288768  sps 1194  opp symm  loss -0.046  pg -0.0165  v 0.006  ev +0.95  adv_std 0.108  tR -1.00  ent[s/d/p/e] 1.88/2.32/1.09/0.59  emits 0.64  spf 55.7  z0 0.65  garr 67.4  tG 520  e2 0.15  nF 6.3  pS 0.35  ptS 0.34  fLog 0.59  pdΔ -0.1470  pkR 6.31  clip 0.07  kl -0.001
upd  141  steps  290816  sps 1199  opp symm  loss +0.003  pg +0.0317  v 0.007  ev +0.94  adv_std 0.122  tR -0.43  ent[s/d/p/e] 1.94/2.37/1.11/0.58  emits 0.66  spf 55.3  z0 0.65  garr 65.3  tG 527  e2 0.15  nF 6.5  pS 0.37  ptS 0.36  fLog 0.60  pdΔ -0.1281  pkR 5.20  clip 0.13  kl +0.005
upd  142  steps  292864  sps 1204  opp symm  loss -0.020  pg +0.0096  v 0.006  ev +0.95  adv_std 0.104  tR +1.00  ent[s/d/p/e] 1.89/2.34/1.07/0.57  emits 0.64  spf 63.3  z0 0.66  garr 69.7  tG 582  e2 0.14  nF 5.6  pS 0.37  ptS 0.35  fLog 0.61  pdΔ -0.1340  pkR 5.80  clip 0.07  kl +0.002
upd  143  steps  294912  sps 1209  opp symm  loss +0.005  pg +0.0346  v 0.005  ev +0.95  adv_std 0.097  tR +0.00  ent[s/d/p/e] 1.93/2.35/1.06/0.58  emits 0.69  spf 54.9  z0 0.66  garr 69.4  tG 549  e2 0.15  nF 6.5  pS 0.36  ptS 0.35  fLog 0.59  pdΔ -0.1373  pkR 7.09  clip 0.05  kl -0.000
upd  144  steps  296960  sps 1214  opp symm  loss -0.011  pg +0.0173  v 0.008  ev +0.92  adv_std 0.125  tR +0.33  ent[s/d/p/e] 1.93/2.34/1.04/0.58  emits 0.83  spf 54.0  z0 0.60  garr 65.5  tG 526  e2 0.17  nF 7.8  pS 0.37  ptS 0.36  fLog 0.58  pdΔ -0.1260  pkR 8.77  clip 0.10  kl +0.005
upd  145  steps  299008  sps 1220  opp symm  loss -0.005  pg +0.0223  v 0.010  ev +0.90  adv_std 0.139  tR +1.00  ent[s/d/p/e] 1.91/2.32/1.04/0.57  emits 0.77  spf 48.8  z0 0.62  garr 58.8  tG 465  e2 0.17  nF 8.6  pS 0.37  ptS 0.36  fLog 0.57  pdΔ -0.1322  pkR 9.35  clip 0.13  kl +0.005
upd  146  steps  301056  sps 1225  opp symm  loss +0.011  pg +0.0397  v 0.006  ev +0.94  adv_std 0.107  tR +0.33  ent[s/d/p/e] 1.90/2.28/1.01/0.58  emits 0.80  spf 45.7  z0 0.63  garr 59.1  tG 482  e2 0.18  nF 8.8  pS 0.38  ptS 0.37  fLog 0.56  pdΔ -0.1249  pkR 5.01  clip 0.10  kl +0.005
upd  147  steps  303104  sps 1230  opp symm  loss -0.059  pg -0.0309  v 0.007  ev +0.93  adv_std 0.122  tR +0.00  ent[s/d/p/e] 1.94/2.31/0.97/0.58  emits 0.80  spf 44.5  z0 0.62  garr 63.6  tG 508  e2 0.17  nF 8.9  pS 0.38  ptS 0.37  fLog 0.55  pdΔ -0.1218  pkR 5.13  clip 0.08  kl +0.001
upd  148  steps  305152  sps 1235  opp symm  loss -0.008  pg +0.0222  v 0.005  ev +0.96  adv_std 0.094  tR +0.50  ent[s/d/p/e] 1.98/2.37/1.01/0.58  emits 0.77  spf 53.0  z0 0.63  garr 66.9  tG 526  e2 0.18  nF 8.6  pS 0.38  ptS 0.37  fLog 0.59  pdΔ -0.1228  pkR 4.64  clip 0.13  kl +0.003
upd  149  steps  307200  sps 1240  opp symm  loss -0.019  pg +0.0120  v 0.004  ev +0.95  adv_std 0.093  tR +0.00  ent[s/d/p/e] 1.95/2.39/1.08/0.59  emits 0.66  spf 58.9  z0 0.67  garr 73.5  tG 547  e2 0.15  nF 6.6  pS 0.36  ptS 0.35  fLog 0.60  pdΔ -0.1372  pkR 4.68  clip 0.10  kl +0.001
upd  150  steps  309248  sps 1245  opp symm  loss +0.011  pg +0.0378  v 0.010  ev +0.89  adv_std 0.143  tR +0.33  ent[s/d/p/e] 2.04/2.43/1.02/0.57  emits 0.73  spf 56.9  z0 0.64  garr 70.6  tG 535  e2 0.16  nF 6.8  pS 0.38  ptS 0.37  fLog 0.60  pdΔ -0.1194  pkR 4.53  clip 0.07  kl +0.004
upd  151  steps  311296  sps 1250  opp symm  loss -0.020  pg +0.0102  v 0.005  ev +0.94  adv_std 0.102  tR -0.20  ent[s/d/p/e] 2.02/2.41/1.04/0.57  emits 0.78  spf 53.0  z0 0.62  garr 60.8  tG 500  e2 0.18  nF 7.6  pS 0.39  ptS 0.38  fLog 0.59  pdΔ -0.1113  pkR 3.78  clip 0.08  kl +0.001
upd  152  steps  313344  sps 1255  opp symm  loss +0.019  pg +0.0493  v 0.003  ev +0.97  adv_std 0.072  tR +1.00  ent[s/d/p/e] 2.01/2.36/0.98/0.57  emits 0.69  spf 50.7  z0 0.66  garr 65.1  tG 498  e2 0.15  nF 7.4  pS 0.37  ptS 0.35  fLog 0.58  pdΔ -0.1343  pkR 4.82  clip 0.09  kl +0.001
upd  153  steps  315392  sps 1260  opp symm  loss -0.020  pg +0.0086  v 0.006  ev +0.91  adv_std 0.110  tR +0.33  ent[s/d/p/e] 1.99/2.37/1.03/0.56  emits 0.69  spf 51.0  z0 0.65  garr 65.9  tG 498  e2 0.14  nF 6.7  pS 0.36  ptS 0.34  fLog 0.58  pdΔ -0.1448  pkR 4.92  clip 0.13  kl +0.006
upd  154  steps  317440  sps 1265  opp symm  loss -0.054  pg -0.0238  v 0.003  ev +0.95  adv_std 0.079  tR +0.67  ent[s/d/p/e] 1.84/2.25/1.10/0.56  emits 0.62  spf 50.5  z0 0.67  garr 67.7  tG 495  e2 0.14  nF 6.2  pS 0.34  ptS 0.33  fLog 0.58  pdΔ -0.1646  pkR 5.15  clip 0.07  kl +0.004
upd  155  steps  319488  sps 1270  opp symm  loss -0.043  pg -0.0132  v 0.002  ev +0.96  adv_std 0.070  tR -0.33  ent[s/d/p/e] 1.79/2.24/1.04/0.54  emits 0.50  spf 53.2  z0 0.70  garr 73.0  tG 552  e2 0.11  nF 5.3  pS 0.34  ptS 0.33  fLog 0.59  pdΔ -0.1588  pkR 5.82  clip 0.10  kl +0.004
upd  156  steps  321536  sps 1274  opp symm  loss -0.039  pg -0.0103  v 0.005  ev +0.91  adv_std 0.105  tR +0.00  ent[s/d/p/e] 1.89/2.31/1.08/0.55  emits 0.58  spf 54.5  z0 0.69  garr 77.7  tG 579  e2 0.12  nF 5.7  pS 0.35  ptS 0.34  fLog 0.59  pdΔ -0.1517  pkR 3.82  clip 0.09  kl +0.006
upd  157  steps  323584  sps 1279  opp symm  loss -0.049  pg -0.0198  v 0.005  ev +0.94  adv_std 0.095  tR -0.43  ent[s/d/p/e] 1.89/2.35/1.10/0.52  emits 0.45  spf 62.2  z0 0.73  garr 79.8  tG 620  e2 0.09  nF 5.2  pS 0.34  ptS 0.34  fLog 0.61  pdΔ -0.1588  pkR 3.97  clip 0.06  kl +0.000
upd  158  steps  325632  sps 1284  opp symm  loss -0.022  pg +0.0032  v 0.008  ev +0.87  adv_std 0.130  tR +0.33  ent[s/d/p/e] 1.73/2.25/1.10/0.49  emits 0.39  spf 62.2  z0 0.75  garr 88.6  tG 708  e2 0.08  nF 4.3  pS 0.34  ptS 0.33  fLog 0.60  pdΔ -0.1586  pkR 6.78  clip 0.07  kl +0.002
upd  159  steps  327680  sps 1289  opp symm  loss -0.066  pg -0.0389  v 0.005  ev +0.93  adv_std 0.099  tR -0.20  ent[s/d/p/e] 1.72/2.25/1.00/0.52  emits 0.44  spf 61.7  z0 0.73  garr 91.0  tG 683  e2 0.10  nF 4.2  pS 0.33  ptS 0.32  fLog 0.60  pdΔ -0.1679  pkR 4.36  clip 0.04  kl +0.001
upd  160  steps  329728  sps 1294  opp symm  loss +0.000  pg +0.0285  v 0.006  ev +0.93  adv_std 0.105  tR +1.00  ent[s/d/p/e] 1.77/2.33/1.10/0.54  emits 0.49  spf 67.5  z0 0.71  garr 92.9  tG 688  e2 0.10  nF 4.6  pS 0.34  ptS 0.33  fLog 0.61  pdΔ -0.1599  pkR 4.15  clip 0.09  kl +0.004
upd  161  steps  331776  sps 1298  opp symm  loss -0.012  pg +0.0146  v 0.005  ev +0.94  adv_std 0.101  tR +0.00  ent[s/d/p/e] 1.68/2.29/1.03/0.50  emits 0.39  spf 61.8  z0 0.74  garr 95.7  tG 679  e2 0.08  nF 4.3  pS 0.32  ptS 0.31  fLog 0.60  pdΔ -0.1763  pkR 4.63  clip 0.09  kl +0.003
upd  162  steps  333824  sps 1303  opp symm  loss -0.099  pg -0.0718  v 0.007  ev +0.93  adv_std 0.116  tR -0.60  ent[s/d/p/e] 1.76/2.37/1.08/0.50  emits 0.42  spf 62.9  z0 0.73  garr 103.9  tG 731  e2 0.08  nF 4.5  pS 0.33  ptS 0.32  fLog 0.60  pdΔ -0.1684  pkR 5.32  clip 0.08  kl +0.001
upd  163  steps  335872  sps 1308  opp symm  loss -0.042  pg -0.0128  v 0.004  ev +0.96  adv_std 0.088  tR -0.60  ent[s/d/p/e] 1.82/2.39/1.04/0.53  emits 0.52  spf 61.3  z0 0.70  garr 94.3  tG 687  e2 0.12  nF 5.0  pS 0.34  ptS 0.32  fLog 0.60  pdΔ -0.1643  pkR 5.73  clip 0.08  kl +0.003
upd  164  steps  337920  sps 1312  opp symm  loss -0.038  pg -0.0094  v 0.005  ev +0.95  adv_std 0.102  tR -1.00  ent[s/d/p/e] 1.85/2.41/1.04/0.55  emits 0.51  spf 61.5  z0 0.70  garr 89.3  tG 679  e2 0.11  nF 5.3  pS 0.35  ptS 0.34  fLog 0.60  pdΔ -0.1466  pkR 4.77  clip 0.09  kl +0.002
upd  165  steps  339968  sps 1317  opp symm  loss -0.013  pg +0.0180  v 0.003  ev +0.97  adv_std 0.076  tR -0.33  ent[s/d/p/e] 1.89/2.43/1.07/0.57  emits 0.53  spf 67.3  z0 0.69  garr 94.2  tG 768  e2 0.12  nF 5.5  pS 0.37  ptS 0.36  fLog 0.61  pdΔ -0.1332  pkR 5.83  clip 0.07  kl +0.003
upd  166  steps  342016  sps 1322  opp symm  loss -0.079  pg -0.0498  v 0.006  ev +0.94  adv_std 0.111  tR +0.00  ent[s/d/p/e] 2.01/2.47/1.02/0.57  emits 0.70  spf 66.1  z0 0.66  garr 91.2  tG 753  e2 0.15  nF 6.3  pS 0.37  ptS 0.37  fLog 0.60  pdΔ -0.1267  pkR 5.54  clip 0.06  kl +0.000
upd  167  steps  344064  sps 1326  opp symm  loss -0.033  pg -0.0050  v 0.007  ev +0.92  adv_std 0.118  tR +0.33  ent[s/d/p/e] 1.91/2.38/0.98/0.57  emits 0.71  spf 57.4  z0 0.63  garr 76.0  tG 628  e2 0.15  nF 7.0  pS 0.36  ptS 0.35  fLog 0.58  pdΔ -0.1379  pkR 6.79  clip 0.11  kl +0.005
upd  168  steps  346112  sps 1331  opp symm  loss -0.031  pg -0.0022  v 0.003  ev +0.97  adv_std 0.079  tR +0.00  ent[s/d/p/e] 1.79/2.31/1.02/0.54  emits 0.54  spf 53.0  z0 0.69  garr 69.4  tG 562  e2 0.12  nF 6.7  pS 0.35  ptS 0.34  fLog 0.58  pdΔ -0.1493  pkR 6.58  clip 0.16  kl +0.005
upd  169  steps  348160  sps 1335  opp symm  loss -0.013  pg +0.0150  v 0.006  ev +0.94  adv_std 0.108  tR +0.20  ent[s/d/p/e] 1.88/2.35/0.98/0.54  emits 0.55  spf 53.4  z0 0.71  garr 82.4  tG 608  e2 0.12  nF 5.6  pS 0.33  ptS 0.32  fLog 0.58  pdΔ -0.1741  pkR 5.03  clip 0.07  kl +0.001
upd  170  steps  350208  sps 1340  opp symm  loss +0.000  pg +0.0286  v 0.004  ev +0.95  adv_std 0.088  tR -0.20  ent[s/d/p/e] 1.83/2.40/1.03/0.52  emits 0.53  spf 52.7  z0 0.72  garr 83.8  tG 563  e2 0.11  nF 5.5  pS 0.30  ptS 0.29  fLog 0.58  pdΔ -0.1985  pkR 5.55  clip 0.05  kl +0.000
upd  171  steps  352256  sps 1344  opp symm  loss -0.030  pg -0.0013  v 0.004  ev +0.95  adv_std 0.092  tR +0.50  ent[s/d/p/e] 1.72/2.33/1.06/0.53  emits 0.52  spf 61.3  z0 0.70  garr 82.3  tG 562  e2 0.10  nF 5.5  pS 0.30  ptS 0.29  fLog 0.59  pdΔ -0.1984  pkR 5.99  clip 0.09  kl +0.002
upd  172  steps  354304  sps 1349  opp symm  loss -0.031  pg -0.0023  v 0.005  ev +0.92  adv_std 0.104  tR -0.60  ent[s/d/p/e] 1.84/2.39/1.04/0.54  emits 0.58  spf 52.7  z0 0.69  garr 72.4  tG 501  e2 0.12  nF 5.4  pS 0.30  ptS 0.29  fLog 0.58  pdΔ -0.1976  pkR 5.41  clip 0.07  kl +0.000
upd  173  steps  356352  sps 1353  opp symm  loss -0.061  pg -0.0322  v 0.005  ev +0.93  adv_std 0.098  tR -0.50  ent[s/d/p/e] 1.79/2.41/1.01/0.54  emits 0.53  spf 52.1  z0 0.71  garr 73.2  tG 500  e2 0.11  nF 5.9  pS 0.30  ptS 0.29  fLog 0.58  pdΔ -0.2006  pkR 5.97  clip 0.07  kl +0.003
upd  174  steps  358400  sps 1358  opp symm  loss -0.023  pg +0.0052  v 0.006  ev +0.92  adv_std 0.110  tR -0.33  ent[s/d/p/e] 1.74/2.38/1.07/0.54  emits 0.53  spf 53.9  z0 0.70  garr 66.9  tG 490  e2 0.11  nF 5.6  pS 0.29  ptS 0.29  fLog 0.59  pdΔ -0.2054  pkR 6.98  clip 0.07  kl +0.001
upd  175  steps  360448  sps 1362  opp symm  loss -0.018  pg +0.0097  v 0.005  ev +0.93  adv_std 0.105  tR +0.00  ent[s/d/p/e] 1.56/2.23/1.08/0.56  emits 0.52  spf 52.9  z0 0.69  garr 63.7  tG 490  e2 0.11  nF 5.3  pS 0.29  ptS 0.29  fLog 0.57  pdΔ -0.2111  pkR 7.34  clip 0.06  kl +0.002
upd  176  steps  362496  sps 1367  opp symm  loss -0.037  pg -0.0085  v 0.005  ev +0.93  adv_std 0.098  tR +0.00  ent[s/d/p/e] 1.57/2.28/1.09/0.56  emits 0.50  spf 48.8  z0 0.70  garr 69.0  tG 497  e2 0.10  nF 5.3  pS 0.28  ptS 0.28  fLog 0.57  pdΔ -0.2155  pkR 8.42  clip 0.05  kl +0.002
upd  177  steps  364544  sps 1371  opp symm  loss +0.017  pg +0.0463  v 0.004  ev +0.95  adv_std 0.084  tR +0.33  ent[s/d/p/e] 1.68/2.37/1.08/0.55  emits 0.52  spf 55.4  z0 0.72  garr 67.9  tG 468  e2 0.12  nF 5.3  pS 0.30  ptS 0.29  fLog 0.60  pdΔ -0.2011  pkR 7.89  clip 0.13  kl +0.003
upd  178  steps  366592  sps 1375  opp symm  loss -0.018  pg +0.0107  v 0.006  ev +0.93  adv_std 0.107  tR +1.00  ent[s/d/p/e] 1.72/2.38/1.10/0.57  emits 0.56  spf 58.1  z0 0.68  garr 70.1  tG 503  e2 0.13  nF 5.8  pS 0.32  ptS 0.32  fLog 0.61  pdΔ -0.1753  pkR 6.90  clip 0.06  kl +0.003
upd  179  steps  368640  sps 1380  opp symm  loss -0.028  pg +0.0005  v 0.004  ev +0.96  adv_std 0.083  tR +0.60  ent[s/d/p/e] 1.71/2.33/1.09/0.54  emits 0.52  spf 56.9  z0 0.69  garr 62.7  tG 464  e2 0.12  nF 5.3  pS 0.32  ptS 0.31  fLog 0.61  pdΔ -0.1829  pkR 8.25  clip 0.06  kl +0.004
upd  180  steps  370688  sps 1384  opp symm  loss +0.011  pg +0.0406  v 0.004  ev +0.96  adv_std 0.089  tR -1.00  ent[s/d/p/e] 1.80/2.34/1.05/0.58  emits 0.61  spf 55.0  z0 0.66  garr 61.3  tG 475  e2 0.14  nF 5.8  pS 0.33  ptS 0.33  fLog 0.60  pdΔ -0.1709  pkR 9.47  clip 0.16  kl +0.005
upd  181  steps  372736  sps 1388  opp symm  loss -0.008  pg +0.0205  v 0.003  ev +0.98  adv_std 0.082  tR +0.50  ent[s/d/p/e] 1.78/2.29/1.01/0.54  emits 0.48  spf 52.8  z0 0.72  garr 66.2  tG 542  e2 0.10  nF 5.5  pS 0.33  ptS 0.33  fLog 0.60  pdΔ -0.1703  pkR 9.50  clip 0.07  kl +0.002
upd  182  steps  374784  sps 1392  opp symm  loss +0.015  pg +0.0426  v 0.004  ev +0.97  adv_std 0.086  tR -0.25  ent[s/d/p/e] 1.69/2.25/0.98/0.52  emits 0.46  spf 58.1  z0 0.71  garr 75.4  tG 582  e2 0.10  nF 4.5  pS 0.31  ptS 0.31  fLog 0.60  pdΔ -0.1869  pkR 10.06  clip 0.09  kl +0.003
upd  183  steps  376832  sps 1397  opp symm  loss -0.011  pg +0.0151  v 0.006  ev +0.95  adv_std 0.114  tR -0.14  ent[s/d/p/e] 1.58/2.17/1.00/0.52  emits 0.47  spf 53.2  z0 0.73  garr 73.7  tG 563  e2 0.10  nF 4.1  pS 0.29  ptS 0.29  fLog 0.58  pdΔ -0.2060  pkR 11.43  clip 0.08  kl +0.002
upd  184  steps  378880  sps 1401  opp symm  loss -0.045  pg -0.0180  v 0.004  ev +0.96  adv_std 0.095  tR -0.14  ent[s/d/p/e] 1.62/2.17/0.98/0.53  emits 0.47  spf 50.5  z0 0.73  garr 71.9  tG 498  e2 0.10  nF 4.8  pS 0.28  ptS 0.28  fLog 0.57  pdΔ -0.2150  pkR 7.44  clip 0.07  kl +0.002
upd  185  steps  380928  sps 1405  opp symm  loss -0.017  pg +0.0113  v 0.003  ev +0.97  adv_std 0.073  tR +1.00  ent[s/d/p/e] 1.69/2.22/0.97/0.55  emits 0.54  spf 48.5  z0 0.70  garr 73.9  tG 526  e2 0.12  nF 5.5  pS 0.31  ptS 0.30  fLog 0.57  pdΔ -0.1933  pkR 7.46  clip 0.07  kl +0.001