
=== [2026-06-11T08:22:05Z] v14f_binary_v1_a_p0i5_ORBITWARS_SHAPING_RELEASE_K_12.0_029ca212a4 phase=a kind=probe chunk=500 env={"ORBITWARS_SHAPING_ANTI_HOARD": 0.035, "ORBITWARS_SHAPING_CAPTURE": 0.04, "ORBITWARS_SHAPING_RELEASE": 0.003, "ORBITWARS_SHAPING_RELEASE_K": 12.0, "ORBITWARS_SHAPING_PROD_SHARE_DELTA": 0.025, "ORBITWARS_SHAPING_ONE_SHIP_PENALTY": 0.025} ppo={"ent_coef_emit": 0.0225, "lr_peak": 4.5e-05} ===
[reward] kaggle-aligned: terminal +1 win/+1 tie>0/-1 loss/-1 double-wipeout; is_terminal at step >= episode_steps-2; SHAPING_SCALE=0.0; v1: KEEP_HOME=0.0 FLEET_SIZE=0.0/norm20.0; v2 (expert-replay calibrated): PROD_SHARE=0.0 PLANET_SHARE=0.0 FLEET_LOG=0.0/ref500.0/floor0.3; v3 (top10-2630ep calibrated): PROD_SHARE_DELTA=0.025 EMIT_LOG=0.0 EMIT_GATED=0.0 RELEASE=0.003/K12.0 CAPTURE=0.04; ANTI_HOARD=0.035/thresh0.6; episode_steps=500 (kaggle=500, mismatch=False)
[symmetric] Frog Parade style: same params drive BOTH players, no frozen/strong/buffer opponents, zero_sum_value=True
upd    0  steps    2048  sps 37  opp symm  loss +0.134  pg +0.1494  v 0.006  ev -0.16  adv_std 0.115  tR +0.00  ent[s/d/p/e] 0.31/1.11/1.30/0.32  emits 0.37  spf 13.5  z0 0.72  garr 14.3  tG 19  e2 0.07  nF 2.2  pS 0.06  ptS 0.06  fLog 0.40  pdΔ -0.4370  pkR 4.49  clip 0.04  kl -0.001
upd    1  steps    4096  sps 74  opp symm  loss +0.038  pg +0.0573  v 0.010  ev -0.02  adv_std 0.148  tR +0.00  ent[s/d/p/e] 0.73/1.29/1.18/0.51  emits 0.60  spf 17.3  z0 0.64  garr 17.6  tG 46  e2 0.15  nF 6.0  pS 0.11  ptS 0.11  fLog 0.42  pdΔ -0.3851  pkR 7.13  clip 0.13  kl -0.001
upd    2  steps    6144  sps 110  opp symm  loss +0.003  pg +0.0285  v 0.007  ev -0.04  adv_std 0.121  tR +1.00  ent[s/d/p/e] 1.10/1.64/1.24/0.57  emits 0.62  spf 24.6  z0 0.63  garr 27.3  tG 120  e2 0.15  nF 7.3  pS 0.17  ptS 0.16  fLog 0.45  pdΔ -0.3309  pkR 7.58  clip 0.17  kl +0.005
upd    3  steps    8192  sps 145  opp symm  loss -0.095  pg -0.0688  v 0.005  ev +0.37  adv_std 0.108  tR -0.33  ent[s/d/p/e] 1.23/1.79/1.21/0.57  emits 0.47  spf 35.2  z0 0.68  garr 40.1  tG 230  e2 0.10  nF 6.5  pS 0.21  ptS 0.20  fLog 0.49  pdΔ -0.2933  pkR 5.97  clip 0.09  kl +0.002
upd    4  steps   10240  sps 179  opp symm  loss -0.012  pg +0.0173  v 0.002  ev +0.64  adv_std 0.059  tR +0.00  ent[s/d/p/e] 1.40/1.92/1.22/0.57  emits 0.42  spf 46.6  z0 0.69  garr 54.5  tG 365  e2 0.08  nF 5.2  pS 0.24  ptS 0.23  fLog 0.52  pdΔ -0.2620  pkR 6.81  clip 0.16  kl +0.005
upd    5  steps   12288  sps 212  opp symm  loss +0.003  pg +0.0323  v 0.002  ev -0.05  adv_std 0.062  tR +0.00  ent[s/d/p/e] 1.56/2.09/1.23/0.53  emits 0.32  spf 59.0  z0 0.76  garr 77.6  tG 560  e2 0.06  nF 4.2  pS 0.27  ptS 0.27  fLog 0.56  pdΔ -0.2265  pkR 5.66  clip 0.08  kl +0.005
upd    6  steps   14336  sps 245  opp symm  loss +0.015  pg +0.0466  v 0.001  ev +0.12  adv_std 0.054  tR +0.00  ent[s/d/p/e] 1.71/2.22/1.24/0.59  emits 0.44  spf 74.5  z0 0.70  garr 93.3  tG 713  e2 0.09  nF 4.3  pS 0.31  ptS 0.30  fLog 0.59  pdΔ -0.1933  pkR 5.49  clip 0.14  kl +0.007
upd    7  steps   16384  sps 277  opp symm  loss +0.016  pg +0.0488  v 0.001  ev +0.61  adv_std 0.045  tR +0.00  ent[s/d/p/e] 1.85/2.28/1.19/0.62  emits 0.64  spf 76.3  z0 0.62  garr 86.8  tG 722  e2 0.15  nF 5.8  pS 0.33  ptS 0.32  fLog 0.58  pdΔ -0.1748  pkR 6.79  clip 0.13  kl +0.002
upd    8  steps   18432  sps 308  opp symm  loss +0.002  pg +0.0347  v 0.003  ev +0.52  adv_std 0.082  tR +1.00  ent[s/d/p/e] 1.87/2.30/1.18/0.64  emits 0.62  spf 70.6  z0 0.63  garr 72.8  tG 637  e2 0.14  nF 6.5  pS 0.33  ptS 0.33  fLog 0.58  pdΔ -0.1650  pkR 8.66  clip 0.18  kl +0.007
upd    9  steps   20480  sps 339  opp symm  loss -0.027  pg +0.0045  v 0.004  ev +0.50  adv_std 0.086  tR +1.00  ent[s/d/p/e] 1.89/2.33/1.18/0.61  emits 0.63  spf 71.4  z0 0.63  garr 65.4  tG 579  e2 0.14  nF 6.2  pS 0.33  ptS 0.33  fLog 0.58  pdΔ -0.1668  pkR 9.88  clip 0.33  kl +0.014
upd   10  steps   22528  sps 369  opp symm  loss -0.117  pg -0.0877  v 0.010  ev +0.17  adv_std 0.139  tR +0.00  ent[s/d/p/e] 1.90/2.34/1.20/0.63  emits 0.59  spf 64.9  z0 0.64  garr 63.0  tG 549  e2 0.13  nF 5.8  pS 0.34  ptS 0.33  fLog 0.58  pdΔ -0.1632  pkR 10.83  clip 0.09  kl +0.001
upd   11  steps   24576  sps 398  opp symm  loss +0.032  pg +0.0650  v 0.001  ev +0.80  adv_std 0.053  tR +0.00  ent[s/d/p/e] 1.88/2.37/1.21/0.62  emits 0.70  spf 61.0  z0 0.62  garr 61.1  tG 501  e2 0.17  nF 6.4  pS 0.34  ptS 0.33  fLog 0.57  pdΔ -0.1576  pkR 8.68  clip 0.26  kl +0.007
upd   12  steps   26624  sps 427  opp symm  loss +0.029  pg +0.0630  v 0.001  ev +0.91  adv_std 0.042  tR +0.00  ent[s/d/p/e] 2.00/2.45/1.23/0.62  emits 0.68  spf 67.9  z0 0.63  garr 60.0  tG 498  e2 0.16  nF 6.9  pS 0.36  ptS 0.35  fLog 0.59  pdΔ -0.1372  pkR 7.81  clip 0.12  kl +0.004
upd   13  steps   28672  sps 455  opp symm  loss -0.067  pg -0.0354  v 0.007  ev +0.58  adv_std 0.114  tR +0.00  ent[s/d/p/e] 2.08/2.48/1.22/0.61  emits 0.69  spf 58.5  z0 0.63  garr 59.5  tG 488  e2 0.15  nF 6.6  pS 0.38  ptS 0.37  fLog 0.57  pdΔ -0.1218  pkR 6.70  clip 0.13  kl +0.005
upd   14  steps   30720  sps 482  opp symm  loss +0.027  pg +0.0608  v 0.003  ev +0.85  adv_std 0.067  tR +1.00  ent[s/d/p/e] 2.13/2.50/1.28/0.60  emits 0.63  spf 61.3  z0 0.65  garr 60.5  tG 489  e2 0.15  nF 6.6  pS 0.37  ptS 0.37  fLog 0.59  pdΔ -0.1262  pkR 3.79  clip 0.14  kl +0.004
upd   15  steps   32768  sps 509  opp symm  loss -0.100  pg -0.1281  v 0.121  ev -0.07  adv_std 0.509  tR -0.18  ent[s/d/p/e] 2.07/2.47/1.21/0.50  emits 0.53  spf 56.6  z0 0.73  garr 47.7  tG 327  e2 0.11  nF 5.0  pS 0.27  ptS 0.27  fLog 0.57  pdΔ -0.2318  pkR 5.23  clip 0.22  kl +0.005
upd   16  steps   34816  sps 536  opp symm  loss +0.093  pg +0.1211  v 0.001  ev +0.24  adv_std 0.054  tR +0.00  ent[s/d/p/e] 1.51/2.30/1.33/0.41  emits 0.28  spf 48.0  z0 0.82  garr 44.3  tG 150  e2 0.05  nF 2.8  pS 0.15  ptS 0.15  fLog 0.56  pdΔ -0.3496  pkR 7.98  clip 0.10  kl +0.002
upd   17  steps   36864  sps 562  opp symm  loss -0.008  pg +0.0204  v 0.004  ev +0.35  adv_std 0.092  tR +0.33  ent[s/d/p/e] 1.45/2.26/1.39/0.49  emits 0.34  spf 48.5  z0 0.77  garr 49.6  tG 204  e2 0.07  nF 3.3  pS 0.19  ptS 0.18  fLog 0.57  pdΔ -0.3082  pkR 6.40  clip 0.12  kl +0.005
upd   18  steps   38912  sps 587  opp symm  loss -0.044  pg -0.0119  v 0.002  ev +0.41  adv_std 0.058  tR +0.00  ent[s/d/p/e] 1.63/2.30/1.37/0.59  emits 0.53  spf 47.0  z0 0.68  garr 48.1  tG 239  e2 0.11  nF 4.9  pS 0.24  ptS 0.23  fLog 0.56  pdΔ -0.2620  pkR 5.03  clip 0.12  kl +0.002
upd   19  steps   40960  sps 612  opp symm  loss -0.065  pg -0.0338  v 0.004  ev +0.49  adv_std 0.087  tR +0.00  ent[s/d/p/e] 1.84/2.35/1.27/0.59  emits 0.56  spf 51.1  z0 0.68  garr 49.7  tG 314  e2 0.12  nF 5.8  pS 0.29  ptS 0.28  fLog 0.57  pdΔ -0.2092  pkR 4.03  clip 0.14  kl +0.003
upd   20  steps   43008  sps 637  opp symm  loss +0.024  pg +0.0583  v 0.001  ev +0.84  adv_std 0.040  tR +0.00  ent[s/d/p/e] 1.93/2.39/1.20/0.63  emits 0.73  spf 51.4  z0 0.61  garr 49.1  tG 356  e2 0.16  nF 6.8  pS 0.33  ptS 0.32  fLog 0.57  pdΔ -0.1685  pkR 4.31  clip 0.15  kl +0.005
upd   21  steps   45056  sps 661  opp symm  loss -0.058  pg -0.0262  v 0.004  ev +0.68  adv_std 0.082  tR +0.00  ent[s/d/p/e] 1.97/2.41/1.12/0.62  emits 0.69  spf 54.8  z0 0.63  garr 50.9  tG 393  e2 0.17  nF 7.4  pS 0.36  ptS 0.34  fLog 0.57  pdΔ -0.1448  pkR 3.91  clip 0.19  kl +0.010
upd   22  steps   47104  sps 684  opp symm  loss +0.008  pg +0.0427  v 0.001  ev +0.78  adv_std 0.043  tR +0.00  ent[s/d/p/e] 2.04/2.45/1.19/0.64  emits 0.82  spf 55.7  z0 0.58  garr 51.8  tG 414  e2 0.19  nF 8.5  pS 0.38  ptS 0.36  fLog 0.58  pdΔ -0.1209  pkR 3.50  clip 0.24  kl +0.008
upd   23  steps   49152  sps 707  opp symm  loss -0.057  pg -0.0236  v 0.004  ev +0.58  adv_std 0.086  tR -1.00  ent[s/d/p/e] 2.09/2.46/1.19/0.64  emits 0.83  spf 53.9  z0 0.58  garr 51.3  tG 444  e2 0.20  nF 9.2  pS 0.40  ptS 0.39  fLog 0.57  pdΔ -0.0998  pkR 3.36  clip 0.13  kl +0.002
upd   24  steps   51200  sps 730  opp symm  loss -0.032  pg +0.0007  v 0.004  ev +0.45  adv_std 0.090  tR +1.00  ent[s/d/p/e] 2.09/2.47/1.22/0.63  emits 0.82  spf 55.9  z0 0.58  garr 49.6  tG 428  e2 0.18  nF 8.5  pS 0.39  ptS 0.38  fLog 0.58  pdΔ -0.1137  pkR 4.04  clip 0.14  kl +0.002
upd   25  steps   53248  sps 752  opp symm  loss -0.026  pg +0.0082  v 0.002  ev +0.60  adv_std 0.056  tR -1.00  ent[s/d/p/e] 2.12/2.49/1.28/0.62  emits 0.83  spf 55.3  z0 0.59  garr 49.9  tG 428  e2 0.19  nF 8.9  pS 0.39  ptS 0.38  fLog 0.58  pdΔ -0.1133  pkR 3.75  clip 0.13  kl +0.004
upd   26  steps   55296  sps 774  opp symm  loss -0.056  pg -0.0239  v 0.006  ev +0.23  adv_std 0.103  tR +0.20  ent[s/d/p/e] 2.11/2.49/1.26/0.61  emits 0.85  spf 54.3  z0 0.58  garr 48.0  tG 403  e2 0.20  nF 9.1  pS 0.38  ptS 0.37  fLog 0.57  pdΔ -0.1209  pkR 4.18  clip 0.14  kl +0.000
upd   27  steps   57344  sps 795  opp symm  loss -0.057  pg -0.0225  v 0.002  ev +0.56  adv_std 0.065  tR -1.00  ent[s/d/p/e] 2.19/2.53/1.26/0.61  emits 0.92  spf 52.0  z0 0.59  garr 47.1  tG 387  e2 0.21  nF 10.0  pS 0.38  ptS 0.38  fLog 0.57  pdΔ -0.1156  pkR 4.71  clip 0.09  kl +0.003
upd   28  steps   59392  sps 817  opp symm  loss +0.050  pg +0.0843  v 0.002  ev +0.31  adv_std 0.056  tR +1.00  ent[s/d/p/e] 2.18/2.53/1.29/0.60  emits 0.82  spf 49.8  z0 0.62  garr 52.1  tG 410  e2 0.19  nF 9.5  pS 0.38  ptS 0.37  fLog 0.56  pdΔ -0.1232  pkR 3.88  clip 0.19  kl +0.007
upd   29  steps   61440  sps 837  opp symm  loss -0.060  pg -0.0305  v 0.010  ev +0.18  adv_std 0.138  tR -0.14  ent[s/d/p/e] 2.22/2.56/1.24/0.58  emits 1.03  spf 50.0  z0 0.57  garr 48.2  tG 378  e2 0.23  nF 10.5  pS 0.37  ptS 0.37  fLog 0.56  pdΔ -0.1252  pkR 3.34  clip 0.21  kl +0.006
upd   30  steps   63488  sps 858  opp symm  loss -0.088  pg -0.0561  v 0.004  ev +0.51  adv_std 0.086  tR -1.00  ent[s/d/p/e] 2.22/2.55/1.19/0.58  emits 1.06  spf 44.7  z0 0.57  garr 46.2  tG 355  e2 0.23  nF 12.2  pS 0.38  ptS 0.37  fLog 0.55  pdΔ -0.1230  pkR 4.15  clip 0.13  kl +0.003
upd   31  steps   65536  sps 878  opp symm  loss -0.063  pg -0.0479  v 0.029  ev +0.12  adv_std 0.239  tR -0.08  ent[s/d/p/e] 1.93/2.49/1.31/0.37  emits 0.34  spf 42.9  z0 0.83  garr 41.1  tG 145  e2 0.06  nF 3.6  pS 0.16  ptS 0.16  fLog 0.55  pdΔ -0.3356  pkR 9.78  clip 0.04  kl +0.002
upd   32  steps   67584  sps 897  opp symm  loss +0.040  pg +0.0681  v 0.004  ev +0.41  adv_std 0.084  tR -1.00  ent[s/d/p/e] 1.63/2.44/1.39/0.41  emits 0.28  spf 45.0  z0 0.83  garr 57.0  tG 165  e2 0.05  nF 2.9  pS 0.15  ptS 0.15  fLog 0.56  pdΔ -0.3454  pkR 5.47  clip 0.08  kl +0.001
upd   33  steps   69632  sps 917  opp symm  loss +0.024  pg +0.0534  v 0.004  ev +0.65  adv_std 0.085  tR +0.00  ent[s/d/p/e] 1.71/2.46/1.33/0.46  emits 0.37  spf 43.8  z0 0.80  garr 58.5  tG 201  e2 0.07  nF 3.6  pS 0.18  ptS 0.18  fLog 0.55  pdΔ -0.3203  pkR 5.12  clip 0.09  kl +0.005
upd   34  steps   71680  sps 936  opp symm  loss +0.011  pg +0.0409  v 0.003  ev +0.74  adv_std 0.076  tR +1.00  ent[s/d/p/e] 1.92/2.46/1.20/0.49  emits 0.57  spf 39.1  z0 0.73  garr 59.1  tG 234  e2 0.12  nF 5.3  pS 0.22  ptS 0.22  fLog 0.52  pdΔ -0.2792  pkR 4.67  clip 0.09  kl +0.006
upd   35  steps   73728  sps 954  opp symm  loss +0.090  pg +0.1223  v 0.001  ev +0.85  adv_std 0.050  tR +0.00  ent[s/d/p/e] 1.95/2.46/1.25/0.52  emits 0.64  spf 43.0  z0 0.69  garr 56.3  tG 269  e2 0.13  nF 7.0  pS 0.26  ptS 0.25  fLog 0.54  pdΔ -0.2444  pkR 3.15  clip 0.11  kl +0.005
upd   36  steps   75776  sps 973  opp symm  loss -0.011  pg +0.0208  v 0.003  ev +0.70  adv_std 0.080  tR +1.00  ent[s/d/p/e] 1.98/2.43/1.16/0.57  emits 0.83  spf 36.0  z0 0.63  garr 49.6  tG 272  e2 0.17  nF 8.6  pS 0.29  ptS 0.28  fLog 0.51  pdΔ -0.2125  pkR 3.51  clip 0.07  kl +0.004
upd   37  steps   77824  sps 991  opp symm  loss -0.003  pg +0.0291  v 0.003  ev +0.68  adv_std 0.082  tR -0.33  ent[s/d/p/e] 2.02/2.45/1.19/0.58  emits 0.84  spf 38.8  z0 0.61  garr 48.5  tG 299  e2 0.19  nF 10.3  pS 0.31  ptS 0.31  fLog 0.52  pdΔ -0.1875  pkR 3.71  clip 0.24  kl +0.008
upd   38  steps   79872  sps 1008  opp symm  loss -0.008  pg +0.0248  v 0.002  ev +0.73  adv_std 0.065  tR +0.00  ent[s/d/p/e] 2.06/2.45/1.14/0.59  emits 1.09  spf 36.1  z0 0.56  garr 45.7  tG 296  e2 0.23  nF 11.5  pS 0.33  ptS 0.33  fLog 0.51  pdΔ -0.1667  pkR 3.42  clip 0.12  kl +0.003
upd   39  steps   81920  sps 1026  opp symm  loss +0.007  pg +0.0367  v 0.007  ev +0.42  adv_std 0.111  tR -0.33  ent[s/d/p/e] 2.14/2.49/1.11/0.56  emits 1.26  spf 34.8  z0 0.53  garr 43.4  tG 295  e2 0.26  nF 14.9  pS 0.36  ptS 0.36  fLog 0.51  pdΔ -0.1366  pkR 3.75  clip 0.15  kl +0.001
upd   40  steps   83968  sps 1043  opp symm  loss -0.028  pg +0.0029  v 0.004  ev +0.58  adv_std 0.088  tR -0.20  ent[s/d/p/e] 2.16/2.52/1.07/0.56  emits 1.25  spf 33.8  z0 0.55  garr 41.5  tG 278  e2 0.26  nF 15.8  pS 0.36  ptS 0.35  fLog 0.51  pdΔ -0.1425  pkR 3.37  clip 0.13  kl +0.005
upd   41  steps   86016  sps 1060  opp symm  loss +0.018  pg +0.0460  v 0.009  ev +0.32  adv_std 0.130  tR +0.00  ent[s/d/p/e] 2.16/2.51/1.12/0.53  emits 1.34  spf 32.0  z0 0.52  garr 38.7  tG 273  e2 0.26  nF 16.6  pS 0.38  ptS 0.37  fLog 0.50  pdΔ -0.1185  pkR 4.65  clip 0.16  kl +0.005
upd   42  steps   88064  sps 1077  opp symm  loss +0.054  pg +0.0856  v 0.004  ev +0.56  adv_std 0.084  tR +1.00  ent[s/d/p/e] 2.14/2.52/1.11/0.57  emits 1.19  spf 34.8  z0 0.56  garr 41.5  tG 291  e2 0.25  nF 15.1  pS 0.38  ptS 0.36  fLog 0.52  pdΔ -0.1238  pkR 4.60  clip 0.20  kl +0.010
upd   43  steps   90112  sps 1093  opp symm  loss -0.021  pg +0.0094  v 0.006  ev +0.44  adv_std 0.105  tR +1.00  ent[s/d/p/e] 2.09/2.49/1.12/0.57  emits 1.31  spf 34.9  z0 0.51  garr 41.7  tG 287  e2 0.27  nF 15.1  pS 0.38  ptS 0.37  fLog 0.52  pdΔ -0.1164  pkR 3.60  clip 0.18  kl +0.005
upd   44  steps   92160  sps 1109  opp symm  loss -0.016  pg +0.0134  v 0.009  ev +0.49  adv_std 0.130  tR -0.20  ent[s/d/p/e] 2.16/2.52/1.14/0.58  emits 1.21  spf 36.5  z0 0.55  garr 44.5  tG 310  e2 0.26  nF 13.7  pS 0.39  ptS 0.37  fLog 0.52  pdΔ -0.1149  pkR 3.78  clip 0.22  kl +0.007
upd   45  steps   94208  sps 1125  opp symm  loss +0.028  pg +0.0588  v 0.005  ev +0.39  adv_std 0.093  tR -1.00  ent[s/d/p/e] 2.09/2.49/1.16/0.57  emits 1.18  spf 34.1  z0 0.55  garr 46.2  tG 324  e2 0.25  nF 14.0  pS 0.38  ptS 0.36  fLog 0.51  pdΔ -0.1232  pkR 11.05  clip 0.19  kl +0.005
upd   46  steps   96256  sps 1141  opp symm  loss -0.053  pg -0.0469  v 0.051  ev +0.35  adv_std 0.336  tR -0.07  ent[s/d/p/e] 2.09/2.50/1.14/0.52  emits 0.93  spf 33.3  z0 0.64  garr 42.1  tG 282  e2 0.19  nF 11.5  pS 0.32  ptS 0.30  fLog 0.51  pdΔ -0.1843  pkR 19.07  clip 0.14  kl +0.003
upd   47  steps   98304  sps 1156  opp symm  loss +0.081  pg +0.1114  v 0.001  ev +0.87  adv_std 0.050  tR -1.00  ent[s/d/p/e] 1.81/2.44/1.21/0.47  emits 0.48  spf 33.7  z0 0.78  garr 48.0  tG 159  e2 0.10  nF 5.6  pS 0.20  ptS 0.19  fLog 0.52  pdΔ -0.3002  pkR 4.97  clip 0.08  kl +0.003
upd   48  steps  100352  sps 1171  opp symm  loss +0.024  pg +0.0546  v 0.002  ev +0.81  adv_std 0.071  tR +0.33  ent[s/d/p/e] 1.88/2.45/1.25/0.52  emits 0.58  spf 36.1  z0 0.71  garr 53.1  tG 223  e2 0.12  nF 6.4  pS 0.24  ptS 0.23  fLog 0.52  pdΔ -0.2588  pkR 4.58  clip 0.08  kl +0.003
upd   49  steps  102400  sps 1186  opp symm  loss -0.001  pg +0.0292  v 0.003  ev +0.73  adv_std 0.066  tR +1.00  ent[s/d/p/e] 1.88/2.43/1.16/0.53  emits 0.56  spf 45.0  z0 0.71  garr 59.0  tG 293  e2 0.12  nF 6.2  pS 0.27  ptS 0.26  fLog 0.54  pdΔ -0.2310  pkR 4.60  clip 0.09  kl +0.001
upd   50  steps  104448  sps 1201  opp symm  loss -0.061  pg -0.0281  v 0.001  ev +0.91  adv_std 0.044  tR +1.00  ent[s/d/p/e] 1.92/2.48/1.30/0.57  emits 0.57  spf 47.2  z0 0.69  garr 62.3  tG 331  e2 0.12  nF 6.6  pS 0.30  ptS 0.28  fLog 0.56  pdΔ -0.2048  pkR 3.34  clip 0.15  kl +0.004
upd   51  steps  106496  sps 1215  opp symm  loss -0.037  pg -0.0038  v 0.002  ev +0.86  adv_std 0.066  tR +0.00  ent[s/d/p/e] 1.93/2.45/1.25/0.60  emits 0.72  spf 47.9  z0 0.64  garr 57.9  tG 347  e2 0.16  nF 7.7  pS 0.33  ptS 0.31  fLog 0.55  pdΔ -0.1749  pkR 5.08  clip 0.10  kl +0.004
upd   52  steps  108544  sps 1229  opp symm  loss -0.050  pg -0.0177  v 0.003  ev +0.86  adv_std 0.080  tR +0.33  ent[s/d/p/e] 2.02/2.44/1.15/0.60  emits 0.95  spf 39.9  z0 0.58  garr 50.5  tG 322  e2 0.21  nF 10.1  pS 0.35  ptS 0.33  fLog 0.53  pdΔ -0.1524  pkR 4.36  clip 0.15  kl +0.004
upd   53  steps  110592  sps 1244  opp symm  loss +0.032  pg +0.0637  v 0.005  ev +0.82  adv_std 0.098  tR -0.33  ent[s/d/p/e] 2.05/2.47/1.22/0.59  emits 0.94  spf 38.7  z0 0.58  garr 45.7  tG 303  e2 0.21  nF 10.8  pS 0.36  ptS 0.34  fLog 0.53  pdΔ -0.1445  pkR 3.92  clip 0.16  kl +0.005
upd   54  steps  112640  sps 1257  opp symm  loss -0.040  pg -0.0070  v 0.003  ev +0.85  adv_std 0.078  tR -0.20  ent[s/d/p/e] 2.08/2.52/1.24/0.57  emits 0.74  spf 43.9  z0 0.65  garr 55.3  tG 356  e2 0.17  nF 9.3  pS 0.36  ptS 0.35  fLog 0.56  pdΔ -0.1379  pkR 3.13  clip 0.25  kl +0.004
upd   55  steps  114688  sps 1271  opp symm  loss -0.034  pg -0.0023  v 0.004  ev +0.85  adv_std 0.084  tR +0.33  ent[s/d/p/e] 2.02/2.50/1.22/0.58  emits 0.88  spf 46.2  z0 0.60  garr 55.5  tG 347  e2 0.19  nF 9.6  pS 0.35  ptS 0.33  fLog 0.56  pdΔ -0.1506  pkR 5.97  clip 0.10  kl +0.003
upd   56  steps  116736  sps 1285  opp symm  loss -0.014  pg +0.0192  v 0.002  ev +0.92  adv_std 0.059  tR +0.33  ent[s/d/p/e] 1.96/2.47/1.21/0.59  emits 0.87  spf 41.7  z0 0.61  garr 52.9  tG 315  e2 0.20  nF 9.1  pS 0.33  ptS 0.32  fLog 0.55  pdΔ -0.1662  pkR 7.15  clip 0.10  kl +0.004
upd   57  steps  118784  sps 1298  opp symm  loss -0.015  pg +0.0151  v 0.006  ev +0.83  adv_std 0.104  tR -1.00  ent[s/d/p/e] 1.89/2.41/1.18/0.58  emits 1.07  spf 33.4  z0 0.56  garr 46.2  tG 250  e2 0.23  nF 11.3  pS 0.32  ptS 0.31  fLog 0.52  pdΔ -0.1751  pkR 3.66  clip 0.10  kl +0.001
upd   58  steps  120832  sps 1311  opp symm  loss -0.011  pg +0.0204  v 0.005  ev +0.90  adv_std 0.095  tR +0.00  ent[s/d/p/e] 1.93/2.42/1.18/0.58  emits 0.93  spf 34.3  z0 0.60  garr 46.5  tG 271  e2 0.21  nF 11.3  pS 0.32  ptS 0.32  fLog 0.52  pdΔ -0.1765  pkR 3.96  clip 0.15  kl +0.004
upd   59  steps  122880  sps 1324  opp symm  loss -0.039  pg -0.0071  v 0.004  ev +0.91  adv_std 0.083  tR -0.60  ent[s/d/p/e] 1.94/2.47/1.20/0.58  emits 0.82  spf 41.2  z0 0.62  garr 50.3  tG 320  e2 0.18  nF 9.4  pS 0.32  ptS 0.32  fLog 0.54  pdΔ -0.1798  pkR 4.61  clip 0.12  kl +0.002
upd   60  steps  124928  sps 1337  opp symm  loss -0.024  pg +0.0065  v 0.005  ev +0.88  adv_std 0.098  tR +0.33  ent[s/d/p/e] 1.94/2.44/1.21/0.58  emits 0.78  spf 39.0  z0 0.63  garr 52.3  tG 330  e2 0.18  nF 9.1  pS 0.32  ptS 0.31  fLog 0.54  pdΔ -0.1794  pkR 4.38  clip 0.17  kl +0.005
upd   61  steps  126976  sps 1349  opp symm  loss -0.021  pg +0.0101  v 0.004  ev +0.91  adv_std 0.083  tR +1.00  ent[s/d/p/e] 1.86/2.39/1.18/0.60  emits 0.80  spf 42.8  z0 0.61  garr 54.6  tG 348  e2 0.18  nF 9.3  pS 0.32  ptS 0.31  fLog 0.54  pdΔ -0.1813  pkR 3.70  clip 0.14  kl +0.009
upd   62  steps  129024  sps 1362  opp symm  loss -0.027  pg -0.0028  v 0.014  ev +0.75  adv_std 0.171  tR -0.46  ent[s/d/p/e] 1.87/2.50/1.26/0.48  emits 0.47  spf 55.8  z0 0.74  garr 52.0  tG 306  e2 0.10  nF 4.9  pS 0.25  ptS 0.24  fLog 0.60  pdΔ -0.2549  pkR 4.67  clip 0.09  kl +0.004
upd   63  steps  131072  sps 1374  opp symm  loss +0.028  pg +0.0593  v 0.002  ev +0.92  adv_std 0.068  tR +1.00  ent[s/d/p/e] 1.90/2.53/1.23/0.51  emits 0.54  spf 52.0  z0 0.73  garr 55.7  tG 304  e2 0.11  nF 4.8  pS 0.25  ptS 0.24  fLog 0.58  pdΔ -0.2510  pkR 5.77  clip 0.11  kl +0.003
upd   64  steps  133120  sps 1386  opp symm  loss +0.021  pg +0.0510  v 0.003  ev +0.91  adv_std 0.081  tR +0.00  ent[s/d/p/e] 1.85/2.50/1.24/0.48  emits 0.49  spf 52.8  z0 0.73  garr 55.6  tG 289  e2 0.10  nF 4.9  pS 0.25  ptS 0.24  fLog 0.59  pdΔ -0.2548  pkR 4.56  clip 0.11  kl +0.009
upd   65  steps  135168  sps 1398  opp symm  loss -0.050  pg -0.0186  v 0.002  ev +0.95  adv_std 0.059  tR +1.00  ent[s/d/p/e] 1.92/2.49/1.21/0.54  emits 0.52  spf 50.6  z0 0.74  garr 61.9  tG 332  e2 0.11  nF 4.8  pS 0.26  ptS 0.26  fLog 0.58  pdΔ -0.2389  pkR 4.39  clip 0.10  kl +0.004
upd   66  steps  137216  sps 1410  opp symm  loss -0.101  pg -0.0695  v 0.003  ev +0.94  adv_std 0.076  tR +0.00  ent[s/d/p/e] 1.90/2.50/1.25/0.57  emits 0.57  spf 52.7  z0 0.71  garr 67.7  tG 377  e2 0.12  nF 5.7  pS 0.28  ptS 0.28  fLog 0.59  pdΔ -0.2188  pkR 3.82  clip 0.14  kl +0.005
upd   67  steps  139264  sps 1421  opp symm  loss -0.022  pg +0.0091  v 0.005  ev +0.93  adv_std 0.094  tR +1.00  ent[s/d/p/e] 1.86/2.45/1.17/0.60  emits 0.75  spf 48.5  z0 0.62  garr 54.0  tG 333  e2 0.17  nF 6.9  pS 0.30  ptS 0.30  fLog 0.57  pdΔ -0.1968  pkR 4.03  clip 0.11  kl +0.001
upd   68  steps  141312  sps 1433  opp symm  loss -0.056  pg -0.0248  v 0.003  ev +0.95  adv_std 0.082  tR +0.00  ent[s/d/p/e] 1.81/2.38/1.21/0.59  emits 0.64  spf 45.4  z0 0.65  garr 48.0  tG 319  e2 0.13  nF 6.7  pS 0.30  ptS 0.30  fLog 0.56  pdΔ -0.1964  pkR 4.58  clip 0.07  kl +0.002
upd   69  steps  143360  sps 1444  opp symm  loss +0.018  pg +0.0486  v 0.006  ev +0.93  adv_std 0.106  tR -1.00  ent[s/d/p/e] 1.81/2.39/1.21/0.60  emits 0.76  spf 44.7  z0 0.62  garr 45.2  tG 305  e2 0.17  nF 7.5  pS 0.30  ptS 0.30  fLog 0.56  pdΔ -0.1985  pkR 4.69  clip 0.10  kl +0.005
upd   70  steps  145408  sps 1455  opp symm  loss -0.017  pg +0.0132  v 0.006  ev +0.92  adv_std 0.105  tR +0.33  ent[s/d/p/e] 1.85/2.40/1.20/0.60  emits 0.74  spf 43.1  z0 0.63  garr 42.6  tG 275  e2 0.17  nF 8.0  pS 0.30  ptS 0.30  fLog 0.56  pdΔ -0.2028  pkR 4.07  clip 0.12  kl +0.007
upd   71  steps  147456  sps 1466  opp symm  loss -0.051  pg -0.0207  v 0.006  ev +0.92  adv_std 0.108  tR -0.60  ent[s/d/p/e] 1.83/2.40/1.24/0.60  emits 0.72  spf 43.5  z0 0.63  garr 44.3  tG 290  e2 0.16  nF 7.2  pS 0.31  ptS 0.30  fLog 0.56  pdΔ -0.1900  pkR 3.20  clip 0.07  kl +0.001
upd   72  steps  149504  sps 1477  opp symm  loss -0.004  pg +0.0257  v 0.006  ev +0.92  adv_std 0.108  tR +0.00  ent[s/d/p/e] 1.79/2.32/1.22/0.60  emits 0.87  spf 39.9  z0 0.60  garr 41.9  tG 284  e2 0.20  nF 8.7  pS 0.32  ptS 0.31  fLog 0.55  pdΔ -0.1777  pkR 6.71  clip 0.17  kl +0.005
upd   73  steps  151552  sps 1488  opp symm  loss -0.013  pg +0.0175  v 0.005  ev +0.95  adv_std 0.095  tR -0.33  ent[s/d/p/e] 1.80/2.34/1.21/0.60  emits 0.83  spf 35.8  z0 0.59  garr 38.7  tG 239  e2 0.18  nF 9.6  pS 0.31  ptS 0.30  fLog 0.53  pdΔ -0.1867  pkR 3.93  clip 0.12  kl +0.004
upd   74  steps  153600  sps 1498  opp symm  loss -0.039  pg -0.0088  v 0.007  ev +0.93  adv_std 0.119  tR -0.20  ent[s/d/p/e] 1.91/2.43/1.23/0.60  emits 0.70  spf 39.1  z0 0.64  garr 45.0  tG 282  e2 0.16  nF 7.9  pS 0.32  ptS 0.31  fLog 0.55  pdΔ -0.1777  pkR 4.11  clip 0.11  kl +0.008
upd   75  steps  155648  sps 1509  opp symm  loss -0.011  pg +0.0203  v 0.005  ev +0.95  adv_std 0.097  tR -0.20  ent[s/d/p/e] 1.89/2.40/1.23/0.59  emits 0.73  spf 41.2  z0 0.65  garr 48.6  tG 294  e2 0.16  nF 7.2  pS 0.31  ptS 0.30  fLog 0.55  pdΔ -0.1889  pkR 3.98  clip 0.09  kl +0.003
upd   76  steps  157696  sps 1519  opp symm  loss +0.001  pg +0.0331  v 0.003  ev +0.97  adv_std 0.076  tR -1.00  ent[s/d/p/e] 1.86/2.39/1.24/0.60  emits 0.72  spf 41.5  z0 0.64  garr 48.0  tG 295  e2 0.16  nF 7.3  pS 0.31  ptS 0.30  fLog 0.55  pdΔ -0.1871  pkR 4.37  clip 0.21  kl +0.010
upd   77  steps  159744  sps 1529  opp symm  loss -0.038  pg -0.0122  v 0.016  ev +0.88  adv_std 0.178  tR -0.05  ent[s/d/p/e] 1.86/2.37/1.24/0.59  emits 0.80  spf 39.1  z0 0.60  garr 39.4  tG 264  e2 0.17  nF 7.8  pS 0.31  ptS 0.30  fLog 0.55  pdΔ -0.1890  pkR 4.21  clip 0.15  kl +0.004
upd   78  steps  161792  sps 1539  opp symm  loss -0.027  pg +0.0020  v 0.004  ev +0.95  adv_std 0.093  tR +1.00  ent[s/d/p/e] 1.64/2.24/1.21/0.56  emits 0.62  spf 37.5  z0 0.66  garr 35.4  tG 201  e2 0.14  nF 6.5  pS 0.25  ptS 0.24  fLog 0.54  pdΔ -0.2539  pkR 7.19  clip 0.09  kl +0.003
upd   79  steps  163840  sps 1549  opp symm  loss -0.048  pg -0.0174  v 0.004  ev +0.97  adv_std 0.087  tR +0.33  ent[s/d/p/e] 1.74/2.26/1.23/0.58  emits 0.71  spf 33.7  z0 0.63  garr 33.8  tG 197  e2 0.15  nF 7.3  pS 0.26  ptS 0.26  fLog 0.53  pdΔ -0.2364  pkR 6.59  clip 0.14  kl +0.005
upd   80  steps  165888  sps 1559  opp symm  loss -0.003  pg +0.0275  v 0.003  ev +0.98  adv_std 0.079  tR +0.00  ent[s/d/p/e] 1.76/2.34/1.21/0.57  emits 0.66  spf 36.2  z0 0.66  garr 35.2  tG 200  e2 0.15  nF 7.3  pS 0.26  ptS 0.25  fLog 0.54  pdΔ -0.2415  pkR 5.64  clip 0.13  kl +0.003
upd   81  steps  167936  sps 1569  opp symm  loss +0.039  pg +0.0688  v 0.005  ev +0.96  adv_std 0.096  tR -1.00  ent[s/d/p/e] 1.72/2.31/1.21/0.59  emits 0.80  spf 33.5  z0 0.61  garr 32.9  tG 192  e2 0.18  nF 8.9  pS 0.27  ptS 0.27  fLog 0.52  pdΔ -0.2256  pkR 4.36  clip 0.14  kl +0.004
upd   82  steps  169984  sps 1578  opp symm  loss -0.051  pg -0.0214  v 0.007  ev +0.94  adv_std 0.115  tR +0.33  ent[s/d/p/e] 1.77/2.34/1.20/0.60  emits 0.71  spf 35.0  z0 0.63  garr 36.3  tG 228  e2 0.16  nF 8.8  pS 0.29  ptS 0.29  fLog 0.53  pdΔ -0.2052  pkR 4.29  clip 0.11  kl +0.003
upd   83  steps  172032  sps 1588  opp symm  loss -0.026  pg +0.0051  v 0.005  ev +0.96  adv_std 0.098  tR +0.00  ent[s/d/p/e] 1.81/2.40/1.26/0.60  emits 0.71  spf 40.2  z0 0.64  garr 41.0  tG 268  e2 0.16  nF 8.2  pS 0.31  ptS 0.31  fLog 0.56  pdΔ -0.1875  pkR 3.53  clip 0.10  kl +0.003
upd   84  steps  174080  sps 1597  opp symm  loss -0.025  pg +0.0066  v 0.005  ev +0.95  adv_std 0.099  tR +0.33  ent[s/d/p/e] 1.88/2.43/1.25/0.60  emits 0.63  spf 43.1  z0 0.66  garr 46.2  tG 310  e2 0.14  nF 7.2  pS 0.32  ptS 0.31  fLog 0.57  pdΔ -0.1814  pkR 3.58  clip 0.08  kl +0.001
upd   85  steps  176128  sps 1606  opp symm  loss -0.048  pg -0.0170  v 0.003  ev +0.96  adv_std 0.082  tR +0.50  ent[s/d/p/e] 1.86/2.43/1.20/0.58  emits 0.58  spf 47.1  z0 0.67  garr 47.3  tG 343  e2 0.13  nF 6.1  pS 0.32  ptS 0.32  fLog 0.58  pdΔ -0.1814  pkR 3.83  clip 0.06  kl -0.001
upd   86  steps  178176  sps 1616  opp symm  loss -0.059  pg -0.0290  v 0.007  ev +0.92  adv_std 0.122  tR +0.20  ent[s/d/p/e] 1.79/2.38/1.22/0.60  emits 0.60  spf 50.9  z0 0.66  garr 51.0  tG 364  e2 0.13  nF 5.6  pS 0.31  ptS 0.31  fLog 0.59  pdΔ -0.1866  pkR 4.13  clip 0.08  kl +0.002
upd   87  steps  180224  sps 1625  opp symm  loss +0.007  pg +0.0386  v 0.002  ev +0.97  adv_std 0.068  tR +0.00  ent[s/d/p/e] 1.79/2.39/1.23/0.59  emits 0.56  spf 54.2  z0 0.66  garr 52.3  tG 381  e2 0.12  nF 6.1  pS 0.32  ptS 0.32  fLog 0.59  pdΔ -0.1768  pkR 4.91  clip 0.11  kl -0.001
upd   88  steps  182272  sps 1634  opp symm  loss -0.045  pg -0.0153  v 0.006  ev +0.93  adv_std 0.110  tR +0.43  ent[s/d/p/e] 1.81/2.41/1.25/0.58  emits 0.49  spf 60.2  z0 0.70  garr 55.7  tG 416  e2 0.10  nF 5.0  pS 0.32  ptS 0.31  fLog 0.61  pdΔ -0.1782  pkR 4.81  clip 0.13  kl +0.006
upd   89  steps  184320  sps 1642  opp symm  loss -0.023  pg +0.0075  v 0.006  ev +0.93  adv_std 0.105  tR -1.00  ent[s/d/p/e] 1.81/2.41/1.23/0.59  emits 0.54  spf 58.5  z0 0.67  garr 54.4  tG 406  e2 0.12  nF 5.5  pS 0.32  ptS 0.31  fLog 0.61  pdΔ -0.1808  pkR 5.18  clip 0.07  kl +0.003
upd   90  steps  186368  sps 1651  opp symm  loss -0.041  pg -0.0096  v 0.003  ev +0.97  adv_std 0.072  tR -1.00  ent[s/d/p/e] 1.82/2.40/1.25/0.58  emits 0.52  spf 56.5  z0 0.69  garr 55.7  tG 431  e2 0.12  nF 5.5  pS 0.33  ptS 0.32  fLog 0.61  pdΔ -0.1748  pkR 4.83  clip 0.08  kl +0.002
upd   91  steps  188416  sps 1660  opp symm  loss -0.037  pg -0.0065  v 0.005  ev +0.92  adv_std 0.101  tR -0.33  ent[s/d/p/e] 1.85/2.42/1.22/0.58  emits 0.57  spf 55.5  z0 0.65  garr 56.2  tG 432  e2 0.12  nF 5.6  pS 0.33  ptS 0.33  fLog 0.59  pdΔ -0.1719  pkR 5.90  clip 0.12  kl +0.004
upd   92  steps  190464  sps 1668  opp symm  loss -0.014  pg +0.0173  v 0.004  ev +0.93  adv_std 0.090  tR +0.00  ent[s/d/p/e] 1.84/2.38/1.17/0.59  emits 0.59  spf 54.0  z0 0.66  garr 55.6  tG 432  e2 0.13  nF 6.6  pS 0.34  ptS 0.34  fLog 0.59  pdΔ -0.1615  pkR 4.91  clip 0.10  kl +0.003
upd   93  steps  192512  sps 1677  opp symm  loss -0.045  pg -0.0163  v 0.007  ev +0.88  adv_std 0.122  tR +0.27  ent[s/d/p/e] 1.75/2.37/1.21/0.56  emits 0.56  spf 54.2  z0 0.67  garr 51.6  tG 382  e2 0.12  nF 5.5  pS 0.30  ptS 0.30  fLog 0.59  pdΔ -0.1985  pkR 6.07  clip 0.11  kl +0.006
upd   94  steps  194560  sps 1685  opp symm  loss +0.027  pg +0.0574  v 0.003  ev +0.93  adv_std 0.075  tR +0.00  ent[s/d/p/e] 1.68/2.34/1.15/0.59  emits 0.58  spf 49.3  z0 0.66  garr 48.5  tG 334  e2 0.13  nF 5.6  pS 0.29  ptS 0.29  fLog 0.58  pdΔ -0.2053  pkR 4.69  clip 0.10  kl +0.006
upd   95  steps  196608  sps 1693  opp symm  loss -0.015  pg +0.0145  v 0.007  ev +0.88  adv_std 0.115  tR -1.00  ent[s/d/p/e] 1.70/2.33/1.18/0.59  emits 0.58  spf 49.7  z0 0.65  garr 46.4  tG 329  e2 0.12  nF 6.0  pS 0.30  ptS 0.30  fLog 0.59  pdΔ -0.1950  pkR 3.84  clip 0.08  kl +0.002
upd   96  steps  198656  sps 1701  opp symm  loss -0.052  pg -0.0216  v 0.004  ev +0.94  adv_std 0.097  tR +0.00  ent[s/d/p/e] 1.76/2.37/1.18/0.56  emits 0.52  spf 50.2  z0 0.68  garr 49.2  tG 357  e2 0.11  nF 5.5  pS 0.31  ptS 0.30  fLog 0.59  pdΔ -0.1901  pkR 3.86  clip 0.07  kl +0.003
upd   97  steps  200704  sps 1709  opp symm  loss -0.008  pg +0.0226  v 0.004  ev +0.95  adv_std 0.092  tR +0.00  ent[s/d/p/e] 1.66/2.34/1.20/0.59  emits 0.50  spf 55.0  z0 0.68  garr 53.6  tG 400  e2 0.10  nF 5.2  pS 0.31  ptS 0.30  fLog 0.60  pdΔ -0.1902  pkR 4.57  clip 0.12  kl +0.004
upd   98  steps  202752  sps 1717  opp symm  loss -0.041  pg -0.0110  v 0.006  ev +0.94  adv_std 0.104  tR +0.33  ent[s/d/p/e] 1.73/2.35/1.21/0.59  emits 0.54  spf 56.4  z0 0.66  garr 56.3  tG 414  e2 0.12  nF 5.5  pS 0.32  ptS 0.31  fLog 0.60  pdΔ -0.1779  pkR 4.97  clip 0.08  kl +0.002
[eval_vs_v20] u99 tag=train_u99  bin0=0.0%  spf=0.00  garr=128.50  flip=0.00%  z0=71.9%  e8=0.0%  e2+=0.0%  WLD=0/3/0
upd   99  steps  204800  sps 1725  opp symm  loss -0.061  pg -0.0300  v 0.004  ev +0.96  adv_std 0.085  tR +1.00  ent[s/d/p/e] 1.72/2.36/1.20/0.59  emits 0.52  spf 57.7  z0 0.68  garr 54.5  tG 418  e2 0.11  nF 5.6  pS 0.33  ptS 0.32  fLog 0.61  pdΔ -0.1697  pkR 4.18  clip 0.09  kl +0.003 WRr 0.09 v20[spf 0.0 flip 0.0% e2+ 0.0%]
upd  100  steps  206848  sps 934  opp symm  loss -0.024  pg +0.0045  v 0.008  ev +0.93  adv_std 0.124  tR +0.60  ent[s/d/p/e] 1.79/2.39/1.18/0.58  emits 0.53  spf 57.1  z0 0.68  garr 57.2  tG 411  e2 0.11  nF 5.4  pS 0.32  ptS 0.31  fLog 0.60  pdΔ -0.1799  pkR 3.73  clip 0.08  kl +0.002
upd  101  steps  208896  sps 940  opp symm  loss -0.033  pg -0.0027  v 0.005  ev +0.96  adv_std 0.099  tR -0.50  ent[s/d/p/e] 1.66/2.31/1.17/0.60  emits 0.55  spf 51.5  z0 0.67  garr 53.2  tG 369  e2 0.12  nF 5.6  pS 0.30  ptS 0.29  fLog 0.59  pdΔ -0.1952  pkR 3.77  clip 0.12  kl +0.005
upd  102  steps  210944  sps 947  opp symm  loss +0.010  pg +0.0392  v 0.006  ev +0.95  adv_std 0.107  tR +0.33  ent[s/d/p/e] 1.69/2.34/1.17/0.56  emits 0.50  spf 53.1  z0 0.69  garr 52.6  tG 369  e2 0.11  nF 5.3  pS 0.30  ptS 0.29  fLog 0.60  pdΔ -0.2005  pkR 4.33  clip 0.10  kl +0.003
upd  103  steps  212992  sps 953  opp symm  loss -0.026  pg +0.0035  v 0.006  ev +0.95  adv_std 0.113  tR -0.50  ent[s/d/p/e] 1.74/2.32/1.14/0.59  emits 0.57  spf 56.1  z0 0.68  garr 54.4  tG 384  e2 0.13  nF 5.4  pS 0.30  ptS 0.29  fLog 0.60  pdΔ -0.2019  pkR 4.99  clip 0.09  kl +0.001
upd  104  steps  215040  sps 959  opp symm  loss -0.029  pg -0.0002  v 0.006  ev +0.96  adv_std 0.111  tR -0.33  ent[s/d/p/e] 1.69/2.24/1.13/0.57  emits 0.56  spf 52.6  z0 0.67  garr 51.4  tG 382  e2 0.11  nF 5.7  pS 0.30  ptS 0.30  fLog 0.59  pdΔ -0.2007  pkR 5.43  clip 0.12  kl +0.001
upd  105  steps  217088  sps 966  opp symm  loss -0.017  pg +0.0120  v 0.005  ev +0.96  adv_std 0.102  tR +0.33  ent[s/d/p/e] 1.75/2.33/1.17/0.55  emits 0.55  spf 53.0  z0 0.69  garr 53.1  tG 389  e2 0.12  nF 5.8  pS 0.31  ptS 0.30  fLog 0.59  pdΔ -0.1947  pkR 7.12  clip 0.12  kl +0.003
upd  106  steps  219136  sps 972  opp symm  loss -0.024  pg +0.0050  v 0.006  ev +0.95  adv_std 0.109  tR -1.00  ent[s/d/p/e] 1.76/2.33/1.16/0.58  emits 0.56  spf 53.3  z0 0.68  garr 55.1  tG 406  e2 0.12  nF 6.0  pS 0.32  ptS 0.31  fLog 0.59  pdΔ -0.1847  pkR 3.78  clip 0.07  kl +0.002
upd  107  steps  221184  sps 978  opp symm  loss -0.012  pg +0.0177  v 0.006  ev +0.95  adv_std 0.109  tR +0.00  ent[s/d/p/e] 1.79/2.37/1.13/0.59  emits 0.55  spf 59.7  z0 0.68  garr 59.7  tG 438  e2 0.12  nF 5.5  pS 0.32  ptS 0.32  fLog 0.61  pdΔ -0.1806  pkR 3.58  clip 0.06  kl +0.003
upd  108  steps  223232  sps 985  opp symm  loss -0.039  pg -0.0146  v 0.017  ev +0.87  adv_std 0.185  tR -0.09  ent[s/d/p/e] 1.77/2.39/1.25/0.57  emits 0.50  spf 62.0  z0 0.69  garr 61.2  tG 433  e2 0.10  nF 5.0  pS 0.31  ptS 0.32  fLog 0.62  pdΔ -0.1862  pkR 4.23  clip 0.08  kl +0.001
upd  109  steps  225280  sps 991  opp symm  loss -0.057  pg -0.0277  v 0.004  ev +0.96  adv_std 0.089  tR +1.00  ent[s/d/p/e] 1.53/2.28/1.19/0.57  emits 0.49  spf 54.5  z0 0.69  garr 52.8  tG 374  e2 0.09  nF 4.0  pS 0.28  ptS 0.28  fLog 0.59  pdΔ -0.2210  pkR 6.88  clip 0.12  kl +0.000
upd  110  steps  227328  sps 997  opp symm  loss -0.033  pg -0.0025  v 0.004  ev +0.97  adv_std 0.091  tR -0.60  ent[s/d/p/e] 1.68/2.30/1.22/0.58  emits 0.53  spf 51.6  z0 0.68  garr 49.7  tG 370  e2 0.11  nF 4.7  pS 0.30  ptS 0.31  fLog 0.59  pdΔ -0.2017  pkR 5.10  clip 0.11  kl +0.004
upd  111  steps  229376  sps 1003  opp symm  loss -0.017  pg +0.0124  v 0.006  ev +0.95  adv_std 0.106  tR -0.33  ent[s/d/p/e] 1.74/2.37/1.25/0.54  emits 0.43  spf 57.0  z0 0.72  garr 56.5  tG 422  e2 0.09  nF 4.1  pS 0.30  ptS 0.31  fLog 0.61  pdΔ -0.1953  pkR 5.12  clip 0.08  kl +0.002
upd  112  steps  231424  sps 1009  opp symm  loss +0.006  pg +0.0360  v 0.003  ev +0.96  adv_std 0.080  tR -0.33  ent[s/d/p/e] 1.76/2.35/1.26/0.53  emits 0.47  spf 61.6  z0 0.70  garr 58.9  tG 428  e2 0.09  nF 4.0  pS 0.30  ptS 0.30  fLog 0.62  pdΔ -0.2004  pkR 3.72  clip 0.08  kl +0.003
upd  113  steps  233472  sps 1015  opp symm  loss +0.015  pg +0.0443  v 0.005  ev +0.95  adv_std 0.104  tR +1.00  ent[s/d/p/e] 1.83/2.39/1.22/0.53  emits 0.45  spf 63.6  z0 0.74  garr 63.4  tG 470  e2 0.09  nF 4.1  pS 0.31  ptS 0.31  fLog 0.62  pdΔ -0.1891  pkR 3.96  clip 0.06  kl +0.001
upd  114  steps  235520  sps 1021  opp symm  loss -0.002  pg +0.0267  v 0.007  ev +0.94  adv_std 0.121  tR +1.00  ent[s/d/p/e] 1.87/2.43/1.25/0.51  emits 0.45  spf 71.6  z0 0.72  garr 66.5  tG 497  e2 0.09  nF 4.0  pS 0.32  ptS 0.32  fLog 0.65  pdΔ -0.1766  pkR 4.10  clip 0.07  kl +0.002
upd  115  steps  237568  sps 1027  opp symm  loss -0.009  pg +0.0204  v 0.005  ev +0.96  adv_std 0.103  tR -0.50  ent[s/d/p/e] 1.87/2.43/1.24/0.51  emits 0.47  spf 69.2  z0 0.72  garr 64.8  tG 499  e2 0.09  nF 4.1  pS 0.32  ptS 0.31  fLog 0.63  pdΔ -0.1804  pkR 4.22  clip 0.14  kl +0.005
upd  116  steps  239616  sps 1033  opp symm  loss -0.032  pg -0.0029  v 0.006  ev +0.95  adv_std 0.110  tR -0.20  ent[s/d/p/e] 1.80/2.37/1.25/0.52  emits 0.50  spf 66.2  z0 0.72  garr 63.7  tG 500  e2 0.09  nF 4.3  pS 0.32  ptS 0.31  fLog 0.62  pdΔ -0.1822  pkR 5.92  clip 0.08  kl +0.004
upd  117  steps  241664  sps 1039  opp symm  loss -0.008  pg +0.0202  v 0.004  ev +0.96  adv_std 0.092  tR -0.33  ent[s/d/p/e] 1.74/2.30/1.21/0.51  emits 0.49  spf 62.1  z0 0.72  garr 64.1  tG 518  e2 0.10  nF 4.3  pS 0.31  ptS 0.30  fLog 0.60  pdΔ -0.1897  pkR 5.67  clip 0.07  kl +0.001
upd  118  steps  243712  sps 1045  opp symm  loss -0.035  pg -0.0056  v 0.003  ev +0.96  adv_std 0.081  tR -1.00  ent[s/d/p/e] 1.77/2.32/1.19/0.51  emits 0.54  spf 59.6  z0 0.72  garr 67.0  tG 502  e2 0.11  nF 5.0  pS 0.31  ptS 0.30  fLog 0.60  pdΔ -0.1853  pkR 5.47  clip 0.10  kl +0.004
upd  119  steps  245760  sps 1051  opp symm  loss -0.010  pg +0.0200  v 0.004  ev +0.96  adv_std 0.090  tR +0.60  ent[s/d/p/e] 1.85/2.38/1.21/0.52  emits 0.49  spf 63.4  z0 0.73  garr 77.3  tG 572  e2 0.10  nF 4.9  pS 0.33  ptS 0.32  fLog 0.61  pdΔ -0.1689  pkR 5.13  clip 0.09  kl +0.000
upd  120  steps  247808  sps 1057  opp symm  loss -0.022  pg +0.0075  v 0.003  ev +0.97  adv_std 0.073  tR +0.00  ent[s/d/p/e] 1.82/2.39/1.23/0.50  emits 0.48  spf 60.4  z0 0.73  garr 86.9  tG 620  e2 0.09  nF 4.7  pS 0.32  ptS 0.31  fLog 0.61  pdΔ -0.1829  pkR 5.04  clip 0.09  kl +0.003
upd  121  steps  249856  sps 1063  opp symm  loss -0.008  pg +0.0209  v 0.005  ev +0.95  adv_std 0.103  tR +0.00  ent[s/d/p/e] 1.93/2.47/1.21/0.48  emits 0.42  spf 64.6  z0 0.76  garr 97.4  tG 697  e2 0.08  nF 4.4  pS 0.33  ptS 0.32  fLog 0.61  pdΔ -0.1689  pkR 5.04  clip 0.06  kl +0.000
upd  122  steps  251904  sps 1069  opp symm  loss +0.025  pg +0.0541  v 0.002  ev +0.98  adv_std 0.068  tR +0.20  ent[s/d/p/e] 1.83/2.41/1.17/0.47  emits 0.40  spf 62.0  z0 0.76  garr 109.1  tG 753  e2 0.08  nF 3.7  pS 0.31  ptS 0.30  fLog 0.61  pdΔ -0.1891  pkR 6.09  clip 0.08  kl +0.002
upd  123  steps  253952  sps 1074  opp symm  loss +0.005  pg +0.0334  v 0.004  ev +0.96  adv_std 0.086  tR +0.00  ent[s/d/p/e] 1.92/2.45/1.22/0.45  emits 0.38  spf 63.4  z0 0.78  garr 116.8  tG 802  e2 0.07  nF 4.1  pS 0.31  ptS 0.30  fLog 0.60  pdΔ -0.1924  pkR 6.82  clip 0.05  kl +0.001
upd  124  steps  256000  sps 1080  opp symm  loss -0.018  pg +0.0038  v 0.015  ev +0.82  adv_std 0.171  tR +0.00  ent[s/d/p/e] 1.67/2.28/1.24/0.43  emits 0.34  spf 63.3  z0 0.78  garr 95.8  tG 622  e2 0.06  nF 3.9  pS 0.28  ptS 0.27  fLog 0.60  pdΔ -0.2222  pkR 6.63  clip 0.07  kl +0.003
upd  125  steps  258048  sps 1086  opp symm  loss -0.039  pg -0.0125  v 0.005  ev +0.93  adv_std 0.099  tR +0.33  ent[s/d/p/e] 1.42/2.16/1.31/0.44  emits 0.29  spf 54.1  z0 0.81  garr 89.8  tG 550  e2 0.05  nF 3.0  pS 0.26  ptS 0.25  fLog 0.59  pdΔ -0.2424  pkR 6.50  clip 0.03  kl +0.001
upd  126  steps  260096  sps 1091  opp symm  loss -0.073  pg -0.0474  v 0.007  ev +0.88  adv_std 0.121  tR -0.33  ent[s/d/p/e] 1.55/2.27/1.27/0.44  emits 0.29  spf 60.7  z0 0.81  garr 102.6  tG 627  e2 0.04  nF 2.6  pS 0.26  ptS 0.25  fLog 0.60  pdΔ -0.2352  pkR 7.02  clip 0.04  kl +0.002
upd  127  steps  262144  sps 1097  opp symm  loss -0.017  pg +0.0090  v 0.007  ev +0.87  adv_std 0.119  tR +0.20  ent[s/d/p/e] 1.66/2.32/1.29/0.44  emits 0.30  spf 70.1  z0 0.80  garr 102.4  tG 677  e2 0.06  nF 2.9  pS 0.28  ptS 0.27  fLog 0.62  pdΔ -0.2177  pkR 6.39  clip 0.05  kl +0.004
upd  128  steps  264192  sps 1103  opp symm  loss -0.031  pg -0.0036  v 0.006  ev +0.89  adv_std 0.107  tR -1.00  ent[s/d/p/e] 1.76/2.35/1.23/0.47  emits 0.40  spf 63.3  z0 0.77  garr 109.8  tG 764  e2 0.08  nF 3.9  pS 0.31  ptS 0.30  fLog 0.61  pdΔ -0.1871  pkR 6.56  clip 0.07  kl +0.001
upd  129  steps  266240  sps 1108  opp symm  loss -0.074  pg -0.0448  v 0.002  ev +0.97  adv_std 0.063  tR +0.33  ent[s/d/p/e] 1.90/2.43/1.18/0.47  emits 0.34  spf 72.6  z0 0.79  garr 126.8  tG 899  e2 0.06  nF 4.0  pS 0.33  ptS 0.33  fLog 0.64  pdΔ -0.1651  pkR 5.96  clip 0.10  kl +0.004
upd  130  steps  268288  sps 1114  opp symm  loss -0.003  pg +0.0246  v 0.004  ev +0.94  adv_std 0.085  tR +1.00  ent[s/d/p/e] 1.70/2.35/1.23/0.46  emits 0.30  spf 78.3  z0 0.79  garr 132.1  tG 959  e2 0.06  nF 3.2  pS 0.34  ptS 0.33  fLog 0.64  pdΔ -0.1611  pkR 6.71  clip 0.10  kl +0.005
upd  131  steps  270336  sps 1119  opp symm  loss +0.006  pg +0.0321  v 0.009  ev +0.88  adv_std 0.131  tR +0.14  ent[s/d/p/e] 1.78/2.37/1.29/0.44  emits 0.29  spf 78.7  z0 0.81  garr 142.7  tG 1066  e2 0.06  nF 3.1  pS 0.34  ptS 0.33  fLog 0.65  pdΔ -0.1568  pkR 7.01  clip 0.08  kl +0.001
upd  132  steps  272384  sps 1125  opp symm  loss -0.012  pg +0.0147  v 0.004  ev +0.94  adv_std 0.094  tR +0.33  ent[s/d/p/e] 1.66/2.31/1.30/0.39  emits 0.26  spf 64.3  z0 0.84  garr 156.1  tG 1093  e2 0.05  nF 2.7  pS 0.33  ptS 0.32  fLog 0.60  pdΔ -0.1726  pkR 6.98  clip 0.04  kl -0.001
upd  133  steps  274432  sps 1130  opp symm  loss +0.009  pg +0.0346  v 0.007  ev +0.92  adv_std 0.119  tR +0.20  ent[s/d/p/e] 1.75/2.39/1.30/0.40  emits 0.33  spf 72.0  z0 0.80  garr 161.0  tG 1140  e2 0.06  nF 3.3  pS 0.33  ptS 0.32  fLog 0.62  pdΔ -0.1711  pkR 4.96  clip 0.12  kl +0.004
upd  134  steps  276480  sps 1135  opp symm  loss -0.008  pg +0.0195  v 0.003  ev +0.97  adv_std 0.072  tR +0.00  ent[s/d/p/e] 1.85/2.42/1.23/0.40  emits 0.29  spf 78.7  z0 0.83  garr 173.9  tG 1185  e2 0.06  nF 2.9  pS 0.33  ptS 0.32  fLog 0.63  pdΔ -0.1713  pkR 4.51  clip 0.07  kl +0.002
upd  135  steps  278528  sps 1141  opp symm  loss -0.107  pg -0.0817  v 0.005  ev +0.95  adv_std 0.102  tR -0.67  ent[s/d/p/e] 1.71/2.28/1.32/0.37  emits 0.23  spf 81.5  z0 0.85  garr 183.1  tG 1350  e2 0.04  nF 2.3  pS 0.34  ptS 0.34  fLog 0.64  pdΔ -0.1571  pkR 4.59  clip 0.04  kl +0.001
upd  136  steps  280576  sps 1146  opp symm  loss -0.040  pg -0.0131  v 0.004  ev +0.96  adv_std 0.086  tR -0.33  ent[s/d/p/e] 1.75/2.36/1.36/0.36  emits 0.23  spf 90.2  z0 0.85  garr 196.9  tG 1512  e2 0.04  nF 2.2  pS 0.35  ptS 0.34  fLog 0.66  pdΔ -0.1507  pkR 4.50  clip 0.05  kl -0.000
upd  137  steps  282624  sps 1151  opp symm  loss +0.023  pg +0.0480  v 0.007  ev +0.94  adv_std 0.115  tR -0.20  ent[s/d/p/e] 1.81/2.36/1.33/0.34  emits 0.21  spf 86.5  z0 0.86  garr 204.4  tG 1592  e2 0.04  nF 2.2  pS 0.35  ptS 0.34  fLog 0.65  pdΔ -0.1483  pkR 4.62  clip 0.05  kl +0.001
upd  138  steps  284672  sps 1157  opp symm  loss +0.006  pg +0.0327  v 0.004  ev +0.97  adv_std 0.090  tR +0.50  ent[s/d/p/e] 1.79/2.41/1.39/0.33  emits 0.20  spf 98.8  z0 0.87  garr 214.2  tG 1637  e2 0.03  nF 2.1  pS 0.35  ptS 0.33  fLog 0.68  pdΔ -0.1544  pkR 4.97  clip 0.03  kl -0.001
upd  139  steps  286720  sps 1162  opp symm  loss -0.062  pg -0.0363  v 0.006  ev +0.95  adv_std 0.106  tR +0.00  ent[s/d/p/e] 1.83/2.41/1.29/0.34  emits 0.19  spf 104.5  z0 0.87  garr 221.3  tG 1638  e2 0.03  nF 1.7  pS 0.33  ptS 0.32  fLog 0.68  pdΔ -0.1731  pkR 5.14  clip 0.07  kl +0.003
upd  140  steps  288768  sps 1167  opp symm  loss -0.085  pg -0.0611  v 0.004  ev +0.97  adv_std 0.089  tR -0.14  ent[s/d/p/e] 1.55/2.39/1.32/0.28  emits 0.15  spf 97.3  z0 0.89  garr 187.6  tG 1338  e2 0.02  nF 1.4  pS 0.28  ptS 0.27  fLog 0.67  pdΔ -0.2204  pkR 6.74  clip 0.07  kl +0.004
upd  141  steps  290816  sps 1172  opp symm  loss -0.061  pg -0.0400  v 0.013  ev +0.90  adv_std 0.161  tR -0.20  ent[s/d/p/e] 1.49/2.34/1.40/0.35  emits 0.15  spf 104.2  z0 0.88  garr 199.3  tG 1367  e2 0.02  nF 1.2  pS 0.28  ptS 0.27  fLog 0.66  pdΔ -0.2163  pkR 5.08  clip 0.09  kl +0.004
upd  142  steps  292864  sps 1178  opp symm  loss -0.096  pg -0.0709  v 0.004  ev +0.96  adv_std 0.085  tR +0.00  ent[s/d/p/e] 1.49/2.24/1.33/0.36  emits 0.20  spf 96.1  z0 0.86  garr 191.7  tG 1286  e2 0.03  nF 1.5  pS 0.28  ptS 0.26  fLog 0.65  pdΔ -0.2241  pkR 4.99  clip 0.05  kl +0.001
upd  143  steps  294912  sps 1183  opp symm  loss -0.003  pg +0.0234  v 0.003  ev +0.97  adv_std 0.074  tR +0.33  ent[s/d/p/e] 1.51/2.20/1.38/0.39  emits 0.22  spf 88.8  z0 0.84  garr 184.4  tG 1208  e2 0.04  nF 2.0  pS 0.28  ptS 0.27  fLog 0.64  pdΔ -0.2158  pkR 5.28  clip 0.05  kl +0.000
upd  144  steps  296960  sps 1188  opp symm  loss -0.073  pg -0.0450  v 0.004  ev +0.96  adv_std 0.090  tR -1.00  ent[s/d/p/e] 1.73/2.36/1.33/0.43  emits 0.30  spf 87.1  z0 0.81  garr 197.4  tG 1286  e2 0.05  nF 2.3  pS 0.31  ptS 0.29  fLog 0.65  pdΔ -0.1921  pkR 4.33  clip 0.05  kl +0.000
upd  145  steps  299008  sps 1193  opp symm  loss -0.026  pg +0.0014  v 0.007  ev +0.95  adv_std 0.114  tR +0.33  ent[s/d/p/e] 1.83/2.39/1.33/0.45  emits 0.31  spf 97.6  z0 0.80  garr 196.3  tG 1309  e2 0.06  nF 2.8  pS 0.33  ptS 0.31  fLog 0.67  pdΔ -0.1710  pkR 4.31  clip 0.07  kl -0.001
upd  146  steps  301056  sps 1198  opp symm  loss -0.070  pg -0.0415  v 0.004  ev +0.97  adv_std 0.092  tR +0.00  ent[s/d/p/e] 1.94/2.41/1.33/0.44  emits 0.32  spf 90.9  z0 0.80  garr 185.7  tG 1258  e2 0.06  nF 2.8  pS 0.34  ptS 0.32  fLog 0.67  pdΔ -0.1626  pkR 4.52  clip 0.05  kl +0.002
upd  147  steps  303104  sps 1203  opp symm  loss +0.002  pg +0.0291  v 0.005  ev +0.96  adv_std 0.103  tR +0.60  ent[s/d/p/e] 1.80/2.30/1.29/0.43  emits 0.30  spf 87.6  z0 0.81  garr 169.9  tG 1151  e2 0.05  nF 2.7  pS 0.32  ptS 0.30  fLog 0.65  pdΔ -0.1803  pkR 5.16  clip 0.12  kl +0.006
upd  148  steps  305152  sps 1208  opp symm  loss -0.015  pg +0.0112  v 0.007  ev +0.95  adv_std 0.121  tR +0.60  ent[s/d/p/e] 1.81/2.34/1.24/0.42  emits 0.33  spf 78.5  z0 0.80  garr 160.2  tG 1068  e2 0.06  nF 2.7  pS 0.32  ptS 0.30  fLog 0.64  pdΔ -0.1847  pkR 4.63  clip 0.07  kl +0.003
upd  149  steps  307200  sps 1213  opp symm  loss -0.013  pg +0.0149  v 0.003  ev +0.98  adv_std 0.081  tR -0.60  ent[s/d/p/e] 1.75/2.26/1.25/0.46  emits 0.39  spf 76.4  z0 0.77  garr 150.7  tG 1013  e2 0.07  nF 3.0  pS 0.32  ptS 0.30  fLog 0.63  pdΔ -0.1837  pkR 4.98  clip 0.05  kl +0.002
upd  150  steps  309248  sps 1218  opp symm  loss -0.030  pg -0.0048  v 0.008  ev +0.93  adv_std 0.130  tR -0.20  ent[s/d/p/e] 1.72/2.25/1.26/0.45  emits 0.35  spf 77.1  z0 0.78  garr 141.4  tG 1000  e2 0.07  nF 3.4  pS 0.33  ptS 0.31  fLog 0.63  pdΔ -0.1695  pkR 5.02  clip 0.06  kl +0.002
upd  151  steps  311296  sps 1223  opp symm  loss -0.018  pg +0.0095  v 0.006  ev +0.94  adv_std 0.109  tR -0.50  ent[s/d/p/e] 1.72/2.22/1.27/0.47  emits 0.41  spf 60.6  z0 0.77  garr 129.2  tG 907  e2 0.08  nF 3.5  pS 0.32  ptS 0.30  fLog 0.59  pdΔ -0.1816  pkR 4.84  clip 0.11  kl +0.003
upd  152  steps  313344  sps 1228  opp symm  loss -0.032  pg -0.0077  v 0.010  ev +0.90  adv_std 0.140  tR +0.20  ent[s/d/p/e] 1.68/2.28/1.30/0.41  emits 0.28  spf 65.0  z0 0.82  garr 131.4  tG 922  e2 0.04  nF 2.9  pS 0.31  ptS 0.30  fLog 0.61  pdΔ -0.1945  pkR 4.87  clip 0.05  kl +0.000
upd  153  steps  315392  sps 1233  opp symm  loss -0.022  pg +0.0021  v 0.008  ev +0.94  adv_std 0.127  tR +0.50  ent[s/d/p/e] 1.57/2.22/1.33/0.40  emits 0.23  spf 71.8  z0 0.84  garr 137.1  tG 979  e2 0.04  nF 2.4  pS 0.29  ptS 0.28  fLog 0.62  pdΔ -0.2083  pkR 4.71  clip 0.05  kl +0.001
upd  154  steps  317440  sps 1238  opp symm  loss -0.059  pg -0.0322  v 0.004  ev +0.97  adv_std 0.089  tR -0.20  ent[s/d/p/e] 1.59/2.25/1.36/0.41  emits 0.26  spf 79.5  z0 0.82  garr 141.6  tG 1028  e2 0.04  nF 2.6  pS 0.30  ptS 0.28  fLog 0.64  pdΔ -0.2047  pkR 5.09  clip 0.07  kl -0.001
upd  155  steps  319488  sps 1243  opp symm  loss +0.001  pg +0.0239  v 0.015  ev +0.90  adv_std 0.169  tR -1.00  ent[s/d/p/e] 1.60/2.18/1.38/0.46  emits 0.35  spf 73.7  z0 0.78  garr 136.3  tG 952  e2 0.07  nF 3.3  pS 0.29  ptS 0.27  fLog 0.62  pdΔ -0.2148  pkR 6.27  clip 0.11  kl +0.002
upd  156  steps  321536  sps 1248  opp symm  loss -0.028  pg -0.0003  v 0.004  ev +0.98  adv_std 0.084  tR +0.00  ent[s/d/p/e] 1.58/2.17/1.35/0.47  emits 0.31  spf 57.6  z0 0.80  garr 136.0  tG 924  e2 0.05  nF 3.4  pS 0.28  ptS 0.27  fLog 0.59  pdΔ -0.2205  pkR 7.32  clip 0.11  kl +0.007
upd  157  steps  323584  sps 1252  opp symm  loss -0.055  pg -0.0305  v 0.008  ev +0.95  adv_std 0.126  tR -0.50  ent[s/d/p/e] 1.57/2.13/1.35/0.43  emits 0.32  spf 67.5  z0 0.80  garr 132.9  tG 914  e2 0.06  nF 3.6  pS 0.28  ptS 0.27  fLog 0.60  pdΔ -0.2212  pkR 7.04  clip 0.10  kl +0.002
upd  158  steps  325632  sps 1257  opp symm  loss -0.056  pg -0.0295  v 0.007  ev +0.95  adv_std 0.125  tR -0.60  ent[s/d/p/e] 1.54/2.16/1.43/0.47  emits 0.37  spf 62.4  z0 0.77  garr 113.7  tG 797  e2 0.07  nF 4.0  pS 0.28  ptS 0.27  fLog 0.60  pdΔ -0.2166  pkR 7.81  clip 0.07  kl +0.000
upd  159  steps  327680  sps 1262  opp symm  loss +0.013  pg +0.0399  v 0.008  ev +0.96  adv_std 0.123  tR -0.33  ent[s/d/p/e] 1.73/2.23/1.35/0.49  emits 0.49  spf 62.1  z0 0.75  garr 113.7  tG 812  e2 0.10  nF 4.7  pS 0.31  ptS 0.30  fLog 0.61  pdΔ -0.1861  pkR 6.92  clip 0.10  kl +0.004
upd  160  steps  329728  sps 1267  opp symm  loss +0.003  pg +0.0319  v 0.006  ev +0.97  adv_std 0.104  tR +0.20  ent[s/d/p/e] 1.85/2.28/1.41/0.49  emits 0.52  spf 61.5  z0 0.73  garr 107.2  tG 753  e2 0.10  nF 5.5  pS 0.32  ptS 0.31  fLog 0.60  pdΔ -0.1760  pkR 7.39  clip 0.11  kl +0.002
upd  161  steps  331776  sps 1271  opp symm  loss +0.044  pg +0.0714  v 0.007  ev +0.95  adv_std 0.119  tR +1.00  ent[s/d/p/e] 1.75/2.24/1.44/0.45  emits 0.41  spf 54.6  z0 0.78  garr 117.1  tG 832  e2 0.08  nF 4.6  pS 0.32  ptS 0.31  fLog 0.59  pdΔ -0.1818  pkR 6.72  clip 0.05  kl +0.002
upd  162  steps  333824  sps 1276  opp symm  loss -0.017  pg +0.0097  v 0.008  ev +0.95  adv_std 0.128  tR +0.11  ent[s/d/p/e] 1.78/2.22/1.37/0.45  emits 0.42  spf 51.9  z0 0.79  garr 124.4  tG 859  e2 0.08  nF 4.2  pS 0.31  ptS 0.30  fLog 0.58  pdΔ -0.1917  pkR 7.61  clip 0.04  kl -0.000
upd  163  steps  335872  sps 1281  opp symm  loss +0.018  pg +0.0430  v 0.013  ev +0.91  adv_std 0.160  tR -0.20  ent[s/d/p/e] 1.69/2.20/1.43/0.48  emits 0.40  spf 58.9  z0 0.78  garr 123.3  tG 886  e2 0.08  nF 4.2  pS 0.30  ptS 0.30  fLog 0.59  pdΔ -0.1981  pkR 8.11  clip 0.11  kl +0.006
upd  164  steps  337920  sps 1285  opp symm  loss -0.001  pg +0.0277  v 0.006  ev +0.95  adv_std 0.110  tR -0.33  ent[s/d/p/e] 1.73/2.22/1.49/0.49  emits 0.44  spf 60.5  z0 0.76  garr 113.2  tG 833  e2 0.08  nF 4.8  pS 0.32  ptS 0.31  fLog 0.60  pdΔ -0.1837  pkR 8.63  clip 0.08  kl +0.003
upd  165  steps  339968  sps 1290  opp symm  loss -0.033  pg -0.0052  v 0.009  ev +0.93  adv_std 0.136  tR +0.71  ent[s/d/p/e] 1.70/2.14/1.50/0.51  emits 0.41  spf 61.5  z0 0.76  garr 106.1  tG 806  e2 0.08  nF 4.5  pS 0.32  ptS 0.31  fLog 0.60  pdΔ -0.1824  pkR 6.74  clip 0.09  kl +0.003
upd  166  steps  342016  sps 1294  opp symm  loss -0.071  pg -0.0426  v 0.007  ev +0.95  adv_std 0.115  tR +0.00  ent[s/d/p/e] 1.70/2.14/1.47/0.50  emits 0.41  spf 64.3  z0 0.75  garr 91.9  tG 668  e2 0.08  nF 4.5  pS 0.31  ptS 0.30  fLog 0.61  pdΔ -0.1913  pkR 5.60  clip 0.10  kl +0.003
upd  167  steps  344064  sps 1299  opp symm  loss -0.069  pg -0.0388  v 0.004  ev +0.97  adv_std 0.093  tR +0.00  ent[s/d/p/e] 1.66/2.10/1.44/0.54  emits 0.43  spf 63.9  z0 0.73  garr 87.9  tG 629  e2 0.08  nF 4.4  pS 0.31  ptS 0.30  fLog 0.62  pdΔ -0.1939  pkR 4.78  clip 0.06  kl +0.001
upd  168  steps  346112  sps 1304  opp symm  loss -0.038  pg -0.0089  v 0.008  ev +0.95  adv_std 0.123  tR +1.00  ent[s/d/p/e] 1.77/2.18/1.43/0.55  emits 0.50  spf 57.3  z0 0.70  garr 86.7  tG 629  e2 0.10  nF 4.8  pS 0.32  ptS 0.31  fLog 0.60  pdΔ -0.1815  pkR 4.91  clip 0.10  kl +0.003
upd  169  steps  348160  sps 1308  opp symm  loss +0.003  pg +0.0319  v 0.006  ev +0.96  adv_std 0.107  tR +0.20  ent[s/d/p/e] 1.71/2.08/1.42/0.52  emits 0.51  spf 57.4  z0 0.71  garr 87.2  tG 645  e2 0.10  nF 5.1  pS 0.32  ptS 0.31  fLog 0.59  pdΔ -0.1838  pkR 5.25  clip 0.12  kl +0.001
upd  170  steps  350208  sps 1313  opp symm  loss -0.061  pg -0.0345  v 0.008  ev +0.95  adv_std 0.124  tR +0.00  ent[s/d/p/e] 1.60/1.90/1.38/0.53  emits 0.46  spf 49.9  z0 0.72  garr 74.4  tG 579  e2 0.10  nF 5.1  pS 0.31  ptS 0.30  fLog 0.57  pdΔ -0.1918  pkR 5.30  clip 0.12  kl +0.005
upd  171  steps  352256  sps 1317  opp symm  loss -0.047  pg -0.0194  v 0.008  ev +0.95  adv_std 0.127  tR -0.50  ent[s/d/p/e] 1.63/1.94/1.44/0.56  emits 0.55  spf 47.6  z0 0.68  garr 60.1  tG 476  e2 0.12  nF 5.3  pS 0.31  ptS 0.30  fLog 0.57  pdΔ -0.1933  pkR 6.64  clip 0.08  kl +0.003
upd  172  steps  354304  sps 1322  opp symm  loss -0.031  pg -0.0018  v 0.008  ev +0.94  adv_std 0.131  tR -0.60  ent[s/d/p/e] 1.78/1.99/1.42/0.58  emits 0.74  spf 47.2  z0 0.61  garr 49.9  tG 422  e2 0.16  nF 6.8  pS 0.34  ptS 0.33  fLog 0.57  pdΔ -0.1571  pkR 4.39  clip 0.11  kl -0.001
upd  173  steps  356352  sps 1326  opp symm  loss -0.014  pg +0.0151  v 0.008  ev +0.94  adv_std 0.125  tR +0.50  ent[s/d/p/e] 1.86/2.05/1.43/0.56  emits 0.72  spf 41.2  z0 0.65  garr 45.7  tG 383  e2 0.15  nF 7.8  pS 0.34  ptS 0.32  fLog 0.56  pdΔ -0.1644  pkR 6.03  clip 0.06  kl +0.001
upd  174  steps  358400  sps 1330  opp symm  loss -0.041  pg -0.0112  v 0.007  ev +0.95  adv_std 0.119  tR +0.00  ent[s/d/p/e] 1.96/2.11/1.47/0.56  emits 0.68  spf 44.1  z0 0.66  garr 47.3  tG 408  e2 0.14  nF 7.6  pS 0.35  ptS 0.33  fLog 0.57  pdΔ -0.1528  pkR 4.98  clip 0.07  kl +0.000
upd  175  steps  360448  sps 1335  opp symm  loss +0.034  pg +0.0636  v 0.006  ev +0.96  adv_std 0.113  tR +0.71  ent[s/d/p/e] 1.98/2.08/1.44/0.54  emits 0.69  spf 42.4  z0 0.67  garr 44.5  tG 371  e2 0.14  nF 7.4  pS 0.33  ptS 0.32  fLog 0.57  pdΔ -0.1748  pkR 5.06  clip 0.09  kl +0.004
upd  176  steps  362496  sps 1339  opp symm  loss -0.003  pg +0.0255  v 0.007  ev +0.94  adv_std 0.119  tR +0.00  ent[s/d/p/e] 1.82/1.98/1.40/0.55  emits 0.64  spf 41.7  z0 0.67  garr 43.7  tG 368  e2 0.14  nF 6.2  pS 0.31  ptS 0.30  fLog 0.55  pdΔ -0.1939  pkR 7.95  clip 0.08  kl +0.002
upd  177  steps  364544  sps 1344  opp symm  loss -0.027  pg +0.0027  v 0.005  ev +0.96  adv_std 0.098  tR +0.50  ent[s/d/p/e] 1.70/1.85/1.47/0.55  emits 0.61  spf 42.1  z0 0.67  garr 48.2  tG 383  e2 0.13  nF 6.0  pS 0.29  ptS 0.29  fLog 0.55  pdΔ -0.2071  pkR 8.93  clip 0.08  kl +0.002
upd  178  steps  366592  sps 1348  opp symm  loss -0.012  pg +0.0168  v 0.006  ev +0.93  adv_std 0.112  tR +0.11  ent[s/d/p/e] 1.64/1.83/1.47/0.57  emits 0.60  spf 41.1  z0 0.65  garr 42.2  tG 324  e2 0.13  nF 5.9  pS 0.29  ptS 0.28  fLog 0.55  pdΔ -0.2141  pkR 5.58  clip 0.11  kl +0.002
upd  179  steps  368640  sps 1352  opp symm  loss -0.075  pg -0.0470  v 0.006  ev +0.93  adv_std 0.113  tR +0.25  ent[s/d/p/e] 1.53/1.80/1.48/0.57  emits 0.57  spf 39.6  z0 0.67  garr 41.8  tG 287  e2 0.13  nF 5.9  pS 0.26  ptS 0.25  fLog 0.55  pdΔ -0.2399  pkR 7.35  clip 0.09  kl +0.003
upd  180  steps  370688  sps 1356  opp symm  loss -0.017  pg +0.0117  v 0.006  ev +0.94  adv_std 0.109  tR +0.33  ent[s/d/p/e] 1.49/1.71/1.50/0.58  emits 0.58  spf 37.4  z0 0.66  garr 41.1  tG 280  e2 0.13  nF 6.3  pS 0.26  ptS 0.25  fLog 0.54  pdΔ -0.2437  pkR 10.16  clip 0.08  kl +0.000
upd  181  steps  372736  sps 1361  opp symm  loss -0.024  pg +0.0047  v 0.007  ev +0.93  adv_std 0.121  tR +0.00  ent[s/d/p/e] 1.51/1.80/1.52/0.58  emits 0.56  spf 40.7  z0 0.68  garr 42.1  tG 304  e2 0.12  nF 6.2  pS 0.26  ptS 0.26  fLog 0.55  pdΔ -0.2364  pkR 10.52  clip 0.09  kl +0.004
upd  182  steps  374784  sps 1365  opp symm  loss -0.026  pg +0.0006  v 0.012  ev +0.90  adv_std 0.151  tR +0.00  ent[s/d/p/e] 1.61/1.83/1.52/0.58  emits 0.63  spf 40.6  z0 0.65  garr 39.7  tG 279  e2 0.14  nF 6.5  pS 0.27  ptS 0.27  fLog 0.55  pdΔ -0.2325  pkR 7.80  clip 0.08  kl +0.003
upd  183  steps  376832  sps 1369  opp symm  loss -0.029  pg +0.0020  v 0.005  ev +0.96  adv_std 0.102  tR +0.00  ent[s/d/p/e] 1.80/1.96/1.52/0.59  emits 0.77  spf 39.1  z0 0.60  garr 38.9  tG 290  e2 0.16  nF 7.5  pS 0.31  ptS 0.31  fLog 0.55  pdΔ -0.1944  pkR 3.96  clip 0.09  kl +0.003
upd  184  steps  378880  sps 1373  opp symm  loss -0.044  pg -0.0145  v 0.007  ev +0.95  adv_std 0.119  tR -0.33  ent[s/d/p/e] 1.83/1.95/1.47/0.59  emits 0.76  spf 42.3  z0 0.63  garr 39.6  tG 320  e2 0.16  nF 7.5  pS 0.33  ptS 0.32  fLog 0.56  pdΔ -0.1744  pkR 5.34  clip 0.09  kl +0.003
upd  185  steps  380928  sps 1378  opp symm  loss -0.019  pg +0.0071  v 0.013  ev +0.92  adv_std 0.163  tR +0.71  ent[s/d/p/e] 1.84/1.98/1.42/0.57  emits 0.82  spf 37.7  z0 0.62  garr 38.3  tG 323  e2 0.17  nF 8.5  pS 0.32  ptS 0.32  fLog 0.54  pdΔ -0.1793  pkR 9.83  clip 0.11  kl +0.002