
=== [2026-06-11T07:22:02Z] v14f_binary_v1_a_p0i2_ORBITWARS_SHAPING_ONE_SHIP_PENALTY_0.015_6d2caaf22a phase=a kind=probe chunk=500 env={"ORBITWARS_SHAPING_ANTI_HOARD": 0.035, "ORBITWARS_SHAPING_CAPTURE": 0.04, "ORBITWARS_SHAPING_RELEASE": 0.0075, "ORBITWARS_SHAPING_RELEASE_K": 15.0, "ORBITWARS_SHAPING_PROD_SHARE_DELTA": 0.015, "ORBITWARS_SHAPING_ONE_SHIP_PENALTY": 0.015} ppo={"ent_coef_emit": 0.0225, "lr_peak": 4.5e-05} ===
[reward] kaggle-aligned: terminal +1 win/+1 tie>0/-1 loss/-1 double-wipeout; is_terminal at step >= episode_steps-2; SHAPING_SCALE=0.0; v1: KEEP_HOME=0.0 FLEET_SIZE=0.0/norm20.0; v2 (expert-replay calibrated): PROD_SHARE=0.0 PLANET_SHARE=0.0 FLEET_LOG=0.0/ref500.0/floor0.3; v3 (top10-2630ep calibrated): PROD_SHARE_DELTA=0.015 EMIT_LOG=0.0 EMIT_GATED=0.0 RELEASE=0.0075/K15.0 CAPTURE=0.04; ANTI_HOARD=0.035/thresh0.6; episode_steps=500 (kaggle=500, mismatch=False)
[symmetric] Frog Parade style: same params drive BOTH players, no frozen/strong/buffer opponents, zero_sum_value=True
upd    0  steps    2048  sps 38  opp symm  loss +0.071  pg +0.0919  v 0.001  ev -0.15  adv_std 0.054  tR +0.00  ent[s/d/p/e] 0.18/1.77/1.60/0.25  emits 0.10  spf 24.7  z0 0.91  garr 26.8  tG 34  e2 0.00  nF 0.7  pS 0.06  ptS 0.06  fLog 0.49  pdΔ -0.4386  pkR 6.27  clip 0.00  kl +0.000
upd    1  steps    4096  sps 74  opp symm  loss -0.052  pg -0.0281  v 0.001  ev -0.02  adv_std 0.053  tR +0.00  ent[s/d/p/e] 0.60/1.94/1.50/0.34  emits 0.13  spf 36.3  z0 0.89  garr 46.4  tG 107  e2 0.01  nF 1.5  pS 0.11  ptS 0.10  fLog 0.54  pdΔ -0.3917  pkR 5.45  clip 0.04  kl +0.002
upd    2  steps    6144  sps 110  opp symm  loss -0.073  pg -0.0484  v 0.005  ev +0.01  adv_std 0.103  tR +0.00  ent[s/d/p/e] 0.98/2.10/1.56/0.39  emits 0.16  spf 50.9  z0 0.86  garr 68.7  tG 227  e2 0.02  nF 1.7  pS 0.15  ptS 0.14  fLog 0.57  pdΔ -0.3510  pkR 4.24  clip 0.03  kl +0.001
upd    3  steps    8192  sps 145  opp symm  loss -0.081  pg -0.0526  v 0.003  ev +0.21  adv_std 0.077  tR -1.00  ent[s/d/p/e] 1.18/2.05/1.40/0.51  emits 0.28  spf 51.9  z0 0.78  garr 68.2  tG 302  e2 0.05  nF 3.0  pS 0.18  ptS 0.18  fLog 0.55  pdΔ -0.3169  pkR 5.05  clip 0.13  kl +0.008
upd    4  steps   10240  sps 179  opp symm  loss -0.092  pg -0.0623  v 0.002  ev +0.35  adv_std 0.072  tR -1.00  ent[s/d/p/e] 1.40/2.13/1.37/0.53  emits 0.27  spf 54.9  z0 0.79  garr 72.1  tG 408  e2 0.05  nF 3.5  pS 0.24  ptS 0.22  fLog 0.56  pdΔ -0.2644  pkR 5.32  clip 0.12  kl +0.008
upd    5  steps   12288  sps 213  opp symm  loss -0.071  pg -0.0380  v 0.001  ev +0.36  adv_std 0.054  tR +0.00  ent[s/d/p/e] 1.66/2.31/1.42/0.58  emits 0.41  spf 60.3  z0 0.72  garr 75.3  tG 487  e2 0.09  nF 4.1  pS 0.28  ptS 0.27  fLog 0.58  pdΔ -0.2203  pkR 4.65  clip 0.31  kl +0.012
upd    6  steps   14336  sps 246  opp symm  loss -0.082  pg -0.0496  v 0.003  ev +0.27  adv_std 0.075  tR -1.00  ent[s/d/p/e] 1.83/2.35/1.30/0.61  emits 0.54  spf 62.8  z0 0.65  garr 71.8  tG 514  e2 0.12  nF 5.4  pS 0.32  ptS 0.31  fLog 0.58  pdΔ -0.1788  pkR 4.31  clip 0.18  kl +0.003
upd    7  steps   16384  sps 278  opp symm  loss -0.058  pg -0.0249  v 0.003  ev +0.25  adv_std 0.078  tR +1.00  ent[s/d/p/e] 1.93/2.39/1.27/0.61  emits 0.51  spf 61.7  z0 0.68  garr 70.7  tG 554  e2 0.11  nF 6.2  pS 0.35  ptS 0.34  fLog 0.58  pdΔ -0.1458  pkR 4.39  clip 0.17  kl +0.009
upd    8  steps   18432  sps 309  opp symm  loss -0.053  pg -0.0208  v 0.003  ev +0.31  adv_std 0.079  tR +1.00  ent[s/d/p/e] 1.94/2.36/1.19/0.63  emits 0.54  spf 58.2  z0 0.66  garr 73.8  tG 596  e2 0.12  nF 6.2  pS 0.37  ptS 0.35  fLog 0.57  pdΔ -0.1305  pkR 4.94  clip 0.13  kl +0.006
upd    9  steps   20480  sps 340  opp symm  loss -0.053  pg -0.0202  v 0.003  ev +0.36  adv_std 0.081  tR +1.00  ent[s/d/p/e] 1.99/2.37/1.19/0.63  emits 0.62  spf 58.7  z0 0.64  garr 68.3  tG 598  e2 0.14  nF 6.9  pS 0.39  ptS 0.37  fLog 0.57  pdΔ -0.1140  pkR 4.69  clip 0.20  kl +0.005
upd   10  steps   22528  sps 370  opp symm  loss -0.065  pg -0.0348  v 0.006  ev +0.39  adv_std 0.104  tR +0.00  ent[s/d/p/e] 1.97/2.29/1.04/0.63  emits 0.81  spf 50.0  z0 0.58  garr 60.6  tG 584  e2 0.20  nF 9.1  pS 0.40  ptS 0.38  fLog 0.54  pdΔ -0.0962  pkR 5.61  clip 0.32  kl +0.012
upd   11  steps   24576  sps 399  opp symm  loss -0.088  pg -0.0559  v 0.005  ev +0.50  adv_std 0.099  tR +0.00  ent[s/d/p/e] 2.15/2.44/1.10/0.63  emits 0.81  spf 49.7  z0 0.59  garr 55.5  tG 556  e2 0.20  nF 10.6  pS 0.42  ptS 0.40  fLog 0.54  pdΔ -0.0847  pkR 4.20  clip 0.40  kl +0.014
upd   12  steps   26624  sps 428  opp symm  loss -0.081  pg -0.0495  v 0.006  ev +0.56  adv_std 0.106  tR +0.00  ent[s/d/p/e] 2.14/2.45/1.14/0.62  emits 0.75  spf 52.0  z0 0.61  garr 56.4  tG 525  e2 0.19  nF 10.3  pS 0.40  ptS 0.38  fLog 0.55  pdΔ -0.1003  pkR 4.32  clip 0.10  kl +0.004
upd   13  steps   28672  sps 456  opp symm  loss -0.063  pg -0.0306  v 0.003  ev +0.63  adv_std 0.082  tR -1.00  ent[s/d/p/e] 2.17/2.47/1.09/0.63  emits 0.76  spf 47.7  z0 0.61  garr 54.1  tG 494  e2 0.19  nF 9.9  pS 0.41  ptS 0.39  fLog 0.54  pdΔ -0.0932  pkR 3.87  clip 0.14  kl +0.004
upd   14  steps   30720  sps 484  opp symm  loss -0.011  pg +0.0212  v 0.005  ev +0.67  adv_std 0.098  tR +0.33  ent[s/d/p/e] 2.13/2.46/1.12/0.62  emits 0.82  spf 49.4  z0 0.60  garr 56.1  tG 541  e2 0.21  nF 10.3  pS 0.42  ptS 0.40  fLog 0.55  pdΔ -0.0815  pkR 4.49  clip 0.12  kl +0.005
upd   15  steps   32768  sps 511  opp symm  loss -0.055  pg -0.0726  v 0.099  ev +0.04  adv_std 0.469  tR +0.23  ent[s/d/p/e] 2.05/2.42/1.15/0.54  emits 0.59  spf 46.6  z0 0.70  garr 48.4  tG 358  e2 0.14  nF 7.0  pS 0.29  ptS 0.28  fLog 0.54  pdΔ -0.2145  pkR 5.24  clip 0.09  kl +0.001
upd   16  steps   34816  sps 537  opp symm  loss -0.024  pg +0.0028  v 0.001  ev +0.77  adv_std 0.053  tR -1.00  ent[s/d/p/e] 1.18/2.15/1.25/0.43  emits 0.20  spf 44.5  z0 0.84  garr 48.3  tG 170  e2 0.03  nF 2.4  pS 0.14  ptS 0.13  fLog 0.55  pdΔ -0.3616  pkR 8.62  clip 0.05  kl +0.004
upd   17  steps   36864  sps 563  opp symm  loss +0.029  pg +0.0590  v 0.001  ev +0.74  adv_std 0.043  tR +0.00  ent[s/d/p/e] 1.35/2.19/1.29/0.52  emits 0.38  spf 51.9  z0 0.74  garr 53.6  tG 241  e2 0.07  nF 3.5  pS 0.19  ptS 0.18  fLog 0.57  pdΔ -0.3102  pkR 7.35  clip 0.12  kl +0.004
upd   18  steps   38912  sps 589  opp symm  loss -0.001  pg +0.0295  v 0.002  ev +0.77  adv_std 0.065  tR +1.00  ent[s/d/p/e] 1.58/2.21/1.22/0.56  emits 0.44  spf 52.3  z0 0.72  garr 58.2  tG 319  e2 0.10  nF 4.7  pS 0.25  ptS 0.24  fLog 0.56  pdΔ -0.2500  pkR 5.17  clip 0.22  kl +0.007
upd   19  steps   40960  sps 614  opp symm  loss +0.032  pg +0.0628  v 0.004  ev +0.62  adv_std 0.085  tR -1.00  ent[s/d/p/e] 1.72/2.25/1.16/0.62  emits 0.56  spf 54.5  z0 0.65  garr 65.0  tG 400  e2 0.13  nF 5.5  pS 0.29  ptS 0.28  fLog 0.56  pdΔ -0.2124  pkR 5.31  clip 0.18  kl +0.010
upd   20  steps   43008  sps 638  opp symm  loss -0.033  pg -0.0011  v 0.001  ev +0.87  adv_std 0.050  tR +0.00  ent[s/d/p/e] 1.80/2.32/1.13/0.61  emits 0.47  spf 57.6  z0 0.69  garr 71.6  tG 506  e2 0.10  nF 6.0  pS 0.32  ptS 0.30  fLog 0.57  pdΔ -0.1822  pkR 4.84  clip 0.07  kl +0.004
upd   21  steps   45056  sps 662  opp symm  loss -0.026  pg +0.0066  v 0.002  ev +0.84  adv_std 0.070  tR +1.00  ent[s/d/p/e] 1.87/2.36/1.14/0.64  emits 0.64  spf 62.5  z0 0.62  garr 78.2  tG 605  e2 0.15  nF 6.2  pS 0.35  ptS 0.34  fLog 0.57  pdΔ -0.1492  pkR 3.82  clip 0.14  kl +0.007
upd   22  steps   47104  sps 686  opp symm  loss -0.029  pg +0.0050  v 0.002  ev +0.90  adv_std 0.059  tR +0.00  ent[s/d/p/e] 1.91/2.37/1.19/0.65  emits 0.66  spf 66.4  z0 0.62  garr 75.7  tG 629  e2 0.16  nF 6.8  pS 0.37  ptS 0.35  fLog 0.59  pdΔ -0.1304  pkR 3.68  clip 0.11  kl +0.005
upd   23  steps   49152  sps 709  opp symm  loss -0.074  pg -0.0416  v 0.004  ev +0.86  adv_std 0.082  tR -1.00  ent[s/d/p/e] 1.99/2.41/1.12/0.65  emits 0.77  spf 68.5  z0 0.58  garr 72.6  tG 647  e2 0.19  nF 7.6  pS 0.38  ptS 0.37  fLog 0.59  pdΔ -0.1167  pkR 4.05  clip 0.20  kl +0.007
upd   24  steps   51200  sps 732  opp symm  loss -0.067  pg -0.0342  v 0.004  ev +0.86  adv_std 0.086  tR -0.33  ent[s/d/p/e] 2.03/2.39/1.15/0.65  emits 0.93  spf 57.4  z0 0.52  garr 61.6  tG 583  e2 0.22  nF 9.3  pS 0.40  ptS 0.39  fLog 0.57  pdΔ -0.0985  pkR 4.42  clip 0.14  kl +0.011
upd   25  steps   53248  sps 754  opp symm  loss -0.080  pg -0.0468  v 0.003  ev +0.89  adv_std 0.076  tR +0.33  ent[s/d/p/e] 2.08/2.41/1.09/0.64  emits 1.02  spf 53.7  z0 0.52  garr 56.9  tG 566  e2 0.25  nF 10.2  pS 0.42  ptS 0.40  fLog 0.56  pdΔ -0.0839  pkR 6.48  clip 0.20  kl +0.011
upd   26  steps   55296  sps 776  opp symm  loss -0.052  pg -0.0194  v 0.003  ev +0.87  adv_std 0.073  tR +0.33  ent[s/d/p/e] 2.03/2.40/1.11/0.61  emits 1.26  spf 47.0  z0 0.48  garr 50.0  tG 488  e2 0.30  nF 12.1  pS 0.40  ptS 0.39  fLog 0.54  pdΔ -0.1015  pkR 7.68  clip 0.20  kl +0.008
upd   27  steps   57344  sps 797  opp symm  loss -0.030  pg +0.0020  v 0.004  ev +0.80  adv_std 0.095  tR +0.60  ent[s/d/p/e] 2.00/2.39/1.14/0.61  emits 1.27  spf 40.8  z0 0.49  garr 44.0  tG 387  e2 0.30  nF 13.7  pS 0.38  ptS 0.37  fLog 0.52  pdΔ -0.1246  pkR 7.38  clip 0.19  kl +0.003
upd   28  steps   59392  sps 818  opp symm  loss +0.017  pg +0.0484  v 0.004  ev +0.83  adv_std 0.088  tR -0.33  ent[s/d/p/e] 2.04/2.37/1.10/0.61  emits 1.14  spf 42.6  z0 0.52  garr 40.8  tG 353  e2 0.26  nF 13.4  pS 0.37  ptS 0.36  fLog 0.52  pdΔ -0.1322  pkR 7.70  clip 0.18  kl +0.010
upd   29  steps   61440  sps 839  opp symm  loss -0.037  pg -0.0047  v 0.002  ev +0.93  adv_std 0.065  tR +0.00  ent[s/d/p/e] 2.01/2.36/1.11/0.62  emits 1.13  spf 41.0  z0 0.53  garr 44.0  tG 391  e2 0.27  nF 12.8  pS 0.37  ptS 0.37  fLog 0.52  pdΔ -0.1288  pkR 7.26  clip 0.16  kl +0.005
upd   30  steps   63488  sps 859  opp symm  loss -0.040  pg -0.0098  v 0.005  ev +0.86  adv_std 0.092  tR +0.00  ent[s/d/p/e] 1.98/2.33/1.07/0.57  emits 1.25  spf 37.8  z0 0.51  garr 43.7  tG 398  e2 0.28  nF 13.5  pS 0.35  ptS 0.35  fLog 0.51  pdΔ -0.1474  pkR 12.45  clip 0.19  kl +0.006
upd   31  steps   65536  sps 880  opp symm  loss +0.062  pg +0.0824  v 0.020  ev +0.44  adv_std 0.202  tR -0.31  ent[s/d/p/e] 1.80/2.32/1.12/0.47  emits 0.45  spf 46.2  z0 0.76  garr 42.2  tG 224  e2 0.10  nF 4.7  pS 0.21  ptS 0.20  fLog 0.54  pdΔ -0.2948  pkR 15.18  clip 0.07  kl +0.003
upd   32  steps   67584  sps 899  opp symm  loss -0.075  pg -0.0442  v 0.001  ev +0.78  adv_std 0.053  tR +0.00  ent[s/d/p/e] 1.73/2.36/1.24/0.53  emits 0.47  spf 47.7  z0 0.74  garr 49.2  tG 247  e2 0.10  nF 4.1  pS 0.22  ptS 0.21  fLog 0.57  pdΔ -0.2818  pkR 11.42  clip 0.09  kl +0.005
upd   33  steps   69632  sps 919  opp symm  loss +0.037  pg +0.0671  v 0.003  ev +0.67  adv_std 0.078  tR -1.00  ent[s/d/p/e] 1.77/2.34/1.19/0.56  emits 0.51  spf 48.7  z0 0.71  garr 50.5  tG 285  e2 0.11  nF 5.4  pS 0.25  ptS 0.25  fLog 0.56  pdΔ -0.2486  pkR 5.18  clip 0.10  kl +0.001
upd   34  steps   71680  sps 938  opp symm  loss -0.082  pg -0.0518  v 0.006  ev +0.68  adv_std 0.105  tR +0.60  ent[s/d/p/e] 1.87/2.41/1.22/0.56  emits 0.58  spf 52.2  z0 0.69  garr 54.4  tG 342  e2 0.13  nF 5.7  pS 0.29  ptS 0.28  fLog 0.58  pdΔ -0.2125  pkR 4.12  clip 0.15  kl +0.006
upd   35  steps   73728  sps 956  opp symm  loss -0.042  pg -0.0096  v 0.002  ev +0.87  adv_std 0.064  tR +0.00  ent[s/d/p/e] 1.88/2.43/1.21/0.60  emits 0.62  spf 55.3  z0 0.66  garr 57.8  tG 415  e2 0.14  nF 6.0  pS 0.32  ptS 0.31  fLog 0.58  pdΔ -0.1782  pkR 5.74  clip 0.08  kl +0.004
upd   36  steps   75776  sps 975  opp symm  loss -0.059  pg -0.0265  v 0.003  ev +0.88  adv_std 0.072  tR +0.00  ent[s/d/p/e] 1.95/2.42/1.14/0.61  emits 0.82  spf 50.3  z0 0.60  garr 56.9  tG 495  e2 0.20  nF 7.5  pS 0.37  ptS 0.35  fLog 0.56  pdΔ -0.1345  pkR 8.76  clip 0.14  kl +0.003
upd   37  steps   77824  sps 993  opp symm  loss -0.003  pg +0.0294  v 0.001  ev +0.88  adv_std 0.055  tR +1.00  ent[s/d/p/e] 1.94/2.39/1.09/0.62  emits 1.07  spf 46.6  z0 0.53  garr 51.1  tG 413  e2 0.25  nF 10.6  pS 0.37  ptS 0.35  fLog 0.55  pdΔ -0.1326  pkR 9.95  clip 0.16  kl +0.006
upd   38  steps   79872  sps 1010  opp symm  loss +0.009  pg +0.0410  v 0.004  ev +0.81  adv_std 0.085  tR +0.33  ent[s/d/p/e] 1.97/2.39/1.07/0.62  emits 1.13  spf 44.1  z0 0.52  garr 46.0  tG 386  e2 0.26  nF 12.3  pS 0.39  ptS 0.37  fLog 0.54  pdΔ -0.1125  pkR 4.90  clip 0.14  kl +0.006
upd   39  steps   81920  sps 1028  opp symm  loss +0.003  pg +0.0343  v 0.003  ev +0.83  adv_std 0.079  tR +1.00  ent[s/d/p/e] 1.95/2.38/1.01/0.60  emits 1.34  spf 42.3  z0 0.49  garr 43.7  tG 388  e2 0.31  nF 12.8  pS 0.39  ptS 0.37  fLog 0.53  pdΔ -0.1123  pkR 10.16  clip 0.19  kl +0.005
upd   40  steps   83968  sps 1045  opp symm  loss +0.009  pg +0.0402  v 0.003  ev +0.91  adv_std 0.071  tR +1.00  ent[s/d/p/e] 1.98/2.39/0.96/0.59  emits 1.37  spf 39.7  z0 0.51  garr 40.7  tG 367  e2 0.31  nF 14.9  pS 0.38  ptS 0.37  fLog 0.52  pdΔ -0.1173  pkR 14.17  clip 0.33  kl +0.012
upd   41  steps   86016  sps 1062  opp symm  loss -0.016  pg +0.0109  v 0.008  ev +0.81  adv_std 0.127  tR +0.11  ent[s/d/p/e] 1.94/2.35/0.91/0.55  emits 1.71  spf 33.5  z0 0.47  garr 32.4  tG 278  e2 0.36  nF 17.3  pS 0.38  ptS 0.36  fLog 0.49  pdΔ -0.1214  pkR 7.09  clip 0.24  kl +0.009
upd   42  steps   88064  sps 1079  opp symm  loss +0.027  pg +0.0529  v 0.007  ev +0.84  adv_std 0.118  tR -0.50  ent[s/d/p/e] 1.88/2.30/0.94/0.53  emits 1.46  spf 28.0  z0 0.51  garr 31.6  tG 241  e2 0.32  nF 16.9  pS 0.34  ptS 0.32  fLog 0.47  pdΔ -0.1619  pkR 10.44  clip 0.18  kl +0.006
upd   43  steps   90112  sps 1095  opp symm  loss +0.075  pg +0.1014  v 0.004  ev +0.92  adv_std 0.091  tR +0.33  ent[s/d/p/e] 1.85/2.31/0.90/0.49  emits 1.57  spf 26.7  z0 0.51  garr 32.8  tG 223  e2 0.32  nF 17.2  pS 0.32  ptS 0.30  fLog 0.47  pdΔ -0.1792  pkR 12.47  clip 0.21  kl +0.010
upd   44  steps   92160  sps 1111  opp symm  loss +0.093  pg +0.1201  v 0.003  ev +0.94  adv_std 0.077  tR -1.00  ent[s/d/p/e] 1.89/2.29/0.84/0.47  emits 1.66  spf 26.2  z0 0.50  garr 34.2  tG 228  e2 0.33  nF 18.8  pS 0.34  ptS 0.32  fLog 0.46  pdΔ -0.1648  pkR 5.82  clip 0.20  kl -0.002
upd   45  steps   94208  sps 1127  opp symm  loss +0.026  pg +0.0503  v 0.007  ev +0.90  adv_std 0.121  tR +0.71  ent[s/d/p/e] 1.89/2.29/0.85/0.48  emits 1.63  spf 25.6  z0 0.49  garr 34.3  tG 258  e2 0.32  nF 18.9  pS 0.34  ptS 0.33  fLog 0.46  pdΔ -0.1641  pkR 11.71  clip 0.19  kl +0.006
upd   46  steps   96256  sps 1143  opp symm  loss +0.029  pg +0.0474  v 0.020  ev +0.79  adv_std 0.209  tR -0.14  ent[s/d/p/e] 1.82/2.28/0.95/0.48  emits 1.18  spf 28.6  z0 0.59  garr 35.2  tG 251  e2 0.24  nF 13.7  pS 0.27  ptS 0.27  fLog 0.47  pdΔ -0.2263  pkR 19.69  clip 0.13  kl +0.004
upd   47  steps   98304  sps 1158  opp symm  loss +0.064  pg +0.0912  v 0.004  ev +0.91  adv_std 0.089  tR +0.60  ent[s/d/p/e] 1.61/2.19/1.04/0.50  emits 0.70  spf 30.2  z0 0.68  garr 34.0  tG 168  e2 0.14  nF 7.7  pS 0.20  ptS 0.20  fLog 0.48  pdΔ -0.2977  pkR 9.41  clip 0.08  kl +0.003
upd   48  steps  100352  sps 1173  opp symm  loss +0.023  pg +0.0510  v 0.003  ev +0.93  adv_std 0.076  tR -1.00  ent[s/d/p/e] 1.69/2.25/1.04/0.52  emits 0.76  spf 33.3  z0 0.65  garr 38.4  tG 192  e2 0.16  nF 7.8  pS 0.23  ptS 0.22  fLog 0.49  pdΔ -0.2661  pkR 7.68  clip 0.21  kl +0.007
upd   49  steps  102400  sps 1188  opp symm  loss +0.043  pg +0.0721  v 0.003  ev +0.93  adv_std 0.079  tR +0.00  ent[s/d/p/e] 1.74/2.30/1.06/0.55  emits 0.86  spf 31.5  z0 0.62  garr 38.5  tG 239  e2 0.18  nF 8.5  pS 0.27  ptS 0.27  fLog 0.50  pdΔ -0.2268  pkR 9.25  clip 0.11  kl +0.003
upd   50  steps  104448  sps 1203  opp symm  loss +0.034  pg +0.0638  v 0.003  ev +0.91  adv_std 0.083  tR +1.00  ent[s/d/p/e] 1.79/2.34/1.10/0.55  emits 0.82  spf 33.6  z0 0.64  garr 44.7  tG 289  e2 0.17  nF 8.4  pS 0.29  ptS 0.28  fLog 0.50  pdΔ -0.2144  pkR 7.81  clip 0.08  kl +0.000
upd   51  steps  106496  sps 1217  opp symm  loss -0.009  pg +0.0217  v 0.003  ev +0.94  adv_std 0.076  tR +1.00  ent[s/d/p/e] 1.84/2.40/1.13/0.56  emits 0.99  spf 36.1  z0 0.59  garr 49.3  tG 326  e2 0.21  nF 10.5  pS 0.32  ptS 0.31  fLog 0.51  pdΔ -0.1813  pkR 7.11  clip 0.13  kl +0.000
upd   52  steps  108544  sps 1231  opp symm  loss -0.023  pg +0.0075  v 0.004  ev +0.94  adv_std 0.093  tR +0.50  ent[s/d/p/e] 1.96/2.45/1.07/0.58  emits 1.14  spf 36.4  z0 0.56  garr 44.5  tG 321  e2 0.25  nF 12.0  pS 0.35  ptS 0.34  fLog 0.52  pdΔ -0.1495  pkR 5.17  clip 0.19  kl +0.005
upd   53  steps  110592  sps 1246  opp symm  loss +0.015  pg +0.0449  v 0.004  ev +0.96  adv_std 0.086  tR +0.33  ent[s/d/p/e] 1.92/2.41/1.09/0.56  emits 1.14  spf 36.7  z0 0.53  garr 40.5  tG 299  e2 0.25  nF 11.7  pS 0.34  ptS 0.34  fLog 0.52  pdΔ -0.1567  pkR 4.62  clip 0.14  kl +0.003
upd   54  steps  112640  sps 1259  opp symm  loss -0.013  pg +0.0151  v 0.007  ev +0.92  adv_std 0.121  tR -0.33  ent[s/d/p/e] 1.93/2.39/0.98/0.58  emits 1.28  spf 32.5  z0 0.53  garr 37.2  tG 301  e2 0.27  nF 13.1  pS 0.35  ptS 0.35  fLog 0.51  pdΔ -0.1465  pkR 8.18  clip 0.27  kl +0.006
upd   55  steps  114688  sps 1273  opp symm  loss -0.020  pg +0.0093  v 0.005  ev +0.95  adv_std 0.100  tR +0.33  ent[s/d/p/e] 1.99/2.42/0.98/0.55  emits 1.59  spf 30.7  z0 0.46  garr 29.8  tG 253  e2 0.33  nF 16.9  pS 0.38  ptS 0.38  fLog 0.50  pdΔ -0.1200  pkR 5.88  clip 0.15  kl +0.005
upd   56  steps  116736  sps 1287  opp symm  loss -0.017  pg +0.0107  v 0.006  ev +0.95  adv_std 0.106  tR +1.00  ent[s/d/p/e] 1.98/2.39/0.96/0.53  emits 1.67  spf 29.9  z0 0.46  garr 26.3  tG 221  e2 0.35  nF 18.4  pS 0.37  ptS 0.36  fLog 0.50  pdΔ -0.1341  pkR 6.11  clip 0.22  kl +0.003
upd   57  steps  118784  sps 1300  opp symm  loss -0.037  pg -0.0098  v 0.005  ev +0.96  adv_std 0.100  tR +0.00  ent[s/d/p/e] 1.93/2.36/0.90/0.51  emits 1.61  spf 28.1  z0 0.49  garr 26.3  tG 231  e2 0.34  nF 17.5  pS 0.36  ptS 0.36  fLog 0.49  pdΔ -0.1432  pkR 10.98  clip 0.32  kl +0.011
upd   58  steps  120832  sps 1313  opp symm  loss -0.016  pg +0.0098  v 0.007  ev +0.95  adv_std 0.113  tR +0.71  ent[s/d/p/e] 1.91/2.35/0.94/0.48  emits 1.73  spf 24.2  z0 0.50  garr 25.3  tG 231  e2 0.34  nF 18.2  pS 0.34  ptS 0.34  fLog 0.47  pdΔ -0.1595  pkR 17.02  clip 0.17  kl +0.007
upd   59  steps  122880  sps 1326  opp symm  loss +0.019  pg +0.0427  v 0.009  ev +0.93  adv_std 0.126  tR +0.00  ent[s/d/p/e] 1.81/2.29/0.90/0.47  emits 1.50  spf 24.4  z0 0.54  garr 28.3  tG 242  e2 0.29  nF 16.7  pS 0.31  ptS 0.31  fLog 0.46  pdΔ -0.1909  pkR 15.36  clip 0.20  kl +0.003
upd   60  steps  124928  sps 1339  opp symm  loss +0.055  pg +0.0794  v 0.007  ev +0.94  adv_std 0.115  tR +0.20  ent[s/d/p/e] 1.80/2.31/0.97/0.45  emits 1.56  spf 25.0  z0 0.55  garr 31.3  tG 303  e2 0.30  nF 16.8  pS 0.31  ptS 0.31  fLog 0.47  pdΔ -0.1914  pkR 19.07  clip 0.15  kl +0.004
upd   61  steps  126976  sps 1351  opp symm  loss +0.055  pg +0.0803  v 0.007  ev +0.91  adv_std 0.117  tR -0.50  ent[s/d/p/e] 1.84/2.37/0.91/0.48  emits 1.36  spf 27.4  z0 0.57  garr 31.6  tG 249  e2 0.26  nF 15.7  pS 0.31  ptS 0.31  fLog 0.48  pdΔ -0.1894  pkR 20.20  clip 0.25  kl +0.010
upd   62  steps  129024  sps 1364  opp symm  loss +0.035  pg +0.0589  v 0.010  ev +0.86  adv_std 0.143  tR +0.17  ent[s/d/p/e] 1.73/2.31/0.97/0.48  emits 1.19  spf 26.8  z0 0.59  garr 30.8  tG 206  e2 0.24  nF 12.6  pS 0.28  ptS 0.28  fLog 0.48  pdΔ -0.2245  pkR 14.37  clip 0.12  kl +0.004
upd   63  steps  131072  sps 1376  opp symm  loss -0.028  pg -0.0010  v 0.005  ev +0.90  adv_std 0.102  tR +0.20  ent[s/d/p/e] 1.79/2.36/0.98/0.52  emits 0.93  spf 29.1  z0 0.62  garr 30.8  tG 185  e2 0.20  nF 10.5  pS 0.27  ptS 0.27  fLog 0.50  pdΔ -0.2338  pkR 9.91  clip 0.15  kl +0.003
upd   64  steps  133120  sps 1388  opp symm  loss +0.059  pg +0.0876  v 0.004  ev +0.94  adv_std 0.092  tR +1.00  ent[s/d/p/e] 1.81/2.36/1.05/0.53  emits 0.98  spf 32.4  z0 0.63  garr 31.4  tG 208  e2 0.19  nF 10.4  pS 0.28  ptS 0.28  fLog 0.51  pdΔ -0.2156  pkR 7.83  clip 0.11  kl +0.003
upd   65  steps  135168  sps 1400  opp symm  loss +0.054  pg +0.0798  v 0.009  ev +0.90  adv_std 0.138  tR -0.33  ent[s/d/p/e] 1.83/2.35/0.99/0.54  emits 1.06  spf 31.5  z0 0.61  garr 30.4  tG 200  e2 0.22  nF 11.0  pS 0.29  ptS 0.29  fLog 0.51  pdΔ -0.2136  pkR 6.21  clip 0.14  kl +0.001
upd   66  steps  137216  sps 1411  opp symm  loss -0.005  pg +0.0234  v 0.004  ev +0.97  adv_std 0.085  tR +0.50  ent[s/d/p/e] 1.83/2.35/1.00/0.54  emits 0.97  spf 31.5  z0 0.60  garr 29.1  tG 193  e2 0.20  nF 11.3  pS 0.29  ptS 0.29  fLog 0.51  pdΔ -0.2110  pkR 5.84  clip 0.13  kl +0.002
upd   67  steps  139264  sps 1423  opp symm  loss -0.010  pg +0.0189  v 0.005  ev +0.97  adv_std 0.097  tR -1.00  ent[s/d/p/e] 1.89/2.39/0.98/0.54  emits 1.15  spf 28.8  z0 0.56  garr 28.8  tG 197  e2 0.24  nF 12.3  pS 0.31  ptS 0.30  fLog 0.50  pdΔ -0.1932  pkR 4.52  clip 0.11  kl +0.002
upd   68  steps  141312  sps 1434  opp symm  loss +0.029  pg +0.0571  v 0.005  ev +0.97  adv_std 0.098  tR +0.20  ent[s/d/p/e] 1.80/2.30/0.99/0.54  emits 1.12  spf 28.4  z0 0.55  garr 30.3  tG 233  e2 0.25  nF 13.9  pS 0.33  ptS 0.33  fLog 0.49  pdΔ -0.1677  pkR 9.32  clip 0.19  kl -0.000
upd   69  steps  143360  sps 1446  opp symm  loss -0.004  pg +0.0226  v 0.007  ev +0.95  adv_std 0.122  tR +0.33  ent[s/d/p/e] 1.83/2.33/0.95/0.55  emits 1.12  spf 30.5  z0 0.57  garr 31.6  tG 253  e2 0.24  nF 12.4  pS 0.33  ptS 0.32  fLog 0.50  pdΔ -0.1738  pkR 10.41  clip 0.19  kl +0.003
upd   70  steps  145408  sps 1457  opp symm  loss +0.022  pg +0.0509  v 0.004  ev +0.97  adv_std 0.096  tR +0.14  ent[s/d/p/e] 1.90/2.39/0.96/0.57  emits 1.12  spf 34.3  z0 0.56  garr 31.9  tG 253  e2 0.24  nF 12.5  pS 0.33  ptS 0.32  fLog 0.51  pdΔ -0.1703  pkR 5.35  clip 0.12  kl +0.003
upd   71  steps  147456  sps 1468  opp symm  loss -0.010  pg +0.0186  v 0.004  ev +0.97  adv_std 0.091  tR -0.50  ent[s/d/p/e] 1.94/2.41/0.91/0.55  emits 1.05  spf 35.8  z0 0.57  garr 32.6  tG 256  e2 0.23  nF 11.9  pS 0.34  ptS 0.33  fLog 0.52  pdΔ -0.1646  pkR 5.31  clip 0.12  kl +0.008
upd   72  steps  149504  sps 1479  opp symm  loss +0.012  pg +0.0409  v 0.006  ev +0.95  adv_std 0.108  tR +0.00  ent[s/d/p/e] 1.99/2.48/0.89/0.56  emits 1.08  spf 35.6  z0 0.58  garr 33.8  tG 273  e2 0.24  nF 11.7  pS 0.34  ptS 0.34  fLog 0.53  pdΔ -0.1562  pkR 8.66  clip 0.12  kl +0.003
upd   73  steps  151552  sps 1489  opp symm  loss +0.008  pg +0.0368  v 0.004  ev +0.96  adv_std 0.092  tR +0.43  ent[s/d/p/e] 1.94/2.45/0.84/0.56  emits 1.01  spf 35.9  z0 0.60  garr 35.5  tG 272  e2 0.21  nF 11.4  pS 0.32  ptS 0.32  fLog 0.52  pdΔ -0.1773  pkR 12.10  clip 0.09  kl +0.002
upd   74  steps  153600  sps 1500  opp symm  loss -0.020  pg +0.0088  v 0.005  ev +0.94  adv_std 0.100  tR -0.25  ent[s/d/p/e] 1.93/2.45/0.88/0.56  emits 0.97  spf 37.7  z0 0.59  garr 35.2  tG 250  e2 0.22  nF 10.6  pS 0.32  ptS 0.31  fLog 0.53  pdΔ -0.1826  pkR 6.79  clip 0.21  kl +0.002
upd   75  steps  155648  sps 1510  opp symm  loss -0.019  pg +0.0085  v 0.006  ev +0.94  adv_std 0.106  tR +0.33  ent[s/d/p/e] 1.88/2.44/0.83/0.56  emits 1.26  spf 35.0  z0 0.54  garr 33.5  tG 232  e2 0.27  nF 12.3  pS 0.33  ptS 0.32  fLog 0.52  pdΔ -0.1699  pkR 6.03  clip 0.13  kl +0.003
upd   76  steps  157696  sps 1521  opp symm  loss -0.020  pg +0.0065  v 0.009  ev +0.90  adv_std 0.134  tR +0.00  ent[s/d/p/e] 1.91/2.46/0.85/0.55  emits 1.27  spf 32.8  z0 0.53  garr 32.5  tG 239  e2 0.27  nF 13.8  pS 0.35  ptS 0.34  fLog 0.52  pdΔ -0.1509  pkR 6.56  clip 0.17  kl +0.009
upd   77  steps  159744  sps 1531  opp symm  loss +0.010  pg +0.0386  v 0.004  ev +0.96  adv_std 0.085  tR +0.50  ent[s/d/p/e] 1.94/2.49/0.84/0.52  emits 1.47  spf 31.6  z0 0.52  garr 30.5  tG 241  e2 0.30  nF 15.1  pS 0.36  ptS 0.35  fLog 0.51  pdΔ -0.1444  pkR 11.96  clip 0.18  kl +0.005
upd   78  steps  161792  sps 1541  opp symm  loss -0.044  pg -0.0172  v 0.007  ev +0.91  adv_std 0.120  tR +0.71  ent[s/d/p/e] 1.88/2.45/0.89/0.54  emits 1.15  spf 32.2  z0 0.58  garr 32.8  tG 269  e2 0.24  nF 14.0  pS 0.34  ptS 0.34  fLog 0.52  pdΔ -0.1597  pkR 11.62  clip 0.16  kl +0.003
upd   79  steps  163840  sps 1551  opp symm  loss -0.044  pg -0.0174  v 0.006  ev +0.90  adv_std 0.110  tR +0.00  ent[s/d/p/e] 1.74/2.38/0.88/0.55  emits 0.96  spf 32.6  z0 0.60  garr 33.4  tG 247  e2 0.20  nF 11.1  pS 0.30  ptS 0.30  fLog 0.52  pdΔ -0.1998  pkR 12.33  clip 0.20  kl +0.004
upd   80  steps  165888  sps 1561  opp symm  loss +0.039  pg +0.0663  v 0.005  ev +0.93  adv_std 0.101  tR +0.50  ent[s/d/p/e] 1.77/2.40/0.89/0.55  emits 1.09  spf 32.0  z0 0.56  garr 34.0  tG 242  e2 0.23  nF 12.0  pS 0.31  ptS 0.31  fLog 0.52  pdΔ -0.1929  pkR 15.79  clip 0.12  kl -0.002
upd   81  steps  167936  sps 1570  opp symm  loss +0.033  pg +0.0605  v 0.005  ev +0.93  adv_std 0.096  tR +0.00  ent[s/d/p/e] 1.82/2.41/0.89/0.55  emits 1.18  spf 31.9  z0 0.56  garr 30.8  tG 181  e2 0.26  nF 12.7  pS 0.30  ptS 0.29  fLog 0.52  pdΔ -0.2047  pkR 5.01  clip 0.16  kl +0.008
upd   82  steps  169984  sps 1580  opp symm  loss +0.009  pg +0.0367  v 0.005  ev +0.94  adv_std 0.101  tR -1.00  ent[s/d/p/e] 1.83/2.45/0.86/0.55  emits 1.17  spf 30.4  z0 0.58  garr 30.8  tG 191  e2 0.25  nF 13.0  pS 0.31  ptS 0.30  fLog 0.51  pdΔ -0.1910  pkR 4.03  clip 0.12  kl +0.002
upd   83  steps  172032  sps 1589  opp symm  loss +0.011  pg +0.0388  v 0.005  ev +0.95  adv_std 0.096  tR -0.33  ent[s/d/p/e] 1.89/2.45/0.88/0.55  emits 1.24  spf 30.3  z0 0.55  garr 33.5  tG 213  e2 0.25  nF 13.4  pS 0.32  ptS 0.31  fLog 0.51  pdΔ -0.1790  pkR 4.41  clip 0.16  kl +0.003
upd   84  steps  174080  sps 1599  opp symm  loss +0.041  pg +0.0686  v 0.005  ev +0.94  adv_std 0.100  tR -1.00  ent[s/d/p/e] 1.84/2.41/0.83/0.53  emits 1.10  spf 30.1  z0 0.59  garr 34.7  tG 219  e2 0.23  nF 12.8  pS 0.30  ptS 0.29  fLog 0.50  pdΔ -0.1958  pkR 4.14  clip 0.13  kl +0.004
upd   85  steps  176128  sps 1608  opp symm  loss -0.016  pg +0.0120  v 0.004  ev +0.95  adv_std 0.091  tR -0.14  ent[s/d/p/e] 1.83/2.46/0.90/0.52  emits 0.82  spf 37.5  z0 0.65  garr 39.5  tG 264  e2 0.17  nF 10.4  pS 0.30  ptS 0.29  fLog 0.54  pdΔ -0.2019  pkR 5.43  clip 0.16  kl +0.005
upd   86  steps  178176  sps 1617  opp symm  loss +0.023  pg +0.0498  v 0.005  ev +0.94  adv_std 0.099  tR +0.50  ent[s/d/p/e] 1.82/2.43/0.87/0.51  emits 0.87  spf 37.9  z0 0.65  garr 42.7  tG 261  e2 0.18  nF 9.3  pS 0.28  ptS 0.28  fLog 0.54  pdΔ -0.2165  pkR 5.26  clip 0.13  kl +0.004
upd   87  steps  180224  sps 1626  opp symm  loss +0.081  pg +0.1078  v 0.005  ev +0.95  adv_std 0.096  tR +0.00  ent[s/d/p/e] 1.75/2.41/0.88/0.50  emits 0.72  spf 34.0  z0 0.69  garr 49.3  tG 277  e2 0.15  nF 9.9  pS 0.28  ptS 0.27  fLog 0.52  pdΔ -0.2197  pkR 4.41  clip 0.13  kl +0.003
upd   88  steps  182272  sps 1635  opp symm  loss -0.046  pg -0.0195  v 0.004  ev +0.95  adv_std 0.095  tR +0.20  ent[s/d/p/e] 1.77/2.44/0.92/0.48  emits 0.58  spf 44.8  z0 0.72  garr 62.2  tG 386  e2 0.11  nF 7.7  pS 0.29  ptS 0.28  fLog 0.55  pdΔ -0.2103  pkR 7.50  clip 0.08  kl +0.003
upd   89  steps  184320  sps 1644  opp symm  loss -0.001  pg +0.0251  v 0.008  ev +0.91  adv_std 0.122  tR -0.33  ent[s/d/p/e] 1.80/2.48/0.89/0.50  emits 0.59  spf 50.3  z0 0.73  garr 66.3  tG 389  e2 0.12  nF 6.9  pS 0.28  ptS 0.27  fLog 0.56  pdΔ -0.2170  pkR 5.60  clip 0.15  kl +0.006
upd   90  steps  186368  sps 1653  opp symm  loss -0.012  pg +0.0145  v 0.005  ev +0.93  adv_std 0.098  tR +0.00  ent[s/d/p/e] 1.80/2.51/0.90/0.49  emits 0.59  spf 53.2  z0 0.74  garr 70.5  tG 393  e2 0.11  nF 6.3  pS 0.27  ptS 0.26  fLog 0.57  pdΔ -0.2301  pkR 4.14  clip 0.10  kl +0.004
upd   91  steps  188416  sps 1661  opp symm  loss -0.035  pg -0.0089  v 0.006  ev +0.93  adv_std 0.111  tR -0.60  ent[s/d/p/e] 1.80/2.49/0.91/0.50  emits 0.66  spf 53.4  z0 0.72  garr 75.6  tG 424  e2 0.13  nF 6.4  pS 0.28  ptS 0.27  fLog 0.57  pdΔ -0.2181  pkR 4.93  clip 0.08  kl +0.001
upd   92  steps  190464  sps 1670  opp symm  loss +0.014  pg +0.0419  v 0.004  ev +0.96  adv_std 0.088  tR +0.00  ent[s/d/p/e] 1.89/2.55/0.88/0.49  emits 0.68  spf 52.6  z0 0.71  garr 72.9  tG 413  e2 0.13  nF 7.0  pS 0.29  ptS 0.28  fLog 0.58  pdΔ -0.2113  pkR 5.22  clip 0.11  kl +0.003
upd   93  steps  192512  sps 1678  opp symm  loss +0.028  pg +0.0562  v 0.004  ev +0.96  adv_std 0.090  tR -0.50  ent[s/d/p/e] 1.95/2.57/0.89/0.51  emits 0.82  spf 49.5  z0 0.68  garr 65.8  tG 367  e2 0.16  nF 8.1  pS 0.31  ptS 0.29  fLog 0.56  pdΔ -0.1941  pkR 4.07  clip 0.11  kl +0.004
upd   94  steps  194560  sps 1686  opp symm  loss +0.005  pg +0.0314  v 0.006  ev +0.91  adv_std 0.112  tR +0.43  ent[s/d/p/e] 1.80/2.46/0.86/0.50  emits 0.60  spf 50.7  z0 0.72  garr 55.9  tG 330  e2 0.11  nF 6.3  pS 0.28  ptS 0.27  fLog 0.57  pdΔ -0.2169  pkR 5.97  clip 0.10  kl +0.001
upd   95  steps  196608  sps 1695  opp symm  loss -0.035  pg -0.0068  v 0.003  ev +0.95  adv_std 0.080  tR -0.20  ent[s/d/p/e] 1.64/2.46/0.94/0.51  emits 0.41  spf 60.8  z0 0.75  garr 62.9  tG 390  e2 0.08  nF 4.1  pS 0.27  ptS 0.26  fLog 0.61  pdΔ -0.2262  pkR 6.92  clip 0.15  kl +0.007
upd   96  steps  198656  sps 1703  opp symm  loss -0.073  pg -0.0447  v 0.005  ev +0.93  adv_std 0.095  tR +0.00  ent[s/d/p/e] 1.69/2.46/0.88/0.57  emits 0.63  spf 59.9  z0 0.68  garr 57.6  tG 343  e2 0.14  nF 5.3  pS 0.29  ptS 0.28  fLog 0.61  pdΔ -0.2098  pkR 5.70  clip 0.11  kl +0.002
upd   97  steps  200704  sps 1711  opp symm  loss -0.059  pg -0.0310  v 0.007  ev +0.91  adv_std 0.119  tR -1.00  ent[s/d/p/e] 1.81/2.48/0.92/0.57  emits 0.71  spf 51.1  z0 0.65  garr 50.8  tG 334  e2 0.16  nF 6.9  pS 0.32  ptS 0.32  fLog 0.59  pdΔ -0.1776  pkR 5.54  clip 0.16  kl +0.007
upd   98  steps  202752  sps 1719  opp symm  loss -0.030  pg -0.0021  v 0.008  ev +0.91  adv_std 0.121  tR -0.20  ent[s/d/p/e] 1.91/2.54/0.92/0.56  emits 0.73  spf 48.7  z0 0.68  garr 52.6  tG 354  e2 0.16  nF 7.6  pS 0.33  ptS 0.33  fLog 0.58  pdΔ -0.1652  pkR 4.38  clip 0.18  kl +0.007
[eval_vs_v20] u99 tag=train_u99  bin0=0.0%  spf=0.00  garr=128.50  flip=0.00%  z0=71.9%  e8=0.0%  e2+=0.0%  WLD=0/3/0
upd   99  steps  204800  sps 1727  opp symm  loss -0.031  pg -0.0027  v 0.006  ev +0.94  adv_std 0.106  tR -0.50  ent[s/d/p/e] 1.85/2.52/0.93/0.57  emits 0.83  spf 46.4  z0 0.63  garr 48.9  tG 323  e2 0.18  nF 7.9  pS 0.32  ptS 0.32  fLog 0.57  pdΔ -0.1758  pkR 3.46  clip 0.11  kl +0.004 WRr 0.03 v20[spf 0.0 flip 0.0% e2+ 0.0%]
upd  100  steps  206848  sps 936  opp symm  loss -0.005  pg +0.0236  v 0.005  ev +0.95  adv_std 0.104  tR -0.60  ent[s/d/p/e] 1.90/2.53/0.93/0.57  emits 0.91  spf 45.2  z0 0.62  garr 43.6  tG 295  e2 0.19  nF 9.0  pS 0.34  ptS 0.32  fLog 0.57  pdΔ -0.1637  pkR 3.45  clip 0.16  kl +0.003
upd  101  steps  208896  sps 942  opp symm  loss -0.026  pg +0.0022  v 0.005  ev +0.96  adv_std 0.097  tR -0.33  ent[s/d/p/e] 1.89/2.50/0.88/0.56  emits 0.93  spf 41.3  z0 0.61  garr 39.1  tG 270  e2 0.21  nF 9.4  pS 0.33  ptS 0.32  fLog 0.55  pdΔ -0.1728  pkR 4.71  clip 0.12  kl +0.006
upd  102  steps  210944  sps 949  opp symm  loss -0.007  pg +0.0217  v 0.005  ev +0.95  adv_std 0.098  tR +0.50  ent[s/d/p/e] 1.88/2.51/0.91/0.57  emits 1.00  spf 41.5  z0 0.60  garr 36.5  tG 256  e2 0.22  nF 9.8  pS 0.32  ptS 0.32  fLog 0.55  pdΔ -0.1758  pkR 5.52  clip 0.14  kl +0.004
upd  103  steps  212992  sps 955  opp symm  loss -0.038  pg -0.0104  v 0.006  ev +0.94  adv_std 0.108  tR -0.20  ent[s/d/p/e] 1.85/2.49/0.84/0.55  emits 0.97  spf 38.8  z0 0.61  garr 37.0  tG 261  e2 0.21  nF 10.7  pS 0.33  ptS 0.32  fLog 0.55  pdΔ -0.1714  pkR 9.08  clip 0.17  kl +0.004
upd  104  steps  215040  sps 962  opp symm  loss -0.060  pg -0.0328  v 0.007  ev +0.91  adv_std 0.118  tR +0.67  ent[s/d/p/e] 1.82/2.48/0.83/0.55  emits 0.89  spf 41.6  z0 0.63  garr 39.5  tG 262  e2 0.20  nF 9.7  pS 0.32  ptS 0.31  fLog 0.55  pdΔ -0.1797  pkR 5.14  clip 0.14  kl -0.000
upd  105  steps  217088  sps 968  opp symm  loss -0.034  pg -0.0082  v 0.008  ev +0.90  adv_std 0.132  tR +0.00  ent[s/d/p/e] 1.79/2.46/0.86/0.55  emits 0.81  spf 42.4  z0 0.63  garr 38.7  tG 266  e2 0.18  nF 8.4  pS 0.31  ptS 0.30  fLog 0.56  pdΔ -0.1942  pkR 5.00  clip 0.12  kl +0.006
upd  106  steps  219136  sps 974  opp symm  loss +0.001  pg +0.0281  v 0.007  ev +0.90  adv_std 0.122  tR +1.00  ent[s/d/p/e] 1.76/2.47/0.87/0.56  emits 0.71  spf 49.0  z0 0.66  garr 43.3  tG 301  e2 0.15  nF 7.2  pS 0.31  ptS 0.30  fLog 0.58  pdΔ -0.1939  pkR 4.97  clip 0.11  kl +0.006
upd  107  steps  221184  sps 981  opp symm  loss -0.017  pg +0.0118  v 0.005  ev +0.94  adv_std 0.098  tR -0.43  ent[s/d/p/e] 1.74/2.46/0.92/0.55  emits 0.67  spf 50.5  z0 0.67  garr 44.3  tG 307  e2 0.16  nF 6.7  pS 0.30  ptS 0.30  fLog 0.58  pdΔ -0.2011  pkR 4.43  clip 0.11  kl +0.004
upd  108  steps  223232  sps 987  opp symm  loss -0.005  pg +0.0236  v 0.004  ev +0.94  adv_std 0.089  tR -0.33  ent[s/d/p/e] 1.76/2.47/0.92/0.56  emits 0.74  spf 49.6  z0 0.65  garr 40.9  tG 284  e2 0.17  nF 6.9  pS 0.31  ptS 0.30  fLog 0.59  pdΔ -0.1949  pkR 3.83  clip 0.19  kl +0.005
upd  109  steps  225280  sps 993  opp symm  loss -0.033  pg -0.0066  v 0.008  ev +0.89  adv_std 0.127  tR +0.67  ent[s/d/p/e] 1.69/2.43/0.91/0.57  emits 0.76  spf 49.7  z0 0.64  garr 41.8  tG 289  e2 0.17  nF 7.0  pS 0.32  ptS 0.31  fLog 0.59  pdΔ -0.1845  pkR 6.46  clip 0.17  kl +0.008
upd  110  steps  227328  sps 999  opp symm  loss -0.042  pg -0.0145  v 0.006  ev +0.92  adv_std 0.109  tR +1.00  ent[s/d/p/e] 1.64/2.41/0.95/0.56  emits 0.62  spf 51.7  z0 0.67  garr 43.6  tG 291  e2 0.14  nF 6.4  pS 0.29  ptS 0.29  fLog 0.59  pdΔ -0.2110  pkR 7.96  clip 0.10  kl +0.001
upd  111  steps  229376  sps 1006  opp symm  loss -0.024  pg +0.0055  v 0.003  ev +0.97  adv_std 0.073  tR +0.33  ent[s/d/p/e] 1.68/2.44/0.94/0.57  emits 0.64  spf 57.2  z0 0.67  garr 46.3  tG 320  e2 0.15  nF 5.9  pS 0.31  ptS 0.30  fLog 0.61  pdΔ -0.1915  pkR 4.47  clip 0.09  kl +0.003
upd  112  steps  231424  sps 1012  opp symm  loss -0.044  pg -0.0139  v 0.002  ev +0.98  adv_std 0.068  tR +0.00  ent[s/d/p/e] 1.80/2.48/0.93/0.58  emits 0.68  spf 57.5  z0 0.65  garr 49.4  tG 365  e2 0.15  nF 6.3  pS 0.34  ptS 0.34  fLog 0.61  pdΔ -0.1577  pkR 3.93  clip 0.08  kl +0.003
upd  113  steps  233472  sps 1018  opp symm  loss -0.023  pg +0.0072  v 0.003  ev +0.97  adv_std 0.078  tR -0.20  ent[s/d/p/e] 1.84/2.51/0.89/0.58  emits 0.79  spf 57.9  z0 0.63  garr 52.5  tG 395  e2 0.19  nF 7.2  pS 0.36  ptS 0.35  fLog 0.61  pdΔ -0.1391  pkR 4.64  clip 0.08  kl +0.000
upd  114  steps  235520  sps 1024  opp symm  loss -0.002  pg +0.0274  v 0.004  ev +0.95  adv_std 0.094  tR -0.20  ent[s/d/p/e] 1.85/2.52/0.89/0.59  emits 0.74  spf 57.2  z0 0.63  garr 50.5  tG 375  e2 0.16  nF 7.1  pS 0.35  ptS 0.35  fLog 0.61  pdΔ -0.1459  pkR 5.07  clip 0.13  kl +0.005
upd  115  steps  237568  sps 1030  opp symm  loss -0.009  pg +0.0186  v 0.009  ev +0.90  adv_std 0.131  tR -0.20  ent[s/d/p/e] 1.78/2.52/0.94/0.59  emits 0.88  spf 56.6  z0 0.60  garr 47.8  tG 385  e2 0.20  nF 7.7  pS 0.37  ptS 0.36  fLog 0.61  pdΔ -0.1330  pkR 5.09  clip 0.12  kl +0.006
upd  116  steps  239616  sps 1036  opp symm  loss -0.013  pg +0.0151  v 0.006  ev +0.93  adv_std 0.110  tR +0.67  ent[s/d/p/e] 1.82/2.54/0.89/0.59  emits 0.87  spf 53.2  z0 0.60  garr 43.3  tG 354  e2 0.19  nF 8.6  pS 0.37  ptS 0.37  fLog 0.60  pdΔ -0.1260  pkR 5.63  clip 0.14  kl +0.003
upd  117  steps  241664  sps 1042  opp symm  loss -0.002  pg +0.0237  v 0.012  ev +0.87  adv_std 0.152  tR -0.33  ent[s/d/p/e] 1.76/2.49/0.92/0.57  emits 0.88  spf 45.1  z0 0.61  garr 40.1  tG 318  e2 0.20  nF 8.1  pS 0.35  ptS 0.35  fLog 0.58  pdΔ -0.1481  pkR 10.18  clip 0.11  kl +0.004
upd  118  steps  243712  sps 1048  opp symm  loss +0.002  pg +0.0297  v 0.007  ev +0.92  adv_std 0.116  tR +0.00  ent[s/d/p/e] 1.78/2.51/0.90/0.59  emits 0.96  spf 43.3  z0 0.59  garr 39.6  tG 304  e2 0.22  nF 10.1  pS 0.37  ptS 0.37  fLog 0.57  pdΔ -0.1318  pkR 3.58  clip 0.10  kl +0.003
upd  119  steps  245760  sps 1053  opp symm  loss -0.029  pg -0.0011  v 0.008  ev +0.91  adv_std 0.130  tR +0.33  ent[s/d/p/e] 1.79/2.50/0.92/0.58  emits 0.89  spf 47.8  z0 0.60  garr 43.0  tG 351  e2 0.19  nF 9.3  pS 0.38  ptS 0.37  fLog 0.58  pdΔ -0.1239  pkR 6.82  clip 0.08  kl +0.003
upd  120  steps  247808  sps 1059  opp symm  loss +0.018  pg +0.0467  v 0.006  ev +0.93  adv_std 0.112  tR +0.33  ent[s/d/p/e] 1.72/2.48/0.96/0.59  emits 0.78  spf 48.0  z0 0.63  garr 43.9  tG 335  e2 0.18  nF 8.1  pS 0.35  ptS 0.34  fLog 0.59  pdΔ -0.1518  pkR 8.78  clip 0.10  kl -0.000
upd  121  steps  249856  sps 1065  opp symm  loss -0.044  pg -0.0153  v 0.006  ev +0.93  adv_std 0.107  tR -0.33  ent[s/d/p/e] 1.75/2.49/0.94/0.59  emits 0.78  spf 50.1  z0 0.63  garr 45.5  tG 339  e2 0.17  nF 7.6  pS 0.34  ptS 0.34  fLog 0.60  pdΔ -0.1556  pkR 3.29  clip 0.10  kl +0.002
upd  122  steps  251904  sps 1071  opp symm  loss -0.079  pg -0.0506  v 0.008  ev +0.91  adv_std 0.124  tR +0.33  ent[s/d/p/e] 1.84/2.53/0.95/0.60  emits 0.81  spf 51.7  z0 0.61  garr 47.2  tG 366  e2 0.19  nF 8.5  pS 0.37  ptS 0.36  fLog 0.60  pdΔ -0.1258  pkR 4.32  clip 0.14  kl +0.003
upd  123  steps  253952  sps 1077  opp symm  loss -0.072  pg -0.0431  v 0.005  ev +0.94  adv_std 0.101  tR +1.00  ent[s/d/p/e] 1.81/2.52/0.91/0.59  emits 0.85  spf 48.9  z0 0.61  garr 45.0  tG 369  e2 0.19  nF 9.0  pS 0.38  ptS 0.37  fLog 0.59  pdΔ -0.1219  pkR 8.14  clip 0.09  kl +0.001
upd  124  steps  256000  sps 1082  opp symm  loss +0.007  pg +0.0368  v 0.005  ev +0.95  adv_std 0.097  tR +0.20  ent[s/d/p/e] 1.81/2.52/0.96/0.59  emits 0.80  spf 47.4  z0 0.61  garr 47.3  tG 371  e2 0.19  nF 9.0  pS 0.37  ptS 0.36  fLog 0.58  pdΔ -0.1313  pkR 4.94  clip 0.11  kl +0.003
upd  125  steps  258048  sps 1088  opp symm  loss -0.051  pg -0.0225  v 0.005  ev +0.94  adv_std 0.102  tR +0.50  ent[s/d/p/e] 1.78/2.51/0.96/0.57  emits 0.75  spf 51.5  z0 0.64  garr 48.2  tG 381  e2 0.17  nF 7.8  pS 0.34  ptS 0.33  fLog 0.59  pdΔ -0.1578  pkR 4.05  clip 0.19  kl +0.004
upd  126  steps  260096  sps 1094  opp symm  loss -0.045  pg -0.0157  v 0.005  ev +0.95  adv_std 0.097  tR +1.00  ent[s/d/p/e] 1.66/2.44/1.01/0.57  emits 0.59  spf 59.9  z0 0.66  garr 52.7  tG 425  e2 0.14  nF 6.3  pS 0.33  ptS 0.33  fLog 0.61  pdΔ -0.1682  pkR 6.53  clip 0.06  kl +0.001
upd  127  steps  262144  sps 1099  opp symm  loss -0.027  pg +0.0018  v 0.005  ev +0.94  adv_std 0.104  tR +1.00  ent[s/d/p/e] 1.63/2.42/1.05/0.57  emits 0.54  spf 62.8  z0 0.68  garr 53.6  tG 403  e2 0.12  nF 5.4  pS 0.31  ptS 0.31  fLog 0.62  pdΔ -0.1889  pkR 4.37  clip 0.09  kl +0.006
upd  128  steps  264192  sps 1105  opp symm  loss -0.044  pg -0.0161  v 0.008  ev +0.93  adv_std 0.126  tR +0.33  ent[s/d/p/e] 1.70/2.48/1.05/0.58  emits 0.61  spf 62.0  z0 0.66  garr 56.0  tG 435  e2 0.13  nF 5.9  pS 0.33  ptS 0.33  fLog 0.61  pdΔ -0.1690  pkR 4.13  clip 0.08  kl +0.004
upd  129  steps  266240  sps 1110  opp symm  loss -0.045  pg -0.0159  v 0.007  ev +0.94  adv_std 0.119  tR -0.33  ent[s/d/p/e] 1.80/2.53/1.04/0.60  emits 0.61  spf 64.3  z0 0.67  garr 58.9  tG 461  e2 0.14  nF 6.4  pS 0.35  ptS 0.34  fLog 0.62  pdΔ -0.1538  pkR 3.73  clip 0.06  kl +0.005
upd  130  steps  268288  sps 1116  opp symm  loss -0.010  pg +0.0183  v 0.009  ev +0.93  adv_std 0.130  tR +0.50  ent[s/d/p/e] 1.84/2.54/1.06/0.59  emits 0.61  spf 62.9  z0 0.66  garr 59.6  tG 482  e2 0.14  nF 6.4  pS 0.36  ptS 0.35  fLog 0.62  pdΔ -0.1407  pkR 3.58  clip 0.05  kl -0.001
upd  131  steps  270336  sps 1122  opp symm  loss +0.012  pg +0.0416  v 0.006  ev +0.96  adv_std 0.106  tR +0.60  ent[s/d/p/e] 1.78/2.44/1.03/0.59  emits 0.67  spf 58.3  z0 0.65  garr 59.9  tG 447  e2 0.16  nF 6.5  pS 0.34  ptS 0.34  fLog 0.61  pdΔ -0.1555  pkR 3.65  clip 0.08  kl +0.001
upd  132  steps  272384  sps 1127  opp symm  loss -0.016  pg +0.0120  v 0.006  ev +0.95  adv_std 0.109  tR +0.00  ent[s/d/p/e] 1.75/2.46/1.02/0.57  emits 0.51  spf 62.9  z0 0.69  garr 61.7  tG 459  e2 0.11  nF 5.2  pS 0.32  ptS 0.32  fLog 0.62  pdΔ -0.1773  pkR 3.87  clip 0.12  kl +0.005
upd  133  steps  274432  sps 1132  opp symm  loss -0.018  pg +0.0103  v 0.006  ev +0.95  adv_std 0.109  tR +0.60  ent[s/d/p/e] 1.59/2.38/1.01/0.60  emits 0.59  spf 58.7  z0 0.65  garr 58.4  tG 429  e2 0.14  nF 5.6  pS 0.31  ptS 0.31  fLog 0.61  pdΔ -0.1898  pkR 4.13  clip 0.10  kl +0.001
upd  134  steps  276480  sps 1138  opp symm  loss -0.011  pg +0.0167  v 0.007  ev +0.95  adv_std 0.118  tR +1.00  ent[s/d/p/e] 1.61/2.44/1.01/0.59  emits 0.54  spf 59.7  z0 0.67  garr 60.1  tG 446  e2 0.13  nF 5.6  pS 0.34  ptS 0.33  fLog 0.62  pdΔ -0.1641  pkR 3.84  clip 0.12  kl +0.005
upd  135  steps  278528  sps 1143  opp symm  loss -0.035  pg -0.0062  v 0.006  ev +0.95  adv_std 0.107  tR -0.25  ent[s/d/p/e] 1.67/2.48/0.99/0.61  emits 0.64  spf 59.3  z0 0.65  garr 57.9  tG 430  e2 0.15  nF 6.1  pS 0.35  ptS 0.34  fLog 0.62  pdΔ -0.1518  pkR 3.96  clip 0.11  kl +0.005
upd  136  steps  280576  sps 1149  opp symm  loss -0.042  pg -0.0132  v 0.007  ev +0.95  adv_std 0.124  tR +0.33  ent[s/d/p/e] 1.71/2.47/1.00/0.60  emits 0.60  spf 60.3  z0 0.65  garr 57.2  tG 456  e2 0.13  nF 6.5  pS 0.36  ptS 0.35  fLog 0.62  pdΔ -0.1388  pkR 5.01  clip 0.15  kl +0.005
upd  137  steps  282624  sps 1154  opp symm  loss -0.034  pg -0.0055  v 0.005  ev +0.96  adv_std 0.104  tR +0.50  ent[s/d/p/e] 1.73/2.48/1.01/0.57  emits 0.46  spf 67.0  z0 0.71  garr 63.7  tG 503  e2 0.10  nF 5.1  pS 0.35  ptS 0.34  fLog 0.63  pdΔ -0.1541  pkR 4.85  clip 0.10  kl +0.003
upd  138  steps  284672  sps 1159  opp symm  loss -0.039  pg -0.0108  v 0.007  ev +0.94  adv_std 0.121  tR -0.20  ent[s/d/p/e] 1.77/2.50/1.06/0.56  emits 0.50  spf 73.6  z0 0.69  garr 66.2  tG 545  e2 0.12  nF 4.6  pS 0.35  ptS 0.34  fLog 0.64  pdΔ -0.1511  pkR 4.24  clip 0.13  kl +0.003
upd  139  steps  286720  sps 1164  opp symm  loss -0.003  pg +0.0249  v 0.008  ev +0.93  adv_std 0.125  tR +0.33  ent[s/d/p/e] 1.77/2.50/1.06/0.57  emits 0.57  spf 68.1  z0 0.68  garr 61.1  tG 497  e2 0.14  nF 5.5  pS 0.35  ptS 0.34  fLog 0.63  pdΔ -0.1452  pkR 4.43  clip 0.09  kl +0.004
upd  140  steps  288768  sps 1170  opp symm  loss +0.004  pg +0.0323  v 0.008  ev +0.94  adv_std 0.130  tR +0.00  ent[s/d/p/e] 1.81/2.48/1.05/0.57  emits 0.57  spf 62.0  z0 0.68  garr 57.4  tG 463  e2 0.12  nF 5.7  pS 0.35  ptS 0.33  fLog 0.62  pdΔ -0.1543  pkR 4.45  clip 0.12  kl +0.005
upd  141  steps  290816  sps 1175  opp symm  loss -0.004  pg +0.0236  v 0.007  ev +0.94  adv_std 0.118  tR +0.60  ent[s/d/p/e] 1.73/2.43/1.06/0.57  emits 0.54  spf 58.8  z0 0.68  garr 56.3  tG 428  e2 0.12  nF 5.3  pS 0.33  ptS 0.31  fLog 0.61  pdΔ -0.1717  pkR 6.30  clip 0.14  kl +0.005
upd  142  steps  292864  sps 1180  opp symm  loss -0.070  pg -0.0407  v 0.006  ev +0.95  adv_std 0.109  tR +0.33  ent[s/d/p/e] 1.78/2.44/1.10/0.56  emits 0.57  spf 58.3  z0 0.69  garr 54.6  tG 412  e2 0.12  nF 5.6  pS 0.32  ptS 0.31  fLog 0.61  pdΔ -0.1759  pkR 4.38  clip 0.14  kl +0.008
upd  143  steps  294912  sps 1185  opp symm  loss -0.034  pg -0.0043  v 0.006  ev +0.96  adv_std 0.110  tR -0.33  ent[s/d/p/e] 1.77/2.41/1.06/0.60  emits 0.70  spf 57.0  z0 0.64  garr 48.7  tG 382  e2 0.16  nF 6.3  pS 0.34  ptS 0.32  fLog 0.60  pdΔ -0.1632  pkR 4.34  clip 0.14  kl +0.003
upd  144  steps  296960  sps 1190  opp symm  loss -0.020  pg +0.0104  v 0.005  ev +0.97  adv_std 0.101  tR +1.00  ent[s/d/p/e] 1.81/2.46/1.09/0.60  emits 0.62  spf 52.7  z0 0.65  garr 51.5  tG 385  e2 0.14  nF 6.8  pS 0.35  ptS 0.33  fLog 0.60  pdΔ -0.1506  pkR 3.65  clip 0.10  kl +0.003
upd  145  steps  299008  sps 1195  opp symm  loss +0.022  pg +0.0521  v 0.006  ev +0.97  adv_std 0.107  tR +0.00  ent[s/d/p/e] 1.87/2.50/1.07/0.59  emits 0.68  spf 56.2  z0 0.64  garr 53.8  tG 412  e2 0.15  nF 6.6  pS 0.36  ptS 0.34  fLog 0.60  pdΔ -0.1440  pkR 4.18  clip 0.11  kl +0.001
upd  146  steps  301056  sps 1201  opp symm  loss -0.039  pg -0.0103  v 0.007  ev +0.95  adv_std 0.123  tR +0.20  ent[s/d/p/e] 1.79/2.45/1.07/0.58  emits 0.68  spf 50.0  z0 0.64  garr 48.6  tG 373  e2 0.15  nF 7.2  pS 0.34  ptS 0.33  fLog 0.59  pdΔ -0.1556  pkR 5.17  clip 0.09  kl +0.002
upd  147  steps  303104  sps 1206  opp symm  loss -0.042  pg -0.0139  v 0.008  ev +0.95  adv_std 0.124  tR +1.00  ent[s/d/p/e] 1.75/2.45/1.12/0.57  emits 0.65  spf 50.6  z0 0.65  garr 47.3  tG 363  e2 0.15  nF 6.8  pS 0.33  ptS 0.32  fLog 0.59  pdΔ -0.1697  pkR 8.31  clip 0.09  kl +0.004
upd  148  steps  305152  sps 1211  opp symm  loss -0.064  pg -0.0365  v 0.008  ev +0.95  adv_std 0.128  tR -0.43  ent[s/d/p/e] 1.65/2.37/1.08/0.57  emits 0.61  spf 43.3  z0 0.68  garr 45.6  tG 365  e2 0.14  nF 7.1  pS 0.31  ptS 0.30  fLog 0.57  pdΔ -0.1902  pkR 14.32  clip 0.08  kl +0.003
upd  149  steps  307200  sps 1216  opp symm  loss +0.015  pg +0.0436  v 0.007  ev +0.95  adv_std 0.123  tR +0.20  ent[s/d/p/e] 1.66/2.40/1.14/0.57  emits 0.60  spf 44.1  z0 0.67  garr 41.9  tG 319  e2 0.13  nF 6.8  pS 0.30  ptS 0.29  fLog 0.57  pdΔ -0.2040  pkR 16.63  clip 0.12  kl +0.002
upd  150  steps  309248  sps 1221  opp symm  loss -0.017  pg +0.0115  v 0.008  ev +0.94  adv_std 0.127  tR +0.20  ent[s/d/p/e] 1.71/2.40/1.13/0.59  emits 0.67  spf 41.8  z0 0.65  garr 40.8  tG 285  e2 0.15  nF 7.6  pS 0.31  ptS 0.30  fLog 0.56  pdΔ -0.1854  pkR 4.63  clip 0.06  kl +0.003
upd  151  steps  311296  sps 1226  opp symm  loss -0.046  pg -0.0167  v 0.008  ev +0.94  adv_std 0.125  tR -0.33  ent[s/d/p/e] 1.74/2.42/1.18/0.59  emits 0.72  spf 43.1  z0 0.64  garr 42.2  tG 302  e2 0.17  nF 8.2  pS 0.32  ptS 0.31  fLog 0.57  pdΔ -0.1758  pkR 4.58  clip 0.11  kl +0.003
upd  152  steps  313344  sps 1230  opp symm  loss -0.003  pg +0.0269  v 0.005  ev +0.97  adv_std 0.099  tR +0.60  ent[s/d/p/e] 1.78/2.44/1.15/0.58  emits 0.70  spf 47.2  z0 0.64  garr 43.5  tG 333  e2 0.16  nF 7.8  pS 0.34  ptS 0.33  fLog 0.58  pdΔ -0.1634  pkR 5.16  clip 0.09  kl +0.003
upd  153  steps  315392  sps 1235  opp symm  loss -0.053  pg -0.0237  v 0.006  ev +0.95  adv_std 0.114  tR +0.00  ent[s/d/p/e] 1.71/2.40/1.18/0.59  emits 0.76  spf 47.9  z0 0.61  garr 44.9  tG 368  e2 0.17  nF 7.7  pS 0.34  ptS 0.33  fLog 0.58  pdΔ -0.1555  pkR 8.53  clip 0.12  kl +0.006
upd  154  steps  317440  sps 1240  opp symm  loss -0.015  pg +0.0140  v 0.008  ev +0.94  adv_std 0.125  tR +0.00  ent[s/d/p/e] 1.80/2.42/1.15/0.59  emits 0.87  spf 44.8  z0 0.60  garr 41.9  tG 347  e2 0.19  nF 9.4  pS 0.35  ptS 0.34  fLog 0.57  pdΔ -0.1538  pkR 11.93  clip 0.11  kl +0.004
upd  155  steps  319488  sps 1245  opp symm  loss -0.033  pg -0.0027  v 0.006  ev +0.96  adv_std 0.109  tR -1.00  ent[s/d/p/e] 1.74/2.41/1.18/0.60  emits 0.81  spf 45.5  z0 0.60  garr 41.3  tG 341  e2 0.18  nF 9.1  pS 0.35  ptS 0.34  fLog 0.58  pdΔ -0.1475  pkR 6.86  clip 0.15  kl +0.003
upd  156  steps  321536  sps 1250  opp symm  loss -0.074  pg -0.0440  v 0.007  ev +0.97  adv_std 0.118  tR +0.14  ent[s/d/p/e] 1.83/2.48/1.15/0.58  emits 0.78  spf 46.7  z0 0.62  garr 42.9  tG 371  e2 0.18  nF 8.8  pS 0.35  ptS 0.35  fLog 0.58  pdΔ -0.1450  pkR 9.07  clip 0.08  kl +0.002
upd  157  steps  323584  sps 1255  opp symm  loss -0.049  pg -0.0190  v 0.005  ev +0.97  adv_std 0.105  tR -0.25  ent[s/d/p/e] 1.76/2.44/1.15/0.57  emits 0.68  spf 47.0  z0 0.65  garr 43.0  tG 356  e2 0.15  nF 7.8  pS 0.33  ptS 0.32  fLog 0.58  pdΔ -0.1726  pkR 12.05  clip 0.08  kl +0.001
upd  158  steps  325632  sps 1260  opp symm  loss -0.010  pg +0.0199  v 0.005  ev +0.98  adv_std 0.097  tR +1.00  ent[s/d/p/e] 1.78/2.48/1.18/0.56  emits 0.64  spf 47.8  z0 0.67  garr 44.3  tG 345  e2 0.15  nF 7.4  pS 0.33  ptS 0.32  fLog 0.59  pdΔ -0.1718  pkR 4.24  clip 0.07  kl +0.001
upd  159  steps  327680  sps 1264  opp symm  loss -0.008  pg +0.0209  v 0.008  ev +0.96  adv_std 0.126  tR +0.00  ent[s/d/p/e] 1.74/2.48/1.18/0.56  emits 0.67  spf 45.7  z0 0.67  garr 43.7  tG 325  e2 0.15  nF 7.7  pS 0.31  ptS 0.30  fLog 0.58  pdΔ -0.1907  pkR 6.21  clip 0.11  kl +0.006
upd  160  steps  329728  sps 1269  opp symm  loss -0.037  pg -0.0083  v 0.008  ev +0.97  adv_std 0.125  tR -0.43  ent[s/d/p/e] 1.72/2.49/1.14/0.56  emits 0.69  spf 47.2  z0 0.66  garr 43.8  tG 319  e2 0.15  nF 7.9  pS 0.31  ptS 0.30  fLog 0.58  pdΔ -0.1939  pkR 7.42  clip 0.10  kl +0.001
upd  161  steps  331776  sps 1274  opp symm  loss -0.023  pg +0.0045  v 0.011  ev +0.94  adv_std 0.149  tR -0.33  ent[s/d/p/e] 1.75/2.50/1.19/0.57  emits 0.73  spf 45.7  z0 0.65  garr 42.1  tG 306  e2 0.16  nF 8.1  pS 0.32  ptS 0.31  fLog 0.58  pdΔ -0.1826  pkR 5.69  clip 0.05  kl +0.001
upd  162  steps  333824  sps 1278  opp symm  loss -0.014  pg +0.0131  v 0.010  ev +0.94  adv_std 0.141  tR +0.33  ent[s/d/p/e] 1.68/2.46/1.20/0.58  emits 0.74  spf 42.5  z0 0.64  garr 40.6  tG 292  e2 0.17  nF 9.0  pS 0.32  ptS 0.31  fLog 0.57  pdΔ -0.1764  pkR 5.79  clip 0.13  kl +0.005
upd  163  steps  335872  sps 1283  opp symm  loss +0.005  pg +0.0340  v 0.007  ev +0.96  adv_std 0.114  tR +0.00  ent[s/d/p/e] 1.73/2.48/1.23/0.55  emits 0.61  spf 49.6  z0 0.69  garr 46.1  tG 338  e2 0.13  nF 7.7  pS 0.33  ptS 0.32  fLog 0.59  pdΔ -0.1723  pkR 5.04  clip 0.10  kl +0.002
upd  164  steps  337920  sps 1288  opp symm  loss -0.028  pg +0.0005  v 0.009  ev +0.93  adv_std 0.133  tR +0.71  ent[s/d/p/e] 1.68/2.48/1.28/0.57  emits 0.66  spf 48.6  z0 0.67  garr 47.2  tG 324  e2 0.14  nF 6.8  pS 0.31  ptS 0.30  fLog 0.59  pdΔ -0.1908  pkR 4.60  clip 0.15  kl +0.004
upd  165  steps  339968  sps 1292  opp symm  loss -0.067  pg -0.0377  v 0.007  ev +0.94  adv_std 0.116  tR +0.00  ent[s/d/p/e] 1.55/2.44/1.31/0.58  emits 0.50  spf 52.5  z0 0.70  garr 52.9  tG 353  e2 0.11  nF 5.4  pS 0.31  ptS 0.29  fLog 0.60  pdΔ -0.1946  pkR 3.59  clip 0.14  kl +0.008
upd  166  steps  342016  sps 1297  opp symm  loss -0.056  pg -0.0271  v 0.010  ev +0.92  adv_std 0.140  tR +0.33  ent[s/d/p/e] 1.57/2.45/1.33/0.61  emits 0.64  spf 53.7  z0 0.66  garr 54.0  tG 363  e2 0.15  nF 5.9  pS 0.32  ptS 0.31  fLog 0.61  pdΔ -0.1799  pkR 3.41  clip 0.09  kl +0.005
upd  167  steps  344064  sps 1301  opp symm  loss -0.019  pg +0.0107  v 0.007  ev +0.94  adv_std 0.118  tR -0.33  ent[s/d/p/e] 1.62/2.46/1.31/0.60  emits 0.61  spf 56.0  z0 0.66  garr 57.4  tG 388  e2 0.14  nF 6.1  pS 0.33  ptS 0.31  fLog 0.61  pdΔ -0.1723  pkR 3.83  clip 0.09  kl +0.002
upd  168  steps  346112  sps 1306  opp symm  loss -0.010  pg +0.0204  v 0.006  ev +0.95  adv_std 0.114  tR +0.50  ent[s/d/p/e] 1.59/2.41/1.30/0.59  emits 0.55  spf 57.6  z0 0.68  garr 58.0  tG 412  e2 0.13  nF 5.4  pS 0.32  ptS 0.31  fLog 0.61  pdΔ -0.1757  pkR 3.81  clip 0.09  kl +0.002
upd  169  steps  348160  sps 1311  opp symm  loss -0.052  pg -0.0200  v 0.004  ev +0.97  adv_std 0.088  tR -1.00  ent[s/d/p/e] 1.68/2.42/1.35/0.59  emits 0.54  spf 60.3  z0 0.68  garr 58.7  tG 444  e2 0.12  nF 5.2  pS 0.33  ptS 0.32  fLog 0.62  pdΔ -0.1702  pkR 3.60  clip 0.05  kl +0.000
upd  170  steps  350208  sps 1315  opp symm  loss -0.039  pg -0.0086  v 0.005  ev +0.97  adv_std 0.098  tR +0.20  ent[s/d/p/e] 1.65/2.42/1.29/0.58  emits 0.54  spf 61.9  z0 0.68  garr 56.4  tG 428  e2 0.12  nF 5.2  pS 0.32  ptS 0.31  fLog 0.63  pdΔ -0.1799  pkR 4.06  clip 0.07  kl +0.001
upd  171  steps  352256  sps 1320  opp symm  loss -0.027  pg +0.0029  v 0.006  ev +0.96  adv_std 0.109  tR -0.33  ent[s/d/p/e] 1.58/2.35/1.26/0.61  emits 0.64  spf 52.9  z0 0.65  garr 49.8  tG 357  e2 0.14  nF 6.1  pS 0.31  ptS 0.31  fLog 0.60  pdΔ -0.1873  pkR 3.46  clip 0.05  kl +0.001
upd  172  steps  354304  sps 1324  opp symm  loss -0.035  pg -0.0050  v 0.005  ev +0.96  adv_std 0.103  tR +0.33  ent[s/d/p/e] 1.64/2.39/1.22/0.59  emits 0.64  spf 51.9  z0 0.64  garr 49.0  tG 361  e2 0.14  nF 6.4  pS 0.33  ptS 0.31  fLog 0.60  pdΔ -0.1742  pkR 4.02  clip 0.14  kl +0.007
upd  173  steps  356352  sps 1328  opp symm  loss -0.041  pg -0.0123  v 0.006  ev +0.95  adv_std 0.114  tR +0.67  ent[s/d/p/e] 1.50/2.28/1.20/0.59  emits 0.62  spf 51.2  z0 0.65  garr 47.2  tG 323  e2 0.14  nF 5.8  pS 0.30  ptS 0.29  fLog 0.60  pdΔ -0.1996  pkR 3.80  clip 0.13  kl +0.002
upd  174  steps  358400  sps 1333  opp symm  loss -0.017  pg +0.0122  v 0.006  ev +0.96  adv_std 0.113  tR -0.60  ent[s/d/p/e] 1.61/2.34/1.16/0.58  emits 0.54  spf 55.5  z0 0.70  garr 53.7  tG 379  e2 0.12  nF 5.9  pS 0.31  ptS 0.30  fLog 0.61  pdΔ -0.1912  pkR 4.66  clip 0.11  kl +0.001
upd  175  steps  360448  sps 1337  opp symm  loss +0.012  pg +0.0400  v 0.006  ev +0.96  adv_std 0.113  tR -0.43  ent[s/d/p/e] 1.66/2.37/1.20/0.55  emits 0.53  spf 59.2  z0 0.71  garr 55.0  tG 403  e2 0.12  nF 5.3  pS 0.30  ptS 0.29  fLog 0.62  pdΔ -0.2030  pkR 5.34  clip 0.10  kl +0.003
upd  176  steps  362496  sps 1342  opp symm  loss +0.025  pg +0.0548  v 0.003  ev +0.98  adv_std 0.081  tR -0.50  ent[s/d/p/e] 1.74/2.42/1.24/0.53  emits 0.52  spf 62.6  z0 0.72  garr 60.4  tG 441  e2 0.11  nF 5.3  pS 0.30  ptS 0.30  fLog 0.62  pdΔ -0.2011  pkR 4.80  clip 0.07  kl +0.004
upd  177  steps  364544  sps 1346  opp symm  loss -0.008  pg +0.0190  v 0.008  ev +0.94  adv_std 0.130  tR +0.60  ent[s/d/p/e] 1.67/2.37/1.29/0.51  emits 0.48  spf 60.7  z0 0.74  garr 57.7  tG 406  e2 0.10  nF 5.2  pS 0.28  ptS 0.28  fLog 0.62  pdΔ -0.2171  pkR 4.84  clip 0.12  kl +0.003
upd  178  steps  366592  sps 1350  opp symm  loss +0.012  pg +0.0395  v 0.006  ev +0.96  adv_std 0.107  tR +0.00  ent[s/d/p/e] 1.67/2.38/1.25/0.48  emits 0.40  spf 66.3  z0 0.76  garr 62.0  tG 425  e2 0.08  nF 4.2  pS 0.28  ptS 0.28  fLog 0.64  pdΔ -0.2228  pkR 5.16  clip 0.09  kl +0.004
upd  179  steps  368640  sps 1355  opp symm  loss -0.058  pg -0.0305  v 0.008  ev +0.95  adv_std 0.125  tR +0.00  ent[s/d/p/e] 1.52/2.34/1.32/0.52  emits 0.38  spf 62.2  z0 0.76  garr 63.5  tG 426  e2 0.07  nF 3.8  pS 0.26  ptS 0.26  fLog 0.62  pdΔ -0.2396  pkR 9.42  clip 0.10  kl +0.002
upd  180  steps  370688  sps 1359  opp symm  loss -0.075  pg -0.0492  v 0.009  ev +0.94  adv_std 0.133  tR -0.50  ent[s/d/p/e] 1.46/2.32/1.35/0.49  emits 0.33  spf 65.0  z0 0.77  garr 61.2  tG 384  e2 0.06  nF 3.5  pS 0.24  ptS 0.24  fLog 0.63  pdΔ -0.2574  pkR 5.51  clip 0.08  kl +0.000
upd  181  steps  372736  sps 1363  opp symm  loss +0.003  pg +0.0288  v 0.008  ev +0.94  adv_std 0.126  tR +1.00  ent[s/d/p/e] 1.39/2.26/1.32/0.50  emits 0.32  spf 64.3  z0 0.78  garr 59.9  tG 377  e2 0.06  nF 3.5  pS 0.24  ptS 0.24  fLog 0.63  pdΔ -0.2583  pkR 5.36  clip 0.07  kl +0.000
upd  182  steps  374784  sps 1367  opp symm  loss -0.003  pg +0.0254  v 0.005  ev +0.96  adv_std 0.100  tR -1.00  ent[s/d/p/e] 1.51/2.30/1.32/0.50  emits 0.32  spf 63.1  z0 0.78  garr 66.8  tG 432  e2 0.07  nF 3.1  pS 0.26  ptS 0.26  fLog 0.63  pdΔ -0.2392  pkR 4.59  clip 0.10  kl +0.001
upd  183  steps  376832  sps 1372  opp symm  loss +0.004  pg +0.0311  v 0.008  ev +0.94  adv_std 0.128  tR +0.33  ent[s/d/p/e] 1.62/2.37/1.32/0.52  emits 0.37  spf 71.3  z0 0.76  garr 74.7  tG 508  e2 0.08  nF 3.3  pS 0.28  ptS 0.28  fLog 0.65  pdΔ -0.2163  pkR 4.04  clip 0.06  kl +0.004
upd  184  steps  378880  sps 1376  opp symm  loss -0.023  pg +0.0061  v 0.004  ev +0.96  adv_std 0.087  tR +0.00  ent[s/d/p/e] 1.60/2.35/1.33/0.50  emits 0.37  spf 70.6  z0 0.76  garr 82.2  tG 567  e2 0.07  nF 3.5  pS 0.29  ptS 0.28  fLog 0.64  pdΔ -0.2097  pkR 4.17  clip 0.06  kl +0.002
upd  185  steps  380928  sps 1380  opp symm  loss -0.003  pg +0.0277  v 0.005  ev +0.96  adv_std 0.093  tR +0.00  ent[s/d/p/e] 1.74/2.38/1.35/0.56  emits 0.49  spf 74.8  z0 0.72  garr 85.9  tG 633  e2 0.11  nF 4.2  pS 0.32  ptS 0.32  fLog 0.65  pdΔ -0.1764  pkR 3.56  clip 0.07  kl +0.002