
=== [2026-06-11T06:25:59Z] v14f_binary_v1_a_p0i0_ORBITWARS_SHAPING_ANTI_HOARD_0.02_3a0935cdc5 phase=a kind=probe chunk=500 env={"ORBITWARS_SHAPING_ANTI_HOARD": 0.02, "ORBITWARS_SHAPING_CAPTURE": 0.06, "ORBITWARS_SHAPING_RELEASE": 0.0075, "ORBITWARS_SHAPING_RELEASE_K": 15.0, "ORBITWARS_SHAPING_PROD_SHARE_DELTA": 0.015, "ORBITWARS_SHAPING_ONE_SHIP_PENALTY": 0.015} ppo={"ent_coef_emit": 0.0225, "lr_peak": 4.5e-05} ===
[reward] kaggle-aligned: terminal +1 win/+1 tie>0/-1 loss/-1 double-wipeout; is_terminal at step >= episode_steps-2; SHAPING_SCALE=0.0; v1: KEEP_HOME=0.0 FLEET_SIZE=0.0/norm20.0; v2 (expert-replay calibrated): PROD_SHARE=0.0 PLANET_SHARE=0.0 FLEET_LOG=0.0/ref500.0/floor0.3; v3 (top10-2630ep calibrated): PROD_SHARE_DELTA=0.015 EMIT_LOG=0.0 EMIT_GATED=0.0 RELEASE=0.0075/K15.0 CAPTURE=0.06; ANTI_HOARD=0.02/thresh0.6; episode_steps=500 (kaggle=500, mismatch=False)
[symmetric] Frog Parade style: same params drive BOTH players, no frozen/strong/buffer opponents, zero_sum_value=True
upd    0  steps    2048  sps 38  opp symm  loss +0.092  pg +0.1092  v 0.004  ev -0.02  adv_std 0.089  tR +0.00  ent[s/d/p/e] 0.36/1.17/1.25/0.32  emits 0.40  spf 14.0  z0 0.72  garr 14.4  tG 19  e2 0.09  nF 2.7  pS 0.07  ptS 0.07  fLog 0.40  pdΔ -0.4308  pkR 5.31  clip 0.02  kl +0.001
upd    1  steps    4096  sps 75  opp symm  loss +0.021  pg +0.0433  v 0.005  ev +0.43  adv_std 0.098  tR +1.00  ent[s/d/p/e] 0.78/1.32/1.10/0.51  emits 0.66  spf 15.7  z0 0.61  garr 16.6  tG 47  e2 0.16  nF 8.1  pS 0.12  ptS 0.12  fLog 0.40  pdΔ -0.3774  pkR 8.34  clip 0.10  kl +0.002
upd    2  steps    6144  sps 111  opp symm  loss -0.056  pg -0.0293  v 0.003  ev +0.61  adv_std 0.082  tR -1.00  ent[s/d/p/e] 1.12/1.69/1.18/0.58  emits 0.72  spf 21.8  z0 0.60  garr 25.8  tG 116  e2 0.18  nF 10.9  pS 0.18  ptS 0.17  fLog 0.43  pdΔ -0.3215  pkR 7.00  clip 0.12  kl +0.007
upd    3  steps    8192  sps 147  opp symm  loss -0.015  pg +0.0139  v 0.002  ev +0.71  adv_std 0.062  tR +0.00  ent[s/d/p/e] 1.31/1.86/1.19/0.60  emits 0.72  spf 27.9  z0 0.59  garr 32.8  tG 192  e2 0.16  nF 11.0  pS 0.23  ptS 0.21  fLog 0.46  pdΔ -0.2708  pkR 6.97  clip 0.09  kl +0.003
upd    4  steps   10240  sps 181  opp symm  loss -0.009  pg +0.0208  v 0.001  ev +0.81  adv_std 0.052  tR +0.00  ent[s/d/p/e] 1.49/2.00/1.15/0.60  emits 0.60  spf 36.4  z0 0.63  garr 45.0  tG 319  e2 0.13  nF 9.0  pS 0.28  ptS 0.26  fLog 0.49  pdΔ -0.2249  pkR 5.72  clip 0.13  kl +0.004
upd    5  steps   12288  sps 215  opp symm  loss -0.026  pg +0.0054  v 0.002  ev +0.72  adv_std 0.066  tR +1.00  ent[s/d/p/e] 1.64/2.10/1.17/0.61  emits 0.61  spf 44.0  z0 0.62  garr 55.2  tG 437  e2 0.14  nF 8.1  pS 0.32  ptS 0.30  fLog 0.51  pdΔ -0.1825  pkR 4.93  clip 0.28  kl +0.011
upd    6  steps   14336  sps 248  opp symm  loss -0.064  pg -0.0328  v 0.003  ev +0.62  adv_std 0.083  tR +0.00  ent[s/d/p/e] 1.68/2.15/1.24/0.61  emits 0.57  spf 51.5  z0 0.66  garr 65.7  tG 552  e2 0.13  nF 7.7  pS 0.33  ptS 0.32  fLog 0.54  pdΔ -0.1670  pkR 4.47  clip 0.45  kl +0.016
upd    7  steps   16384  sps 280  opp symm  loss -0.032  pg -0.0020  v 0.003  ev +0.62  adv_std 0.082  tR +0.33  ent[s/d/p/e] 1.68/2.12/1.22/0.59  emits 0.51  spf 56.3  z0 0.66  garr 75.1  tG 667  e2 0.11  nF 6.9  pS 0.34  ptS 0.33  fLog 0.55  pdΔ -0.1588  pkR 4.31  clip 0.12  kl +0.002
upd    8  steps   18432  sps 312  opp symm  loss -0.070  pg -0.0382  v 0.002  ev +0.67  adv_std 0.057  tR +1.00  ent[s/d/p/e] 1.73/2.18/1.25/0.60  emits 0.54  spf 59.7  z0 0.66  garr 78.7  tG 702  e2 0.12  nF 6.7  pS 0.34  ptS 0.33  fLog 0.56  pdΔ -0.1573  pkR 4.87  clip 0.16  kl +0.008
upd    9  steps   20480  sps 343  opp symm  loss -0.043  pg -0.0118  v 0.003  ev +0.57  adv_std 0.073  tR +1.00  ent[s/d/p/e] 1.75/2.16/1.22/0.61  emits 0.61  spf 59.8  z0 0.62  garr 81.5  tG 773  e2 0.13  nF 7.0  pS 0.37  ptS 0.35  fLog 0.56  pdΔ -0.1324  pkR 5.06  clip 0.17  kl +0.005
upd   10  steps   22528  sps 373  opp symm  loss -0.111  pg -0.0792  v 0.003  ev +0.55  adv_std 0.074  tR -1.00  ent[s/d/p/e] 1.77/2.16/1.30/0.61  emits 0.63  spf 65.3  z0 0.62  garr 80.3  tG 794  e2 0.15  nF 7.7  pS 0.37  ptS 0.36  fLog 0.56  pdΔ -0.1252  pkR 5.37  clip 0.19  kl +0.004
upd   11  steps   24576  sps 403  opp symm  loss -0.113  pg -0.0807  v 0.002  ev +0.65  adv_std 0.068  tR -1.00  ent[s/d/p/e] 1.81/2.19/1.20/0.62  emits 0.69  spf 66.2  z0 0.60  garr 78.5  tG 813  e2 0.17  nF 7.9  pS 0.38  ptS 0.37  fLog 0.56  pdΔ -0.1155  pkR 5.77  clip 0.17  kl +0.006
upd   12  steps   26624  sps 432  opp symm  loss -0.106  pg -0.0730  v 0.002  ev +0.82  adv_std 0.056  tR -1.00  ent[s/d/p/e] 1.90/2.24/1.22/0.63  emits 0.70  spf 64.1  z0 0.60  garr 73.7  tG 801  e2 0.17  nF 8.5  pS 0.40  ptS 0.40  fLog 0.56  pdΔ -0.0961  pkR 6.15  clip 0.20  kl +0.007
upd   13  steps   28672  sps 460  opp symm  loss -0.034  pg -0.0016  v 0.003  ev +0.73  adv_std 0.077  tR +1.00  ent[s/d/p/e] 1.93/2.28/1.27/0.63  emits 0.67  spf 68.5  z0 0.62  garr 71.0  tG 775  e2 0.17  nF 8.4  pS 0.40  ptS 0.40  fLog 0.57  pdΔ -0.0964  pkR 5.62  clip 0.23  kl +0.006
upd   14  steps   30720  sps 488  opp symm  loss -0.055  pg -0.0239  v 0.002  ev +0.66  adv_std 0.063  tR -1.00  ent[s/d/p/e] 1.78/2.13/1.21/0.58  emits 0.61  spf 60.2  z0 0.62  garr 76.5  tG 823  e2 0.15  nF 7.3  pS 0.40  ptS 0.39  fLog 0.55  pdΔ -0.1045  pkR 6.28  clip 0.48  kl +0.016
upd   15  steps   32768  sps 515  opp symm  loss -0.009  pg -0.0185  v 0.079  ev +0.32  adv_std 0.419  tR -0.02  ent[s/d/p/e] 1.52/2.00/1.26/0.52  emits 0.63  spf 51.5  z0 0.62  garr 49.7  tG 493  e2 0.14  nF 6.4  pS 0.28  ptS 0.27  fLog 0.52  pdΔ -0.2211  pkR 8.16  clip 0.10  kl +0.005
upd   16  steps   34816  sps 542  opp symm  loss +0.048  pg +0.0692  v 0.004  ev +0.83  adv_std 0.083  tR +0.00  ent[s/d/p/e] 0.88/1.45/1.11/0.41  emits 0.71  spf 20.6  z0 0.61  garr 19.0  tG 91  e2 0.17  nF 7.1  pS 0.14  ptS 0.13  fLog 0.42  pdΔ -0.3640  pkR 22.63  clip 0.13  kl +0.003
upd   17  steps   36864  sps 568  opp symm  loss -0.012  pg +0.0122  v 0.004  ev +0.86  adv_std 0.086  tR +0.33  ent[s/d/p/e] 1.16/1.68/1.11/0.50  emits 0.96  spf 20.4  z0 0.55  garr 18.6  tG 99  e2 0.22  nF 9.5  pS 0.17  ptS 0.17  fLog 0.43  pdΔ -0.3282  pkR 11.86  clip 0.19  kl +0.004
upd   18  steps   38912  sps 594  opp symm  loss +0.025  pg +0.0508  v 0.004  ev +0.86  adv_std 0.080  tR -1.00  ent[s/d/p/e] 1.28/1.72/1.10/0.53  emits 1.01  spf 20.6  z0 0.52  garr 18.5  tG 111  e2 0.24  nF 11.5  pS 0.20  ptS 0.20  fLog 0.43  pdΔ -0.3047  pkR 11.10  clip 0.19  kl +0.003
upd   19  steps   40960  sps 619  opp symm  loss -0.101  pg -0.0735  v 0.003  ev +0.93  adv_std 0.067  tR -1.00  ent[s/d/p/e] 1.31/1.76/1.15/0.55  emits 0.96  spf 23.2  z0 0.53  garr 21.7  tG 154  e2 0.23  nF 11.8  pS 0.22  ptS 0.22  fLog 0.44  pdΔ -0.2831  pkR 13.05  clip 0.15  kl +0.002
upd   20  steps   43008  sps 644  opp symm  loss -0.056  pg -0.0273  v 0.002  ev +0.94  adv_std 0.066  tR -1.00  ent[s/d/p/e] 1.43/1.85/1.13/0.59  emits 1.00  spf 27.2  z0 0.50  garr 24.4  tG 188  e2 0.24  nF 12.1  pS 0.25  ptS 0.25  fLog 0.45  pdΔ -0.2483  pkR 9.40  clip 0.15  kl +0.003
upd   21  steps   45056  sps 668  opp symm  loss -0.065  pg -0.0343  v 0.003  ev +0.95  adv_std 0.071  tR -0.33  ent[s/d/p/e] 1.68/2.11/1.14/0.61  emits 0.98  spf 32.6  z0 0.53  garr 29.3  tG 256  e2 0.23  nF 12.8  pS 0.30  ptS 0.30  fLog 0.48  pdΔ -0.1977  pkR 7.54  clip 0.11  kl +0.007
upd   22  steps   47104  sps 692  opp symm  loss -0.063  pg -0.0330  v 0.004  ev +0.92  adv_std 0.092  tR +0.00  ent[s/d/p/e] 1.67/2.10/1.17/0.61  emits 0.88  spf 34.5  z0 0.53  garr 31.4  tG 267  e2 0.21  nF 11.7  pS 0.31  ptS 0.30  fLog 0.50  pdΔ -0.1945  pkR 5.99  clip 0.13  kl +0.003
upd   23  steps   49152  sps 715  opp symm  loss +0.004  pg +0.0334  v 0.006  ev +0.91  adv_std 0.107  tR -0.20  ent[s/d/p/e] 1.67/2.09/1.14/0.61  emits 0.92  spf 33.7  z0 0.53  garr 32.9  tG 290  e2 0.23  nF 10.9  pS 0.32  ptS 0.31  fLog 0.49  pdΔ -0.1833  pkR 6.71  clip 0.15  kl +0.003
upd   24  steps   51200  sps 738  opp symm  loss -0.004  pg +0.0263  v 0.003  ev +0.95  adv_std 0.084  tR +1.00  ent[s/d/p/e] 1.70/2.11/1.18/0.61  emits 0.93  spf 35.6  z0 0.54  garr 33.7  tG 305  e2 0.22  nF 11.0  pS 0.32  ptS 0.32  fLog 0.50  pdΔ -0.1788  pkR 6.84  clip 0.19  kl +0.001
upd   25  steps   53248  sps 760  opp symm  loss -0.025  pg +0.0060  v 0.003  ev +0.96  adv_std 0.072  tR -1.00  ent[s/d/p/e] 1.70/2.06/1.11/0.62  emits 1.00  spf 32.4  z0 0.52  garr 32.3  tG 300  e2 0.25  nF 10.9  pS 0.33  ptS 0.32  fLog 0.49  pdΔ -0.1738  pkR 8.23  clip 0.15  kl +0.006
upd   26  steps   55296  sps 782  opp symm  loss -0.022  pg +0.0091  v 0.003  ev +0.97  adv_std 0.075  tR +1.00  ent[s/d/p/e] 1.80/2.14/1.16/0.62  emits 1.05  spf 35.8  z0 0.50  garr 34.5  tG 340  e2 0.26  nF 11.5  pS 0.35  ptS 0.34  fLog 0.50  pdΔ -0.1528  pkR 8.90  clip 0.14  kl +0.005
upd   27  steps   57344  sps 804  opp symm  loss -0.041  pg -0.0089  v 0.003  ev +0.97  adv_std 0.072  tR -1.00  ent[s/d/p/e] 1.82/2.16/1.18/0.62  emits 1.04  spf 34.7  z0 0.52  garr 32.7  tG 316  e2 0.25  nF 11.4  pS 0.35  ptS 0.34  fLog 0.50  pdΔ -0.1516  pkR 6.96  clip 0.11  kl +0.003
upd   28  steps   59392  sps 825  opp symm  loss -0.081  pg -0.0497  v 0.004  ev +0.96  adv_std 0.092  tR +0.20  ent[s/d/p/e] 1.87/2.19/1.16/0.62  emits 1.05  spf 34.2  z0 0.52  garr 34.5  tG 349  e2 0.25  nF 11.6  pS 0.35  ptS 0.34  fLog 0.50  pdΔ -0.1469  pkR 12.35  clip 0.14  kl +0.004
upd   29  steps   61440  sps 846  opp symm  loss -0.040  pg -0.0097  v 0.004  ev +0.95  adv_std 0.085  tR -0.20  ent[s/d/p/e] 1.82/2.19/1.13/0.60  emits 1.00  spf 32.6  z0 0.54  garr 32.6  tG 287  e2 0.24  nF 11.5  pS 0.32  ptS 0.31  fLog 0.49  pdΔ -0.1827  pkR 8.62  clip 0.11  kl +0.002
upd   30  steps   63488  sps 866  opp symm  loss -0.024  pg +0.0069  v 0.003  ev +0.97  adv_std 0.072  tR -0.33  ent[s/d/p/e] 1.87/2.22/1.06/0.63  emits 1.01  spf 33.6  z0 0.53  garr 35.0  tG 320  e2 0.25  nF 12.1  pS 0.35  ptS 0.34  fLog 0.49  pdΔ -0.1542  pkR 5.16  clip 0.14  kl +0.005
upd   31  steps   65536  sps 887  opp symm  loss -0.011  pg +0.0128  v 0.013  ev +0.78  adv_std 0.162  tR +0.36  ent[s/d/p/e] 1.57/2.09/1.18/0.55  emits 0.73  spf 33.6  z0 0.62  garr 31.2  tG 210  e2 0.17  nF 8.1  pS 0.23  ptS 0.22  fLog 0.50  pdΔ -0.2692  pkR 7.75  clip 0.16  kl +0.002
upd   32  steps   67584  sps 906  opp symm  loss -0.004  pg +0.0240  v 0.004  ev +0.93  adv_std 0.090  tR +1.00  ent[s/d/p/e] 1.52/1.98/1.14/0.59  emits 0.80  spf 30.7  z0 0.59  garr 30.1  tG 223  e2 0.19  nF 8.4  pS 0.24  ptS 0.23  fLog 0.48  pdΔ -0.2646  pkR 10.04  clip 0.11  kl +0.003
upd   33  steps   69632  sps 926  opp symm  loss -0.023  pg +0.0062  v 0.004  ev +0.94  adv_std 0.091  tR -0.60  ent[s/d/p/e] 1.63/2.04/1.20/0.61  emits 0.81  spf 32.9  z0 0.58  garr 30.0  tG 229  e2 0.19  nF 9.5  pS 0.25  ptS 0.25  fLog 0.49  pdΔ -0.2514  pkR 8.98  clip 0.11  kl +0.005
upd   34  steps   71680  sps 945  opp symm  loss -0.027  pg +0.0030  v 0.005  ev +0.94  adv_std 0.099  tR +1.00  ent[s/d/p/e] 1.69/2.10/1.19/0.61  emits 0.74  spf 36.6  z0 0.59  garr 32.8  tG 272  e2 0.17  nF 8.9  pS 0.27  ptS 0.27  fLog 0.51  pdΔ -0.2311  pkR 6.61  clip 0.10  kl +0.003
upd   35  steps   73728  sps 964  opp symm  loss -0.031  pg -0.0023  v 0.006  ev +0.94  adv_std 0.104  tR -0.43  ent[s/d/p/e] 1.71/2.11/1.18/0.59  emits 0.71  spf 40.5  z0 0.62  garr 36.8  tG 301  e2 0.17  nF 7.3  pS 0.27  ptS 0.27  fLog 0.52  pdΔ -0.2311  pkR 5.77  clip 0.23  kl +0.008
upd   36  steps   75776  sps 982  opp symm  loss -0.013  pg +0.0169  v 0.005  ev +0.95  adv_std 0.096  tR +0.20  ent[s/d/p/e] 1.73/2.18/1.17/0.59  emits 0.78  spf 44.0  z0 0.61  garr 36.0  tG 294  e2 0.18  nF 7.6  pS 0.27  ptS 0.27  fLog 0.53  pdΔ -0.2322  pkR 6.32  clip 0.12  kl +0.004
upd   37  steps   77824  sps 1000  opp symm  loss -0.012  pg +0.0169  v 0.007  ev +0.92  adv_std 0.118  tR +0.50  ent[s/d/p/e] 1.73/2.19/1.17/0.60  emits 0.74  spf 39.9  z0 0.61  garr 36.7  tG 294  e2 0.17  nF 8.1  pS 0.27  ptS 0.27  fLog 0.52  pdΔ -0.2300  pkR 7.98  clip 0.10  kl +0.000
upd   38  steps   79872  sps 1018  opp symm  loss -0.063  pg -0.0327  v 0.004  ev +0.95  adv_std 0.090  tR +0.14  ent[s/d/p/e] 1.65/2.15/1.18/0.61  emits 0.79  spf 40.4  z0 0.58  garr 38.1  tG 298  e2 0.18  nF 7.9  pS 0.27  ptS 0.26  fLog 0.52  pdΔ -0.2267  pkR 7.12  clip 0.09  kl +0.001
upd   39  steps   81920  sps 1036  opp symm  loss -0.026  pg +0.0046  v 0.004  ev +0.95  adv_std 0.091  tR +0.00  ent[s/d/p/e] 1.70/2.22/1.14/0.61  emits 0.70  spf 41.7  z0 0.61  garr 41.9  tG 313  e2 0.16  nF 7.7  pS 0.28  ptS 0.27  fLog 0.53  pdΔ -0.2157  pkR 6.85  clip 0.14  kl +0.002
upd   40  steps   83968  sps 1053  opp symm  loss -0.018  pg +0.0120  v 0.005  ev +0.95  adv_std 0.097  tR +1.00  ent[s/d/p/e] 1.76/2.23/1.12/0.62  emits 0.71  spf 46.7  z0 0.60  garr 45.6  tG 350  e2 0.16  nF 7.6  pS 0.31  ptS 0.29  fLog 0.55  pdΔ -0.1934  pkR 6.01  clip 0.10  kl +0.003
upd   41  steps   86016  sps 1070  opp symm  loss -0.029  pg +0.0037  v 0.003  ev +0.97  adv_std 0.079  tR +1.00  ent[s/d/p/e] 1.85/2.34/1.15/0.64  emits 0.81  spf 48.8  z0 0.57  garr 52.2  tG 422  e2 0.19  nF 7.7  pS 0.34  ptS 0.33  fLog 0.56  pdΔ -0.1635  pkR 4.42  clip 0.09  kl +0.002
upd   42  steps   88064  sps 1087  opp symm  loss -0.035  pg -0.0033  v 0.005  ev +0.95  adv_std 0.102  tR -0.33  ent[s/d/p/e] 1.86/2.33/1.12/0.65  emits 0.83  spf 48.5  z0 0.57  garr 52.1  tG 445  e2 0.19  nF 7.9  pS 0.35  ptS 0.34  fLog 0.56  pdΔ -0.1490  pkR 5.49  clip 0.10  kl +0.004
upd   43  steps   90112  sps 1103  opp symm  loss -0.041  pg -0.0090  v 0.004  ev +0.96  adv_std 0.088  tR -1.00  ent[s/d/p/e] 1.95/2.38/1.11/0.65  emits 0.91  spf 50.5  z0 0.55  garr 52.6  tG 464  e2 0.23  nF 8.7  pS 0.36  ptS 0.35  fLog 0.56  pdΔ -0.1387  pkR 5.62  clip 0.10  kl +0.003
upd   44  steps   92160  sps 1120  opp symm  loss -0.060  pg -0.0295  v 0.007  ev +0.94  adv_std 0.117  tR +0.43  ent[s/d/p/e] 1.99/2.41/1.07/0.63  emits 0.98  spf 48.9  z0 0.54  garr 52.6  tG 457  e2 0.23  nF 9.7  pS 0.37  ptS 0.35  fLog 0.56  pdΔ -0.1336  pkR 4.96  clip 0.10  kl +0.001
upd   45  steps   94208  sps 1136  opp symm  loss -0.060  pg -0.0289  v 0.005  ev +0.95  adv_std 0.098  tR -0.33  ent[s/d/p/e] 1.97/2.41/1.05/0.62  emits 0.78  spf 54.2  z0 0.59  garr 53.4  tG 450  e2 0.18  nF 9.0  pS 0.35  ptS 0.34  fLog 0.57  pdΔ -0.1513  pkR 5.35  clip 0.16  kl +0.004
upd   46  steps   96256  sps 1151  opp symm  loss -0.044  pg -0.0185  v 0.014  ev +0.87  adv_std 0.170  tR +0.00  ent[s/d/p/e] 1.92/2.37/1.05/0.62  emits 0.88  spf 45.4  z0 0.57  garr 47.7  tG 386  e2 0.21  nF 8.8  pS 0.32  ptS 0.32  fLog 0.55  pdΔ -0.1761  pkR 9.33  clip 0.10  kl +0.005
upd   47  steps   98304  sps 1166  opp symm  loss -0.026  pg +0.0043  v 0.004  ev +0.94  adv_std 0.093  tR +0.00  ent[s/d/p/e] 1.76/2.30/1.07/0.60  emits 0.76  spf 42.1  z0 0.60  garr 40.9  tG 276  e2 0.18  nF 8.1  pS 0.27  ptS 0.27  fLog 0.54  pdΔ -0.2317  pkR 4.42  clip 0.09  kl +0.001
upd   48  steps  100352  sps 1182  opp symm  loss -0.014  pg +0.0174  v 0.004  ev +0.96  adv_std 0.087  tR -1.00  ent[s/d/p/e] 1.82/2.33/1.08/0.62  emits 0.74  spf 40.5  z0 0.62  garr 41.7  tG 287  e2 0.17  nF 8.4  pS 0.28  ptS 0.28  fLog 0.53  pdΔ -0.2207  pkR 4.13  clip 0.10  kl +0.003
upd   49  steps  102400  sps 1197  opp symm  loss -0.035  pg -0.0041  v 0.004  ev +0.96  adv_std 0.092  tR +1.00  ent[s/d/p/e] 1.88/2.33/1.05/0.63  emits 0.86  spf 40.6  z0 0.57  garr 41.5  tG 299  e2 0.20  nF 9.5  pS 0.30  ptS 0.30  fLog 0.53  pdΔ -0.2010  pkR 4.18  clip 0.11  kl +0.003
upd   50  steps  104448  sps 1211  opp symm  loss -0.024  pg +0.0073  v 0.005  ev +0.96  adv_std 0.098  tR +0.00  ent[s/d/p/e] 1.87/2.32/1.11/0.63  emits 0.80  spf 40.2  z0 0.57  garr 44.2  tG 349  e2 0.19  nF 9.5  pS 0.32  ptS 0.32  fLog 0.54  pdΔ -0.1787  pkR 4.35  clip 0.15  kl +0.005
upd   51  steps  106496  sps 1226  opp symm  loss -0.027  pg +0.0026  v 0.007  ev +0.94  adv_std 0.114  tR -0.33  ent[s/d/p/e] 1.92/2.33/1.02/0.62  emits 0.87  spf 43.0  z0 0.57  garr 44.8  tG 362  e2 0.20  nF 9.3  pS 0.33  ptS 0.33  fLog 0.54  pdΔ -0.1712  pkR 4.51  clip 0.14  kl +0.004
upd   52  steps  108544  sps 1240  opp symm  loss -0.002  pg +0.0284  v 0.005  ev +0.96  adv_std 0.099  tR +0.00  ent[s/d/p/e] 1.96/2.38/1.03/0.61  emits 0.74  spf 47.2  z0 0.62  garr 49.3  tG 381  e2 0.17  nF 8.8  pS 0.31  ptS 0.31  fLog 0.55  pdΔ -0.1867  pkR 4.92  clip 0.12  kl +0.002
upd   53  steps  110592  sps 1255  opp symm  loss -0.027  pg +0.0018  v 0.008  ev +0.93  adv_std 0.130  tR -0.11  ent[s/d/p/e] 1.96/2.37/1.06/0.61  emits 0.70  spf 46.8  z0 0.63  garr 50.4  tG 376  e2 0.16  nF 7.7  pS 0.30  ptS 0.31  fLog 0.55  pdΔ -0.1955  pkR 4.58  clip 0.14  kl +0.006
upd   54  steps  112640  sps 1268  opp symm  loss -0.091  pg -0.0610  v 0.005  ev +0.96  adv_std 0.103  tR +0.00  ent[s/d/p/e] 1.90/2.35/1.09/0.58  emits 0.53  spf 48.4  z0 0.69  garr 50.3  tG 358  e2 0.11  nF 6.6  pS 0.28  ptS 0.28  fLog 0.56  pdΔ -0.2187  pkR 5.52  clip 0.08  kl +0.002
upd   55  steps  114688  sps 1282  opp symm  loss -0.035  pg -0.0059  v 0.006  ev +0.95  adv_std 0.112  tR +0.20  ent[s/d/p/e] 1.90/2.36/1.08/0.59  emits 0.55  spf 50.5  z0 0.68  garr 51.8  tG 387  e2 0.12  nF 6.2  pS 0.28  ptS 0.28  fLog 0.57  pdΔ -0.2159  pkR 5.55  clip 0.10  kl +0.004
upd   56  steps  116736  sps 1296  opp symm  loss -0.028  pg +0.0022  v 0.004  ev +0.97  adv_std 0.086  tR +0.00  ent[s/d/p/e] 1.82/2.29/1.08/0.61  emits 0.56  spf 51.8  z0 0.67  garr 51.8  tG 400  e2 0.12  nF 6.4  pS 0.30  ptS 0.29  fLog 0.57  pdΔ -0.2016  pkR 5.50  clip 0.09  kl +0.001
upd   57  steps  118784  sps 1309  opp symm  loss -0.057  pg -0.0255  v 0.003  ev +0.98  adv_std 0.078  tR -1.00  ent[s/d/p/e] 1.85/2.38/1.11/0.62  emits 0.48  spf 55.4  z0 0.69  garr 62.6  tG 508  e2 0.10  nF 5.7  pS 0.33  ptS 0.32  fLog 0.59  pdΔ -0.1718  pkR 5.12  clip 0.09  kl +0.005
upd   58  steps  120832  sps 1322  opp symm  loss -0.035  pg -0.0040  v 0.005  ev +0.96  adv_std 0.098  tR -0.60  ent[s/d/p/e] 1.95/2.43/1.14/0.61  emits 0.55  spf 60.4  z0 0.66  garr 71.6  tG 584  e2 0.13  nF 6.0  pS 0.35  ptS 0.34  fLog 0.60  pdΔ -0.1511  pkR 4.27  clip 0.11  kl +0.004
upd   59  steps  122880  sps 1335  opp symm  loss -0.059  pg -0.0298  v 0.008  ev +0.93  adv_std 0.126  tR +0.60  ent[s/d/p/e] 2.04/2.46/1.06/0.60  emits 0.52  spf 64.0  z0 0.67  garr 72.3  tG 603  e2 0.12  nF 5.7  pS 0.36  ptS 0.36  fLog 0.61  pdΔ -0.1360  pkR 4.46  clip 0.03  kl +0.001
upd   60  steps  124928  sps 1348  opp symm  loss -0.022  pg +0.0074  v 0.006  ev +0.94  adv_std 0.110  tR +1.00  ent[s/d/p/e] 1.92/2.38/1.11/0.57  emits 0.49  spf 62.4  z0 0.69  garr 74.9  tG 632  e2 0.11  nF 5.3  pS 0.34  ptS 0.33  fLog 0.60  pdΔ -0.1626  pkR 7.39  clip 0.09  kl +0.005
upd   61  steps  126976  sps 1361  opp symm  loss -0.065  pg -0.0340  v 0.004  ev +0.96  adv_std 0.086  tR +0.33  ent[s/d/p/e] 1.96/2.40/1.03/0.61  emits 0.55  spf 65.7  z0 0.66  garr 73.8  tG 590  e2 0.12  nF 6.1  pS 0.33  ptS 0.32  fLog 0.60  pdΔ -0.1701  pkR 6.53  clip 0.07  kl +0.002
upd   62  steps  129024  sps 1373  opp symm  loss -0.035  pg -0.0084  v 0.010  ev +0.88  adv_std 0.144  tR -0.17  ent[s/d/p/e] 1.88/2.33/1.01/0.57  emits 0.47  spf 56.7  z0 0.71  garr 68.0  tG 516  e2 0.10  nF 5.2  pS 0.30  ptS 0.29  fLog 0.58  pdΔ -0.2020  pkR 6.40  clip 0.09  kl +0.002
upd   63  steps  131072  sps 1385  opp symm  loss -0.023  pg +0.0067  v 0.004  ev +0.95  adv_std 0.091  tR -1.00  ent[s/d/p/e] 1.81/2.30/1.00/0.61  emits 0.58  spf 60.6  z0 0.66  garr 69.9  tG 530  e2 0.13  nF 6.1  pS 0.31  ptS 0.30  fLog 0.58  pdΔ -0.1926  pkR 6.37  clip 0.15  kl +0.002
upd   64  steps  133120  sps 1397  opp symm  loss -0.051  pg -0.0218  v 0.007  ev +0.92  adv_std 0.120  tR +0.33  ent[s/d/p/e] 1.92/2.40/1.01/0.60  emits 0.56  spf 59.5  z0 0.66  garr 69.8  tG 537  e2 0.12  nF 6.6  pS 0.33  ptS 0.32  fLog 0.59  pdΔ -0.1689  pkR 4.17  clip 0.19  kl +0.006
upd   65  steps  135168  sps 1409  opp symm  loss -0.059  pg -0.0284  v 0.004  ev +0.96  adv_std 0.093  tR +0.00  ent[s/d/p/e] 2.00/2.43/0.97/0.62  emits 0.68  spf 55.5  z0 0.62  garr 66.0  tG 531  e2 0.16  nF 7.5  pS 0.35  ptS 0.34  fLog 0.58  pdΔ -0.1513  pkR 3.84  clip 0.11  kl +0.005
upd   66  steps  137216  sps 1421  opp symm  loss -0.053  pg -0.0241  v 0.008  ev +0.94  adv_std 0.126  tR +0.00  ent[s/d/p/e] 2.05/2.44/0.97/0.61  emits 0.60  spf 57.8  z0 0.65  garr 73.2  tG 586  e2 0.14  nF 6.8  pS 0.36  ptS 0.35  fLog 0.59  pdΔ -0.1379  pkR 3.51  clip 0.09  kl +0.002
upd   67  steps  139264  sps 1433  opp symm  loss -0.016  pg +0.0141  v 0.005  ev +0.96  adv_std 0.101  tR -0.14  ent[s/d/p/e] 2.03/2.45/0.98/0.60  emits 0.55  spf 61.2  z0 0.67  garr 74.0  tG 612  e2 0.12  nF 6.4  pS 0.36  ptS 0.35  fLog 0.60  pdΔ -0.1372  pkR 4.49  clip 0.06  kl +0.001
upd   68  steps  141312  sps 1444  opp symm  loss -0.023  pg +0.0057  v 0.008  ev +0.94  adv_std 0.128  tR +0.50  ent[s/d/p/e] 2.00/2.41/0.97/0.61  emits 0.63  spf 55.3  z0 0.64  garr 72.9  tG 578  e2 0.15  nF 6.6  pS 0.35  ptS 0.34  fLog 0.58  pdΔ -0.1501  pkR 3.92  clip 0.13  kl +0.005
upd   69  steps  143360  sps 1455  opp symm  loss -0.032  pg -0.0061  v 0.011  ev +0.92  adv_std 0.153  tR +0.43  ent[s/d/p/e] 1.92/2.39/1.02/0.58  emits 0.49  spf 55.9  z0 0.69  garr 69.1  tG 534  e2 0.10  nF 6.3  pS 0.32  ptS 0.31  fLog 0.58  pdΔ -0.1825  pkR 3.84  clip 0.08  kl +0.002
upd   70  steps  145408  sps 1466  opp symm  loss +0.005  pg +0.0330  v 0.006  ev +0.94  adv_std 0.111  tR +0.75  ent[s/d/p/e] 1.81/2.31/1.02/0.55  emits 0.45  spf 55.6  z0 0.73  garr 74.4  tG 538  e2 0.09  nF 5.0  pS 0.28  ptS 0.27  fLog 0.57  pdΔ -0.2162  pkR 4.69  clip 0.07  kl -0.000
upd   71  steps  147456  sps 1478  opp symm  loss -0.051  pg -0.0248  v 0.008  ev +0.91  adv_std 0.130  tR -0.14  ent[s/d/p/e] 1.70/2.26/1.04/0.55  emits 0.41  spf 58.7  z0 0.73  garr 69.8  tG 474  e2 0.08  nF 4.6  pS 0.25  ptS 0.25  fLog 0.58  pdΔ -0.2485  pkR 4.96  clip 0.07  kl +0.003
upd   72  steps  149504  sps 1488  opp symm  loss -0.041  pg -0.0128  v 0.005  ev +0.95  adv_std 0.101  tR -1.00  ent[s/d/p/e] 1.74/2.35/1.04/0.54  emits 0.38  spf 55.4  z0 0.74  garr 72.8  tG 488  e2 0.08  nF 4.5  pS 0.26  ptS 0.26  fLog 0.58  pdΔ -0.2404  pkR 4.91  clip 0.06  kl +0.000
upd   73  steps  151552  sps 1499  opp symm  loss -0.024  pg +0.0047  v 0.006  ev +0.94  adv_std 0.112  tR +0.00  ent[s/d/p/e] 1.82/2.36/1.03/0.57  emits 0.46  spf 60.3  z0 0.71  garr 72.3  tG 503  e2 0.09  nF 5.1  pS 0.28  ptS 0.27  fLog 0.59  pdΔ -0.2215  pkR 4.27  clip 0.04  kl +0.001
upd   74  steps  153600  sps 1510  opp symm  loss -0.016  pg +0.0131  v 0.004  ev +0.96  adv_std 0.090  tR -1.00  ent[s/d/p/e] 1.79/2.34/1.09/0.55  emits 0.37  spf 61.2  z0 0.74  garr 77.8  tG 544  e2 0.07  nF 4.7  pS 0.28  ptS 0.28  fLog 0.59  pdΔ -0.2192  pkR 4.55  clip 0.06  kl +0.001
upd   75  steps  155648  sps 1520  opp symm  loss -0.039  pg -0.0100  v 0.006  ev +0.95  adv_std 0.114  tR -0.20  ent[s/d/p/e] 1.90/2.37/1.04/0.57  emits 0.46  spf 62.3  z0 0.70  garr 77.6  tG 581  e2 0.10  nF 4.7  pS 0.30  ptS 0.30  fLog 0.59  pdΔ -0.2004  pkR 4.58  clip 0.08  kl +0.002
upd   76  steps  157696  sps 1531  opp symm  loss +0.019  pg +0.0484  v 0.004  ev +0.97  adv_std 0.086  tR -1.00  ent[s/d/p/e] 1.87/2.39/1.09/0.53  emits 0.38  spf 65.1  z0 0.74  garr 81.0  tG 601  e2 0.07  nF 4.6  pS 0.31  ptS 0.30  fLog 0.61  pdΔ -0.1930  pkR 4.68  clip 0.08  kl +0.003
upd   77  steps  159744  sps 1541  opp symm  loss -0.009  pg +0.0152  v 0.016  ev +0.89  adv_std 0.177  tR -0.09  ent[s/d/p/e] 1.89/2.40/1.15/0.54  emits 0.34  spf 64.9  z0 0.76  garr 86.1  tG 635  e2 0.07  nF 3.8  pS 0.30  ptS 0.30  fLog 0.61  pdΔ -0.1955  pkR 3.33  clip 0.04  kl +0.003
upd   78  steps  161792  sps 1551  opp symm  loss -0.021  pg +0.0079  v 0.006  ev +0.96  adv_std 0.106  tR +1.00  ent[s/d/p/e] 1.82/2.43/1.19/0.52  emits 0.36  spf 62.4  z0 0.76  garr 78.6  tG 538  e2 0.07  nF 3.8  pS 0.27  ptS 0.26  fLog 0.60  pdΔ -0.2287  pkR 5.05  clip 0.06  kl +0.001
upd   79  steps  163840  sps 1561  opp symm  loss -0.023  pg +0.0056  v 0.005  ev +0.96  adv_std 0.101  tR -1.00  ent[s/d/p/e] 1.73/2.34/1.16/0.52  emits 0.35  spf 63.5  z0 0.75  garr 84.0  tG 580  e2 0.06  nF 4.0  pS 0.28  ptS 0.27  fLog 0.60  pdΔ -0.2153  pkR 4.67  clip 0.06  kl +0.001
upd   80  steps  165888  sps 1571  opp symm  loss -0.044  pg -0.0154  v 0.008  ev +0.94  adv_std 0.124  tR +1.00  ent[s/d/p/e] 1.83/2.35/1.13/0.57  emits 0.42  spf 63.0  z0 0.71  garr 85.8  tG 623  e2 0.08  nF 4.6  pS 0.30  ptS 0.29  fLog 0.60  pdΔ -0.1954  pkR 4.40  clip 0.06  kl +0.003
upd   81  steps  167936  sps 1580  opp symm  loss -0.045  pg -0.0158  v 0.008  ev +0.94  adv_std 0.124  tR +0.00  ent[s/d/p/e] 1.86/2.39/1.10/0.59  emits 0.43  spf 61.6  z0 0.72  garr 81.9  tG 624  e2 0.10  nF 4.9  pS 0.32  ptS 0.31  fLog 0.60  pdΔ -0.1764  pkR 4.53  clip 0.06  kl +0.001
upd   82  steps  169984  sps 1590  opp symm  loss -0.033  pg -0.0045  v 0.009  ev +0.94  adv_std 0.134  tR -0.33  ent[s/d/p/e] 1.91/2.40/1.10/0.61  emits 0.53  spf 62.1  z0 0.67  garr 76.7  tG 596  e2 0.12  nF 5.5  pS 0.33  ptS 0.32  fLog 0.60  pdΔ -0.1679  pkR 4.78  clip 0.07  kl +0.001
upd   83  steps  172032  sps 1599  opp symm  loss -0.030  pg +0.0002  v 0.006  ev +0.96  adv_std 0.108  tR -0.50  ent[s/d/p/e] 1.93/2.40/1.00/0.62  emits 0.55  spf 56.7  z0 0.67  garr 73.3  tG 579  e2 0.12  nF 5.9  pS 0.34  ptS 0.33  fLog 0.58  pdΔ -0.1568  pkR 4.11  clip 0.07  kl +0.000
upd   84  steps  174080  sps 1609  opp symm  loss -0.056  pg -0.0282  v 0.010  ev +0.93  adv_std 0.137  tR +0.00  ent[s/d/p/e] 1.93/2.38/0.96/0.61  emits 0.64  spf 56.6  z0 0.63  garr 68.4  tG 558  e2 0.14  nF 6.6  pS 0.35  ptS 0.33  fLog 0.58  pdΔ -0.1498  pkR 4.88  clip 0.08  kl +0.002
upd   85  steps  176128  sps 1618  opp symm  loss -0.052  pg -0.0218  v 0.005  ev +0.96  adv_std 0.102  tR +0.75  ent[s/d/p/e] 1.93/2.37/1.03/0.62  emits 0.69  spf 50.4  z0 0.62  garr 63.7  tG 516  e2 0.16  nF 7.2  pS 0.34  ptS 0.33  fLog 0.56  pdΔ -0.1604  pkR 5.59  clip 0.07  kl +0.000
upd   86  steps  178176  sps 1627  opp symm  loss -0.030  pg -0.0000  v 0.005  ev +0.96  adv_std 0.101  tR +0.25  ent[s/d/p/e] 1.83/2.36/1.11/0.59  emits 0.56  spf 50.4  z0 0.67  garr 61.0  tG 463  e2 0.13  nF 6.7  pS 0.31  ptS 0.29  fLog 0.57  pdΔ -0.1917  pkR 7.88  clip 0.10  kl +0.002
upd   87  steps  180224  sps 1636  opp symm  loss -0.029  pg +0.0012  v 0.004  ev +0.95  adv_std 0.094  tR +0.00  ent[s/d/p/e] 1.69/2.29/1.17/0.58  emits 0.49  spf 48.4  z0 0.69  garr 61.2  tG 437  e2 0.10  nF 5.1  pS 0.28  ptS 0.27  fLog 0.57  pdΔ -0.2190  pkR 5.13  clip 0.08  kl +0.002
upd   88  steps  182272  sps 1645  opp symm  loss +0.005  pg +0.0357  v 0.004  ev +0.96  adv_std 0.088  tR +0.00  ent[s/d/p/e] 1.82/2.33/1.12/0.58  emits 0.52  spf 55.4  z0 0.67  garr 65.7  tG 489  e2 0.12  nF 5.9  pS 0.31  ptS 0.29  fLog 0.58  pdΔ -0.1935  pkR 4.62  clip 0.14  kl +0.005
upd   89  steps  184320  sps 1654  opp symm  loss -0.008  pg +0.0216  v 0.005  ev +0.96  adv_std 0.097  tR +0.33  ent[s/d/p/e] 1.85/2.38/1.08/0.57  emits 0.47  spf 60.6  z0 0.70  garr 72.2  tG 538  e2 0.10  nF 5.6  pS 0.32  ptS 0.30  fLog 0.60  pdΔ -0.1823  pkR 4.79  clip 0.07  kl +0.003
upd   90  steps  186368  sps 1663  opp symm  loss -0.008  pg +0.0223  v 0.004  ev +0.96  adv_std 0.091  tR -1.00  ent[s/d/p/e] 1.87/2.40/1.11/0.57  emits 0.44  spf 59.5  z0 0.72  garr 83.1  tG 624  e2 0.09  nF 4.6  pS 0.32  ptS 0.30  fLog 0.59  pdΔ -0.1827  pkR 5.35  clip 0.07  kl +0.001
upd   91  steps  188416  sps 1671  opp symm  loss -0.046  pg -0.0152  v 0.003  ev +0.97  adv_std 0.082  tR -0.50  ent[s/d/p/e] 1.92/2.43/1.11/0.58  emits 0.48  spf 61.8  z0 0.70  garr 88.0  tG 670  e2 0.10  nF 4.6  pS 0.33  ptS 0.31  fLog 0.60  pdΔ -0.1711  pkR 4.63  clip 0.08  kl +0.003
upd   92  steps  190464  sps 1680  opp symm  loss -0.041  pg -0.0113  v 0.006  ev +0.96  adv_std 0.107  tR +1.00  ent[s/d/p/e] 1.96/2.42/1.14/0.58  emits 0.49  spf 68.2  z0 0.71  garr 86.2  tG 692  e2 0.10  nF 4.8  pS 0.34  ptS 0.33  fLog 0.62  pdΔ -0.1566  pkR 3.74  clip 0.09  kl +0.002
upd   93  steps  192512  sps 1688  opp symm  loss -0.032  pg -0.0062  v 0.014  ev +0.92  adv_std 0.166  tR +0.00  ent[s/d/p/e] 1.95/2.42/1.12/0.59  emits 0.55  spf 61.4  z0 0.68  garr 76.3  tG 594  e2 0.11  nF 5.1  pS 0.33  ptS 0.31  fLog 0.60  pdΔ -0.1737  pkR 3.85  clip 0.08  kl +0.003
upd   94  steps  194560  sps 1696  opp symm  loss -0.047  pg -0.0175  v 0.006  ev +0.97  adv_std 0.107  tR +1.00  ent[s/d/p/e] 1.94/2.36/1.10/0.59  emits 0.60  spf 53.8  z0 0.66  garr 70.3  tG 511  e2 0.13  nF 5.9  pS 0.32  ptS 0.30  fLog 0.57  pdΔ -0.1798  pkR 4.42  clip 0.11  kl +0.004
upd   95  steps  196608  sps 1705  opp symm  loss -0.055  pg -0.0251  v 0.007  ev +0.96  adv_std 0.119  tR -0.33  ent[s/d/p/e] 1.91/2.34/1.13/0.59  emits 0.56  spf 54.4  z0 0.66  garr 70.8  tG 547  e2 0.13  nF 5.4  pS 0.34  ptS 0.32  fLog 0.59  pdΔ -0.1640  pkR 4.05  clip 0.08  kl +0.002
upd   96  steps  198656  sps 1713  opp symm  loss -0.003  pg +0.0254  v 0.007  ev +0.96  adv_std 0.118  tR +0.00  ent[s/d/p/e] 1.87/2.31/1.09/0.56  emits 0.52  spf 53.5  z0 0.68  garr 72.6  tG 578  e2 0.11  nF 5.1  pS 0.33  ptS 0.32  fLog 0.58  pdΔ -0.1672  pkR 3.87  clip 0.15  kl +0.005
upd   97  steps  200704  sps 1721  opp symm  loss +0.001  pg +0.0281  v 0.010  ev +0.94  adv_std 0.145  tR +0.20  ent[s/d/p/e] 1.86/2.33/1.11/0.59  emits 0.48  spf 60.6  z0 0.68  garr 78.1  tG 629  e2 0.10  nF 5.0  pS 0.34  ptS 0.32  fLog 0.60  pdΔ -0.1627  pkR 3.86  clip 0.06  kl +0.000
upd   98  steps  202752  sps 1729  opp symm  loss +0.028  pg +0.0554  v 0.008  ev +0.95  adv_std 0.131  tR +0.33  ent[s/d/p/e] 1.87/2.36/1.12/0.56  emits 0.48  spf 61.3  z0 0.70  garr 78.1  tG 622  e2 0.10  nF 4.9  pS 0.33  ptS 0.32  fLog 0.60  pdΔ -0.1662  pkR 4.36  clip 0.14  kl +0.005
[eval_vs_v20] u99 tag=train_u99  bin0=0.0%  spf=0.00  garr=128.50  flip=0.00%  z0=71.9%  e8=0.0%  e2+=0.0%  WLD=0/3/0
upd   99  steps  204800  sps 1737  opp symm  loss -0.021  pg +0.0082  v 0.007  ev +0.96  adv_std 0.116  tR +0.60  ent[s/d/p/e] 1.86/2.35/1.11/0.57  emits 0.46  spf 66.9  z0 0.70  garr 84.4  tG 673  e2 0.09  nF 4.5  pS 0.33  ptS 0.32  fLog 0.61  pdΔ -0.1652  pkR 4.82  clip 0.05  kl +0.003 WRr 0.09 v20[spf 0.0 flip 0.0% e2+ 0.0%]
upd  100  steps  206848  sps 938  opp symm  loss -0.048  pg -0.0205  v 0.010  ev +0.92  adv_std 0.142  tR -0.20  ent[s/d/p/e] 1.79/2.33/1.19/0.57  emits 0.43  spf 65.2  z0 0.71  garr 82.4  tG 638  e2 0.08  nF 4.2  pS 0.32  ptS 0.31  fLog 0.62  pdΔ -0.1773  pkR 3.58  clip 0.06  kl +0.001
upd  101  steps  208896  sps 944  opp symm  loss -0.003  pg +0.0219  v 0.013  ev +0.88  adv_std 0.163  tR -0.11  ent[s/d/p/e] 1.76/2.25/1.17/0.54  emits 0.41  spf 64.0  z0 0.74  garr 78.4  tG 592  e2 0.09  nF 4.2  pS 0.31  ptS 0.30  fLog 0.61  pdΔ -0.1885  pkR 4.04  clip 0.09  kl +0.002
upd  102  steps  210944  sps 951  opp symm  loss -0.019  pg +0.0054  v 0.013  ev +0.88  adv_std 0.163  tR -0.09  ent[s/d/p/e] 1.64/2.16/1.22/0.54  emits 0.35  spf 63.4  z0 0.75  garr 82.1  tG 573  e2 0.06  nF 3.6  pS 0.27  ptS 0.26  fLog 0.61  pdΔ -0.2304  pkR 4.44  clip 0.08  kl +0.004
upd  103  steps  212992  sps 957  opp symm  loss -0.036  pg -0.0097  v 0.006  ev +0.94  adv_std 0.109  tR -1.00  ent[s/d/p/e] 1.55/2.07/1.17/0.51  emits 0.38  spf 60.5  z0 0.76  garr 80.0  tG 563  e2 0.08  nF 3.7  pS 0.26  ptS 0.25  fLog 0.60  pdΔ -0.2436  pkR 5.73  clip 0.07  kl +0.003
upd  104  steps  215040  sps 963  opp symm  loss -0.050  pg -0.0230  v 0.009  ev +0.92  adv_std 0.135  tR +0.33  ent[s/d/p/e] 1.74/2.23/1.15/0.55  emits 0.44  spf 63.9  z0 0.72  garr 78.5  tG 583  e2 0.09  nF 4.3  pS 0.28  ptS 0.27  fLog 0.60  pdΔ -0.2206  pkR 5.03  clip 0.11  kl +0.003
upd  105  steps  217088  sps 970  opp symm  loss -0.038  pg -0.0118  v 0.007  ev +0.95  adv_std 0.120  tR +0.50  ent[s/d/p/e] 1.62/2.16/1.11/0.52  emits 0.38  spf 57.5  z0 0.75  garr 79.6  tG 607  e2 0.07  nF 4.2  pS 0.29  ptS 0.28  fLog 0.59  pdΔ -0.2107  pkR 6.17  clip 0.07  kl +0.001
upd  106  steps  219136  sps 976  opp symm  loss -0.049  pg -0.0198  v 0.005  ev +0.97  adv_std 0.103  tR +0.50  ent[s/d/p/e] 1.76/2.20/1.16/0.57  emits 0.44  spf 61.2  z0 0.72  garr 82.8  tG 634  e2 0.09  nF 4.8  pS 0.30  ptS 0.29  fLog 0.60  pdΔ -0.1983  pkR 5.25  clip 0.11  kl +0.004
upd  107  steps  221184  sps 982  opp symm  loss -0.027  pg +0.0007  v 0.007  ev +0.96  adv_std 0.119  tR -0.33  ent[s/d/p/e] 1.79/2.20/1.10/0.57  emits 0.45  spf 59.5  z0 0.71  garr 85.6  tG 652  e2 0.09  nF 4.8  pS 0.32  ptS 0.30  fLog 0.60  pdΔ -0.1825  pkR 5.25  clip 0.11  kl +0.007
upd  108  steps  223232  sps 989  opp symm  loss -0.019  pg +0.0060  v 0.014  ev +0.93  adv_std 0.163  tR +0.00  ent[s/d/p/e] 1.79/2.20/1.15/0.55  emits 0.51  spf 65.7  z0 0.70  garr 84.3  tG 673  e2 0.10  nF 5.0  pS 0.32  ptS 0.31  fLog 0.61  pdΔ -0.1788  pkR 5.30  clip 0.08  kl +0.002
upd  109  steps  225280  sps 995  opp symm  loss -0.022  pg +0.0055  v 0.005  ev +0.97  adv_std 0.104  tR +0.00  ent[s/d/p/e] 1.66/2.22/1.15/0.53  emits 0.39  spf 62.6  z0 0.74  garr 77.0  tG 590  e2 0.08  nF 4.1  pS 0.30  ptS 0.29  fLog 0.60  pdΔ -0.2020  pkR 4.47  clip 0.06  kl +0.004
upd  110  steps  227328  sps 1001  opp symm  loss -0.038  pg -0.0086  v 0.006  ev +0.97  adv_std 0.110  tR -1.00  ent[s/d/p/e] 1.78/2.34/1.13/0.57  emits 0.52  spf 65.4  z0 0.68  garr 80.4  tG 597  e2 0.10  nF 5.0  pS 0.31  ptS 0.30  fLog 0.62  pdΔ -0.1898  pkR 4.15  clip 0.12  kl +0.001
upd  111  steps  229376  sps 1007  opp symm  loss -0.023  pg +0.0047  v 0.008  ev +0.96  adv_std 0.125  tR -0.20  ent[s/d/p/e] 1.79/2.36/1.18/0.53  emits 0.41  spf 64.4  z0 0.73  garr 76.9  tG 594  e2 0.09  nF 4.7  pS 0.32  ptS 0.31  fLog 0.62  pdΔ -0.1788  pkR 4.21  clip 0.07  kl +0.001
upd  112  steps  231424  sps 1013  opp symm  loss -0.038  pg -0.0094  v 0.007  ev +0.96  adv_std 0.117  tR +1.00  ent[s/d/p/e] 1.83/2.38/1.12/0.57  emits 0.43  spf 64.9  z0 0.72  garr 84.3  tG 658  e2 0.09  nF 4.3  pS 0.33  ptS 0.31  fLog 0.61  pdΔ -0.1710  pkR 4.70  clip 0.12  kl +0.006
upd  113  steps  233472  sps 1019  opp symm  loss -0.037  pg -0.0099  v 0.008  ev +0.96  adv_std 0.131  tR +0.71  ent[s/d/p/e] 1.85/2.38/1.06/0.55  emits 0.44  spf 69.1  z0 0.72  garr 88.4  tG 698  e2 0.09  nF 4.1  pS 0.33  ptS 0.32  fLog 0.62  pdΔ -0.1671  pkR 4.76  clip 0.05  kl +0.001
upd  114  steps  235520  sps 1025  opp symm  loss -0.006  pg +0.0231  v 0.005  ev +0.97  adv_std 0.104  tR -1.00  ent[s/d/p/e] 1.93/2.40/1.02/0.55  emits 0.45  spf 72.0  z0 0.73  garr 90.8  tG 740  e2 0.09  nF 4.4  pS 0.35  ptS 0.33  fLog 0.62  pdΔ -0.1549  pkR 4.84  clip 0.06  kl +0.002
upd  115  steps  237568  sps 1032  opp symm  loss -0.030  pg -0.0007  v 0.007  ev +0.96  adv_std 0.121  tR -0.33  ent[s/d/p/e] 1.97/2.45/1.04/0.58  emits 0.57  spf 70.4  z0 0.67  garr 92.5  tG 761  e2 0.12  nF 5.1  pS 0.36  ptS 0.34  fLog 0.62  pdΔ -0.1444  pkR 4.11  clip 0.11  kl +0.003
upd  116  steps  239616  sps 1037  opp symm  loss -0.041  pg -0.0146  v 0.010  ev +0.95  adv_std 0.144  tR +0.67  ent[s/d/p/e] 1.91/2.43/1.05/0.55  emits 0.54  spf 69.4  z0 0.68  garr 86.6  tG 704  e2 0.12  nF 5.3  pS 0.35  ptS 0.33  fLog 0.62  pdΔ -0.1503  pkR 3.86  clip 0.12  kl +0.007
upd  117  steps  241664  sps 1043  opp symm  loss -0.025  pg +0.0021  v 0.010  ev +0.95  adv_std 0.140  tR +0.14  ent[s/d/p/e] 1.86/2.40/1.06/0.58  emits 0.60  spf 59.5  z0 0.67  garr 77.4  tG 602  e2 0.12  nF 5.3  pS 0.33  ptS 0.31  fLog 0.60  pdΔ -0.1712  pkR 4.91  clip 0.14  kl +0.005
upd  118  steps  243712  sps 1049  opp symm  loss -0.059  pg -0.0313  v 0.007  ev +0.96  adv_std 0.123  tR +0.50  ent[s/d/p/e] 1.72/2.35/1.11/0.54  emits 0.45  spf 57.6  z0 0.72  garr 70.8  tG 516  e2 0.09  nF 4.5  pS 0.30  ptS 0.28  fLog 0.60  pdΔ -0.2023  pkR 5.54  clip 0.08  kl +0.004
upd  119  steps  245760  sps 1055  opp symm  loss -0.031  pg -0.0028  v 0.007  ev +0.96  adv_std 0.120  tR +1.00  ent[s/d/p/e] 1.83/2.38/1.04/0.58  emits 0.59  spf 58.1  z0 0.68  garr 66.9  tG 479  e2 0.14  nF 5.7  pS 0.31  ptS 0.29  fLog 0.60  pdΔ -0.1921  pkR 5.86  clip 0.11  kl +0.001
upd  120  steps  247808  sps 1061  opp symm  loss -0.055  pg -0.0258  v 0.005  ev +0.97  adv_std 0.107  tR -0.60  ent[s/d/p/e] 1.82/2.35/1.08/0.59  emits 0.53  spf 53.1  z0 0.69  garr 67.2  tG 477  e2 0.11  nF 5.5  pS 0.32  ptS 0.30  fLog 0.59  pdΔ -0.1834  pkR 3.31  clip 0.07  kl +0.004
upd  121  steps  249856  sps 1067  opp symm  loss +0.003  pg +0.0314  v 0.007  ev +0.95  adv_std 0.117  tR -0.33  ent[s/d/p/e] 1.80/2.36/1.11/0.58  emits 0.55  spf 55.1  z0 0.68  garr 68.3  tG 513  e2 0.12  nF 5.6  pS 0.33  ptS 0.32  fLog 0.60  pdΔ -0.1679  pkR 3.19  clip 0.12  kl +0.003
upd  122  steps  251904  sps 1073  opp symm  loss -0.011  pg +0.0168  v 0.009  ev +0.94  adv_std 0.136  tR -0.20  ent[s/d/p/e] 1.83/2.36/1.08/0.59  emits 0.62  spf 54.9  z0 0.65  garr 66.4  tG 514  e2 0.13  nF 6.0  pS 0.34  ptS 0.33  fLog 0.60  pdΔ -0.1633  pkR 3.61  clip 0.10  kl +0.001
upd  123  steps  253952  sps 1078  opp symm  loss -0.034  pg -0.0049  v 0.006  ev +0.96  adv_std 0.112  tR -1.00  ent[s/d/p/e] 1.89/2.38/1.06/0.59  emits 0.64  spf 55.0  z0 0.66  garr 64.5  tG 506  e2 0.14  nF 6.3  pS 0.34  ptS 0.33  fLog 0.60  pdΔ -0.1554  pkR 3.44  clip 0.06  kl +0.001
upd  124  steps  256000  sps 1084  opp symm  loss -0.036  pg -0.0105  v 0.014  ev +0.91  adv_std 0.167  tR +0.14  ent[s/d/p/e] 1.90/2.36/1.03/0.58  emits 0.61  spf 53.5  z0 0.67  garr 62.0  tG 507  e2 0.13  nF 6.5  pS 0.34  ptS 0.34  fLog 0.59  pdΔ -0.1596  pkR 4.61  clip 0.07  kl +0.003
upd  125  steps  258048  sps 1090  opp symm  loss -0.037  pg -0.0091  v 0.009  ev +0.95  adv_std 0.130  tR -0.33  ent[s/d/p/e] 1.87/2.34/1.08/0.59  emits 0.60  spf 56.1  z0 0.66  garr 61.1  tG 502  e2 0.14  nF 6.3  pS 0.34  ptS 0.33  fLog 0.60  pdΔ -0.1635  pkR 4.19  clip 0.10  kl +0.002
upd  126  steps  260096  sps 1096  opp symm  loss -0.034  pg -0.0049  v 0.007  ev +0.96  adv_std 0.117  tR -0.33  ent[s/d/p/e] 1.88/2.34/1.10/0.60  emits 0.66  spf 53.4  z0 0.65  garr 59.9  tG 519  e2 0.14  nF 6.6  pS 0.34  ptS 0.34  fLog 0.59  pdΔ -0.1553  pkR 4.78  clip 0.05  kl +0.002
upd  127  steps  262144  sps 1101  opp symm  loss -0.018  pg +0.0098  v 0.009  ev +0.95  adv_std 0.135  tR +1.00  ent[s/d/p/e] 1.83/2.33/1.12/0.59  emits 0.62  spf 51.5  z0 0.65  garr 61.4  tG 503  e2 0.14  nF 6.7  pS 0.34  ptS 0.33  fLog 0.59  pdΔ -0.1645  pkR 4.90  clip 0.10  kl +0.001
upd  128  steps  264192  sps 1107  opp symm  loss -0.012  pg +0.0165  v 0.008  ev +0.96  adv_std 0.126  tR +0.60  ent[s/d/p/e] 1.95/2.36/1.16/0.58  emits 0.65  spf 47.9  z0 0.67  garr 62.4  tG 502  e2 0.14  nF 6.8  pS 0.34  ptS 0.33  fLog 0.58  pdΔ -0.1597  pkR 4.63  clip 0.07  kl +0.002
upd  129  steps  266240  sps 1112  opp symm  loss -0.029  pg -0.0007  v 0.008  ev +0.96  adv_std 0.125  tR +0.00  ent[s/d/p/e] 1.86/2.34/1.12/0.57  emits 0.69  spf 48.1  z0 0.64  garr 59.1  tG 461  e2 0.17  nF 7.4  pS 0.33  ptS 0.33  fLog 0.58  pdΔ -0.1697  pkR 5.68  clip 0.10  kl +0.004
upd  130  steps  268288  sps 1118  opp symm  loss -0.017  pg +0.0117  v 0.008  ev +0.96  adv_std 0.128  tR +0.67  ent[s/d/p/e] 1.89/2.33/1.12/0.57  emits 0.63  spf 47.9  z0 0.68  garr 60.5  tG 502  e2 0.14  nF 7.0  pS 0.34  ptS 0.34  fLog 0.58  pdΔ -0.1600  pkR 6.23  clip 0.08  kl +0.003
upd  131  steps  270336  sps 1123  opp symm  loss +0.000  pg +0.0263  v 0.010  ev +0.94  adv_std 0.143  tR -1.00  ent[s/d/p/e] 1.83/2.31/1.05/0.56  emits 0.61  spf 49.8  z0 0.66  garr 60.3  tG 467  e2 0.14  nF 6.4  pS 0.32  ptS 0.31  fLog 0.58  pdΔ -0.1840  pkR 5.66  clip 0.08  kl -0.000
upd  132  steps  272384  sps 1129  opp symm  loss -0.057  pg -0.0314  v 0.009  ev +0.95  adv_std 0.137  tR +0.14  ent[s/d/p/e] 1.81/2.26/1.03/0.55  emits 0.59  spf 45.8  z0 0.69  garr 56.1  tG 421  e2 0.13  nF 6.6  pS 0.31  ptS 0.31  fLog 0.57  pdΔ -0.1910  pkR 5.06  clip 0.08  kl +0.005
upd  133  steps  274432  sps 1134  opp symm  loss -0.051  pg -0.0241  v 0.010  ev +0.95  adv_std 0.142  tR +0.00  ent[s/d/p/e] 1.84/2.32/1.09/0.55  emits 0.61  spf 46.3  z0 0.69  garr 58.4  tG 394  e2 0.13  nF 5.7  pS 0.29  ptS 0.28  fLog 0.58  pdΔ -0.2142  pkR 4.62  clip 0.05  kl -0.001
upd  134  steps  276480  sps 1140  opp symm  loss +0.010  pg +0.0372  v 0.009  ev +0.96  adv_std 0.133  tR +0.50  ent[s/d/p/e] 1.78/2.28/1.09/0.55  emits 0.58  spf 46.5  z0 0.69  garr 55.6  tG 381  e2 0.12  nF 5.7  pS 0.28  ptS 0.27  fLog 0.58  pdΔ -0.2228  pkR 4.78  clip 0.07  kl +0.001
upd  135  steps  278528  sps 1145  opp symm  loss +0.001  pg +0.0288  v 0.007  ev +0.96  adv_std 0.122  tR +0.33  ent[s/d/p/e] 1.78/2.26/1.09/0.56  emits 0.54  spf 48.8  z0 0.70  garr 57.2  tG 415  e2 0.11  nF 5.9  pS 0.29  ptS 0.29  fLog 0.58  pdΔ -0.2054  pkR 5.12  clip 0.04  kl -0.001
upd  136  steps  280576  sps 1150  opp symm  loss -0.040  pg -0.0121  v 0.008  ev +0.97  adv_std 0.128  tR -0.60  ent[s/d/p/e] 1.75/2.28/1.12/0.56  emits 0.57  spf 53.0  z0 0.67  garr 60.2  tG 445  e2 0.12  nF 5.6  pS 0.30  ptS 0.29  fLog 0.59  pdΔ -0.2048  pkR 5.71  clip 0.06  kl +0.000
upd  137  steps  282624  sps 1156  opp symm  loss -0.017  pg +0.0099  v 0.008  ev +0.97  adv_std 0.128  tR +0.00  ent[s/d/p/e] 1.77/2.26/1.09/0.56  emits 0.54  spf 51.2  z0 0.69  garr 63.1  tG 469  e2 0.12  nF 5.9  pS 0.31  ptS 0.31  fLog 0.59  pdΔ -0.1905  pkR 6.48  clip 0.10  kl +0.004
upd  138  steps  284672  sps 1161  opp symm  loss -0.022  pg +0.0026  v 0.013  ev +0.95  adv_std 0.161  tR +0.20  ent[s/d/p/e] 1.70/2.25/1.06/0.58  emits 0.53  spf 50.7  z0 0.69  garr 63.6  tG 497  e2 0.11  nF 5.5  pS 0.32  ptS 0.31  fLog 0.59  pdΔ -0.1810  pkR 7.15  clip 0.08  kl +0.004
upd  139  steps  286720  sps 1166  opp symm  loss -0.033  pg -0.0059  v 0.008  ev +0.97  adv_std 0.124  tR +0.20  ent[s/d/p/e] 1.69/2.22/1.08/0.57  emits 0.50  spf 53.0  z0 0.70  garr 66.1  tG 507  e2 0.11  nF 5.3  pS 0.32  ptS 0.31  fLog 0.60  pdΔ -0.1843  pkR 6.74  clip 0.08  kl +0.004
upd  140  steps  288768  sps 1172  opp symm  loss -0.040  pg -0.0126  v 0.010  ev +0.96  adv_std 0.137  tR +0.00  ent[s/d/p/e] 1.76/2.25/1.13/0.59  emits 0.61  spf 51.9  z0 0.67  garr 59.5  tG 461  e2 0.14  nF 6.0  pS 0.31  ptS 0.31  fLog 0.59  pdΔ -0.1872  pkR 6.10  clip 0.08  kl +0.003
upd  141  steps  290816  sps 1177  opp symm  loss -0.003  pg +0.0263  v 0.007  ev +0.97  adv_std 0.118  tR -0.33  ent[s/d/p/e] 1.88/2.32/1.08/0.60  emits 0.75  spf 50.8  z0 0.62  garr 58.7  tG 483  e2 0.17  nF 7.3  pS 0.36  ptS 0.35  fLog 0.59  pdΔ -0.1445  pkR 4.85  clip 0.15  kl +0.001
upd  142  steps  292864  sps 1182  opp symm  loss -0.035  pg -0.0062  v 0.009  ev +0.96  adv_std 0.132  tR +0.60  ent[s/d/p/e] 1.99/2.39/1.08/0.59  emits 0.81  spf 51.6  z0 0.61  garr 59.0  tG 516  e2 0.18  nF 8.0  pS 0.38  ptS 0.37  fLog 0.59  pdΔ -0.1243  pkR 4.29  clip 0.11  kl +0.003
upd  143  steps  294912  sps 1187  opp symm  loss +0.017  pg +0.0419  v 0.015  ev +0.93  adv_std 0.171  tR +0.33  ent[s/d/p/e] 1.94/2.35/1.12/0.57  emits 0.63  spf 56.3  z0 0.67  garr 62.4  tG 556  e2 0.14  nF 6.7  pS 0.37  ptS 0.36  fLog 0.61  pdΔ -0.1334  pkR 4.72  clip 0.12  kl -0.000
upd  144  steps  296960  sps 1192  opp symm  loss -0.014  pg +0.0109  v 0.014  ev +0.92  adv_std 0.170  tR +0.20  ent[s/d/p/e] 1.96/2.35/1.08/0.56  emits 0.83  spf 53.1  z0 0.62  garr 60.7  tG 529  e2 0.17  nF 7.6  pS 0.37  ptS 0.36  fLog 0.59  pdΔ -0.1316  pkR 3.96  clip 0.11  kl +0.004
upd  145  steps  299008  sps 1197  opp symm  loss -0.031  pg -0.0026  v 0.007  ev +0.96  adv_std 0.116  tR +1.00  ent[s/d/p/e] 1.95/2.37/1.10/0.55  emits 0.74  spf 49.0  z0 0.66  garr 62.3  tG 508  e2 0.16  nF 7.7  pS 0.36  ptS 0.34  fLog 0.58  pdΔ -0.1450  pkR 4.00  clip 0.12  kl +0.003
upd  146  steps  301056  sps 1202  opp symm  loss -0.061  pg -0.0320  v 0.007  ev +0.96  adv_std 0.116  tR +0.33  ent[s/d/p/e] 1.92/2.39/1.10/0.54  emits 0.57  spf 55.3  z0 0.71  garr 71.3  tG 577  e2 0.12  nF 6.4  pS 0.35  ptS 0.34  fLog 0.60  pdΔ -0.1494  pkR 4.59  clip 0.09  kl +0.001
upd  147  steps  303104  sps 1208  opp symm  loss -0.013  pg +0.0153  v 0.008  ev +0.95  adv_std 0.127  tR +0.33  ent[s/d/p/e] 1.83/2.33/1.17/0.57  emits 0.57  spf 58.2  z0 0.70  garr 79.6  tG 629  e2 0.12  nF 6.0  pS 0.35  ptS 0.33  fLog 0.60  pdΔ -0.1540  pkR 4.75  clip 0.04  kl +0.001
upd  148  steps  305152  sps 1213  opp symm  loss -0.019  pg +0.0102  v 0.008  ev +0.94  adv_std 0.128  tR +0.00  ent[s/d/p/e] 1.83/2.37/1.24/0.57  emits 0.62  spf 62.9  z0 0.67  garr 79.3  tG 639  e2 0.13  nF 6.2  pS 0.36  ptS 0.35  fLog 0.62  pdΔ -0.1385  pkR 4.61  clip 0.07  kl +0.001
upd  149  steps  307200  sps 1218  opp symm  loss -0.033  pg -0.0061  v 0.011  ev +0.92  adv_std 0.150  tR +0.00  ent[s/d/p/e] 1.79/2.37/1.22/0.58  emits 0.66  spf 62.8  z0 0.66  garr 73.1  tG 567  e2 0.14  nF 6.4  pS 0.36  ptS 0.35  fLog 0.62  pdΔ -0.1397  pkR 4.27  clip 0.07  kl +0.001
upd  150  steps  309248  sps 1223  opp symm  loss -0.022  pg +0.0074  v 0.006  ev +0.95  adv_std 0.111  tR +0.50  ent[s/d/p/e] 1.68/2.34/1.23/0.59  emits 0.66  spf 52.2  z0 0.66  garr 69.5  tG 546  e2 0.15  nF 6.6  pS 0.36  ptS 0.35  fLog 0.59  pdΔ -0.1416  pkR 5.84  clip 0.14  kl +0.006
upd  151  steps  311296  sps 1228  opp symm  loss +0.000  pg +0.0295  v 0.008  ev +0.95  adv_std 0.123  tR +0.00  ent[s/d/p/e] 1.70/2.36/1.25/0.59  emits 0.64  spf 50.7  z0 0.66  garr 63.5  tG 484  e2 0.14  nF 6.6  pS 0.35  ptS 0.34  fLog 0.59  pdΔ -0.1513  pkR 4.17  clip 0.09  kl +0.001
upd  152  steps  313344  sps 1232  opp symm  loss -0.041  pg -0.0116  v 0.006  ev +0.95  adv_std 0.111  tR -1.00  ent[s/d/p/e] 1.66/2.28/1.21/0.59  emits 0.61  spf 52.3  z0 0.66  garr 64.9  tG 508  e2 0.14  nF 6.5  pS 0.36  ptS 0.36  fLog 0.60  pdΔ -0.1356  pkR 3.97  clip 0.10  kl +0.003
upd  153  steps  315392  sps 1237  opp symm  loss -0.047  pg -0.0175  v 0.006  ev +0.96  adv_std 0.111  tR -0.33  ent[s/d/p/e] 1.79/2.33/1.22/0.57  emits 0.53  spf 57.0  z0 0.69  garr 73.8  tG 596  e2 0.11  nF 5.8  pS 0.38  ptS 0.37  fLog 0.61  pdΔ -0.1234  pkR 3.58  clip 0.10  kl +0.002
upd  154  steps  317440  sps 1242  opp symm  loss -0.018  pg +0.0080  v 0.013  ev +0.93  adv_std 0.156  tR +0.33  ent[s/d/p/e] 1.88/2.34/1.16/0.58  emits 0.59  spf 57.5  z0 0.67  garr 76.8  tG 639  e2 0.13  nF 5.8  pS 0.38  ptS 0.37  fLog 0.61  pdΔ -0.1241  pkR 3.57  clip 0.14  kl +0.005
upd  155  steps  319488  sps 1247  opp symm  loss -0.029  pg -0.0012  v 0.009  ev +0.95  adv_std 0.130  tR +0.25  ent[s/d/p/e] 1.86/2.30/1.17/0.56  emits 0.69  spf 53.1  z0 0.65  garr 69.8  tG 589  e2 0.15  nF 6.5  pS 0.36  ptS 0.36  fLog 0.59  pdΔ -0.1354  pkR 4.33  clip 0.12  kl +0.006
upd  156  steps  321536  sps 1252  opp symm  loss -0.036  pg -0.0055  v 0.004  ev +0.98  adv_std 0.094  tR -1.00  ent[s/d/p/e] 1.87/2.34/1.15/0.57  emits 0.66  spf 58.0  z0 0.66  garr 66.1  tG 583  e2 0.14  nF 7.1  pS 0.36  ptS 0.36  fLog 0.60  pdΔ -0.1368  pkR 4.80  clip 0.12  kl +0.007
upd  157  steps  323584  sps 1257  opp symm  loss -0.011  pg +0.0184  v 0.005  ev +0.97  adv_std 0.103  tR +0.33  ent[s/d/p/e] 1.87/2.35/1.16/0.55  emits 0.55  spf 55.9  z0 0.69  garr 75.5  tG 659  e2 0.12  nF 6.5  pS 0.37  ptS 0.37  fLog 0.60  pdΔ -0.1265  pkR 5.10  clip 0.13  kl +0.008
upd  158  steps  325632  sps 1262  opp symm  loss -0.066  pg -0.0353  v 0.004  ev +0.98  adv_std 0.089  tR +0.33  ent[s/d/p/e] 1.91/2.38/1.15/0.56  emits 0.59  spf 57.0  z0 0.68  garr 81.2  tG 677  e2 0.12  nF 6.4  pS 0.37  ptS 0.36  fLog 0.60  pdΔ -0.1267  pkR 4.94  clip 0.06  kl +0.002
upd  159  steps  327680  sps 1266  opp symm  loss -0.024  pg +0.0038  v 0.008  ev +0.94  adv_std 0.128  tR +0.00  ent[s/d/p/e] 1.86/2.31/1.15/0.56  emits 0.55  spf 57.4  z0 0.69  garr 83.9  tG 659  e2 0.12  nF 5.4  pS 0.35  ptS 0.34  fLog 0.60  pdΔ -0.1481  pkR 5.57  clip 0.10  kl +0.005
upd  160  steps  329728  sps 1271  opp symm  loss -0.018  pg +0.0101  v 0.007  ev +0.94  adv_std 0.121  tR +0.33  ent[s/d/p/e] 1.71/2.21/1.23/0.56  emits 0.55  spf 58.4  z0 0.69  garr 80.4  tG 618  e2 0.12  nF 5.7  pS 0.33  ptS 0.31  fLog 0.60  pdΔ -0.1742  pkR 6.22  clip 0.08  kl +0.003
upd  161  steps  331776  sps 1276  opp symm  loss -0.016  pg +0.0115  v 0.009  ev +0.93  adv_std 0.131  tR +0.00  ent[s/d/p/e] 1.72/2.25/1.21/0.55  emits 0.50  spf 63.6  z0 0.71  garr 82.2  tG 613  e2 0.10  nF 5.5  pS 0.32  ptS 0.30  fLog 0.62  pdΔ -0.1822  pkR 6.93  clip 0.08  kl +0.003
upd  162  steps  333824  sps 1280  opp symm  loss -0.007  pg +0.0206  v 0.008  ev +0.93  adv_std 0.127  tR +0.33  ent[s/d/p/e] 1.67/2.21/1.23/0.56  emits 0.51  spf 55.4  z0 0.70  garr 73.4  tG 503  e2 0.11  nF 5.2  pS 0.30  ptS 0.29  fLog 0.60  pdΔ -0.1970  pkR 5.83  clip 0.11  kl +0.005
upd  163  steps  335872  sps 1285  opp symm  loss -0.039  pg -0.0120  v 0.008  ev +0.93  adv_std 0.126  tR -0.20  ent[s/d/p/e] 1.68/2.20/1.26/0.52  emits 0.44  spf 54.6  z0 0.72  garr 77.3  tG 549  e2 0.08  nF 4.6  pS 0.31  ptS 0.30  fLog 0.60  pdΔ -0.1888  pkR 4.26  clip 0.10  kl +0.003
upd  164  steps  337920  sps 1290  opp symm  loss -0.059  pg -0.0319  v 0.010  ev +0.92  adv_std 0.139  tR -1.00  ent[s/d/p/e] 1.64/2.20/1.27/0.56  emits 0.43  spf 56.2  z0 0.75  garr 81.8  tG 580  e2 0.10  nF 4.5  pS 0.31  ptS 0.30  fLog 0.60  pdΔ -0.1883  pkR 4.26  clip 0.11  kl +0.006
upd  165  steps  339968  sps 1294  opp symm  loss -0.016  pg +0.0116  v 0.006  ev +0.96  adv_std 0.107  tR +0.33  ent[s/d/p/e] 1.67/2.20/1.30/0.50  emits 0.40  spf 60.5  z0 0.74  garr 95.5  tG 680  e2 0.08  nF 4.4  pS 0.33  ptS 0.31  fLog 0.61  pdΔ -0.1726  pkR 3.90  clip 0.21  kl +0.004
upd  166  steps  342016  sps 1299  opp symm  loss -0.036  pg -0.0075  v 0.005  ev +0.96  adv_std 0.103  tR +0.00  ent[s/d/p/e] 1.65/2.23/1.32/0.54  emits 0.36  spf 71.2  z0 0.75  garr 101.5  tG 725  e2 0.06  nF 3.3  pS 0.32  ptS 0.30  fLog 0.64  pdΔ -0.1823  pkR 4.06  clip 0.12  kl +0.008
upd  167  steps  344064  sps 1304  opp symm  loss -0.012  pg +0.0133  v 0.010  ev +0.93  adv_std 0.139  tR +0.60  ent[s/d/p/e] 1.63/2.20/1.31/0.50  emits 0.39  spf 71.1  z0 0.74  garr 104.5  tG 763  e2 0.07  nF 3.5  pS 0.32  ptS 0.31  fLog 0.64  pdΔ -0.1783  pkR 4.64  clip 0.11  kl +0.004
upd  168  steps  346112  sps 1308  opp symm  loss +0.004  pg +0.0321  v 0.007  ev +0.96  adv_std 0.115  tR +1.00  ent[s/d/p/e] 1.64/2.19/1.23/0.55  emits 0.37  spf 64.7  z0 0.76  garr 111.4  tG 817  e2 0.07  nF 3.8  pS 0.34  ptS 0.33  fLog 0.62  pdΔ -0.1599  pkR 4.37  clip 0.13  kl +0.005
upd  169  steps  348160  sps 1313  opp symm  loss -0.026  pg +0.0021  v 0.006  ev +0.96  adv_std 0.108  tR -1.00  ent[s/d/p/e] 1.76/2.29/1.26/0.50  emits 0.40  spf 71.2  z0 0.75  garr 123.1  tG 906  e2 0.08  nF 3.6  pS 0.35  ptS 0.34  fLog 0.64  pdΔ -0.1488  pkR 3.41  clip 0.15  kl +0.005
upd  170  steps  350208  sps 1317  opp symm  loss -0.008  pg +0.0197  v 0.008  ev +0.95  adv_std 0.128  tR -0.50  ent[s/d/p/e] 1.77/2.31/1.25/0.54  emits 0.43  spf 70.3  z0 0.76  garr 119.7  tG 891  e2 0.08  nF 3.6  pS 0.34  ptS 0.34  fLog 0.63  pdΔ -0.1567  pkR 3.82  clip 0.12  kl +0.005
upd  171  steps  352256  sps 1322  opp symm  loss -0.013  pg +0.0139  v 0.009  ev +0.95  adv_std 0.130  tR +0.00  ent[s/d/p/e] 1.78/2.26/1.23/0.52  emits 0.48  spf 61.2  z0 0.72  garr 109.8  tG 834  e2 0.09  nF 4.3  pS 0.35  ptS 0.34  fLog 0.62  pdΔ -0.1501  pkR 4.43  clip 0.16  kl +0.007
upd  172  steps  354304  sps 1326  opp symm  loss -0.036  pg -0.0060  v 0.005  ev +0.97  adv_std 0.100  tR +0.00  ent[s/d/p/e] 1.87/2.28/1.23/0.56  emits 0.46  spf 65.6  z0 0.74  garr 112.4  tG 835  e2 0.09  nF 4.3  pS 0.36  ptS 0.35  fLog 0.63  pdΔ -0.1398  pkR 3.66  clip 0.11  kl +0.007
upd  173  steps  356352  sps 1331  opp symm  loss -0.019  pg +0.0104  v 0.005  ev +0.98  adv_std 0.096  tR -1.00  ent[s/d/p/e] 1.84/2.25/1.26/0.54  emits 0.49  spf 71.9  z0 0.70  garr 114.3  tG 873  e2 0.09  nF 4.2  pS 0.36  ptS 0.35  fLog 0.64  pdΔ -0.1388  pkR 4.07  clip 0.09  kl +0.002
upd  174  steps  358400  sps 1335  opp symm  loss -0.052  pg -0.0227  v 0.005  ev +0.98  adv_std 0.102  tR -0.09  ent[s/d/p/e] 1.88/2.22/1.24/0.54  emits 0.54  spf 69.8  z0 0.71  garr 104.2  tG 832  e2 0.10  nF 4.4  pS 0.36  ptS 0.35  fLog 0.64  pdΔ -0.1404  pkR 5.55  clip 0.07  kl +0.001
upd  175  steps  360448  sps 1339  opp symm  loss -0.038  pg -0.0140  v 0.015  ev +0.92  adv_std 0.177  tR +0.00  ent[s/d/p/e] 1.83/2.15/1.22/0.54  emits 0.53  spf 63.8  z0 0.71  garr 91.5  tG 727  e2 0.11  nF 4.4  pS 0.33  ptS 0.32  fLog 0.62  pdΔ -0.1673  pkR 7.36  clip 0.07  kl +0.003
upd  176  steps  362496  sps 1344  opp symm  loss -0.009  pg +0.0188  v 0.007  ev +0.96  adv_std 0.122  tR -0.50  ent[s/d/p/e] 1.71/2.09/1.25/0.55  emits 0.45  spf 65.5  z0 0.72  garr 84.9  tG 675  e2 0.09  nF 4.0  pS 0.32  ptS 0.30  fLog 0.63  pdΔ -0.1847  pkR 8.13  clip 0.05  kl +0.001
upd  177  steps  364544  sps 1348  opp symm  loss -0.013  pg +0.0145  v 0.008  ev +0.95  adv_std 0.125  tR -0.43  ent[s/d/p/e] 1.74/2.14/1.29/0.53  emits 0.44  spf 71.4  z0 0.73  garr 86.8  tG 715  e2 0.08  nF 3.7  pS 0.32  ptS 0.31  fLog 0.64  pdΔ -0.1794  pkR 7.09  clip 0.14  kl +0.003
upd  178  steps  366592  sps 1352  opp symm  loss -0.028  pg +0.0008  v 0.005  ev +0.97  adv_std 0.102  tR +1.00  ent[s/d/p/e] 1.74/2.16/1.27/0.54  emits 0.39  spf 72.7  z0 0.74  garr 93.4  tG 788  e2 0.07  nF 3.7  pS 0.33  ptS 0.33  fLog 0.64  pdΔ -0.1668  pkR 7.49  clip 0.05  kl +0.002
upd  179  steps  368640  sps 1357  opp symm  loss +0.008  pg +0.0362  v 0.007  ev +0.95  adv_std 0.121  tR -0.14  ent[s/d/p/e] 1.82/2.15/1.30/0.53  emits 0.45  spf 63.8  z0 0.74  garr 92.5  tG 751  e2 0.09  nF 4.1  pS 0.33  ptS 0.32  fLog 0.62  pdΔ -0.1689  pkR 5.06  clip 0.07  kl +0.002
upd  180  steps  370688  sps 1361  opp symm  loss -0.010  pg +0.0165  v 0.011  ev +0.93  adv_std 0.146  tR +0.00  ent[s/d/p/e] 1.87/2.22/1.32/0.53  emits 0.47  spf 66.8  z0 0.74  garr 101.7  tG 851  e2 0.10  nF 4.5  pS 0.35  ptS 0.35  fLog 0.63  pdΔ -0.1484  pkR 3.58  clip 0.11  kl +0.003
upd  181  steps  372736  sps 1365  opp symm  loss -0.013  pg +0.0159  v 0.008  ev +0.95  adv_std 0.126  tR +0.60  ent[s/d/p/e] 1.86/2.25/1.33/0.55  emits 0.49  spf 60.4  z0 0.71  garr 99.0  tG 845  e2 0.11  nF 4.9  pS 0.36  ptS 0.35  fLog 0.61  pdΔ -0.1419  pkR 4.24  clip 0.12  kl +0.001
upd  182  steps  374784  sps 1370  opp symm  loss -0.043  pg -0.0162  v 0.010  ev +0.95  adv_std 0.140  tR +0.71  ent[s/d/p/e] 1.77/2.19/1.30/0.52  emits 0.49  spf 58.5  z0 0.72  garr 91.0  tG 767  e2 0.10  nF 4.6  pS 0.33  ptS 0.33  fLog 0.60  pdΔ -0.1694  pkR 5.70  clip 0.17  kl +0.006
upd  183  steps  376832  sps 1374  opp symm  loss -0.039  pg -0.0117  v 0.010  ev +0.96  adv_std 0.139  tR -1.00  ent[s/d/p/e] 1.81/2.17/1.34/0.56  emits 0.48  spf 63.3  z0 0.71  garr 90.7  tG 767  e2 0.10  nF 4.6  pS 0.34  ptS 0.35  fLog 0.61  pdΔ -0.1593  pkR 6.30  clip 0.20  kl +0.012
upd  184  steps  378880  sps 1378  opp symm  loss -0.036  pg -0.0086  v 0.010  ev +0.96  adv_std 0.148  tR +0.00  ent[s/d/p/e] 1.87/2.17/1.38/0.55  emits 0.56  spf 65.2  z0 0.69  garr 90.9  tG 764  e2 0.12  nF 5.2  pS 0.36  ptS 0.36  fLog 0.62  pdΔ -0.1444  pkR 5.55  clip 0.20  kl +0.007
upd  185  steps  380928  sps 1382  opp symm  loss -0.047  pg -0.0179  v 0.007  ev +0.97  adv_std 0.120  tR +0.67  ent[s/d/p/e] 1.85/2.21/1.36/0.56  emits 0.52  spf 63.5  z0 0.71  garr 85.7  tG 686  e2 0.12  nF 4.9  pS 0.35  ptS 0.35  fLog 0.62  pdΔ -0.1492  pkR 6.19  clip 0.12  kl +0.003