
=== [2026-06-11T08:42:07Z] v14f_binary_v1_a_p0i6_ent_coef_emit_0.0225_60ac90fba3 phase=a kind=probe chunk=500 env={"ORBITWARS_SHAPING_ANTI_HOARD": 0.035, "ORBITWARS_SHAPING_CAPTURE": 0.04, "ORBITWARS_SHAPING_RELEASE": 0.003, "ORBITWARS_SHAPING_RELEASE_K": 18.0, "ORBITWARS_SHAPING_PROD_SHARE_DELTA": 0.025, "ORBITWARS_SHAPING_ONE_SHIP_PENALTY": 0.025} ppo={"ent_coef_emit": 0.0225, "lr_peak": 4.5e-05} ===
[reward] kaggle-aligned: terminal +1 win/+1 tie>0/-1 loss/-1 double-wipeout; is_terminal at step >= episode_steps-2; SHAPING_SCALE=0.0; v1: KEEP_HOME=0.0 FLEET_SIZE=0.0/norm20.0; v2 (expert-replay calibrated): PROD_SHARE=0.0 PLANET_SHARE=0.0 FLEET_LOG=0.0/ref500.0/floor0.3; v3 (top10-2630ep calibrated): PROD_SHARE_DELTA=0.025 EMIT_LOG=0.0 EMIT_GATED=0.0 RELEASE=0.003/K18.0 CAPTURE=0.04; ANTI_HOARD=0.035/thresh0.6; episode_steps=500 (kaggle=500, mismatch=False)
[symmetric] Frog Parade style: same params drive BOTH players, no frozen/strong/buffer opponents, zero_sum_value=True
upd    0  steps    2048  sps 38  opp symm  loss -0.091  pg -0.0715  v 0.004  ev +0.08  adv_std 0.086  tR +0.00  ent[s/d/p/e] 0.37/1.36/1.34/0.37  emits 0.27  spf 16.8  z0 0.78  garr 17.9  tG 27  e2 0.04  nF 1.8  pS 0.08  ptS 0.07  fLog 0.43  pdΔ -0.4245  pkR 6.94  clip 0.01  kl +0.001
upd    1  steps    4096  sps 74  opp symm  loss -0.061  pg -0.0365  v 0.004  ev +0.29  adv_std 0.091  tR +0.00  ent[s/d/p/e] 0.87/1.46/1.17/0.54  emits 0.52  spf 20.6  z0 0.65  garr 23.9  tG 76  e2 0.11  nF 5.0  pS 0.13  ptS 0.12  fLog 0.43  pdΔ -0.3678  pkR 7.16  clip 0.08  kl +0.006
upd    2  steps    6144  sps 110  opp symm  loss -0.042  pg -0.0162  v 0.005  ev +0.58  adv_std 0.111  tR +0.00  ent[s/d/p/e] 1.10/1.66/1.10/0.58  emits 0.61  spf 22.8  z0 0.60  garr 33.7  tG 155  e2 0.13  nF 7.0  pS 0.19  ptS 0.18  fLog 0.43  pdΔ -0.3113  pkR 5.33  clip 0.09  kl +0.002
upd    3  steps    8192  sps 145  opp symm  loss -0.011  pg +0.0181  v 0.002  ev +0.72  adv_std 0.073  tR +0.00  ent[s/d/p/e] 1.24/1.82/1.19/0.60  emits 0.52  spf 32.1  z0 0.64  garr 46.8  tG 271  e2 0.11  nF 6.9  pS 0.23  ptS 0.22  fLog 0.48  pdΔ -0.2696  pkR 5.65  clip 0.09  kl +0.002
upd    4  steps   10240  sps 179  opp symm  loss -0.040  pg -0.0122  v 0.004  ev +0.59  adv_std 0.084  tR +1.00  ent[s/d/p/e] 1.46/1.90/1.07/0.60  emits 0.52  spf 39.3  z0 0.65  garr 60.0  tG 435  e2 0.11  nF 6.6  pS 0.29  ptS 0.27  fLog 0.49  pdΔ -0.2146  pkR 5.61  clip 0.09  kl +0.005
upd    5  steps   12288  sps 212  opp symm  loss -0.061  pg -0.0312  v 0.003  ev +0.44  adv_std 0.080  tR +1.00  ent[s/d/p/e] 1.61/2.03/1.13/0.62  emits 0.50  spf 50.2  z0 0.65  garr 72.4  tG 586  e2 0.10  nF 6.5  pS 0.31  ptS 0.30  fLog 0.52  pdΔ -0.1889  pkR 5.56  clip 0.31  kl +0.017
upd    6  steps   14336  sps 245  opp symm  loss +0.013  pg +0.0436  v 0.002  ev +0.47  adv_std 0.059  tR +0.00  ent[s/d/p/e] 1.72/2.16/1.15/0.57  emits 0.42  spf 63.7  z0 0.70  garr 88.6  tG 741  e2 0.08  nF 5.7  pS 0.32  ptS 0.32  fLog 0.56  pdΔ -0.1765  pkR 5.92  clip 0.29  kl +0.008
upd    7  steps   16384  sps 277  opp symm  loss -0.087  pg -0.0557  v 0.003  ev +0.55  adv_std 0.085  tR -1.00  ent[s/d/p/e] 1.83/2.24/1.19/0.62  emits 0.56  spf 69.1  z0 0.65  garr 88.1  tG 791  e2 0.13  nF 5.7  pS 0.34  ptS 0.34  fLog 0.56  pdΔ -0.1558  pkR 5.31  clip 0.18  kl +0.009
upd    8  steps   18432  sps 308  opp symm  loss -0.053  pg -0.0207  v 0.004  ev +0.56  adv_std 0.086  tR +1.00  ent[s/d/p/e] 2.01/2.34/1.11/0.63  emits 0.61  spf 67.3  z0 0.65  garr 85.8  tG 749  e2 0.13  nF 7.0  pS 0.36  ptS 0.35  fLog 0.56  pdΔ -0.1426  pkR 4.97  clip 0.16  kl +0.009
upd    9  steps   20480  sps 339  opp symm  loss -0.085  pg -0.0536  v 0.005  ev +0.46  adv_std 0.103  tR +0.00  ent[s/d/p/e] 2.06/2.37/1.21/0.62  emits 0.62  spf 69.1  z0 0.64  garr 84.0  tG 757  e2 0.14  nF 7.6  pS 0.36  ptS 0.36  fLog 0.57  pdΔ -0.1364  pkR 4.88  clip 0.12  kl +0.003
upd   10  steps   22528  sps 369  opp symm  loss +0.005  pg +0.0374  v 0.003  ev +0.43  adv_std 0.080  tR +1.00  ent[s/d/p/e] 2.02/2.36/1.14/0.62  emits 0.64  spf 70.1  z0 0.62  garr 79.1  tG 718  e2 0.14  nF 7.0  pS 0.36  ptS 0.36  fLog 0.58  pdΔ -0.1369  pkR 5.40  clip 0.23  kl +0.011
upd   11  steps   24576  sps 398  opp symm  loss +0.024  pg +0.0569  v 0.002  ev +0.44  adv_std 0.065  tR +0.00  ent[s/d/p/e] 2.08/2.37/1.15/0.61  emits 0.61  spf 63.2  z0 0.65  garr 70.4  tG 646  e2 0.14  nF 6.9  pS 0.37  ptS 0.36  fLog 0.57  pdΔ -0.1349  pkR 4.50  clip 0.14  kl +0.010
upd   12  steps   26624  sps 427  opp symm  loss -0.056  pg -0.0248  v 0.004  ev +0.42  adv_std 0.090  tR +0.00  ent[s/d/p/e] 2.06/2.35/1.04/0.61  emits 0.60  spf 62.4  z0 0.65  garr 73.7  tG 705  e2 0.14  nF 6.4  pS 0.38  ptS 0.37  fLog 0.57  pdΔ -0.1241  pkR 3.99  clip 0.20  kl +0.011
upd   13  steps   28672  sps 455  opp symm  loss -0.099  pg -0.0667  v 0.004  ev +0.45  adv_std 0.093  tR -1.00  ent[s/d/p/e] 2.18/2.45/1.12/0.61  emits 0.61  spf 71.4  z0 0.66  garr 72.9  tG 673  e2 0.13  nF 6.3  pS 0.37  ptS 0.37  fLog 0.59  pdΔ -0.1253  pkR 3.97  clip 0.08  kl +0.004
upd   14  steps   30720  sps 483  opp symm  loss -0.057  pg -0.0254  v 0.004  ev +0.35  adv_std 0.083  tR -1.00  ent[s/d/p/e] 2.13/2.40/1.03/0.60  emits 0.57  spf 70.8  z0 0.67  garr 76.5  tG 726  e2 0.13  nF 5.7  pS 0.38  ptS 0.38  fLog 0.60  pdΔ -0.1152  pkR 4.04  clip 0.10  kl +0.000
upd   15  steps   32768  sps 510  opp symm  loss -0.118  pg -0.1346  v 0.095  ev +0.20  adv_std 0.447  tR +0.31  ent[s/d/p/e] 1.97/2.37/1.14/0.52  emits 0.45  spf 68.8  z0 0.73  garr 58.3  tG 479  e2 0.10  nF 4.0  pS 0.27  ptS 0.27  fLog 0.58  pdΔ -0.2268  pkR 5.45  clip 0.08  kl +0.001
upd   16  steps   34816  sps 536  opp symm  loss +0.023  pg +0.0507  v 0.002  ev +0.59  adv_std 0.067  tR +0.00  ent[s/d/p/e] 1.08/2.01/1.37/0.48  emits 0.27  spf 44.1  z0 0.79  garr 38.7  tG 171  e2 0.05  nF 2.6  pS 0.14  ptS 0.13  fLog 0.53  pdΔ -0.3602  pkR 16.78  clip 0.07  kl +0.005
upd   17  steps   36864  sps 562  opp symm  loss -0.004  pg +0.0234  v 0.003  ev +0.65  adv_std 0.075  tR -1.00  ent[s/d/p/e] 1.31/2.06/1.30/0.50  emits 0.36  spf 44.5  z0 0.74  garr 44.2  tG 223  e2 0.07  nF 3.7  pS 0.18  ptS 0.17  fLog 0.54  pdΔ -0.3157  pkR 13.43  clip 0.11  kl +0.004
upd   18  steps   38912  sps 587  opp symm  loss -0.055  pg -0.0251  v 0.002  ev +0.84  adv_std 0.056  tR +1.00  ent[s/d/p/e] 1.54/2.16/1.18/0.57  emits 0.42  spf 45.0  z0 0.73  garr 49.5  tG 256  e2 0.09  nF 4.2  pS 0.21  ptS 0.20  fLog 0.53  pdΔ -0.2860  pkR 8.56  clip 0.24  kl +0.011
upd   19  steps   40960  sps 612  opp symm  loss -0.006  pg +0.0231  v 0.001  ev +0.82  adv_std 0.055  tR +1.00  ent[s/d/p/e] 1.56/2.20/1.20/0.50  emits 0.33  spf 46.9  z0 0.76  garr 55.9  tG 328  e2 0.06  nF 3.9  pS 0.24  ptS 0.23  fLog 0.56  pdΔ -0.2619  pkR 7.25  clip 0.12  kl +0.002
upd   20  steps   43008  sps 637  opp symm  loss -0.022  pg +0.0077  v 0.003  ev +0.71  adv_std 0.075  tR +1.00  ent[s/d/p/e] 1.69/2.25/1.16/0.57  emits 0.40  spf 56.0  z0 0.72  garr 64.3  tG 419  e2 0.08  nF 3.9  pS 0.26  ptS 0.26  fLog 0.57  pdΔ -0.2360  pkR 6.37  clip 0.10  kl +0.004
upd   21  steps   45056  sps 661  opp symm  loss -0.053  pg -0.0218  v 0.001  ev +0.87  adv_std 0.054  tR +1.00  ent[s/d/p/e] 1.75/2.32/1.12/0.59  emits 0.42  spf 60.6  z0 0.71  garr 72.9  tG 482  e2 0.08  nF 4.2  pS 0.28  ptS 0.27  fLog 0.58  pdΔ -0.2162  pkR 5.69  clip 0.11  kl +0.004
upd   22  steps   47104  sps 684  opp symm  loss -0.016  pg +0.0152  v 0.003  ev +0.69  adv_std 0.079  tR -1.00  ent[s/d/p/e] 1.82/2.31/1.13/0.59  emits 0.45  spf 64.6  z0 0.70  garr 81.6  tG 562  e2 0.09  nF 4.3  pS 0.30  ptS 0.29  fLog 0.59  pdΔ -0.2020  pkR 5.31  clip 0.07  kl +0.003
upd   23  steps   49152  sps 708  opp symm  loss -0.025  pg +0.0063  v 0.001  ev +0.92  adv_std 0.043  tR +0.00  ent[s/d/p/e] 1.82/2.27/1.09/0.59  emits 0.50  spf 61.7  z0 0.67  garr 78.8  tG 570  e2 0.11  nF 4.8  pS 0.30  ptS 0.30  fLog 0.57  pdΔ -0.1976  pkR 6.50  clip 0.10  kl +0.002
upd   24  steps   51200  sps 730  opp symm  loss -0.055  pg -0.0246  v 0.004  ev +0.78  adv_std 0.087  tR -0.33  ent[s/d/p/e] 1.89/2.32/1.03/0.61  emits 0.56  spf 63.9  z0 0.67  garr 76.0  tG 562  e2 0.12  nF 5.7  pS 0.31  ptS 0.30  fLog 0.57  pdΔ -0.1882  pkR 7.02  clip 0.13  kl +0.004
upd   25  steps   53248  sps 753  opp symm  loss -0.031  pg -0.0012  v 0.003  ev +0.86  adv_std 0.070  tR +1.00  ent[s/d/p/e] 1.84/2.30/1.02/0.57  emits 0.45  spf 55.5  z0 0.69  garr 75.7  tG 539  e2 0.10  nF 5.7  pS 0.30  ptS 0.29  fLog 0.56  pdΔ -0.1971  pkR 4.59  clip 0.08  kl +0.003
upd   26  steps   55296  sps 774  opp symm  loss -0.010  pg +0.0209  v 0.001  ev +0.93  adv_std 0.050  tR +0.00  ent[s/d/p/e] 1.89/2.33/1.05/0.57  emits 0.43  spf 64.2  z0 0.71  garr 80.3  tG 593  e2 0.09  nF 5.0  pS 0.32  ptS 0.31  fLog 0.58  pdΔ -0.1847  pkR 3.56  clip 0.08  kl +0.000
upd   27  steps   57344  sps 796  opp symm  loss -0.016  pg +0.0147  v 0.001  ev +0.93  adv_std 0.049  tR +0.00  ent[s/d/p/e] 1.86/2.28/1.04/0.58  emits 0.45  spf 65.4  z0 0.69  garr 82.7  tG 625  e2 0.09  nF 5.2  pS 0.32  ptS 0.31  fLog 0.58  pdΔ -0.1784  pkR 3.29  clip 0.09  kl +0.006
upd   28  steps   59392  sps 817  opp symm  loss -0.013  pg +0.0177  v 0.003  ev +0.84  adv_std 0.078  tR -0.33  ent[s/d/p/e] 1.96/2.37/1.10/0.56  emits 0.43  spf 66.9  z0 0.72  garr 83.2  tG 638  e2 0.09  nF 4.9  pS 0.32  ptS 0.31  fLog 0.59  pdΔ -0.1793  pkR 3.95  clip 0.06  kl +0.002
upd   29  steps   61440  sps 838  opp symm  loss -0.051  pg -0.0210  v 0.006  ev +0.76  adv_std 0.106  tR -0.33  ent[s/d/p/e] 1.97/2.39/1.09/0.58  emits 0.41  spf 70.4  z0 0.73  garr 84.2  tG 641  e2 0.09  nF 4.7  pS 0.33  ptS 0.31  fLog 0.60  pdΔ -0.1737  pkR 3.94  clip 0.17  kl +0.007
upd   30  steps   63488  sps 858  opp symm  loss -0.045  pg -0.0140  v 0.003  ev +0.90  adv_std 0.071  tR -1.00  ent[s/d/p/e] 2.00/2.43/1.10/0.55  emits 0.42  spf 67.7  z0 0.73  garr 87.4  tG 682  e2 0.09  nF 4.7  pS 0.33  ptS 0.32  fLog 0.60  pdΔ -0.1697  pkR 3.76  clip 0.09  kl +0.002
upd   31  steps   65536  sps 878  opp symm  loss +0.011  pg +0.0244  v 0.026  ev +0.37  adv_std 0.232  tR -0.14  ent[s/d/p/e] 1.25/2.22/1.31/0.36  emits 0.19  spf 51.5  z0 0.86  garr 48.2  tG 219  e2 0.03  nF 1.6  pS 0.14  ptS 0.13  fLog 0.56  pdΔ -0.3623  pkR 11.12  clip 0.03  kl +0.002
upd   32  steps   67584  sps 898  opp symm  loss -0.091  pg -0.0638  v 0.002  ev +0.79  adv_std 0.065  tR +0.00  ent[s/d/p/e] 1.19/2.25/1.32/0.45  emits 0.20  spf 52.5  z0 0.84  garr 57.5  tG 208  e2 0.03  nF 2.1  pS 0.15  ptS 0.14  fLog 0.58  pdΔ -0.3541  pkR 8.72  clip 0.08  kl +0.003
upd   33  steps   69632  sps 917  opp symm  loss -0.065  pg -0.0362  v 0.004  ev +0.83  adv_std 0.085  tR -1.00  ent[s/d/p/e] 1.43/2.27/1.20/0.53  emits 0.30  spf 50.5  z0 0.78  garr 65.3  tG 295  e2 0.05  nF 2.6  pS 0.20  ptS 0.19  fLog 0.58  pdΔ -0.3009  pkR 6.79  clip 0.09  kl +0.004
upd   34  steps   71680  sps 936  opp symm  loss -0.077  pg -0.0479  v 0.005  ev +0.84  adv_std 0.102  tR +0.33  ent[s/d/p/e] 1.66/2.32/1.10/0.58  emits 0.44  spf 50.7  z0 0.71  garr 67.6  tG 376  e2 0.09  nF 4.1  pS 0.25  ptS 0.24  fLog 0.57  pdΔ -0.2500  pkR 6.25  clip 0.09  kl +0.001
upd   35  steps   73728  sps 955  opp symm  loss -0.026  pg +0.0048  v 0.002  ev +0.96  adv_std 0.056  tR +0.00  ent[s/d/p/e] 1.79/2.34/1.05/0.58  emits 0.47  spf 50.6  z0 0.70  garr 73.4  tG 450  e2 0.10  nF 4.8  pS 0.28  ptS 0.27  fLog 0.56  pdΔ -0.2157  pkR 4.27  clip 0.07  kl +0.002
upd   36  steps   75776  sps 973  opp symm  loss -0.004  pg +0.0264  v 0.003  ev +0.94  adv_std 0.074  tR +0.00  ent[s/d/p/e] 1.91/2.36/0.94/0.59  emits 0.57  spf 54.3  z0 0.68  garr 78.5  tG 522  e2 0.12  nF 5.6  pS 0.31  ptS 0.30  fLog 0.57  pdΔ -0.1872  pkR 3.52  clip 0.08  kl +0.003
upd   37  steps   77824  sps 991  opp symm  loss -0.043  pg -0.0120  v 0.002  ev +0.96  adv_std 0.060  tR +0.00  ent[s/d/p/e] 1.97/2.40/0.92/0.61  emits 0.64  spf 51.4  z0 0.65  garr 82.1  tG 556  e2 0.15  nF 6.9  pS 0.33  ptS 0.31  fLog 0.56  pdΔ -0.1745  pkR 3.87  clip 0.12  kl +0.007
upd   38  steps   79872  sps 1009  opp symm  loss -0.005  pg +0.0256  v 0.002  ev +0.96  adv_std 0.061  tR +0.00  ent[s/d/p/e] 2.00/2.36/0.89/0.60  emits 0.71  spf 51.7  z0 0.63  garr 78.7  tG 553  e2 0.17  nF 8.2  pS 0.34  ptS 0.32  fLog 0.55  pdΔ -0.1620  pkR 3.99  clip 0.13  kl +0.003
upd   39  steps   81920  sps 1026  opp symm  loss +0.003  pg +0.0347  v 0.002  ev +0.95  adv_std 0.067  tR -1.00  ent[s/d/p/e] 2.07/2.42/0.91/0.62  emits 0.80  spf 49.7  z0 0.60  garr 76.4  tG 532  e2 0.18  nF 9.1  pS 0.35  ptS 0.33  fLog 0.55  pdΔ -0.1528  pkR 3.73  clip 0.10  kl +0.004
upd   40  steps   83968  sps 1044  opp symm  loss -0.040  pg -0.0097  v 0.004  ev +0.89  adv_std 0.092  tR +0.00  ent[s/d/p/e] 2.05/2.42/0.94/0.61  emits 0.81  spf 49.0  z0 0.60  garr 65.3  tG 461  e2 0.19  nF 9.2  pS 0.34  ptS 0.33  fLog 0.55  pdΔ -0.1602  pkR 3.61  clip 0.10  kl +0.003
upd   41  steps   86016  sps 1060  opp symm  loss -0.025  pg +0.0064  v 0.002  ev +0.94  adv_std 0.066  tR -1.00  ent[s/d/p/e] 2.05/2.43/0.95/0.61  emits 0.66  spf 51.3  z0 0.64  garr 67.0  tG 493  e2 0.15  nF 7.9  pS 0.34  ptS 0.33  fLog 0.56  pdΔ -0.1573  pkR 4.09  clip 0.08  kl +0.003
upd   42  steps   88064  sps 1077  opp symm  loss -0.017  pg +0.0152  v 0.002  ev +0.95  adv_std 0.059  tR +0.00  ent[s/d/p/e] 2.09/2.43/0.94/0.62  emits 0.71  spf 52.7  z0 0.62  garr 68.6  tG 529  e2 0.17  nF 7.8  pS 0.36  ptS 0.35  fLog 0.56  pdΔ -0.1356  pkR 3.23  clip 0.11  kl -0.001
upd   43  steps   90112  sps 1094  opp symm  loss -0.017  pg +0.0135  v 0.005  ev +0.87  adv_std 0.099  tR -0.33  ent[s/d/p/e] 2.13/2.44/0.93/0.63  emits 0.81  spf 51.2  z0 0.59  garr 68.7  tG 572  e2 0.18  nF 8.9  pS 0.38  ptS 0.37  fLog 0.55  pdΔ -0.1172  pkR 3.67  clip 0.16  kl +0.007
upd   44  steps   92160  sps 1110  opp symm  loss +0.017  pg +0.0483  v 0.005  ev +0.84  adv_std 0.099  tR +0.00  ent[s/d/p/e] 2.17/2.45/0.93/0.63  emits 0.99  spf 48.2  z0 0.55  garr 60.8  tG 519  e2 0.23  nF 10.5  pS 0.40  ptS 0.38  fLog 0.54  pdΔ -0.1033  pkR 4.38  clip 0.15  kl +0.001
upd   45  steps   94208  sps 1126  opp symm  loss -0.020  pg +0.0107  v 0.006  ev +0.82  adv_std 0.105  tR -0.33  ent[s/d/p/e] 2.17/2.46/0.94/0.63  emits 0.93  spf 45.4  z0 0.55  garr 60.0  tG 507  e2 0.21  nF 10.9  pS 0.40  ptS 0.39  fLog 0.54  pdΔ -0.1007  pkR 4.55  clip 0.10  kl +0.003
upd   46  steps   96256  sps 1141  opp symm  loss -0.043  pg -0.0373  v 0.052  ev +0.57  adv_std 0.342  tR +0.05  ent[s/d/p/e] 2.04/2.40/0.99/0.57  emits 0.79  spf 41.9  z0 0.62  garr 47.0  tG 352  e2 0.18  nF 9.3  pS 0.31  ptS 0.30  fLog 0.53  pdΔ -0.1911  pkR 4.37  clip 0.13  kl +0.003
upd   47  steps   98304  sps 1156  opp symm  loss -0.010  pg +0.0162  v 0.003  ev +0.83  adv_std 0.084  tR +0.00  ent[s/d/p/e] 1.34/2.20/1.15/0.46  emits 0.30  spf 37.2  z0 0.81  garr 40.0  tG 147  e2 0.05  nF 3.6  pS 0.15  ptS 0.14  fLog 0.54  pdΔ -0.3542  pkR 11.51  clip 0.05  kl +0.002
upd   48  steps  100352  sps 1171  opp symm  loss -0.104  pg -0.0751  v 0.004  ev +0.87  adv_std 0.087  tR +0.00  ent[s/d/p/e] 1.68/2.34/1.07/0.53  emits 0.45  spf 40.7  z0 0.74  garr 46.2  tG 210  e2 0.10  nF 5.0  pS 0.20  ptS 0.19  fLog 0.54  pdΔ -0.2984  pkR 7.84  clip 0.07  kl -0.000
upd   49  steps  102400  sps 1186  opp symm  loss +0.002  pg +0.0311  v 0.004  ev +0.86  adv_std 0.090  tR -1.00  ent[s/d/p/e] 1.65/2.29/1.04/0.58  emits 0.55  spf 39.7  z0 0.67  garr 48.7  tG 250  e2 0.12  nF 6.2  pS 0.23  ptS 0.22  fLog 0.53  pdΔ -0.2714  pkR 6.39  clip 0.08  kl +0.002
upd   50  steps  104448  sps 1201  opp symm  loss -0.007  pg +0.0223  v 0.005  ev +0.84  adv_std 0.101  tR +0.00  ent[s/d/p/e] 1.77/2.33/1.05/0.59  emits 0.59  spf 42.1  z0 0.66  garr 51.0  tG 293  e2 0.13  nF 6.6  pS 0.26  ptS 0.25  fLog 0.54  pdΔ -0.2442  pkR 5.05  clip 0.12  kl +0.003
upd   51  steps  106496  sps 1216  opp symm  loss -0.008  pg +0.0224  v 0.003  ev +0.92  adv_std 0.077  tR +1.00  ent[s/d/p/e] 1.91/2.38/0.98/0.59  emits 0.62  spf 46.1  z0 0.65  garr 57.7  tG 369  e2 0.13  nF 7.1  pS 0.29  ptS 0.28  fLog 0.55  pdΔ -0.2084  pkR 4.04  clip 0.08  kl +0.004
upd   52  steps  108544  sps 1230  opp symm  loss +0.000  pg +0.0312  v 0.003  ev +0.92  adv_std 0.081  tR +0.33  ent[s/d/p/e] 1.92/2.39/1.01/0.60  emits 0.63  spf 47.4  z0 0.65  garr 62.1  tG 387  e2 0.13  nF 6.9  pS 0.30  ptS 0.29  fLog 0.56  pdΔ -0.1994  pkR 3.62  clip 0.07  kl +0.002
upd   53  steps  110592  sps 1244  opp symm  loss -0.021  pg +0.0100  v 0.003  ev +0.94  adv_std 0.077  tR -1.00  ent[s/d/p/e] 1.92/2.38/0.98/0.63  emits 0.81  spf 43.7  z0 0.59  garr 58.6  tG 387  e2 0.19  nF 8.5  pS 0.32  ptS 0.31  fLog 0.54  pdΔ -0.1770  pkR 4.10  clip 0.17  kl +0.006
upd   54  steps  112640  sps 1258  opp symm  loss -0.030  pg +0.0018  v 0.003  ev +0.95  adv_std 0.074  tR +0.00  ent[s/d/p/e] 2.01/2.44/1.00/0.62  emits 0.90  spf 41.7  z0 0.56  garr 55.8  tG 382  e2 0.20  nF 10.2  pS 0.34  ptS 0.33  fLog 0.54  pdΔ -0.1581  pkR 3.88  clip 0.18  kl +0.006
upd   55  steps  114688  sps 1271  opp symm  loss -0.011  pg +0.0176  v 0.008  ev +0.87  adv_std 0.120  tR -0.50  ent[s/d/p/e] 1.99/2.43/0.96/0.62  emits 0.82  spf 46.0  z0 0.59  garr 54.4  tG 400  e2 0.18  nF 9.7  pS 0.34  ptS 0.33  fLog 0.55  pdΔ -0.1578  pkR 5.70  clip 0.11  kl +0.003
upd   56  steps  116736  sps 1285  opp symm  loss -0.071  pg -0.0391  v 0.002  ev +0.96  adv_std 0.064  tR -0.33  ent[s/d/p/e] 2.05/2.45/0.99/0.62  emits 0.78  spf 47.1  z0 0.60  garr 57.4  tG 426  e2 0.17  nF 9.1  pS 0.34  ptS 0.33  fLog 0.55  pdΔ -0.1604  pkR 6.74  clip 0.09  kl +0.002
upd   57  steps  118784  sps 1298  opp symm  loss -0.028  pg +0.0039  v 0.004  ev +0.93  adv_std 0.084  tR +1.00  ent[s/d/p/e] 2.04/2.45/1.01/0.63  emits 0.92  spf 45.8  z0 0.57  garr 54.4  tG 406  e2 0.22  nF 10.4  pS 0.35  ptS 0.35  fLog 0.55  pdΔ -0.1464  pkR 5.72  clip 0.14  kl +0.003
upd   58  steps  120832  sps 1311  opp symm  loss +0.023  pg +0.0556  v 0.003  ev +0.96  adv_std 0.070  tR -1.00  ent[s/d/p/e] 2.05/2.42/0.96/0.64  emits 1.12  spf 38.9  z0 0.50  garr 46.1  tG 366  e2 0.26  nF 12.6  pS 0.37  ptS 0.36  fLog 0.53  pdΔ -0.1284  pkR 4.23  clip 0.21  kl +0.009
upd   59  steps  122880  sps 1324  opp symm  loss +0.005  pg +0.0347  v 0.007  ev +0.89  adv_std 0.117  tR -0.50  ent[s/d/p/e] 2.04/2.43/0.98/0.63  emits 1.07  spf 37.7  z0 0.53  garr 44.3  tG 352  e2 0.24  nF 13.0  pS 0.38  ptS 0.37  fLog 0.53  pdΔ -0.1167  pkR 4.53  clip 0.30  kl +0.010
upd   60  steps  124928  sps 1337  opp symm  loss -0.035  pg -0.0043  v 0.007  ev +0.90  adv_std 0.113  tR -0.20  ent[s/d/p/e] 2.08/2.45/1.00/0.63  emits 0.90  spf 44.1  z0 0.55  garr 48.2  tG 401  e2 0.21  nF 11.3  pS 0.38  ptS 0.37  fLog 0.55  pdΔ -0.1158  pkR 3.98  clip 0.09  kl -0.001
upd   61  steps  126976  sps 1350  opp symm  loss -0.002  pg +0.0294  v 0.005  ev +0.93  adv_std 0.093  tR +0.33  ent[s/d/p/e] 2.01/2.42/1.01/0.62  emits 0.90  spf 43.9  z0 0.54  garr 48.8  tG 403  e2 0.22  nF 10.3  pS 0.37  ptS 0.36  fLog 0.55  pdΔ -0.1258  pkR 3.94  clip 0.18  kl +0.004
upd   62  steps  129024  sps 1362  opp symm  loss -0.041  pg -0.0220  v 0.023  ev +0.66  adv_std 0.221  tR +0.06  ent[s/d/p/e] 1.89/2.43/1.07/0.50  emits 0.48  spf 44.5  z0 0.73  garr 41.7  tG 249  e2 0.10  nF 4.8  pS 0.23  ptS 0.23  fLog 0.56  pdΔ -0.2728  pkR 6.88  clip 0.06  kl +0.002
upd   63  steps  131072  sps 1374  opp symm  loss +0.010  pg +0.0392  v 0.003  ev +0.92  adv_std 0.072  tR +0.00  ent[s/d/p/e] 1.76/2.44/1.16/0.49  emits 0.37  spf 49.0  z0 0.77  garr 47.0  tG 248  e2 0.07  nF 3.8  pS 0.21  ptS 0.21  fLog 0.58  pdΔ -0.2929  pkR 7.24  clip 0.05  kl -0.001
upd   64  steps  133120  sps 1386  opp symm  loss -0.023  pg +0.0046  v 0.005  ev +0.90  adv_std 0.098  tR +1.00  ent[s/d/p/e] 1.85/2.46/1.02/0.49  emits 0.43  spf 51.6  z0 0.73  garr 55.1  tG 310  e2 0.09  nF 4.0  pS 0.23  ptS 0.23  fLog 0.58  pdΔ -0.2675  pkR 6.60  clip 0.08  kl +0.002
upd   65  steps  135168  sps 1398  opp symm  loss +0.039  pg +0.0666  v 0.005  ev +0.89  adv_std 0.099  tR +0.33  ent[s/d/p/e] 1.85/2.45/1.01/0.51  emits 0.40  spf 52.5  z0 0.75  garr 60.9  tG 333  e2 0.08  nF 4.2  pS 0.23  ptS 0.23  fLog 0.58  pdΔ -0.2667  pkR 7.61  clip 0.06  kl +0.000
upd   66  steps  137216  sps 1410  opp symm  loss +0.008  pg +0.0380  v 0.002  ev +0.96  adv_std 0.061  tR +0.00  ent[s/d/p/e] 1.83/2.44/1.01/0.53  emits 0.41  spf 54.7  z0 0.74  garr 65.0  tG 357  e2 0.08  nF 3.8  pS 0.24  ptS 0.24  fLog 0.59  pdΔ -0.2614  pkR 4.99  clip 0.07  kl +0.002
upd   67  steps  139264  sps 1421  opp symm  loss -0.043  pg -0.0151  v 0.005  ev +0.88  adv_std 0.105  tR +0.20  ent[s/d/p/e] 1.85/2.42/1.05/0.50  emits 0.37  spf 57.3  z0 0.75  garr 67.8  tG 409  e2 0.07  nF 4.1  pS 0.26  ptS 0.26  fLog 0.60  pdΔ -0.2365  pkR 5.16  clip 0.07  kl +0.002
upd   68  steps  141312  sps 1433  opp symm  loss +0.012  pg +0.0414  v 0.002  ev +0.94  adv_std 0.061  tR +1.00  ent[s/d/p/e] 1.77/2.40/1.07/0.51  emits 0.34  spf 63.3  z0 0.77  garr 77.5  tG 462  e2 0.07  nF 3.4  pS 0.25  ptS 0.25  fLog 0.61  pdΔ -0.2470  pkR 5.61  clip 0.06  kl +0.002
upd   69  steps  143360  sps 1444  opp symm  loss -0.038  pg -0.0077  v 0.002  ev +0.93  adv_std 0.065  tR +0.00  ent[s/d/p/e] 1.78/2.39/1.09/0.54  emits 0.41  spf 64.6  z0 0.74  garr 76.9  tG 451  e2 0.08  nF 3.7  pS 0.26  ptS 0.25  fLog 0.61  pdΔ -0.2438  pkR 5.51  clip 0.09  kl +0.001
upd   70  steps  145408  sps 1455  opp symm  loss +0.008  pg +0.0376  v 0.002  ev +0.95  adv_std 0.064  tR -1.00  ent[s/d/p/e] 1.83/2.41/1.12/0.51  emits 0.38  spf 61.8  z0 0.75  garr 77.9  tG 459  e2 0.08  nF 3.7  pS 0.27  ptS 0.26  fLog 0.61  pdΔ -0.2335  pkR 4.18  clip 0.04  kl +0.001
upd   71  steps  147456  sps 1466  opp symm  loss -0.017  pg +0.0130  v 0.002  ev +0.95  adv_std 0.057  tR -0.33  ent[s/d/p/e] 1.80/2.40/1.11/0.52  emits 0.31  spf 68.2  z0 0.78  garr 82.3  tG 510  e2 0.06  nF 3.2  pS 0.27  ptS 0.27  fLog 0.62  pdΔ -0.2255  pkR 3.56  clip 0.08  kl +0.002
upd   72  steps  149504  sps 1477  opp symm  loss -0.018  pg +0.0112  v 0.003  ev +0.93  adv_std 0.077  tR +0.00  ent[s/d/p/e] 1.89/2.47/1.11/0.48  emits 0.33  spf 75.2  z0 0.77  garr 85.3  tG 550  e2 0.05  nF 3.4  pS 0.28  ptS 0.28  fLog 0.64  pdΔ -0.2189  pkR 3.97  clip 0.10  kl +0.003
upd   73  steps  151552  sps 1488  opp symm  loss -0.018  pg +0.0127  v 0.001  ev +0.98  adv_std 0.051  tR -1.00  ent[s/d/p/e] 1.94/2.46/1.05/0.54  emits 0.42  spf 69.8  z0 0.75  garr 87.0  tG 598  e2 0.09  nF 4.2  pS 0.30  ptS 0.29  fLog 0.62  pdΔ -0.2043  pkR 3.56  clip 0.05  kl +0.001
upd   74  steps  153600  sps 1499  opp symm  loss -0.036  pg -0.0052  v 0.002  ev +0.96  adv_std 0.067  tR -1.00  ent[s/d/p/e] 1.93/2.45/1.01/0.55  emits 0.41  spf 69.1  z0 0.72  garr 83.9  tG 618  e2 0.08  nF 4.7  pS 0.31  ptS 0.30  fLog 0.62  pdΔ -0.1879  pkR 3.84  clip 0.06  kl +0.002
upd   75  steps  155648  sps 1509  opp symm  loss -0.067  pg -0.0383  v 0.005  ev +0.91  adv_std 0.101  tR +0.00  ent[s/d/p/e] 2.05/2.48/0.97/0.55  emits 0.43  spf 72.5  z0 0.73  garr 88.2  tG 680  e2 0.09  nF 4.5  pS 0.33  ptS 0.32  fLog 0.62  pdΔ -0.1713  pkR 4.53  clip 0.07  kl +0.002
upd   76  steps  157696  sps 1519  opp symm  loss -0.019  pg +0.0096  v 0.006  ev +0.90  adv_std 0.104  tR -0.20  ent[s/d/p/e] 1.97/2.41/1.00/0.53  emits 0.43  spf 67.9  z0 0.72  garr 84.1  tG 653  e2 0.09  nF 4.7  pS 0.31  ptS 0.31  fLog 0.60  pdΔ -0.1867  pkR 5.95  clip 0.03  kl -0.000
upd   77  steps  159744  sps 1529  opp symm  loss -0.084  pg -0.0663  v 0.026  ev +0.78  adv_std 0.242  tR +0.10  ent[s/d/p/e] 1.94/2.40/0.99/0.52  emits 0.45  spf 63.6  z0 0.71  garr 72.9  tG 542  e2 0.08  nF 4.6  pS 0.29  ptS 0.29  fLog 0.59  pdΔ -0.2120  pkR 5.39  clip 0.05  kl -0.000
upd   78  steps  161792  sps 1540  opp symm  loss -0.083  pg -0.0563  v 0.002  ev +0.92  adv_std 0.067  tR +0.00  ent[s/d/p/e] 1.39/2.22/1.09/0.47  emits 0.29  spf 51.2  z0 0.79  garr 56.6  tG 332  e2 0.05  nF 2.9  pS 0.19  ptS 0.19  fLog 0.57  pdΔ -0.3134  pkR 9.63  clip 0.06  kl +0.003
upd   79  steps  163840  sps 1550  opp symm  loss -0.005  pg +0.0216  v 0.004  ev +0.86  adv_std 0.094  tR -1.00  ent[s/d/p/e] 1.42/2.21/1.14/0.49  emits 0.32  spf 53.8  z0 0.76  garr 63.3  tG 380  e2 0.05  nF 3.4  pS 0.20  ptS 0.21  fLog 0.58  pdΔ -0.2959  pkR 10.19  clip 0.11  kl +0.003
upd   80  steps  165888  sps 1559  opp symm  loss -0.054  pg -0.0272  v 0.003  ev +0.93  adv_std 0.079  tR +0.33  ent[s/d/p/e] 1.64/2.35/1.11/0.45  emits 0.29  spf 55.7  z0 0.80  garr 68.5  tG 416  e2 0.05  nF 3.4  pS 0.23  ptS 0.24  fLog 0.59  pdΔ -0.2681  pkR 9.43  clip 0.10  kl +0.005
upd   81  steps  167936  sps 1569  opp symm  loss -0.023  pg +0.0040  v 0.006  ev +0.89  adv_std 0.110  tR -0.50  ent[s/d/p/e] 1.76/2.45/1.09/0.47  emits 0.29  spf 63.4  z0 0.80  garr 81.2  tG 512  e2 0.05  nF 3.1  pS 0.26  ptS 0.26  fLog 0.62  pdΔ -0.2435  pkR 6.86  clip 0.05  kl +0.000
upd   82  steps  169984  sps 1579  opp symm  loss -0.030  pg -0.0013  v 0.002  ev +0.96  adv_std 0.062  tR +0.33  ent[s/d/p/e] 1.75/2.41/1.02/0.47  emits 0.30  spf 76.2  z0 0.78  garr 95.9  tG 595  e2 0.05  nF 3.1  pS 0.26  ptS 0.27  fLog 0.63  pdΔ -0.2356  pkR 5.29  clip 0.07  kl -0.001
upd   83  steps  172032  sps 1588  opp symm  loss +0.022  pg +0.0495  v 0.005  ev +0.89  adv_std 0.096  tR -0.60  ent[s/d/p/e] 1.82/2.48/1.11/0.45  emits 0.27  spf 78.0  z0 0.80  garr 98.6  tG 623  e2 0.05  nF 2.8  pS 0.26  ptS 0.27  fLog 0.65  pdΔ -0.2390  pkR 4.14  clip 0.08  kl +0.001
upd   84  steps  174080  sps 1597  opp symm  loss +0.004  pg +0.0319  v 0.002  ev +0.95  adv_std 0.069  tR +0.00  ent[s/d/p/e] 1.84/2.48/1.04/0.44  emits 0.25  spf 83.1  z0 0.82  garr 104.7  tG 677  e2 0.04  nF 2.6  pS 0.27  ptS 0.27  fLog 0.66  pdΔ -0.2310  pkR 3.99  clip 0.06  kl +0.004
upd   85  steps  176128  sps 1607  opp symm  loss -0.047  pg -0.0189  v 0.003  ev +0.93  adv_std 0.077  tR -1.00  ent[s/d/p/e] 1.82/2.49/1.08/0.45  emits 0.20  spf 92.3  z0 0.84  garr 120.9  tG 814  e2 0.03  nF 2.1  pS 0.28  ptS 0.28  fLog 0.67  pdΔ -0.2194  pkR 4.09  clip 0.10  kl +0.005
upd   86  steps  178176  sps 1616  opp symm  loss -0.072  pg -0.0439  v 0.004  ev +0.93  adv_std 0.092  tR -0.33  ent[s/d/p/e] 1.96/2.53/1.11/0.45  emits 0.26  spf 98.3  z0 0.81  garr 137.5  tG 914  e2 0.04  nF 2.5  pS 0.30  ptS 0.30  fLog 0.68  pdΔ -0.2040  pkR 4.38  clip 0.02  kl -0.000
upd   87  steps  180224  sps 1625  opp symm  loss +0.000  pg +0.0290  v 0.004  ev +0.94  adv_std 0.082  tR +1.00  ent[s/d/p/e] 1.95/2.54/1.06/0.47  emits 0.27  spf 103.2  z0 0.79  garr 143.7  tG 995  e2 0.04  nF 2.7  pS 0.32  ptS 0.31  fLog 0.68  pdΔ -0.1814  pkR 3.94  clip 0.03  kl +0.001
upd   88  steps  182272  sps 1634  opp symm  loss +0.018  pg +0.0486  v 0.002  ev +0.97  adv_std 0.067  tR +1.00  ent[s/d/p/e] 2.03/2.56/1.01/0.51  emits 0.32  spf 94.6  z0 0.78  garr 147.0  tG 1046  e2 0.06  nF 3.1  pS 0.34  ptS 0.33  fLog 0.67  pdΔ -0.1620  pkR 3.65  clip 0.10  kl +0.006
upd   89  steps  184320  sps 1643  opp symm  loss -0.014  pg +0.0163  v 0.003  ev +0.96  adv_std 0.071  tR +0.00  ent[s/d/p/e] 2.06/2.54/1.05/0.52  emits 0.37  spf 100.1  z0 0.75  garr 147.8  tG 1074  e2 0.07  nF 3.4  pS 0.36  ptS 0.35  fLog 0.67  pdΔ -0.1420  pkR 3.55  clip 0.10  kl +0.002
upd   90  steps  186368  sps 1651  opp symm  loss -0.006  pg +0.0225  v 0.004  ev +0.95  adv_std 0.085  tR +0.33  ent[s/d/p/e] 2.12/2.54/0.98/0.48  emits 0.32  spf 89.7  z0 0.79  garr 150.3  tG 1090  e2 0.06  nF 3.1  pS 0.35  ptS 0.34  fLog 0.67  pdΔ -0.1458  pkR 4.16  clip 0.06  kl +0.004
upd   91  steps  188416  sps 1660  opp symm  loss -0.039  pg -0.0121  v 0.007  ev +0.92  adv_std 0.114  tR +0.60  ent[s/d/p/e] 2.08/2.50/0.97/0.50  emits 0.29  spf 100.5  z0 0.79  garr 162.2  tG 1167  e2 0.05  nF 2.9  pS 0.36  ptS 0.35  fLog 0.68  pdΔ -0.1427  pkR 4.18  clip 0.13  kl +0.001
upd   92  steps  190464  sps 1668  opp symm  loss -0.047  pg -0.0209  v 0.005  ev +0.94  adv_std 0.097  tR +0.00  ent[s/d/p/e] 1.83/2.48/1.02/0.44  emits 0.22  spf 102.2  z0 0.84  garr 164.0  tG 1151  e2 0.04  nF 2.2  pS 0.33  ptS 0.32  fLog 0.67  pdΔ -0.1672  pkR 4.73  clip 0.06  kl +0.001
upd   93  steps  192512  sps 1677  opp symm  loss -0.040  pg -0.0218  v 0.019  ev +0.75  adv_std 0.199  tR -0.22  ent[s/d/p/e] 1.57/2.34/1.09/0.44  emits 0.27  spf 91.3  z0 0.80  garr 112.6  tG 792  e2 0.05  nF 2.1  pS 0.27  ptS 0.26  fLog 0.65  pdΔ -0.2272  pkR 6.71  clip 0.04  kl +0.001
upd   94  steps  194560  sps 1685  opp symm  loss -0.016  pg +0.0112  v 0.003  ev +0.93  adv_std 0.076  tR -1.00  ent[s/d/p/e] 1.47/2.21/1.07/0.50  emits 0.34  spf 65.8  z0 0.75  garr 88.1  tG 615  e2 0.06  nF 2.9  pS 0.26  ptS 0.25  fLog 0.60  pdΔ -0.2371  pkR 5.43  clip 0.04  kl +0.001
upd   95  steps  196608  sps 1693  opp symm  loss -0.012  pg +0.0171  v 0.004  ev +0.94  adv_std 0.086  tR +0.00  ent[s/d/p/e] 1.69/2.33/1.04/0.56  emits 0.43  spf 63.9  z0 0.71  garr 93.9  tG 658  e2 0.09  nF 4.0  pS 0.29  ptS 0.28  fLog 0.61  pdΔ -0.2102  pkR 5.60  clip 0.11  kl +0.004
upd   96  steps  198656  sps 1702  opp symm  loss -0.011  pg +0.0155  v 0.008  ev +0.89  adv_std 0.124  tR +0.33  ent[s/d/p/e] 1.87/2.42/1.03/0.52  emits 0.38  spf 74.3  z0 0.75  garr 95.1  tG 671  e2 0.07  nF 3.8  pS 0.30  ptS 0.30  fLog 0.63  pdΔ -0.1970  pkR 5.02  clip 0.11  kl +0.005
upd   97  steps  200704  sps 1710  opp symm  loss -0.050  pg -0.0215  v 0.007  ev +0.88  adv_std 0.120  tR +0.00  ent[s/d/p/e] 1.91/2.44/1.05/0.56  emits 0.47  spf 67.5  z0 0.71  garr 82.9  tG 616  e2 0.09  nF 4.4  pS 0.32  ptS 0.31  fLog 0.61  pdΔ -0.1838  pkR 4.61  clip 0.19  kl +0.006
upd   98  steps  202752  sps 1718  opp symm  loss -0.064  pg -0.0341  v 0.003  ev +0.96  adv_std 0.072  tR -0.20  ent[s/d/p/e] 1.92/2.46/1.05/0.53  emits 0.38  spf 69.2  z0 0.75  garr 92.0  tG 685  e2 0.07  nF 3.7  pS 0.32  ptS 0.31  fLog 0.63  pdΔ -0.1784  pkR 4.41  clip 0.07  kl +0.004
[eval_vs_v20] u99 tag=train_u99  bin0=0.0%  spf=0.00  garr=128.50  flip=0.00%  z0=71.9%  e8=0.0%  e2+=0.0%  WLD=0/3/0
upd   99  steps  204800  sps 1725  opp symm  loss -0.003  pg +0.0255  v 0.005  ev +0.92  adv_std 0.097  tR +1.00  ent[s/d/p/e] 1.84/2.43/1.09/0.51  emits 0.35  spf 75.2  z0 0.76  garr 94.3  tG 694  e2 0.06  nF 3.3  pS 0.32  ptS 0.31  fLog 0.64  pdΔ -0.1780  pkR 4.41  clip 0.07  kl +0.003 WRr 0.09 v20[spf 0.0 flip 0.0% e2+ 0.0%]
upd  100  steps  206848  sps 957  opp symm  loss +0.014  pg +0.0445  v 0.004  ev +0.94  adv_std 0.093  tR +1.00  ent[s/d/p/e] 1.87/2.43/1.08/0.57  emits 0.45  spf 73.8  z0 0.71  garr 100.0  tG 781  e2 0.09  nF 3.8  pS 0.34  ptS 0.33  fLog 0.64  pdΔ -0.1555  pkR 4.34  clip 0.08  kl +0.003
upd  101  steps  208896  sps 964  opp symm  loss -0.013  pg +0.0177  v 0.003  ev +0.97  adv_std 0.074  tR +1.00  ent[s/d/p/e] 1.93/2.45/1.14/0.56  emits 0.50  spf 66.9  z0 0.72  garr 96.5  tG 763  e2 0.10  nF 4.7  pS 0.35  ptS 0.34  fLog 0.62  pdΔ -0.1486  pkR 5.18  clip 0.08  kl +0.002
upd  102  steps  210944  sps 970  opp symm  loss -0.039  pg -0.0089  v 0.004  ev +0.96  adv_std 0.086  tR +0.33  ent[s/d/p/e] 1.97/2.44/1.14/0.54  emits 0.41  spf 69.5  z0 0.73  garr 103.4  tG 812  e2 0.08  nF 4.3  pS 0.36  ptS 0.35  fLog 0.63  pdΔ -0.1439  pkR 5.21  clip 0.06  kl +0.001
upd  103  steps  212992  sps 977  opp symm  loss -0.044  pg -0.0144  v 0.005  ev +0.95  adv_std 0.097  tR -0.33  ent[s/d/p/e] 1.92/2.44/1.18/0.54  emits 0.40  spf 72.8  z0 0.73  garr 106.5  tG 811  e2 0.08  nF 3.8  pS 0.35  ptS 0.34  fLog 0.64  pdΔ -0.1503  pkR 4.54  clip 0.15  kl +0.009
upd  104  steps  215040  sps 983  opp symm  loss -0.009  pg +0.0211  v 0.002  ev +0.98  adv_std 0.067  tR +1.00  ent[s/d/p/e] 1.97/2.44/1.14/0.51  emits 0.39  spf 70.6  z0 0.76  garr 119.5  tG 936  e2 0.07  nF 3.9  pS 0.36  ptS 0.36  fLog 0.63  pdΔ -0.1351  pkR 4.76  clip 0.06  kl -0.002
upd  105  steps  217088  sps 990  opp symm  loss -0.077  pg -0.0464  v 0.003  ev +0.97  adv_std 0.082  tR +0.20  ent[s/d/p/e] 2.07/2.48/1.11/0.52  emits 0.46  spf 72.4  z0 0.73  garr 131.6  tG 1032  e2 0.10  nF 4.5  pS 0.37  ptS 0.37  fLog 0.64  pdΔ -0.1265  pkR 4.93  clip 0.07  kl +0.004
upd  106  steps  219136  sps 996  opp symm  loss -0.040  pg -0.0093  v 0.002  ev +0.98  adv_std 0.066  tR +1.00  ent[s/d/p/e] 2.07/2.46/1.07/0.52  emits 0.40  spf 77.3  z0 0.75  garr 137.8  tG 1086  e2 0.09  nF 4.5  pS 0.37  ptS 0.37  fLog 0.64  pdΔ -0.1269  pkR 5.03  clip 0.16  kl +0.005
upd  107  steps  221184  sps 1002  opp symm  loss -0.005  pg +0.0198  v 0.013  ev +0.88  adv_std 0.159  tR +0.40  ent[s/d/p/e] 2.06/2.45/1.06/0.50  emits 0.39  spf 79.2  z0 0.76  garr 141.3  tG 1084  e2 0.08  nF 4.0  pS 0.34  ptS 0.34  fLog 0.64  pdΔ -0.1550  pkR 5.36  clip 0.08  kl +0.003
upd  108  steps  223232  sps 1009  opp symm  loss -0.031  pg -0.0082  v 0.013  ev +0.89  adv_std 0.173  tR +0.00  ent[s/d/p/e] 1.87/2.39/1.09/0.44  emits 0.28  spf 81.1  z0 0.81  garr 135.3  tG 1061  e2 0.05  nF 3.4  pS 0.31  ptS 0.31  fLog 0.64  pdΔ -0.1850  pkR 6.56  clip 0.06  kl -0.000
upd  109  steps  225280  sps 1015  opp symm  loss +0.000  pg +0.0262  v 0.004  ev +0.95  adv_std 0.092  tR +1.00  ent[s/d/p/e] 1.44/2.15/1.17/0.46  emits 0.30  spf 55.2  z0 0.79  garr 80.5  tG 556  e2 0.06  nF 2.9  pS 0.23  ptS 0.23  fLog 0.59  pdΔ -0.2708  pkR 6.91  clip 0.06  kl +0.001
upd  110  steps  227328  sps 1021  opp symm  loss -0.033  pg -0.0062  v 0.004  ev +0.96  adv_std 0.085  tR +0.00  ent[s/d/p/e] 1.50/2.19/1.14/0.50  emits 0.37  spf 58.1  z0 0.77  garr 87.8  tG 601  e2 0.08  nF 3.3  pS 0.25  ptS 0.25  fLog 0.60  pdΔ -0.2494  pkR 8.01  clip 0.10  kl +0.005
upd  111  steps  229376  sps 1028  opp symm  loss -0.030  pg -0.0008  v 0.003  ev +0.96  adv_std 0.078  tR +0.00  ent[s/d/p/e] 1.71/2.27/1.16/0.54  emits 0.51  spf 56.6  z0 0.71  garr 84.8  tG 542  e2 0.11  nF 4.6  pS 0.26  ptS 0.26  fLog 0.59  pdΔ -0.2428  pkR 9.22  clip 0.11  kl +0.005
upd  112  steps  231424  sps 1034  opp symm  loss -0.042  pg -0.0134  v 0.004  ev +0.96  adv_std 0.093  tR +0.00  ent[s/d/p/e] 1.80/2.31/1.14/0.52  emits 0.46  spf 52.7  z0 0.73  garr 76.3  tG 498  e2 0.09  nF 4.6  pS 0.28  ptS 0.27  fLog 0.59  pdΔ -0.2215  pkR 7.24  clip 0.07  kl +0.002
upd  113  steps  233472  sps 1040  opp symm  loss +0.030  pg +0.0581  v 0.007  ev +0.94  adv_std 0.118  tR +0.20  ent[s/d/p/e] 1.83/2.33/1.12/0.54  emits 0.47  spf 54.1  z0 0.72  garr 72.6  tG 502  e2 0.10  nF 4.9  pS 0.30  ptS 0.29  fLog 0.60  pdΔ -0.2041  pkR 6.46  clip 0.07  kl +0.002
upd  114  steps  235520  sps 1046  opp symm  loss +0.003  pg +0.0310  v 0.005  ev +0.95  adv_std 0.106  tR +0.60  ent[s/d/p/e] 1.73/2.32/1.20/0.53  emits 0.42  spf 55.5  z0 0.73  garr 72.4  tG 466  e2 0.09  nF 4.4  pS 0.28  ptS 0.27  fLog 0.60  pdΔ -0.2218  pkR 5.10  clip 0.05  kl +0.001
upd  115  steps  237568  sps 1052  opp symm  loss +0.010  pg +0.0400  v 0.004  ev +0.97  adv_std 0.092  tR -1.00  ent[s/d/p/e] 1.80/2.33/1.16/0.56  emits 0.48  spf 51.7  z0 0.72  garr 76.3  tG 508  e2 0.10  nF 4.8  pS 0.30  ptS 0.29  fLog 0.59  pdΔ -0.1966  pkR 4.53  clip 0.08  kl +0.005
upd  116  steps  239616  sps 1058  opp symm  loss -0.004  pg +0.0262  v 0.005  ev +0.96  adv_std 0.101  tR +0.33  ent[s/d/p/e] 1.96/2.33/1.17/0.56  emits 0.51  spf 50.9  z0 0.70  garr 84.1  tG 585  e2 0.12  nF 5.5  pS 0.34  ptS 0.33  fLog 0.59  pdΔ -0.1626  pkR 4.20  clip 0.09  kl +0.001
upd  117  steps  241664  sps 1064  opp symm  loss -0.004  pg +0.0258  v 0.003  ev +0.98  adv_std 0.077  tR +0.50  ent[s/d/p/e] 2.03/2.33/1.17/0.50  emits 0.50  spf 52.2  z0 0.72  garr 94.4  tG 703  e2 0.11  nF 5.3  pS 0.36  ptS 0.36  fLog 0.60  pdΔ -0.1365  pkR 4.86  clip 0.14  kl +0.006
upd  118  steps  243712  sps 1070  opp symm  loss +0.002  pg +0.0316  v 0.004  ev +0.97  adv_std 0.092  tR -0.33  ent[s/d/p/e] 2.14/2.34/1.05/0.53  emits 0.65  spf 55.6  z0 0.69  garr 108.2  tG 782  e2 0.14  nF 6.3  pS 0.37  ptS 0.36  fLog 0.60  pdΔ -0.1332  pkR 5.31  clip 0.14  kl +0.006
upd  119  steps  245760  sps 1076  opp symm  loss +0.021  pg +0.0508  v 0.003  ev +0.97  adv_std 0.082  tR +1.00  ent[s/d/p/e] 2.13/2.35/1.08/0.52  emits 0.53  spf 60.8  z0 0.71  garr 119.4  tG 851  e2 0.11  nF 6.1  pS 0.38  ptS 0.37  fLog 0.62  pdΔ -0.1212  pkR 5.93  clip 0.08  kl +0.002
upd  120  steps  247808  sps 1082  opp symm  loss -0.016  pg +0.0132  v 0.005  ev +0.96  adv_std 0.104  tR +0.50  ent[s/d/p/e] 2.10/2.33/1.11/0.51  emits 0.46  spf 64.9  z0 0.73  garr 132.2  tG 917  e2 0.09  nF 4.8  pS 0.36  ptS 0.36  fLog 0.63  pdΔ -0.1366  pkR 6.46  clip 0.09  kl +0.004
upd  121  steps  249856  sps 1088  opp symm  loss +0.011  pg +0.0406  v 0.006  ev +0.95  adv_std 0.107  tR -0.20  ent[s/d/p/e] 2.00/2.30/1.12/0.55  emits 0.48  spf 59.3  z0 0.73  garr 127.8  tG 952  e2 0.10  nF 4.7  pS 0.36  ptS 0.35  fLog 0.61  pdΔ -0.1424  pkR 7.25  clip 0.23  kl +0.008
upd  122  steps  251904  sps 1094  opp symm  loss +0.012  pg +0.0389  v 0.006  ev +0.96  adv_std 0.111  tR +0.00  ent[s/d/p/e] 1.92/2.29/1.15/0.47  emits 0.36  spf 65.5  z0 0.76  garr 136.2  tG 1021  e2 0.07  nF 3.8  pS 0.36  ptS 0.35  fLog 0.63  pdΔ -0.1377  pkR 6.46  clip 0.15  kl +0.003
upd  123  steps  253952  sps 1100  opp symm  loss -0.018  pg +0.0103  v 0.005  ev +0.96  adv_std 0.104  tR -0.60  ent[s/d/p/e] 1.92/2.26/1.19/0.52  emits 0.47  spf 63.0  z0 0.73  garr 146.7  tG 1119  e2 0.10  nF 4.2  pS 0.36  ptS 0.35  fLog 0.61  pdΔ -0.1372  pkR 5.41  clip 0.10  kl +0.001
upd  124  steps  256000  sps 1105  opp symm  loss -0.022  pg +0.0047  v 0.008  ev +0.93  adv_std 0.132  tR +0.14  ent[s/d/p/e] 1.91/2.25/1.11/0.51  emits 0.46  spf 61.4  z0 0.72  garr 128.2  tG 1047  e2 0.10  nF 4.6  pS 0.35  ptS 0.34  fLog 0.61  pdΔ -0.1473  pkR 6.95  clip 0.09  kl +0.004
upd  125  steps  258048  sps 1111  opp symm  loss +0.002  pg +0.0314  v 0.005  ev +0.95  adv_std 0.098  tR +1.00  ent[s/d/p/e] 1.91/2.28/1.18/0.56  emits 0.54  spf 61.0  z0 0.70  garr 95.8  tG 855  e2 0.11  nF 4.9  pS 0.35  ptS 0.34  fLog 0.60  pdΔ -0.1508  pkR 9.29  clip 0.06  kl +0.001
upd  126  steps  260096  sps 1117  opp symm  loss +0.032  pg +0.0615  v 0.005  ev +0.96  adv_std 0.095  tR +0.33  ent[s/d/p/e] 1.98/2.30/1.17/0.55  emits 0.52  spf 61.7  z0 0.68  garr 97.8  tG 879  e2 0.11  nF 5.3  pS 0.36  ptS 0.36  fLog 0.61  pdΔ -0.1364  pkR 10.65  clip 0.15  kl +0.003
upd  127  steps  262144  sps 1122  opp symm  loss -0.050  pg -0.0218  v 0.007  ev +0.95  adv_std 0.117  tR +0.00  ent[s/d/p/e] 1.90/2.24/1.19/0.54  emits 0.44  spf 65.7  z0 0.71  garr 105.6  tG 967  e2 0.09  nF 4.6  pS 0.37  ptS 0.36  fLog 0.62  pdΔ -0.1301  pkR 10.26  clip 0.06  kl +0.003
upd  128  steps  264192  sps 1128  opp symm  loss -0.034  pg -0.0049  v 0.005  ev +0.96  adv_std 0.096  tR +0.33  ent[s/d/p/e] 1.85/2.24/1.18/0.53  emits 0.43  spf 75.2  z0 0.72  garr 102.1  tG 908  e2 0.09  nF 4.2  pS 0.35  ptS 0.34  fLog 0.63  pdΔ -0.1473  pkR 7.56  clip 0.10  kl +0.003
upd  129  steps  266240  sps 1134  opp symm  loss -0.013  pg +0.0136  v 0.009  ev +0.92  adv_std 0.136  tR +0.00  ent[s/d/p/e] 1.92/2.25/1.25/0.51  emits 0.38  spf 64.9  z0 0.75  garr 108.3  tG 946  e2 0.07  nF 3.9  pS 0.36  ptS 0.35  fLog 0.62  pdΔ -0.1416  pkR 7.22  clip 0.06  kl -0.001
upd  130  steps  268288  sps 1139  opp symm  loss -0.018  pg +0.0116  v 0.005  ev +0.95  adv_std 0.099  tR -1.00  ent[s/d/p/e] 1.96/2.25/1.26/0.51  emits 0.42  spf 71.4  z0 0.74  garr 112.5  tG 1000  e2 0.09  nF 4.1  pS 0.37  ptS 0.36  fLog 0.63  pdΔ -0.1314  pkR 5.57  clip 0.05  kl +0.002
upd  131  steps  270336  sps 1145  opp symm  loss +0.050  pg +0.0798  v 0.004  ev +0.96  adv_std 0.089  tR +1.00  ent[s/d/p/e] 1.98/2.22/1.22/0.53  emits 0.50  spf 64.5  z0 0.71  garr 120.5  tG 1088  e2 0.10  nF 5.1  pS 0.37  ptS 0.37  fLog 0.61  pdΔ -0.1281  pkR 4.91  clip 0.08  kl +0.004
upd  132  steps  272384  sps 1150  opp symm  loss +0.019  pg +0.0485  v 0.003  ev +0.97  adv_std 0.077  tR +1.00  ent[s/d/p/e] 2.01/2.25/1.14/0.51  emits 0.50  spf 65.0  z0 0.73  garr 119.9  tG 1052  e2 0.11  nF 5.7  pS 0.37  ptS 0.36  fLog 0.62  pdΔ -0.1292  pkR 5.31  clip 0.09  kl +0.004
upd  133  steps  274432  sps 1156  opp symm  loss +0.043  pg +0.0726  v 0.003  ev +0.97  adv_std 0.081  tR +0.00  ent[s/d/p/e] 2.10/2.30/1.13/0.50  emits 0.50  spf 64.0  z0 0.73  garr 135.2  tG 1118  e2 0.10  nF 5.4  pS 0.37  ptS 0.37  fLog 0.61  pdΔ -0.1273  pkR 4.78  clip 0.05  kl +0.001
upd  134  steps  276480  sps 1161  opp symm  loss +0.047  pg +0.0744  v 0.006  ev +0.94  adv_std 0.109  tR -0.60  ent[s/d/p/e] 2.14/2.36/1.08/0.46  emits 0.45  spf 65.3  z0 0.76  garr 145.0  tG 1178  e2 0.10  nF 5.7  pS 0.38  ptS 0.37  fLog 0.62  pdΔ -0.1231  pkR 4.62  clip 0.11  kl +0.006
upd  135  steps  278528  sps 1167  opp symm  loss +0.035  pg +0.0605  v 0.008  ev +0.91  adv_std 0.124  tR +0.67  ent[s/d/p/e] 2.04/2.29/1.09/0.45  emits 0.42  spf 60.1  z0 0.77  garr 149.8  tG 1229  e2 0.09  nF 5.0  pS 0.37  ptS 0.36  fLog 0.60  pdΔ -0.1287  pkR 4.39  clip 0.08  kl +0.001
upd  136  steps  280576  sps 1172  opp symm  loss +0.059  pg +0.0849  v 0.006  ev +0.92  adv_std 0.113  tR +1.00  ent[s/d/p/e] 1.99/2.29/1.15/0.42  emits 0.34  spf 64.4  z0 0.81  garr 170.3  tG 1390  e2 0.07  nF 3.9  pS 0.37  ptS 0.36  fLog 0.62  pdΔ -0.1318  pkR 4.50  clip 0.06  kl +0.001
upd  137  steps  282624  sps 1177  opp symm  loss +0.043  pg +0.0701  v 0.004  ev +0.94  adv_std 0.092  tR +1.00  ent[s/d/p/e] 2.01/2.34/1.13/0.43  emits 0.36  spf 66.0  z0 0.80  garr 181.7  tG 1404  e2 0.07  nF 3.9  pS 0.36  ptS 0.34  fLog 0.62  pdΔ -0.1440  pkR 4.86  clip 0.12  kl +0.003
upd  138  steps  284672  sps 1183  opp symm  loss -0.018  pg +0.0076  v 0.010  ev +0.89  adv_std 0.141  tR +0.67  ent[s/d/p/e] 2.12/2.34/1.13/0.44  emits 0.43  spf 80.7  z0 0.78  garr 186.6  tG 1436  e2 0.09  nF 4.3  pS 0.37  ptS 0.35  fLog 0.64  pdΔ -0.1344  pkR 5.49  clip 0.12  kl +0.002
upd  139  steps  286720  sps 1188  opp symm  loss -0.001  pg +0.0259  v 0.004  ev +0.95  adv_std 0.092  tR +1.00  ent[s/d/p/e] 2.06/2.30/1.11/0.43  emits 0.42  spf 68.6  z0 0.80  garr 188.7  tG 1407  e2 0.08  nF 4.3  pS 0.34  ptS 0.33  fLog 0.62  pdΔ -0.1564  pkR 6.13  clip 0.07  kl +0.002
upd  140  steps  288768  sps 1193  opp symm  loss -0.037  pg -0.0135  v 0.008  ev +0.89  adv_std 0.125  tR -0.09  ent[s/d/p/e] 1.62/2.14/1.14/0.41  emits 0.30  spf 65.1  z0 0.80  garr 148.1  tG 977  e2 0.05  nF 3.2  pS 0.28  ptS 0.27  fLog 0.61  pdΔ -0.2160  pkR 5.74  clip 0.07  kl +0.001
upd  141  steps  290816  sps 1199  opp symm  loss -0.012  pg +0.0154  v 0.003  ev +0.96  adv_std 0.078  tR +1.00  ent[s/d/p/e] 1.60/2.11/1.18/0.46  emits 0.30  spf 59.0  z0 0.81  garr 163.7  tG 1089  e2 0.06  nF 3.3  pS 0.30  ptS 0.29  fLog 0.60  pdΔ -0.2012  pkR 5.12  clip 0.06  kl +0.003
upd  142  steps  292864  sps 1204  opp symm  loss -0.033  pg -0.0057  v 0.005  ev +0.94  adv_std 0.103  tR -0.50  ent[s/d/p/e] 1.76/2.18/1.23/0.47  emits 0.35  spf 73.8  z0 0.79  garr 182.2  tG 1207  e2 0.07  nF 3.6  pS 0.32  ptS 0.31  fLog 0.63  pdΔ -0.1832  pkR 5.17  clip 0.07  kl -0.000
upd  143  steps  294912  sps 1209  opp symm  loss -0.017  pg +0.0099  v 0.007  ev +0.91  adv_std 0.120  tR +0.56  ent[s/d/p/e] 1.79/2.17/1.27/0.48  emits 0.33  spf 65.7  z0 0.78  garr 135.2  tG 935  e2 0.06  nF 3.4  pS 0.31  ptS 0.30  fLog 0.62  pdΔ -0.1907  pkR 6.19  clip 0.08  kl +0.003
upd  144  steps  296960  sps 1214  opp symm  loss -0.052  pg -0.0234  v 0.004  ev +0.96  adv_std 0.087  tR +0.60  ent[s/d/p/e] 1.75/2.15/1.31/0.50  emits 0.35  spf 77.1  z0 0.76  garr 128.2  tG 939  e2 0.07  nF 3.5  pS 0.32  ptS 0.31  fLog 0.64  pdΔ -0.1803  pkR 6.27  clip 0.07  kl +0.002
upd  145  steps  299008  sps 1219  opp symm  loss +0.034  pg +0.0605  v 0.010  ev +0.88  adv_std 0.142  tR +0.20  ent[s/d/p/e] 1.79/2.05/1.30/0.53  emits 0.45  spf 66.0  z0 0.73  garr 105.0  tG 797  e2 0.09  nF 4.2  pS 0.32  ptS 0.32  fLog 0.62  pdΔ -0.1790  pkR 5.08  clip 0.08  kl +0.003
upd  146  steps  301056  sps 1225  opp symm  loss +0.035  pg +0.0652  v 0.003  ev +0.96  adv_std 0.076  tR +1.00  ent[s/d/p/e] 1.81/2.01/1.28/0.55  emits 0.43  spf 63.2  z0 0.73  garr 95.5  tG 745  e2 0.08  nF 4.4  pS 0.33  ptS 0.33  fLog 0.62  pdΔ -0.1654  pkR 5.55  clip 0.05  kl +0.001
upd  147  steps  303104  sps 1230  opp symm  loss -0.049  pg -0.0200  v 0.006  ev +0.94  adv_std 0.111  tR +0.33  ent[s/d/p/e] 1.81/2.05/1.34/0.56  emits 0.43  spf 64.2  z0 0.72  garr 99.2  tG 735  e2 0.09  nF 4.3  pS 0.33  ptS 0.33  fLog 0.62  pdΔ -0.1705  pkR 4.95  clip 0.07  kl +0.000
upd  148  steps  305152  sps 1235  opp symm  loss -0.024  pg +0.0062  v 0.005  ev +0.94  adv_std 0.097  tR -0.43  ent[s/d/p/e] 1.88/2.08/1.25/0.59  emits 0.52  spf 61.8  z0 0.68  garr 82.4  tG 635  e2 0.11  nF 4.8  pS 0.34  ptS 0.34  fLog 0.62  pdΔ -0.1587  pkR 4.37  clip 0.07  kl +0.002
upd  149  steps  307200  sps 1240  opp symm  loss -0.054  pg -0.0223  v 0.003  ev +0.95  adv_std 0.078  tR +0.60  ent[s/d/p/e] 1.85/2.03/1.23/0.61  emits 0.64  spf 49.7  z0 0.64  garr 66.8  tG 516  e2 0.14  nF 5.9  pS 0.34  ptS 0.34  fLog 0.59  pdΔ -0.1558  pkR 5.32  clip 0.12  kl +0.007
upd  150  steps  309248  sps 1245  opp symm  loss +0.014  pg +0.0430  v 0.005  ev +0.92  adv_std 0.103  tR +0.50  ent[s/d/p/e] 1.79/1.89/1.25/0.59  emits 0.57  spf 48.7  z0 0.67  garr 63.0  tG 499  e2 0.12  nF 6.2  pS 0.34  ptS 0.33  fLog 0.58  pdΔ -0.1572  pkR 4.98  clip 0.10  kl +0.002
upd  151  steps  311296  sps 1250  opp symm  loss -0.016  pg +0.0146  v 0.004  ev +0.95  adv_std 0.083  tR -1.00  ent[s/d/p/e] 1.87/1.89/1.26/0.60  emits 0.65  spf 46.5  z0 0.64  garr 61.8  tG 528  e2 0.14  nF 6.7  pS 0.37  ptS 0.36  fLog 0.58  pdΔ -0.1302  pkR 4.06  clip 0.08  kl +0.002
upd  152  steps  313344  sps 1255  opp symm  loss +0.035  pg +0.0665  v 0.004  ev +0.95  adv_std 0.085  tR +1.00  ent[s/d/p/e] 2.04/2.01/1.25/0.59  emits 0.61  spf 51.8  z0 0.66  garr 65.4  tG 581  e2 0.13  nF 7.2  pS 0.39  ptS 0.38  fLog 0.60  pdΔ -0.1088  pkR 3.80  clip 0.08  kl +0.003
upd  153  steps  315392  sps 1260  opp symm  loss +0.012  pg +0.0408  v 0.008  ev +0.91  adv_std 0.120  tR +0.50  ent[s/d/p/e] 1.98/2.05/1.26/0.57  emits 0.54  spf 56.6  z0 0.68  garr 71.1  tG 675  e2 0.12  nF 5.9  pS 0.39  ptS 0.38  fLog 0.61  pdΔ -0.1070  pkR 5.47  clip 0.06  kl -0.000
upd  154  steps  317440  sps 1265  opp symm  loss -0.021  pg +0.0086  v 0.005  ev +0.95  adv_std 0.096  tR +0.20  ent[s/d/p/e] 1.98/2.07/1.21/0.54  emits 0.48  spf 60.7  z0 0.71  garr 75.4  tG 743  e2 0.10  nF 4.8  pS 0.37  ptS 0.37  fLog 0.62  pdΔ -0.1294  pkR 8.49  clip 0.06  kl +0.001
upd  155  steps  319488  sps 1269  opp symm  loss -0.049  pg -0.0213  v 0.006  ev +0.93  adv_std 0.112  tR -0.20  ent[s/d/p/e] 1.77/1.93/1.20/0.54  emits 0.42  spf 56.2  z0 0.74  garr 68.6  tG 590  e2 0.08  nF 4.2  pS 0.32  ptS 0.31  fLog 0.60  pdΔ -0.1848  pkR 4.83  clip 0.07  kl +0.003
upd  156  steps  321536  sps 1274  opp symm  loss -0.038  pg -0.0095  v 0.005  ev +0.94  adv_std 0.096  tR -1.00  ent[s/d/p/e] 1.70/1.90/1.21/0.56  emits 0.50  spf 54.0  z0 0.69  garr 63.8  tG 541  e2 0.10  nF 4.7  pS 0.32  ptS 0.31  fLog 0.59  pdΔ -0.1819  pkR 6.24  clip 0.09  kl +0.002
upd  157  steps  323584  sps 1279  opp symm  loss +0.024  pg +0.0556  v 0.003  ev +0.96  adv_std 0.075  tR -1.00  ent[s/d/p/e] 1.86/2.14/1.24/0.60  emits 0.59  spf 55.0  z0 0.67  garr 65.6  tG 557  e2 0.13  nF 5.9  pS 0.35  ptS 0.34  fLog 0.60  pdΔ -0.1508  pkR 6.38  clip 0.13  kl +0.006
upd  158  steps  325632  sps 1284  opp symm  loss +0.003  pg +0.0340  v 0.004  ev +0.94  adv_std 0.093  tR -0.14  ent[s/d/p/e] 2.03/2.26/1.23/0.56  emits 0.66  spf 56.9  z0 0.67  garr 63.9  tG 533  e2 0.14  nF 6.7  pS 0.37  ptS 0.35  fLog 0.61  pdΔ -0.1330  pkR 4.60  clip 0.10  kl +0.000
upd  159  steps  327680  sps 1289  opp symm  loss -0.030  pg +0.0007  v 0.005  ev +0.92  adv_std 0.098  tR +0.60  ent[s/d/p/e] 1.97/2.21/1.24/0.56  emits 0.63  spf 49.8  z0 0.65  garr 61.0  tG 520  e2 0.14  nF 6.4  pS 0.37  ptS 0.36  fLog 0.59  pdΔ -0.1324  pkR 7.10  clip 0.05  kl +0.000
upd  160  steps  329728  sps 1293  opp symm  loss -0.025  pg +0.0040  v 0.006  ev +0.88  adv_std 0.111  tR +0.50  ent[s/d/p/e] 1.81/2.14/1.24/0.57  emits 0.58  spf 51.0  z0 0.68  garr 59.3  tG 502  e2 0.12  nF 5.8  pS 0.33  ptS 0.32  fLog 0.59  pdΔ -0.1730  pkR 8.74  clip 0.07  kl +0.000
upd  161  steps  331776  sps 1298  opp symm  loss -0.095  pg -0.0640  v 0.004  ev +0.94  adv_std 0.083  tR -0.33  ent[s/d/p/e] 1.84/2.10/1.30/0.57  emits 0.61  spf 44.4  z0 0.68  garr 58.0  tG 451  e2 0.13  nF 6.0  pS 0.31  ptS 0.31  fLog 0.57  pdΔ -0.1877  pkR 6.63  clip 0.08  kl +0.003
upd  162  steps  333824  sps 1303  opp symm  loss -0.074  pg -0.0446  v 0.005  ev +0.91  adv_std 0.103  tR +0.71  ent[s/d/p/e] 1.70/2.08/1.31/0.58  emits 0.56  spf 47.9  z0 0.67  garr 57.7  tG 449  e2 0.12  nF 6.2  pS 0.30  ptS 0.30  fLog 0.58  pdΔ -0.1957  pkR 7.45  clip 0.07  kl +0.003
upd  163  steps  335872  sps 1308  opp symm  loss -0.065  pg -0.0351  v 0.004  ev +0.93  adv_std 0.090  tR +0.00  ent[s/d/p/e] 1.62/1.99/1.36/0.57  emits 0.50  spf 49.1  z0 0.69  garr 56.5  tG 437  e2 0.10  nF 5.3  pS 0.29  ptS 0.29  fLog 0.58  pdΔ -0.2082  pkR 5.99  clip 0.07  kl +0.002
upd  164  steps  337920  sps 1312  opp symm  loss -0.052  pg -0.0209  v 0.003  ev +0.95  adv_std 0.077  tR +1.00  ent[s/d/p/e] 1.67/2.01/1.37/0.57  emits 0.53  spf 50.2  z0 0.69  garr 59.5  tG 464  e2 0.11  nF 5.1  pS 0.31  ptS 0.31  fLog 0.60  pdΔ -0.1919  pkR 5.73  clip 0.07  kl +0.000
upd  165  steps  339968  sps 1317  opp symm  loss -0.028  pg +0.0003  v 0.005  ev +0.93  adv_std 0.098  tR +0.75  ent[s/d/p/e] 1.52/1.92/1.39/0.55  emits 0.45  spf 48.5  z0 0.70  garr 56.1  tG 435  e2 0.09  nF 4.4  pS 0.29  ptS 0.29  fLog 0.59  pdΔ -0.2110  pkR 7.05  clip 0.07  kl +0.000
upd  166  steps  342016  sps 1322  opp symm  loss -0.011  pg +0.0168  v 0.005  ev +0.92  adv_std 0.101  tR +0.33  ent[s/d/p/e] 1.38/1.82/1.39/0.54  emits 0.43  spf 48.9  z0 0.71  garr 58.4  tG 439  e2 0.09  nF 4.2  pS 0.28  ptS 0.28  fLog 0.58  pdΔ -0.2216  pkR 7.48  clip 0.07  kl +0.003
upd  167  steps  344064  sps 1326  opp symm  loss -0.035  pg -0.0055  v 0.004  ev +0.94  adv_std 0.094  tR -0.33  ent[s/d/p/e] 1.60/1.87/1.39/0.56  emits 0.50  spf 49.5  z0 0.68  garr 60.9  tG 472  e2 0.10  nF 4.8  pS 0.31  ptS 0.30  fLog 0.58  pdΔ -0.1934  pkR 4.00  clip 0.09  kl +0.001
upd  168  steps  346112  sps 1331  opp symm  loss -0.017  pg +0.0132  v 0.004  ev +0.96  adv_std 0.086  tR -0.33  ent[s/d/p/e] 1.76/2.00/1.41/0.55  emits 0.50  spf 47.6  z0 0.71  garr 69.2  tG 535  e2 0.11  nF 5.1  pS 0.33  ptS 0.32  fLog 0.59  pdΔ -0.1688  pkR 4.23  clip 0.07  kl +0.001
upd  169  steps  348160  sps 1335  opp symm  loss +0.007  pg +0.0366  v 0.006  ev +0.95  adv_std 0.112  tR +0.60  ent[s/d/p/e] 1.90/2.03/1.36/0.54  emits 0.54  spf 49.3  z0 0.71  garr 76.6  tG 628  e2 0.11  nF 5.5  pS 0.36  ptS 0.34  fLog 0.59  pdΔ -0.1437  pkR 4.16  clip 0.06  kl +0.003
upd  170  steps  350208  sps 1340  opp symm  loss -0.044  pg -0.0165  v 0.008  ev +0.94  adv_std 0.122  tR -0.33  ent[s/d/p/e] 1.86/2.11/1.36/0.51  emits 0.52  spf 53.4  z0 0.72  garr 78.9  tG 659  e2 0.10  nF 5.5  pS 0.35  ptS 0.34  fLog 0.59  pdΔ -0.1463  pkR 5.56  clip 0.08  kl -0.001
upd  171  steps  352256  sps 1344  opp symm  loss -0.060  pg -0.0294  v 0.004  ev +0.96  adv_std 0.086  tR +0.56  ent[s/d/p/e] 1.84/2.22/1.35/0.52  emits 0.54  spf 51.0  z0 0.72  garr 80.8  tG 613  e2 0.10  nF 5.4  pS 0.32  ptS 0.31  fLog 0.59  pdΔ -0.1836  pkR 5.78  clip 0.07  kl +0.004
upd  172  steps  354304  sps 1349  opp symm  loss +0.025  pg +0.0544  v 0.004  ev +0.95  adv_std 0.091  tR +0.00  ent[s/d/p/e] 1.70/2.06/1.34/0.53  emits 0.58  spf 50.0  z0 0.68  garr 88.2  tG 668  e2 0.12  nF 6.0  pS 0.33  ptS 0.32  fLog 0.58  pdΔ -0.1657  pkR 5.05  clip 0.14  kl +0.004
upd  173  steps  356352  sps 1353  opp symm  loss -0.055  pg -0.0282  v 0.008  ev +0.92  adv_std 0.125  tR +0.71  ent[s/d/p/e] 1.69/2.04/1.35/0.51  emits 0.63  spf 48.5  z0 0.69  garr 92.6  tG 714  e2 0.13  nF 6.1  pS 0.36  ptS 0.35  fLog 0.58  pdΔ -0.1411  pkR 4.54  clip 0.10  kl +0.005
upd  174  steps  358400  sps 1358  opp symm  loss -0.077  pg -0.0499  v 0.006  ev +0.92  adv_std 0.112  tR +0.50  ent[s/d/p/e] 1.53/1.93/1.39/0.51  emits 0.51  spf 43.6  z0 0.71  garr 94.0  tG 707  e2 0.10  nF 5.1  pS 0.32  ptS 0.31  fLog 0.56  pdΔ -0.1843  pkR 5.67  clip 0.04  kl +0.001
upd  175  steps  360448  sps 1362  opp symm  loss -0.018  pg +0.0092  v 0.007  ev +0.93  adv_std 0.115  tR +0.33  ent[s/d/p/e] 1.56/1.91/1.39/0.53  emits 0.58  spf 43.9  z0 0.70  garr 99.9  tG 730  e2 0.12  nF 5.7  pS 0.32  ptS 0.31  fLog 0.56  pdΔ -0.1847  pkR 5.82  clip 0.10  kl +0.006
upd  176  steps  362496  sps 1366  opp symm  loss -0.017  pg +0.0100  v 0.006  ev +0.94  adv_std 0.111  tR -0.14  ent[s/d/p/e] 1.55/1.88/1.41/0.50  emits 0.56  spf 44.2  z0 0.70  garr 107.0  tG 814  e2 0.13  nF 5.7  pS 0.32  ptS 0.32  fLog 0.56  pdΔ -0.1762  pkR 5.94  clip 0.10  kl +0.004
upd  177  steps  364544  sps 1371  opp symm  loss -0.047  pg -0.0204  v 0.007  ev +0.94  adv_std 0.117  tR +0.14  ent[s/d/p/e] 1.66/1.92/1.38/0.51  emits 0.62  spf 43.3  z0 0.68  garr 98.0  tG 726  e2 0.13  nF 6.3  pS 0.31  ptS 0.30  fLog 0.56  pdΔ -0.1907  pkR 7.27  clip 0.17  kl +0.009
upd  178  steps  366592  sps 1375  opp symm  loss -0.053  pg -0.0242  v 0.004  ev +0.96  adv_std 0.091  tR +0.25  ent[s/d/p/e] 1.70/1.92/1.38/0.51  emits 0.58  spf 44.6  z0 0.70  garr 83.6  tG 598  e2 0.12  nF 6.4  pS 0.30  ptS 0.29  fLog 0.56  pdΔ -0.1975  pkR 7.14  clip 0.11  kl +0.006
upd  179  steps  368640  sps 1380  opp symm  loss -0.045  pg -0.0177  v 0.005  ev +0.96  adv_std 0.097  tR +0.00  ent[s/d/p/e] 1.64/1.87/1.40/0.50  emits 0.46  spf 48.5  z0 0.74  garr 81.6  tG 553  e2 0.10  nF 5.8  pS 0.29  ptS 0.28  fLog 0.58  pdΔ -0.2080  pkR 6.64  clip 0.05  kl +0.000
upd  180  steps  370688  sps 1384  opp symm  loss -0.040  pg -0.0126  v 0.004  ev +0.97  adv_std 0.088  tR +0.00  ent[s/d/p/e] 1.49/1.84/1.40/0.50  emits 0.39  spf 50.8  z0 0.76  garr 84.9  tG 562  e2 0.08  nF 4.2  pS 0.27  ptS 0.26  fLog 0.59  pdΔ -0.2304  pkR 7.51  clip 0.06  kl +0.002
upd  181  steps  372736  sps 1388  opp symm  loss +0.023  pg +0.0485  v 0.009  ev +0.93  adv_std 0.135  tR -0.67  ent[s/d/p/e] 1.49/1.82/1.43/0.53  emits 0.40  spf 51.4  z0 0.74  garr 80.9  tG 599  e2 0.08  nF 4.4  pS 0.29  ptS 0.29  fLog 0.59  pdΔ -0.2064  pkR 7.37  clip 0.05  kl +0.001
upd  182  steps  374784  sps 1392  opp symm  loss +0.008  pg +0.0357  v 0.004  ev +0.96  adv_std 0.092  tR +1.00  ent[s/d/p/e] 1.43/1.90/1.41/0.53  emits 0.34  spf 54.6  z0 0.77  garr 85.3  tG 671  e2 0.06  nF 3.6  pS 0.30  ptS 0.29  fLog 0.60  pdΔ -0.1967  pkR 7.57  clip 0.05  kl +0.002
upd  183  steps  376832  sps 1397  opp symm  loss -0.018  pg +0.0102  v 0.006  ev +0.94  adv_std 0.112  tR -0.50  ent[s/d/p/e] 1.58/1.92/1.51/0.53  emits 0.43  spf 66.7  z0 0.73  garr 98.7  tG 799  e2 0.08  nF 3.5  pS 0.33  ptS 0.32  fLog 0.63  pdΔ -0.1674  pkR 6.99  clip 0.06  kl +0.002
upd  184  steps  378880  sps 1401  opp symm  loss -0.019  pg +0.0103  v 0.007  ev +0.93  adv_std 0.115  tR +0.50  ent[s/d/p/e] 1.67/2.02/1.54/0.53  emits 0.40  spf 68.0  z0 0.74  garr 113.5  tG 950  e2 0.08  nF 4.0  pS 0.36  ptS 0.34  fLog 0.63  pdΔ -0.1435  pkR 6.99  clip 0.09  kl -0.001
upd  185  steps  380928  sps 1405  opp symm  loss -0.003  pg +0.0277  v 0.005  ev +0.95  adv_std 0.098  tR +0.60  ent[s/d/p/e] 1.75/1.96/1.54/0.55  emits 0.45  spf 76.9  z0 0.72  garr 122.8  tG 1029  e2 0.10  nF 4.1  pS 0.37  ptS 0.35  fLog 0.63  pdΔ -0.1336  pkR 6.69  clip 0.14  kl +0.003