
=== [2026-06-11T06:31:00Z] v14f_binary_v1_a_p0i0_ORBITWARS_SHAPING_ANTI_HOARD_0.035_e2928f3258 phase=a kind=probe chunk=500 env={"ORBITWARS_SHAPING_ANTI_HOARD": 0.035, "ORBITWARS_SHAPING_CAPTURE": 0.06, "ORBITWARS_SHAPING_RELEASE": 0.0075, "ORBITWARS_SHAPING_RELEASE_K": 15.0, "ORBITWARS_SHAPING_PROD_SHARE_DELTA": 0.015, "ORBITWARS_SHAPING_ONE_SHIP_PENALTY": 0.015} ppo={"ent_coef_emit": 0.0225, "lr_peak": 4.5e-05} ===
[reward] kaggle-aligned: terminal +1 win/+1 tie>0/-1 loss/-1 double-wipeout; is_terminal at step >= episode_steps-2; SHAPING_SCALE=0.0; v1: KEEP_HOME=0.0 FLEET_SIZE=0.0/norm20.0; v2 (expert-replay calibrated): PROD_SHARE=0.0 PLANET_SHARE=0.0 FLEET_LOG=0.0/ref500.0/floor0.3; v3 (top10-2630ep calibrated): PROD_SHARE_DELTA=0.015 EMIT_LOG=0.0 EMIT_GATED=0.0 RELEASE=0.0075/K15.0 CAPTURE=0.06; ANTI_HOARD=0.035/thresh0.6; episode_steps=500 (kaggle=500, mismatch=False)
[symmetric] Frog Parade style: same params drive BOTH players, no frozen/strong/buffer opponents, zero_sum_value=True
upd    0  steps    2048  sps 38  opp symm  loss +0.046  pg +0.0651  v 0.002  ev -0.04  adv_std 0.060  tR +0.00  ent[s/d/p/e] 0.28/1.32/1.21/0.35  emits 0.29  spf 16.7  z0 0.77  garr 17.1  tG 23  e2 0.05  nF 1.8  pS 0.07  ptS 0.06  fLog 0.43  pdΔ -0.4347  pkR 6.06  clip 0.10  kl +0.002
upd    1  steps    4096  sps 75  opp symm  loss +0.002  pg +0.0265  v 0.002  ev +0.51  adv_std 0.057  tR +0.00  ent[s/d/p/e] 0.79/1.48/1.15/0.51  emits 0.44  spf 22.2  z0 0.70  garr 24.4  tG 68  e2 0.10  nF 4.4  pS 0.12  ptS 0.12  fLog 0.45  pdΔ -0.3790  pkR 5.47  clip 0.12  kl +0.004
upd    2  steps    6144  sps 111  opp symm  loss +0.008  pg +0.0344  v 0.004  ev +0.55  adv_std 0.095  tR +1.00  ent[s/d/p/e] 1.08/1.70/1.17/0.58  emits 0.54  spf 26.8  z0 0.65  garr 33.7  tG 152  e2 0.12  nF 5.6  pS 0.18  ptS 0.17  fLog 0.46  pdΔ -0.3182  pkR 5.91  clip 0.27  kl +0.003
upd    3  steps    8192  sps 146  opp symm  loss -0.017  pg +0.0106  v 0.002  ev +0.71  adv_std 0.060  tR +1.00  ent[s/d/p/e] 1.26/1.91/1.19/0.55  emits 0.43  spf 36.2  z0 0.70  garr 48.6  tG 288  e2 0.08  nF 5.4  pS 0.23  ptS 0.22  fLog 0.49  pdΔ -0.2733  pkR 5.44  clip 0.11  kl +0.003
upd    4  steps   10240  sps 180  opp symm  loss -0.047  pg -0.0180  v 0.002  ev +0.69  adv_std 0.071  tR +1.00  ent[s/d/p/e] 1.46/1.96/1.15/0.60  emits 0.53  spf 48.0  z0 0.66  garr 60.4  tG 405  e2 0.12  nF 5.7  pS 0.26  ptS 0.25  fLog 0.52  pdΔ -0.2442  pkR 5.53  clip 0.09  kl +0.006
upd    5  steps   12288  sps 214  opp symm  loss -0.030  pg +0.0002  v 0.001  ev +0.74  adv_std 0.057  tR +0.00  ent[s/d/p/e] 1.57/2.03/1.09/0.58  emits 0.51  spf 50.9  z0 0.68  garr 64.9  tG 483  e2 0.11  nF 5.7  pS 0.28  ptS 0.28  fLog 0.54  pdΔ -0.2171  pkR 5.10  clip 0.28  kl +0.015
upd    6  steps   14336  sps 247  opp symm  loss -0.055  pg -0.0235  v 0.002  ev +0.74  adv_std 0.058  tR +0.00  ent[s/d/p/e] 1.68/2.15/1.10/0.62  emits 0.69  spf 56.3  z0 0.60  garr 66.0  tG 527  e2 0.16  nF 6.8  pS 0.30  ptS 0.30  fLog 0.55  pdΔ -0.1979  pkR 7.28  clip 0.20  kl +0.004
upd    7  steps   16384  sps 279  opp symm  loss -0.051  pg -0.0196  v 0.002  ev +0.78  adv_std 0.061  tR -1.00  ent[s/d/p/e] 1.75/2.15/1.05/0.62  emits 0.67  spf 59.9  z0 0.62  garr 64.0  tG 546  e2 0.16  nF 7.7  pS 0.32  ptS 0.32  fLog 0.55  pdΔ -0.1778  pkR 6.21  clip 0.30  kl +0.011
upd    8  steps   18432  sps 310  opp symm  loss -0.027  pg +0.0047  v 0.002  ev +0.79  adv_std 0.072  tR +1.00  ent[s/d/p/e] 1.85/2.18/1.10/0.62  emits 0.84  spf 55.5  z0 0.56  garr 60.6  tG 548  e2 0.20  nF 8.8  pS 0.34  ptS 0.34  fLog 0.54  pdΔ -0.1570  pkR 6.78  clip 0.29  kl +0.008
upd    9  steps   20480  sps 341  opp symm  loss -0.113  pg -0.0831  v 0.005  ev +0.72  adv_std 0.108  tR -0.20  ent[s/d/p/e] 1.93/2.24/1.04/0.62  emits 1.02  spf 48.4  z0 0.52  garr 49.2  tG 443  e2 0.24  nF 10.4  pS 0.34  ptS 0.34  fLog 0.52  pdΔ -0.1620  pkR 5.38  clip 0.33  kl +0.014
upd   10  steps   22528  sps 371  opp symm  loss -0.077  pg -0.0469  v 0.003  ev +0.80  adv_std 0.071  tR -1.00  ent[s/d/p/e] 1.88/2.22/1.02/0.61  emits 1.27  spf 40.3  z0 0.48  garr 41.6  tG 362  e2 0.31  nF 12.6  pS 0.34  ptS 0.34  fLog 0.51  pdΔ -0.1579  pkR 5.22  clip 0.23  kl +0.007
upd   11  steps   24576  sps 401  opp symm  loss +0.021  pg +0.0519  v 0.002  ev +0.85  adv_std 0.056  tR +0.00  ent[s/d/p/e] 1.94/2.25/1.00/0.61  emits 1.33  spf 34.8  z0 0.46  garr 33.7  tG 302  e2 0.30  nF 15.2  pS 0.35  ptS 0.35  fLog 0.49  pdΔ -0.1456  pkR 4.95  clip 0.29  kl +0.013
upd   12  steps   26624  sps 429  opp symm  loss -0.118  pg -0.0867  v 0.003  ev +0.82  adv_std 0.073  tR -1.00  ent[s/d/p/e] 1.97/2.27/1.01/0.63  emits 1.18  spf 34.6  z0 0.50  garr 35.2  tG 316  e2 0.28  nF 15.2  pS 0.36  ptS 0.36  fLog 0.49  pdΔ -0.1375  pkR 3.74  clip 0.26  kl +0.009
upd   13  steps   28672  sps 458  opp symm  loss -0.027  pg +0.0046  v 0.002  ev +0.83  adv_std 0.055  tR +0.00  ent[s/d/p/e] 1.98/2.29/1.06/0.63  emits 1.26  spf 36.5  z0 0.48  garr 37.0  tG 333  e2 0.29  nF 15.2  pS 0.38  ptS 0.37  fLog 0.50  pdΔ -0.1197  pkR 4.17  clip 0.28  kl +0.009
upd   14  steps   30720  sps 485  opp symm  loss -0.056  pg -0.0247  v 0.003  ev +0.87  adv_std 0.072  tR -1.00  ent[s/d/p/e] 2.04/2.32/0.99/0.60  emits 1.47  spf 35.0  z0 0.45  garr 35.9  tG 341  e2 0.34  nF 16.2  pS 0.40  ptS 0.39  fLog 0.49  pdΔ -0.0999  pkR 4.35  clip 0.27  kl +0.006
upd   15  steps   32768  sps 512  opp symm  loss -0.030  pg -0.0362  v 0.073  ev +0.45  adv_std 0.407  tR +0.04  ent[s/d/p/e] 1.96/2.29/1.05/0.52  emits 1.08  spf 34.8  z0 0.57  garr 29.3  tG 233  e2 0.24  nF 11.0  pS 0.29  ptS 0.28  fLog 0.49  pdΔ -0.2092  pkR 5.47  clip 0.25  kl +0.010
upd   16  steps   34816  sps 539  opp symm  loss -0.016  pg +0.0088  v 0.003  ev +0.83  adv_std 0.081  tR +1.00  ent[s/d/p/e] 1.34/1.82/1.16/0.46  emits 0.55  spf 26.0  z0 0.71  garr 26.5  tG 104  e2 0.11  nF 5.5  pS 0.15  ptS 0.15  fLog 0.46  pdΔ -0.3499  pkR 9.28  clip 0.17  kl +0.006
upd   17  steps   36864  sps 565  opp symm  loss -0.031  pg -0.0046  v 0.004  ev +0.81  adv_std 0.094  tR -1.00  ent[s/d/p/e] 1.27/1.86/1.21/0.53  emits 0.51  spf 33.8  z0 0.68  garr 36.0  tG 160  e2 0.11  nF 6.4  pS 0.17  ptS 0.17  fLog 0.48  pdΔ -0.3273  pkR 7.36  clip 0.12  kl +0.007
upd   18  steps   38912  sps 591  opp symm  loss +0.018  pg +0.0462  v 0.003  ev +0.89  adv_std 0.079  tR +1.00  ent[s/d/p/e] 1.47/2.03/1.12/0.57  emits 0.67  spf 34.8  z0 0.63  garr 35.9  tG 187  e2 0.14  nF 7.3  pS 0.21  ptS 0.20  fLog 0.50  pdΔ -0.2891  pkR 5.39  clip 0.19  kl +0.002
upd   19  steps   40960  sps 616  opp symm  loss -0.033  pg -0.0026  v 0.002  ev +0.93  adv_std 0.066  tR -1.00  ent[s/d/p/e] 1.64/2.13/1.11/0.58  emits 0.70  spf 37.3  z0 0.62  garr 42.6  tG 248  e2 0.16  nF 8.3  pS 0.25  ptS 0.24  fLog 0.51  pdΔ -0.2455  pkR 5.83  clip 0.14  kl +0.004
upd   20  steps   43008  sps 640  opp symm  loss -0.021  pg +0.0102  v 0.003  ev +0.93  adv_std 0.074  tR +1.00  ent[s/d/p/e] 1.74/2.22/1.18/0.59  emits 0.71  spf 43.6  z0 0.62  garr 49.5  tG 315  e2 0.16  nF 8.1  pS 0.28  ptS 0.27  fLog 0.53  pdΔ -0.2209  pkR 4.22  clip 0.45  kl +0.020
upd   21  steps   45056  sps 664  opp symm  loss -0.058  pg -0.0282  v 0.004  ev +0.92  adv_std 0.084  tR +1.00  ent[s/d/p/e] 1.71/2.14/1.06/0.62  emits 0.98  spf 38.6  z0 0.53  garr 42.9  tG 288  e2 0.23  nF 9.4  pS 0.28  ptS 0.28  fLog 0.51  pdΔ -0.2164  pkR 4.91  clip 0.20  kl +0.003
upd   22  steps   47104  sps 688  opp symm  loss -0.065  pg -0.0342  v 0.004  ev +0.94  adv_std 0.085  tR +0.00  ent[s/d/p/e] 1.83/2.24/1.10/0.62  emits 1.01  spf 39.8  z0 0.53  garr 40.3  tG 298  e2 0.24  nF 10.7  pS 0.31  ptS 0.30  fLog 0.52  pdΔ -0.1893  pkR 4.77  clip 0.25  kl +0.011
upd   23  steps   49152  sps 711  opp symm  loss -0.017  pg +0.0133  v 0.004  ev +0.96  adv_std 0.079  tR +1.00  ent[s/d/p/e] 1.84/2.18/1.01/0.60  emits 1.16  spf 33.9  z0 0.50  garr 35.0  tG 281  e2 0.28  nF 12.6  pS 0.31  ptS 0.31  fLog 0.49  pdΔ -0.1863  pkR 8.85  clip 0.15  kl +0.004
upd   24  steps   51200  sps 734  opp symm  loss -0.038  pg -0.0099  v 0.006  ev +0.92  adv_std 0.101  tR -0.60  ent[s/d/p/e] 1.74/2.13/1.01/0.60  emits 1.02  spf 33.8  z0 0.53  garr 37.6  tG 330  e2 0.24  nF 12.1  pS 0.30  ptS 0.30  fLog 0.49  pdΔ -0.2017  pkR 14.10  clip 0.22  kl +0.006
upd   25  steps   53248  sps 756  opp symm  loss -0.020  pg +0.0081  v 0.006  ev +0.92  adv_std 0.103  tR +0.33  ent[s/d/p/e] 1.66/2.05/1.07/0.59  emits 1.11  spf 29.6  z0 0.50  garr 32.4  tG 267  e2 0.26  nF 12.2  pS 0.27  ptS 0.27  fLog 0.47  pdΔ -0.2286  pkR 17.48  clip 0.21  kl +0.010
upd   26  steps   55296  sps 778  opp symm  loss -0.061  pg -0.0341  v 0.007  ev +0.93  adv_std 0.114  tR +0.00  ent[s/d/p/e] 1.74/2.12/1.01/0.58  emits 1.20  spf 28.1  z0 0.51  garr 25.1  tG 186  e2 0.27  nF 13.9  pS 0.26  ptS 0.26  fLog 0.47  pdΔ -0.2390  pkR 6.23  clip 0.18  kl +0.002
upd   27  steps   57344  sps 800  opp symm  loss +0.027  pg +0.0562  v 0.004  ev +0.97  adv_std 0.078  tR -1.00  ent[s/d/p/e] 1.88/2.23/1.04/0.57  emits 1.24  spf 27.7  z0 0.52  garr 26.6  tG 203  e2 0.28  nF 14.8  pS 0.28  ptS 0.27  fLog 0.47  pdΔ -0.2248  pkR 5.41  clip 0.28  kl +0.007
upd   28  steps   59392  sps 821  opp symm  loss +0.049  pg +0.0769  v 0.004  ev +0.96  adv_std 0.089  tR -0.67  ent[s/d/p/e] 1.83/2.20/0.99/0.55  emits 1.21  spf 28.1  z0 0.52  garr 29.1  tG 214  e2 0.27  nF 14.2  pS 0.27  ptS 0.27  fLog 0.47  pdΔ -0.2304  pkR 7.47  clip 0.26  kl +0.016
upd   29  steps   61440  sps 842  opp symm  loss +0.027  pg +0.0543  v 0.007  ev +0.94  adv_std 0.113  tR -0.50  ent[s/d/p/e] 1.82/2.18/1.05/0.55  emits 1.15  spf 27.1  z0 0.54  garr 30.7  tG 226  e2 0.26  nF 15.4  pS 0.27  ptS 0.27  fLog 0.46  pdΔ -0.2289  pkR 8.47  clip 0.22  kl +0.006
upd   30  steps   63488  sps 862  opp symm  loss +0.038  pg +0.0659  v 0.005  ev +0.96  adv_std 0.090  tR -0.67  ent[s/d/p/e] 1.82/2.18/1.03/0.56  emits 1.06  spf 25.8  z0 0.57  garr 37.7  tG 270  e2 0.24  nF 15.7  pS 0.27  ptS 0.27  fLog 0.46  pdΔ -0.2290  pkR 10.70  clip 0.26  kl +0.007
upd   31  steps   65536  sps 882  opp symm  loss -0.032  pg -0.0081  v 0.011  ev +0.75  adv_std 0.145  tR -0.26  ent[s/d/p/e] 1.51/2.03/1.11/0.51  emits 0.60  spf 33.1  z0 0.67  garr 42.3  tG 255  e2 0.13  nF 7.1  pS 0.20  ptS 0.19  fLog 0.48  pdΔ -0.3035  pkR 12.01  clip 0.09  kl +0.006
upd   32  steps   67584  sps 902  opp symm  loss +0.003  pg +0.0311  v 0.004  ev +0.87  adv_std 0.090  tR -1.00  ent[s/d/p/e] 1.47/2.05/1.20/0.56  emits 0.54  spf 38.2  z0 0.68  garr 49.1  tG 287  e2 0.12  nF 6.8  pS 0.22  ptS 0.21  fLog 0.50  pdΔ -0.2838  pkR 8.70  clip 0.15  kl +0.004
upd   33  steps   69632  sps 921  opp symm  loss +0.014  pg +0.0438  v 0.003  ev +0.93  adv_std 0.084  tR -1.00  ent[s/d/p/e] 1.64/2.18/1.20/0.57  emits 0.69  spf 40.9  z0 0.63  garr 53.2  tG 333  e2 0.15  nF 8.0  pS 0.25  ptS 0.24  fLog 0.51  pdΔ -0.2485  pkR 7.54  clip 0.20  kl +0.008
upd   34  steps   71680  sps 940  opp symm  loss -0.046  pg -0.0155  v 0.005  ev +0.94  adv_std 0.102  tR +1.00  ent[s/d/p/e] 1.86/2.25/1.19/0.59  emits 0.96  spf 35.6  z0 0.56  garr 50.4  tG 356  e2 0.21  nF 10.6  pS 0.30  ptS 0.29  fLog 0.50  pdΔ -0.2035  pkR 6.75  clip 0.17  kl +0.006
upd   35  steps   73728  sps 959  opp symm  loss -0.002  pg +0.0273  v 0.006  ev +0.95  adv_std 0.107  tR -0.33  ent[s/d/p/e] 1.95/2.28/1.07/0.57  emits 1.03  spf 32.5  z0 0.57  garr 49.6  tG 394  e2 0.23  nF 13.0  pS 0.33  ptS 0.32  fLog 0.49  pdΔ -0.1707  pkR 11.61  clip 0.16  kl +0.005
upd   36  steps   75776  sps 977  opp symm  loss -0.026  pg +0.0034  v 0.006  ev +0.95  adv_std 0.104  tR +1.00  ent[s/d/p/e] 1.92/2.27/1.09/0.57  emits 1.00  spf 31.9  z0 0.58  garr 52.7  tG 410  e2 0.20  nF 13.1  pS 0.33  ptS 0.32  fLog 0.49  pdΔ -0.1664  pkR 8.10  clip 0.18  kl +0.002
upd   37  steps   77824  sps 996  opp symm  loss +0.053  pg +0.0828  v 0.005  ev +0.96  adv_std 0.094  tR +1.00  ent[s/d/p/e] 1.99/2.30/1.06/0.56  emits 1.03  spf 33.1  z0 0.58  garr 61.2  tG 479  e2 0.22  nF 12.8  pS 0.33  ptS 0.32  fLog 0.48  pdΔ -0.1722  pkR 7.91  clip 0.14  kl +0.004
upd   38  steps   79872  sps 1013  opp symm  loss +0.022  pg +0.0535  v 0.004  ev +0.97  adv_std 0.084  tR -1.00  ent[s/d/p/e] 2.00/2.34/1.16/0.58  emits 1.05  spf 33.2  z0 0.56  garr 66.7  tG 524  e2 0.22  nF 14.9  pS 0.34  ptS 0.32  fLog 0.49  pdΔ -0.1625  pkR 8.06  clip 0.15  kl +0.003
upd   39  steps   81920  sps 1031  opp symm  loss +0.021  pg +0.0505  v 0.006  ev +0.94  adv_std 0.105  tR -1.00  ent[s/d/p/e] 2.07/2.37/1.10/0.57  emits 1.07  spf 36.6  z0 0.57  garr 65.9  tG 522  e2 0.23  nF 14.5  pS 0.35  ptS 0.33  fLog 0.49  pdΔ -0.1531  pkR 6.88  clip 0.13  kl +0.004
upd   40  steps   83968  sps 1048  opp symm  loss -0.064  pg -0.0345  v 0.009  ev +0.90  adv_std 0.134  tR -0.40  ent[s/d/p/e] 2.16/2.44/1.14/0.58  emits 0.99  spf 44.3  z0 0.60  garr 61.3  tG 481  e2 0.21  nF 13.0  pS 0.35  ptS 0.33  fLog 0.52  pdΔ -0.1519  pkR 7.13  clip 0.23  kl +0.004
upd   41  steps   86016  sps 1065  opp symm  loss -0.020  pg +0.0119  v 0.003  ev +0.95  adv_std 0.083  tR +0.00  ent[s/d/p/e] 2.18/2.47/1.13/0.59  emits 1.10  spf 39.9  z0 0.56  garr 51.9  tG 380  e2 0.24  nF 12.8  pS 0.35  ptS 0.34  fLog 0.52  pdΔ -0.1485  pkR 7.87  clip 0.15  kl +0.004
upd   42  steps   88064  sps 1082  opp symm  loss +0.017  pg +0.0487  v 0.004  ev +0.94  adv_std 0.090  tR +0.00  ent[s/d/p/e] 2.15/2.47/1.14/0.58  emits 1.07  spf 39.4  z0 0.57  garr 48.8  tG 370  e2 0.23  nF 12.4  pS 0.36  ptS 0.36  fLog 0.53  pdΔ -0.1363  pkR 5.27  clip 0.17  kl +0.002
upd   43  steps   90112  sps 1098  opp symm  loss -0.020  pg +0.0120  v 0.004  ev +0.94  adv_std 0.086  tR +0.60  ent[s/d/p/e] 2.12/2.42/1.13/0.60  emits 1.08  spf 38.8  z0 0.55  garr 46.8  tG 367  e2 0.24  nF 11.1  pS 0.36  ptS 0.35  fLog 0.52  pdΔ -0.1411  pkR 4.74  clip 0.19  kl +0.001
upd   44  steps   92160  sps 1114  opp symm  loss -0.038  pg -0.0066  v 0.005  ev +0.93  adv_std 0.096  tR -0.20  ent[s/d/p/e] 2.12/2.42/1.15/0.59  emits 1.09  spf 36.6  z0 0.54  garr 44.5  tG 360  e2 0.24  nF 11.5  pS 0.36  ptS 0.35  fLog 0.52  pdΔ -0.1429  pkR 3.76  clip 0.19  kl +0.005
upd   45  steps   94208  sps 1130  opp symm  loss -0.015  pg +0.0148  v 0.009  ev +0.84  adv_std 0.136  tR +1.00  ent[s/d/p/e] 2.07/2.40/1.16/0.60  emits 1.01  spf 36.5  z0 0.56  garr 46.1  tG 387  e2 0.22  nF 11.2  pS 0.35  ptS 0.35  fLog 0.52  pdΔ -0.1463  pkR 8.17  clip 0.19  kl +0.008
upd   46  steps   96256  sps 1146  opp symm  loss -0.018  pg +0.0030  v 0.025  ev +0.69  adv_std 0.227  tR +0.13  ent[s/d/p/e] 2.00/2.36/1.13/0.58  emits 0.97  spf 37.2  z0 0.58  garr 41.0  tG 314  e2 0.22  nF 9.9  pS 0.31  ptS 0.30  fLog 0.52  pdΔ -0.1928  pkR 11.44  clip 0.16  kl +0.009
upd   47  steps   98304  sps 1161  opp symm  loss +0.006  pg +0.0355  v 0.005  ev +0.82  adv_std 0.099  tR +0.00  ent[s/d/p/e] 1.86/2.32/1.17/0.55  emits 0.59  spf 38.9  z0 0.66  garr 43.2  tG 292  e2 0.12  nF 7.3  pS 0.27  ptS 0.26  fLog 0.53  pdΔ -0.2294  pkR 5.64  clip 0.16  kl +0.007
upd   48  steps  100352  sps 1176  opp symm  loss -0.047  pg -0.0169  v 0.006  ev +0.83  adv_std 0.107  tR +1.00  ent[s/d/p/e] 1.98/2.38/1.13/0.59  emits 0.82  spf 41.7  z0 0.61  garr 47.1  tG 316  e2 0.18  nF 8.2  pS 0.31  ptS 0.29  fLog 0.54  pdΔ -0.1945  pkR 4.73  clip 0.13  kl +0.008
upd   49  steps  102400  sps 1191  opp symm  loss +0.012  pg +0.0432  v 0.003  ev +0.92  adv_std 0.083  tR +0.00  ent[s/d/p/e] 2.03/2.36/1.10/0.59  emits 1.13  spf 37.2  z0 0.54  garr 41.6  tG 302  e2 0.25  nF 11.5  pS 0.34  ptS 0.33  fLog 0.52  pdΔ -0.1606  pkR 4.59  clip 0.25  kl +0.011
upd   50  steps  104448  sps 1206  opp symm  loss -0.025  pg +0.0054  v 0.006  ev +0.87  adv_std 0.112  tR +0.60  ent[s/d/p/e] 2.12/2.39/1.08/0.58  emits 1.34  spf 31.5  z0 0.51  garr 35.4  tG 276  e2 0.29  nF 14.6  pS 0.37  ptS 0.35  fLog 0.50  pdΔ -0.1336  pkR 5.45  clip 0.17  kl +0.003
upd   51  steps  106496  sps 1221  opp symm  loss -0.047  pg -0.0154  v 0.003  ev +0.92  adv_std 0.081  tR -0.50  ent[s/d/p/e] 2.12/2.40/1.09/0.58  emits 1.31  spf 32.6  z0 0.51  garr 36.8  tG 290  e2 0.29  nF 14.7  pS 0.37  ptS 0.36  fLog 0.51  pdΔ -0.1284  pkR 3.82  clip 0.22  kl +0.007
upd   52  steps  108544  sps 1235  opp symm  loss -0.030  pg -0.0003  v 0.006  ev +0.86  adv_std 0.110  tR -0.33  ent[s/d/p/e] 2.15/2.43/1.11/0.57  emits 1.36  spf 32.7  z0 0.50  garr 36.4  tG 308  e2 0.30  nF 15.6  pS 0.39  ptS 0.38  fLog 0.51  pdΔ -0.1148  pkR 6.10  clip 0.26  kl +0.004
upd   53  steps  110592  sps 1249  opp symm  loss -0.019  pg +0.0112  v 0.006  ev +0.87  adv_std 0.106  tR +1.00  ent[s/d/p/e] 2.21/2.45/1.08/0.56  emits 1.50  spf 32.1  z0 0.49  garr 38.3  tG 343  e2 0.30  nF 16.2  pS 0.41  ptS 0.40  fLog 0.51  pdΔ -0.0945  pkR 9.41  clip 0.31  kl +0.008
upd   54  steps  112640  sps 1263  opp symm  loss -0.003  pg +0.0257  v 0.007  ev +0.82  adv_std 0.117  tR +0.60  ent[s/d/p/e] 2.21/2.43/1.05/0.54  emits 1.73  spf 29.5  z0 0.46  garr 35.1  tG 312  e2 0.35  nF 18.7  pS 0.41  ptS 0.40  fLog 0.48  pdΔ -0.0932  pkR 7.46  clip 0.28  kl +0.005
upd   55  steps  114688  sps 1277  opp symm  loss +0.028  pg +0.0563  v 0.006  ev +0.86  adv_std 0.105  tR +0.60  ent[s/d/p/e] 2.18/2.42/1.04/0.51  emits 1.79  spf 25.6  z0 0.47  garr 31.0  tG 257  e2 0.34  nF 20.2  pS 0.38  ptS 0.38  fLog 0.47  pdΔ -0.1217  pkR 10.56  clip 0.21  kl +0.008
upd   56  steps  116736  sps 1290  opp symm  loss +0.000  pg +0.0283  v 0.007  ev +0.84  adv_std 0.123  tR +0.25  ent[s/d/p/e] 2.19/2.43/1.11/0.50  emits 1.65  spf 24.5  z0 0.50  garr 28.3  tG 207  e2 0.32  nF 19.5  pS 0.35  ptS 0.35  fLog 0.47  pdΔ -0.1512  pkR 5.34  clip 0.17  kl +0.003
upd   57  steps  118784  sps 1303  opp symm  loss -0.008  pg +0.0207  v 0.007  ev +0.87  adv_std 0.109  tR -0.33  ent[s/d/p/e] 2.17/2.41/1.11/0.51  emits 1.23  spf 25.4  z0 0.58  garr 33.1  tG 278  e2 0.25  nF 16.1  pS 0.36  ptS 0.35  fLog 0.47  pdΔ -0.1443  pkR 13.12  clip 0.12  kl +0.003
upd   58  steps  120832  sps 1316  opp symm  loss -0.018  pg +0.0108  v 0.006  ev +0.89  adv_std 0.104  tR +0.50  ent[s/d/p/e] 2.07/2.34/1.10/0.53  emits 1.22  spf 25.9  z0 0.56  garr 31.6  tG 249  e2 0.25  nF 13.7  pS 0.32  ptS 0.32  fLog 0.47  pdΔ -0.1776  pkR 12.71  clip 0.15  kl +0.003
upd   59  steps  122880  sps 1329  opp symm  loss -0.080  pg -0.0510  v 0.006  ev +0.86  adv_std 0.108  tR +0.20  ent[s/d/p/e] 2.00/2.29/1.12/0.54  emits 1.04  spf 27.5  z0 0.60  garr 32.8  tG 245  e2 0.21  nF 12.5  pS 0.30  ptS 0.29  fLog 0.48  pdΔ -0.1990  pkR 12.70  clip 0.19  kl +0.007
upd   60  steps  124928  sps 1342  opp symm  loss -0.086  pg -0.0545  v 0.004  ev +0.90  adv_std 0.087  tR -0.60  ent[s/d/p/e] 2.07/2.36/1.17/0.56  emits 1.10  spf 31.9  z0 0.58  garr 40.1  tG 302  e2 0.23  nF 12.4  pS 0.33  ptS 0.32  fLog 0.51  pdΔ -0.1744  pkR 14.70  clip 0.11  kl +0.004
upd   61  steps  126976  sps 1355  opp symm  loss +0.033  pg +0.0613  v 0.009  ev +0.81  adv_std 0.130  tR +0.00  ent[s/d/p/e] 2.05/2.32/1.18/0.56  emits 1.16  spf 32.8  z0 0.55  garr 37.9  tG 276  e2 0.24  nF 12.4  pS 0.32  ptS 0.32  fLog 0.51  pdΔ -0.1778  pkR 4.47  clip 0.25  kl +0.007
upd   62  steps  129024  sps 1367  opp symm  loss +0.006  pg +0.0334  v 0.010  ev +0.77  adv_std 0.145  tR -0.27  ent[s/d/p/e] 1.99/2.34/1.20/0.56  emits 0.78  spf 37.5  z0 0.66  garr 39.5  tG 264  e2 0.17  nF 8.9  pS 0.28  ptS 0.28  fLog 0.54  pdΔ -0.2187  pkR 5.44  clip 0.11  kl +0.003
upd   63  steps  131072  sps 1379  opp symm  loss -0.070  pg -0.0392  v 0.004  ev +0.89  adv_std 0.094  tR -0.20  ent[s/d/p/e] 1.97/2.35/1.25/0.58  emits 0.77  spf 39.1  z0 0.63  garr 41.6  tG 299  e2 0.17  nF 8.4  pS 0.30  ptS 0.30  fLog 0.54  pdΔ -0.1971  pkR 5.37  clip 0.10  kl +0.002
upd   64  steps  133120  sps 1391  opp symm  loss -0.064  pg -0.0319  v 0.003  ev +0.93  adv_std 0.082  tR +1.00  ent[s/d/p/e] 2.04/2.39/1.22/0.58  emits 0.85  spf 40.9  z0 0.62  garr 45.2  tG 318  e2 0.19  nF 9.0  pS 0.31  ptS 0.31  fLog 0.54  pdΔ -0.1882  pkR 5.76  clip 0.10  kl +0.006
upd   65  steps  135168  sps 1403  opp symm  loss -0.015  pg +0.0174  v 0.003  ev +0.95  adv_std 0.073  tR +0.33  ent[s/d/p/e] 1.95/2.36/1.27/0.56  emits 0.66  spf 43.8  z0 0.66  garr 48.3  tG 363  e2 0.14  nF 8.5  pS 0.33  ptS 0.32  fLog 0.55  pdΔ -0.1723  pkR 7.97  clip 0.18  kl +0.008
upd   66  steps  137216  sps 1415  opp symm  loss +0.034  pg +0.0657  v 0.005  ev +0.92  adv_std 0.101  tR -0.33  ent[s/d/p/e] 2.06/2.39/1.29/0.57  emits 0.87  spf 41.2  z0 0.62  garr 49.6  tG 349  e2 0.18  nF 8.8  pS 0.33  ptS 0.32  fLog 0.55  pdΔ -0.1710  pkR 4.27  clip 0.18  kl -0.000
upd   67  steps  139264  sps 1427  opp symm  loss -0.043  pg -0.0104  v 0.002  ev +0.97  adv_std 0.062  tR +0.00  ent[s/d/p/e] 2.10/2.43/1.23/0.57  emits 0.91  spf 40.4  z0 0.60  garr 49.5  tG 349  e2 0.19  nF 9.9  pS 0.34  ptS 0.33  fLog 0.54  pdΔ -0.1559  pkR 3.53  clip 0.14  kl +0.005
upd   68  steps  141312  sps 1438  opp symm  loss -0.021  pg +0.0104  v 0.005  ev +0.94  adv_std 0.095  tR +0.20  ent[s/d/p/e] 2.08/2.42/1.27/0.56  emits 0.83  spf 41.4  z0 0.62  garr 47.5  tG 358  e2 0.17  nF 10.0  pS 0.34  ptS 0.33  fLog 0.55  pdΔ -0.1572  pkR 5.71  clip 0.12  kl +0.004
upd   69  steps  143360  sps 1449  opp symm  loss -0.072  pg -0.0400  v 0.003  ev +0.97  adv_std 0.079  tR -0.50  ent[s/d/p/e] 2.16/2.47/1.25/0.56  emits 0.72  spf 47.6  z0 0.65  garr 52.2  tG 427  e2 0.15  nF 8.7  pS 0.35  ptS 0.34  fLog 0.57  pdΔ -0.1506  pkR 8.43  clip 0.13  kl +0.005
upd   70  steps  145408  sps 1461  opp symm  loss -0.105  pg -0.0739  v 0.005  ev +0.94  adv_std 0.098  tR +0.14  ent[s/d/p/e] 2.11/2.44/1.26/0.55  emits 0.69  spf 46.0  z0 0.68  garr 54.3  tG 439  e2 0.15  nF 7.6  pS 0.35  ptS 0.34  fLog 0.57  pdΔ -0.1486  pkR 8.58  clip 0.12  kl +0.001
upd   71  steps  147456  sps 1472  opp symm  loss -0.072  pg -0.0410  v 0.005  ev +0.94  adv_std 0.103  tR +0.60  ent[s/d/p/e] 2.12/2.46/1.26/0.55  emits 0.62  spf 49.4  z0 0.69  garr 62.2  tG 504  e2 0.13  nF 7.1  pS 0.34  ptS 0.32  fLog 0.58  pdΔ -0.1595  pkR 10.37  clip 0.14  kl +0.007
upd   72  steps  149504  sps 1482  opp symm  loss -0.063  pg -0.0317  v 0.002  ev +0.97  adv_std 0.063  tR -0.20  ent[s/d/p/e] 2.11/2.44/1.16/0.54  emits 0.79  spf 49.9  z0 0.64  garr 56.1  tG 404  e2 0.16  nF 7.9  pS 0.32  ptS 0.31  fLog 0.57  pdΔ -0.1779  pkR 7.01  clip 0.12  kl +0.005
upd   73  steps  151552  sps 1493  opp symm  loss -0.024  pg +0.0067  v 0.005  ev +0.93  adv_std 0.100  tR +0.14  ent[s/d/p/e] 2.03/2.38/1.19/0.55  emits 0.74  spf 45.7  z0 0.67  garr 55.0  tG 377  e2 0.15  nF 8.3  pS 0.31  ptS 0.30  fLog 0.56  pdΔ -0.1935  pkR 6.91  clip 0.14  kl +0.003
upd   74  steps  153600  sps 1504  opp symm  loss -0.057  pg -0.0261  v 0.003  ev +0.96  adv_std 0.079  tR -0.60  ent[s/d/p/e] 2.05/2.42/1.14/0.55  emits 0.84  spf 42.0  z0 0.64  garr 49.0  tG 306  e2 0.17  nF 9.1  pS 0.29  ptS 0.28  fLog 0.54  pdΔ -0.2079  pkR 5.11  clip 0.15  kl +0.006
upd   75  steps  155648  sps 1514  opp symm  loss -0.017  pg +0.0144  v 0.003  ev +0.96  adv_std 0.077  tR +0.50  ent[s/d/p/e] 1.92/2.36/1.20/0.57  emits 0.74  spf 37.9  z0 0.64  garr 48.9  tG 311  e2 0.15  nF 8.5  pS 0.29  ptS 0.28  fLog 0.53  pdΔ -0.2115  pkR 5.59  clip 0.10  kl +0.003
upd   76  steps  157696  sps 1525  opp symm  loss +0.033  pg +0.0643  v 0.004  ev +0.94  adv_std 0.091  tR -0.33  ent[s/d/p/e] 1.85/2.29/1.20/0.59  emits 0.79  spf 38.4  z0 0.62  garr 50.4  tG 326  e2 0.18  nF 9.0  pS 0.30  ptS 0.28  fLog 0.53  pdΔ -0.2031  pkR 5.58  clip 0.13  kl +0.002
upd   77  steps  159744  sps 1535  opp symm  loss -0.048  pg -0.0215  v 0.013  ev +0.85  adv_std 0.163  tR +0.40  ent[s/d/p/e] 1.86/2.30/1.22/0.59  emits 0.83  spf 39.9  z0 0.59  garr 49.8  tG 352  e2 0.18  nF 9.1  pS 0.30  ptS 0.29  fLog 0.53  pdΔ -0.2015  pkR 6.42  clip 0.19  kl +0.003
upd   78  steps  161792  sps 1545  opp symm  loss -0.030  pg +0.0015  v 0.003  ev +0.96  adv_std 0.080  tR -0.20  ent[s/d/p/e] 1.93/2.34/1.22/0.58  emits 0.79  spf 42.6  z0 0.63  garr 48.3  tG 348  e2 0.17  nF 7.9  pS 0.29  ptS 0.28  fLog 0.54  pdΔ -0.2120  pkR 7.59  clip 0.08  kl +0.002
upd   79  steps  163840  sps 1555  opp symm  loss -0.041  pg -0.0096  v 0.004  ev +0.94  adv_std 0.090  tR -0.33  ent[s/d/p/e] 1.85/2.28/1.22/0.59  emits 0.79  spf 41.4  z0 0.61  garr 47.0  tG 326  e2 0.17  nF 8.3  pS 0.29  ptS 0.29  fLog 0.54  pdΔ -0.2104  pkR 7.90  clip 0.11  kl +0.002
upd   80  steps  165888  sps 1565  opp symm  loss -0.073  pg -0.0400  v 0.003  ev +0.96  adv_std 0.077  tR -1.00  ent[s/d/p/e] 1.97/2.33/1.29/0.60  emits 0.80  spf 41.7  z0 0.61  garr 47.4  tG 352  e2 0.18  nF 8.3  pS 0.32  ptS 0.31  fLog 0.55  pdΔ -0.1765  pkR 6.79  clip 0.15  kl +0.002
upd   81  steps  167936  sps 1574  opp symm  loss -0.044  pg -0.0133  v 0.006  ev +0.95  adv_std 0.106  tR +0.20  ent[s/d/p/e] 2.06/2.33/1.23/0.59  emits 0.86  spf 42.8  z0 0.59  garr 49.5  tG 402  e2 0.19  nF 9.3  pS 0.35  ptS 0.34  fLog 0.55  pdΔ -0.1511  pkR 6.04  clip 0.13  kl +0.005
upd   82  steps  169984  sps 1584  opp symm  loss -0.028  pg +0.0026  v 0.006  ev +0.95  adv_std 0.108  tR -0.20  ent[s/d/p/e] 2.06/2.36/1.22/0.59  emits 0.82  spf 47.6  z0 0.62  garr 49.4  tG 414  e2 0.18  nF 8.0  pS 0.33  ptS 0.33  fLog 0.56  pdΔ -0.1653  pkR 7.33  clip 0.14  kl +0.000
upd   83  steps  172032  sps 1593  opp symm  loss -0.015  pg +0.0171  v 0.003  ev +0.96  adv_std 0.083  tR +0.33  ent[s/d/p/e] 2.00/2.34/1.21/0.59  emits 0.81  spf 43.4  z0 0.61  garr 50.6  tG 408  e2 0.18  nF 7.9  pS 0.34  ptS 0.33  fLog 0.55  pdΔ -0.1601  pkR 6.91  clip 0.16  kl +0.004
upd   84  steps  174080  sps 1603  opp symm  loss +0.015  pg +0.0468  v 0.004  ev +0.96  adv_std 0.091  tR +0.33  ent[s/d/p/e] 2.01/2.33/1.22/0.60  emits 0.91  spf 42.6  z0 0.57  garr 48.4  tG 367  e2 0.20  nF 8.8  pS 0.33  ptS 0.33  fLog 0.55  pdΔ -0.1666  pkR 6.58  clip 0.13  kl +0.008
upd   85  steps  176128  sps 1612  opp symm  loss -0.033  pg -0.0047  v 0.011  ev +0.89  adv_std 0.146  tR +0.33  ent[s/d/p/e] 1.97/2.32/1.26/0.58  emits 0.84  spf 41.3  z0 0.60  garr 46.7  tG 340  e2 0.19  nF 8.7  pS 0.32  ptS 0.31  fLog 0.55  pdΔ -0.1832  pkR 5.95  clip 0.23  kl +0.010
upd   86  steps  178176  sps 1621  opp symm  loss -0.020  pg +0.0118  v 0.003  ev +0.97  adv_std 0.072  tR +0.33  ent[s/d/p/e] 1.97/2.34/1.25/0.56  emits 0.54  spf 42.3  z0 0.70  garr 52.4  tG 378  e2 0.11  nF 6.5  pS 0.31  ptS 0.31  fLog 0.56  pdΔ -0.1893  pkR 5.15  clip 0.12  kl +0.003
upd   87  steps  180224  sps 1630  opp symm  loss -0.046  pg -0.0145  v 0.005  ev +0.93  adv_std 0.102  tR +0.20  ent[s/d/p/e] 1.98/2.34/1.29/0.58  emits 0.65  spf 45.4  z0 0.65  garr 56.0  tG 398  e2 0.14  nF 6.8  pS 0.31  ptS 0.31  fLog 0.57  pdΔ -0.1875  pkR 6.33  clip 0.11  kl +0.002
upd   88  steps  182272  sps 1639  opp symm  loss -0.044  pg -0.0125  v 0.004  ev +0.95  adv_std 0.088  tR +0.00  ent[s/d/p/e] 1.97/2.29/1.27/0.57  emits 0.69  spf 42.3  z0 0.66  garr 52.9  tG 390  e2 0.15  nF 7.3  pS 0.32  ptS 0.31  fLog 0.55  pdΔ -0.1833  pkR 8.55  clip 0.12  kl +0.003
upd   89  steps  184320  sps 1648  opp symm  loss -0.049  pg -0.0183  v 0.005  ev +0.94  adv_std 0.101  tR +0.00  ent[s/d/p/e] 1.94/2.29/1.35/0.57  emits 0.61  spf 47.6  z0 0.66  garr 54.6  tG 408  e2 0.13  nF 7.2  pS 0.31  ptS 0.30  fLog 0.57  pdΔ -0.1864  pkR 8.70  clip 0.05  kl +0.004
upd   90  steps  186368  sps 1657  opp symm  loss -0.031  pg -0.0013  v 0.008  ev +0.91  adv_std 0.126  tR -0.50  ent[s/d/p/e] 1.97/2.28/1.32/0.57  emits 0.60  spf 51.9  z0 0.67  garr 59.2  tG 444  e2 0.13  nF 6.8  pS 0.33  ptS 0.32  fLog 0.58  pdΔ -0.1715  pkR 7.37  clip 0.11  kl +0.004
upd   91  steps  188416  sps 1665  opp symm  loss -0.026  pg +0.0071  v 0.003  ev +0.96  adv_std 0.080  tR -1.00  ent[s/d/p/e] 1.99/2.31/1.37/0.60  emits 0.68  spf 49.3  z0 0.64  garr 56.7  tG 426  e2 0.16  nF 7.1  pS 0.35  ptS 0.33  fLog 0.58  pdΔ -0.1512  pkR 4.49  clip 0.13  kl +0.005
upd   92  steps  190464  sps 1674  opp symm  loss -0.063  pg -0.0302  v 0.004  ev +0.96  adv_std 0.085  tR +0.60  ent[s/d/p/e] 2.00/2.31/1.42/0.59  emits 0.65  spf 48.7  z0 0.63  garr 59.5  tG 427  e2 0.14  nF 7.1  pS 0.34  ptS 0.33  fLog 0.58  pdΔ -0.1607  pkR 4.28  clip 0.10  kl +0.002
upd   93  steps  192512  sps 1682  opp symm  loss -0.050  pg -0.0196  v 0.007  ev +0.92  adv_std 0.121  tR -0.11  ent[s/d/p/e] 2.01/2.28/1.39/0.58  emits 0.61  spf 46.9  z0 0.67  garr 56.1  tG 403  e2 0.12  nF 6.3  pS 0.33  ptS 0.32  fLog 0.58  pdΔ -0.1742  pkR 4.60  clip 0.10  kl +0.002
upd   94  steps  194560  sps 1690  opp symm  loss -0.029  pg -0.0001  v 0.009  ev +0.90  adv_std 0.133  tR -0.60  ent[s/d/p/e] 2.02/2.24/1.30/0.57  emits 0.72  spf 45.4  z0 0.64  garr 52.0  tG 392  e2 0.16  nF 7.2  pS 0.32  ptS 0.32  fLog 0.57  pdΔ -0.1780  pkR 3.87  clip 0.08  kl +0.003
upd   95  steps  196608  sps 1699  opp symm  loss -0.007  pg +0.0240  v 0.005  ev +0.95  adv_std 0.100  tR +0.00  ent[s/d/p/e] 2.06/2.27/1.35/0.57  emits 0.64  spf 46.8  z0 0.68  garr 57.1  tG 423  e2 0.14  nF 6.7  pS 0.33  ptS 0.32  fLog 0.57  pdΔ -0.1731  pkR 3.84  clip 0.20  kl +0.006
upd   96  steps  198656  sps 1707  opp symm  loss -0.042  pg -0.0104  v 0.006  ev +0.95  adv_std 0.112  tR +0.50  ent[s/d/p/e] 2.10/2.32/1.30/0.59  emits 0.76  spf 49.4  z0 0.63  garr 56.5  tG 454  e2 0.17  nF 7.2  pS 0.34  ptS 0.34  fLog 0.58  pdΔ -0.1563  pkR 3.58  clip 0.10  kl +0.004
upd   97  steps  200704  sps 1715  opp symm  loss -0.075  pg -0.0436  v 0.006  ev +0.96  adv_std 0.108  tR +0.11  ent[s/d/p/e] 2.04/2.31/1.31/0.58  emits 0.58  spf 51.3  z0 0.66  garr 59.7  tG 480  e2 0.13  nF 6.3  pS 0.33  ptS 0.33  fLog 0.58  pdΔ -0.1699  pkR 3.85  clip 0.11  kl +0.005
upd   98  steps  202752  sps 1723  opp symm  loss +0.001  pg +0.0312  v 0.006  ev +0.94  adv_std 0.113  tR -0.20  ent[s/d/p/e] 1.98/2.28/1.30/0.56  emits 0.54  spf 54.9  z0 0.69  garr 58.2  tG 458  e2 0.11  nF 5.6  pS 0.31  ptS 0.31  fLog 0.59  pdΔ -0.1887  pkR 4.36  clip 0.10  kl +0.005
[eval_vs_v20] u99 tag=train_u99  bin0=0.0%  spf=0.00  garr=128.50  flip=0.00%  z0=71.9%  e8=0.0%  e2+=0.0%  WLD=0/3/0
upd   99  steps  204800  sps 1731  opp symm  loss -0.055  pg -0.0247  v 0.005  ev +0.96  adv_std 0.094  tR +1.00  ent[s/d/p/e] 2.01/2.30/1.21/0.57  emits 0.53  spf 56.9  z0 0.69  garr 64.3  tG 491  e2 0.11  nF 5.6  pS 0.32  ptS 0.31  fLog 0.59  pdΔ -0.1823  pkR 4.28  clip 0.08  kl +0.003 WRr 0.12 v20[spf 0.0 flip 0.0% e2+ 0.0%]
upd  100  steps  206848  sps 936  opp symm  loss -0.079  pg -0.0476  v 0.005  ev +0.96  adv_std 0.094  tR -0.50  ent[s/d/p/e] 2.02/2.33/1.23/0.60  emits 0.63  spf 55.4  z0 0.64  garr 67.8  tG 510  e2 0.14  nF 6.5  pS 0.33  ptS 0.32  fLog 0.59  pdΔ -0.1706  pkR 3.92  clip 0.12  kl +0.001
upd  101  steps  208896  sps 943  opp symm  loss -0.039  pg -0.0091  v 0.006  ev +0.95  adv_std 0.115  tR +0.14  ent[s/d/p/e] 1.95/2.30/1.18/0.57  emits 0.50  spf 55.0  z0 0.69  garr 68.9  tG 528  e2 0.11  nF 6.0  pS 0.32  ptS 0.31  fLog 0.59  pdΔ -0.1786  pkR 5.00  clip 0.11  kl +0.003
upd  102  steps  210944  sps 949  opp symm  loss -0.005  pg +0.0251  v 0.006  ev +0.95  adv_std 0.108  tR +0.33  ent[s/d/p/e] 1.90/2.32/1.19/0.58  emits 0.51  spf 57.6  z0 0.69  garr 75.5  tG 597  e2 0.11  nF 5.2  pS 0.32  ptS 0.31  fLog 0.60  pdΔ -0.1755  pkR 5.53  clip 0.07  kl +0.002
upd  103  steps  212992  sps 956  opp symm  loss -0.043  pg -0.0125  v 0.004  ev +0.97  adv_std 0.087  tR +0.33  ent[s/d/p/e] 1.99/2.33/1.15/0.55  emits 0.59  spf 62.6  z0 0.66  garr 76.0  tG 602  e2 0.12  nF 5.8  pS 0.34  ptS 0.32  fLog 0.61  pdΔ -0.1637  pkR 6.13  clip 0.13  kl +0.006
upd  104  steps  215040  sps 962  opp symm  loss -0.034  pg -0.0058  v 0.009  ev +0.93  adv_std 0.136  tR +0.00  ent[s/d/p/e] 2.06/2.37/1.09/0.57  emits 0.60  spf 56.4  z0 0.68  garr 71.0  tG 574  e2 0.13  nF 6.2  pS 0.34  ptS 0.33  fLog 0.60  pdΔ -0.1557  pkR 6.66  clip 0.18  kl +0.006
upd  105  steps  217088  sps 969  opp symm  loss -0.068  pg -0.0393  v 0.007  ev +0.95  adv_std 0.123  tR +0.00  ent[s/d/p/e] 2.04/2.34/1.13/0.54  emits 0.50  spf 56.0  z0 0.71  garr 69.4  tG 560  e2 0.10  nF 5.9  pS 0.33  ptS 0.32  fLog 0.60  pdΔ -0.1662  pkR 8.61  clip 0.14  kl +0.002
upd  106  steps  219136  sps 975  opp symm  loss -0.009  pg +0.0183  v 0.006  ev +0.95  adv_std 0.112  tR +0.33  ent[s/d/p/e] 1.94/2.26/1.11/0.50  emits 0.40  spf 54.2  z0 0.75  garr 82.0  tG 651  e2 0.07  nF 4.6  pS 0.33  ptS 0.32  fLog 0.59  pdΔ -0.1698  pkR 8.79  clip 0.07  kl +0.001
upd  107  steps  221184  sps 981  opp symm  loss +0.016  pg +0.0428  v 0.008  ev +0.95  adv_std 0.128  tR +0.00  ent[s/d/p/e] 2.09/2.40/1.12/0.46  emits 0.33  spf 67.4  z0 0.80  garr 103.2  tG 819  e2 0.06  nF 4.0  pS 0.34  ptS 0.32  fLog 0.63  pdΔ -0.1641  pkR 8.46  clip 0.04  kl +0.003
upd  108  steps  223232  sps 988  opp symm  loss +0.009  pg +0.0328  v 0.013  ev +0.92  adv_std 0.161  tR +0.11  ent[s/d/p/e] 2.04/2.43/1.09/0.44  emits 0.32  spf 69.4  z0 0.81  garr 120.7  tG 956  e2 0.06  nF 3.3  pS 0.34  ptS 0.33  fLog 0.62  pdΔ -0.1625  pkR 8.49  clip 0.06  kl -0.001
upd  109  steps  225280  sps 994  opp symm  loss -0.056  pg -0.0273  v 0.003  ev +0.97  adv_std 0.081  tR +1.00  ent[s/d/p/e] 1.96/2.43/1.24/0.43  emits 0.32  spf 68.2  z0 0.81  garr 110.2  tG 773  e2 0.05  nF 3.2  pS 0.29  ptS 0.28  fLog 0.62  pdΔ -0.2125  pkR 5.68  clip 0.07  kl +0.004
upd  110  steps  227328  sps 1000  opp symm  loss +0.019  pg +0.0459  v 0.005  ev +0.95  adv_std 0.098  tR +0.00  ent[s/d/p/e] 1.80/2.35/1.25/0.42  emits 0.25  spf 65.6  z0 0.83  garr 121.8  tG 818  e2 0.04  nF 3.0  pS 0.28  ptS 0.27  fLog 0.61  pdΔ -0.2242  pkR 6.43  clip 0.05  kl +0.000
upd  111  steps  229376  sps 1006  opp symm  loss -0.042  pg -0.0149  v 0.004  ev +0.95  adv_std 0.094  tR -0.33  ent[s/d/p/e] 1.60/2.33/1.43/0.39  emits 0.22  spf 73.1  z0 0.84  garr 137.1  tG 924  e2 0.04  nF 2.4  pS 0.28  ptS 0.27  fLog 0.64  pdΔ -0.2232  pkR 5.60  clip 0.11  kl +0.003
upd  112  steps  231424  sps 1012  opp symm  loss -0.073  pg -0.0450  v 0.006  ev +0.95  adv_std 0.107  tR -0.20  ent[s/d/p/e] 1.68/2.34/1.34/0.46  emits 0.27  spf 79.4  z0 0.81  garr 147.4  tG 1040  e2 0.05  nF 2.5  pS 0.29  ptS 0.28  fLog 0.64  pdΔ -0.2099  pkR 5.38  clip 0.15  kl +0.005
upd  113  steps  233472  sps 1018  opp symm  loss -0.105  pg -0.0769  v 0.005  ev +0.95  adv_std 0.099  tR +0.50  ent[s/d/p/e] 1.75/2.37/1.31/0.46  emits 0.30  spf 76.1  z0 0.79  garr 135.4  tG 973  e2 0.06  nF 2.8  pS 0.29  ptS 0.29  fLog 0.64  pdΔ -0.2060  pkR 5.37  clip 0.05  kl +0.002
upd  114  steps  235520  sps 1024  opp symm  loss -0.105  pg -0.0768  v 0.005  ev +0.96  adv_std 0.103  tR -0.33  ent[s/d/p/e] 1.81/2.27/1.30/0.50  emits 0.37  spf 64.1  z0 0.77  garr 116.8  tG 870  e2 0.07  nF 3.8  pS 0.30  ptS 0.29  fLog 0.61  pdΔ -0.2015  pkR 5.75  clip 0.09  kl +0.006
upd  115  steps  237568  sps 1030  opp symm  loss -0.065  pg -0.0349  v 0.004  ev +0.97  adv_std 0.087  tR -0.33  ent[s/d/p/e] 1.95/2.34/1.25/0.51  emits 0.38  spf 78.4  z0 0.77  garr 119.2  tG 899  e2 0.07  nF 3.9  pS 0.31  ptS 0.31  fLog 0.64  pdΔ -0.1906  pkR 6.65  clip 0.09  kl +0.002
upd  116  steps  239616  sps 1036  opp symm  loss -0.010  pg +0.0175  v 0.007  ev +0.94  adv_std 0.119  tR +0.60  ent[s/d/p/e] 1.93/2.35/1.20/0.51  emits 0.40  spf 65.3  z0 0.76  garr 110.4  tG 844  e2 0.07  nF 4.7  pS 0.32  ptS 0.31  fLog 0.62  pdΔ -0.1835  pkR 6.45  clip 0.11  kl +0.004
upd  117  steps  241664  sps 1042  opp symm  loss -0.037  pg -0.0078  v 0.005  ev +0.96  adv_std 0.106  tR +0.60  ent[s/d/p/e] 1.89/2.34/1.24/0.51  emits 0.41  spf 67.8  z0 0.75  garr 107.8  tG 795  e2 0.08  nF 4.5  pS 0.30  ptS 0.29  fLog 0.61  pdΔ -0.2012  pkR 5.52  clip 0.07  kl +0.002
upd  118  steps  243712  sps 1048  opp symm  loss -0.019  pg +0.0103  v 0.005  ev +0.97  adv_std 0.096  tR +0.50  ent[s/d/p/e] 1.91/2.35/1.25/0.49  emits 0.39  spf 65.9  z0 0.77  garr 109.8  tG 795  e2 0.08  nF 4.4  pS 0.30  ptS 0.29  fLog 0.61  pdΔ -0.2041  pkR 5.84  clip 0.08  kl +0.004
upd  119  steps  245760  sps 1054  opp symm  loss -0.028  pg -0.0003  v 0.009  ev +0.95  adv_std 0.131  tR -0.67  ent[s/d/p/e] 1.98/2.33/1.22/0.52  emits 0.52  spf 57.3  z0 0.74  garr 96.6  tG 680  e2 0.11  nF 5.4  pS 0.30  ptS 0.29  fLog 0.59  pdΔ -0.2027  pkR 7.69  clip 0.08  kl +0.004
upd  120  steps  247808  sps 1060  opp symm  loss -0.039  pg -0.0108  v 0.006  ev +0.96  adv_std 0.113  tR +0.00  ent[s/d/p/e] 1.80/2.32/1.31/0.48  emits 0.41  spf 48.8  z0 0.78  garr 99.4  tG 723  e2 0.08  nF 5.1  pS 0.30  ptS 0.30  fLog 0.57  pdΔ -0.1960  pkR 8.60  clip 0.08  kl +0.001
upd  121  steps  249856  sps 1066  opp symm  loss -0.057  pg -0.0283  v 0.005  ev +0.96  adv_std 0.098  tR +0.00  ent[s/d/p/e] 1.72/2.23/1.32/0.50  emits 0.46  spf 56.9  z0 0.74  garr 98.5  tG 700  e2 0.09  nF 5.0  pS 0.28  ptS 0.27  fLog 0.57  pdΔ -0.2216  pkR 9.62  clip 0.10  kl +0.001
upd  122  steps  251904  sps 1072  opp symm  loss -0.059  pg -0.0304  v 0.004  ev +0.97  adv_std 0.089  tR +0.33  ent[s/d/p/e] 1.70/2.15/1.34/0.48  emits 0.45  spf 49.2  z0 0.75  garr 92.1  tG 604  e2 0.09  nF 4.8  pS 0.26  ptS 0.26  fLog 0.57  pdΔ -0.2399  pkR 8.93  clip 0.07  kl +0.002
upd  123  steps  253952  sps 1077  opp symm  loss -0.015  pg +0.0135  v 0.006  ev +0.95  adv_std 0.109  tR +0.14  ent[s/d/p/e] 1.80/2.19/1.37/0.48  emits 0.49  spf 45.9  z0 0.75  garr 94.6  tG 601  e2 0.10  nF 5.2  pS 0.26  ptS 0.25  fLog 0.55  pdΔ -0.2444  pkR 8.09  clip 0.09  kl +0.004
upd  124  steps  256000  sps 1083  opp symm  loss -0.049  pg -0.0230  v 0.009  ev +0.94  adv_std 0.135  tR -0.56  ent[s/d/p/e] 1.83/2.26/1.37/0.45  emits 0.46  spf 45.2  z0 0.77  garr 92.7  tG 583  e2 0.09  nF 4.8  pS 0.25  ptS 0.25  fLog 0.57  pdΔ -0.2466  pkR 10.04  clip 0.09  kl +0.002
upd  125  steps  258048  sps 1089  opp symm  loss -0.029  pg -0.0017  v 0.007  ev +0.94  adv_std 0.121  tR +0.50  ent[s/d/p/e] 1.66/2.23/1.36/0.48  emits 0.36  spf 56.7  z0 0.78  garr 91.5  tG 562  e2 0.07  nF 4.0  pS 0.24  ptS 0.24  fLog 0.60  pdΔ -0.2618  pkR 11.91  clip 0.06  kl +0.003
upd  126  steps  260096  sps 1094  opp symm  loss +0.033  pg +0.0595  v 0.009  ev +0.93  adv_std 0.133  tR +0.50  ent[s/d/p/e] 1.80/2.19/1.32/0.50  emits 0.45  spf 42.0  z0 0.76  garr 75.9  tG 434  e2 0.09  nF 5.1  pS 0.24  ptS 0.25  fLog 0.56  pdΔ -0.2598  pkR 11.03  clip 0.08  kl +0.004
upd  127  steps  262144  sps 1100  opp symm  loss -0.026  pg +0.0025  v 0.004  ev +0.97  adv_std 0.090  tR -0.33  ent[s/d/p/e] 1.80/2.17/1.32/0.48  emits 0.42  spf 44.3  z0 0.76  garr 76.8  tG 481  e2 0.08  nF 5.6  pS 0.26  ptS 0.27  fLog 0.57  pdΔ -0.2361  pkR 10.15  clip 0.09  kl +0.002
upd  128  steps  264192  sps 1106  opp symm  loss +0.030  pg +0.0564  v 0.007  ev +0.95  adv_std 0.120  tR +0.14  ent[s/d/p/e] 1.68/2.16/1.26/0.51  emits 0.45  spf 45.6  z0 0.73  garr 79.5  tG 506  e2 0.09  nF 5.2  pS 0.25  ptS 0.25  fLog 0.57  pdΔ -0.2474  pkR 11.35  clip 0.08  kl +0.003
upd  129  steps  266240  sps 1111  opp symm  loss -0.024  pg +0.0024  v 0.008  ev +0.95  adv_std 0.127  tR +0.00  ent[s/d/p/e] 1.62/2.17/1.26/0.52  emits 0.36  spf 44.8  z0 0.76  garr 85.5  tG 564  e2 0.06  nF 4.7  pS 0.25  ptS 0.24  fLog 0.57  pdΔ -0.2543  pkR 12.09  clip 0.13  kl +0.006
upd  130  steps  268288  sps 1117  opp symm  loss +0.003  pg +0.0310  v 0.004  ev +0.98  adv_std 0.091  tR -0.50  ent[s/d/p/e] 1.61/2.19/1.29/0.48  emits 0.32  spf 50.7  z0 0.78  garr 95.1  tG 669  e2 0.06  nF 4.1  pS 0.26  ptS 0.26  fLog 0.59  pdΔ -0.2356  pkR 11.49  clip 0.09  kl -0.001
upd  131  steps  270336  sps 1122  opp symm  loss +0.005  pg +0.0333  v 0.006  ev +0.97  adv_std 0.109  tR -0.60  ent[s/d/p/e] 1.76/2.19/1.25/0.53  emits 0.49  spf 52.7  z0 0.70  garr 105.4  tG 766  e2 0.10  nF 5.0  pS 0.29  ptS 0.28  fLog 0.59  pdΔ -0.2129  pkR 11.50  clip 0.07  kl +0.003
upd  132  steps  272384  sps 1128  opp symm  loss -0.018  pg +0.0092  v 0.009  ev +0.95  adv_std 0.134  tR +0.60  ent[s/d/p/e] 1.87/2.20/1.21/0.54  emits 0.56  spf 45.0  z0 0.70  garr 89.5  tG 650  e2 0.12  nF 6.5  pS 0.30  ptS 0.29  fLog 0.57  pdΔ -0.2039  pkR 14.89  clip 0.12  kl +0.002
upd  133  steps  274432  sps 1133  opp symm  loss -0.021  pg +0.0059  v 0.007  ev +0.96  adv_std 0.120  tR +0.20  ent[s/d/p/e] 1.72/2.13/1.30/0.48  emits 0.42  spf 42.4  z0 0.75  garr 78.0  tG 531  e2 0.08  nF 5.4  pS 0.28  ptS 0.27  fLog 0.56  pdΔ -0.2230  pkR 14.28  clip 0.19  kl +0.008
upd  134  steps  276480  sps 1139  opp symm  loss -0.088  pg -0.0615  v 0.007  ev +0.96  adv_std 0.119  tR -0.71  ent[s/d/p/e] 1.76/2.11/1.26/0.49  emits 0.44  spf 45.5  z0 0.75  garr 84.3  tG 552  e2 0.09  nF 5.1  pS 0.27  ptS 0.26  fLog 0.56  pdΔ -0.2292  pkR 5.62  clip 0.10  kl +0.004
upd  135  steps  278528  sps 1144  opp symm  loss -0.032  pg -0.0072  v 0.010  ev +0.94  adv_std 0.141  tR -0.20  ent[s/d/p/e] 1.86/2.18/1.33/0.42  emits 0.38  spf 43.9  z0 0.79  garr 95.1  tG 652  e2 0.08  nF 4.9  pS 0.28  ptS 0.27  fLog 0.57  pdΔ -0.2209  pkR 5.53  clip 0.08  kl +0.003
upd  136  steps  280576  sps 1149  opp symm  loss -0.018  pg +0.0091  v 0.009  ev +0.94  adv_std 0.136  tR -0.60  ent[s/d/p/e] 1.97/2.30/1.41/0.45  emits 0.44  spf 44.7  z0 0.79  garr 112.9  tG 757  e2 0.09  nF 5.2  pS 0.29  ptS 0.28  fLog 0.57  pdΔ -0.2116  pkR 5.82  clip 0.08  kl +0.001
upd  137  steps  282624  sps 1155  opp symm  loss +0.007  pg +0.0342  v 0.005  ev +0.97  adv_std 0.097  tR -0.50  ent[s/d/p/e] 1.81/2.23/1.37/0.43  emits 0.35  spf 47.4  z0 0.80  garr 129.9  tG 854  e2 0.07  nF 4.6  pS 0.29  ptS 0.28  fLog 0.58  pdΔ -0.2150  pkR 6.51  clip 0.07  kl +0.002
upd  138  steps  284672  sps 1160  opp symm  loss -0.051  pg -0.0280  v 0.011  ev +0.93  adv_std 0.146  tR -0.11  ent[s/d/p/e] 1.57/2.12/1.32/0.44  emits 0.30  spf 50.8  z0 0.81  garr 150.2  tG 940  e2 0.05  nF 3.1  pS 0.26  ptS 0.25  fLog 0.58  pdΔ -0.2414  pkR 6.67  clip 0.06  kl +0.001
upd  139  steps  286720  sps 1165  opp symm  loss -0.047  pg -0.0216  v 0.006  ev +0.96  adv_std 0.106  tR -1.00  ent[s/d/p/e] 1.52/2.13/1.33/0.43  emits 0.29  spf 48.0  z0 0.80  garr 152.7  tG 896  e2 0.06  nF 3.2  pS 0.25  ptS 0.25  fLog 0.56  pdΔ -0.2506  pkR 6.94  clip 0.05  kl +0.003
upd  140  steps  288768  sps 1170  opp symm  loss -0.050  pg -0.0211  v 0.004  ev +0.98  adv_std 0.084  tR +0.50  ent[s/d/p/e] 1.66/2.19/1.44/0.45  emits 0.34  spf 53.7  z0 0.79  garr 155.2  tG 935  e2 0.07  nF 3.7  pS 0.27  ptS 0.26  fLog 0.58  pdΔ -0.2341  pkR 7.75  clip 0.06  kl +0.002
upd  141  steps  290816  sps 1176  opp symm  loss -0.036  pg -0.0074  v 0.002  ev +0.98  adv_std 0.067  tR +0.00  ent[s/d/p/e] 1.84/2.26/1.39/0.41  emits 0.29  spf 49.7  z0 0.82  garr 164.0  tG 981  e2 0.06  nF 3.3  pS 0.27  ptS 0.27  fLog 0.58  pdΔ -0.2280  pkR 8.09  clip 0.06  kl -0.000
upd  142  steps  292864  sps 1181  opp symm  loss +0.024  pg +0.0516  v 0.003  ev +0.98  adv_std 0.079  tR -1.00  ent[s/d/p/e] 1.83/2.30/1.32/0.40  emits 0.30  spf 53.4  z0 0.83  garr 195.9  tG 1177  e2 0.06  nF 3.3  pS 0.28  ptS 0.27  fLog 0.59  pdΔ -0.2200  pkR 7.49  clip 0.05  kl +0.001
upd  143  steps  294912  sps 1186  opp symm  loss -0.043  pg -0.0154  v 0.004  ev +0.98  adv_std 0.090  tR -1.00  ent[s/d/p/e] 1.88/2.30/1.27/0.40  emits 0.34  spf 49.4  z0 0.81  garr 209.8  tG 1270  e2 0.07  nF 3.6  pS 0.28  ptS 0.28  fLog 0.57  pdΔ -0.2155  pkR 7.62  clip 0.06  kl +0.000
upd  144  steps  296960  sps 1191  opp symm  loss -0.030  pg -0.0032  v 0.004  ev +0.98  adv_std 0.086  tR -0.60  ent[s/d/p/e] 1.81/2.19/1.28/0.40  emits 0.32  spf 47.9  z0 0.82  garr 197.2  tG 1232  e2 0.06  nF 4.0  pS 0.29  ptS 0.28  fLog 0.57  pdΔ -0.2094  pkR 5.18  clip 0.05  kl +0.002
upd  145  steps  299008  sps 1196  opp symm  loss +0.008  pg +0.0325  v 0.009  ev +0.95  adv_std 0.130  tR +0.33  ent[s/d/p/e] 1.91/2.27/1.20/0.42  emits 0.39  spf 52.8  z0 0.79  garr 187.2  tG 1166  e2 0.07  nF 4.4  pS 0.28  ptS 0.27  fLog 0.58  pdΔ -0.2244  pkR 5.94  clip 0.06  kl +0.002
upd  146  steps  301056  sps 1201  opp symm  loss +0.002  pg +0.0280  v 0.005  ev +0.97  adv_std 0.105  tR -0.50  ent[s/d/p/e] 1.80/2.13/1.26/0.41  emits 0.40  spf 44.0  z0 0.79  garr 170.7  tG 1071  e2 0.08  nF 4.7  pS 0.25  ptS 0.25  fLog 0.55  pdΔ -0.2454  pkR 7.50  clip 0.14  kl +0.004
upd  147  steps  303104  sps 1206  opp symm  loss +0.027  pg +0.0537  v 0.005  ev +0.97  adv_std 0.096  tR -0.71  ent[s/d/p/e] 1.59/2.01/1.25/0.47  emits 0.45  spf 37.2  z0 0.76  garr 162.5  tG 1069  e2 0.09  nF 4.9  pS 0.25  ptS 0.25  fLog 0.52  pdΔ -0.2474  pkR 8.22  clip 0.19  kl +0.007
upd  148  steps  305152  sps 1211  opp symm  loss +0.010  pg +0.0340  v 0.006  ev +0.96  adv_std 0.113  tR +0.33  ent[s/d/p/e] 1.56/2.06/1.26/0.39  emits 0.31  spf 37.0  z0 0.81  garr 167.8  tG 1097  e2 0.05  nF 4.6  pS 0.25  ptS 0.24  fLog 0.52  pdΔ -0.2520  pkR 8.98  clip 0.19  kl +0.003
upd  149  steps  307200  sps 1216  opp symm  loss +0.030  pg +0.0536  v 0.009  ev +0.95  adv_std 0.132  tR +0.20  ent[s/d/p/e] 1.55/2.07/1.25/0.43  emits 0.32  spf 41.5  z0 0.81  garr 171.4  tG 1104  e2 0.06  nF 4.0  pS 0.26  ptS 0.25  fLog 0.54  pdΔ -0.2434  pkR 9.92  clip 0.12  kl +0.007
upd  150  steps  309248  sps 1221  opp symm  loss -0.015  pg +0.0106  v 0.006  ev +0.97  adv_std 0.106  tR +0.00  ent[s/d/p/e] 1.62/2.12/1.30/0.44  emits 0.43  spf 41.3  z0 0.77  garr 154.7  tG 1014  e2 0.10  nF 4.3  pS 0.26  ptS 0.25  fLog 0.55  pdΔ -0.2390  pkR 11.99  clip 0.09  kl +0.003
upd  151  steps  311296  sps 1226  opp symm  loss +0.008  pg +0.0354  v 0.007  ev +0.96  adv_std 0.120  tR +0.60  ent[s/d/p/e] 1.73/2.16/1.37/0.48  emits 0.52  spf 40.8  z0 0.73  garr 119.2  tG 774  e2 0.11  nF 5.9  pS 0.28  ptS 0.27  fLog 0.55  pdΔ -0.2219  pkR 8.78  clip 0.09  kl +0.002
upd  152  steps  313344  sps 1231  opp symm  loss -0.028  pg -0.0001  v 0.007  ev +0.96  adv_std 0.121  tR -0.60  ent[s/d/p/e] 1.78/2.19/1.37/0.50  emits 0.47  spf 42.3  z0 0.74  garr 105.4  tG 778  e2 0.10  nF 5.7  pS 0.29  ptS 0.28  fLog 0.56  pdΔ -0.2078  pkR 8.85  clip 0.15  kl +0.005
upd  153  steps  315392  sps 1236  opp symm  loss -0.072  pg -0.0447  v 0.008  ev +0.96  adv_std 0.131  tR +0.00  ent[s/d/p/e] 1.80/2.21/1.38/0.49  emits 0.43  spf 48.6  z0 0.75  garr 112.5  tG 818  e2 0.09  nF 5.0  pS 0.31  ptS 0.30  fLog 0.58  pdΔ -0.1861  pkR 8.27  clip 0.08  kl +0.000
upd  154  steps  317440  sps 1241  opp symm  loss -0.066  pg -0.0376  v 0.007  ev +0.96  adv_std 0.121  tR +0.00  ent[s/d/p/e] 1.88/2.21/1.31/0.55  emits 0.62  spf 45.4  z0 0.69  garr 90.7  tG 630  e2 0.13  nF 6.1  pS 0.32  ptS 0.30  fLog 0.57  pdΔ -0.1809  pkR 9.30  clip 0.09  kl +0.002
upd  155  steps  319488  sps 1246  opp symm  loss +0.011  pg +0.0373  v 0.013  ev +0.93  adv_std 0.161  tR +0.33  ent[s/d/p/e] 1.98/2.32/1.30/0.55  emits 0.72  spf 45.5  z0 0.65  garr 78.6  tG 560  e2 0.15  nF 7.8  pS 0.34  ptS 0.33  fLog 0.57  pdΔ -0.1552  pkR 9.48  clip 0.09  kl +0.004
upd  156  steps  321536  sps 1251  opp symm  loss -0.037  pg -0.0086  v 0.009  ev +0.95  adv_std 0.138  tR -0.33  ent[s/d/p/e] 1.96/2.34/1.27/0.57  emits 0.76  spf 48.5  z0 0.64  garr 71.1  tG 526  e2 0.16  nF 8.7  pS 0.36  ptS 0.34  fLog 0.58  pdΔ -0.1375  pkR 5.46  clip 0.10  kl +0.005
upd  157  steps  323584  sps 1256  opp symm  loss -0.012  pg +0.0180  v 0.007  ev +0.97  adv_std 0.115  tR +0.20  ent[s/d/p/e] 2.00/2.36/1.25/0.55  emits 0.66  spf 48.6  z0 0.67  garr 68.7  tG 537  e2 0.14  nF 8.3  pS 0.36  ptS 0.35  fLog 0.58  pdΔ -0.1354  pkR 7.21  clip 0.12  kl +0.001
upd  158  steps  325632  sps 1260  opp symm  loss +0.004  pg +0.0339  v 0.007  ev +0.96  adv_std 0.122  tR +0.33  ent[s/d/p/e] 1.92/2.33/1.28/0.56  emits 0.53  spf 50.6  z0 0.69  garr 71.2  tG 528  e2 0.11  nF 6.4  pS 0.33  ptS 0.32  fLog 0.58  pdΔ -0.1674  pkR 6.32  clip 0.10  kl +0.006
upd  159  steps  327680  sps 1265  opp symm  loss +0.004  pg +0.0332  v 0.006  ev +0.97  adv_std 0.112  tR -0.33  ent[s/d/p/e] 1.86/2.25/1.28/0.54  emits 0.50  spf 49.8  z0 0.71  garr 77.4  tG 565  e2 0.11  nF 6.2  pS 0.33  ptS 0.31  fLog 0.57  pdΔ -0.1734  pkR 4.81  clip 0.09  kl +0.003
upd  160  steps  329728  sps 1270  opp symm  loss +0.014  pg +0.0421  v 0.007  ev +0.97  adv_std 0.121  tR +0.00  ent[s/d/p/e] 1.81/2.20/1.30/0.52  emits 0.42  spf 56.1  z0 0.74  garr 94.9  tG 699  e2 0.09  nF 4.8  pS 0.33  ptS 0.32  fLog 0.60  pdΔ -0.1650  pkR 5.32  clip 0.08  kl +0.002
upd  161  steps  331776  sps 1275  opp symm  loss +0.018  pg +0.0467  v 0.006  ev +0.98  adv_std 0.104  tR -0.50  ent[s/d/p/e] 1.86/2.25/1.34/0.51  emits 0.39  spf 56.3  z0 0.76  garr 115.5  tG 867  e2 0.08  nF 4.6  pS 0.36  ptS 0.34  fLog 0.60  pdΔ -0.1422  pkR 5.49  clip 0.07  kl +0.004
upd  162  steps  333824  sps 1279  opp symm  loss +0.018  pg +0.0477  v 0.005  ev +0.98  adv_std 0.101  tR +0.00  ent[s/d/p/e] 1.90/2.30/1.33/0.52  emits 0.40  spf 64.0  z0 0.76  garr 134.5  tG 998  e2 0.08  nF 4.3  pS 0.36  ptS 0.34  fLog 0.61  pdΔ -0.1416  pkR 3.88  clip 0.13  kl +0.006
upd  163  steps  335872  sps 1284  opp symm  loss +0.016  pg +0.0452  v 0.005  ev +0.98  adv_std 0.103  tR +0.43  ent[s/d/p/e] 1.89/2.26/1.33/0.51  emits 0.46  spf 64.9  z0 0.74  garr 139.9  tG 1039  e2 0.09  nF 4.3  pS 0.35  ptS 0.33  fLog 0.61  pdΔ -0.1521  pkR 4.72  clip 0.06  kl +0.002
upd  164  steps  337920  sps 1289  opp symm  loss +0.034  pg +0.0624  v 0.005  ev +0.98  adv_std 0.103  tR +1.00  ent[s/d/p/e] 1.77/2.22/1.32/0.49  emits 0.39  spf 77.5  z0 0.76  garr 145.2  tG 1083  e2 0.08  nF 4.1  pS 0.35  ptS 0.33  fLog 0.63  pdΔ -0.1519  pkR 3.92  clip 0.09  kl +0.005
upd  165  steps  339968  sps 1293  opp symm  loss -0.057  pg -0.0304  v 0.010  ev +0.95  adv_std 0.138  tR -0.25  ent[s/d/p/e] 1.99/2.31/1.34/0.48  emits 0.45  spf 72.1  z0 0.77  garr 136.8  tG 961  e2 0.08  nF 4.2  pS 0.33  ptS 0.30  fLog 0.62  pdΔ -0.1742  pkR 4.93  clip 0.08  kl +0.003
upd  166  steps  342016  sps 1298  opp symm  loss -0.080  pg -0.0515  v 0.004  ev +0.98  adv_std 0.095  tR +0.00  ent[s/d/p/e] 1.76/2.16/1.39/0.47  emits 0.35  spf 65.7  z0 0.79  garr 134.5  tG 942  e2 0.06  nF 3.4  pS 0.30  ptS 0.28  fLog 0.61  pdΔ -0.1967  pkR 4.49  clip 0.07  kl +0.002
upd  167  steps  344064  sps 1302  opp symm  loss -0.036  pg -0.0073  v 0.005  ev +0.98  adv_std 0.097  tR -0.14  ent[s/d/p/e] 1.77/2.18/1.34/0.52  emits 0.42  spf 72.8  z0 0.75  garr 128.7  tG 959  e2 0.08  nF 3.8  pS 0.30  ptS 0.28  fLog 0.61  pdΔ -0.2001  pkR 4.46  clip 0.15  kl +0.005
upd  168  steps  346112  sps 1307  opp symm  loss -0.007  pg +0.0214  v 0.006  ev +0.96  adv_std 0.115  tR +0.00  ent[s/d/p/e] 1.73/2.13/1.37/0.51  emits 0.51  spf 54.8  z0 0.72  garr 106.4  tG 820  e2 0.10  nF 5.2  pS 0.30  ptS 0.27  fLog 0.57  pdΔ -0.2045  pkR 5.48  clip 0.08  kl +0.002
upd  169  steps  348160  sps 1311  opp symm  loss -0.039  pg -0.0120  v 0.009  ev +0.95  adv_std 0.134  tR -1.00  ent[s/d/p/e] 1.65/2.02/1.39/0.55  emits 0.50  spf 51.9  z0 0.71  garr 102.5  tG 803  e2 0.11  nF 5.4  pS 0.30  ptS 0.28  fLog 0.58  pdΔ -0.2017  pkR 6.48  clip 0.06  kl +0.005
upd  170  steps  350208  sps 1316  opp symm  loss -0.012  pg +0.0165  v 0.007  ev +0.96  adv_std 0.121  tR -1.00  ent[s/d/p/e] 1.72/2.04/1.41/0.55  emits 0.53  spf 50.1  z0 0.70  garr 99.7  tG 812  e2 0.11  nF 5.8  pS 0.31  ptS 0.29  fLog 0.57  pdΔ -0.1920  pkR 6.81  clip 0.06  kl +0.001
upd  171  steps  352256  sps 1320  opp symm  loss -0.002  pg +0.0252  v 0.010  ev +0.94  adv_std 0.140  tR -0.33  ent[s/d/p/e] 1.85/2.11/1.34/0.54  emits 0.57  spf 48.3  z0 0.71  garr 98.8  tG 823  e2 0.11  nF 6.2  pS 0.33  ptS 0.31  fLog 0.56  pdΔ -0.1748  pkR 7.25  clip 0.09  kl +0.002
upd  172  steps  354304  sps 1325  opp symm  loss -0.022  pg +0.0066  v 0.007  ev +0.96  adv_std 0.119  tR +0.43  ent[s/d/p/e] 1.84/2.13/1.33/0.53  emits 0.54  spf 56.7  z0 0.70  garr 108.0  tG 885  e2 0.10  nF 5.9  pS 0.32  ptS 0.30  fLog 0.58  pdΔ -0.1813  pkR 7.35  clip 0.10  kl +0.002
upd  173  steps  356352  sps 1329  opp symm  loss -0.026  pg +0.0022  v 0.007  ev +0.96  adv_std 0.117  tR +0.71  ent[s/d/p/e] 1.61/1.99/1.40/0.54  emits 0.46  spf 59.5  z0 0.71  garr 100.8  tG 812  e2 0.09  nF 4.8  pS 0.29  ptS 0.27  fLog 0.59  pdΔ -0.2089  pkR 9.55  clip 0.09  kl +0.004
upd  174  steps  358400  sps 1334  opp symm  loss +0.004  pg +0.0303  v 0.007  ev +0.95  adv_std 0.121  tR -0.50  ent[s/d/p/e] 1.58/1.88/1.32/0.54  emits 0.51  spf 52.5  z0 0.70  garr 89.7  tG 702  e2 0.11  nF 5.1  pS 0.28  ptS 0.26  fLog 0.57  pdΔ -0.2210  pkR 12.38  clip 0.10  kl +0.006
upd  175  steps  360448  sps 1338  opp symm  loss -0.031  pg -0.0033  v 0.007  ev +0.96  adv_std 0.117  tR +0.00  ent[s/d/p/e] 1.61/1.91/1.37/0.55  emits 0.50  spf 50.5  z0 0.70  garr 88.9  tG 694  e2 0.11  nF 5.5  pS 0.29  ptS 0.27  fLog 0.56  pdΔ -0.2135  pkR 12.05  clip 0.08  kl -0.000
upd  176  steps  362496  sps 1342  opp symm  loss -0.044  pg -0.0177  v 0.008  ev +0.96  adv_std 0.125  tR -0.33  ent[s/d/p/e] 1.72/1.94/1.31/0.51  emits 0.44  spf 46.2  z0 0.74  garr 92.5  tG 711  e2 0.10  nF 5.6  pS 0.29  ptS 0.28  fLog 0.56  pdΔ -0.2072  pkR 10.81  clip 0.11  kl +0.004
upd  177  steps  364544  sps 1347  opp symm  loss -0.022  pg +0.0035  v 0.009  ev +0.95  adv_std 0.136  tR -0.14  ent[s/d/p/e] 1.68/1.91/1.38/0.50  emits 0.36  spf 51.1  z0 0.75  garr 94.9  tG 751  e2 0.07  nF 4.3  pS 0.30  ptS 0.29  fLog 0.58  pdΔ -0.1972  pkR 7.39  clip 0.07  kl -0.001
upd  178  steps  366592  sps 1351  opp symm  loss -0.034  pg -0.0052  v 0.006  ev +0.97  adv_std 0.105  tR -0.50  ent[s/d/p/e] 1.79/1.93/1.38/0.53  emits 0.45  spf 53.6  z0 0.74  garr 106.0  tG 828  e2 0.10  nF 4.7  pS 0.31  ptS 0.30  fLog 0.59  pdΔ -0.1899  pkR 8.17  clip 0.10  kl +0.003
upd  179  steps  368640  sps 1355  opp symm  loss -0.038  pg -0.0119  v 0.010  ev +0.92  adv_std 0.145  tR -0.67  ent[s/d/p/e] 1.78/1.92/1.35/0.52  emits 0.51  spf 50.2  z0 0.70  garr 96.9  tG 744  e2 0.11  nF 5.7  pS 0.31  ptS 0.30  fLog 0.57  pdΔ -0.1914  pkR 9.18  clip 0.09  kl +0.006
upd  180  steps  370688  sps 1360  opp symm  loss +0.006  pg +0.0346  v 0.005  ev +0.96  adv_std 0.100  tR +0.33  ent[s/d/p/e] 1.86/2.01/1.35/0.53  emits 0.49  spf 51.2  z0 0.73  garr 102.3  tG 739  e2 0.11  nF 5.7  pS 0.31  ptS 0.30  fLog 0.58  pdΔ -0.1859  pkR 8.84  clip 0.06  kl +0.002
upd  181  steps  372736  sps 1364  opp symm  loss +0.059  pg +0.0853  v 0.008  ev +0.94  adv_std 0.125  tR +0.60  ent[s/d/p/e] 1.70/1.94/1.37/0.50  emits 0.41  spf 46.7  z0 0.75  garr 97.2  tG 653  e2 0.08  nF 5.0  pS 0.29  ptS 0.27  fLog 0.56  pdΔ -0.2120  pkR 7.28  clip 0.08  kl +0.001
upd  182  steps  374784  sps 1368  opp symm  loss +0.049  pg +0.0755  v 0.008  ev +0.94  adv_std 0.127  tR +1.00  ent[s/d/p/e] 1.69/1.95/1.35/0.50  emits 0.41  spf 47.5  z0 0.74  garr 107.0  tG 696  e2 0.08  nF 4.7  pS 0.29  ptS 0.28  fLog 0.56  pdΔ -0.2075  pkR 7.29  clip 0.08  kl +0.000
upd  183  steps  376832  sps 1373  opp symm  loss +0.047  pg +0.0727  v 0.008  ev +0.95  adv_std 0.125  tR +1.00  ent[s/d/p/e] 1.62/1.89/1.33/0.48  emits 0.33  spf 50.5  z0 0.78  garr 121.9  tG 769  e2 0.06  nF 3.7  pS 0.28  ptS 0.27  fLog 0.57  pdΔ -0.2219  pkR 6.73  clip 0.08  kl +0.003
upd  184  steps  378880  sps 1377  opp symm  loss -0.030  pg -0.0041  v 0.006  ev +0.96  adv_std 0.108  tR -1.00  ent[s/d/p/e] 1.76/1.96/1.35/0.44  emits 0.32  spf 48.5  z0 0.80  garr 128.5  tG 848  e2 0.07  nF 3.9  pS 0.28  ptS 0.28  fLog 0.57  pdΔ -0.2162  pkR 6.80  clip 0.05  kl +0.001
upd  185  steps  380928  sps 1381  opp symm  loss +0.017  pg +0.0410  v 0.009  ev +0.95  adv_std 0.134  tR +0.20  ent[s/d/p/e] 1.62/1.87/1.36/0.44  emits 0.30  spf 49.5  z0 0.80  garr 129.0  tG 886  e2 0.06  nF 3.6  pS 0.29  ptS 0.29  fLog 0.56  pdΔ -0.2067  pkR 6.91  clip 0.05  kl +0.001