
=== [2026-06-11T08:27:06Z] v14f_binary_v1_a_p0i5_ORBITWARS_SHAPING_RELEASE_K_15.0_9bd17803b1 phase=a kind=probe chunk=500 env={"ORBITWARS_SHAPING_ANTI_HOARD": 0.035, "ORBITWARS_SHAPING_CAPTURE": 0.04, "ORBITWARS_SHAPING_RELEASE": 0.003, "ORBITWARS_SHAPING_RELEASE_K": 15.0, "ORBITWARS_SHAPING_PROD_SHARE_DELTA": 0.025, "ORBITWARS_SHAPING_ONE_SHIP_PENALTY": 0.025} ppo={"ent_coef_emit": 0.0225, "lr_peak": 4.5e-05} ===
[reward] kaggle-aligned: terminal +1 win/+1 tie>0/-1 loss/-1 double-wipeout; is_terminal at step >= episode_steps-2; SHAPING_SCALE=0.0; v1: KEEP_HOME=0.0 FLEET_SIZE=0.0/norm20.0; v2 (expert-replay calibrated): PROD_SHARE=0.0 PLANET_SHARE=0.0 FLEET_LOG=0.0/ref500.0/floor0.3; v3 (top10-2630ep calibrated): PROD_SHARE_DELTA=0.025 EMIT_LOG=0.0 EMIT_GATED=0.0 RELEASE=0.003/K15.0 CAPTURE=0.04; ANTI_HOARD=0.035/thresh0.6; episode_steps=500 (kaggle=500, mismatch=False)
[symmetric] Frog Parade style: same params drive BOTH players, no frozen/strong/buffer opponents, zero_sum_value=True
upd    0  steps    2048  sps 37  opp symm  loss +0.106  pg +0.1213  v 0.005  ev +0.19  adv_std 0.098  tR +0.00  ent[s/d/p/e] 0.35/1.15/1.15/0.29  emits 0.34  spf 14.5  z0 0.75  garr 15.3  tG 21  e2 0.06  nF 2.0  pS 0.07  ptS 0.07  fLog 0.41  pdΔ -0.4343  pkR 6.96  clip 0.07  kl +0.002
upd    1  steps    4096  sps 74  opp symm  loss +0.077  pg +0.0977  v 0.006  ev +0.39  adv_std 0.119  tR +0.00  ent[s/d/p/e] 0.75/1.37/1.21/0.47  emits 0.45  spf 18.8  z0 0.71  garr 22.8  tG 61  e2 0.09  nF 4.5  pS 0.11  ptS 0.11  fLog 0.43  pdΔ -0.3859  pkR 7.02  clip 0.19  kl +0.005
upd    2  steps    6144  sps 110  opp symm  loss -0.003  pg +0.0190  v 0.008  ev +0.36  adv_std 0.129  tR +1.00  ent[s/d/p/e] 1.00/1.65/1.16/0.51  emits 0.48  spf 26.2  z0 0.69  garr 30.3  tG 115  e2 0.10  nF 5.4  pS 0.15  ptS 0.14  fLog 0.47  pdΔ -0.3521  pkR 8.32  clip 0.07  kl +0.005
upd    3  steps    8192  sps 145  opp symm  loss -0.110  pg -0.0860  v 0.008  ev +0.10  adv_std 0.129  tR -1.00  ent[s/d/p/e] 1.17/1.80/1.19/0.53  emits 0.44  spf 33.7  z0 0.71  garr 40.7  tG 202  e2 0.09  nF 5.0  pS 0.18  ptS 0.18  fLog 0.50  pdΔ -0.3153  pkR 7.20  clip 0.12  kl +0.005
upd    4  steps   10240  sps 179  opp symm  loss +0.018  pg +0.0471  v 0.001  ev +0.38  adv_std 0.049  tR +0.00  ent[s/d/p/e] 1.33/1.96/1.25/0.53  emits 0.40  spf 42.0  z0 0.73  garr 53.1  tG 301  e2 0.08  nF 4.6  pS 0.22  ptS 0.21  fLog 0.53  pdΔ -0.2827  pkR 6.35  clip 0.17  kl +0.009
upd    5  steps   12288  sps 212  opp symm  loss +0.030  pg +0.0598  v 0.001  ev +0.44  adv_std 0.055  tR +0.00  ent[s/d/p/e] 1.46/2.04/1.24/0.56  emits 0.46  spf 49.4  z0 0.70  garr 59.1  tG 403  e2 0.10  nF 4.6  pS 0.26  ptS 0.25  fLog 0.55  pdΔ -0.2436  pkR 6.09  clip 0.22  kl +0.012
upd    6  steps   14336  sps 245  opp symm  loss -0.031  pg -0.0017  v 0.004  ev +0.45  adv_std 0.085  tR +1.00  ent[s/d/p/e] 1.60/2.17/1.30/0.55  emits 0.37  spf 59.8  z0 0.75  garr 70.7  tG 548  e2 0.08  nF 4.0  pS 0.29  ptS 0.28  fLog 0.58  pdΔ -0.2070  pkR 4.94  clip 0.27  kl +0.008
upd    7  steps   16384  sps 276  opp symm  loss -0.086  pg -0.0575  v 0.007  ev +0.28  adv_std 0.128  tR +0.33  ent[s/d/p/e] 1.76/2.25/1.27/0.54  emits 0.42  spf 67.3  z0 0.72  garr 78.0  tG 627  e2 0.08  nF 4.1  pS 0.31  ptS 0.30  fLog 0.60  pdΔ -0.1916  pkR 5.06  clip 0.45  kl +0.014
upd    8  steps   18432  sps 308  opp symm  loss -0.032  pg -0.0009  v 0.004  ev +0.55  adv_std 0.085  tR -1.00  ent[s/d/p/e] 1.83/2.28/1.21/0.60  emits 0.58  spf 68.9  z0 0.67  garr 72.7  tG 626  e2 0.13  nF 4.9  pS 0.33  ptS 0.32  fLog 0.59  pdΔ -0.1741  pkR 4.94  clip 0.10  kl +0.002
upd    9  steps   20480  sps 338  opp symm  loss -0.121  pg -0.0917  v 0.007  ev +0.53  adv_std 0.114  tR -1.00  ent[s/d/p/e] 1.85/2.27/1.21/0.59  emits 0.55  spf 65.5  z0 0.67  garr 68.6  tG 636  e2 0.14  nF 5.4  pS 0.34  ptS 0.34  fLog 0.59  pdΔ -0.1552  pkR 4.63  clip 0.32  kl +0.012
upd   10  steps   22528  sps 368  opp symm  loss -0.011  pg +0.0206  v 0.005  ev +0.62  adv_std 0.098  tR +1.00  ent[s/d/p/e] 1.97/2.34/1.22/0.61  emits 0.63  spf 66.4  z0 0.65  garr 67.6  tG 641  e2 0.15  nF 6.1  pS 0.36  ptS 0.35  fLog 0.58  pdΔ -0.1371  pkR 4.62  clip 0.41  kl +0.017
upd   11  steps   24576  sps 397  opp symm  loss -0.043  pg -0.0112  v 0.005  ev +0.77  adv_std 0.098  tR +0.00  ent[s/d/p/e] 1.95/2.32/1.27/0.61  emits 0.60  spf 66.8  z0 0.66  garr 70.8  tG 657  e2 0.14  nF 6.1  pS 0.36  ptS 0.35  fLog 0.58  pdΔ -0.1363  pkR 4.47  clip 0.16  kl +0.007
upd   12  steps   26624  sps 426  opp symm  loss -0.017  pg +0.0147  v 0.005  ev +0.80  adv_std 0.093  tR +1.00  ent[s/d/p/e] 2.01/2.37/1.22/0.60  emits 0.57  spf 70.6  z0 0.67  garr 74.7  tG 727  e2 0.14  nF 5.5  pS 0.38  ptS 0.37  fLog 0.59  pdΔ -0.1174  pkR 4.96  clip 0.16  kl +0.008
upd   13  steps   28672  sps 454  opp symm  loss -0.060  pg -0.0298  v 0.007  ev +0.77  adv_std 0.114  tR +0.00  ent[s/d/p/e] 2.02/2.34/1.18/0.62  emits 0.69  spf 64.3  z0 0.63  garr 70.0  tG 663  e2 0.17  nF 6.3  pS 0.38  ptS 0.37  fLog 0.59  pdΔ -0.1214  pkR 4.03  clip 0.15  kl +0.009
upd   14  steps   30720  sps 482  opp symm  loss -0.018  pg +0.0128  v 0.006  ev +0.84  adv_std 0.101  tR +1.00  ent[s/d/p/e] 2.02/2.37/1.17/0.61  emits 0.66  spf 65.1  z0 0.63  garr 71.7  tG 677  e2 0.15  nF 6.8  pS 0.39  ptS 0.38  fLog 0.58  pdΔ -0.1138  pkR 4.65  clip 0.24  kl +0.009
upd   15  steps   32768  sps 509  opp symm  loss +0.003  pg -0.0276  v 0.120  ev -0.19  adv_std 0.519  tR +0.06  ent[s/d/p/e] 1.72/2.20/1.15/0.49  emits 0.40  spf 58.8  z0 0.75  garr 57.3  tG 513  e2 0.08  nF 4.2  pS 0.27  ptS 0.27  fLog 0.57  pdΔ -0.2254  pkR 8.30  clip 0.08  kl +0.004
upd   16  steps   34816  sps 535  opp symm  loss +0.014  pg +0.0402  v 0.003  ev +0.12  adv_std 0.080  tR +0.00  ent[s/d/p/e] 1.19/2.03/1.29/0.44  emits 0.28  spf 54.3  z0 0.80  garr 45.0  tG 249  e2 0.05  nF 2.7  pS 0.15  ptS 0.15  fLog 0.55  pdΔ -0.3478  pkR 8.46  clip 0.13  kl +0.003
upd   17  steps   36864  sps 561  opp symm  loss +0.010  pg +0.0379  v 0.003  ev +0.47  adv_std 0.081  tR -1.00  ent[s/d/p/e] 1.43/2.08/1.22/0.50  emits 0.37  spf 53.6  z0 0.76  garr 49.3  tG 299  e2 0.08  nF 3.5  pS 0.19  ptS 0.19  fLog 0.57  pdΔ -0.3073  pkR 8.02  clip 0.14  kl +0.006
upd   18  steps   38912  sps 586  opp symm  loss +0.005  pg +0.0339  v 0.003  ev +0.54  adv_std 0.070  tR +1.00  ent[s/d/p/e] 1.57/2.19/1.21/0.51  emits 0.33  spf 57.9  z0 0.77  garr 56.5  tG 354  e2 0.06  nF 3.6  pS 0.22  ptS 0.22  fLog 0.57  pdΔ -0.2785  pkR 5.76  clip 0.18  kl +0.010
upd   19  steps   40960  sps 611  opp symm  loss +0.028  pg +0.0580  v 0.003  ev +0.65  adv_std 0.068  tR -1.00  ent[s/d/p/e] 1.62/2.20/1.22/0.57  emits 0.48  spf 56.3  z0 0.69  garr 59.8  tG 422  e2 0.10  nF 4.3  pS 0.25  ptS 0.25  fLog 0.56  pdΔ -0.2536  pkR 5.67  clip 0.15  kl +0.012
upd   20  steps   43008  sps 636  opp symm  loss -0.120  pg -0.0897  v 0.003  ev +0.72  adv_std 0.080  tR -1.00  ent[s/d/p/e] 1.71/2.21/1.23/0.58  emits 0.52  spf 59.3  z0 0.69  garr 58.7  tG 468  e2 0.12  nF 5.8  pS 0.28  ptS 0.28  fLog 0.57  pdΔ -0.2230  pkR 8.69  clip 0.16  kl +0.006
upd   21  steps   45056  sps 660  opp symm  loss -0.099  pg -0.0673  v 0.003  ev +0.72  adv_std 0.080  tR +0.33  ent[s/d/p/e] 1.86/2.29/1.25/0.59  emits 0.58  spf 60.1  z0 0.68  garr 57.9  tG 460  e2 0.13  nF 6.4  pS 0.30  ptS 0.30  fLog 0.58  pdΔ -0.1995  pkR 8.86  clip 0.11  kl +0.001
upd   22  steps   47104  sps 683  opp symm  loss -0.067  pg -0.0347  v 0.003  ev +0.63  adv_std 0.071  tR +0.00  ent[s/d/p/e] 1.89/2.33/1.23/0.60  emits 0.55  spf 60.3  z0 0.68  garr 61.0  tG 471  e2 0.12  nF 5.8  pS 0.30  ptS 0.30  fLog 0.58  pdΔ -0.1991  pkR 4.93  clip 0.13  kl +0.003
upd   23  steps   49152  sps 706  opp symm  loss -0.004  pg +0.0263  v 0.005  ev +0.30  adv_std 0.101  tR +0.00  ent[s/d/p/e] 1.94/2.33/1.14/0.60  emits 0.54  spf 63.0  z0 0.67  garr 65.7  tG 536  e2 0.11  nF 5.8  pS 0.32  ptS 0.32  fLog 0.58  pdΔ -0.1794  pkR 5.13  clip 0.11  kl +0.003
upd   24  steps   51200  sps 729  opp symm  loss -0.006  pg +0.0264  v 0.003  ev +0.49  adv_std 0.080  tR +0.33  ent[s/d/p/e] 1.95/2.38/1.29/0.59  emits 0.53  spf 68.6  z0 0.69  garr 68.0  tG 577  e2 0.12  nF 5.9  pS 0.33  ptS 0.33  fLog 0.60  pdΔ -0.1713  pkR 6.22  clip 0.09  kl +0.001
upd   25  steps   53248  sps 751  opp symm  loss -0.001  pg +0.0309  v 0.004  ev +0.50  adv_std 0.083  tR +0.00  ent[s/d/p/e] 1.93/2.36/1.21/0.60  emits 0.61  spf 69.5  z0 0.66  garr 67.4  tG 554  e2 0.14  nF 6.0  pS 0.33  ptS 0.33  fLog 0.59  pdΔ -0.1749  pkR 4.71  clip 0.19  kl +0.011
upd   26  steps   55296  sps 773  opp symm  loss -0.019  pg +0.0128  v 0.004  ev +0.37  adv_std 0.087  tR +1.00  ent[s/d/p/e] 1.99/2.40/1.21/0.58  emits 0.48  spf 67.8  z0 0.71  garr 72.2  tG 600  e2 0.10  nF 6.0  pS 0.34  ptS 0.34  fLog 0.60  pdΔ -0.1600  pkR 4.78  clip 0.10  kl +0.005
upd   27  steps   57344  sps 794  opp symm  loss -0.008  pg +0.0248  v 0.002  ev +0.59  adv_std 0.070  tR +1.00  ent[s/d/p/e] 1.94/2.38/1.24/0.59  emits 0.49  spf 73.1  z0 0.70  garr 76.4  tG 662  e2 0.12  nF 5.4  pS 0.34  ptS 0.34  fLog 0.61  pdΔ -0.1595  pkR 5.03  clip 0.10  kl +0.002
upd   28  steps   59392  sps 816  opp symm  loss -0.057  pg -0.0263  v 0.006  ev +0.53  adv_std 0.101  tR -0.33  ent[s/d/p/e] 1.88/2.33/1.18/0.61  emits 0.67  spf 65.3  z0 0.64  garr 66.9  tG 546  e2 0.16  nF 6.4  pS 0.32  ptS 0.32  fLog 0.58  pdΔ -0.1825  pkR 6.47  clip 0.17  kl +0.008
upd   29  steps   61440  sps 836  opp symm  loss -0.081  pg -0.0507  v 0.006  ev +0.51  adv_std 0.104  tR -0.33  ent[s/d/p/e] 1.84/2.27/1.15/0.60  emits 0.70  spf 59.0  z0 0.63  garr 56.9  tG 425  e2 0.17  nF 7.4  pS 0.30  ptS 0.30  fLog 0.56  pdΔ -0.2036  pkR 7.85  clip 0.15  kl +0.005
upd   30  steps   63488  sps 857  opp symm  loss -0.019  pg +0.0120  v 0.002  ev +0.56  adv_std 0.065  tR -1.00  ent[s/d/p/e] 1.81/2.23/1.18/0.59  emits 0.70  spf 51.1  z0 0.64  garr 46.6  tG 376  e2 0.15  nF 7.6  pS 0.30  ptS 0.30  fLog 0.55  pdΔ -0.2020  pkR 6.23  clip 0.32  kl +0.003
upd   31  steps   65536  sps 877  opp symm  loss -0.047  pg -0.0349  v 0.030  ev +0.10  adv_std 0.253  tR -0.22  ent[s/d/p/e] 1.18/1.90/1.28/0.45  emits 0.31  spf 38.7  z0 0.77  garr 32.7  tG 158  e2 0.06  nF 3.2  pS 0.15  ptS 0.15  fLog 0.52  pdΔ -0.3536  pkR 13.17  clip 0.14  kl +0.007
upd   32  steps   67584  sps 896  opp symm  loss -0.091  pg -0.0635  v 0.001  ev +0.77  adv_std 0.053  tR -1.00  ent[s/d/p/e] 1.15/1.98/1.29/0.48  emits 0.28  spf 42.8  z0 0.80  garr 41.9  tG 177  e2 0.05  nF 3.2  pS 0.15  ptS 0.15  fLog 0.55  pdΔ -0.3463  pkR 8.54  clip 0.09  kl +0.006
upd   33  steps   69632  sps 916  opp symm  loss -0.009  pg +0.0177  v 0.005  ev +0.49  adv_std 0.105  tR -0.33  ent[s/d/p/e] 1.34/2.14/1.31/0.48  emits 0.33  spf 48.7  z0 0.78  garr 50.4  tG 218  e2 0.06  nF 3.3  pS 0.18  ptS 0.18  fLog 0.57  pdΔ -0.3238  pkR 6.38  clip 0.10  kl +0.003
upd   34  steps   71680  sps 935  opp symm  loss -0.051  pg -0.0235  v 0.005  ev +0.62  adv_std 0.098  tR +0.33  ent[s/d/p/e] 1.39/2.10/1.29/0.54  emits 0.41  spf 47.4  z0 0.74  garr 49.4  tG 237  e2 0.08  nF 3.7  pS 0.19  ptS 0.19  fLog 0.56  pdΔ -0.3073  pkR 4.83  clip 0.07  kl +0.001
upd   35  steps   73728  sps 953  opp symm  loss -0.072  pg -0.0415  v 0.002  ev +0.89  adv_std 0.055  tR +1.00  ent[s/d/p/e] 1.50/2.15/1.26/0.56  emits 0.48  spf 49.0  z0 0.69  garr 44.7  tG 248  e2 0.10  nF 4.7  pS 0.22  ptS 0.22  fLog 0.56  pdΔ -0.2803  pkR 6.46  clip 0.09  kl +0.002
upd   36  steps   75776  sps 972  opp symm  loss -0.099  pg -0.0715  v 0.007  ev +0.68  adv_std 0.123  tR -0.33  ent[s/d/p/e] 1.56/2.16/1.25/0.56  emits 0.43  spf 47.4  z0 0.72  garr 44.3  tG 260  e2 0.09  nF 4.8  pS 0.24  ptS 0.24  fLog 0.57  pdΔ -0.2611  pkR 4.44  clip 0.12  kl +0.002
upd   37  steps   77824  sps 990  opp symm  loss +0.001  pg +0.0318  v 0.003  ev +0.83  adv_std 0.082  tR -1.00  ent[s/d/p/e] 1.65/2.30/1.34/0.57  emits 0.42  spf 53.6  z0 0.72  garr 51.7  tG 324  e2 0.09  nF 4.2  pS 0.26  ptS 0.26  fLog 0.59  pdΔ -0.2361  pkR 3.67  clip 0.12  kl -0.000
upd   38  steps   79872  sps 1007  opp symm  loss -0.048  pg -0.0174  v 0.003  ev +0.89  adv_std 0.072  tR -1.00  ent[s/d/p/e] 1.64/2.26/1.29/0.56  emits 0.34  spf 59.5  z0 0.76  garr 65.3  tG 426  e2 0.07  nF 3.7  pS 0.28  ptS 0.27  fLog 0.59  pdΔ -0.2236  pkR 3.86  clip 0.08  kl +0.004
upd   39  steps   81920  sps 1025  opp symm  loss -0.024  pg +0.0081  v 0.004  ev +0.87  adv_std 0.083  tR +0.00  ent[s/d/p/e] 1.77/2.34/1.35/0.58  emits 0.47  spf 66.6  z0 0.71  garr 65.9  tG 448  e2 0.10  nF 4.4  pS 0.29  ptS 0.29  fLog 0.61  pdΔ -0.2091  pkR 4.52  clip 0.06  kl -0.002
upd   40  steps   83968  sps 1042  opp symm  loss -0.027  pg +0.0037  v 0.005  ev +0.83  adv_std 0.100  tR -1.00  ent[s/d/p/e] 1.73/2.31/1.33/0.58  emits 0.43  spf 65.9  z0 0.72  garr 67.5  tG 491  e2 0.09  nF 4.6  pS 0.30  ptS 0.29  fLog 0.60  pdΔ -0.2035  pkR 5.06  clip 0.16  kl +0.004
upd   41  steps   86016  sps 1059  opp symm  loss -0.059  pg -0.0272  v 0.003  ev +0.89  adv_std 0.073  tR +0.33  ent[s/d/p/e] 1.82/2.36/1.37/0.56  emits 0.38  spf 64.7  z0 0.74  garr 75.6  tG 566  e2 0.08  nF 4.2  pS 0.31  ptS 0.30  fLog 0.60  pdΔ -0.1936  pkR 5.68  clip 0.09  kl -0.000
upd   42  steps   88064  sps 1076  opp symm  loss -0.046  pg -0.0135  v 0.003  ev +0.89  adv_std 0.076  tR -0.33  ent[s/d/p/e] 1.88/2.42/1.34/0.59  emits 0.50  spf 78.1  z0 0.71  garr 73.9  tG 576  e2 0.11  nF 4.4  pS 0.32  ptS 0.31  fLog 0.63  pdΔ -0.1820  pkR 5.04  clip 0.11  kl -0.001
upd   43  steps   90112  sps 1092  opp symm  loss +0.005  pg +0.0382  v 0.002  ev +0.92  adv_std 0.063  tR -1.00  ent[s/d/p/e] 1.96/2.46/1.29/0.59  emits 0.52  spf 70.7  z0 0.70  garr 71.0  tG 563  e2 0.13  nF 5.1  pS 0.34  ptS 0.33  fLog 0.62  pdΔ -0.1598  pkR 3.58  clip 0.11  kl +0.004
upd   44  steps   92160  sps 1108  opp symm  loss -0.014  pg +0.0190  v 0.003  ev +0.85  adv_std 0.080  tR -1.00  ent[s/d/p/e] 2.02/2.47/1.20/0.61  emits 0.67  spf 60.9  z0 0.64  garr 69.4  tG 566  e2 0.15  nF 6.7  pS 0.36  ptS 0.36  fLog 0.59  pdΔ -0.1366  pkR 3.66  clip 0.37  kl +0.023
upd   45  steps   94208  sps 1124  opp symm  loss -0.082  pg -0.0508  v 0.005  ev +0.79  adv_std 0.101  tR -0.50  ent[s/d/p/e] 2.08/2.51/1.25/0.58  emits 0.62  spf 65.1  z0 0.68  garr 68.7  tG 571  e2 0.14  nF 6.4  pS 0.37  ptS 0.37  fLog 0.61  pdΔ -0.1261  pkR 4.03  clip 0.14  kl +0.004
upd   46  steps   96256  sps 1140  opp symm  loss -0.103  pg -0.0887  v 0.038  ev +0.56  adv_std 0.287  tR -0.03  ent[s/d/p/e] 2.06/2.50/1.23/0.54  emits 0.46  spf 65.9  z0 0.75  garr 68.9  tG 549  e2 0.10  nF 5.0  pS 0.33  ptS 0.32  fLog 0.61  pdΔ -0.1709  pkR 4.19  clip 0.09  kl +0.003
upd   47  steps   98304  sps 1155  opp symm  loss +0.009  pg +0.0393  v 0.001  ev +0.87  adv_std 0.056  tR +0.00  ent[s/d/p/e] 1.72/2.45/1.37/0.47  emits 0.28  spf 71.5  z0 0.80  garr 73.7  tG 487  e2 0.06  nF 2.4  pS 0.24  ptS 0.24  fLog 0.63  pdΔ -0.2564  pkR 5.79  clip 0.06  kl +0.002
upd   48  steps  100352  sps 1170  opp symm  loss +0.018  pg +0.0487  v 0.003  ev +0.80  adv_std 0.076  tR -1.00  ent[s/d/p/e] 1.89/2.53/1.28/0.51  emits 0.36  spf 78.9  z0 0.77  garr 86.2  tG 561  e2 0.08  nF 3.0  pS 0.27  ptS 0.27  fLog 0.64  pdΔ -0.2258  pkR 4.72  clip 0.16  kl +0.004
upd   49  steps  102400  sps 1185  opp symm  loss -0.021  pg +0.0091  v 0.003  ev +0.82  adv_std 0.075  tR +0.33  ent[s/d/p/e] 1.96/2.56/1.30/0.47  emits 0.29  spf 81.7  z0 0.81  garr 98.0  tG 599  e2 0.05  nF 2.7  pS 0.27  ptS 0.27  fLog 0.65  pdΔ -0.2267  pkR 4.47  clip 0.15  kl +0.010
upd   50  steps  104448  sps 1200  opp symm  loss -0.094  pg -0.0615  v 0.002  ev +0.88  adv_std 0.065  tR +1.00  ent[s/d/p/e] 1.92/2.53/1.34/0.54  emits 0.54  spf 77.3  z0 0.73  garr 94.8  tG 535  e2 0.13  nF 3.8  pS 0.27  ptS 0.26  fLog 0.63  pdΔ -0.2318  pkR 4.68  clip 0.08  kl +0.003
upd   51  steps  106496  sps 1214  opp symm  loss -0.018  pg +0.0126  v 0.003  ev +0.83  adv_std 0.079  tR +1.00  ent[s/d/p/e] 1.84/2.44/1.28/0.54  emits 0.49  spf 60.8  z0 0.72  garr 74.9  tG 407  e2 0.10  nF 5.0  pS 0.27  ptS 0.27  fLog 0.60  pdΔ -0.2318  pkR 3.44  clip 0.08  kl -0.002
upd   52  steps  108544  sps 1228  opp symm  loss +0.009  pg +0.0400  v 0.004  ev +0.83  adv_std 0.092  tR +0.33  ent[s/d/p/e] 1.83/2.41/1.26/0.55  emits 0.53  spf 58.8  z0 0.70  garr 70.4  tG 395  e2 0.12  nF 5.0  pS 0.27  ptS 0.27  fLog 0.59  pdΔ -0.2299  pkR 3.50  clip 0.13  kl +0.005
upd   53  steps  110592  sps 1243  opp symm  loss -0.044  pg -0.0120  v 0.003  ev +0.91  adv_std 0.074  tR +0.00  ent[s/d/p/e] 1.74/2.38/1.30/0.58  emits 0.48  spf 56.0  z0 0.71  garr 64.4  tG 383  e2 0.11  nF 5.0  pS 0.27  ptS 0.27  fLog 0.58  pdΔ -0.2286  pkR 3.40  clip 0.12  kl +0.003
upd   54  steps  112640  sps 1256  opp symm  loss -0.078  pg -0.0459  v 0.002  ev +0.93  adv_std 0.066  tR +0.00  ent[s/d/p/e] 1.80/2.37/1.30/0.58  emits 0.46  spf 60.5  z0 0.72  garr 67.7  tG 440  e2 0.10  nF 5.0  pS 0.29  ptS 0.28  fLog 0.60  pdΔ -0.2142  pkR 3.86  clip 0.08  kl +0.001
upd   55  steps  114688  sps 1270  opp symm  loss -0.040  pg -0.0092  v 0.003  ev +0.89  adv_std 0.083  tR -0.60  ent[s/d/p/e] 1.75/2.33/1.25/0.57  emits 0.49  spf 64.9  z0 0.70  garr 66.0  tG 426  e2 0.11  nF 4.9  pS 0.28  ptS 0.27  fLog 0.60  pdΔ -0.2245  pkR 4.48  clip 0.14  kl +0.002
upd   56  steps  116736  sps 1284  opp symm  loss -0.003  pg +0.0279  v 0.005  ev +0.84  adv_std 0.099  tR -1.00  ent[s/d/p/e] 1.85/2.39/1.24/0.57  emits 0.52  spf 60.7  z0 0.71  garr 69.1  tG 439  e2 0.11  nF 5.0  pS 0.29  ptS 0.28  fLog 0.60  pdΔ -0.2148  pkR 3.60  clip 0.09  kl +0.002
upd   57  steps  118784  sps 1297  opp symm  loss -0.008  pg +0.0221  v 0.006  ev +0.83  adv_std 0.108  tR -1.00  ent[s/d/p/e] 1.88/2.42/1.28/0.57  emits 0.50  spf 61.0  z0 0.71  garr 71.5  tG 460  e2 0.11  nF 5.2  pS 0.30  ptS 0.29  fLog 0.60  pdΔ -0.2005  pkR 3.61  clip 0.08  kl +0.000
upd   58  steps  120832  sps 1310  opp symm  loss -0.054  pg -0.0234  v 0.003  ev +0.92  adv_std 0.082  tR +0.33  ent[s/d/p/e] 1.87/2.44/1.26/0.52  emits 0.45  spf 66.0  z0 0.74  garr 76.4  tG 491  e2 0.10  nF 5.0  pS 0.30  ptS 0.29  fLog 0.62  pdΔ -0.2038  pkR 4.05  clip 0.16  kl +0.005
upd   59  steps  122880  sps 1323  opp symm  loss -0.049  pg -0.0172  v 0.002  ev +0.95  adv_std 0.071  tR -1.00  ent[s/d/p/e] 1.94/2.43/1.23/0.57  emits 0.57  spf 63.1  z0 0.70  garr 75.4  tG 513  e2 0.13  nF 5.3  pS 0.30  ptS 0.29  fLog 0.60  pdΔ -0.2003  pkR 4.38  clip 0.09  kl +0.002
upd   60  steps  124928  sps 1336  opp symm  loss -0.009  pg +0.0231  v 0.002  ev +0.96  adv_std 0.064  tR -0.33  ent[s/d/p/e] 2.07/2.50/1.15/0.56  emits 0.57  spf 63.0  z0 0.70  garr 78.5  tG 537  e2 0.13  nF 6.1  pS 0.32  ptS 0.31  fLog 0.59  pdΔ -0.1814  pkR 5.72  clip 0.05  kl +0.002
upd   61  steps  126976  sps 1348  opp symm  loss -0.024  pg +0.0066  v 0.004  ev +0.93  adv_std 0.094  tR +0.00  ent[s/d/p/e] 2.04/2.47/1.18/0.56  emits 0.66  spf 58.7  z0 0.68  garr 70.3  tG 469  e2 0.15  nF 6.7  pS 0.32  ptS 0.31  fLog 0.58  pdΔ -0.1824  pkR 5.36  clip 0.10  kl +0.004
upd   62  steps  129024  sps 1361  opp symm  loss -0.008  pg +0.0152  v 0.016  ev +0.73  adv_std 0.177  tR -0.24  ent[s/d/p/e] 1.93/2.47/1.23/0.49  emits 0.43  spf 59.1  z0 0.76  garr 65.7  tG 366  e2 0.09  nF 4.8  pS 0.25  ptS 0.24  fLog 0.59  pdΔ -0.2548  pkR 6.74  clip 0.07  kl +0.001
upd   63  steps  131072  sps 1373  opp symm  loss -0.033  pg -0.0016  v 0.002  ev +0.96  adv_std 0.056  tR -1.00  ent[s/d/p/e] 1.90/2.51/1.31/0.48  emits 0.41  spf 58.7  z0 0.77  garr 70.8  tG 372  e2 0.08  nF 4.1  pS 0.25  ptS 0.24  fLog 0.60  pdΔ -0.2514  pkR 4.80  clip 0.09  kl +0.001
upd   64  steps  133120  sps 1385  opp symm  loss -0.020  pg +0.0111  v 0.003  ev +0.94  adv_std 0.074  tR +0.00  ent[s/d/p/e] 1.99/2.51/1.20/0.54  emits 0.59  spf 57.5  z0 0.70  garr 73.6  tG 404  e2 0.12  nF 5.4  pS 0.28  ptS 0.27  fLog 0.58  pdΔ -0.2216  pkR 4.29  clip 0.12  kl +0.003
upd   65  steps  135168  sps 1397  opp symm  loss -0.027  pg +0.0035  v 0.005  ev +0.87  adv_std 0.101  tR +1.00  ent[s/d/p/e] 1.93/2.47/1.23/0.54  emits 0.59  spf 49.6  z0 0.71  garr 69.9  tG 385  e2 0.13  nF 6.5  pS 0.29  ptS 0.28  fLog 0.57  pdΔ -0.2064  pkR 7.14  clip 0.18  kl +0.003
upd   66  steps  137216  sps 1409  opp symm  loss -0.045  pg -0.0136  v 0.003  ev +0.93  adv_std 0.076  tR +1.00  ent[s/d/p/e] 1.92/2.48/1.31/0.53  emits 0.44  spf 52.5  z0 0.73  garr 76.9  tG 444  e2 0.09  nF 5.2  pS 0.29  ptS 0.28  fLog 0.59  pdΔ -0.2092  pkR 8.98  clip 0.05  kl +0.002
upd   67  steps  139264  sps 1420  opp symm  loss -0.019  pg +0.0132  v 0.002  ev +0.96  adv_std 0.067  tR +0.00  ent[s/d/p/e] 1.96/2.49/1.31/0.55  emits 0.49  spf 57.0  z0 0.70  garr 79.9  tG 488  e2 0.10  nF 5.0  pS 0.31  ptS 0.30  fLog 0.60  pdΔ -0.1949  pkR 3.62  clip 0.11  kl +0.005
upd   68  steps  141312  sps 1432  opp symm  loss -0.009  pg +0.0228  v 0.004  ev +0.93  adv_std 0.091  tR -0.20  ent[s/d/p/e] 1.92/2.44/1.34/0.57  emits 0.54  spf 63.4  z0 0.69  garr 75.2  tG 489  e2 0.12  nF 4.7  pS 0.31  ptS 0.30  fLog 0.61  pdΔ -0.1935  pkR 3.50  clip 0.09  kl +0.001
upd   69  steps  143360  sps 1443  opp symm  loss -0.004  pg +0.0292  v 0.004  ev +0.94  adv_std 0.084  tR -1.00  ent[s/d/p/e] 1.98/2.47/1.34/0.59  emits 0.69  spf 56.7  z0 0.65  garr 64.2  tG 436  e2 0.15  nF 6.3  pS 0.32  ptS 0.31  fLog 0.59  pdΔ -0.1762  pkR 4.30  clip 0.09  kl +0.001
upd   70  steps  145408  sps 1454  opp symm  loss -0.028  pg +0.0045  v 0.004  ev +0.93  adv_std 0.089  tR -0.20  ent[s/d/p/e] 1.98/2.46/1.30/0.59  emits 0.65  spf 52.9  z0 0.67  garr 62.5  tG 417  e2 0.15  nF 6.8  pS 0.32  ptS 0.31  fLog 0.58  pdΔ -0.1776  pkR 4.72  clip 0.08  kl +0.001
upd   71  steps  147456  sps 1465  opp symm  loss -0.005  pg +0.0275  v 0.004  ev +0.93  adv_std 0.087  tR -0.50  ent[s/d/p/e] 1.92/2.44/1.33/0.58  emits 0.62  spf 54.7  z0 0.68  garr 59.3  tG 408  e2 0.14  nF 6.2  pS 0.32  ptS 0.31  fLog 0.59  pdΔ -0.1815  pkR 5.56  clip 0.09  kl +0.006
upd   72  steps  149504  sps 1476  opp symm  loss -0.017  pg +0.0152  v 0.003  ev +0.96  adv_std 0.076  tR +1.00  ent[s/d/p/e] 1.92/2.42/1.30/0.59  emits 0.80  spf 48.3  z0 0.64  garr 53.8  tG 348  e2 0.18  nF 7.6  pS 0.31  ptS 0.30  fLog 0.57  pdΔ -0.1871  pkR 4.28  clip 0.13  kl +0.004
upd   73  steps  151552  sps 1487  opp symm  loss -0.000  pg +0.0307  v 0.006  ev +0.93  adv_std 0.114  tR +0.00  ent[s/d/p/e] 1.92/2.42/1.30/0.59  emits 0.81  spf 44.0  z0 0.63  garr 49.4  tG 331  e2 0.19  nF 7.8  pS 0.31  ptS 0.31  fLog 0.56  pdΔ -0.1867  pkR 4.84  clip 0.11  kl +0.006
upd   74  steps  153600  sps 1497  opp symm  loss -0.059  pg -0.0275  v 0.004  ev +0.95  adv_std 0.092  tR +0.00  ent[s/d/p/e] 1.94/2.47/1.28/0.57  emits 0.63  spf 44.8  z0 0.68  garr 49.0  tG 318  e2 0.14  nF 6.9  pS 0.29  ptS 0.29  fLog 0.56  pdΔ -0.2073  pkR 6.88  clip 0.08  kl +0.003
upd   75  steps  155648  sps 1508  opp symm  loss -0.038  pg -0.0069  v 0.005  ev +0.95  adv_std 0.097  tR +0.60  ent[s/d/p/e] 1.87/2.44/1.31/0.55  emits 0.60  spf 46.9  z0 0.69  garr 50.2  tG 303  e2 0.13  nF 6.0  pS 0.27  ptS 0.27  fLog 0.57  pdΔ -0.2289  pkR 4.07  clip 0.05  kl -0.001
upd   76  steps  157696  sps 1518  opp symm  loss -0.029  pg +0.0015  v 0.005  ev +0.95  adv_std 0.099  tR -0.14  ent[s/d/p/e] 1.96/2.47/1.25/0.56  emits 0.62  spf 41.7  z0 0.69  garr 50.5  tG 304  e2 0.14  nF 6.2  pS 0.28  ptS 0.28  fLog 0.55  pdΔ -0.2191  pkR 3.97  clip 0.08  kl +0.003
upd   77  steps  159744  sps 1528  opp symm  loss +0.071  pg +0.0943  v 0.018  ev +0.83  adv_std 0.188  tR -0.38  ent[s/d/p/e] 1.80/2.44/1.29/0.51  emits 0.47  spf 46.0  z0 0.73  garr 56.7  tG 301  e2 0.10  nF 5.4  pS 0.25  ptS 0.25  fLog 0.56  pdΔ -0.2480  pkR 4.38  clip 0.11  kl -0.000
upd   78  steps  161792  sps 1538  opp symm  loss -0.017  pg +0.0115  v 0.004  ev +0.95  adv_std 0.091  tR +0.00  ent[s/d/p/e] 1.65/2.47/1.33/0.47  emits 0.33  spf 53.6  z0 0.79  garr 58.3  tG 273  e2 0.06  nF 3.3  pS 0.20  ptS 0.20  fLog 0.59  pdΔ -0.2969  pkR 6.27  clip 0.05  kl +0.001
upd   79  steps  163840  sps 1548  opp symm  loss +0.001  pg +0.0314  v 0.003  ev +0.96  adv_std 0.074  tR -1.00  ent[s/d/p/e] 1.84/2.52/1.28/0.49  emits 0.38  spf 53.5  z0 0.79  garr 59.9  tG 306  e2 0.07  nF 3.6  pS 0.23  ptS 0.23  fLog 0.59  pdΔ -0.2670  pkR 4.36  clip 0.07  kl +0.006
upd   80  steps  165888  sps 1558  opp symm  loss -0.037  pg -0.0060  v 0.004  ev +0.94  adv_std 0.087  tR -0.33  ent[s/d/p/e] 1.94/2.58/1.31/0.51  emits 0.50  spf 52.9  z0 0.74  garr 71.3  tG 366  e2 0.10  nF 4.6  pS 0.26  ptS 0.25  fLog 0.59  pdΔ -0.2369  pkR 3.42  clip 0.07  kl +0.002
upd   81  steps  167936  sps 1568  opp symm  loss +0.021  pg +0.0527  v 0.003  ev +0.96  adv_std 0.074  tR +0.00  ent[s/d/p/e] 1.97/2.54/1.23/0.52  emits 0.50  spf 55.1  z0 0.74  garr 75.1  tG 437  e2 0.10  nF 5.0  pS 0.30  ptS 0.28  fLog 0.59  pdΔ -0.2029  pkR 3.68  clip 0.13  kl +0.003
upd   82  steps  169984  sps 1578  opp symm  loss +0.027  pg +0.0589  v 0.003  ev +0.96  adv_std 0.075  tR +0.00  ent[s/d/p/e] 2.06/2.59/1.20/0.53  emits 0.61  spf 59.3  z0 0.70  garr 80.8  tG 516  e2 0.12  nF 5.4  pS 0.33  ptS 0.31  fLog 0.60  pdΔ -0.1748  pkR 3.60  clip 0.19  kl +0.005
upd   83  steps  172032  sps 1587  opp symm  loss -0.003  pg +0.0279  v 0.006  ev +0.92  adv_std 0.108  tR -1.00  ent[s/d/p/e] 2.08/2.57/1.23/0.56  emits 0.92  spf 51.1  z0 0.62  garr 70.0  tG 476  e2 0.20  nF 8.3  pS 0.36  ptS 0.35  fLog 0.57  pdΔ -0.1432  pkR 3.57  clip 0.13  kl +0.004
upd   84  steps  174080  sps 1596  opp symm  loss -0.004  pg +0.0254  v 0.008  ev +0.90  adv_std 0.125  tR +0.00  ent[s/d/p/e] 2.05/2.53/1.20/0.56  emits 0.79  spf 51.0  z0 0.65  garr 68.4  tG 491  e2 0.17  nF 8.3  pS 0.36  ptS 0.36  fLog 0.58  pdΔ -0.1354  pkR 5.48  clip 0.09  kl +0.005
upd   85  steps  176128  sps 1606  opp symm  loss -0.004  pg +0.0265  v 0.006  ev +0.91  adv_std 0.109  tR +0.00  ent[s/d/p/e] 1.98/2.48/1.21/0.57  emits 0.77  spf 51.1  z0 0.65  garr 67.8  tG 473  e2 0.17  nF 8.2  pS 0.35  ptS 0.34  fLog 0.58  pdΔ -0.1468  pkR 4.22  clip 0.13  kl +0.003
upd   86  steps  178176  sps 1615  opp symm  loss -0.028  pg +0.0026  v 0.007  ev +0.90  adv_std 0.121  tR +0.33  ent[s/d/p/e] 2.00/2.52/1.22/0.58  emits 0.91  spf 51.3  z0 0.62  garr 63.3  tG 449  e2 0.20  nF 8.5  pS 0.36  ptS 0.34  fLog 0.57  pdΔ -0.1433  pkR 4.34  clip 0.09  kl +0.004
upd   87  steps  180224  sps 1624  opp symm  loss -0.025  pg +0.0058  v 0.006  ev +0.94  adv_std 0.106  tR +1.00  ent[s/d/p/e] 1.97/2.52/1.25/0.57  emits 0.90  spf 47.4  z0 0.61  garr 57.9  tG 403  e2 0.19  nF 9.5  pS 0.35  ptS 0.33  fLog 0.57  pdΔ -0.1514  pkR 4.54  clip 0.15  kl +0.000
upd   88  steps  182272  sps 1633  opp symm  loss -0.039  pg -0.0072  v 0.006  ev +0.94  adv_std 0.110  tR +0.00  ent[s/d/p/e] 2.05/2.56/1.28/0.57  emits 0.79  spf 54.3  z0 0.64  garr 60.8  tG 452  e2 0.17  nF 8.6  pS 0.36  ptS 0.35  fLog 0.59  pdΔ -0.1388  pkR 4.71  clip 0.08  kl +0.001
upd   89  steps  184320  sps 1642  opp symm  loss -0.032  pg -0.0007  v 0.006  ev +0.94  adv_std 0.111  tR +0.20  ent[s/d/p/e] 2.10/2.58/1.24/0.56  emits 0.67  spf 56.1  z0 0.68  garr 62.6  tG 482  e2 0.15  nF 7.4  pS 0.36  ptS 0.35  fLog 0.59  pdΔ -0.1376  pkR 5.44  clip 0.12  kl +0.001
upd   90  steps  186368  sps 1650  opp symm  loss +0.027  pg +0.0580  v 0.005  ev +0.94  adv_std 0.095  tR +0.20  ent[s/d/p/e] 1.98/2.53/1.27/0.56  emits 0.69  spf 54.2  z0 0.67  garr 61.8  tG 443  e2 0.15  nF 6.2  pS 0.32  ptS 0.31  fLog 0.58  pdΔ -0.1799  pkR 6.23  clip 0.16  kl +0.007
upd   91  steps  188416  sps 1659  opp symm  loss -0.093  pg -0.0636  v 0.007  ev +0.88  adv_std 0.121  tR -0.14  ent[s/d/p/e] 1.87/2.47/1.28/0.56  emits 0.59  spf 54.7  z0 0.69  garr 55.7  tG 402  e2 0.13  nF 5.6  pS 0.31  ptS 0.30  fLog 0.59  pdΔ -0.1927  pkR 10.94  clip 0.09  kl -0.000
upd   92  steps  190464  sps 1668  opp symm  loss -0.008  pg +0.0219  v 0.006  ev +0.89  adv_std 0.111  tR +0.20  ent[s/d/p/e] 1.94/2.48/1.25/0.56  emits 0.61  spf 50.3  z0 0.69  garr 54.4  tG 395  e2 0.13  nF 5.6  pS 0.31  ptS 0.30  fLog 0.58  pdΔ -0.1876  pkR 14.05  clip 0.11  kl +0.005
upd   93  steps  192512  sps 1676  opp symm  loss -0.035  pg -0.0052  v 0.008  ev +0.88  adv_std 0.128  tR -0.40  ent[s/d/p/e] 1.90/2.46/1.31/0.56  emits 0.65  spf 45.7  z0 0.67  garr 46.7  tG 281  e2 0.14  nF 6.3  pS 0.29  ptS 0.28  fLog 0.57  pdΔ -0.2134  pkR 4.26  clip 0.07  kl +0.001
upd   94  steps  194560  sps 1684  opp symm  loss -0.022  pg +0.0097  v 0.005  ev +0.93  adv_std 0.095  tR -0.50  ent[s/d/p/e] 1.94/2.47/1.26/0.57  emits 0.82  spf 41.0  z0 0.64  garr 44.3  tG 260  e2 0.18  nF 7.5  pS 0.29  ptS 0.29  fLog 0.55  pdΔ -0.2114  pkR 4.93  clip 0.19  kl +0.002
upd   95  steps  196608  sps 1693  opp symm  loss -0.048  pg -0.0161  v 0.002  ev +0.97  adv_std 0.061  tR +0.20  ent[s/d/p/e] 1.91/2.50/1.25/0.55  emits 0.61  spf 41.6  z0 0.71  garr 48.4  tG 267  e2 0.13  nF 7.4  pS 0.28  ptS 0.28  fLog 0.56  pdΔ -0.2176  pkR 4.27  clip 0.05  kl +0.002
upd   96  steps  198656  sps 1701  opp symm  loss -0.014  pg +0.0182  v 0.003  ev +0.97  adv_std 0.071  tR +0.00  ent[s/d/p/e] 1.85/2.49/1.32/0.56  emits 0.61  spf 44.8  z0 0.70  garr 52.1  tG 297  e2 0.14  nF 6.7  pS 0.29  ptS 0.28  fLog 0.56  pdΔ -0.2127  pkR 3.25  clip 0.07  kl +0.002
upd   97  steps  200704  sps 1709  opp symm  loss -0.016  pg +0.0165  v 0.003  ev +0.96  adv_std 0.081  tR +1.00  ent[s/d/p/e] 1.83/2.48/1.34/0.56  emits 0.58  spf 47.2  z0 0.69  garr 55.5  tG 325  e2 0.13  nF 6.8  pS 0.30  ptS 0.29  fLog 0.58  pdΔ -0.1990  pkR 3.15  clip 0.09  kl +0.000
upd   98  steps  202752  sps 1717  opp symm  loss +0.009  pg +0.0413  v 0.003  ev +0.97  adv_std 0.072  tR +0.00  ent[s/d/p/e] 1.80/2.43/1.35/0.60  emits 0.73  spf 44.1  z0 0.63  garr 51.5  tG 315  e2 0.16  nF 7.6  pS 0.31  ptS 0.30  fLog 0.56  pdΔ -0.1936  pkR 3.44  clip 0.15  kl +0.005
[eval_vs_v20] u99 tag=train_u99  bin0=0.0%  spf=0.00  garr=128.50  flip=0.00%  z0=71.9%  e8=0.0%  e2+=0.0%  WLD=0/3/0
upd   99  steps  204800  sps 1725  opp symm  loss -0.011  pg +0.0214  v 0.002  ev +0.97  adv_std 0.068  tR +0.00  ent[s/d/p/e] 1.83/2.43/1.38/0.57  emits 0.54  spf 47.3  z0 0.69  garr 56.1  tG 366  e2 0.11  nF 7.1  pS 0.31  ptS 0.31  fLog 0.58  pdΔ -0.1877  pkR 3.63  clip 0.05  kl +0.001 WRr 0.06 v20[spf 0.0 flip 0.0% e2+ 0.0%]
upd  100  steps  206848  sps 958  opp symm  loss -0.032  pg -0.0017  v 0.007  ev +0.93  adv_std 0.117  tR +0.00  ent[s/d/p/e] 1.91/2.46/1.39/0.56  emits 0.53  spf 53.6  z0 0.71  garr 63.3  tG 414  e2 0.11  nF 5.8  pS 0.30  ptS 0.30  fLog 0.60  pdΔ -0.1962  pkR 4.05  clip 0.11  kl +0.005
upd  101  steps  208896  sps 965  opp symm  loss -0.057  pg -0.0246  v 0.003  ev +0.97  adv_std 0.083  tR +0.00  ent[s/d/p/e] 1.87/2.43/1.31/0.60  emits 0.62  spf 48.7  z0 0.66  garr 55.2  tG 366  e2 0.14  nF 6.1  pS 0.29  ptS 0.29  fLog 0.57  pdΔ -0.2096  pkR 4.16  clip 0.10  kl +0.002
upd  102  steps  210944  sps 972  opp symm  loss -0.003  pg +0.0285  v 0.004  ev +0.97  adv_std 0.083  tR -1.00  ent[s/d/p/e] 1.88/2.40/1.31/0.58  emits 0.67  spf 47.1  z0 0.65  garr 49.5  tG 327  e2 0.15  nF 7.3  pS 0.29  ptS 0.29  fLog 0.56  pdΔ -0.2067  pkR 4.46  clip 0.09  kl +0.001
upd  103  steps  212992  sps 978  opp symm  loss -0.000  pg +0.0314  v 0.003  ev +0.98  adv_std 0.080  tR +0.33  ent[s/d/p/e] 1.88/2.40/1.35/0.56  emits 0.54  spf 47.6  z0 0.71  garr 50.7  tG 324  e2 0.11  nF 6.7  pS 0.28  ptS 0.28  fLog 0.57  pdΔ -0.2221  pkR 4.05  clip 0.07  kl +0.001
upd  104  steps  215040  sps 985  opp symm  loss -0.029  pg +0.0015  v 0.006  ev +0.96  adv_std 0.110  tR -1.00  ent[s/d/p/e] 1.90/2.40/1.34/0.56  emits 0.67  spf 44.1  z0 0.67  garr 49.2  tG 309  e2 0.14  nF 6.9  pS 0.28  ptS 0.28  fLog 0.56  pdΔ -0.2150  pkR 3.85  clip 0.07  kl +0.002
upd  105  steps  217088  sps 991  opp symm  loss -0.046  pg -0.0155  v 0.006  ev +0.95  adv_std 0.106  tR -0.25  ent[s/d/p/e] 1.89/2.37/1.35/0.55  emits 0.62  spf 42.2  z0 0.69  garr 50.0  tG 304  e2 0.14  nF 6.9  pS 0.27  ptS 0.27  fLog 0.56  pdΔ -0.2260  pkR 4.61  clip 0.06  kl +0.001
upd  106  steps  219136  sps 997  opp symm  loss -0.019  pg +0.0102  v 0.006  ev +0.94  adv_std 0.108  tR -0.60  ent[s/d/p/e] 1.91/2.43/1.31/0.53  emits 0.57  spf 44.3  z0 0.71  garr 50.8  tG 302  e2 0.12  nF 6.5  pS 0.26  ptS 0.26  fLog 0.56  pdΔ -0.2401  pkR 5.11  clip 0.10  kl +0.004
upd  107  steps  221184  sps 1004  opp symm  loss +0.000  pg +0.0303  v 0.006  ev +0.93  adv_std 0.111  tR -0.20  ent[s/d/p/e] 1.95/2.42/1.28/0.54  emits 0.63  spf 45.3  z0 0.67  garr 50.7  tG 320  e2 0.14  nF 6.4  pS 0.28  ptS 0.28  fLog 0.56  pdΔ -0.2234  pkR 5.19  clip 0.06  kl +0.002
upd  108  steps  223232  sps 1010  opp symm  loss +0.031  pg +0.0566  v 0.016  ev +0.84  adv_std 0.180  tR +0.20  ent[s/d/p/e] 1.91/2.36/1.35/0.56  emits 0.57  spf 45.9  z0 0.71  garr 53.9  tG 350  e2 0.12  nF 5.9  pS 0.27  ptS 0.27  fLog 0.56  pdΔ -0.2280  pkR 6.29  clip 0.10  kl +0.002
upd  109  steps  225280  sps 1016  opp symm  loss +0.024  pg +0.0534  v 0.006  ev +0.91  adv_std 0.106  tR -1.00  ent[s/d/p/e] 1.74/2.31/1.31/0.53  emits 0.46  spf 47.9  z0 0.73  garr 55.5  tG 347  e2 0.09  nF 4.7  pS 0.25  ptS 0.25  fLog 0.56  pdΔ -0.2525  pkR 5.64  clip 0.07  kl +0.001
upd  110  steps  227328  sps 1023  opp symm  loss +0.013  pg +0.0431  v 0.005  ev +0.93  adv_std 0.103  tR +0.00  ent[s/d/p/e] 1.74/2.30/1.32/0.55  emits 0.48  spf 53.2  z0 0.72  garr 61.1  tG 394  e2 0.10  nF 4.8  pS 0.25  ptS 0.25  fLog 0.58  pdΔ -0.2518  pkR 5.57  clip 0.08  kl +0.002
upd  111  steps  229376  sps 1029  opp symm  loss -0.040  pg -0.0092  v 0.004  ev +0.96  adv_std 0.092  tR -1.00  ent[s/d/p/e] 1.79/2.30/1.40/0.57  emits 0.53  spf 54.9  z0 0.70  garr 56.4  tG 346  e2 0.12  nF 5.1  pS 0.25  ptS 0.25  fLog 0.58  pdΔ -0.2482  pkR 6.11  clip 0.07  kl +0.002
upd  112  steps  231424  sps 1035  opp symm  loss -0.006  pg +0.0247  v 0.005  ev +0.95  adv_std 0.104  tR -1.00  ent[s/d/p/e] 1.84/2.30/1.35/0.57  emits 0.60  spf 46.1  z0 0.69  garr 49.4  tG 329  e2 0.14  nF 5.9  pS 0.28  ptS 0.28  fLog 0.56  pdΔ -0.2235  pkR 4.46  clip 0.09  kl +0.003
upd  113  steps  233472  sps 1041  opp symm  loss -0.016  pg +0.0151  v 0.005  ev +0.95  adv_std 0.100  tR +1.00  ent[s/d/p/e] 1.90/2.32/1.36/0.56  emits 0.61  spf 47.4  z0 0.67  garr 51.5  tG 371  e2 0.14  nF 6.1  pS 0.30  ptS 0.29  fLog 0.57  pdΔ -0.2040  pkR 4.58  clip 0.15  kl +0.005
upd  114  steps  235520  sps 1047  opp symm  loss -0.002  pg +0.0302  v 0.004  ev +0.96  adv_std 0.089  tR +0.00  ent[s/d/p/e] 1.92/2.30/1.38/0.60  emits 0.73  spf 48.3  z0 0.63  garr 50.8  tG 380  e2 0.17  nF 7.1  pS 0.31  ptS 0.31  fLog 0.57  pdΔ -0.1854  pkR 4.78  clip 0.09  kl +0.003
upd  115  steps  237568  sps 1053  opp symm  loss -0.029  pg +0.0011  v 0.007  ev +0.94  adv_std 0.115  tR +0.33  ent[s/d/p/e] 1.93/2.29/1.34/0.58  emits 0.71  spf 49.4  z0 0.64  garr 48.2  tG 362  e2 0.16  nF 7.3  pS 0.31  ptS 0.31  fLog 0.57  pdΔ -0.1874  pkR 5.87  clip 0.09  kl +0.003
upd  116  steps  239616  sps 1060  opp symm  loss -0.012  pg +0.0195  v 0.004  ev +0.96  adv_std 0.088  tR +0.33  ent[s/d/p/e] 1.88/2.25/1.34/0.59  emits 0.77  spf 42.8  z0 0.61  garr 44.7  tG 341  e2 0.18  nF 8.5  pS 0.31  ptS 0.31  fLog 0.55  pdΔ -0.1861  pkR 5.40  clip 0.14  kl +0.001
upd  117  steps  241664  sps 1066  opp symm  loss +0.010  pg +0.0389  v 0.010  ev +0.92  adv_std 0.140  tR +0.71  ent[s/d/p/e] 1.84/2.27/1.36/0.57  emits 0.63  spf 50.2  z0 0.64  garr 47.4  tG 372  e2 0.13  nF 7.6  pS 0.31  ptS 0.30  fLog 0.57  pdΔ -0.1912  pkR 6.60  clip 0.09  kl +0.000
upd  118  steps  243712  sps 1072  opp symm  loss -0.051  pg -0.0194  v 0.004  ev +0.96  adv_std 0.087  tR -0.33  ent[s/d/p/e] 1.79/2.30/1.45/0.58  emits 0.56  spf 50.7  z0 0.68  garr 49.7  tG 353  e2 0.12  nF 6.1  pS 0.29  ptS 0.27  fLog 0.58  pdΔ -0.2136  pkR 5.62  clip 0.05  kl +0.000
upd  119  steps  245760  sps 1078  opp symm  loss -0.005  pg +0.0257  v 0.007  ev +0.93  adv_std 0.115  tR -0.20  ent[s/d/p/e] 1.73/2.23/1.45/0.58  emits 0.57  spf 48.1  z0 0.69  garr 52.8  tG 369  e2 0.13  nF 6.1  pS 0.29  ptS 0.27  fLog 0.57  pdΔ -0.2139  pkR 8.69  clip 0.06  kl +0.002
upd  120  steps  247808  sps 1083  opp symm  loss -0.004  pg +0.0236  v 0.010  ev +0.89  adv_std 0.142  tR +0.00  ent[s/d/p/e] 1.70/2.16/1.42/0.57  emits 0.57  spf 45.9  z0 0.68  garr 50.1  tG 333  e2 0.12  nF 6.2  pS 0.27  ptS 0.26  fLog 0.56  pdΔ -0.2314  pkR 7.17  clip 0.08  kl +0.000
upd  121  steps  249856  sps 1089  opp symm  loss -0.024  pg +0.0025  v 0.011  ev +0.90  adv_std 0.147  tR -0.11  ent[s/d/p/e] 1.71/2.08/1.38/0.55  emits 0.54  spf 42.0  z0 0.69  garr 46.6  tG 309  e2 0.12  nF 6.0  pS 0.26  ptS 0.26  fLog 0.55  pdΔ -0.2418  pkR 5.89  clip 0.08  kl +0.005
upd  122  steps  251904  sps 1095  opp symm  loss +0.017  pg +0.0452  v 0.010  ev +0.91  adv_std 0.142  tR -0.50  ent[s/d/p/e] 1.73/2.16/1.46/0.58  emits 0.56  spf 40.0  z0 0.68  garr 45.3  tG 298  e2 0.12  nF 6.3  pS 0.26  ptS 0.26  fLog 0.54  pdΔ -0.2357  pkR 6.01  clip 0.05  kl +0.002
upd  123  steps  253952  sps 1101  opp symm  loss -0.051  pg -0.0207  v 0.005  ev +0.94  adv_std 0.106  tR -0.20  ent[s/d/p/e] 1.79/2.23/1.42/0.57  emits 0.55  spf 40.8  z0 0.69  garr 49.7  tG 332  e2 0.12  nF 6.2  pS 0.28  ptS 0.28  fLog 0.55  pdΔ -0.2211  pkR 4.50  clip 0.09  kl +0.001
upd  124  steps  256000  sps 1107  opp symm  loss -0.052  pg -0.0214  v 0.006  ev +0.93  adv_std 0.114  tR +0.33  ent[s/d/p/e] 1.85/2.27/1.40/0.59  emits 0.61  spf 44.6  z0 0.67  garr 51.0  tG 353  e2 0.14  nF 6.9  pS 0.31  ptS 0.30  fLog 0.57  pdΔ -0.1909  pkR 4.76  clip 0.14  kl +0.005
upd  125  steps  258048  sps 1112  opp symm  loss +0.001  pg +0.0327  v 0.005  ev +0.95  adv_std 0.104  tR +0.33  ent[s/d/p/e] 1.94/2.31/1.41/0.58  emits 0.62  spf 45.5  z0 0.66  garr 52.3  tG 387  e2 0.13  nF 6.7  pS 0.34  ptS 0.32  fLog 0.57  pdΔ -0.1648  pkR 4.63  clip 0.12  kl +0.008
upd  126  steps  260096  sps 1118  opp symm  loss -0.024  pg +0.0086  v 0.006  ev +0.94  adv_std 0.109  tR +0.33  ent[s/d/p/e] 2.02/2.39/1.45/0.60  emits 0.61  spf 46.0  z0 0.68  garr 58.1  tG 440  e2 0.13  nF 7.0  pS 0.36  ptS 0.35  fLog 0.58  pdΔ -0.1369  pkR 3.52  clip 0.10  kl +0.003
upd  127  steps  262144  sps 1124  opp symm  loss -0.062  pg -0.0312  v 0.005  ev +0.94  adv_std 0.101  tR +0.00  ent[s/d/p/e] 1.97/2.35/1.40/0.55  emits 0.49  spf 51.3  z0 0.73  garr 69.9  tG 554  e2 0.10  nF 5.5  pS 0.36  ptS 0.35  fLog 0.58  pdΔ -0.1400  pkR 5.30  clip 0.10  kl +0.005
upd  128  steps  264192  sps 1130  opp symm  loss +0.009  pg +0.0403  v 0.007  ev +0.91  adv_std 0.120  tR +0.33  ent[s/d/p/e] 2.01/2.36/1.41/0.57  emits 0.51  spf 53.9  z0 0.70  garr 73.0  tG 564  e2 0.10  nF 6.1  pS 0.37  ptS 0.35  fLog 0.59  pdΔ -0.1319  pkR 3.62  clip 0.09  kl +0.002
upd  129  steps  266240  sps 1135  opp symm  loss -0.025  pg +0.0072  v 0.004  ev +0.95  adv_std 0.088  tR +0.00  ent[s/d/p/e] 2.02/2.41/1.45/0.55  emits 0.47  spf 65.4  z0 0.71  garr 83.1  tG 667  e2 0.10  nF 5.3  pS 0.38  ptS 0.36  fLog 0.62  pdΔ -0.1193  pkR 4.27  clip 0.08  kl +0.002
upd  130  steps  268288  sps 1141  opp symm  loss -0.052  pg -0.0186  v 0.003  ev +0.96  adv_std 0.076  tR +1.00  ent[s/d/p/e] 2.06/2.42/1.46/0.54  emits 0.41  spf 65.0  z0 0.74  garr 93.4  tG 720  e2 0.09  nF 4.8  pS 0.37  ptS 0.36  fLog 0.62  pdΔ -0.1306  pkR 4.40  clip 0.09  kl +0.003
upd  131  steps  270336  sps 1146  opp symm  loss +0.002  pg +0.0329  v 0.005  ev +0.94  adv_std 0.100  tR +1.00  ent[s/d/p/e] 2.03/2.38/1.39/0.53  emits 0.39  spf 68.0  z0 0.76  garr 103.0  tG 774  e2 0.07  nF 4.3  pS 0.35  ptS 0.34  fLog 0.62  pdΔ -0.1465  pkR 3.95  clip 0.03  kl +0.002
upd  132  steps  272384  sps 1152  opp symm  loss -0.021  pg +0.0115  v 0.004  ev +0.95  adv_std 0.091  tR -0.50  ent[s/d/p/e] 2.01/2.36/1.43/0.57  emits 0.49  spf 64.0  z0 0.71  garr 107.5  tG 817  e2 0.11  nF 4.9  pS 0.36  ptS 0.36  fLog 0.61  pdΔ -0.1358  pkR 4.24  clip 0.09  kl +0.003
upd  133  steps  274432  sps 1157  opp symm  loss +0.033  pg +0.0652  v 0.005  ev +0.93  adv_std 0.102  tR +0.00  ent[s/d/p/e] 2.08/2.36/1.39/0.58  emits 0.64  spf 65.6  z0 0.67  garr 89.5  tG 722  e2 0.15  nF 6.2  pS 0.37  ptS 0.36  fLog 0.60  pdΔ -0.1343  pkR 5.35  clip 0.10  kl +0.004
upd  134  steps  276480  sps 1163  opp symm  loss -0.015  pg +0.0157  v 0.007  ev +0.90  adv_std 0.119  tR +0.43  ent[s/d/p/e] 2.03/2.37/1.37/0.56  emits 0.52  spf 62.5  z0 0.70  garr 81.0  tG 676  e2 0.12  nF 6.1  pS 0.37  ptS 0.36  fLog 0.60  pdΔ -0.1345  pkR 5.75  clip 0.05  kl +0.001
upd  135  steps  278528  sps 1168  opp symm  loss -0.053  pg -0.0225  v 0.007  ev +0.88  adv_std 0.119  tR +1.00  ent[s/d/p/e] 2.02/2.37/1.38/0.56  emits 0.50  spf 62.2  z0 0.71  garr 79.3  tG 640  e2 0.10  nF 5.7  pS 0.35  ptS 0.35  fLog 0.61  pdΔ -0.1502  pkR 6.12  clip 0.05  kl +0.003
upd  136  steps  280576  sps 1174  opp symm  loss -0.048  pg -0.0153  v 0.004  ev +0.91  adv_std 0.091  tR -0.33  ent[s/d/p/e] 1.89/2.37/1.45/0.58  emits 0.49  spf 66.3  z0 0.69  garr 73.6  tG 579  e2 0.10  nF 4.5  pS 0.32  ptS 0.32  fLog 0.62  pdΔ -0.1821  pkR 5.22  clip 0.09  kl +0.005
upd  137  steps  282624  sps 1179  opp symm  loss -0.046  pg -0.0142  v 0.005  ev +0.90  adv_std 0.096  tR -0.20  ent[s/d/p/e] 1.89/2.33/1.38/0.58  emits 0.56  spf 56.1  z0 0.69  garr 66.5  tG 514  e2 0.12  nF 4.9  pS 0.33  ptS 0.32  fLog 0.59  pdΔ -0.1712  pkR 5.33  clip 0.07  kl +0.001
upd  138  steps  284672  sps 1184  opp symm  loss -0.032  pg -0.0015  v 0.006  ev +0.88  adv_std 0.111  tR +1.00  ent[s/d/p/e] 1.95/2.37/1.44/0.55  emits 0.50  spf 57.6  z0 0.71  garr 65.4  tG 482  e2 0.11  nF 5.6  pS 0.33  ptS 0.32  fLog 0.60  pdΔ -0.1743  pkR 5.03  clip 0.10  kl +0.003
upd  139  steps  286720  sps 1190  opp symm  loss -0.058  pg -0.0269  v 0.005  ev +0.86  adv_std 0.102  tR +0.33  ent[s/d/p/e] 1.87/2.29/1.46/0.57  emits 0.52  spf 53.8  z0 0.70  garr 60.8  tG 440  e2 0.12  nF 5.2  pS 0.31  ptS 0.31  fLog 0.60  pdΔ -0.1870  pkR 3.81  clip 0.07  kl +0.000
upd  140  steps  288768  sps 1195  opp symm  loss -0.038  pg -0.0073  v 0.007  ev +0.80  adv_std 0.120  tR +0.60  ent[s/d/p/e] 1.87/2.28/1.47/0.57  emits 0.53  spf 51.5  z0 0.70  garr 61.6  tG 438  e2 0.11  nF 5.7  pS 0.32  ptS 0.31  fLog 0.58  pdΔ -0.1834  pkR 4.49  clip 0.07  kl +0.003
upd  141  steps  290816  sps 1200  opp symm  loss -0.045  pg -0.0133  v 0.004  ev +0.91  adv_std 0.093  tR +0.33  ent[s/d/p/e] 1.91/2.29/1.44/0.57  emits 0.53  spf 51.5  z0 0.68  garr 59.9  tG 434  e2 0.11  nF 5.6  pS 0.32  ptS 0.32  fLog 0.59  pdΔ -0.1751  pkR 3.91  clip 0.09  kl -0.001
upd  142  steps  292864  sps 1205  opp symm  loss -0.044  pg -0.0118  v 0.005  ev +0.91  adv_std 0.100  tR +0.33  ent[s/d/p/e] 1.89/2.26/1.46/0.59  emits 0.56  spf 55.9  z0 0.67  garr 59.8  tG 447  e2 0.12  nF 5.6  pS 0.33  ptS 0.33  fLog 0.60  pdΔ -0.1692  pkR 3.98  clip 0.06  kl +0.004
upd  143  steps  294912  sps 1211  opp symm  loss -0.030  pg +0.0018  v 0.005  ev +0.93  adv_std 0.096  tR -0.20  ent[s/d/p/e] 1.98/2.33/1.42/0.58  emits 0.61  spf 52.1  z0 0.67  garr 57.0  tG 433  e2 0.13  nF 5.9  pS 0.33  ptS 0.33  fLog 0.59  pdΔ -0.1661  pkR 4.06  clip 0.11  kl +0.002
upd  144  steps  296960  sps 1216  opp symm  loss -0.012  pg +0.0213  v 0.003  ev +0.96  adv_std 0.072  tR +1.00  ent[s/d/p/e] 2.05/2.37/1.38/0.59  emits 0.65  spf 52.1  z0 0.66  garr 58.2  tG 435  e2 0.14  nF 6.5  pS 0.35  ptS 0.34  fLog 0.59  pdΔ -0.1498  pkR 4.05  clip 0.09  kl +0.001
upd  145  steps  299008  sps 1221  opp symm  loss -0.028  pg +0.0047  v 0.004  ev +0.95  adv_std 0.086  tR +0.00  ent[s/d/p/e] 1.99/2.33/1.44/0.58  emits 0.56  spf 53.8  z0 0.69  garr 58.3  tG 423  e2 0.12  nF 5.9  pS 0.34  ptS 0.33  fLog 0.60  pdΔ -0.1569  pkR 4.03  clip 0.08  kl +0.002
upd  146  steps  301056  sps 1226  opp symm  loss -0.007  pg +0.0268  v 0.004  ev +0.96  adv_std 0.083  tR +0.00  ent[s/d/p/e] 2.06/2.36/1.55/0.56  emits 0.60  spf 54.5  z0 0.70  garr 65.8  tG 480  e2 0.13  nF 5.6  pS 0.35  ptS 0.34  fLog 0.60  pdΔ -0.1513  pkR 3.94  clip 0.07  kl +0.004
upd  147  steps  303104  sps 1231  opp symm  loss -0.013  pg +0.0201  v 0.003  ev +0.96  adv_std 0.080  tR +0.00  ent[s/d/p/e] 2.07/2.34/1.40/0.57  emits 0.69  spf 52.0  z0 0.67  garr 62.5  tG 458  e2 0.14  nF 6.9  pS 0.36  ptS 0.34  fLog 0.59  pdΔ -0.1429  pkR 4.08  clip 0.09  kl +0.004
upd  148  steps  305152  sps 1236  opp symm  loss -0.022  pg +0.0101  v 0.004  ev +0.95  adv_std 0.091  tR +0.50  ent[s/d/p/e] 2.05/2.36/1.44/0.53  emits 0.58  spf 50.4  z0 0.71  garr 65.3  tG 501  e2 0.12  nF 7.0  pS 0.36  ptS 0.35  fLog 0.58  pdΔ -0.1401  pkR 4.43  clip 0.06  kl +0.001
upd  149  steps  307200  sps 1241  opp symm  loss -0.020  pg +0.0118  v 0.003  ev +0.96  adv_std 0.080  tR +0.00  ent[s/d/p/e] 2.08/2.37/1.50/0.51  emits 0.51  spf 52.4  z0 0.75  garr 75.5  tG 606  e2 0.09  nF 5.8  pS 0.36  ptS 0.35  fLog 0.59  pdΔ -0.1366  pkR 4.47  clip 0.05  kl +0.001
upd  150  steps  309248  sps 1246  opp symm  loss -0.031  pg -0.0012  v 0.006  ev +0.92  adv_std 0.111  tR +1.00  ent[s/d/p/e] 1.97/2.35/1.45/0.52  emits 0.46  spf 62.1  z0 0.74  garr 84.9  tG 631  e2 0.09  nF 4.9  pS 0.33  ptS 0.32  fLog 0.61  pdΔ -0.1689  pkR 4.95  clip 0.07  kl -0.001
upd  151  steps  311296  sps 1251  opp symm  loss -0.047  pg -0.0192  v 0.010  ev +0.88  adv_std 0.141  tR +0.00  ent[s/d/p/e] 1.90/2.32/1.45/0.51  emits 0.41  spf 64.9  z0 0.75  garr 83.8  tG 620  e2 0.08  nF 4.2  pS 0.31  ptS 0.31  fLog 0.61  pdΔ -0.1860  pkR 4.24  clip 0.05  kl +0.002
upd  152  steps  313344  sps 1256  opp symm  loss +0.002  pg +0.0341  v 0.004  ev +0.95  adv_std 0.084  tR +0.00  ent[s/d/p/e] 1.83/2.38/1.54/0.54  emits 0.42  spf 65.2  z0 0.73  garr 76.7  tG 521  e2 0.08  nF 4.1  pS 0.30  ptS 0.29  fLog 0.62  pdΔ -0.1975  pkR 4.21  clip 0.06  kl +0.002
upd  153  steps  315392  sps 1261  opp symm  loss +0.015  pg +0.0454  v 0.005  ev +0.94  adv_std 0.098  tR +0.00  ent[s/d/p/e] 1.84/2.37/1.51/0.48  emits 0.37  spf 67.5  z0 0.76  garr 81.3  tG 556  e2 0.07  nF 3.9  pS 0.31  ptS 0.30  fLog 0.62  pdΔ -0.1922  pkR 3.51  clip 0.15  kl +0.007
upd  154  steps  317440  sps 1266  opp symm  loss -0.015  pg +0.0137  v 0.009  ev +0.90  adv_std 0.135  tR -0.20  ent[s/d/p/e] 1.87/2.36/1.50/0.53  emits 0.42  spf 65.4  z0 0.74  garr 80.1  tG 593  e2 0.08  nF 4.0  pS 0.32  ptS 0.32  fLog 0.61  pdΔ -0.1831  pkR 4.13  clip 0.08  kl +0.001
upd  155  steps  319488  sps 1271  opp symm  loss +0.005  pg +0.0358  v 0.004  ev +0.95  adv_std 0.088  tR +0.00  ent[s/d/p/e] 1.80/2.32/1.53/0.49  emits 0.33  spf 70.6  z0 0.77  garr 84.4  tG 598  e2 0.05  nF 3.2  pS 0.30  ptS 0.30  fLog 0.63  pdΔ -0.1971  pkR 4.62  clip 0.09  kl +0.002
upd  156  steps  321536  sps 1276  opp symm  loss +0.006  pg +0.0373  v 0.003  ev +0.95  adv_std 0.081  tR -0.33  ent[s/d/p/e] 1.79/2.30/1.51/0.53  emits 0.35  spf 74.3  z0 0.76  garr 88.3  tG 610  e2 0.07  nF 3.1  pS 0.30  ptS 0.30  fLog 0.64  pdΔ -0.1991  pkR 4.55  clip 0.04  kl +0.002
upd  157  steps  323584  sps 1281  opp symm  loss -0.004  pg +0.0242  v 0.006  ev +0.91  adv_std 0.109  tR -0.33  ent[s/d/p/e] 1.75/2.24/1.45/0.48  emits 0.30  spf 72.5  z0 0.78  garr 95.7  tG 692  e2 0.05  nF 2.8  pS 0.32  ptS 0.31  fLog 0.63  pdΔ -0.1816  pkR 4.59  clip 0.09  kl +0.000
upd  158  steps  325632  sps 1286  opp symm  loss -0.044  pg -0.0167  v 0.007  ev +0.90  adv_std 0.122  tR -0.20  ent[s/d/p/e] 1.83/2.30/1.46/0.45  emits 0.23  spf 69.5  z0 0.83  garr 115.0  tG 834  e2 0.04  nF 2.5  pS 0.33  ptS 0.32  fLog 0.62  pdΔ -0.1748  pkR 5.25  clip 0.06  kl +0.002
upd  159  steps  327680  sps 1290  opp symm  loss +0.044  pg +0.0736  v 0.003  ev +0.95  adv_std 0.082  tR +1.00  ent[s/d/p/e] 1.82/2.30/1.48/0.47  emits 0.31  spf 93.2  z0 0.79  garr 117.9  tG 843  e2 0.06  nF 3.1  pS 0.31  ptS 0.31  fLog 0.66  pdΔ -0.1850  pkR 5.32  clip 0.05  kl +0.002
upd  160  steps  329728  sps 1295  opp symm  loss -0.031  pg -0.0029  v 0.006  ev +0.92  adv_std 0.110  tR +0.60  ent[s/d/p/e] 1.69/2.24/1.47/0.46  emits 0.24  spf 98.7  z0 0.81  garr 119.2  tG 857  e2 0.04  nF 2.3  pS 0.31  ptS 0.30  fLog 0.67  pdΔ -0.1940  pkR 3.79  clip 0.06  kl +0.002
upd  161  steps  331776  sps 1300  opp symm  loss -0.071  pg -0.0430  v 0.005  ev +0.95  adv_std 0.096  tR +0.00  ent[s/d/p/e] 1.75/2.22/1.43/0.43  emits 0.22  spf 98.0  z0 0.83  garr 130.4  tG 912  e2 0.04  nF 2.1  pS 0.30  ptS 0.30  fLog 0.67  pdΔ -0.1979  pkR 3.80  clip 0.05  kl +0.002
upd  162  steps  333824  sps 1305  opp symm  loss -0.044  pg -0.0178  v 0.009  ev +0.91  adv_std 0.136  tR -0.20  ent[s/d/p/e] 1.70/2.20/1.45/0.45  emits 0.25  spf 90.4  z0 0.81  garr 122.1  tG 892  e2 0.04  nF 2.1  pS 0.30  ptS 0.30  fLog 0.65  pdΔ -0.1996  pkR 3.88  clip 0.03  kl +0.000
upd  163  steps  335872  sps 1309  opp symm  loss +0.002  pg +0.0315  v 0.003  ev +0.97  adv_std 0.080  tR -0.33  ent[s/d/p/e] 1.74/2.12/1.39/0.50  emits 0.36  spf 78.7  z0 0.75  garr 112.4  tG 830  e2 0.06  nF 3.2  pS 0.31  ptS 0.31  fLog 0.62  pdΔ -0.1898  pkR 5.15  clip 0.04  kl +0.001
upd  164  steps  337920  sps 1314  opp symm  loss +0.047  pg +0.0749  v 0.007  ev +0.94  adv_std 0.117  tR +0.20  ent[s/d/p/e] 1.77/2.19/1.40/0.51  emits 0.38  spf 73.4  z0 0.75  garr 97.6  tG 742  e2 0.07  nF 4.0  pS 0.32  ptS 0.32  fLog 0.61  pdΔ -0.1789  pkR 5.47  clip 0.06  kl +0.001
upd  165  steps  339968  sps 1319  opp symm  loss -0.013  pg +0.0130  v 0.009  ev +0.93  adv_std 0.129  tR +0.43  ent[s/d/p/e] 1.70/2.15/1.38/0.48  emits 0.30  spf 69.5  z0 0.79  garr 93.0  tG 675  e2 0.06  nF 3.4  pS 0.30  ptS 0.30  fLog 0.62  pdΔ -0.1973  pkR 5.19  clip 0.09  kl +0.001
upd  166  steps  342016  sps 1323  opp symm  loss +0.003  pg +0.0288  v 0.008  ev +0.92  adv_std 0.124  tR +0.00  ent[s/d/p/e] 1.55/2.04/1.36/0.50  emits 0.37  spf 59.0  z0 0.75  garr 90.4  tG 647  e2 0.07  nF 3.6  pS 0.28  ptS 0.27  fLog 0.59  pdΔ -0.2212  pkR 5.95  clip 0.06  kl +0.004
upd  167  steps  344064  sps 1328  opp symm  loss -0.086  pg -0.0582  v 0.005  ev +0.93  adv_std 0.103  tR -0.71  ent[s/d/p/e] 1.53/2.03/1.41/0.52  emits 0.34  spf 56.9  z0 0.77  garr 77.5  tG 528  e2 0.06  nF 3.7  pS 0.26  ptS 0.25  fLog 0.58  pdΔ -0.2432  pkR 6.71  clip 0.06  kl +0.002
upd  168  steps  346112  sps 1333  opp symm  loss -0.026  pg +0.0027  v 0.004  ev +0.94  adv_std 0.093  tR +0.00  ent[s/d/p/e] 1.54/2.05/1.37/0.52  emits 0.44  spf 57.3  z0 0.72  garr 68.2  tG 489  e2 0.09  nF 4.2  pS 0.27  ptS 0.26  fLog 0.59  pdΔ -0.2348  pkR 6.38  clip 0.08  kl +0.005
upd  169  steps  348160  sps 1337  opp symm  loss +0.027  pg +0.0549  v 0.005  ev +0.93  adv_std 0.096  tR -0.33  ent[s/d/p/e] 1.50/2.11/1.40/0.50  emits 0.40  spf 54.9  z0 0.74  garr 66.0  tG 454  e2 0.07  nF 4.0  pS 0.25  ptS 0.25  fLog 0.59  pdΔ -0.2450  pkR 6.86  clip 0.10  kl +0.006
upd  170  steps  350208  sps 1342  opp symm  loss -0.009  pg +0.0189  v 0.007  ev +0.91  adv_std 0.117  tR -0.67  ent[s/d/p/e] 1.47/2.08/1.45/0.52  emits 0.36  spf 51.5  z0 0.76  garr 66.4  tG 407  e2 0.07  nF 4.0  pS 0.24  ptS 0.23  fLog 0.58  pdΔ -0.2597  pkR 5.40  clip 0.07  kl -0.000
upd  171  steps  352256  sps 1346  opp symm  loss -0.035  pg -0.0070  v 0.006  ev +0.94  adv_std 0.111  tR -0.50  ent[s/d/p/e] 1.45/2.11/1.51/0.48  emits 0.32  spf 53.6  z0 0.78  garr 68.2  tG 423  e2 0.06  nF 3.7  pS 0.24  ptS 0.23  fLog 0.59  pdΔ -0.2592  pkR 6.77  clip 0.09  kl +0.003
upd  172  steps  354304  sps 1351  opp symm  loss -0.013  pg +0.0157  v 0.004  ev +0.96  adv_std 0.088  tR -0.60  ent[s/d/p/e] 1.49/2.11/1.51/0.50  emits 0.35  spf 54.8  z0 0.77  garr 71.1  tG 471  e2 0.07  nF 3.5  pS 0.25  ptS 0.24  fLog 0.59  pdΔ -0.2467  pkR 6.45  clip 0.06  kl +0.001
upd  173  steps  356352  sps 1355  opp symm  loss -0.041  pg -0.0116  v 0.004  ev +0.96  adv_std 0.087  tR +0.00  ent[s/d/p/e] 1.46/2.12/1.47/0.50  emits 0.30  spf 58.0  z0 0.79  garr 81.0  tG 553  e2 0.05  nF 3.4  pS 0.27  ptS 0.26  fLog 0.59  pdΔ -0.2337  pkR 5.60  clip 0.06  kl -0.000
upd  174  steps  358400  sps 1360  opp symm  loss -0.037  pg -0.0097  v 0.008  ev +0.93  adv_std 0.126  tR -0.25  ent[s/d/p/e] 1.51/2.09/1.48/0.51  emits 0.31  spf 61.5  z0 0.79  garr 90.9  tG 634  e2 0.06  nF 3.2  pS 0.27  ptS 0.26  fLog 0.60  pdΔ -0.2322  pkR 5.52  clip 0.07  kl +0.004
upd  175  steps  360448  sps 1364  opp symm  loss -0.042  pg -0.0134  v 0.005  ev +0.95  adv_std 0.104  tR -1.00  ent[s/d/p/e] 1.66/2.19/1.55/0.45  emits 0.29  spf 77.0  z0 0.79  garr 103.0  tG 723  e2 0.05  nF 2.9  pS 0.29  ptS 0.27  fLog 0.64  pdΔ -0.2141  pkR 5.30  clip 0.11  kl +0.003
upd  176  steps  362496  sps 1368  opp symm  loss +0.018  pg +0.0477  v 0.004  ev +0.96  adv_std 0.093  tR -1.00  ent[s/d/p/e] 1.73/2.22/1.49/0.50  emits 0.31  spf 77.9  z0 0.79  garr 107.9  tG 790  e2 0.06  nF 3.1  pS 0.31  ptS 0.30  fLog 0.64  pdΔ -0.1900  pkR 5.47  clip 0.10  kl +0.003
upd  177  steps  364544  sps 1373  opp symm  loss -0.023  pg +0.0065  v 0.003  ev +0.97  adv_std 0.083  tR +0.20  ent[s/d/p/e] 1.77/2.29/1.47/0.45  emits 0.28  spf 87.3  z0 0.81  garr 111.3  tG 808  e2 0.05  nF 2.8  pS 0.31  ptS 0.30  fLog 0.66  pdΔ -0.1892  pkR 5.79  clip 0.11  kl +0.003
upd  178  steps  366592  sps 1377  opp symm  loss -0.011  pg +0.0171  v 0.009  ev +0.93  adv_std 0.131  tR +0.50  ent[s/d/p/e] 1.65/2.17/1.51/0.52  emits 0.33  spf 77.0  z0 0.76  garr 102.1  tG 756  e2 0.06  nF 3.0  pS 0.30  ptS 0.29  fLog 0.63  pdΔ -0.1980  pkR 5.08  clip 0.10  kl +0.003
upd  179  steps  368640  sps 1381  opp symm  loss -0.019  pg +0.0109  v 0.004  ev +0.97  adv_std 0.086  tR -0.33  ent[s/d/p/e] 1.67/2.18/1.51/0.47  emits 0.30  spf 71.4  z0 0.78  garr 98.7  tG 752  e2 0.06  nF 3.2  pS 0.32  ptS 0.31  fLog 0.63  pdΔ -0.1845  pkR 5.22  clip 0.10  kl +0.004
upd  180  steps  370688  sps 1386  opp symm  loss -0.013  pg +0.0154  v 0.009  ev +0.94  adv_std 0.129  tR +0.43  ent[s/d/p/e] 1.85/2.19/1.36/0.54  emits 0.37  spf 70.3  z0 0.75  garr 96.6  tG 780  e2 0.07  nF 3.2  pS 0.33  ptS 0.33  fLog 0.62  pdΔ -0.1678  pkR 3.74  clip 0.19  kl +0.006
upd  181  steps  372736  sps 1390  opp symm  loss +0.028  pg +0.0575  v 0.003  ev +0.98  adv_std 0.078  tR +1.00  ent[s/d/p/e] 1.80/2.17/1.39/0.49  emits 0.35  spf 60.3  z0 0.77  garr 100.9  tG 797  e2 0.06  nF 3.6  pS 0.33  ptS 0.32  fLog 0.60  pdΔ -0.1749  pkR 4.55  clip 0.12  kl +0.006
upd  182  steps  374784  sps 1394  opp symm  loss -0.019  pg +0.0105  v 0.006  ev +0.96  adv_std 0.111  tR +0.43  ent[s/d/p/e] 1.83/2.16/1.35/0.53  emits 0.48  spf 65.1  z0 0.72  garr 100.5  tG 792  e2 0.09  nF 4.5  pS 0.32  ptS 0.32  fLog 0.60  pdΔ -0.1769  pkR 5.07  clip 0.05  kl +0.001
upd  183  steps  376832  sps 1399  opp symm  loss +0.000  pg +0.0295  v 0.005  ev +0.97  adv_std 0.096  tR -0.20  ent[s/d/p/e] 1.83/2.12/1.32/0.52  emits 0.51  spf 47.3  z0 0.71  garr 84.1  tG 635  e2 0.10  nF 5.7  pS 0.30  ptS 0.31  fLog 0.55  pdΔ -0.1967  pkR 5.92  clip 0.10  kl +0.004
upd  184  steps  378880  sps 1403  opp symm  loss +0.005  pg +0.0327  v 0.007  ev +0.95  adv_std 0.117  tR +0.50  ent[s/d/p/e] 1.84/2.17/1.30/0.53  emits 0.51  spf 55.8  z0 0.73  garr 82.4  tG 618  e2 0.10  nF 5.6  pS 0.30  ptS 0.30  fLog 0.58  pdΔ -0.2015  pkR 6.64  clip 0.06  kl +0.001
upd  185  steps  380928  sps 1407  opp symm  loss -0.018  pg +0.0087  v 0.008  ev +0.94  adv_std 0.126  tR +0.33  ent[s/d/p/e] 1.76/2.15/1.33/0.49  emits 0.40  spf 57.2  z0 0.77  garr 83.4  tG 610  e2 0.07  nF 4.9  pS 0.28  ptS 0.29  fLog 0.58  pdΔ -0.2151  pkR 5.70  clip 0.08  kl +0.004