
=== [2026-06-11T07:55:04Z] v14f_binary_v1_a_p0i3_ORBITWARS_SHAPING_PROD_SHARE_DELTA_0.025_d4329c6247 phase=a kind=probe chunk=500 env={"ORBITWARS_SHAPING_ANTI_HOARD": 0.035, "ORBITWARS_SHAPING_CAPTURE": 0.04, "ORBITWARS_SHAPING_RELEASE": 0.0075, "ORBITWARS_SHAPING_RELEASE_K": 15.0, "ORBITWARS_SHAPING_PROD_SHARE_DELTA": 0.025, "ORBITWARS_SHAPING_ONE_SHIP_PENALTY": 0.025} ppo={"ent_coef_emit": 0.0225, "lr_peak": 4.5e-05} ===
[reward] kaggle-aligned: terminal +1 win/+1 tie>0/-1 loss/-1 double-wipeout; is_terminal at step >= episode_steps-2; SHAPING_SCALE=0.0; v1: KEEP_HOME=0.0 FLEET_SIZE=0.0/norm20.0; v2 (expert-replay calibrated): PROD_SHARE=0.0 PLANET_SHARE=0.0 FLEET_LOG=0.0/ref500.0/floor0.3; v3 (top10-2630ep calibrated): PROD_SHARE_DELTA=0.025 EMIT_LOG=0.0 EMIT_GATED=0.0 RELEASE=0.0075/K15.0 CAPTURE=0.04; ANTI_HOARD=0.035/thresh0.6; episode_steps=500 (kaggle=500, mismatch=False)
[symmetric] Frog Parade style: same params drive BOTH players, no frozen/strong/buffer opponents, zero_sum_value=True
upd    0  steps    2048  sps 38  opp symm  loss +0.067  pg +0.0833  v 0.005  ev -0.60  adv_std 0.105  tR +0.00  ent[s/d/p/e] 0.39/1.21/1.10/0.34  emits 0.34  spf 15.0  z0 0.73  garr 14.7  tG 23  e2 0.06  nF 2.2  pS 0.08  ptS 0.07  fLog 0.41  pdΔ -0.4218  pkR 10.94  clip 0.06  kl -0.000
upd    1  steps    4096  sps 74  opp symm  loss +0.004  pg +0.0242  v 0.008  ev -0.07  adv_std 0.133  tR -1.00  ent[s/d/p/e] 0.83/1.42/1.11/0.49  emits 0.50  spf 20.9  z0 0.67  garr 20.3  tG 65  e2 0.12  nF 5.7  pS 0.13  ptS 0.12  fLog 0.43  pdΔ -0.3712  pkR 12.06  clip 0.19  kl +0.005
upd    2  steps    6144  sps 110  opp symm  loss -0.009  pg +0.0161  v 0.005  ev +0.05  adv_std 0.092  tR -1.00  ent[s/d/p/e] 1.07/1.60/1.15/0.57  emits 0.62  spf 24.5  z0 0.61  garr 26.6  tG 123  e2 0.15  nF 7.3  pS 0.18  ptS 0.17  fLog 0.43  pdΔ -0.3203  pkR 9.62  clip 0.13  kl +0.004
upd    3  steps    8192  sps 145  opp symm  loss -0.028  pg -0.0000  v 0.003  ev +0.18  adv_std 0.080  tR +1.00  ent[s/d/p/e] 1.35/1.86/1.18/0.59  emits 0.62  spf 30.5  z0 0.62  garr 31.5  tG 206  e2 0.14  nF 8.3  pS 0.24  ptS 0.23  fLog 0.47  pdΔ -0.2609  pkR 10.90  clip 0.15  kl +0.005
upd    4  steps   10240  sps 179  opp symm  loss -0.125  pg -0.0968  v 0.005  ev +0.35  adv_std 0.100  tR -1.00  ent[s/d/p/e] 1.53/1.97/1.14/0.61  emits 0.61  spf 36.9  z0 0.62  garr 37.2  tG 287  e2 0.14  nF 7.9  pS 0.28  ptS 0.27  fLog 0.49  pdΔ -0.2244  pkR 11.39  clip 0.13  kl +0.003
upd    5  steps   12288  sps 213  opp symm  loss -0.028  pg +0.0007  v 0.004  ev +0.26  adv_std 0.089  tR +0.00  ent[s/d/p/e] 1.62/2.03/1.11/0.59  emits 0.58  spf 47.4  z0 0.64  garr 49.8  tG 412  e2 0.14  nF 7.0  pS 0.30  ptS 0.29  fLog 0.51  pdΔ -0.1984  pkR 10.06  clip 0.16  kl +0.009
upd    6  steps   14336  sps 245  opp symm  loss -0.092  pg -0.0615  v 0.004  ev +0.41  adv_std 0.090  tR +0.00  ent[s/d/p/e] 1.72/2.13/1.19/0.62  emits 0.62  spf 52.7  z0 0.61  garr 51.4  tG 452  e2 0.14  nF 7.1  pS 0.32  ptS 0.31  fLog 0.53  pdΔ -0.1835  pkR 10.73  clip 0.25  kl +0.007
upd    7  steps   16384  sps 277  opp symm  loss -0.036  pg -0.0042  v 0.003  ev +0.48  adv_std 0.071  tR -1.00  ent[s/d/p/e] 1.80/2.24/1.15/0.62  emits 0.68  spf 54.9  z0 0.60  garr 51.4  tG 464  e2 0.15  nF 8.0  pS 0.34  ptS 0.34  fLog 0.54  pdΔ -0.1560  pkR 9.56  clip 0.18  kl +0.001
upd    8  steps   18432  sps 309  opp symm  loss -0.055  pg -0.0228  v 0.003  ev +0.56  adv_std 0.071  tR -1.00  ent[s/d/p/e] 1.87/2.28/1.14/0.62  emits 0.79  spf 49.8  z0 0.57  garr 49.6  tG 483  e2 0.19  nF 8.8  pS 0.36  ptS 0.36  fLog 0.52  pdΔ -0.1367  pkR 12.42  clip 0.16  kl +0.003
upd    9  steps   20480  sps 339  opp symm  loss +0.015  pg +0.0471  v 0.003  ev +0.46  adv_std 0.072  tR +1.00  ent[s/d/p/e] 1.87/2.25/1.18/0.62  emits 0.77  spf 53.0  z0 0.58  garr 51.8  tG 540  e2 0.18  nF 9.1  pS 0.38  ptS 0.37  fLog 0.53  pdΔ -0.1232  pkR 12.17  clip 0.20  kl +0.006
upd   10  steps   22528  sps 369  opp symm  loss -0.026  pg +0.0062  v 0.005  ev +0.43  adv_std 0.099  tR +1.00  ent[s/d/p/e] 1.95/2.33/1.17/0.63  emits 0.87  spf 46.9  z0 0.55  garr 43.9  tG 429  e2 0.20  nF 10.3  pS 0.37  ptS 0.37  fLog 0.52  pdΔ -0.1295  pkR 16.23  clip 0.21  kl +0.005
upd   11  steps   24576  sps 399  opp symm  loss -0.001  pg +0.0321  v 0.002  ev +0.24  adv_std 0.048  tR +0.00  ent[s/d/p/e] 1.93/2.33/1.19/0.63  emits 0.81  spf 44.3  z0 0.58  garr 40.6  tG 364  e2 0.19  nF 9.9  pS 0.37  ptS 0.36  fLog 0.53  pdΔ -0.1341  pkR 3.92  clip 0.27  kl +0.011
upd   12  steps   26624  sps 428  opp symm  loss -0.128  pg -0.0948  v 0.003  ev +0.55  adv_std 0.081  tR -0.33  ent[s/d/p/e] 1.96/2.40/1.26/0.63  emits 0.96  spf 43.1  z0 0.55  garr 37.1  tG 324  e2 0.23  nF 10.7  pS 0.37  ptS 0.36  fLog 0.53  pdΔ -0.1283  pkR 3.93  clip 0.37  kl +0.018
upd   13  steps   28672  sps 456  opp symm  loss -0.041  pg -0.0086  v 0.003  ev +0.63  adv_std 0.075  tR +1.00  ent[s/d/p/e] 1.96/2.38/1.17/0.63  emits 0.97  spf 38.2  z0 0.53  garr 35.9  tG 302  e2 0.22  nF 11.9  pS 0.37  ptS 0.37  fLog 0.51  pdΔ -0.1267  pkR 4.16  clip 0.22  kl +0.004
upd   14  steps   30720  sps 483  opp symm  loss -0.105  pg -0.0714  v 0.002  ev +0.70  adv_std 0.068  tR -1.00  ent[s/d/p/e] 1.92/2.38/1.25/0.63  emits 1.00  spf 39.5  z0 0.54  garr 34.2  tG 272  e2 0.24  nF 12.2  pS 0.35  ptS 0.35  fLog 0.52  pdΔ -0.1482  pkR 4.46  clip 0.22  kl +0.006
upd   15  steps   32768  sps 510  opp symm  loss -0.050  pg -0.0528  v 0.071  ev +0.40  adv_std 0.401  tR -0.05  ent[s/d/p/e] 1.87/2.34/1.24/0.55  emits 0.71  spf 37.5  z0 0.65  garr 29.3  tG 190  e2 0.16  nF 8.2  pS 0.26  ptS 0.25  fLog 0.52  pdΔ -0.2402  pkR 6.15  clip 0.09  kl +0.005
upd   16  steps   34816  sps 537  opp symm  loss -0.112  pg -0.0834  v 0.002  ev +0.87  adv_std 0.061  tR -0.33  ent[s/d/p/e] 1.29/2.12/1.37/0.48  emits 0.32  spf 34.8  z0 0.79  garr 31.6  tG 97  e2 0.05  nF 3.7  pS 0.14  ptS 0.14  fLog 0.52  pdΔ -0.3578  pkR 7.78  clip 0.09  kl +0.007
upd   17  steps   36864  sps 563  opp symm  loss +0.000  pg +0.0294  v 0.003  ev +0.63  adv_std 0.076  tR -1.00  ent[s/d/p/e] 1.29/2.10/1.40/0.55  emits 0.39  spf 36.7  z0 0.74  garr 36.5  tG 144  e2 0.08  nF 4.4  pS 0.19  ptS 0.18  fLog 0.53  pdΔ -0.3140  pkR 4.37  clip 0.14  kl +0.009
upd   18  steps   38912  sps 588  opp symm  loss -0.040  pg -0.0082  v 0.001  ev +0.88  adv_std 0.047  tR +0.00  ent[s/d/p/e] 1.50/2.18/1.32/0.59  emits 0.55  spf 37.3  z0 0.66  garr 41.8  tG 212  e2 0.12  nF 5.9  pS 0.23  ptS 0.23  fLog 0.53  pdΔ -0.2670  pkR 4.59  clip 0.16  kl +0.005
upd   19  steps   40960  sps 613  opp symm  loss -0.041  pg -0.0104  v 0.006  ev +0.78  adv_std 0.108  tR +0.50  ent[s/d/p/e] 1.58/2.14/1.30/0.63  emits 0.69  spf 40.7  z0 0.59  garr 40.6  tG 255  e2 0.16  nF 7.5  pS 0.26  ptS 0.26  fLog 0.53  pdΔ -0.2366  pkR 5.15  clip 0.12  kl +0.001
upd   20  steps   43008  sps 638  opp symm  loss -0.059  pg -0.0286  v 0.005  ev +0.85  adv_std 0.100  tR -0.33  ent[s/d/p/e] 1.62/2.16/1.22/0.62  emits 0.85  spf 39.2  z0 0.57  garr 35.1  tG 240  e2 0.20  nF 8.2  pS 0.27  ptS 0.27  fLog 0.52  pdΔ -0.2293  pkR 6.74  clip 0.22  kl +0.003
upd   21  steps   45056  sps 662  opp symm  loss -0.059  pg -0.0279  v 0.003  ev +0.94  adv_std 0.069  tR +0.00  ent[s/d/p/e] 1.70/2.18/1.22/0.61  emits 0.74  spf 38.4  z0 0.59  garr 33.7  tG 238  e2 0.17  nF 8.8  pS 0.28  ptS 0.28  fLog 0.52  pdΔ -0.2207  pkR 5.86  clip 0.13  kl +0.004
upd   22  steps   47104  sps 685  opp symm  loss -0.022  pg +0.0090  v 0.004  ev +0.92  adv_std 0.084  tR -1.00  ent[s/d/p/e] 1.72/2.19/1.23/0.62  emits 0.85  spf 42.2  z0 0.56  garr 36.9  tG 286  e2 0.20  nF 9.3  pS 0.30  ptS 0.30  fLog 0.53  pdΔ -0.2005  pkR 6.26  clip 0.36  kl +0.015
upd   23  steps   49152  sps 708  opp symm  loss -0.071  pg -0.0391  v 0.003  ev +0.95  adv_std 0.075  tR +1.00  ent[s/d/p/e] 1.80/2.25/1.25/0.62  emits 0.68  spf 43.7  z0 0.62  garr 43.5  tG 380  e2 0.16  nF 8.7  pS 0.32  ptS 0.32  fLog 0.54  pdΔ -0.1784  pkR 8.65  clip 0.13  kl +0.004
upd   24  steps   51200  sps 731  opp symm  loss -0.103  pg -0.0700  v 0.003  ev +0.95  adv_std 0.077  tR -0.60  ent[s/d/p/e] 1.81/2.28/1.32/0.62  emits 0.74  spf 47.8  z0 0.60  garr 43.7  tG 352  e2 0.17  nF 8.7  pS 0.31  ptS 0.30  fLog 0.54  pdΔ -0.1931  pkR 7.19  clip 0.10  kl +0.003
upd   25  steps   53248  sps 753  opp symm  loss -0.112  pg -0.0795  v 0.003  ev +0.95  adv_std 0.082  tR -0.33  ent[s/d/p/e] 1.91/2.33/1.27/0.61  emits 0.73  spf 47.8  z0 0.61  garr 45.8  tG 362  e2 0.16  nF 8.6  pS 0.32  ptS 0.32  fLog 0.55  pdΔ -0.1764  pkR 5.56  clip 0.14  kl +0.007
upd   26  steps   55296  sps 775  opp symm  loss -0.021  pg +0.0122  v 0.002  ev +0.97  adv_std 0.066  tR -1.00  ent[s/d/p/e] 1.94/2.36/1.25/0.61  emits 0.74  spf 48.0  z0 0.61  garr 48.8  tG 372  e2 0.17  nF 8.4  pS 0.33  ptS 0.32  fLog 0.55  pdΔ -0.1720  pkR 5.71  clip 0.11  kl +0.002
upd   27  steps   57344  sps 797  opp symm  loss -0.019  pg +0.0141  v 0.003  ev +0.96  adv_std 0.073  tR +0.00  ent[s/d/p/e] 2.03/2.42/1.31/0.60  emits 0.74  spf 49.0  z0 0.61  garr 50.1  tG 392  e2 0.17  nF 8.3  pS 0.35  ptS 0.34  fLog 0.56  pdΔ -0.1513  pkR 4.68  clip 0.10  kl +0.006
upd   28  steps   59392  sps 818  opp symm  loss -0.055  pg -0.0220  v 0.003  ev +0.96  adv_std 0.075  tR -0.43  ent[s/d/p/e] 2.04/2.42/1.22/0.59  emits 0.66  spf 50.4  z0 0.65  garr 55.9  tG 410  e2 0.15  nF 7.8  pS 0.34  ptS 0.32  fLog 0.56  pdΔ -0.1641  pkR 4.00  clip 0.22  kl +0.006
upd   29  steps   61440  sps 839  opp symm  loss +0.004  pg +0.0373  v 0.003  ev +0.95  adv_std 0.078  tR +0.00  ent[s/d/p/e] 2.03/2.43/1.26/0.60  emits 0.78  spf 48.8  z0 0.61  garr 58.4  tG 424  e2 0.18  nF 8.2  pS 0.35  ptS 0.34  fLog 0.55  pdΔ -0.1549  pkR 4.37  clip 0.13  kl +0.002
upd   30  steps   63488  sps 859  opp symm  loss +0.018  pg +0.0517  v 0.003  ev +0.94  adv_std 0.077  tR -0.33  ent[s/d/p/e] 2.07/2.45/1.25/0.61  emits 0.86  spf 44.8  z0 0.59  garr 52.2  tG 387  e2 0.20  nF 9.7  pS 0.36  ptS 0.35  fLog 0.54  pdΔ -0.1447  pkR 6.09  clip 0.12  kl +0.005
upd   31  steps   65536  sps 879  opp symm  loss -0.006  pg +0.0194  v 0.010  ev +0.72  adv_std 0.147  tR -0.14  ent[s/d/p/e] 1.71/2.33/1.36/0.44  emits 0.35  spf 49.4  z0 0.78  garr 53.3  tG 245  e2 0.07  nF 4.0  pS 0.20  ptS 0.19  fLog 0.56  pdΔ -0.3031  pkR 6.61  clip 0.16  kl +0.005
upd   32  steps   67584  sps 899  opp symm  loss +0.014  pg +0.0442  v 0.003  ev +0.88  adv_std 0.074  tR -1.00  ent[s/d/p/e] 1.51/2.36/1.55/0.49  emits 0.30  spf 54.2  z0 0.79  garr 60.0  tG 258  e2 0.06  nF 3.2  pS 0.19  ptS 0.19  fLog 0.59  pdΔ -0.3094  pkR 6.06  clip 0.22  kl +0.009
upd   33  steps   69632  sps 918  opp symm  loss -0.046  pg -0.0151  v 0.002  ev +0.93  adv_std 0.060  tR +0.00  ent[s/d/p/e] 1.57/2.29/1.51/0.50  emits 0.33  spf 58.4  z0 0.77  garr 67.5  tG 333  e2 0.06  nF 3.3  pS 0.22  ptS 0.22  fLog 0.59  pdΔ -0.2763  pkR 5.05  clip 0.07  kl +0.004
upd   34  steps   71680  sps 937  opp symm  loss +0.009  pg +0.0412  v 0.003  ev +0.93  adv_std 0.074  tR +0.00  ent[s/d/p/e] 1.74/2.32/1.41/0.57  emits 0.60  spf 49.0  z0 0.67  garr 59.8  tG 343  e2 0.12  nF 5.7  pS 0.26  ptS 0.26  fLog 0.56  pdΔ -0.2368  pkR 4.36  clip 0.09  kl +0.002
upd   35  steps   73728  sps 956  opp symm  loss -0.048  pg -0.0181  v 0.008  ev +0.87  adv_std 0.126  tR -0.14  ent[s/d/p/e] 1.83/2.37/1.46/0.55  emits 0.50  spf 49.6  z0 0.71  garr 56.2  tG 374  e2 0.11  nF 5.9  pS 0.28  ptS 0.28  fLog 0.57  pdΔ -0.2169  pkR 5.12  clip 0.08  kl +0.001
upd   36  steps   75776  sps 974  opp symm  loss -0.042  pg -0.0095  v 0.003  ev +0.93  adv_std 0.081  tR +0.00  ent[s/d/p/e] 1.82/2.38/1.52/0.56  emits 0.46  spf 61.0  z0 0.72  garr 65.8  tG 438  e2 0.10  nF 4.5  pS 0.28  ptS 0.27  fLog 0.59  pdΔ -0.2199  pkR 4.49  clip 0.11  kl +0.005
upd   37  steps   77824  sps 992  opp symm  loss -0.009  pg +0.0236  v 0.002  ev +0.96  adv_std 0.058  tR +0.00  ent[s/d/p/e] 1.80/2.33/1.53/0.53  emits 0.38  spf 66.4  z0 0.75  garr 69.0  tG 470  e2 0.08  nF 3.9  pS 0.29  ptS 0.28  fLog 0.60  pdΔ -0.2086  pkR 5.77  clip 0.09  kl +0.002
upd   38  steps   79872  sps 1010  opp symm  loss -0.084  pg -0.0515  v 0.004  ev +0.93  adv_std 0.092  tR -1.00  ent[s/d/p/e] 1.81/2.33/1.52/0.57  emits 0.45  spf 65.0  z0 0.71  garr 76.9  tG 560  e2 0.10  nF 4.2  pS 0.32  ptS 0.31  fLog 0.60  pdΔ -0.1783  pkR 8.61  clip 0.16  kl +0.004
upd   39  steps   81920  sps 1027  opp symm  loss -0.018  pg +0.0148  v 0.003  ev +0.95  adv_std 0.076  tR +0.00  ent[s/d/p/e] 1.94/2.39/1.45/0.57  emits 0.55  spf 60.2  z0 0.68  garr 69.0  tG 482  e2 0.12  nF 5.4  pS 0.32  ptS 0.31  fLog 0.59  pdΔ -0.1790  pkR 4.75  clip 0.09  kl +0.002
upd   40  steps   83968  sps 1045  opp symm  loss -0.077  pg -0.0436  v 0.003  ev +0.95  adv_std 0.079  tR -0.20  ent[s/d/p/e] 1.97/2.38/1.40/0.58  emits 0.60  spf 54.3  z0 0.67  garr 68.5  tG 499  e2 0.13  nF 6.3  pS 0.33  ptS 0.32  fLog 0.57  pdΔ -0.1695  pkR 3.83  clip 0.09  kl +0.001
upd   41  steps   86016  sps 1062  opp symm  loss -0.065  pg -0.0335  v 0.006  ev +0.91  adv_std 0.112  tR +0.60  ent[s/d/p/e] 1.98/2.37/1.42/0.59  emits 0.63  spf 57.3  z0 0.66  garr 65.5  tG 475  e2 0.14  nF 6.5  pS 0.33  ptS 0.32  fLog 0.57  pdΔ -0.1694  pkR 4.12  clip 0.10  kl +0.003
upd   42  steps   88064  sps 1078  opp symm  loss -0.011  pg +0.0228  v 0.003  ev +0.96  adv_std 0.077  tR +0.00  ent[s/d/p/e] 2.01/2.37/1.43/0.60  emits 0.77  spf 54.3  z0 0.62  garr 59.9  tG 435  e2 0.17  nF 7.7  pS 0.34  ptS 0.33  fLog 0.57  pdΔ -0.1591  pkR 4.00  clip 0.10  kl +0.004
upd   43  steps   90112  sps 1095  opp symm  loss -0.045  pg -0.0129  v 0.006  ev +0.93  adv_std 0.111  tR +0.60  ent[s/d/p/e] 1.96/2.34/1.43/0.60  emits 0.79  spf 47.0  z0 0.61  garr 52.9  tG 400  e2 0.18  nF 8.8  pS 0.34  ptS 0.34  fLog 0.56  pdΔ -0.1576  pkR 5.70  clip 0.11  kl +0.005
upd   44  steps   92160  sps 1111  opp symm  loss -0.026  pg +0.0062  v 0.004  ev +0.95  adv_std 0.095  tR -0.20  ent[s/d/p/e] 2.01/2.35/1.34/0.59  emits 0.69  spf 47.4  z0 0.65  garr 53.9  tG 408  e2 0.15  nF 7.8  pS 0.33  ptS 0.33  fLog 0.56  pdΔ -0.1721  pkR 5.26  clip 0.13  kl +0.005
upd   45  steps   94208  sps 1127  opp symm  loss -0.007  pg +0.0252  v 0.005  ev +0.94  adv_std 0.103  tR -0.33  ent[s/d/p/e] 2.03/2.36/1.35/0.58  emits 0.74  spf 55.1  z0 0.63  garr 54.5  tG 452  e2 0.17  nF 7.9  pS 0.34  ptS 0.34  fLog 0.58  pdΔ -0.1574  pkR 4.36  clip 0.09  kl +0.002
upd   46  steps   96256  sps 1142  opp symm  loss +0.001  pg +0.0252  v 0.018  ev +0.81  adv_std 0.196  tR -0.09  ent[s/d/p/e] 1.94/2.32/1.35/0.56  emits 0.65  spf 52.0  z0 0.66  garr 53.1  tG 403  e2 0.14  nF 7.0  pS 0.31  ptS 0.30  fLog 0.57  pdΔ -0.1940  pkR 4.89  clip 0.10  kl +0.003
upd   47  steps   98304  sps 1157  opp symm  loss +0.025  pg +0.0563  v 0.004  ev +0.93  adv_std 0.091  tR -1.00  ent[s/d/p/e] 1.75/2.25/1.43/0.55  emits 0.54  spf 53.1  z0 0.69  garr 50.1  tG 323  e2 0.11  nF 5.4  pS 0.25  ptS 0.25  fLog 0.56  pdΔ -0.2469  pkR 5.28  clip 0.11  kl +0.002
upd   48  steps  100352  sps 1173  opp symm  loss -0.008  pg +0.0234  v 0.004  ev +0.94  adv_std 0.085  tR +1.00  ent[s/d/p/e] 1.83/2.27/1.35/0.56  emits 0.62  spf 49.7  z0 0.66  garr 45.8  tG 313  e2 0.13  nF 6.3  pS 0.28  ptS 0.28  fLog 0.56  pdΔ -0.2241  pkR 5.34  clip 0.13  kl +0.005
upd   49  steps  102400  sps 1188  opp symm  loss +0.015  pg +0.0475  v 0.003  ev +0.95  adv_std 0.079  tR +1.00  ent[s/d/p/e] 1.80/2.26/1.42/0.58  emits 0.64  spf 46.9  z0 0.65  garr 45.4  tG 304  e2 0.14  nF 6.9  pS 0.29  ptS 0.28  fLog 0.55  pdΔ -0.2128  pkR 4.85  clip 0.11  kl +0.004
upd   50  steps  104448  sps 1202  opp symm  loss -0.002  pg +0.0300  v 0.005  ev +0.92  adv_std 0.101  tR +0.00  ent[s/d/p/e] 1.74/2.22/1.46/0.60  emits 0.59  spf 48.6  z0 0.66  garr 51.0  tG 381  e2 0.14  nF 6.7  pS 0.33  ptS 0.32  fLog 0.57  pdΔ -0.1745  pkR 5.88  clip 0.14  kl +0.002
upd   51  steps  106496  sps 1217  opp symm  loss -0.060  pg -0.0281  v 0.007  ev +0.90  adv_std 0.123  tR -0.14  ent[s/d/p/e] 1.88/2.31/1.47/0.61  emits 0.68  spf 47.0  z0 0.65  garr 48.9  tG 363  e2 0.15  nF 7.3  pS 0.32  ptS 0.32  fLog 0.56  pdΔ -0.1768  pkR 6.97  clip 0.12  kl +0.002
upd   52  steps  108544  sps 1231  opp symm  loss -0.034  pg -0.0022  v 0.005  ev +0.94  adv_std 0.102  tR -0.50  ent[s/d/p/e] 1.88/2.27/1.45/0.60  emits 0.67  spf 50.7  z0 0.63  garr 49.9  tG 389  e2 0.15  nF 7.4  pS 0.33  ptS 0.32  fLog 0.57  pdΔ -0.1660  pkR 5.50  clip 0.09  kl +0.001
upd   53  steps  110592  sps 1245  opp symm  loss -0.007  pg +0.0250  v 0.005  ev +0.95  adv_std 0.104  tR -0.50  ent[s/d/p/e] 2.04/2.35/1.38/0.59  emits 0.72  spf 52.9  z0 0.63  garr 51.9  tG 436  e2 0.16  nF 7.7  pS 0.36  ptS 0.35  fLog 0.58  pdΔ -0.1395  pkR 5.21  clip 0.12  kl +0.004
upd   54  steps  112640  sps 1259  opp symm  loss -0.074  pg -0.0412  v 0.004  ev +0.97  adv_std 0.089  tR +0.60  ent[s/d/p/e] 2.02/2.35/1.44/0.59  emits 0.77  spf 51.1  z0 0.62  garr 55.3  tG 500  e2 0.17  nF 8.0  pS 0.38  ptS 0.37  fLog 0.58  pdΔ -0.1243  pkR 8.77  clip 0.13  kl +0.005
upd   55  steps  114688  sps 1273  opp symm  loss -0.019  pg +0.0125  v 0.005  ev +0.95  adv_std 0.100  tR +0.50  ent[s/d/p/e] 1.91/2.35/1.44/0.59  emits 0.77  spf 45.5  z0 0.62  garr 52.5  tG 451  e2 0.17  nF 8.3  pS 0.36  ptS 0.35  fLog 0.56  pdΔ -0.1442  pkR 9.95  clip 0.13  kl +0.003
upd   56  steps  116736  sps 1286  opp symm  loss -0.036  pg -0.0053  v 0.007  ev +0.93  adv_std 0.115  tR +0.14  ent[s/d/p/e] 1.80/2.28/1.46/0.58  emits 0.71  spf 47.2  z0 0.63  garr 48.2  tG 393  e2 0.16  nF 7.9  pS 0.33  ptS 0.32  fLog 0.57  pdΔ -0.1675  pkR 13.36  clip 0.12  kl +0.001
upd   57  steps  118784  sps 1300  opp symm  loss -0.015  pg +0.0172  v 0.004  ev +0.96  adv_std 0.089  tR +0.50  ent[s/d/p/e] 1.71/2.21/1.51/0.59  emits 0.65  spf 47.5  z0 0.64  garr 43.1  tG 313  e2 0.14  nF 6.8  pS 0.29  ptS 0.29  fLog 0.57  pdΔ -0.2065  pkR 5.20  clip 0.10  kl +0.002
upd   58  steps  120832  sps 1313  opp symm  loss -0.036  pg -0.0045  v 0.005  ev +0.96  adv_std 0.102  tR +0.00  ent[s/d/p/e] 1.66/2.20/1.48/0.59  emits 0.66  spf 45.6  z0 0.63  garr 47.2  tG 366  e2 0.15  nF 6.8  pS 0.31  ptS 0.31  fLog 0.57  pdΔ -0.1870  pkR 11.08  clip 0.13  kl +0.006
upd   59  steps  122880  sps 1326  opp symm  loss -0.071  pg -0.0398  v 0.006  ev +0.95  adv_std 0.110  tR +0.67  ent[s/d/p/e] 1.79/2.32/1.42/0.59  emits 0.76  spf 45.5  z0 0.61  garr 45.2  tG 348  e2 0.17  nF 7.6  pS 0.32  ptS 0.31  fLog 0.57  pdΔ -0.1833  pkR 13.48  clip 0.09  kl +0.003
upd   60  steps  124928  sps 1338  opp symm  loss -0.066  pg -0.0356  v 0.006  ev +0.94  adv_std 0.112  tR +0.00  ent[s/d/p/e] 1.77/2.25/1.41/0.56  emits 0.70  spf 45.2  z0 0.64  garr 41.2  tG 316  e2 0.15  nF 7.0  pS 0.29  ptS 0.29  fLog 0.56  pdΔ -0.2078  pkR 6.13  clip 0.08  kl +0.005
upd   61  steps  126976  sps 1351  opp symm  loss -0.095  pg -0.0638  v 0.004  ev +0.96  adv_std 0.093  tR -0.50  ent[s/d/p/e] 1.82/2.29/1.44/0.55  emits 0.65  spf 46.6  z0 0.67  garr 39.1  tG 301  e2 0.13  nF 7.0  pS 0.28  ptS 0.27  fLog 0.57  pdΔ -0.2221  pkR 7.66  clip 0.10  kl +0.002
upd   62  steps  129024  sps 1363  opp symm  loss -0.073  pg -0.0426  v 0.004  ev +0.94  adv_std 0.096  tR -0.40  ent[s/d/p/e] 1.66/2.31/1.47/0.52  emits 0.50  spf 53.5  z0 0.72  garr 42.3  tG 296  e2 0.11  nF 4.8  pS 0.25  ptS 0.25  fLog 0.59  pdΔ -0.2470  pkR 7.40  clip 0.05  kl -0.002
upd   63  steps  131072  sps 1376  opp symm  loss -0.019  pg +0.0126  v 0.004  ev +0.95  adv_std 0.087  tR -1.00  ent[s/d/p/e] 1.73/2.34/1.47/0.53  emits 0.51  spf 57.2  z0 0.71  garr 46.8  tG 324  e2 0.10  nF 5.3  pS 0.27  ptS 0.26  fLog 0.60  pdΔ -0.2340  pkR 6.86  clip 0.07  kl -0.001
upd   64  steps  133120  sps 1388  opp symm  loss +0.017  pg +0.0484  v 0.005  ev +0.94  adv_std 0.100  tR +1.00  ent[s/d/p/e] 1.82/2.37/1.55/0.56  emits 0.61  spf 53.8  z0 0.68  garr 50.3  tG 371  e2 0.13  nF 6.2  pS 0.30  ptS 0.29  fLog 0.59  pdΔ -0.2048  pkR 5.21  clip 0.12  kl +0.005
upd   65  steps  135168  sps 1399  opp symm  loss -0.002  pg +0.0298  v 0.005  ev +0.95  adv_std 0.098  tR +0.00  ent[s/d/p/e] 1.93/2.41/1.50/0.55  emits 0.55  spf 54.9  z0 0.70  garr 54.9  tG 435  e2 0.11  nF 6.2  pS 0.32  ptS 0.32  fLog 0.59  pdΔ -0.1758  pkR 5.38  clip 0.11  kl +0.001
upd   66  steps  137216  sps 1411  opp symm  loss -0.080  pg -0.0492  v 0.007  ev +0.93  adv_std 0.119  tR +0.25  ent[s/d/p/e] 1.94/2.41/1.52/0.54  emits 0.49  spf 66.3  z0 0.71  garr 63.7  tG 547  e2 0.10  nF 5.2  pS 0.35  ptS 0.34  fLog 0.62  pdΔ -0.1539  pkR 5.91  clip 0.09  kl +0.001
upd   67  steps  139264  sps 1423  opp symm  loss -0.034  pg -0.0025  v 0.004  ev +0.95  adv_std 0.094  tR +0.20  ent[s/d/p/e] 1.87/2.31/1.56/0.52  emits 0.48  spf 69.4  z0 0.72  garr 66.6  tG 566  e2 0.10  nF 4.9  pS 0.33  ptS 0.33  fLog 0.62  pdΔ -0.1689  pkR 5.90  clip 0.11  kl +0.004
upd   68  steps  141312  sps 1434  opp symm  loss -0.032  pg -0.0011  v 0.004  ev +0.95  adv_std 0.094  tR +0.50  ent[s/d/p/e] 1.83/2.31/1.53/0.53  emits 0.50  spf 65.4  z0 0.71  garr 65.7  tG 553  e2 0.10  nF 5.1  pS 0.32  ptS 0.31  fLog 0.61  pdΔ -0.1804  pkR 7.45  clip 0.15  kl +0.004
upd   69  steps  143360  sps 1446  opp symm  loss -0.039  pg -0.0078  v 0.006  ev +0.93  adv_std 0.106  tR -0.33  ent[s/d/p/e] 1.75/2.28/1.58/0.53  emits 0.43  spf 68.1  z0 0.72  garr 67.4  tG 580  e2 0.08  nF 4.5  pS 0.32  ptS 0.32  fLog 0.62  pdΔ -0.1764  pkR 7.73  clip 0.08  kl +0.003
upd   70  steps  145408  sps 1457  opp symm  loss -0.064  pg -0.0339  v 0.007  ev +0.92  adv_std 0.113  tR +0.00  ent[s/d/p/e] 1.64/2.21/1.59/0.54  emits 0.45  spf 66.2  z0 0.71  garr 64.8  tG 529  e2 0.09  nF 4.7  pS 0.31  ptS 0.30  fLog 0.61  pdΔ -0.1915  pkR 7.47  clip 0.12  kl +0.004
upd   71  steps  147456  sps 1468  opp symm  loss -0.026  pg +0.0049  v 0.006  ev +0.93  adv_std 0.111  tR -0.60  ent[s/d/p/e] 1.67/2.25/1.58/0.55  emits 0.49  spf 61.2  z0 0.70  garr 59.5  tG 454  e2 0.10  nF 4.8  pS 0.29  ptS 0.28  fLog 0.61  pdΔ -0.2074  pkR 6.39  clip 0.14  kl +0.007
upd   72  steps  149504  sps 1479  opp symm  loss -0.022  pg +0.0067  v 0.009  ev +0.92  adv_std 0.132  tR +0.00  ent[s/d/p/e] 1.67/2.21/1.54/0.55  emits 0.47  spf 61.4  z0 0.71  garr 58.3  tG 442  e2 0.09  nF 4.7  pS 0.30  ptS 0.29  fLog 0.61  pdΔ -0.1999  pkR 6.21  clip 0.09  kl +0.001
upd   73  steps  151552  sps 1489  opp symm  loss -0.038  pg -0.0070  v 0.004  ev +0.97  adv_std 0.084  tR +0.00  ent[s/d/p/e] 1.64/2.18/1.59/0.54  emits 0.42  spf 56.8  z0 0.72  garr 64.4  tG 481  e2 0.08  nF 4.7  pS 0.30  ptS 0.30  fLog 0.60  pdΔ -0.1968  pkR 5.14  clip 0.06  kl +0.000
upd   74  steps  153600  sps 1500  opp symm  loss +0.043  pg +0.0735  v 0.004  ev +0.96  adv_std 0.093  tR +1.00  ent[s/d/p/e] 1.64/2.20/1.53/0.53  emits 0.39  spf 62.1  z0 0.75  garr 80.3  tG 600  e2 0.07  nF 4.3  pS 0.31  ptS 0.30  fLog 0.60  pdΔ -0.1922  pkR 5.37  clip 0.07  kl +0.002
upd   75  steps  155648  sps 1510  opp symm  loss +0.029  pg +0.0575  v 0.007  ev +0.94  adv_std 0.121  tR +0.60  ent[s/d/p/e] 1.68/2.20/1.57/0.49  emits 0.34  spf 75.3  z0 0.77  garr 90.4  tG 676  e2 0.06  nF 3.8  pS 0.30  ptS 0.30  fLog 0.63  pdΔ -0.1970  pkR 5.16  clip 0.07  kl +0.002
upd   76  steps  157696  sps 1521  opp symm  loss -0.009  pg +0.0196  v 0.008  ev +0.94  adv_std 0.122  tR -0.14  ent[s/d/p/e] 1.82/2.28/1.55/0.48  emits 0.44  spf 69.5  z0 0.75  garr 94.8  tG 713  e2 0.08  nF 3.9  pS 0.31  ptS 0.30  fLog 0.61  pdΔ -0.1937  pkR 5.25  clip 0.10  kl +0.005
upd   77  steps  159744  sps 1531  opp symm  loss -0.064  pg -0.0401  v 0.015  ev +0.87  adv_std 0.172  tR -0.12  ent[s/d/p/e] 1.51/2.17/1.56/0.48  emits 0.34  spf 65.1  z0 0.77  garr 81.6  tG 579  e2 0.06  nF 3.5  pS 0.26  ptS 0.26  fLog 0.61  pdΔ -0.2358  pkR 6.43  clip 0.11  kl +0.003
upd   78  steps  161792  sps 1541  opp symm  loss -0.047  pg -0.0169  v 0.005  ev +0.95  adv_std 0.094  tR -1.00  ent[s/d/p/e] 1.38/2.10/1.59/0.54  emits 0.39  spf 68.0  z0 0.75  garr 79.7  tG 545  e2 0.08  nF 3.6  pS 0.26  ptS 0.26  fLog 0.61  pdΔ -0.2380  pkR 5.24  clip 0.12  kl +0.003
upd   79  steps  163840  sps 1551  opp symm  loss -0.025  pg +0.0059  v 0.004  ev +0.97  adv_std 0.087  tR -0.50  ent[s/d/p/e] 1.53/2.19/1.59/0.54  emits 0.40  spf 69.0  z0 0.74  garr 79.3  tG 582  e2 0.08  nF 4.4  pS 0.29  ptS 0.29  fLog 0.62  pdΔ -0.2116  pkR 4.55  clip 0.09  kl +0.002
upd   80  steps  165888  sps 1561  opp symm  loss -0.019  pg +0.0126  v 0.003  ev +0.97  adv_std 0.083  tR +0.00  ent[s/d/p/e] 1.65/2.19/1.67/0.53  emits 0.39  spf 70.6  z0 0.74  garr 81.7  tG 612  e2 0.08  nF 4.4  pS 0.31  ptS 0.31  fLog 0.63  pdΔ -0.1948  pkR 4.67  clip 0.09  kl +0.002
upd   81  steps  167936  sps 1570  opp symm  loss -0.025  pg +0.0062  v 0.006  ev +0.95  adv_std 0.108  tR -0.33  ent[s/d/p/e] 1.72/2.20/1.53/0.56  emits 0.48  spf 70.0  z0 0.72  garr 83.3  tG 633  e2 0.10  nF 4.5  pS 0.33  ptS 0.33  fLog 0.63  pdΔ -0.1696  pkR 4.98  clip 0.08  kl -0.000
upd   82  steps  169984  sps 1580  opp symm  loss -0.056  pg -0.0263  v 0.010  ev +0.92  adv_std 0.141  tR -0.14  ent[s/d/p/e] 1.83/2.26/1.59/0.56  emits 0.51  spf 72.0  z0 0.69  garr 83.2  tG 657  e2 0.10  nF 4.6  pS 0.34  ptS 0.34  fLog 0.63  pdΔ -0.1622  pkR 5.20  clip 0.13  kl +0.003
upd   83  steps  172032  sps 1589  opp symm  loss -0.041  pg -0.0109  v 0.007  ev +0.94  adv_std 0.116  tR +0.33  ent[s/d/p/e] 1.84/2.27/1.53/0.54  emits 0.49  spf 68.8  z0 0.72  garr 82.9  tG 670  e2 0.10  nF 4.9  pS 0.35  ptS 0.34  fLog 0.63  pdΔ -0.1526  pkR 5.12  clip 0.10  kl +0.002
upd   84  steps  174080  sps 1599  opp symm  loss +0.006  pg +0.0380  v 0.005  ev +0.97  adv_std 0.094  tR -1.00  ent[s/d/p/e] 1.86/2.29/1.51/0.55  emits 0.56  spf 71.6  z0 0.68  garr 83.2  tG 711  e2 0.12  nF 5.5  pS 0.36  ptS 0.36  fLog 0.64  pdΔ -0.1353  pkR 4.33  clip 0.09  kl +0.003
upd   85  steps  176128  sps 1608  opp symm  loss -0.034  pg -0.0025  v 0.005  ev +0.96  adv_std 0.099  tR +0.00  ent[s/d/p/e] 1.91/2.30/1.50/0.54  emits 0.58  spf 65.9  z0 0.69  garr 81.1  tG 707  e2 0.12  nF 5.9  pS 0.37  ptS 0.37  fLog 0.62  pdΔ -0.1288  pkR 4.18  clip 0.12  kl +0.002
upd   86  steps  178176  sps 1617  opp symm  loss -0.018  pg +0.0116  v 0.008  ev +0.94  adv_std 0.123  tR +0.60  ent[s/d/p/e] 1.85/2.29/1.48/0.54  emits 0.51  spf 55.6  z0 0.73  garr 78.9  tG 651  e2 0.10  nF 6.0  pS 0.35  ptS 0.35  fLog 0.59  pdΔ -0.1510  pkR 4.19  clip 0.11  kl +0.006
upd   87  steps  180224  sps 1626  opp symm  loss -0.013  pg +0.0156  v 0.009  ev +0.94  adv_std 0.134  tR +0.67  ent[s/d/p/e] 1.82/2.29/1.54/0.53  emits 0.51  spf 64.4  z0 0.73  garr 81.9  tG 675  e2 0.11  nF 4.9  pS 0.33  ptS 0.34  fLog 0.62  pdΔ -0.1661  pkR 4.38  clip 0.13  kl +0.007
upd   88  steps  182272  sps 1635  opp symm  loss -0.011  pg +0.0196  v 0.007  ev +0.96  adv_std 0.115  tR +0.20  ent[s/d/p/e] 1.81/2.30/1.53/0.55  emits 0.57  spf 60.7  z0 0.69  garr 71.5  tG 595  e2 0.11  nF 6.5  pS 0.33  ptS 0.33  fLog 0.61  pdΔ -0.1683  pkR 5.20  clip 0.16  kl +0.008
upd   89  steps  184320  sps 1644  opp symm  loss -0.005  pg +0.0249  v 0.007  ev +0.95  adv_std 0.119  tR -0.33  ent[s/d/p/e] 1.81/2.32/1.50/0.53  emits 0.51  spf 64.5  z0 0.72  garr 73.5  tG 644  e2 0.10  nF 5.7  pS 0.35  ptS 0.35  fLog 0.62  pdΔ -0.1492  pkR 4.99  clip 0.08  kl +0.002
upd   90  steps  186368  sps 1653  opp symm  loss +0.026  pg +0.0573  v 0.005  ev +0.96  adv_std 0.102  tR +0.60  ent[s/d/p/e] 1.94/2.36/1.54/0.54  emits 0.53  spf 68.8  z0 0.71  garr 77.0  tG 671  e2 0.11  nF 5.4  pS 0.36  ptS 0.36  fLog 0.63  pdΔ -0.1355  pkR 4.43  clip 0.11  kl +0.002
upd   91  steps  188416  sps 1661  opp symm  loss -0.022  pg +0.0087  v 0.006  ev +0.95  adv_std 0.112  tR +0.43  ent[s/d/p/e] 1.89/2.36/1.51/0.53  emits 0.47  spf 62.3  z0 0.74  garr 80.8  tG 663  e2 0.09  nF 4.9  pS 0.35  ptS 0.35  fLog 0.62  pdΔ -0.1524  pkR 4.77  clip 0.09  kl +0.003
upd   92  steps  190464  sps 1670  opp symm  loss -0.041  pg -0.0144  v 0.010  ev +0.91  adv_std 0.143  tR +0.60  ent[s/d/p/e] 1.64/2.34/1.51/0.48  emits 0.35  spf 64.1  z0 0.77  garr 83.3  tG 628  e2 0.07  nF 3.7  pS 0.29  ptS 0.29  fLog 0.62  pdΔ -0.2058  pkR 6.32  clip 0.10  kl +0.002
upd   93  steps  192512  sps 1678  opp symm  loss -0.014  pg +0.0109  v 0.013  ev +0.89  adv_std 0.158  tR +0.71  ent[s/d/p/e] 1.35/2.24/1.58/0.49  emits 0.31  spf 64.8  z0 0.79  garr 72.6  tG 480  e2 0.06  nF 3.0  pS 0.24  ptS 0.23  fLog 0.62  pdΔ -0.2638  pkR 5.52  clip 0.10  kl +0.006
upd   94  steps  194560  sps 1687  opp symm  loss -0.014  pg +0.0157  v 0.005  ev +0.96  adv_std 0.095  tR -0.50  ent[s/d/p/e] 1.41/2.22/1.54/0.53  emits 0.37  spf 56.5  z0 0.75  garr 66.9  tG 430  e2 0.07  nF 3.6  pS 0.24  ptS 0.24  fLog 0.60  pdΔ -0.2609  pkR 6.34  clip 0.07  kl +0.002
upd   95  steps  196608  sps 1695  opp symm  loss -0.037  pg -0.0095  v 0.007  ev +0.94  adv_std 0.122  tR +0.20  ent[s/d/p/e] 1.37/2.17/1.48/0.52  emits 0.36  spf 54.6  z0 0.75  garr 71.5  tG 457  e2 0.07  nF 3.6  pS 0.25  ptS 0.25  fLog 0.59  pdΔ -0.2495  pkR 6.90  clip 0.07  kl +0.001
upd   96  steps  198656  sps 1703  opp symm  loss -0.033  pg -0.0047  v 0.007  ev +0.95  adv_std 0.117  tR +0.00  ent[s/d/p/e] 1.48/2.20/1.52/0.52  emits 0.40  spf 56.3  z0 0.74  garr 78.2  tG 529  e2 0.08  nF 4.2  pS 0.28  ptS 0.27  fLog 0.60  pdΔ -0.2195  pkR 6.88  clip 0.12  kl +0.004
upd   97  steps  200704  sps 1711  opp symm  loss +0.019  pg +0.0465  v 0.009  ev +0.95  adv_std 0.134  tR +0.00  ent[s/d/p/e] 1.62/2.25/1.40/0.54  emits 0.43  spf 62.7  z0 0.74  garr 78.6  tG 540  e2 0.09  nF 4.6  pS 0.29  ptS 0.28  fLog 0.61  pdΔ -0.2101  pkR 4.83  clip 0.13  kl +0.003
upd   98  steps  202752  sps 1719  opp symm  loss -0.022  pg +0.0063  v 0.006  ev +0.96  adv_std 0.110  tR +0.20  ent[s/d/p/e] 1.74/2.31/1.39/0.50  emits 0.41  spf 69.4  z0 0.75  garr 80.3  tG 589  e2 0.08  nF 4.3  pS 0.29  ptS 0.29  fLog 0.63  pdΔ -0.2052  pkR 4.71  clip 0.12  kl +0.003
[eval_vs_v20] u99 tag=train_u99  bin0=0.0%  spf=0.00  garr=128.50  flip=0.00%  z0=71.9%  e8=0.0%  e2+=0.0%  WLD=0/3/0
upd   99  steps  204800  sps 1727  opp symm  loss -0.032  pg -0.0029  v 0.005  ev +0.97  adv_std 0.098  tR +0.00  ent[s/d/p/e] 1.59/2.20/1.41/0.53  emits 0.41  spf 62.8  z0 0.74  garr 76.6  tG 545  e2 0.08  nF 4.2  pS 0.28  ptS 0.27  fLog 0.61  pdΔ -0.2177  pkR 5.75  clip 0.09  kl +0.001 WRr 0.09 v20[spf 0.0 flip 0.0% e2+ 0.0%]
upd  100  steps  206848  sps 956  opp symm  loss -0.060  pg -0.0316  v 0.007  ev +0.95  adv_std 0.122  tR +0.00  ent[s/d/p/e] 1.63/2.22/1.45/0.52  emits 0.42  spf 54.7  z0 0.74  garr 81.0  tG 615  e2 0.08  nF 4.2  pS 0.31  ptS 0.30  fLog 0.60  pdΔ -0.1936  pkR 6.88  clip 0.09  kl +0.003
upd  101  steps  208896  sps 963  opp symm  loss -0.050  pg -0.0218  v 0.008  ev +0.95  adv_std 0.125  tR +0.25  ent[s/d/p/e] 1.72/2.24/1.39/0.52  emits 0.42  spf 58.3  z0 0.74  garr 80.2  tG 581  e2 0.08  nF 4.1  pS 0.29  ptS 0.29  fLog 0.60  pdΔ -0.2068  pkR 5.78  clip 0.08  kl +0.004
upd  102  steps  210944  sps 969  opp symm  loss +0.012  pg +0.0404  v 0.006  ev +0.96  adv_std 0.112  tR +1.00  ent[s/d/p/e] 1.73/2.23/1.37/0.49  emits 0.38  spf 58.7  z0 0.76  garr 86.1  tG 623  e2 0.08  nF 4.0  pS 0.30  ptS 0.29  fLog 0.60  pdΔ -0.1985  pkR 4.71  clip 0.06  kl -0.000
upd  103  steps  212992  sps 976  opp symm  loss +0.012  pg +0.0384  v 0.010  ev +0.94  adv_std 0.140  tR +0.33  ent[s/d/p/e] 1.67/2.28/1.37/0.48  emits 0.35  spf 63.8  z0 0.77  garr 84.0  tG 578  e2 0.07  nF 3.4  pS 0.28  ptS 0.27  fLog 0.62  pdΔ -0.2200  pkR 6.52  clip 0.09  kl +0.003
upd  104  steps  215040  sps 982  opp symm  loss -0.058  pg -0.0290  v 0.007  ev +0.96  adv_std 0.116  tR -1.00  ent[s/d/p/e] 1.58/2.25/1.41/0.53  emits 0.44  spf 57.8  z0 0.74  garr 76.8  tG 511  e2 0.09  nF 4.1  pS 0.28  ptS 0.27  fLog 0.61  pdΔ -0.2217  pkR 4.43  clip 0.14  kl -0.001
upd  105  steps  217088  sps 988  opp symm  loss -0.037  pg -0.0089  v 0.006  ev +0.97  adv_std 0.109  tR +0.00  ent[s/d/p/e] 1.68/2.28/1.38/0.49  emits 0.35  spf 58.3  z0 0.77  garr 81.3  tG 566  e2 0.07  nF 4.0  pS 0.30  ptS 0.29  fLog 0.61  pdΔ -0.2039  pkR 4.73  clip 0.09  kl +0.002
upd  106  steps  219136  sps 995  opp symm  loss -0.029  pg -0.0001  v 0.006  ev +0.97  adv_std 0.111  tR +0.14  ent[s/d/p/e] 1.74/2.29/1.41/0.52  emits 0.39  spf 70.4  z0 0.75  garr 82.3  tG 575  e2 0.07  nF 3.7  pS 0.29  ptS 0.28  fLog 0.64  pdΔ -0.2080  pkR 5.00  clip 0.11  kl +0.002
upd  107  steps  221184  sps 1001  opp symm  loss -0.009  pg +0.0182  v 0.010  ev +0.95  adv_std 0.145  tR -1.00  ent[s/d/p/e] 1.80/2.38/1.41/0.52  emits 0.38  spf 73.6  z0 0.77  garr 83.3  tG 578  e2 0.08  nF 3.4  pS 0.30  ptS 0.28  fLog 0.65  pdΔ -0.2038  pkR 4.80  clip 0.10  kl +0.003
upd  108  steps  223232  sps 1008  opp symm  loss -0.039  pg -0.0094  v 0.007  ev +0.97  adv_std 0.117  tR -0.67  ent[s/d/p/e] 1.84/2.34/1.43/0.54  emits 0.50  spf 74.9  z0 0.72  garr 81.7  tG 590  e2 0.10  nF 4.3  pS 0.32  ptS 0.31  fLog 0.64  pdΔ -0.1761  pkR 5.81  clip 0.10  kl +0.005
upd  109  steps  225280  sps 1014  opp symm  loss -0.042  pg -0.0128  v 0.010  ev +0.95  adv_std 0.137  tR -0.33  ent[s/d/p/e] 1.86/2.30/1.47/0.57  emits 0.63  spf 57.2  z0 0.67  garr 69.8  tG 533  e2 0.14  nF 6.1  pS 0.35  ptS 0.33  fLog 0.61  pdΔ -0.1495  pkR 8.45  clip 0.09  kl +0.004
upd  110  steps  227328  sps 1020  opp symm  loss +0.007  pg +0.0376  v 0.006  ev +0.97  adv_std 0.112  tR +0.67  ent[s/d/p/e] 1.86/2.30/1.46/0.57  emits 0.66  spf 55.0  z0 0.67  garr 65.4  tG 501  e2 0.14  nF 6.6  pS 0.35  ptS 0.33  fLog 0.60  pdΔ -0.1548  pkR 10.27  clip 0.06  kl +0.002
upd  111  steps  229376  sps 1026  opp symm  loss -0.036  pg -0.0057  v 0.006  ev +0.96  adv_std 0.113  tR +0.00  ent[s/d/p/e] 1.79/2.27/1.49/0.55  emits 0.61  spf 56.2  z0 0.68  garr 63.6  tG 521  e2 0.14  nF 6.5  pS 0.35  ptS 0.34  fLog 0.60  pdΔ -0.1506  pkR 9.34  clip 0.09  kl +0.001
upd  112  steps  231424  sps 1033  opp symm  loss -0.048  pg -0.0187  v 0.008  ev +0.95  adv_std 0.130  tR +0.67  ent[s/d/p/e] 1.87/2.25/1.51/0.56  emits 0.68  spf 48.8  z0 0.67  garr 57.6  tG 476  e2 0.14  nF 7.3  pS 0.34  ptS 0.32  fLog 0.59  pdΔ -0.1634  pkR 11.45  clip 0.10  kl +0.005
upd  113  steps  233472  sps 1039  opp symm  loss -0.013  pg +0.0181  v 0.006  ev +0.97  adv_std 0.110  tR -0.33  ent[s/d/p/e] 1.77/2.27/1.50/0.57  emits 0.53  spf 51.6  z0 0.70  garr 56.4  tG 435  e2 0.11  nF 6.3  pS 0.32  ptS 0.31  fLog 0.59  pdΔ -0.1829  pkR 4.89  clip 0.10  kl +0.003
upd  114  steps  235520  sps 1045  opp symm  loss -0.031  pg -0.0030  v 0.011  ev +0.93  adv_std 0.153  tR -0.50  ent[s/d/p/e] 1.69/2.25/1.45/0.58  emits 0.58  spf 59.8  z0 0.67  garr 58.0  tG 477  e2 0.12  nF 5.3  pS 0.32  ptS 0.31  fLog 0.61  pdΔ -0.1820  pkR 9.61  clip 0.08  kl +0.003
upd  115  steps  237568  sps 1051  opp symm  loss -0.035  pg -0.0061  v 0.009  ev +0.94  adv_std 0.136  tR +0.50  ent[s/d/p/e] 1.65/2.23/1.48/0.59  emits 0.66  spf 48.4  z0 0.63  garr 52.3  tG 435  e2 0.16  nF 6.6  pS 0.33  ptS 0.32  fLog 0.59  pdΔ -0.1672  pkR 12.10  clip 0.12  kl +0.005
upd  116  steps  239616  sps 1057  opp symm  loss -0.043  pg -0.0110  v 0.005  ev +0.96  adv_std 0.104  tR -1.00  ent[s/d/p/e] 1.71/2.29/1.46/0.60  emits 0.68  spf 47.2  z0 0.62  garr 51.2  tG 400  e2 0.15  nF 7.5  pS 0.34  ptS 0.33  fLog 0.58  pdΔ -0.1579  pkR 3.66  clip 0.10  kl +0.004
upd  117  steps  241664  sps 1063  opp symm  loss -0.020  pg +0.0097  v 0.008  ev +0.95  adv_std 0.127  tR +0.50  ent[s/d/p/e] 1.81/2.34/1.40/0.59  emits 0.75  spf 44.2  z0 0.63  garr 47.9  tG 377  e2 0.16  nF 8.3  pS 0.35  ptS 0.34  fLog 0.57  pdΔ -0.1454  pkR 3.55  clip 0.10  kl +0.002
upd  118  steps  243712  sps 1069  opp symm  loss -0.032  pg -0.0024  v 0.010  ev +0.94  adv_std 0.144  tR +0.00  ent[s/d/p/e] 1.84/2.36/1.37/0.60  emits 0.82  spf 45.7  z0 0.60  garr 45.8  tG 364  e2 0.18  nF 8.8  pS 0.36  ptS 0.35  fLog 0.58  pdΔ -0.1442  pkR 3.17  clip 0.11  kl +0.005
upd  119  steps  245760  sps 1075  opp symm  loss -0.051  pg -0.0205  v 0.005  ev +0.97  adv_std 0.100  tR +0.50  ent[s/d/p/e] 1.83/2.33/1.37/0.57  emits 0.75  spf 42.6  z0 0.62  garr 44.5  tG 352  e2 0.17  nF 8.3  pS 0.34  ptS 0.33  fLog 0.57  pdΔ -0.1621  pkR 4.12  clip 0.17  kl +0.007
upd  120  steps  247808  sps 1081  opp symm  loss -0.028  pg +0.0008  v 0.008  ev +0.95  adv_std 0.129  tR +1.00  ent[s/d/p/e] 1.73/2.30/1.38/0.57  emits 0.73  spf 44.3  z0 0.63  garr 41.8  tG 327  e2 0.16  nF 8.6  pS 0.32  ptS 0.31  fLog 0.57  pdΔ -0.1787  pkR 5.74  clip 0.12  kl +0.002
upd  121  steps  249856  sps 1087  opp symm  loss -0.030  pg -0.0012  v 0.007  ev +0.96  adv_std 0.121  tR -0.33  ent[s/d/p/e] 1.76/2.25/1.37/0.56  emits 0.83  spf 39.0  z0 0.61  garr 40.7  tG 338  e2 0.18  nF 8.0  pS 0.32  ptS 0.31  fLog 0.55  pdΔ -0.1813  pkR 8.95  clip 0.14  kl +0.006
upd  122  steps  251904  sps 1092  opp symm  loss -0.008  pg +0.0194  v 0.011  ev +0.93  adv_std 0.154  tR +0.40  ent[s/d/p/e] 1.81/2.31/1.33/0.55  emits 0.89  spf 41.8  z0 0.62  garr 39.1  tG 344  e2 0.19  nF 9.1  pS 0.32  ptS 0.31  fLog 0.56  pdΔ -0.1823  pkR 12.54  clip 0.09  kl +0.002
upd  123  steps  253952  sps 1098  opp symm  loss -0.014  pg +0.0115  v 0.013  ev +0.91  adv_std 0.161  tR -0.33  ent[s/d/p/e] 1.65/2.18/1.38/0.55  emits 0.82  spf 34.6  z0 0.63  garr 30.3  tG 210  e2 0.17  nF 8.4  pS 0.26  ptS 0.26  fLog 0.53  pdΔ -0.2373  pkR 7.30  clip 0.10  kl -0.001
upd  124  steps  256000  sps 1104  opp symm  loss -0.041  pg -0.0133  v 0.010  ev +0.94  adv_std 0.142  tR +0.00  ent[s/d/p/e] 1.51/2.12/1.42/0.58  emits 0.71  spf 34.5  z0 0.64  garr 32.9  tG 209  e2 0.15  nF 7.6  pS 0.25  ptS 0.24  fLog 0.54  pdΔ -0.2453  pkR 5.80  clip 0.09  kl +0.003
upd  125  steps  258048  sps 1110  opp symm  loss -0.012  pg +0.0175  v 0.006  ev +0.96  adv_std 0.113  tR -0.33  ent[s/d/p/e] 1.60/2.20/1.43/0.58  emits 0.74  spf 38.1  z0 0.63  garr 36.6  tG 242  e2 0.15  nF 7.3  pS 0.28  ptS 0.27  fLog 0.55  pdΔ -0.2226  pkR 4.63  clip 0.11  kl +0.004
upd  126  steps  260096  sps 1115  opp symm  loss -0.008  pg +0.0217  v 0.007  ev +0.96  adv_std 0.118  tR +1.00  ent[s/d/p/e] 1.68/2.25/1.41/0.58  emits 0.69  spf 41.5  z0 0.63  garr 42.1  tG 297  e2 0.15  nF 6.8  pS 0.31  ptS 0.29  fLog 0.57  pdΔ -0.1927  pkR 4.02  clip 0.14  kl +0.004
upd  127  steps  262144  sps 1121  opp symm  loss -0.001  pg +0.0298  v 0.007  ev +0.96  adv_std 0.119  tR +1.00  ent[s/d/p/e] 1.75/2.27/1.40/0.60  emits 0.76  spf 42.3  z0 0.62  garr 46.7  tG 337  e2 0.17  nF 7.5  pS 0.33  ptS 0.31  fLog 0.57  pdΔ -0.1661  pkR 3.77  clip 0.13  kl +0.004
upd  128  steps  264192  sps 1127  opp symm  loss -0.009  pg +0.0202  v 0.009  ev +0.95  adv_std 0.132  tR +0.00  ent[s/d/p/e] 1.75/2.32/1.48/0.57  emits 0.59  spf 50.8  z0 0.67  garr 51.8  tG 380  e2 0.12  nF 6.2  pS 0.32  ptS 0.30  fLog 0.60  pdΔ -0.1832  pkR 4.47  clip 0.07  kl -0.000
upd  129  steps  266240  sps 1132  opp symm  loss -0.046  pg -0.0165  v 0.007  ev +0.97  adv_std 0.119  tR +0.33  ent[s/d/p/e] 1.74/2.28/1.43/0.56  emits 0.50  spf 54.8  z0 0.70  garr 54.4  tG 406  e2 0.10  nF 5.2  pS 0.31  ptS 0.30  fLog 0.61  pdΔ -0.1909  pkR 5.08  clip 0.06  kl -0.000
upd  130  steps  268288  sps 1138  opp symm  loss -0.000  pg +0.0294  v 0.006  ev +0.96  adv_std 0.115  tR +0.00  ent[s/d/p/e] 1.67/2.22/1.45/0.55  emits 0.51  spf 49.8  z0 0.71  garr 55.2  tG 391  e2 0.11  nF 5.0  pS 0.29  ptS 0.29  fLog 0.60  pdΔ -0.2052  pkR 4.83  clip 0.07  kl +0.005
upd  131  steps  270336  sps 1143  opp symm  loss +0.021  pg +0.0511  v 0.005  ev +0.97  adv_std 0.101  tR -0.43  ent[s/d/p/e] 1.77/2.27/1.37/0.53  emits 0.54  spf 50.3  z0 0.71  garr 56.7  tG 400  e2 0.12  nF 5.4  pS 0.30  ptS 0.29  fLog 0.59  pdΔ -0.2038  pkR 5.66  clip 0.13  kl +0.004
upd  132  steps  272384  sps 1149  opp symm  loss -0.048  pg -0.0195  v 0.007  ev +0.96  adv_std 0.122  tR -1.00  ent[s/d/p/e] 1.67/2.24/1.38/0.55  emits 0.57  spf 52.2  z0 0.69  garr 60.2  tG 421  e2 0.11  nF 5.4  pS 0.30  ptS 0.30  fLog 0.60  pdΔ -0.1962  pkR 3.70  clip 0.08  kl +0.001
upd  133  steps  274432  sps 1154  opp symm  loss -0.008  pg +0.0210  v 0.007  ev +0.97  adv_std 0.116  tR +1.00  ent[s/d/p/e] 1.83/2.33/1.36/0.53  emits 0.59  spf 52.5  z0 0.70  garr 65.0  tG 451  e2 0.12  nF 5.6  pS 0.32  ptS 0.31  fLog 0.59  pdΔ -0.1829  pkR 3.67  clip 0.07  kl +0.003
upd  134  steps  276480  sps 1160  opp symm  loss -0.000  pg +0.0302  v 0.005  ev +0.97  adv_std 0.103  tR +0.67  ent[s/d/p/e] 1.85/2.30/1.38/0.54  emits 0.55  spf 52.9  z0 0.72  garr 72.3  tG 497  e2 0.11  nF 5.2  pS 0.32  ptS 0.31  fLog 0.60  pdΔ -0.1775  pkR 3.43  clip 0.07  kl +0.001
upd  135  steps  278528  sps 1165  opp symm  loss -0.010  pg +0.0193  v 0.005  ev +0.97  adv_std 0.099  tR -0.33  ent[s/d/p/e] 1.70/2.15/1.41/0.53  emits 0.44  spf 59.0  z0 0.73  garr 72.1  tG 503  e2 0.09  nF 4.1  pS 0.30  ptS 0.29  fLog 0.62  pdΔ -0.1964  pkR 3.25  clip 0.05  kl +0.002
upd  136  steps  280576  sps 1171  opp symm  loss -0.040  pg -0.0118  v 0.008  ev +0.95  adv_std 0.126  tR +0.33  ent[s/d/p/e] 1.72/2.20/1.39/0.54  emits 0.50  spf 56.6  z0 0.71  garr 72.3  tG 518  e2 0.10  nF 4.8  pS 0.31  ptS 0.30  fLog 0.61  pdΔ -0.1850  pkR 3.31  clip 0.06  kl +0.000
upd  137  steps  282624  sps 1176  opp symm  loss -0.016  pg +0.0137  v 0.006  ev +0.97  adv_std 0.116  tR -0.33  ent[s/d/p/e] 1.88/2.32/1.35/0.55  emits 0.61  spf 58.8  z0 0.67  garr 68.0  tG 507  e2 0.12  nF 5.8  pS 0.33  ptS 0.32  fLog 0.61  pdΔ -0.1707  pkR 3.74  clip 0.11  kl +0.006
upd  138  steps  284672  sps 1181  opp symm  loss -0.029  pg -0.0019  v 0.009  ev +0.95  adv_std 0.131  tR +0.56  ent[s/d/p/e] 1.71/2.18/1.32/0.54  emits 0.43  spf 54.8  z0 0.73  garr 65.2  tG 468  e2 0.09  nF 4.5  pS 0.29  ptS 0.29  fLog 0.60  pdΔ -0.2065  pkR 3.97  clip 0.09  kl +0.002
upd  139  steps  286720  sps 1187  opp symm  loss -0.029  pg -0.0024  v 0.010  ev +0.94  adv_std 0.144  tR -0.20  ent[s/d/p/e] 1.68/2.23/1.37/0.51  emits 0.39  spf 60.9  z0 0.74  garr 70.4  tG 491  e2 0.07  nF 4.1  pS 0.28  ptS 0.28  fLog 0.62  pdΔ -0.2194  pkR 4.50  clip 0.08  kl +0.002
upd  140  steps  288768  sps 1192  opp symm  loss -0.049  pg -0.0211  v 0.009  ev +0.95  adv_std 0.137  tR -0.20  ent[s/d/p/e] 1.68/2.21/1.41/0.54  emits 0.38  spf 61.5  z0 0.75  garr 70.4  tG 529  e2 0.07  nF 4.0  pS 0.29  ptS 0.29  fLog 0.62  pdΔ -0.2052  pkR 4.30  clip 0.08  kl +0.003
upd  141  steps  290816  sps 1197  opp symm  loss -0.015  pg +0.0130  v 0.007  ev +0.96  adv_std 0.123  tR -0.33  ent[s/d/p/e] 1.73/2.23/1.33/0.54  emits 0.49  spf 58.3  z0 0.71  garr 69.5  tG 545  e2 0.10  nF 4.6  pS 0.31  ptS 0.31  fLog 0.61  pdΔ -0.1889  pkR 4.52  clip 0.07  kl +0.003
upd  142  steps  292864  sps 1202  opp symm  loss -0.034  pg -0.0036  v 0.005  ev +0.97  adv_std 0.101  tR -0.33  ent[s/d/p/e] 1.79/2.20/1.37/0.55  emits 0.54  spf 56.6  z0 0.70  garr 67.2  tG 525  e2 0.11  nF 5.2  pS 0.32  ptS 0.31  fLog 0.60  pdΔ -0.1838  pkR 4.01  clip 0.13  kl +0.004
upd  143  steps  294912  sps 1208  opp symm  loss -0.030  pg -0.0031  v 0.011  ev +0.93  adv_std 0.153  tR +0.33  ent[s/d/p/e] 1.91/2.28/1.30/0.55  emits 0.66  spf 55.3  z0 0.68  garr 64.4  tG 505  e2 0.13  nF 6.3  pS 0.33  ptS 0.32  fLog 0.60  pdΔ -0.1701  pkR 4.47  clip 0.08  kl +0.003
upd  144  steps  296960  sps 1213  opp symm  loss -0.039  pg -0.0115  v 0.009  ev +0.94  adv_std 0.139  tR -0.33  ent[s/d/p/e] 1.88/2.21/1.34/0.54  emits 0.62  spf 48.4  z0 0.68  garr 60.7  tG 466  e2 0.12  nF 6.0  pS 0.31  ptS 0.31  fLog 0.57  pdΔ -0.1853  pkR 5.14  clip 0.06  kl +0.003
upd  145  steps  299008  sps 1218  opp symm  loss +0.029  pg +0.0533  v 0.015  ev +0.91  adv_std 0.173  tR +0.09  ent[s/d/p/e] 1.76/2.12/1.37/0.52  emits 0.55  spf 49.3  z0 0.70  garr 53.2  tG 398  e2 0.11  nF 5.0  pS 0.29  ptS 0.29  fLog 0.58  pdΔ -0.2117  pkR 5.47  clip 0.10  kl +0.004
upd  146  steps  301056  sps 1223  opp symm  loss -0.047  pg -0.0199  v 0.010  ev +0.94  adv_std 0.142  tR -0.33  ent[s/d/p/e] 1.80/2.18/1.40/0.54  emits 0.59  spf 47.5  z0 0.69  garr 50.5  tG 370  e2 0.13  nF 5.6  pS 0.30  ptS 0.30  fLog 0.58  pdΔ -0.2020  pkR 5.93  clip 0.10  kl +0.002
upd  147  steps  303104  sps 1228  opp symm  loss -0.039  pg -0.0111  v 0.008  ev +0.95  adv_std 0.126  tR +0.50  ent[s/d/p/e] 1.74/2.16/1.37/0.52  emits 0.49  spf 50.4  z0 0.72  garr 58.0  tG 435  e2 0.11  nF 5.6  pS 0.30  ptS 0.30  fLog 0.59  pdΔ -0.2007  pkR 9.25  clip 0.11  kl +0.003
upd  148  steps  305152  sps 1233  opp symm  loss -0.016  pg +0.0118  v 0.009  ev +0.95  adv_std 0.136  tR +0.60  ent[s/d/p/e] 1.70/2.15/1.40/0.54  emits 0.47  spf 51.5  z0 0.74  garr 56.6  tG 428  e2 0.10  nF 5.3  pS 0.30  ptS 0.29  fLog 0.60  pdΔ -0.1999  pkR 8.86  clip 0.11  kl +0.002
upd  149  steps  307200  sps 1238  opp symm  loss +0.007  pg +0.0354  v 0.007  ev +0.95  adv_std 0.120  tR +0.00  ent[s/d/p/e] 1.67/2.10/1.47/0.51  emits 0.46  spf 55.1  z0 0.72  garr 63.9  tG 503  e2 0.09  nF 4.8  pS 0.32  ptS 0.31  fLog 0.61  pdΔ -0.1808  pkR 5.50  clip 0.14  kl +0.005
upd  150  steps  309248  sps 1243  opp symm  loss -0.037  pg -0.0106  v 0.011  ev +0.93  adv_std 0.152  tR +1.00  ent[s/d/p/e] 1.70/2.06/1.45/0.54  emits 0.44  spf 54.0  z0 0.74  garr 65.7  tG 497  e2 0.09  nF 4.5  pS 0.30  ptS 0.30  fLog 0.60  pdΔ -0.1958  pkR 5.16  clip 0.07  kl +0.005
upd  151  steps  311296  sps 1248  opp symm  loss -0.006  pg +0.0224  v 0.008  ev +0.96  adv_std 0.127  tR +0.00  ent[s/d/p/e] 1.69/2.03/1.45/0.54  emits 0.51  spf 53.3  z0 0.73  garr 69.5  tG 505  e2 0.11  nF 5.0  pS 0.30  ptS 0.30  fLog 0.59  pdΔ -0.1976  pkR 5.38  clip 0.10  kl +0.004
upd  152  steps  313344  sps 1253  opp symm  loss +0.016  pg +0.0447  v 0.007  ev +0.96  adv_std 0.119  tR +0.00  ent[s/d/p/e] 1.81/2.07/1.40/0.56  emits 0.56  spf 47.7  z0 0.69  garr 69.3  tG 513  e2 0.12  nF 5.7  pS 0.32  ptS 0.32  fLog 0.58  pdΔ -0.1769  pkR 4.36  clip 0.07  kl -0.000
upd  153  steps  315392  sps 1258  opp symm  loss -0.033  pg -0.0036  v 0.008  ev +0.96  adv_std 0.128  tR +0.00  ent[s/d/p/e] 1.83/2.09/1.40/0.58  emits 0.67  spf 47.2  z0 0.65  garr 64.4  tG 497  e2 0.14  nF 6.7  pS 0.33  ptS 0.33  fLog 0.57  pdΔ -0.1686  pkR 4.72  clip 0.16  kl +0.006
upd  154  steps  317440  sps 1263  opp symm  loss -0.007  pg +0.0204  v 0.010  ev +0.94  adv_std 0.142  tR -0.14  ent[s/d/p/e] 1.78/2.11/1.41/0.55  emits 0.63  spf 44.6  z0 0.67  garr 58.3  tG 472  e2 0.13  nF 6.6  pS 0.33  ptS 0.33  fLog 0.57  pdΔ -0.1701  pkR 4.88  clip 0.19  kl +0.008
upd  155  steps  319488  sps 1268  opp symm  loss -0.007  pg +0.0201  v 0.011  ev +0.93  adv_std 0.148  tR +0.50  ent[s/d/p/e] 1.87/2.13/1.35/0.55  emits 0.69  spf 43.4  z0 0.67  garr 63.1  tG 521  e2 0.14  nF 7.8  pS 0.35  ptS 0.34  fLog 0.57  pdΔ -0.1471  pkR 4.88  clip 0.19  kl +0.004
upd  156  steps  321536  sps 1273  opp symm  loss -0.025  pg +0.0032  v 0.009  ev +0.94  adv_std 0.132  tR +1.00  ent[s/d/p/e] 1.85/2.08/1.38/0.57  emits 0.63  spf 47.2  z0 0.68  garr 66.9  tG 560  e2 0.14  nF 6.8  pS 0.35  ptS 0.34  fLog 0.57  pdΔ -0.1491  pkR 5.58  clip 0.15  kl +0.006
upd  157  steps  323584  sps 1278  opp symm  loss -0.024  pg +0.0050  v 0.008  ev +0.95  adv_std 0.126  tR +1.00  ent[s/d/p/e] 1.76/1.95/1.43/0.59  emits 0.61  spf 47.6  z0 0.65  garr 60.6  tG 504  e2 0.14  nF 6.8  pS 0.35  ptS 0.34  fLog 0.58  pdΔ -0.1516  pkR 5.35  clip 0.13  kl +0.004
upd  158  steps  325632  sps 1282  opp symm  loss -0.013  pg +0.0154  v 0.008  ev +0.95  adv_std 0.127  tR +0.50  ent[s/d/p/e] 1.82/1.96/1.42/0.57  emits 0.62  spf 48.9  z0 0.66  garr 56.5  tG 499  e2 0.13  nF 7.0  pS 0.35  ptS 0.35  fLog 0.58  pdΔ -0.1528  pkR 5.31  clip 0.10  kl +0.004
upd  159  steps  327680  sps 1287  opp symm  loss -0.011  pg +0.0159  v 0.011  ev +0.94  adv_std 0.149  tR +0.67  ent[s/d/p/e] 1.72/1.93/1.42/0.55  emits 0.57  spf 45.7  z0 0.67  garr 54.8  tG 477  e2 0.13  nF 6.4  pS 0.33  ptS 0.33  fLog 0.57  pdΔ -0.1680  pkR 7.01  clip 0.12  kl +0.003
upd  160  steps  329728  sps 1292  opp symm  loss -0.050  pg -0.0218  v 0.008  ev +0.96  adv_std 0.130  tR +0.33  ent[s/d/p/e] 1.67/1.95/1.43/0.59  emits 0.60  spf 46.8  z0 0.65  garr 57.5  tG 454  e2 0.12  nF 6.1  pS 0.32  ptS 0.31  fLog 0.57  pdΔ -0.1842  pkR 6.47  clip 0.16  kl +0.004
upd  161  steps  331776  sps 1297  opp symm  loss -0.022  pg +0.0086  v 0.005  ev +0.97  adv_std 0.101  tR -0.33  ent[s/d/p/e] 1.69/1.94/1.46/0.61  emits 0.68  spf 47.0  z0 0.63  garr 53.5  tG 420  e2 0.15  nF 6.4  pS 0.32  ptS 0.32  fLog 0.58  pdΔ -0.1760  pkR 4.29  clip 0.12  kl +0.003
upd  162  steps  333824  sps 1301  opp symm  loss -0.039  pg -0.0081  v 0.006  ev +0.97  adv_std 0.110  tR -0.20  ent[s/d/p/e] 1.84/2.01/1.44/0.60  emits 0.81  spf 44.5  z0 0.59  garr 51.7  tG 427  e2 0.18  nF 8.2  pS 0.35  ptS 0.35  fLog 0.57  pdΔ -0.1497  pkR 4.92  clip 0.12  kl +0.006
upd  163  steps  335872  sps 1306  opp symm  loss -0.036  pg -0.0066  v 0.008  ev +0.96  adv_std 0.130  tR +0.60  ent[s/d/p/e] 1.88/2.02/1.44/0.58  emits 0.75  spf 46.7  z0 0.62  garr 51.7  tG 453  e2 0.17  nF 8.5  pS 0.36  ptS 0.36  fLog 0.58  pdΔ -0.1398  pkR 4.91  clip 0.11  kl +0.002
upd  164  steps  337920  sps 1311  opp symm  loss -0.031  pg -0.0026  v 0.009  ev +0.95  adv_std 0.130  tR -0.11  ent[s/d/p/e] 1.86/1.96/1.46/0.57  emits 0.66  spf 43.9  z0 0.67  garr 53.6  tG 487  e2 0.14  nF 7.8  pS 0.36  ptS 0.35  fLog 0.57  pdΔ -0.1447  pkR 6.66  clip 0.08  kl +0.004
upd  165  steps  339968  sps 1315  opp symm  loss +0.008  pg +0.0359  v 0.008  ev +0.94  adv_std 0.131  tR +0.25  ent[s/d/p/e] 1.77/1.92/1.48/0.56  emits 0.64  spf 45.8  z0 0.67  garr 55.5  tG 424  e2 0.14  nF 6.9  pS 0.32  ptS 0.31  fLog 0.58  pdΔ -0.1816  pkR 5.66  clip 0.14  kl +0.006
upd  166  steps  342016  sps 1320  opp symm  loss -0.034  pg -0.0067  v 0.008  ev +0.94  adv_std 0.128  tR +1.00  ent[s/d/p/e] 1.54/1.85/1.45/0.57  emits 0.49  spf 45.4  z0 0.69  garr 55.6  tG 413  e2 0.11  nF 5.4  pS 0.30  ptS 0.29  fLog 0.57  pdΔ -0.2024  pkR 6.93  clip 0.08  kl +0.002
upd  167  steps  344064  sps 1325  opp symm  loss +0.002  pg +0.0303  v 0.008  ev +0.95  adv_std 0.126  tR -0.14  ent[s/d/p/e] 1.63/1.91/1.48/0.55  emits 0.51  spf 49.9  z0 0.69  garr 58.9  tG 451  e2 0.10  nF 5.4  pS 0.31  ptS 0.30  fLog 0.59  pdΔ -0.1908  pkR 5.44  clip 0.13  kl +0.003
upd  168  steps  346112  sps 1329  opp symm  loss -0.028  pg +0.0026  v 0.005  ev +0.97  adv_std 0.099  tR +0.00  ent[s/d/p/e] 1.79/2.00/1.46/0.57  emits 0.51  spf 54.6  z0 0.71  garr 68.1  tG 547  e2 0.11  nF 5.6  pS 0.33  ptS 0.32  fLog 0.60  pdΔ -0.1695  pkR 3.65  clip 0.13  kl +0.004
upd  169  steps  348160  sps 1334  opp symm  loss -0.043  pg -0.0128  v 0.004  ev +0.97  adv_std 0.092  tR -0.33  ent[s/d/p/e] 1.86/2.00/1.46/0.55  emits 0.54  spf 59.4  z0 0.69  garr 76.3  tG 647  e2 0.12  nF 5.5  pS 0.35  ptS 0.35  fLog 0.61  pdΔ -0.1455  pkR 3.34  clip 0.17  kl +0.009
upd  170  steps  350208  sps 1338  opp symm  loss -0.034  pg -0.0039  v 0.007  ev +0.95  adv_std 0.120  tR +0.00  ent[s/d/p/e] 1.96/2.10/1.42/0.57  emits 0.62  spf 60.4  z0 0.66  garr 79.4  tG 677  e2 0.13  nF 6.2  pS 0.37  ptS 0.36  fLog 0.61  pdΔ -0.1279  pkR 3.29  clip 0.16  kl +0.002
upd  171  steps  352256  sps 1343  opp symm  loss -0.001  pg +0.0294  v 0.006  ev +0.95  adv_std 0.113  tR +0.00  ent[s/d/p/e] 2.02/2.15/1.40/0.55  emits 0.57  spf 62.4  z0 0.71  garr 85.0  tG 722  e2 0.12  nF 6.5  pS 0.39  ptS 0.38  fLog 0.62  pdΔ -0.1146  pkR 3.29  clip 0.11  kl +0.001
upd  172  steps  354304  sps 1347  opp symm  loss +0.002  pg +0.0323  v 0.004  ev +0.97  adv_std 0.091  tR +0.50  ent[s/d/p/e] 1.91/2.11/1.33/0.53  emits 0.51  spf 61.9  z0 0.71  garr 86.0  tG 725  e2 0.10  nF 5.3  pS 0.36  ptS 0.35  fLog 0.62  pdΔ -0.1396  pkR 3.60  clip 0.12  kl +0.003
upd  173  steps  356352  sps 1352  opp symm  loss -0.034  pg -0.0053  v 0.007  ev +0.95  adv_std 0.123  tR +0.14  ent[s/d/p/e] 1.97/2.17/1.38/0.50  emits 0.47  spf 67.4  z0 0.73  garr 91.0  tG 788  e2 0.09  nF 4.9  pS 0.37  ptS 0.36  fLog 0.63  pdΔ -0.1334  pkR 4.73  clip 0.15  kl +0.002
upd  174  steps  358400  sps 1356  opp symm  loss -0.022  pg +0.0073  v 0.007  ev +0.95  adv_std 0.123  tR +0.50  ent[s/d/p/e] 1.97/2.20/1.39/0.53  emits 0.43  spf 69.6  z0 0.76  garr 96.2  tG 791  e2 0.08  nF 4.2  pS 0.34  ptS 0.34  fLog 0.64  pdΔ -0.1555  pkR 3.75  clip 0.15  kl +0.009
upd  175  steps  360448  sps 1361  opp symm  loss +0.006  pg +0.0349  v 0.004  ev +0.97  adv_std 0.093  tR -0.20  ent[s/d/p/e] 1.92/2.07/1.34/0.51  emits 0.44  spf 69.4  z0 0.74  garr 98.3  tG 825  e2 0.09  nF 4.3  pS 0.34  ptS 0.34  fLog 0.63  pdΔ -0.1595  pkR 4.20  clip 0.10  kl +0.004
upd  176  steps  362496  sps 1365  opp symm  loss -0.022  pg +0.0060  v 0.007  ev +0.95  adv_std 0.120  tR +0.20  ent[s/d/p/e] 1.93/2.15/1.33/0.53  emits 0.48  spf 60.1  z0 0.74  garr 99.5  tG 816  e2 0.10  nF 5.0  pS 0.34  ptS 0.34  fLog 0.61  pdΔ -0.1579  pkR 4.74  clip 0.13  kl +0.006
upd  177  steps  364544  sps 1369  opp symm  loss -0.008  pg +0.0217  v 0.005  ev +0.96  adv_std 0.102  tR +0.33  ent[s/d/p/e] 1.97/2.16/1.27/0.54  emits 0.57  spf 59.9  z0 0.71  garr 96.7  tG 811  e2 0.11  nF 6.1  pS 0.36  ptS 0.35  fLog 0.60  pdΔ -0.1441  pkR 5.01  clip 0.07  kl +0.003
upd  178  steps  366592  sps 1374  opp symm  loss -0.071  pg -0.0417  v 0.005  ev +0.97  adv_std 0.100  tR +0.60  ent[s/d/p/e] 1.89/2.12/1.30/0.55  emits 0.57  spf 60.4  z0 0.71  garr 94.6  tG 764  e2 0.13  nF 6.0  pS 0.35  ptS 0.34  fLog 0.60  pdΔ -0.1522  pkR 4.53  clip 0.09  kl +0.006
upd  179  steps  368640  sps 1378  opp symm  loss -0.042  pg -0.0154  v 0.012  ev +0.92  adv_std 0.158  tR +0.60  ent[s/d/p/e] 1.84/2.10/1.30/0.58  emits 0.50  spf 64.2  z0 0.70  garr 91.2  tG 706  e2 0.10  nF 5.7  pS 0.34  ptS 0.34  fLog 0.61  pdΔ -0.1560  pkR 4.29  clip 0.11  kl +0.004
upd  180  steps  370688  sps 1382  opp symm  loss -0.039  pg -0.0103  v 0.008  ev +0.96  adv_std 0.126  tR +0.00  ent[s/d/p/e] 1.89/2.11/1.32/0.57  emits 0.63  spf 60.9  z0 0.65  garr 80.9  tG 641  e2 0.13  nF 5.7  pS 0.35  ptS 0.34  fLog 0.62  pdΔ -0.1476  pkR 4.00  clip 0.09  kl +0.004
upd  181  steps  372736  sps 1387  opp symm  loss +0.005  pg +0.0330  v 0.008  ev +0.96  adv_std 0.122  tR +0.67  ent[s/d/p/e] 1.77/2.07/1.39/0.54  emits 0.50  spf 57.0  z0 0.70  garr 71.9  tG 568  e2 0.10  nF 5.3  pS 0.33  ptS 0.32  fLog 0.61  pdΔ -0.1703  pkR 4.96  clip 0.10  kl +0.005
upd  182  steps  374784  sps 1391  opp symm  loss +0.001  pg +0.0292  v 0.007  ev +0.96  adv_std 0.120  tR +0.67  ent[s/d/p/e] 1.84/2.11/1.37/0.53  emits 0.50  spf 61.0  z0 0.72  garr 73.5  tG 596  e2 0.10  nF 5.3  pS 0.33  ptS 0.33  fLog 0.62  pdΔ -0.1676  pkR 4.58  clip 0.05  kl +0.001
upd  183  steps  376832  sps 1395  opp symm  loss -0.008  pg +0.0205  v 0.004  ev +0.97  adv_std 0.094  tR +0.14  ent[s/d/p/e] 1.70/2.05/1.37/0.52  emits 0.44  spf 59.8  z0 0.74  garr 75.3  tG 570  e2 0.08  nF 4.3  pS 0.30  ptS 0.29  fLog 0.61  pdΔ -0.2013  pkR 4.88  clip 0.05  kl +0.002
upd  184  steps  378880  sps 1399  opp symm  loss -0.039  pg -0.0092  v 0.004  ev +0.97  adv_std 0.091  tR -0.33  ent[s/d/p/e] 1.80/2.10/1.40/0.54  emits 0.46  spf 57.7  z0 0.73  garr 83.8  tG 642  e2 0.09  nF 4.7  pS 0.33  ptS 0.32  fLog 0.61  pdΔ -0.1690  pkR 3.98  clip 0.07  kl +0.005
upd  185  steps  380928  sps 1404  opp symm  loss -0.034  pg -0.0051  v 0.006  ev +0.96  adv_std 0.109  tR -0.20  ent[s/d/p/e] 1.80/2.21/1.34/0.53  emits 0.51  spf 62.8  z0 0.72  garr 92.5  tG 708  e2 0.11  nF 4.7  pS 0.34  ptS 0.33  fLog 0.63  pdΔ -0.1600  pkR 3.40  clip 0.09  kl +0.005