
=== [2026-06-11T07:50:03Z] v14f_binary_v1_a_p0i3_ORBITWARS_SHAPING_PROD_SHARE_DELTA_0.015_7564eb045c phase=a kind=probe chunk=500 env={"ORBITWARS_SHAPING_ANTI_HOARD": 0.035, "ORBITWARS_SHAPING_CAPTURE": 0.04, "ORBITWARS_SHAPING_RELEASE": 0.0075, "ORBITWARS_SHAPING_RELEASE_K": 15.0, "ORBITWARS_SHAPING_PROD_SHARE_DELTA": 0.015, "ORBITWARS_SHAPING_ONE_SHIP_PENALTY": 0.025} ppo={"ent_coef_emit": 0.0225, "lr_peak": 4.5e-05} ===
[reward] kaggle-aligned: terminal +1 win/+1 tie>0/-1 loss/-1 double-wipeout; is_terminal at step >= episode_steps-2; SHAPING_SCALE=0.0; v1: KEEP_HOME=0.0 FLEET_SIZE=0.0/norm20.0; v2 (expert-replay calibrated): PROD_SHARE=0.0 PLANET_SHARE=0.0 FLEET_LOG=0.0/ref500.0/floor0.3; v3 (top10-2630ep calibrated): PROD_SHARE_DELTA=0.015 EMIT_LOG=0.0 EMIT_GATED=0.0 RELEASE=0.0075/K15.0 CAPTURE=0.04; ANTI_HOARD=0.035/thresh0.6; episode_steps=500 (kaggle=500, mismatch=False)
[symmetric] Frog Parade style: same params drive BOTH players, no frozen/strong/buffer opponents, zero_sum_value=True
upd    0  steps    2048  sps 38  opp symm  loss -0.029  pg -0.0086  v 0.002  ev -0.10  adv_std 0.060  tR +0.00  ent[s/d/p/e] 0.31/1.58/1.36/0.32  emits 0.17  spf 21.0  z0 0.85  garr 23.9  tG 32  e2 0.02  nF 1.1  pS 0.07  ptS 0.06  fLog 0.47  pdΔ -0.4349  pkR 5.24  clip 0.00  kl +0.001
upd    1  steps    4096  sps 74  opp symm  loss -0.042  pg -0.0161  v 0.001  ev -0.22  adv_std 0.057  tR +0.00  ent[s/d/p/e] 0.83/1.72/1.30/0.51  emits 0.31  spf 28.6  z0 0.76  garr 34.0  tG 98  e2 0.06  nF 3.1  pS 0.13  ptS 0.12  fLog 0.49  pdΔ -0.3723  pkR 6.32  clip 0.03  kl +0.001
upd    2  steps    6144  sps 110  opp symm  loss -0.018  pg +0.0105  v 0.001  ev +0.13  adv_std 0.049  tR +0.00  ent[s/d/p/e] 1.23/1.96/1.18/0.54  emits 0.36  spf 38.3  z0 0.74  garr 46.4  tG 209  e2 0.08  nF 3.9  pS 0.19  ptS 0.18  fLog 0.52  pdΔ -0.3111  pkR 6.87  clip 0.06  kl +0.001
upd    3  steps    8192  sps 145  opp symm  loss -0.101  pg -0.0722  v 0.003  ev +0.21  adv_std 0.078  tR -1.00  ent[s/d/p/e] 1.49/2.10/1.16/0.56  emits 0.39  spf 46.2  z0 0.73  garr 57.8  tG 341  e2 0.08  nF 4.3  pS 0.24  ptS 0.23  fLog 0.55  pdΔ -0.2576  pkR 5.87  clip 0.06  kl +0.001
upd    4  steps   10240  sps 180  opp symm  loss -0.048  pg -0.0183  v 0.004  ev +0.14  adv_std 0.091  tR +0.00  ent[s/d/p/e] 1.64/2.23/1.18/0.58  emits 0.46  spf 54.4  z0 0.70  garr 67.0  tG 478  e2 0.10  nF 4.6  pS 0.28  ptS 0.27  fLog 0.57  pdΔ -0.2185  pkR 4.99  clip 0.09  kl +0.005
upd    5  steps   12288  sps 213  opp symm  loss -0.082  pg -0.0497  v 0.003  ev +0.32  adv_std 0.075  tR -1.00  ent[s/d/p/e] 1.76/2.28/1.25/0.62  emits 0.52  spf 57.6  z0 0.66  garr 71.2  tG 562  e2 0.12  nF 5.1  pS 0.31  ptS 0.31  fLog 0.57  pdΔ -0.1865  pkR 4.95  clip 0.13  kl +0.006
upd    6  steps   14336  sps 246  opp symm  loss -0.036  pg -0.0027  v 0.002  ev +0.18  adv_std 0.057  tR +1.00  ent[s/d/p/e] 1.90/2.37/1.22/0.61  emits 0.53  spf 67.6  z0 0.67  garr 81.1  tG 680  e2 0.12  nF 5.3  pS 0.34  ptS 0.33  fLog 0.59  pdΔ -0.1596  pkR 4.35  clip 0.11  kl +0.002
upd    7  steps   16384  sps 278  opp symm  loss -0.057  pg -0.0245  v 0.004  ev +0.26  adv_std 0.083  tR +1.00  ent[s/d/p/e] 2.00/2.43/1.19/0.62  emits 0.52  spf 78.4  z0 0.68  garr 89.3  tG 762  e2 0.11  nF 4.8  pS 0.36  ptS 0.35  fLog 0.61  pdΔ -0.1401  pkR 4.81  clip 0.22  kl +0.009
upd    8  steps   18432  sps 309  opp symm  loss -0.041  pg -0.0073  v 0.001  ev +0.53  adv_std 0.051  tR +0.00  ent[s/d/p/e] 2.01/2.39/1.14/0.62  emits 0.63  spf 72.3  z0 0.63  garr 81.8  tG 717  e2 0.15  nF 6.1  pS 0.37  ptS 0.36  fLog 0.60  pdΔ -0.1289  pkR 4.77  clip 0.14  kl +0.001
upd    9  steps   20480  sps 340  opp symm  loss -0.032  pg +0.0003  v 0.003  ev +0.39  adv_std 0.075  tR +1.00  ent[s/d/p/e] 2.09/2.46/1.13/0.61  emits 0.63  spf 70.1  z0 0.65  garr 77.0  tG 692  e2 0.14  nF 6.5  pS 0.39  ptS 0.38  fLog 0.60  pdΔ -0.1101  pkR 4.61  clip 0.15  kl +0.006
upd   10  steps   22528  sps 370  opp symm  loss -0.103  pg -0.0711  v 0.005  ev +0.18  adv_std 0.103  tR -1.00  ent[s/d/p/e] 2.16/2.47/1.11/0.62  emits 0.80  spf 71.1  z0 0.61  garr 75.0  tG 667  e2 0.19  nF 7.4  pS 0.39  ptS 0.38  fLog 0.60  pdΔ -0.1096  pkR 4.65  clip 0.14  kl +0.006
upd   11  steps   24576  sps 400  opp symm  loss +0.028  pg +0.0613  v 0.001  ev +0.39  adv_std 0.052  tR +0.00  ent[s/d/p/e] 2.17/2.49/1.12/0.60  emits 0.94  spf 61.9  z0 0.56  garr 67.4  tG 610  e2 0.23  nF 9.1  pS 0.41  ptS 0.39  fLog 0.58  pdΔ -0.0949  pkR 4.74  clip 0.47  kl +0.022
upd   12  steps   26624  sps 428  opp symm  loss -0.034  pg -0.0009  v 0.003  ev +0.55  adv_std 0.068  tR -1.00  ent[s/d/p/e] 2.26/2.51/1.08/0.61  emits 0.71  spf 64.6  z0 0.63  garr 71.0  tG 656  e2 0.17  nF 8.5  pS 0.42  ptS 0.41  fLog 0.59  pdΔ -0.0801  pkR 4.25  clip 0.22  kl +0.011
upd   13  steps   28672  sps 457  opp symm  loss -0.016  pg +0.0181  v 0.001  ev +0.80  adv_std 0.051  tR +0.00  ent[s/d/p/e] 2.21/2.50/1.08/0.61  emits 0.80  spf 65.3  z0 0.61  garr 76.6  tG 672  e2 0.19  nF 8.0  pS 0.41  ptS 0.41  fLog 0.58  pdΔ -0.0884  pkR 4.00  clip 0.21  kl +0.008
upd   14  steps   30720  sps 484  opp symm  loss -0.025  pg +0.0087  v 0.001  ev +0.83  adv_std 0.051  tR +0.00  ent[s/d/p/e] 2.23/2.50/1.10/0.61  emits 0.88  spf 65.0  z0 0.59  garr 70.9  tG 653  e2 0.21  nF 9.2  pS 0.42  ptS 0.42  fLog 0.59  pdΔ -0.0770  pkR 4.76  clip 0.23  kl +0.005
upd   15  steps   32768  sps 511  opp symm  loss -0.091  pg -0.1175  v 0.117  ev +0.12  adv_std 0.512  tR +0.07  ent[s/d/p/e] 2.20/2.48/1.12/0.51  emits 0.56  spf 64.8  z0 0.72  garr 52.8  tG 421  e2 0.13  nF 6.0  pS 0.30  ptS 0.29  fLog 0.58  pdΔ -0.2016  pkR 7.35  clip 0.10  kl +0.001
upd   16  steps   34816  sps 538  opp symm  loss -0.073  pg -0.0470  v 0.003  ev +0.59  adv_std 0.074  tR +1.00  ent[s/d/p/e] 1.44/2.41/1.36/0.37  emits 0.20  spf 66.1  z0 0.87  garr 52.0  tG 169  e2 0.03  nF 1.7  pS 0.13  ptS 0.12  fLog 0.61  pdΔ -0.3715  pkR 16.13  clip 0.04  kl +0.000
upd   17  steps   36864  sps 564  opp symm  loss -0.069  pg -0.0420  v 0.004  ev +0.37  adv_std 0.096  tR -1.00  ent[s/d/p/e] 1.53/2.39/1.33/0.44  emits 0.27  spf 59.3  z0 0.82  garr 55.8  tG 207  e2 0.05  nF 2.2  pS 0.17  ptS 0.16  fLog 0.59  pdΔ -0.3316  pkR 7.15  clip 0.06  kl -0.000
upd   18  steps   38912  sps 589  opp symm  loss -0.011  pg +0.0190  v 0.002  ev +0.67  adv_std 0.056  tR +1.00  ent[s/d/p/e] 1.61/2.42/1.29/0.49  emits 0.32  spf 57.3  z0 0.79  garr 67.4  tG 286  e2 0.06  nF 2.7  pS 0.21  ptS 0.20  fLog 0.59  pdΔ -0.2870  pkR 6.01  clip 0.09  kl +0.001
upd   19  steps   40960  sps 614  opp symm  loss -0.119  pg -0.0895  v 0.004  ev +0.57  adv_std 0.092  tR +0.33  ent[s/d/p/e] 1.66/2.40/1.31/0.53  emits 0.41  spf 53.7  z0 0.74  garr 68.1  tG 348  e2 0.08  nF 3.6  pS 0.25  ptS 0.23  fLog 0.59  pdΔ -0.2526  pkR 4.68  clip 0.14  kl +0.005
upd   20  steps   43008  sps 639  opp symm  loss -0.062  pg -0.0306  v 0.004  ev +0.70  adv_std 0.092  tR +0.00  ent[s/d/p/e] 1.71/2.36/1.25/0.61  emits 0.57  spf 54.6  z0 0.67  garr 60.1  tG 324  e2 0.13  nF 5.3  pS 0.27  ptS 0.26  fLog 0.58  pdΔ -0.2281  pkR 3.72  clip 0.14  kl +0.009
upd   21  steps   45056  sps 663  opp symm  loss +0.004  pg +0.0370  v 0.001  ev +0.86  adv_std 0.047  tR +0.00  ent[s/d/p/e] 1.74/2.32/1.21/0.62  emits 0.76  spf 45.9  z0 0.61  garr 53.1  tG 306  e2 0.17  nF 7.1  pS 0.29  ptS 0.28  fLog 0.56  pdΔ -0.2079  pkR 3.52  clip 0.09  kl +0.003
upd   22  steps   47104  sps 686  opp symm  loss -0.048  pg -0.0159  v 0.004  ev +0.77  adv_std 0.082  tR -1.00  ent[s/d/p/e] 1.90/2.39/1.08/0.63  emits 0.82  spf 44.5  z0 0.60  garr 49.5  tG 337  e2 0.19  nF 8.3  pS 0.34  ptS 0.32  fLog 0.56  pdΔ -0.1632  pkR 5.19  clip 0.17  kl +0.006
upd   23  steps   49152  sps 710  opp symm  loss -0.049  pg -0.0162  v 0.002  ev +0.90  adv_std 0.059  tR +0.00  ent[s/d/p/e] 1.94/2.41/1.10/0.63  emits 0.77  spf 46.3  z0 0.58  garr 50.5  tG 382  e2 0.18  nF 8.9  pS 0.36  ptS 0.35  fLog 0.57  pdΔ -0.1386  pkR 5.07  clip 0.12  kl +0.006
upd   24  steps   51200  sps 732  opp symm  loss -0.042  pg -0.0089  v 0.002  ev +0.91  adv_std 0.059  tR +1.00  ent[s/d/p/e] 1.97/2.44/1.14/0.64  emits 0.82  spf 48.2  z0 0.57  garr 55.2  tG 407  e2 0.19  nF 8.6  pS 0.37  ptS 0.35  fLog 0.57  pdΔ -0.1341  pkR 4.26  clip 0.12  kl +0.004
upd   25  steps   53248  sps 755  opp symm  loss -0.046  pg -0.0132  v 0.002  ev +0.90  adv_std 0.070  tR +0.00  ent[s/d/p/e] 1.99/2.43/1.10/0.64  emits 0.94  spf 43.0  z0 0.53  garr 51.7  tG 389  e2 0.22  nF 10.3  pS 0.38  ptS 0.37  fLog 0.55  pdΔ -0.1176  pkR 4.06  clip 0.15  kl +0.006
upd   26  steps   55296  sps 777  opp symm  loss -0.044  pg -0.0119  v 0.003  ev +0.88  adv_std 0.079  tR +0.33  ent[s/d/p/e] 2.01/2.44/1.11/0.60  emits 0.89  spf 45.3  z0 0.58  garr 47.2  tG 379  e2 0.22  nF 10.0  pS 0.37  ptS 0.36  fLog 0.56  pdΔ -0.1325  pkR 4.97  clip 0.18  kl +0.008
upd   27  steps   57344  sps 798  opp symm  loss -0.029  pg +0.0027  v 0.003  ev +0.91  adv_std 0.075  tR +0.00  ent[s/d/p/e] 2.06/2.46/1.10/0.60  emits 1.00  spf 41.6  z0 0.55  garr 41.8  tG 345  e2 0.23  nF 11.2  pS 0.36  ptS 0.36  fLog 0.54  pdΔ -0.1356  pkR 6.96  clip 0.18  kl +0.003
upd   28  steps   59392  sps 819  opp symm  loss +0.004  pg +0.0366  v 0.002  ev +0.92  adv_std 0.065  tR +0.33  ent[s/d/p/e] 2.10/2.48/1.13/0.59  emits 1.00  spf 41.2  z0 0.58  garr 43.4  tG 336  e2 0.22  nF 11.3  pS 0.35  ptS 0.35  fLog 0.54  pdΔ -0.1466  pkR 5.61  clip 0.12  kl +0.002
upd   29  steps   61440  sps 840  opp symm  loss +0.004  pg +0.0361  v 0.003  ev +0.91  adv_std 0.071  tR +0.00  ent[s/d/p/e] 2.09/2.47/1.11/0.60  emits 1.11  spf 39.4  z0 0.53  garr 42.0  tG 329  e2 0.25  nF 12.2  pS 0.37  ptS 0.36  fLog 0.54  pdΔ -0.1336  pkR 3.97  clip 0.20  kl +0.006
upd   30  steps   63488  sps 860  opp symm  loss -0.013  pg +0.0189  v 0.003  ev +0.89  adv_std 0.075  tR -0.33  ent[s/d/p/e] 2.08/2.46/1.09/0.59  emits 1.24  spf 36.5  z0 0.51  garr 38.5  tG 310  e2 0.29  nF 14.1  pS 0.37  ptS 0.37  fLog 0.52  pdΔ -0.1287  pkR 4.86  clip 0.18  kl +0.005
upd   31  steps   65536  sps 880  opp symm  loss -0.018  pg +0.0028  v 0.018  ev +0.50  adv_std 0.192  tR -0.10  ent[s/d/p/e] 1.97/2.46/1.12/0.45  emits 0.57  spf 40.1  z0 0.75  garr 36.2  tG 187  e2 0.12  nF 6.5  pS 0.20  ptS 0.21  fLog 0.54  pdΔ -0.2951  pkR 7.47  clip 0.08  kl +0.004
upd   32  steps   67584  sps 900  opp symm  loss +0.054  pg +0.0833  v 0.002  ev +0.91  adv_std 0.067  tR +0.00  ent[s/d/p/e] 1.79/2.37/1.18/0.48  emits 0.49  spf 41.6  z0 0.76  garr 39.0  tG 193  e2 0.10  nF 5.9  pS 0.20  ptS 0.20  fLog 0.55  pdΔ -0.2974  pkR 7.33  clip 0.13  kl +0.002
upd   33  steps   69632  sps 919  opp symm  loss -0.024  pg +0.0063  v 0.002  ev +0.89  adv_std 0.069  tR +0.33  ent[s/d/p/e] 1.77/2.37/1.18/0.52  emits 0.55  spf 40.3  z0 0.70  garr 38.5  tG 204  e2 0.12  nF 5.7  pS 0.22  ptS 0.22  fLog 0.54  pdΔ -0.2785  pkR 7.37  clip 0.07  kl +0.002
upd   34  steps   71680  sps 938  opp symm  loss +0.033  pg +0.0631  v 0.002  ev +0.92  adv_std 0.060  tR +0.00  ent[s/d/p/e] 1.64/2.31/1.25/0.54  emits 0.56  spf 39.5  z0 0.69  garr 40.6  tG 228  e2 0.13  nF 6.1  pS 0.23  ptS 0.23  fLog 0.54  pdΔ -0.2711  pkR 7.89  clip 0.20  kl +0.009
upd   35  steps   73728  sps 957  opp symm  loss -0.073  pg -0.0432  v 0.005  ev +0.83  adv_std 0.099  tR -0.33  ent[s/d/p/e] 1.72/2.36/1.21/0.57  emits 0.62  spf 42.8  z0 0.68  garr 42.3  tG 264  e2 0.14  nF 6.3  pS 0.26  ptS 0.26  fLog 0.56  pdΔ -0.2419  pkR 11.32  clip 0.12  kl +0.004
upd   36  steps   75776  sps 975  opp symm  loss -0.028  pg +0.0014  v 0.007  ev +0.82  adv_std 0.114  tR -1.00  ent[s/d/p/e] 1.73/2.38/1.22/0.57  emits 0.61  spf 44.4  z0 0.66  garr 48.1  tG 342  e2 0.13  nF 6.5  pS 0.28  ptS 0.28  fLog 0.57  pdΔ -0.2166  pkR 14.59  clip 0.21  kl +0.009
upd   37  steps   77824  sps 993  opp symm  loss -0.021  pg +0.0106  v 0.002  ev +0.94  adv_std 0.063  tR +1.00  ent[s/d/p/e] 1.76/2.40/1.24/0.57  emits 0.55  spf 48.1  z0 0.70  garr 51.4  tG 342  e2 0.12  nF 6.2  pS 0.29  ptS 0.29  fLog 0.57  pdΔ -0.2114  pkR 10.09  clip 0.12  kl +0.001
upd   38  steps   79872  sps 1011  opp symm  loss -0.090  pg -0.0585  v 0.003  ev +0.93  adv_std 0.079  tR -0.20  ent[s/d/p/e] 1.80/2.45/1.22/0.59  emits 0.64  spf 50.6  z0 0.66  garr 53.3  tG 370  e2 0.14  nF 6.5  pS 0.31  ptS 0.30  fLog 0.58  pdΔ -0.1912  pkR 5.37  clip 0.15  kl +0.006
upd   39  steps   81920  sps 1029  opp symm  loss -0.042  pg -0.0123  v 0.006  ev +0.85  adv_std 0.106  tR +0.33  ent[s/d/p/e] 1.73/2.37/1.21/0.59  emits 0.67  spf 47.6  z0 0.64  garr 51.3  tG 381  e2 0.16  nF 7.1  pS 0.32  ptS 0.31  fLog 0.57  pdΔ -0.1814  pkR 11.18  clip 0.11  kl +0.003
upd   40  steps   83968  sps 1046  opp symm  loss +0.011  pg +0.0432  v 0.002  ev +0.96  adv_std 0.055  tR +1.00  ent[s/d/p/e] 1.65/2.32/1.25/0.59  emits 0.66  spf 44.4  z0 0.63  garr 44.7  tG 312  e2 0.15  nF 7.1  pS 0.30  ptS 0.29  fLog 0.56  pdΔ -0.2037  pkR 8.77  clip 0.12  kl +0.005
upd   41  steps   86016  sps 1063  opp symm  loss -0.094  pg -0.0628  v 0.004  ev +0.93  adv_std 0.099  tR -0.56  ent[s/d/p/e] 1.73/2.39/1.25/0.60  emits 0.75  spf 43.0  z0 0.63  garr 42.2  tG 291  e2 0.18  nF 7.4  pS 0.30  ptS 0.29  fLog 0.56  pdΔ -0.2047  pkR 4.10  clip 0.20  kl +0.003
upd   42  steps   88064  sps 1079  opp symm  loss +0.002  pg +0.0339  v 0.002  ev +0.96  adv_std 0.063  tR +0.00  ent[s/d/p/e] 1.75/2.41/1.22/0.59  emits 0.85  spf 41.5  z0 0.61  garr 38.9  tG 253  e2 0.20  nF 8.7  pS 0.30  ptS 0.29  fLog 0.56  pdΔ -0.2041  pkR 4.60  clip 0.16  kl +0.004
upd   43  steps   90112  sps 1096  opp symm  loss -0.008  pg +0.0236  v 0.004  ev +0.94  adv_std 0.084  tR -0.33  ent[s/d/p/e] 1.79/2.38/1.21/0.59  emits 0.91  spf 36.6  z0 0.58  garr 37.7  tG 268  e2 0.21  nF 9.7  pS 0.31  ptS 0.31  fLog 0.54  pdΔ -0.1857  pkR 4.47  clip 0.13  kl +0.005
upd   44  steps   92160  sps 1112  opp symm  loss +0.010  pg +0.0411  v 0.004  ev +0.94  adv_std 0.090  tR -1.00  ent[s/d/p/e] 1.83/2.44/1.24/0.59  emits 0.81  spf 40.5  z0 0.62  garr 41.5  tG 297  e2 0.18  nF 10.0  pS 0.33  ptS 0.32  fLog 0.56  pdΔ -0.1738  pkR 3.87  clip 0.13  kl +0.005
upd   45  steps   94208  sps 1128  opp symm  loss -0.028  pg +0.0036  v 0.003  ev +0.96  adv_std 0.077  tR -1.00  ent[s/d/p/e] 1.91/2.45/1.18/0.59  emits 1.03  spf 39.7  z0 0.57  garr 41.3  tG 312  e2 0.23  nF 10.0  pS 0.34  ptS 0.34  fLog 0.55  pdΔ -0.1576  pkR 4.25  clip 0.22  kl +0.012
upd   46  steps   96256  sps 1144  opp symm  loss -0.048  pg -0.0273  v 0.024  ev +0.78  adv_std 0.228  tR +0.08  ent[s/d/p/e] 1.86/2.41/1.20/0.56  emits 0.70  spf 41.9  z0 0.67  garr 39.7  tG 284  e2 0.16  nF 8.3  pS 0.30  ptS 0.30  fLog 0.56  pdΔ -0.2020  pkR 4.98  clip 0.12  kl +0.000
upd   47  steps   98304  sps 1159  opp symm  loss -0.084  pg -0.0550  v 0.003  ev +0.93  adv_std 0.079  tR -1.00  ent[s/d/p/e] 1.64/2.37/1.23/0.52  emits 0.45  spf 46.0  z0 0.74  garr 39.8  tG 212  e2 0.10  nF 5.3  pS 0.22  ptS 0.22  fLog 0.57  pdΔ -0.2812  pkR 5.26  clip 0.09  kl +0.003
upd   48  steps  100352  sps 1174  opp symm  loss +0.028  pg +0.0582  v 0.003  ev +0.94  adv_std 0.079  tR -1.00  ent[s/d/p/e] 1.59/2.34/1.31/0.54  emits 0.48  spf 45.6  z0 0.71  garr 41.8  tG 259  e2 0.10  nF 5.9  pS 0.25  ptS 0.25  fLog 0.57  pdΔ -0.2491  pkR 4.79  clip 0.13  kl +0.001
upd   49  steps  102400  sps 1189  opp symm  loss -0.039  pg -0.0090  v 0.005  ev +0.93  adv_std 0.094  tR +0.33  ent[s/d/p/e] 1.59/2.38/1.33/0.57  emits 0.46  spf 53.6  z0 0.70  garr 47.0  tG 297  e2 0.09  nF 5.3  pS 0.27  ptS 0.27  fLog 0.59  pdΔ -0.2308  pkR 5.23  clip 0.06  kl +0.005
upd   50  steps  104448  sps 1203  opp symm  loss -0.045  pg -0.0147  v 0.004  ev +0.96  adv_std 0.093  tR +1.00  ent[s/d/p/e] 1.59/2.35/1.34/0.57  emits 0.55  spf 46.7  z0 0.69  garr 46.4  tG 292  e2 0.13  nF 6.0  pS 0.28  ptS 0.28  fLog 0.58  pdΔ -0.2156  pkR 4.33  clip 0.08  kl +0.002
upd   51  steps  106496  sps 1218  opp symm  loss -0.018  pg +0.0130  v 0.004  ev +0.96  adv_std 0.090  tR -0.20  ent[s/d/p/e] 1.72/2.39/1.32/0.57  emits 0.60  spf 46.3  z0 0.68  garr 48.1  tG 298  e2 0.13  nF 6.7  pS 0.29  ptS 0.28  fLog 0.58  pdΔ -0.2060  pkR 4.25  clip 0.16  kl +0.006
upd   52  steps  108544  sps 1232  opp symm  loss +0.017  pg +0.0477  v 0.004  ev +0.96  adv_std 0.089  tR -1.00  ent[s/d/p/e] 1.78/2.40/1.26/0.57  emits 0.60  spf 47.2  z0 0.67  garr 47.9  tG 330  e2 0.13  nF 7.0  pS 0.33  ptS 0.31  fLog 0.59  pdΔ -0.1707  pkR 3.36  clip 0.12  kl +0.004
upd   53  steps  110592  sps 1246  opp symm  loss +0.015  pg +0.0474  v 0.003  ev +0.98  adv_std 0.073  tR +0.20  ent[s/d/p/e] 1.85/2.46/1.35/0.56  emits 0.60  spf 51.3  z0 0.69  garr 52.6  tG 365  e2 0.14  nF 6.7  pS 0.33  ptS 0.32  fLog 0.60  pdΔ -0.1695  pkR 4.10  clip 0.17  kl +0.008
upd   54  steps  112640  sps 1260  opp symm  loss -0.059  pg -0.0293  v 0.007  ev +0.92  adv_std 0.120  tR +0.25  ent[s/d/p/e] 1.71/2.43/1.38/0.54  emits 0.47  spf 57.2  z0 0.73  garr 54.0  tG 401  e2 0.11  nF 4.9  pS 0.31  ptS 0.30  fLog 0.62  pdΔ -0.1873  pkR 8.03  clip 0.11  kl +0.002
upd   55  steps  114688  sps 1274  opp symm  loss -0.067  pg -0.0358  v 0.003  ev +0.96  adv_std 0.083  tR -0.33  ent[s/d/p/e] 1.72/2.38/1.30/0.56  emits 0.48  spf 56.0  z0 0.72  garr 54.2  tG 365  e2 0.11  nF 4.9  pS 0.29  ptS 0.28  fLog 0.61  pdΔ -0.2051  pkR 3.52  clip 0.05  kl +0.000
upd   56  steps  116736  sps 1287  opp symm  loss -0.027  pg +0.0043  v 0.003  ev +0.94  adv_std 0.081  tR -1.00  ent[s/d/p/e] 1.67/2.39/1.27/0.57  emits 0.50  spf 62.0  z0 0.69  garr 56.1  tG 417  e2 0.11  nF 4.7  pS 0.32  ptS 0.31  fLog 0.62  pdΔ -0.1824  pkR 3.87  clip 0.11  kl +0.002
upd   57  steps  118784  sps 1301  opp symm  loss -0.016  pg +0.0145  v 0.005  ev +0.88  adv_std 0.102  tR +0.00  ent[s/d/p/e] 1.71/2.44/1.29/0.57  emits 0.50  spf 60.2  z0 0.70  garr 54.9  tG 392  e2 0.11  nF 4.7  pS 0.31  ptS 0.30  fLog 0.62  pdΔ -0.1856  pkR 3.56  clip 0.10  kl +0.003
upd   58  steps  120832  sps 1314  opp symm  loss -0.071  pg -0.0402  v 0.006  ev +0.86  adv_std 0.110  tR -0.33  ent[s/d/p/e] 1.75/2.47/1.29/0.58  emits 0.49  spf 61.9  z0 0.69  garr 58.6  tG 440  e2 0.11  nF 4.4  pS 0.34  ptS 0.32  fLog 0.63  pdΔ -0.1623  pkR 3.53  clip 0.09  kl +0.003
upd   59  steps  122880  sps 1327  opp symm  loss -0.040  pg -0.0090  v 0.004  ev +0.92  adv_std 0.095  tR +0.33  ent[s/d/p/e] 1.82/2.47/1.24/0.56  emits 0.53  spf 66.7  z0 0.68  garr 62.6  tG 492  e2 0.12  nF 4.7  pS 0.35  ptS 0.34  fLog 0.64  pdΔ -0.1480  pkR 4.35  clip 0.10  kl +0.007
upd   60  steps  124928  sps 1339  opp symm  loss -0.059  pg -0.0273  v 0.004  ev +0.93  adv_std 0.091  tR +0.33  ent[s/d/p/e] 1.84/2.50/1.28/0.58  emits 0.55  spf 66.1  z0 0.68  garr 64.9  tG 511  e2 0.13  nF 4.9  pS 0.35  ptS 0.34  fLog 0.64  pdΔ -0.1513  pkR 4.18  clip 0.08  kl +0.002
upd   61  steps  126976  sps 1352  opp symm  loss -0.016  pg +0.0129  v 0.008  ev +0.90  adv_std 0.124  tR -0.50  ent[s/d/p/e] 1.81/2.48/1.23/0.58  emits 0.55  spf 67.4  z0 0.69  garr 64.4  tG 523  e2 0.12  nF 5.1  pS 0.36  ptS 0.35  fLog 0.63  pdΔ -0.1363  pkR 4.45  clip 0.07  kl +0.001
upd   62  steps  129024  sps 1364  opp symm  loss -0.052  pg -0.0270  v 0.013  ev +0.81  adv_std 0.163  tR +0.00  ent[s/d/p/e] 1.66/2.42/1.28/0.53  emits 0.48  spf 62.8  z0 0.72  garr 53.7  tG 383  e2 0.10  nF 4.3  pS 0.28  ptS 0.28  fLog 0.63  pdΔ -0.2167  pkR 5.10  clip 0.10  kl +0.001
upd   63  steps  131072  sps 1377  opp symm  loss -0.054  pg -0.0242  v 0.003  ev +0.94  adv_std 0.084  tR +1.00  ent[s/d/p/e] 1.61/2.38/1.25/0.53  emits 0.40  spf 64.8  z0 0.75  garr 54.6  tG 379  e2 0.08  nF 4.0  pS 0.27  ptS 0.27  fLog 0.63  pdΔ -0.2276  pkR 5.00  clip 0.08  kl +0.002
upd   64  steps  133120  sps 1389  opp symm  loss -0.073  pg -0.0442  v 0.004  ev +0.94  adv_std 0.091  tR +0.00  ent[s/d/p/e] 1.60/2.37/1.23/0.53  emits 0.44  spf 64.7  z0 0.73  garr 58.5  tG 412  e2 0.09  nF 3.9  pS 0.28  ptS 0.27  fLog 0.62  pdΔ -0.2196  pkR 4.87  clip 0.09  kl +0.004
upd   65  steps  135168  sps 1401  opp symm  loss -0.021  pg +0.0082  v 0.003  ev +0.96  adv_std 0.081  tR +1.00  ent[s/d/p/e] 1.62/2.39/1.19/0.53  emits 0.46  spf 60.7  z0 0.72  garr 54.7  tG 378  e2 0.09  nF 4.2  pS 0.28  ptS 0.28  fLog 0.62  pdΔ -0.2155  pkR 5.34  clip 0.09  kl +0.003
upd   66  steps  137216  sps 1412  opp symm  loss -0.062  pg -0.0336  v 0.008  ev +0.91  adv_std 0.125  tR -0.50  ent[s/d/p/e] 1.72/2.45/1.16/0.57  emits 0.56  spf 57.8  z0 0.69  garr 56.9  tG 398  e2 0.12  nF 4.6  pS 0.31  ptS 0.31  fLog 0.62  pdΔ -0.1935  pkR 4.64  clip 0.08  kl +0.002
upd   67  steps  139264  sps 1424  opp symm  loss -0.059  pg -0.0283  v 0.003  ev +0.97  adv_std 0.073  tR -1.00  ent[s/d/p/e] 1.79/2.45/1.14/0.56  emits 0.64  spf 53.8  z0 0.67  garr 52.7  tG 387  e2 0.15  nF 6.0  pS 0.33  ptS 0.33  fLog 0.61  pdΔ -0.1726  pkR 4.57  clip 0.13  kl +0.003
upd   68  steps  141312  sps 1435  opp symm  loss -0.021  pg +0.0093  v 0.003  ev +0.97  adv_std 0.076  tR +0.00  ent[s/d/p/e] 1.86/2.47/1.05/0.56  emits 0.68  spf 53.0  z0 0.66  garr 52.3  tG 405  e2 0.16  nF 6.7  pS 0.35  ptS 0.35  fLog 0.60  pdΔ -0.1465  pkR 3.03  clip 0.17  kl +0.008
upd   69  steps  143360  sps 1447  opp symm  loss -0.013  pg +0.0170  v 0.004  ev +0.95  adv_std 0.090  tR -0.33  ent[s/d/p/e] 1.86/2.46/1.09/0.56  emits 0.66  spf 52.6  z0 0.66  garr 52.5  tG 407  e2 0.16  nF 6.5  pS 0.35  ptS 0.35  fLog 0.60  pdΔ -0.1534  pkR 3.79  clip 0.15  kl +0.003
upd   70  steps  145408  sps 1458  opp symm  loss -0.009  pg +0.0189  v 0.009  ev +0.89  adv_std 0.136  tR +0.20  ent[s/d/p/e] 1.81/2.47/1.12/0.56  emits 0.50  spf 59.9  z0 0.70  garr 57.5  tG 467  e2 0.12  nF 5.8  pS 0.34  ptS 0.35  fLog 0.62  pdΔ -0.1609  pkR 3.82  clip 0.10  kl +0.003
upd   71  steps  147456  sps 1469  opp symm  loss -0.033  pg -0.0056  v 0.009  ev +0.89  adv_std 0.132  tR -0.20  ent[s/d/p/e] 1.80/2.48/1.09/0.54  emits 0.49  spf 64.2  z0 0.71  garr 63.5  tG 501  e2 0.10  nF 4.9  pS 0.34  ptS 0.34  fLog 0.63  pdΔ -0.1632  pkR 4.52  clip 0.11  kl +0.001
upd   72  steps  149504  sps 1480  opp symm  loss -0.027  pg +0.0013  v 0.008  ev +0.92  adv_std 0.124  tR +0.60  ent[s/d/p/e] 1.80/2.46/1.12/0.56  emits 0.54  spf 65.2  z0 0.69  garr 66.5  tG 522  e2 0.12  nF 5.0  pS 0.34  ptS 0.34  fLog 0.63  pdΔ -0.1599  pkR 4.17  clip 0.06  kl +0.001
upd   73  steps  151552  sps 1490  opp symm  loss -0.025  pg +0.0060  v 0.003  ev +0.97  adv_std 0.079  tR +0.33  ent[s/d/p/e] 1.80/2.46/1.15/0.57  emits 0.50  spf 62.6  z0 0.70  garr 67.8  tG 517  e2 0.10  nF 5.0  pS 0.34  ptS 0.34  fLog 0.62  pdΔ -0.1604  pkR 3.78  clip 0.12  kl +0.002
upd   74  steps  153600  sps 1501  opp symm  loss -0.040  pg -0.0101  v 0.006  ev +0.95  adv_std 0.106  tR +0.00  ent[s/d/p/e] 1.77/2.47/1.19/0.56  emits 0.45  spf 67.8  z0 0.71  garr 72.9  tG 543  e2 0.10  nF 4.6  pS 0.34  ptS 0.33  fLog 0.63  pdΔ -0.1607  pkR 3.54  clip 0.10  kl +0.004
upd   75  steps  155648  sps 1511  opp symm  loss -0.010  pg +0.0205  v 0.004  ev +0.97  adv_std 0.089  tR -1.00  ent[s/d/p/e] 1.80/2.48/1.15/0.56  emits 0.48  spf 68.4  z0 0.71  garr 78.5  tG 603  e2 0.11  nF 4.5  pS 0.36  ptS 0.35  fLog 0.64  pdΔ -0.1420  pkR 3.51  clip 0.08  kl +0.003
upd   76  steps  157696  sps 1522  opp symm  loss -0.024  pg +0.0070  v 0.005  ev +0.96  adv_std 0.104  tR -1.00  ent[s/d/p/e] 1.91/2.54/1.15/0.58  emits 0.69  spf 65.8  z0 0.64  garr 77.1  tG 588  e2 0.16  nF 6.1  pS 0.38  ptS 0.37  fLog 0.63  pdΔ -0.1215  pkR 3.66  clip 0.08  kl +0.003
upd   77  steps  159744  sps 1532  opp symm  loss -0.041  pg -0.0130  v 0.009  ev +0.94  adv_std 0.132  tR +0.18  ent[s/d/p/e] 1.90/2.51/1.11/0.56  emits 0.64  spf 61.4  z0 0.68  garr 67.0  tG 521  e2 0.15  nF 6.1  pS 0.37  ptS 0.36  fLog 0.62  pdΔ -0.1296  pkR 4.38  clip 0.13  kl +0.004
upd   78  steps  161792  sps 1542  opp symm  loss -0.007  pg +0.0221  v 0.005  ev +0.93  adv_std 0.101  tR +1.00  ent[s/d/p/e] 1.73/2.50/1.18/0.55  emits 0.54  spf 62.4  z0 0.71  garr 65.9  tG 460  e2 0.12  nF 4.7  pS 0.31  ptS 0.30  fLog 0.63  pdΔ -0.1874  pkR 3.85  clip 0.15  kl +0.010
upd   79  steps  163840  sps 1552  opp symm  loss -0.076  pg -0.0458  v 0.005  ev +0.93  adv_std 0.104  tR -1.00  ent[s/d/p/e] 1.61/2.49/1.24/0.57  emits 0.39  spf 68.5  z0 0.74  garr 76.3  tG 533  e2 0.07  nF 3.6  pS 0.32  ptS 0.30  fLog 0.64  pdΔ -0.1809  pkR 3.36  clip 0.24  kl +0.010
upd   80  steps  165888  sps 1562  opp symm  loss -0.031  pg -0.0018  v 0.004  ev +0.96  adv_std 0.092  tR +1.00  ent[s/d/p/e] 1.71/2.48/1.21/0.52  emits 0.38  spf 76.7  z0 0.75  garr 87.1  tG 659  e2 0.07  nF 3.6  pS 0.34  ptS 0.33  fLog 0.66  pdΔ -0.1552  pkR 3.57  clip 0.10  kl -0.001
upd   81  steps  167936  sps 1571  opp symm  loss -0.029  pg +0.0002  v 0.006  ev +0.95  adv_std 0.108  tR +0.00  ent[s/d/p/e] 1.75/2.48/1.16/0.55  emits 0.47  spf 82.5  z0 0.73  garr 90.6  tG 693  e2 0.10  nF 3.9  pS 0.35  ptS 0.34  fLog 0.67  pdΔ -0.1521  pkR 3.20  clip 0.10  kl +0.004
upd   82  steps  169984  sps 1581  opp symm  loss -0.031  pg -0.0025  v 0.008  ev +0.94  adv_std 0.130  tR +0.00  ent[s/d/p/e] 1.65/2.44/1.24/0.55  emits 0.48  spf 74.5  z0 0.71  garr 82.8  tG 631  e2 0.10  nF 4.2  pS 0.34  ptS 0.33  fLog 0.65  pdΔ -0.1643  pkR 3.16  clip 0.16  kl +0.006
upd   83  steps  172032  sps 1590  opp symm  loss -0.023  pg +0.0063  v 0.005  ev +0.96  adv_std 0.100  tR -0.33  ent[s/d/p/e] 1.64/2.45/1.23/0.54  emits 0.40  spf 74.7  z0 0.75  garr 85.3  tG 645  e2 0.08  nF 3.7  pS 0.33  ptS 0.32  fLog 0.65  pdΔ -0.1724  pkR 3.50  clip 0.06  kl +0.002
upd   84  steps  174080  sps 1600  opp symm  loss -0.030  pg -0.0020  v 0.007  ev +0.95  adv_std 0.120  tR +0.20  ent[s/d/p/e] 1.66/2.47/1.18/0.51  emits 0.37  spf 77.7  z0 0.77  garr 88.2  tG 676  e2 0.07  nF 3.3  pS 0.33  ptS 0.32  fLog 0.65  pdΔ -0.1747  pkR 2.99  clip 0.11  kl +0.005
upd   85  steps  176128  sps 1609  opp symm  loss +0.001  pg +0.0295  v 0.006  ev +0.95  adv_std 0.110  tR +0.60  ent[s/d/p/e] 1.66/2.44/1.14/0.55  emits 0.47  spf 79.2  z0 0.73  garr 80.8  tG 611  e2 0.09  nF 3.9  pS 0.31  ptS 0.31  fLog 0.65  pdΔ -0.1884  pkR 3.43  clip 0.09  kl +0.003
upd   86  steps  178176  sps 1618  opp symm  loss -0.024  pg +0.0047  v 0.006  ev +0.95  adv_std 0.113  tR -0.20  ent[s/d/p/e] 1.64/2.45/1.24/0.54  emits 0.40  spf 78.9  z0 0.74  garr 85.3  tG 649  e2 0.08  nF 3.7  pS 0.31  ptS 0.31  fLog 0.65  pdΔ -0.1887  pkR 3.78  clip 0.09  kl +0.003
upd   87  steps  180224  sps 1627  opp symm  loss -0.048  pg -0.0204  v 0.009  ev +0.94  adv_std 0.133  tR +0.00  ent[s/d/p/e] 1.53/2.40/1.30/0.54  emits 0.41  spf 74.3  z0 0.74  garr 89.5  tG 687  e2 0.08  nF 3.9  pS 0.31  ptS 0.31  fLog 0.64  pdΔ -0.1852  pkR 5.32  clip 0.08  kl +0.001
upd   88  steps  182272  sps 1636  opp symm  loss -0.018  pg +0.0112  v 0.005  ev +0.96  adv_std 0.099  tR -0.43  ent[s/d/p/e] 1.53/2.38/1.27/0.56  emits 0.49  spf 70.4  z0 0.70  garr 81.2  tG 605  e2 0.10  nF 4.4  pS 0.30  ptS 0.29  fLog 0.63  pdΔ -0.1976  pkR 3.56  clip 0.08  kl -0.002
upd   89  steps  184320  sps 1645  opp symm  loss -0.026  pg -0.0003  v 0.012  ev +0.90  adv_std 0.156  tR +0.67  ent[s/d/p/e] 1.54/2.42/1.26/0.56  emits 0.46  spf 64.4  z0 0.72  garr 79.3  tG 580  e2 0.09  nF 4.4  pS 0.31  ptS 0.30  fLog 0.62  pdΔ -0.1924  pkR 3.95  clip 0.07  kl +0.002
upd   90  steps  186368  sps 1654  opp symm  loss -0.022  pg +0.0063  v 0.006  ev +0.95  adv_std 0.111  tR +0.00  ent[s/d/p/e] 1.56/2.36/1.21/0.56  emits 0.49  spf 65.4  z0 0.70  garr 77.3  tG 592  e2 0.11  nF 4.6  pS 0.31  ptS 0.30  fLog 0.62  pdΔ -0.1855  pkR 4.05  clip 0.11  kl +0.002
upd   91  steps  188416  sps 1662  opp symm  loss -0.028  pg +0.0011  v 0.007  ev +0.95  adv_std 0.120  tR -0.50  ent[s/d/p/e] 1.72/2.39/1.20/0.57  emits 0.65  spf 61.7  z0 0.67  garr 72.8  tG 590  e2 0.15  nF 5.8  pS 0.34  ptS 0.33  fLog 0.62  pdΔ -0.1553  pkR 3.82  clip 0.10  kl +0.002
upd   92  steps  190464  sps 1671  opp symm  loss -0.037  pg -0.0096  v 0.009  ev +0.94  adv_std 0.135  tR +0.00  ent[s/d/p/e] 1.76/2.41/1.13/0.58  emits 0.75  spf 57.6  z0 0.63  garr 65.1  tG 528  e2 0.15  nF 7.3  pS 0.35  ptS 0.34  fLog 0.61  pdΔ -0.1480  pkR 3.43  clip 0.09  kl +0.002
upd   93  steps  192512  sps 1679  opp symm  loss -0.052  pg -0.0253  v 0.011  ev +0.91  adv_std 0.148  tR +0.23  ent[s/d/p/e] 1.62/2.33/1.20/0.56  emits 0.66  spf 54.0  z0 0.66  garr 56.2  tG 435  e2 0.14  nF 6.0  pS 0.31  ptS 0.30  fLog 0.60  pdΔ -0.1884  pkR 4.45  clip 0.10  kl +0.002
upd   94  steps  194560  sps 1687  opp symm  loss -0.061  pg -0.0336  v 0.009  ev +0.91  adv_std 0.134  tR -0.33  ent[s/d/p/e] 1.55/2.31/1.20/0.58  emits 0.73  spf 48.3  z0 0.62  garr 48.3  tG 368  e2 0.16  nF 7.3  pS 0.31  ptS 0.30  fLog 0.58  pdΔ -0.1869  pkR 4.78  clip 0.16  kl -0.001
upd   95  steps  196608  sps 1696  opp symm  loss +0.003  pg +0.0313  v 0.007  ev +0.94  adv_std 0.120  tR +0.00  ent[s/d/p/e] 1.69/2.37/1.15/0.59  emits 0.73  spf 48.1  z0 0.64  garr 50.0  tG 390  e2 0.17  nF 7.9  pS 0.34  ptS 0.32  fLog 0.59  pdΔ -0.1611  pkR 3.94  clip 0.11  kl +0.002
upd   96  steps  198656  sps 1704  opp symm  loss -0.035  pg -0.0074  v 0.010  ev +0.90  adv_std 0.144  tR +0.33  ent[s/d/p/e] 1.74/2.40/1.19/0.60  emits 0.71  spf 52.7  z0 0.63  garr 55.5  tG 439  e2 0.16  nF 6.8  pS 0.35  ptS 0.34  fLog 0.60  pdΔ -0.1518  pkR 3.31  clip 0.18  kl +0.008
upd   97  steps  200704  sps 1712  opp symm  loss -0.036  pg -0.0081  v 0.009  ev +0.91  adv_std 0.138  tR +0.33  ent[s/d/p/e] 1.65/2.36/1.18/0.59  emits 0.62  spf 51.3  z0 0.66  garr 59.0  tG 485  e2 0.14  nF 6.6  pS 0.36  ptS 0.35  fLog 0.60  pdΔ -0.1387  pkR 5.46  clip 0.06  kl +0.001
upd   98  steps  202752  sps 1720  opp symm  loss -0.009  pg +0.0202  v 0.005  ev +0.96  adv_std 0.105  tR +1.00  ent[s/d/p/e] 1.55/2.33/1.13/0.60  emits 0.68  spf 56.9  z0 0.62  garr 59.5  tG 489  e2 0.15  nF 6.6  pS 0.35  ptS 0.34  fLog 0.61  pdΔ -0.1468  pkR 5.42  clip 0.07  kl +0.002
[eval_vs_v20] u99 tag=train_u99  bin0=0.0%  spf=0.00  garr=128.50  flip=0.00%  z0=71.9%  e8=0.0%  e2+=0.0%  WLD=0/3/0
upd   99  steps  204800  sps 1728  opp symm  loss -0.035  pg -0.0083  v 0.010  ev +0.93  adv_std 0.143  tR +0.00  ent[s/d/p/e] 1.66/2.39/1.11/0.60  emits 0.74  spf 52.5  z0 0.62  garr 58.1  tG 498  e2 0.17  nF 7.0  pS 0.37  ptS 0.36  fLog 0.60  pdΔ -0.1260  pkR 3.07  clip 0.09  kl +0.003 WRr 0.12 v20[spf 0.0 flip 0.0% e2+ 0.0%]
upd  100  steps  206848  sps 957  opp symm  loss +0.011  pg +0.0415  v 0.005  ev +0.97  adv_std 0.097  tR -1.00  ent[s/d/p/e] 1.73/2.41/1.14/0.58  emits 0.72  spf 52.4  z0 0.62  garr 58.2  tG 503  e2 0.17  nF 8.1  pS 0.38  ptS 0.37  fLog 0.60  pdΔ -0.1191  pkR 3.12  clip 0.15  kl +0.005
upd  101  steps  208896  sps 963  opp symm  loss -0.017  pg +0.0108  v 0.010  ev +0.93  adv_std 0.139  tR +0.43  ent[s/d/p/e] 1.81/2.42/1.11/0.59  emits 0.79  spf 56.1  z0 0.61  garr 58.1  tG 512  e2 0.17  nF 7.8  pS 0.38  ptS 0.38  fLog 0.61  pdΔ -0.1151  pkR 3.25  clip 0.12  kl +0.007
upd  102  steps  210944  sps 970  opp symm  loss -0.035  pg -0.0053  v 0.006  ev +0.95  adv_std 0.114  tR -0.33  ent[s/d/p/e] 1.75/2.41/1.16/0.59  emits 0.70  spf 54.8  z0 0.64  garr 56.2  tG 484  e2 0.15  nF 7.1  pS 0.37  ptS 0.36  fLog 0.61  pdΔ -0.1320  pkR 3.64  clip 0.09  kl +0.003
upd  103  steps  212992  sps 976  opp symm  loss -0.025  pg +0.0044  v 0.005  ev +0.96  adv_std 0.104  tR +0.25  ent[s/d/p/e] 1.74/2.40/1.12/0.56  emits 0.65  spf 57.4  z0 0.66  garr 55.7  tG 473  e2 0.14  nF 6.8  pS 0.35  ptS 0.35  fLog 0.61  pdΔ -0.1493  pkR 4.05  clip 0.08  kl +0.002
upd  104  steps  215040  sps 983  opp symm  loss -0.027  pg +0.0004  v 0.009  ev +0.94  adv_std 0.136  tR +0.00  ent[s/d/p/e] 1.71/2.38/1.19/0.56  emits 0.67  spf 57.8  z0 0.66  garr 55.0  tG 462  e2 0.14  nF 6.3  pS 0.33  ptS 0.33  fLog 0.61  pdΔ -0.1709  pkR 4.29  clip 0.11  kl +0.002
upd  105  steps  217088  sps 989  opp symm  loss -0.051  pg -0.0232  v 0.009  ev +0.94  adv_std 0.131  tR +0.33  ent[s/d/p/e] 1.71/2.36/1.23/0.54  emits 0.53  spf 60.1  z0 0.69  garr 59.7  tG 519  e2 0.11  nF 6.1  pS 0.33  ptS 0.33  fLog 0.62  pdΔ -0.1659  pkR 6.83  clip 0.07  kl +0.001
upd  106  steps  219136  sps 996  opp symm  loss +0.010  pg +0.0387  v 0.007  ev +0.95  adv_std 0.119  tR +0.50  ent[s/d/p/e] 1.91/2.44/1.21/0.53  emits 0.62  spf 59.5  z0 0.70  garr 67.5  tG 589  e2 0.14  nF 6.2  pS 0.36  ptS 0.35  fLog 0.62  pdΔ -0.1406  pkR 8.48  clip 0.07  kl +0.001
upd  107  steps  221184  sps 1002  opp symm  loss -0.028  pg +0.0005  v 0.006  ev +0.96  adv_std 0.110  tR +0.20  ent[s/d/p/e] 1.76/2.36/1.22/0.55  emits 0.55  spf 59.7  z0 0.70  garr 72.1  tG 576  e2 0.11  nF 5.3  pS 0.34  ptS 0.33  fLog 0.61  pdΔ -0.1632  pkR 3.60  clip 0.10  kl +0.004
upd  108  steps  223232  sps 1008  opp symm  loss -0.051  pg -0.0227  v 0.008  ev +0.95  adv_std 0.125  tR +0.23  ent[s/d/p/e] 1.79/2.39/1.23/0.54  emits 0.58  spf 59.2  z0 0.68  garr 72.0  tG 575  e2 0.12  nF 5.8  pS 0.34  ptS 0.33  fLog 0.61  pdΔ -0.1642  pkR 3.38  clip 0.12  kl +0.001
upd  109  steps  225280  sps 1015  opp symm  loss -0.005  pg +0.0237  v 0.006  ev +0.95  adv_std 0.112  tR +0.00  ent[s/d/p/e] 1.66/2.37/1.28/0.54  emits 0.62  spf 58.2  z0 0.68  garr 65.9  tG 494  e2 0.13  nF 5.4  pS 0.30  ptS 0.29  fLog 0.60  pdΔ -0.2011  pkR 3.99  clip 0.11  kl -0.001
upd  110  steps  227328  sps 1021  opp symm  loss +0.022  pg +0.0505  v 0.007  ev +0.94  adv_std 0.120  tR +0.33  ent[s/d/p/e] 1.63/2.35/1.26/0.56  emits 0.66  spf 52.8  z0 0.67  garr 63.0  tG 458  e2 0.14  nF 6.3  pS 0.31  ptS 0.30  fLog 0.59  pdΔ -0.1921  pkR 4.21  clip 0.16  kl +0.005
upd  111  steps  229376  sps 1027  opp symm  loss +0.009  pg +0.0390  v 0.005  ev +0.95  adv_std 0.104  tR -0.33  ent[s/d/p/e] 1.69/2.41/1.31/0.54  emits 0.58  spf 58.5  z0 0.69  garr 67.5  tG 494  e2 0.12  nF 6.2  pS 0.32  ptS 0.32  fLog 0.61  pdΔ -0.1793  pkR 3.67  clip 0.11  kl +0.006
upd  112  steps  231424  sps 1033  opp symm  loss +0.025  pg +0.0544  v 0.006  ev +0.94  adv_std 0.114  tR -1.00  ent[s/d/p/e] 1.75/2.41/1.28/0.53  emits 0.57  spf 61.2  z0 0.70  garr 72.8  tG 559  e2 0.12  nF 5.8  pS 0.34  ptS 0.34  fLog 0.62  pdΔ -0.1593  pkR 3.45  clip 0.15  kl +0.002
upd  113  steps  233472  sps 1040  opp symm  loss -0.049  pg -0.0220  v 0.009  ev +0.93  adv_std 0.138  tR -0.33  ent[s/d/p/e] 1.86/2.47/1.26/0.51  emits 0.49  spf 63.5  z0 0.74  garr 83.1  tG 650  e2 0.10  nF 5.4  pS 0.36  ptS 0.35  fLog 0.62  pdΔ -0.1411  pkR 3.01  clip 0.07  kl +0.004
upd  114  steps  235520  sps 1046  opp symm  loss -0.048  pg -0.0167  v 0.004  ev +0.97  adv_std 0.090  tR -1.00  ent[s/d/p/e] 1.81/2.48/1.28/0.55  emits 0.63  spf 70.5  z0 0.68  garr 88.8  tG 707  e2 0.13  nF 5.9  pS 0.37  ptS 0.37  fLog 0.63  pdΔ -0.1321  pkR 3.07  clip 0.11  kl -0.000
upd  115  steps  237568  sps 1052  opp symm  loss -0.009  pg +0.0192  v 0.009  ev +0.94  adv_std 0.137  tR -0.20  ent[s/d/p/e] 1.81/2.43/1.20/0.55  emits 0.59  spf 65.1  z0 0.69  garr 85.8  tG 704  e2 0.12  nF 6.4  pS 0.37  ptS 0.38  fLog 0.62  pdΔ -0.1273  pkR 3.32  clip 0.09  kl +0.000
upd  116  steps  239616  sps 1058  opp symm  loss -0.030  pg -0.0007  v 0.006  ev +0.96  adv_std 0.107  tR +0.00  ent[s/d/p/e] 1.76/2.42/1.25/0.56  emits 0.51  spf 77.2  z0 0.72  garr 94.3  tG 789  e2 0.12  nF 4.7  pS 0.38  ptS 0.38  fLog 0.65  pdΔ -0.1239  pkR 3.32  clip 0.07  kl +0.001
upd  117  steps  241664  sps 1064  opp symm  loss -0.032  pg -0.0038  v 0.007  ev +0.94  adv_std 0.122  tR +0.75  ent[s/d/p/e] 1.57/2.35/1.31/0.57  emits 0.53  spf 73.8  z0 0.69  garr 84.4  tG 663  e2 0.11  nF 4.2  pS 0.33  ptS 0.33  fLog 0.65  pdΔ -0.1721  pkR 3.56  clip 0.12  kl +0.000
upd  118  steps  243712  sps 1070  opp symm  loss -0.023  pg +0.0032  v 0.011  ev +0.92  adv_std 0.144  tR +0.00  ent[s/d/p/e] 1.47/2.32/1.36/0.55  emits 0.42  spf 66.0  z0 0.72  garr 78.0  tG 600  e2 0.08  nF 4.2  pS 0.32  ptS 0.32  fLog 0.63  pdΔ -0.1840  pkR 3.72  clip 0.04  kl +0.001
upd  119  steps  245760  sps 1076  opp symm  loss -0.056  pg -0.0289  v 0.011  ev +0.92  adv_std 0.144  tR +0.60  ent[s/d/p/e] 1.43/2.28/1.35/0.57  emits 0.43  spf 66.5  z0 0.71  garr 77.1  tG 591  e2 0.09  nF 4.1  pS 0.31  ptS 0.31  fLog 0.62  pdΔ -0.1901  pkR 4.03  clip 0.14  kl +0.005
upd  120  steps  247808  sps 1082  opp symm  loss -0.032  pg -0.0016  v 0.003  ev +0.98  adv_std 0.076  tR +0.33  ent[s/d/p/e] 1.43/2.20/1.38/0.55  emits 0.40  spf 66.1  z0 0.72  garr 77.2  tG 603  e2 0.08  nF 4.1  pS 0.31  ptS 0.31  fLog 0.62  pdΔ -0.1919  pkR 4.76  clip 0.11  kl +0.004
upd  121  steps  249856  sps 1087  opp symm  loss -0.043  pg -0.0132  v 0.005  ev +0.96  adv_std 0.101  tR +0.00  ent[s/d/p/e] 1.51/2.23/1.42/0.57  emits 0.40  spf 60.1  z0 0.73  garr 82.6  tG 665  e2 0.08  nF 3.9  pS 0.32  ptS 0.32  fLog 0.60  pdΔ -0.1814  pkR 4.57  clip 0.06  kl +0.002
upd  122  steps  251904  sps 1093  opp symm  loss -0.040  pg -0.0111  v 0.007  ev +0.95  adv_std 0.122  tR +0.14  ent[s/d/p/e] 1.51/2.21/1.40/0.56  emits 0.44  spf 66.9  z0 0.70  garr 80.3  tG 643  e2 0.09  nF 4.1  pS 0.31  ptS 0.31  fLog 0.62  pdΔ -0.1885  pkR 5.04  clip 0.05  kl +0.001
upd  123  steps  253952  sps 1099  opp symm  loss +0.014  pg +0.0407  v 0.011  ev +0.92  adv_std 0.148  tR -0.67  ent[s/d/p/e] 1.48/2.20/1.37/0.55  emits 0.47  spf 58.7  z0 0.71  garr 77.5  tG 621  e2 0.10  nF 4.9  pS 0.32  ptS 0.32  fLog 0.60  pdΔ -0.1786  pkR 4.92  clip 0.09  kl +0.003
upd  124  steps  256000  sps 1105  opp symm  loss -0.061  pg -0.0350  v 0.011  ev +0.91  adv_std 0.151  tR -0.40  ent[s/d/p/e] 1.38/2.15/1.42/0.56  emits 0.44  spf 55.4  z0 0.71  garr 71.8  tG 580  e2 0.09  nF 5.1  pS 0.32  ptS 0.31  fLog 0.59  pdΔ -0.1848  pkR 5.53  clip 0.12  kl +0.000
upd  125  steps  258048  sps 1111  opp symm  loss +0.006  pg +0.0336  v 0.006  ev +0.94  adv_std 0.105  tR +0.00  ent[s/d/p/e] 1.31/2.08/1.38/0.54  emits 0.42  spf 57.8  z0 0.70  garr 70.2  tG 526  e2 0.09  nF 4.4  pS 0.30  ptS 0.29  fLog 0.60  pdΔ -0.2025  pkR 3.72  clip 0.12  kl +0.001
upd  126  steps  260096  sps 1116  opp symm  loss -0.052  pg -0.0236  v 0.007  ev +0.93  adv_std 0.123  tR +0.00  ent[s/d/p/e] 1.37/2.13/1.43/0.58  emits 0.46  spf 62.6  z0 0.71  garr 74.4  tG 548  e2 0.10  nF 4.5  pS 0.31  ptS 0.30  fLog 0.62  pdΔ -0.1939  pkR 3.50  clip 0.09  kl +0.001
upd  127  steps  262144  sps 1122  opp symm  loss -0.040  pg -0.0113  v 0.006  ev +0.94  adv_std 0.107  tR +0.00  ent[s/d/p/e] 1.44/2.15/1.44/0.57  emits 0.46  spf 58.7  z0 0.70  garr 75.7  tG 576  e2 0.09  nF 4.4  pS 0.33  ptS 0.32  fLog 0.61  pdΔ -0.1696  pkR 3.64  clip 0.06  kl +0.002
upd  128  steps  264192  sps 1128  opp symm  loss -0.048  pg -0.0179  v 0.007  ev +0.94  adv_std 0.116  tR -1.00  ent[s/d/p/e] 1.55/2.20/1.45/0.60  emits 0.53  spf 56.6  z0 0.67  garr 78.8  tG 623  e2 0.11  nF 5.4  pS 0.36  ptS 0.35  fLog 0.61  pdΔ -0.1366  pkR 3.11  clip 0.09  kl +0.002
upd  129  steps  266240  sps 1133  opp symm  loss -0.004  pg +0.0263  v 0.007  ev +0.94  adv_std 0.120  tR -0.50  ent[s/d/p/e] 1.64/2.30/1.46/0.57  emits 0.53  spf 63.6  z0 0.68  garr 84.4  tG 688  e2 0.12  nF 5.8  pS 0.38  ptS 0.37  fLog 0.63  pdΔ -0.1174  pkR 3.10  clip 0.12  kl +0.005
upd  130  steps  268288  sps 1139  opp symm  loss -0.022  pg +0.0075  v 0.008  ev +0.94  adv_std 0.125  tR +0.50  ent[s/d/p/e] 1.64/2.29/1.43/0.58  emits 0.57  spf 64.2  z0 0.67  garr 81.2  tG 669  e2 0.11  nF 5.5  pS 0.38  ptS 0.36  fLog 0.63  pdΔ -0.1240  pkR 3.29  clip 0.07  kl +0.001
upd  131  steps  270336  sps 1144  opp symm  loss -0.025  pg +0.0035  v 0.008  ev +0.94  adv_std 0.130  tR -0.14  ent[s/d/p/e] 1.66/2.25/1.40/0.55  emits 0.50  spf 61.8  z0 0.71  garr 78.8  tG 666  e2 0.10  nF 4.8  pS 0.35  ptS 0.34  fLog 0.61  pdΔ -0.1469  pkR 4.78  clip 0.08  kl +0.002
upd  132  steps  272384  sps 1150  opp symm  loss -0.029  pg -0.0011  v 0.006  ev +0.95  adv_std 0.112  tR -0.45  ent[s/d/p/e] 1.56/2.16/1.36/0.51  emits 0.40  spf 63.9  z0 0.74  garr 78.3  tG 621  e2 0.07  nF 4.3  pS 0.30  ptS 0.30  fLog 0.62  pdΔ -0.1954  pkR 4.19  clip 0.08  kl +0.000
upd  133  steps  274432  sps 1155  opp symm  loss -0.027  pg +0.0016  v 0.005  ev +0.96  adv_std 0.095  tR +0.00  ent[s/d/p/e] 1.53/2.13/1.34/0.54  emits 0.46  spf 60.8  z0 0.72  garr 72.0  tG 581  e2 0.09  nF 4.6  pS 0.29  ptS 0.28  fLog 0.60  pdΔ -0.2089  pkR 4.61  clip 0.09  kl +0.001
upd  134  steps  276480  sps 1161  opp symm  loss -0.056  pg -0.0280  v 0.006  ev +0.95  adv_std 0.110  tR -0.33  ent[s/d/p/e] 1.49/2.17/1.36/0.53  emits 0.38  spf 63.7  z0 0.74  garr 72.0  tG 556  e2 0.07  nF 4.1  pS 0.28  ptS 0.28  fLog 0.61  pdΔ -0.2157  pkR 5.36  clip 0.05  kl +0.001
upd  135  steps  278528  sps 1166  opp symm  loss -0.068  pg -0.0391  v 0.004  ev +0.96  adv_std 0.090  tR +0.33  ent[s/d/p/e] 1.45/2.22/1.43/0.52  emits 0.38  spf 65.5  z0 0.74  garr 74.5  tG 560  e2 0.07  nF 4.0  pS 0.28  ptS 0.27  fLog 0.61  pdΔ -0.2212  pkR 4.75  clip 0.07  kl -0.000
upd  136  steps  280576  sps 1172  opp symm  loss -0.036  pg -0.0074  v 0.006  ev +0.95  adv_std 0.113  tR -1.00  ent[s/d/p/e] 1.52/2.26/1.40/0.53  emits 0.40  spf 68.3  z0 0.73  garr 81.0  tG 617  e2 0.07  nF 4.1  pS 0.30  ptS 0.29  fLog 0.62  pdΔ -0.2048  pkR 5.24  clip 0.08  kl +0.004
upd  137  steps  282624  sps 1177  opp symm  loss +0.001  pg +0.0257  v 0.014  ev +0.90  adv_std 0.166  tR +0.60  ent[s/d/p/e] 1.57/2.27/1.36/0.54  emits 0.47  spf 65.8  z0 0.70  garr 79.3  tG 598  e2 0.09  nF 4.7  pS 0.31  ptS 0.30  fLog 0.61  pdΔ -0.1920  pkR 5.38  clip 0.06  kl +0.003
upd  138  steps  284672  sps 1182  opp symm  loss -0.013  pg +0.0171  v 0.007  ev +0.95  adv_std 0.115  tR +1.00  ent[s/d/p/e] 1.72/2.31/1.42/0.55  emits 0.45  spf 61.6  z0 0.72  garr 79.0  tG 610  e2 0.09  nF 4.8  pS 0.32  ptS 0.32  fLog 0.61  pdΔ -0.1755  pkR 5.10  clip 0.09  kl +0.005
upd  139  steps  286720  sps 1188  opp symm  loss -0.040  pg -0.0147  v 0.013  ev +0.91  adv_std 0.160  tR -0.33  ent[s/d/p/e] 1.70/2.23/1.39/0.53  emits 0.47  spf 63.0  z0 0.71  garr 83.4  tG 643  e2 0.10  nF 5.1  pS 0.33  ptS 0.32  fLog 0.60  pdΔ -0.1719  pkR 5.11  clip 0.10  kl +0.005
upd  140  steps  288768  sps 1193  opp symm  loss -0.027  pg +0.0008  v 0.007  ev +0.94  adv_std 0.121  tR +0.33  ent[s/d/p/e] 1.57/2.12/1.41/0.52  emits 0.42  spf 56.5  z0 0.74  garr 74.1  tG 547  e2 0.08  nF 4.3  pS 0.29  ptS 0.28  fLog 0.59  pdΔ -0.2123  pkR 4.91  clip 0.05  kl +0.002
upd  141  steps  290816  sps 1198  opp symm  loss -0.002  pg +0.0259  v 0.007  ev +0.93  adv_std 0.115  tR +1.00  ent[s/d/p/e] 1.50/2.10/1.42/0.55  emits 0.49  spf 56.8  z0 0.70  garr 76.0  tG 578  e2 0.09  nF 4.6  pS 0.30  ptS 0.29  fLog 0.59  pdΔ -0.1970  pkR 4.71  clip 0.09  kl +0.000
upd  142  steps  292864  sps 1203  opp symm  loss -0.024  pg +0.0047  v 0.006  ev +0.95  adv_std 0.106  tR +0.00  ent[s/d/p/e] 1.53/2.17/1.43/0.53  emits 0.41  spf 65.8  z0 0.73  garr 80.0  tG 612  e2 0.08  nF 4.8  pS 0.31  ptS 0.29  fLog 0.61  pdΔ -0.1948  pkR 4.91  clip 0.08  kl +0.003
upd  143  steps  294912  sps 1209  opp symm  loss -0.024  pg +0.0054  v 0.005  ev +0.95  adv_std 0.102  tR -1.00  ent[s/d/p/e] 1.65/2.21/1.38/0.55  emits 0.41  spf 69.1  z0 0.74  garr 85.8  tG 663  e2 0.09  nF 4.6  pS 0.33  ptS 0.31  fLog 0.63  pdΔ -0.1734  pkR 5.21  clip 0.11  kl +0.004
upd  144  steps  296960  sps 1214  opp symm  loss +0.006  pg +0.0337  v 0.008  ev +0.93  adv_std 0.130  tR +1.00  ent[s/d/p/e] 1.66/2.22/1.45/0.51  emits 0.40  spf 65.3  z0 0.74  garr 96.7  tG 748  e2 0.08  nF 4.4  pS 0.34  ptS 0.33  fLog 0.62  pdΔ -0.1599  pkR 4.70  clip 0.15  kl +0.009
upd  145  steps  299008  sps 1219  opp symm  loss -0.001  pg +0.0268  v 0.007  ev +0.94  adv_std 0.114  tR +0.20  ent[s/d/p/e] 1.54/2.12/1.42/0.51  emits 0.32  spf 73.5  z0 0.77  garr 105.4  tG 837  e2 0.06  nF 3.5  pS 0.34  ptS 0.33  fLog 0.63  pdΔ -0.1609  pkR 4.57  clip 0.06  kl +0.002
upd  146  steps  301056  sps 1224  opp symm  loss -0.039  pg -0.0128  v 0.007  ev +0.93  adv_std 0.119  tR +0.50  ent[s/d/p/e] 1.44/2.04/1.47/0.47  emits 0.33  spf 65.9  z0 0.76  garr 101.4  tG 764  e2 0.07  nF 3.6  pS 0.32  ptS 0.30  fLog 0.62  pdΔ -0.1799  pkR 5.28  clip 0.09  kl +0.004
upd  147  steps  303104  sps 1229  opp symm  loss +0.018  pg +0.0437  v 0.009  ev +0.92  adv_std 0.138  tR -0.20  ent[s/d/p/e] 1.51/2.07/1.46/0.50  emits 0.34  spf 62.4  z0 0.77  garr 106.1  tG 791  e2 0.06  nF 3.7  pS 0.32  ptS 0.31  fLog 0.61  pdΔ -0.1783  pkR 4.13  clip 0.07  kl +0.005
upd  148  steps  305152  sps 1234  opp symm  loss -0.042  pg -0.0161  v 0.006  ev +0.95  adv_std 0.110  tR -0.11  ent[s/d/p/e] 1.38/1.94/1.36/0.46  emits 0.32  spf 59.0  z0 0.79  garr 102.7  tG 754  e2 0.07  nF 3.5  pS 0.29  ptS 0.28  fLog 0.59  pdΔ -0.2121  pkR 4.95  clip 0.05  kl +0.003
upd  149  steps  307200  sps 1239  opp symm  loss -0.026  pg -0.0005  v 0.008  ev +0.93  adv_std 0.124  tR +0.43  ent[s/d/p/e] 1.29/1.91/1.40/0.48  emits 0.31  spf 51.5  z0 0.79  garr 108.0  tG 794  e2 0.06  nF 3.6  pS 0.28  ptS 0.28  fLog 0.57  pdΔ -0.2178  pkR 5.51  clip 0.07  kl +0.003
upd  150  steps  309248  sps 1244  opp symm  loss -0.062  pg -0.0355  v 0.006  ev +0.94  adv_std 0.107  tR -1.00  ent[s/d/p/e] 1.35/1.95/1.43/0.46  emits 0.30  spf 58.6  z0 0.79  garr 106.9  tG 765  e2 0.05  nF 3.4  pS 0.28  ptS 0.28  fLog 0.59  pdΔ -0.2225  pkR 5.00  clip 0.04  kl +0.000
upd  151  steps  311296  sps 1249  opp symm  loss -0.023  pg +0.0051  v 0.004  ev +0.97  adv_std 0.087  tR -1.00  ent[s/d/p/e] 1.44/2.00/1.40/0.50  emits 0.36  spf 58.7  z0 0.76  garr 115.4  tG 850  e2 0.07  nF 3.8  pS 0.30  ptS 0.30  fLog 0.58  pdΔ -0.1977  pkR 4.47  clip 0.06  kl +0.003
upd  152  steps  313344  sps 1254  opp symm  loss -0.014  pg +0.0137  v 0.008  ev +0.94  adv_std 0.124  tR -0.50  ent[s/d/p/e] 1.53/2.09/1.43/0.52  emits 0.40  spf 66.2  z0 0.75  garr 120.4  tG 918  e2 0.08  nF 4.2  pS 0.32  ptS 0.31  fLog 0.60  pdΔ -0.1847  pkR 4.58  clip 0.05  kl +0.000
upd  153  steps  315392  sps 1259  opp symm  loss -0.045  pg -0.0161  v 0.005  ev +0.96  adv_std 0.100  tR +0.00  ent[s/d/p/e] 1.51/2.12/1.37/0.53  emits 0.44  spf 60.7  z0 0.74  garr 111.7  tG 847  e2 0.09  nF 4.8  pS 0.31  ptS 0.30  fLog 0.59  pdΔ -0.1896  pkR 5.47  clip 0.06  kl +0.003
upd  154  steps  317440  sps 1264  opp symm  loss -0.042  pg -0.0144  v 0.007  ev +0.94  adv_std 0.115  tR -1.00  ent[s/d/p/e] 1.50/2.11/1.35/0.53  emits 0.46  spf 66.2  z0 0.72  garr 103.7  tG 788  e2 0.10  nF 4.9  pS 0.31  ptS 0.30  fLog 0.60  pdΔ -0.1875  pkR 5.89  clip 0.07  kl +0.003
upd  155  steps  319488  sps 1269  opp symm  loss -0.059  pg -0.0328  v 0.010  ev +0.92  adv_std 0.143  tR +0.00  ent[s/d/p/e] 1.57/2.13/1.36/0.54  emits 0.49  spf 53.8  z0 0.70  garr 87.2  tG 658  e2 0.10  nF 5.6  pS 0.31  ptS 0.30  fLog 0.58  pdΔ -0.1928  pkR 6.90  clip 0.06  kl +0.001
upd  156  steps  321536  sps 1274  opp symm  loss -0.052  pg -0.0234  v 0.006  ev +0.95  adv_std 0.110  tR +0.00  ent[s/d/p/e] 1.63/2.15/1.35/0.54  emits 0.56  spf 53.9  z0 0.69  garr 74.7  tG 594  e2 0.11  nF 5.7  pS 0.30  ptS 0.30  fLog 0.58  pdΔ -0.1963  pkR 8.22  clip 0.09  kl +0.005
upd  157  steps  323584  sps 1279  opp symm  loss -0.012  pg +0.0175  v 0.006  ev +0.96  adv_std 0.107  tR +0.33  ent[s/d/p/e] 1.65/2.16/1.30/0.56  emits 0.66  spf 52.9  z0 0.66  garr 76.6  tG 610  e2 0.14  nF 6.8  pS 0.32  ptS 0.32  fLog 0.58  pdΔ -0.1762  pkR 8.48  clip 0.06  kl -0.002
upd  158  steps  325632  sps 1283  opp symm  loss -0.010  pg +0.0176  v 0.009  ev +0.94  adv_std 0.133  tR +0.33  ent[s/d/p/e] 1.69/2.16/1.35/0.57  emits 0.65  spf 49.0  z0 0.66  garr 80.3  tG 665  e2 0.14  nF 7.3  pS 0.35  ptS 0.35  fLog 0.57  pdΔ -0.1491  pkR 8.56  clip 0.12  kl +0.006
upd  159  steps  327680  sps 1288  opp symm  loss -0.022  pg +0.0059  v 0.007  ev +0.96  adv_std 0.122  tR +1.00  ent[s/d/p/e] 1.60/2.16/1.33/0.55  emits 0.51  spf 58.7  z0 0.69  garr 85.1  tG 725  e2 0.10  nF 5.8  pS 0.34  ptS 0.33  fLog 0.59  pdΔ -0.1649  pkR 8.54  clip 0.06  kl +0.002
upd  160  steps  329728  sps 1293  opp symm  loss -0.038  pg -0.0104  v 0.007  ev +0.96  adv_std 0.118  tR -0.60  ent[s/d/p/e] 1.60/2.12/1.33/0.53  emits 0.48  spf 64.4  z0 0.71  garr 91.9  tG 801  e2 0.10  nF 5.3  pS 0.34  ptS 0.33  fLog 0.60  pdΔ -0.1632  pkR 8.17  clip 0.07  kl +0.002
upd  161  steps  331776  sps 1298  opp symm  loss -0.033  pg -0.0046  v 0.006  ev +0.97  adv_std 0.105  tR -1.00  ent[s/d/p/e] 1.69/2.18/1.28/0.53  emits 0.52  spf 53.2  z0 0.71  garr 95.0  tG 820  e2 0.10  nF 5.4  pS 0.35  ptS 0.34  fLog 0.58  pdΔ -0.1497  pkR 5.79  clip 0.07  kl +0.001
upd  162  steps  333824  sps 1302  opp symm  loss -0.037  pg -0.0086  v 0.006  ev +0.97  adv_std 0.109  tR -0.20  ent[s/d/p/e] 1.78/2.23/1.29/0.51  emits 0.51  spf 57.0  z0 0.72  garr 96.9  tG 812  e2 0.10  nF 5.6  pS 0.35  ptS 0.34  fLog 0.59  pdΔ -0.1517  pkR 6.49  clip 0.09  kl +0.002
upd  163  steps  335872  sps 1307  opp symm  loss -0.016  pg +0.0119  v 0.008  ev +0.96  adv_std 0.128  tR +0.00  ent[s/d/p/e] 1.79/2.23/1.27/0.52  emits 0.55  spf 58.6  z0 0.71  garr 96.3  tG 810  e2 0.11  nF 5.6  pS 0.35  ptS 0.34  fLog 0.59  pdΔ -0.1496  pkR 6.17  clip 0.10  kl +0.001
upd  164  steps  337920  sps 1312  opp symm  loss -0.021  pg +0.0041  v 0.010  ev +0.94  adv_std 0.140  tR +0.60  ent[s/d/p/e] 1.56/2.01/1.33/0.51  emits 0.48  spf 55.1  z0 0.73  garr 85.2  tG 696  e2 0.10  nF 4.9  pS 0.30  ptS 0.30  fLog 0.58  pdΔ -0.1958  pkR 6.43  clip 0.10  kl +0.004
upd  165  steps  339968  sps 1316  opp symm  loss -0.016  pg +0.0080  v 0.012  ev +0.93  adv_std 0.151  tR +0.25  ent[s/d/p/e] 1.47/1.99/1.34/0.51  emits 0.43  spf 60.4  z0 0.74  garr 79.6  tG 622  e2 0.09  nF 4.7  pS 0.28  ptS 0.27  fLog 0.59  pdΔ -0.2190  pkR 7.91  clip 0.05  kl +0.003
upd  166  steps  342016  sps 1321  opp symm  loss -0.010  pg +0.0175  v 0.006  ev +0.96  adv_std 0.113  tR -1.00  ent[s/d/p/e] 1.61/2.07/1.34/0.50  emits 0.46  spf 55.4  z0 0.73  garr 82.9  tG 620  e2 0.09  nF 5.2  pS 0.29  ptS 0.28  fLog 0.58  pdΔ -0.2080  pkR 9.05  clip 0.05  kl +0.002
upd  167  steps  344064  sps 1325  opp symm  loss -0.020  pg +0.0073  v 0.007  ev +0.95  adv_std 0.120  tR -0.33  ent[s/d/p/e] 1.71/2.09/1.33/0.51  emits 0.50  spf 56.3  z0 0.73  garr 95.8  tG 730  e2 0.10  nF 5.6  pS 0.31  ptS 0.30  fLog 0.59  pdΔ -0.1868  pkR 8.47  clip 0.09  kl +0.001
upd  168  steps  346112  sps 1330  opp symm  loss -0.012  pg +0.0160  v 0.007  ev +0.96  adv_std 0.118  tR +0.33  ent[s/d/p/e] 1.76/2.14/1.31/0.51  emits 0.51  spf 57.6  z0 0.73  garr 92.1  tG 705  e2 0.10  nF 5.5  pS 0.33  ptS 0.32  fLog 0.60  pdΔ -0.1658  pkR 4.81  clip 0.08  kl +0.003
upd  169  steps  348160  sps 1335  opp symm  loss -0.004  pg +0.0228  v 0.009  ev +0.95  adv_std 0.135  tR +0.00  ent[s/d/p/e] 1.72/2.13/1.32/0.52  emits 0.43  spf 61.0  z0 0.75  garr 95.4  tG 744  e2 0.09  nF 4.8  pS 0.34  ptS 0.32  fLog 0.61  pdΔ -0.1605  pkR 4.45  clip 0.04  kl +0.002
upd  170  steps  350208  sps 1339  opp symm  loss -0.038  pg -0.0098  v 0.006  ev +0.97  adv_std 0.107  tR +0.20  ent[s/d/p/e] 1.64/2.07/1.41/0.49  emits 0.36  spf 61.1  z0 0.77  garr 104.0  tG 824  e2 0.07  nF 3.8  pS 0.34  ptS 0.32  fLog 0.61  pdΔ -0.1633  pkR 4.72  clip 0.04  kl +0.002
upd  171  steps  352256  sps 1344  opp symm  loss -0.039  pg -0.0100  v 0.004  ev +0.98  adv_std 0.088  tR +0.14  ent[s/d/p/e] 1.76/2.12/1.37/0.48  emits 0.39  spf 66.9  z0 0.77  garr 102.0  tG 779  e2 0.08  nF 3.8  pS 0.31  ptS 0.30  fLog 0.62  pdΔ -0.1885  pkR 5.05  clip 0.10  kl +0.002
upd  172  steps  354304  sps 1348  opp symm  loss -0.046  pg -0.0181  v 0.005  ev +0.97  adv_std 0.102  tR +0.00  ent[s/d/p/e] 1.67/2.02/1.40/0.48  emits 0.36  spf 66.3  z0 0.77  garr 105.2  tG 821  e2 0.07  nF 3.8  pS 0.32  ptS 0.31  fLog 0.62  pdΔ -0.1766  pkR 4.90  clip 0.07  kl +0.002
upd  173  steps  356352  sps 1353  opp symm  loss -0.024  pg +0.0036  v 0.007  ev +0.95  adv_std 0.123  tR +0.00  ent[s/d/p/e] 1.71/2.01/1.36/0.51  emits 0.42  spf 69.8  z0 0.75  garr 108.1  tG 838  e2 0.08  nF 4.2  pS 0.34  ptS 0.32  fLog 0.62  pdΔ -0.1622  pkR 4.41  clip 0.09  kl +0.000
upd  174  steps  358400  sps 1357  opp symm  loss -0.054  pg -0.0270  v 0.008  ev +0.94  adv_std 0.123  tR +0.33  ent[s/d/p/e] 1.73/1.99/1.36/0.50  emits 0.38  spf 65.4  z0 0.76  garr 105.8  tG 840  e2 0.07  nF 4.4  pS 0.34  ptS 0.32  fLog 0.62  pdΔ -0.1551  pkR 5.83  clip 0.06  kl +0.002
upd  175  steps  360448  sps 1361  opp symm  loss -0.025  pg +0.0014  v 0.009  ev +0.94  adv_std 0.132  tR -1.00  ent[s/d/p/e] 1.61/1.88/1.41/0.52  emits 0.37  spf 66.0  z0 0.77  garr 106.5  tG 789  e2 0.07  nF 3.8  pS 0.32  ptS 0.30  fLog 0.62  pdΔ -0.1803  pkR 3.49  clip 0.06  kl +0.002
upd  176  steps  362496  sps 1366  opp symm  loss -0.033  pg -0.0058  v 0.007  ev +0.95  adv_std 0.116  tR -0.50  ent[s/d/p/e] 1.67/1.86/1.40/0.49  emits 0.40  spf 66.7  z0 0.76  garr 104.6  tG 828  e2 0.08  nF 4.3  pS 0.34  ptS 0.32  fLog 0.62  pdΔ -0.1644  pkR 4.13  clip 0.08  kl +0.003
upd  177  steps  364544  sps 1370  opp symm  loss -0.021  pg +0.0061  v 0.007  ev +0.95  adv_std 0.116  tR +0.20  ent[s/d/p/e] 1.75/1.92/1.38/0.51  emits 0.43  spf 61.9  z0 0.75  garr 108.8  tG 874  e2 0.08  nF 4.5  pS 0.34  ptS 0.32  fLog 0.60  pdΔ -0.1609  pkR 4.46  clip 0.07  kl -0.002
upd  178  steps  366592  sps 1374  opp symm  loss -0.044  pg -0.0178  v 0.006  ev +0.95  adv_std 0.113  tR +0.25  ent[s/d/p/e] 1.55/1.88/1.42/0.48  emits 0.30  spf 73.2  z0 0.79  garr 117.6  tG 928  e2 0.05  nF 3.5  pS 0.32  ptS 0.31  fLog 0.63  pdΔ -0.1788  pkR 5.04  clip 0.08  kl +0.003
upd  179  steps  368640  sps 1379  opp symm  loss -0.055  pg -0.0279  v 0.006  ev +0.95  adv_std 0.105  tR +0.00  ent[s/d/p/e] 1.45/1.85/1.42/0.52  emits 0.32  spf 72.3  z0 0.77  garr 113.1  tG 865  e2 0.06  nF 3.7  pS 0.31  ptS 0.29  fLog 0.63  pdΔ -0.1946  pkR 5.35  clip 0.08  kl +0.002
upd  180  steps  370688  sps 1383  opp symm  loss -0.020  pg +0.0064  v 0.007  ev +0.94  adv_std 0.119  tR +0.00  ent[s/d/p/e] 1.49/1.84/1.41/0.52  emits 0.36  spf 66.5  z0 0.75  garr 111.3  tG 845  e2 0.07  nF 3.9  pS 0.30  ptS 0.30  fLog 0.61  pdΔ -0.1992  pkR 6.00  clip 0.08  kl -0.001
upd  181  steps  372736  sps 1387  opp symm  loss -0.014  pg +0.0110  v 0.011  ev +0.93  adv_std 0.147  tR -0.33  ent[s/d/p/e] 1.58/1.85/1.40/0.54  emits 0.39  spf 62.3  z0 0.74  garr 107.5  tG 841  e2 0.07  nF 4.5  pS 0.32  ptS 0.31  fLog 0.61  pdΔ -0.1830  pkR 6.22  clip 0.06  kl +0.001
upd  182  steps  374784  sps 1392  opp symm  loss -0.047  pg -0.0175  v 0.004  ev +0.98  adv_std 0.085  tR +0.00  ent[s/d/p/e] 1.61/1.82/1.36/0.56  emits 0.42  spf 65.2  z0 0.73  garr 111.9  tG 923  e2 0.08  nF 5.1  pS 0.34  ptS 0.34  fLog 0.61  pdΔ -0.1576  pkR 6.75  clip 0.07  kl +0.001
upd  183  steps  376832  sps 1396  opp symm  loss +0.009  pg +0.0366  v 0.007  ev +0.96  adv_std 0.118  tR -1.00  ent[s/d/p/e] 1.69/1.82/1.41/0.55  emits 0.48  spf 61.0  z0 0.71  garr 114.5  tG 999  e2 0.10  nF 5.1  pS 0.36  ptS 0.36  fLog 0.60  pdΔ -0.1429  pkR 6.64  clip 0.05  kl +0.001
upd  184  steps  378880  sps 1400  opp symm  loss -0.010  pg +0.0188  v 0.006  ev +0.97  adv_std 0.106  tR +0.20  ent[s/d/p/e] 1.80/1.86/1.39/0.55  emits 0.57  spf 60.2  z0 0.70  garr 115.7  tG 1015  e2 0.12  nF 6.0  pS 0.36  ptS 0.37  fLog 0.60  pdΔ -0.1360  pkR 6.98  clip 0.09  kl -0.001
upd  185  steps  380928  sps 1404  opp symm  loss -0.025  pg +0.0043  v 0.005  ev +0.97  adv_std 0.107  tR +0.20  ent[s/d/p/e] 1.84/1.94/1.40/0.53  emits 0.50  spf 64.6  z0 0.72  garr 119.7  tG 1061  e2 0.10  nF 6.1  pS 0.36  ptS 0.36  fLog 0.60  pdΔ -0.1350  pkR 6.90  clip 0.06  kl -0.000