
=== [2026-06-11T08:47:07Z] v14f_binary_v1_a_p0i6_ent_coef_emit_0.03_9691c37c02 phase=a kind=probe chunk=500 env={"ORBITWARS_SHAPING_ANTI_HOARD": 0.035, "ORBITWARS_SHAPING_CAPTURE": 0.04, "ORBITWARS_SHAPING_RELEASE": 0.003, "ORBITWARS_SHAPING_RELEASE_K": 18.0, "ORBITWARS_SHAPING_PROD_SHARE_DELTA": 0.025, "ORBITWARS_SHAPING_ONE_SHIP_PENALTY": 0.025} ppo={"ent_coef_emit": 0.03, "lr_peak": 4.5e-05} ===
[reward] kaggle-aligned: terminal +1 win/+1 tie>0/-1 loss/-1 double-wipeout; is_terminal at step >= episode_steps-2; SHAPING_SCALE=0.0; v1: KEEP_HOME=0.0 FLEET_SIZE=0.0/norm20.0; v2 (expert-replay calibrated): PROD_SHARE=0.0 PLANET_SHARE=0.0 FLEET_LOG=0.0/ref500.0/floor0.3; v3 (top10-2630ep calibrated): PROD_SHARE_DELTA=0.025 EMIT_LOG=0.0 EMIT_GATED=0.0 RELEASE=0.003/K18.0 CAPTURE=0.04; ANTI_HOARD=0.035/thresh0.6; episode_steps=500 (kaggle=500, mismatch=False)
[symmetric] Frog Parade style: same params drive BOTH players, no frozen/strong/buffer opponents, zero_sum_value=True
upd    0  steps    2048  sps 37  opp symm  loss -0.043  pg -0.0219  v 0.004  ev -0.68  adv_std 0.095  tR +0.00  ent[s/d/p/e] 0.30/1.45/1.29/0.36  emits 0.22  spf 19.3  z0 0.81  garr 19.7  tG 26  e2 0.03  nF 1.6  pS 0.07  ptS 0.06  fLog 0.45  pdΔ -0.4317  pkR 5.45  clip 0.01  kl -0.000
upd    1  steps    4096  sps 74  opp symm  loss +0.032  pg +0.0597  v 0.003  ev +0.15  adv_std 0.085  tR +0.00  ent[s/d/p/e] 0.80/1.58/1.14/0.49  emits 0.36  spf 23.3  z0 0.73  garr 26.8  tG 70  e2 0.07  nF 4.1  pS 0.12  ptS 0.11  fLog 0.46  pdΔ -0.3826  pkR 6.46  clip 0.08  kl +0.003
upd    2  steps    6144  sps 110  opp symm  loss +0.036  pg +0.0666  v 0.002  ev +0.40  adv_std 0.065  tR +0.00  ent[s/d/p/e] 1.13/1.84/1.17/0.53  emits 0.38  spf 32.8  z0 0.74  garr 37.2  tG 152  e2 0.08  nF 4.9  pS 0.17  ptS 0.16  fLog 0.50  pdΔ -0.3278  pkR 5.92  clip 0.11  kl +0.004
upd    3  steps    8192  sps 144  opp symm  loss -0.010  pg +0.0216  v 0.003  ev +0.43  adv_std 0.088  tR +1.00  ent[s/d/p/e] 1.36/2.07/1.23/0.51  emits 0.33  spf 42.7  z0 0.75  garr 55.6  tG 295  e2 0.06  nF 4.1  pS 0.22  ptS 0.21  fLog 0.54  pdΔ -0.2771  pkR 5.25  clip 0.07  kl +0.003
upd    4  steps   10240  sps 179  opp symm  loss -0.052  pg -0.0187  v 0.002  ev +0.78  adv_std 0.057  tR +0.00  ent[s/d/p/e] 1.51/2.21/1.29/0.52  emits 0.28  spf 59.9  z0 0.79  garr 80.4  tG 497  e2 0.05  nF 3.1  pS 0.26  ptS 0.25  fLog 0.59  pdΔ -0.2409  pkR 4.79  clip 0.09  kl +0.002
upd    5  steps   12288  sps 212  opp symm  loss -0.072  pg -0.0358  v 0.002  ev +0.81  adv_std 0.064  tR +0.00  ent[s/d/p/e] 1.64/2.30/1.31/0.58  emits 0.36  spf 75.0  z0 0.73  garr 93.5  tG 642  e2 0.07  nF 3.2  pS 0.29  ptS 0.28  fLog 0.61  pdΔ -0.2053  pkR 4.68  clip 0.12  kl +0.005
upd    6  steps   14336  sps 244  opp symm  loss -0.021  pg +0.0137  v 0.002  ev +0.87  adv_std 0.073  tR +0.00  ent[s/d/p/e] 1.74/2.33/1.28/0.54  emits 0.33  spf 90.9  z0 0.75  garr 102.6  tG 767  e2 0.06  nF 3.4  pS 0.33  ptS 0.31  fLog 0.63  pdΔ -0.1716  pkR 4.41  clip 0.10  kl +0.003
upd    7  steps   16384  sps 276  opp symm  loss -0.034  pg +0.0004  v 0.004  ev +0.87  adv_std 0.087  tR -1.00  ent[s/d/p/e] 1.86/2.38/1.30/0.54  emits 0.33  spf 90.4  z0 0.76  garr 117.7  tG 910  e2 0.06  nF 3.0  pS 0.35  ptS 0.33  fLog 0.64  pdΔ -0.1548  pkR 4.23  clip 0.09  kl -0.001
upd    8  steps   18432  sps 308  opp symm  loss -0.008  pg +0.0277  v 0.003  ev +0.94  adv_std 0.079  tR +0.00  ent[s/d/p/e] 1.93/2.38/1.24/0.56  emits 0.38  spf 95.2  z0 0.73  garr 122.8  tG 1039  e2 0.08  nF 3.4  pS 0.37  ptS 0.35  fLog 0.64  pdΔ -0.1339  pkR 4.21  clip 0.08  kl +0.001
upd    9  steps   20480  sps 338  opp symm  loss -0.034  pg +0.0024  v 0.004  ev +0.95  adv_std 0.081  tR +0.00  ent[s/d/p/e] 1.91/2.33/1.19/0.61  emits 0.44  spf 103.2  z0 0.69  garr 121.5  tG 1101  e2 0.09  nF 3.8  pS 0.39  ptS 0.37  fLog 0.63  pdΔ -0.1110  pkR 4.21  clip 0.12  kl +0.008
upd   10  steps   22528  sps 368  opp symm  loss -0.033  pg +0.0047  v 0.004  ev +0.96  adv_std 0.086  tR +0.00  ent[s/d/p/e] 2.03/2.41/1.22/0.63  emits 0.57  spf 93.7  z0 0.64  garr 105.5  tG 1028  e2 0.12  nF 5.4  pS 0.42  ptS 0.40  fLog 0.62  pdΔ -0.0817  pkR 4.91  clip 0.17  kl +0.008
upd   11  steps   24576  sps 397  opp symm  loss -0.051  pg -0.0161  v 0.010  ev +0.91  adv_std 0.141  tR +1.00  ent[s/d/p/e] 2.07/2.41/1.13/0.66  emits 0.78  spf 86.9  z0 0.57  garr 87.8  tG 897  e2 0.18  nF 7.2  pS 0.44  ptS 0.42  fLog 0.60  pdΔ -0.0587  pkR 5.47  clip 0.18  kl +0.010
upd   12  steps   26624  sps 426  opp symm  loss -0.088  pg -0.0533  v 0.010  ev +0.91  adv_std 0.138  tR -1.00  ent[s/d/p/e] 2.17/2.46/1.08/0.65  emits 0.88  spf 66.5  z0 0.56  garr 67.5  tG 706  e2 0.20  nF 9.0  pS 0.45  ptS 0.44  fLog 0.57  pdΔ -0.0451  pkR 5.21  clip 0.14  kl +0.001
upd   13  steps   28672  sps 454  opp symm  loss -0.050  pg -0.0192  v 0.017  ev +0.84  adv_std 0.177  tR +0.00  ent[s/d/p/e] 2.13/2.43/1.05/0.64  emits 0.82  spf 57.7  z0 0.56  garr 65.6  tG 685  e2 0.19  nF 9.9  pS 0.45  ptS 0.44  fLog 0.56  pdΔ -0.0472  pkR 5.77  clip 0.18  kl +0.003
upd   14  steps   30720  sps 481  opp symm  loss -0.016  pg +0.0190  v 0.008  ev +0.92  adv_std 0.123  tR -1.00  ent[s/d/p/e] 2.16/2.44/0.98/0.64  emits 0.92  spf 62.2  z0 0.53  garr 60.2  tG 613  e2 0.22  nF 10.2  pS 0.45  ptS 0.44  fLog 0.56  pdΔ -0.0492  pkR 4.13  clip 0.19  kl +0.006
upd   15  steps   32768  sps 508  opp symm  loss -0.031  pg -0.0940  v 0.197  ev -0.70  adv_std 0.670  tR -0.02  ent[s/d/p/e] 1.92/2.31/1.03/0.54  emits 0.73  spf 47.1  z0 0.64  garr 38.1  tG 335  e2 0.16  nF 7.5  pS 0.29  ptS 0.28  fLog 0.52  pdΔ -0.2111  pkR 6.44  clip 0.15  kl +0.009
upd   16  steps   34816  sps 535  opp symm  loss -0.002  pg +0.0230  v 0.002  ev +0.11  adv_std 0.071  tR +0.00  ent[s/d/p/e] 0.72/1.40/1.08/0.44  emits 0.44  spf 20.3  z0 0.69  garr 18.0  tG 56  e2 0.09  nF 4.4  pS 0.10  ptS 0.10  fLog 0.43  pdΔ -0.3983  pkR 28.43  clip 0.15  kl +0.005
upd   17  steps   36864  sps 561  opp symm  loss -0.095  pg -0.0671  v 0.006  ev +0.31  adv_std 0.110  tR +0.00  ent[s/d/p/e] 1.05/1.62/1.00/0.54  emits 0.66  spf 20.7  z0 0.63  garr 18.5  tG 68  e2 0.15  nF 7.5  pS 0.14  ptS 0.14  fLog 0.43  pdΔ -0.3554  pkR 13.29  clip 0.16  kl +0.007
upd   18  steps   38912  sps 586  opp symm  loss -0.019  pg +0.0129  v 0.003  ev +0.52  adv_std 0.072  tR +1.00  ent[s/d/p/e] 1.40/1.92/1.10/0.57  emits 0.76  spf 22.7  z0 0.60  garr 20.9  tG 106  e2 0.18  nF 10.3  pS 0.20  ptS 0.20  fLog 0.45  pdΔ -0.3019  pkR 5.90  clip 0.27  kl +0.012
upd   19  steps   40960  sps 611  opp symm  loss -0.008  pg +0.0235  v 0.006  ev +0.39  adv_std 0.104  tR +0.33  ent[s/d/p/e] 1.56/2.03/0.98/0.58  emits 0.93  spf 24.0  z0 0.55  garr 21.7  tG 135  e2 0.22  nF 12.3  pS 0.23  ptS 0.23  fLog 0.44  pdΔ -0.2705  pkR 6.05  clip 0.15  kl +0.005
upd   20  steps   43008  sps 635  opp symm  loss +0.012  pg +0.0458  v 0.002  ev +0.50  adv_std 0.059  tR -1.00  ent[s/d/p/e] 1.66/2.12/0.98/0.59  emits 0.98  spf 24.5  z0 0.56  garr 22.5  tG 149  e2 0.22  nF 14.5  pS 0.26  ptS 0.25  fLog 0.45  pdΔ -0.2446  pkR 5.75  clip 0.19  kl +0.011
upd   21  steps   45056  sps 659  opp symm  loss -0.067  pg -0.0337  v 0.006  ev +0.45  adv_std 0.099  tR -1.00  ent[s/d/p/e] 1.78/2.20/0.99/0.60  emits 1.14  spf 26.1  z0 0.52  garr 24.6  tG 182  e2 0.26  nF 16.5  pS 0.29  ptS 0.28  fLog 0.45  pdΔ -0.2097  pkR 5.65  clip 0.23  kl +0.007
upd   22  steps   47104  sps 683  opp symm  loss +0.006  pg +0.0405  v 0.004  ev +0.51  adv_std 0.079  tR -1.00  ent[s/d/p/e] 1.87/2.25/0.95/0.60  emits 1.15  spf 26.5  z0 0.52  garr 26.1  tG 209  e2 0.26  nF 18.2  pS 0.32  ptS 0.32  fLog 0.45  pdΔ -0.1770  pkR 7.15  clip 0.21  kl +0.007
upd   23  steps   49152  sps 706  opp symm  loss -0.021  pg +0.0123  v 0.004  ev +0.66  adv_std 0.086  tR +0.33  ent[s/d/p/e] 1.91/2.29/0.90/0.60  emits 1.23  spf 27.2  z0 0.50  garr 26.9  tG 227  e2 0.28  nF 19.2  pS 0.34  ptS 0.33  fLog 0.46  pdΔ -0.1592  pkR 9.74  clip 0.19  kl +0.004
upd   24  steps   51200  sps 728  opp symm  loss +0.018  pg +0.0512  v 0.005  ev +0.53  adv_std 0.091  tR +1.00  ent[s/d/p/e] 1.92/2.31/0.94/0.58  emits 1.37  spf 27.3  z0 0.48  garr 24.9  tG 201  e2 0.30  nF 19.6  pS 0.34  ptS 0.33  fLog 0.46  pdΔ -0.1620  pkR 6.85  clip 0.31  kl +0.010
upd   25  steps   53248  sps 751  opp symm  loss -0.075  pg -0.0446  v 0.009  ev +0.55  adv_std 0.113  tR -1.00  ent[s/d/p/e] 2.03/2.37/0.91/0.55  emits 1.50  spf 25.1  z0 0.48  garr 22.8  tG 200  e2 0.31  nF 22.0  pS 0.35  ptS 0.35  fLog 0.44  pdΔ -0.1494  pkR 7.43  clip 0.23  kl +0.009
upd   26  steps   55296  sps 772  opp symm  loss -0.021  pg +0.0070  v 0.011  ev +0.50  adv_std 0.143  tR +0.33  ent[s/d/p/e] 1.96/2.30/0.88/0.53  emits 1.59  spf 23.1  z0 0.47  garr 23.8  tG 242  e2 0.34  nF 25.9  pS 0.37  ptS 0.37  fLog 0.43  pdΔ -0.1284  pkR 12.78  clip 0.19  kl +0.010
upd   27  steps   57344  sps 794  opp symm  loss +0.063  pg +0.0924  v 0.008  ev +0.47  adv_std 0.105  tR +1.00  ent[s/d/p/e] 1.93/2.31/0.90/0.52  emits 1.54  spf 20.9  z0 0.48  garr 22.5  tG 217  e2 0.32  nF 24.1  pS 0.34  ptS 0.33  fLog 0.42  pdΔ -0.1649  pkR 18.81  clip 0.26  kl +0.016
upd   28  steps   59392  sps 815  opp symm  loss +0.038  pg +0.0663  v 0.011  ev +0.48  adv_std 0.130  tR +0.20  ent[s/d/p/e] 1.95/2.33/0.91/0.51  emits 1.66  spf 19.4  z0 0.46  garr 19.0  tG 148  e2 0.33  nF 25.5  pS 0.32  ptS 0.31  fLog 0.41  pdΔ -0.1818  pkR 11.92  clip 0.25  kl +0.008
upd   29  steps   61440  sps 835  opp symm  loss -0.002  pg +0.0263  v 0.012  ev +0.24  adv_std 0.141  tR -0.60  ent[s/d/p/e] 1.89/2.29/0.93/0.53  emits 1.65  spf 19.2  z0 0.45  garr 17.8  tG 124  e2 0.33  nF 26.2  pS 0.32  ptS 0.31  fLog 0.42  pdΔ -0.1814  pkR 4.88  clip 0.26  kl +0.009
upd   30  steps   63488  sps 856  opp symm  loss +0.066  pg +0.0964  v 0.007  ev +0.45  adv_std 0.102  tR +1.00  ent[s/d/p/e] 1.92/2.30/0.98/0.54  emits 1.56  spf 20.5  z0 0.46  garr 19.1  tG 138  e2 0.33  nF 23.8  pS 0.32  ptS 0.31  fLog 0.43  pdΔ -0.1787  pkR 4.86  clip 0.21  kl +0.005
upd   31  steps   65536  sps 876  opp symm  loss -0.064  pg -0.0433  v 0.025  ev +0.16  adv_std 0.227  tR +0.10  ent[s/d/p/e] 1.66/2.21/0.99/0.51  emits 0.68  spf 26.2  z0 0.68  garr 23.2  tG 117  e2 0.14  nF 9.6  pS 0.20  ptS 0.20  fLog 0.46  pdΔ -0.2956  pkR 7.37  clip 0.07  kl +0.000
upd   32  steps   67584  sps 895  opp symm  loss -0.041  pg -0.0074  v 0.002  ev +0.76  adv_std 0.058  tR -1.00  ent[s/d/p/e] 1.55/2.14/1.07/0.56  emits 0.59  spf 36.9  z0 0.66  garr 29.8  tG 182  e2 0.13  nF 7.8  pS 0.24  ptS 0.23  fLog 0.51  pdΔ -0.2642  pkR 7.12  clip 0.05  kl +0.001
upd   33  steps   69632  sps 915  opp symm  loss -0.008  pg +0.0249  v 0.006  ev +0.27  adv_std 0.112  tR +1.00  ent[s/d/p/e] 1.73/2.30/1.15/0.57  emits 0.75  spf 38.9  z0 0.62  garr 34.1  tG 221  e2 0.16  nF 8.0  pS 0.27  ptS 0.26  fLog 0.51  pdΔ -0.2265  pkR 6.98  clip 0.17  kl +0.004
upd   34  steps   71680  sps 934  opp symm  loss -0.015  pg +0.0208  v 0.004  ev +0.37  adv_std 0.084  tR +1.00  ent[s/d/p/e] 1.85/2.38/1.16/0.60  emits 0.84  spf 38.0  z0 0.61  garr 34.3  tG 232  e2 0.18  nF 9.1  pS 0.31  ptS 0.30  fLog 0.53  pdΔ -0.1873  pkR 4.50  clip 0.15  kl +0.005
upd   35  steps   73728  sps 952  opp symm  loss -0.068  pg -0.0335  v 0.006  ev +0.47  adv_std 0.101  tR -0.50  ent[s/d/p/e] 1.88/2.39/1.21/0.58  emits 0.68  spf 44.8  z0 0.64  garr 40.4  tG 312  e2 0.14  nF 8.0  pS 0.34  ptS 0.32  fLog 0.56  pdΔ -0.1648  pkR 3.86  clip 0.17  kl +0.005
upd   36  steps   75776  sps 971  opp symm  loss +0.005  pg +0.0420  v 0.002  ev +0.69  adv_std 0.067  tR +1.00  ent[s/d/p/e] 1.99/2.44/1.12/0.61  emits 0.81  spf 45.8  z0 0.62  garr 45.1  tG 369  e2 0.17  nF 8.4  pS 0.36  ptS 0.35  fLog 0.55  pdΔ -0.1424  pkR 4.34  clip 0.16  kl +0.004
upd   37  steps   77824  sps 989  opp symm  loss +0.011  pg +0.0463  v 0.006  ev +0.33  adv_std 0.102  tR +0.00  ent[s/d/p/e] 1.96/2.42/1.18/0.61  emits 0.89  spf 45.5  z0 0.59  garr 41.2  tG 335  e2 0.21  nF 9.3  pS 0.34  ptS 0.34  fLog 0.55  pdΔ -0.1557  pkR 5.97  clip 0.27  kl +0.007
upd   38  steps   79872  sps 1006  opp symm  loss -0.060  pg -0.0257  v 0.006  ev +0.60  adv_std 0.110  tR -0.60  ent[s/d/p/e] 1.95/2.39/1.11/0.60  emits 0.88  spf 41.3  z0 0.59  garr 39.2  tG 334  e2 0.20  nF 10.2  pS 0.35  ptS 0.34  fLog 0.54  pdΔ -0.1511  pkR 6.62  clip 0.22  kl +0.003
upd   39  steps   81920  sps 1024  opp symm  loss -0.019  pg +0.0142  v 0.007  ev +0.59  adv_std 0.116  tR -0.20  ent[s/d/p/e] 1.88/2.29/1.10/0.58  emits 1.01  spf 38.4  z0 0.56  garr 34.5  tG 325  e2 0.22  nF 10.8  pS 0.34  ptS 0.33  fLog 0.51  pdΔ -0.1597  pkR 8.72  clip 0.09  kl +0.003
upd   40  steps   83968  sps 1041  opp symm  loss -0.031  pg +0.0045  v 0.003  ev +0.84  adv_std 0.072  tR +1.00  ent[s/d/p/e] 1.86/2.30/1.07/0.59  emits 0.97  spf 34.3  z0 0.58  garr 31.5  tG 267  e2 0.22  nF 11.5  pS 0.32  ptS 0.31  fLog 0.51  pdΔ -0.1809  pkR 11.39  clip 0.13  kl +0.000
upd   41  steps   86016  sps 1058  opp symm  loss -0.139  pg -0.1056  v 0.006  ev +0.84  adv_std 0.108  tR -0.43  ent[s/d/p/e] 1.82/2.30/1.13/0.57  emits 0.80  spf 38.7  z0 0.64  garr 34.4  tG 306  e2 0.17  nF 9.4  pS 0.31  ptS 0.30  fLog 0.53  pdΔ -0.1875  pkR 13.09  clip 0.10  kl +0.003
upd   42  steps   88064  sps 1074  opp symm  loss -0.068  pg -0.0344  v 0.006  ev +0.86  adv_std 0.106  tR -0.25  ent[s/d/p/e] 1.85/2.38/1.19/0.57  emits 0.74  spf 40.6  z0 0.65  garr 38.0  tG 288  e2 0.17  nF 8.2  pS 0.30  ptS 0.29  fLog 0.54  pdΔ -0.1985  pkR 13.25  clip 0.11  kl +0.007
upd   43  steps   90112  sps 1091  opp symm  loss -0.034  pg -0.0000  v 0.005  ev +0.89  adv_std 0.096  tR -0.60  ent[s/d/p/e] 1.81/2.32/1.10/0.57  emits 0.91  spf 35.0  z0 0.59  garr 32.9  tG 229  e2 0.20  nF 9.0  pS 0.30  ptS 0.28  fLog 0.52  pdΔ -0.2045  pkR 5.26  clip 0.19  kl +0.006
upd   44  steps   92160  sps 1107  opp symm  loss -0.031  pg +0.0037  v 0.004  ev +0.92  adv_std 0.080  tR -0.20  ent[s/d/p/e] 1.80/2.28/1.15/0.58  emits 0.81  spf 35.7  z0 0.60  garr 33.6  tG 235  e2 0.19  nF 8.5  pS 0.29  ptS 0.28  fLog 0.52  pdΔ -0.2096  pkR 6.06  clip 0.10  kl +0.002
upd   45  steps   94208  sps 1123  opp symm  loss +0.006  pg +0.0403  v 0.003  ev +0.92  adv_std 0.072  tR +0.00  ent[s/d/p/e] 1.80/2.27/1.15/0.56  emits 0.92  spf 36.5  z0 0.58  garr 30.1  tG 221  e2 0.20  nF 8.9  pS 0.28  ptS 0.28  fLog 0.52  pdΔ -0.2152  pkR 8.05  clip 0.15  kl +0.003
upd   46  steps   96256  sps 1138  opp symm  loss -0.046  pg -0.0193  v 0.019  ev +0.70  adv_std 0.197  tR -0.06  ent[s/d/p/e] 1.81/2.31/1.16/0.55  emits 0.79  spf 38.5  z0 0.64  garr 33.6  tG 235  e2 0.17  nF 8.4  pS 0.28  ptS 0.27  fLog 0.52  pdΔ -0.2226  pkR 6.59  clip 0.14  kl +0.002
upd   47  steps   98304  sps 1153  opp symm  loss -0.014  pg +0.0201  v 0.003  ev +0.93  adv_std 0.067  tR +1.00  ent[s/d/p/e] 1.59/2.20/1.24/0.54  emits 0.60  spf 43.2  z0 0.68  garr 39.1  tG 213  e2 0.13  nF 5.8  pS 0.22  ptS 0.22  fLog 0.54  pdΔ -0.2754  pkR 6.67  clip 0.10  kl +0.002
upd   48  steps  100352  sps 1169  opp symm  loss +0.020  pg +0.0542  v 0.003  ev +0.93  adv_std 0.076  tR -1.00  ent[s/d/p/e] 1.65/2.22/1.19/0.57  emits 0.70  spf 41.5  z0 0.65  garr 43.4  tG 257  e2 0.16  nF 6.4  pS 0.25  ptS 0.24  fLog 0.53  pdΔ -0.2539  pkR 7.56  clip 0.09  kl +0.004
upd   49  steps  102400  sps 1183  opp symm  loss -0.068  pg -0.0323  v 0.003  ev +0.95  adv_std 0.075  tR -0.50  ent[s/d/p/e] 1.68/2.25/1.23/0.58  emits 0.70  spf 39.9  z0 0.65  garr 42.5  tG 261  e2 0.17  nF 7.6  pS 0.27  ptS 0.26  fLog 0.53  pdΔ -0.2303  pkR 7.22  clip 0.09  kl +0.002
upd   50  steps  104448  sps 1198  opp symm  loss +0.004  pg +0.0396  v 0.003  ev +0.95  adv_std 0.080  tR -0.50  ent[s/d/p/e] 1.83/2.34/1.27/0.58  emits 0.80  spf 40.5  z0 0.64  garr 43.7  tG 279  e2 0.18  nF 8.4  pS 0.29  ptS 0.28  fLog 0.53  pdΔ -0.2122  pkR 5.93  clip 0.16  kl +0.006
upd   51  steps  106496  sps 1213  opp symm  loss -0.001  pg +0.0339  v 0.004  ev +0.94  adv_std 0.089  tR -0.33  ent[s/d/p/e] 1.86/2.30/1.18/0.59  emits 0.97  spf 37.6  z0 0.57  garr 37.3  tG 265  e2 0.21  nF 9.7  pS 0.30  ptS 0.30  fLog 0.52  pdΔ -0.2001  pkR 5.63  clip 0.13  kl +0.005
upd   52  steps  108544  sps 1227  opp symm  loss +0.014  pg +0.0489  v 0.005  ev +0.93  adv_std 0.103  tR -0.60  ent[s/d/p/e] 1.87/2.33/1.20/0.60  emits 1.03  spf 37.3  z0 0.56  garr 37.6  tG 267  e2 0.23  nF 11.1  pS 0.32  ptS 0.31  fLog 0.52  pdΔ -0.1847  pkR 4.73  clip 0.12  kl +0.004
upd   53  steps  110592  sps 1241  opp symm  loss -0.014  pg +0.0218  v 0.004  ev +0.94  adv_std 0.087  tR -0.50  ent[s/d/p/e] 1.90/2.35/1.18/0.58  emits 1.08  spf 35.1  z0 0.54  garr 38.2  tG 304  e2 0.24  nF 12.5  pS 0.36  ptS 0.35  fLog 0.52  pdΔ -0.1435  pkR 7.59  clip 0.11  kl +0.004
upd   54  steps  112640  sps 1255  opp symm  loss -0.028  pg +0.0047  v 0.008  ev +0.89  adv_std 0.126  tR +1.00  ent[s/d/p/e] 1.94/2.37/1.13/0.58  emits 1.28  spf 32.2  z0 0.51  garr 37.5  tG 314  e2 0.28  nF 14.2  pS 0.37  ptS 0.36  fLog 0.49  pdΔ -0.1285  pkR 9.89  clip 0.14  kl +0.004
upd   55  steps  114688  sps 1268  opp symm  loss -0.018  pg +0.0173  v 0.005  ev +0.94  adv_std 0.090  tR -1.00  ent[s/d/p/e] 1.95/2.37/1.12/0.58  emits 1.28  spf 31.2  z0 0.51  garr 38.2  tG 326  e2 0.27  nF 15.8  pS 0.38  ptS 0.37  fLog 0.49  pdΔ -0.1178  pkR 10.32  clip 0.15  kl +0.003
upd   56  steps  116736  sps 1282  opp symm  loss +0.007  pg +0.0425  v 0.005  ev +0.92  adv_std 0.098  tR +0.50  ent[s/d/p/e] 1.96/2.40/1.15/0.59  emits 1.20  spf 32.4  z0 0.54  garr 40.8  tG 343  e2 0.26  nF 15.2  pS 0.38  ptS 0.37  fLog 0.50  pdΔ -0.1227  pkR 10.60  clip 0.15  kl +0.003
upd   57  steps  118784  sps 1295  opp symm  loss -0.067  pg -0.0339  v 0.009  ev +0.88  adv_std 0.132  tR +0.75  ent[s/d/p/e] 1.88/2.36/1.22/0.58  emits 1.01  spf 36.1  z0 0.57  garr 38.6  tG 334  e2 0.23  nF 12.8  pS 0.35  ptS 0.34  fLog 0.51  pdΔ -0.1501  pkR 11.31  clip 0.09  kl +0.002
upd   58  steps  120832  sps 1308  opp symm  loss -0.034  pg +0.0004  v 0.006  ev +0.89  adv_std 0.106  tR +0.14  ent[s/d/p/e] 1.83/2.37/1.28/0.58  emits 0.90  spf 34.2  z0 0.61  garr 35.3  tG 244  e2 0.20  nF 9.9  pS 0.30  ptS 0.29  fLog 0.52  pdΔ -0.1992  pkR 11.03  clip 0.14  kl +0.004
upd   59  steps  122880  sps 1321  opp symm  loss -0.069  pg -0.0354  v 0.007  ev +0.88  adv_std 0.118  tR +0.25  ent[s/d/p/e] 1.83/2.34/1.25/0.58  emits 0.96  spf 33.0  z0 0.60  garr 33.6  tG 236  e2 0.21  nF 10.4  pS 0.30  ptS 0.29  fLog 0.52  pdΔ -0.1961  pkR 15.49  clip 0.10  kl +0.001
upd   60  steps  124928  sps 1334  opp symm  loss +0.014  pg +0.0493  v 0.004  ev +0.93  adv_std 0.086  tR -0.33  ent[s/d/p/e] 1.78/2.31/1.27/0.58  emits 0.89  spf 34.8  z0 0.60  garr 33.1  tG 224  e2 0.21  nF 9.5  pS 0.30  ptS 0.29  fLog 0.53  pdΔ -0.2026  pkR 5.22  clip 0.13  kl +0.007
upd   61  steps  126976  sps 1346  opp symm  loss -0.003  pg +0.0338  v 0.002  ev +0.96  adv_std 0.061  tR -1.00  ent[s/d/p/e] 1.77/2.31/1.32/0.59  emits 0.98  spf 35.1  z0 0.58  garr 34.7  tG 230  e2 0.22  nF 10.2  pS 0.30  ptS 0.29  fLog 0.52  pdΔ -0.1970  pkR 4.09  clip 0.11  kl +0.006
upd   62  steps  129024  sps 1359  opp symm  loss -0.047  pg -0.0122  v 0.004  ev +0.91  adv_std 0.095  tR -0.09  ent[s/d/p/e] 1.72/2.32/1.33/0.58  emits 0.83  spf 35.7  z0 0.62  garr 35.2  tG 218  e2 0.18  nF 8.4  pS 0.27  ptS 0.26  fLog 0.53  pdΔ -0.2288  pkR 4.54  clip 0.09  kl +0.002
upd   63  steps  131072  sps 1371  opp symm  loss -0.081  pg -0.0454  v 0.004  ev +0.92  adv_std 0.085  tR +0.50  ent[s/d/p/e] 1.66/2.28/1.34/0.58  emits 0.71  spf 39.5  z0 0.64  garr 37.4  tG 226  e2 0.16  nF 7.5  pS 0.26  ptS 0.25  fLog 0.54  pdΔ -0.2415  pkR 5.20  clip 0.12  kl +0.006
upd   64  steps  133120  sps 1383  opp symm  loss -0.008  pg +0.0272  v 0.004  ev +0.94  adv_std 0.091  tR -0.50  ent[s/d/p/e] 1.75/2.33/1.32/0.58  emits 0.85  spf 36.3  z0 0.62  garr 34.1  tG 214  e2 0.19  nF 8.7  pS 0.27  ptS 0.26  fLog 0.53  pdΔ -0.2277  pkR 4.79  clip 0.07  kl +0.001
upd   65  steps  135168  sps 1395  opp symm  loss -0.037  pg -0.0014  v 0.004  ev +0.92  adv_std 0.091  tR -0.33  ent[s/d/p/e] 1.71/2.35/1.33/0.59  emits 0.94  spf 36.0  z0 0.58  garr 34.1  tG 213  e2 0.19  nF 9.4  pS 0.29  ptS 0.28  fLog 0.54  pdΔ -0.2110  pkR 4.42  clip 0.14  kl +0.003
upd   66  steps  137216  sps 1407  opp symm  loss -0.044  pg -0.0076  v 0.003  ev +0.95  adv_std 0.079  tR -1.00  ent[s/d/p/e] 1.77/2.35/1.33/0.59  emits 0.87  spf 35.6  z0 0.57  garr 34.2  tG 245  e2 0.19  nF 10.1  pS 0.32  ptS 0.31  fLog 0.54  pdΔ -0.1847  pkR 10.31  clip 0.18  kl +0.006
upd   67  steps  139264  sps 1418  opp symm  loss -0.045  pg -0.0082  v 0.003  ev +0.96  adv_std 0.074  tR +0.00  ent[s/d/p/e] 1.83/2.38/1.32/0.59  emits 0.96  spf 35.7  z0 0.57  garr 36.0  tG 284  e2 0.21  nF 9.9  pS 0.33  ptS 0.32  fLog 0.54  pdΔ -0.1699  pkR 14.38  clip 0.26  kl +0.014
upd   68  steps  141312  sps 1430  opp symm  loss -0.034  pg +0.0029  v 0.003  ev +0.95  adv_std 0.072  tR +0.20  ent[s/d/p/e] 1.81/2.37/1.32/0.59  emits 0.75  spf 38.7  z0 0.63  garr 36.7  tG 259  e2 0.17  nF 8.6  pS 0.31  ptS 0.30  fLog 0.55  pdΔ -0.1890  pkR 4.81  clip 0.09  kl +0.003
upd   69  steps  143360  sps 1441  opp symm  loss -0.026  pg +0.0096  v 0.004  ev +0.93  adv_std 0.092  tR +0.00  ent[s/d/p/e] 1.73/2.36/1.42/0.58  emits 0.64  spf 45.7  z0 0.66  garr 43.5  tG 314  e2 0.14  nF 6.8  pS 0.30  ptS 0.29  fLog 0.57  pdΔ -0.1967  pkR 6.55  clip 0.15  kl +0.005
upd   70  steps  145408  sps 1452  opp symm  loss -0.017  pg +0.0194  v 0.004  ev +0.94  adv_std 0.089  tR -0.33  ent[s/d/p/e] 1.72/2.31/1.40/0.60  emits 0.73  spf 43.9  z0 0.62  garr 40.6  tG 284  e2 0.16  nF 6.9  pS 0.30  ptS 0.28  fLog 0.56  pdΔ -0.2046  pkR 5.15  clip 0.12  kl +0.006
upd   71  steps  147456  sps 1463  opp symm  loss -0.027  pg +0.0101  v 0.003  ev +0.96  adv_std 0.071  tR -0.20  ent[s/d/p/e] 1.72/2.35/1.36/0.59  emits 0.72  spf 44.4  z0 0.63  garr 42.8  tG 300  e2 0.16  nF 7.6  pS 0.30  ptS 0.29  fLog 0.57  pdΔ -0.1963  pkR 5.17  clip 0.09  kl +0.001
upd   72  steps  149504  sps 1474  opp symm  loss -0.039  pg -0.0031  v 0.005  ev +0.92  adv_std 0.094  tR +0.33  ent[s/d/p/e] 1.80/2.39/1.35/0.57  emits 0.80  spf 43.1  z0 0.61  garr 42.9  tG 300  e2 0.18  nF 7.8  pS 0.31  ptS 0.30  fLog 0.55  pdΔ -0.1941  pkR 5.72  clip 0.10  kl +0.005
upd   73  steps  151552  sps 1485  opp symm  loss -0.014  pg +0.0195  v 0.009  ev +0.86  adv_std 0.128  tR -0.50  ent[s/d/p/e] 1.86/2.40/1.33/0.57  emits 0.78  spf 39.7  z0 0.64  garr 42.8  tG 291  e2 0.16  nF 8.3  pS 0.30  ptS 0.29  fLog 0.54  pdΔ -0.2003  pkR 6.37  clip 0.12  kl +0.008
upd   74  steps  153600  sps 1495  opp symm  loss -0.028  pg +0.0084  v 0.004  ev +0.91  adv_std 0.089  tR +1.00  ent[s/d/p/e] 1.84/2.42/1.33/0.58  emits 0.74  spf 40.1  z0 0.65  garr 48.9  tG 320  e2 0.16  nF 8.6  pS 0.31  ptS 0.30  fLog 0.54  pdΔ -0.1941  pkR 5.32  clip 0.13  kl +0.002
upd   75  steps  155648  sps 1506  opp symm  loss -0.033  pg +0.0011  v 0.009  ev +0.84  adv_std 0.132  tR +0.14  ent[s/d/p/e] 1.84/2.43/1.39/0.57  emits 0.66  spf 44.6  z0 0.65  garr 51.4  tG 346  e2 0.14  nF 6.8  pS 0.30  ptS 0.29  fLog 0.56  pdΔ -0.2044  pkR 4.98  clip 0.18  kl +0.010
upd   76  steps  157696  sps 1516  opp symm  loss -0.026  pg +0.0089  v 0.005  ev +0.90  adv_std 0.096  tR +1.00  ent[s/d/p/e] 1.71/2.36/1.39/0.55  emits 0.57  spf 47.5  z0 0.68  garr 52.8  tG 360  e2 0.13  nF 5.8  pS 0.29  ptS 0.29  fLog 0.56  pdΔ -0.2078  pkR 5.46  clip 0.17  kl +0.003
upd   77  steps  159744  sps 1526  opp symm  loss -0.044  pg -0.0115  v 0.011  ev +0.85  adv_std 0.147  tR +0.40  ent[s/d/p/e] 1.73/2.31/1.39/0.59  emits 0.63  spf 48.7  z0 0.65  garr 53.9  tG 382  e2 0.14  nF 6.3  pS 0.30  ptS 0.29  fLog 0.57  pdΔ -0.2006  pkR 6.03  clip 0.09  kl +0.001
upd   78  steps  161792  sps 1536  opp symm  loss -0.009  pg +0.0257  v 0.005  ev +0.91  adv_std 0.104  tR +0.00  ent[s/d/p/e] 1.59/2.23/1.43/0.58  emits 0.54  spf 52.4  z0 0.67  garr 55.4  tG 383  e2 0.11  nF 5.7  pS 0.28  ptS 0.27  fLog 0.57  pdΔ -0.2201  pkR 5.00  clip 0.09  kl +0.001
upd   79  steps  163840  sps 1546  opp symm  loss -0.031  pg +0.0056  v 0.003  ev +0.95  adv_std 0.080  tR +0.33  ent[s/d/p/e] 1.66/2.28/1.44/0.61  emits 0.59  spf 52.1  z0 0.65  garr 57.1  tG 399  e2 0.13  nF 5.5  pS 0.31  ptS 0.30  fLog 0.58  pdΔ -0.1930  pkR 3.96  clip 0.10  kl +0.004
upd   80  steps  165888  sps 1556  opp symm  loss -0.007  pg +0.0272  v 0.009  ev +0.85  adv_std 0.134  tR +0.00  ent[s/d/p/e] 1.71/2.26/1.48/0.60  emits 0.59  spf 52.6  z0 0.64  garr 59.0  tG 422  e2 0.14  nF 5.5  pS 0.31  ptS 0.31  fLog 0.58  pdΔ -0.1866  pkR 3.56  clip 0.08  kl +0.004
upd   81  steps  167936  sps 1565  opp symm  loss -0.029  pg +0.0092  v 0.002  ev +0.96  adv_std 0.070  tR +0.00  ent[s/d/p/e] 1.79/2.36/1.45/0.62  emits 0.62  spf 56.5  z0 0.65  garr 58.9  tG 428  e2 0.14  nF 6.2  pS 0.32  ptS 0.32  fLog 0.60  pdΔ -0.1772  pkR 3.66  clip 0.12  kl +0.004
upd   82  steps  169984  sps 1575  opp symm  loss -0.049  pg -0.0107  v 0.002  ev +0.95  adv_std 0.070  tR +0.00  ent[s/d/p/e] 1.83/2.38/1.40/0.62  emits 0.61  spf 58.0  z0 0.64  garr 62.1  tG 477  e2 0.14  nF 6.1  pS 0.34  ptS 0.34  fLog 0.60  pdΔ -0.1593  pkR 3.87  clip 0.10  kl +0.005
upd   83  steps  172032  sps 1585  opp symm  loss -0.033  pg +0.0012  v 0.010  ev +0.86  adv_std 0.139  tR -0.75  ent[s/d/p/e] 1.96/2.42/1.37/0.60  emits 0.66  spf 59.0  z0 0.63  garr 64.3  tG 511  e2 0.14  nF 6.7  pS 0.36  ptS 0.36  fLog 0.60  pdΔ -0.1449  pkR 4.19  clip 0.09  kl +0.005
upd   84  steps  174080  sps 1594  opp symm  loss -0.061  pg -0.0238  v 0.005  ev +0.92  adv_std 0.097  tR +0.20  ent[s/d/p/e] 2.00/2.44/1.35/0.60  emits 0.60  spf 58.2  z0 0.66  garr 67.7  tG 536  e2 0.13  nF 6.2  pS 0.35  ptS 0.35  fLog 0.60  pdΔ -0.1497  pkR 5.70  clip 0.09  kl +0.003
upd   85  steps  176128  sps 1603  opp symm  loss -0.050  pg -0.0122  v 0.003  ev +0.95  adv_std 0.082  tR +1.00  ent[s/d/p/e] 1.97/2.45/1.36/0.60  emits 0.73  spf 58.2  z0 0.63  garr 68.9  tG 512  e2 0.16  nF 7.1  pS 0.35  ptS 0.34  fLog 0.59  pdΔ -0.1542  pkR 5.13  clip 0.07  kl +0.001
upd   86  steps  178176  sps 1612  opp symm  loss -0.059  pg -0.0221  v 0.005  ev +0.91  adv_std 0.097  tR -0.20  ent[s/d/p/e] 1.96/2.41/1.38/0.61  emits 0.75  spf 54.5  z0 0.60  garr 64.0  tG 512  e2 0.18  nF 7.4  pS 0.35  ptS 0.35  fLog 0.58  pdΔ -0.1456  pkR 4.87  clip 0.11  kl +0.007
upd   87  steps  180224  sps 1621  opp symm  loss -0.029  pg +0.0078  v 0.006  ev +0.90  adv_std 0.109  tR +0.20  ent[s/d/p/e] 1.94/2.36/1.38/0.62  emits 0.81  spf 49.9  z0 0.59  garr 53.0  tG 425  e2 0.19  nF 8.5  pS 0.35  ptS 0.35  fLog 0.58  pdΔ -0.1465  pkR 4.70  clip 0.12  kl +0.003
upd   88  steps  182272  sps 1630  opp symm  loss -0.023  pg +0.0142  v 0.004  ev +0.93  adv_std 0.085  tR -0.60  ent[s/d/p/e] 2.01/2.38/1.31/0.61  emits 0.80  spf 48.0  z0 0.61  garr 54.8  tG 440  e2 0.17  nF 8.4  pS 0.37  ptS 0.36  fLog 0.57  pdΔ -0.1339  pkR 4.62  clip 0.13  kl +0.006
upd   89  steps  184320  sps 1639  opp symm  loss -0.027  pg +0.0105  v 0.004  ev +0.93  adv_std 0.090  tR +0.60  ent[s/d/p/e] 1.96/2.38/1.32/0.61  emits 0.81  spf 50.2  z0 0.59  garr 52.7  tG 440  e2 0.17  nF 8.4  pS 0.36  ptS 0.36  fLog 0.58  pdΔ -0.1374  pkR 4.87  clip 0.14  kl +0.008
upd   90  steps  186368  sps 1648  opp symm  loss -0.066  pg -0.0290  v 0.003  ev +0.93  adv_std 0.079  tR +0.20  ent[s/d/p/e] 1.89/2.39/1.40/0.59  emits 0.63  spf 55.6  z0 0.65  garr 53.2  tG 420  e2 0.13  nF 6.8  pS 0.33  ptS 0.32  fLog 0.60  pdΔ -0.1710  pkR 4.87  clip 0.09  kl +0.003
upd   91  steps  188416  sps 1656  opp symm  loss -0.038  pg -0.0018  v 0.005  ev +0.92  adv_std 0.099  tR +0.00  ent[s/d/p/e] 1.80/2.31/1.41/0.61  emits 0.66  spf 57.5  z0 0.63  garr 51.8  tG 422  e2 0.15  nF 6.0  pS 0.34  ptS 0.33  fLog 0.60  pdΔ -0.1592  pkR 5.24  clip 0.08  kl +0.002
upd   92  steps  190464  sps 1665  opp symm  loss -0.054  pg -0.0178  v 0.006  ev +0.94  adv_std 0.106  tR +1.00  ent[s/d/p/e] 1.86/2.34/1.40/0.60  emits 0.71  spf 55.6  z0 0.62  garr 54.9  tG 457  e2 0.16  nF 6.4  pS 0.35  ptS 0.34  fLog 0.59  pdΔ -0.1517  pkR 4.63  clip 0.10  kl +0.003
upd   93  steps  192512  sps 1673  opp symm  loss -0.067  pg -0.0308  v 0.005  ev +0.95  adv_std 0.097  tR +0.50  ent[s/d/p/e] 1.76/2.34/1.47/0.59  emits 0.60  spf 54.2  z0 0.65  garr 51.5  tG 401  e2 0.13  nF 6.1  pS 0.33  ptS 0.32  fLog 0.59  pdΔ -0.1740  pkR 5.15  clip 0.11  kl +0.001
upd   94  steps  194560  sps 1682  opp symm  loss -0.009  pg +0.0271  v 0.003  ev +0.97  adv_std 0.075  tR +0.00  ent[s/d/p/e] 1.82/2.35/1.40/0.57  emits 0.67  spf 51.0  z0 0.64  garr 48.4  tG 382  e2 0.15  nF 6.2  pS 0.32  ptS 0.31  fLog 0.58  pdΔ -0.1767  pkR 5.81  clip 0.08  kl +0.004
upd   95  steps  196608  sps 1690  opp symm  loss -0.010  pg +0.0246  v 0.006  ev +0.94  adv_std 0.112  tR -0.14  ent[s/d/p/e] 1.79/2.32/1.42/0.57  emits 0.67  spf 52.8  z0 0.65  garr 45.5  tG 355  e2 0.15  nF 6.5  pS 0.31  ptS 0.30  fLog 0.59  pdΔ -0.1872  pkR 6.58  clip 0.08  kl +0.004
upd   96  steps  198656  sps 1698  opp symm  loss -0.030  pg +0.0029  v 0.006  ev +0.92  adv_std 0.111  tR -0.25  ent[s/d/p/e] 1.64/2.23/1.41/0.54  emits 0.51  spf 50.9  z0 0.69  garr 47.5  tG 372  e2 0.11  nF 5.6  pS 0.30  ptS 0.29  fLog 0.58  pdΔ -0.2007  pkR 7.36  clip 0.21  kl +0.005
upd   97  steps  200704  sps 1706  opp symm  loss +0.031  pg +0.0668  v 0.004  ev +0.95  adv_std 0.086  tR +0.00  ent[s/d/p/e] 1.74/2.30/1.37/0.58  emits 0.64  spf 51.1  z0 0.65  garr 48.7  tG 383  e2 0.14  nF 6.3  pS 0.33  ptS 0.31  fLog 0.58  pdΔ -0.1744  pkR 5.87  clip 0.09  kl +0.002
upd   98  steps  202752  sps 1714  opp symm  loss -0.047  pg -0.0107  v 0.003  ev +0.96  adv_std 0.081  tR +0.20  ent[s/d/p/e] 1.86/2.36/1.32/0.57  emits 0.70  spf 48.5  z0 0.64  garr 49.5  tG 378  e2 0.15  nF 7.3  pS 0.34  ptS 0.32  fLog 0.58  pdΔ -0.1612  pkR 5.00  clip 0.10  kl +0.001
[eval_vs_v20] WARN failed: v20 mini gate failed (rc=1): in
  File "<frozen runpy>", line 88, in _run_code
  File "/home/charlie/project/OrbitWarRL/orbit_wars_rl/scripts/export_submission.py", line 472, in <module>
    raise SystemExit(main())
                     ~~~~^^
  File "/home/charlie/project/OrbitWarRL/orbit_wars_rl/scripts/export_submission.py", line 362, in main
    status = run_parity(
        args.ckpt,
    ...<12 lines>...
        min_pct_bin=mask_flags["min_pct_bin"],
    )
  File "/home/charlie/project/OrbitWarRL/orbit_wars_rl/inference/test_parity.py", line 164, in run_parity
    sa = model.apply(
        params, obs, jax.random.PRNGKey(42),
    ...<3 lines>...
        deterministic=True,
    )
  File "/home/charlie/project/OrbitWarRL/orbit_wars_rl/net/model.py", line 437, in __call__
    enc = self._encode(obs)
  File "/home/charlie/project/OrbitWarRL/orbit_wars_rl/net/model.py", line 221, in _encode
    return self.encoder(
           ~~~~~~~~~~~~^
        obs.planet_feats,
        ^^^^^^^^^^^^^^^^^
    ...<3 lines>...
        obs.global_feats,
        ^^^^^^^^^^^^^^^^^
    )
    ^
  File "/home/charlie/project/OrbitWarRL/orbit_wars_rl/net/transformer.py", line 87, in __call__
    global_token = nn.Dense(self.d_model, name="global_proj")(global_feats)[:, None, :]
                   ~~~~~~~~~~~~~~~~~~~~~~~~~~~~~~~~~~~~~~~~~~^^^^^^^^^^^^^^
  File "/home/charlie/anaconda3/lib/python3.13/site-packages/flax/linen/linear.py", line 263, in __call__
    kernel = self.param(
      'kernel',
    ...<2 lines>...
      self.param_dtype,
    )
flax.errors.ScopeParamShapeError: For parameter "kernel" in "/encoder/global_proj", the given initializer is expected to generate shape (27, 256), but the existing parameter it received has shape (24, 256). (https://flax.readthedocs.io/en/latest/api_reference/flax.errors.html#flax.errors.ScopeParamShapeError)
--------------------
For simplicity, JAX has removed its internal frames from the traceback of the following exception. Set JAX_TRACEBACK_FILTERING=off to include these.

upd   99  steps  204800  sps 1722  opp symm  loss -0.026  pg +0.0095  v 0.005  ev +0.93  adv_std 0.102  tR +0.20  ent[s/d/p/e] 1.73/2.27/1.35/0.58  emits 0.69  spf 47.1  z0 0.63  garr 48.3  tG 341  e2 0.15  nF 6.8  pS 0.33  ptS 0.31  fLog 0.57  pdΔ -0.1691  pkR 3.62  clip 0.12  kl +0.002 WRr 0.16
upd  100  steps  206848  sps 1438  opp symm  loss -0.049  pg -0.0141  v 0.005  ev +0.93  adv_std 0.100  tR +0.60  ent[s/d/p/e] 1.75/2.29/1.32/0.58  emits 0.60  spf 49.0  z0 0.65  garr 53.0  tG 374  e2 0.13  nF 6.2  pS 0.33  ptS 0.31  fLog 0.57  pdΔ -0.1746  pkR 3.76  clip 0.10  kl +0.002
upd  101  steps  208896  sps 1446  opp symm  loss -0.045  pg -0.0085  v 0.004  ev +0.96  adv_std 0.086  tR +0.60  ent[s/d/p/e] 1.76/2.32/1.39/0.58  emits 0.55  spf 53.5  z0 0.67  garr 55.1  tG 415  e2 0.12  nF 5.7  pS 0.33  ptS 0.32  fLog 0.59  pdΔ -0.1721  pkR 4.15  clip 0.11  kl +0.002
upd  102  steps  210944  sps 1453  opp symm  loss -0.038  pg -0.0046  v 0.007  ev +0.92  adv_std 0.119  tR +0.43  ent[s/d/p/e] 1.73/2.28/1.40/0.57  emits 0.50  spf 56.7  z0 0.69  garr 58.4  tG 428  e2 0.11  nF 4.8  pS 0.30  ptS 0.30  fLog 0.59  pdΔ -0.1983  pkR 5.20  clip 0.11  kl -0.001
upd  103  steps  212992  sps 1461  opp symm  loss -0.016  pg +0.0196  v 0.005  ev +0.94  adv_std 0.095  tR -0.50  ent[s/d/p/e] 1.67/2.26/1.41/0.58  emits 0.53  spf 60.3  z0 0.68  garr 57.9  tG 428  e2 0.11  nF 5.1  pS 0.30  ptS 0.30  fLog 0.60  pdΔ -0.1975  pkR 5.43  clip 0.07  kl +0.002
upd  104  steps  215040  sps 1469  opp symm  loss -0.032  pg +0.0029  v 0.007  ev +0.92  adv_std 0.117  tR -0.20  ent[s/d/p/e] 1.75/2.26/1.41/0.60  emits 0.61  spf 54.9  z0 0.65  garr 53.0  tG 401  e2 0.14  nF 6.0  pS 0.32  ptS 0.31  fLog 0.59  pdΔ -0.1813  pkR 5.15  clip 0.07  kl +0.003
upd  105  steps  217088  sps 1476  opp symm  loss -0.025  pg +0.0107  v 0.006  ev +0.93  adv_std 0.111  tR -1.00  ent[s/d/p/e] 1.82/2.29/1.33/0.61  emits 0.71  spf 53.3  z0 0.62  garr 49.1  tG 377  e2 0.17  nF 6.9  pS 0.33  ptS 0.32  fLog 0.59  pdΔ -0.1655  pkR 5.31  clip 0.07  kl +0.003
upd  106  steps  219136  sps 1483  opp symm  loss -0.010  pg +0.0265  v 0.005  ev +0.95  adv_std 0.096  tR -0.33  ent[s/d/p/e] 1.89/2.35/1.34/0.61  emits 0.70  spf 49.3  z0 0.62  garr 49.2  tG 389  e2 0.16  nF 7.4  pS 0.35  ptS 0.34  fLog 0.58  pdΔ -0.1476  pkR 3.71  clip 0.10  kl +0.006
upd  107  steps  221184  sps 1491  opp symm  loss -0.040  pg -0.0038  v 0.006  ev +0.93  adv_std 0.104  tR +0.50  ent[s/d/p/e] 1.97/2.39/1.35/0.60  emits 0.68  spf 51.6  z0 0.64  garr 54.4  tG 449  e2 0.16  nF 7.5  pS 0.37  ptS 0.37  fLog 0.59  pdΔ -0.1263  pkR 3.18  clip 0.08  kl +0.001
upd  108  steps  223232  sps 1498  opp symm  loss -0.010  pg +0.0227  v 0.011  ev +0.89  adv_std 0.148  tR -0.33  ent[s/d/p/e] 2.07/2.44/1.28/0.57  emits 0.63  spf 55.6  z0 0.66  garr 61.5  tG 518  e2 0.14  nF 7.4  pS 0.38  ptS 0.38  fLog 0.60  pdΔ -0.1188  pkR 3.49  clip 0.17  kl +0.003
upd  109  steps  225280  sps 1505  opp symm  loss -0.012  pg +0.0227  v 0.007  ev +0.92  adv_std 0.115  tR +0.60  ent[s/d/p/e] 1.95/2.40/1.29/0.58  emits 0.65  spf 54.0  z0 0.64  garr 57.6  tG 487  e2 0.14  nF 6.8  pS 0.36  ptS 0.36  fLog 0.59  pdΔ -0.1407  pkR 4.78  clip 0.05  kl +0.000
upd  110  steps  227328  sps 1512  opp symm  loss -0.011  pg +0.0251  v 0.004  ev +0.95  adv_std 0.090  tR +0.50  ent[s/d/p/e] 1.95/2.39/1.32/0.58  emits 0.59  spf 55.4  z0 0.67  garr 59.1  tG 459  e2 0.13  nF 6.6  pS 0.35  ptS 0.34  fLog 0.60  pdΔ -0.1533  pkR 3.01  clip 0.09  kl +0.000
upd  111  steps  229376  sps 1519  opp symm  loss -0.027  pg +0.0085  v 0.006  ev +0.94  adv_std 0.107  tR +0.00  ent[s/d/p/e] 1.87/2.34/1.34/0.57  emits 0.53  spf 54.7  z0 0.70  garr 59.5  tG 438  e2 0.11  nF 6.1  pS 0.33  ptS 0.32  fLog 0.59  pdΔ -0.1742  pkR 3.82  clip 0.03  kl +0.001
upd  112  steps  231424  sps 1525  opp symm  loss +0.002  pg +0.0379  v 0.004  ev +0.95  adv_std 0.093  tR +0.00  ent[s/d/p/e] 1.92/2.39/1.39/0.57  emits 0.55  spf 57.4  z0 0.67  garr 64.7  tG 496  e2 0.11  nF 6.0  pS 0.34  ptS 0.33  fLog 0.60  pdΔ -0.1621  pkR 3.92  clip 0.08  kl +0.002
upd  113  steps  233472  sps 1531  opp symm  loss -0.026  pg +0.0102  v 0.004  ev +0.95  adv_std 0.095  tR +1.00  ent[s/d/p/e] 1.86/2.35/1.44/0.58  emits 0.53  spf 61.2  z0 0.68  garr 64.2  tG 500  e2 0.11  nF 5.1  pS 0.34  ptS 0.34  fLog 0.61  pdΔ -0.1557  pkR 5.09  clip 0.09  kl +0.002
upd  114  steps  235520  sps 1537  opp symm  loss -0.019  pg +0.0155  v 0.009  ev +0.91  adv_std 0.133  tR +0.50  ent[s/d/p/e] 1.88/2.35/1.42/0.59  emits 0.56  spf 56.2  z0 0.66  garr 66.7  tG 518  e2 0.11  nF 6.0  pS 0.36  ptS 0.35  fLog 0.60  pdΔ -0.1443  pkR 3.24  clip 0.11  kl +0.001
upd  115  steps  237568  sps 1544  opp symm  loss -0.030  pg +0.0044  v 0.007  ev +0.92  adv_std 0.122  tR -0.33  ent[s/d/p/e] 1.88/2.35/1.44/0.57  emits 0.52  spf 60.8  z0 0.69  garr 71.4  tG 555  e2 0.11  nF 5.6  pS 0.36  ptS 0.35  fLog 0.61  pdΔ -0.1406  pkR 3.16  clip 0.16  kl +0.005
upd  116  steps  239616  sps 1550  opp symm  loss -0.019  pg +0.0165  v 0.007  ev +0.93  adv_std 0.116  tR +0.50  ent[s/d/p/e] 1.93/2.37/1.37/0.59  emits 0.63  spf 57.9  z0 0.66  garr 72.9  tG 558  e2 0.14  nF 5.9  pS 0.36  ptS 0.35  fLog 0.60  pdΔ -0.1429  pkR 4.09  clip 0.07  kl +0.000
upd  117  steps  241664  sps 1556  opp symm  loss -0.024  pg +0.0104  v 0.009  ev +0.91  adv_std 0.131  tR +0.14  ent[s/d/p/e] 1.91/2.38/1.36/0.58  emits 0.58  spf 59.5  z0 0.68  garr 70.7  tG 534  e2 0.12  nF 6.1  pS 0.35  ptS 0.33  fLog 0.61  pdΔ -0.1549  pkR 4.04  clip 0.09  kl -0.000
upd  118  steps  243712  sps 1562  opp symm  loss +0.018  pg +0.0522  v 0.005  ev +0.93  adv_std 0.101  tR +0.67  ent[s/d/p/e] 1.71/2.31/1.43/0.54  emits 0.40  spf 62.2  z0 0.72  garr 74.0  tG 532  e2 0.07  nF 4.2  pS 0.30  ptS 0.29  fLog 0.61  pdΔ -0.1999  pkR 4.42  clip 0.04  kl -0.000
upd  119  steps  245760  sps 1568  opp symm  loss -0.021  pg +0.0139  v 0.005  ev +0.94  adv_std 0.095  tR -0.20  ent[s/d/p/e] 1.67/2.29/1.46/0.55  emits 0.37  spf 67.7  z0 0.75  garr 81.8  tG 593  e2 0.08  nF 3.5  pS 0.30  ptS 0.29  fLog 0.62  pdΔ -0.2005  pkR 4.04  clip 0.06  kl +0.001
upd  120  steps  247808  sps 1574  opp symm  loss -0.015  pg +0.0195  v 0.004  ev +0.94  adv_std 0.094  tR +0.33  ent[s/d/p/e] 1.62/2.36/1.54/0.53  emits 0.36  spf 75.0  z0 0.74  garr 87.3  tG 636  e2 0.06  nF 3.5  pS 0.31  ptS 0.30  fLog 0.64  pdΔ -0.1931  pkR 3.95  clip 0.06  kl +0.000
upd  121  steps  249856  sps 1579  opp symm  loss -0.032  pg +0.0021  v 0.006  ev +0.92  adv_std 0.108  tR +1.00  ent[s/d/p/e] 1.67/2.32/1.44/0.56  emits 0.40  spf 75.2  z0 0.72  garr 89.2  tG 669  e2 0.08  nF 3.6  pS 0.32  ptS 0.31  fLog 0.63  pdΔ -0.1822  pkR 3.96  clip 0.08  kl +0.001
upd  122  steps  251904  sps 1585  opp symm  loss -0.036  pg -0.0024  v 0.006  ev +0.93  adv_std 0.108  tR +0.00  ent[s/d/p/e] 1.70/2.36/1.49/0.51  emits 0.32  spf 78.6  z0 0.76  garr 96.8  tG 702  e2 0.06  nF 3.2  pS 0.32  ptS 0.31  fLog 0.64  pdΔ -0.1820  pkR 3.69  clip 0.04  kl +0.001
upd  123  steps  253952  sps 1590  opp symm  loss -0.035  pg +0.0009  v 0.004  ev +0.96  adv_std 0.083  tR -0.20  ent[s/d/p/e] 1.68/2.34/1.51/0.54  emits 0.33  spf 81.4  z0 0.76  garr 99.7  tG 768  e2 0.06  nF 3.0  pS 0.34  ptS 0.32  fLog 0.65  pdΔ -0.1636  pkR 3.80  clip 0.10  kl +0.005
upd  124  steps  256000  sps 1596  opp symm  loss -0.015  pg +0.0190  v 0.007  ev +0.94  adv_std 0.116  tR +0.20  ent[s/d/p/e] 1.82/2.37/1.47/0.53  emits 0.40  spf 82.5  z0 0.73  garr 102.6  tG 796  e2 0.08  nF 3.3  pS 0.34  ptS 0.33  fLog 0.66  pdΔ -0.1582  pkR 4.00  clip 0.09  kl +0.003
upd  125  steps  258048  sps 1601  opp symm  loss +0.007  pg +0.0405  v 0.007  ev +0.92  adv_std 0.119  tR -1.00  ent[s/d/p/e] 1.88/2.37/1.44/0.54  emits 0.42  spf 67.7  z0 0.75  garr 97.5  tG 739  e2 0.09  nF 4.1  pS 0.34  ptS 0.33  fLog 0.63  pdΔ -0.1598  pkR 3.73  clip 0.07  kl +0.002
upd  126  steps  260096  sps 1606  opp symm  loss -0.021  pg +0.0136  v 0.007  ev +0.92  adv_std 0.122  tR +0.33  ent[s/d/p/e] 1.91/2.40/1.48/0.56  emits 0.49  spf 71.8  z0 0.72  garr 94.6  tG 720  e2 0.10  nF 4.7  pS 0.34  ptS 0.33  fLog 0.63  pdΔ -0.1601  pkR 4.08  clip 0.06  kl +0.001
upd  127  steps  262144  sps 1612  opp symm  loss -0.016  pg +0.0196  v 0.002  ev +0.97  adv_std 0.067  tR +1.00  ent[s/d/p/e] 1.76/2.34/1.51/0.52  emits 0.41  spf 71.1  z0 0.72  garr 88.3  tG 692  e2 0.07  nF 4.3  pS 0.33  ptS 0.32  fLog 0.63  pdΔ -0.1678  pkR 3.98  clip 0.07  kl +0.002
upd  128  steps  264192  sps 1617  opp symm  loss -0.018  pg +0.0179  v 0.003  ev +0.96  adv_std 0.078  tR +0.50  ent[s/d/p/e] 1.81/2.30/1.50/0.55  emits 0.44  spf 70.0  z0 0.72  garr 90.2  tG 689  e2 0.09  nF 4.2  pS 0.32  ptS 0.31  fLog 0.62  pdΔ -0.1771  pkR 4.30  clip 0.05  kl +0.001
upd  129  steps  266240  sps 1622  opp symm  loss -0.032  pg +0.0043  v 0.003  ev +0.97  adv_std 0.077  tR +1.00  ent[s/d/p/e] 1.81/2.27/1.48/0.55  emits 0.45  spf 64.9  z0 0.71  garr 91.3  tG 688  e2 0.09  nF 4.5  pS 0.33  ptS 0.32  fLog 0.62  pdΔ -0.1665  pkR 4.25  clip 0.09  kl +0.002
upd  130  steps  268288  sps 1627  opp symm  loss -0.011  pg +0.0252  v 0.003  ev +0.97  adv_std 0.080  tR -1.00  ent[s/d/p/e] 1.90/2.28/1.48/0.55  emits 0.50  spf 64.6  z0 0.72  garr 92.2  tG 701  e2 0.11  nF 4.9  pS 0.34  ptS 0.33  fLog 0.61  pdΔ -0.1601  pkR 4.57  clip 0.08  kl +0.001
upd  131  steps  270336  sps 1632  opp symm  loss -0.008  pg +0.0282  v 0.003  ev +0.97  adv_std 0.077  tR +0.14  ent[s/d/p/e] 1.90/2.26/1.39/0.56  emits 0.61  spf 61.8  z0 0.68  garr 82.9  tG 631  e2 0.13  nF 5.7  pS 0.34  ptS 0.33  fLog 0.60  pdΔ -0.1572  pkR 4.98  clip 0.06  kl +0.002
upd  132  steps  272384  sps 1638  opp symm  loss -0.040  pg -0.0054  v 0.005  ev +0.95  adv_std 0.095  tR +0.33  ent[s/d/p/e] 1.76/2.21/1.40/0.56  emits 0.51  spf 55.5  z0 0.70  garr 79.3  tG 606  e2 0.10  nF 5.3  pS 0.34  ptS 0.33  fLog 0.59  pdΔ -0.1613  pkR 5.54  clip 0.06  kl +0.002
upd  133  steps  274432  sps 1643  opp symm  loss -0.018  pg +0.0171  v 0.004  ev +0.96  adv_std 0.090  tR -0.20  ent[s/d/p/e] 1.77/2.23/1.45/0.54  emits 0.46  spf 62.9  z0 0.70  garr 80.0  tG 608  e2 0.09  nF 4.6  pS 0.33  ptS 0.32  fLog 0.61  pdΔ -0.1661  pkR 3.65  clip 0.08  kl +0.002
upd  134  steps  276480  sps 1648  opp symm  loss -0.036  pg -0.0016  v 0.004  ev +0.96  adv_std 0.092  tR +0.50  ent[s/d/p/e] 1.69/2.22/1.46/0.54  emits 0.37  spf 68.2  z0 0.76  garr 85.4  tG 641  e2 0.08  nF 3.6  pS 0.32  ptS 0.31  fLog 0.63  pdΔ -0.1761  pkR 4.42  clip 0.08  kl -0.001
upd  135  steps  278528  sps 1653  opp symm  loss -0.011  pg +0.0240  v 0.004  ev +0.96  adv_std 0.091  tR -0.60  ent[s/d/p/e] 1.69/2.24/1.52/0.52  emits 0.41  spf 66.9  z0 0.74  garr 87.2  tG 681  e2 0.09  nF 3.5  pS 0.33  ptS 0.32  fLog 0.63  pdΔ -0.1704  pkR 6.83  clip 0.09  kl +0.003
upd  136  steps  280576  sps 1658  opp symm  loss -0.039  pg -0.0038  v 0.004  ev +0.96  adv_std 0.091  tR -0.60  ent[s/d/p/e] 1.84/2.27/1.43/0.55  emits 0.44  spf 66.9  z0 0.73  garr 80.5  tG 639  e2 0.09  nF 4.0  pS 0.34  ptS 0.33  fLog 0.63  pdΔ -0.1644  pkR 5.04  clip 0.07  kl +0.003
upd  137  steps  282624  sps 1663  opp symm  loss -0.033  pg +0.0017  v 0.004  ev +0.97  adv_std 0.083  tR +1.00  ent[s/d/p/e] 1.76/2.22/1.41/0.53  emits 0.43  spf 63.5  z0 0.73  garr 84.2  tG 647  e2 0.09  nF 4.0  pS 0.33  ptS 0.32  fLog 0.62  pdΔ -0.1711  pkR 4.57  clip 0.05  kl +0.001
upd  138  steps  284672  sps 1667  opp symm  loss -0.018  pg +0.0161  v 0.005  ev +0.96  adv_std 0.100  tR -1.00  ent[s/d/p/e] 1.73/2.23/1.46/0.53  emits 0.40  spf 70.5  z0 0.74  garr 86.7  tG 673  e2 0.07  nF 3.5  pS 0.32  ptS 0.31  fLog 0.63  pdΔ -0.1848  pkR 3.92  clip 0.07  kl +0.002
upd  139  steps  286720  sps 1672  opp symm  loss -0.035  pg -0.0020  v 0.004  ev +0.97  adv_std 0.098  tR +1.00  ent[s/d/p/e] 1.74/2.16/1.36/0.52  emits 0.44  spf 65.8  z0 0.72  garr 84.3  tG 665  e2 0.09  nF 3.7  pS 0.32  ptS 0.31  fLog 0.61  pdΔ -0.1825  pkR 4.51  clip 0.07  kl +0.001
upd  140  steps  288768  sps 1678  opp symm  loss -0.053  pg -0.0201  v 0.005  ev +0.97  adv_std 0.101  tR +0.00  ent[s/d/p/e] 1.73/2.15/1.34/0.51  emits 0.40  spf 62.0  z0 0.75  garr 78.5  tG 620  e2 0.07  nF 3.8  pS 0.31  ptS 0.30  fLog 0.60  pdΔ -0.1927  pkR 5.02  clip 0.09  kl +0.005
upd  141  steps  290816  sps 1683  opp symm  loss +0.002  pg +0.0346  v 0.004  ev +0.98  adv_std 0.085  tR +0.50  ent[s/d/p/e] 1.71/2.13/1.35/0.48  emits 0.38  spf 61.3  z0 0.76  garr 88.8  tG 667  e2 0.07  nF 3.7  pS 0.30  ptS 0.29  fLog 0.60  pdΔ -0.2009  pkR 5.40  clip 0.10  kl +0.003
upd  142  steps  292864  sps 1689  opp symm  loss -0.008  pg +0.0244  v 0.004  ev +0.97  adv_std 0.088  tR +1.00  ent[s/d/p/e] 1.62/2.06/1.39/0.51  emits 0.41  spf 57.7  z0 0.75  garr 94.1  tG 661  e2 0.07  nF 3.9  pS 0.29  ptS 0.28  fLog 0.58  pdΔ -0.2132  pkR 5.11  clip 0.07  kl +0.000
upd  143  steps  294912  sps 1694  opp symm  loss -0.026  pg +0.0065  v 0.003  ev +0.98  adv_std 0.081  tR -0.20  ent[s/d/p/e] 1.54/2.10/1.45/0.49  emits 0.34  spf 67.5  z0 0.78  garr 101.1  tG 719  e2 0.07  nF 3.4  pS 0.29  ptS 0.28  fLog 0.61  pdΔ -0.2069  pkR 5.40  clip 0.04  kl +0.001
upd  144  steps  296960  sps 1700  opp symm  loss -0.074  pg -0.0424  v 0.004  ev +0.97  adv_std 0.091  tR +0.00  ent[s/d/p/e] 1.52/2.00/1.44/0.47  emits 0.33  spf 58.8  z0 0.78  garr 107.9  tG 783  e2 0.06  nF 3.3  pS 0.29  ptS 0.28  fLog 0.58  pdΔ -0.2060  pkR 6.71  clip 0.05  kl +0.000
upd  145  steps  299008  sps 1705  opp symm  loss -0.043  pg -0.0112  v 0.004  ev +0.97  adv_std 0.088  tR -0.50  ent[s/d/p/e] 1.66/2.07/1.43/0.48  emits 0.33  spf 71.8  z0 0.78  garr 119.4  tG 881  e2 0.06  nF 3.3  pS 0.30  ptS 0.29  fLog 0.62  pdΔ -0.1969  pkR 6.92  clip 0.07  kl +0.002
upd  146  steps  301056  sps 1710  opp symm  loss -0.072  pg -0.0388  v 0.006  ev +0.96  adv_std 0.104  tR -0.33  ent[s/d/p/e] 1.77/2.13/1.39/0.54  emits 0.45  spf 74.8  z0 0.73  garr 112.4  tG 853  e2 0.09  nF 4.1  pS 0.33  ptS 0.31  fLog 0.63  pdΔ -0.1712  pkR 6.20  clip 0.13  kl +0.002
upd  147  steps  303104  sps 1716  opp symm  loss +0.015  pg +0.0478  v 0.006  ev +0.96  adv_std 0.110  tR -0.20  ent[s/d/p/e] 1.85/2.18/1.37/0.51  emits 0.45  spf 66.4  z0 0.74  garr 102.5  tG 757  e2 0.09  nF 4.4  pS 0.32  ptS 0.31  fLog 0.62  pdΔ -0.1754  pkR 6.03  clip 0.07  kl +0.002
upd  148  steps  305152  sps 1721  opp symm  loss -0.014  pg +0.0183  v 0.008  ev +0.95  adv_std 0.128  tR -0.25  ent[s/d/p/e] 1.80/2.18/1.38/0.52  emits 0.43  spf 65.7  z0 0.74  garr 92.8  tG 710  e2 0.09  nF 4.3  pS 0.32  ptS 0.31  fLog 0.62  pdΔ -0.1775  pkR 6.66  clip 0.12  kl +0.005
upd  149  steps  307200  sps 1726  opp symm  loss -0.015  pg +0.0155  v 0.009  ev +0.95  adv_std 0.136  tR -0.71  ent[s/d/p/e] 1.84/2.19/1.36/0.49  emits 0.42  spf 60.0  z0 0.76  garr 75.1  tG 562  e2 0.08  nF 4.6  pS 0.31  ptS 0.30  fLog 0.61  pdΔ -0.1909  pkR 6.50  clip 0.15  kl +0.003
upd  150  steps  309248  sps 1731  opp symm  loss +0.007  pg +0.0403  v 0.005  ev +0.97  adv_std 0.100  tR -1.00  ent[s/d/p/e] 1.72/2.18/1.36/0.52  emits 0.40  spf 67.8  z0 0.74  garr 74.7  tG 576  e2 0.08  nF 3.9  pS 0.31  ptS 0.30  fLog 0.63  pdΔ -0.1891  pkR 5.42  clip 0.12  kl +0.004
upd  151  steps  311296  sps 1737  opp symm  loss -0.018  pg +0.0142  v 0.007  ev +0.96  adv_std 0.120  tR +0.00  ent[s/d/p/e] 1.71/2.22/1.36/0.52  emits 0.42  spf 60.6  z0 0.75  garr 74.9  tG 567  e2 0.08  nF 4.2  pS 0.31  ptS 0.31  fLog 0.61  pdΔ -0.1877  pkR 4.32  clip 0.09  kl +0.001
upd  152  steps  313344  sps 1742  opp symm  loss -0.023  pg +0.0101  v 0.005  ev +0.98  adv_std 0.097  tR +0.50  ent[s/d/p/e] 1.64/2.24/1.39/0.51  emits 0.40  spf 61.4  z0 0.74  garr 74.0  tG 567  e2 0.07  nF 4.1  pS 0.31  ptS 0.31  fLog 0.61  pdΔ -0.1900  pkR 4.26  clip 0.07  kl +0.002
upd  153  steps  315392  sps 1747  opp symm  loss +0.039  pg +0.0729  v 0.004  ev +0.98  adv_std 0.092  tR -1.00  ent[s/d/p/e] 1.79/2.30/1.39/0.53  emits 0.41  spf 64.1  z0 0.75  garr 87.0  tG 649  e2 0.08  nF 4.1  pS 0.33  ptS 0.32  fLog 0.62  pdΔ -0.1704  pkR 4.36  clip 0.09  kl +0.001
upd  154  steps  317440  sps 1752  opp symm  loss +0.027  pg +0.0602  v 0.005  ev +0.98  adv_std 0.096  tR -0.33  ent[s/d/p/e] 1.90/2.34/1.30/0.50  emits 0.42  spf 61.1  z0 0.76  garr 92.4  tG 693  e2 0.09  nF 4.3  pS 0.34  ptS 0.33  fLog 0.61  pdΔ -0.1576  pkR 4.24  clip 0.09  kl +0.002
upd  155  steps  319488  sps 1757  opp symm  loss -0.007  pg +0.0242  v 0.011  ev +0.94  adv_std 0.146  tR +0.43  ent[s/d/p/e] 1.91/2.36/1.32/0.52  emits 0.47  spf 65.2  z0 0.73  garr 94.6  tG 714  e2 0.09  nF 4.7  pS 0.34  ptS 0.33  fLog 0.62  pdΔ -0.1618  pkR 3.99  clip 0.11  kl +0.001
upd  156  steps  321536  sps 1761  opp symm  loss +0.007  pg +0.0383  v 0.005  ev +0.97  adv_std 0.097  tR +0.20  ent[s/d/p/e] 1.65/2.22/1.36/0.47  emits 0.32  spf 67.5  z0 0.79  garr 88.1  tG 650  e2 0.06  nF 3.6  pS 0.30  ptS 0.29  fLog 0.62  pdΔ -0.2014  pkR 4.25  clip 0.04  kl +0.003
upd  157  steps  323584  sps 1764  opp symm  loss +0.017  pg +0.0496  v 0.006  ev +0.96  adv_std 0.108  tR +0.20  ent[s/d/p/e] 1.64/2.19/1.42/0.51  emits 0.38  spf 60.7  z0 0.76  garr 92.8  tG 655  e2 0.07  nF 3.8  pS 0.30  ptS 0.29  fLog 0.60  pdΔ -0.2021  pkR 4.05  clip 0.09  kl +0.007
upd  158  steps  325632  sps 1769  opp symm  loss +0.030  pg +0.0619  v 0.006  ev +0.96  adv_std 0.108  tR -0.33  ent[s/d/p/e] 1.66/2.22/1.41/0.50  emits 0.32  spf 62.3  z0 0.80  garr 100.5  tG 710  e2 0.06  nF 3.8  pS 0.31  ptS 0.30  fLog 0.61  pdΔ -0.1907  pkR 4.62  clip 0.07  kl +0.003
upd  159  steps  327680  sps 1774  opp symm  loss +0.012  pg +0.0448  v 0.006  ev +0.97  adv_std 0.105  tR +0.00  ent[s/d/p/e] 1.63/2.20/1.50/0.51  emits 0.40  spf 64.0  z0 0.77  garr 108.8  tG 754  e2 0.09  nF 4.0  pS 0.31  ptS 0.31  fLog 0.61  pdΔ -0.1863  pkR 4.58  clip 0.07  kl +0.001
upd  160  steps  329728  sps 1779  opp symm  loss +0.021  pg +0.0523  v 0.008  ev +0.95  adv_std 0.129  tR +0.00  ent[s/d/p/e] 1.72/2.29/1.45/0.51  emits 0.41  spf 63.5  z0 0.75  garr 102.8  tG 759  e2 0.08  nF 4.3  pS 0.32  ptS 0.31  fLog 0.61  pdΔ -0.1779  pkR 4.58  clip 0.10  kl -0.001
upd  161  steps  331776  sps 1784  opp symm  loss -0.006  pg +0.0257  v 0.004  ev +0.98  adv_std 0.089  tR +0.33  ent[s/d/p/e] 1.60/2.13/1.46/0.47  emits 0.34  spf 61.1  z0 0.78  garr 102.5  tG 794  e2 0.07  nF 3.6  pS 0.32  ptS 0.32  fLog 0.61  pdΔ -0.1754  pkR 4.60  clip 0.09  kl +0.004
upd  162  steps  333824  sps 1788  opp symm  loss -0.010  pg +0.0238  v 0.004  ev +0.98  adv_std 0.089  tR +0.60  ent[s/d/p/e] 1.75/2.21/1.46/0.50  emits 0.39  spf 76.5  z0 0.76  garr 112.5  tG 905  e2 0.07  nF 3.6  pS 0.34  ptS 0.33  fLog 0.64  pdΔ -0.1597  pkR 4.65  clip 0.08  kl +0.003
upd  163  steps  335872  sps 1792  opp symm  loss +0.002  pg +0.0336  v 0.005  ev +0.96  adv_std 0.104  tR +0.33  ent[s/d/p/e] 1.74/2.25/1.37/0.48  emits 0.40  spf 75.1  z0 0.75  garr 111.1  tG 910  e2 0.07  nF 3.9  pS 0.34  ptS 0.33  fLog 0.63  pdΔ -0.1623  pkR 4.95  clip 0.06  kl +0.000
upd  164  steps  337920  sps 1797  opp symm  loss -0.046  pg -0.0142  v 0.005  ev +0.97  adv_std 0.100  tR -0.50  ent[s/d/p/e] 1.53/2.15/1.35/0.50  emits 0.36  spf 77.2  z0 0.77  garr 112.1  tG 916  e2 0.06  nF 3.7  pS 0.33  ptS 0.33  fLog 0.63  pdΔ -0.1683  pkR 4.97  clip 0.07  kl +0.002
upd  165  steps  339968  sps 1800  opp symm  loss -0.046  pg -0.0148  v 0.006  ev +0.95  adv_std 0.107  tR +0.11  ent[s/d/p/e] 1.57/2.23/1.41/0.49  emits 0.34  spf 80.0  z0 0.77  garr 103.8  tG 859  e2 0.06  nF 3.5  pS 0.31  ptS 0.31  fLog 0.65  pdΔ -0.1878  pkR 5.28  clip 0.04  kl +0.001
upd  166  steps  342016  sps 1804  opp symm  loss +0.018  pg +0.0494  v 0.006  ev +0.95  adv_std 0.113  tR -0.20  ent[s/d/p/e] 1.69/2.27/1.33/0.48  emits 0.38  spf 68.8  z0 0.77  garr 100.0  tG 790  e2 0.07  nF 3.8  pS 0.31  ptS 0.31  fLog 0.62  pdΔ -0.1897  pkR 5.44  clip 0.08  kl +0.002
upd  167  steps  344064  sps 1807  opp symm  loss -0.011  pg +0.0205  v 0.005  ev +0.96  adv_std 0.102  tR +0.33  ent[s/d/p/e] 1.62/2.26/1.36/0.49  emits 0.35  spf 66.9  z0 0.76  garr 96.8  tG 753  e2 0.06  nF 3.8  pS 0.31  ptS 0.30  fLog 0.62  pdΔ -0.1889  pkR 5.33  clip 0.05  kl +0.002
upd  168  steps  346112  sps 1811  opp symm  loss +0.039  pg +0.0694  v 0.004  ev +0.96  adv_std 0.093  tR -1.00  ent[s/d/p/e] 1.55/2.25/1.36/0.43  emits 0.27  spf 73.8  z0 0.80  garr 104.0  tG 794  e2 0.05  nF 3.0  pS 0.29  ptS 0.29  fLog 0.63  pdΔ -0.2077  pkR 5.09  clip 0.11  kl +0.004
upd  169  steps  348160  sps 1815  opp symm  loss +0.031  pg +0.0621  v 0.007  ev +0.94  adv_std 0.121  tR +0.33  ent[s/d/p/e] 1.72/2.34/1.33/0.49  emits 0.32  spf 81.7  z0 0.79  garr 114.1  tG 873  e2 0.06  nF 3.1  pS 0.31  ptS 0.30  fLog 0.64  pdΔ -0.1906  pkR 4.48  clip 0.05  kl +0.001
upd  170  steps  350208  sps 1818  opp symm  loss +0.011  pg +0.0426  v 0.005  ev +0.97  adv_std 0.097  tR -1.00  ent[s/d/p/e] 1.78/2.36/1.31/0.45  emits 0.33  spf 74.9  z0 0.79  garr 119.8  tG 939  e2 0.06  nF 3.6  pS 0.32  ptS 0.31  fLog 0.63  pdΔ -0.1757  pkR 4.31  clip 0.06  kl +0.002
upd  171  steps  352256  sps 1822  opp symm  loss -0.067  pg -0.0366  v 0.006  ev +0.96  adv_std 0.113  tR -0.43  ent[s/d/p/e] 1.65/2.25/1.31/0.47  emits 0.31  spf 77.4  z0 0.80  garr 121.1  tG 977  e2 0.05  nF 3.2  pS 0.32  ptS 0.31  fLog 0.64  pdΔ -0.1805  pkR 4.65  clip 0.09  kl +0.003
upd  172  steps  354304  sps 1825  opp symm  loss -0.032  pg +0.0004  v 0.004  ev +0.97  adv_std 0.091  tR +0.20  ent[s/d/p/e] 1.73/2.30/1.35/0.47  emits 0.35  spf 75.5  z0 0.77  garr 121.3  tG 975  e2 0.06  nF 3.6  pS 0.32  ptS 0.31  fLog 0.63  pdΔ -0.1806  pkR 5.51  clip 0.05  kl +0.001
upd  173  steps  356352  sps 1829  opp symm  loss +0.004  pg +0.0353  v 0.005  ev +0.96  adv_std 0.101  tR +0.50  ent[s/d/p/e] 1.69/2.26/1.40/0.47  emits 0.41  spf 68.0  z0 0.76  garr 117.2  tG 920  e2 0.08  nF 4.1  pS 0.32  ptS 0.31  fLog 0.61  pdΔ -0.1813  pkR 6.79  clip 0.08  kl +0.000
upd  174  steps  358400  sps 1832  opp symm  loss +0.018  pg +0.0494  v 0.007  ev +0.95  adv_std 0.122  tR +0.00  ent[s/d/p/e] 1.81/2.30/1.33/0.49  emits 0.44  spf 65.4  z0 0.74  garr 116.0  tG 907  e2 0.09  nF 4.7  pS 0.33  ptS 0.33  fLog 0.61  pdΔ -0.1675  pkR 5.41  clip 0.10  kl +0.004
upd  175  steps  360448  sps 1836  opp symm  loss -0.014  pg +0.0189  v 0.004  ev +0.97  adv_std 0.091  tR -0.33  ent[s/d/p/e] 1.80/2.28/1.36/0.47  emits 0.39  spf 68.2  z0 0.76  garr 108.9  tG 876  e2 0.08  nF 4.4  pS 0.33  ptS 0.33  fLog 0.62  pdΔ -0.1693  pkR 5.75  clip 0.06  kl +0.003
upd  176  steps  362496  sps 1839  opp symm  loss -0.030  pg +0.0015  v 0.007  ev +0.95  adv_std 0.121  tR +0.60  ent[s/d/p/e] 1.67/2.21/1.38/0.49  emits 0.35  spf 71.2  z0 0.77  garr 107.4  tG 848  e2 0.07  nF 3.6  pS 0.32  ptS 0.32  fLog 0.62  pdΔ -0.1800  pkR 5.24  clip 0.08  kl +0.001
upd  177  steps  364544  sps 1843  opp symm  loss -0.042  pg -0.0101  v 0.006  ev +0.95  adv_std 0.112  tR +0.00  ent[s/d/p/e] 1.70/2.21/1.32/0.52  emits 0.48  spf 59.5  z0 0.73  garr 93.4  tG 717  e2 0.09  nF 4.7  pS 0.32  ptS 0.31  fLog 0.60  pdΔ -0.1839  pkR 5.56  clip 0.09  kl +0.003
upd  178  steps  366592  sps 1846  opp symm  loss -0.055  pg -0.0225  v 0.008  ev +0.95  adv_std 0.128  tR -0.20  ent[s/d/p/e] 1.68/2.19/1.42/0.54  emits 0.47  spf 57.8  z0 0.72  garr 94.7  tG 735  e2 0.09  nF 4.4  pS 0.31  ptS 0.31  fLog 0.59  pdΔ -0.1867  pkR 6.79  clip 0.07  kl -0.000
upd  179  steps  368640  sps 1850  opp symm  loss -0.034  pg -0.0010  v 0.009  ev +0.95  adv_std 0.134  tR +0.33  ent[s/d/p/e] 1.71/2.27/1.42/0.55  emits 0.50  spf 62.0  z0 0.71  garr 82.0  tG 666  e2 0.10  nF 5.2  pS 0.31  ptS 0.31  fLog 0.60  pdΔ -0.1855  pkR 7.87  clip 0.13  kl +0.004
upd  180  steps  370688  sps 1853  opp symm  loss -0.021  pg +0.0130  v 0.005  ev +0.97  adv_std 0.096  tR +0.11  ent[s/d/p/e] 1.60/2.14/1.44/0.53  emits 0.41  spf 57.9  z0 0.72  garr 83.1  tG 630  e2 0.08  nF 4.3  pS 0.29  ptS 0.29  fLog 0.59  pdΔ -0.2052  pkR 7.37  clip 0.06  kl +0.003
upd  181  steps  372736  sps 1857  opp symm  loss -0.001  pg +0.0330  v 0.005  ev +0.97  adv_std 0.099  tR +0.33  ent[s/d/p/e] 1.74/2.18/1.49/0.51  emits 0.45  spf 61.3  z0 0.72  garr 76.3  tG 561  e2 0.08  nF 4.7  pS 0.29  ptS 0.28  fLog 0.61  pdΔ -0.2093  pkR 8.13  clip 0.08  kl +0.004
upd  182  steps  374784  sps 1860  opp symm  loss +0.005  pg +0.0389  v 0.006  ev +0.96  adv_std 0.108  tR -0.25  ent[s/d/p/e] 1.79/2.16/1.52/0.53  emits 0.42  spf 59.6  z0 0.74  garr 76.6  tG 590  e2 0.08  nF 4.8  pS 0.31  ptS 0.30  fLog 0.60  pdΔ -0.1917  pkR 8.13  clip 0.05  kl +0.000
upd  183  steps  376832  sps 1864  opp symm  loss +0.013  pg +0.0459  v 0.006  ev +0.96  adv_std 0.110  tR +0.00  ent[s/d/p/e] 1.72/2.14/1.51/0.49  emits 0.37  spf 65.9  z0 0.75  garr 82.0  tG 672  e2 0.07  nF 3.9  pS 0.31  ptS 0.30  fLog 0.62  pdΔ -0.1889  pkR 7.74  clip 0.08  kl +0.002
upd  184  steps  378880  sps 1867  opp symm  loss +0.005  pg +0.0400  v 0.004  ev +0.98  adv_std 0.085  tR +0.00  ent[s/d/p/e] 1.83/2.20/1.44/0.53  emits 0.45  spf 67.8  z0 0.73  garr 84.2  tG 688  e2 0.09  nF 4.5  pS 0.33  ptS 0.32  fLog 0.62  pdΔ -0.1720  pkR 5.16  clip 0.07  kl +0.000
upd  185  steps  380928  sps 1870  opp symm  loss +0.011  pg +0.0453  v 0.004  ev +0.97  adv_std 0.094  tR +0.33  ent[s/d/p/e] 1.91/2.24/1.42/0.50  emits 0.40  spf 66.9  z0 0.75  garr 92.3  tG 754  e2 0.08  nF 4.4  pS 0.35  ptS 0.34  fLog 0.62  pdΔ -0.1549  pkR 3.98  clip 0.06  kl +0.002
upd  186  steps  382976  sps 1874  opp symm  loss -0.026  pg +0.0074  v 0.006  ev +0.96  adv_std 0.107  tR +0.60  ent[s/d/p/e] 1.80/2.22/1.48/0.51  emits 0.41  spf 69.4  z0 0.74  garr 99.5  tG 832  e2 0.08  nF 4.1  pS 0.34  ptS 0.33  fLog 0.62  pdΔ -0.1576  pkR 4.16  clip 0.08  kl +0.002
upd  187  steps  385024  sps 1877  opp symm  loss +0.012  pg +0.0426  v 0.008  ev +0.93  adv_std 0.127  tR +0.43  ent[s/d/p/e] 1.68/2.20/1.47/0.48  emits 0.33  spf 77.9  z0 0.77  garr 99.0  tG 764  e2 0.06  nF 3.3  pS 0.30  ptS 0.29  fLog 0.64  pdΔ -0.2040  pkR 4.54  clip 0.07  kl +0.000
upd  188  steps  387072  sps 1880  opp symm  loss +0.013  pg +0.0453  v 0.005  ev +0.96  adv_std 0.099  tR -0.50  ent[s/d/p/e] 1.47/2.06/1.49/0.51  emits 0.30  spf 68.4  z0 0.78  garr 97.9  tG 754  e2 0.05  nF 3.1  pS 0.29  ptS 0.28  fLog 0.61  pdΔ -0.2055  pkR 3.69  clip 0.06  kl +0.001
upd  189  steps  389120  sps 1883  opp symm  loss -0.009  pg +0.0227  v 0.006  ev +0.94  adv_std 0.110  tR +0.33  ent[s/d/p/e] 1.52/2.10/1.53/0.50  emits 0.32  spf 75.8  z0 0.76  garr 101.7  tG 813  e2 0.06  nF 3.0  pS 0.32  ptS 0.30  fLog 0.63  pdΔ -0.1840  pkR 4.24  clip 0.06  kl +0.003
upd  190  steps  391168  sps 1886  opp symm  loss -0.029  pg +0.0063  v 0.004  ev +0.96  adv_std 0.094  tR +0.33  ent[s/d/p/e] 1.57/2.16/1.56/0.55  emits 0.36  spf 78.8  z0 0.73  garr 102.9  tG 826  e2 0.07  nF 3.4  pS 0.33  ptS 0.32  fLog 0.64  pdΔ -0.1668  pkR 4.76  clip 0.17  kl +0.012
upd  191  steps  393216  sps 1889  opp symm  loss -0.046  pg -0.0127  v 0.005  ev +0.95  adv_std 0.093  tR +0.67  ent[s/d/p/e] 1.66/2.17/1.51/0.49  emits 0.39  spf 69.7  z0 0.75  garr 102.1  tG 827  e2 0.08  nF 3.4  pS 0.34  ptS 0.32  fLog 0.62  pdΔ -0.1626  pkR 4.98  clip 0.13  kl +0.006
upd  192  steps  395264  sps 1892  opp symm  loss -0.022  pg +0.0130  v 0.005  ev +0.95  adv_std 0.104  tR -1.00  ent[s/d/p/e] 1.63/2.17/1.52/0.56  emits 0.44  spf 63.3  z0 0.71  garr 100.2  tG 798  e2 0.08  nF 4.1  pS 0.34  ptS 0.33  fLog 0.60  pdΔ -0.1600  pkR 5.50  clip 0.20  kl +0.006
upd  193  steps  397312  sps 1895  opp symm  loss +0.002  pg +0.0356  v 0.006  ev +0.95  adv_std 0.110  tR +0.00  ent[s/d/p/e] 1.79/2.20/1.47/0.52  emits 0.53  spf 61.0  z0 0.69  garr 93.1  tG 766  e2 0.11  nF 5.1  pS 0.37  ptS 0.35  fLog 0.60  pdΔ -0.1335  pkR 5.20  clip 0.12  kl +0.007
upd  194  steps  399360  sps 1898  opp symm  loss -0.021  pg +0.0133  v 0.005  ev +0.97  adv_std 0.094  tR +0.33  ent[s/d/p/e] 1.84/2.25/1.42/0.54  emits 0.53  spf 56.6  z0 0.71  garr 96.5  tG 783  e2 0.10  nF 5.7  pS 0.37  ptS 0.36  fLog 0.59  pdΔ -0.1270  pkR 4.40  clip 0.09  kl -0.000
upd  195  steps  401408  sps 1901  opp symm  loss -0.016  pg +0.0154  v 0.011  ev +0.93  adv_std 0.150  tR -0.14  ent[s/d/p/e] 1.76/2.23/1.41/0.54  emits 0.46  spf 55.7  z0 0.74  garr 103.7  tG 828  e2 0.08  nF 5.1  pS 0.35  ptS 0.34  fLog 0.58  pdΔ -0.1508  pkR 4.69  clip 0.07  kl +0.005
upd  196  steps  403456  sps 1905  opp symm  loss -0.037  pg -0.0034  v 0.006  ev +0.96  adv_std 0.112  tR -0.20  ent[s/d/p/e] 1.77/2.23/1.40/0.55  emits 0.52  spf 57.1  z0 0.71  garr 93.4  tG 746  e2 0.11  nF 5.6  pS 0.33  ptS 0.33  fLog 0.59  pdΔ -0.1660  pkR 5.43  clip 0.07  kl +0.001
upd  197  steps  405504  sps 1908  opp symm  loss -0.036  pg -0.0030  v 0.007  ev +0.96  adv_std 0.118  tR -0.25  ent[s/d/p/e] 1.82/2.26/1.30/0.55  emits 0.58  spf 50.7  z0 0.70  garr 84.6  tG 683  e2 0.12  nF 6.1  pS 0.34  ptS 0.33  fLog 0.57  pdΔ -0.1624  pkR 6.23  clip 0.11  kl +0.004
upd  198  steps  407552  sps 1911  opp symm  loss -0.054  pg -0.0218  v 0.008  ev +0.95  adv_std 0.125  tR +0.20  ent[s/d/p/e] 1.60/2.16/1.35/0.56  emits 0.55  spf 49.9  z0 0.70  garr 73.7  tG 581  e2 0.11  nF 5.9  pS 0.30  ptS 0.29  fLog 0.56  pdΔ -0.2044  pkR 8.56  clip 0.12  kl +0.003
[eval_vs_v20] WARN failed: v20 mini gate failed (rc=1): in
  File "<frozen runpy>", line 88, in _run_code
  File "/home/charlie/project/OrbitWarRL/orbit_wars_rl/scripts/export_submission.py", line 472, in <module>
    raise SystemExit(main())
                     ~~~~^^
  File "/home/charlie/project/OrbitWarRL/orbit_wars_rl/scripts/export_submission.py", line 362, in main
    status = run_parity(
        args.ckpt,
    ...<12 lines>...
        min_pct_bin=mask_flags["min_pct_bin"],
    )
  File "/home/charlie/project/OrbitWarRL/orbit_wars_rl/inference/test_parity.py", line 164, in run_parity
    sa = model.apply(
        params, obs, jax.random.PRNGKey(42),
    ...<3 lines>...
        deterministic=True,
    )
  File "/home/charlie/project/OrbitWarRL/orbit_wars_rl/net/model.py", line 437, in __call__
    enc = self._encode(obs)
  File "/home/charlie/project/OrbitWarRL/orbit_wars_rl/net/model.py", line 221, in _encode
    return self.encoder(
           ~~~~~~~~~~~~^
        obs.planet_feats,
        ^^^^^^^^^^^^^^^^^
    ...<3 lines>...
        obs.global_feats,
        ^^^^^^^^^^^^^^^^^
    )
    ^
  File "/home/charlie/project/OrbitWarRL/orbit_wars_rl/net/transformer.py", line 87, in __call__
    global_token = nn.Dense(self.d_model, name="global_proj")(global_feats)[:, None, :]
                   ~~~~~~~~~~~~~~~~~~~~~~~~~~~~~~~~~~~~~~~~~~^^^^^^^^^^^^^^
  File "/home/charlie/anaconda3/lib/python3.13/site-packages/flax/linen/linear.py", line 263, in __call__
    kernel = self.param(
      'kernel',
    ...<2 lines>...
      self.param_dtype,
    )
flax.errors.ScopeParamShapeError: For parameter "kernel" in "/encoder/global_proj", the given initializer is expected to generate shape (27, 256), but the existing parameter it received has shape (24, 256). (https://flax.readthedocs.io/en/latest/api_reference/flax.errors.html#flax.errors.ScopeParamShapeError)
--------------------
For simplicity, JAX has removed its internal frames from the traceback of the following exception. Set JAX_TRACEBACK_FILTERING=off to include these.

upd  199  steps  409600  sps 1913  opp symm  loss +0.014  pg +0.0456  v 0.006  ev +0.96  adv_std 0.109  tR -0.60  ent[s/d/p/e] 1.37/1.96/1.41/0.53  emits 0.48  spf 51.5  z0 0.70  garr 58.7  tG 446  e2 0.10  nF 5.3  pS 0.25  ptS 0.25  fLog 0.56  pdΔ -0.2535  pkR 8.80  clip 0.11  kl +0.002 WRr 0.09
[ckpt] saved /home/charlie/project/OrbitWarRL/ckpt_search/v14f_binary_v1_a_p0i6_ent_coef_emit_0.03_9691c37c02/ckpt_000199.pkl opp=symm
upd  200  steps  411648  sps 1769  opp symm  loss -0.024  pg +0.0062  v 0.010  ev +0.94  adv_std 0.146  tR +0.33  ent[s/d/p/e] 1.41/1.94/1.40/0.56  emits 0.45  spf 49.6  z0 0.71  garr 55.1  tG 414  e2 0.09  nF 5.0  pS 0.25  ptS 0.25  fLog 0.57  pdΔ -0.2508  pkR 7.83  clip 0.07  kl +0.002
upd  201  steps  413696  sps 1773  opp symm  loss -0.023  pg +0.0109  v 0.005  ev +0.96  adv_std 0.106  tR -0.67  ent[s/d/p/e] 1.52/2.05/1.43/0.57  emits 0.48  spf 52.9  z0 0.71  garr 56.7  tG 430  e2 0.10  nF 5.2  pS 0.28  ptS 0.27  fLog 0.59  pdΔ -0.2233  pkR 5.63  clip 0.06  kl +0.001
upd  202  steps  415744  sps 1777  opp symm  loss -0.042  pg -0.0105  v 0.011  ev +0.92  adv_std 0.145  tR -0.20  ent[s/d/p/e] 1.57/2.08/1.42/0.58  emits 0.53  spf 52.5  z0 0.68  garr 57.6  tG 437  e2 0.11  nF 5.7  pS 0.29  ptS 0.29  fLog 0.59  pdΔ -0.2059  pkR 5.68  clip 0.08  kl +0.001
upd  203  steps  417792  sps 1781  opp symm  loss -0.019  pg +0.0125  v 0.007  ev +0.93  adv_std 0.119  tR +0.00  ent[s/d/p/e] 1.33/1.92/1.44/0.57  emits 0.48  spf 48.0  z0 0.69  garr 57.1  tG 427  e2 0.10  nF 4.8  pS 0.28  ptS 0.28  fLog 0.58  pdΔ -0.2212  pkR 5.34  clip 0.07  kl +0.004
upd  204  steps  419840  sps 1785  opp symm  loss -0.024  pg +0.0099  v 0.007  ev +0.94  adv_std 0.122  tR +0.71  ent[s/d/p/e] 1.38/2.01/1.54/0.59  emits 0.51  spf 50.8  z0 0.67  garr 62.6  tG 475  e2 0.11  nF 4.9  pS 0.30  ptS 0.29  fLog 0.58  pdΔ -0.2025  pkR 5.64  clip 0.06  kl +0.002
upd  205  steps  421888  sps 1788  opp symm  loss -0.001  pg +0.0341  v 0.005  ev +0.96  adv_std 0.103  tR +0.00  ent[s/d/p/e] 1.54/2.16/1.52/0.58  emits 0.52  spf 57.0  z0 0.69  garr 65.3  tG 516  e2 0.10  nF 5.5  pS 0.32  ptS 0.31  fLog 0.60  pdΔ -0.1817  pkR 5.25  clip 0.04  kl +0.001
upd  206  steps  423936  sps 1792  opp symm  loss -0.042  pg -0.0078  v 0.007  ev +0.95  adv_std 0.120  tR +0.00  ent[s/d/p/e] 1.60/2.21/1.53/0.58  emits 0.48  spf 58.4  z0 0.70  garr 70.2  tG 572  e2 0.10  nF 5.4  pS 0.35  ptS 0.34  fLog 0.61  pdΔ -0.1509  pkR 4.94  clip 0.07  kl +0.003
upd  207  steps  425984  sps 1796  opp symm  loss -0.023  pg +0.0127  v 0.006  ev +0.96  adv_std 0.112  tR +0.33  ent[s/d/p/e] 1.78/2.26/1.49/0.59  emits 0.58  spf 61.1  z0 0.68  garr 71.5  tG 588  e2 0.12  nF 5.6  pS 0.36  ptS 0.35  fLog 0.62  pdΔ -0.1425  pkR 5.41  clip 0.07  kl +0.004
upd  208  steps  428032  sps 1800  opp symm  loss -0.013  pg +0.0220  v 0.006  ev +0.96  adv_std 0.108  tR +0.00  ent[s/d/p/e] 1.77/2.16/1.47/0.58  emits 0.65  spf 53.9  z0 0.65  garr 70.4  tG 595  e2 0.13  nF 6.5  pS 0.37  ptS 0.36  fLog 0.60  pdΔ -0.1313  pkR 6.31  clip 0.10  kl +0.003
upd  209  steps  430080  sps 1803  opp symm  loss +0.002  pg +0.0384  v 0.005  ev +0.97  adv_std 0.093  tR +0.33  ent[s/d/p/e] 1.78/2.18/1.52/0.57  emits 0.52  spf 60.2  z0 0.70  garr 76.1  tG 656  e2 0.11  nF 6.3  pS 0.37  ptS 0.36  fLog 0.61  pdΔ -0.1278  pkR 6.86  clip 0.07  kl +0.003
upd  210  steps  432128  sps 1807  opp symm  loss +0.004  pg +0.0391  v 0.007  ev +0.95  adv_std 0.117  tR -0.33  ent[s/d/p/e] 1.83/2.15/1.54/0.57  emits 0.55  spf 62.2  z0 0.69  garr 85.7  tG 760  e2 0.12  nF 5.9  pS 0.37  ptS 0.36  fLog 0.61  pdΔ -0.1261  pkR 6.35  clip 0.05  kl -0.000
upd  211  steps  434176  sps 1811  opp symm  loss -0.011  pg +0.0237  v 0.006  ev +0.95  adv_std 0.106  tR +0.50  ent[s/d/p/e] 1.83/2.15/1.46/0.55  emits 0.58  spf 67.3  z0 0.68  garr 84.3  tG 764  e2 0.12  nF 6.1  pS 0.36  ptS 0.35  fLog 0.63  pdΔ -0.1398  pkR 7.03  clip 0.07  kl +0.001
upd  212  steps  436224  sps 1814  opp symm  loss -0.034  pg +0.0002  v 0.004  ev +0.96  adv_std 0.086  tR -0.20  ent[s/d/p/e] 1.87/2.16/1.42/0.53  emits 0.52  spf 61.2  z0 0.71  garr 84.0  tG 760  e2 0.11  nF 5.8  pS 0.35  ptS 0.34  fLog 0.61  pdΔ -0.1510  pkR 6.86  clip 0.06  kl +0.002
upd  213  steps  438272  sps 1818  opp symm  loss -0.038  pg -0.0053  v 0.007  ev +0.92  adv_std 0.117  tR -0.14  ent[s/d/p/e] 1.83/2.14/1.43/0.51  emits 0.52  spf 62.7  z0 0.71  garr 81.7  tG 714  e2 0.11  nF 5.5  pS 0.32  ptS 0.32  fLog 0.61  pdΔ -0.1754  pkR 7.92  clip 0.08  kl +0.004
upd  214  steps  440320  sps 1821  opp symm  loss -0.042  pg -0.0109  v 0.010  ev +0.88  adv_std 0.139  tR +0.45  ent[s/d/p/e] 1.73/2.15/1.42/0.51  emits 0.49  spf 57.8  z0 0.72  garr 77.0  tG 603  e2 0.10  nF 5.3  pS 0.29  ptS 0.28  fLog 0.59  pdΔ -0.2059  pkR 7.21  clip 0.05  kl +0.001
upd  215  steps  442368  sps 1825  opp symm  loss -0.062  pg -0.0283  v 0.005  ev +0.93  adv_std 0.103  tR -0.50  ent[s/d/p/e] 1.63/2.15/1.45/0.54  emits 0.46  spf 52.4  z0 0.74  garr 70.2  tG 496  e2 0.09  nF 5.1  pS 0.27  ptS 0.26  fLog 0.59  pdΔ -0.2307  pkR 6.97  clip 0.10  kl +0.006
upd  216  steps  444416  sps 1829  opp symm  loss -0.062  pg -0.0308  v 0.006  ev +0.92  adv_std 0.106  tR -1.00  ent[s/d/p/e] 1.49/2.06/1.51/0.49  emits 0.41  spf 57.9  z0 0.75  garr 80.2  tG 618  e2 0.09  nF 4.3  pS 0.29  ptS 0.28  fLog 0.60  pdΔ -0.2073  pkR 6.50  clip 0.12  kl +0.005
upd  217  steps  446464  sps 1832  opp symm  loss -0.036  pg -0.0042  v 0.007  ev +0.88  adv_std 0.119  tR -0.43  ent[s/d/p/e] 1.69/2.16/1.46/0.52  emits 0.42  spf 58.5  z0 0.75  garr 86.0  tG 644  e2 0.09  nF 4.4  pS 0.30  ptS 0.28  fLog 0.60  pdΔ -0.2042  pkR 7.24  clip 0.13  kl +0.001
upd  218  steps  448512  sps 1836  opp symm  loss -0.040  pg -0.0106  v 0.011  ev +0.86  adv_std 0.148  tR +0.14  ent[s/d/p/e] 1.61/2.07/1.51/0.49  emits 0.34  spf 58.9  z0 0.77  garr 82.6  tG 605  e2 0.06  nF 3.5  pS 0.28  ptS 0.27  fLog 0.61  pdΔ -0.2227  pkR 7.49  clip 0.12  kl -0.001
upd  219  steps  450560  sps 1839  opp symm  loss -0.065  pg -0.0312  v 0.006  ev +0.92  adv_std 0.113  tR -0.20  ent[s/d/p/e] 1.63/2.04/1.55/0.54  emits 0.43  spf 69.8  z0 0.73  garr 80.1  tG 568  e2 0.09  nF 3.6  pS 0.28  ptS 0.26  fLog 0.63  pdΔ -0.2239  pkR 5.37  clip 0.11  kl +0.002
upd  220  steps  452608  sps 1843  opp symm  loss -0.065  pg -0.0317  v 0.005  ev +0.94  adv_std 0.102  tR +0.00  ent[s/d/p/e] 1.70/2.03/1.52/0.53  emits 0.51  spf 56.9  z0 0.70  garr 70.3  tG 503  e2 0.10  nF 4.7  pS 0.29  ptS 0.28  fLog 0.60  pdΔ -0.2125  pkR 6.26  clip 0.10  kl +0.004
upd  221  steps  454656  sps 1846  opp symm  loss -0.036  pg -0.0019  v 0.004  ev +0.96  adv_std 0.087  tR +0.00  ent[s/d/p/e] 1.68/1.99/1.44/0.54  emits 0.51  spf 51.6  z0 0.71  garr 66.3  tG 482  e2 0.11  nF 5.2  pS 0.30  ptS 0.30  fLog 0.59  pdΔ -0.1964  pkR 4.99  clip 0.08  kl +0.003
upd  222  steps  456704  sps 1850  opp symm  loss -0.043  pg -0.0090  v 0.004  ev +0.96  adv_std 0.089  tR -1.00  ent[s/d/p/e] 1.85/2.03/1.39/0.55  emits 0.55  spf 48.7  z0 0.72  garr 63.5  tG 461  e2 0.11  nF 5.7  pS 0.30  ptS 0.30  fLog 0.58  pdΔ -0.1954  pkR 4.44  clip 0.06  kl +0.001
upd  223  steps  458752  sps 1853  opp symm  loss -0.041  pg -0.0064  v 0.004  ev +0.96  adv_std 0.085  tR +0.20  ent[s/d/p/e] 1.76/2.01/1.39/0.55  emits 0.57  spf 47.7  z0 0.69  garr 66.0  tG 497  e2 0.11  nF 5.8  pS 0.32  ptS 0.31  fLog 0.58  pdΔ -0.1835  pkR 4.37  clip 0.05  kl +0.001
upd  224  steps  460800  sps 1856  opp symm  loss -0.039  pg -0.0040  v 0.004  ev +0.96  adv_std 0.093  tR -0.33  ent[s/d/p/e] 1.86/2.01/1.43/0.55  emits 0.50  spf 50.3  z0 0.72  garr 74.7  tG 585  e2 0.10  nF 5.5  pS 0.33  ptS 0.32  fLog 0.59  pdΔ -0.1708  pkR 4.86  clip 0.07  kl +0.000
upd  225  steps  462848  sps 1860  opp symm  loss -0.033  pg +0.0007  v 0.006  ev +0.95  adv_std 0.107  tR -0.33  ent[s/d/p/e] 1.92/2.01/1.44/0.55  emits 0.60  spf 51.9  z0 0.69  garr 76.1  tG 627  e2 0.12  nF 6.1  pS 0.34  ptS 0.34  fLog 0.59  pdΔ -0.1597  pkR 6.50  clip 0.07  kl +0.003
upd  226  steps  464896  sps 1863  opp symm  loss -0.051  pg -0.0169  v 0.006  ev +0.94  adv_std 0.113  tR -0.33  ent[s/d/p/e] 1.86/1.98/1.47/0.55  emits 0.60  spf 55.7  z0 0.67  garr 71.0  tG 613  e2 0.13  nF 6.0  pS 0.34  ptS 0.34  fLog 0.59  pdΔ -0.1609  pkR 7.33  clip 0.11  kl +0.007
upd  227  steps  466944  sps 1866  opp symm  loss -0.031  pg +0.0033  v 0.005  ev +0.95  adv_std 0.100  tR -1.00  ent[s/d/p/e] 1.95/2.04/1.40/0.56  emits 0.83  spf 47.5  z0 0.63  garr 55.7  tG 465  e2 0.18  nF 8.1  pS 0.34  ptS 0.34  fLog 0.57  pdΔ -0.1643  pkR 6.31  clip 0.11  kl +0.002
upd  228  steps  468992  sps 1870  opp symm  loss -0.036  pg -0.0011  v 0.004  ev +0.96  adv_std 0.094  tR +0.14  ent[s/d/p/e] 2.02/2.03/1.40/0.55  emits 0.81  spf 41.7  z0 0.64  garr 52.8  tG 454  e2 0.17  nF 9.0  pS 0.36  ptS 0.35  fLog 0.56  pdΔ -0.1420  pkR 4.07  clip 0.17  kl +0.004
upd  229  steps  471040  sps 1873  opp symm  loss -0.025  pg +0.0075  v 0.007  ev +0.94  adv_std 0.117  tR +0.25  ent[s/d/p/e] 1.85/2.00/1.42/0.53  emits 0.74  spf 40.6  z0 0.65  garr 52.1  tG 424  e2 0.16  nF 7.7  pS 0.32  ptS 0.32  fLog 0.55  pdΔ -0.1766  pkR 5.96  clip 0.09  kl +0.003
upd  230  steps  473088  sps 1876  opp symm  loss -0.015  pg +0.0188  v 0.005  ev +0.94  adv_std 0.096  tR +0.14  ent[s/d/p/e] 1.84/1.99/1.39/0.54  emits 0.72  spf 37.1  z0 0.66  garr 46.2  tG 361  e2 0.14  nF 7.7  pS 0.30  ptS 0.29  fLog 0.54  pdΔ -0.2044  pkR 9.06  clip 0.07  kl +0.001
upd  231  steps  475136  sps 1880  opp symm  loss -0.080  pg -0.0462  v 0.005  ev +0.94  adv_std 0.097  tR +0.00  ent[s/d/p/e] 1.77/1.94/1.45/0.53  emits 0.63  spf 37.6  z0 0.68  garr 47.9  tG 373  e2 0.13  nF 7.4  pS 0.30  ptS 0.29  fLog 0.54  pdΔ -0.2020  pkR 7.73  clip 0.07  kl +0.001
upd  232  steps  477184  sps 1883  opp symm  loss -0.059  pg -0.0255  v 0.004  ev +0.95  adv_std 0.089  tR +0.60  ent[s/d/p/e] 1.82/2.03/1.45/0.53  emits 0.58  spf 39.0  z0 0.70  garr 56.1  tG 451  e2 0.12  nF 7.0  pS 0.30  ptS 0.29  fLog 0.55  pdΔ -0.2016  pkR 10.99  clip 0.06  kl +0.002
upd  233  steps  479232  sps 1886  opp symm  loss -0.030  pg +0.0034  v 0.004  ev +0.95  adv_std 0.089  tR -1.00  ent[s/d/p/e] 1.83/1.99/1.42/0.52  emits 0.62  spf 38.7  z0 0.69  garr 58.7  tG 428  e2 0.13  nF 7.3  pS 0.29  ptS 0.29  fLog 0.54  pdΔ -0.2052  pkR 5.50  clip 0.13  kl +0.004
upd  234  steps  481280  sps 1889  opp symm  loss -0.017  pg +0.0172  v 0.005  ev +0.94  adv_std 0.098  tR +0.33  ent[s/d/p/e] 1.69/1.96/1.44/0.55  emits 0.61  spf 38.4  z0 0.68  garr 61.7  tG 461  e2 0.12  nF 6.9  pS 0.30  ptS 0.29  fLog 0.54  pdΔ -0.1973  pkR 6.45  clip 0.13  kl +0.004
upd  235  steps  483328  sps 1893  opp symm  loss -0.060  pg -0.0280  v 0.009  ev +0.90  adv_std 0.130  tR +0.11  ent[s/d/p/e] 1.58/1.83/1.46/0.56  emits 0.64  spf 37.0  z0 0.65  garr 58.7  tG 428  e2 0.13  nF 6.9  pS 0.29  ptS 0.28  fLog 0.54  pdΔ -0.2089  pkR 7.18  clip 0.06  kl +0.001
upd  236  steps  485376  sps 1896  opp symm  loss -0.049  pg -0.0139  v 0.003  ev +0.96  adv_std 0.076  tR +0.33  ent[s/d/p/e] 1.48/1.83/1.55/0.59  emits 0.64  spf 38.6  z0 0.64  garr 54.8  tG 383  e2 0.13  nF 7.1  pS 0.28  ptS 0.27  fLog 0.54  pdΔ -0.2208  pkR 6.67  clip 0.08  kl +0.004
upd  237  steps  487424  sps 1899  opp symm  loss -0.064  pg -0.0298  v 0.004  ev +0.95  adv_std 0.087  tR +0.20  ent[s/d/p/e] 1.51/1.74/1.51/0.59  emits 0.67  spf 39.0  z0 0.63  garr 49.0  tG 357  e2 0.16  nF 7.5  pS 0.28  ptS 0.28  fLog 0.55  pdΔ -0.2168  pkR 5.72  clip 0.10  kl +0.005
upd  238  steps  489472  sps 1902  opp symm  loss -0.076  pg -0.0437  v 0.008  ev +0.89  adv_std 0.128  tR +0.14  ent[s/d/p/e] 1.52/1.71/1.52/0.59  emits 0.68  spf 36.6  z0 0.64  garr 45.6  tG 349  e2 0.15  nF 7.7  pS 0.29  ptS 0.29  fLog 0.54  pdΔ -0.2071  pkR 6.84  clip 0.06  kl +0.000
upd  239  steps  491520  sps 1905  opp symm  loss -0.049  pg -0.0146  v 0.005  ev +0.94  adv_std 0.097  tR +0.33  ent[s/d/p/e] 1.63/1.79/1.52/0.58  emits 0.72  spf 36.6  z0 0.62  garr 42.7  tG 330  e2 0.17  nF 8.5  pS 0.30  ptS 0.29  fLog 0.54  pdΔ -0.1981  pkR 4.94  clip 0.08  kl +0.002
upd  240  steps  493568  sps 1908  opp symm  loss -0.088  pg -0.0543  v 0.007  ev +0.93  adv_std 0.120  tR +0.25  ent[s/d/p/e] 1.71/1.87/1.47/0.59  emits 0.73  spf 41.1  z0 0.62  garr 43.2  tG 336  e2 0.16  nF 8.5  pS 0.30  ptS 0.29  fLog 0.56  pdΔ -0.1991  pkR 5.23  clip 0.08  kl +0.003
upd  241  steps  495616  sps 1912  opp symm  loss -0.059  pg -0.0256  v 0.006  ev +0.94  adv_std 0.109  tR +0.20  ent[s/d/p/e] 1.62/1.72/1.52/0.58  emits 0.71  spf 37.3  z0 0.61  garr 41.1  tG 338  e2 0.16  nF 7.9  pS 0.31  ptS 0.30  fLog 0.54  pdΔ -0.1931  pkR 5.66  clip 0.06  kl +0.002
upd  242  steps  497664  sps 1915  opp symm  loss -0.041  pg -0.0074  v 0.006  ev +0.94  adv_std 0.107  tR -0.60  ent[s/d/p/e] 1.66/1.70/1.52/0.58  emits 0.75  spf 38.1  z0 0.61  garr 40.4  tG 329  e2 0.16  nF 7.9  pS 0.29  ptS 0.29  fLog 0.54  pdΔ -0.2105  pkR 4.66  clip 0.10  kl +0.001
upd  243  steps  499712  sps 1918  opp symm  loss -0.133  pg -0.0981  v 0.004  ev +0.96  adv_std 0.092  tR -0.33  ent[s/d/p/e] 1.70/1.79/1.49/0.60  emits 0.74  spf 35.4  z0 0.62  garr 38.3  tG 323  e2 0.17  nF 8.2  pS 0.29  ptS 0.29  fLog 0.53  pdΔ -0.2115  pkR 11.52  clip 0.13  kl +0.004
upd  244  steps  501760  sps 1921  opp symm  loss -0.020  pg +0.0154  v 0.004  ev +0.97  adv_std 0.084  tR -0.25  ent[s/d/p/e] 1.66/1.84/1.50/0.58  emits 0.75  spf 35.1  z0 0.62  garr 37.2  tG 286  e2 0.17  nF 8.5  pS 0.27  ptS 0.27  fLog 0.53  pdΔ -0.2287  pkR 7.25  clip 0.10  kl +0.007
upd  245  steps  503808  sps 1924  opp symm  loss -0.032  pg -0.0004  v 0.009  ev +0.93  adv_std 0.130  tR -0.25  ent[s/d/p/e] 1.55/1.74/1.49/0.57  emits 0.56  spf 35.4  z0 0.67  garr 40.5  tG 331  e2 0.12  nF 7.6  pS 0.27  ptS 0.27  fLog 0.53  pdΔ -0.2260  pkR 11.30  clip 0.08  kl +0.000
upd  246  steps  505856  sps 1927  opp symm  loss -0.036  pg -0.0019  v 0.005  ev +0.96  adv_std 0.099  tR -0.33  ent[s/d/p/e] 1.57/1.81/1.51/0.59  emits 0.58  spf 38.1  z0 0.66  garr 41.9  tG 287  e2 0.12  nF 6.4  pS 0.27  ptS 0.26  fLog 0.55  pdΔ -0.2347  pkR 8.72  clip 0.07  kl +0.002
upd  247  steps  507904  sps 1930  opp symm  loss -0.014  pg +0.0220  v 0.003  ev +0.98  adv_std 0.077  tR -0.60  ent[s/d/p/e] 1.72/1.87/1.48/0.59  emits 0.65  spf 37.9  z0 0.64  garr 47.9  tG 340  e2 0.14  nF 7.0  pS 0.31  ptS 0.29  fLog 0.54  pdΔ -0.1930  pkR 4.57  clip 0.10  kl +0.004
upd  248  steps  509952  sps 1933  opp symm  loss -0.007  pg +0.0284  v 0.003  ev +0.98  adv_std 0.075  tR -0.33  ent[s/d/p/e] 1.85/1.93/1.48/0.56  emits 0.59  spf 41.6  z0 0.68  garr 55.6  tG 402  e2 0.12  nF 6.8  pS 0.32  ptS 0.31  fLog 0.56  pdΔ -0.1795  pkR 4.33  clip 0.08  kl +0.001
upd  249  steps  512000  sps 1936  opp symm  loss -0.037  pg -0.0010  v 0.003  ev +0.98  adv_std 0.075  tR -0.33  ent[s/d/p/e] 1.90/1.90/1.50/0.56  emits 0.57  spf 44.6  z0 0.68  garr 60.4  tG 462  e2 0.12  nF 6.1  pS 0.33  ptS 0.31  fLog 0.57  pdΔ -0.1748  pkR 4.04  clip 0.10  kl +0.004
upd  250  steps  514048  sps 1939  opp symm  loss -0.034  pg +0.0008  v 0.003  ev +0.98  adv_std 0.069  tR +0.33  ent[s/d/p/e] 1.81/1.83/1.51/0.55  emits 0.53  spf 45.9  z0 0.69  garr 63.3  tG 468  e2 0.11  nF 5.8  pS 0.31  ptS 0.30  fLog 0.57  pdΔ -0.1921  pkR 3.90  clip 0.15  kl +0.007
upd  251  steps  516096  sps 1942  opp symm  loss -0.037  pg -0.0050  v 0.005  ev +0.95  adv_std 0.101  tR -0.25  ent[s/d/p/e] 1.69/1.65/1.52/0.51  emits 0.41  spf 52.6  z0 0.73  garr 67.6  tG 490  e2 0.07  nF 4.3  pS 0.28  ptS 0.27  fLog 0.58  pdΔ -0.2164  pkR 4.08  clip 0.15  kl +0.003
upd  252  steps  518144  sps 1945  opp symm  loss -0.050  pg -0.0165  v 0.004  ev +0.96  adv_std 0.092  tR -1.00  ent[s/d/p/e] 1.56/1.65/1.51/0.55  emits 0.39  spf 53.6  z0 0.73  garr 71.7  tG 543  e2 0.08  nF 4.6  pS 0.29  ptS 0.28  fLog 0.58  pdΔ -0.2090  pkR 4.13  clip 0.11  kl +0.004
upd  253  steps  520192  sps 1948  opp symm  loss -0.023  pg +0.0111  v 0.003  ev +0.98  adv_std 0.074  tR +1.00  ent[s/d/p/e] 1.59/1.76/1.53/0.53  emits 0.40  spf 50.4  z0 0.74  garr 74.7  tG 576  e2 0.09  nF 4.6  pS 0.30  ptS 0.29  fLog 0.58  pdΔ -0.1999  pkR 3.90  clip 0.09  kl +0.002
upd  254  steps  522240  sps 1951  opp symm  loss -0.058  pg -0.0251  v 0.005  ev +0.96  adv_std 0.102  tR -0.20  ent[s/d/p/e] 1.57/1.79/1.54/0.54  emits 0.42  spf 49.5  z0 0.74  garr 79.3  tG 598  e2 0.08  nF 4.7  pS 0.29  ptS 0.28  fLog 0.57  pdΔ -0.2096  pkR 4.21  clip 0.05  kl +0.000
upd  255  steps  524288  sps 1954  opp symm  loss -0.048  pg -0.0157  v 0.004  ev +0.97  adv_std 0.093  tR +0.00  ent[s/d/p/e] 1.60/1.80/1.51/0.51  emits 0.42  spf 49.6  z0 0.73  garr 82.8  tG 666  e2 0.08  nF 4.7  pS 0.31  ptS 0.30  fLog 0.58  pdΔ -0.1920  pkR 4.97  clip 0.06  kl +0.001
upd  256  steps  526336  sps 1957  opp symm  loss +0.005  pg +0.0377  v 0.006  ev +0.96  adv_std 0.111  tR +0.00  ent[s/d/p/e] 1.63/1.80/1.54/0.53  emits 0.41  spf 53.4  z0 0.74  garr 89.5  tG 743  e2 0.08  nF 4.7  pS 0.31  ptS 0.30  fLog 0.58  pdΔ -0.1898  pkR 5.16  clip 0.07  kl +0.004
upd  257  steps  528384  sps 1960  opp symm  loss -0.001  pg +0.0317  v 0.005  ev +0.97  adv_std 0.101  tR +0.00  ent[s/d/p/e] 1.88/1.91/1.55/0.50  emits 0.52  spf 54.6  z0 0.73  garr 89.6  tG 736  e2 0.10  nF 5.1  pS 0.32  ptS 0.31  fLog 0.59  pdΔ -0.1836  pkR 5.41  clip 0.11  kl +0.001
upd  258  steps  530432  sps 1962  opp symm  loss -0.011  pg +0.0218  v 0.006  ev +0.96  adv_std 0.106  tR -0.43  ent[s/d/p/e] 2.01/2.00/1.50/0.48  emits 0.51  spf 54.1  z0 0.75  garr 97.8  tG 800  e2 0.09  nF 5.0  pS 0.33  ptS 0.32  fLog 0.58  pdΔ -0.1681  pkR 5.03  clip 0.06  kl +0.000
upd  259  steps  532480  sps 1965  opp symm  loss -0.006  pg +0.0252  v 0.006  ev +0.94  adv_std 0.112  tR -0.20  ent[s/d/p/e] 1.92/1.94/1.49/0.46  emits 0.43  spf 58.1  z0 0.77  garr 106.8  tG 884  e2 0.08  nF 4.0  pS 0.32  ptS 0.31  fLog 0.59  pdΔ -0.1786  pkR 4.55  clip 0.06  kl +0.001
upd  260  steps  534528  sps 1968  opp symm  loss -0.002  pg +0.0300  v 0.005  ev +0.95  adv_std 0.096  tR +1.00  ent[s/d/p/e] 1.74/1.94/1.53/0.48  emits 0.43  spf 54.4  z0 0.76  garr 115.6  tG 971  e2 0.08  nF 4.1  pS 0.33  ptS 0.32  fLog 0.58  pdΔ -0.1741  pkR 5.05  clip 0.07  kl +0.001
upd  261  steps  536576  sps 1971  opp symm  loss -0.046  pg -0.0141  v 0.006  ev +0.94  adv_std 0.114  tR -0.14  ent[s/d/p/e] 1.74/1.94/1.53/0.49  emits 0.47  spf 51.6  z0 0.75  garr 105.9  tG 830  e2 0.09  nF 4.5  pS 0.31  ptS 0.30  fLog 0.57  pdΔ -0.1912  pkR 7.10  clip 0.06  kl +0.001
upd  262  steps  538624  sps 1974  opp symm  loss -0.005  pg +0.0269  v 0.006  ev +0.94  adv_std 0.113  tR +0.50  ent[s/d/p/e] 1.79/1.94/1.51/0.50  emits 0.48  spf 50.2  z0 0.74  garr 99.2  tG 762  e2 0.09  nF 5.0  pS 0.32  ptS 0.30  fLog 0.57  pdΔ -0.1839  pkR 7.62  clip 0.07  kl -0.001
upd  263  steps  540672  sps 1977  opp symm  loss -0.034  pg -0.0014  v 0.006  ev +0.95  adv_std 0.109  tR -0.60  ent[s/d/p/e] 1.76/1.95/1.56/0.51  emits 0.52  spf 43.4  z0 0.73  garr 97.6  tG 764  e2 0.10  nF 5.5  pS 0.33  ptS 0.31  fLog 0.55  pdΔ -0.1735  pkR 7.35  clip 0.07  kl +0.002
upd  264  steps  542720  sps 1979  opp symm  loss -0.003  pg +0.0307  v 0.004  ev +0.97  adv_std 0.089  tR +1.00  ent[s/d/p/e] 1.82/2.00/1.52/0.50  emits 0.49  spf 47.5  z0 0.73  garr 102.5  tG 844  e2 0.09  nF 5.9  pS 0.34  ptS 0.33  fLog 0.57  pdΔ -0.1553  pkR 7.74  clip 0.05  kl +0.001
upd  265  steps  544768  sps 1982  opp symm  loss -0.009  pg +0.0243  v 0.005  ev +0.97  adv_std 0.097  tR +0.33  ent[s/d/p/e] 1.90/2.07/1.53/0.49  emits 0.53  spf 54.4  z0 0.74  garr 104.0  tG 846  e2 0.10  nF 5.7  pS 0.34  ptS 0.33  fLog 0.59  pdΔ -0.1558  pkR 5.94  clip 0.06  kl +0.001
upd  266  steps  546816  sps 1985  opp symm  loss -0.061  pg -0.0305  v 0.009  ev +0.93  adv_std 0.133  tR +0.11  ent[s/d/p/e] 1.83/2.04/1.56/0.47  emits 0.49  spf 50.5  z0 0.75  garr 102.8  tG 818  e2 0.09  nF 5.1  pS 0.33  ptS 0.31  fLog 0.58  pdΔ -0.1704  pkR 6.31  clip 0.06  kl +0.002
upd  267  steps  548864  sps 1988  opp symm  loss -0.049  pg -0.0170  v 0.005  ev +0.95  adv_std 0.103  tR +0.00  ent[s/d/p/e] 1.72/2.04/1.56/0.49  emits 0.43  spf 48.3  z0 0.76  garr 109.8  tG 853  e2 0.08  nF 4.9  pS 0.32  ptS 0.30  fLog 0.57  pdΔ -0.1820  pkR 5.04  clip 0.08  kl +0.002
upd  268  steps  550912  sps 1990  opp symm  loss -0.022  pg +0.0111  v 0.004  ev +0.96  adv_std 0.092  tR +0.50  ent[s/d/p/e] 1.55/1.94/1.57/0.50  emits 0.38  spf 59.4  z0 0.77  garr 125.9  tG 990  e2 0.07  nF 3.9  pS 0.32  ptS 0.30  fLog 0.60  pdΔ -0.1842  pkR 4.67  clip 0.05  kl +0.003
upd  269  steps  552960  sps 1993  opp symm  loss +0.002  pg +0.0350  v 0.005  ev +0.96  adv_std 0.098  tR +0.33  ent[s/d/p/e] 1.61/1.95/1.55/0.51  emits 0.42  spf 62.8  z0 0.75  garr 125.9  tG 1008  e2 0.08  nF 4.3  pS 0.33  ptS 0.31  fLog 0.60  pdΔ -0.1678  pkR 5.39  clip 0.09  kl +0.001
upd  270  steps  555008  sps 1996  opp symm  loss -0.012  pg +0.0192  v 0.006  ev +0.96  adv_std 0.106  tR +0.20  ent[s/d/p/e] 1.57/1.87/1.55/0.50  emits 0.41  spf 53.4  z0 0.75  garr 112.0  tG 861  e2 0.07  nF 4.3  pS 0.32  ptS 0.31  fLog 0.58  pdΔ -0.1808  pkR 5.85  clip 0.05  kl +0.002
upd  271  steps  557056  sps 1999  opp symm  loss -0.042  pg -0.0115  v 0.009  ev +0.93  adv_std 0.139  tR -0.33  ent[s/d/p/e] 1.48/1.76/1.61/0.51  emits 0.43  spf 51.7  z0 0.73  garr 111.7  tG 821  e2 0.08  nF 4.4  pS 0.31  ptS 0.30  fLog 0.57  pdΔ -0.1860  pkR 5.90  clip 0.08  kl +0.001
upd  272  steps  559104  sps 2001  opp symm  loss -0.043  pg -0.0117  v 0.005  ev +0.97  adv_std 0.100  tR -0.14  ent[s/d/p/e] 1.49/1.78/1.57/0.49  emits 0.39  spf 53.5  z0 0.76  garr 108.3  tG 853  e2 0.07  nF 4.0  pS 0.32  ptS 0.31  fLog 0.59  pdΔ -0.1762  pkR 5.92  clip 0.07  kl +0.002
upd  273  steps  561152  sps 2004  opp symm  loss +0.034  pg +0.0652  v 0.005  ev +0.96  adv_std 0.100  tR -0.33  ent[s/d/p/e] 1.57/1.82/1.58/0.49  emits 0.44  spf 58.1  z0 0.73  garr 120.1  tG 940  e2 0.08  nF 4.7  pS 0.33  ptS 0.31  fLog 0.59  pdΔ -0.1725  pkR 5.49  clip 0.04  kl +0.001
upd  274  steps  563200  sps 2007  opp symm  loss +0.026  pg +0.0548  v 0.009  ev +0.93  adv_std 0.133  tR +0.20  ent[s/d/p/e] 1.58/1.82/1.50/0.46  emits 0.34  spf 56.7  z0 0.79  garr 129.3  tG 1020  e2 0.06  nF 4.2  pS 0.34  ptS 0.32  fLog 0.59  pdΔ -0.1645  pkR 5.22  clip 0.04  kl -0.000
upd  275  steps  565248  sps 2009  opp symm  loss -0.005  pg +0.0263  v 0.005  ev +0.96  adv_std 0.096  tR +0.60  ent[s/d/p/e] 1.45/1.74/1.58/0.48  emits 0.36  spf 60.6  z0 0.77  garr 123.1  tG 954  e2 0.07  nF 4.0  pS 0.32  ptS 0.31  fLog 0.59  pdΔ -0.1772  pkR 5.81  clip 0.06  kl +0.002
upd  276  steps  567296  sps 2012  opp symm  loss -0.011  pg +0.0184  v 0.007  ev +0.94  adv_std 0.116  tR +0.60  ent[s/d/p/e] 1.54/1.80/1.48/0.47  emits 0.42  spf 45.3  z0 0.76  garr 129.9  tG 965  e2 0.08  nF 4.2  pS 0.31  ptS 0.30  fLog 0.56  pdΔ -0.1864  pkR 6.12  clip 0.07  kl +0.002
upd  277  steps  569344  sps 2015  opp symm  loss +0.004  pg +0.0344  v 0.005  ev +0.96  adv_std 0.098  tR +0.50  ent[s/d/p/e] 1.56/1.86/1.52/0.46  emits 0.44  spf 46.3  z0 0.75  garr 134.2  tG 1011  e2 0.09  nF 5.2  pS 0.31  ptS 0.29  fLog 0.56  pdΔ -0.1943  pkR 6.02  clip 0.11  kl +0.002
upd  278  steps  571392  sps 2017  opp symm  loss +0.003  pg +0.0349  v 0.005  ev +0.96  adv_std 0.105  tR +0.20  ent[s/d/p/e] 1.55/1.81/1.58/0.48  emits 0.48  spf 42.4  z0 0.75  garr 146.4  tG 1100  e2 0.10  nF 4.9  pS 0.31  ptS 0.30  fLog 0.56  pdΔ -0.1900  pkR 6.39  clip 0.05  kl -0.001
upd  279  steps  573440  sps 2020  opp symm  loss -0.011  pg +0.0201  v 0.006  ev +0.96  adv_std 0.107  tR -0.33  ent[s/d/p/e] 1.51/1.81/1.59/0.48  emits 0.48  spf 44.6  z0 0.74  garr 135.5  tG 1002  e2 0.10  nF 5.0  pS 0.31  ptS 0.30  fLog 0.57  pdΔ -0.1875  pkR 7.10  clip 0.08  kl +0.003
upd  280  steps  575488  sps 2022  opp symm  loss +0.002  pg +0.0327  v 0.005  ev +0.96  adv_std 0.104  tR +0.00  ent[s/d/p/e] 1.51/1.85/1.57/0.47  emits 0.45  spf 41.3  z0 0.75  garr 149.6  tG 1128  e2 0.09  nF 5.2  pS 0.34  ptS 0.33  fLog 0.56  pdΔ -0.1619  pkR 6.46  clip 0.03  kl +0.001
upd  281  steps  577536  sps 2025  opp symm  loss -0.056  pg -0.0262  v 0.008  ev +0.95  adv_std 0.126  tR +0.11  ent[s/d/p/e] 1.66/1.94/1.54/0.45  emits 0.51  spf 44.1  z0 0.75  garr 150.5  tG 1099  e2 0.10  nF 5.4  pS 0.34  ptS 0.32  fLog 0.57  pdΔ -0.1639  pkR 7.01  clip 0.05  kl +0.001
upd  282  steps  579584  sps 2027  opp symm  loss -0.056  pg -0.0262  v 0.006  ev +0.95  adv_std 0.113  tR +0.71  ent[s/d/p/e] 1.63/1.97/1.52/0.44  emits 0.44  spf 43.5  z0 0.77  garr 126.4  tG 903  e2 0.08  nF 4.9  pS 0.31  ptS 0.30  fLog 0.56  pdΔ -0.1925  pkR 6.49  clip 0.05  kl +0.003
upd  283  steps  581632  sps 2030  opp symm  loss +0.000  pg +0.0290  v 0.007  ev +0.95  adv_std 0.116  tR +0.14  ent[s/d/p/e] 1.36/1.85/1.56/0.44  emits 0.34  spf 48.6  z0 0.79  garr 129.7  tG 953  e2 0.06  nF 3.9  pS 0.29  ptS 0.28  fLog 0.57  pdΔ -0.2099  pkR 7.20  clip 0.05  kl +0.001
upd  284  steps  583680  sps 2033  opp symm  loss +0.010  pg +0.0392  v 0.008  ev +0.95  adv_std 0.129  tR +0.00  ent[s/d/p/e] 1.41/1.87/1.57/0.46  emits 0.37  spf 55.9  z0 0.78  garr 139.9  tG 1066  e2 0.08  nF 3.9  pS 0.29  ptS 0.28  fLog 0.59  pdΔ -0.2077  pkR 7.64  clip 0.04  kl -0.001
upd  285  steps  585728  sps 2035  opp symm  loss -0.006  pg +0.0232  v 0.006  ev +0.96  adv_std 0.111  tR +0.00  ent[s/d/p/e] 1.44/1.82/1.52/0.46  emits 0.42  spf 52.1  z0 0.76  garr 134.6  tG 1146  e2 0.09  nF 4.5  pS 0.31  ptS 0.31  fLog 0.58  pdΔ -0.1853  pkR 8.19  clip 0.06  kl +0.002
upd  286  steps  587776  sps 2038  opp symm  loss -0.011  pg +0.0200  v 0.006  ev +0.97  adv_std 0.111  tR -1.00  ent[s/d/p/e] 1.56/1.85/1.51/0.49  emits 0.47  spf 49.8  z0 0.74  garr 129.4  tG 1115  e2 0.09  nF 5.1  pS 0.33  ptS 0.33  fLog 0.57  pdΔ -0.1663  pkR 9.34  clip 0.07  kl +0.002
upd  287  steps  589824  sps 2040  opp symm  loss -0.055  pg -0.0230  v 0.004  ev +0.98  adv_std 0.094  tR +0.14  ent[s/d/p/e] 1.66/1.89/1.55/0.47  emits 0.45  spf 51.6  z0 0.75  garr 142.3  tG 1208  e2 0.10  nF 4.8  pS 0.35  ptS 0.35  fLog 0.59  pdΔ -0.1451  pkR 7.46  clip 0.05  kl -0.001
upd  288  steps  591872  sps 2043  opp symm  loss +0.005  pg +0.0364  v 0.004  ev +0.98  adv_std 0.090  tR -0.50  ent[s/d/p/e] 1.59/1.94/1.59/0.46  emits 0.44  spf 57.4  z0 0.75  garr 133.5  tG 1176  e2 0.09  nF 4.4  pS 0.35  ptS 0.34  fLog 0.60  pdΔ -0.1511  pkR 6.09  clip 0.07  kl +0.002
upd  289  steps  593920  sps 2045  opp symm  loss +0.010  pg +0.0404  v 0.008  ev +0.96  adv_std 0.124  tR -0.50  ent[s/d/p/e] 1.75/2.10/1.50/0.47  emits 0.54  spf 53.8  z0 0.74  garr 135.0  tG 1230  e2 0.11  nF 4.7  pS 0.36  ptS 0.36  fLog 0.59  pdΔ -0.1351  pkR 6.27  clip 0.05  kl +0.001
upd  290  steps  595968  sps 2048  opp symm  loss -0.043  pg -0.0103  v 0.005  ev +0.98  adv_std 0.096  tR +0.71  ent[s/d/p/e] 1.82/2.14/1.48/0.47  emits 0.59  spf 60.6  z0 0.73  garr 137.0  tG 1214  e2 0.12  nF 4.9  pS 0.35  ptS 0.35  fLog 0.61  pdΔ -0.1452  pkR 6.31  clip 0.10  kl +0.003
upd  291  steps  598016  sps 2050  opp symm  loss -0.013  pg +0.0185  v 0.005  ev +0.97  adv_std 0.099  tR +0.60  ent[s/d/p/e] 1.60/1.93/1.56/0.48  emits 0.51  spf 62.2  z0 0.74  garr 131.8  tG 1114  e2 0.10  nF 4.1  pS 0.33  ptS 0.32  fLog 0.61  pdΔ -0.1743  pkR 7.82  clip 0.07  kl +0.000
upd  292  steps  600064  sps 2053  opp symm  loss +0.022  pg +0.0520  v 0.008  ev +0.96  adv_std 0.128  tR -0.20  ent[s/d/p/e] 1.64/1.90/1.55/0.48  emits 0.56  spf 55.2  z0 0.73  garr 138.9  tG 1144  e2 0.11  nF 4.8  pS 0.33  ptS 0.33  fLog 0.59  pdΔ -0.1665  pkR 8.25  clip 0.09  kl +0.005
upd  293  steps  602112  sps 2055  opp symm  loss -0.045  pg -0.0138  v 0.007  ev +0.97  adv_std 0.120  tR -1.00  ent[s/d/p/e] 1.65/1.99/1.47/0.49  emits 0.53  spf 59.2  z0 0.73  garr 142.1  tG 1157  e2 0.11  nF 4.9  pS 0.35  ptS 0.34  fLog 0.60  pdΔ -0.1495  pkR 8.99  clip 0.06  kl +0.002
upd  294  steps  604160  sps 2057  opp symm  loss -0.075  pg -0.0450  v 0.008  ev +0.96  adv_std 0.126  tR -0.11  ent[s/d/p/e] 1.57/1.97/1.44/0.49  emits 0.53  spf 55.7  z0 0.72  garr 143.3  tG 1156  e2 0.10  nF 4.3  pS 0.36  ptS 0.35  fLog 0.59  pdΔ -0.1400  pkR 8.91  clip 0.07  kl +0.002
upd  295  steps  606208  sps 2060  opp symm  loss -0.062  pg -0.0320  v 0.005  ev +0.97  adv_std 0.099  tR +0.60  ent[s/d/p/e] 1.35/1.74/1.45/0.50  emits 0.49  spf 51.6  z0 0.73  garr 138.3  tG 1134  e2 0.10  nF 4.3  pS 0.34  ptS 0.32  fLog 0.57  pdΔ -0.1643  pkR 7.25  clip 0.09  kl +0.004
upd  296  steps  608256  sps 2062  opp symm  loss +0.004  pg +0.0342  v 0.006  ev +0.97  adv_std 0.107  tR +0.14  ent[s/d/p/e] 1.35/1.75/1.49/0.49  emits 0.47  spf 54.5  z0 0.73  garr 136.8  tG 1154  e2 0.10  nF 4.3  pS 0.33  ptS 0.32  fLog 0.58  pdΔ -0.1656  pkR 7.00  clip 0.08  kl +0.004
upd  297  steps  610304  sps 2065  opp symm  loss +0.018  pg +0.0470  v 0.007  ev +0.96  adv_std 0.118  tR +0.50  ent[s/d/p/e] 1.38/1.72/1.46/0.49  emits 0.48  spf 48.9  z0 0.73  garr 131.9  tG 1098  e2 0.10  nF 4.7  pS 0.33  ptS 0.31  fLog 0.57  pdΔ -0.1747  pkR 6.90  clip 0.06  kl +0.003
upd  298  steps  612352  sps 2067  opp symm  loss +0.023  pg +0.0528  v 0.007  ev +0.96  adv_std 0.116  tR -0.43  ent[s/d/p/e] 1.30/1.78/1.53/0.50  emits 0.48  spf 45.8  z0 0.73  garr 123.6  tG 1041  e2 0.10  nF 5.2  pS 0.33  ptS 0.32  fLog 0.57  pdΔ -0.1694  pkR 6.62  clip 0.06  kl +0.000
[eval_vs_v20] WARN failed: v20 mini gate failed (rc=1): in
  File "<frozen runpy>", line 88, in _run_code
  File "/home/charlie/project/OrbitWarRL/orbit_wars_rl/scripts/export_submission.py", line 472, in <module>
    raise SystemExit(main())
                     ~~~~^^
  File "/home/charlie/project/OrbitWarRL/orbit_wars_rl/scripts/export_submission.py", line 362, in main
    status = run_parity(
        args.ckpt,
    ...<12 lines>...
        min_pct_bin=mask_flags["min_pct_bin"],
    )
  File "/home/charlie/project/OrbitWarRL/orbit_wars_rl/inference/test_parity.py", line 164, in run_parity
    sa = model.apply(
        params, obs, jax.random.PRNGKey(42),
    ...<3 lines>...
        deterministic=True,
    )
  File "/home/charlie/project/OrbitWarRL/orbit_wars_rl/net/model.py", line 437, in __call__
    enc = self._encode(obs)
  File "/home/charlie/project/OrbitWarRL/orbit_wars_rl/net/model.py", line 221, in _encode
    return self.encoder(
           ~~~~~~~~~~~~^
        obs.planet_feats,
        ^^^^^^^^^^^^^^^^^
    ...<3 lines>...
        obs.global_feats,
        ^^^^^^^^^^^^^^^^^
    )
    ^
  File "/home/charlie/project/OrbitWarRL/orbit_wars_rl/net/transformer.py", line 87, in __call__
    global_token = nn.Dense(self.d_model, name="global_proj")(global_feats)[:, None, :]
                   ~~~~~~~~~~~~~~~~~~~~~~~~~~~~~~~~~~~~~~~~~~^^^^^^^^^^^^^^
  File "/home/charlie/anaconda3/lib/python3.13/site-packages/flax/linen/linear.py", line 263, in __call__
    kernel = self.param(
      'kernel',
    ...<2 lines>...
      self.param_dtype,
    )
flax.errors.ScopeParamShapeError: For parameter "kernel" in "/encoder/global_proj", the given initializer is expected to generate shape (27, 256), but the existing parameter it received has shape (24, 256). (https://flax.readthedocs.io/en/latest/api_reference/flax.errors.html#flax.errors.ScopeParamShapeError)
--------------------
For simplicity, JAX has removed its internal frames from the traceback of the following exception. Set JAX_TRACEBACK_FILTERING=off to include these.

