loading agent: submission_v20_0513.py
loading opponent: submission_v20_0513.py
Loading environment cabt failed: dlopen(/opt/anaconda3/lib/python3.12/site-packages/kaggle_environments/envs/cabt/cg/libcg.so, 0x0006): tried: '/opt/anaconda3/lib/python3.12/site-packages/kaggle_environments/envs/cabt/cg/libcg.so' (slice is not valid mach-o file), '/System/Volumes/Preboot/Cryptexes/OS/opt/anaconda3/lib/python3.12/site-packages/kaggle_environments/envs/cabt/cg/libcg.so' (no such file), '/opt/anaconda3/lib/python3.12/site-packages/kaggle_environments/envs/cabt/cg/libcg.so' (slice is not valid mach-o file)
[kaggle_environments.envs.open_spiel_env.open_spiel_env] INFO: Successfully loaded OpenSpiel environments: 23.
[kaggle_environments.envs.open_spiel_env.open_spiel_env] INFO:    open_spiel_amazons
[kaggle_environments.envs.open_spiel_env.open_spiel_env] INFO:    open_spiel_backgammon
[kaggle_environments.envs.open_spiel_env.open_spiel_env] INFO:    open_spiel_checkers
[kaggle_environments.envs.open_spiel_env.open_spiel_env] INFO:    open_spiel_chess
[kaggle_environments.envs.open_spiel_env.open_spiel_env] INFO:    open_spiel_clobber
[kaggle_environments.envs.open_spiel_env.open_spiel_env] INFO:    open_spiel_coin_game
[kaggle_environments.envs.open_spiel_env.open_spiel_env] INFO:    open_spiel_connect_four
[kaggle_environments.envs.open_spiel_env.open_spiel_env] INFO:    open_spiel_dark_hex
[kaggle_environments.envs.open_spiel_env.open_spiel_env] INFO:    open_spiel_gin_rummy
[kaggle_environments.envs.open_spiel_env.open_spiel_env] INFO:    open_spiel_go
[kaggle_environments.envs.open_spiel_env.open_spiel_env] INFO:    open_spiel_goofspiel
[kaggle_environments.envs.open_spiel_env.open_spiel_env] INFO:    open_spiel_hearts
[kaggle_environments.envs.open_spiel_env.open_spiel_env] INFO:    open_spiel_hex
[kaggle_environments.envs.open_spiel_env.open_spiel_env] INFO:    open_spiel_lines_of_action
[kaggle_environments.envs.open_spiel_env.open_spiel_env] INFO:    open_spiel_matching_pennies_3p
[kaggle_environments.envs.open_spiel_env.open_spiel_env] INFO:    open_spiel_oshi_zumo
[kaggle_environments.envs.open_spiel_env.open_spiel_env] INFO:    open_spiel_othello
[kaggle_environments.envs.open_spiel_env.open_spiel_env] INFO:    open_spiel_repeated_game
[kaggle_environments.envs.open_spiel_env.open_spiel_env] INFO:    open_spiel_tic_tac_toe
[kaggle_environments.envs.open_spiel_env.open_spiel_env] INFO:    open_spiel_y
[kaggle_environments.envs.open_spiel_env.open_spiel_env] INFO:    open_spiel_universal_poker
[kaggle_environments.envs.open_spiel_env.open_spiel_env] INFO:    open_spiel_repeated_poker
[kaggle_environments.envs.open_spiel_env.open_spiel_env] INFO:    open_spiel_python_repeated_pokerkit
[kaggle_environments.envs.open_spiel_env.open_spiel_env] INFO: OpenSpiel games skipped: 1.
[kaggle_environments.envs.open_spiel_env.open_spiel_env] INFO:    snake
  game 1/100: 400 samples emits/game=747 | total=400 (63.4s)
  game 2: +218 samples (83.5s)
  game 3: +362 samples (163.2s)
  game 4: +998 samples (320.7s)
  game 5: +214 samples (335.9s)
  game 6/100: 224 samples emits/game=276 | total=2416 (359.2s)
  game 7: +538 samples (463.2s)
  game 8: +270 samples (494.9s)
  game 9: +166 samples (500.4s)
  game 10: +284 samples (522.2s)
  game 11/100: 912 samples emits/game=1711 | total=4586 (710.6s)
  game 12: +208 samples (738.1s)
  game 13: +214 samples (754.8s)
  game 14: +240 samples (780.3s)
  game 15: +194 samples (792.0s)
  game 16/100: 294 samples emits/game=126 | total=5736 (834.6s)
  game 17: +128 samples (842.8s)
  game 18: +172 samples (882.2s)
