upd    0  steps    4096  sps 163  opp rand  loss -0.049  pg -0.0010  v 0.009  adv_std 0.109  tR +0.00  ent[s/d/p/e] 0.89/2.95/1.35/0.59  emits 2.43  clip 0.03  kl +0.001
upd    1  steps    8192  sps 322  opp rand  loss -0.030  pg -0.0028  v 0.048  adv_std 0.290  tR -0.44  ent[s/d/p/e] 1.18/2.96/1.35/0.52  emits 2.86  clip 0.04  kl +0.002
upd    2  steps   12288  sps 478  opp rand  loss -0.050  pg -0.0017  v 0.011  adv_std 0.139  tR +0.14  ent[s/d/p/e] 1.49/2.96/1.34/0.55  emits 2.96  clip 0.09  kl +0.004
upd    3  steps   16384  sps 631  opp rand  loss -0.046  pg -0.0038  v 0.020  adv_std 0.202  tR -0.44  ent[s/d/p/e] 1.05/2.95/1.34/0.57  emits 2.41  clip 0.09  kl +0.006
upd    4  steps   20480  sps 781  opp rand  loss -0.039  pg -0.0026  v 0.028  adv_std 0.236  tR -0.44  ent[s/d/p/e] 1.29/2.96/1.34/0.47  emits 3.02  clip 0.11  kl +0.007
upd    5  steps   24576  sps 927  opp rand  loss -0.052  pg -0.0027  v 0.006  adv_std 0.107  tR +0.33  ent[s/d/p/e] 1.37/2.95/1.35/0.53  emits 2.99  clip 0.13  kl +0.005
upd    6  steps   28672  sps 1070  opp rand  loss -0.047  pg -0.0040  v 0.018  adv_std 0.193  tR -0.45  ent[s/d/p/e] 1.07/2.95/1.34/0.57  emits 2.48  clip 0.11  kl +0.004
upd    7  steps   32768  sps 1211  opp rand  loss -0.047  pg -0.0019  v 0.014  adv_std 0.172  tR -0.12  ent[s/d/p/e] 1.38/2.96/1.34/0.51  emits 2.61  clip 0.12  kl +0.007
upd    8  steps   36864  sps 1348  opp rand  loss -0.052  pg -0.0031  v 0.007  adv_std 0.114  tR -1.00  ent[s/d/p/e] 1.27/2.95/1.34/0.54  emits 2.73  clip 0.11  kl +0.007
upd    9  steps   40960  sps 1483  opp rand  loss -0.047  pg -0.0041  v 0.016  adv_std 0.177  tR -0.25  ent[s/d/p/e] 1.05/2.96/1.34/0.52  emits 2.50  clip 0.13  kl +0.007 WRr 0.03 WRf 0.00
upd   10  steps   45056  sps 1199  opp rand  loss -0.049  pg -0.0042  v 0.014  adv_std 0.164  tR -0.38  ent[s/d/p/e] 1.29/2.96/1.33/0.50  emits 2.83  clip 0.12  kl +0.003
upd   11  steps   49152  sps 1299  opp rand  loss -0.051  pg -0.0015  v 0.006  adv_std 0.113  tR -0.14  ent[s/d/p/e] 1.25/2.96/1.34/0.56  emits 2.55  clip 0.10  kl +0.004
upd   12  steps   53248  sps 1397  opp rand  loss -0.048  pg -0.0023  v 0.012  adv_std 0.154  tR -0.08  ent[s/d/p/e] 1.08/2.97/1.34/0.55  emits 2.46  clip 0.10  kl +0.004
upd   13  steps   57344  sps 1494  opp rand  loss -0.051  pg -0.0022  v 0.011  adv_std 0.147  tR +0.00  ent[s/d/p/e] 1.41/2.97/1.33/0.57  emits 2.69  clip 0.15  kl +0.007
upd   14  steps   61440  sps 1589  opp rand  loss -0.050  pg -0.0028  v 0.010  adv_std 0.142  tR -0.13  ent[s/d/p/e] 0.99/2.96/1.34/0.59  emits 2.32  clip 0.08  kl +0.003
upd   15  steps   65536  sps 1683  opp rand  loss -0.050  pg -0.0050  v 0.011  adv_std 0.153  tR -0.38  ent[s/d/p/e] 1.05/2.97/1.33/0.54  emits 2.44  clip 0.06  kl +0.004
upd   16  steps   69632  sps 1775  opp rand  loss -0.053  pg -0.0047  v 0.007  adv_std 0.124  tR -0.56  ent[s/d/p/e] 1.20/2.96/1.33/0.56  emits 2.57  clip 0.09  kl +0.004
upd   17  steps   73728  sps 1867  opp rand  loss -0.049  pg -0.0037  v 0.013  adv_std 0.159  tR -0.60  ent[s/d/p/e] 1.00/2.97/1.33/0.58  emits 2.42  clip 0.10  kl +0.004
upd   18  steps   77824  sps 1957  opp rand  loss -0.049  pg -0.0028  v 0.013  adv_std 0.164  tR -0.24  ent[s/d/p/e] 1.19/2.97/1.34/0.58  emits 2.35  clip 0.11  kl +0.003
upd   19  steps   81920  sps 2046  opp rand  loss -0.053  pg -0.0030  v 0.007  adv_std 0.119  tR -0.33  ent[s/d/p/e] 1.26/2.97/1.33/0.59  emits 2.42  clip 0.06  kl +0.002 WRr 0.03 WRf 0.09
upd   20  steps   86016  sps 1778  opp rand  loss -0.051  pg -0.0031  v 0.011  adv_std 0.149  tR +0.20  ent[s/d/p/e] 1.09/2.98/1.33/0.61  emits 2.16  clip 0.06  kl +0.002
upd   21  steps   90112  sps 1852  opp rand  loss -0.047  pg -0.0020  v 0.017  adv_std 0.185  tR -0.33  ent[s/d/p/e] 1.26/2.98/1.32/0.59  emits 2.37  clip 0.04  kl +0.002
upd   22  steps   94208  sps 1925  opp rand  loss -0.053  pg -0.0029  v 0.008  adv_std 0.126  tR -0.27  ent[s/d/p/e] 1.23/2.98/1.33/0.62  emits 2.20  clip 0.05  kl +0.002
upd   23  steps   98304  sps 1998  opp rand  loss -0.051  pg -0.0028  v 0.009  adv_std 0.136  tR -0.33  ent[s/d/p/e] 1.00/2.98/1.33/0.59  emits 2.26  clip 0.06  kl +0.003
upd   24  steps  102400  sps 2069  opp rand  loss -0.048  pg -0.0028  v 0.014  adv_std 0.166  tR -0.38  ent[s/d/p/e] 1.22/2.97/1.32/0.57  emits 2.35  clip 0.06  kl +0.004
upd   25  steps  106496  sps 2140  opp rand  loss -0.053  pg -0.0033  v 0.007  adv_std 0.120  tR +0.00  ent[s/d/p/e] 1.08/2.98/1.33/0.60  emits 2.29  clip 0.03  kl +0.002
upd   26  steps  110592  sps 2210  opp rand  loss -0.048  pg -0.0015  v 0.009  adv_std 0.137  tR -0.48  ent[s/d/p/e] 0.97/2.98/1.33/0.56  emits 2.48  clip 0.02  kl +0.002
upd   27  steps  114688  sps 2279  opp rand  loss -0.051  pg -0.0016  v 0.011  adv_std 0.151  tR -0.18  ent[s/d/p/e] 1.39/2.98/1.33/0.62  emits 2.21  clip 0.00  kl +0.001
upd   28  steps  118784  sps 2348  opp rand  loss -0.050  pg -0.0014  v 0.011  adv_std 0.148  tR -0.10  ent[s/d/p/e] 1.07/2.98/1.33/0.64  emits 1.96  clip 0.02  kl +0.002
upd   29  steps  122880  sps 2416  opp rand  loss -0.049  pg -0.0019  v 0.015  adv_std 0.171  tR -0.12  ent[s/d/p/e] 1.23/2.98/1.33/0.64  emits 1.95  clip 0.01  kl +0.001 WRr 0.25 WRf 0.38
upd   30  steps  126976  sps 2143  opp rand  loss -0.052  pg -0.0017  v 0.008  adv_std 0.130  tR -0.06  ent[s/d/p/e] 1.28/2.98/1.32/0.61  emits 2.06  clip 0.01  kl +0.001
upd   31  steps  131072  sps 2202  opp rand  loss -0.051  pg -0.0015  v 0.009  adv_std 0.133  tR +0.05  ent[s/d/p/e] 1.13/2.98/1.33/0.63  emits 2.02  clip 0.01  kl +0.001
upd   32  steps  135168  sps 2261  opp rand  loss -0.050  pg -0.0012  v 0.014  adv_std 0.167  tR -0.04  ent[s/d/p/e] 1.28/2.98/1.33/0.65  emits 1.93  clip 0.01  kl +0.001
upd   33  steps  139264  sps 2319  opp rand  loss -0.051  pg -0.0006  v 0.010  adv_std 0.141  tR -0.33  ent[s/d/p/e] 1.17/2.98/1.34/0.65  emits 1.93  clip 0.00  kl +0.000
upd   34  steps  143360  sps 2376  opp rand  loss -0.052  pg -0.0018  v 0.008  adv_std 0.127  tR -0.37  ent[s/d/p/e] 1.14/2.98/1.33/0.64  emits 1.85  clip 0.00  kl -0.000
upd   35  steps  147456  sps 2433  opp rand  loss -0.049  pg -0.0004  v 0.015  adv_std 0.174  tR +0.36  ent[s/d/p/e] 1.35/2.98/1.34/0.66  emits 1.69  clip 0.00  kl +0.000
upd   36  steps  151552  sps 2489  opp rand  loss -0.051  pg -0.0007  v 0.013  adv_std 0.158  tR +0.08  ent[s/d/p/e] 1.48/2.98/1.34/0.65  emits 1.80  clip 0.00  kl +0.000
upd   37  steps  155648  sps 2545  opp rand  loss -0.051  pg -0.0004  v 0.009  adv_std 0.136  tR +0.00  ent[s/d/p/e] 1.26/2.98/1.34/0.65  emits 1.81  clip 0.00  kl +0.000
upd   38  steps  159744  sps 2600  opp rand  loss -0.051  pg -0.0004  v 0.012  adv_std 0.154  tR +0.24  ent[s/d/p/e] 1.40/2.98/1.34/0.66  emits 1.72  clip 0.00  kl +0.000
upd   39  steps  163840  sps 2655  opp rand  loss -0.049  pg -0.0007  v 0.015  adv_std 0.173  tR +0.10  ent[s/d/p/e] 1.19/2.98/1.34/0.66  emits 1.74  clip 0.00  kl +0.000 WRr 0.31 WRf 0.25
upd   40  steps  167936  sps 2145  opp frzn  loss -0.050  pg -0.0007  v 0.010  adv_std 0.139  tR +0.32  ent[s/d/p/e] 1.07/2.97/1.33/0.65  emits 1.62  clip 0.00  kl +0.000
upd   41  steps  172032  sps 2189  opp rand  loss -0.052  pg -0.0008  v 0.010  adv_std 0.142  tR -0.11  ent[s/d/p/e] 1.33/2.98/1.35/0.65  emits 1.69  clip 0.00  kl +0.001
upd   42  steps  176128  sps 2232  opp frzn  loss -0.051  pg -0.0010  v 0.010  adv_std 0.143  tR +0.35  ent[s/d/p/e] 1.26/2.97/1.33/0.65  emits 1.56  clip 0.00  kl +0.001
upd   43  steps  180224  sps 2275  opp frzn  loss -0.049  pg -0.0005  v 0.011  adv_std 0.150  tR +0.44  ent[s/d/p/e] 1.13/2.98/1.33/0.64  emits 1.58  clip 0.00  kl +0.000
upd   44  steps  184320  sps 2319  opp rand  loss -0.050  pg -0.0007  v 0.012  adv_std 0.156  tR +0.10  ent[s/d/p/e] 1.30/2.98/1.35/0.65  emits 1.56  clip 0.00  kl -0.000
upd   45  steps  188416  sps 2361  opp frzn  loss -0.050  pg -0.0007  v 0.010  adv_std 0.143  tR +0.06  ent[s/d/p/e] 1.14/2.97/1.33/0.65  emits 1.60  clip 0.00  kl -0.000
upd   46  steps  192512  sps 2403  opp frzn  loss -0.051  pg -0.0008  v 0.010  adv_std 0.142  tR -0.04  ent[s/d/p/e] 1.28/2.97/1.34/0.64  emits 1.55  clip 0.00  kl +0.000
upd   47  steps  196608  sps 2446  opp rand  loss -0.051  pg -0.0004  v 0.011  adv_std 0.148  tR +0.06  ent[s/d/p/e] 1.31/2.97/1.34/0.65  emits 1.59  clip 0.00  kl -0.000
upd   48  steps  200704  sps 2487  opp frzn  loss -0.051  pg -0.0009  v 0.009  adv_std 0.134  tR +0.50  ent[s/d/p/e] 1.18/2.97/1.32/0.65  emits 1.60  clip 0.00  kl -0.000
upd   49  steps  204800  sps 2529  opp rand  loss -0.050  pg -0.0008  v 0.013  adv_std 0.160  tR -0.15  ent[s/d/p/e] 1.25/2.97/1.34/0.66  emits 1.70  clip 0.00  kl +0.000 WRr 0.47 WRf 0.41
upd   50  steps  208896  sps 2334  opp rand  loss -0.052  pg -0.0014  v 0.009  adv_std 0.138  tR -0.07  ent[s/d/p/e] 1.20/2.97/1.34/0.64  emits 1.67  clip 0.00  kl +0.001
upd   51  steps  212992  sps 2372  opp rand  loss -0.050  pg -0.0005  v 0.010  adv_std 0.143  tR +0.13  ent[s/d/p/e] 1.07/2.97/1.35/0.66  emits 1.56  clip 0.00  kl -0.001
upd   52  steps  217088  sps 2409  opp frzn  loss -0.049  pg -0.0014  v 0.016  adv_std 0.176  tR +0.20  ent[s/d/p/e] 1.22/2.97/1.34/0.64  emits 1.53  clip 0.00  kl +0.000
upd   53  steps  221184  sps 2447  opp rand  loss -0.051  pg -0.0008  v 0.011  adv_std 0.146  tR +0.24  ent[s/d/p/e] 1.32/2.98/1.35/0.64  emits 1.58  clip 0.00  kl +0.000
upd   54  steps  225280  sps 2484  opp frzn  loss -0.049  pg -0.0005  v 0.011  adv_std 0.150  tR +0.18  ent[s/d/p/e] 1.15/2.97/1.34/0.63  emits 1.45  clip 0.00  kl +0.000
upd   55  steps  229376  sps 2520  opp frzn  loss -0.051  pg -0.0004  v 0.008  adv_std 0.123  tR +0.22  ent[s/d/p/e] 1.38/2.97/1.33/0.61  emits 1.39  clip 0.00  kl +0.000
upd   56  steps  233472  sps 2556  opp frzn  loss -0.050  pg -0.0010  v 0.010  adv_std 0.141  tR -0.05  ent[s/d/p/e] 1.17/2.97/1.34/0.63  emits 1.43  clip 0.00  kl -0.000
upd   57  steps  237568  sps 2593  opp rand  loss -0.050  pg -0.0003  v 0.012  adv_std 0.157  tR -0.04  ent[s/d/p/e] 1.30/2.97/1.34/0.64  emits 1.47  clip 0.00  kl +0.000
upd   58  steps  241664  sps 2630  opp rand  loss -0.051  pg -0.0004  v 0.010  adv_std 0.138  tR +0.25  ent[s/d/p/e] 1.20/2.98/1.35/0.64  emits 1.49  clip 0.00  kl +0.000
upd   59  steps  245760  sps 2666  opp frzn  loss -0.049  pg -0.0008  v 0.012  adv_std 0.152  tR +0.30  ent[s/d/p/e] 1.01/2.97/1.34/0.64  emits 1.46  clip 0.00  kl +0.000 WRr 0.38 WRf 0.38
upd   60  steps  249856  sps 2489  opp frzn  loss -0.050  pg -0.0004  v 0.012  adv_std 0.154  tR +0.08  ent[s/d/p/e] 1.26/2.97/1.34/0.63  emits 1.51  clip 0.00  kl +0.001
upd   61  steps  253952  sps 2522  opp frzn  loss -0.050  pg -0.0006  v 0.010  adv_std 0.140  tR +0.00  ent[s/d/p/e] 1.31/2.97/1.34/0.62  emits 1.48  clip 0.00  kl -0.000
upd   62  steps  258048  sps 2556  opp rand  loss -0.050  pg -0.0003  v 0.009  adv_std 0.137  tR +0.04  ent[s/d/p/e] 1.17/2.97/1.34/0.64  emits 1.47  clip 0.00  kl -0.000
upd   63  steps  262144  sps 2589  opp rand  loss -0.051  pg -0.0008  v 0.012  adv_std 0.152  tR +0.05  ent[s/d/p/e] 1.33/2.97/1.35/0.63  emits 1.45  clip 0.00  kl +0.000
upd   64  steps  266240  sps 2622  opp frzn  loss -0.049  pg -0.0009  v 0.012  adv_std 0.158  tR +0.30  ent[s/d/p/e] 1.13/2.97/1.34/0.61  emits 1.39  clip 0.00  kl +0.000
upd   65  steps  270336  sps 2655  opp rand  loss -0.048  pg -0.0001  v 0.013  adv_std 0.163  tR +0.22  ent[s/d/p/e] 1.18/2.97/1.35/0.61  emits 1.37  clip 0.00  kl +0.000
upd   66  steps  274432  sps 2687  opp frzn  loss -0.050  pg -0.0003  v 0.009  adv_std 0.134  tR +0.33  ent[s/d/p/e] 1.35/2.97/1.33/0.60  emits 1.39  clip 0.00  kl +0.000
upd   67  steps  278528  sps 2720  opp rand  loss -0.050  pg -0.0006  v 0.011  adv_std 0.145  tR +0.11  ent[s/d/p/e] 1.35/2.97/1.35/0.61  emits 1.37  clip 0.00  kl +0.000
upd   68  steps  282624  sps 2752  opp rand  loss -0.050  pg -0.0003  v 0.010  adv_std 0.144  tR +0.52  ent[s/d/p/e] 1.17/2.98/1.35/0.62  emits 1.44  clip 0.00  kl +0.000
upd   69  steps  286720  sps 2785  opp rand  loss -0.050  pg -0.0005  v 0.012  adv_std 0.155  tR +0.22  ent[s/d/p/e] 1.36/2.98/1.35/0.62  emits 1.46  clip 0.00  kl +0.000 WRr 0.44 WRf 0.41
upd   70  steps  290816  sps 2617  opp frzn  loss -0.051  pg -0.0010  v 0.009  adv_std 0.131  tR -0.10  ent[s/d/p/e] 1.31/2.97/1.34/0.59  emits 1.36  clip 0.00  kl +0.000
upd   71  steps  294912  sps 2647  opp rand  loss -0.049  pg -0.0002  v 0.010  adv_std 0.141  tR +0.50  ent[s/d/p/e] 1.24/2.98/1.35/0.59  emits 1.37  clip 0.00  kl +0.000
upd   72  steps  299008  sps 2676  opp frzn  loss -0.049  pg -0.0004  v 0.011  adv_std 0.146  tR +0.00  ent[s/d/p/e] 1.31/2.97/1.34/0.58  emits 1.33  clip 0.00  kl +0.000
upd   73  steps  303104  sps 2706  opp rand  loss -0.050  pg -0.0004  v 0.010  adv_std 0.142  tR +0.20  ent[s/d/p/e] 1.24/2.98/1.35/0.60  emits 1.38  clip 0.00  kl +0.000
upd   74  steps  307200  sps 2736  opp rand  loss -0.049  pg -0.0006  v 0.011  adv_std 0.147  tR -0.09  ent[s/d/p/e] 1.17/2.97/1.35/0.61  emits 1.38  clip 0.00  kl +0.000
upd   75  steps  311296  sps 2765  opp rand  loss -0.047  pg -0.0003  v 0.016  adv_std 0.180  tR +0.22  ent[s/d/p/e] 1.11/2.97/1.34/0.63  emits 1.41  clip 0.00  kl -0.000
upd   76  steps  315392  sps 2794  opp frzn  loss -0.050  pg -0.0006  v 0.009  adv_std 0.135  tR -0.16  ent[s/d/p/e] 1.05/2.97/1.35/0.63  emits 1.39  clip 0.00  kl -0.000
upd   77  steps  319488  sps 2822  opp frzn  loss -0.048  pg -0.0001  v 0.011  adv_std 0.150  tR -0.22  ent[s/d/p/e] 1.06/2.97/1.34/0.62  emits 1.43  clip 0.00  kl -0.000
upd   78  steps  323584  sps 2851  opp frzn  loss -0.050  pg -0.0004  v 0.011  adv_std 0.147  tR +0.17  ent[s/d/p/e] 1.24/2.97/1.34/0.62  emits 1.41  clip 0.00  kl +0.000
upd   79  steps  327680  sps 2879  opp frzn  loss -0.051  pg -0.0006  v 0.010  adv_std 0.143  tR -0.09  ent[s/d/p/e] 1.38/2.98/1.35/0.62  emits 1.46  clip 0.00  kl -0.000 WRr 0.50 WRf 0.59
upd   80  steps  331776  sps 2710  opp rand  loss -0.051  pg -0.0007  v 0.009  adv_std 0.133  tR +0.33  ent[s/d/p/e] 1.28/2.98/1.35/0.63  emits 1.51  clip 0.00  kl -0.000
upd   81  steps  335872  sps 2736  opp frzn  loss -0.050  pg -0.0007  v 0.011  adv_std 0.151  tR -0.17  ent[s/d/p/e] 1.19/2.97/1.34/0.64  emits 1.48  clip 0.00  kl -0.000
upd   82  steps  339968  sps 2764  opp rand  loss -0.049  pg -0.0002  v 0.013  adv_std 0.161  tR +0.06  ent[s/d/p/e] 1.24/2.97/1.35/0.65  emits 1.59  clip 0.00  kl +0.000
upd   83  steps  344064  sps 2790  opp frzn  loss -0.051  pg -0.0009  v 0.010  adv_std 0.142  tR -0.04  ent[s/d/p/e] 1.14/2.97/1.34/0.64  emits 1.54  clip 0.00  kl -0.000
upd   84  steps  348160  sps 2817  opp rand  loss -0.049  pg -0.0007  v 0.013  adv_std 0.165  tR +0.00  ent[s/d/p/e] 1.10/2.97/1.34/0.65  emits 1.62  clip 0.00  kl +0.000
upd   85  steps  352256  sps 2843  opp rand  loss -0.051  pg -0.0007  v 0.012  adv_std 0.153  tR +0.00  ent[s/d/p/e] 1.37/2.97/1.35/0.64  emits 1.53  clip 0.00  kl -0.000
upd   86  steps  356352  sps 2869  opp frzn  loss -0.049  pg -0.0008  v 0.013  adv_std 0.159  tR +0.22  ent[s/d/p/e] 1.04/2.97/1.34/0.64  emits 1.48  clip 0.00  kl +0.000
upd   87  steps  360448  sps 2895  opp frzn  loss -0.049  pg -0.0003  v 0.013  adv_std 0.164  tR +0.58  ent[s/d/p/e] 1.31/2.97/1.33/0.63  emits 1.46  clip 0.00  kl -0.000
upd   88  steps  364544  sps 2921  opp rand  loss -0.052  pg -0.0005  v 0.007  adv_std 0.117  tR -0.07  ent[s/d/p/e] 1.20/2.98/1.35/0.64  emits 1.45  clip 0.00  kl +0.000
upd   89  steps  368640  sps 2948  opp rand  loss -0.049  pg -0.0004  v 0.013  adv_std 0.161  tR +0.33  ent[s/d/p/e] 1.13/2.98/1.35/0.65  emits 1.50  clip 0.00  kl -0.000 WRr 0.56 WRf 0.47
upd   90  steps  372736  sps 2798  opp rand  loss -0.050  pg -0.0007  v 0.013  adv_std 0.159  tR +0.05  ent[s/d/p/e] 1.29/2.97/1.35/0.65  emits 1.53  clip 0.00  kl +0.000
upd   91  steps  376832  sps 2822  opp frzn  loss -0.051  pg -0.0003  v 0.009  adv_std 0.136  tR -0.18  ent[s/d/p/e] 1.17/2.97/1.34/0.64  emits 1.60  clip 0.00  kl +0.000
upd   92  steps  380928  sps 2847  opp rand  loss -0.049  pg -0.0006  v 0.013  adv_std 0.163  tR +0.33  ent[s/d/p/e] 1.18/2.97/1.35/0.65  emits 1.52  clip 0.00  kl -0.000
upd   93  steps  385024  sps 2871  opp frzn  loss -0.050  pg -0.0010  v 0.012  adv_std 0.152  tR +0.29  ent[s/d/p/e] 1.22/2.97/1.33/0.64  emits 1.55  clip 0.00  kl +0.000
upd   94  steps  389120  sps 2895  opp frzn  loss -0.052  pg -0.0010  v 0.008  adv_std 0.128  tR +0.16  ent[s/d/p/e] 1.06/2.97/1.34/0.65  emits 1.52  clip 0.00  kl -0.000
upd   95  steps  393216  sps 2918  opp frzn  loss -0.051  pg -0.0010  v 0.011  adv_std 0.151  tR +0.22  ent[s/d/p/e] 1.32/2.97/1.33/0.65  emits 1.51  clip 0.00  kl +0.000
upd   96  steps  397312  sps 2943  opp rand  loss -0.052  pg -0.0006  v 0.010  adv_std 0.144  tR +0.35  ent[s/d/p/e] 1.36/2.97/1.34/0.66  emits 1.62  clip 0.00  kl +0.000
upd   97  steps  401408  sps 2966  opp frzn  loss -0.051  pg -0.0006  v 0.011  adv_std 0.148  tR +0.25  ent[s/d/p/e] 1.26/2.97/1.33/0.66  emits 1.65  clip 0.00  kl +0.000
upd   98  steps  405504  sps 2990  opp rand  loss -0.050  pg -0.0005  v 0.013  adv_std 0.159  tR -0.09  ent[s/d/p/e] 1.25/2.97/1.33/0.65  emits 1.65  clip 0.00  kl +0.000
upd   99  steps  409600  sps 3013  opp frzn  loss -0.052  pg -0.0005  v 0.009  adv_std 0.134  tR +0.38  ent[s/d/p/e] 1.36/2.97/1.32/0.66  emits 1.64  clip 0.00  kl -0.000 WRr 0.47 WRf 0.47
upd  100  steps  413696  sps 2863  opp rand  loss -0.052  pg -0.0008  v 0.010  adv_std 0.144  tR +0.12  ent[s/d/p/e] 1.26/2.97/1.34/0.67  emits 1.63  clip 0.00  kl +0.000
upd  101  steps  417792  sps 2886  opp rand  loss -0.051  pg -0.0002  v 0.011  adv_std 0.146  tR +0.10  ent[s/d/p/e] 1.27/2.97/1.34/0.67  emits 1.75  clip 0.00  kl +0.000
upd  102  steps  421888  sps 2908  opp rand  loss -0.051  pg -0.0007  v 0.010  adv_std 0.145  tR +0.00  ent[s/d/p/e] 1.31/2.97/1.33/0.66  emits 1.69  clip 0.00  kl +0.000
upd  103  steps  425984  sps 2930  opp frzn  loss -0.051  pg -0.0008  v 0.010  adv_std 0.142  tR +0.48  ent[s/d/p/e] 1.26/2.96/1.32/0.66  emits 1.64  clip 0.00  kl +0.000
upd  104  steps  430080  sps 2953  opp rand  loss -0.052  pg -0.0010  v 0.010  adv_std 0.142  tR -0.18  ent[s/d/p/e] 1.24/2.97/1.33/0.66  emits 1.58  clip 0.00  kl +0.000
upd  105  steps  434176  sps 2975  opp rand  loss -0.048  pg -0.0009  v 0.016  adv_std 0.177  tR -0.20  ent[s/d/p/e] 1.11/2.97/1.33/0.67  emits 1.55  clip 0.00  kl +0.000
upd  106  steps  438272  sps 2997  opp frzn  loss -0.050  pg -0.0004  v 0.010  adv_std 0.144  tR +0.33  ent[s/d/p/e] 1.17/2.96/1.32/0.66  emits 1.57  clip 0.00  kl -0.000
upd  107  steps  442368  sps 3018  opp frzn  loss -0.051  pg -0.0002  v 0.011  adv_std 0.148  tR -0.13  ent[s/d/p/e] 1.32/2.96/1.33/0.66  emits 1.58  clip 0.00  kl +0.000
upd  108  steps  446464  sps 3041  opp rand  loss -0.051  pg -0.0004  v 0.010  adv_std 0.141  tR +0.00  ent[s/d/p/e] 1.18/2.96/1.33/0.66  emits 1.59  clip 0.00  kl +0.000
upd  109  steps  450560  sps 3062  opp frzn  loss -0.052  pg -0.0007  v 0.010  adv_std 0.143  tR -0.06  ent[s/d/p/e] 1.34/2.96/1.32/0.66  emits 1.65  clip 0.00  kl +0.000 WRr 0.59 WRf 0.59
upd  110  steps  454656  sps 2929  opp rand  loss -0.051  pg -0.0003  v 0.011  adv_std 0.149  tR +0.37  ent[s/d/p/e] 1.43/2.96/1.33/0.67  emits 1.64  clip 0.00  kl +0.000
upd  111  steps  458752  sps 2950  opp rand  loss -0.050  pg -0.0007  v 0.013  adv_std 0.163  tR +0.25  ent[s/d/p/e] 1.32/2.96/1.34/0.67  emits 1.65  clip 0.00  kl +0.000
upd  112  steps  462848  sps 2971  opp rand  loss -0.051  pg -0.0007  v 0.011  adv_std 0.152  tR +0.45  ent[s/d/p/e] 1.36/2.96/1.33/0.66  emits 1.62  clip 0.00  kl +0.001
upd  113  steps  466944  sps 2992  opp rand  loss -0.051  pg -0.0007  v 0.011  adv_std 0.146  tR +0.22  ent[s/d/p/e] 1.34/2.96/1.33/0.66  emits 1.58  clip 0.00  kl +0.000
upd  114  steps  471040  sps 3012  opp frzn  loss -0.052  pg -0.0014  v 0.009  adv_std 0.135  tR +0.45  ent[s/d/p/e] 1.28/2.96/1.32/0.65  emits 1.56  clip 0.01  kl +0.001
upd  115  steps  475136  sps 3033  opp rand  loss -0.050  pg -0.0004  v 0.011  adv_std 0.149  tR -0.10  ent[s/d/p/e] 1.27/2.96/1.33/0.64  emits 1.46  clip 0.00  kl +0.000
upd  116  steps  479232  sps 3054  opp rand  loss -0.051  pg -0.0005  v 0.010  adv_std 0.144  tR +0.37  ent[s/d/p/e] 1.39/2.96/1.33/0.64  emits 1.45  clip 0.00  kl -0.000
upd  117  steps  483328  sps 3074  opp rand  loss -0.050  pg -0.0005  v 0.013  adv_std 0.164  tR +0.27  ent[s/d/p/e] 1.36/2.96/1.33/0.65  emits 1.52  clip 0.00  kl +0.001
upd  118  steps  487424  sps 3095  opp rand  loss -0.050  pg -0.0005  v 0.013  adv_std 0.163  tR +0.05  ent[s/d/p/e] 1.30/2.96/1.33/0.65  emits 1.55  clip 0.00  kl +0.000
upd  119  steps  491520  sps 3116  opp rand  loss -0.052  pg -0.0006  v 0.009  adv_std 0.133  tR +0.36  ent[s/d/p/e] 1.25/2.96/1.33/0.65  emits 1.55  clip 0.00  kl -0.000 WRr 0.50 WRf 0.56
upd  120  steps  495616  sps 2988  opp frzn  loss -0.051  pg -0.0008  v 0.010  adv_std 0.143  tR -0.09  ent[s/d/p/e] 1.26/2.95/1.32/0.65  emits 1.55  clip 0.00  kl +0.000
upd  121  steps  499712  sps 3007  opp rand  loss -0.050  pg -0.0008  v 0.011  adv_std 0.149  tR +0.00  ent[s/d/p/e] 1.28/2.95/1.33/0.64  emits 1.47  clip 0.00  kl +0.000
upd  122  steps  503808  sps 3026  opp frzn  loss -0.048  pg -0.0012  v 0.015  adv_std 0.173  tR +0.20  ent[s/d/p/e] 1.21/2.96/1.32/0.63  emits 1.47  clip 0.00  kl -0.000
upd  123  steps  507904  sps 3045  opp frzn  loss -0.049  pg -0.0000  v 0.013  adv_std 0.163  tR +0.05  ent[s/d/p/e] 1.45/2.95/1.32/0.63  emits 1.43  clip 0.00  kl -0.000
upd  124  steps  512000  sps 3064  opp frzn  loss -0.050  pg -0.0007  v 0.010  adv_std 0.138  tR +0.30  ent[s/d/p/e] 1.05/2.95/1.33/0.63  emits 1.37  clip 0.00  kl +0.000
upd  125  steps  516096  sps 3083  opp frzn  loss -0.049  pg -0.0005  v 0.009  adv_std 0.138  tR +0.00  ent[s/d/p/e] 1.06/2.96/1.33/0.63  emits 1.41  clip 0.00  kl +0.000
upd  126  steps  520192  sps 3102  opp rand  loss -0.050  pg -0.0003  v 0.011  adv_std 0.147  tR +0.00  ent[s/d/p/e] 1.38/2.95/1.33/0.63  emits 1.47  clip 0.00  kl +0.000
upd  127  steps  524288  sps 3120  opp frzn  loss -0.051  pg -0.0006  v 0.008  adv_std 0.130  tR +0.42  ent[s/d/p/e] 1.15/2.96/1.33/0.64  emits 1.40  clip 0.00  kl -0.000
upd  128  steps  528384  sps 3140  opp rand  loss -0.051  pg -0.0003  v 0.010  adv_std 0.140  tR +0.30  ent[s/d/p/e] 1.29/2.96/1.33/0.64  emits 1.46  clip 0.00  kl +0.000
upd  129  steps  532480  sps 3158  opp frzn  loss -0.052  pg -0.0008  v 0.010  adv_std 0.140  tR +0.44  ent[s/d/p/e] 1.51/2.95/1.30/0.64  emits 1.50  clip 0.00  kl +0.000 WRr 0.47 WRf 0.56
upd  130  steps  536576  sps 3026  opp rand  loss -0.051  pg -0.0003  v 0.011  adv_std 0.148  tR +0.00  ent[s/d/p/e] 1.39/2.95/1.33/0.65  emits 1.51  clip 0.00  kl +0.000
upd  131  steps  540672  sps 3044  opp frzn  loss -0.052  pg -0.0006  v 0.010  adv_std 0.141  tR +0.30  ent[s/d/p/e] 1.56/2.95/1.32/0.64  emits 1.48  clip 0.00  kl -0.000
upd  132  steps  544768  sps 3061  opp frzn  loss -0.052  pg -0.0007  v 0.008  adv_std 0.127  tR +0.50  ent[s/d/p/e] 1.21/2.95/1.32/0.65  emits 1.47  clip 0.00  kl +0.000
upd  133  steps  548864  sps 3079  opp frzn  loss -0.051  pg -0.0005  v 0.009  adv_std 0.134  tR +0.50  ent[s/d/p/e] 1.19/2.95/1.32/0.66  emits 1.53  clip 0.00  kl -0.000
upd  134  steps  552960  sps 3096  opp frzn  loss -0.051  pg -0.0007  v 0.010  adv_std 0.138  tR -0.30  ent[s/d/p/e] 1.23/2.95/1.32/0.65  emits 1.54  clip 0.00  kl +0.000
upd  135  steps  557056  sps 3114  opp frzn  loss -0.050  pg -0.0004  v 0.010  adv_std 0.144  tR +0.16  ent[s/d/p/e] 1.19/2.94/1.31/0.65  emits 1.51  clip 0.00  kl +0.000
upd  136  steps  561152  sps 3132  opp rand  loss -0.051  pg -0.0006  v 0.012  adv_std 0.152  tR +0.14  ent[s/d/p/e] 1.39/2.95/1.33/0.65  emits 1.60  clip 0.00  kl +0.000
upd  137  steps  565248  sps 3150  opp rand  loss -0.052  pg -0.0006  v 0.012  adv_std 0.153  tR +0.33  ent[s/d/p/e] 1.48/2.95/1.33/0.66  emits 1.66  clip 0.00  kl +0.000
upd  138  steps  569344  sps 3167  opp frzn  loss -0.049  pg -0.0002  v 0.012  adv_std 0.154  tR +0.00  ent[s/d/p/e] 1.12/2.95/1.33/0.67  emits 1.52  clip 0.00  kl +0.000
upd  139  steps  573440  sps 3185  opp rand  loss -0.050  pg -0.0009  v 0.012  adv_std 0.155  tR -0.14  ent[s/d/p/e] 1.11/2.95/1.34/0.67  emits 1.58  clip 0.00  kl +0.001 WRr 0.50 WRf 0.53
upd  140  steps  577536  sps 3070  opp rand  loss -0.052  pg -0.0015  v 0.011  adv_std 0.148  tR +0.20  ent[s/d/p/e] 1.24/2.95/1.34/0.66  emits 1.59  clip 0.00  kl +0.001
upd  141  steps  581632  sps 3087  opp rand  loss -0.050  pg -0.0004  v 0.011  adv_std 0.149  tR +0.05  ent[s/d/p/e] 1.20/2.95/1.33/0.66  emits 1.62  clip 0.00  kl -0.000
upd  142  steps  585728  sps 3105  opp rand  loss -0.052  pg -0.0008  v 0.011  adv_std 0.148  tR +0.04  ent[s/d/p/e] 1.41/2.95/1.33/0.67  emits 1.65  clip 0.00  kl -0.000
upd  143  steps  589824  sps 3121  opp frzn  loss -0.052  pg -0.0009  v 0.010  adv_std 0.141  tR +0.50  ent[s/d/p/e] 1.43/2.95/1.31/0.66  emits 1.62  clip 0.00  kl +0.001
upd  144  steps  593920  sps 3138  opp rand  loss -0.052  pg -0.0009  v 0.012  adv_std 0.156  tR +0.10  ent[s/d/p/e] 1.44/2.95/1.32/0.67  emits 1.63  clip 0.00  kl +0.000
upd  145  steps  598016  sps 3155  opp frzn  loss -0.051  pg -0.0005  v 0.012  adv_std 0.152  tR +0.24  ent[s/d/p/e] 1.38/2.95/1.31/0.67  emits 1.65  clip 0.00  kl +0.000
upd  146  steps  602112  sps 3172  opp rand  loss -0.051  pg -0.0002  v 0.010  adv_std 0.144  tR -0.16  ent[s/d/p/e] 1.21/2.95/1.33/0.68  emits 1.64  clip 0.00  kl +0.000
upd  147  steps  606208  sps 3189  opp rand  loss -0.050  pg -0.0008  v 0.012  adv_std 0.155  tR +0.14  ent[s/d/p/e] 1.19/2.95/1.32/0.67  emits 1.73  clip 0.00  kl -0.000
upd  148  steps  610304  sps 3205  opp frzn  loss -0.051  pg -0.0005  v 0.009  adv_std 0.131  tR -0.05  ent[s/d/p/e] 1.20/2.95/1.31/0.67  emits 1.63  clip 0.00  kl +0.000
upd  149  steps  614400  sps 3222  opp rand  loss -0.052  pg -0.0004  v 0.010  adv_std 0.143  tR +0.26  ent[s/d/p/e] 1.51/2.95/1.30/0.67  emits 1.73  clip 0.00  kl -0.000 WRr 0.59 WRf 0.56
upd  150  steps  618496  sps 3110  opp frzn  loss -0.052  pg -0.0005  v 0.009  adv_std 0.131  tR +0.09  ent[s/d/p/e] 1.27/2.95/1.29/0.67  emits 1.63  clip 0.00  kl -0.000
upd  151  steps  622592  sps 3126  opp frzn  loss -0.050  pg -0.0002  v 0.012  adv_std 0.156  tR +0.14  ent[s/d/p/e] 1.41/2.95/1.30/0.67  emits 1.61  clip 0.00  kl -0.000
upd  152  steps  626688  sps 3142  opp rand  loss -0.051  pg -0.0008  v 0.012  adv_std 0.157  tR +0.15  ent[s/d/p/e] 1.39/2.96/1.32/0.67  emits 1.60  clip 0.00  kl +0.000
upd  153  steps  630784  sps 3158  opp rand  loss -0.050  pg -0.0005  v 0.012  adv_std 0.157  tR +0.39  ent[s/d/p/e] 1.16/2.95/1.32/0.68  emits 1.59  clip 0.00  kl +0.000
upd  154  steps  634880  sps 3174  opp rand  loss -0.051  pg -0.0007  v 0.012  adv_std 0.154  tR +0.40  ent[s/d/p/e] 1.29/2.95/1.32/0.68  emits 1.63  clip 0.00  kl +0.000
upd  155  steps  638976  sps 3190  opp rand  loss -0.051  pg -0.0005  v 0.011  adv_std 0.146  tR +0.30  ent[s/d/p/e] 1.34/2.96/1.32/0.67  emits 1.68  clip 0.00  kl +0.000
upd  156  steps  643072  sps 3206  opp frzn  loss -0.050  pg -0.0005  v 0.012  adv_std 0.153  tR -0.09  ent[s/d/p/e] 1.28/2.95/1.30/0.67  emits 1.68  clip 0.00  kl +0.000
upd  157  steps  647168  sps 3221  opp frzn  loss -0.052  pg -0.0006  v 0.011  adv_std 0.145  tR +0.47  ent[s/d/p/e] 1.54/2.95/1.30/0.66  emits 1.61  clip 0.00  kl +0.000
upd  158  steps  651264  sps 3237  opp rand  loss -0.052  pg -0.0006  v 0.011  adv_std 0.145  tR +0.20  ent[s/d/p/e] 1.32/2.95/1.33/0.67  emits 1.62  clip 0.00  kl -0.000
upd  159  steps  655360  sps 3252  opp frzn  loss -0.052  pg -0.0007  v 0.007  adv_std 0.121  tR -0.10  ent[s/d/p/e] 1.08/2.95/1.32/0.67  emits 1.57  clip 0.00  kl +0.000 WRr 0.66 WRf 0.53
upd  160  steps  659456  sps 3145  opp frzn  loss -0.052  pg -0.0012  v 0.008  adv_std 0.129  tR +0.09  ent[s/d/p/e] 1.26/2.95/1.31/0.66  emits 1.53  clip 0.00  kl +0.001
upd  161  steps  663552  sps 3161  opp rand  loss -0.051  pg -0.0008  v 0.011  adv_std 0.145  tR -0.06  ent[s/d/p/e] 1.23/2.95/1.33/0.67  emits 1.55  clip 0.00  kl -0.000
upd  162  steps  667648  sps 3176  opp rand  loss -0.050  pg -0.0002  v 0.013  adv_std 0.163  tR -0.13  ent[s/d/p/e] 1.36/2.96/1.33/0.66  emits 1.54  clip 0.00  kl -0.000
upd  163  steps  671744  sps 3191  opp rand  loss -0.052  pg -0.0007  v 0.011  adv_std 0.147  tR +0.14  ent[s/d/p/e] 1.47/2.95/1.33/0.67  emits 1.58  clip 0.00  kl +0.000
upd  164  steps  675840  sps 3206  opp rand  loss -0.050  pg -0.0006  v 0.011  adv_std 0.150  tR +0.43  ent[s/d/p/e] 1.17/2.95/1.33/0.67  emits 1.49  clip 0.00  kl +0.000
upd  165  steps  679936  sps 3221  opp rand  loss -0.051  pg -0.0008  v 0.012  adv_std 0.152  tR +0.14  ent[s/d/p/e] 1.34/2.95/1.33/0.66  emits 1.49  clip 0.00  kl +0.000
upd  166  steps  684032  sps 3236  opp frzn  loss -0.051  pg -0.0003  v 0.008  adv_std 0.128  tR +0.00  ent[s/d/p/e] 1.15/2.95/1.32/0.65  emits 1.41  clip 0.00  kl -0.000
upd  167  steps  688128  sps 3251  opp frzn  loss -0.049  pg -0.0003  v 0.012  adv_std 0.158  tR +0.04  ent[s/d/p/e] 1.16/2.95/1.32/0.66  emits 1.49  clip 0.00  kl -0.000
upd  168  steps  692224  sps 3265  opp frzn  loss -0.052  pg -0.0003  v 0.009  adv_std 0.136  tR +0.00  ent[s/d/p/e] 1.39/2.95/1.32/0.66  emits 1.54  clip 0.00  kl +0.000
upd  169  steps  696320  sps 3280  opp rand  loss -0.051  pg -0.0010  v 0.011  adv_std 0.148  tR +0.16  ent[s/d/p/e] 1.25/2.95/1.33/0.66  emits 1.53  clip 0.00  kl -0.000 WRr 0.62 WRf 0.47
upd  170  steps  700416  sps 3167  opp rand  loss -0.051  pg -0.0003  v 0.010  adv_std 0.139  tR +0.29  ent[s/d/p/e] 1.25/2.95/1.34/0.65  emits 1.51  clip 0.00  kl -0.000
upd  171  steps  704512  sps 3181  opp frzn  loss -0.051  pg -0.0006  v 0.011  adv_std 0.145  tR -0.05  ent[s/d/p/e] 1.24/2.95/1.32/0.66  emits 1.49  clip 0.00  kl +0.000
upd  172  steps  708608  sps 3195  opp frzn  loss -0.052  pg -0.0011  v 0.008  adv_std 0.125  tR +0.37  ent[s/d/p/e] 1.21/2.95/1.33/0.65  emits 1.45  clip 0.00  kl +0.000
upd  173  steps  712704  sps 3210  opp rand  loss -0.050  pg -0.0003  v 0.011  adv_std 0.150  tR +0.00  ent[s/d/p/e] 1.33/2.95/1.33/0.64  emits 1.41  clip 0.00  kl +0.000
upd  174  steps  716800  sps 3224  opp frzn  loss -0.052  pg -0.0006  v 0.009  adv_std 0.132  tR +0.20  ent[s/d/p/e] 1.48/2.95/1.32/0.63  emits 1.39  clip 0.00  kl +0.000
upd  175  steps  720896  sps 3237  opp frzn  loss -0.051  pg -0.0002  v 0.009  adv_std 0.131  tR +0.26  ent[s/d/p/e] 1.20/2.94/1.32/0.64  emits 1.38  clip 0.00  kl -0.000
upd  176  steps  724992  sps 3251  opp frzn  loss -0.051  pg -0.0005  v 0.011  adv_std 0.146  tR +0.39  ent[s/d/p/e] 1.39/2.94/1.32/0.64  emits 1.41  clip 0.00  kl +0.000
upd  177  steps  729088  sps 3265  opp frzn  loss -0.052  pg -0.0007  v 0.009  adv_std 0.134  tR +0.47  ent[s/d/p/e] 1.47/2.94/1.32/0.65  emits 1.47  clip 0.00  kl +0.000
upd  178  steps  733184  sps 3279  opp rand  loss -0.052  pg -0.0004  v 0.009  adv_std 0.131  tR +0.40  ent[s/d/p/e] 1.34/2.95/1.34/0.65  emits 1.50  clip 0.00  kl -0.000
upd  179  steps  737280  sps 3293  opp rand  loss -0.049  pg -0.0005  v 0.015  adv_std 0.172  tR +0.08  ent[s/d/p/e] 1.30/2.94/1.34/0.66  emits 1.46  clip 0.00  kl +0.000 WRr 0.66 WRf 0.47
upd  180  steps  741376  sps 3196  opp rand  loss -0.050  pg -0.0006  v 0.013  adv_std 0.161  tR +0.22  ent[s/d/p/e] 1.28/2.94/1.34/0.65  emits 1.46  clip 0.00  kl +0.000
upd  181  steps  745472  sps 3209  opp frzn  loss -0.051  pg -0.0006  v 0.011  adv_std 0.149  tR +0.04  ent[s/d/p/e] 1.29/2.94/1.33/0.65  emits 1.50  clip 0.00  kl -0.000
upd  182  steps  749568  sps 3223  opp frzn  loss -0.050  pg -0.0004  v 0.013  adv_std 0.159  tR +0.22  ent[s/d/p/e] 1.39/2.93/1.32/0.66  emits 1.52  clip 0.00  kl +0.000
upd  183  steps  753664  sps 3236  opp frzn  loss -0.051  pg -0.0005  v 0.010  adv_std 0.143  tR +0.37  ent[s/d/p/e] 1.49/2.94/1.31/0.65  emits 1.49  clip 0.00  kl -0.000
upd  184  steps  757760  sps 3249  opp rand  loss -0.050  pg -0.0006  v 0.013  adv_std 0.159  tR +0.30  ent[s/d/p/e] 1.30/2.94/1.33/0.66  emits 1.55  clip 0.00  kl -0.000
upd  185  steps  761856  sps 3263  opp rand  loss -0.051  pg -0.0007  v 0.011  adv_std 0.151  tR -0.13  ent[s/d/p/e] 1.27/2.94/1.33/0.67  emits 1.57  clip 0.00  kl +0.000
upd  186  steps  765952  sps 3276  opp frzn  loss -0.053  pg -0.0006  v 0.009  adv_std 0.133  tR -0.12  ent[s/d/p/e] 1.51/2.93/1.32/0.65  emits 1.54  clip 0.00  kl +0.000
upd  187  steps  770048  sps 3289  opp frzn  loss -0.051  pg -0.0003  v 0.009  adv_std 0.131  tR +0.57  ent[s/d/p/e] 1.30/2.93/1.31/0.66  emits 1.50  clip 0.00  kl -0.000
upd  188  steps  774144  sps 3302  opp frzn  loss -0.050  pg -0.0004  v 0.011  adv_std 0.148  tR -0.31  ent[s/d/p/e] 1.24/2.93/1.32/0.66  emits 1.49  clip 0.00  kl +0.000
upd  189  steps  778240  sps 3316  opp rand  loss -0.052  pg -0.0005  v 0.008  adv_std 0.125  tR +0.00  ent[s/d/p/e] 1.25/2.93/1.33/0.66  emits 1.47  clip 0.00  kl -0.000 WRr 0.53 WRf 0.66
upd  190  steps  782336  sps 3222  opp rand  loss -0.050  pg -0.0004  v 0.011  adv_std 0.147  tR +0.19  ent[s/d/p/e] 1.23/2.94/1.33/0.66  emits 1.48  clip 0.00  kl +0.000
upd  191  steps  786432  sps 3235  opp rand  loss -0.052  pg -0.0006  v 0.011  adv_std 0.152  tR +0.37  ent[s/d/p/e] 1.62/2.94/1.33/0.65  emits 1.49  clip 0.00  kl +0.000
upd  192  steps  790528  sps 3248  opp rand  loss -0.052  pg -0.0006  v 0.009  adv_std 0.135  tR +0.37  ent[s/d/p/e] 1.38/2.93/1.33/0.65  emits 1.52  clip 0.00  kl +0.000
upd  193  steps  794624  sps 3261  opp frzn  loss -0.051  pg -0.0006  v 0.010  adv_std 0.140  tR +0.40  ent[s/d/p/e] 1.22/2.93/1.31/0.66  emits 1.51  clip 0.00  kl +0.000
upd  194  steps  798720  sps 3274  opp rand  loss -0.052  pg -0.0004  v 0.009  adv_std 0.137  tR +0.00  ent[s/d/p/e] 1.48/2.93/1.33/0.65  emits 1.48  clip 0.00  kl +0.000
upd  195  steps  802816  sps 3287  opp frzn  loss -0.050  pg -0.0003  v 0.011  adv_std 0.148  tR +0.44  ent[s/d/p/e] 1.29/2.92/1.32/0.65  emits 1.52  clip 0.00  kl +0.000
upd  196  steps  806912  sps 3299  opp frzn  loss -0.053  pg -0.0005  v 0.008  adv_std 0.124  tR +0.23  ent[s/d/p/e] 1.39/2.93/1.32/0.66  emits 1.53  clip 0.00  kl +0.000
upd  197  steps  811008  sps 3312  opp frzn  loss -0.052  pg -0.0005  v 0.011  adv_std 0.146  tR +0.33  ent[s/d/p/e] 1.49/2.93/1.32/0.66  emits 1.49  clip 0.00  kl +0.000
upd  198  steps  815104  sps 3324  opp frzn  loss -0.051  pg -0.0005  v 0.010  adv_std 0.139  tR +0.44  ent[s/d/p/e] 1.30/2.92/1.32/0.66  emits 1.51  clip 0.00  kl +0.000
upd  199  steps  819200  sps 3337  opp rand  loss -0.052  pg -0.0003  v 0.012  adv_std 0.152  tR +0.29  ent[s/d/p/e] 1.48/2.93/1.34/0.67  emits 1.54  clip 0.00  kl -0.000 WRr 0.59 WRf 0.50
upd  200  steps  823296  sps 3237  opp rand  loss -0.053  pg -0.0003  v 0.009  adv_std 0.130  tR +0.23  ent[s/d/p/e] 1.45/2.93/1.33/0.67  emits 1.52  clip 0.00  kl +0.000
upd  201  steps  827392  sps 3249  opp rand  loss -0.050  pg -0.0006  v 0.013  adv_std 0.163  tR +0.22  ent[s/d/p/e] 1.22/2.92/1.34/0.67  emits 1.52  clip 0.00  kl +0.000
upd  202  steps  831488  sps 3262  opp rand  loss -0.051  pg -0.0004  v 0.012  adv_std 0.157  tR +0.19  ent[s/d/p/e] 1.43/2.93/1.33/0.67  emits 1.58  clip 0.00  kl +0.000
upd  203  steps  835584  sps 3274  opp frzn  loss -0.053  pg -0.0004  v 0.007  adv_std 0.115  tR +0.07  ent[s/d/p/e] 1.34/2.92/1.31/0.66  emits 1.47  clip 0.00  kl -0.000
upd  204  steps  839680  sps 3286  opp frzn  loss -0.051  pg -0.0003  v 0.010  adv_std 0.141  tR +0.08  ent[s/d/p/e] 1.21/2.92/1.32/0.67  emits 1.50  clip 0.00  kl +0.000
upd  205  steps  843776  sps 3298  opp rand  loss -0.051  pg -0.0004  v 0.012  adv_std 0.154  tR -0.17  ent[s/d/p/e] 1.33/2.92/1.33/0.67  emits 1.51  clip 0.00  kl -0.000
upd  206  steps  847872  sps 3311  opp rand  loss -0.054  pg -0.0007  v 0.008  adv_std 0.122  tR +0.37  ent[s/d/p/e] 1.41/2.93/1.33/0.67  emits 1.55  clip 0.00  kl +0.000
upd  207  steps  851968  sps 3322  opp frzn  loss -0.051  pg -0.0010  v 0.012  adv_std 0.152  tR +0.52  ent[s/d/p/e] 1.33/2.91/1.32/0.67  emits 1.53  clip 0.00  kl -0.000
upd  208  steps  856064  sps 3335  opp rand  loss -0.053  pg -0.0007  v 0.010  adv_std 0.139  tR +0.50  ent[s/d/p/e] 1.47/2.92/1.32/0.67  emits 1.56  clip 0.00  kl +0.000
upd  209  steps  860160  sps 3347  opp rand  loss -0.053  pg -0.0007  v 0.008  adv_std 0.129  tR +0.40  ent[s/d/p/e] 1.41/2.92/1.32/0.67  emits 1.57  clip 0.00  kl -0.000 WRr 0.59 WRf 0.50
upd  210  steps  864256  sps 3260  opp rand  loss -0.052  pg -0.0007  v 0.012  adv_std 0.155  tR +0.14  ent[s/d/p/e] 1.50/2.92/1.33/0.67  emits 1.57  clip 0.00  kl -0.000
upd  211  steps  868352  sps 3272  opp rand  loss -0.052  pg -0.0005  v 0.010  adv_std 0.141  tR +0.58  ent[s/d/p/e] 1.39/2.92/1.33/0.67  emits 1.58  clip 0.00  kl -0.000
upd  212  steps  872448  sps 3284  opp frzn  loss -0.053  pg -0.0009  v 0.009  adv_std 0.136  tR +0.48  ent[s/d/p/e] 1.44/2.91/1.30/0.67  emits 1.64  clip 0.00  kl -0.000
upd  213  steps  876544  sps 3295  opp frzn  loss -0.054  pg -0.0008  v 0.007  adv_std 0.114  tR +0.24  ent[s/d/p/e] 1.46/2.92/1.31/0.67  emits 1.58  clip 0.00  kl -0.000
upd  214  steps  880640  sps 3307  opp rand  loss -0.054  pg -0.0009  v 0.007  adv_std 0.119  tR +0.40  ent[s/d/p/e] 1.43/2.92/1.33/0.67  emits 1.56  clip 0.00  kl +0.000
upd  215  steps  884736  sps 3319  opp rand  loss -0.053  pg -0.0003  v 0.008  adv_std 0.125  tR +0.63  ent[s/d/p/e] 1.39/2.92/1.33/0.68  emits 1.62  clip 0.00  kl +0.000
upd  216  steps  888832  sps 3331  opp rand  loss -0.053  pg -0.0003  v 0.010  adv_std 0.138  tR +0.20  ent[s/d/p/e] 1.45/2.92/1.34/0.68  emits 1.59  clip 0.00  kl -0.000
upd  217  steps  892928  sps 3342  opp frzn  loss -0.052  pg -0.0003  v 0.011  adv_std 0.150  tR +0.44  ent[s/d/p/e] 1.50/2.91/1.32/0.67  emits 1.61  clip 0.00  kl +0.000
upd  218  steps  897024  sps 3354  opp frzn  loss -0.053  pg -0.0006  v 0.009  adv_std 0.132  tR +0.40  ent[s/d/p/e] 1.52/2.91/1.31/0.67  emits 1.65  clip 0.00  kl +0.000
upd  219  steps  901120  sps 3365  opp frzn  loss -0.052  pg -0.0005  v 0.009  adv_std 0.137  tR +0.08  ent[s/d/p/e] 1.22/2.91/1.32/0.68  emits 1.64  clip 0.00  kl -0.000 WRr 0.62 WRf 0.72
upd  220  steps  905216  sps 3281  opp rand  loss -0.052  pg -0.0004  v 0.010  adv_std 0.140  tR -0.14  ent[s/d/p/e] 1.30/2.92/1.33/0.67  emits 1.58  clip 0.00  kl +0.000
upd  221  steps  909312  sps 3292  opp frzn  loss -0.052  pg -0.0011  v 0.011  adv_std 0.145  tR +0.44  ent[s/d/p/e] 1.43/2.91/1.32/0.67  emits 1.59  clip 0.00  kl +0.000
upd  222  steps  913408  sps 3304  opp rand  loss -0.053  pg -0.0008  v 0.009  adv_std 0.134  tR +0.32  ent[s/d/p/e] 1.41/2.92/1.34/0.67  emits 1.56  clip 0.00  kl +0.000
upd  223  steps  917504  sps 3315  opp rand  loss -0.053  pg -0.0003  v 0.008  adv_std 0.125  tR +0.47  ent[s/d/p/e] 1.45/2.92/1.33/0.67  emits 1.55  clip 0.00  kl +0.000
upd  224  steps  921600  sps 3327  opp rand  loss -0.052  pg -0.0011  v 0.012  adv_std 0.154  tR +0.10  ent[s/d/p/e] 1.42/2.91/1.34/0.67  emits 1.55  clip 0.00  kl +0.001
upd  225  steps  925696  sps 3338  opp rand  loss -0.054  pg -0.0001  v 0.006  adv_std 0.112  tR +0.70  ent[s/d/p/e] 1.47/2.91/1.33/0.67  emits 1.54  clip 0.00  kl +0.000
upd  226  steps  929792  sps 3349  opp rand  loss -0.052  pg -0.0009  v 0.013  adv_std 0.161  tR +0.10  ent[s/d/p/e] 1.53/2.91/1.33/0.67  emits 1.61  clip 0.00  kl +0.000
upd  227  steps  933888  sps 3360  opp frzn  loss -0.053  pg -0.0007  v 0.009  adv_std 0.136  tR +0.47  ent[s/d/p/e] 1.46/2.90/1.31/0.67  emits 1.55  clip 0.00  kl +0.000
upd  228  steps  937984  sps 3372  opp rand  loss -0.050  pg -0.0003  v 0.012  adv_std 0.158  tR +0.30  ent[s/d/p/e] 1.33/2.91/1.33/0.66  emits 1.54  clip 0.00  kl -0.000
upd  229  steps  942080  sps 3383  opp frzn  loss -0.051  pg -0.0005  v 0.011  adv_std 0.149  tR +0.22  ent[s/d/p/e] 1.40/2.91/1.31/0.66  emits 1.52  clip 0.00  kl +0.000 WRr 0.75 WRf 0.56
upd  230  steps  946176  sps 3301  opp frzn  loss -0.052  pg -0.0009  v 0.009  adv_std 0.134  tR +0.58  ent[s/d/p/e] 1.40/2.91/1.30/0.66  emits 1.53  clip 0.00  kl +0.000
upd  231  steps  950272  sps 3312  opp frzn  loss -0.052  pg -0.0009  v 0.011  adv_std 0.147  tR +0.39  ent[s/d/p/e] 1.44/2.90/1.30/0.67  emits 1.59  clip 0.00  kl -0.000
upd  232  steps  954368  sps 3322  opp frzn  loss -0.052  pg -0.0007  v 0.008  adv_std 0.129  tR +0.18  ent[s/d/p/e] 1.32/2.90/1.30/0.67  emits 1.53  clip 0.00  kl -0.000
upd  233  steps  958464  sps 3333  opp rand  loss -0.051  pg -0.0010  v 0.011  adv_std 0.148  tR +0.44  ent[s/d/p/e] 1.31/2.90/1.32/0.67  emits 1.51  clip 0.00  kl -0.000
upd  234  steps  962560  sps 3344  opp frzn  loss -0.051  pg -0.0003  v 0.009  adv_std 0.137  tR +0.39  ent[s/d/p/e] 1.37/2.89/1.30/0.67  emits 1.60  clip 0.00  kl +0.000
upd  235  steps  966656  sps 3354  opp frzn  loss -0.052  pg -0.0007  v 0.008  adv_std 0.125  tR -0.20  ent[s/d/p/e] 1.24/2.90/1.30/0.67  emits 1.51  clip 0.00  kl +0.000
upd  236  steps  970752  sps 3365  opp rand  loss -0.052  pg -0.0007  v 0.009  adv_std 0.134  tR +0.67  ent[s/d/p/e] 1.42/2.91/1.32/0.67  emits 1.56  clip 0.00  kl +0.000
upd  237  steps  974848  sps 3376  opp rand  loss -0.053  pg -0.0003  v 0.008  adv_std 0.125  tR +0.00  ent[s/d/p/e] 1.43/2.90/1.31/0.67  emits 1.52  clip 0.00  kl +0.000
upd  238  steps  978944  sps 3387  opp frzn  loss -0.051  pg -0.0004  v 0.008  adv_std 0.130  tR +0.48  ent[s/d/p/e] 1.30/2.90/1.29/0.66  emits 1.49  clip 0.00  kl +0.000
upd  239  steps  983040  sps 3397  opp frzn  loss -0.052  pg -0.0005  v 0.008  adv_std 0.129  tR +0.52  ent[s/d/p/e] 1.42/2.90/1.30/0.66  emits 1.49  clip 0.00  kl +0.000 WRr 0.59 WRf 0.59
upd  240  steps  987136  sps 3309  opp frzn  loss -0.052  pg -0.0008  v 0.008  adv_std 0.127  tR +0.00  ent[s/d/p/e] 1.29/2.89/1.31/0.66  emits 1.44  clip 0.00  kl +0.000
upd  241  steps  991232  sps 3319  opp frzn  loss -0.053  pg -0.0010  v 0.007  adv_std 0.116  tR +0.20  ent[s/d/p/e] 1.27/2.89/1.31/0.66  emits 1.54  clip 0.00  kl +0.000
upd  242  steps  995328  sps 3329  opp frzn  loss -0.051  pg -0.0007  v 0.009  adv_std 0.135  tR +0.22  ent[s/d/p/e] 1.23/2.89/1.31/0.66  emits 1.50  clip 0.00  kl +0.000
upd  243  steps  999424  sps 3340  opp frzn  loss -0.050  pg -0.0006  v 0.010  adv_std 0.140  tR +0.16  ent[s/d/p/e] 1.19/2.88/1.31/0.66  emits 1.48  clip 0.00  kl +0.000
upd  244  steps 1003520  sps 3350  opp frzn  loss -0.053  pg -0.0008  v 0.007  adv_std 0.116  tR +0.18  ent[s/d/p/e] 1.28/2.89/1.32/0.65  emits 1.47  clip 0.00  kl +0.000
upd  245  steps 1007616  sps 3360  opp rand  loss -0.051  pg -0.0004  v 0.011  adv_std 0.149  tR +0.52  ent[s/d/p/e] 1.54/2.89/1.32/0.65  emits 1.52  clip 0.00  kl -0.000
upd  246  steps 1011712  sps 3370  opp frzn  loss -0.053  pg -0.0004  v 0.006  adv_std 0.109  tR +0.43  ent[s/d/p/e] 1.40/2.88/1.31/0.65  emits 1.49  clip 0.00  kl +0.000
upd  247  steps 1015808  sps 3381  opp rand  loss -0.052  pg -0.0008  v 0.008  adv_std 0.127  tR +0.50  ent[s/d/p/e] 1.36/2.89/1.32/0.65  emits 1.45  clip 0.00  kl -0.000
upd  248  steps 1019904  sps 3391  opp rand  loss -0.051  pg -0.0006  v 0.010  adv_std 0.140  tR +0.24  ent[s/d/p/e] 1.31/2.89/1.33/0.64  emits 1.44  clip 0.00  kl -0.000
upd  249  steps 1024000  sps 3401  opp frzn  loss -0.050  pg -0.0004  v 0.011  adv_std 0.145  tR +0.24  ent[s/d/p/e] 1.29/2.88/1.30/0.64  emits 1.40  clip 0.00  kl +0.000 WRr 0.28 WRf 0.47
upd  250  steps 1028096  sps 3325  opp frzn  loss -0.052  pg -0.0006  v 0.007  adv_std 0.121  tR +0.36  ent[s/d/p/e] 1.37/2.89/1.30/0.65  emits 1.45  clip 0.00  kl +0.000
upd  251  steps 1032192  sps 3335  opp rand  loss -0.053  pg -0.0004  v 0.006  adv_std 0.111  tR +0.14  ent[s/d/p/e] 1.38/2.90/1.32/0.66  emits 1.54  clip 0.00  kl +0.000
upd  252  steps 1036288  sps 3345  opp frzn  loss -0.052  pg -0.0004  v 0.009  adv_std 0.133  tR +0.50  ent[s/d/p/e] 1.39/2.88/1.30/0.66  emits 1.49  clip 0.00  kl -0.000
upd  253  steps 1040384  sps 3355  opp rand  loss -0.053  pg -0.0008  v 0.008  adv_std 0.126  tR +0.40  ent[s/d/p/e] 1.37/2.89/1.31/0.66  emits 1.55  clip 0.00  kl +0.000
upd  254  steps 1044480  sps 3365  opp frzn  loss -0.053  pg -0.0008  v 0.008  adv_std 0.125  tR +0.36  ent[s/d/p/e] 1.53/2.88/1.29/0.67  emits 1.61  clip 0.00  kl -0.000
upd  255  steps 1048576  sps 3375  opp frzn  loss -0.053  pg -0.0007  v 0.008  adv_std 0.127  tR +0.24  ent[s/d/p/e] 1.51/2.88/1.30/0.67  emits 1.61  clip 0.00  kl +0.000
upd  256  steps 1052672  sps 3384  opp frzn  loss -0.054  pg -0.0006  v 0.008  adv_std 0.123  tR +0.52  ent[s/d/p/e] 1.56/2.89/1.30/0.67  emits 1.65  clip 0.00  kl +0.000
upd  257  steps 1056768  sps 3394  opp rand  loss -0.053  pg -0.0007  v 0.009  adv_std 0.138  tR +0.62  ent[s/d/p/e] 1.66/2.89/1.31/0.67  emits 1.65  clip 0.00  kl +0.000
upd  258  steps 1060864  sps 3405  opp rand  loss -0.051  pg -0.0007  v 0.011  adv_std 0.150  tR +0.29  ent[s/d/p/e] 1.37/2.88/1.31/0.67  emits 1.53  clip 0.00  kl +0.000
upd  259  steps 1064960  sps 3414  opp frzn  loss -0.050  pg -0.0008  v 0.011  adv_std 0.148  tR +0.36  ent[s/d/p/e] 1.21/2.87/1.29/0.66  emits 1.52  clip 0.00  kl +0.000 WRr 0.53 WRf 0.69
upd  260  steps 1069056  sps 3340  opp frzn  loss -0.052  pg -0.0007  v 0.008  adv_std 0.128  tR +0.60  ent[s/d/p/e] 1.36/2.87/1.27/0.67  emits 1.55  clip 0.00  kl +0.000
upd  261  steps 1073152  sps 3350  opp rand  loss -0.052  pg -0.0006  v 0.008  adv_std 0.128  tR +0.40  ent[s/d/p/e] 1.33/2.88/1.30/0.66  emits 1.56  clip 0.00  kl +0.000
upd  262  steps 1077248  sps 3360  opp rand  loss -0.051  pg -0.0005  v 0.010  adv_std 0.139  tR +0.33  ent[s/d/p/e] 1.35/2.86/1.30/0.67  emits 1.52  clip 0.00  kl +0.000
upd  263  steps 1081344  sps 3369  opp frzn  loss -0.050  pg -0.0005  v 0.012  adv_std 0.154  tR +0.37  ent[s/d/p/e] 1.40/2.85/1.28/0.67  emits 1.57  clip 0.00  kl +0.000
upd  264  steps 1085440  sps 3379  opp rand  loss -0.053  pg -0.0012  v 0.008  adv_std 0.125  tR +0.10  ent[s/d/p/e] 1.39/2.87/1.31/0.67  emits 1.58  clip 0.00  kl -0.000
upd  265  steps 1089536  sps 3389  opp rand  loss -0.052  pg -0.0005  v 0.011  adv_std 0.151  tR +0.48  ent[s/d/p/e] 1.50/2.88/1.30/0.68  emits 1.61  clip 0.00  kl +0.000
upd  266  steps 1093632  sps 3399  opp rand  loss -0.052  pg -0.0003  v 0.008  adv_std 0.129  tR +0.29  ent[s/d/p/e] 1.33/2.87/1.31/0.67  emits 1.58  clip 0.00  kl -0.000
upd  267  steps 1097728  sps 3409  opp rand  loss -0.051  pg -0.0005  v 0.012  adv_std 0.152  tR +0.18  ent[s/d/p/e] 1.36/2.88/1.31/0.67  emits 1.60  clip 0.00  kl +0.000
upd  268  steps 1101824  sps 3418  opp rand  loss -0.051  pg -0.0001  v 0.011  adv_std 0.148  tR +0.65  ent[s/d/p/e] 1.43/2.87/1.31/0.68  emits 1.64  clip 0.00  kl -0.000
upd  269  steps 1105920  sps 3428  opp rand  loss -0.053  pg -0.0006  v 0.007  adv_std 0.122  tR +0.25  ent[s/d/p/e] 1.40/2.87/1.31/0.67  emits 1.59  clip 0.00  kl +0.000 WRr 0.53 WRf 0.59
upd  270  steps 1110016  sps 3356  opp rand  loss -0.052  pg -0.0005  v 0.009  adv_std 0.135  tR +0.12  ent[s/d/p/e] 1.36/2.88/1.31/0.67  emits 1.56  clip 0.00  kl +0.000
upd  271  steps 1114112  sps 3366  opp rand  loss -0.051  pg -0.0006  v 0.012  adv_std 0.152  tR +0.25  ent[s/d/p/e] 1.39/2.87/1.32/0.68  emits 1.60  clip 0.00  kl +0.000
upd  272  steps 1118208  sps 3375  opp frzn  loss -0.053  pg -0.0009  v 0.007  adv_std 0.117  tR +0.25  ent[s/d/p/e] 1.32/2.85/1.30/0.67  emits 1.62  clip 0.00  kl -0.000
upd  273  steps 1122304  sps 3385  opp rand  loss -0.053  pg -0.0007  v 0.007  adv_std 0.119  tR +0.50  ent[s/d/p/e] 1.37/2.87/1.31/0.68  emits 1.59  clip 0.00  kl +0.001
upd  274  steps 1126400  sps 3394  opp frzn  loss -0.051  pg -0.0008  v 0.010  adv_std 0.144  tR +0.24  ent[s/d/p/e] 1.32/2.86/1.31/0.67  emits 1.57  clip 0.00  kl -0.000
upd  275  steps 1130496  sps 3403  opp rand  loss -0.053  pg -0.0007  v 0.009  adv_std 0.132  tR +0.40  ent[s/d/p/e] 1.51/2.85/1.31/0.68  emits 1.69  clip 0.00  kl +0.000
upd  276  steps 1134592  sps 3412  opp frzn  loss -0.051  pg -0.0006  v 0.010  adv_std 0.141  tR +0.36  ent[s/d/p/e] 1.35/2.85/1.30/0.67  emits 1.63  clip 0.00  kl +0.000
upd  277  steps 1138688  sps 3422  opp frzn  loss -0.053  pg -0.0006  v 0.007  adv_std 0.122  tR +0.43  ent[s/d/p/e] 1.35/2.85/1.30/0.67  emits 1.58  clip 0.00  kl +0.000
upd  278  steps 1142784  sps 3431  opp frzn  loss -0.053  pg -0.0002  v 0.006  adv_std 0.113  tR +0.20  ent[s/d/p/e] 1.37/2.84/1.30/0.67  emits 1.52  clip 0.00  kl -0.000
upd  279  steps 1146880  sps 3440  opp rand  loss -0.054  pg -0.0007  v 0.008  adv_std 0.125  tR +0.71  ent[s/d/p/e] 1.55/2.86/1.31/0.67  emits 1.59  clip 0.00  kl +0.000 WRr 0.56 WRf 0.56
upd  280  steps 1150976  sps 3370  opp rand  loss -0.053  pg -0.0004  v 0.008  adv_std 0.124  tR +0.26  ent[s/d/p/e] 1.45/2.86/1.32/0.67  emits 1.57  clip 0.00  kl -0.000
upd  281  steps 1155072  sps 3379  opp frzn  loss -0.052  pg -0.0004  v 0.008  adv_std 0.127  tR +0.22  ent[s/d/p/e] 1.30/2.85/1.31/0.67  emits 1.51  clip 0.00  kl +0.000
upd  282  steps 1159168  sps 3388  opp frzn  loss -0.052  pg -0.0010  v 0.010  adv_std 0.141  tR +0.52  ent[s/d/p/e] 1.27/2.85/1.30/0.68  emits 1.67  clip 0.00  kl +0.000
upd  283  steps 1163264  sps 3397  opp rand  loss -0.052  pg -0.0004  v 0.009  adv_std 0.134  tR +0.52  ent[s/d/p/e] 1.37/2.85/1.31/0.67  emits 1.58  clip 0.00  kl +0.000
upd  284  steps 1167360  sps 3406  opp frzn  loss -0.050  pg -0.0003  v 0.012  adv_std 0.155  tR +0.43  ent[s/d/p/e] 1.22/2.84/1.31/0.68  emits 1.61  clip 0.00  kl +0.000
upd  285  steps 1171456  sps 3415  opp frzn  loss -0.053  pg -0.0012  v 0.008  adv_std 0.128  tR +0.55  ent[s/d/p/e] 1.30/2.84/1.31/0.67  emits 1.61  clip 0.00  kl +0.000
upd  286  steps 1175552  sps 3424  opp frzn  loss -0.052  pg -0.0010  v 0.008  adv_std 0.125  tR +0.14  ent[s/d/p/e] 1.32/2.85/1.30/0.67  emits 1.53  clip 0.01  kl +0.001
upd  287  steps 1179648  sps 3433  opp rand  loss -0.053  pg -0.0006  v 0.007  adv_std 0.122  tR +0.74  ent[s/d/p/e] 1.37/2.85/1.32/0.66  emits 1.55  clip 0.00  kl +0.000
upd  288  steps 1183744  sps 3442  opp rand  loss -0.052  pg -0.0006  v 0.010  adv_std 0.139  tR +0.33  ent[s/d/p/e] 1.37/2.86/1.31/0.66  emits 1.49  clip 0.00  kl +0.000
upd  289  steps 1187840  sps 3451  opp rand  loss -0.052  pg -0.0005  v 0.010  adv_std 0.139  tR +0.26  ent[s/d/p/e] 1.43/2.85/1.32/0.66  emits 1.56  clip 0.00  kl +0.000 WRr 0.62 WRf 0.62
upd  290  steps 1191936  sps 3374  opp rand  loss -0.052  pg -0.0005  v 0.010  adv_std 0.141  tR +0.00  ent[s/d/p/e] 1.42/2.85/1.32/0.66  emits 1.57  clip 0.00  kl +0.000
upd  291  steps 1196032  sps 3383  opp rand  loss -0.052  pg -0.0007  v 0.010  adv_std 0.140  tR +0.57  ent[s/d/p/e] 1.43/2.86/1.32/0.66  emits 1.55  clip 0.00  kl +0.000
upd  292  steps 1200128  sps 3392  opp rand  loss -0.053  pg -0.0008  v 0.007  adv_std 0.118  tR +0.44  ent[s/d/p/e] 1.45/2.84/1.31/0.65  emits 1.52  clip 0.00  kl +0.000
upd  293  steps 1204224  sps 3401  opp rand  loss -0.050  pg -0.0004  v 0.011  adv_std 0.149  tR +0.05  ent[s/d/p/e] 1.33/2.85/1.31/0.66  emits 1.50  clip 0.00  kl +0.000
upd  294  steps 1208320  sps 3410  opp frzn  loss -0.052  pg -0.0011  v 0.008  adv_std 0.129  tR +0.36  ent[s/d/p/e] 1.41/2.84/1.29/0.66  emits 1.50  clip 0.00  kl +0.001
upd  295  steps 1212416  sps 3418  opp frzn  loss -0.053  pg -0.0009  v 0.007  adv_std 0.121  tR +0.60  ent[s/d/p/e] 1.51/2.84/1.28/0.66  emits 1.49  clip 0.00  kl +0.001
upd  296  steps 1216512  sps 3427  opp frzn  loss -0.053  pg -0.0010  v 0.006  adv_std 0.108  tR +0.62  ent[s/d/p/e] 1.37/2.84/1.28/0.66  emits 1.55  clip 0.00  kl +0.000
upd  297  steps 1220608  sps 3435  opp frzn  loss -0.051  pg -0.0005  v 0.010  adv_std 0.138  tR +0.82  ent[s/d/p/e] 1.49/2.83/1.27/0.66  emits 1.55  clip 0.00  kl +0.000
upd  298  steps 1224704  sps 3444  opp frzn  loss -0.053  pg -0.0007  v 0.006  adv_std 0.106  tR +0.55  ent[s/d/p/e] 1.45/2.84/1.27/0.66  emits 1.47  clip 0.00  kl +0.000
upd  299  steps 1228800  sps 3453  opp rand  loss -0.053  pg -0.0005  v 0.006  adv_std 0.114  tR +0.50  ent[s/d/p/e] 1.47/2.83/1.29/0.65  emits 1.51  clip 0.00  kl +0.000 WRr 0.66 WRf 0.69
upd  300  steps 1232896  sps 3387  opp rand  loss -0.054  pg -0.0018  v 0.006  adv_std 0.112  tR +0.57  ent[s/d/p/e] 1.39/2.84/1.30/0.66  emits 1.51  clip 0.00  kl +0.000
upd  301  steps 1236992  sps 3395  opp rand  loss -0.052  pg -0.0006  v 0.009  adv_std 0.136  tR +0.45  ent[s/d/p/e] 1.49/2.84/1.30/0.66  emits 1.52  clip 0.00  kl -0.000
upd  302  steps 1241088  sps 3404  opp rand  loss -0.052  pg -0.0008  v 0.008  adv_std 0.130  tR +0.80  ent[s/d/p/e] 1.40/2.85/1.30/0.65  emits 1.52  clip 0.00  kl -0.000
upd  303  steps 1245184  sps 3413  opp rand  loss -0.051  pg -0.0005  v 0.010  adv_std 0.139  tR +0.18  ent[s/d/p/e] 1.51/2.84/1.29/0.65  emits 1.51  clip 0.00  kl +0.000
upd  304  steps 1249280  sps 3421  opp frzn  loss -0.052  pg -0.0006  v 0.007  adv_std 0.114  tR +0.47  ent[s/d/p/e] 1.41/2.82/1.27/0.65  emits 1.49  clip 0.00  kl +0.000
upd  305  steps 1253376  sps 3429  opp frzn  loss -0.051  pg -0.0007  v 0.009  adv_std 0.131  tR +0.30  ent[s/d/p/e] 1.33/2.83/1.28/0.65  emits 1.48  clip 0.00  kl -0.000
upd  306  steps 1257472  sps 3438  opp frzn  loss -0.052  pg -0.0006  v 0.007  adv_std 0.114  tR +0.33  ent[s/d/p/e] 1.37/2.83/1.27/0.66  emits 1.44  clip 0.00  kl +0.000
upd  307  steps 1261568  sps 3446  opp frzn  loss -0.052  pg -0.0005  v 0.006  adv_std 0.112  tR +0.38  ent[s/d/p/e] 1.37/2.82/1.27/0.65  emits 1.49  clip 0.00  kl -0.000
upd  308  steps 1265664  sps 3454  opp frzn  loss -0.049  pg -0.0005  v 0.013  adv_std 0.159  tR +0.17  ent[s/d/p/e] 1.34/2.82/1.27/0.65  emits 1.46  clip 0.00  kl +0.000
upd  309  steps 1269760  sps 3463  opp rand  loss -0.053  pg -0.0003  v 0.007  adv_std 0.121  tR +0.50  ent[s/d/p/e] 1.69/2.84/1.28/0.65  emits 1.47  clip 0.00  kl +0.000 WRr 0.69 WRf 0.59
upd  310  steps 1273856  sps 3399  opp rand  loss -0.052  pg -0.0007  v 0.008  adv_std 0.122  tR +0.56  ent[s/d/p/e] 1.41/2.82/1.30/0.65  emits 1.48  clip 0.00  kl +0.000
upd  311  steps 1277952  sps 3407  opp rand  loss -0.051  pg -0.0008  v 0.012  adv_std 0.157  tR +0.57  ent[s/d/p/e] 1.60/2.83/1.29/0.65  emits 1.54  clip 0.00  kl +0.001
upd  312  steps 1282048  sps 3416  opp rand  loss -0.052  pg -0.0006  v 0.009  adv_std 0.135  tR +0.27  ent[s/d/p/e] 1.60/2.82/1.29/0.65  emits 1.52  clip 0.00  kl +0.000
upd  313  steps 1286144  sps 3424  opp rand  loss -0.050  pg -0.0005  v 0.011  adv_std 0.149  tR +0.68  ent[s/d/p/e] 1.30/2.81/1.29/0.65  emits 1.48  clip 0.00  kl +0.000
upd  314  steps 1290240  sps 3433  opp rand  loss -0.053  pg -0.0006  v 0.007  adv_std 0.122  tR +0.58  ent[s/d/p/e] 1.44/2.83/1.30/0.67  emits 1.56  clip 0.00  kl +0.000
upd  315  steps 1294336  sps 3441  opp rand  loss -0.053  pg -0.0010  v 0.008  adv_std 0.127  tR +0.50  ent[s/d/p/e] 1.51/2.84/1.30/0.66  emits 1.52  clip 0.00  kl -0.000
upd  316  steps 1298432  sps 3449  opp rand  loss -0.049  pg -0.0006  v 0.013  adv_std 0.164  tR +0.28  ent[s/d/p/e] 1.33/2.81/1.31/0.66  emits 1.55  clip 0.00  kl +0.000
upd  317  steps 1302528  sps 3457  opp frzn  loss -0.052  pg -0.0008  v 0.008  adv_std 0.130  tR +0.60  ent[s/d/p/e] 1.36/2.80/1.28/0.67  emits 1.53  clip 0.00  kl +0.000
upd  318  steps 1306624  sps 3466  opp rand  loss -0.054  pg -0.0007  v 0.007  adv_std 0.121  tR +0.68  ent[s/d/p/e] 1.62/2.81/1.29/0.67  emits 1.69  clip 0.00  kl +0.000
upd  319  steps 1310720  sps 3474  opp rand  loss -0.053  pg -0.0008  v 0.010  adv_std 0.141  tR +0.44  ent[s/d/p/e] 1.58/2.83/1.31/0.67  emits 1.65  clip 0.00  kl +0.000 WRr 0.62 WRf 0.72
upd  320  steps 1314816  sps 3411  opp frzn  loss -0.054  pg -0.0007  v 0.007  adv_std 0.115  tR +0.70  ent[s/d/p/e] 1.50/2.82/1.29/0.67  emits 1.64  clip 0.00  kl +0.000
upd  321  steps 1318912  sps 3419  opp rand  loss -0.052  pg -0.0013  v 0.011  adv_std 0.148  tR +0.70  ent[s/d/p/e] 1.52/2.83/1.30/0.66  emits 1.59  clip 0.00  kl +0.001
upd  322  steps 1323008  sps 3428  opp rand  loss -0.051  pg -0.0006  v 0.012  adv_std 0.152  tR +0.33  ent[s/d/p/e] 1.55/2.82/1.30/0.66  emits 1.59  clip 0.00  kl +0.001
upd  323  steps 1327104  sps 3435  opp frzn  loss -0.050  pg -0.0009  v 0.011  adv_std 0.150  tR +0.64  ent[s/d/p/e] 1.36/2.81/1.29/0.66  emits 1.53  clip 0.00  kl +0.000
upd  324  steps 1331200  sps 3443  opp frzn  loss -0.053  pg -0.0009  v 0.007  adv_std 0.116  tR +0.48  ent[s/d/p/e] 1.42/2.82/1.28/0.67  emits 1.54  clip 0.00  kl +0.001
upd  325  steps 1335296  sps 3451  opp rand  loss -0.054  pg -0.0007  v 0.007  adv_std 0.120  tR +0.68  ent[s/d/p/e] 1.56/2.82/1.30/0.66  emits 1.57  clip 0.00  kl -0.001
upd  326  steps 1339392  sps 3459  opp frzn  loss -0.052  pg -0.0004  v 0.009  adv_std 0.131  tR +0.73  ent[s/d/p/e] 1.42/2.81/1.29/0.67  emits 1.58  clip 0.00  kl +0.000
upd  327  steps 1343488  sps 3467  opp frzn  loss -0.053  pg -0.0011  v 0.008  adv_std 0.126  tR +0.36  ent[s/d/p/e] 1.50/2.82/1.28/0.68  emits 1.63  clip 0.00  kl +0.000
upd  328  steps 1347584  sps 3474  opp frzn  loss -0.052  pg -0.0004  v 0.008  adv_std 0.127  tR +0.73  ent[s/d/p/e] 1.47/2.83/1.28/0.67  emits 1.63  clip 0.00  kl +0.000
upd  329  steps 1351680  sps 3482  opp frzn  loss -0.052  pg -0.0005  v 0.009  adv_std 0.134  tR +0.38  ent[s/d/p/e] 1.48/2.82/1.27/0.67  emits 1.61  clip 0.00  kl -0.000 WRr 0.81 WRf 0.75
upd  330  steps 1355776  sps 3421  opp frzn  loss -0.054  pg -0.0010  v 0.006  adv_std 0.114  tR +0.47  ent[s/d/p/e] 1.45/2.81/1.28/0.68  emits 1.65  clip 0.00  kl -0.000
upd  331  steps 1359872  sps 3429  opp rand  loss -0.053  pg -0.0005  v 0.007  adv_std 0.119  tR +0.58  ent[s/d/p/e] 1.37/2.79/1.29/0.67  emits 1.64  clip 0.00  kl +0.000
upd  332  steps 1363968  sps 3436  opp frzn  loss -0.052  pg -0.0008  v 0.008  adv_std 0.127  tR +0.31  ent[s/d/p/e] 1.42/2.80/1.28/0.67  emits 1.57  clip 0.00  kl +0.000
upd  333  steps 1368064  sps 3444  opp rand  loss -0.054  pg -0.0007  v 0.006  adv_std 0.108  tR +0.41  ent[s/d/p/e] 1.50/2.83/1.29/0.67  emits 1.57  clip 0.00  kl -0.000
upd  334  steps 1372160  sps 3452  opp rand  loss -0.051  pg -0.0004  v 0.008  adv_std 0.126  tR +0.73  ent[s/d/p/e] 1.27/2.81/1.30/0.66  emits 1.52  clip 0.00  kl +0.000
upd  335  steps 1376256  sps 3460  opp rand  loss -0.052  pg -0.0010  v 0.010  adv_std 0.144  tR +0.52  ent[s/d/p/e] 1.50/2.82/1.30/0.66  emits 1.55  clip 0.00  kl +0.000
upd  336  steps 1380352  sps 3468  opp rand  loss -0.054  pg -0.0009  v 0.007  adv_std 0.119  tR +0.68  ent[s/d/p/e] 1.62/2.82/1.30/0.66  emits 1.55  clip 0.00  kl +0.000
upd  337  steps 1384448  sps 3476  opp rand  loss -0.053  pg -0.0003  v 0.008  adv_std 0.129  tR +0.65  ent[s/d/p/e] 1.59/2.83/1.30/0.66  emits 1.55  clip 0.00  kl +0.000
upd  338  steps 1388544  sps 3483  opp frzn  loss -0.053  pg -0.0006  v 0.007  adv_std 0.116  tR +0.64  ent[s/d/p/e] 1.52/2.81/1.28/0.66  emits 1.53  clip 0.00  kl +0.000
upd  339  steps 1392640  sps 3491  opp frzn  loss -0.054  pg -0.0009  v 0.005  adv_std 0.101  tR +0.71  ent[s/d/p/e] 1.49/2.81/1.29/0.67  emits 1.55  clip 0.00  kl -0.000 WRr 0.62 WRf 0.69
upd  340  steps 1396736  sps 3431  opp rand  loss -0.053  pg -0.0008  v 0.009  adv_std 0.133  tR +0.50  ent[s/d/p/e] 1.53/2.81/1.30/0.66  emits 1.59  clip 0.00  kl +0.000
upd  341  steps 1400832  sps 3439  opp frzn  loss -0.055  pg -0.0008  v 0.006  adv_std 0.110  tR +0.60  ent[s/d/p/e] 1.75/2.80/1.28/0.67  emits 1.58  clip 0.00  kl -0.000
upd  342  steps 1404928  sps 3446  opp frzn  loss -0.053  pg -0.0007  v 0.007  adv_std 0.115  tR +0.64  ent[s/d/p/e] 1.47/2.79/1.29/0.67  emits 1.59  clip 0.00  kl +0.001
upd  343  steps 1409024  sps 3453  opp frzn  loss -0.055  pg -0.0008  v 0.006  adv_std 0.111  tR +0.65  ent[s/d/p/e] 1.65/2.82/1.29/0.67  emits 1.61  clip 0.00  kl +0.000
upd  344  steps 1413120  sps 3461  opp frzn  loss -0.054  pg -0.0009  v 0.007  adv_std 0.119  tR +0.70  ent[s/d/p/e] 1.61/2.81/1.29/0.67  emits 1.59  clip 0.00  kl +0.000
upd  345  steps 1417216  sps 3468  opp frzn  loss -0.054  pg -0.0009  v 0.006  adv_std 0.110  tR +0.70  ent[s/d/p/e] 1.43/2.81/1.30/0.67  emits 1.60  clip 0.00  kl +0.000
upd  346  steps 1421312  sps 3475  opp frzn  loss -0.052  pg -0.0004  v 0.008  adv_std 0.129  tR +0.68  ent[s/d/p/e] 1.50/2.80/1.29/0.66  emits 1.54  clip 0.00  kl +0.000
upd  347  steps 1425408  sps 3483  opp frzn  loss -0.053  pg -0.0007  v 0.008  adv_std 0.126  tR +0.30  ent[s/d/p/e] 1.61/2.80/1.30/0.66  emits 1.62  clip 0.00  kl +0.000
upd  348  steps 1429504  sps 3490  opp frzn  loss -0.055  pg -0.0010  v 0.006  adv_std 0.112  tR +0.33  ent[s/d/p/e] 1.62/2.82/1.30/0.67  emits 1.56  clip 0.00  kl -0.000
upd  349  steps 1433600  sps 3497  opp frzn  loss -0.052  pg -0.0012  v 0.010  adv_std 0.141  tR +0.60  ent[s/d/p/e] 1.40/2.79/1.30/0.66  emits 1.53  clip 0.00  kl +0.000 WRr 0.59 WRf 0.78
upd  350  steps 1437696  sps 3430  opp rand  loss -0.055  pg -0.0008  v 0.006  adv_std 0.107  tR +0.62  ent[s/d/p/e] 1.58/2.81/1.32/0.66  emits 1.52  clip 0.00  kl +0.001
upd  351  steps 1441792  sps 3437  opp frzn  loss -0.051  pg -0.0004  v 0.009  adv_std 0.131  tR +0.76  ent[s/d/p/e] 1.38/2.77/1.30/0.65  emits 1.46  clip 0.00  kl +0.000
upd  352  steps 1445888  sps 3445  opp frzn  loss -0.053  pg -0.0010  v 0.009  adv_std 0.131  tR +0.44  ent[s/d/p/e] 1.50/2.80/1.30/0.66  emits 1.48  clip 0.01  kl +0.001
upd  353  steps 1449984  sps 3452  opp frzn  loss -0.053  pg -0.0004  v 0.006  adv_std 0.113  tR +0.57  ent[s/d/p/e] 1.53/2.80/1.30/0.66  emits 1.54  clip 0.00  kl +0.000
upd  354  steps 1454080  sps 3459  opp frzn  loss -0.054  pg -0.0009  v 0.005  adv_std 0.099  tR +0.68  ent[s/d/p/e] 1.39/2.79/1.30/0.66  emits 1.53  clip 0.00  kl +0.000
upd  355  steps 1458176  sps 3466  opp rand  loss -0.052  pg -0.0005  v 0.007  adv_std 0.121  tR +0.83  ent[s/d/p/e] 1.37/2.79/1.31/0.66  emits 1.49  clip 0.00  kl -0.000
upd  356  steps 1462272  sps 3474  opp frzn  loss -0.053  pg -0.0004  v 0.008  adv_std 0.126  tR +0.65  ent[s/d/p/e] 1.62/2.75/1.29/0.66  emits 1.57  clip 0.00  kl -0.000
upd  357  steps 1466368  sps 3481  opp frzn  loss -0.054  pg -0.0008  v 0.007  adv_std 0.120  tR +0.79  ent[s/d/p/e] 1.65/2.78/1.29/0.67  emits 1.57  clip 0.00  kl +0.000
upd  358  steps 1470464  sps 3488  opp frzn  loss -0.054  pg -0.0006  v 0.005  adv_std 0.099  tR +0.55  ent[s/d/p/e] 1.43/2.78/1.30/0.67  emits 1.55  clip 0.00  kl +0.000
upd  359  steps 1474560  sps 3495  opp rand  loss -0.054  pg -0.0003  v 0.006  adv_std 0.112  tR +0.65  ent[s/d/p/e] 1.55/2.79/1.32/0.66  emits 1.57  clip 0.00  kl +0.000 WRr 0.66 WRf 0.69
upd  360  steps 1478656  sps 3438  opp frzn  loss -0.055  pg -0.0012  v 0.006  adv_std 0.109  tR +0.65  ent[s/d/p/e] 1.51/2.79/1.31/0.67  emits 1.54  clip 0.00  kl +0.001
upd  361  steps 1482752  sps 3445  opp frzn  loss -0.053  pg -0.0003  v 0.007  adv_std 0.120  tR +0.60  ent[s/d/p/e] 1.47/2.78/1.32/0.67  emits 1.60  clip 0.00  kl +0.000
upd  362  steps 1486848  sps 3453  opp rand  loss -0.054  pg -0.0007  v 0.008  adv_std 0.125  tR +0.67  ent[s/d/p/e] 1.64/2.79/1.33/0.67  emits 1.63  clip 0.00  kl +0.000
upd  363  steps 1490944  sps 3460  opp frzn  loss -0.054  pg -0.0007  v 0.007  adv_std 0.119  tR +0.58  ent[s/d/p/e] 1.42/2.74/1.32/0.67  emits 1.52  clip 0.00  kl +0.000
upd  364  steps 1495040  sps 3467  opp frzn  loss -0.053  pg -0.0008  v 0.008  adv_std 0.129  tR +0.55  ent[s/d/p/e] 1.42/2.75/1.32/0.68  emits 1.67  clip 0.00  kl -0.000
upd  365  steps 1499136  sps 3474  opp rand  loss -0.052  pg -0.0006  v 0.009  adv_std 0.134  tR +0.38  ent[s/d/p/e] 1.39/2.78/1.32/0.67  emits 1.52  clip 0.00  kl -0.000
upd  366  steps 1503232  sps 3481  opp rand  loss -0.053  pg -0.0007  v 0.008  adv_std 0.126  tR +0.44  ent[s/d/p/e] 1.51/2.78/1.32/0.67  emits 1.58  clip 0.00  kl +0.000
upd  367  steps 1507328  sps 3488  opp frzn  loss -0.052  pg -0.0009  v 0.009  adv_std 0.136  tR +0.70  ent[s/d/p/e] 1.37/2.75/1.32/0.67  emits 1.55  clip 0.00  kl +0.001
upd  368  steps 1511424  sps 3495  opp rand  loss -0.054  pg -0.0007  v 0.007  adv_std 0.121  tR +0.38  ent[s/d/p/e] 1.51/2.80/1.33/0.67  emits 1.55  clip 0.00  kl +0.000
upd  369  steps 1515520  sps 3502  opp frzn  loss -0.051  pg -0.0005  v 0.011  adv_std 0.149  tR +0.50  ent[s/d/p/e] 1.45/2.76/1.32/0.67  emits 1.59  clip 0.00  kl +0.000 WRr 0.72 WRf 0.81
upd  370  steps 1519616  sps 3447  opp frzn  loss -0.053  pg -0.0005  v 0.009  adv_std 0.133  tR +0.55  ent[s/d/p/e] 1.59/2.76/1.30/0.67  emits 1.61  clip 0.00  kl +0.000
upd  371  steps 1523712  sps 3454  opp frzn  loss -0.056  pg -0.0005  v 0.004  adv_std 0.094  tR +0.91  ent[s/d/p/e] 1.67/2.76/1.31/0.67  emits 1.64  clip 0.00  kl +0.000
upd  372  steps 1527808  sps 3461  opp rand  loss -0.056  pg -0.0007  v 0.005  adv_std 0.099  tR +0.56  ent[s/d/p/e] 1.74/2.75/1.33/0.67  emits 1.65  clip 0.00  kl +0.000
upd  373  steps 1531904  sps 3468  opp frzn  loss -0.053  pg -0.0011  v 0.009  adv_std 0.131  tR +0.67  ent[s/d/p/e] 1.51/2.75/1.31/0.67  emits 1.68  clip 0.00  kl +0.000
upd  374  steps 1536000  sps 3474  opp frzn  loss -0.053  pg -0.0003  v 0.008  adv_std 0.129  tR +0.24  ent[s/d/p/e] 1.59/2.75/1.31/0.67  emits 1.60  clip 0.00  kl -0.000
upd  375  steps 1540096  sps 3481  opp frzn  loss -0.054  pg -0.0007  v 0.007  adv_std 0.122  tR +0.64  ent[s/d/p/e] 1.51/2.70/1.31/0.67  emits 1.61  clip 0.00  kl +0.000
upd  376  steps 1544192  sps 3488  opp frzn  loss -0.056  pg -0.0018  v 0.006  adv_std 0.108  tR +0.62  ent[s/d/p/e] 1.56/2.72/1.31/0.67  emits 1.65  clip 0.00  kl +0.000
upd  377  steps 1548288  sps 3495  opp rand  loss -0.054  pg -0.0015  v 0.008  adv_std 0.124  tR +0.64  ent[s/d/p/e] 1.54/2.75/1.32/0.65  emits 1.57  clip 0.01  kl +0.001
upd  378  steps 1552384  sps 3502  opp rand  loss -0.053  pg -0.0006  v 0.009  adv_std 0.132  tR +0.79  ent[s/d/p/e] 1.57/2.76/1.33/0.65  emits 1.50  clip 0.00  kl +0.000
upd  379  steps 1556480  sps 3509  opp rand  loss -0.054  pg -0.0010  v 0.008  adv_std 0.128  tR +0.50  ent[s/d/p/e] 1.54/2.75/1.33/0.66  emits 1.50  clip 0.00  kl +0.000 WRr 0.75 WRf 0.81
upd  380  steps 1560576  sps 3455  opp frzn  loss -0.053  pg -0.0004  v 0.007  adv_std 0.115  tR +0.79  ent[s/d/p/e] 1.39/2.72/1.31/0.65  emits 1.51  clip 0.00  kl +0.000
upd  381  steps 1564672  sps 3462  opp frzn  loss -0.055  pg -0.0009  v 0.005  adv_std 0.101  tR +0.65  ent[s/d/p/e] 1.54/2.71/1.30/0.66  emits 1.55  clip 0.00  kl +0.000
upd  382  steps 1568768  sps 3469  opp rand  loss -0.054  pg -0.0005  v 0.007  adv_std 0.120  tR +0.65  ent[s/d/p/e] 1.54/2.74/1.33/0.66  emits 1.53  clip 0.00  kl +0.000
upd  383  steps 1572864  sps 3475  opp frzn  loss -0.055  pg -0.0006  v 0.005  adv_std 0.098  tR +0.68  ent[s/d/p/e] 1.55/2.72/1.31/0.67  emits 1.58  clip 0.00  kl +0.000
upd  384  steps 1576960  sps 3482  opp rand  loss -0.055  pg -0.0007  v 0.005  adv_std 0.104  tR +1.00  ent[s/d/p/e] 1.60/2.75/1.31/0.66  emits 1.54  clip 0.00  kl +0.001
upd  385  steps 1581056  sps 3489  opp frzn  loss -0.054  pg -0.0008  v 0.007  adv_std 0.116  tR +0.43  ent[s/d/p/e] 1.57/2.72/1.32/0.65  emits 1.57  clip 0.00  kl +0.000
upd  386  steps 1585152  sps 3496  opp rand  loss -0.052  pg -0.0007  v 0.009  adv_std 0.135  tR +0.71  ent[s/d/p/e] 1.49/2.73/1.32/0.65  emits 1.50  clip 0.00  kl +0.000
upd  387  steps 1589248  sps 3502  opp frzn  loss -0.053  pg -0.0007  v 0.007  adv_std 0.122  tR +0.55  ent[s/d/p/e] 1.58/2.72/1.30/0.66  emits 1.52  clip 0.00  kl -0.000
upd  388  steps 1593344  sps 3509  opp rand  loss -0.055  pg -0.0003  v 0.005  adv_std 0.099  tR +1.00  ent[s/d/p/e] 1.67/2.73/1.32/0.66  emits 1.55  clip 0.00  kl +0.000
upd  389  steps 1597440  sps 3516  opp frzn  loss -0.053  pg -0.0012  v 0.008  adv_std 0.123  tR +0.52  ent[s/d/p/e] 1.52/2.69/1.30/0.65  emits 1.51  clip 0.00  kl -0.000 WRr 0.69 WRf 0.75
upd  390  steps 1601536  sps 3463  opp frzn  loss -0.054  pg -0.0007  v 0.006  adv_std 0.110  tR +0.42  ent[s/d/p/e] 1.57/2.69/1.30/0.67  emits 1.59  clip 0.00  kl +0.000
upd  391  steps 1605632  sps 3469  opp frzn  loss -0.055  pg -0.0011  v 0.006  adv_std 0.113  tR +0.71  ent[s/d/p/e] 1.75/2.75/1.30/0.67  emits 1.68  clip 0.00  kl +0.000
upd  392  steps 1609728  sps 3476  opp rand  loss -0.054  pg -0.0005  v 0.006  adv_std 0.108  tR +0.90  ent[s/d/p/e] 1.53/2.76/1.32/0.67  emits 1.55  clip 0.00  kl +0.000
upd  393  steps 1613824  sps 3483  opp rand  loss -0.053  pg -0.0008  v 0.009  adv_std 0.131  tR +0.50  ent[s/d/p/e] 1.51/2.74/1.32/0.65  emits 1.52  clip 0.00  kl +0.000
upd  394  steps 1617920  sps 3489  opp frzn  loss -0.051  pg -0.0004  v 0.011  adv_std 0.151  tR +0.71  ent[s/d/p/e] 1.49/2.73/1.31/0.66  emits 1.52  clip 0.00  kl +0.000
upd  395  steps 1622016  sps 3496  opp rand  loss -0.051  pg -0.0005  v 0.009  adv_std 0.132  tR +0.45  ent[s/d/p/e] 1.30/2.71/1.32/0.65  emits 1.47  clip 0.00  kl -0.000
upd  396  steps 1626112  sps 3503  opp frzn  loss -0.053  pg -0.0011  v 0.009  adv_std 0.135  tR +0.28  ent[s/d/p/e] 1.51/2.69/1.31/0.66  emits 1.56  clip 0.00  kl +0.000
upd  397  steps 1630208  sps 3509  opp frzn  loss -0.054  pg -0.0007  v 0.005  adv_std 0.097  tR +0.47  ent[s/d/p/e] 1.46/2.70/1.30/0.66  emits 1.49  clip 0.00  kl -0.000
upd  398  steps 1634304  sps 3515  opp frzn  loss -0.055  pg -0.0009  v 0.005  adv_std 0.100  tR +0.65  ent[s/d/p/e] 1.51/2.71/1.31/0.66  emits 1.55  clip 0.00  kl +0.000
upd  399  steps 1638400  sps 3522  opp rand  loss -0.055  pg -0.0006  v 0.006  adv_std 0.111  tR +0.84  ent[s/d/p/e] 1.70/2.75/1.32/0.65  emits 1.54  clip 0.00  kl +0.000 WRr 0.81 WRf 0.78
final eval win_rate vs random: 0.812
