nohup: 忽略输入
upd    0  steps    8192  sps 288  opp rand  loss -0.049  pg -0.0019  v 0.006  adv_std 0.119  tR +1.00  ent[s/d/p/e] 0.69/2.98/1.33/0.65  emits 1.42  clip 0.01  kl +0.000
upd    1  steps   16384  sps 562  opp rand  loss -0.036  pg -0.0015  v 0.040  adv_std 0.289  tR -0.10  ent[s/d/p/e] 1.45/2.98/1.31/0.67  emits 1.56  clip 0.04  kl +0.002
upd    2  steps   24576  sps 825  opp rand  loss -0.052  pg -0.0027  v 0.005  adv_std 0.109  tR +0.20  ent[s/d/p/e] 0.90/2.98/1.33/0.68  emits 1.46  clip 0.05  kl +0.002
upd    3  steps   32768  sps 1076  opp rand  loss -0.044  pg -0.0026  v 0.024  adv_std 0.226  tR -0.12  ent[s/d/p/e] 1.31/2.98/1.30/0.68  emits 1.59  clip 0.08  kl +0.004
upd    4  steps   40960  sps 1317  opp rand  loss -0.053  pg -0.0030  v 0.006  adv_std 0.109  tR +0.50  ent[s/d/p/e] 0.98/2.98/1.33/0.67  emits 1.54  clip 0.10  kl +0.005
upd    5  steps   49152  sps 1547  opp rand  loss -0.044  pg +0.0014  v 0.017  adv_std 0.190  tR -0.09  ent[s/d/p/e] 1.36/2.98/1.28/0.68  emits 1.61  clip 0.15  kl +0.007
upd    6  steps   57344  sps 1769  opp rand  loss -0.052  pg -0.0038  v 0.006  adv_std 0.109  tR -0.06  ent[s/d/p/e] 0.84/2.97/1.31/0.68  emits 1.47  clip 0.09  kl +0.004
upd    7  steps   65536  sps 1981  opp rand  loss -0.047  pg -0.0020  v 0.014  adv_std 0.172  tR -0.06  ent[s/d/p/e] 1.09/2.97/1.28/0.68  emits 1.54  clip 0.11  kl +0.005
upd    8  steps   73728  sps 2185  opp rand  loss -0.050  pg -0.0011  v 0.006  adv_std 0.110  tR -0.26  ent[s/d/p/e] 1.00/2.97/1.31/0.68  emits 1.50  clip 0.11  kl +0.005
upd    9  steps   81920  sps 2381  opp rand  loss -0.050  pg -0.0034  v 0.014  adv_std 0.170  tR +0.17  ent[s/d/p/e] 1.16/2.97/1.29/0.68  emits 1.59  clip 0.11  kl +0.005 WRr 0.38
upd   10  steps   90112  sps 2144  opp rand  loss -0.052  pg -0.0046  v 0.009  adv_std 0.136  tR -0.22  ent[s/d/p/e] 0.99/2.97/1.29/0.68  emits 1.60  clip 0.13  kl +0.006
upd   11  steps   98304  sps 2302  opp rand  loss -0.048  pg -0.0025  v 0.012  adv_std 0.157  tR -0.24  ent[s/d/p/e] 0.95/2.97/1.29/0.67  emits 1.48  clip 0.09  kl +0.003
upd   12  steps  106496  sps 2456  opp rand  loss -0.051  pg -0.0031  v 0.008  adv_std 0.128  tR +0.04  ent[s/d/p/e] 0.99/2.96/1.29/0.67  emits 1.51  clip 0.10  kl +0.004
upd   13  steps  114688  sps 2606  opp rand  loss -0.049  pg -0.0041  v 0.012  adv_std 0.163  tR -0.26  ent[s/d/p/e] 0.99/2.96/1.26/0.67  emits 1.53  clip 0.09  kl +0.003
upd   14  steps  122880  sps 2751  opp rand  loss -0.052  pg -0.0040  v 0.009  adv_std 0.140  tR -0.08  ent[s/d/p/e] 1.19/2.96/1.27/0.67  emits 1.55  clip 0.08  kl +0.004
upd   15  steps  131072  sps 2891  opp rand  loss -0.050  pg -0.0040  v 0.011  adv_std 0.149  tR -0.07  ent[s/d/p/e] 1.07/2.95/1.27/0.67  emits 1.54  clip 0.09  kl +0.004
upd   16  steps  139264  sps 3028  opp rand  loss -0.052  pg -0.0036  v 0.009  adv_std 0.134  tR -0.07  ent[s/d/p/e] 1.21/2.95/1.26/0.67  emits 1.54  clip 0.07  kl +0.002
upd   17  steps  147456  sps 3161  opp rand  loss -0.050  pg -0.0043  v 0.012  adv_std 0.158  tR +0.19  ent[s/d/p/e] 1.09/2.95/1.27/0.68  emits 1.58  clip 0.07  kl +0.004
upd   18  steps  155648  sps 3290  opp rand  loss -0.051  pg -0.0034  v 0.010  adv_std 0.141  tR +0.06  ent[s/d/p/e] 1.21/2.95/1.24/0.67  emits 1.56  clip 0.06  kl +0.004
upd   19  steps  163840  sps 3416  opp rand  loss -0.050  pg -0.0028  v 0.009  adv_std 0.141  tR +0.12  ent[s/d/p/e] 1.13/2.94/1.26/0.67  emits 1.53  clip 0.08  kl +0.005 WRr 0.38 WRf 0.59
upd   20  steps  172032  sps 2965  opp rand  loss -0.048  pg -0.0031  v 0.013  adv_std 0.161  tR -0.13  ent[s/d/p/e] 1.13/2.95/1.23/0.66  emits 1.51  clip 0.06  kl +0.004
upd   21  steps  180224  sps 3072  opp rand  loss -0.048  pg -0.0016  v 0.009  adv_std 0.139  tR -0.18  ent[s/d/p/e] 0.96/2.95/1.26/0.67  emits 1.53  clip 0.06  kl +0.004
upd   22  steps  188416  sps 3176  opp rand  loss -0.047  pg -0.0023  v 0.013  adv_std 0.163  tR -0.37  ent[s/d/p/e] 1.06/2.94/1.27/0.67  emits 1.52  clip 0.07  kl +0.004
upd   23  steps  196608  sps 3277  opp rand  loss -0.051  pg -0.0028  v 0.009  adv_std 0.138  tR -0.33  ent[s/d/p/e] 1.26/2.93/1.26/0.67  emits 1.50  clip 0.05  kl +0.002
upd   24  steps  204800  sps 3377  opp rand  loss -0.050  pg -0.0027  v 0.009  adv_std 0.137  tR +0.03  ent[s/d/p/e] 1.22/2.94/1.27/0.67  emits 1.48  clip 0.06  kl +0.003
upd   25  steps  212992  sps 3474  opp rand  loss -0.050  pg -0.0024  v 0.010  adv_std 0.141  tR +0.07  ent[s/d/p/e] 1.27/2.93/1.26/0.67  emits 1.56  clip 0.06  kl +0.003
upd   26  steps  221184  sps 3569  opp rand  loss -0.049  pg -0.0024  v 0.011  adv_std 0.149  tR -0.08  ent[s/d/p/e] 1.18/2.94/1.26/0.68  emits 1.56  clip 0.04  kl +0.003
upd   27  steps  229376  sps 3662  opp rand  loss -0.050  pg -0.0028  v 0.009  adv_std 0.135  tR +0.11  ent[s/d/p/e] 1.08/2.94/1.26/0.67  emits 1.57  clip 0.04  kl +0.002
upd   28  steps  237568  sps 3753  opp rand  loss -0.050  pg -0.0037  v 0.010  adv_std 0.146  tR -0.18  ent[s/d/p/e] 1.11/2.94/1.25/0.67  emits 1.57  clip 0.05  kl +0.002
upd   29  steps  245760  sps 3843  opp rand  loss -0.051  pg -0.0033  v 0.009  adv_std 0.134  tR +0.12  ent[s/d/p/e] 1.17/2.94/1.24/0.68  emits 1.55  clip 0.04  kl +0.001 WRr 0.44 WRf 0.56
upd   30  steps  253952  sps 3489  opp rand  loss -0.051  pg -0.0031  v 0.008  adv_std 0.129  tR -0.14  ent[s/d/p/e] 1.05/2.93/1.26/0.68  emits 1.53  clip 0.05  kl +0.004
upd   31  steps  262144  sps 3569  opp rand  loss -0.050  pg -0.0029  v 0.009  adv_std 0.134  tR +0.00  ent[s/d/p/e] 1.07/2.92/1.27/0.68  emits 1.52  clip 0.03  kl +0.001
upd   32  steps  270336  sps 3648  opp rand  loss -0.049  pg -0.0028  v 0.010  adv_std 0.145  tR +0.00  ent[s/d/p/e] 1.03/2.93/1.27/0.68  emits 1.59  clip 0.04  kl +0.003
upd   33  steps  278528  sps 3725  opp rand  loss -0.049  pg -0.0019  v 0.009  adv_std 0.138  tR -0.17  ent[s/d/p/e] 1.08/2.92/1.26/0.68  emits 1.54  clip 0.01  kl +0.001
upd   34  steps  286720  sps 3802  opp rand  loss -0.050  pg -0.0026  v 0.008  adv_std 0.126  tR -0.22  ent[s/d/p/e] 1.03/2.92/1.26/0.67  emits 1.57  clip 0.04  kl +0.002
upd   35  steps  294912  sps 3876  opp rand  loss -0.049  pg -0.0034  v 0.012  adv_std 0.155  tR +0.17  ent[s/d/p/e] 1.12/2.92/1.25/0.67  emits 1.55  clip 0.04  kl +0.002
upd   36  steps  303104  sps 3950  opp rand  loss -0.050  pg -0.0018  v 0.010  adv_std 0.141  tR -0.10  ent[s/d/p/e] 1.28/2.92/1.27/0.68  emits 1.65  clip 0.04  kl +0.003
upd   37  steps  311296  sps 4022  opp rand  loss -0.051  pg -0.0019  v 0.008  adv_std 0.124  tR +0.15  ent[s/d/p/e] 1.26/2.91/1.27/0.68  emits 1.66  clip 0.03  kl +0.001
upd   38  steps  319488  sps 4093  opp rand  loss -0.050  pg -0.0018  v 0.008  adv_std 0.125  tR +0.03  ent[s/d/p/e] 1.09/2.91/1.27/0.68  emits 1.56  clip 0.03  kl +0.002
upd   39  steps  327680  sps 4163  opp rand  loss -0.049  pg -0.0023  v 0.011  adv_std 0.149  tR -0.13  ent[s/d/p/e] 1.09/2.90/1.27/0.67  emits 1.57  clip 0.03  kl +0.002 WRr 0.53 WRf 0.59
upd   40  steps  335872  sps 3825  opp rand  loss -0.049  pg -0.0015  v 0.009  adv_std 0.134  tR -0.27  ent[s/d/p/e] 1.12/2.91/1.27/0.67  emits 1.53  clip 0.02  kl +0.002
upd   41  steps  344064  sps 3889  opp rand  loss -0.048  pg -0.0012  v 0.009  adv_std 0.137  tR -0.27  ent[s/d/p/e] 1.14/2.91/1.26/0.67  emits 1.56  clip 0.02  kl +0.001
upd   42  steps  352256  sps 3952  opp rand  loss -0.050  pg -0.0013  v 0.008  adv_std 0.128  tR +0.16  ent[s/d/p/e] 1.25/2.92/1.28/0.68  emits 1.63  clip 0.03  kl +0.002
upd   43  steps  360448  sps 4014  opp rand  loss -0.048  pg -0.0012  v 0.010  adv_std 0.145  tR +0.46  ent[s/d/p/e] 1.12/2.91/1.28/0.68  emits 1.62  clip 0.00  kl +0.001
upd   44  steps  368640  sps 4076  opp rand  loss -0.050  pg -0.0009  v 0.009  adv_std 0.135  tR -0.33  ent[s/d/p/e] 1.24/2.91/1.30/0.68  emits 1.66  clip 0.01  kl -0.000
upd   45  steps  376832  sps 4136  opp rand  loss -0.050  pg -0.0013  v 0.010  adv_std 0.140  tR +0.17  ent[s/d/p/e] 1.23/2.91/1.29/0.68  emits 1.65  clip 0.01  kl +0.001
upd   46  steps  385024  sps 4196  opp rand  loss -0.051  pg -0.0011  v 0.007  adv_std 0.122  tR +0.08  ent[s/d/p/e] 1.31/2.91/1.30/0.67  emits 1.64  clip 0.00  kl +0.000
upd   47  steps  393216  sps 4254  opp rand  loss -0.048  pg -0.0006  v 0.011  adv_std 0.151  tR +0.15  ent[s/d/p/e] 1.22/2.90/1.30/0.67  emits 1.58  clip 0.00  kl +0.000
upd   48  steps  401408  sps 4312  opp rand  loss -0.050  pg -0.0006  v 0.009  adv_std 0.134  tR +0.28  ent[s/d/p/e] 1.23/2.89/1.31/0.67  emits 1.59  clip 0.00  kl -0.000
upd   49  steps  409600  sps 4369  opp rand  loss -0.048  pg -0.0004  v 0.008  adv_std 0.132  tR +0.33  ent[s/d/p/e] 1.09/2.89/1.30/0.67  emits 1.53  clip 0.00  kl +0.000 WRr 0.41 WRf 0.41
upd   50  steps  417792  sps 4060  opp rand  loss -0.047  pg -0.0005  v 0.011  adv_std 0.146  tR -0.31  ent[s/d/p/e] 1.10/2.91/1.29/0.66  emits 1.53  clip 0.00  kl +0.000
upd   51  steps  425984  sps 4114  opp rand  loss -0.048  pg -0.0006  v 0.009  adv_std 0.138  tR -0.11  ent[s/d/p/e] 1.16/2.90/1.29/0.66  emits 1.57  clip 0.00  kl +0.000
upd   52  steps  434176  sps 4166  opp rand  loss -0.050  pg -0.0005  v 0.007  adv_std 0.122  tR +0.45  ent[s/d/p/e] 1.25/2.91/1.29/0.67  emits 1.62  clip 0.00  kl +0.000
upd   53  steps  442368  sps 4218  opp rand  loss -0.048  pg -0.0007  v 0.010  adv_std 0.139  tR +0.11  ent[s/d/p/e] 1.20/2.90/1.29/0.67  emits 1.59  clip 0.00  kl +0.000
upd   54  steps  450560  sps 4269  opp rand  loss -0.048  pg -0.0013  v 0.011  adv_std 0.151  tR +0.14  ent[s/d/p/e] 1.17/2.90/1.29/0.67  emits 1.64  clip 0.00  kl +0.001
upd   55  steps  458752  sps 4320  opp rand  loss -0.049  pg -0.0006  v 0.009  adv_std 0.135  tR -0.15  ent[s/d/p/e] 1.24/2.90/1.28/0.67  emits 1.65  clip 0.00  kl -0.000
upd   56  steps  466944  sps 4370  opp rand  loss -0.050  pg -0.0012  v 0.008  adv_std 0.127  tR +0.11  ent[s/d/p/e] 1.09/2.90/1.29/0.68  emits 1.60  clip 0.01  kl +0.000
upd   57  steps  475136  sps 4419  opp rand  loss -0.050  pg -0.0007  v 0.007  adv_std 0.120  tR +0.06  ent[s/d/p/e] 1.09/2.90/1.30/0.68  emits 1.62  clip 0.00  kl +0.000
upd   58  steps  483328  sps 4468  opp rand  loss -0.048  pg -0.0002  v 0.010  adv_std 0.144  tR +0.06  ent[s/d/p/e] 1.22/2.90/1.30/0.68  emits 1.66  clip 0.00  kl -0.000
upd   59  steps  491520  sps 4517  opp rand  loss -0.048  pg -0.0007  v 0.010  adv_std 0.142  tR +0.20  ent[s/d/p/e] 1.12/2.90/1.30/0.68  emits 1.64  clip 0.00  kl +0.000 WRr 0.62 WRf 0.59
upd   60  steps  499712  sps 4249  opp rand  loss -0.049  pg -0.0009  v 0.008  adv_std 0.129  tR +0.19  ent[s/d/p/e] 1.11/2.91/1.29/0.68  emits 1.67  clip 0.00  kl +0.001
upd   61  steps  507904  sps 4295  opp rand  loss -0.048  pg -0.0007  v 0.010  adv_std 0.145  tR -0.10  ent[s/d/p/e] 1.11/2.90/1.30/0.68  emits 1.57  clip 0.00  kl +0.000
upd   62  steps  516096  sps 4340  opp rand  loss -0.050  pg -0.0008  v 0.008  adv_std 0.124  tR +0.00  ent[s/d/p/e] 1.27/2.90/1.29/0.67  emits 1.63  clip 0.00  kl +0.001
upd   63  steps  524288  sps 4385  opp rand  loss -0.049  pg -0.0014  v 0.010  adv_std 0.144  tR +0.20  ent[s/d/p/e] 1.14/2.90/1.29/0.67  emits 1.59  clip 0.01  kl +0.000
upd   64  steps  532480  sps 4429  opp rand  loss -0.048  pg -0.0005  v 0.011  adv_std 0.146  tR -0.09  ent[s/d/p/e] 1.18/2.90/1.30/0.66  emits 1.49  clip 0.00  kl +0.001
upd   65  steps  540672  sps 4472  opp rand  loss -0.049  pg -0.0004  v 0.008  adv_std 0.130  tR +0.00  ent[s/d/p/e] 1.12/2.90/1.30/0.66  emits 1.52  clip 0.00  kl +0.000
upd   66  steps  548864  sps 4515  opp rand  loss -0.048  pg -0.0003  v 0.010  adv_std 0.144  tR -0.33  ent[s/d/p/e] 1.30/2.90/1.30/0.66  emits 1.54  clip 0.00  kl -0.000
upd   67  steps  557056  sps 4558  opp rand  loss -0.048  pg -0.0006  v 0.009  adv_std 0.137  tR +0.21  ent[s/d/p/e] 1.08/2.89/1.30/0.66  emits 1.54  clip 0.00  kl +0.000
upd   68  steps  565248  sps 4600  opp rand  loss -0.048  pg -0.0008  v 0.010  adv_std 0.144  tR +0.16  ent[s/d/p/e] 1.22/2.89/1.30/0.66  emits 1.54  clip 0.00  kl +0.000
upd   69  steps  573440  sps 4642  opp rand  loss -0.048  pg -0.0010  v 0.011  adv_std 0.148  tR +0.09  ent[s/d/p/e] 1.14/2.89/1.29/0.66  emits 1.51  clip 0.00  kl +0.000 WRr 0.62 WRf 0.56
upd   70  steps  581632  sps 4380  opp rand  loss -0.049  pg -0.0007  v 0.008  adv_std 0.130  tR -0.24  ent[s/d/p/e] 1.23/2.90/1.28/0.65  emits 1.50  clip 0.00  kl +0.000
upd   71  steps  589824  sps 4420  opp rand  loss -0.049  pg -0.0006  v 0.008  adv_std 0.127  tR -0.06  ent[s/d/p/e] 1.10/2.88/1.29/0.66  emits 1.49  clip 0.00  kl +0.000
upd   72  steps  598016  sps 4459  opp rand  loss -0.048  pg -0.0010  v 0.008  adv_std 0.130  tR -0.06  ent[s/d/p/e] 1.05/2.88/1.28/0.65  emits 1.41  clip 0.00  kl -0.000
upd   73  steps  606208  sps 4498  opp rand  loss -0.048  pg -0.0007  v 0.009  adv_std 0.131  tR -0.12  ent[s/d/p/e] 0.94/2.87/1.30/0.65  emits 1.44  clip 0.00  kl +0.000
upd   74  steps  614400  sps 4537  opp rand  loss -0.047  pg -0.0003  v 0.010  adv_std 0.143  tR +0.06  ent[s/d/p/e] 1.09/2.88/1.29/0.66  emits 1.48  clip 0.00  kl -0.000
upd   75  steps  622592  sps 4575  opp rand  loss -0.048  pg -0.0006  v 0.011  adv_std 0.149  tR -0.06  ent[s/d/p/e] 1.12/2.88/1.30/0.67  emits 1.52  clip 0.00  kl +0.000
upd   76  steps  630784  sps 4612  opp rand  loss -0.048  pg -0.0007  v 0.010  adv_std 0.141  tR +0.26  ent[s/d/p/e] 1.12/2.87/1.30/0.66  emits 1.51  clip 0.00  kl +0.001
upd   77  steps  638976  sps 4650  opp rand  loss -0.047  pg -0.0003  v 0.011  adv_std 0.149  tR +0.11  ent[s/d/p/e] 1.04/2.88/1.30/0.67  emits 1.51  clip 0.00  kl +0.000
upd   78  steps  647168  sps 4687  opp rand  loss -0.048  pg -0.0008  v 0.010  adv_std 0.139  tR -0.13  ent[s/d/p/e] 1.12/2.88/1.29/0.67  emits 1.59  clip 0.00  kl +0.000
upd   79  steps  655360  sps 4724  opp rand  loss -0.050  pg -0.0013  v 0.008  adv_std 0.124  tR +0.06  ent[s/d/p/e] 1.16/2.88/1.30/0.67  emits 1.62  clip 0.01  kl +0.001 WRr 0.59 WRf 0.62
upd   80  steps  663552  sps 4237  opp frzn  loss -0.048  pg -0.0007  v 0.011  adv_std 0.147  tR -0.08  ent[s/d/p/e] 1.16/2.89/1.29/0.67  emits 1.56  clip 0.00  kl +0.000
upd   81  steps  671744  sps 4270  opp frzn  loss -0.049  pg -0.0006  v 0.008  adv_std 0.129  tR -0.20  ent[s/d/p/e] 1.16/2.89/1.30/0.67  emits 1.59  clip 0.00  kl +0.000
upd   82  steps  679936  sps 4303  opp frzn  loss -0.048  pg -0.0004  v 0.010  adv_std 0.140  tR +0.21  ent[s/d/p/e] 1.08/2.89/1.29/0.67  emits 1.56  clip 0.00  kl +0.000
upd   83  steps  688128  sps 4335  opp frzn  loss -0.049  pg -0.0005  v 0.008  adv_std 0.128  tR +0.35  ent[s/d/p/e] 1.09/2.89/1.29/0.67  emits 1.57  clip 0.00  kl +0.000
upd   84  steps  696320  sps 4367  opp frzn  loss -0.048  pg -0.0008  v 0.009  adv_std 0.135  tR +0.07  ent[s/d/p/e] 1.05/2.91/1.28/0.67  emits 1.55  clip 0.00  kl +0.001
upd   85  steps  704512  sps 4399  opp frzn  loss -0.048  pg -0.0003  v 0.009  adv_std 0.135  tR +0.00  ent[s/d/p/e] 1.10/2.89/1.29/0.67  emits 1.61  clip 0.00  kl +0.000
upd   86  steps  712704  sps 4430  opp frzn  loss -0.047  pg -0.0004  v 0.011  adv_std 0.148  tR -0.05  ent[s/d/p/e] 1.04/2.89/1.29/0.67  emits 1.63  clip 0.00  kl +0.000
upd   87  steps  720896  sps 4463  opp rand  loss -0.049  pg -0.0006  v 0.008  adv_std 0.129  tR -0.21  ent[s/d/p/e] 1.15/2.89/1.28/0.67  emits 1.65  clip 0.00  kl +0.000
upd   88  steps  729088  sps 4494  opp frzn  loss -0.047  pg -0.0006  v 0.011  adv_std 0.150  tR +0.00  ent[s/d/p/e] 1.14/2.90/1.28/0.67  emits 1.64  clip 0.00  kl +0.000
upd   89  steps  737280  sps 4525  opp frzn  loss -0.049  pg -0.0006  v 0.009  adv_std 0.137  tR +0.24  ent[s/d/p/e] 1.20/2.90/1.29/0.68  emits 1.63  clip 0.00  kl -0.000 WRr 0.78 WRf 0.66
upd   90  steps  745472  sps 4338  opp rand  loss -0.049  pg -0.0006  v 0.009  adv_std 0.136  tR +0.27  ent[s/d/p/e] 1.13/2.90/1.29/0.68  emits 1.71  clip 0.00  kl +0.000
upd   91  steps  753664  sps 4369  opp rand  loss -0.049  pg -0.0003  v 0.007  adv_std 0.120  tR +0.13  ent[s/d/p/e] 1.16/2.90/1.29/0.68  emits 1.68  clip 0.00  kl +0.000
upd   92  steps  761856  sps 4399  opp rand  loss -0.047  pg -0.0006  v 0.010  adv_std 0.144  tR +0.21  ent[s/d/p/e] 1.05/2.91/1.28/0.68  emits 1.70  clip 0.00  kl +0.000
upd   93  steps  770048  sps 4430  opp rand  loss -0.049  pg -0.0011  v 0.009  adv_std 0.136  tR +0.16  ent[s/d/p/e] 1.19/2.90/1.28/0.68  emits 1.67  clip 0.00  kl -0.000
upd   94  steps  778240  sps 4460  opp rand  loss -0.049  pg -0.0005  v 0.009  adv_std 0.133  tR -0.06  ent[s/d/p/e] 1.19/2.90/1.27/0.67  emits 1.71  clip 0.00  kl +0.000
upd   95  steps  786432  sps 4490  opp rand  loss -0.048  pg -0.0004  v 0.009  adv_std 0.136  tR -0.16  ent[s/d/p/e] 1.22/2.90/1.27/0.67  emits 1.69  clip 0.00  kl +0.000
upd   96  steps  794624  sps 4518  opp frzn  loss -0.048  pg -0.0003  v 0.011  adv_std 0.146  tR +0.14  ent[s/d/p/e] 1.22/2.90/1.29/0.67  emits 1.71  clip 0.00  kl +0.000
upd   97  steps  802816  sps 4547  opp frzn  loss -0.049  pg -0.0005  v 0.009  adv_std 0.131  tR +0.30  ent[s/d/p/e] 1.25/2.90/1.29/0.67  emits 1.69  clip 0.00  kl +0.000
upd   98  steps  811008  sps 4576  opp rand  loss -0.050  pg -0.0016  v 0.009  adv_std 0.132  tR +0.03  ent[s/d/p/e] 1.16/2.89/1.29/0.67  emits 1.69  clip 0.01  kl +0.001
upd   99  steps  819200  sps 4604  opp frzn  loss -0.048  pg -0.0007  v 0.010  adv_std 0.139  tR -0.05  ent[s/d/p/e] 1.15/2.89/1.29/0.66  emits 1.58  clip 0.00  kl +0.001 WRr 0.59 WRf 0.50
upd  100  steps  827392  sps 4418  opp rand  loss -0.047  pg -0.0007  v 0.011  adv_std 0.150  tR +0.19  ent[s/d/p/e] 1.10/2.89/1.29/0.67  emits 1.57  clip 0.00  kl +0.001
upd  101  steps  835584  sps 4446  opp rand  loss -0.050  pg -0.0015  v 0.010  adv_std 0.139  tR +0.11  ent[s/d/p/e] 1.22/2.88/1.29/0.67  emits 1.59  clip 0.01  kl +0.001
upd  102  steps  843776  sps 4474  opp rand  loss -0.048  pg -0.0003  v 0.009  adv_std 0.137  tR +0.20  ent[s/d/p/e] 1.12/2.89/1.29/0.68  emits 1.62  clip 0.00  kl +0.000
upd  103  steps  851968  sps 4501  opp frzn  loss -0.050  pg -0.0008  v 0.007  adv_std 0.120  tR +0.03  ent[s/d/p/e] 1.18/2.88/1.30/0.67  emits 1.61  clip 0.00  kl +0.000
upd  104  steps  860160  sps 4527  opp frzn  loss -0.050  pg -0.0005  v 0.008  adv_std 0.125  tR +0.33  ent[s/d/p/e] 1.24/2.89/1.29/0.68  emits 1.66  clip 0.00  kl +0.000
upd  105  steps  868352  sps 4554  opp rand  loss -0.048  pg -0.0007  v 0.010  adv_std 0.144  tR +0.03  ent[s/d/p/e] 1.12/2.88/1.30/0.67  emits 1.65  clip 0.00  kl -0.000
upd  106  steps  876544  sps 4580  opp frzn  loss -0.050  pg -0.0007  v 0.008  adv_std 0.126  tR +0.33  ent[s/d/p/e] 1.24/2.88/1.30/0.67  emits 1.65  clip 0.00  kl +0.000
upd  107  steps  884736  sps 4606  opp frzn  loss -0.049  pg -0.0006  v 0.007  adv_std 0.122  tR -0.17  ent[s/d/p/e] 1.11/2.88/1.30/0.67  emits 1.59  clip 0.00  kl +0.000
upd  108  steps  892928  sps 4632  opp frzn  loss -0.049  pg -0.0007  v 0.009  adv_std 0.133  tR -0.03  ent[s/d/p/e] 1.12/2.88/1.30/0.67  emits 1.61  clip 0.00  kl +0.000
upd  109  steps  901120  sps 4657  opp frzn  loss -0.049  pg -0.0006  v 0.009  adv_std 0.137  tR +0.20  ent[s/d/p/e] 1.23/2.88/1.30/0.67  emits 1.57  clip 0.00  kl +0.000 WRr 0.53 WRf 0.56
upd  110  steps  909312  sps 4493  opp rand  loss -0.047  pg -0.0009  v 0.012  adv_std 0.153  tR +0.06  ent[s/d/p/e] 1.08/2.88/1.30/0.67  emits 1.57  clip 0.00  kl +0.000
upd  111  steps  917504  sps 4518  opp frzn  loss -0.049  pg -0.0012  v 0.009  adv_std 0.138  tR +0.06  ent[s/d/p/e] 1.13/2.88/1.30/0.67  emits 1.55  clip 0.00  kl +0.001
upd  112  steps  925696  sps 4543  opp rand  loss -0.047  pg -0.0002  v 0.012  adv_std 0.157  tR +0.09  ent[s/d/p/e] 1.23/2.88/1.30/0.67  emits 1.55  clip 0.00  kl +0.000
upd  113  steps  933888  sps 4569  opp rand  loss -0.049  pg -0.0002  v 0.008  adv_std 0.129  tR +0.24  ent[s/d/p/e] 1.30/2.88/1.30/0.67  emits 1.61  clip 0.00  kl +0.000
upd  114  steps  942080  sps 4593  opp frzn  loss -0.050  pg -0.0005  v 0.007  adv_std 0.120  tR +0.07  ent[s/d/p/e] 1.15/2.88/1.30/0.67  emits 1.59  clip 0.00  kl +0.001
upd  115  steps  950272  sps 4618  opp rand  loss -0.049  pg -0.0008  v 0.009  adv_std 0.134  tR +0.13  ent[s/d/p/e] 1.22/2.89/1.30/0.67  emits 1.64  clip 0.00  kl -0.000
upd  116  steps  958464  sps 4642  opp frzn  loss -0.048  pg -0.0005  v 0.010  adv_std 0.145  tR +0.07  ent[s/d/p/e] 1.22/2.88/1.30/0.67  emits 1.72  clip 0.00  kl +0.000
upd  117  steps  966656  sps 4665  opp frzn  loss -0.048  pg -0.0007  v 0.011  adv_std 0.151  tR +0.10  ent[s/d/p/e] 1.17/2.88/1.29/0.67  emits 1.61  clip 0.00  kl +0.000
upd  118  steps  974848  sps 4689  opp frzn  loss -0.049  pg -0.0006  v 0.008  adv_std 0.125  tR +0.09  ent[s/d/p/e] 1.04/2.88/1.30/0.67  emits 1.56  clip 0.00  kl -0.000
upd  119  steps  983040  sps 4713  opp rand  loss -0.047  pg -0.0005  v 0.012  adv_std 0.154  tR -0.06  ent[s/d/p/e] 1.03/2.87/1.30/0.68  emits 1.59  clip 0.00  kl +0.000 WRr 0.62 WRf 0.50
upd  120  steps  991232  sps 4559  opp frzn  loss -0.049  pg -0.0009  v 0.009  adv_std 0.135  tR +0.00  ent[s/d/p/e] 1.10/2.88/1.30/0.67  emits 1.65  clip 0.00  kl +0.000
upd  121  steps  999424  sps 4583  opp rand  loss -0.050  pg -0.0008  v 0.008  adv_std 0.124  tR +0.13  ent[s/d/p/e] 1.11/2.87/1.31/0.68  emits 1.65  clip 0.00  kl +0.001
upd  122  steps 1007616  sps 4606  opp frzn  loss -0.048  pg -0.0006  v 0.009  adv_std 0.138  tR +0.31  ent[s/d/p/e] 1.10/2.87/1.30/0.67  emits 1.63  clip 0.00  kl +0.000
upd  123  steps 1015808  sps 4628  opp frzn  loss -0.047  pg -0.0005  v 0.011  adv_std 0.151  tR -0.03  ent[s/d/p/e] 1.01/2.87/1.30/0.68  emits 1.66  clip 0.00  kl +0.000
upd  124  steps 1024000  sps 4651  opp rand  loss -0.047  pg -0.0005  v 0.013  adv_std 0.163  tR +0.27  ent[s/d/p/e] 1.27/2.88/1.29/0.67  emits 1.69  clip 0.00  kl +0.000
upd  125  steps 1032192  sps 4673  opp frzn  loss -0.050  pg -0.0005  v 0.007  adv_std 0.117  tR -0.03  ent[s/d/p/e] 1.11/2.88/1.30/0.67  emits 1.65  clip 0.00  kl +0.000
upd  126  steps 1040384  sps 4696  opp rand  loss -0.048  pg -0.0006  v 0.010  adv_std 0.143  tR +0.03  ent[s/d/p/e] 1.12/2.88/1.29/0.68  emits 1.62  clip 0.00  kl -0.000
upd  127  steps 1048576  sps 4718  opp frzn  loss -0.049  pg -0.0003  v 0.008  adv_std 0.129  tR +0.20  ent[s/d/p/e] 1.15/2.88/1.29/0.68  emits 1.64  clip 0.00  kl +0.000
upd  128  steps 1056768  sps 4740  opp frzn  loss -0.049  pg -0.0008  v 0.009  adv_std 0.138  tR +0.33  ent[s/d/p/e] 1.22/2.88/1.30/0.68  emits 1.61  clip 0.00  kl +0.001
upd  129  steps 1064960  sps 4762  opp frzn  loss -0.050  pg -0.0012  v 0.008  adv_std 0.123  tR +0.20  ent[s/d/p/e] 1.13/2.89/1.30/0.68  emits 1.64  clip 0.00  kl +0.000 WRr 0.50 WRf 0.47
upd  130  steps 1073152  sps 4605  opp rand  loss -0.049  pg -0.0015  v 0.010  adv_std 0.146  tR -0.06  ent[s/d/p/e] 1.13/2.88/1.30/0.67  emits 1.67  clip 0.01  kl +0.001
upd  131  steps 1081344  sps 4627  opp rand  loss -0.049  pg -0.0006  v 0.009  adv_std 0.131  tR +0.06  ent[s/d/p/e] 1.20/2.88/1.30/0.67  emits 1.62  clip 0.00  kl +0.000
upd  132  steps 1089536  sps 4648  opp frzn  loss -0.049  pg -0.0006  v 0.009  adv_std 0.136  tR +0.18  ent[s/d/p/e] 1.13/2.89/1.30/0.67  emits 1.65  clip 0.00  kl +0.001
upd  133  steps 1097728  sps 4668  opp frzn  loss -0.049  pg -0.0008  v 0.009  adv_std 0.131  tR +0.00  ent[s/d/p/e] 1.09/2.88/1.31/0.67  emits 1.67  clip 0.00  kl +0.000
upd  134  steps 1105920  sps 4689  opp frzn  loss -0.047  pg -0.0009  v 0.012  adv_std 0.153  tR -0.11  ent[s/d/p/e] 1.01/2.88/1.31/0.66  emits 1.52  clip 0.00  kl +0.000
upd  135  steps 1114112  sps 4711  opp rand  loss -0.048  pg -0.0002  v 0.010  adv_std 0.142  tR -0.15  ent[s/d/p/e] 1.02/2.87/1.32/0.67  emits 1.62  clip 0.00  kl +0.000
upd  136  steps 1122304  sps 4731  opp frzn  loss -0.049  pg -0.0006  v 0.009  adv_std 0.136  tR +0.22  ent[s/d/p/e] 1.14/2.88/1.31/0.67  emits 1.57  clip 0.00  kl +0.001
upd  137  steps 1130496  sps 4752  opp rand  loss -0.048  pg -0.0010  v 0.010  adv_std 0.144  tR +0.27  ent[s/d/p/e] 1.03/2.88/1.31/0.67  emits 1.59  clip 0.00  kl +0.000
upd  138  steps 1138688  sps 4773  opp frzn  loss -0.049  pg -0.0008  v 0.011  adv_std 0.145  tR +0.05  ent[s/d/p/e] 1.18/2.89/1.31/0.67  emits 1.59  clip 0.00  kl +0.001
upd  139  steps 1146880  sps 4793  opp frzn  loss -0.050  pg -0.0004  v 0.007  adv_std 0.121  tR +0.30  ent[s/d/p/e] 1.20/2.88/1.31/0.67  emits 1.71  clip 0.00  kl -0.000 WRr 0.72 WRf 0.56
upd  140  steps 1155072  sps 4655  opp frzn  loss -0.047  pg -0.0005  v 0.013  adv_std 0.158  tR +0.15  ent[s/d/p/e] 1.22/2.88/1.31/0.67  emits 1.67  clip 0.00  kl +0.000
upd  141  steps 1163264  sps 4675  opp rand  loss -0.050  pg -0.0009  v 0.009  adv_std 0.133  tR +0.15  ent[s/d/p/e] 1.19/2.88/1.30/0.68  emits 1.74  clip 0.00  kl +0.000
upd  142  steps 1171456  sps 4695  opp frzn  loss -0.048  pg -0.0006  v 0.009  adv_std 0.136  tR +0.16  ent[s/d/p/e] 1.05/2.89/1.30/0.67  emits 1.66  clip 0.00  kl +0.000
upd  143  steps 1179648  sps 4715  opp rand  loss -0.050  pg -0.0008  v 0.007  adv_std 0.122  tR -0.12  ent[s/d/p/e] 1.22/2.88/1.30/0.67  emits 1.73  clip 0.00  kl +0.000
upd  144  steps 1187840  sps 4736  opp rand  loss -0.048  pg -0.0004  v 0.011  adv_std 0.147  tR +0.21  ent[s/d/p/e] 1.18/2.88/1.30/0.67  emits 1.72  clip 0.00  kl +0.000
upd  145  steps 1196032  sps 4755  opp frzn  loss -0.050  pg -0.0005  v 0.007  adv_std 0.120  tR +0.21  ent[s/d/p/e] 1.13/2.88/1.29/0.68  emits 1.69  clip 0.00  kl +0.000
upd  146  steps 1204224  sps 4774  opp frzn  loss -0.049  pg -0.0006  v 0.008  adv_std 0.125  tR -0.10  ent[s/d/p/e] 1.06/2.88/1.29/0.67  emits 1.66  clip 0.00  kl +0.000
upd  147  steps 1212416  sps 4793  opp frzn  loss -0.048  pg -0.0005  v 0.009  adv_std 0.136  tR +0.15  ent[s/d/p/e] 1.08/2.87/1.30/0.67  emits 1.66  clip 0.00  kl +0.000
upd  148  steps 1220608  sps 4813  opp rand  loss -0.048  pg -0.0007  v 0.010  adv_std 0.139  tR +0.05  ent[s/d/p/e] 1.06/2.87/1.30/0.68  emits 1.64  clip 0.00  kl +0.000
upd  149  steps 1228800  sps 4832  opp rand  loss -0.050  pg -0.0006  v 0.006  adv_std 0.113  tR +0.14  ent[s/d/p/e] 1.13/2.87/1.29/0.68  emits 1.62  clip 0.00  kl +0.000 WRr 0.62 WRf 0.53
upd  150  steps 1236992  sps 4701  opp rand  loss -0.047  pg -0.0005  v 0.011  adv_std 0.150  tR -0.10  ent[s/d/p/e] 1.01/2.87/1.30/0.67  emits 1.64  clip 0.00  kl -0.000
upd  151  steps 1245184  sps 4720  opp rand  loss -0.050  pg -0.0010  v 0.008  adv_std 0.128  tR -0.03  ent[s/d/p/e] 1.25/2.87/1.29/0.68  emits 1.61  clip 0.00  kl +0.001
upd  152  steps 1253376  sps 4739  opp rand  loss -0.047  pg -0.0009  v 0.011  adv_std 0.149  tR +0.05  ent[s/d/p/e] 0.98/2.87/1.30/0.68  emits 1.62  clip 0.00  kl +0.000
upd  153  steps 1261568  sps 4758  opp frzn  loss -0.049  pg -0.0008  v 0.008  adv_std 0.128  tR +0.00  ent[s/d/p/e] 1.14/2.88/1.29/0.67  emits 1.63  clip 0.00  kl +0.000
upd  154  steps 1269760  sps 4777  opp rand  loss -0.050  pg -0.0006  v 0.008  adv_std 0.125  tR +0.00  ent[s/d/p/e] 1.19/2.87/1.31/0.68  emits 1.68  clip 0.00  kl +0.000
upd  155  steps 1277952  sps 4796  opp rand  loss -0.050  pg -0.0011  v 0.010  adv_std 0.139  tR +0.50  ent[s/d/p/e] 1.35/2.88/1.29/0.68  emits 1.69  clip 0.00  kl +0.000
upd  156  steps 1286144  sps 4814  opp frzn  loss -0.050  pg -0.0007  v 0.009  adv_std 0.132  tR +0.33  ent[s/d/p/e] 1.21/2.88/1.30/0.68  emits 1.71  clip 0.00  kl +0.000
upd  157  steps 1294336  sps 4831  opp frzn  loss -0.049  pg -0.0002  v 0.008  adv_std 0.130  tR +0.26  ent[s/d/p/e] 1.25/2.88/1.30/0.67  emits 1.57  clip 0.00  kl -0.000
upd  158  steps 1302528  sps 4850  opp rand  loss -0.050  pg -0.0008  v 0.008  adv_std 0.124  tR +0.31  ent[s/d/p/e] 1.13/2.87/1.31/0.67  emits 1.62  clip 0.00  kl +0.000
upd  159  steps 1310720  sps 4869  opp rand  loss -0.049  pg -0.0005  v 0.010  adv_std 0.139  tR +0.30  ent[s/d/p/e] 1.28/2.88/1.30/0.67  emits 1.63  clip 0.00  kl +0.000 WRr 0.59 WRf 0.59
upd  160  steps 1318912  sps 4732  opp frzn  loss -0.049  pg -0.0008  v 0.008  adv_std 0.131  tR +0.14  ent[s/d/p/e] 1.14/2.88/1.30/0.68  emits 1.72  clip 0.00  kl +0.000
upd  161  steps 1327104  sps 4749  opp frzn  loss -0.048  pg -0.0008  v 0.009  adv_std 0.138  tR +0.12  ent[s/d/p/e] 1.11/2.88/1.29/0.67  emits 1.64  clip 0.00  kl +0.000
upd  162  steps 1335296  sps 4767  opp rand  loss -0.049  pg -0.0010  v 0.009  adv_std 0.132  tR +0.00  ent[s/d/p/e] 1.10/2.88/1.30/0.67  emits 1.72  clip 0.00  kl +0.000
upd  163  steps 1343488  sps 4785  opp rand  loss -0.050  pg -0.0008  v 0.007  adv_std 0.119  tR +0.00  ent[s/d/p/e] 1.09/2.88/1.30/0.67  emits 1.68  clip 0.01  kl +0.000
upd  164  steps 1351680  sps 4802  opp frzn  loss -0.048  pg -0.0006  v 0.009  adv_std 0.132  tR -0.09  ent[s/d/p/e] 1.04/2.88/1.30/0.67  emits 1.61  clip 0.00  kl +0.000
upd  165  steps 1359872  sps 4820  opp rand  loss -0.048  pg -0.0005  v 0.011  adv_std 0.152  tR +0.12  ent[s/d/p/e] 1.18/2.89/1.30/0.67  emits 1.70  clip 0.00  kl +0.000
upd  166  steps 1368064  sps 4838  opp rand  loss -0.050  pg -0.0008  v 0.007  adv_std 0.118  tR +0.37  ent[s/d/p/e] 1.09/2.89/1.30/0.68  emits 1.69  clip 0.00  kl +0.000
upd  167  steps 1376256  sps 4854  opp frzn  loss -0.050  pg -0.0009  v 0.007  adv_std 0.116  tR +0.24  ent[s/d/p/e] 1.08/2.89/1.30/0.67  emits 1.58  clip 0.00  kl +0.000
upd  168  steps 1384448  sps 4871  opp frzn  loss -0.048  pg -0.0007  v 0.010  adv_std 0.145  tR -0.03  ent[s/d/p/e] 1.07/2.88/1.31/0.67  emits 1.65  clip 0.00  kl +0.001
upd  169  steps 1392640  sps 4888  opp frzn  loss -0.048  pg -0.0005  v 0.011  adv_std 0.148  tR +0.29  ent[s/d/p/e] 1.18/2.89/1.30/0.66  emits 1.65  clip 0.00  kl +0.000 WRr 0.66 WRf 0.53
upd  170  steps 1400832  sps 4769  opp rand  loss -0.048  pg -0.0007  v 0.009  adv_std 0.137  tR +0.03  ent[s/d/p/e] 1.08/2.88/1.30/0.67  emits 1.65  clip 0.00  kl +0.000
upd  171  steps 1409024  sps 4786  opp rand  loss -0.050  pg -0.0006  v 0.007  adv_std 0.116  tR +0.10  ent[s/d/p/e] 1.11/2.87/1.29/0.67  emits 1.64  clip 0.00  kl +0.000
upd  172  steps 1417216  sps 4802  opp frzn  loss -0.049  pg -0.0007  v 0.007  adv_std 0.121  tR +0.03  ent[s/d/p/e] 1.09/2.87/1.29/0.67  emits 1.67  clip 0.00  kl +0.001
upd  173  steps 1425408  sps 4819  opp rand  loss -0.049  pg -0.0010  v 0.008  adv_std 0.128  tR +0.19  ent[s/d/p/e] 1.08/2.87/1.30/0.67  emits 1.63  clip 0.00  kl +0.000
upd  174  steps 1433600  sps 4835  opp frzn  loss -0.049  pg -0.0005  v 0.008  adv_std 0.131  tR -0.03  ent[s/d/p/e] 1.21/2.88/1.30/0.67  emits 1.63  clip 0.00  kl +0.001
upd  175  steps 1441792  sps 4851  opp frzn  loss -0.049  pg -0.0007  v 0.008  adv_std 0.130  tR -0.06  ent[s/d/p/e] 1.15/2.88/1.30/0.67  emits 1.63  clip 0.00  kl +0.001
upd  176  steps 1449984  sps 4867  opp frzn  loss -0.049  pg -0.0007  v 0.008  adv_std 0.124  tR +0.29  ent[s/d/p/e] 1.08/2.88/1.29/0.67  emits 1.64  clip 0.00  kl +0.000
upd  177  steps 1458176  sps 4883  opp frzn  loss -0.048  pg -0.0005  v 0.008  adv_std 0.127  tR +0.12  ent[s/d/p/e] 0.93/2.88/1.30/0.67  emits 1.66  clip 0.00  kl +0.000
upd  178  steps 1466368  sps 4899  opp frzn  loss -0.048  pg -0.0006  v 0.008  adv_std 0.131  tR +0.25  ent[s/d/p/e] 1.05/2.88/1.30/0.67  emits 1.63  clip 0.00  kl +0.000
upd  179  steps 1474560  sps 4915  opp rand  loss -0.048  pg -0.0005  v 0.008  adv_std 0.127  tR -0.18  ent[s/d/p/e] 0.89/2.87/1.31/0.67  emits 1.62  clip 0.00  kl +0.000 WRr 0.62 WRf 0.50
upd  180  steps 1482752  sps 4801  opp frzn  loss -0.050  pg -0.0008  v 0.007  adv_std 0.116  tR -0.21  ent[s/d/p/e] 1.01/2.88/1.30/0.67  emits 1.67  clip 0.00  kl +0.000
upd  181  steps 1490944  sps 4816  opp frzn  loss -0.049  pg -0.0017  v 0.010  adv_std 0.141  tR +0.20  ent[s/d/p/e] 1.14/2.88/1.30/0.67  emits 1.71  clip 0.01  kl +0.001
upd  182  steps 1499136  sps 4832  opp frzn  loss -0.049  pg -0.0006  v 0.008  adv_std 0.130  tR -0.19  ent[s/d/p/e] 1.12/2.88/1.29/0.67  emits 1.60  clip 0.00  kl +0.000
upd  183  steps 1507328  sps 4847  opp frzn  loss -0.048  pg -0.0005  v 0.009  adv_std 0.136  tR +0.00  ent[s/d/p/e] 1.07/2.88/1.29/0.66  emits 1.64  clip 0.00  kl +0.000
upd  184  steps 1515520  sps 4862  opp frzn  loss -0.049  pg -0.0005  v 0.008  adv_std 0.129  tR +0.00  ent[s/d/p/e] 1.11/2.87/1.29/0.67  emits 1.59  clip 0.00  kl +0.000
upd  185  steps 1523712  sps 4877  opp frzn  loss -0.047  pg -0.0004  v 0.009  adv_std 0.139  tR +0.33  ent[s/d/p/e] 0.99/2.87/1.30/0.67  emits 1.57  clip 0.00  kl +0.000
upd  186  steps 1531904  sps 4893  opp rand  loss -0.049  pg -0.0006  v 0.008  adv_std 0.123  tR -0.03  ent[s/d/p/e] 1.04/2.87/1.30/0.67  emits 1.62  clip 0.00  kl +0.000
upd  187  steps 1540096  sps 4909  opp rand  loss -0.049  pg -0.0006  v 0.008  adv_std 0.127  tR +0.05  ent[s/d/p/e] 1.16/2.87/1.30/0.67  emits 1.65  clip 0.00  kl +0.000
upd  188  steps 1548288  sps 4924  opp frzn  loss -0.047  pg -0.0004  v 0.011  adv_std 0.147  tR +0.44  ent[s/d/p/e] 1.13/2.87/1.29/0.66  emits 1.59  clip 0.00  kl +0.000
upd  189  steps 1556480  sps 4939  opp frzn  loss -0.047  pg -0.0009  v 0.011  adv_std 0.147  tR -0.16  ent[s/d/p/e] 0.95/2.87/1.31/0.66  emits 1.49  clip 0.00  kl -0.000 WRr 0.66 WRf 0.59
upd  190  steps 1564672  sps 4830  opp rand  loss -0.049  pg -0.0008  v 0.008  adv_std 0.127  tR -0.15  ent[s/d/p/e] 1.03/2.86/1.30/0.66  emits 1.54  clip 0.00  kl +0.001
upd  191  steps 1572864  sps 4845  opp rand  loss -0.048  pg -0.0004  v 0.008  adv_std 0.129  tR +0.28  ent[s/d/p/e] 1.02/2.86/1.30/0.66  emits 1.58  clip 0.00  kl +0.000
upd  192  steps 1581056  sps 4860  opp frzn  loss -0.047  pg -0.0004  v 0.012  adv_std 0.154  tR -0.20  ent[s/d/p/e] 1.16/2.88/1.30/0.66  emits 1.56  clip 0.00  kl -0.000
upd  193  steps 1589248  sps 4875  opp rand  loss -0.049  pg -0.0006  v 0.008  adv_std 0.130  tR -0.06  ent[s/d/p/e] 1.15/2.87/1.30/0.67  emits 1.61  clip 0.00  kl -0.000
upd  194  steps 1597440  sps 4890  opp rand  loss -0.048  pg -0.0006  v 0.010  adv_std 0.140  tR +0.11  ent[s/d/p/e] 1.08/2.87/1.30/0.67  emits 1.57  clip 0.00  kl -0.000
upd  195  steps 1605632  sps 4906  opp rand  loss -0.050  pg -0.0007  v 0.008  adv_std 0.126  tR +0.36  ent[s/d/p/e] 1.16/2.86/1.30/0.67  emits 1.69  clip 0.00  kl +0.000
upd  196  steps 1613824  sps 4921  opp rand  loss -0.049  pg -0.0006  v 0.009  adv_std 0.135  tR +0.00  ent[s/d/p/e] 1.17/2.87/1.29/0.67  emits 1.67  clip 0.00  kl +0.000
upd  197  steps 1622016  sps 4935  opp frzn  loss -0.047  pg -0.0005  v 0.012  adv_std 0.155  tR +0.03  ent[s/d/p/e] 1.17/2.88/1.30/0.66  emits 1.61  clip 0.00  kl -0.000
upd  198  steps 1630208  sps 4950  opp rand  loss -0.049  pg -0.0008  v 0.009  adv_std 0.133  tR -0.21  ent[s/d/p/e] 1.14/2.87/1.29/0.67  emits 1.60  clip 0.00  kl +0.000
upd  199  steps 1638400  sps 4965  opp rand  loss -0.048  pg -0.0005  v 0.011  adv_std 0.148  tR +0.45  ent[s/d/p/e] 1.17/2.88/1.29/0.67  emits 1.57  clip 0.00  kl +0.000 WRr 0.56 WRf 0.50
upd  200  steps 1646592  sps 4848  opp frzn  loss -0.048  pg -0.0008  v 0.011  adv_std 0.149  tR +0.35  ent[s/d/p/e] 1.13/2.88/1.29/0.66  emits 1.57  clip 0.00  kl +0.000
upd  201  steps 1654784  sps 4862  opp rand  loss -0.049  pg -0.0003  v 0.009  adv_std 0.135  tR +0.50  ent[s/d/p/e] 1.22/2.87/1.29/0.67  emits 1.62  clip 0.00  kl +0.000
upd  202  steps 1662976  sps 4877  opp rand  loss -0.049  pg -0.0003  v 0.009  adv_std 0.132  tR +0.11  ent[s/d/p/e] 1.17/2.87/1.29/0.67  emits 1.63  clip 0.00  kl +0.000
upd  203  steps 1671168  sps 4892  opp rand  loss -0.049  pg -0.0009  v 0.009  adv_std 0.132  tR +0.24  ent[s/d/p/e] 1.21/2.87/1.29/0.67  emits 1.60  clip 0.00  kl +0.001
upd  204  steps 1679360  sps 4905  opp frzn  loss -0.048  pg -0.0006  v 0.008  adv_std 0.131  tR +0.16  ent[s/d/p/e] 1.02/2.88/1.29/0.67  emits 1.62  clip 0.00  kl -0.000
upd  205  steps 1687552  sps 4919  opp frzn  loss -0.049  pg -0.0009  v 0.008  adv_std 0.127  tR +0.07  ent[s/d/p/e] 1.16/2.88/1.28/0.67  emits 1.61  clip 0.00  kl +0.000
upd  206  steps 1695744  sps 4934  opp rand  loss -0.046  pg -0.0004  v 0.013  adv_std 0.160  tR +0.26  ent[s/d/p/e] 1.03/2.88/1.29/0.68  emits 1.66  clip 0.00  kl +0.000
upd  207  steps 1703936  sps 4948  opp rand  loss -0.050  pg -0.0007  v 0.007  adv_std 0.119  tR -0.13  ent[s/d/p/e] 1.18/2.88/1.29/0.67  emits 1.62  clip 0.00  kl +0.000
upd  208  steps 1712128  sps 4961  opp frzn  loss -0.049  pg -0.0004  v 0.008  adv_std 0.128  tR +0.11  ent[s/d/p/e] 1.07/2.88/1.30/0.67  emits 1.61  clip 0.00  kl +0.000
upd  209  steps 1720320  sps 4976  opp rand  loss -0.047  pg -0.0009  v 0.011  adv_std 0.150  tR +0.38  ent[s/d/p/e] 1.06/2.87/1.29/0.67  emits 1.57  clip 0.00  kl +0.001 WRr 0.62 WRf 0.72
upd  210  steps 1728512  sps 4874  opp frzn  loss -0.048  pg -0.0003  v 0.007  adv_std 0.122  tR -0.39  ent[s/d/p/e] 1.01/2.88/1.29/0.67  emits 1.56  clip 0.00  kl -0.000
upd  211  steps 1736704  sps 4888  opp rand  loss -0.048  pg -0.0008  v 0.009  adv_std 0.138  tR +0.09  ent[s/d/p/e] 1.15/2.88/1.28/0.67  emits 1.57  clip 0.00  kl +0.001
upd  212  steps 1744896  sps 4901  opp frzn  loss -0.050  pg -0.0009  v 0.007  adv_std 0.120  tR +0.00  ent[s/d/p/e] 1.10/2.88/1.30/0.67  emits 1.53  clip 0.00  kl +0.000
upd  213  steps 1753088  sps 4914  opp frzn  loss -0.049  pg -0.0006  v 0.009  adv_std 0.131  tR -0.03  ent[s/d/p/e] 1.14/2.88/1.29/0.66  emits 1.54  clip 0.00  kl +0.000
upd  214  steps 1761280  sps 4928  opp frzn  loss -0.048  pg -0.0008  v 0.011  adv_std 0.147  tR +0.06  ent[s/d/p/e] 1.11/2.88/1.30/0.66  emits 1.52  clip 0.00  kl +0.000
upd  215  steps 1769472  sps 4941  opp frzn  loss -0.049  pg -0.0005  v 0.008  adv_std 0.123  tR +0.44  ent[s/d/p/e] 1.14/2.88/1.30/0.66  emits 1.52  clip 0.00  kl +0.001
upd  216  steps 1777664  sps 4954  opp rand  loss -0.050  pg -0.0007  v 0.008  adv_std 0.124  tR +0.15  ent[s/d/p/e] 1.14/2.88/1.30/0.67  emits 1.56  clip 0.00  kl +0.001
upd  217  steps 1785856  sps 4968  opp rand  loss -0.050  pg -0.0005  v 0.007  adv_std 0.123  tR +0.22  ent[s/d/p/e] 1.22/2.88/1.30/0.67  emits 1.65  clip 0.00  kl +0.001
upd  218  steps 1794048  sps 4981  opp frzn  loss -0.050  pg -0.0009  v 0.007  adv_std 0.120  tR +0.41  ent[s/d/p/e] 1.19/2.88/1.30/0.67  emits 1.62  clip 0.00  kl +0.000
upd  219  steps 1802240  sps 4995  opp rand  loss -0.048  pg -0.0003  v 0.009  adv_std 0.134  tR +0.06  ent[s/d/p/e] 1.13/2.88/1.29/0.67  emits 1.64  clip 0.00  kl -0.000 WRr 0.56 WRf 0.50
upd  220  steps 1810432  sps 4898  opp rand  loss -0.049  pg -0.0007  v 0.008  adv_std 0.128  tR +0.00  ent[s/d/p/e] 1.12/2.88/1.30/0.67  emits 1.67  clip 0.00  kl +0.000
upd  221  steps 1818624  sps 4911  opp rand  loss -0.050  pg -0.0006  v 0.008  adv_std 0.125  tR +0.10  ent[s/d/p/e] 1.27/2.88/1.29/0.67  emits 1.66  clip 0.00  kl +0.000
upd  222  steps 1826816  sps 4924  opp rand  loss -0.049  pg -0.0011  v 0.009  adv_std 0.134  tR +0.00  ent[s/d/p/e] 1.12/2.88/1.30/0.67  emits 1.68  clip 0.00  kl +0.000
upd  223  steps 1835008  sps 4938  opp rand  loss -0.049  pg -0.0004  v 0.009  adv_std 0.137  tR +0.39  ent[s/d/p/e] 1.25/2.88/1.29/0.67  emits 1.58  clip 0.00  kl +0.000
upd  224  steps 1843200  sps 4950  opp frzn  loss -0.049  pg -0.0007  v 0.008  adv_std 0.123  tR +0.10  ent[s/d/p/e] 1.02/2.88/1.30/0.66  emits 1.58  clip 0.00  kl +0.000
upd  225  steps 1851392  sps 4963  opp frzn  loss -0.050  pg -0.0013  v 0.007  adv_std 0.121  tR +0.41  ent[s/d/p/e] 1.12/2.89/1.29/0.66  emits 1.53  clip 0.00  kl +0.000
upd  226  steps 1859584  sps 4975  opp frzn  loss -0.049  pg -0.0011  v 0.007  adv_std 0.120  tR -0.13  ent[s/d/p/e] 0.95/2.89/1.29/0.66  emits 1.51  clip 0.00  kl +0.001
upd  227  steps 1867776  sps 4988  opp rand  loss -0.046  pg -0.0007  v 0.011  adv_std 0.150  tR +0.08  ent[s/d/p/e] 1.05/2.89/1.28/0.65  emits 1.52  clip 0.00  kl +0.000
upd  228  steps 1875968  sps 5001  opp frzn  loss -0.049  pg -0.0004  v 0.007  adv_std 0.122  tR +0.29  ent[s/d/p/e] 1.13/2.89/1.29/0.66  emits 1.60  clip 0.00  kl +0.000
upd  229  steps 1884160  sps 5014  opp rand  loss -0.047  pg -0.0007  v 0.011  adv_std 0.150  tR +0.00  ent[s/d/p/e] 1.14/2.89/1.28/0.66  emits 1.50  clip 0.00  kl +0.000 WRr 0.66 WRf 0.72
upd  230  steps 1892352  sps 4920  opp rand  loss -0.049  pg -0.0004  v 0.007  adv_std 0.118  tR +0.26  ent[s/d/p/e] 1.01/2.89/1.28/0.67  emits 1.61  clip 0.00  kl +0.000
upd  231  steps 1900544  sps 4933  opp rand  loss -0.047  pg -0.0004  v 0.012  adv_std 0.153  tR -0.07  ent[s/d/p/e] 1.19/2.90/1.28/0.67  emits 1.63  clip 0.00  kl +0.000
upd  232  steps 1908736  sps 4946  opp rand  loss -0.050  pg -0.0008  v 0.007  adv_std 0.116  tR +0.29  ent[s/d/p/e] 1.17/2.90/1.28/0.67  emits 1.64  clip 0.00  kl +0.000
upd  233  steps 1916928  sps 4959  opp rand  loss -0.048  pg -0.0010  v 0.009  adv_std 0.136  tR +0.35  ent[s/d/p/e] 1.08/2.90/1.27/0.67  emits 1.60  clip 0.00  kl -0.000
upd  234  steps 1925120  sps 4971  opp frzn  loss -0.050  pg -0.0008  v 0.005  adv_std 0.101  tR +0.26  ent[s/d/p/e] 1.16/2.90/1.27/0.67  emits 1.62  clip 0.01  kl +0.000
upd  235  steps 1933312  sps 4983  opp frzn  loss -0.047  pg -0.0007  v 0.011  adv_std 0.146  tR +0.14  ent[s/d/p/e] 1.06/2.90/1.27/0.66  emits 1.57  clip 0.00  kl +0.000
upd  236  steps 1941504  sps 4995  opp rand  loss -0.049  pg -0.0006  v 0.008  adv_std 0.128  tR +0.43  ent[s/d/p/e] 1.16/2.89/1.27/0.67  emits 1.66  clip 0.00  kl +0.000
upd  237  steps 1949696  sps 5007  opp frzn  loss -0.048  pg -0.0004  v 0.010  adv_std 0.140  tR +0.17  ent[s/d/p/e] 1.24/2.90/1.27/0.67  emits 1.64  clip 0.00  kl +0.000
upd  238  steps 1957888  sps 5019  opp frzn  loss -0.050  pg -0.0005  v 0.006  adv_std 0.106  tR +0.25  ent[s/d/p/e] 1.20/2.90/1.27/0.67  emits 1.65  clip 0.00  kl -0.000
upd  239  steps 1966080  sps 5031  opp frzn  loss -0.048  pg -0.0004  v 0.009  adv_std 0.132  tR -0.03  ent[s/d/p/e] 1.07/2.89/1.27/0.66  emits 1.56  clip 0.00  kl -0.000 WRr 0.59 WRf 0.62
upd  240  steps 1974272  sps 4929  opp rand  loss -0.049  pg -0.0007  v 0.009  adv_std 0.133  tR +0.03  ent[s/d/p/e] 1.21/2.89/1.28/0.67  emits 1.62  clip 0.00  kl +0.001
upd  241  steps 1982464  sps 4941  opp frzn  loss -0.048  pg -0.0004  v 0.009  adv_std 0.135  tR +0.32  ent[s/d/p/e] 1.20/2.90/1.28/0.67  emits 1.63  clip 0.00  kl +0.000
upd  242  steps 1990656  sps 4953  opp frzn  loss -0.048  pg -0.0005  v 0.008  adv_std 0.130  tR +0.24  ent[s/d/p/e] 1.08/2.89/1.28/0.67  emits 1.59  clip 0.00  kl +0.000
upd  243  steps 1998848  sps 4965  opp rand  loss -0.048  pg -0.0006  v 0.010  adv_std 0.142  tR +0.03  ent[s/d/p/e] 1.26/2.90/1.28/0.67  emits 1.60  clip 0.00  kl +0.000
upd  244  steps 2007040  sps 4977  opp rand  loss -0.050  pg -0.0011  v 0.007  adv_std 0.121  tR +0.24  ent[s/d/p/e] 1.19/2.89/1.28/0.68  emits 1.68  clip 0.00  kl +0.000
upd  245  steps 2015232  sps 4989  opp rand  loss -0.048  pg -0.0009  v 0.011  adv_std 0.151  tR +0.50  ent[s/d/p/e] 1.20/2.89/1.28/0.67  emits 1.60  clip 0.00  kl +0.000
upd  246  steps 2023424  sps 5001  opp frzn  loss -0.049  pg -0.0008  v 0.007  adv_std 0.119  tR +0.41  ent[s/d/p/e] 1.10/2.89/1.28/0.67  emits 1.58  clip 0.00  kl +0.000
upd  247  steps 2031616  sps 5013  opp rand  loss -0.047  pg -0.0009  v 0.012  adv_std 0.156  tR +0.23  ent[s/d/p/e] 1.16/2.88/1.28/0.67  emits 1.65  clip 0.00  kl +0.001
upd  248  steps 2039808  sps 5025  opp rand  loss -0.051  pg -0.0007  v 0.006  adv_std 0.111  tR +0.26  ent[s/d/p/e] 1.24/2.88/1.28/0.68  emits 1.66  clip 0.00  kl +0.000
upd  249  steps 2048000  sps 5037  opp rand  loss -0.048  pg -0.0008  v 0.010  adv_std 0.143  tR +0.17  ent[s/d/p/e] 1.05/2.88/1.28/0.67  emits 1.61  clip 0.00  kl +0.001 WRr 0.47 WRf 0.56
upd  250  steps 2056192  sps 4949  opp rand  loss -0.050  pg -0.0004  v 0.006  adv_std 0.112  tR +0.19  ent[s/d/p/e] 1.14/2.88/1.28/0.68  emits 1.61  clip 0.00  kl +0.000
upd  251  steps 2064384  sps 4961  opp rand  loss -0.049  pg -0.0007  v 0.008  adv_std 0.123  tR +0.22  ent[s/d/p/e] 1.17/2.87/1.28/0.68  emits 1.68  clip 0.00  kl +0.000
upd  252  steps 2072576  sps 4973  opp frzn  loss -0.049  pg -0.0004  v 0.007  adv_std 0.119  tR +0.38  ent[s/d/p/e] 1.18/2.89/1.27/0.67  emits 1.61  clip 0.00  kl +0.000
upd  253  steps 2080768  sps 4984  opp rand  loss -0.048  pg -0.0006  v 0.009  adv_std 0.135  tR +0.33  ent[s/d/p/e] 1.14/2.89/1.28/0.67  emits 1.69  clip 0.00  kl +0.000
upd  254  steps 2088960  sps 4995  opp frzn  loss -0.050  pg -0.0013  v 0.007  adv_std 0.120  tR +0.31  ent[s/d/p/e] 1.26/2.89/1.27/0.67  emits 1.60  clip 0.01  kl +0.001
upd  255  steps 2097152  sps 5007  opp rand  loss -0.049  pg -0.0011  v 0.009  adv_std 0.132  tR +0.19  ent[s/d/p/e] 1.19/2.88/1.28/0.67  emits 1.61  clip 0.00  kl +0.000
upd  256  steps 2105344  sps 5019  opp rand  loss -0.050  pg -0.0006  v 0.006  adv_std 0.114  tR +0.45  ent[s/d/p/e] 1.26/2.88/1.27/0.67  emits 1.65  clip 0.00  kl +0.000
upd  257  steps 2113536  sps 5030  opp rand  loss -0.050  pg -0.0010  v 0.008  adv_std 0.123  tR +0.49  ent[s/d/p/e] 1.19/2.88/1.28/0.67  emits 1.62  clip 0.00  kl +0.000
upd  258  steps 2121728  sps 5041  opp frzn  loss -0.048  pg -0.0003  v 0.008  adv_std 0.125  tR +0.24  ent[s/d/p/e] 1.10/2.88/1.26/0.66  emits 1.59  clip 0.00  kl +0.000
upd  259  steps 2129920  sps 5053  opp rand  loss -0.049  pg -0.0006  v 0.006  adv_std 0.113  tR +0.30  ent[s/d/p/e] 1.15/2.88/1.27/0.66  emits 1.59  clip 0.00  kl -0.000 WRr 0.62 WRf 0.72
upd  260  steps 2138112  sps 4968  opp frzn  loss -0.048  pg -0.0004  v 0.008  adv_std 0.130  tR +0.38  ent[s/d/p/e] 1.16/2.87/1.26/0.67  emits 1.64  clip 0.00  kl +0.000
upd  261  steps 2146304  sps 4979  opp rand  loss -0.048  pg -0.0007  v 0.009  adv_std 0.136  tR +0.37  ent[s/d/p/e] 1.14/2.88/1.27/0.67  emits 1.64  clip 0.00  kl -0.000
upd  262  steps 2154496  sps 4990  opp frzn  loss -0.049  pg -0.0004  v 0.007  adv_std 0.119  tR +0.25  ent[s/d/p/e] 1.10/2.89/1.26/0.67  emits 1.64  clip 0.00  kl +0.001
upd  263  steps 2162688  sps 5002  opp rand  loss -0.048  pg -0.0005  v 0.008  adv_std 0.130  tR +0.09  ent[s/d/p/e] 1.02/2.88/1.27/0.67  emits 1.64  clip 0.00  kl -0.000
upd  264  steps 2170880  sps 5013  opp rand  loss -0.050  pg -0.0009  v 0.006  adv_std 0.109  tR +0.00  ent[s/d/p/e] 1.13/2.87/1.27/0.67  emits 1.64  clip 0.00  kl +0.001
upd  265  steps 2179072  sps 5024  opp frzn  loss -0.047  pg -0.0005  v 0.011  adv_std 0.151  tR +0.14  ent[s/d/p/e] 1.20/2.88/1.26/0.67  emits 1.65  clip 0.00  kl +0.000
upd  266  steps 2187264  sps 5035  opp rand  loss -0.048  pg -0.0003  v 0.008  adv_std 0.128  tR +0.48  ent[s/d/p/e] 1.16/2.87/1.26/0.67  emits 1.57  clip 0.00  kl +0.000
upd  267  steps 2195456  sps 5046  opp rand  loss -0.048  pg -0.0006  v 0.008  adv_std 0.124  tR +0.44  ent[s/d/p/e] 1.04/2.87/1.27/0.67  emits 1.57  clip 0.00  kl +0.000
upd  268  steps 2203648  sps 5057  opp frzn  loss -0.048  pg -0.0008  v 0.009  adv_std 0.135  tR +0.00  ent[s/d/p/e] 1.13/2.87/1.27/0.67  emits 1.60  clip 0.00  kl +0.000
upd  269  steps 2211840  sps 5067  opp frzn  loss -0.049  pg -0.0011  v 0.008  adv_std 0.128  tR +0.22  ent[s/d/p/e] 1.16/2.88/1.26/0.67  emits 1.63  clip 0.00  kl +0.001 WRr 0.69 WRf 0.47
upd  270  steps 2220032  sps 4985  opp rand  loss -0.048  pg -0.0006  v 0.009  adv_std 0.135  tR +0.12  ent[s/d/p/e] 1.12/2.88/1.27/0.67  emits 1.59  clip 0.00  kl +0.000
upd  271  steps 2228224  sps 4996  opp rand  loss -0.050  pg -0.0010  v 0.008  adv_std 0.128  tR +0.33  ent[s/d/p/e] 1.20/2.88/1.27/0.68  emits 1.70  clip 0.00  kl -0.000
upd  272  steps 2236416  sps 5007  opp rand  loss -0.048  pg -0.0005  v 0.010  adv_std 0.138  tR +0.10  ent[s/d/p/e] 1.25/2.88/1.26/0.68  emits 1.64  clip 0.00  kl +0.000
upd  273  steps 2244608  sps 5018  opp rand  loss -0.048  pg -0.0007  v 0.010  adv_std 0.144  tR +0.29  ent[s/d/p/e] 1.06/2.87/1.27/0.68  emits 1.61  clip 0.00  kl +0.000
upd  274  steps 2252800  sps 5028  opp frzn  loss -0.051  pg -0.0008  v 0.005  adv_std 0.104  tR +0.44  ent[s/d/p/e] 1.20/2.88/1.27/0.67  emits 1.68  clip 0.00  kl +0.001
upd  275  steps 2260992  sps 5038  opp frzn  loss -0.047  pg -0.0007  v 0.011  adv_std 0.147  tR +0.14  ent[s/d/p/e] 1.14/2.88/1.26/0.67  emits 1.60  clip 0.00  kl +0.000
upd  276  steps 2269184  sps 5049  opp rand  loss -0.048  pg -0.0006  v 0.008  adv_std 0.128  tR -0.24  ent[s/d/p/e] 1.07/2.87/1.26/0.68  emits 1.60  clip 0.00  kl +0.000
upd  277  steps 2277376  sps 5060  opp frzn  loss -0.049  pg -0.0005  v 0.007  adv_std 0.123  tR +0.31  ent[s/d/p/e] 1.10/2.88/1.26/0.67  emits 1.54  clip 0.00  kl +0.001
upd  278  steps 2285568  sps 5070  opp rand  loss -0.047  pg -0.0009  v 0.011  adv_std 0.149  tR +0.11  ent[s/d/p/e] 1.02/2.87/1.28/0.68  emits 1.60  clip 0.00  kl -0.000
upd  279  steps 2293760  sps 5081  opp frzn  loss -0.049  pg -0.0013  v 0.010  adv_std 0.142  tR +0.06  ent[s/d/p/e] 1.17/2.87/1.27/0.68  emits 1.65  clip 0.01  kl +0.001 WRr 0.59 WRf 0.50
upd  280  steps 2301952  sps 4991  opp rand  loss -0.050  pg -0.0010  v 0.009  adv_std 0.131  tR +0.33  ent[s/d/p/e] 1.20/2.87/1.28/0.68  emits 1.73  clip 0.00  kl +0.000
upd  281  steps 2310144  sps 5002  opp rand  loss -0.049  pg -0.0009  v 0.008  adv_std 0.130  tR +0.24  ent[s/d/p/e] 1.23/2.88/1.27/0.68  emits 1.71  clip 0.00  kl +0.001
upd  282  steps 2318336  sps 5012  opp rand  loss -0.050  pg -0.0005  v 0.007  adv_std 0.119  tR +0.44  ent[s/d/p/e] 1.15/2.88/1.28/0.68  emits 1.76  clip 0.00  kl +0.001
upd  283  steps 2326528  sps 5023  opp rand  loss -0.049  pg -0.0007  v 0.009  adv_std 0.133  tR +0.29  ent[s/d/p/e] 1.21/2.89/1.27/0.68  emits 1.64  clip 0.00  kl +0.000
upd  284  steps 2334720  sps 5033  opp rand  loss -0.050  pg -0.0005  v 0.006  adv_std 0.114  tR +0.35  ent[s/d/p/e] 1.10/2.88/1.29/0.68  emits 1.66  clip 0.00  kl +0.000
upd  285  steps 2342912  sps 5043  opp frzn  loss -0.048  pg -0.0008  v 0.011  adv_std 0.149  tR +0.21  ent[s/d/p/e] 1.16/2.88/1.27/0.68  emits 1.68  clip 0.00  kl +0.000
upd  286  steps 2351104  sps 5054  opp rand  loss -0.049  pg -0.0010  v 0.007  adv_std 0.118  tR +0.31  ent[s/d/p/e] 0.97/2.87/1.28/0.68  emits 1.69  clip 0.00  kl +0.000
upd  287  steps 2359296  sps 5064  opp rand  loss -0.050  pg -0.0007  v 0.007  adv_std 0.118  tR -0.06  ent[s/d/p/e] 1.11/2.88/1.28/0.68  emits 1.76  clip 0.00  kl +0.000
upd  288  steps 2367488  sps 5074  opp frzn  loss -0.047  pg -0.0009  v 0.013  adv_std 0.161  tR -0.03  ent[s/d/p/e] 1.12/2.86/1.29/0.68  emits 1.62  clip 0.00  kl -0.000
upd  289  steps 2375680  sps 5084  opp rand  loss -0.049  pg -0.0007  v 0.008  adv_std 0.125  tR +0.20  ent[s/d/p/e] 1.07/2.85/1.29/0.68  emits 1.70  clip 0.00  kl +0.000 WRr 0.56 WRf 0.66
upd  290  steps 2383872  sps 5007  opp rand  loss -0.048  pg -0.0004  v 0.010  adv_std 0.139  tR +0.17  ent[s/d/p/e] 1.02/2.87/1.29/0.68  emits 1.66  clip 0.00  kl +0.000
upd  291  steps 2392064  sps 5017  opp rand  loss -0.049  pg -0.0007  v 0.009  adv_std 0.135  tR +0.03  ent[s/d/p/e] 1.14/2.85/1.29/0.68  emits 1.73  clip 0.00  kl +0.000
upd  292  steps 2400256  sps 5027  opp rand  loss -0.049  pg -0.0005  v 0.009  adv_std 0.134  tR +0.17  ent[s/d/p/e] 1.15/2.86/1.30/0.68  emits 1.70  clip 0.00  kl +0.000
upd  293  steps 2408448  sps 5038  opp rand  loss -0.048  pg -0.0007  v 0.011  adv_std 0.147  tR +0.12  ent[s/d/p/e] 1.21/2.87/1.29/0.68  emits 1.71  clip 0.00  kl +0.000
upd  294  steps 2416640  sps 5048  opp rand  loss -0.049  pg -0.0009  v 0.010  adv_std 0.140  tR +0.00  ent[s/d/p/e] 1.05/2.87/1.30/0.68  emits 1.73  clip 0.00  kl +0.000
upd  295  steps 2424832  sps 5058  opp rand  loss -0.049  pg -0.0005  v 0.008  adv_std 0.123  tR +0.16  ent[s/d/p/e] 1.14/2.88/1.28/0.68  emits 1.76  clip 0.00  kl +0.000
upd  296  steps 2433024  sps 5067  opp frzn  loss -0.047  pg -0.0006  v 0.010  adv_std 0.139  tR +0.08  ent[s/d/p/e] 0.88/2.86/1.29/0.68  emits 1.67  clip 0.00  kl -0.000
upd  297  steps 2441216  sps 5078  opp rand  loss -0.049  pg -0.0011  v 0.011  adv_std 0.148  tR -0.06  ent[s/d/p/e] 1.24/2.86/1.28/0.68  emits 1.73  clip 0.00  kl +0.000
upd  298  steps 2449408  sps 5087  opp frzn  loss -0.048  pg -0.0002  v 0.010  adv_std 0.141  tR +0.00  ent[s/d/p/e] 1.02/2.85/1.31/0.68  emits 1.75  clip 0.00  kl +0.000
upd  299  steps 2457600  sps 5097  opp rand  loss -0.047  pg -0.0007  v 0.013  adv_std 0.161  tR +0.29  ent[s/d/p/e] 1.12/2.85/1.29/0.68  emits 1.71  clip 0.00  kl +0.000 WRr 0.66 WRf 0.66
upd  300  steps 2465792  sps 5022  opp frzn  loss -0.050  pg -0.0007  v 0.006  adv_std 0.114  tR +0.06  ent[s/d/p/e] 0.98/2.86/1.31/0.68  emits 1.75  clip 0.00  kl +0.000
upd  301  steps 2473984  sps 5032  opp frzn  loss -0.051  pg -0.0014  v 0.008  adv_std 0.128  tR +0.06  ent[s/d/p/e] 1.27/2.85/1.29/0.68  emits 1.76  clip 0.01  kl +0.001
upd  302  steps 2482176  sps 5041  opp rand  loss -0.049  pg -0.0010  v 0.008  adv_std 0.129  tR +0.25  ent[s/d/p/e] 1.10/2.85/1.29/0.68  emits 1.76  clip 0.00  kl +0.000
upd  303  steps 2490368  sps 5051  opp frzn  loss -0.048  pg -0.0005  v 0.009  adv_std 0.135  tR -0.05  ent[s/d/p/e] 1.08/2.85/1.27/0.68  emits 1.75  clip 0.00  kl -0.000
upd  304  steps 2498560  sps 5060  opp frzn  loss -0.050  pg -0.0010  v 0.007  adv_std 0.121  tR +0.13  ent[s/d/p/e] 1.07/2.86/1.28/0.68  emits 1.71  clip 0.00  kl +0.000
upd  305  steps 2506752  sps 5070  opp rand  loss -0.049  pg -0.0006  v 0.008  adv_std 0.127  tR -0.05  ent[s/d/p/e] 1.16/2.86/1.28/0.68  emits 1.78  clip 0.00  kl +0.000
upd  306  steps 2514944  sps 5079  opp frzn  loss -0.049  pg -0.0006  v 0.008  adv_std 0.124  tR +0.35  ent[s/d/p/e] 1.09/2.86/1.28/0.68  emits 1.74  clip 0.00  kl +0.000
upd  307  steps 2523136  sps 5089  opp rand  loss -0.047  pg -0.0011  v 0.012  adv_std 0.155  tR +0.00  ent[s/d/p/e] 1.09/2.85/1.27/0.68  emits 1.69  clip 0.00  kl +0.000
upd  308  steps 2531328  sps 5098  opp frzn  loss -0.051  pg -0.0008  v 0.006  adv_std 0.109  tR +0.16  ent[s/d/p/e] 1.17/2.85/1.27/0.68  emits 1.82  clip 0.01  kl +0.000
upd  309  steps 2539520  sps 5108  opp rand  loss -0.050  pg -0.0011  v 0.007  adv_std 0.122  tR +0.28  ent[s/d/p/e] 1.18/2.85/1.27/0.68  emits 1.87  clip 0.00  kl +0.000 WRr 0.62 WRf 0.62
upd  310  steps 2547712  sps 5035  opp rand  loss -0.050  pg -0.0006  v 0.006  adv_std 0.110  tR +0.09  ent[s/d/p/e] 1.16/2.85/1.28/0.68  emits 1.86  clip 0.00  kl +0.000
upd  311  steps 2555904  sps 5044  opp frzn  loss -0.049  pg -0.0007  v 0.009  adv_std 0.134  tR +0.27  ent[s/d/p/e] 1.16/2.84/1.28/0.68  emits 1.85  clip 0.00  kl +0.000
upd  312  steps 2564096  sps 5053  opp frzn  loss -0.048  pg -0.0009  v 0.009  adv_std 0.136  tR -0.27  ent[s/d/p/e] 1.05/2.84/1.26/0.68  emits 1.80  clip 0.00  kl +0.000
upd  313  steps 2572288  sps 5063  opp rand  loss -0.048  pg -0.0005  v 0.008  adv_std 0.127  tR -0.14  ent[s/d/p/e] 1.06/2.84/1.27/0.68  emits 1.82  clip 0.00  kl +0.000
upd  314  steps 2580480  sps 5072  opp frzn  loss -0.048  pg -0.0007  v 0.009  adv_std 0.132  tR +0.18  ent[s/d/p/e] 1.05/2.84/1.27/0.68  emits 1.82  clip 0.00  kl +0.000
upd  315  steps 2588672  sps 5081  opp frzn  loss -0.048  pg -0.0005  v 0.009  adv_std 0.138  tR +0.06  ent[s/d/p/e] 1.15/2.83/1.27/0.68  emits 1.83  clip 0.00  kl +0.000
upd  316  steps 2596864  sps 5090  opp frzn  loss -0.049  pg -0.0014  v 0.008  adv_std 0.124  tR +0.13  ent[s/d/p/e] 1.01/2.83/1.27/0.68  emits 1.78  clip 0.00  kl +0.000
upd  317  steps 2605056  sps 5099  opp frzn  loss -0.049  pg -0.0005  v 0.008  adv_std 0.124  tR +0.12  ent[s/d/p/e] 1.11/2.84/1.26/0.68  emits 1.73  clip 0.00  kl +0.000
upd  318  steps 2613248  sps 5108  opp rand  loss -0.049  pg -0.0008  v 0.009  adv_std 0.131  tR +0.23  ent[s/d/p/e] 1.09/2.83/1.27/0.68  emits 1.79  clip 0.00  kl +0.000
upd  319  steps 2621440  sps 5118  opp rand  loss -0.048  pg -0.0007  v 0.009  adv_std 0.138  tR +0.27  ent[s/d/p/e] 1.14/2.83/1.27/0.68  emits 1.82  clip 0.00  kl +0.000 WRr 0.69 WRf 0.53
upd  320  steps 2629632  sps 5047  opp rand  loss -0.048  pg -0.0008  v 0.009  adv_std 0.137  tR +0.21  ent[s/d/p/e] 1.12/2.84/1.27/0.68  emits 1.83  clip 0.00  kl +0.000
upd  321  steps 2637824  sps 5056  opp rand  loss -0.048  pg -0.0010  v 0.011  adv_std 0.151  tR +0.49  ent[s/d/p/e] 1.17/2.84/1.27/0.68  emits 1.82  clip 0.00  kl +0.001
upd  322  steps 2646016  sps 5065  opp frzn  loss -0.049  pg -0.0016  v 0.009  adv_std 0.134  tR -0.16  ent[s/d/p/e] 1.12/2.83/1.27/0.68  emits 1.92  clip 0.00  kl +0.001
upd  323  steps 2654208  sps 5074  opp frzn  loss -0.048  pg -0.0012  v 0.013  adv_std 0.159  tR +0.06  ent[s/d/p/e] 1.23/2.84/1.27/0.68  emits 1.88  clip 0.01  kl +0.001
upd  324  steps 2662400  sps 5083  opp rand  loss -0.050  pg -0.0013  v 0.007  adv_std 0.121  tR +0.56  ent[s/d/p/e] 1.12/2.82/1.29/0.68  emits 1.88  clip 0.01  kl +0.000
upd  325  steps 2670592  sps 5092  opp rand  loss -0.049  pg -0.0005  v 0.010  adv_std 0.144  tR +0.33  ent[s/d/p/e] 1.23/2.83/1.29/0.68  emits 1.83  clip 0.00  kl +0.000
upd  326  steps 2678784  sps 5101  opp rand  loss -0.051  pg -0.0009  v 0.007  adv_std 0.117  tR +0.33  ent[s/d/p/e] 1.26/2.82/1.30/0.68  emits 1.86  clip 0.00  kl -0.000
upd  327  steps 2686976  sps 5110  opp rand  loss -0.049  pg -0.0009  v 0.009  adv_std 0.132  tR +0.20  ent[s/d/p/e] 1.16/2.82/1.28/0.69  emits 1.77  clip 0.00  kl +0.001
upd  328  steps 2695168  sps 5119  opp rand  loss -0.049  pg -0.0006  v 0.007  adv_std 0.120  tR +0.00  ent[s/d/p/e] 0.98/2.81/1.29/0.69  emits 1.70  clip 0.00  kl +0.000
upd  329  steps 2703360  sps 5129  opp rand  loss -0.048  pg -0.0007  v 0.010  adv_std 0.141  tR +0.12  ent[s/d/p/e] 0.95/2.81/1.28/0.69  emits 1.72  clip 0.00  kl +0.000 WRr 0.59 WRf 0.62
upd  330  steps 2711552  sps 5048  opp frzn  loss -0.049  pg -0.0008  v 0.009  adv_std 0.137  tR -0.11  ent[s/d/p/e] 1.06/2.83/1.29/0.68  emits 1.78  clip 0.00  kl +0.000
upd  331  steps 2719744  sps 5057  opp rand  loss -0.050  pg -0.0010  v 0.009  adv_std 0.132  tR +0.37  ent[s/d/p/e] 1.22/2.81/1.30/0.68  emits 1.79  clip 0.00  kl +0.000
upd  332  steps 2727936  sps 5066  opp frzn  loss -0.051  pg -0.0011  v 0.006  adv_std 0.113  tR +0.31  ent[s/d/p/e] 1.08/2.81/1.29/0.69  emits 1.77  clip 0.00  kl +0.000
upd  333  steps 2736128  sps 5075  opp rand  loss -0.049  pg -0.0007  v 0.009  adv_std 0.133  tR +0.00  ent[s/d/p/e] 1.11/2.83/1.29/0.68  emits 1.70  clip 0.00  kl +0.001
upd  334  steps 2744320  sps 5083  opp frzn  loss -0.050  pg -0.0008  v 0.007  adv_std 0.115  tR +0.23  ent[s/d/p/e] 1.00/2.81/1.30/0.69  emits 1.66  clip 0.00  kl +0.000
upd  335  steps 2752512  sps 5092  opp rand  loss -0.046  pg -0.0003  v 0.013  adv_std 0.161  tR +0.36  ent[s/d/p/e] 1.02/2.81/1.30/0.69  emits 1.66  clip 0.00  kl +0.000
upd  336  steps 2760704  sps 5101  opp frzn  loss -0.050  pg -0.0009  v 0.008  adv_std 0.126  tR +0.21  ent[s/d/p/e] 1.12/2.79/1.30/0.68  emits 1.75  clip 0.00  kl -0.000
upd  337  steps 2768896  sps 5110  opp rand  loss -0.049  pg -0.0011  v 0.010  adv_std 0.144  tR +0.10  ent[s/d/p/e] 1.09/2.82/1.30/0.69  emits 1.71  clip 0.00  kl +0.001
upd  338  steps 2777088  sps 5119  opp rand  loss -0.051  pg -0.0013  v 0.006  adv_std 0.112  tR -0.19  ent[s/d/p/e] 1.06/2.81/1.31/0.69  emits 1.71  clip 0.00  kl +0.001
upd  339  steps 2785280  sps 5127  opp frzn  loss -0.051  pg -0.0008  v 0.006  adv_std 0.113  tR +0.03  ent[s/d/p/e] 1.15/2.82/1.31/0.68  emits 1.69  clip 0.00  kl +0.001 WRr 0.56 WRf 0.53
upd  340  steps 2793472  sps 5060  opp frzn  loss -0.050  pg -0.0008  v 0.008  adv_std 0.124  tR +0.00  ent[s/d/p/e] 1.16/2.82/1.31/0.68  emits 1.70  clip 0.00  kl +0.000
upd  341  steps 2801664  sps 5068  opp frzn  loss -0.047  pg -0.0011  v 0.014  adv_std 0.167  tR +0.05  ent[s/d/p/e] 1.14/2.84/1.30/0.68  emits 1.63  clip 0.00  kl +0.001
upd  342  steps 2809856  sps 5077  opp frzn  loss -0.049  pg -0.0006  v 0.008  adv_std 0.126  tR +0.08  ent[s/d/p/e] 0.98/2.80/1.31/0.68  emits 1.68  clip 0.00  kl +0.000
upd  343  steps 2818048  sps 5085  opp rand  loss -0.048  pg -0.0008  v 0.012  adv_std 0.153  tR +0.15  ent[s/d/p/e] 1.08/2.83/1.31/0.69  emits 1.72  clip 0.00  kl -0.000
upd  344  steps 2826240  sps 5094  opp frzn  loss -0.049  pg -0.0009  v 0.009  adv_std 0.133  tR +0.10  ent[s/d/p/e] 0.99/2.82/1.31/0.69  emits 1.69  clip 0.00  kl +0.000
upd  345  steps 2834432  sps 5102  opp rand  loss -0.049  pg -0.0009  v 0.010  adv_std 0.140  tR -0.44  ent[s/d/p/e] 1.02/2.83/1.31/0.68  emits 1.73  clip 0.00  kl +0.001
upd  346  steps 2842624  sps 5111  opp frzn  loss -0.048  pg -0.0006  v 0.010  adv_std 0.143  tR +0.31  ent[s/d/p/e] 1.03/2.82/1.31/0.68  emits 1.70  clip 0.00  kl +0.000
upd  347  steps 2850816  sps 5119  opp frzn  loss -0.049  pg -0.0009  v 0.008  adv_std 0.126  tR +0.08  ent[s/d/p/e] 1.01/2.83/1.31/0.68  emits 1.59  clip 0.00  kl +0.000
upd  348  steps 2859008  sps 5127  opp rand  loss -0.050  pg -0.0009  v 0.008  adv_std 0.125  tR +0.03  ent[s/d/p/e] 0.99/2.81/1.32/0.68  emits 1.63  clip 0.00  kl -0.000
upd  349  steps 2867200  sps 5135  opp frzn  loss -0.047  pg -0.0005  v 0.011  adv_std 0.148  tR +0.08  ent[s/d/p/e] 0.95/2.83/1.32/0.68  emits 1.58  clip 0.00  kl +0.000 WRr 0.66 WRf 0.53
upd  350  steps 2875392  sps 5070  opp frzn  loss -0.049  pg -0.0008  v 0.009  adv_std 0.131  tR -0.17  ent[s/d/p/e] 0.94/2.82/1.32/0.68  emits 1.59  clip 0.00  kl +0.000
upd  351  steps 2883584  sps 5078  opp rand  loss -0.048  pg -0.0008  v 0.011  adv_std 0.150  tR +0.25  ent[s/d/p/e] 1.02/2.82/1.32/0.68  emits 1.63  clip 0.00  kl +0.000
upd  352  steps 2891776  sps 5086  opp frzn  loss -0.051  pg -0.0009  v 0.006  adv_std 0.110  tR -0.15  ent[s/d/p/e] 1.10/2.82/1.32/0.67  emits 1.62  clip 0.00  kl +0.000
upd  353  steps 2899968  sps 5094  opp frzn  loss -0.049  pg -0.0008  v 0.009  adv_std 0.131  tR +0.09  ent[s/d/p/e] 1.04/2.83/1.32/0.68  emits 1.60  clip 0.00  kl +0.000
upd  354  steps 2908160  sps 5103  opp rand  loss -0.050  pg -0.0005  v 0.008  adv_std 0.125  tR +0.16  ent[s/d/p/e] 1.20/2.82/1.32/0.68  emits 1.68  clip 0.00  kl +0.000
upd  355  steps 2916352  sps 5111  opp rand  loss -0.050  pg -0.0009  v 0.008  adv_std 0.125  tR +0.29  ent[s/d/p/e] 1.08/2.82/1.33/0.68  emits 1.61  clip 0.00  kl +0.000
upd  356  steps 2924544  sps 5120  opp rand  loss -0.051  pg -0.0007  v 0.007  adv_std 0.120  tR +0.23  ent[s/d/p/e] 1.13/2.82/1.32/0.68  emits 1.66  clip 0.00  kl +0.001
upd  357  steps 2932736  sps 5128  opp frzn  loss -0.049  pg -0.0008  v 0.009  adv_std 0.137  tR +0.10  ent[s/d/p/e] 1.05/2.83/1.32/0.68  emits 1.62  clip 0.00  kl +0.000
upd  358  steps 2940928  sps 5136  opp rand  loss -0.051  pg -0.0007  v 0.006  adv_std 0.111  tR -0.14  ent[s/d/p/e] 1.06/2.82/1.33/0.69  emits 1.70  clip 0.00  kl +0.000
upd  359  steps 2949120  sps 5145  opp rand  loss -0.048  pg -0.0006  v 0.011  adv_std 0.147  tR +0.46  ent[s/d/p/e] 1.00/2.83/1.32/0.69  emits 1.64  clip 0.00  kl +0.000 WRr 0.38 WRf 0.59
upd  360  steps 2957312  sps 5081  opp rand  loss -0.050  pg -0.0010  v 0.009  adv_std 0.132  tR +0.19  ent[s/d/p/e] 1.05/2.82/1.32/0.69  emits 1.68  clip 0.00  kl +0.000
upd  361  steps 2965504  sps 5089  opp rand  loss -0.050  pg -0.0007  v 0.008  adv_std 0.124  tR +0.28  ent[s/d/p/e] 1.03/2.83/1.32/0.68  emits 1.78  clip 0.00  kl +0.001
upd  362  steps 2973696  sps 5097  opp rand  loss -0.051  pg -0.0006  v 0.006  adv_std 0.114  tR +0.03  ent[s/d/p/e] 1.15/2.81/1.32/0.69  emits 1.80  clip 0.00  kl +0.000
upd  363  steps 2981888  sps 5106  opp rand  loss -0.049  pg -0.0004  v 0.009  adv_std 0.135  tR +0.28  ent[s/d/p/e] 1.04/2.81/1.31/0.68  emits 1.73  clip 0.00  kl -0.000
upd  364  steps 2990080  sps 5113  opp frzn  loss -0.051  pg -0.0007  v 0.006  adv_std 0.108  tR +0.13  ent[s/d/p/e] 0.99/2.82/1.32/0.69  emits 1.75  clip 0.00  kl +0.000
upd  365  steps 2998272  sps 5121  opp frzn  loss -0.050  pg -0.0014  v 0.009  adv_std 0.135  tR -0.17  ent[s/d/p/e] 1.14/2.84/1.32/0.68  emits 1.79  clip 0.01  kl +0.001
upd  366  steps 3006464  sps 5129  opp frzn  loss -0.050  pg -0.0007  v 0.008  adv_std 0.128  tR +0.12  ent[s/d/p/e] 1.20/2.81/1.32/0.69  emits 1.88  clip 0.00  kl +0.000
upd  367  steps 3014656  sps 5137  opp frzn  loss -0.048  pg -0.0010  v 0.013  adv_std 0.162  tR +0.04  ent[s/d/p/e] 1.08/2.83/1.32/0.68  emits 1.71  clip 0.00  kl +0.000
upd  368  steps 3022848  sps 5145  opp rand  loss -0.051  pg -0.0009  v 0.006  adv_std 0.111  tR -0.30  ent[s/d/p/e] 1.05/2.81/1.32/0.68  emits 1.72  clip 0.00  kl +0.000
upd  369  steps 3031040  sps 5153  opp frzn  loss -0.048  pg -0.0007  v 0.011  adv_std 0.149  tR +0.11  ent[s/d/p/e] 1.04/2.83/1.31/0.68  emits 1.76  clip 0.00  kl +0.001 WRr 0.41 WRf 0.72
upd  370  steps 3039232  sps 5090  opp frzn  loss -0.051  pg -0.0008  v 0.007  adv_std 0.118  tR +0.04  ent[s/d/p/e] 1.19/2.80/1.31/0.69  emits 1.78  clip 0.00  kl +0.000
upd  371  steps 3047424  sps 5098  opp rand  loss -0.049  pg -0.0010  v 0.009  adv_std 0.134  tR +0.28  ent[s/d/p/e] 1.03/2.82/1.31/0.69  emits 1.74  clip 0.00  kl +0.000
upd  372  steps 3055616  sps 5106  opp frzn  loss -0.050  pg -0.0004  v 0.007  adv_std 0.120  tR +0.20  ent[s/d/p/e] 1.20/2.83/1.30/0.68  emits 1.77  clip 0.00  kl +0.000
upd  373  steps 3063808  sps 5114  opp rand  loss -0.051  pg -0.0009  v 0.007  adv_std 0.119  tR +0.12  ent[s/d/p/e] 1.09/2.82/1.32/0.68  emits 1.73  clip 0.00  kl +0.000
upd  374  steps 3072000  sps 5121  opp frzn  loss -0.048  pg -0.0006  v 0.011  adv_std 0.148  tR +0.03  ent[s/d/p/e] 1.12/2.82/1.31/0.68  emits 1.74  clip 0.00  kl +0.000
upd  375  steps 3080192  sps 5129  opp rand  loss -0.049  pg -0.0006  v 0.008  adv_std 0.124  tR +0.36  ent[s/d/p/e] 1.00/2.80/1.32/0.68  emits 1.77  clip 0.00  kl +0.000
upd  376  steps 3088384  sps 5137  opp frzn  loss -0.050  pg -0.0010  v 0.008  adv_std 0.130  tR +0.19  ent[s/d/p/e] 1.19/2.82/1.31/0.68  emits 1.82  clip 0.00  kl +0.000
upd  377  steps 3096576  sps 5144  opp frzn  loss -0.050  pg -0.0009  v 0.009  adv_std 0.134  tR +0.23  ent[s/d/p/e] 1.08/2.83/1.32/0.68  emits 1.72  clip 0.00  kl +0.000
upd  378  steps 3104768  sps 5152  opp frzn  loss -0.050  pg -0.0008  v 0.007  adv_std 0.118  tR -0.12  ent[s/d/p/e] 0.94/2.83/1.32/0.68  emits 1.68  clip 0.00  kl +0.000
upd  379  steps 3112960  sps 5159  opp frzn  loss -0.050  pg -0.0006  v 0.007  adv_std 0.119  tR +0.11  ent[s/d/p/e] 1.08/2.83/1.32/0.68  emits 1.73  clip 0.00  kl -0.000 WRr 0.62 WRf 0.59
upd  380  steps 3121152  sps 5099  opp rand  loss -0.050  pg -0.0008  v 0.008  adv_std 0.130  tR +0.06  ent[s/d/p/e] 1.06/2.84/1.32/0.68  emits 1.73  clip 0.00  kl +0.001
upd  381  steps 3129344  sps 5106  opp frzn  loss -0.050  pg -0.0005  v 0.007  adv_std 0.118  tR +0.11  ent[s/d/p/e] 1.02/2.83/1.31/0.68  emits 1.76  clip 0.00  kl -0.000
upd  382  steps 3137536  sps 5114  opp rand  loss -0.052  pg -0.0006  v 0.005  adv_std 0.100  tR +0.09  ent[s/d/p/e] 1.17/2.84/1.32/0.68  emits 1.75  clip 0.00  kl -0.000
upd  383  steps 3145728  sps 5122  opp rand  loss -0.049  pg -0.0004  v 0.010  adv_std 0.145  tR +0.09  ent[s/d/p/e] 1.16/2.83/1.32/0.68  emits 1.78  clip 0.00  kl +0.000