nohup: 忽略输入
upd    0  steps   16384  sps 363  opp rand  loss +0.001  pg -0.0016  v 0.057  adv_std 0.289  tR -0.06  ent[s/d/p/e] 0.33/2.98/1.91/0.67  emits 1.85  clip 0.03  kl +0.001
upd    1  steps   32768  sps 688  opp rand  loss -0.001  pg -0.0028  v 0.057  adv_std 0.335  tR +0.04  ent[s/d/p/e] 0.44/2.98/1.91/0.66  emits 1.98  clip 0.06  kl +0.004
upd    2  steps   49152  sps 982  opp rand  loss -0.007  pg -0.0030  v 0.028  adv_std 0.239  tR +0.02  ent[s/d/p/e] 0.47/2.98/1.91/0.67  emits 1.88  clip 0.07  kl +0.004
upd    3  steps   65536  sps 1249  opp rand  loss -0.004  pg -0.0036  v 0.042  adv_std 0.298  tR +0.02  ent[s/d/p/e] 0.35/2.97/1.89/0.67  emits 1.85  clip 0.08  kl +0.003
upd    4  steps   81920  sps 1491  opp rand  loss -0.004  pg -0.0036  v 0.043  adv_std 0.299  tR -0.05  ent[s/d/p/e] 0.46/2.97/1.90/0.66  emits 1.92  clip 0.09  kl +0.005
upd    5  steps   98304  sps 1714  opp rand  loss -0.009  pg -0.0036  v 0.021  adv_std 0.210  tR +0.00  ent[s/d/p/e] 0.40/2.98/1.89/0.67  emits 1.87  clip 0.12  kl +0.005
upd    6  steps  114688  sps 1918  opp rand  loss -0.005  pg -0.0026  v 0.036  adv_std 0.275  tR +0.11  ent[s/d/p/e] 0.47/2.98/1.89/0.64  emits 2.03  clip 0.14  kl +0.008
upd    7  steps  131072  sps 2106  opp rand  loss -0.009  pg -0.0041  v 0.021  adv_std 0.211  tR -0.01  ent[s/d/p/e] 0.37/2.97/1.89/0.66  emits 1.85  clip 0.13  kl +0.006
upd    8  steps  147456  sps 2280  opp rand  loss -0.005  pg -0.0020  v 0.030  adv_std 0.252  tR -0.08  ent[s/d/p/e] 0.40/2.98/1.88/0.66  emits 1.90  clip 0.13  kl +0.005
upd    9  steps  163840  sps 2442  opp rand  loss -0.006  pg -0.0043  v 0.036  adv_std 0.276  tR +0.03  ent[s/d/p/e] 0.46/2.97/1.89/0.66  emits 1.89  clip 0.12  kl +0.005
upd   10  steps  180224  sps 2592  opp rand  loss -0.009  pg -0.0040  v 0.018  adv_std 0.195  tR -0.12  ent[s/d/p/e] 0.36/2.97/1.90/0.66  emits 1.87  clip 0.12  kl +0.005
upd   11  steps  196608  sps 2732  opp rand  loss -0.006  pg -0.0031  v 0.035  adv_std 0.266  tR +0.04  ent[s/d/p/e] 0.46/2.97/1.90/0.67  emits 1.85  clip 0.14  kl +0.005
upd   12  steps  212992  sps 2862  opp rand  loss -0.006  pg -0.0009  v 0.021  adv_std 0.210  tR +0.03  ent[s/d/p/e] 0.39/2.97/1.88/0.67  emits 1.79  clip 0.16  kl +0.005
upd   13  steps  229376  sps 2985  opp rand  loss -0.004  pg -0.0018  v 0.032  adv_std 0.258  tR +0.01  ent[s/d/p/e] 0.36/2.97/1.89/0.67  emits 1.88  clip 0.14  kl +0.007
upd   14  steps  245760  sps 3099  opp rand  loss -0.007  pg -0.0034  v 0.032  adv_std 0.257  tR +0.13  ent[s/d/p/e] 0.52/2.97/1.89/0.67  emits 1.87  clip 0.14  kl +0.007
upd   15  steps  262144  sps 3207  opp rand  loss -0.009  pg -0.0037  v 0.017  adv_std 0.189  tR +0.01  ent[s/d/p/e] 0.32/2.97/1.89/0.67  emits 1.84  clip 0.14  kl +0.006
upd   16  steps  278528  sps 3309  opp rand  loss -0.008  pg -0.0048  v 0.032  adv_std 0.257  tR +0.00  ent[s/d/p/e] 0.42/2.96/1.87/0.66  emits 1.92  clip 0.10  kl +0.005
upd   17  steps  294912  sps 3405  opp rand  loss -0.009  pg -0.0039  v 0.019  adv_std 0.199  tR -0.03  ent[s/d/p/e] 0.42/2.97/1.88/0.67  emits 1.88  clip 0.13  kl +0.007
upd   18  steps  311296  sps 3496  opp rand  loss -0.007  pg -0.0039  v 0.028  adv_std 0.244  tR +0.06  ent[s/d/p/e] 0.37/2.96/1.87/0.67  emits 1.86  clip 0.13  kl +0.007
upd   19  steps  327680  sps 3582  opp rand  loss -0.009  pg -0.0055  v 0.031  adv_std 0.253  tR +0.05  ent[s/d/p/e] 0.45/2.96/1.85/0.67  emits 1.90  clip 0.11  kl +0.004
upd   20  steps  344064  sps 3663  opp rand  loss -0.008  pg -0.0029  v 0.017  adv_std 0.193  tR +0.04  ent[s/d/p/e] 0.30/2.96/1.86/0.68  emits 1.84  clip 0.13  kl +0.006
upd   21  steps  360448  sps 3741  opp rand  loss -0.007  pg -0.0033  v 0.030  adv_std 0.248  tR +0.13  ent[s/d/p/e] 0.48/2.95/1.86/0.67  emits 1.91  clip 0.12  kl +0.007
upd   22  steps  376832  sps 3814  opp rand  loss -0.007  pg -0.0018  v 0.017  adv_std 0.189  tR +0.08  ent[s/d/p/e] 0.41/2.96/1.86/0.67  emits 1.90  clip 0.14  kl +0.007
upd   23  steps  393216  sps 3884  opp rand  loss -0.007  pg -0.0036  v 0.029  adv_std 0.245  tR +0.08  ent[s/d/p/e] 0.37/2.95/1.85/0.67  emits 1.87  clip 0.11  kl +0.004
upd   24  steps  409600  sps 3951  opp rand  loss -0.009  pg -0.0048  v 0.027  adv_std 0.239  tR +0.18  ent[s/d/p/e] 0.50/2.96/1.83/0.67  emits 1.89  clip 0.11  kl +0.005 WRr 0.62
upd   25  steps  425984  sps 3726  opp rand  loss -0.011  pg -0.0051  v 0.013  adv_std 0.165  tR +0.16  ent[s/d/p/e] 0.33/2.95/1.86/0.67  emits 1.79  clip 0.12  kl +0.005
upd   26  steps  442368  sps 3789  opp rand  loss -0.005  pg -0.0014  v 0.030  adv_std 0.242  tR +0.09  ent[s/d/p/e] 0.44/2.94/1.85/0.67  emits 1.92  clip 0.15  kl +0.008
upd   27  steps  458752  sps 3849  opp rand  loss -0.010  pg -0.0043  v 0.016  adv_std 0.176  tR +0.17  ent[s/d/p/e] 0.44/2.94/1.87/0.67  emits 1.93  clip 0.12  kl +0.004
upd   28  steps  475136  sps 3907  opp rand  loss -0.007  pg -0.0038  v 0.028  adv_std 0.232  tR +0.09  ent[s/d/p/e] 0.40/2.94/1.86/0.67  emits 1.87  clip 0.12  kl +0.005
upd   29  steps  491520  sps 3962  opp rand  loss -0.007  pg -0.0033  v 0.027  adv_std 0.234  tR +0.12  ent[s/d/p/e] 0.52/2.94/1.85/0.67  emits 1.91  clip 0.13  kl +0.005
upd   30  steps  507904  sps 4015  opp rand  loss -0.010  pg -0.0043  v 0.015  adv_std 0.177  tR +0.10  ent[s/d/p/e] 0.35/2.94/1.87/0.68  emits 1.81  clip 0.14  kl +0.006
upd   31  steps  524288  sps 4066  opp rand  loss -0.010  pg -0.0055  v 0.025  adv_std 0.228  tR +0.10  ent[s/d/p/e] 0.45/2.94/1.85/0.67  emits 1.88  clip 0.12  kl +0.006
upd   32  steps  540672  sps 4116  opp rand  loss -0.009  pg -0.0033  v 0.017  adv_std 0.185  tR +0.38  ent[s/d/p/e] 0.42/2.93/1.85/0.67  emits 1.84  clip 0.14  kl +0.007
upd   33  steps  557056  sps 4163  opp rand  loss -0.009  pg -0.0052  v 0.026  adv_std 0.233  tR +0.08  ent[s/d/p/e] 0.39/2.92/1.85/0.67  emits 1.82  clip 0.14  kl +0.006
upd   34  steps  573440  sps 4209  opp rand  loss -0.008  pg -0.0048  v 0.030  adv_std 0.251  tR +0.12  ent[s/d/p/e] 0.45/2.93/1.85/0.67  emits 1.82  clip 0.14  kl +0.005
upd   35  steps  589824  sps 4253  opp rand  loss -0.011  pg -0.0050  v 0.013  adv_std 0.168  tR +0.30  ent[s/d/p/e] 0.30/2.92/1.86/0.68  emits 1.70  clip 0.12  kl +0.005
upd   36  steps  606208  sps 4295  opp rand  loss -0.010  pg -0.0060  v 0.024  adv_std 0.228  tR +0.08  ent[s/d/p/e] 0.44/2.92/1.87/0.68  emits 1.76  clip 0.12  kl +0.006
upd   37  steps  622592  sps 4336  opp rand  loss -0.011  pg -0.0049  v 0.016  adv_std 0.183  tR +0.13  ent[s/d/p/e] 0.48/2.93/1.89/0.68  emits 1.75  clip 0.12  kl +0.006
upd   38  steps  638976  sps 4376  opp rand  loss -0.009  pg -0.0041  v 0.022  adv_std 0.213  tR +0.23  ent[s/d/p/e] 0.37/2.92/1.87/0.68  emits 1.72  clip 0.13  kl +0.006
upd   39  steps  655360  sps 4415  opp rand  loss -0.007  pg -0.0027  v 0.025  adv_std 0.227  tR +0.21  ent[s/d/p/e] 0.45/2.92/1.87/0.67  emits 1.78  clip 0.12  kl +0.005
upd   40  steps  671744  sps 4452  opp rand  loss -0.011  pg -0.0047  v 0.014  adv_std 0.171  tR +0.03  ent[s/d/p/e] 0.32/2.93/1.89/0.68  emits 1.71  clip 0.14  kl +0.007
upd   41  steps  688128  sps 4488  opp rand  loss -0.011  pg -0.0065  v 0.025  adv_std 0.231  tR +0.18  ent[s/d/p/e] 0.43/2.92/1.87/0.68  emits 1.84  clip 0.13  kl +0.007
upd   42  steps  704512  sps 4523  opp rand  loss -0.012  pg -0.0052  v 0.015  adv_std 0.175  tR +0.14  ent[s/d/p/e] 0.42/2.91/1.89/0.67  emits 1.83  clip 0.13  kl +0.007
upd   43  steps  720896  sps 4557  opp rand  loss -0.009  pg -0.0043  v 0.022  adv_std 0.216  tR +0.13  ent[s/d/p/e] 0.38/2.92/1.88/0.68  emits 1.76  clip 0.13  kl +0.007
upd   44  steps  737280  sps 4590  opp rand  loss -0.011  pg -0.0065  v 0.023  adv_std 0.220  tR +0.20  ent[s/d/p/e] 0.41/2.91/1.87/0.68  emits 1.78  clip 0.12  kl +0.005
upd   45  steps  753664  sps 4621  opp rand  loss -0.012  pg -0.0058  v 0.015  adv_std 0.176  tR +0.21  ent[s/d/p/e] 0.35/2.92/1.87/0.68  emits 1.73  clip 0.15  kl +0.005
upd   46  steps  770048  sps 4652  opp rand  loss -0.008  pg -0.0042  v 0.026  adv_std 0.233  tR +0.30  ent[s/d/p/e] 0.39/2.92/1.87/0.68  emits 1.83  clip 0.15  kl +0.006
upd   47  steps  786432  sps 4682  opp rand  loss -0.012  pg -0.0054  v 0.014  adv_std 0.171  tR +0.07  ent[s/d/p/e] 0.40/2.92/1.86/0.68  emits 1.82  clip 0.12  kl +0.006
upd   48  steps  802816  sps 4711  opp rand  loss -0.010  pg -0.0052  v 0.021  adv_std 0.212  tR +0.33  ent[s/d/p/e] 0.38/2.92/1.85/0.67  emits 1.90  clip 0.14  kl +0.006
upd   49  steps  819200  sps 4740  opp rand  loss -0.009  pg -0.0050  v 0.025  adv_std 0.225  tR +0.28  ent[s/d/p/e] 0.46/2.91/1.81/0.67  emits 1.93  clip 0.14  kl +0.005 WRr 0.78 WRf 0.84
upd   50  steps  835584  sps 4471  opp rand  loss -0.012  pg -0.0055  v 0.013  adv_std 0.165  tR +0.19  ent[s/d/p/e] 0.34/2.91/1.86/0.67  emits 1.89  clip 0.13  kl +0.005
upd   51  steps  851968  sps 4500  opp rand  loss -0.010  pg -0.0056  v 0.025  adv_std 0.226  tR +0.29  ent[s/d/p/e] 0.46/2.91/1.83/0.66  emits 1.96  clip 0.12  kl +0.005
upd   52  steps  868352  sps 4528  opp rand  loss -0.012  pg -0.0052  v 0.014  adv_std 0.166  tR +0.21  ent[s/d/p/e] 0.40/2.91/1.85/0.66  emits 1.95  clip 0.12  kl +0.005
upd   53  steps  884736  sps 4556  opp rand  loss -0.010  pg -0.0052  v 0.019  adv_std 0.200  tR +0.23  ent[s/d/p/e] 0.37/2.91/1.85/0.67  emits 1.93  clip 0.12  kl +0.006
upd   54  steps  901120  sps 4583  opp rand  loss -0.008  pg -0.0038  v 0.026  adv_std 0.230  tR +0.25  ent[s/d/p/e] 0.46/2.90/1.82/0.66  emits 1.95  clip 0.15  kl +0.007
upd   55  steps  917504  sps 4609  opp rand  loss -0.011  pg -0.0044  v 0.012  adv_std 0.161  tR +0.33  ent[s/d/p/e] 0.35/2.90/1.86/0.67  emits 1.86  clip 0.14  kl +0.006
upd   56  steps  933888  sps 4635  opp rand  loss -0.007  pg -0.0035  v 0.026  adv_std 0.229  tR +0.18  ent[s/d/p/e] 0.43/2.90/1.83/0.66  emits 1.89  clip 0.14  kl +0.007
upd   57  steps  950272  sps 4660  opp rand  loss -0.011  pg -0.0051  v 0.015  adv_std 0.176  tR +0.22  ent[s/d/p/e] 0.43/2.91/1.84/0.67  emits 1.85  clip 0.14  kl +0.006
upd   58  steps  966656  sps 4684  opp rand  loss -0.012  pg -0.0064  v 0.019  adv_std 0.201  tR +0.30  ent[s/d/p/e] 0.40/2.91/1.84/0.67  emits 1.82  clip 0.14  kl +0.007
upd   59  steps  983040  sps 4708  opp rand  loss -0.010  pg -0.0060  v 0.023  adv_std 0.221  tR +0.31  ent[s/d/p/e] 0.46/2.91/1.81/0.66  emits 1.88  clip 0.13  kl +0.006
upd   60  steps  999424  sps 4731  opp rand  loss -0.013  pg -0.0057  v 0.009  adv_std 0.141  tR +0.39  ent[s/d/p/e] 0.38/2.92/1.84/0.67  emits 1.80  clip 0.15  kl +0.006
upd   61  steps 1015808  sps 4754  opp rand  loss -0.010  pg -0.0059  v 0.024  adv_std 0.223  tR +0.31  ent[s/d/p/e] 0.48/2.91/1.82/0.67  emits 1.91  clip 0.13  kl +0.005
upd   62  steps 1032192  sps 4776  opp rand  loss -0.011  pg -0.0051  v 0.016  adv_std 0.181  tR +0.15  ent[s/d/p/e] 0.40/2.90/1.84/0.66  emits 1.85  clip 0.13  kl +0.005
upd   63  steps 1048576  sps 4798  opp rand  loss -0.011  pg -0.0058  v 0.019  adv_std 0.200  tR +0.41  ent[s/d/p/e] 0.44/2.91/1.85/0.66  emits 1.88  clip 0.12  kl +0.005
upd   64  steps 1064960  sps 4819  opp rand  loss -0.009  pg -0.0045  v 0.024  adv_std 0.223  tR +0.25  ent[s/d/p/e] 0.53/2.91/1.82/0.66  emits 1.98  clip 0.12  kl +0.006
upd   65  steps 1081344  sps 4840  opp rand  loss -0.012  pg -0.0050  v 0.010  adv_std 0.144  tR +0.20  ent[s/d/p/e] 0.40/2.91/1.87/0.67  emits 1.81  clip 0.12  kl +0.006
upd   66  steps 1097728  sps 4860  opp rand  loss -0.011  pg -0.0065  v 0.024  adv_std 0.222  tR +0.23  ent[s/d/p/e] 0.46/2.91/1.82/0.66  emits 1.89  clip 0.14  kl +0.006
upd   67  steps 1114112  sps 4880  opp rand  loss -0.011  pg -0.0047  v 0.014  adv_std 0.173  tR +0.24  ent[s/d/p/e] 0.42/2.90/1.83/0.66  emits 1.89  clip 0.14  kl +0.006
upd   68  steps 1130496  sps 4899  opp rand  loss -0.011  pg -0.0060  v 0.018  adv_std 0.196  tR +0.23  ent[s/d/p/e] 0.42/2.90/1.84/0.67  emits 1.86  clip 0.11  kl +0.005
upd   69  steps 1146880  sps 4918  opp rand  loss -0.011  pg -0.0065  v 0.024  adv_std 0.224  tR +0.25  ent[s/d/p/e] 0.51/2.89/1.83/0.66  emits 1.99  clip 0.12  kl +0.005
upd   70  steps 1163264  sps 4937  opp rand  loss -0.013  pg -0.0062  v 0.013  adv_std 0.169  tR +0.18  ent[s/d/p/e] 0.42/2.90/1.87/0.66  emits 1.89  clip 0.11  kl +0.005
upd   71  steps 1179648  sps 4955  opp rand  loss -0.010  pg -0.0056  v 0.022  adv_std 0.212  tR +0.32  ent[s/d/p/e] 0.49/2.88/1.80/0.65  emits 1.94  clip 0.13  kl +0.006
upd   72  steps 1196032  sps 4973  opp rand  loss -0.012  pg -0.0061  v 0.015  adv_std 0.178  tR +0.14  ent[s/d/p/e] 0.43/2.87/1.83/0.65  emits 1.89  clip 0.12  kl +0.004
upd   73  steps 1212416  sps 4991  opp rand  loss -0.012  pg -0.0071  v 0.021  adv_std 0.209  tR +0.27  ent[s/d/p/e] 0.44/2.88/1.83/0.65  emits 1.89  clip 0.13  kl +0.006
upd   74  steps 1228800  sps 5008  opp rand  loss -0.010  pg -0.0057  v 0.023  adv_std 0.219  tR +0.39  ent[s/d/p/e] 0.50/2.88/1.79/0.65  emits 1.98  clip 0.10  kl +0.004 WRr 0.66 WRf 0.59
upd   75  steps 1245184  sps 4850  opp rand  loss -0.013  pg -0.0059  v 0.011  adv_std 0.154  tR +0.25  ent[s/d/p/e] 0.42/2.88/1.86/0.66  emits 1.83  clip 0.11  kl +0.005
upd   76  steps 1261568  sps 4868  opp rand  loss -0.011  pg -0.0060  v 0.020  adv_std 0.208  tR +0.33  ent[s/d/p/e] 0.52/2.88/1.80/0.64  emits 2.08  clip 0.15  kl +0.006
upd   77  steps 1277952  sps 4885  opp rand  loss -0.011  pg -0.0050  v 0.014  adv_std 0.171  tR +0.20  ent[s/d/p/e] 0.48/2.87/1.79/0.65  emits 1.99  clip 0.14  kl +0.006
upd   78  steps 1294336  sps 4902  opp rand  loss -0.010  pg -0.0054  v 0.020  adv_std 0.205  tR +0.34  ent[s/d/p/e] 0.47/2.87/1.81/0.64  emits 1.99  clip 0.15  kl +0.007
upd   79  steps 1310720  sps 4919  opp rand  loss -0.009  pg -0.0050  v 0.025  adv_std 0.233  tR +0.19  ent[s/d/p/e] 0.54/2.88/1.76/0.64  emits 1.98  clip 0.13  kl +0.007
upd   80  steps 1327104  sps 4935  opp rand  loss -0.012  pg -0.0048  v 0.012  adv_std 0.155  tR +0.27  ent[s/d/p/e] 0.42/2.86/1.85/0.65  emits 1.85  clip 0.11  kl +0.005
upd   81  steps 1343488  sps 4951  opp rand  loss -0.011  pg -0.0062  v 0.021  adv_std 0.211  tR +0.25  ent[s/d/p/e] 0.50/2.87/1.80/0.63  emits 2.04  clip 0.15  kl +0.008
upd   82  steps 1359872  sps 4967  opp rand  loss -0.011  pg -0.0049  v 0.014  adv_std 0.171  tR +0.29  ent[s/d/p/e] 0.47/2.86/1.83/0.64  emits 1.99  clip 0.14  kl +0.006
upd   83  steps 1376256  sps 4982  opp rand  loss -0.011  pg -0.0056  v 0.018  adv_std 0.195  tR +0.27  ent[s/d/p/e] 0.48/2.86/1.83/0.64  emits 1.95  clip 0.15  kl +0.008
upd   84  steps 1392640  sps 4997  opp rand  loss -0.010  pg -0.0052  v 0.021  adv_std 0.211  tR +0.27  ent[s/d/p/e] 0.56/2.86/1.79/0.63  emits 2.10  clip 0.14  kl +0.005
upd   85  steps 1409024  sps 5012  opp rand  loss -0.012  pg -0.0056  v 0.011  adv_std 0.149  tR +0.49  ent[s/d/p/e] 0.41/2.85/1.86/0.64  emits 1.93  clip 0.15  kl +0.006
upd   86  steps 1425408  sps 5027  opp rand  loss -0.010  pg -0.0055  v 0.021  adv_std 0.212  tR +0.36  ent[s/d/p/e] 0.54/2.86/1.81/0.63  emits 2.14  clip 0.13  kl +0.005
upd   87  steps 1441792  sps 5041  opp rand  loss -0.013  pg -0.0065  v 0.014  adv_std 0.168  tR +0.37  ent[s/d/p/e] 0.55/2.83/1.83/0.64  emits 2.11  clip 0.14  kl +0.007
upd   88  steps 1458176  sps 5055  opp rand  loss -0.011  pg -0.0058  v 0.018  adv_std 0.196  tR +0.33  ent[s/d/p/e] 0.46/2.86/1.83/0.64  emits 1.98  clip 0.13  kl +0.005
upd   89  steps 1474560  sps 5069  opp rand  loss -0.010  pg -0.0055  v 0.024  adv_std 0.221  tR +0.37  ent[s/d/p/e] 0.57/2.86/1.79/0.63  emits 2.20  clip 0.15  kl +0.008
upd   90  steps 1490944  sps 5083  opp rand  loss -0.013  pg -0.0060  v 0.010  adv_std 0.146  tR +0.37  ent[s/d/p/e] 0.45/2.84/1.87/0.64  emits 2.04  clip 0.10  kl +0.004
upd   91  steps 1507328  sps 5097  opp rand  loss -0.012  pg -0.0074  v 0.021  adv_std 0.208  tR +0.43  ent[s/d/p/e] 0.57/2.86/1.79/0.62  emits 2.25  clip 0.12  kl +0.007
upd   92  steps 1523712  sps 5110  opp rand  loss -0.012  pg -0.0053  v 0.012  adv_std 0.158  tR +0.39  ent[s/d/p/e] 0.52/2.84/1.83/0.63  emits 2.16  clip 0.13  kl +0.007
upd   93  steps 1540096  sps 5123  opp rand  loss -0.012  pg -0.0061  v 0.018  adv_std 0.190  tR +0.32  ent[s/d/p/e] 0.43/2.85/1.82/0.63  emits 2.10  clip 0.15  kl +0.006
upd   94  steps 1556480  sps 5136  opp rand  loss -0.010  pg -0.0050  v 0.020  adv_std 0.205  tR +0.50  ent[s/d/p/e] 0.57/2.85/1.78/0.62  emits 2.23  clip 0.12  kl +0.005
upd   95  steps 1572864  sps 5148  opp rand  loss -0.012  pg -0.0060  v 0.014  adv_std 0.168  tR +0.41  ent[s/d/p/e] 0.42/2.83/1.85/0.63  emits 1.99  clip 0.13  kl +0.007
upd   96  steps 1589248  sps 5161  opp rand  loss -0.012  pg -0.0065  v 0.020  adv_std 0.202  tR +0.33  ent[s/d/p/e] 0.55/2.85/1.79/0.61  emits 2.21  clip 0.14  kl +0.006
upd   97  steps 1605632  sps 5173  opp rand  loss -0.012  pg -0.0056  v 0.013  adv_std 0.163  tR +0.48  ent[s/d/p/e] 0.52/2.82/1.80/0.63  emits 2.08  clip 0.12  kl +0.004
upd   98  steps 1622016  sps 5185  opp rand  loss -0.012  pg -0.0065  v 0.018  adv_std 0.195  tR +0.29  ent[s/d/p/e] 0.53/2.82/1.82/0.62  emits 2.11  clip 0.12  kl +0.006
upd   99  steps 1638400  sps 5197  opp rand  loss -0.013  pg -0.0075  v 0.021  adv_std 0.210  tR +0.32  ent[s/d/p/e] 0.63/2.81/1.79/0.62  emits 2.25  clip 0.13  kl +0.006 WRr 0.72 WRf 0.72
upd  100  steps 1654784  sps 5069  opp rand  loss -0.013  pg -0.0063  v 0.013  adv_std 0.164  tR +0.32  ent[s/d/p/e] 0.44/2.80/1.85/0.63  emits 1.96  clip 0.10  kl +0.005
upd  101  steps 1671168  sps 5081  opp rand  loss -0.012  pg -0.0060  v 0.018  adv_std 0.196  tR +0.36  ent[s/d/p/e] 0.59/2.82/1.77/0.61  emits 2.17  clip 0.12  kl +0.005
upd  102  steps 1687552  sps 5094  opp rand  loss -0.013  pg -0.0064  v 0.013  adv_std 0.162  tR +0.47  ent[s/d/p/e] 0.57/2.79/1.81/0.62  emits 2.13  clip 0.12  kl +0.004
upd  103  steps 1703936  sps 5105  opp rand  loss -0.012  pg -0.0061  v 0.018  adv_std 0.192  tR +0.36  ent[s/d/p/e] 0.54/2.81/1.80/0.62  emits 2.06  clip 0.13  kl +0.007
upd  104  steps 1720320  sps 5117  opp rand  loss -0.010  pg -0.0051  v 0.021  adv_std 0.210  tR +0.40  ent[s/d/p/e] 0.56/2.80/1.76/0.60  emits 2.28  clip 0.15  kl +0.007
upd  105  steps 1736704  sps 5129  opp rand  loss -0.013  pg -0.0061  v 0.013  adv_std 0.166  tR +0.12  ent[s/d/p/e] 0.48/2.76/1.83/0.63  emits 1.97  clip 0.12  kl +0.006
upd  106  steps 1753088  sps 5140  opp rand  loss -0.013  pg -0.0070  v 0.016  adv_std 0.182  tR +0.39  ent[s/d/p/e] 0.61/2.79/1.77/0.60  emits 2.19  clip 0.12  kl +0.006
upd  107  steps 1769472  sps 5151  opp rand  loss -0.014  pg -0.0068  v 0.010  adv_std 0.146  tR +0.42  ent[s/d/p/e] 0.57/2.76/1.80/0.61  emits 2.17  clip 0.12  kl +0.006
upd  108  steps 1785856  sps 5162  opp rand  loss -0.012  pg -0.0058  v 0.016  adv_std 0.185  tR +0.33  ent[s/d/p/e] 0.57/2.79/1.81/0.60  emits 2.13  clip 0.16  kl +0.007
upd  109  steps 1802240  sps 5173  opp rand  loss -0.013  pg -0.0077  v 0.021  adv_std 0.211  tR +0.30  ent[s/d/p/e] 0.63/2.77/1.78/0.59  emits 2.32  clip 0.13  kl +0.006
upd  110  steps 1818624  sps 5184  opp rand  loss -0.012  pg -0.0056  v 0.013  adv_std 0.168  tR +0.43  ent[s/d/p/e] 0.47/2.75/1.84/0.61  emits 2.00  clip 0.11  kl +0.005
upd  111  steps 1835008  sps 5195  opp rand  loss -0.011  pg -0.0053  v 0.020  adv_std 0.201  tR +0.36  ent[s/d/p/e] 0.60/2.78/1.79/0.58  emits 2.21  clip 0.12  kl +0.004
upd  112  steps 1851392  sps 5205  opp rand  loss -0.012  pg -0.0060  v 0.015  adv_std 0.175  tR +0.42  ent[s/d/p/e] 0.62/2.75/1.82/0.61  emits 2.13  clip 0.12  kl +0.006
upd  113  steps 1867776  sps 5215  opp rand  loss -0.013  pg -0.0070  v 0.016  adv_std 0.184  tR +0.40  ent[s/d/p/e] 0.57/2.76/1.82/0.59  emits 2.14  clip 0.12  kl +0.006
upd  114  steps 1884160  sps 5226  opp rand  loss -0.012  pg -0.0061  v 0.018  adv_std 0.196  tR +0.38  ent[s/d/p/e] 0.66/2.76/1.80/0.59  emits 2.37  clip 0.13  kl +0.006
upd  115  steps 1900544  sps 5236  opp rand  loss -0.014  pg -0.0068  v 0.012  adv_std 0.156  tR +0.33  ent[s/d/p/e] 0.51/2.72/1.86/0.62  emits 1.96  clip 0.12  kl +0.005
upd  116  steps 1916928  sps 5246  opp rand  loss -0.013  pg -0.0070  v 0.019  adv_std 0.198  tR +0.45  ent[s/d/p/e] 0.64/2.76/1.80/0.58  emits 2.31  clip 0.12  kl +0.005
upd  117  steps 1933312  sps 5255  opp rand  loss -0.013  pg -0.0063  v 0.012  adv_std 0.154  tR +0.45  ent[s/d/p/e] 0.62/2.72/1.83/0.59  emits 2.33  clip 0.15  kl +0.006
upd  118  steps 1949696  sps 5265  opp rand  loss -0.013  pg -0.0070  v 0.015  adv_std 0.178  tR +0.46  ent[s/d/p/e] 0.62/2.72/1.83/0.58  emits 2.31  clip 0.12  kl +0.006
upd  119  steps 1966080  sps 5274  opp rand  loss -0.012  pg -0.0060  v 0.019  adv_std 0.196  tR +0.38  ent[s/d/p/e] 0.62/2.74/1.79/0.57  emits 2.37  clip 0.13  kl +0.007
upd  120  steps 1982464  sps 5284  opp rand  loss -0.014  pg -0.0067  v 0.011  adv_std 0.157  tR +0.42  ent[s/d/p/e] 0.53/2.71/1.86/0.59  emits 2.15  clip 0.11  kl +0.005
upd  121  steps 1998848  sps 5293  opp rand  loss -0.011  pg -0.0053  v 0.018  adv_std 0.189  tR +0.46  ent[s/d/p/e] 0.62/2.73/1.81/0.55  emits 2.45  clip 0.16  kl +0.008
upd  122  steps 2015232  sps 5302  opp rand  loss -0.013  pg -0.0067  v 0.013  adv_std 0.163  tR +0.37  ent[s/d/p/e] 0.57/2.72/1.83/0.57  emits 2.38  clip 0.12  kl +0.005
upd  123  steps 2031616  sps 5311  opp rand  loss -0.012  pg -0.0057  v 0.016  adv_std 0.184  tR +0.43  ent[s/d/p/e] 0.57/2.72/1.83/0.57  emits 2.26  clip 0.12  kl +0.005
upd  124  steps 2048000  sps 5320  opp rand  loss -0.010  pg -0.0051  v 0.022  adv_std 0.213  tR +0.30  ent[s/d/p/e] 0.64/2.74/1.80/0.57  emits 2.37  clip 0.13  kl +0.007 WRr 0.66 WRf 0.84
upd  125  steps 2064384  sps 5208  opp rand  loss -0.014  pg -0.0068  v 0.009  adv_std 0.135  tR +0.48  ent[s/d/p/e] 0.49/2.68/1.86/0.60  emits 2.04  clip 0.11  kl +0.005
upd  126  steps 2080768  sps 5218  opp rand  loss -0.013  pg -0.0065  v 0.016  adv_std 0.180  tR +0.38  ent[s/d/p/e] 0.64/2.72/1.81/0.56  emits 2.35  clip 0.14  kl +0.006
upd  127  steps 2097152  sps 5227  opp rand  loss -0.013  pg -0.0064  v 0.012  adv_std 0.157  tR +0.45  ent[s/d/p/e] 0.58/2.70/1.83/0.57  emits 2.36  clip 0.13  kl +0.007
upd  128  steps 2113536  sps 5236  opp rand  loss -0.012  pg -0.0063  v 0.017  adv_std 0.185  tR +0.40  ent[s/d/p/e] 0.57/2.70/1.82/0.55  emits 2.22  clip 0.15  kl +0.007
upd  129  steps 2129920  sps 5245  opp rand  loss -0.011  pg -0.0056  v 0.019  adv_std 0.200  tR +0.36  ent[s/d/p/e] 0.64/2.71/1.79/0.54  emits 2.52  clip 0.15  kl +0.007
upd  130  steps 2146304  sps 5254  opp rand  loss -0.012  pg -0.0050  v 0.011  adv_std 0.153  tR +0.52  ent[s/d/p/e] 0.49/2.68/1.85/0.57  emits 2.17  clip 0.13  kl +0.006
upd  131  steps 2162688  sps 5262  opp rand  loss -0.010  pg -0.0041  v 0.019  adv_std 0.198  tR +0.40  ent[s/d/p/e] 0.66/2.72/1.79/0.54  emits 2.45  clip 0.13  kl +0.006
upd  132  steps 2179072  sps 5271  opp rand  loss -0.015  pg -0.0078  v 0.010  adv_std 0.148  tR +0.47  ent[s/d/p/e] 0.60/2.70/1.82/0.55  emits 2.45  clip 0.12  kl +0.005
upd  133  steps 2195456  sps 5279  opp rand  loss -0.012  pg -0.0062  v 0.016  adv_std 0.183  tR +0.47  ent[s/d/p/e] 0.56/2.70/1.82/0.56  emits 2.31  clip 0.12  kl +0.006
upd  134  steps 2211840  sps 5288  opp rand  loss -0.012  pg -0.0065  v 0.018  adv_std 0.196  tR +0.41  ent[s/d/p/e] 0.69/2.71/1.79/0.55  emits 2.55  clip 0.13  kl +0.005
upd  135  steps 2228224  sps 5296  opp rand  loss -0.013  pg -0.0068  v 0.012  adv_std 0.160  tR +0.30  ent[s/d/p/e] 0.48/2.67/1.87/0.57  emits 2.21  clip 0.12  kl +0.005
upd  136  steps 2244608  sps 5304  opp rand  loss -0.011  pg -0.0054  v 0.018  adv_std 0.194  tR +0.38  ent[s/d/p/e] 0.64/2.73/1.81/0.55  emits 2.47  clip 0.15  kl +0.006
upd  137  steps 2260992  sps 5312  opp rand  loss -0.013  pg -0.0068  v 0.013  adv_std 0.163  tR +0.47  ent[s/d/p/e] 0.61/2.69/1.83/0.55  emits 2.47  clip 0.12  kl +0.006
upd  138  steps 2277376  sps 5320  opp rand  loss -0.011  pg -0.0054  v 0.017  adv_std 0.189  tR +0.42  ent[s/d/p/e] 0.60/2.71/1.83/0.54  emits 2.39  clip 0.12  kl +0.006
upd  139  steps 2293760  sps 5328  opp rand  loss -0.011  pg -0.0063  v 0.023  adv_std 0.218  tR +0.38  ent[s/d/p/e] 0.65/2.72/1.81/0.53  emits 2.63  clip 0.12  kl +0.006
upd  140  steps 2310144  sps 5336  opp rand  loss -0.014  pg -0.0069  v 0.011  adv_std 0.152  tR +0.39  ent[s/d/p/e] 0.56/2.66/1.86/0.56  emits 2.28  clip 0.12  kl +0.008
upd  141  steps 2326528  sps 5344  opp rand  loss -0.012  pg -0.0064  v 0.020  adv_std 0.204  tR +0.32  ent[s/d/p/e] 0.67/2.71/1.81/0.51  emits 2.61  clip 0.16  kl +0.008
upd  142  steps 2342912  sps 5352  opp rand  loss -0.012  pg -0.0053  v 0.015  adv_std 0.176  tR +0.36  ent[s/d/p/e] 0.64/2.66/1.84/0.53  emits 2.55  clip 0.14  kl +0.006
upd  143  steps 2359296  sps 5359  opp rand  loss -0.011  pg -0.0056  v 0.018  adv_std 0.188  tR +0.40  ent[s/d/p/e] 0.60/2.68/1.85/0.51  emits 2.51  clip 0.12  kl +0.006
upd  144  steps 2375680  sps 5367  opp rand  loss -0.012  pg -0.0070  v 0.020  adv_std 0.204  tR +0.38  ent[s/d/p/e] 0.72/2.69/1.80/0.51  emits 2.66  clip 0.12  kl +0.005
upd  145  steps 2392064  sps 5374  opp rand  loss -0.015  pg -0.0073  v 0.008  adv_std 0.128  tR +0.40  ent[s/d/p/e] 0.52/2.64/1.86/0.54  emits 2.29  clip 0.10  kl +0.005
upd  146  steps 2408448  sps 5382  opp rand  loss -0.012  pg -0.0061  v 0.016  adv_std 0.181  tR +0.49  ent[s/d/p/e] 0.63/2.70/1.81/0.50  emits 2.61  clip 0.11  kl +0.006
upd  147  steps 2424832  sps 5389  opp rand  loss -0.013  pg -0.0058  v 0.012  adv_std 0.157  tR +0.29  ent[s/d/p/e] 0.66/2.65/1.83/0.54  emits 2.49  clip 0.13  kl +0.006
upd  148  steps 2441216  sps 5396  opp rand  loss -0.013  pg -0.0065  v 0.015  adv_std 0.181  tR +0.42  ent[s/d/p/e] 0.63/2.69/1.82/0.52  emits 2.40  clip 0.12  kl +0.006
upd  149  steps 2457600  sps 5403  opp rand  loss -0.013  pg -0.0072  v 0.016  adv_std 0.186  tR +0.28  ent[s/d/p/e] 0.70/2.68/1.81/0.52  emits 2.57  clip 0.13  kl +0.005 WRr 0.66 WRf 0.69
upd  150  steps 2473984  sps 5305  opp rand  loss -0.013  pg -0.0057  v 0.011  adv_std 0.152  tR +0.34  ent[s/d/p/e] 0.51/2.62/1.87/0.55  emits 2.12  clip 0.11  kl +0.005
upd  151  steps 2490368  sps 5312  opp rand  loss -0.012  pg -0.0069  v 0.021  adv_std 0.211  tR +0.35  ent[s/d/p/e] 0.64/2.70/1.81/0.51  emits 2.48  clip 0.13  kl +0.006
upd  152  steps 2506752  sps 5320  opp rand  loss -0.012  pg -0.0052  v 0.013  adv_std 0.164  tR +0.44  ent[s/d/p/e] 0.64/2.65/1.84/0.53  emits 2.41  clip 0.12  kl +0.005
upd  153  steps 2523136  sps 5327  opp rand  loss -0.011  pg -0.0052  v 0.014  adv_std 0.173  tR +0.47  ent[s/d/p/e] 0.55/2.66/1.84/0.53  emits 2.28  clip 0.12  kl +0.005
upd  154  steps 2539520  sps 5334  opp rand  loss -0.012  pg -0.0069  v 0.019  adv_std 0.198  tR +0.38  ent[s/d/p/e] 0.69/2.69/1.82/0.50  emits 2.71  clip 0.13  kl +0.006
upd  155  steps 2555904  sps 5341  opp rand  loss -0.013  pg -0.0068  v 0.013  adv_std 0.168  tR +0.36  ent[s/d/p/e] 0.63/2.63/1.86/0.54  emits 2.34  clip 0.10  kl +0.006
upd  156  steps 2572288  sps 5348  opp rand  loss -0.015  pg -0.0082  v 0.016  adv_std 0.182  tR +0.42  ent[s/d/p/e] 0.75/2.70/1.82/0.51  emits 2.56  clip 0.13  kl +0.006
upd  157  steps 2588672  sps 5355  opp rand  loss -0.014  pg -0.0067  v 0.011  adv_std 0.150  tR +0.31  ent[s/d/p/e] 0.62/2.63/1.82/0.53  emits 2.44  clip 0.12  kl +0.004
upd  158  steps 2605056  sps 5362  opp rand  loss -0.013  pg -0.0067  v 0.014  adv_std 0.169  tR +0.39  ent[s/d/p/e] 0.65/2.66/1.84/0.53  emits 2.39  clip 0.11  kl +0.005
upd  159  steps 2621440  sps 5368  opp rand  loss -0.012  pg -0.0073  v 0.021  adv_std 0.207  tR +0.38  ent[s/d/p/e] 0.67/2.68/1.80/0.51  emits 2.64  clip 0.11  kl +0.005
upd  160  steps 2637824  sps 5375  opp rand  loss -0.012  pg -0.0054  v 0.010  adv_std 0.145  tR +0.40  ent[s/d/p/e] 0.53/2.61/1.85/0.56  emits 2.21  clip 0.11  kl +0.004
upd  161  steps 2654208  sps 5382  opp rand  loss -0.012  pg -0.0071  v 0.019  adv_std 0.201  tR +0.47  ent[s/d/p/e] 0.61/2.68/1.79/0.51  emits 2.56  clip 0.12  kl +0.007
upd  162  steps 2670592  sps 5388  opp rand  loss -0.014  pg -0.0073  v 0.012  adv_std 0.160  tR +0.46  ent[s/d/p/e] 0.60/2.65/1.83/0.53  emits 2.51  clip 0.13  kl +0.006
upd  163  steps 2686976  sps 5395  opp rand  loss -0.013  pg -0.0070  v 0.018  adv_std 0.194  tR +0.39  ent[s/d/p/e] 0.64/2.66/1.83/0.54  emits 2.44  clip 0.12  kl +0.006
upd  164  steps 2703360  sps 5401  opp rand  loss -0.013  pg -0.0077  v 0.020  adv_std 0.205  tR +0.36  ent[s/d/p/e] 0.73/2.68/1.80/0.52  emits 2.62  clip 0.11  kl +0.005
upd  165  steps 2719744  sps 5408  opp rand  loss -0.013  pg -0.0058  v 0.009  adv_std 0.141  tR +0.39  ent[s/d/p/e] 0.56/2.63/1.86/0.56  emits 2.18  clip 0.11  kl +0.005
upd  166  steps 2736128  sps 5414  opp rand  loss -0.013  pg -0.0071  v 0.018  adv_std 0.197  tR +0.31  ent[s/d/p/e] 0.66/2.68/1.82/0.52  emits 2.57  clip 0.12  kl +0.006
upd  167  steps 2752512  sps 5420  opp rand  loss -0.012  pg -0.0058  v 0.014  adv_std 0.170  tR +0.39  ent[s/d/p/e] 0.69/2.63/1.83/0.53  emits 2.50  clip 0.11  kl +0.005
upd  168  steps 2768896  sps 5426  opp rand  loss -0.012  pg -0.0058  v 0.015  adv_std 0.175  tR +0.36  ent[s/d/p/e] 0.59/2.66/1.84/0.54  emits 2.25  clip 0.10  kl +0.005
upd  169  steps 2785280  sps 5433  opp rand  loss -0.012  pg -0.0071  v 0.019  adv_std 0.198  tR +0.33  ent[s/d/p/e] 0.68/2.69/1.80/0.52  emits 2.63  clip 0.12  kl +0.005
upd  170  steps 2801664  sps 5439  opp rand  loss -0.014  pg -0.0064  v 0.010  adv_std 0.142  tR +0.32  ent[s/d/p/e] 0.56/2.61/1.86/0.56  emits 2.18  clip 0.11  kl +0.006
upd  171  steps 2818048  sps 5445  opp rand  loss -0.012  pg -0.0064  v 0.019  adv_std 0.200  tR +0.33  ent[s/d/p/e] 0.66/2.70/1.80/0.52  emits 2.45  clip 0.11  kl +0.005
upd  172  steps 2834432  sps 5451  opp rand  loss -0.013  pg -0.0061  v 0.012  adv_std 0.158  tR +0.41  ent[s/d/p/e] 0.67/2.64/1.82/0.53  emits 2.41  clip 0.10  kl +0.004
upd  173  steps 2850816  sps 5457  opp rand  loss -0.013  pg -0.0071  v 0.018  adv_std 0.194  tR +0.45  ent[s/d/p/e] 0.62/2.67/1.84/0.52  emits 2.40  clip 0.11  kl +0.005
upd  174  steps 2867200  sps 5463  opp rand  loss -0.013  pg -0.0068  v 0.016  adv_std 0.184  tR +0.40  ent[s/d/p/e] 0.65/2.69/1.81/0.51  emits 2.60  clip 0.11  kl +0.005 WRr 0.72 WRf 0.72
upd  175  steps 2883584  sps 5380  opp rand  loss -0.013  pg -0.0061  v 0.010  adv_std 0.145  tR +0.29  ent[s/d/p/e] 0.55/2.62/1.85/0.56  emits 2.18  clip 0.10  kl +0.005
upd  176  steps 2899968  sps 5386  opp rand  loss -0.012  pg -0.0068  v 0.018  adv_std 0.191  tR +0.39  ent[s/d/p/e] 0.67/2.68/1.79/0.51  emits 2.48  clip 0.10  kl +0.004
upd  177  steps 2916352  sps 5392  opp rand  loss -0.012  pg -0.0060  v 0.014  adv_std 0.167  tR +0.38  ent[s/d/p/e] 0.61/2.63/1.80/0.53  emits 2.45  clip 0.11  kl +0.005
upd  178  steps 2932736  sps 5398  opp rand  loss -0.013  pg -0.0066  v 0.015  adv_std 0.177  tR +0.37  ent[s/d/p/e] 0.62/2.66/1.81/0.53  emits 2.30  clip 0.10  kl +0.005
upd  179  steps 2949120  sps 5404  opp rand  loss -0.012  pg -0.0069  v 0.020  adv_std 0.204  tR +0.30  ent[s/d/p/e] 0.71/2.66/1.79/0.51  emits 2.58  clip 0.11  kl +0.005
upd  180  steps 2965504  sps 5410  opp rand  loss -0.013  pg -0.0059  v 0.008  adv_std 0.133  tR +0.43  ent[s/d/p/e] 0.57/2.61/1.83/0.55  emits 2.14  clip 0.10  kl +0.004
upd  181  steps 2981888  sps 5415  opp rand  loss -0.011  pg -0.0061  v 0.019  adv_std 0.201  tR +0.38  ent[s/d/p/e] 0.63/2.68/1.79/0.51  emits 2.37  clip 0.10  kl +0.005
upd  182  steps 2998272  sps 5421  opp rand  loss -0.013  pg -0.0064  v 0.013  adv_std 0.162  tR +0.45  ent[s/d/p/e] 0.67/2.63/1.82/0.53  emits 2.49  clip 0.11  kl +0.005
upd  183  steps 3014656  sps 5427  opp rand  loss -0.014  pg -0.0079  v 0.015  adv_std 0.179  tR +0.32  ent[s/d/p/e] 0.61/2.66/1.81/0.52  emits 2.29  clip 0.09  kl +0.004
upd  184  steps 3031040  sps 5432  opp rand  loss -0.012  pg -0.0063  v 0.020  adv_std 0.202  tR +0.38  ent[s/d/p/e] 0.71/2.67/1.77/0.50  emits 2.68  clip 0.10  kl +0.005
upd  185  steps 3047424  sps 5438  opp rand  loss -0.014  pg -0.0071  v 0.013  adv_std 0.162  tR +0.29  ent[s/d/p/e] 0.56/2.62/1.82/0.54  emits 2.21  clip 0.08  kl +0.005
upd  186  steps 3063808  sps 5444  opp rand  loss -0.012  pg -0.0063  v 0.018  adv_std 0.192  tR +0.45  ent[s/d/p/e] 0.66/2.68/1.77/0.50  emits 2.48  clip 0.11  kl +0.005
upd  187  steps 3080192  sps 5449  opp rand  loss -0.014  pg -0.0074  v 0.013  adv_std 0.162  tR +0.44  ent[s/d/p/e] 0.63/2.63/1.79/0.52  emits 2.36  clip 0.09  kl +0.005
upd  188  steps 3096576  sps 5455  opp rand  loss -0.014  pg -0.0081  v 0.015  adv_std 0.174  tR +0.49  ent[s/d/p/e] 0.56/2.64/1.80/0.52  emits 2.23  clip 0.10  kl +0.005
upd  189  steps 3112960  sps 5460  opp rand  loss -0.012  pg -0.0067  v 0.019  adv_std 0.197  tR +0.40  ent[s/d/p/e] 0.67/2.66/1.76/0.50  emits 2.57  clip 0.10  kl +0.004
upd  190  steps 3129344  sps 5465  opp rand  loss -0.013  pg -0.0059  v 0.012  adv_std 0.157  tR +0.31  ent[s/d/p/e] 0.56/2.62/1.81/0.54  emits 2.15  clip 0.09  kl +0.006
upd  191  steps 3145728  sps 5471  opp rand  loss -0.012  pg -0.0068  v 0.018  adv_std 0.198  tR +0.44  ent[s/d/p/e] 0.66/2.67/1.77/0.48  emits 2.62  clip 0.11  kl +0.005
upd  192  steps 3162112  sps 5476  opp rand  loss -0.013  pg -0.0062  v 0.012  adv_std 0.155  tR +0.57  ent[s/d/p/e] 0.60/2.64/1.79/0.51  emits 2.40  clip 0.09  kl +0.004
upd  193  steps 3178496  sps 5481  opp rand  loss -0.014  pg -0.0079  v 0.014  adv_std 0.168  tR +0.42  ent[s/d/p/e] 0.67/2.66/1.80/0.51  emits 2.38  clip 0.11  kl +0.005
upd  194  steps 3194880  sps 5486  opp rand  loss -0.013  pg -0.0072  v 0.019  adv_std 0.197  tR +0.51  ent[s/d/p/e] 0.77/2.67/1.77/0.48  emits 2.66  clip 0.11  kl +0.006
upd  195  steps 3211264  sps 5492  opp rand  loss -0.013  pg -0.0056  v 0.010  adv_std 0.144  tR +0.35  ent[s/d/p/e] 0.59/2.63/1.83/0.53  emits 2.15  clip 0.08  kl +0.004
upd  196  steps 3227648  sps 5497  opp rand  loss -0.012  pg -0.0060  v 0.014  adv_std 0.171  tR +0.45  ent[s/d/p/e] 0.65/2.68/1.78/0.47  emits 2.45  clip 0.11  kl +0.005
upd  197  steps 3244032  sps 5502  opp rand  loss -0.013  pg -0.0062  v 0.013  adv_std 0.165  tR +0.32  ent[s/d/p/e] 0.61/2.64/1.80/0.49  emits 2.51  clip 0.08  kl +0.004
upd  198  steps 3260416  sps 5507  opp rand  loss -0.012  pg -0.0063  v 0.014  adv_std 0.171  tR +0.37  ent[s/d/p/e] 0.60/2.66/1.80/0.50  emits 2.33  clip 0.08  kl +0.003
upd  199  steps 3276800  sps 5512  opp rand  loss -0.014  pg -0.0080  v 0.017  adv_std 0.192  tR +0.43  ent[s/d/p/e] 0.69/2.68/1.76/0.48  emits 2.69  clip 0.10  kl +0.004 WRr 0.69 WRf 0.66
upd  200  steps 3293184  sps 5433  opp rand  loss -0.012  pg -0.0048  v 0.009  adv_std 0.137  tR +0.54  ent[s/d/p/e] 0.57/2.63/1.83/0.53  emits 2.18  clip 0.09  kl +0.004
upd  201  steps 3309568  sps 5438  opp rand  loss -0.012  pg -0.0064  v 0.017  adv_std 0.189  tR +0.40  ent[s/d/p/e] 0.65/2.67/1.77/0.48  emits 2.49  clip 0.09  kl +0.005
upd  202  steps 3325952  sps 5363  opp frzn  loss -0.012  pg -0.0057  v 0.012  adv_std 0.154  tR +0.26  ent[s/d/p/e] 0.65/2.65/1.76/0.52  emits 2.41  clip 0.08  kl +0.004
upd  203  steps 3342336  sps 5367  opp frzn  loss -0.012  pg -0.0062  v 0.017  adv_std 0.187  tR +0.29  ent[s/d/p/e] 0.64/2.66/1.76/0.50  emits 2.27  clip 0.09  kl +0.003
upd  204  steps 3358720  sps 5371  opp frzn  loss -0.011  pg -0.0056  v 0.017  adv_std 0.187  tR +0.29  ent[s/d/p/e] 0.69/2.68/1.73/0.49  emits 2.62  clip 0.11  kl +0.005
upd  205  steps 3375104  sps 5376  opp frzn  loss -0.012  pg -0.0051  v 0.009  adv_std 0.139  tR +0.29  ent[s/d/p/e] 0.54/2.63/1.77/0.52  emits 2.17  clip 0.08  kl +0.003
upd  206  steps 3391488  sps 5381  opp rand  loss -0.012  pg -0.0058  v 0.014  adv_std 0.171  tR +0.39  ent[s/d/p/e] 0.68/2.65/1.77/0.49  emits 2.31  clip 0.09  kl +0.005
upd  207  steps 3407872  sps 5385  opp frzn  loss -0.012  pg -0.0063  v 0.014  adv_std 0.171  tR +0.44  ent[s/d/p/e] 0.64/2.63/1.74/0.50  emits 2.46  clip 0.11  kl +0.004
upd  208  steps 3424256  sps 5389  opp frzn  loss -0.011  pg -0.0057  v 0.014  adv_std 0.174  tR +0.32  ent[s/d/p/e] 0.56/2.67/1.73/0.50  emits 2.32  clip 0.08  kl +0.004
upd  209  steps 3440640  sps 5394  opp rand  loss -0.012  pg -0.0068  v 0.018  adv_std 0.197  tR +0.36  ent[s/d/p/e] 0.66/2.66/1.75/0.49  emits 2.48  clip 0.09  kl +0.005
upd  210  steps 3457024  sps 5398  opp frzn  loss -0.014  pg -0.0064  v 0.008  adv_std 0.131  tR +0.38  ent[s/d/p/e] 0.55/2.62/1.77/0.52  emits 2.12  clip 0.08  kl +0.003
upd  211  steps 3473408  sps 5402  opp frzn  loss -0.011  pg -0.0062  v 0.016  adv_std 0.183  tR +0.30  ent[s/d/p/e] 0.60/2.66/1.69/0.47  emits 2.45  clip 0.09  kl +0.004
upd  212  steps 3489792  sps 5406  opp frzn  loss -0.013  pg -0.0063  v 0.012  adv_std 0.159  tR +0.34  ent[s/d/p/e] 0.63/2.63/1.71/0.49  emits 2.44  clip 0.08  kl +0.004
upd  213  steps 3506176  sps 5411  opp rand  loss -0.012  pg -0.0067  v 0.016  adv_std 0.182  tR +0.31  ent[s/d/p/e] 0.57/2.61/1.78/0.48  emits 2.12  clip 0.09  kl +0.005
upd  214  steps 3522560  sps 5415  opp frzn  loss -0.012  pg -0.0063  v 0.015  adv_std 0.177  tR +0.31  ent[s/d/p/e] 0.68/2.68/1.70/0.46  emits 2.65  clip 0.10  kl +0.004
upd  215  steps 3538944  sps 5420  opp rand  loss -0.012  pg -0.0054  v 0.011  adv_std 0.153  tR +0.44  ent[s/d/p/e] 0.57/2.57/1.80/0.51  emits 2.02  clip 0.08  kl +0.003
upd  216  steps 3555328  sps 5425  opp rand  loss -0.012  pg -0.0060  v 0.016  adv_std 0.190  tR +0.46  ent[s/d/p/e] 0.69/2.61/1.76/0.47  emits 2.40  clip 0.08  kl +0.004
upd  217  steps 3571712  sps 5429  opp rand  loss -0.014  pg -0.0070  v 0.012  adv_std 0.159  tR +0.45  ent[s/d/p/e] 0.64/2.56/1.79/0.48  emits 2.37  clip 0.08  kl +0.004
upd  218  steps 3588096  sps 5434  opp rand  loss -0.013  pg -0.0063  v 0.012  adv_std 0.154  tR +0.54  ent[s/d/p/e] 0.66/2.58/1.79/0.48  emits 2.29  clip 0.09  kl +0.004
upd  219  steps 3604480  sps 5439  opp rand  loss -0.012  pg -0.0071  v 0.019  adv_std 0.199  tR +0.51  ent[s/d/p/e] 0.70/2.59/1.75/0.46  emits 2.61  clip 0.08  kl +0.003
upd  220  steps 3620864  sps 5443  opp frzn  loss -0.012  pg -0.0055  v 0.011  adv_std 0.153  tR +0.39  ent[s/d/p/e] 0.63/2.56/1.76/0.48  emits 2.29  clip 0.08  kl +0.003
upd  221  steps 3637248  sps 5446  opp frzn  loss -0.010  pg -0.0050  v 0.017  adv_std 0.191  tR +0.40  ent[s/d/p/e] 0.66/2.63/1.70/0.43  emits 2.60  clip 0.08  kl +0.004
upd  222  steps 3653632  sps 5450  opp frzn  loss -0.012  pg -0.0063  v 0.014  adv_std 0.173  tR +0.24  ent[s/d/p/e] 0.66/2.59/1.74/0.48  emits 2.48  clip 0.07  kl +0.002
upd  223  steps 3670016  sps 5454  opp frzn  loss -0.012  pg -0.0064  v 0.015  adv_std 0.173  tR +0.44  ent[s/d/p/e] 0.68/2.60/1.74/0.47  emits 2.32  clip 0.07  kl +0.004
upd  224  steps 3686400  sps 5458  opp rand  loss -0.012  pg -0.0067  v 0.016  adv_std 0.183  tR +0.44  ent[s/d/p/e] 0.72/2.59/1.75/0.45  emits 2.64  clip 0.09  kl +0.005 WRr 0.62 WRf 0.56
upd  225  steps 3702784  sps 5389  opp frzn  loss -0.012  pg -0.0057  v 0.011  adv_std 0.149  tR +0.27  ent[s/d/p/e] 0.55/2.58/1.73/0.48  emits 2.20  clip 0.08  kl +0.003
upd  226  steps 3719168  sps 5394  opp rand  loss -0.012  pg -0.0061  v 0.017  adv_std 0.190  tR +0.41  ent[s/d/p/e] 0.67/2.60/1.74/0.45  emits 2.37  clip 0.08  kl +0.004
upd  227  steps 3735552  sps 5397  opp frzn  loss -0.011  pg -0.0054  v 0.014  adv_std 0.171  tR +0.48  ent[s/d/p/e] 0.62/2.56/1.75/0.46  emits 2.47  clip 0.07  kl +0.004
upd  228  steps 3751936  sps 5402  opp rand  loss -0.011  pg -0.0054  v 0.014  adv_std 0.170  tR +0.44  ent[s/d/p/e] 0.60/2.57/1.78/0.47  emits 2.21  clip 0.06  kl +0.003
upd  229  steps 3768320  sps 5407  opp rand  loss -0.012  pg -0.0061  v 0.015  adv_std 0.178  tR +0.47  ent[s/d/p/e] 0.75/2.59/1.75/0.46  emits 2.53  clip 0.08  kl +0.003
upd  230  steps 3784704  sps 5410  opp frzn  loss -0.011  pg -0.0047  v 0.011  adv_std 0.151  tR +0.39  ent[s/d/p/e] 0.62/2.57/1.78/0.48  emits 2.28  clip 0.07  kl +0.003
upd  231  steps 3801088  sps 5414  opp frzn  loss -0.011  pg -0.0061  v 0.020  adv_std 0.202  tR +0.43  ent[s/d/p/e] 0.67/2.62/1.73/0.41  emits 2.64  clip 0.09  kl +0.005
upd  232  steps 3817472  sps 5418  opp rand  loss -0.012  pg -0.0060  v 0.013  adv_std 0.163  tR +0.30  ent[s/d/p/e] 0.68/2.59/1.76/0.47  emits 2.41  clip 0.07  kl +0.004
upd  233  steps 3833856  sps 5423  opp rand  loss -0.012  pg -0.0064  v 0.016  adv_std 0.184  tR +0.43  ent[s/d/p/e] 0.61/2.58/1.77/0.46  emits 2.20  clip 0.07  kl +0.003
upd  234  steps 3850240  sps 5427  opp rand  loss -0.012  pg -0.0065  v 0.017  adv_std 0.191  tR +0.33  ent[s/d/p/e] 0.72/2.59/1.75/0.47  emits 2.48  clip 0.08  kl +0.004
upd  235  steps 3866624  sps 5432  opp rand  loss -0.014  pg -0.0066  v 0.009  adv_std 0.140  tR +0.43  ent[s/d/p/e] 0.57/2.56/1.80/0.50  emits 2.10  clip 0.08  kl +0.003
upd  236  steps 3883008  sps 5436  opp rand  loss -0.012  pg -0.0060  v 0.015  adv_std 0.179  tR +0.48  ent[s/d/p/e] 0.62/2.61/1.75/0.45  emits 2.33  clip 0.09  kl +0.004
upd  237  steps 3899392  sps 5440  opp frzn  loss -0.012  pg -0.0061  v 0.014  adv_std 0.175  tR +0.38  ent[s/d/p/e] 0.62/2.59/1.72/0.46  emits 2.47  clip 0.08  kl +0.004
upd  238  steps 3915776  sps 5443  opp frzn  loss -0.012  pg -0.0057  v 0.014  adv_std 0.172  tR +0.35  ent[s/d/p/e] 0.69/2.61/1.75/0.46  emits 2.38  clip 0.07  kl +0.003
upd  239  steps 3932160  sps 5446  opp frzn  loss -0.011  pg -0.0056  v 0.016  adv_std 0.183  tR +0.41  ent[s/d/p/e] 0.71/2.62/1.72/0.43  emits 2.61  clip 0.09  kl +0.004
upd  240  steps 3948544  sps 5450  opp frzn  loss -0.012  pg -0.0059  v 0.012  adv_std 0.155  tR +0.38  ent[s/d/p/e] 0.56/2.57/1.77/0.48  emits 2.14  clip 0.06  kl +0.003
upd  241  steps 3964928  sps 5454  opp rand  loss -0.013  pg -0.0074  v 0.015  adv_std 0.177  tR +0.41  ent[s/d/p/e] 0.68/2.60/1.71/0.44  emits 2.37  clip 0.06  kl +0.002
upd  242  steps 3981312  sps 5458  opp rand  loss -0.013  pg -0.0068  v 0.012  adv_std 0.158  tR +0.36  ent[s/d/p/e] 0.64/2.57/1.75/0.48  emits 2.22  clip 0.07  kl +0.003
upd  243  steps 3997696  sps 5462  opp rand  loss -0.012  pg -0.0058  v 0.016  adv_std 0.180  tR +0.45  ent[s/d/p/e] 0.62/2.56/1.76/0.47  emits 2.13  clip 0.07  kl +0.005
upd  244  steps 4014080  sps 5467  opp rand  loss -0.011  pg -0.0053  v 0.018  adv_std 0.190  tR +0.47  ent[s/d/p/e] 0.70/2.59/1.72/0.47  emits 2.35  clip 0.09  kl +0.003
upd  245  steps 4030464  sps 5470  opp frzn  loss -0.012  pg -0.0053  v 0.009  adv_std 0.138  tR +0.16  ent[s/d/p/e] 0.59/2.62/1.73/0.47  emits 2.17  clip 0.06  kl +0.003
upd  246  steps 4046848  sps 5473  opp frzn  loss -0.012  pg -0.0055  v 0.012  adv_std 0.158  tR +0.36  ent[s/d/p/e] 0.72/2.61/1.71/0.43  emits 2.51  clip 0.08  kl +0.003
upd  247  steps 4063232  sps 5476  opp frzn  loss -0.013  pg -0.0065  v 0.013  adv_std 0.164  tR +0.32  ent[s/d/p/e] 0.68/2.57/1.71/0.45  emits 2.50  clip 0.07  kl +0.004
upd  248  steps 4079616  sps 5479  opp frzn  loss -0.011  pg -0.0047  v 0.012  adv_std 0.163  tR +0.53  ent[s/d/p/e] 0.68/2.57/1.73/0.45  emits 2.30  clip 0.06  kl +0.002
upd  249  steps 4096000  sps 5482  opp frzn  loss -0.011  pg -0.0057  v 0.017  adv_std 0.188  tR +0.35  ent[s/d/p/e] 0.74/2.65/1.64/0.43  emits 2.72  clip 0.07  kl +0.003 WRr 0.72 WRf 0.66
upd  250  steps 4112384  sps 5422  opp frzn  loss -0.013  pg -0.0062  v 0.011  adv_std 0.148  tR +0.23  ent[s/d/p/e] 0.59/2.54/1.74/0.48  emits 2.12  clip 0.05  kl +0.003
upd  251  steps 4128768  sps 5427  opp rand  loss -0.011  pg -0.0056  v 0.015  adv_std 0.178  tR +0.41  ent[s/d/p/e] 0.70/2.56/1.74/0.45  emits 2.36  clip 0.06  kl +0.003
upd  252  steps 4145152  sps 5430  opp frzn  loss -0.012  pg -0.0055  v 0.014  adv_std 0.167  tR +0.44  ent[s/d/p/e] 0.68/2.56/1.72/0.45  emits 2.46  clip 0.07  kl +0.003
upd  253  steps 4161536  sps 5434  opp rand  loss -0.014  pg -0.0068  v 0.011  adv_std 0.154  tR +0.50  ent[s/d/p/e] 0.68/2.56/1.76/0.47  emits 2.15  clip 0.07  kl +0.004
upd  254  steps 4177920  sps 5437  opp frzn  loss -0.011  pg -0.0056  v 0.018  adv_std 0.199  tR +0.38  ent[s/d/p/e] 0.73/2.59/1.70/0.44  emits 2.59  clip 0.07  kl +0.003
upd  255  steps 4194304  sps 5441  opp rand  loss -0.012  pg -0.0057  v 0.012  adv_std 0.160  tR +0.41  ent[s/d/p/e] 0.58/2.52/1.78/0.47  emits 2.08  clip 0.04  kl +0.003
upd  256  steps 4210688  sps 5444  opp frzn  loss -0.012  pg -0.0064  v 0.014  adv_std 0.169  tR +0.38  ent[s/d/p/e] 0.71/2.62/1.72/0.43  emits 2.52  clip 0.06  kl +0.003
upd  257  steps 4227072  sps 5448  opp rand  loss -0.012  pg -0.0055  v 0.014  adv_std 0.170  tR +0.39  ent[s/d/p/e] 0.63/2.54/1.75/0.46  emits 2.23  clip 0.05  kl +0.002
upd  258  steps 4243456  sps 5452  opp frzn  loss -0.011  pg -0.0058  v 0.015  adv_std 0.178  tR +0.32  ent[s/d/p/e] 0.60/2.63/1.73/0.44  emits 2.15  clip 0.05  kl +0.002
upd  259  steps 4259840  sps 5455  opp rand  loss -0.011  pg -0.0061  v 0.020  adv_std 0.207  tR +0.33  ent[s/d/p/e] 0.65/2.57/1.74/0.46  emits 2.28  clip 0.06  kl +0.002
upd  260  steps 4276224  sps 5459  opp rand  loss -0.012  pg -0.0052  v 0.012  adv_std 0.157  tR +0.37  ent[s/d/p/e] 0.61/2.48/1.81/0.49  emits 1.98  clip 0.04  kl +0.002
upd  261  steps 4292608  sps 5462  opp frzn  loss -0.010  pg -0.0047  v 0.020  adv_std 0.203  tR +0.27  ent[s/d/p/e] 0.73/2.64/1.69/0.42  emits 2.48  clip 0.05  kl +0.002
upd  262  steps 4308992  sps 5466  opp rand  loss -0.013  pg -0.0059  v 0.012  adv_std 0.156  tR +0.25  ent[s/d/p/e] 0.66/2.54/1.77/0.48  emits 2.19  clip 0.06  kl +0.003
upd  263  steps 4325376  sps 5470  opp rand  loss -0.012  pg -0.0054  v 0.015  adv_std 0.175  tR +0.44  ent[s/d/p/e] 0.64/2.53/1.80/0.48  emits 2.03  clip 0.06  kl +0.002
upd  264  steps 4341760  sps 5474  opp rand  loss -0.012  pg -0.0053  v 0.014  adv_std 0.174  tR +0.56  ent[s/d/p/e] 0.74/2.58/1.77/0.46  emits 2.49  clip 0.05  kl +0.002
upd  265  steps 4358144  sps 5477  opp frzn  loss -0.012  pg -0.0048  v 0.010  adv_std 0.140  tR +0.48  ent[s/d/p/e] 0.58/2.55/1.76/0.48  emits 2.18  clip 0.05  kl +0.002
upd  266  steps 4374528  sps 5480  opp frzn  loss -0.011  pg -0.0055  v 0.018  adv_std 0.191  tR +0.35  ent[s/d/p/e] 0.66/2.65/1.70/0.43  emits 2.38  clip 0.05  kl +0.002
upd  267  steps 4390912  sps 5484  opp rand  loss -0.012  pg -0.0053  v 0.011  adv_std 0.154  tR +0.30  ent[s/d/p/e] 0.69/2.53/1.78/0.49  emits 2.18  clip 0.06  kl +0.003
upd  268  steps 4407296  sps 5488  opp rand  loss -0.013  pg -0.0066  v 0.013  adv_std 0.164  tR +0.44  ent[s/d/p/e] 0.70/2.53/1.80/0.47  emits 2.12  clip 0.06  kl +0.003
upd  269  steps 4423680  sps 5491  opp rand  loss -0.012  pg -0.0057  v 0.015  adv_std 0.176  tR +0.41  ent[s/d/p/e] 0.73/2.56/1.77/0.47  emits 2.37  clip 0.08  kl +0.004
upd  270  steps 4440064  sps 5495  opp rand  loss -0.012  pg -0.0050  v 0.009  adv_std 0.134  tR +0.60  ent[s/d/p/e] 0.62/2.50/1.81/0.48  emits 2.00  clip 0.05  kl +0.002
upd  271  steps 4456448  sps 5499  opp rand  loss -0.012  pg -0.0057  v 0.015  adv_std 0.179  tR +0.46  ent[s/d/p/e] 0.74/2.55/1.77/0.45  emits 2.29  clip 0.06  kl +0.002
upd  272  steps 4472832  sps 5502  opp rand  loss -0.012  pg -0.0051  v 0.010  adv_std 0.146  tR +0.52  ent[s/d/p/e] 0.68/2.53/1.78/0.47  emits 2.23  clip 0.05  kl +0.004
upd  273  steps 4489216  sps 5505  opp frzn  loss -0.011  pg -0.0048  v 0.014  adv_std 0.169  tR +0.42  ent[s/d/p/e] 0.65/2.57/1.73/0.46  emits 2.18  clip 0.05  kl +0.003
upd  274  steps 4505600  sps 5508  opp frzn  loss -0.011  pg -0.0056  v 0.018  adv_std 0.193  tR +0.42  ent[s/d/p/e] 0.68/2.57/1.70/0.45  emits 2.43  clip 0.07  kl +0.004 WRr 0.78 WRf 0.75
upd  275  steps 4521984  sps 5453  opp frzn  loss -0.012  pg -0.0051  v 0.010  adv_std 0.141  tR +0.22  ent[s/d/p/e] 0.58/2.59/1.71/0.47  emits 2.05  clip 0.06  kl +0.003
upd  276  steps 4538368  sps 5456  opp frzn  loss -0.010  pg -0.0045  v 0.014  adv_std 0.171  tR +0.47  ent[s/d/p/e] 0.72/2.58/1.68/0.42  emits 2.46  clip 0.05  kl +0.002
upd  277  steps 4554752  sps 5459  opp frzn  loss -0.011  pg -0.0045  v 0.010  adv_std 0.147  tR +0.44  ent[s/d/p/e] 0.71/2.58/1.69/0.43  emits 2.42  clip 0.05  kl +0.002
upd  278  steps 4571136  sps 5462  opp frzn  loss -0.011  pg -0.0055  v 0.015  adv_std 0.176  tR +0.30  ent[s/d/p/e] 0.66/2.61/1.70/0.44  emits 2.18  clip 0.06  kl +0.003
upd  279  steps 4587520  sps 5465  opp frzn  loss -0.010  pg -0.0051  v 0.017  adv_std 0.189  tR +0.40  ent[s/d/p/e] 0.73/2.65/1.68/0.41  emits 2.52  clip 0.05  kl +0.002
upd  280  steps 4603904  sps 5468  opp rand  loss -0.012  pg -0.0047  v 0.008  adv_std 0.129  tR +0.50  ent[s/d/p/e] 0.65/2.51/1.80/0.48  emits 2.09  clip 0.04  kl +0.002
upd  281  steps 4620288  sps 5471  opp frzn  loss -0.010  pg -0.0049  v 0.016  adv_std 0.183  tR +0.41  ent[s/d/p/e] 0.71/2.55/1.70/0.42  emits 2.45  clip 0.05  kl +0.002
upd  282  steps 4636672  sps 5475  opp rand  loss -0.011  pg -0.0047  v 0.012  adv_std 0.155  tR +0.52  ent[s/d/p/e] 0.67/2.51/1.77/0.45  emits 2.42  clip 0.06  kl +0.003
upd  283  steps 4653056  sps 5478  opp frzn  loss -0.011  pg -0.0049  v 0.012  adv_std 0.155  tR +0.37  ent[s/d/p/e] 0.66/2.51/1.73/0.44  emits 2.27  clip 0.05  kl +0.002
upd  284  steps 4669440  sps 5481  opp rand  loss -0.011  pg -0.0047  v 0.015  adv_std 0.173  tR +0.44  ent[s/d/p/e] 0.76/2.54/1.73/0.43  emits 2.60  clip 0.05  kl +0.003
upd  285  steps 4685824  sps 5484  opp frzn  loss -0.012  pg -0.0050  v 0.009  adv_std 0.137  tR +0.34  ent[s/d/p/e] 0.63/2.55/1.72/0.45  emits 2.20  clip 0.05  kl +0.002
upd  286  steps 4702208  sps 5487  opp frzn  loss -0.011  pg -0.0056  v 0.016  adv_std 0.186  tR +0.30  ent[s/d/p/e] 0.75/2.61/1.70/0.42  emits 2.46  clip 0.05  kl +0.002
upd  287  steps 4718592  sps 5490  opp rand  loss -0.013  pg -0.0057  v 0.010  adv_std 0.145  tR +0.32  ent[s/d/p/e] 0.70/2.49/1.76/0.46  emits 2.31  clip 0.05  kl +0.002
upd  288  steps 4734976  sps 5494  opp rand  loss -0.011  pg -0.0049  v 0.014  adv_std 0.167  tR +0.46  ent[s/d/p/e] 0.66/2.50/1.77/0.45  emits 2.17  clip 0.04  kl +0.003
upd  289  steps 4751360  sps 5496  opp frzn  loss -0.010  pg -0.0052  v 0.017  adv_std 0.187  tR +0.32  ent[s/d/p/e] 0.66/2.57/1.70/0.42  emits 2.44  clip 0.04  kl +0.001
upd  290  steps 4767744  sps 5499  opp frzn  loss -0.011  pg -0.0049  v 0.011  adv_std 0.147  tR +0.34  ent[s/d/p/e] 0.63/2.57/1.69/0.44  emits 2.24  clip 0.05  kl +0.003
upd  291  steps 4784128  sps 5502  opp rand  loss -0.011  pg -0.0050  v 0.014  adv_std 0.173  tR +0.37  ent[s/d/p/e] 0.73/2.53/1.73/0.42  emits 2.35  clip 0.05  kl +0.002
upd  292  steps 4800512  sps 5506  opp rand  loss -0.012  pg -0.0054  v 0.013  adv_std 0.163  tR +0.49  ent[s/d/p/e] 0.70/2.47/1.77/0.44  emits 2.37  clip 0.05  kl +0.003
upd  293  steps 4816896  sps 5508  opp frzn  loss -0.010  pg -0.0045  v 0.014  adv_std 0.173  tR +0.43  ent[s/d/p/e] 0.70/2.49/1.72/0.42  emits 2.35  clip 0.04  kl +0.002
upd  294  steps 4833280  sps 5511  opp frzn  loss -0.010  pg -0.0044  v 0.016  adv_std 0.184  tR +0.34  ent[s/d/p/e] 0.69/2.59/1.66/0.39  emits 2.54  clip 0.04  kl +0.004
upd  295  steps 4849664  sps 5514  opp rand  loss -0.012  pg -0.0049  v 0.010  adv_std 0.142  tR +0.26  ent[s/d/p/e] 0.61/2.46/1.78/0.46  emits 1.97  clip 0.04  kl +0.002
upd  296  steps 4866048  sps 5517  opp frzn  loss -0.010  pg -0.0050  v 0.016  adv_std 0.181  tR +0.44  ent[s/d/p/e] 0.68/2.53/1.69/0.38  emits 2.55  clip 0.06  kl +0.002
upd  297  steps 4882432  sps 5520  opp rand  loss -0.011  pg -0.0052  v 0.013  adv_std 0.161  tR +0.46  ent[s/d/p/e] 0.68/2.48/1.74/0.43  emits 2.33  clip 0.05  kl +0.002
upd  298  steps 4898816  sps 5524  opp rand  loss -0.010  pg -0.0041  v 0.012  adv_std 0.157  tR +0.38  ent[s/d/p/e] 0.67/2.51/1.74/0.42  emits 2.17  clip 0.03  kl +0.001
upd  299  steps 4915200  sps 5526  opp frzn  loss -0.010  pg -0.0047  v 0.015  adv_std 0.177  tR +0.52  ent[s/d/p/e] 0.76/2.53/1.69/0.40  emits 2.70  clip 0.06  kl +0.003 WRr 0.69 WRf 0.62
upd  300  steps 4931584  sps 5471  opp frzn  loss -0.011  pg -0.0045  v 0.008  adv_std 0.125  tR +0.63  ent[s/d/p/e] 0.63/2.48/1.71/0.43  emits 2.35  clip 0.03  kl +0.001
upd  301  steps 4947968  sps 5474  opp frzn  loss -0.010  pg -0.0050  v 0.016  adv_std 0.182  tR +0.40  ent[s/d/p/e] 0.73/2.58/1.64/0.38  emits 2.60  clip 0.05  kl +0.001
upd  302  steps 4964352  sps 5476  opp frzn  loss -0.010  pg -0.0042  v 0.012  adv_std 0.157  tR +0.32  ent[s/d/p/e] 0.68/2.49/1.68/0.41  emits 2.45  clip 0.04  kl +0.002
upd  303  steps 4980736  sps 5479  opp frzn  loss -0.011  pg -0.0051  v 0.012  adv_std 0.159  tR +0.47  ent[s/d/p/e] 0.68/2.54/1.68/0.41  emits 2.42  clip 0.04  kl +0.002
upd  304  steps 4997120  sps 5482  opp rand  loss -0.011  pg -0.0052  v 0.015  adv_std 0.176  tR +0.55  ent[s/d/p/e] 0.78/2.55/1.70/0.41  emits 2.58  clip 0.05  kl +0.003
upd  305  steps 5013504  sps 5486  opp rand  loss -0.011  pg -0.0046  v 0.012  adv_std 0.154  tR +0.35  ent[s/d/p/e] 0.65/2.46/1.76/0.45  emits 2.15  clip 0.03  kl +0.001
upd  306  steps 5029888  sps 5488  opp frzn  loss -0.010  pg -0.0040  v 0.011  adv_std 0.150  tR +0.46  ent[s/d/p/e] 0.73/2.58/1.66/0.39  emits 2.60  clip 0.04  kl +0.002
upd  307  steps 5046272  sps 5491  opp rand  loss -0.011  pg -0.0049  v 0.011  adv_std 0.153  tR +0.51  ent[s/d/p/e] 0.63/2.50/1.71/0.42  emits 2.31  clip 0.04  kl +0.002
upd  308  steps 5062656  sps 5494  opp frzn  loss -0.010  pg -0.0043  v 0.015  adv_std 0.178  tR +0.34  ent[s/d/p/e] 0.69/2.58/1.68/0.41  emits 2.17  clip 0.03  kl +0.002
upd  309  steps 5079040  sps 5497  opp rand  loss -0.009  pg -0.0042  v 0.017  adv_std 0.186  tR +0.36  ent[s/d/p/e] 0.70/2.53/1.69/0.41  emits 2.38  clip 0.03  kl +0.001
upd  310  steps 5095424  sps 5500  opp rand  loss -0.011  pg -0.0049  v 0.012  adv_std 0.157  tR +0.62  ent[s/d/p/e] 0.64/2.45/1.73/0.43  emits 2.16  clip 0.03  kl +0.001
upd  311  steps 5111808  sps 5504  opp rand  loss -0.010  pg -0.0045  v 0.015  adv_std 0.175  tR +0.44  ent[s/d/p/e] 0.71/2.53/1.71/0.39  emits 2.44  clip 0.04  kl +0.001
upd  312  steps 5128192  sps 5507  opp rand  loss -0.011  pg -0.0045  v 0.012  adv_std 0.153  tR +0.50  ent[s/d/p/e] 0.73/2.49/1.73/0.41  emits 2.36  clip 0.04  kl +0.002
upd  313  steps 5144576  sps 5510  opp rand  loss -0.010  pg -0.0038  v 0.014  adv_std 0.167  tR +0.48  ent[s/d/p/e] 0.65/2.49/1.73/0.41  emits 2.22  clip 0.04  kl +0.001
upd  314  steps 5160960  sps 5512  opp frzn  loss -0.009  pg -0.0041  v 0.018  adv_std 0.192  tR +0.44  ent[s/d/p/e] 0.71/2.53/1.67/0.40  emits 2.71  clip 0.04  kl +0.002
upd  315  steps 5177344  sps 5515  opp frzn  loss -0.010  pg -0.0036  v 0.010  adv_std 0.142  tR +0.40  ent[s/d/p/e] 0.66/2.47/1.71/0.42  emits 2.33  clip 0.02  kl +0.001
upd  316  steps 5193728  sps 5518  opp rand  loss -0.009  pg -0.0041  v 0.017  adv_std 0.187  tR +0.46  ent[s/d/p/e] 0.73/2.53/1.70/0.38  emits 2.49  clip 0.03  kl +0.002
upd  317  steps 5210112  sps 5521  opp rand  loss -0.011  pg -0.0039  v 0.009  adv_std 0.137  tR +0.54  ent[s/d/p/e] 0.72/2.50/1.72/0.42  emits 2.43  clip 0.04  kl +0.002
upd  318  steps 5226496  sps 5524  opp rand  loss -0.011  pg -0.0045  v 0.013  adv_std 0.164  tR +0.54  ent[s/d/p/e] 0.68/2.48/1.75/0.41  emits 2.23  clip 0.04  kl +0.002
upd  319  steps 5242880  sps 5527  opp rand  loss -0.010  pg -0.0045  v 0.015  adv_std 0.177  tR +0.53  ent[s/d/p/e] 0.72/2.51/1.72/0.39  emits 2.69  clip 0.04  kl +0.001
upd  320  steps 5259264  sps 5530  opp frzn  loss -0.010  pg -0.0037  v 0.011  adv_std 0.151  tR +0.32  ent[s/d/p/e] 0.70/2.57/1.69/0.43  emits 2.19  clip 0.02  kl +0.001
upd  321  steps 5275648  sps 5533  opp rand  loss -0.010  pg -0.0044  v 0.014  adv_std 0.171  tR +0.44  ent[s/d/p/e] 0.69/2.52/1.70/0.40  emits 2.43  clip 0.03  kl +0.001
upd  322  steps 5292032  sps 5535  opp frzn  loss -0.010  pg -0.0035  v 0.012  adv_std 0.156  tR +0.42  ent[s/d/p/e] 0.67/2.49/1.67/0.41  emits 2.61  clip 0.03  kl +0.002
upd  323  steps 5308416  sps 5537  opp frzn  loss -0.010  pg -0.0033  v 0.011  adv_std 0.152  tR +0.54  ent[s/d/p/e] 0.64/2.49/1.67/0.41  emits 2.32  clip 0.03  kl +0.001
upd  324  steps 5324800  sps 5540  opp rand  loss -0.010  pg -0.0039  v 0.014  adv_std 0.170  tR +0.56  ent[s/d/p/e] 0.70/2.50/1.70/0.39  emits 2.53  clip 0.03  kl +0.001 WRr 0.78 WRf 0.88
upd  325  steps 5341184  sps 5493  opp frzn  loss -0.010  pg -0.0041  v 0.011  adv_std 0.149  tR +0.31  ent[s/d/p/e] 0.66/2.55/1.70/0.41  emits 2.16  clip 0.03  kl +0.002
upd  326  steps 5357568  sps 5495  opp frzn  loss -0.009  pg -0.0033  v 0.015  adv_std 0.174  tR +0.28  ent[s/d/p/e] 0.67/2.58/1.62/0.39  emits 2.31  clip 0.03  kl +0.002
upd  327  steps 5373952  sps 5498  opp frzn  loss -0.009  pg -0.0036  v 0.014  adv_std 0.168  tR +0.21  ent[s/d/p/e] 0.64/2.46/1.66/0.41  emits 2.35  clip 0.03  kl +0.001
upd  328  steps 5390336  sps 5500  opp frzn  loss -0.010  pg -0.0039  v 0.011  adv_std 0.150  tR +0.43  ent[s/d/p/e] 0.63/2.52/1.68/0.41  emits 2.24  clip 0.02  kl +0.002
upd  329  steps 5406720  sps 5503  opp rand  loss -0.009  pg -0.0037  v 0.018  adv_std 0.191  tR +0.42  ent[s/d/p/e] 0.68/2.48/1.69/0.41  emits 2.42  clip 0.04  kl +0.002
upd  330  steps 5423104  sps 5505  opp frzn  loss -0.010  pg -0.0037  v 0.013  adv_std 0.160  tR +0.41  ent[s/d/p/e] 0.68/2.54/1.71/0.45  emits 2.09  clip 0.03  kl +0.002
upd  331  steps 5439488  sps 5508  opp frzn  loss -0.008  pg -0.0032  v 0.016  adv_std 0.181  tR +0.38  ent[s/d/p/e] 0.67/2.58/1.66/0.40  emits 2.28  clip 0.02  kl +0.002
upd  332  steps 5455872  sps 5510  opp frzn  loss -0.009  pg -0.0037  v 0.013  adv_std 0.165  tR +0.30  ent[s/d/p/e] 0.69/2.57/1.64/0.41  emits 2.44  clip 0.03  kl +0.002
upd  333  steps 5472256  sps 5513  opp rand  loss -0.010  pg -0.0039  v 0.012  adv_std 0.157  tR +0.50  ent[s/d/p/e] 0.67/2.46/1.74/0.42  emits 2.17  clip 0.02  kl +0.001
upd  334  steps 5488640  sps 5516  opp rand  loss -0.009  pg -0.0031  v 0.016  adv_std 0.179  tR +0.47  ent[s/d/p/e] 0.79/2.48/1.72/0.42  emits 2.43  clip 0.03  kl +0.001
upd  335  steps 5505024  sps 5518  opp frzn  loss -0.010  pg -0.0034  v 0.009  adv_std 0.134  tR +0.52  ent[s/d/p/e] 0.66/2.50/1.70/0.43  emits 2.31  clip 0.03  kl +0.002
upd  336  steps 5521408  sps 5520  opp frzn  loss -0.009  pg -0.0032  v 0.011  adv_std 0.151  tR +0.48  ent[s/d/p/e] 0.68/2.50/1.67/0.39  emits 2.50  clip 0.03  kl +0.001
upd  337  steps 5537792  sps 5523  opp rand  loss -0.009  pg -0.0029  v 0.012  adv_std 0.154  tR +0.54  ent[s/d/p/e] 0.72/2.44/1.73/0.43  emits 2.44  clip 0.02  kl +0.001
upd  338  steps 5554176  sps 5526  opp frzn  loss -0.009  pg -0.0027  v 0.011  adv_std 0.153  tR +0.49  ent[s/d/p/e] 0.68/2.46/1.70/0.43  emits 2.26  clip 0.02  kl +0.001
upd  339  steps 5570560  sps 5528  opp rand  loss -0.009  pg -0.0032  v 0.013  adv_std 0.162  tR +0.54  ent[s/d/p/e] 0.72/2.48/1.70/0.41  emits 2.48  clip 0.03  kl +0.002
upd  340  steps 5586944  sps 5531  opp frzn  loss -0.010  pg -0.0033  v 0.011  adv_std 0.148  tR +0.32  ent[s/d/p/e] 0.63/2.50/1.73/0.43  emits 2.15  clip 0.02  kl +0.001
upd  341  steps 5603328  sps 5534  opp rand  loss -0.009  pg -0.0036  v 0.017  adv_std 0.188  tR +0.37  ent[s/d/p/e] 0.73/2.48/1.73/0.43  emits 2.33  clip 0.03  kl +0.001
upd  342  steps 5619712  sps 5536  opp rand  loss -0.009  pg -0.0031  v 0.014  adv_std 0.169  tR +0.45  ent[s/d/p/e] 0.68/2.42/1.75/0.45  emits 2.20  clip 0.02  kl +0.001
upd  343  steps 5636096  sps 5539  opp frzn  loss -0.009  pg -0.0033  v 0.013  adv_std 0.162  tR +0.46  ent[s/d/p/e] 0.69/2.54/1.67/0.43  emits 2.31  clip 0.03  kl +0.002
upd  344  steps 5652480  sps 5541  opp rand  loss -0.009  pg -0.0032  v 0.017  adv_std 0.187  tR +0.41  ent[s/d/p/e] 0.72/2.50/1.72/0.43  emits 2.29  clip 0.02  kl +0.001
upd  345  steps 5668864  sps 5544  opp rand  loss -0.010  pg -0.0031  v 0.009  adv_std 0.132  tR +0.45  ent[s/d/p/e] 0.63/2.40/1.76/0.46  emits 1.96  clip 0.03  kl +0.001
upd  346  steps 5685248  sps 5547  opp rand  loss -0.009  pg -0.0029  v 0.013  adv_std 0.161  tR +0.47  ent[s/d/p/e] 0.68/2.45/1.74/0.43  emits 2.14  clip 0.03  kl +0.001
upd  347  steps 5701632  sps 5549  opp frzn  loss -0.009  pg -0.0027  v 0.012  adv_std 0.156  tR +0.44  ent[s/d/p/e] 0.69/2.54/1.68/0.44  emits 2.27  clip 0.02  kl +0.001
upd  348  steps 5718016  sps 5552  opp rand  loss -0.010  pg -0.0032  v 0.012  adv_std 0.154  tR +0.40  ent[s/d/p/e] 0.66/2.43/1.76/0.43  emits 1.99  clip 0.03  kl +0.002
upd  349  steps 5734400  sps 5555  opp rand  loss -0.009  pg -0.0030  v 0.014  adv_std 0.173  tR +0.43  ent[s/d/p/e] 0.67/2.45/1.72/0.42  emits 2.33  clip 0.03  kl +0.002 WRr 0.75 WRf 0.88
upd  350  steps 5750784  sps 5510  opp frzn  loss -0.009  pg -0.0029  v 0.012  adv_std 0.155  tR +0.51  ent[s/d/p/e] 0.62/2.51/1.69/0.44  emits 2.06  clip 0.01  kl +0.001
upd  351  steps 5767168  sps 5513  opp rand  loss -0.009  pg -0.0026  v 0.012  adv_std 0.158  tR +0.46  ent[s/d/p/e] 0.70/2.46/1.72/0.42  emits 2.16  clip 0.02  kl +0.001
upd  352  steps 5783552  sps 5515  opp frzn  loss -0.008  pg -0.0028  v 0.016  adv_std 0.181  tR +0.26  ent[s/d/p/e] 0.68/2.50/1.66/0.43  emits 2.18  clip 0.03  kl +0.001
upd  353  steps 5799936  sps 5518  opp rand  loss -0.010  pg -0.0029  v 0.011  adv_std 0.149  tR +0.42  ent[s/d/p/e] 0.70/2.44/1.74/0.44  emits 2.05  clip 0.02  kl +0.001
upd  354  steps 5816320  sps 5520  opp frzn  loss -0.007  pg -0.0025  v 0.018  adv_std 0.192  tR +0.39  ent[s/d/p/e] 0.70/2.54/1.63/0.44  emits 2.33  clip 0.02  kl +0.001
upd  355  steps 5832704  sps 5523  opp rand  loss -0.009  pg -0.0026  v 0.012  adv_std 0.158  tR +0.46  ent[s/d/p/e] 0.60/2.37/1.74/0.45  emits 1.89  clip 0.01  kl +0.001
upd  356  steps 5849088  sps 5526  opp rand  loss -0.008  pg -0.0026  v 0.015  adv_std 0.175  tR +0.52  ent[s/d/p/e] 0.68/2.43/1.72/0.43  emits 2.12  clip 0.02  kl +0.001
upd  357  steps 5865472  sps 5528  opp frzn  loss -0.010  pg -0.0027  v 0.009  adv_std 0.134  tR +0.55  ent[s/d/p/e] 0.75/2.46/1.65/0.45  emits 2.43  clip 0.01  kl +0.001
upd  358  steps 5881856  sps 5530  opp frzn  loss -0.009  pg -0.0029  v 0.011  adv_std 0.155  tR +0.51  ent[s/d/p/e] 0.60/2.46/1.68/0.45  emits 1.99  clip 0.01  kl +0.001
upd  359  steps 5898240  sps 5532  opp rand  loss -0.008  pg -0.0028  v 0.016  adv_std 0.185  tR +0.44  ent[s/d/p/e] 0.73/2.44/1.70/0.45  emits 2.22  clip 0.02  kl +0.001
upd  360  steps 5914624  sps 5535  opp rand  loss -0.009  pg -0.0030  v 0.011  adv_std 0.151  tR +0.55  ent[s/d/p/e] 0.61/2.36/1.75/0.45  emits 1.94  clip 0.02  kl +0.001
upd  361  steps 5931008  sps 5538  opp rand  loss -0.008  pg -0.0024  v 0.014  adv_std 0.167  tR +0.53  ent[s/d/p/e] 0.68/2.41/1.73/0.43  emits 2.00  clip 0.02  kl +0.001
upd  362  steps 5947392  sps 5541  opp rand  loss -0.009  pg -0.0025  v 0.013  adv_std 0.162  tR +0.46  ent[s/d/p/e] 0.67/2.38/1.71/0.45  emits 2.07  clip 0.01  kl +0.001
upd  363  steps 5963776  sps 5543  opp rand  loss -0.009  pg -0.0031  v 0.012  adv_std 0.154  tR +0.56  ent[s/d/p/e] 0.64/2.38/1.73/0.44  emits 1.90  clip 0.02  kl +0.001
upd  364  steps 5980160  sps 5546  opp rand  loss -0.009  pg -0.0028  v 0.014  adv_std 0.170  tR +0.45  ent[s/d/p/e] 0.69/2.41/1.70/0.45  emits 2.13  clip 0.01  kl +0.001
upd  365  steps 5996544  sps 5548  opp frzn  loss -0.009  pg -0.0024  v 0.009  adv_std 0.135  tR +0.47  ent[s/d/p/e] 0.63/2.44/1.67/0.45  emits 1.88  clip 0.01  kl +0.001
upd  366  steps 6012928  sps 5551  opp rand  loss -0.008  pg -0.0026  v 0.014  adv_std 0.166  tR +0.37  ent[s/d/p/e] 0.64/2.41/1.69/0.42  emits 1.99  clip 0.02  kl +0.001
upd  367  steps 6029312  sps 5553  opp frzn  loss -0.008  pg -0.0025  v 0.014  adv_std 0.170  tR +0.42  ent[s/d/p/e] 0.67/2.44/1.64/0.43  emits 2.12  clip 0.01  kl +0.001
upd  368  steps 6045696  sps 5555  opp frzn  loss -0.008  pg -0.0025  v 0.011  adv_std 0.153  tR +0.30  ent[s/d/p/e] 0.52/2.49/1.62/0.43  emits 1.96  clip 0.01  kl +0.001
upd  369  steps 6062080  sps 5557  opp frzn  loss -0.007  pg -0.0021  v 0.015  adv_std 0.174  tR +0.35  ent[s/d/p/e] 0.67/2.44/1.59/0.44  emits 2.23  clip 0.02  kl +0.001
upd  370  steps 6078464  sps 5559  opp rand  loss -0.009  pg -0.0025  v 0.010  adv_std 0.140  tR +0.39  ent[s/d/p/e] 0.67/2.35/1.71/0.46  emits 1.86  clip 0.02  kl +0.001
upd  371  steps 6094848  sps 5561  opp frzn  loss -0.009  pg -0.0033  v 0.014  adv_std 0.168  tR +0.33  ent[s/d/p/e] 0.64/2.46/1.62/0.42  emits 2.12  clip 0.02  kl +0.002
upd  372  steps 6111232  sps 5563  opp frzn  loss -0.009  pg -0.0024  v 0.012  adv_std 0.155  tR +0.41  ent[s/d/p/e] 0.70/2.41/1.61/0.43  emits 2.31  clip 0.02  kl +0.002
upd  373  steps 6127616  sps 5565  opp frzn  loss -0.009  pg -0.0027  v 0.011  adv_std 0.152  tR +0.48  ent[s/d/p/e] 0.64/2.45/1.65/0.42  emits 1.96  clip 0.02  kl +0.001
upd  374  steps 6144000  sps 5568  opp rand  loss -0.008  pg -0.0028  v 0.015  adv_std 0.175  tR +0.47  ent[s/d/p/e] 0.65/2.39/1.69/0.42  emits 2.04  clip 0.01  kl +0.001 WRr 0.69 WRf 0.81
upd  375  steps 6160384  sps 5522  opp frzn  loss -0.009  pg -0.0025  v 0.009  adv_std 0.132  tR +0.48  ent[s/d/p/e] 0.64/2.37/1.65/0.44  emits 2.03  clip 0.01  kl +0.001
upd  376  steps 6176768  sps 5525  opp rand  loss -0.008  pg -0.0024  v 0.012  adv_std 0.159  tR +0.44  ent[s/d/p/e] 0.66/2.38/1.69/0.41  emits 2.04  clip 0.01  kl +0.001
upd  377  steps 6193152  sps 5527  opp frzn  loss -0.009  pg -0.0029  v 0.012  adv_std 0.155  tR +0.39  ent[s/d/p/e] 0.68/2.45/1.61/0.44  emits 2.06  clip 0.02  kl +0.001
upd  378  steps 6209536  sps 5529  opp frzn  loss -0.008  pg -0.0024  v 0.014  adv_std 0.168  tR +0.18  ent[s/d/p/e] 0.59/2.43/1.65/0.42  emits 1.79  clip 0.02  kl +0.001
upd  379  steps 6225920  sps 5531  opp frzn  loss -0.008  pg -0.0024  v 0.014  adv_std 0.170  tR +0.35  ent[s/d/p/e] 0.70/2.49/1.55/0.42  emits 2.23  clip 0.01  kl +0.001
upd  380  steps 6242304  sps 5533  opp frzn  loss -0.008  pg -0.0026  v 0.012  adv_std 0.160  tR +0.30  ent[s/d/p/e] 0.56/2.42/1.64/0.43  emits 1.80  clip 0.02  kl +0.000
upd  381  steps 6258688  sps 5535  opp rand  loss -0.008  pg -0.0021  v 0.013  adv_std 0.159  tR +0.46  ent[s/d/p/e] 0.67/2.37/1.68/0.42  emits 1.99  clip 0.01  kl +0.001
upd  382  steps 6275072  sps 5537  opp frzn  loss -0.009  pg -0.0029  v 0.014  adv_std 0.166  tR +0.45  ent[s/d/p/e] 0.64/2.33/1.65/0.43  emits 2.08  clip 0.03  kl +0.002
upd  383  steps 6291456  sps 5540  opp rand  loss -0.009  pg -0.0031  v 0.013  adv_std 0.162  tR +0.48  ent[s/d/p/e] 0.64/2.33/1.72/0.42  emits 1.89  clip 0.02  kl +0.001
upd  384  steps 6307840  sps 5542  opp frzn  loss -0.007  pg -0.0022  v 0.017  adv_std 0.187  tR +0.43  ent[s/d/p/e] 0.70/2.43/1.62/0.41  emits 2.19  clip 0.01  kl +0.000
upd  385  steps 6324224  sps 5544  opp frzn  loss -0.009  pg -0.0025  v 0.010  adv_std 0.141  tR +0.38  ent[s/d/p/e] 0.66/2.36/1.64/0.43  emits 1.99  clip 0.02  kl +0.001
upd  386  steps 6340608  sps 5546  opp frzn  loss -0.009  pg -0.0025  v 0.009  adv_std 0.138  tR +0.50  ent[s/d/p/e] 0.70/2.37/1.64/0.41  emits 2.21  clip 0.02  kl +0.002
upd  387  steps 6356992  sps 5548  opp frzn  loss -0.009  pg -0.0024  v 0.012  adv_std 0.155  tR +0.42  ent[s/d/p/e] 0.72/2.42/1.59/0.42  emits 2.13  clip 0.01  kl +0.000
upd  388  steps 6373376  sps 5550  opp rand  loss -0.008  pg -0.0025  v 0.012  adv_std 0.153  tR +0.39  ent[s/d/p/e] 0.56/2.31/1.71/0.42  emits 1.72  clip 0.02  kl +0.001
upd  389  steps 6389760  sps 5553  opp rand  loss -0.008  pg -0.0025  v 0.018  adv_std 0.191  tR +0.41  ent[s/d/p/e] 0.70/2.34/1.68/0.44  emits 1.89  clip 0.03  kl +0.001
upd  390  steps 6406144  sps 5555  opp rand  loss -0.009  pg -0.0022  v 0.010  adv_std 0.143  tR +0.57  ent[s/d/p/e] 0.59/2.28/1.73/0.43  emits 1.74  clip 0.01  kl +0.001
upd  391  steps 6422528  sps 5558  opp rand  loss -0.008  pg -0.0026  v 0.015  adv_std 0.178  tR +0.45  ent[s/d/p/e] 0.66/2.33/1.71/0.43  emits 1.93  clip 0.02  kl +0.001
upd  392  steps 6438912  sps 5560  opp rand  loss -0.009  pg -0.0025  v 0.013  adv_std 0.161  tR +0.58  ent[s/d/p/e] 0.67/2.30/1.70/0.44  emits 1.98  clip 0.01  kl +0.001
upd  393  steps 6455296  sps 5562  opp rand  loss -0.009  pg -0.0027  v 0.011  adv_std 0.150  tR +0.49  ent[s/d/p/e] 0.66/2.30/1.74/0.44  emits 1.78  clip 0.03  kl +0.002
upd  394  steps 6471680  sps 5565  opp rand  loss -0.008  pg -0.0024  v 0.014  adv_std 0.166  tR +0.50  ent[s/d/p/e] 0.70/2.35/1.70/0.43  emits 2.00  clip 0.02  kl +0.001
upd  395  steps 6488064  sps 5567  opp rand  loss -0.009  pg -0.0022  v 0.012  adv_std 0.156  tR +0.52  ent[s/d/p/e] 0.68/2.29/1.73/0.45  emits 1.79  clip 0.02  kl +0.001
upd  396  steps 6504448  sps 5570  opp rand  loss -0.009  pg -0.0032  v 0.013  adv_std 0.164  tR +0.53  ent[s/d/p/e] 0.70/2.32/1.71/0.44  emits 1.88  clip 0.03  kl +0.002
upd  397  steps 6520832  sps 5572  opp frzn  loss -0.009  pg -0.0025  v 0.010  adv_std 0.146  tR +0.56  ent[s/d/p/e] 0.69/2.33/1.63/0.45  emits 2.05  clip 0.03  kl +0.002
upd  398  steps 6537216  sps 5573  opp frzn  loss -0.009  pg -0.0024  v 0.010  adv_std 0.140  tR +0.54  ent[s/d/p/e] 0.67/2.38/1.66/0.44  emits 1.90  clip 0.02  kl +0.001
upd  399  steps 6553600  sps 5575  opp frzn  loss -0.008  pg -0.0028  v 0.014  adv_std 0.168  tR +0.35  ent[s/d/p/e] 0.69/2.42/1.60/0.42  emits 2.04  clip 0.02  kl +0.001 WRr 0.84 WRf 0.78
upd  400  steps 6569984  sps 5536  opp frzn  loss -0.009  pg -0.0027  v 0.011  adv_std 0.150  tR +0.38  ent[s/d/p/e] 0.64/2.41/1.64/0.43  emits 1.82  clip 0.01  kl +0.000
upd  401  steps 6586368  sps 5538  opp rand  loss -0.008  pg -0.0024  v 0.014  adv_std 0.171  tR +0.42  ent[s/d/p/e] 0.64/2.33/1.68/0.43  emits 1.85  clip 0.01  kl +0.001
upd  402  steps 6602752  sps 5541  opp rand  loss -0.008  pg -0.0023  v 0.012  adv_std 0.157  tR +0.56  ent[s/d/p/e] 0.65/2.30/1.71/0.44  emits 1.91  clip 0.01  kl +0.001
upd  403  steps 6619136  sps 5543  opp rand  loss -0.008  pg -0.0022  v 0.014  adv_std 0.168  tR +0.49  ent[s/d/p/e] 0.63/2.29/1.74/0.43  emits 1.74  clip 0.01  kl +0.001
upd  404  steps 6635520  sps 5545  opp frzn  loss -0.009  pg -0.0027  v 0.013  adv_std 0.162  tR +0.47  ent[s/d/p/e] 0.67/2.42/1.64/0.43  emits 2.05  clip 0.02  kl +0.002
upd  405  steps 6651904  sps 5547  opp rand  loss -0.009  pg -0.0026  v 0.012  adv_std 0.156  tR +0.56  ent[s/d/p/e] 0.64/2.31/1.74/0.43  emits 1.72  clip 0.02  kl +0.001
upd  406  steps 6668288  sps 5550  opp rand  loss -0.008  pg -0.0023  v 0.015  adv_std 0.173  tR +0.46  ent[s/d/p/e] 0.68/2.34/1.73/0.43  emits 1.92  clip 0.02  kl +0.001
upd  407  steps 6684672  sps 5552  opp rand  loss -0.009  pg -0.0025  v 0.009  adv_std 0.136  tR +0.57  ent[s/d/p/e] 0.66/2.30/1.71/0.44  emits 1.93  clip 0.02  kl +0.001
upd  408  steps 6701056  sps 5554  opp rand  loss -0.009  pg -0.0024  v 0.011  adv_std 0.148  tR +0.50  ent[s/d/p/e] 0.65/2.29/1.75/0.45  emits 1.72  clip 0.02  kl +0.001
upd  409  steps 6717440  sps 5557  opp rand  loss -0.009  pg -0.0027  v 0.014  adv_std 0.166  tR +0.54  ent[s/d/p/e] 0.71/2.34/1.70/0.44  emits 1.96  clip 0.02  kl +0.001
upd  410  steps 6733824  sps 5559  opp frzn  loss -0.009  pg -0.0024  v 0.009  adv_std 0.139  tR +0.56  ent[s/d/p/e] 0.64/2.27/1.71/0.45  emits 1.85  clip 0.02  kl +0.001
upd  411  steps 6750208  sps 5560  opp frzn  loss -0.009  pg -0.0025  v 0.012  adv_std 0.158  tR +0.44  ent[s/d/p/e] 0.67/2.32/1.67/0.43  emits 1.93  clip 0.02  kl +0.001
upd  412  steps 6766592  sps 5562  opp frzn  loss -0.008  pg -0.0027  v 0.015  adv_std 0.175  tR +0.40  ent[s/d/p/e] 0.68/2.41/1.67/0.43  emits 1.88  clip 0.02  kl +0.001
upd  413  steps 6782976  sps 5564  opp frzn  loss -0.008  pg -0.0023  v 0.015  adv_std 0.176  tR +0.34  ent[s/d/p/e] 0.57/2.38/1.68/0.42  emits 1.72  clip 0.01  kl +0.000
upd  414  steps 6799360  sps 5566  opp rand  loss -0.009  pg -0.0027  v 0.014  adv_std 0.166  tR +0.46  ent[s/d/p/e] 0.64/2.33/1.69/0.43  emits 1.91  clip 0.02  kl +0.001
upd  415  steps 6815744  sps 5568  opp frzn  loss -0.008  pg -0.0022  v 0.012  adv_std 0.157  tR +0.52  ent[s/d/p/e] 0.59/2.34/1.68/0.43  emits 1.74  clip 0.02  kl +0.001
upd  416  steps 6832128  sps 5570  opp rand  loss -0.008  pg -0.0025  v 0.014  adv_std 0.168  tR +0.48  ent[s/d/p/e] 0.62/2.29/1.72/0.43  emits 1.79  clip 0.02  kl +0.001
upd  417  steps 6848512  sps 5572  opp frzn  loss -0.009  pg -0.0023  v 0.012  adv_std 0.156  tR +0.47  ent[s/d/p/e] 0.67/2.28/1.68/0.45  emits 1.93  clip 0.02  kl +0.001
upd  418  steps 6864896  sps 5574  opp rand  loss -0.009  pg -0.0025  v 0.010  adv_std 0.144  tR +0.50  ent[s/d/p/e] 0.63/2.28/1.74/0.44  emits 1.74  clip 0.02  kl +0.001
upd  419  steps 6881280  sps 5576  opp rand  loss -0.008  pg -0.0025  v 0.014  adv_std 0.169  tR +0.50  ent[s/d/p/e] 0.68/2.30/1.72/0.45  emits 1.85  clip 0.02  kl +0.001
upd  420  steps 6897664  sps 5578  opp frzn  loss -0.009  pg -0.0026  v 0.010  adv_std 0.143  tR +0.40  ent[s/d/p/e] 0.62/2.27/1.70/0.44  emits 1.83  clip 0.02  kl +0.001
upd  421  steps 6914048  sps 5580  opp frzn  loss -0.008  pg -0.0028  v 0.015  adv_std 0.177  tR +0.31  ent[s/d/p/e] 0.65/2.38/1.67/0.43  emits 1.77  clip 0.02  kl +0.001
upd  422  steps 6930432  sps 5582  opp rand  loss -0.009  pg -0.0025  v 0.013  adv_std 0.161  tR +0.49  ent[s/d/p/e] 0.66/2.28/1.72/0.44  emits 1.86  clip 0.01  kl +0.001
upd  423  steps 6946816  sps 5584  opp frzn  loss -0.008  pg -0.0022  v 0.011  adv_std 0.154  tR +0.42  ent[s/d/p/e] 0.60/2.32/1.71/0.42  emits 1.71  clip 0.01  kl +0.000
upd  424  steps 6963200  sps 5586  opp rand  loss -0.008  pg -0.0023  v 0.016  adv_std 0.182  tR +0.54  ent[s/d/p/e] 0.67/2.29/1.71/0.44  emits 1.86  clip 0.01  kl +0.002 WRr 0.69 WRf 0.78
upd  425  steps 6979584  sps 5549  opp frzn  loss -0.009  pg -0.0026  v 0.009  adv_std 0.136  tR +0.54  ent[s/d/p/e] 0.68/2.33/1.69/0.44  emits 1.79  clip 0.01  kl +0.001
upd  426  steps 6995968  sps 5551  opp rand  loss -0.009  pg -0.0026  v 0.013  adv_std 0.164  tR +0.37  ent[s/d/p/e] 0.64/2.27/1.72/0.44  emits 1.70  clip 0.01  kl +0.001
upd  427  steps 7012352  sps 5553  opp frzn  loss -0.009  pg -0.0024  v 0.013  adv_std 0.161  tR +0.45  ent[s/d/p/e] 0.73/2.34/1.67/0.45  emits 1.88  clip 0.02  kl +0.001
upd  428  steps 7028736  sps 5555  opp frzn  loss -0.008  pg -0.0027  v 0.014  adv_std 0.167  tR +0.40  ent[s/d/p/e] 0.65/2.34/1.69/0.43  emits 1.69  clip 0.02  kl +0.001
upd  429  steps 7045120  sps 5556  opp frzn  loss -0.008  pg -0.0027  v 0.016  adv_std 0.180  tR +0.28  ent[s/d/p/e] 0.70/2.37/1.65/0.42  emits 1.92  clip 0.02  kl +0.001
upd  430  steps 7061504  sps 5558  opp frzn  loss -0.008  pg -0.0024  v 0.013  adv_std 0.167  tR +0.40  ent[s/d/p/e] 0.65/2.32/1.69/0.41  emits 1.79  clip 0.01  kl +0.001
upd  431  steps 7077888  sps 5560  opp frzn  loss -0.008  pg -0.0024  v 0.015  adv_std 0.177  tR +0.46  ent[s/d/p/e] 0.72/2.29/1.70/0.42  emits 1.84  clip 0.01  kl +0.000
upd  432  steps 7094272  sps 5562  opp rand  loss -0.008  pg -0.0023  v 0.014  adv_std 0.167  tR +0.49  ent[s/d/p/e] 0.72/2.25/1.72/0.43  emits 1.92  clip 0.02  kl +0.001
upd  433  steps 7110656  sps 5564  opp rand  loss -0.009  pg -0.0022  v 0.009  adv_std 0.140  tR +0.49  ent[s/d/p/e] 0.61/2.22/1.76/0.42  emits 1.68  clip 0.01  kl +0.001
upd  434  steps 7127040  sps 5566  opp rand  loss -0.008  pg -0.0022  v 0.013  adv_std 0.162  tR +0.53  ent[s/d/p/e] 0.69/2.25/1.73/0.43  emits 1.79  clip 0.02  kl +0.001
upd  435  steps 7143424  sps 5568  opp rand  loss -0.009  pg -0.0021  v 0.011  adv_std 0.148  tR +0.40  ent[s/d/p/e] 0.63/2.20/1.76/0.44  emits 1.64  clip 0.01  kl +0.001
upd  436  steps 7159808  sps 5571  opp rand  loss -0.008  pg -0.0026  v 0.015  adv_std 0.174  tR +0.39  ent[s/d/p/e] 0.67/2.24/1.73/0.43  emits 1.75  clip 0.02  kl +0.002
upd  437  steps 7176192  sps 5573  opp rand  loss -0.009  pg -0.0022  v 0.011  adv_std 0.153  tR +0.58  ent[s/d/p/e] 0.73/2.24/1.73/0.44  emits 1.79  clip 0.02  kl +0.001
upd  438  steps 7192576  sps 5574  opp frzn  loss -0.008  pg -0.0025  v 0.014  adv_std 0.167  tR +0.43  ent[s/d/p/e] 0.66/2.33/1.71/0.42  emits 1.73  clip 0.02  kl +0.001
upd  439  steps 7208960  sps 5576  opp frzn  loss -0.008  pg -0.0023  v 0.017  adv_std 0.186  tR +0.44  ent[s/d/p/e] 0.68/2.24/1.68/0.42  emits 1.82  clip 0.01  kl +0.001
upd  440  steps 7225344  sps 5578  opp rand  loss -0.009  pg -0.0023  v 0.010  adv_std 0.146  tR +0.40  ent[s/d/p/e] 0.60/2.18/1.74/0.41  emits 1.61  clip 0.02  kl +0.001
upd  441  steps 7241728  sps 5580  opp frzn  loss -0.008  pg -0.0021  v 0.014  adv_std 0.166  tR +0.49  ent[s/d/p/e] 0.67/2.32/1.68/0.41  emits 1.78  clip 0.02  kl +0.001
upd  442  steps 7258112  sps 5582  opp rand  loss -0.008  pg -0.0018  v 0.014  adv_std 0.171  tR +0.37  ent[s/d/p/e] 0.65/2.24/1.72/0.41  emits 1.64  clip 0.01  kl +0.001
upd  443  steps 7274496  sps 5584  opp rand  loss -0.010  pg -0.0027  v 0.007  adv_std 0.122  tR +0.49  ent[s/d/p/e] 0.66/2.21/1.76/0.41  emits 1.66  clip 0.01  kl +0.001
upd  444  steps 7290880  sps 5586  opp frzn  loss -0.008  pg -0.0024  v 0.016  adv_std 0.182  tR +0.48  ent[s/d/p/e] 0.76/2.34/1.65/0.42  emits 1.89  clip 0.02  kl +0.001
upd  445  steps 7307264  sps 5587  opp frzn  loss -0.009  pg -0.0027  v 0.012  adv_std 0.158  tR +0.32  ent[s/d/p/e] 0.60/2.26/1.70/0.43  emits 1.69  clip 0.03  kl +0.002
upd  446  steps 7323648  sps 5589  opp frzn  loss -0.009  pg -0.0024  v 0.011  adv_std 0.148  tR +0.48  ent[s/d/p/e] 0.76/2.31/1.69/0.41  emits 1.90  clip 0.02  kl +0.001
upd  447  steps 7340032  sps 5591  opp rand  loss -0.009  pg -0.0027  v 0.013  adv_std 0.166  tR +0.49  ent[s/d/p/e] 0.73/2.24/1.72/0.44  emits 1.75  clip 0.03  kl +0.002
upd  448  steps 7356416  sps 5593  opp rand  loss -0.009  pg -0.0022  v 0.009  adv_std 0.139  tR +0.55  ent[s/d/p/e] 0.63/2.23/1.75/0.42  emits 1.60  clip 0.01  kl +0.001
upd  449  steps 7372800  sps 5595  opp frzn  loss -0.008  pg -0.0022  v 0.013  adv_std 0.162  tR +0.46  ent[s/d/p/e] 0.70/2.31/1.68/0.40  emits 1.85  clip 0.01  kl +0.001 WRr 0.81 WRf 0.72
upd  450  steps 7389184  sps 5557  opp rand  loss -0.008  pg -0.0021  v 0.011  adv_std 0.153  tR +0.44  ent[s/d/p/e] 0.60/2.20/1.76/0.42  emits 1.60  clip 0.01  kl +0.001
upd  451  steps 7405568  sps 5558  opp frzn  loss -0.009  pg -0.0025  v 0.012  adv_std 0.155  tR +0.50  ent[s/d/p/e] 0.68/2.32/1.69/0.41  emits 1.86  clip 0.02  kl +0.001
upd  452  steps 7421952  sps 5560  opp frzn  loss -0.008  pg -0.0021  v 0.011  adv_std 0.150  tR +0.54  ent[s/d/p/e] 0.68/2.26/1.66/0.43  emits 1.88  clip 0.01  kl +0.001
upd  453  steps 7438336  sps 5562  opp frzn  loss -0.008  pg -0.0022  v 0.011  adv_std 0.151  tR +0.51  ent[s/d/p/e] 0.64/2.28/1.69/0.43  emits 1.76  clip 0.01  kl +0.001
upd  454  steps 7454720  sps 5563  opp frzn  loss -0.008  pg -0.0021  v 0.014  adv_std 0.172  tR +0.43  ent[s/d/p/e] 0.66/2.36/1.65/0.42  emits 1.90  clip 0.01  kl +0.001
upd  455  steps 7471104  sps 5565  opp rand  loss -0.009  pg -0.0027  v 0.010  adv_std 0.142  tR +0.55  ent[s/d/p/e] 0.61/2.21/1.76/0.43  emits 1.66  clip 0.01  kl +0.001
upd  456  steps 7487488  sps 5567  opp frzn  loss -0.009  pg -0.0026  v 0.012  adv_std 0.158  tR +0.63  ent[s/d/p/e] 0.68/2.28/1.70/0.42  emits 1.92  clip 0.02  kl +0.001
upd  457  steps 7503872  sps 5568  opp frzn  loss -0.009  pg -0.0025  v 0.012  adv_std 0.159  tR +0.48  ent[s/d/p/e] 0.74/2.34/1.65/0.42  emits 2.09  clip 0.01  kl +0.001
upd  458  steps 7520256  sps 5570  opp rand  loss -0.009  pg -0.0021  v 0.011  adv_std 0.149  tR +0.56  ent[s/d/p/e] 0.67/2.22/1.76/0.43  emits 1.64  clip 0.01  kl +0.000
upd  459  steps 7536640  sps 5572  opp frzn  loss -0.009  pg -0.0027  v 0.014  adv_std 0.170  tR +0.42  ent[s/d/p/e] 0.71/2.33/1.70/0.41  emits 1.84  clip 0.02  kl +0.000
upd  460  steps 7553024  sps 5574  opp frzn  loss -0.009  pg -0.0030  v 0.012  adv_std 0.157  tR +0.45  ent[s/d/p/e] 0.68/2.23/1.72/0.44  emits 1.78  clip 0.03  kl +0.001
upd  461  steps 7569408  sps 5576  opp rand  loss -0.009  pg -0.0025  v 0.012  adv_std 0.159  tR +0.59  ent[s/d/p/e] 0.70/2.24/1.73/0.43  emits 1.84  clip 0.02  kl +0.002
upd  462  steps 7585792  sps 5578  opp rand  loss -0.010  pg -0.0028  v 0.010  adv_std 0.139  tR +0.56  ent[s/d/p/e] 0.74/2.20/1.75/0.44  emits 1.71  clip 0.03  kl +0.001
upd  463  steps 7602176  sps 5580  opp rand  loss -0.009  pg -0.0023  v 0.009  adv_std 0.132  tR +0.50  ent[s/d/p/e] 0.65/2.19/1.78/0.44  emits 1.64  clip 0.01  kl +0.000
upd  464  steps 7618560  sps 5582  opp rand  loss -0.009  pg -0.0021  v 0.011  adv_std 0.150  tR +0.58  ent[s/d/p/e] 0.76/2.23/1.75/0.43  emits 1.81  clip 0.02  kl +0.001
upd  465  steps 7634944  sps 5584  opp rand  loss -0.010  pg -0.0027  v 0.010  adv_std 0.143  tR +0.53  ent[s/d/p/e] 0.70/2.18/1.77/0.43  emits 1.60  clip 0.01  kl +0.000
upd  466  steps 7651328  sps 5585  opp frzn  loss -0.008  pg -0.0020  v 0.013  adv_std 0.166  tR +0.53  ent[s/d/p/e] 0.68/2.27/1.69/0.41  emits 1.89  clip 0.01  kl +0.001
upd  467  steps 7667712  sps 5587  opp frzn  loss -0.009  pg -0.0023  v 0.011  adv_std 0.154  tR +0.40  ent[s/d/p/e] 0.71/2.32/1.67/0.40  emits 1.96  clip 0.01  kl +0.001
upd  468  steps 7684096  sps 5589  opp rand  loss -0.009  pg -0.0023  v 0.010  adv_std 0.142  tR +0.55  ent[s/d/p/e] 0.67/2.19/1.76/0.42  emits 1.63  clip 0.02  kl +0.001
upd  469  steps 7700480  sps 5591  opp rand  loss -0.009  pg -0.0022  v 0.009  adv_std 0.132  tR +0.66  ent[s/d/p/e] 0.74/2.22/1.73/0.41  emits 1.90  clip 0.01  kl +0.001
upd  470  steps 7716864  sps 5592  opp frzn  loss -0.009  pg -0.0024  v 0.012  adv_std 0.156  tR +0.50  ent[s/d/p/e] 0.69/2.17/1.70/0.43  emits 1.80  clip 0.03  kl +0.001
upd  471  steps 7733248  sps 5594  opp frzn  loss -0.009  pg -0.0026  v 0.012  adv_std 0.156  tR +0.45  ent[s/d/p/e] 0.65/2.27/1.68/0.40  emits 1.81  clip 0.03  kl +0.001
upd  472  steps 7749632  sps 5595  opp frzn  loss -0.009  pg -0.0021  v 0.009  adv_std 0.138  tR +0.42  ent[s/d/p/e] 0.66/2.29/1.66/0.41  emits 1.81  clip 0.01  kl +0.001
upd  473  steps 7766016  sps 5597  opp frzn  loss -0.009  pg -0.0023  v 0.009  adv_std 0.137  tR +0.44  ent[s/d/p/e] 0.71/2.22/1.69/0.41  emits 1.83  clip 0.02  kl +0.001
upd  474  steps 7782400  sps 5598  opp frzn  loss -0.008  pg -0.0022  v 0.012  adv_std 0.157  tR +0.53  ent[s/d/p/e] 0.72/2.23/1.65/0.41  emits 2.01  clip 0.02  kl +0.002 WRr 0.88 WRf 0.72
upd  475  steps 7798784  sps 5566  opp rand  loss -0.009  pg -0.0021  v 0.011  adv_std 0.147  tR +0.60  ent[s/d/p/e] 0.67/2.13/1.75/0.42  emits 1.71  clip 0.01  kl +0.001
upd  476  steps 7815168  sps 5567  opp frzn  loss -0.008  pg -0.0020  v 0.010  adv_std 0.146  tR +0.49  ent[s/d/p/e] 0.72/2.29/1.64/0.40  emits 1.91  clip 0.02  kl +0.002
upd  477  steps 7831552  sps 5569  opp rand  loss -0.009  pg -0.0026  v 0.012  adv_std 0.154  tR +0.51  ent[s/d/p/e] 0.68/2.17/1.71/0.42  emits 1.78  clip 0.02  kl +0.001
upd  478  steps 7847936  sps 5571  opp frzn  loss -0.009  pg -0.0023  v 0.010  adv_std 0.140  tR +0.54  ent[s/d/p/e] 0.63/2.23/1.66/0.41  emits 1.75  clip 0.02  kl +0.001
upd  479  steps 7864320  sps 5572  opp frzn  loss -0.008  pg -0.0024  v 0.016  adv_std 0.179  tR +0.33  ent[s/d/p/e] 0.69/2.31/1.62/0.41  emits 1.86  clip 0.01  kl +0.002