[reward] kaggle-aligned: terminal +1 win/+1 tie>0/-1 loss/-1 double-wipeout; is_terminal at step >= episode_steps-2; SHAPING_SCALE=0.0; v1: KEEP_HOME=0.0 FLEET_SIZE=0.0/norm20.0; v2 (expert-replay calibrated): PROD_SHARE=0.0 PLANET_SHARE=0.005 FLEET_LOG=0.0/ref500.0/floor0.3; v3 (top10-2630ep calibrated): PROD_SHARE_DELTA=1.0 EMIT_LOG=0.01 RELEASE=0.05/K20.0; episode_steps=350 (kaggle=500, mismatch=True)
upd    0  steps   32768  sps 723  opp rand  loss -0.013  pg -0.0024  v 0.014  ev +0.70  adv_std 0.202  tR -0.22  ent[s/d/p/e] 1.09/2.94/1.93/0.48  emits 3.14  spf 6.1  z0 0.04  garr 17.0  pS 0.18  ptS 0.18  fLog 0.23  pdΔ -0.3153  pkR 19.65  clip 0.03  kl +0.002
upd    1  steps   65536  sps 1305  opp rand  loss -0.012  pg -0.0028  v 0.024  ev +0.53  adv_std 0.255  tR -0.51  ent[s/d/p/e] 1.12/2.94/1.94/0.52  emits 2.70  spf 7.2  z0 0.04  garr 25.1  pS 0.20  ptS 0.20  fLog 0.24  pdΔ -0.2974  pkR 21.24  clip 0.07  kl +0.003
upd    2  steps   98304  sps 1783  opp rand  loss -0.014  pg -0.0035  v 0.018  ev +0.65  adv_std 0.217  tR -0.55  ent[s/d/p/e] 1.17/2.94/1.94/0.54  emits 2.63  spf 7.6  z0 0.03  garr 26.8  pS 0.22  ptS 0.22  fLog 0.25  pdΔ -0.2835  pkR 20.49  clip 0.11  kl +0.005
upd    3  steps  131072  sps 2182  opp rand  loss -0.015  pg -0.0032  v 0.010  ev +0.81  adv_std 0.168  tR -0.36  ent[s/d/p/e] 1.25/2.94/1.94/0.56  emits 2.52  spf 8.4  z0 0.05  garr 28.9  pS 0.23  ptS 0.23  fLog 0.26  pdΔ -0.2723  pkR 20.82  clip 0.11  kl +0.005
upd    4  steps  163840  sps 2521  opp rand  loss -0.014  pg -0.0029  v 0.011  ev +0.78  adv_std 0.173  tR -0.48  ent[s/d/p/e] 1.09/2.94/1.93/0.57  emits 2.35  spf 8.3  z0 0.05  garr 31.3  pS 0.20  ptS 0.20  fLog 0.25  pdΔ -0.3001  pkR 21.76  clip 0.13  kl +0.006
upd    5  steps  196608  sps 2812  opp rand  loss -0.015  pg -0.0032  v 0.010  ev +0.87  adv_std 0.162  tR -0.45  ent[s/d/p/e] 1.07/2.94/1.92/0.58  emits 2.23  spf 9.0  z0 0.04  garr 36.2  pS 0.21  ptS 0.20  fLog 0.26  pdΔ -0.2885  pkR 22.15  clip 0.14  kl +0.007
upd    6  steps  229376  sps 3065  opp rand  loss -0.014  pg -0.0026  v 0.010  ev +0.91  adv_std 0.161  tR -0.26  ent[s/d/p/e] 1.08/2.94/1.93/0.60  emits 2.01  spf 9.6  z0 0.05  garr 38.7  pS 0.21  ptS 0.21  fLog 0.26  pdΔ -0.2854  pkR 14.33  clip 0.16  kl +0.008
upd    7  steps  262144  sps 3287  opp rand  loss -0.015  pg -0.0031  v 0.009  ev +0.93  adv_std 0.148  tR -0.06  ent[s/d/p/e] 1.08/2.93/1.94/0.59  emits 2.01  spf 9.6  z0 0.04  garr 41.4  pS 0.22  ptS 0.22  fLog 0.26  pdΔ -0.2804  pkR 22.07  clip 0.17  kl +0.008
upd    8  steps  294912  sps 3483  opp rand  loss -0.015  pg -0.0030  v 0.008  ev +0.94  adv_std 0.142  tR -0.28  ent[s/d/p/e] 1.05/2.93/1.95/0.61  emits 2.04  spf 8.7  z0 0.04  garr 36.9  pS 0.21  ptS 0.21  fLog 0.26  pdΔ -0.2886  pkR 20.98  clip 0.18  kl +0.008
upd    9  steps  327680  sps 3657  opp rand  loss -0.015  pg -0.0028  v 0.009  ev +0.94  adv_std 0.146  tR -0.28  ent[s/d/p/e] 1.11/2.93/1.94/0.60  emits 1.94  spf 10.4  z0 0.05  garr 44.3  pS 0.23  ptS 0.23  fLog 0.27  pdΔ -0.2662  pkR 17.09  clip 0.18  kl +0.009
upd   10  steps  360448  sps 3813  opp rand  loss -0.014  pg -0.0017  v 0.010  ev +0.95  adv_std 0.150  tR -0.15  ent[s/d/p/e] 1.13/2.93/1.93/0.62  emits 1.85  spf 11.7  z0 0.03  garr 48.8  pS 0.25  ptS 0.24  fLog 0.27  pdΔ -0.2538  pkR 15.72  clip 0.19  kl +0.009
upd   11  steps  393216  sps 3954  opp rand  loss -0.014  pg -0.0026  v 0.011  ev +0.95  adv_std 0.157  tR -0.16  ent[s/d/p/e] 1.11/2.93/1.93/0.61  emits 1.91  spf 11.3  z0 0.03  garr 46.6  pS 0.24  ptS 0.24  fLog 0.27  pdΔ -0.2557  pkR 14.58  clip 0.19  kl +0.009
upd   12  steps  425984  sps 4081  opp rand  loss -0.014  pg -0.0022  v 0.010  ev +0.96  adv_std 0.152  tR -0.22  ent[s/d/p/e] 1.06/2.93/1.94/0.60  emits 2.02  spf 10.1  z0 0.04  garr 44.4  pS 0.23  ptS 0.23  fLog 0.27  pdΔ -0.2702  pkR 18.64  clip 0.21  kl +0.010
upd   13  steps  458752  sps 4197  opp rand  loss -0.014  pg -0.0026  v 0.012  ev +0.95  adv_std 0.166  tR -0.08  ent[s/d/p/e] 1.09/2.93/1.93/0.60  emits 1.92  spf 11.5  z0 0.04  garr 50.5  pS 0.25  ptS 0.24  fLog 0.27  pdΔ -0.2526  pkR 19.19  clip 0.22  kl +0.010
upd   14  steps  491520  sps 4303  opp rand  loss -0.013  pg -0.0017  v 0.012  ev +0.95  adv_std 0.161  tR -0.25  ent[s/d/p/e] 1.09/2.93/1.93/0.61  emits 1.87  spf 10.8  z0 0.06  garr 46.4  pS 0.24  ptS 0.24  fLog 0.27  pdΔ -0.2553  pkR 14.39  clip 0.21  kl +0.010
upd   15  steps  524288  sps 4400  opp rand  loss -0.015  pg -0.0035  v 0.012  ev +0.96  adv_std 0.164  tR -0.01  ent[s/d/p/e] 1.08/2.93/1.91/0.61  emits 1.82  spf 12.0  z0 0.03  garr 54.4  pS 0.26  ptS 0.26  fLog 0.27  pdΔ -0.2377  pkR 12.06  clip 0.21  kl +0.009
upd   16  steps  557056  sps 4490  opp rand  loss -0.015  pg -0.0038  v 0.011  ev +0.96  adv_std 0.164  tR +0.10  ent[s/d/p/e] 1.05/2.93/1.92/0.60  emits 1.85  spf 11.3  z0 0.05  garr 54.9  pS 0.25  ptS 0.25  fLog 0.27  pdΔ -0.2458  pkR 13.00  clip 0.23  kl +0.011
upd   17  steps  589824  sps 4572  opp rand  loss -0.016  pg -0.0042  v 0.011  ev +0.96  adv_std 0.159  tR -0.09  ent[s/d/p/e] 1.13/2.93/1.92/0.60  emits 1.92  spf 12.7  z0 0.03  garr 57.7  pS 0.28  ptS 0.27  fLog 0.29  pdΔ -0.2199  pkR 9.64  clip 0.22  kl +0.009
upd   18  steps  622592  sps 4649  opp rand  loss -0.014  pg -0.0031  v 0.012  ev +0.96  adv_std 0.168  tR -0.04  ent[s/d/p/e] 1.12/2.93/1.89/0.59  emits 1.96  spf 12.1  z0 0.03  garr 54.4  pS 0.27  ptS 0.26  fLog 0.28  pdΔ -0.2290  pkR 14.45  clip 0.22  kl +0.010
upd   19  steps  655360  sps 4720  opp rand  loss -0.015  pg -0.0032  v 0.010  ev +0.97  adv_std 0.150  tR -0.10  ent[s/d/p/e] 1.02/2.93/1.89/0.58  emits 1.94  spf 11.3  z0 0.05  garr 57.2  pS 0.25  ptS 0.24  fLog 0.27  pdΔ -0.2540  pkR 15.34  clip 0.21  kl +0.010
upd   20  steps  688128  sps 4786  opp rand  loss -0.016  pg -0.0046  v 0.011  ev +0.97  adv_std 0.161  tR -0.12  ent[s/d/p/e] 1.12/2.93/1.89/0.59  emits 1.86  spf 13.4  z0 0.04  garr 62.4  pS 0.28  ptS 0.27  fLog 0.28  pdΔ -0.2220  pkR 13.32  clip 0.22  kl +0.010
upd   21  steps  720896  sps 4848  opp rand  loss -0.016  pg -0.0053  v 0.012  ev +0.96  adv_std 0.167  tR +0.10  ent[s/d/p/e] 1.09/2.93/1.89/0.58  emits 1.85  spf 12.5  z0 0.04  garr 57.5  pS 0.27  ptS 0.26  fLog 0.28  pdΔ -0.2297  pkR 12.57  clip 0.22  kl +0.009
upd   22  steps  753664  sps 4906  opp rand  loss -0.016  pg -0.0050  v 0.013  ev +0.96  adv_std 0.175  tR +0.06  ent[s/d/p/e] 1.04/2.92/1.89/0.57  emits 1.92  spf 11.9  z0 0.03  garr 58.2  pS 0.26  ptS 0.25  fLog 0.27  pdΔ -0.2405  pkR 15.24  clip 0.22  kl +0.010
upd   23  steps  786432  sps 4960  opp rand  loss -0.018  pg -0.0065  v 0.012  ev +0.96  adv_std 0.173  tR +0.14  ent[s/d/p/e] 1.08/2.92/1.89/0.59  emits 1.86  spf 12.6  z0 0.03  garr 57.1  pS 0.27  ptS 0.26  fLog 0.28  pdΔ -0.2348  pkR 12.22  clip 0.23  kl +0.011
upd   24  steps  819200  sps 5011  opp rand  loss -0.017  pg -0.0061  v 0.013  ev +0.96  adv_std 0.179  tR -0.06  ent[s/d/p/e] 1.07/2.92/1.89/0.58  emits 1.81  spf 13.4  z0 0.04  garr 60.4  pS 0.25  ptS 0.25  fLog 0.28  pdΔ -0.2471  pkR 13.56  clip 0.23  kl +0.010
upd   25  steps  851968  sps 5059  opp rand  loss -0.018  pg -0.0076  v 0.014  ev +0.96  adv_std 0.178  tR -0.03  ent[s/d/p/e] 1.04/2.92/1.89/0.57  emits 1.82  spf 13.1  z0 0.04  garr 60.3  pS 0.26  ptS 0.25  fLog 0.27  pdΔ -0.2427  pkR 14.24  clip 0.22  kl +0.009
upd   26  steps  884736  sps 5105  opp rand  loss -0.017  pg -0.0064  v 0.013  ev +0.96  adv_std 0.176  tR +0.05  ent[s/d/p/e] 1.03/2.92/1.89/0.57  emits 1.85  spf 12.0  z0 0.02  garr 54.6  pS 0.26  ptS 0.25  fLog 0.27  pdΔ -0.2413  pkR 12.64  clip 0.24  kl +0.012
upd   27  steps  917504  sps 5147  opp rand  loss -0.018  pg -0.0072  v 0.013  ev +0.96  adv_std 0.175  tR -0.03  ent[s/d/p/e] 1.08/2.92/1.90/0.57  emits 1.77  spf 13.6  z0 0.04  garr 61.4  pS 0.27  ptS 0.26  fLog 0.28  pdΔ -0.2327  pkR 11.93  clip 0.22  kl +0.009
upd   28  steps  950272  sps 5188  opp rand  loss -0.019  pg -0.0080  v 0.013  ev +0.96  adv_std 0.175  tR +0.07  ent[s/d/p/e] 1.12/2.91/1.91/0.56  emits 1.76  spf 14.3  z0 0.03  garr 61.3  pS 0.28  ptS 0.27  fLog 0.29  pdΔ -0.2203  pkR 10.60  clip 0.24  kl +0.011
upd   29  steps  983040  sps 5226  opp rand  loss -0.018  pg -0.0074  v 0.012  ev +0.97  adv_std 0.168  tR +0.03  ent[s/d/p/e] 1.03/2.92/1.91/0.55  emits 1.80  spf 12.7  z0 0.04  garr 60.0  pS 0.26  ptS 0.25  fLog 0.27  pdΔ -0.2448  pkR 12.22  clip 0.23  kl +0.011
upd   30  steps 1015808  sps 5263  opp rand  loss -0.020  pg -0.0092  v 0.013  ev +0.96  adv_std 0.174  tR -0.03  ent[s/d/p/e] 1.08/2.91/1.89/0.55  emits 1.70  spf 14.0  z0 0.04  garr 60.8  pS 0.27  ptS 0.26  fLog 0.29  pdΔ -0.2340  pkR 15.59  clip 0.23  kl +0.011
upd   31  steps 1048576  sps 5297  opp rand  loss -0.020  pg -0.0086  v 0.012  ev +0.97  adv_std 0.172  tR -0.09  ent[s/d/p/e] 1.14/2.92/1.89/0.55  emits 1.74  spf 15.2  z0 0.02  garr 67.0  pS 0.30  ptS 0.29  fLog 0.29  pdΔ -0.2031  pkR 8.02  clip 0.24  kl +0.011
upd   32  steps 1081344  sps 5330  opp rand  loss -0.021  pg -0.0097  v 0.012  ev +0.97  adv_std 0.173  tR +0.20  ent[s/d/p/e] 1.12/2.91/1.89/0.56  emits 1.75  spf 14.5  z0 0.03  garr 65.2  pS 0.29  ptS 0.28  fLog 0.29  pdΔ -0.2071  pkR 10.38  clip 0.24  kl +0.012
upd   33  steps 1114112  sps 5362  opp rand  loss -0.020  pg -0.0091  v 0.014  ev +0.96  adv_std 0.180  tR +0.05  ent[s/d/p/e] 1.03/2.91/1.88/0.55  emits 1.77  spf 12.7  z0 0.04  garr 58.7  pS 0.26  ptS 0.26  fLog 0.28  pdΔ -0.2355  pkR 10.30  clip 0.24  kl +0.011
upd   34  steps 1146880  sps 5392  opp rand  loss -0.019  pg -0.0083  v 0.014  ev +0.96  adv_std 0.184  tR +0.14  ent[s/d/p/e] 1.02/2.91/1.88/0.54  emits 1.80  spf 12.9  z0 0.04  garr 61.1  pS 0.26  ptS 0.26  fLog 0.27  pdΔ -0.2354  pkR 11.71  clip 0.25  kl +0.012
upd   35  steps 1179648  sps 5420  opp rand  loss -0.021  pg -0.0100  v 0.014  ev +0.96  adv_std 0.185  tR +0.18  ent[s/d/p/e] 1.20/2.90/1.87/0.56  emits 1.72  spf 15.4  z0 0.02  garr 61.5  pS 0.31  ptS 0.30  fLog 0.30  pdΔ -0.1944  pkR 11.54  clip 0.25  kl +0.012
upd   36  steps 1212416  sps 5447  opp rand  loss -0.021  pg -0.0103  v 0.014  ev +0.97  adv_std 0.185  tR +0.23  ent[s/d/p/e] 1.09/2.90/1.87/0.54  emits 1.78  spf 15.1  z0 0.02  garr 66.6  pS 0.29  ptS 0.29  fLog 0.29  pdΔ -0.2054  pkR 11.31  clip 0.25  kl +0.011
upd   37  steps 1245184  sps 5474  opp rand  loss -0.022  pg -0.0110  v 0.014  ev +0.97  adv_std 0.184  tR +0.15  ent[s/d/p/e] 1.09/2.90/1.87/0.54  emits 1.75  spf 15.0  z0 0.01  garr 66.0  pS 0.29  ptS 0.29  fLog 0.29  pdΔ -0.2085  pkR 9.16  clip 0.25  kl +0.012
upd   38  steps 1277952  sps 5499  opp rand  loss -0.020  pg -0.0097  v 0.017  ev +0.96  adv_std 0.200  tR +0.28  ent[s/d/p/e] 1.11/2.89/1.86/0.53  emits 1.71  spf 16.8  z0 0.03  garr 71.1  pS 0.30  ptS 0.29  fLog 0.30  pdΔ -0.2041  pkR 11.52  clip 0.26  kl +0.013
upd   39  steps 1310720  sps 5523  opp rand  loss -0.022  pg -0.0117  v 0.013  ev +0.97  adv_std 0.184  tR +0.06  ent[s/d/p/e] 1.10/2.89/1.86/0.53  emits 1.75  spf 15.0  z0 0.03  garr 62.1  pS 0.30  ptS 0.29  fLog 0.29  pdΔ -0.2048  pkR 10.45  clip 0.25  kl +0.011
upd   40  steps 1343488  sps 5546  opp rand  loss -0.020  pg -0.0099  v 0.015  ev +0.97  adv_std 0.193  tR +0.10  ent[s/d/p/e] 1.10/2.89/1.86/0.53  emits 1.71  spf 14.8  z0 0.03  garr 61.8  pS 0.29  ptS 0.28  fLog 0.29  pdΔ -0.2109  pkR 9.05  clip 0.25  kl +0.012
upd   41  steps 1376256  sps 5568  opp rand  loss -0.021  pg -0.0109  v 0.015  ev +0.97  adv_std 0.193  tR +0.28  ent[s/d/p/e] 1.06/2.89/1.86/0.54  emits 1.77  spf 14.5  z0 0.02  garr 60.6  pS 0.28  ptS 0.28  fLog 0.28  pdΔ -0.2175  pkR 10.29  clip 0.26  kl +0.013
upd   42  steps 1409024  sps 5589  opp rand  loss -0.022  pg -0.0119  v 0.015  ev +0.96  adv_std 0.194  tR +0.17  ent[s/d/p/e] 1.02/2.89/1.85/0.52  emits 1.74  spf 14.1  z0 0.02  garr 61.6  pS 0.28  ptS 0.27  fLog 0.28  pdΔ -0.2165  pkR 10.98  clip 0.26  kl +0.011
upd   43  steps 1441792  sps 5609  opp rand  loss -0.022  pg -0.0111  v 0.014  ev +0.97  adv_std 0.183  tR +0.21  ent[s/d/p/e] 1.09/2.88/1.85/0.53  emits 1.72  spf 15.8  z0 0.04  garr 64.4  pS 0.30  ptS 0.29  fLog 0.29  pdΔ -0.1992  pkR 10.68  clip 0.26  kl +0.011
upd   44  steps 1474560  sps 5629  opp rand  loss -0.022  pg -0.0112  v 0.015  ev +0.97  adv_std 0.196  tR +0.29  ent[s/d/p/e] 1.22/2.89/1.85/0.55  emits 1.73  spf 18.9  z0 0.02  garr 69.3  pS 0.33  ptS 0.32  fLog 0.32  pdΔ -0.1651  pkR 8.33  clip 0.26  kl +0.011
upd   45  steps 1507328  sps 5648  opp rand  loss -0.022  pg -0.0120  v 0.014  ev +0.96  adv_std 0.185  tR +0.12  ent[s/d/p/e] 1.01/2.89/1.85/0.55  emits 1.73  spf 13.0  z0 0.05  garr 56.5  pS 0.26  ptS 0.25  fLog 0.27  pdΔ -0.2433  pkR 10.39  clip 0.26  kl +0.012
upd   46  steps 1540096  sps 5666  opp rand  loss -0.023  pg -0.0122  v 0.015  ev +0.97  adv_std 0.193  tR +0.26  ent[s/d/p/e] 1.16/2.88/1.84/0.54  emits 1.69  spf 17.1  z0 0.02  garr 66.8  pS 0.31  ptS 0.30  fLog 0.30  pdΔ -0.1948  pkR 9.61  clip 0.27  kl +0.012
upd   47  steps 1572864  sps 5684  opp rand  loss -0.022  pg -0.0112  v 0.014  ev +0.97  adv_std 0.187  tR +0.33  ent[s/d/p/e] 1.10/2.88/1.86/0.54  emits 1.77  spf 14.7  z0 0.03  garr 62.4  pS 0.29  ptS 0.28  fLog 0.28  pdΔ -0.2077  pkR 9.62  clip 0.27  kl +0.012
upd   48  steps 1605632  sps 5701  opp rand  loss -0.023  pg -0.0120  v 0.014  ev +0.97  adv_std 0.189  tR +0.34  ent[s/d/p/e] 1.18/2.88/1.84/0.54  emits 1.73  spf 17.8  z0 0.03  garr 69.6  pS 0.32  ptS 0.31  fLog 0.31  pdΔ -0.1772  pkR 8.79  clip 0.27  kl +0.012
upd   49  steps 1638400  sps 5717  opp rand  loss -0.023  pg -0.0126  v 0.016  ev +0.97  adv_std 0.203  tR +0.27  ent[s/d/p/e] 1.15/2.88/1.85/0.54  emits 1.67  spf 16.8  z0 0.02  garr 65.9  pS 0.30  ptS 0.29  fLog 0.30  pdΔ -0.1983  pkR 6.93  clip 0.25  kl +0.012 WRr 0.81 WRf 0.78
upd   50  steps 1671168  sps 5381  opp rand  loss -0.021  pg -0.0108  v 0.016  ev +0.97  adv_std 0.199  tR +0.40  ent[s/d/p/e] 1.11/2.88/1.86/0.55  emits 1.75  spf 17.1  z0 0.02  garr 68.1  pS 0.32  ptS 0.30  fLog 0.30  pdΔ -0.1843  pkR 8.15  clip 0.27  kl +0.011
upd   51  steps 1703936  sps 5401  opp rand  loss -0.024  pg -0.0132  v 0.016  ev +0.97  adv_std 0.199  tR +0.22  ent[s/d/p/e] 1.18/2.88/1.85/0.53  emits 1.71  spf 18.1  z0 0.03  garr 67.9  pS 0.32  ptS 0.31  fLog 0.32  pdΔ -0.1792  pkR 8.23  clip 0.29  kl +0.014
upd   52  steps 1736704  sps 5257  opp frzn  loss -0.022  pg -0.0119  v 0.016  ev +0.97  adv_std 0.203  tR +0.48  ent[s/d/p/e] 1.22/2.87/1.86/0.53  emits 1.80  spf 17.8  z0 0.01  garr 67.2  pS 0.34  ptS 0.33  fLog 0.32  pdΔ -0.1619  pkR 7.88  clip 0.28  kl +0.015
upd   53  steps 1769472  sps 5277  opp rand  loss -0.025  pg -0.0141  v 0.016  ev +0.97  adv_std 0.205  tR +0.40  ent[s/d/p/e] 1.22/2.87/1.85/0.54  emits 1.75  spf 18.3  z0 0.01  garr 67.2  pS 0.33  ptS 0.32  fLog 0.32  pdΔ -0.1714  pkR 7.90  clip 0.29  kl +0.015
upd   54  steps 1802240  sps 5297  opp rand  loss -0.023  pg -0.0124  v 0.017  ev +0.97  adv_std 0.206  tR +0.33  ent[s/d/p/e] 1.18/2.87/1.85/0.53  emits 1.72  spf 18.4  z0 0.03  garr 67.9  pS 0.32  ptS 0.30  fLog 0.32  pdΔ -0.1822  pkR 7.10  clip 0.28  kl +0.013
upd   55  steps 1835008  sps 5312  opp frzn  loss -0.023  pg -0.0127  v 0.018  ev +0.97  adv_std 0.212  tR +0.33  ent[s/d/p/e] 1.19/2.86/1.86/0.54  emits 1.80  spf 17.1  z0 0.03  garr 68.0  pS 0.31  ptS 0.31  fLog 0.31  pdΔ -0.1854  pkR 8.08  clip 0.28  kl +0.014
upd   56  steps 1867776  sps 5331  opp rand  loss -0.024  pg -0.0137  v 0.018  ev +0.97  adv_std 0.213  tR +0.21  ent[s/d/p/e] 1.17/2.87/1.85/0.54  emits 1.79  spf 17.0  z0 0.03  garr 66.6  pS 0.31  ptS 0.30  fLog 0.31  pdΔ -0.1906  pkR 7.51  clip 0.28  kl +0.014
upd   57  steps 1900544  sps 5345  opp frzn  loss -0.022  pg -0.0121  v 0.017  ev +0.97  adv_std 0.208  tR +0.22  ent[s/d/p/e] 1.14/2.86/1.87/0.54  emits 1.81  spf 15.8  z0 0.03  garr 61.3  pS 0.30  ptS 0.29  fLog 0.30  pdΔ -0.2035  pkR 8.57  clip 0.27  kl +0.014
upd   58  steps 1933312  sps 5363  opp rand  loss -0.021  pg -0.0112  v 0.018  ev +0.97  adv_std 0.212  tR +0.29  ent[s/d/p/e] 1.13/2.86/1.85/0.55  emits 1.74  spf 15.5  z0 0.03  garr 60.8  pS 0.29  ptS 0.28  fLog 0.30  pdΔ -0.2136  pkR 12.79  clip 0.27  kl +0.014
upd   59  steps 1966080  sps 5376  opp frzn  loss -0.023  pg -0.0126  v 0.018  ev +0.97  adv_std 0.212  tR +0.18  ent[s/d/p/e] 1.17/2.86/1.87/0.56  emits 1.84  spf 15.0  z0 0.02  garr 57.7  pS 0.29  ptS 0.28  fLog 0.30  pdΔ -0.2078  pkR 8.06  clip 0.28  kl +0.015
upd   60  steps 1998848  sps 5389  opp frzn  loss -0.021  pg -0.0111  v 0.019  ev +0.97  adv_std 0.217  tR +0.02  ent[s/d/p/e] 1.20/2.85/1.87/0.56  emits 1.81  spf 16.6  z0 0.03  garr 62.4  pS 0.30  ptS 0.30  fLog 0.31  pdΔ -0.1970  pkR 7.53  clip 0.29  kl +0.016
upd   61  steps 2031616  sps 5402  opp frzn  loss -0.023  pg -0.0125  v 0.017  ev +0.97  adv_std 0.213  tR +0.19  ent[s/d/p/e] 1.23/2.86/1.86/0.57  emits 1.80  spf 17.7  z0 0.03  garr 64.8  pS 0.31  ptS 0.30  fLog 0.32  pdΔ -0.1905  pkR 7.44  clip 0.28  kl +0.014
upd   62  steps 2064384  sps 5418  opp rand  loss -0.025  pg -0.0141  v 0.017  ev +0.97  adv_std 0.207  tR +0.32  ent[s/d/p/e] 1.28/2.87/1.85/0.57  emits 1.80  spf 17.8  z0 0.01  garr 63.5  pS 0.32  ptS 0.31  fLog 0.32  pdΔ -0.1764  pkR 7.42  clip 0.28  kl +0.013
upd   63  steps 2097152  sps 5434  opp rand  loss -0.024  pg -0.0139  v 0.019  ev +0.96  adv_std 0.224  tR +0.46  ent[s/d/p/e] 1.34/2.86/1.84/0.58  emits 1.81  spf 18.3  z0 0.02  garr 62.1  pS 0.33  ptS 0.32  fLog 0.34  pdΔ -0.1717  pkR 7.17  clip 0.28  kl +0.014
upd   64  steps 2129920  sps 5449  opp rand  loss -0.024  pg -0.0136  v 0.016  ev +0.97  adv_std 0.206  tR +0.17  ent[s/d/p/e] 1.23/2.86/1.84/0.57  emits 1.76  spf 17.3  z0 0.02  garr 64.4  pS 0.30  ptS 0.29  fLog 0.32  pdΔ -0.2030  pkR 8.78  clip 0.27  kl +0.012
upd   65  steps 2162688  sps 5464  opp rand  loss -0.024  pg -0.0141  v 0.018  ev +0.97  adv_std 0.217  tR +0.41  ent[s/d/p/e] 1.22/2.86/1.84/0.56  emits 1.78  spf 17.8  z0 0.02  garr 65.0  pS 0.31  ptS 0.30  fLog 0.32  pdΔ -0.1865  pkR 9.87  clip 0.28  kl +0.013
upd   66  steps 2195456  sps 5475  opp frzn  loss -0.022  pg -0.0122  v 0.016  ev +0.97  adv_std 0.200  tR +0.22  ent[s/d/p/e] 1.11/2.85/1.85/0.56  emits 1.80  spf 15.3  z0 0.03  garr 59.9  pS 0.28  ptS 0.27  fLog 0.30  pdΔ -0.2156  pkR 7.88  clip 0.28  kl +0.013
upd   67  steps 2228224  sps 5486  opp frzn  loss -0.023  pg -0.0133  v 0.018  ev +0.97  adv_std 0.217  tR +0.20  ent[s/d/p/e] 1.28/2.84/1.83/0.57  emits 1.77  spf 16.8  z0 0.02  garr 61.4  pS 0.31  ptS 0.30  fLog 0.33  pdΔ -0.1947  pkR 7.65  clip 0.29  kl +0.013
upd   68  steps 2260992  sps 5496  opp frzn  loss -0.023  pg -0.0133  v 0.020  ev +0.97  adv_std 0.229  tR +0.21  ent[s/d/p/e] 1.27/2.83/1.83/0.56  emits 1.76  spf 20.3  z0 0.02  garr 72.5  pS 0.32  ptS 0.32  fLog 0.34  pdΔ -0.1789  pkR 7.93  clip 0.29  kl +0.014
upd   69  steps 2293760  sps 5506  opp frzn  loss -0.022  pg -0.0123  v 0.020  ev +0.97  adv_std 0.225  tR +0.17  ent[s/d/p/e] 1.28/2.83/1.83/0.56  emits 1.80  spf 18.7  z0 0.02  garr 68.4  pS 0.32  ptS 0.32  fLog 0.33  pdΔ -0.1768  pkR 7.38  clip 0.30  kl +0.015
upd   70  steps 2326528  sps 5520  opp rand  loss -0.023  pg -0.0132  v 0.020  ev +0.97  adv_std 0.226  tR +0.31  ent[s/d/p/e] 1.31/2.84/1.81/0.55  emits 1.78  spf 19.9  z0 0.02  garr 70.6  pS 0.35  ptS 0.33  fLog 0.34  pdΔ -0.1536  pkR 7.02  clip 0.30  kl +0.014
upd   71  steps 2359296  sps 5529  opp frzn  loss -0.024  pg -0.0142  v 0.018  ev +0.98  adv_std 0.214  tR +0.58  ent[s/d/p/e] 1.25/2.84/1.82/0.57  emits 1.85  spf 18.2  z0 0.03  garr 68.3  pS 0.33  ptS 0.31  fLog 0.33  pdΔ -0.1745  pkR 7.81  clip 0.29  kl +0.015
upd   72  steps 2392064  sps 5542  opp rand  loss -0.024  pg -0.0144  v 0.020  ev +0.97  adv_std 0.222  tR +0.31  ent[s/d/p/e] 1.32/2.84/1.80/0.56  emits 1.82  spf 18.9  z0 0.02  garr 66.3  pS 0.34  ptS 0.33  fLog 0.34  pdΔ -0.1644  pkR 6.05  clip 0.30  kl +0.015
upd   73  steps 2424832  sps 5555  opp rand  loss -0.024  pg -0.0143  v 0.019  ev +0.98  adv_std 0.220  tR +0.44  ent[s/d/p/e] 1.35/2.84/1.79/0.57  emits 1.80  spf 19.6  z0 0.02  garr 68.8  pS 0.34  ptS 0.34  fLog 0.35  pdΔ -0.1553  pkR 6.31  clip 0.30  kl +0.014
upd   74  steps 2457600  sps 5563  opp frzn  loss -0.023  pg -0.0130  v 0.020  ev +0.97  adv_std 0.227  tR +0.45  ent[s/d/p/e] 1.37/2.83/1.80/0.57  emits 1.89  spf 18.9  z0 0.02  garr 67.4  pS 0.35  ptS 0.34  fLog 0.34  pdΔ -0.1547  pkR 7.11  clip 0.30  kl +0.015
upd   75  steps 2490368  sps 5575  opp rand  loss -0.024  pg -0.0138  v 0.020  ev +0.98  adv_std 0.223  tR +0.44  ent[s/d/p/e] 1.27/2.83/1.79/0.57  emits 1.76  spf 19.3  z0 0.03  garr 73.3  pS 0.33  ptS 0.32  fLog 0.34  pdΔ -0.1709  pkR 6.64  clip 0.29  kl +0.016
upd   76  steps 2523136  sps 5587  opp rand  loss -0.023  pg -0.0133  v 0.021  ev +0.97  adv_std 0.230  tR +0.31  ent[s/d/p/e] 1.25/2.83/1.80/0.56  emits 1.78  spf 18.3  z0 0.01  garr 68.7  pS 0.32  ptS 0.31  fLog 0.33  pdΔ -0.1812  pkR 9.97  clip 0.30  kl +0.015
upd   77  steps 2555904  sps 5595  opp frzn  loss -0.023  pg -0.0135  v 0.021  ev +0.98  adv_std 0.232  tR +0.28  ent[s/d/p/e] 1.25/2.82/1.81/0.57  emits 1.86  spf 17.6  z0 0.03  garr 68.9  pS 0.31  ptS 0.31  fLog 0.33  pdΔ -0.1874  pkR 8.30  clip 0.31  kl +0.016
upd   78  steps 2588672  sps 5607  opp rand  loss -0.024  pg -0.0144  v 0.022  ev +0.97  adv_std 0.231  tR +0.26  ent[s/d/p/e] 1.24/2.83/1.79/0.56  emits 1.76  spf 18.3  z0 0.02  garr 68.3  pS 0.32  ptS 0.31  fLog 0.34  pdΔ -0.1824  pkR 7.42  clip 0.30  kl +0.014
upd   79  steps 2621440  sps 5614  opp frzn  loss -0.023  pg -0.0141  v 0.024  ev +0.97  adv_std 0.244  tR +0.33  ent[s/d/p/e] 1.32/2.81/1.79/0.57  emits 1.76  spf 19.6  z0 0.02  garr 71.3  pS 0.33  ptS 0.32  fLog 0.35  pdΔ -0.1700  pkR 6.58  clip 0.31  kl +0.015
upd   80  steps 2654208  sps 5625  opp rand  loss -0.021  pg -0.0128  v 0.025  ev +0.98  adv_std 0.248  tR +0.35  ent[s/d/p/e] 1.28/2.81/1.78/0.56  emits 1.74  spf 20.7  z0 0.02  garr 76.5  pS 0.33  ptS 0.33  fLog 0.35  pdΔ -0.1661  pkR 7.61  clip 0.30  kl +0.016
upd   81  steps 2686976  sps 5636  opp rand  loss -0.023  pg -0.0139  v 0.022  ev +0.98  adv_std 0.234  tR +0.48  ent[s/d/p/e] 1.31/2.82/1.77/0.56  emits 1.71  spf 20.3  z0 0.02  garr 76.3  pS 0.33  ptS 0.32  fLog 0.35  pdΔ -0.1690  pkR 7.12  clip 0.30  kl +0.016
upd   82  steps 2719744  sps 5646  opp rand  loss -0.024  pg -0.0140  v 0.020  ev +0.98  adv_std 0.220  tR +0.39  ent[s/d/p/e] 1.30/2.82/1.75/0.55  emits 1.66  spf 20.1  z0 0.02  garr 76.7  pS 0.32  ptS 0.31  fLog 0.35  pdΔ -0.1784  pkR 7.07  clip 0.30  kl +0.014
upd   83  steps 2752512  sps 5656  opp rand  loss -0.024  pg -0.0142  v 0.021  ev +0.98  adv_std 0.226  tR +0.43  ent[s/d/p/e] 1.31/2.82/1.77/0.56  emits 1.68  spf 20.4  z0 0.01  garr 79.2  pS 0.32  ptS 0.32  fLog 0.35  pdΔ -0.1778  pkR 7.20  clip 0.30  kl +0.014
upd   84  steps 2785280  sps 5663  opp frzn  loss -0.023  pg -0.0143  v 0.022  ev +0.98  adv_std 0.233  tR +0.43  ent[s/d/p/e] 1.23/2.82/1.78/0.56  emits 1.82  spf 18.1  z0 0.02  garr 75.5  pS 0.31  ptS 0.30  fLog 0.33  pdΔ -0.1877  pkR 7.97  clip 0.31  kl +0.016
upd   85  steps 2818048  sps 5670  opp frzn  loss -0.021  pg -0.0121  v 0.025  ev +0.98  adv_std 0.247  tR +0.27  ent[s/d/p/e] 1.30/2.80/1.77/0.57  emits 1.75  spf 18.3  z0 0.03  garr 74.8  pS 0.33  ptS 0.31  fLog 0.34  pdΔ -0.1703  pkR 9.44  clip 0.31  kl +0.017
upd   86  steps 2850816  sps 5680  opp rand  loss -0.024  pg -0.0151  v 0.022  ev +0.98  adv_std 0.235  tR +0.48  ent[s/d/p/e] 1.27/2.82/1.75/0.55  emits 1.68  spf 17.6  z0 0.02  garr 71.8  pS 0.31  ptS 0.31  fLog 0.33  pdΔ -0.1870  pkR 7.49  clip 0.30  kl +0.015
upd   87  steps 2883584  sps 5689  opp rand  loss -0.023  pg -0.0138  v 0.022  ev +0.98  adv_std 0.236  tR +0.49  ent[s/d/p/e] 1.29/2.81/1.75/0.56  emits 1.69  spf 19.0  z0 0.03  garr 73.9  pS 0.31  ptS 0.30  fLog 0.33  pdΔ -0.1902  pkR 9.44  clip 0.30  kl +0.016
upd   88  steps 2916352  sps 5695  opp frzn  loss -0.023  pg -0.0140  v 0.024  ev +0.98  adv_std 0.242  tR +0.52  ent[s/d/p/e] 1.41/2.79/1.75/0.57  emits 1.80  spf 20.0  z0 0.01  garr 74.0  pS 0.35  ptS 0.34  fLog 0.36  pdΔ -0.1491  pkR 7.09  clip 0.32  kl +0.017
upd   89  steps 2949120  sps 5701  opp frzn  loss -0.022  pg -0.0128  v 0.023  ev +0.98  adv_std 0.238  tR +0.18  ent[s/d/p/e] 1.30/2.79/1.75/0.56  emits 1.80  spf 17.9  z0 0.02  garr 72.2  pS 0.32  ptS 0.31  fLog 0.34  pdΔ -0.1783  pkR 8.22  clip 0.32  kl +0.018
upd   90  steps 2981888  sps 5707  opp frzn  loss -0.022  pg -0.0129  v 0.020  ev +0.98  adv_std 0.228  tR +0.34  ent[s/d/p/e] 1.24/2.80/1.76/0.57  emits 1.86  spf 16.0  z0 0.02  garr 69.6  pS 0.29  ptS 0.29  fLog 0.32  pdΔ -0.2068  pkR 7.91  clip 0.31  kl +0.017
upd   91  steps 3014656  sps 5716  opp rand  loss -0.024  pg -0.0145  v 0.021  ev +0.98  adv_std 0.227  tR +0.49  ent[s/d/p/e] 1.37/2.81/1.73/0.55  emits 1.76  spf 18.0  z0 0.02  garr 72.3  pS 0.32  ptS 0.31  fLog 0.34  pdΔ -0.1773  pkR 7.54  clip 0.31  kl +0.015
upd   92  steps 3047424  sps 5722  opp frzn  loss -0.023  pg -0.0138  v 0.021  ev +0.98  adv_std 0.231  tR +0.48  ent[s/d/p/e] 1.35/2.81/1.73/0.56  emits 1.87  spf 17.6  z0 0.02  garr 70.6  pS 0.33  ptS 0.32  fLog 0.34  pdΔ -0.1732  pkR 8.72  clip 0.31  kl +0.017
upd   93  steps 3080192  sps 5728  opp frzn  loss -0.023  pg -0.0141  v 0.023  ev +0.98  adv_std 0.241  tR +0.33  ent[s/d/p/e] 1.33/2.80/1.73/0.56  emits 1.87  spf 17.3  z0 0.02  garr 72.5  pS 0.32  ptS 0.31  fLog 0.33  pdΔ -0.1846  pkR 6.41  clip 0.32  kl +0.017
upd   94  steps 3112960  sps 5733  opp frzn  loss -0.023  pg -0.0141  v 0.021  ev +0.98  adv_std 0.227  tR +0.18  ent[s/d/p/e] 1.27/2.80/1.74/0.56  emits 1.81  spf 15.7  z0 0.03  garr 68.1  pS 0.30  ptS 0.29  fLog 0.32  pdΔ -0.2021  pkR 7.88  clip 0.31  kl +0.017
upd   95  steps 3145728  sps 5738  opp frzn  loss -0.024  pg -0.0150  v 0.021  ev +0.98  adv_std 0.231  tR +0.38  ent[s/d/p/e] 1.33/2.80/1.72/0.56  emits 1.85  spf 17.5  z0 0.02  garr 74.4  pS 0.32  ptS 0.31  fLog 0.34  pdΔ -0.1778  pkR 6.51  clip 0.32  kl +0.018
upd   96  steps 3178496  sps 5747  opp rand  loss -0.024  pg -0.0149  v 0.025  ev +0.98  adv_std 0.248  tR +0.37  ent[s/d/p/e] 1.37/2.80/1.72/0.55  emits 1.84  spf 18.6  z0 0.02  garr 76.9  pS 0.33  ptS 0.32  fLog 0.35  pdΔ -0.1723  pkR 5.79  clip 0.30  kl +0.017
upd   97  steps 3211264  sps 5752  opp frzn  loss -0.024  pg -0.0145  v 0.022  ev +0.98  adv_std 0.237  tR +0.39  ent[s/d/p/e] 1.28/2.80/1.74/0.57  emits 1.88  spf 15.8  z0 0.02  garr 70.8  pS 0.31  ptS 0.30  fLog 0.32  pdΔ -0.1914  pkR 6.99  clip 0.31  kl +0.019
upd   98  steps 3244032  sps 5757  opp frzn  loss -0.023  pg -0.0143  v 0.023  ev +0.98  adv_std 0.244  tR +0.39  ent[s/d/p/e] 1.39/2.79/1.72/0.55  emits 1.88  spf 17.6  z0 0.03  garr 73.2  pS 0.33  ptS 0.32  fLog 0.34  pdΔ -0.1665  pkR 7.00  clip 0.32  kl +0.017
upd   99  steps 3276800  sps 5762  opp frzn  loss -0.025  pg -0.0154  v 0.022  ev +0.98  adv_std 0.236  tR +0.38  ent[s/d/p/e] 1.36/2.80/1.71/0.55  emits 1.91  spf 17.7  z0 0.02  garr 76.5  pS 0.33  ptS 0.32  fLog 0.34  pdΔ -0.1702  pkR 7.06  clip 0.30  kl +0.014 WRr 0.91 WRf 0.88
upd  100  steps 3309568  sps 5667  opp rand  loss -0.023  pg -0.0143  v 0.025  ev +0.98  adv_std 0.249  tR +0.45  ent[s/d/p/e] 1.33/2.80/1.72/0.54  emits 1.85  spf 17.6  z0 0.02  garr 74.0  pS 0.31  ptS 0.31  fLog 0.34  pdΔ -0.1871  pkR 6.81  clip 0.30  kl +0.016
upd  101  steps 3342336  sps 5675  opp rand  loss -0.024  pg -0.0153  v 0.023  ev +0.98  adv_std 0.246  tR +0.51  ent[s/d/p/e] 1.40/2.79/1.70/0.54  emits 1.81  spf 18.7  z0 0.02  garr 75.6  pS 0.33  ptS 0.32  fLog 0.35  pdΔ -0.1687  pkR 7.25  clip 0.31  kl +0.014
upd  102  steps 3375104  sps 5680  opp frzn  loss -0.023  pg -0.0141  v 0.022  ev +0.98  adv_std 0.239  tR +0.30  ent[s/d/p/e] 1.29/2.78/1.72/0.55  emits 1.84  spf 17.6  z0 0.03  garr 78.2  pS 0.32  ptS 0.31  fLog 0.34  pdΔ -0.1785  pkR 8.49  clip 0.32  kl +0.017
upd  103  steps 3407872  sps 5688  opp rand  loss -0.024  pg -0.0149  v 0.024  ev +0.97  adv_std 0.248  tR +0.38  ent[s/d/p/e] 1.33/2.77/1.70/0.54  emits 1.79  spf 18.3  z0 0.02  garr 78.6  pS 0.33  ptS 0.31  fLog 0.35  pdΔ -0.1691  pkR 6.10  clip 0.32  kl +0.016
upd  104  steps 3440640  sps 5696  opp rand  loss -0.022  pg -0.0133  v 0.026  ev +0.98  adv_std 0.257  tR +0.47  ent[s/d/p/e] 1.44/2.76/1.71/0.53  emits 1.91  spf 20.1  z0 0.01  garr 80.0  pS 0.34  ptS 0.34  fLog 0.36  pdΔ -0.1570  pkR 6.81  clip 0.32  kl +0.016
upd  105  steps 3473408  sps 5704  opp rand  loss -0.022  pg -0.0136  v 0.024  ev +0.98  adv_std 0.250  tR +0.42  ent[s/d/p/e] 1.28/2.79/1.72/0.53  emits 1.86  spf 17.5  z0 0.03  garr 75.0  pS 0.30  ptS 0.29  fLog 0.33  pdΔ -0.2020  pkR 8.24  clip 0.33  kl +0.019
upd  106  steps 3506176  sps 5712  opp rand  loss -0.023  pg -0.0141  v 0.022  ev +0.98  adv_std 0.234  tR +0.48  ent[s/d/p/e] 1.40/2.75/1.69/0.54  emits 1.78  spf 19.1  z0 0.01  garr 79.9  pS 0.33  ptS 0.33  fLog 0.36  pdΔ -0.1651  pkR 7.16  clip 0.32  kl +0.014
upd  107  steps 3538944  sps 5716  opp frzn  loss -0.023  pg -0.0140  v 0.024  ev +0.98  adv_std 0.246  tR +0.47  ent[s/d/p/e] 1.39/2.76/1.68/0.56  emits 1.74  spf 19.3  z0 0.02  garr 80.6  pS 0.32  ptS 0.32  fLog 0.35  pdΔ -0.1756  pkR 7.29  clip 0.32  kl +0.017
upd  108  steps 3571712  sps 5724  opp rand  loss -0.025  pg -0.0160  v 0.023  ev +0.98  adv_std 0.239  tR +0.52  ent[s/d/p/e] 1.32/2.76/1.70/0.55  emits 1.80  spf 18.5  z0 0.02  garr 80.3  pS 0.33  ptS 0.31  fLog 0.35  pdΔ -0.1734  pkR 7.06  clip 0.32  kl +0.018
upd  109  steps 3604480  sps 5731  opp rand  loss -0.024  pg -0.0150  v 0.023  ev +0.98  adv_std 0.236  tR +0.63  ent[s/d/p/e] 1.44/2.74/1.68/0.55  emits 1.81  spf 20.7  z0 0.02  garr 82.5  pS 0.34  ptS 0.34  fLog 0.36  pdΔ -0.1593  pkR 6.28  clip 0.31  kl +0.018
upd  110  steps 3637248  sps 5736  opp frzn  loss -0.022  pg -0.0142  v 0.028  ev +0.98  adv_std 0.265  tR +0.67  ent[s/d/p/e] 1.42/2.74/1.67/0.56  emits 1.85  spf 19.5  z0 0.01  garr 80.7  pS 0.34  ptS 0.33  fLog 0.36  pdΔ -0.1613  pkR 7.80  clip 0.33  kl +0.019
upd  111  steps 3670016  sps 5743  opp rand  loss -0.022  pg -0.0139  v 0.028  ev +0.98  adv_std 0.261  tR +0.55  ent[s/d/p/e] 1.41/2.74/1.68/0.55  emits 1.86  spf 21.0  z0 0.01  garr 84.4  pS 0.34  ptS 0.34  fLog 0.36  pdΔ -0.1565  pkR 7.53  clip 0.32  kl +0.019
upd  112  steps 3702784  sps 5750  opp rand  loss -0.023  pg -0.0143  v 0.026  ev +0.98  adv_std 0.255  tR +0.77  ent[s/d/p/e] 1.45/2.73/1.68/0.54  emits 1.82  spf 21.3  z0 0.01  garr 83.5  pS 0.35  ptS 0.34  fLog 0.37  pdΔ -0.1478  pkR 6.28  clip 0.33  kl +0.020
upd  113  steps 3735552  sps 5754  opp frzn  loss -0.024  pg -0.0156  v 0.026  ev +0.98  adv_std 0.257  tR +0.53  ent[s/d/p/e] 1.41/2.73/1.68/0.55  emits 1.82  spf 20.4  z0 0.01  garr 84.5  pS 0.34  ptS 0.33  fLog 0.36  pdΔ -0.1635  pkR 6.96  clip 0.33  kl +0.019
upd  114  steps 3768320  sps 5759  opp frzn  loss -0.022  pg -0.0133  v 0.026  ev +0.98  adv_std 0.253  tR +0.40  ent[s/d/p/e] 1.44/2.73/1.66/0.56  emits 1.81  spf 19.9  z0 0.02  garr 81.6  pS 0.35  ptS 0.34  fLog 0.36  pdΔ -0.1495  pkR 7.34  clip 0.34  kl +0.019
upd  115  steps 3801088  sps 5765  opp rand  loss -0.025  pg -0.0161  v 0.024  ev +0.98  adv_std 0.249  tR +0.64  ent[s/d/p/e] 1.48/2.73/1.66/0.55  emits 1.86  spf 20.7  z0 0.01  garr 84.4  pS 0.36  ptS 0.35  fLog 0.37  pdΔ -0.1355  pkR 5.53  clip 0.34  kl +0.018
upd  116  steps 3833856  sps 5772  opp rand  loss -0.023  pg -0.0152  v 0.029  ev +0.98  adv_std 0.267  tR +0.52  ent[s/d/p/e] 1.40/2.73/1.67/0.55  emits 1.85  spf 19.8  z0 0.02  garr 83.5  pS 0.34  ptS 0.33  fLog 0.36  pdΔ -0.1627  pkR 7.11  clip 0.34  kl +0.019
upd  117  steps 3866624  sps 5778  opp rand  loss -0.022  pg -0.0138  v 0.026  ev +0.98  adv_std 0.253  tR +0.49  ent[s/d/p/e] 1.39/2.73/1.67/0.54  emits 1.86  spf 19.2  z0 0.03  garr 81.7  pS 0.33  ptS 0.32  fLog 0.36  pdΔ -0.1667  pkR 7.13  clip 0.32  kl +0.019
upd  118  steps 3899392  sps 5782  opp frzn  loss -0.023  pg -0.0145  v 0.024  ev +0.98  adv_std 0.243  tR +0.52  ent[s/d/p/e] 1.47/2.73/1.65/0.55  emits 1.86  spf 21.8  z0 0.02  garr 87.1  pS 0.34  ptS 0.34  fLog 0.38  pdΔ -0.1559  pkR 6.06  clip 0.32  kl +0.018
upd  119  steps 3932160  sps 5786  opp frzn  loss -0.022  pg -0.0137  v 0.024  ev +0.98  adv_std 0.245  tR +0.37  ent[s/d/p/e] 1.31/2.74/1.66/0.56  emits 1.82  spf 16.9  z0 0.01  garr 75.9  pS 0.31  ptS 0.30  fLog 0.34  pdΔ -0.1933  pkR 6.74  clip 0.33  kl +0.020
upd  120  steps 3964928  sps 5790  opp frzn  loss -0.023  pg -0.0150  v 0.024  ev +0.98  adv_std 0.241  tR +0.22  ent[s/d/p/e] 1.17/2.72/1.69/0.57  emits 1.82  spf 14.6  z0 0.02  garr 70.6  pS 0.27  ptS 0.26  fLog 0.31  pdΔ -0.2333  pkR 8.11  clip 0.34  kl +0.021
upd  121  steps 3997696  sps 5794  opp frzn  loss -0.023  pg -0.0146  v 0.023  ev +0.98  adv_std 0.236  tR -0.03  ent[s/d/p/e] 1.16/2.73/1.68/0.56  emits 1.78  spf 15.0  z0 0.05  garr 71.8  pS 0.26  ptS 0.26  fLog 0.31  pdΔ -0.2370  pkR 8.72  clip 0.33  kl +0.019
upd  122  steps 4030464  sps 5798  opp frzn  loss -0.022  pg -0.0141  v 0.026  ev +0.98  adv_std 0.251  tR +0.24  ent[s/d/p/e] 1.35/2.72/1.66/0.57  emits 1.84  spf 17.2  z0 0.02  garr 75.5  pS 0.31  ptS 0.30  fLog 0.34  pdΔ -0.1944  pkR 7.57  clip 0.34  kl +0.020
upd  123  steps 4063232  sps 5804  opp rand  loss -0.022  pg -0.0148  v 0.031  ev +0.98  adv_std 0.271  tR +0.35  ent[s/d/p/e] 1.41/2.70/1.64/0.56  emits 1.88  spf 20.3  z0 0.02  garr 81.8  pS 0.32  ptS 0.32  fLog 0.36  pdΔ -0.1771  pkR 7.06  clip 0.34  kl +0.018
upd  124  steps 4096000  sps 5810  opp rand  loss -0.022  pg -0.0149  v 0.033  ev +0.98  adv_std 0.283  tR +0.48  ent[s/d/p/e] 1.44/2.67/1.64/0.56  emits 1.85  spf 20.0  z0 0.02  garr 81.2  pS 0.34  ptS 0.32  fLog 0.37  pdΔ -0.1623  pkR 6.95  clip 0.34  kl +0.018
upd  125  steps 4128768  sps 5813  opp frzn  loss -0.023  pg -0.0149  v 0.030  ev +0.98  adv_std 0.272  tR +0.69  ent[s/d/p/e] 1.52/2.68/1.62/0.57  emits 1.93  spf 21.9  z0 0.01  garr 87.2  pS 0.37  ptS 0.36  fLog 0.38  pdΔ -0.1319  pkR 5.65  clip 0.34  kl +0.021
upd  126  steps 4161536  sps 5817  opp frzn  loss -0.022  pg -0.0138  v 0.029  ev +0.98  adv_std 0.268  tR +0.37  ent[s/d/p/e] 1.40/2.69/1.63/0.57  emits 1.84  spf 19.6  z0 0.03  garr 83.5  pS 0.32  ptS 0.31  fLog 0.36  pdΔ -0.1804  pkR 7.78  clip 0.34  kl +0.020
upd  127  steps 4194304  sps 5823  opp rand  loss -0.020  pg -0.0132  v 0.034  ev +0.98  adv_std 0.286  tR +0.52  ent[s/d/p/e] 1.39/2.67/1.65/0.56  emits 1.90  spf 19.6  z0 0.01  garr 83.7  pS 0.34  ptS 0.33  fLog 0.36  pdΔ -0.1625  pkR 6.85  clip 0.36  kl +0.025
upd  128  steps 4227072  sps 5828  opp rand  loss -0.021  pg -0.0140  v 0.033  ev +0.98  adv_std 0.287  tR +0.51  ent[s/d/p/e] 1.48/2.66/1.63/0.55  emits 1.92  spf 20.5  z0 0.02  garr 83.5  pS 0.35  ptS 0.34  fLog 0.37  pdΔ -0.1482  pkR 7.00  clip 0.35  kl +0.021
upd  129  steps 4259840  sps 5832  opp frzn  loss -0.021  pg -0.0131  v 0.027  ev +0.98  adv_std 0.262  tR +0.43  ent[s/d/p/e] 1.38/2.68/1.63/0.56  emits 1.97  spf 19.8  z0 0.02  garr 87.7  pS 0.33  ptS 0.32  fLog 0.36  pdΔ -0.1739  pkR 7.23  clip 0.34  kl +0.022
upd  130  steps 4292608  sps 5837  opp rand  loss -0.022  pg -0.0150  v 0.029  ev +0.98  adv_std 0.270  tR +0.39  ent[s/d/p/e] 1.29/2.66/1.65/0.57  emits 1.79  spf 18.4  z0 0.02  garr 82.3  pS 0.30  ptS 0.30  fLog 0.34  pdΔ -0.2012  pkR 6.87  clip 0.34  kl +0.019
upd  131  steps 4325376  sps 5840  opp frzn  loss -0.020  pg -0.0127  v 0.032  ev +0.98  adv_std 0.284  tR +0.52  ent[s/d/p/e] 1.45/2.68/1.62/0.56  emits 2.01  spf 19.9  z0 0.01  garr 88.2  pS 0.35  ptS 0.34  fLog 0.36  pdΔ -0.1517  pkR 8.54  clip 0.36  kl +0.023
upd  132  steps 4358144  sps 5846  opp rand  loss -0.021  pg -0.0137  v 0.034  ev +0.98  adv_std 0.286  tR +0.53  ent[s/d/p/e] 1.44/2.67/1.64/0.55  emits 2.04  spf 20.0  z0 0.01  garr 84.0  pS 0.35  ptS 0.34  fLog 0.37  pdΔ -0.1456  pkR 7.83  clip 0.36  kl +0.021
upd  133  steps 4390912  sps 5851  opp rand  loss -0.023  pg -0.0154  v 0.030  ev +0.98  adv_std 0.274  tR +0.51  ent[s/d/p/e] 1.45/2.65/1.64/0.56  emits 1.93  spf 19.6  z0 0.02  garr 83.7  pS 0.35  ptS 0.34  fLog 0.36  pdΔ -0.1541  pkR 5.97  clip 0.35  kl +0.021
upd  134  steps 4423680  sps 5856  opp rand  loss -0.020  pg -0.0133  v 0.033  ev +0.98  adv_std 0.285  tR +0.53  ent[s/d/p/e] 1.39/2.65/1.65/0.56  emits 1.93  spf 20.5  z0 0.02  garr 89.7  pS 0.34  ptS 0.33  fLog 0.36  pdΔ -0.1623  pkR 6.84  clip 0.34  kl +0.020
upd  135  steps 4456448  sps 5859  opp frzn  loss -0.021  pg -0.0141  v 0.034  ev +0.98  adv_std 0.291  tR +0.69  ent[s/d/p/e] 1.45/2.65/1.62/0.57  emits 1.91  spf 19.7  z0 0.02  garr 84.7  pS 0.35  ptS 0.34  fLog 0.36  pdΔ -0.1507  pkR 6.86  clip 0.36  kl +0.026
upd  136  steps 4489216  sps 5864  opp rand  loss -0.021  pg -0.0133  v 0.029  ev +0.98  adv_std 0.265  tR +0.62  ent[s/d/p/e] 1.39/2.66/1.64/0.57  emits 1.93  spf 19.2  z0 0.02  garr 86.1  pS 0.34  ptS 0.33  fLog 0.35  pdΔ -0.1595  pkR 7.96  clip 0.34  kl +0.020
upd  137  steps 4521984  sps 5869  opp rand  loss -0.022  pg -0.0141  v 0.030  ev +0.98  adv_std 0.275  tR +0.61  ent[s/d/p/e] 1.43/2.64/1.64/0.56  emits 1.92  spf 19.2  z0 0.02  garr 83.2  pS 0.34  ptS 0.33  fLog 0.35  pdΔ -0.1621  pkR 7.68  clip 0.34  kl +0.020
upd  138  steps 4554752  sps 5872  opp frzn  loss -0.022  pg -0.0141  v 0.027  ev +0.98  adv_std 0.261  tR +0.52  ent[s/d/p/e] 1.40/2.64/1.61/0.57  emits 1.91  spf 20.6  z0 0.01  garr 91.9  pS 0.34  ptS 0.34  fLog 0.36  pdΔ -0.1574  pkR 8.06  clip 0.36  kl +0.022
upd  139  steps 4587520  sps 5875  opp frzn  loss -0.020  pg -0.0129  v 0.032  ev +0.98  adv_std 0.282  tR +0.30  ent[s/d/p/e] 1.28/2.65/1.62/0.58  emits 1.85  spf 18.0  z0 0.03  garr 83.9  pS 0.30  ptS 0.30  fLog 0.34  pdΔ -0.1957  pkR 8.82  clip 0.36  kl +0.022
upd  140  steps 4620288  sps 5878  opp frzn  loss -0.021  pg -0.0144  v 0.031  ev +0.98  adv_std 0.283  tR +0.33  ent[s/d/p/e] 1.31/2.65/1.63/0.57  emits 1.96  spf 18.6  z0 0.02  garr 87.9  pS 0.32  ptS 0.31  fLog 0.34  pdΔ -0.1820  pkR 8.38  clip 0.34  kl +0.023
upd  141  steps 4653056  sps 5883  opp rand  loss -0.018  pg -0.0111  v 0.034  ev +0.98  adv_std 0.293  tR +0.54  ent[s/d/p/e] 1.41/2.63/1.62/0.55  emits 2.00  spf 20.6  z0 0.02  garr 91.3  pS 0.35  ptS 0.34  fLog 0.36  pdΔ -0.1514  pkR 7.31  clip 0.37  kl +0.025
upd  142  steps 4685824  sps 5888  opp rand  loss -0.022  pg -0.0147  v 0.031  ev +0.98  adv_std 0.278  tR +0.66  ent[s/d/p/e] 1.34/2.64/1.63/0.56  emits 1.94  spf 18.6  z0 0.02  garr 87.2  pS 0.33  ptS 0.32  fLog 0.34  pdΔ -0.1703  pkR 8.32  clip 0.36  kl +0.023
upd  143  steps 4718592  sps 5890  opp frzn  loss -0.020  pg -0.0134  v 0.032  ev +0.98  adv_std 0.283  tR +0.59  ent[s/d/p/e] 1.40/2.61/1.60/0.57  emits 1.95  spf 19.8  z0 0.02  garr 91.0  pS 0.33  ptS 0.33  fLog 0.36  pdΔ -0.1685  pkR 10.37  clip 0.36  kl +0.023
upd  144  steps 4751360  sps 5893  opp frzn  loss -0.020  pg -0.0131  v 0.033  ev +0.98  adv_std 0.288  tR +0.32  ent[s/d/p/e] 1.46/2.60/1.58/0.58  emits 1.98  spf 22.0  z0 0.01  garr 93.3  pS 0.35  ptS 0.34  fLog 0.38  pdΔ -0.1485  pkR 9.31  clip 0.37  kl +0.024
upd  145  steps 4784128  sps 5896  opp frzn  loss -0.022  pg -0.0143  v 0.029  ev +0.98  adv_std 0.278  tR +0.39  ent[s/d/p/e] 1.36/2.62/1.61/0.57  emits 1.98  spf 18.3  z0 0.03  garr 86.6  pS 0.32  ptS 0.32  fLog 0.35  pdΔ -0.1777  pkR 6.47  clip 0.36  kl +0.025
upd  146  steps 4816896  sps 5898  opp frzn  loss -0.022  pg -0.0143  v 0.029  ev +0.98  adv_std 0.269  tR +0.30  ent[s/d/p/e] 1.41/2.61/1.58/0.57  emits 1.91  spf 19.9  z0 0.03  garr 90.3  pS 0.33  ptS 0.33  fLog 0.36  pdΔ -0.1687  pkR 6.61  clip 0.36  kl +0.022
upd  147  steps 4849664  sps 5903  opp rand  loss -0.022  pg -0.0144  v 0.030  ev +0.98  adv_std 0.269  tR +0.47  ent[s/d/p/e] 1.39/2.63/1.62/0.57  emits 1.91  spf 19.4  z0 0.01  garr 84.8  pS 0.34  ptS 0.33  fLog 0.35  pdΔ -0.1634  pkR 6.30  clip 0.35  kl +0.020
upd  148  steps 4882432  sps 5905  opp frzn  loss -0.021  pg -0.0139  v 0.032  ev +0.98  adv_std 0.283  tR +0.68  ent[s/d/p/e] 1.52/2.62/1.58/0.56  emits 2.08  spf 22.0  z0 0.01  garr 93.3  pS 0.38  ptS 0.37  fLog 0.38  pdΔ -0.1242  pkR 5.37  clip 0.35  kl +0.022
upd  149  steps 4915200  sps 5907  opp frzn  loss -0.023  pg -0.0150  v 0.028  ev +0.98  adv_std 0.264  tR +0.61  ent[s/d/p/e] 1.47/2.62/1.57/0.57  emits 1.92  spf 18.8  z0 0.01  garr 84.8  pS 0.34  ptS 0.33  fLog 0.35  pdΔ -0.1567  pkR 7.98  clip 0.36  kl +0.021 WRr 0.88 WRf 0.88
upd  150  steps 4947968  sps 5842  opp rand  loss -0.022  pg -0.0142  v 0.028  ev +0.98  adv_std 0.266  tR +0.59  ent[s/d/p/e] 1.35/2.65/1.61/0.55  emits 2.10  spf 16.5  z0 0.02  garr 78.5  pS 0.33  ptS 0.32  fLog 0.33  pdΔ -0.1729  pkR 7.31  clip 0.37  kl +0.024
upd  151  steps 4980736  sps 5847  opp rand  loss -0.022  pg -0.0150  v 0.031  ev +0.98  adv_std 0.277  tR +0.62  ent[s/d/p/e] 1.48/2.62/1.61/0.55  emits 2.11  spf 19.3  z0 0.02  garr 85.3  pS 0.36  ptS 0.35  fLog 0.36  pdΔ -0.1400  pkR 7.26  clip 0.37  kl +0.023
upd  152  steps 5013504  sps 5850  opp frzn  loss -0.021  pg -0.0143  v 0.033  ev +0.98  adv_std 0.293  tR +0.38  ent[s/d/p/e] 1.38/2.63/1.59/0.55  emits 2.19  spf 19.2  z0 0.03  garr 89.6  pS 0.33  ptS 0.32  fLog 0.35  pdΔ -0.1689  pkR 7.17  clip 0.36  kl +0.024
upd  153  steps 5046272  sps 5854  opp rand  loss -0.022  pg -0.0149  v 0.033  ev +0.98  adv_std 0.287  tR +0.26  ent[s/d/p/e] 1.43/2.60/1.58/0.56  emits 1.96  spf 21.6  z0 0.03  garr 94.1  pS 0.35  ptS 0.34  fLog 0.37  pdΔ -0.1547  pkR 6.27  clip 0.36  kl +0.022
upd  154  steps 5079040  sps 5857  opp frzn  loss -0.022  pg -0.0153  v 0.032  ev +0.98  adv_std 0.286  tR +0.68  ent[s/d/p/e] 1.50/2.60/1.55/0.55  emits 2.17  spf 21.0  z0 0.01  garr 91.6  pS 0.37  ptS 0.36  fLog 0.37  pdΔ -0.1302  pkR 6.88  clip 0.38  kl +0.025
upd  155  steps 5111808  sps 5862  opp rand  loss -0.020  pg -0.0140  v 0.035  ev +0.98  adv_std 0.297  tR +0.52  ent[s/d/p/e] 1.38/2.61/1.58/0.54  emits 2.07  spf 18.9  z0 0.03  garr 85.1  pS 0.33  ptS 0.32  fLog 0.36  pdΔ -0.1693  pkR 6.55  clip 0.37  kl +0.024
upd  156  steps 5144576  sps 5864  opp frzn  loss -0.020  pg -0.0135  v 0.033  ev +0.98  adv_std 0.288  tR +0.63  ent[s/d/p/e] 1.49/2.60/1.54/0.56  emits 2.19  spf 20.1  z0 0.02  garr 87.6  pS 0.36  ptS 0.35  fLog 0.37  pdΔ -0.1388  pkR 5.32  clip 0.37  kl +0.025
upd  157  steps 5177344  sps 5867  opp frzn  loss -0.020  pg -0.0133  v 0.033  ev +0.98  adv_std 0.291  tR +0.16  ent[s/d/p/e] 1.38/2.60/1.55/0.55  emits 2.06  spf 17.7  z0 0.02  garr 85.3  pS 0.33  ptS 0.31  fLog 0.35  pdΔ -0.1734  pkR 6.65  clip 0.37  kl +0.028
upd  158  steps 5210112  sps 5869  opp frzn  loss -0.020  pg -0.0134  v 0.035  ev +0.98  adv_std 0.298  tR +0.28  ent[s/d/p/e] 1.44/2.58/1.54/0.55  emits 2.12  spf 19.1  z0 0.02  garr 85.9  pS 0.34  ptS 0.33  fLog 0.36  pdΔ -0.1584  pkR 7.29  clip 0.37  kl +0.023
upd  159  steps 5242880  sps 5874  opp rand  loss -0.017  pg -0.0126  v 0.042  ev +0.98  adv_std 0.325  tR +0.55  ent[s/d/p/e] 1.45/2.59/1.57/0.53  emits 2.20  spf 20.3  z0 0.01  garr 86.4  pS 0.34  ptS 0.34  fLog 0.37  pdΔ -0.1555  pkR 9.13  clip 0.37  kl +0.027
upd  160  steps 5275648  sps 5876  opp frzn  loss -0.019  pg -0.0130  v 0.039  ev +0.98  adv_std 0.315  tR +0.59  ent[s/d/p/e] 1.56/2.56/1.52/0.54  emits 2.32  spf 22.1  z0 0.02  garr 90.7  pS 0.37  ptS 0.36  fLog 0.39  pdΔ -0.1270  pkR 6.41  clip 0.38  kl +0.027
upd  161  steps 5308416  sps 5879  opp frzn  loss -0.016  pg -0.0109  v 0.039  ev +0.98  adv_std 0.314  tR +0.47  ent[s/d/p/e] 1.42/2.58/1.55/0.54  emits 2.28  spf 17.8  z0 0.00  garr 81.6  pS 0.33  ptS 0.33  fLog 0.35  pdΔ -0.1650  pkR 6.74  clip 0.39  kl +0.027
upd  162  steps 5341184  sps 5881  opp frzn  loss -0.017  pg -0.0114  v 0.035  ev +0.98  adv_std 0.296  tR +0.22  ent[s/d/p/e] 1.31/2.60/1.56/0.54  emits 2.23  spf 15.8  z0 0.03  garr 76.8  pS 0.31  ptS 0.30  fLog 0.33  pdΔ -0.1943  pkR 10.51  clip 0.38  kl +0.030
upd  163  steps 5373952  sps 5885  opp rand  loss -0.020  pg -0.0140  v 0.033  ev +0.98  adv_std 0.286  tR +0.35  ent[s/d/p/e] 1.41/2.57/1.54/0.55  emits 2.17  spf 18.0  z0 0.02  garr 79.4  pS 0.34  ptS 0.33  fLog 0.35  pdΔ -0.1585  pkR 7.81  clip 0.37  kl +0.023
upd  164  steps 5406720  sps 5889  opp rand  loss -0.020  pg -0.0137  v 0.037  ev +0.98  adv_std 0.300  tR +0.57  ent[s/d/p/e] 1.49/2.57/1.54/0.53  emits 2.23  spf 19.4  z0 0.02  garr 82.2  pS 0.36  ptS 0.35  fLog 0.37  pdΔ -0.1426  pkR 5.84  clip 0.36  kl +0.020
upd  165  steps 5439488  sps 5893  opp rand  loss -0.019  pg -0.0126  v 0.035  ev +0.98  adv_std 0.291  tR +0.71  ent[s/d/p/e] 1.51/2.57/1.54/0.54  emits 2.26  spf 19.6  z0 0.01  garr 82.7  pS 0.36  ptS 0.35  fLog 0.37  pdΔ -0.1444  pkR 6.82  clip 0.36  kl +0.023
upd  166  steps 5472256  sps 5896  opp frzn  loss -0.019  pg -0.0136  v 0.038  ev +0.98  adv_std 0.313  tR +0.43  ent[s/d/p/e] 1.43/2.59/1.55/0.54  emits 2.29  spf 17.3  z0 0.03  garr 77.8  pS 0.32  ptS 0.31  fLog 0.35  pdΔ -0.1791  pkR 8.60  clip 0.37  kl +0.026
upd  167  steps 5505024  sps 5900  opp rand  loss -0.022  pg -0.0155  v 0.033  ev +0.98  adv_std 0.288  tR +0.38  ent[s/d/p/e] 1.39/2.58/1.56/0.55  emits 2.12  spf 17.9  z0 0.01  garr 76.9  pS 0.31  ptS 0.31  fLog 0.35  pdΔ -0.1873  pkR 7.69  clip 0.36  kl +0.020
upd  168  steps 5537792  sps 5903  opp rand  loss -0.020  pg -0.0141  v 0.038  ev +0.98  adv_std 0.307  tR +0.51  ent[s/d/p/e] 1.47/2.57/1.55/0.54  emits 2.16  spf 20.3  z0 0.02  garr 84.1  pS 0.35  ptS 0.34  fLog 0.37  pdΔ -0.1534  pkR 7.39  clip 0.37  kl +0.024
upd  169  steps 5570560  sps 5907  opp rand  loss -0.019  pg -0.0140  v 0.040  ev +0.98  adv_std 0.313  tR +0.63  ent[s/d/p/e] 1.54/2.55/1.54/0.53  emits 2.20  spf 20.1  z0 0.02  garr 83.4  pS 0.36  ptS 0.35  fLog 0.37  pdΔ -0.1353  pkR 7.23  clip 0.37  kl +0.023
upd  170  steps 5603328  sps 5911  opp rand  loss -0.018  pg -0.0135  v 0.042  ev +0.98  adv_std 0.315  tR +0.65  ent[s/d/p/e] 1.51/2.55/1.54/0.53  emits 2.23  spf 22.4  z0 0.01  garr 90.9  pS 0.36  ptS 0.35  fLog 0.38  pdΔ -0.1399  pkR 7.12  clip 0.36  kl +0.024
upd  171  steps 5636096  sps 5913  opp frzn  loss -0.017  pg -0.0120  v 0.042  ev +0.98  adv_std 0.321  tR +0.54  ent[s/d/p/e] 1.51/2.54/1.51/0.54  emits 2.33  spf 21.4  z0 0.01  garr 88.7  pS 0.37  ptS 0.36  fLog 0.38  pdΔ -0.1330  pkR 6.31  clip 0.38  kl +0.027
upd  172  steps 5668864  sps 5917  opp rand  loss -0.016  pg -0.0115  v 0.046  ev +0.98  adv_std 0.331  tR +0.56  ent[s/d/p/e] 1.61/2.54/1.52/0.53  emits 2.31  spf 22.4  z0 0.02  garr 87.8  pS 0.39  ptS 0.38  fLog 0.39  pdΔ -0.1111  pkR 6.67  clip 0.38  kl +0.029
upd  173  steps 5701632  sps 5921  opp rand  loss -0.020  pg -0.0144  v 0.040  ev +0.98  adv_std 0.315  tR +0.66  ent[s/d/p/e] 1.48/2.56/1.54/0.52  emits 2.29  spf 19.2  z0 0.01  garr 82.4  pS 0.36  ptS 0.35  fLog 0.36  pdΔ -0.1424  pkR 6.73  clip 0.38  kl +0.024
upd  174  steps 5734400  sps 5925  opp rand  loss -0.018  pg -0.0134  v 0.042  ev +0.98  adv_std 0.318  tR +0.58  ent[s/d/p/e] 1.58/2.53/1.51/0.52  emits 2.27  spf 21.5  z0 0.02  garr 86.5  pS 0.38  ptS 0.37  fLog 0.38  pdΔ -0.1205  pkR 5.45  clip 0.37  kl +0.023
upd  175  steps 5767168  sps 5928  opp rand  loss -0.017  pg -0.0128  v 0.046  ev +0.98  adv_std 0.332  tR +0.64  ent[s/d/p/e] 1.58/2.54/1.51/0.51  emits 2.38  spf 22.2  z0 0.01  garr 89.1  pS 0.39  ptS 0.37  fLog 0.39  pdΔ -0.1135  pkR 6.31  clip 0.38  kl +0.026
upd  176  steps 5799936  sps 5930  opp frzn  loss -0.016  pg -0.0117  v 0.045  ev +0.98  adv_std 0.334  tR +0.41  ent[s/d/p/e] 1.47/2.54/1.50/0.52  emits 2.32  spf 20.4  z0 0.02  garr 92.3  pS 0.35  ptS 0.34  fLog 0.37  pdΔ -0.1536  pkR 6.58  clip 0.38  kl +0.028
upd  177  steps 5832704  sps 5934  opp rand  loss -0.020  pg -0.0154  v 0.040  ev +0.98  adv_std 0.317  tR +0.40  ent[s/d/p/e] 1.37/2.54/1.52/0.54  emits 2.06  spf 19.1  z0 0.02  garr 87.2  pS 0.31  ptS 0.31  fLog 0.35  pdΔ -0.1858  pkR 9.81  clip 0.37  kl +0.023
upd  178  steps 5865472  sps 5937  opp rand  loss -0.018  pg -0.0127  v 0.040  ev +0.98  adv_std 0.309  tR +0.71  ent[s/d/p/e] 1.50/2.53/1.50/0.53  emits 2.22  spf 22.5  z0 0.01  garr 92.5  pS 0.35  ptS 0.34  fLog 0.38  pdΔ -0.1458  pkR 7.20  clip 0.37  kl +0.023
upd  179  steps 5898240  sps 5941  opp rand  loss -0.019  pg -0.0140  v 0.039  ev +0.98  adv_std 0.311  tR +0.60  ent[s/d/p/e] 1.44/2.54/1.49/0.54  emits 2.14  spf 21.4  z0 0.01  garr 91.4  pS 0.34  ptS 0.33  fLog 0.37  pdΔ -0.1585  pkR 6.19  clip 0.37  kl +0.024
upd  180  steps 5931008  sps 5945  opp rand  loss -0.020  pg -0.0141  v 0.037  ev +0.98  adv_std 0.299  tR +0.72  ent[s/d/p/e] 1.48/2.53/1.51/0.53  emits 2.10  spf 19.8  z0 0.01  garr 87.9  pS 0.35  ptS 0.34  fLog 0.36  pdΔ -0.1492  pkR 6.40  clip 0.37  kl +0.026
upd  181  steps 5963776  sps 5946  opp frzn  loss -0.019  pg -0.0132  v 0.038  ev +0.98  adv_std 0.310  tR +0.62  ent[s/d/p/e] 1.54/2.53/1.46/0.54  emits 2.15  spf 21.9  z0 0.01  garr 93.3  pS 0.37  ptS 0.36  fLog 0.38  pdΔ -0.1293  pkR 9.29  clip 0.39  kl +0.025
upd  182  steps 5996544  sps 5948  opp frzn  loss -0.017  pg -0.0131  v 0.047  ev +0.98  adv_std 0.336  tR +0.51  ent[s/d/p/e] 1.54/2.49/1.46/0.55  emits 2.14  spf 24.9  z0 0.01  garr 99.5  pS 0.38  ptS 0.36  fLog 0.40  pdΔ -0.1248  pkR 12.43  clip 0.39  kl +0.027
upd  183  steps 6029312  sps 5952  opp rand  loss -0.015  pg -0.0110  v 0.044  ev +0.98  adv_std 0.330  tR +0.52  ent[s/d/p/e] 1.46/2.52/1.50/0.54  emits 2.10  spf 22.4  z0 0.02  garr 94.5  pS 0.34  ptS 0.33  fLog 0.38  pdΔ -0.1568  pkR 9.38  clip 0.38  kl +0.027
upd  184  steps 6062080  sps 5955  opp rand  loss -0.019  pg -0.0139  v 0.040  ev +0.98  adv_std 0.309  tR +0.60  ent[s/d/p/e] 1.50/2.52/1.50/0.53  emits 2.13  spf 21.2  z0 0.02  garr 91.6  pS 0.35  ptS 0.34  fLog 0.38  pdΔ -0.1482  pkR 6.38  clip 0.37  kl +0.027
upd  185  steps 6094848  sps 5957  opp frzn  loss -0.019  pg -0.0138  v 0.040  ev +0.98  adv_std 0.309  tR +0.56  ent[s/d/p/e] 1.53/2.48/1.45/0.55  emits 2.06  spf 24.2  z0 0.02  garr 101.2  pS 0.36  ptS 0.35  fLog 0.39  pdΔ -0.1396  pkR 7.28  clip 0.38  kl +0.026