nohup: 忽略输入
upd    0  steps    8192  sps 289  opp rand  loss -0.057  pg -0.0019  v 0.006  adv_std 0.119  tR +1.00  ent[s/d/p/e] 0.69/2.98/1.33/0.65  emits 1.42  clip 0.01  kl +0.000
upd    1  steps   16384  sps 564  opp rand  loss -0.044  pg -0.0014  v 0.040  adv_std 0.288  tR -0.10  ent[s/d/p/e] 1.46/2.98/1.31/0.67  emits 1.57  clip 0.04  kl +0.002
upd    2  steps   24576  sps 828  opp rand  loss -0.060  pg -0.0026  v 0.005  adv_std 0.109  tR +0.20  ent[s/d/p/e] 0.91/2.98/1.33/0.68  emits 1.45  clip 0.05  kl +0.002
upd    3  steps   32768  sps 1080  opp rand  loss -0.052  pg -0.0013  v 0.023  adv_std 0.223  tR -0.15  ent[s/d/p/e] 1.30/2.98/1.31/0.68  emits 1.58  clip 0.09  kl +0.006
upd    4  steps   40960  sps 1321  opp rand  loss -0.061  pg -0.0030  v 0.005  adv_std 0.107  tR +0.50  ent[s/d/p/e] 0.94/2.98/1.34/0.68  emits 1.59  clip 0.10  kl +0.005
upd    5  steps   49152  sps 1553  opp rand  loss -0.055  pg -0.0003  v 0.014  adv_std 0.176  tR -0.32  ent[s/d/p/e] 1.25/2.97/1.31/0.69  emits 1.64  clip 0.14  kl +0.005
upd    6  steps   57344  sps 1775  opp rand  loss -0.060  pg -0.0030  v 0.007  adv_std 0.121  tR -0.47  ent[s/d/p/e] 0.94/2.97/1.32/0.69  emits 1.57  clip 0.09  kl +0.003
upd    7  steps   65536  sps 1988  opp rand  loss -0.055  pg -0.0014  v 0.014  adv_std 0.171  tR +0.14  ent[s/d/p/e] 1.12/2.97/1.30/0.69  emits 1.61  clip 0.11  kl +0.004
upd    8  steps   73728  sps 2193  opp rand  loss -0.062  pg -0.0039  v 0.007  adv_std 0.119  tR +0.05  ent[s/d/p/e] 1.10/2.97/1.31/0.69  emits 1.60  clip 0.09  kl +0.004
upd    9  steps   81920  sps 2390  opp rand  loss -0.058  pg -0.0025  v 0.012  adv_std 0.162  tR -0.29  ent[s/d/p/e] 1.12/2.97/1.31/0.69  emits 1.73  clip 0.10  kl +0.005 WRr 0.31
upd   10  steps   90112  sps 2155  opp rand  loss -0.059  pg -0.0022  v 0.008  adv_std 0.127  tR -0.05  ent[s/d/p/e] 1.13/2.97/1.29/0.69  emits 1.72  clip 0.14  kl +0.007
upd   11  steps   98304  sps 2314  opp rand  loss -0.058  pg -0.0027  v 0.013  adv_std 0.164  tR -0.13  ent[s/d/p/e] 1.11/2.97/1.31/0.69  emits 1.69  clip 0.09  kl +0.004
upd   12  steps  106496  sps 2469  opp rand  loss -0.060  pg -0.0026  v 0.008  adv_std 0.127  tR -0.04  ent[s/d/p/e] 1.21/2.96/1.31/0.69  emits 1.71  clip 0.10  kl +0.004
upd   13  steps  114688  sps 2619  opp rand  loss -0.058  pg -0.0040  v 0.013  adv_std 0.163  tR -0.10  ent[s/d/p/e] 1.08/2.96/1.30/0.68  emits 1.78  clip 0.09  kl +0.004
upd   14  steps  122880  sps 2765  opp rand  loss -0.062  pg -0.0048  v 0.008  adv_std 0.126  tR -0.08  ent[s/d/p/e] 1.21/2.95/1.30/0.68  emits 1.75  clip 0.10  kl +0.005
upd   15  steps  131072  sps 2906  opp rand  loss -0.058  pg -0.0028  v 0.011  adv_std 0.151  tR -0.30  ent[s/d/p/e] 1.08/2.95/1.31/0.68  emits 1.81  clip 0.10  kl +0.005
upd   16  steps  139264  sps 3044  opp rand  loss -0.059  pg -0.0019  v 0.008  adv_std 0.129  tR -0.26  ent[s/d/p/e] 1.18/2.95/1.31/0.68  emits 1.81  clip 0.11  kl +0.005
upd   17  steps  147456  sps 3177  opp rand  loss -0.060  pg -0.0033  v 0.009  adv_std 0.140  tR +0.00  ent[s/d/p/e] 1.19/2.96/1.32/0.68  emits 1.77  clip 0.08  kl +0.004
upd   18  steps  155648  sps 3307  opp rand  loss -0.059  pg -0.0031  v 0.010  adv_std 0.143  tR +0.03  ent[s/d/p/e] 1.15/2.95/1.30/0.69  emits 1.70  clip 0.06  kl +0.004
upd   19  steps  163840  sps 3433  opp rand  loss -0.060  pg -0.0029  v 0.007  adv_std 0.122  tR +0.12  ent[s/d/p/e] 1.10/2.95/1.31/0.69  emits 1.66  clip 0.07  kl +0.003 WRr 0.41 WRf 0.38
upd   20  steps  172032  sps 2979  opp rand  loss -0.061  pg -0.0033  v 0.008  adv_std 0.132  tR +0.00  ent[s/d/p/e] 1.22/2.95/1.31/0.68  emits 1.64  clip 0.05  kl +0.002
upd   21  steps  180224  sps 3086  opp rand  loss -0.060  pg -0.0023  v 0.009  adv_std 0.136  tR -0.23  ent[s/d/p/e] 1.29/2.95/1.31/0.68  emits 1.69  clip 0.04  kl +0.002
upd   22  steps  188416  sps 3191  opp rand  loss -0.058  pg -0.0027  v 0.012  adv_std 0.159  tR +0.16  ent[s/d/p/e] 1.27/2.95/1.31/0.68  emits 1.69  clip 0.06  kl +0.003
upd   23  steps  196608  sps 3293  opp rand  loss -0.060  pg -0.0026  v 0.007  adv_std 0.118  tR -0.26  ent[s/d/p/e] 1.12/2.95/1.31/0.68  emits 1.67  clip 0.05  kl +0.003
upd   24  steps  204800  sps 3393  opp rand  loss -0.060  pg -0.0037  v 0.012  adv_std 0.155  tR +0.07  ent[s/d/p/e] 1.23/2.95/1.31/0.69  emits 1.68  clip 0.07  kl +0.004
upd   25  steps  212992  sps 3490  opp rand  loss -0.061  pg -0.0035  v 0.009  adv_std 0.133  tR -0.28  ent[s/d/p/e] 1.31/2.94/1.30/0.68  emits 1.67  clip 0.06  kl +0.002
upd   26  steps  221184  sps 3586  opp rand  loss -0.058  pg -0.0019  v 0.009  adv_std 0.140  tR -0.11  ent[s/d/p/e] 1.16/2.93/1.31/0.68  emits 1.64  clip 0.04  kl +0.003
upd   27  steps  229376  sps 3679  opp rand  loss -0.060  pg -0.0033  v 0.008  adv_std 0.127  tR +0.00  ent[s/d/p/e] 1.12/2.93/1.31/0.68  emits 1.65  clip 0.03  kl +0.003
upd   28  steps  237568  sps 3771  opp rand  loss -0.059  pg -0.0026  v 0.009  adv_std 0.138  tR -0.02  ent[s/d/p/e] 1.14/2.94/1.32/0.68  emits 1.70  clip 0.05  kl +0.004
upd   29  steps  245760  sps 3861  opp rand  loss -0.060  pg -0.0029  v 0.009  adv_std 0.137  tR +0.11  ent[s/d/p/e] 1.30/2.94/1.30/0.68  emits 1.63  clip 0.04  kl +0.002 WRr 0.59 WRf 0.66
upd   30  steps  253952  sps 3504  opp rand  loss -0.059  pg -0.0025  v 0.010  adv_std 0.141  tR -0.23  ent[s/d/p/e] 1.11/2.95/1.32/0.68  emits 1.58  clip 0.03  kl +0.003
upd   31  steps  262144  sps 3585  opp rand  loss -0.060  pg -0.0029  v 0.007  adv_std 0.124  tR -0.03  ent[s/d/p/e] 1.10/2.95/1.32/0.68  emits 1.59  clip 0.03  kl +0.002
upd   32  steps  270336  sps 3664  opp rand  loss -0.059  pg -0.0023  v 0.008  adv_std 0.130  tR -0.23  ent[s/d/p/e] 1.04/2.96/1.33/0.68  emits 1.60  clip 0.03  kl +0.001
upd   33  steps  278528  sps 3742  opp rand  loss -0.059  pg -0.0021  v 0.009  adv_std 0.134  tR -0.03  ent[s/d/p/e] 1.13/2.95/1.32/0.67  emits 1.58  clip 0.03  kl +0.003
upd   34  steps  286720  sps 3818  opp rand  loss -0.059  pg -0.0026  v 0.010  adv_std 0.140  tR -0.09  ent[s/d/p/e] 1.06/2.95/1.33/0.67  emits 1.55  clip 0.03  kl +0.002
upd   35  steps  294912  sps 3893  opp rand  loss -0.059  pg -0.0021  v 0.010  adv_std 0.144  tR -0.19  ent[s/d/p/e] 1.26/2.95/1.32/0.67  emits 1.62  clip 0.04  kl +0.002
upd   36  steps  303104  sps 3967  opp rand  loss -0.059  pg -0.0016  v 0.008  adv_std 0.132  tR +0.07  ent[s/d/p/e] 1.14/2.95/1.33/0.67  emits 1.61  clip 0.03  kl +0.002
upd   37  steps  311296  sps 4040  opp rand  loss -0.058  pg -0.0022  v 0.010  adv_std 0.140  tR -0.20  ent[s/d/p/e] 1.07/2.95/1.33/0.67  emits 1.56  clip 0.03  kl +0.002
upd   38  steps  319488  sps 4111  opp rand  loss -0.058  pg -0.0015  v 0.009  adv_std 0.132  tR -0.14  ent[s/d/p/e] 1.13/2.95/1.33/0.66  emits 1.58  clip 0.03  kl +0.001
upd   39  steps  327680  sps 4181  opp rand  loss -0.058  pg -0.0018  v 0.009  adv_std 0.138  tR -0.07  ent[s/d/p/e] 1.26/2.95/1.32/0.66  emits 1.56  clip 0.03  kl +0.002 WRr 0.59 WRf 0.62
upd   40  steps  335872  sps 3838  opp rand  loss -0.057  pg -0.0011  v 0.008  adv_std 0.129  tR -0.36  ent[s/d/p/e] 1.04/2.94/1.33/0.66  emits 1.45  clip 0.01  kl +0.001
upd   41  steps  344064  sps 3902  opp rand  loss -0.056  pg -0.0011  v 0.011  adv_std 0.149  tR -0.27  ent[s/d/p/e] 1.04/2.95/1.32/0.66  emits 1.50  clip 0.01  kl +0.001
upd   42  steps  352256  sps 3966  opp rand  loss -0.057  pg -0.0010  v 0.008  adv_std 0.131  tR +0.00  ent[s/d/p/e] 1.14/2.94/1.31/0.66  emits 1.50  clip 0.00  kl +0.000
upd   43  steps  360448  sps 4028  opp rand  loss -0.057  pg -0.0013  v 0.009  adv_std 0.136  tR -0.11  ent[s/d/p/e] 1.15/2.94/1.31/0.66  emits 1.52  clip 0.01  kl +0.001
upd   44  steps  368640  sps 4090  opp rand  loss -0.058  pg -0.0008  v 0.008  adv_std 0.129  tR +0.22  ent[s/d/p/e] 1.25/2.94/1.30/0.66  emits 1.54  clip 0.01  kl +0.001
upd   45  steps  376832  sps 4150  opp rand  loss -0.057  pg -0.0008  v 0.010  adv_std 0.144  tR -0.10  ent[s/d/p/e] 1.32/2.94/1.31/0.66  emits 1.56  clip 0.00  kl +0.000
upd   46  steps  385024  sps 4210  opp rand  loss -0.057  pg -0.0005  v 0.009  adv_std 0.135  tR +0.18  ent[s/d/p/e] 1.14/2.94/1.31/0.66  emits 1.55  clip 0.00  kl +0.000
upd   47  steps  393216  sps 4269  opp rand  loss -0.056  pg -0.0003  v 0.010  adv_std 0.139  tR -0.12  ent[s/d/p/e] 1.09/2.93/1.32/0.66  emits 1.54  clip 0.00  kl +0.000
upd   48  steps  401408  sps 4327  opp rand  loss -0.055  pg -0.0004  v 0.013  adv_std 0.160  tR +0.14  ent[s/d/p/e] 1.10/2.94/1.32/0.66  emits 1.52  clip 0.00  kl +0.000
upd   49  steps  409600  sps 4385  opp rand  loss -0.056  pg -0.0004  v 0.010  adv_std 0.140  tR +0.03  ent[s/d/p/e] 1.14/2.93/1.32/0.66  emits 1.54  clip 0.00  kl +0.000 WRr 0.47 WRf 0.53
upd   50  steps  417792  sps 4073  opp rand  loss -0.056  pg -0.0005  v 0.010  adv_std 0.140  tR +0.09  ent[s/d/p/e] 1.05/2.94/1.32/0.67  emits 1.54  clip 0.00  kl +0.000
upd   51  steps  425984  sps 4126  opp rand  loss -0.056  pg -0.0004  v 0.012  adv_std 0.153  tR -0.06  ent[s/d/p/e] 1.19/2.94/1.31/0.67  emits 1.54  clip 0.00  kl +0.000
upd   52  steps  434176  sps 4179  opp rand  loss -0.057  pg -0.0004  v 0.009  adv_std 0.133  tR -0.27  ent[s/d/p/e] 1.19/2.94/1.32/0.67  emits 1.55  clip 0.00  kl +0.000
upd   53  steps  442368  sps 4231  opp rand  loss -0.056  pg -0.0005  v 0.011  adv_std 0.149  tR +0.26  ent[s/d/p/e] 1.21/2.94/1.31/0.67  emits 1.58  clip 0.00  kl -0.000
upd   54  steps  450560  sps 4282  opp rand  loss -0.057  pg -0.0004  v 0.008  adv_std 0.130  tR -0.26  ent[s/d/p/e] 1.15/2.94/1.31/0.68  emits 1.64  clip 0.00  kl -0.000
upd   55  steps  458752  sps 4333  opp rand  loss -0.056  pg -0.0003  v 0.011  adv_std 0.149  tR +0.38  ent[s/d/p/e] 1.10/2.94/1.31/0.68  emits 1.69  clip 0.00  kl +0.000
upd   56  steps  466944  sps 4383  opp rand  loss -0.056  pg -0.0003  v 0.011  adv_std 0.146  tR -0.03  ent[s/d/p/e] 1.17/2.94/1.32/0.68  emits 1.64  clip 0.00  kl +0.000
upd   57  steps  475136  sps 4433  opp rand  loss -0.059  pg -0.0005  v 0.007  adv_std 0.120  tR +0.28  ent[s/d/p/e] 1.22/2.95/1.32/0.68  emits 1.71  clip 0.00  kl +0.000
upd   58  steps  483328  sps 4482  opp rand  loss -0.057  pg -0.0009  v 0.010  adv_std 0.140  tR +0.30  ent[s/d/p/e] 1.11/2.94/1.33/0.68  emits 1.75  clip 0.00  kl +0.000
upd   59  steps  491520  sps 4530  opp rand  loss -0.058  pg -0.0008  v 0.008  adv_std 0.130  tR -0.03  ent[s/d/p/e] 1.08/2.95/1.33/0.68  emits 1.65  clip 0.00  kl +0.001 WRr 0.75 WRf 0.62
upd   60  steps  499712  sps 4261  opp rand  loss -0.058  pg -0.0009  v 0.009  adv_std 0.133  tR -0.15  ent[s/d/p/e] 1.07/2.94/1.33/0.68  emits 1.61  clip 0.00  kl +0.000
upd   61  steps  507904  sps 4307  opp rand  loss -0.058  pg -0.0005  v 0.008  adv_std 0.127  tR -0.26  ent[s/d/p/e] 1.24/2.95/1.33/0.68  emits 1.62  clip 0.00  kl +0.000
upd   62  steps  516096  sps 4352  opp rand  loss -0.058  pg -0.0003  v 0.009  adv_std 0.135  tR +0.18  ent[s/d/p/e] 1.21/2.95/1.33/0.68  emits 1.63  clip 0.00  kl +0.000
upd   63  steps  524288  sps 4396  opp rand  loss -0.058  pg -0.0007  v 0.008  adv_std 0.127  tR -0.03  ent[s/d/p/e] 1.15/2.95/1.33/0.67  emits 1.61  clip 0.00  kl +0.000
upd   64  steps  532480  sps 4441  opp rand  loss -0.056  pg -0.0003  v 0.012  adv_std 0.153  tR +0.10  ent[s/d/p/e] 1.15/2.94/1.33/0.68  emits 1.62  clip 0.00  kl +0.000
upd   65  steps  540672  sps 4484  opp rand  loss -0.057  pg -0.0001  v 0.010  adv_std 0.138  tR +0.02  ent[s/d/p/e] 1.20/2.95/1.33/0.68  emits 1.64  clip 0.00  kl +0.000
upd   66  steps  548864  sps 4528  opp rand  loss -0.058  pg -0.0003  v 0.009  adv_std 0.138  tR +0.36  ent[s/d/p/e] 1.38/2.94/1.33/0.68  emits 1.70  clip 0.00  kl +0.000
upd   67  steps  557056  sps 4571  opp rand  loss -0.057  pg -0.0005  v 0.009  adv_std 0.131  tR +0.23  ent[s/d/p/e] 1.09/2.94/1.32/0.68  emits 1.73  clip 0.00  kl +0.000
upd   68  steps  565248  sps 4613  opp rand  loss -0.059  pg -0.0005  v 0.008  adv_std 0.124  tR +0.03  ent[s/d/p/e] 1.26/2.95/1.32/0.68  emits 1.64  clip 0.00  kl +0.000
upd   69  steps  573440  sps 4655  opp rand  loss -0.057  pg -0.0005  v 0.009  adv_std 0.136  tR -0.17  ent[s/d/p/e] 1.00/2.94/1.33/0.68  emits 1.59  clip 0.00  kl -0.000 WRr 0.84 WRf 0.62
upd   70  steps  581632  sps 4392  opp rand  loss -0.057  pg -0.0002  v 0.010  adv_std 0.145  tR +0.26  ent[s/d/p/e] 1.19/2.94/1.33/0.68  emits 1.68  clip 0.00  kl +0.000
upd   71  steps  589824  sps 4432  opp rand  loss -0.058  pg -0.0006  v 0.007  adv_std 0.121  tR +0.09  ent[s/d/p/e] 1.11/2.94/1.33/0.68  emits 1.64  clip 0.00  kl +0.000
upd   72  steps  598016  sps 4471  opp rand  loss -0.057  pg -0.0003  v 0.009  adv_std 0.132  tR -0.02  ent[s/d/p/e] 1.13/2.94/1.33/0.67  emits 1.60  clip 0.00  kl +0.000
upd   73  steps  606208  sps 4510  opp rand  loss -0.057  pg -0.0002  v 0.009  adv_std 0.137  tR +0.43  ent[s/d/p/e] 1.22/2.94/1.33/0.68  emits 1.67  clip 0.00  kl +0.000
upd   74  steps  614400  sps 4549  opp rand  loss -0.056  pg -0.0003  v 0.010  adv_std 0.143  tR -0.12  ent[s/d/p/e] 1.08/2.94/1.33/0.68  emits 1.60  clip 0.00  kl +0.000
upd   75  steps  622592  sps 4587  opp rand  loss -0.057  pg -0.0006  v 0.010  adv_std 0.145  tR -0.09  ent[s/d/p/e] 1.09/2.94/1.34/0.68  emits 1.66  clip 0.00  kl +0.000
upd   76  steps  630784  sps 4625  opp rand  loss -0.057  pg -0.0007  v 0.010  adv_std 0.144  tR -0.18  ent[s/d/p/e] 1.07/2.94/1.34/0.68  emits 1.67  clip 0.00  kl +0.001
upd   77  steps  638976  sps 4663  opp rand  loss -0.059  pg -0.0014  v 0.010  adv_std 0.139  tR -0.03  ent[s/d/p/e] 1.27/2.94/1.33/0.68  emits 1.72  clip 0.00  kl +0.001
upd   78  steps  647168  sps 4700  opp rand  loss -0.057  pg -0.0004  v 0.010  adv_std 0.143  tR +0.21  ent[s/d/p/e] 1.24/2.95/1.32/0.68  emits 1.76  clip 0.00  kl +0.000
upd   79  steps  655360  sps 4737  opp rand  loss -0.057  pg -0.0004  v 0.010  adv_std 0.140  tR +0.34  ent[s/d/p/e] 1.13/2.94/1.32/0.68  emits 1.73  clip 0.00  kl +0.000 WRr 0.72 WRf 0.75
upd   80  steps  663552  sps 4247  opp frzn  loss -0.056  pg -0.0004  v 0.009  adv_std 0.137  tR +0.32  ent[s/d/p/e] 0.98/2.94/1.33/0.68  emits 1.77  clip 0.00  kl +0.000
upd   81  steps  671744  sps 4280  opp frzn  loss -0.058  pg -0.0005  v 0.008  adv_std 0.124  tR +0.12  ent[s/d/p/e] 1.15/2.94/1.32/0.68  emits 1.81  clip 0.00  kl +0.000
upd   82  steps  679936  sps 4313  opp frzn  loss -0.058  pg -0.0002  v 0.008  adv_std 0.124  tR +0.06  ent[s/d/p/e] 1.11/2.95/1.32/0.68  emits 1.75  clip 0.00  kl +0.000
upd   83  steps  688128  sps 4345  opp frzn  loss -0.058  pg -0.0006  v 0.008  adv_std 0.128  tR +0.22  ent[s/d/p/e] 1.18/2.95/1.32/0.68  emits 1.83  clip 0.00  kl +0.000
upd   84  steps  696320  sps 4378  opp frzn  loss -0.057  pg -0.0004  v 0.010  adv_std 0.142  tR +0.25  ent[s/d/p/e] 1.22/2.94/1.32/0.68  emits 1.83  clip 0.00  kl +0.000
upd   85  steps  704512  sps 4410  opp frzn  loss -0.059  pg -0.0007  v 0.007  adv_std 0.119  tR +0.25  ent[s/d/p/e] 1.15/2.95/1.32/0.68  emits 1.78  clip 0.00  kl +0.000
upd   86  steps  712704  sps 4441  opp frzn  loss -0.058  pg -0.0009  v 0.007  adv_std 0.122  tR +0.10  ent[s/d/p/e] 1.09/2.95/1.31/0.68  emits 1.83  clip 0.00  kl +0.000
upd   87  steps  720896  sps 4474  opp rand  loss -0.057  pg -0.0005  v 0.010  adv_std 0.142  tR +0.00  ent[s/d/p/e] 1.21/2.94/1.31/0.68  emits 1.81  clip 0.00  kl +0.000
upd   88  steps  729088  sps 4505  opp frzn  loss -0.058  pg -0.0005  v 0.007  adv_std 0.121  tR +0.26  ent[s/d/p/e] 1.18/2.95/1.30/0.68  emits 1.83  clip 0.00  kl +0.000
upd   89  steps  737280  sps 4536  opp frzn  loss -0.057  pg -0.0007  v 0.010  adv_std 0.139  tR +0.12  ent[s/d/p/e] 1.21/2.95/1.30/0.68  emits 1.84  clip 0.00  kl +0.000 WRr 0.81 WRf 0.62
upd   90  steps  745472  sps 4347  opp rand  loss -0.058  pg -0.0004  v 0.007  adv_std 0.122  tR +0.15  ent[s/d/p/e] 1.22/2.95/1.29/0.68  emits 1.80  clip 0.00  kl -0.000
upd   91  steps  753664  sps 4378  opp rand  loss -0.056  pg -0.0004  v 0.010  adv_std 0.139  tR -0.03  ent[s/d/p/e] 1.14/2.94/1.30/0.68  emits 1.84  clip 0.00  kl +0.000
upd   92  steps  761856  sps 4409  opp rand  loss -0.057  pg -0.0005  v 0.011  adv_std 0.148  tR -0.13  ent[s/d/p/e] 1.24/2.94/1.31/0.68  emits 1.80  clip 0.00  kl -0.000
upd   93  steps  770048  sps 4440  opp rand  loss -0.055  pg -0.0002  v 0.012  adv_std 0.156  tR -0.03  ent[s/d/p/e] 1.14/2.94/1.31/0.68  emits 1.77  clip 0.00  kl +0.000
upd   94  steps  778240  sps 4470  opp rand  loss -0.058  pg -0.0008  v 0.010  adv_std 0.145  tR +0.24  ent[s/d/p/e] 1.38/2.94/1.30/0.68  emits 1.82  clip 0.00  kl +0.000
upd   95  steps  786432  sps 4500  opp rand  loss -0.057  pg -0.0005  v 0.010  adv_std 0.143  tR +0.03  ent[s/d/p/e] 1.21/2.95/1.30/0.68  emits 1.72  clip 0.00  kl -0.000
upd   96  steps  794624  sps 4528  opp frzn  loss -0.058  pg -0.0007  v 0.010  adv_std 0.139  tR +0.14  ent[s/d/p/e] 1.26/2.94/1.31/0.68  emits 1.84  clip 0.00  kl +0.000
upd   97  steps  802816  sps 4557  opp frzn  loss -0.058  pg -0.0005  v 0.007  adv_std 0.120  tR -0.09  ent[s/d/p/e] 1.20/2.95/1.31/0.68  emits 1.84  clip 0.00  kl +0.000
upd   98  steps  811008  sps 4586  opp rand  loss -0.058  pg -0.0005  v 0.008  adv_std 0.126  tR +0.37  ent[s/d/p/e] 1.19/2.95/1.30/0.68  emits 1.80  clip 0.00  kl +0.000
upd   99  steps  819200  sps 4614  opp frzn  loss -0.058  pg -0.0005  v 0.008  adv_std 0.130  tR -0.03  ent[s/d/p/e] 1.23/2.95/1.31/0.68  emits 1.89  clip 0.00  kl +0.000 WRr 0.72 WRf 0.69
upd  100  steps  827392  sps 4427  opp rand  loss -0.057  pg -0.0008  v 0.009  adv_std 0.133  tR +0.08  ent[s/d/p/e] 1.16/2.94/1.30/0.68  emits 1.84  clip 0.00  kl +0.001
upd  101  steps  835584  sps 4455  opp rand  loss -0.058  pg -0.0007  v 0.007  adv_std 0.116  tR -0.03  ent[s/d/p/e] 1.15/2.94/1.30/0.68  emits 1.83  clip 0.00  kl +0.000
upd  102  steps  843776  sps 4483  opp rand  loss -0.057  pg -0.0005  v 0.010  adv_std 0.141  tR +0.12  ent[s/d/p/e] 1.17/2.94/1.30/0.68  emits 1.80  clip 0.00  kl +0.000
upd  103  steps  851968  sps 4510  opp frzn  loss -0.058  pg -0.0007  v 0.009  adv_std 0.134  tR +0.06  ent[s/d/p/e] 1.38/2.94/1.29/0.68  emits 1.93  clip 0.00  kl +0.000
upd  104  steps  860160  sps 4536  opp frzn  loss -0.057  pg -0.0003  v 0.008  adv_std 0.130  tR +0.24  ent[s/d/p/e] 1.23/2.94/1.29/0.68  emits 1.75  clip 0.00  kl +0.000
upd  105  steps  868352  sps 4564  opp rand  loss -0.059  pg -0.0007  v 0.007  adv_std 0.119  tR +0.26  ent[s/d/p/e] 1.33/2.94/1.29/0.68  emits 1.72  clip 0.00  kl +0.000
upd  106  steps  876544  sps 4590  opp frzn  loss -0.058  pg -0.0014  v 0.008  adv_std 0.129  tR +0.31  ent[s/d/p/e] 1.14/2.94/1.30/0.68  emits 1.73  clip 0.01  kl +0.001
upd  107  steps  884736  sps 4615  opp frzn  loss -0.056  pg -0.0004  v 0.011  adv_std 0.151  tR -0.05  ent[s/d/p/e] 1.16/2.94/1.29/0.68  emits 1.69  clip 0.00  kl -0.000
upd  108  steps  892928  sps 4641  opp frzn  loss -0.057  pg -0.0005  v 0.008  adv_std 0.130  tR +0.44  ent[s/d/p/e] 1.21/2.94/1.29/0.68  emits 1.80  clip 0.00  kl +0.000
upd  109  steps  901120  sps 4667  opp frzn  loss -0.057  pg -0.0003  v 0.010  adv_std 0.145  tR +0.53  ent[s/d/p/e] 1.28/2.94/1.28/0.68  emits 1.76  clip 0.00  kl +0.000 WRr 0.75 WRf 0.78
upd  110  steps  909312  sps 4503  opp rand  loss -0.057  pg -0.0007  v 0.008  adv_std 0.128  tR +0.10  ent[s/d/p/e] 1.11/2.93/1.29/0.68  emits 1.72  clip 0.00  kl +0.000
upd  111  steps  917504  sps 4527  opp frzn  loss -0.056  pg -0.0009  v 0.011  adv_std 0.150  tR +0.08  ent[s/d/p/e] 1.10/2.94/1.30/0.68  emits 1.70  clip 0.00  kl +0.001
upd  112  steps  925696  sps 4553  opp rand  loss -0.056  pg -0.0007  v 0.010  adv_std 0.144  tR +0.10  ent[s/d/p/e] 1.07/2.93/1.30/0.68  emits 1.61  clip 0.00  kl -0.000
upd  113  steps  933888  sps 4579  opp rand  loss -0.057  pg -0.0005  v 0.008  adv_std 0.124  tR +0.00  ent[s/d/p/e] 1.11/2.94/1.31/0.67  emits 1.61  clip 0.00  kl +0.000
upd  114  steps  942080  sps 4603  opp frzn  loss -0.057  pg -0.0004  v 0.009  adv_std 0.135  tR +0.25  ent[s/d/p/e] 1.21/2.94/1.31/0.68  emits 1.72  clip 0.00  kl +0.001
upd  115  steps  950272  sps 4628  opp rand  loss -0.056  pg -0.0002  v 0.011  adv_std 0.149  tR +0.12  ent[s/d/p/e] 1.15/2.93/1.31/0.68  emits 1.69  clip 0.00  kl +0.000
upd  116  steps  958464  sps 4652  opp frzn  loss -0.058  pg -0.0007  v 0.008  adv_std 0.129  tR +0.21  ent[s/d/p/e] 1.28/2.94/1.31/0.68  emits 1.74  clip 0.00  kl +0.000
upd  117  steps  966656  sps 4676  opp frzn  loss -0.058  pg -0.0008  v 0.008  adv_std 0.130  tR +0.00  ent[s/d/p/e] 1.18/2.94/1.31/0.68  emits 1.75  clip 0.00  kl +0.001
upd  118  steps  974848  sps 4699  opp frzn  loss -0.057  pg -0.0006  v 0.009  adv_std 0.136  tR +0.14  ent[s/d/p/e] 1.17/2.94/1.31/0.68  emits 1.75  clip 0.00  kl +0.000
upd  119  steps  983040  sps 4724  opp rand  loss -0.057  pg -0.0002  v 0.009  adv_std 0.131  tR +0.03  ent[s/d/p/e] 1.09/2.93/1.31/0.68  emits 1.66  clip 0.00  kl +0.000 WRr 0.78 WRf 0.75
upd  120  steps  991232  sps 4568  opp frzn  loss -0.056  pg -0.0005  v 0.011  adv_std 0.147  tR +0.33  ent[s/d/p/e] 1.03/2.93/1.33/0.68  emits 1.76  clip 0.00  kl +0.000
upd  121  steps  999424  sps 4592  opp rand  loss -0.058  pg -0.0007  v 0.008  adv_std 0.128  tR -0.06  ent[s/d/p/e] 1.21/2.93/1.32/0.68  emits 1.68  clip 0.00  kl +0.000
upd  122  steps 1007616  sps 4615  opp frzn  loss -0.057  pg -0.0003  v 0.009  adv_std 0.137  tR -0.11  ent[s/d/p/e] 1.16/2.93/1.32/0.68  emits 1.76  clip 0.00  kl +0.000
upd  123  steps 1015808  sps 4637  opp frzn  loss -0.058  pg -0.0006  v 0.008  adv_std 0.131  tR +0.11  ent[s/d/p/e] 1.27/2.93/1.33/0.68  emits 1.83  clip 0.00  kl +0.000
upd  124  steps 1024000  sps 4661  opp rand  loss -0.058  pg -0.0007  v 0.008  adv_std 0.129  tR +0.38  ent[s/d/p/e] 1.17/2.93/1.32/0.68  emits 1.71  clip 0.00  kl -0.000
upd  125  steps 1032192  sps 4683  opp frzn  loss -0.057  pg -0.0012  v 0.011  adv_std 0.151  tR +0.19  ent[s/d/p/e] 1.19/2.93/1.32/0.68  emits 1.77  clip 0.00  kl +0.001
upd  126  steps 1040384  sps 4706  opp rand  loss -0.059  pg -0.0003  v 0.007  adv_std 0.115  tR +0.21  ent[s/d/p/e] 1.27/2.93/1.30/0.68  emits 1.71  clip 0.00  kl +0.000
upd  127  steps 1048576  sps 4728  opp frzn  loss -0.057  pg -0.0005  v 0.010  adv_std 0.144  tR +0.00  ent[s/d/p/e] 1.23/2.93/1.32/0.68  emits 1.75  clip 0.00  kl +0.000
upd  128  steps 1056768  sps 4750  opp frzn  loss -0.059  pg -0.0003  v 0.007  adv_std 0.121  tR +0.00  ent[s/d/p/e] 1.30/2.92/1.32/0.68  emits 1.68  clip 0.00  kl +0.000
upd  129  steps 1064960  sps 4771  opp frzn  loss -0.057  pg -0.0007  v 0.010  adv_std 0.142  tR +0.35  ent[s/d/p/e] 1.13/2.93/1.32/0.68  emits 1.72  clip 0.00  kl +0.000 WRr 0.59 WRf 0.72
upd  130  steps 1073152  sps 4613  opp rand  loss -0.057  pg -0.0006  v 0.009  adv_std 0.136  tR +0.14  ent[s/d/p/e] 1.08/2.92/1.31/0.68  emits 1.71  clip 0.00  kl +0.000
upd  131  steps 1081344  sps 4635  opp rand  loss -0.055  pg -0.0004  v 0.013  adv_std 0.159  tR -0.05  ent[s/d/p/e] 1.06/2.92/1.31/0.68  emits 1.72  clip 0.00  kl +0.000
upd  132  steps 1089536  sps 4656  opp frzn  loss -0.059  pg -0.0008  v 0.008  adv_std 0.125  tR -0.11  ent[s/d/p/e] 1.39/2.92/1.31/0.68  emits 1.78  clip 0.00  kl +0.000
upd  133  steps 1097728  sps 4677  opp frzn  loss -0.058  pg -0.0007  v 0.008  adv_std 0.128  tR +0.43  ent[s/d/p/e] 1.21/2.92/1.31/0.68  emits 1.76  clip 0.00  kl +0.000
upd  134  steps 1105920  sps 4698  opp frzn  loss -0.059  pg -0.0009  v 0.008  adv_std 0.124  tR +0.52  ent[s/d/p/e] 1.34/2.92/1.29/0.68  emits 1.76  clip 0.00  kl +0.000
upd  135  steps 1114112  sps 4719  opp rand  loss -0.057  pg -0.0006  v 0.007  adv_std 0.119  tR +0.41  ent[s/d/p/e] 0.96/2.91/1.30/0.68  emits 1.63  clip 0.00  kl +0.000
upd  136  steps 1122304  sps 4740  opp frzn  loss -0.057  pg -0.0003  v 0.009  adv_std 0.132  tR +0.06  ent[s/d/p/e] 1.18/2.92/1.31/0.68  emits 1.67  clip 0.00  kl +0.001
upd  137  steps 1130496  sps 4761  opp rand  loss -0.056  pg -0.0006  v 0.010  adv_std 0.145  tR +0.12  ent[s/d/p/e] 1.17/2.92/1.30/0.68  emits 1.66  clip 0.00  kl +0.000
upd  138  steps 1138688  sps 4782  opp frzn  loss -0.057  pg -0.0004  v 0.009  adv_std 0.134  tR +0.24  ent[s/d/p/e] 1.24/2.92/1.31/0.67  emits 1.63  clip 0.00  kl +0.000
upd  139  steps 1146880  sps 4802  opp frzn  loss -0.058  pg -0.0010  v 0.008  adv_std 0.128  tR +0.03  ent[s/d/p/e] 1.18/2.92/1.31/0.68  emits 1.66  clip 0.00  kl +0.000 WRr 0.56 WRf 0.62
upd  140  steps 1155072  sps 4663  opp frzn  loss -0.058  pg -0.0016  v 0.010  adv_std 0.144  tR +0.10  ent[s/d/p/e] 1.22/2.92/1.31/0.68  emits 1.66  clip 0.01  kl +0.001
upd  141  steps 1163264  sps 4684  opp rand  loss -0.057  pg -0.0012  v 0.009  adv_std 0.136  tR +0.03  ent[s/d/p/e] 1.19/2.92/1.30/0.66  emits 1.56  clip 0.01  kl +0.001
upd  142  steps 1171456  sps 4704  opp frzn  loss -0.057  pg -0.0010  v 0.010  adv_std 0.139  tR +0.09  ent[s/d/p/e] 1.21/2.92/1.30/0.67  emits 1.67  clip 0.00  kl +0.000
upd  143  steps 1179648  sps 4724  opp rand  loss -0.056  pg -0.0007  v 0.010  adv_std 0.143  tR +0.34  ent[s/d/p/e] 1.10/2.92/1.30/0.67  emits 1.57  clip 0.01  kl +0.000
upd  144  steps 1187840  sps 4744  opp rand  loss -0.056  pg -0.0009  v 0.010  adv_std 0.142  tR -0.18  ent[s/d/p/e] 1.09/2.91/1.30/0.66  emits 1.57  clip 0.00  kl +0.000
upd  145  steps 1196032  sps 4764  opp frzn  loss -0.056  pg -0.0005  v 0.010  adv_std 0.140  tR +0.00  ent[s/d/p/e] 1.19/2.91/1.31/0.67  emits 1.59  clip 0.00  kl +0.000
upd  146  steps 1204224  sps 4783  opp frzn  loss -0.058  pg -0.0009  v 0.009  adv_std 0.137  tR +0.24  ent[s/d/p/e] 1.26/2.91/1.30/0.67  emits 1.64  clip 0.00  kl +0.000
upd  147  steps 1212416  sps 4802  opp frzn  loss -0.058  pg -0.0006  v 0.006  adv_std 0.109  tR +0.47  ent[s/d/p/e] 1.07/2.91/1.31/0.67  emits 1.61  clip 0.00  kl +0.001
upd  148  steps 1220608  sps 4822  opp rand  loss -0.055  pg -0.0001  v 0.012  adv_std 0.157  tR +0.21  ent[s/d/p/e] 1.12/2.91/1.32/0.67  emits 1.52  clip 0.00  kl +0.000
upd  149  steps 1228800  sps 4842  opp rand  loss -0.056  pg -0.0004  v 0.009  adv_std 0.134  tR +0.19  ent[s/d/p/e] 1.14/2.90/1.31/0.66  emits 1.52  clip 0.00  kl +0.000 WRr 0.66 WRf 0.62
upd  150  steps 1236992  sps 4710  opp rand  loss -0.056  pg -0.0008  v 0.011  adv_std 0.148  tR +0.22  ent[s/d/p/e] 1.16/2.92/1.31/0.66  emits 1.57  clip 0.00  kl +0.000
upd  151  steps 1245184  sps 4729  opp rand  loss -0.056  pg -0.0002  v 0.008  adv_std 0.128  tR +0.35  ent[s/d/p/e] 1.10/2.91/1.30/0.66  emits 1.51  clip 0.00  kl -0.000
upd  152  steps 1253376  sps 4748  opp rand  loss -0.056  pg -0.0006  v 0.008  adv_std 0.127  tR +0.18  ent[s/d/p/e] 1.07/2.91/1.30/0.66  emits 1.54  clip 0.00  kl +0.000
upd  153  steps 1261568  sps 4767  opp frzn  loss -0.056  pg -0.0005  v 0.010  adv_std 0.142  tR +0.21  ent[s/d/p/e] 1.18/2.91/1.31/0.67  emits 1.59  clip 0.00  kl +0.000
upd  154  steps 1269760  sps 4786  opp rand  loss -0.055  pg -0.0006  v 0.011  adv_std 0.148  tR -0.03  ent[s/d/p/e] 1.14/2.91/1.30/0.66  emits 1.55  clip 0.00  kl +0.000
upd  155  steps 1277952  sps 4805  opp rand  loss -0.056  pg -0.0002  v 0.009  adv_std 0.135  tR +0.18  ent[s/d/p/e] 1.14/2.90/1.30/0.65  emits 1.50  clip 0.00  kl +0.000
upd  156  steps 1286144  sps 4823  opp frzn  loss -0.056  pg -0.0007  v 0.011  adv_std 0.148  tR +0.35  ent[s/d/p/e] 1.19/2.91/1.31/0.67  emits 1.62  clip 0.00  kl -0.000
upd  157  steps 1294336  sps 4841  opp frzn  loss -0.057  pg -0.0009  v 0.009  adv_std 0.135  tR +0.11  ent[s/d/p/e] 1.27/2.91/1.30/0.67  emits 1.60  clip 0.00  kl +0.001
upd  158  steps 1302528  sps 4859  opp rand  loss -0.057  pg -0.0006  v 0.007  adv_std 0.119  tR +0.00  ent[s/d/p/e] 1.03/2.91/1.30/0.66  emits 1.52  clip 0.00  kl +0.000
upd  159  steps 1310720  sps 4878  opp rand  loss -0.055  pg -0.0007  v 0.011  adv_std 0.147  tR +0.23  ent[s/d/p/e] 1.16/2.91/1.28/0.65  emits 1.51  clip 0.00  kl +0.000 WRr 0.72 WRf 0.62
upd  160  steps 1318912  sps 4741  opp frzn  loss -0.057  pg -0.0003  v 0.007  adv_std 0.116  tR +0.33  ent[s/d/p/e] 1.07/2.92/1.29/0.67  emits 1.51  clip 0.00  kl +0.000
upd  161  steps 1327104  sps 4758  opp frzn  loss -0.056  pg -0.0003  v 0.009  adv_std 0.134  tR +0.30  ent[s/d/p/e] 1.14/2.91/1.29/0.67  emits 1.52  clip 0.00  kl -0.000
upd  162  steps 1335296  sps 4776  opp rand  loss -0.057  pg -0.0003  v 0.006  adv_std 0.112  tR +0.10  ent[s/d/p/e] 1.11/2.90/1.29/0.66  emits 1.54  clip 0.00  kl -0.000
upd  163  steps 1343488  sps 4794  opp rand  loss -0.055  pg -0.0004  v 0.011  adv_std 0.150  tR +0.38  ent[s/d/p/e] 1.13/2.90/1.29/0.66  emits 1.49  clip 0.00  kl +0.000
upd  164  steps 1351680  sps 4811  opp frzn  loss -0.056  pg -0.0005  v 0.009  adv_std 0.133  tR +0.21  ent[s/d/p/e] 1.11/2.90/1.30/0.67  emits 1.60  clip 0.00  kl +0.000
upd  165  steps 1359872  sps 4829  opp rand  loss -0.056  pg -0.0004  v 0.010  adv_std 0.139  tR +0.27  ent[s/d/p/e] 1.23/2.91/1.28/0.67  emits 1.57  clip 0.00  kl +0.000
upd  166  steps 1368064  sps 4847  opp rand  loss -0.057  pg -0.0004  v 0.008  adv_std 0.124  tR +0.29  ent[s/d/p/e] 1.18/2.90/1.29/0.67  emits 1.56  clip 0.00  kl +0.000
upd  167  steps 1376256  sps 4864  opp frzn  loss -0.057  pg -0.0003  v 0.010  adv_std 0.140  tR +0.29  ent[s/d/p/e] 1.24/2.92/1.30/0.68  emits 1.62  clip 0.00  kl +0.000
upd  168  steps 1384448  sps 4880  opp frzn  loss -0.057  pg -0.0005  v 0.008  adv_std 0.127  tR -0.10  ent[s/d/p/e] 1.09/2.91/1.31/0.67  emits 1.50  clip 0.00  kl +0.000
upd  169  steps 1392640  sps 4897  opp frzn  loss -0.056  pg -0.0004  v 0.011  adv_std 0.146  tR +0.05  ent[s/d/p/e] 1.12/2.91/1.30/0.68  emits 1.63  clip 0.00  kl -0.000 WRr 0.69 WRf 0.59
upd  170  steps 1400832  sps 4777  opp rand  loss -0.057  pg -0.0003  v 0.008  adv_std 0.126  tR -0.07  ent[s/d/p/e] 1.11/2.90/1.30/0.67  emits 1.61  clip 0.00  kl +0.000
upd  171  steps 1409024  sps 4794  opp rand  loss -0.058  pg -0.0006  v 0.006  adv_std 0.108  tR +0.15  ent[s/d/p/e] 1.04/2.90/1.30/0.67  emits 1.49  clip 0.00  kl +0.000
upd  172  steps 1417216  sps 4811  opp frzn  loss -0.057  pg -0.0012  v 0.009  adv_std 0.135  tR +0.03  ent[s/d/p/e] 1.09/2.91/1.31/0.68  emits 1.59  clip 0.00  kl -0.000
upd  173  steps 1425408  sps 4828  opp rand  loss -0.056  pg -0.0003  v 0.009  adv_std 0.132  tR -0.09  ent[s/d/p/e] 1.06/2.90/1.32/0.67  emits 1.54  clip 0.00  kl +0.000
upd  174  steps 1433600  sps 4844  opp frzn  loss -0.057  pg -0.0009  v 0.010  adv_std 0.139  tR +0.06  ent[s/d/p/e] 1.08/2.90/1.32/0.67  emits 1.60  clip 0.00  kl +0.000
upd  175  steps 1441792  sps 4860  opp frzn  loss -0.058  pg -0.0009  v 0.008  adv_std 0.128  tR -0.27  ent[s/d/p/e] 1.10/2.91/1.32/0.68  emits 1.63  clip 0.00  kl +0.001
upd  176  steps 1449984  sps 4876  opp frzn  loss -0.058  pg -0.0005  v 0.009  adv_std 0.134  tR +0.14  ent[s/d/p/e] 1.25/2.90/1.32/0.68  emits 1.69  clip 0.00  kl +0.000
upd  177  steps 1458176  sps 4892  opp frzn  loss -0.058  pg -0.0006  v 0.008  adv_std 0.129  tR +0.25  ent[s/d/p/e] 1.22/2.90/1.31/0.68  emits 1.71  clip 0.00  kl +0.000
upd  178  steps 1466368  sps 4908  opp frzn  loss -0.057  pg -0.0005  v 0.009  adv_std 0.137  tR -0.08  ent[s/d/p/e] 1.16/2.90/1.31/0.68  emits 1.67  clip 0.00  kl -0.000
upd  179  steps 1474560  sps 4924  opp rand  loss -0.057  pg -0.0005  v 0.008  adv_std 0.131  tR +0.52  ent[s/d/p/e] 1.18/2.89/1.31/0.67  emits 1.62  clip 0.00  kl -0.000 WRr 0.75 WRf 0.62
upd  180  steps 1482752  sps 4810  opp frzn  loss -0.056  pg -0.0005  v 0.010  adv_std 0.142  tR +0.07  ent[s/d/p/e] 1.21/2.90/1.30/0.67  emits 1.63  clip 0.00  kl +0.000
upd  181  steps 1490944  sps 4825  opp frzn  loss -0.058  pg -0.0008  v 0.007  adv_std 0.118  tR +0.43  ent[s/d/p/e] 1.21/2.90/1.31/0.67  emits 1.64  clip 0.00  kl +0.000
upd  182  steps 1499136  sps 4841  opp frzn  loss -0.057  pg -0.0003  v 0.010  adv_std 0.141  tR +0.07  ent[s/d/p/e] 1.22/2.90/1.32/0.68  emits 1.60  clip 0.00  kl +0.000
upd  183  steps 1507328  sps 4856  opp frzn  loss -0.057  pg -0.0004  v 0.010  adv_std 0.139  tR +0.10  ent[s/d/p/e] 1.16/2.90/1.31/0.68  emits 1.62  clip 0.00  kl +0.000
upd  184  steps 1515520  sps 4871  opp frzn  loss -0.057  pg -0.0005  v 0.010  adv_std 0.139  tR -0.03  ent[s/d/p/e] 1.12/2.90/1.32/0.67  emits 1.57  clip 0.00  kl +0.000
upd  185  steps 1523712  sps 4887  opp frzn  loss -0.057  pg -0.0005  v 0.008  adv_std 0.129  tR +0.25  ent[s/d/p/e] 1.14/2.90/1.32/0.67  emits 1.63  clip 0.00  kl +0.000
upd  186  steps 1531904  sps 4903  opp rand  loss -0.055  pg -0.0005  v 0.011  adv_std 0.148  tR -0.06  ent[s/d/p/e] 1.13/2.89/1.31/0.66  emits 1.55  clip 0.00  kl -0.000
upd  187  steps 1540096  sps 4918  opp rand  loss -0.057  pg -0.0005  v 0.008  adv_std 0.124  tR -0.32  ent[s/d/p/e] 1.11/2.89/1.31/0.66  emits 1.52  clip 0.00  kl +0.000
upd  188  steps 1548288  sps 4933  opp frzn  loss -0.057  pg -0.0006  v 0.008  adv_std 0.130  tR -0.10  ent[s/d/p/e] 1.18/2.89/1.32/0.67  emits 1.59  clip 0.00  kl +0.000
upd  189  steps 1556480  sps 4948  opp frzn  loss -0.057  pg -0.0008  v 0.009  adv_std 0.131  tR +0.28  ent[s/d/p/e] 1.14/2.89/1.32/0.68  emits 1.59  clip 0.00  kl +0.000 WRr 0.69 WRf 0.72
upd  190  steps 1564672  sps 4839  opp rand  loss -0.058  pg -0.0007  v 0.008  adv_std 0.130  tR +0.57  ent[s/d/p/e] 1.19/2.88/1.32/0.67  emits 1.55  clip 0.00  kl -0.000
upd  191  steps 1572864  sps 4854  opp rand  loss -0.056  pg -0.0005  v 0.010  adv_std 0.141  tR -0.06  ent[s/d/p/e] 1.12/2.88/1.32/0.67  emits 1.57  clip 0.00  kl +0.000