[reward] kaggle-aligned: terminal +1 win/+1 tie>0/-1 loss/-1 double-wipeout; is_terminal at step >= episode_steps-2; SHAPING_SCALE=0.0; v1: KEEP_HOME=0.0 FLEET_SIZE=0.0/norm20.0; v2 (expert-replay calibrated): PROD_SHARE=0.0 PLANET_SHARE=0.005 FLEET_LOG=0.0/ref500.0/floor0.3; v3 (top10-2630ep calibrated): PROD_SHARE_DELTA=1.0 EMIT_LOG=0.0 EMIT_GATED=0.0 RELEASE=0.05/K20.0 CAPTURE=0.02; episode_steps=500 (kaggle=500, mismatch=False)
upd    0  steps   32768  sps 555  opp rand  loss -0.012  pg -0.0013  v 0.014  ev +0.71  adv_std 0.175  tR -0.18  ent[s/d/p/e] 0.96/2.90/1.80/0.65  emits 1.54  spf 10.1  z0 0.03  garr 17.0  tG 122  e2 0.33  nF 25.9  pS 0.18  ptS 0.18  fLog 0.27  pdΔ -0.3227  pkR 22.69  clip 0.02  kl +0.002
upd    1  steps   65536  sps 1009  opp rand  loss -0.013  pg -0.0024  v 0.017  ev +0.67  adv_std 0.228  tR -0.36  ent[s/d/p/e] 1.32/2.92/1.87/0.64  emits 1.45  spf 15.5  z0 0.06  garr 26.1  tG 266  e2 0.31  nF 24.7  pS 0.25  ptS 0.25  fLog 0.31  pdΔ -0.2479  pkR 14.43  clip 0.05  kl +0.003
upd    2  steps   98304  sps 1386  opp rand  loss -0.015  pg -0.0027  v 0.009  ev +0.78  adv_std 0.174  tR -0.27  ent[s/d/p/e] 1.27/2.91/1.84/0.65  emits 1.56  spf 13.4  z0 0.03  garr 24.4  tG 217  e2 0.35  nF 27.5  pS 0.25  ptS 0.24  fLog 0.30  pdΔ -0.2514  pkR 13.45  clip 0.08  kl +0.005
upd    3  steps  131072  sps 1706  opp rand  loss -0.015  pg -0.0031  v 0.012  ev +0.85  adv_std 0.198  tR -0.24  ent[s/d/p/e] 1.35/2.92/1.87/0.64  emits 1.52  spf 15.7  z0 0.04  garr 29.0  tG 299  e2 0.33  nF 26.8  pS 0.28  ptS 0.27  fLog 0.31  pdΔ -0.2232  pkR 11.42  clip 0.11  kl +0.006
upd    4  steps  163840  sps 1979  opp rand  loss -0.016  pg -0.0027  v 0.008  ev +0.91  adv_std 0.167  tR +0.00  ent[s/d/p/e] 1.37/2.91/1.82/0.65  emits 1.61  spf 15.1  z0 0.03  garr 28.9  tG 295  e2 0.36  nF 28.3  pS 0.29  ptS 0.28  fLog 0.31  pdΔ -0.2147  pkR 14.17  clip 0.12  kl +0.007
upd    5  steps  196608  sps 2216  opp rand  loss -0.015  pg -0.0023  v 0.008  ev +0.94  adv_std 0.160  tR -0.16  ent[s/d/p/e] 1.27/2.92/1.84/0.63  emits 1.50  spf 15.8  z0 0.05  garr 30.9  tG 319  e2 0.32  nF 25.5  pS 0.27  ptS 0.27  fLog 0.31  pdΔ -0.2329  pkR 16.16  clip 0.12  kl +0.006
upd    6  steps  229376  sps 2423  opp rand  loss -0.015  pg -0.0024  v 0.007  ev +0.93  adv_std 0.143  tR -0.25  ent[s/d/p/e] 1.30/2.91/1.85/0.63  emits 1.51  spf 14.5  z0 0.04  garr 28.1  tG 250  e2 0.32  nF 26.6  pS 0.26  ptS 0.25  fLog 0.31  pdΔ -0.2425  pkR 12.57  clip 0.16  kl +0.008
upd    7  steps  262144  sps 2606  opp rand  loss -0.015  pg -0.0020  v 0.007  ev +0.96  adv_std 0.147  tR -0.28  ent[s/d/p/e] 1.24/2.92/1.84/0.61  emits 1.41  spf 16.2  z0 0.05  garr 32.2  tG 344  e2 0.29  nF 24.7  pS 0.26  ptS 0.26  fLog 0.31  pdΔ -0.2358  pkR 12.72  clip 0.15  kl +0.008
upd    8  steps  294912  sps 2769  opp rand  loss -0.016  pg -0.0032  v 0.008  ev +0.96  adv_std 0.142  tR -0.27  ent[s/d/p/e] 1.22/2.91/1.84/0.61  emits 1.45  spf 15.0  z0 0.03  garr 30.6  tG 296  e2 0.30  nF 26.4  pS 0.27  ptS 0.26  fLog 0.30  pdΔ -0.2342  pkR 15.67  clip 0.17  kl +0.008
upd    9  steps  327680  sps 2914  opp rand  loss -0.015  pg -0.0026  v 0.008  ev +0.97  adv_std 0.143  tR -0.10  ent[s/d/p/e] 1.22/2.92/1.85/0.61  emits 1.43  spf 16.9  z0 0.04  garr 34.0  tG 377  e2 0.30  nF 24.9  pS 0.28  ptS 0.27  fLog 0.31  pdΔ -0.2243  pkR 13.36  clip 0.18  kl +0.009
upd   10  steps  360448  sps 3044  opp rand  loss -0.015  pg -0.0030  v 0.008  ev +0.97  adv_std 0.141  tR -0.15  ent[s/d/p/e] 1.29/2.92/1.85/0.60  emits 1.42  spf 17.3  z0 0.03  garr 34.6  tG 372  e2 0.28  nF 24.3  pS 0.29  ptS 0.29  fLog 0.32  pdΔ -0.2082  pkR 12.95  clip 0.17  kl +0.009
upd   11  steps  393216  sps 3162  opp rand  loss -0.015  pg -0.0024  v 0.009  ev +0.98  adv_std 0.143  tR -0.05  ent[s/d/p/e] 1.22/2.91/1.84/0.61  emits 1.46  spf 17.4  z0 0.04  garr 35.2  tG 406  e2 0.30  nF 25.4  pS 0.29  ptS 0.28  fLog 0.31  pdΔ -0.2082  pkR 14.52  clip 0.20  kl +0.010
upd   12  steps  425984  sps 3270  opp rand  loss -0.015  pg -0.0032  v 0.010  ev +0.97  adv_std 0.145  tR -0.15  ent[s/d/p/e] 1.29/2.91/1.84/0.60  emits 1.40  spf 17.5  z0 0.04  garr 34.3  tG 386  e2 0.28  nF 25.5  pS 0.30  ptS 0.29  fLog 0.32  pdΔ -0.2002  pkR 12.89  clip 0.19  kl +0.009
upd   13  steps  458752  sps 3368  opp rand  loss -0.013  pg -0.0014  v 0.010  ev +0.97  adv_std 0.150  tR +0.05  ent[s/d/p/e] 1.35/2.91/1.82/0.58  emits 1.42  spf 18.4  z0 0.03  garr 38.1  tG 414  e2 0.28  nF 24.1  pS 0.31  ptS 0.31  fLog 0.33  pdΔ -0.1858  pkR 11.86  clip 0.20  kl +0.009
upd   14  steps  491520  sps 3458  opp rand  loss -0.014  pg -0.0025  v 0.011  ev +0.97  adv_std 0.155  tR +0.13  ent[s/d/p/e] 1.34/2.92/1.81/0.59  emits 1.45  spf 19.6  z0 0.03  garr 40.6  tG 469  e2 0.30  nF 24.5  pS 0.33  ptS 0.32  fLog 0.33  pdΔ -0.1710  pkR 8.15  clip 0.20  kl +0.010
upd   15  steps  524288  sps 3540  opp rand  loss -0.015  pg -0.0027  v 0.012  ev +0.97  adv_std 0.165  tR +0.01  ent[s/d/p/e] 1.35/2.91/1.83/0.59  emits 1.44  spf 19.0  z0 0.03  garr 38.8  tG 441  e2 0.29  nF 24.7  pS 0.33  ptS 0.32  fLog 0.33  pdΔ -0.1712  pkR 9.42  clip 0.21  kl +0.010
upd   16  steps  557056  sps 3616  opp rand  loss -0.015  pg -0.0025  v 0.010  ev +0.98  adv_std 0.148  tR +0.11  ent[s/d/p/e] 1.26/2.92/1.86/0.59  emits 1.43  spf 19.6  z0 0.03  garr 39.4  tG 442  e2 0.28  nF 23.8  pS 0.30  ptS 0.29  fLog 0.32  pdΔ -0.1997  pkR 13.97  clip 0.21  kl +0.008
upd   17  steps  589824  sps 3687  opp rand  loss -0.015  pg -0.0027  v 0.011  ev +0.97  adv_std 0.157  tR +0.04  ent[s/d/p/e] 1.27/2.91/1.86/0.58  emits 1.40  spf 18.8  z0 0.03  garr 36.4  tG 395  e2 0.27  nF 23.8  pS 0.30  ptS 0.29  fLog 0.32  pdΔ -0.2014  pkR 10.00  clip 0.21  kl +0.009
upd   18  steps  622592  sps 3753  opp rand  loss -0.015  pg -0.0031  v 0.011  ev +0.98  adv_std 0.157  tR +0.05  ent[s/d/p/e] 1.27/2.91/1.84/0.57  emits 1.45  spf 18.5  z0 0.02  garr 38.4  tG 418  e2 0.29  nF 24.5  pS 0.32  ptS 0.30  fLog 0.33  pdΔ -0.1836  pkR 10.56  clip 0.22  kl +0.009
upd   19  steps  655360  sps 3814  opp rand  loss -0.017  pg -0.0050  v 0.012  ev +0.98  adv_std 0.162  tR +0.11  ent[s/d/p/e] 1.25/2.91/1.86/0.57  emits 1.45  spf 18.9  z0 0.03  garr 39.7  tG 464  e2 0.29  nF 24.6  pS 0.32  ptS 0.31  fLog 0.32  pdΔ -0.1838  pkR 10.46  clip 0.22  kl +0.010
upd   20  steps  688128  sps 3870  opp rand  loss -0.015  pg -0.0042  v 0.012  ev +0.97  adv_std 0.166  tR -0.11  ent[s/d/p/e] 1.17/2.91/1.85/0.57  emits 1.39  spf 16.3  z0 0.04  garr 32.9  tG 344  e2 0.27  nF 23.5  pS 0.28  ptS 0.27  fLog 0.31  pdΔ -0.2214  pkR 11.56  clip 0.19  kl +0.008
upd   21  steps  720896  sps 3924  opp rand  loss -0.017  pg -0.0055  v 0.013  ev +0.97  adv_std 0.175  tR +0.17  ent[s/d/p/e] 1.39/2.91/1.85/0.53  emits 1.35  spf 21.7  z0 0.02  garr 43.1  tG 472  e2 0.25  nF 21.8  pS 0.34  ptS 0.33  fLog 0.35  pdΔ -0.1555  pkR 9.76  clip 0.21  kl +0.009
upd   22  steps  753664  sps 3974  opp rand  loss -0.018  pg -0.0062  v 0.013  ev +0.98  adv_std 0.170  tR +0.27  ent[s/d/p/e] 1.37/2.91/1.84/0.55  emits 1.36  spf 22.7  z0 0.03  garr 43.7  tG 515  e2 0.25  nF 22.1  pS 0.34  ptS 0.33  fLog 0.35  pdΔ -0.1555  pkR 7.63  clip 0.20  kl +0.008
upd   23  steps  786432  sps 4020  opp rand  loss -0.018  pg -0.0064  v 0.013  ev +0.97  adv_std 0.177  tR +0.00  ent[s/d/p/e] 1.29/2.91/1.85/0.53  emits 1.33  spf 21.3  z0 0.04  garr 38.8  tG 451  e2 0.24  nF 21.2  pS 0.32  ptS 0.31  fLog 0.34  pdΔ -0.1806  pkR 10.94  clip 0.20  kl +0.009
upd   24  steps  819200  sps 4065  opp rand  loss -0.018  pg -0.0067  v 0.012  ev +0.98  adv_std 0.171  tR +0.23  ent[s/d/p/e] 1.34/2.90/1.85/0.52  emits 1.32  spf 21.1  z0 0.03  garr 39.1  tG 439  e2 0.23  nF 20.8  pS 0.32  ptS 0.32  fLog 0.35  pdΔ -0.1769  pkR 9.32  clip 0.21  kl +0.010
upd   25  steps  851968  sps 4106  opp rand  loss -0.019  pg -0.0076  v 0.011  ev +0.98  adv_std 0.165  tR -0.11  ent[s/d/p/e] 1.29/2.91/1.85/0.52  emits 1.32  spf 21.7  z0 0.03  garr 40.2  tG 458  e2 0.22  nF 21.4  pS 0.32  ptS 0.31  fLog 0.34  pdΔ -0.1830  pkR 11.14  clip 0.21  kl +0.010
upd   26  steps  884736  sps 4145  opp rand  loss -0.018  pg -0.0068  v 0.012  ev +0.98  adv_std 0.163  tR +0.20  ent[s/d/p/e] 1.34/2.90/1.84/0.53  emits 1.32  spf 22.5  z0 0.03  garr 41.3  tG 461  e2 0.23  nF 21.2  pS 0.33  ptS 0.32  fLog 0.35  pdΔ -0.1681  pkR 9.11  clip 0.21  kl +0.009
upd   27  steps  917504  sps 4183  opp rand  loss -0.019  pg -0.0075  v 0.013  ev +0.98  adv_std 0.178  tR +0.19  ent[s/d/p/e] 1.37/2.90/1.83/0.52  emits 1.31  spf 22.8  z0 0.03  garr 42.5  tG 483  e2 0.23  nF 21.0  pS 0.33  ptS 0.33  fLog 0.35  pdΔ -0.1698  pkR 8.01  clip 0.21  kl +0.010
upd   28  steps  950272  sps 4218  opp rand  loss -0.019  pg -0.0075  v 0.013  ev +0.98  adv_std 0.173  tR +0.20  ent[s/d/p/e] 1.45/2.90/1.82/0.51  emits 1.29  spf 23.2  z0 0.02  garr 41.9  tG 457  e2 0.21  nF 20.3  pS 0.34  ptS 0.33  fLog 0.37  pdΔ -0.1621  pkR 8.46  clip 0.22  kl +0.009
upd   29  steps  983040  sps 4251  opp rand  loss -0.020  pg -0.0080  v 0.012  ev +0.98  adv_std 0.166  tR +0.20  ent[s/d/p/e] 1.39/2.90/1.81/0.52  emits 1.30  spf 23.5  z0 0.03  garr 42.3  tG 479  e2 0.22  nF 21.1  pS 0.33  ptS 0.32  fLog 0.35  pdΔ -0.1664  pkR 9.99  clip 0.21  kl +0.010
upd   30  steps 1015808  sps 4283  opp rand  loss -0.019  pg -0.0074  v 0.012  ev +0.98  adv_std 0.172  tR -0.03  ent[s/d/p/e] 1.44/2.90/1.83/0.50  emits 1.26  spf 22.8  z0 0.04  garr 41.4  tG 446  e2 0.20  nF 20.4  pS 0.33  ptS 0.32  fLog 0.36  pdΔ -0.1679  pkR 9.70  clip 0.22  kl +0.011
upd   31  steps 1048576  sps 4313  opp rand  loss -0.021  pg -0.0091  v 0.012  ev +0.98  adv_std 0.168  tR +0.16  ent[s/d/p/e] 1.41/2.90/1.84/0.52  emits 1.33  spf 23.4  z0 0.02  garr 42.3  tG 466  e2 0.23  nF 21.5  pS 0.34  ptS 0.33  fLog 0.36  pdΔ -0.1631  pkR 7.49  clip 0.23  kl +0.011
upd   32  steps 1081344  sps 4342  opp rand  loss -0.021  pg -0.0086  v 0.012  ev +0.98  adv_std 0.172  tR +0.43  ent[s/d/p/e] 1.48/2.90/1.83/0.52  emits 1.31  spf 25.4  z0 0.03  garr 46.5  tG 528  e2 0.22  nF 21.3  pS 0.36  ptS 0.35  fLog 0.38  pdΔ -0.1369  pkR 7.46  clip 0.23  kl +0.010
upd   33  steps 1114112  sps 4369  opp rand  loss -0.020  pg -0.0082  v 0.013  ev +0.97  adv_std 0.176  tR +0.30  ent[s/d/p/e] 1.39/2.90/1.82/0.51  emits 1.31  spf 23.8  z0 0.02  garr 43.5  tG 460  e2 0.22  nF 21.1  pS 0.32  ptS 0.32  fLog 0.36  pdΔ -0.1761  pkR 9.46  clip 0.23  kl +0.011
upd   34  steps 1146880  sps 4395  opp rand  loss -0.021  pg -0.0097  v 0.013  ev +0.98  adv_std 0.177  tR +0.20  ent[s/d/p/e] 1.42/2.90/1.81/0.52  emits 1.30  spf 24.1  z0 0.03  garr 43.9  tG 476  e2 0.22  nF 19.9  pS 0.34  ptS 0.33  fLog 0.37  pdΔ -0.1632  pkR 8.45  clip 0.24  kl +0.011
upd   35  steps 1179648  sps 4420  opp rand  loss -0.021  pg -0.0101  v 0.013  ev +0.98  adv_std 0.179  tR +0.31  ent[s/d/p/e] 1.31/2.89/1.80/0.50  emits 1.30  spf 21.1  z0 0.02  garr 39.8  tG 425  e2 0.22  nF 21.3  pS 0.31  ptS 0.30  fLog 0.34  pdΔ -0.1878  pkR 8.48  clip 0.24  kl +0.010
upd   36  steps 1212416  sps 4444  opp rand  loss -0.022  pg -0.0106  v 0.012  ev +0.98  adv_std 0.176  tR +0.19  ent[s/d/p/e] 1.46/2.90/1.79/0.49  emits 1.28  spf 24.7  z0 0.03  garr 45.3  tG 511  e2 0.21  nF 19.7  pS 0.35  ptS 0.34  fLog 0.37  pdΔ -0.1482  pkR 6.61  clip 0.22  kl +0.010
upd   37  steps 1245184  sps 4467  opp rand  loss -0.021  pg -0.0099  v 0.012  ev +0.98  adv_std 0.174  tR +0.27  ent[s/d/p/e] 1.40/2.89/1.78/0.49  emits 1.28  spf 24.1  z0 0.02  garr 45.2  tG 517  e2 0.20  nF 20.8  pS 0.34  ptS 0.33  fLog 0.36  pdΔ -0.1571  pkR 8.40  clip 0.23  kl +0.011
upd   38  steps 1277952  sps 4489  opp rand  loss -0.021  pg -0.0103  v 0.013  ev +0.98  adv_std 0.184  tR +0.25  ent[s/d/p/e] 1.34/2.89/1.78/0.47  emits 1.23  spf 22.6  z0 0.04  garr 41.9  tG 445  e2 0.18  nF 19.9  pS 0.32  ptS 0.31  fLog 0.35  pdΔ -0.1814  pkR 10.45  clip 0.23  kl +0.010
upd   39  steps 1310720  sps 4510  opp rand  loss -0.023  pg -0.0114  v 0.012  ev +0.98  adv_std 0.174  tR +0.00  ent[s/d/p/e] 1.42/2.88/1.78/0.47  emits 1.26  spf 25.7  z0 0.03  garr 47.6  tG 543  e2 0.19  nF 20.0  pS 0.35  ptS 0.34  fLog 0.37  pdΔ -0.1461  pkR 9.00  clip 0.24  kl +0.011
upd   40  steps 1343488  sps 4530  opp rand  loss -0.022  pg -0.0109  v 0.013  ev +0.98  adv_std 0.180  tR +0.41  ent[s/d/p/e] 1.46/2.89/1.76/0.48  emits 1.28  spf 26.6  z0 0.03  garr 49.0  tG 592  e2 0.21  nF 19.4  pS 0.37  ptS 0.36  fLog 0.38  pdΔ -0.1331  pkR 6.31  clip 0.24  kl +0.010
upd   41  steps 1376256  sps 4549  opp rand  loss -0.021  pg -0.0102  v 0.013  ev +0.98  adv_std 0.184  tR +0.37  ent[s/d/p/e] 1.42/2.88/1.77/0.48  emits 1.32  spf 24.2  z0 0.01  garr 46.6  tG 517  e2 0.21  nF 20.2  pS 0.35  ptS 0.34  fLog 0.37  pdΔ -0.1469  pkR 6.91  clip 0.25  kl +0.011
upd   42  steps 1409024  sps 4568  opp rand  loss -0.022  pg -0.0109  v 0.013  ev +0.98  adv_std 0.184  tR +0.33  ent[s/d/p/e] 1.44/2.88/1.75/0.49  emits 1.32  spf 26.5  z0 0.03  garr 49.1  tG 564  e2 0.21  nF 20.3  pS 0.37  ptS 0.35  fLog 0.38  pdΔ -0.1344  pkR 8.38  clip 0.25  kl +0.012
upd   43  steps 1441792  sps 4586  opp rand  loss -0.021  pg -0.0109  v 0.015  ev +0.98  adv_std 0.191  tR +0.31  ent[s/d/p/e] 1.32/2.86/1.76/0.48  emits 1.30  spf 23.4  z0 0.03  garr 44.5  tG 509  e2 0.21  nF 21.4  pS 0.33  ptS 0.33  fLog 0.36  pdΔ -0.1668  pkR 7.91  clip 0.24  kl +0.011
upd   44  steps 1474560  sps 4603  opp rand  loss -0.023  pg -0.0114  v 0.013  ev +0.98  adv_std 0.183  tR +0.39  ent[s/d/p/e] 1.49/2.86/1.75/0.47  emits 1.29  spf 26.0  z0 0.01  garr 49.9  tG 582  e2 0.20  nF 20.8  pS 0.38  ptS 0.37  fLog 0.38  pdΔ -0.1187  pkR 8.40  clip 0.26  kl +0.012
upd   45  steps 1507328  sps 4620  opp rand  loss -0.024  pg -0.0123  v 0.013  ev +0.98  adv_std 0.181  tR +0.48  ent[s/d/p/e] 1.45/2.86/1.76/0.48  emits 1.32  spf 25.3  z0 0.01  garr 48.7  tG 547  e2 0.21  nF 20.0  pS 0.37  ptS 0.35  fLog 0.38  pdΔ -0.1344  pkR 6.50  clip 0.26  kl +0.012
upd   46  steps 1540096  sps 4636  opp rand  loss -0.023  pg -0.0121  v 0.015  ev +0.98  adv_std 0.190  tR +0.41  ent[s/d/p/e] 1.42/2.86/1.75/0.47  emits 1.27  spf 25.1  z0 0.02  garr 48.3  tG 529  e2 0.19  nF 19.8  pS 0.35  ptS 0.34  fLog 0.38  pdΔ -0.1479  pkR 7.12  clip 0.27  kl +0.011
upd   47  steps 1572864  sps 4651  opp rand  loss -0.024  pg -0.0125  v 0.014  ev +0.98  adv_std 0.185  tR +0.45  ent[s/d/p/e] 1.41/2.85/1.78/0.48  emits 1.30  spf 25.0  z0 0.02  garr 47.9  tG 535  e2 0.21  nF 20.0  pS 0.37  ptS 0.35  fLog 0.38  pdΔ -0.1307  pkR 7.01  clip 0.27  kl +0.012
upd   48  steps 1605632  sps 4666  opp rand  loss -0.024  pg -0.0129  v 0.014  ev +0.98  adv_std 0.185  tR +0.29  ent[s/d/p/e] 1.44/2.85/1.76/0.48  emits 1.28  spf 25.4  z0 0.02  garr 48.5  tG 544  e2 0.20  nF 20.2  pS 0.37  ptS 0.35  fLog 0.38  pdΔ -0.1342  pkR 6.25  clip 0.27  kl +0.012
upd   49  steps 1638400  sps 4681  opp rand  loss -0.023  pg -0.0119  v 0.013  ev +0.98  adv_std 0.180  tR +0.53  ent[s/d/p/e] 1.45/2.86/1.76/0.51  emits 1.33  spf 26.0  z0 0.03  garr 47.1  tG 579  e2 0.22  nF 21.2  pS 0.36  ptS 0.36  fLog 0.37  pdΔ -0.1380  pkR 7.01  clip 0.27  kl +0.013 WRr 0.91 WRf 0.81
upd   50  steps 1671168  sps 4199  opp frzn  loss -0.024  pg -0.0128  v 0.013  ev +0.98  adv_std 0.178  tR +0.18  ent[s/d/p/e] 1.37/2.85/1.73/0.49  emits 1.32  spf 24.2  z0 0.03  garr 46.2  tG 518  e2 0.22  nF 21.5  pS 0.34  ptS 0.33  fLog 0.37  pdΔ -0.1593  pkR 7.51  clip 0.28  kl +0.014
upd   51  steps 1703936  sps 4218  opp rand  loss -0.023  pg -0.0123  v 0.015  ev +0.98  adv_std 0.195  tR +0.48  ent[s/d/p/e] 1.51/2.84/1.72/0.47  emits 1.30  spf 26.6  z0 0.02  garr 52.1  tG 581  e2 0.20  nF 20.7  pS 0.38  ptS 0.37  fLog 0.39  pdΔ -0.1213  pkR 6.57  clip 0.28  kl +0.012
upd   52  steps 1736704  sps 4237  opp rand  loss -0.024  pg -0.0135  v 0.014  ev +0.98  adv_std 0.189  tR +0.45  ent[s/d/p/e] 1.40/2.83/1.74/0.48  emits 1.31  spf 25.1  z0 0.03  garr 48.6  tG 556  e2 0.21  nF 21.3  pS 0.35  ptS 0.34  fLog 0.37  pdΔ -0.1474  pkR 6.86  clip 0.28  kl +0.013
upd   53  steps 1769472  sps 4251  opp frzn  loss -0.023  pg -0.0122  v 0.015  ev +0.98  adv_std 0.196  tR +0.40  ent[s/d/p/e] 1.46/2.84/1.73/0.47  emits 1.30  spf 26.0  z0 0.02  garr 50.6  tG 562  e2 0.19  nF 20.2  pS 0.37  ptS 0.35  fLog 0.38  pdΔ -0.1334  pkR 6.63  clip 0.28  kl +0.013
upd   54  steps 1802240  sps 4269  opp rand  loss -0.022  pg -0.0115  v 0.016  ev +0.98  adv_std 0.198  tR +0.26  ent[s/d/p/e] 1.49/2.84/1.73/0.48  emits 1.31  spf 27.1  z0 0.02  garr 51.8  tG 607  e2 0.20  nF 19.3  pS 0.38  ptS 0.37  fLog 0.40  pdΔ -0.1165  pkR 6.93  clip 0.28  kl +0.015
upd   55  steps 1835008  sps 4286  opp rand  loss -0.022  pg -0.0115  v 0.016  ev +0.98  adv_std 0.197  tR +0.33  ent[s/d/p/e] 1.52/2.83/1.71/0.47  emits 1.30  spf 26.7  z0 0.03  garr 52.1  tG 565  e2 0.20  nF 17.6  pS 0.38  ptS 0.36  fLog 0.40  pdΔ -0.1213  pkR 6.89  clip 0.28  kl +0.014
upd   56  steps 1867776  sps 4303  opp rand  loss -0.024  pg -0.0128  v 0.015  ev +0.98  adv_std 0.196  tR +0.37  ent[s/d/p/e] 1.53/2.83/1.72/0.51  emits 1.36  spf 29.8  z0 0.02  garr 54.1  tG 660  e2 0.22  nF 19.2  pS 0.40  ptS 0.38  fLog 0.40  pdΔ -0.1008  pkR 6.76  clip 0.28  kl +0.013
upd   57  steps 1900544  sps 4315  opp frzn  loss -0.024  pg -0.0133  v 0.015  ev +0.98  adv_std 0.195  tR +0.38  ent[s/d/p/e] 1.48/2.82/1.71/0.49  emits 1.36  spf 28.7  z0 0.02  garr 56.9  tG 668  e2 0.22  nF 19.6  pS 0.40  ptS 0.38  fLog 0.40  pdΔ -0.1045  pkR 6.18  clip 0.29  kl +0.013
upd   58  steps 1933312  sps 4327  opp frzn  loss -0.023  pg -0.0125  v 0.014  ev +0.98  adv_std 0.189  tR +0.24  ent[s/d/p/e] 1.38/2.82/1.69/0.48  emits 1.34  spf 26.5  z0 0.03  garr 54.8  tG 622  e2 0.22  nF 20.4  pS 0.36  ptS 0.35  fLog 0.38  pdΔ -0.1404  pkR 5.89  clip 0.29  kl +0.015
upd   59  steps 1966080  sps 4342  opp rand  loss -0.023  pg -0.0130  v 0.016  ev +0.98  adv_std 0.200  tR +0.33  ent[s/d/p/e] 1.41/2.81/1.70/0.49  emits 1.32  spf 28.8  z0 0.03  garr 56.9  tG 650  e2 0.22  nF 20.1  pS 0.37  ptS 0.36  fLog 0.39  pdΔ -0.1320  pkR 7.10  clip 0.29  kl +0.014
upd   60  steps 1998848  sps 4354  opp frzn  loss -0.024  pg -0.0140  v 0.018  ev +0.98  adv_std 0.212  tR +0.35  ent[s/d/p/e] 1.48/2.81/1.70/0.48  emits 1.37  spf 27.2  z0 0.02  garr 55.7  tG 600  e2 0.22  nF 20.6  pS 0.37  ptS 0.36  fLog 0.39  pdΔ -0.1326  pkR 7.16  clip 0.29  kl +0.015
upd   61  steps 2031616  sps 4369  opp rand  loss -0.022  pg -0.0123  v 0.017  ev +0.98  adv_std 0.204  tR +0.20  ent[s/d/p/e] 1.30/2.81/1.73/0.50  emits 1.35  spf 22.6  z0 0.03  garr 46.1  tG 485  e2 0.22  nF 22.0  pS 0.33  ptS 0.32  fLog 0.36  pdΔ -0.1745  pkR 8.05  clip 0.29  kl +0.016
upd   62  steps 2064384  sps 4383  opp rand  loss -0.024  pg -0.0134  v 0.014  ev +0.98  adv_std 0.188  tR +0.30  ent[s/d/p/e] 1.40/2.80/1.72/0.50  emits 1.37  spf 27.1  z0 0.02  garr 51.9  tG 603  e2 0.23  nF 21.8  pS 0.37  ptS 0.35  fLog 0.38  pdΔ -0.1338  pkR 7.24  clip 0.30  kl +0.015
upd   63  steps 2097152  sps 4393  opp frzn  loss -0.023  pg -0.0124  v 0.016  ev +0.98  adv_std 0.201  tR +0.54  ent[s/d/p/e] 1.48/2.81/1.69/0.49  emits 1.37  spf 29.6  z0 0.02  garr 57.8  tG 690  e2 0.22  nF 19.8  pS 0.40  ptS 0.39  fLog 0.40  pdΔ -0.1010  pkR 6.41  clip 0.29  kl +0.015
upd   64  steps 2129920  sps 4407  opp rand  loss -0.023  pg -0.0128  v 0.016  ev +0.98  adv_std 0.204  tR +0.49  ent[s/d/p/e] 1.46/2.79/1.70/0.50  emits 1.37  spf 28.0  z0 0.02  garr 54.1  tG 646  e2 0.23  nF 20.7  pS 0.39  ptS 0.38  fLog 0.39  pdΔ -0.1141  pkR 6.65  clip 0.30  kl +0.015
upd   65  steps 2162688  sps 4421  opp rand  loss -0.023  pg -0.0124  v 0.016  ev +0.98  adv_std 0.201  tR +0.53  ent[s/d/p/e] 1.51/2.79/1.72/0.52  emits 1.45  spf 29.4  z0 0.02  garr 52.9  tG 673  e2 0.25  nF 21.6  pS 0.40  ptS 0.39  fLog 0.40  pdΔ -0.1036  pkR 6.43  clip 0.30  kl +0.017
upd   66  steps 2195456  sps 4434  opp rand  loss -0.025  pg -0.0142  v 0.015  ev +0.99  adv_std 0.196  tR +0.40  ent[s/d/p/e] 1.43/2.80/1.72/0.51  emits 1.43  spf 27.7  z0 0.02  garr 51.4  tG 633  e2 0.25  nF 21.4  pS 0.37  ptS 0.37  fLog 0.38  pdΔ -0.1258  pkR 6.83  clip 0.30  kl +0.016
upd   67  steps 2228224  sps 4447  opp rand  loss -0.025  pg -0.0139  v 0.015  ev +0.99  adv_std 0.196  tR +0.42  ent[s/d/p/e] 1.49/2.79/1.72/0.51  emits 1.40  spf 29.6  z0 0.02  garr 54.7  tG 671  e2 0.23  nF 20.4  pS 0.39  ptS 0.38  fLog 0.39  pdΔ -0.1112  pkR 6.37  clip 0.30  kl +0.017
upd   68  steps 2260992  sps 4459  opp rand  loss -0.025  pg -0.0144  v 0.016  ev +0.98  adv_std 0.200  tR +0.47  ent[s/d/p/e] 1.49/2.80/1.72/0.51  emits 1.41  spf 28.6  z0 0.03  garr 52.5  tG 618  e2 0.24  nF 20.3  pS 0.38  ptS 0.37  fLog 0.40  pdΔ -0.1194  pkR 7.37  clip 0.31  kl +0.017
upd   69  steps 2293760  sps 4468  opp frzn  loss -0.024  pg -0.0138  v 0.016  ev +0.98  adv_std 0.204  tR +0.24  ent[s/d/p/e] 1.32/2.79/1.72/0.49  emits 1.39  spf 25.4  z0 0.03  garr 49.7  tG 541  e2 0.23  nF 20.0  pS 0.33  ptS 0.33  fLog 0.37  pdΔ -0.1652  pkR 7.42  clip 0.30  kl +0.015
upd   70  steps 2326528  sps 4476  opp frzn  loss -0.024  pg -0.0138  v 0.017  ev +0.98  adv_std 0.208  tR +0.13  ent[s/d/p/e] 1.33/2.79/1.72/0.49  emits 1.34  spf 25.4  z0 0.03  garr 49.9  tG 518  e2 0.21  nF 18.9  pS 0.34  ptS 0.32  fLog 0.38  pdΔ -0.1635  pkR 7.19  clip 0.30  kl +0.015
upd   71  steps 2359296  sps 4484  opp frzn  loss -0.024  pg -0.0136  v 0.016  ev +0.98  adv_std 0.201  tR +0.12  ent[s/d/p/e] 1.43/2.78/1.71/0.50  emits 1.36  spf 28.3  z0 0.03  garr 54.0  tG 615  e2 0.22  nF 19.6  pS 0.37  ptS 0.36  fLog 0.40  pdΔ -0.1293  pkR 7.32  clip 0.29  kl +0.015
upd   72  steps 2392064  sps 4493  opp frzn  loss -0.025  pg -0.0149  v 0.017  ev +0.98  adv_std 0.205  tR +0.32  ent[s/d/p/e] 1.41/2.78/1.70/0.50  emits 1.37  spf 28.0  z0 0.03  garr 53.9  tG 600  e2 0.23  nF 19.7  pS 0.36  ptS 0.35  fLog 0.39  pdΔ -0.1375  pkR 7.77  clip 0.30  kl +0.017
upd   73  steps 2424832  sps 4500  opp frzn  loss -0.025  pg -0.0146  v 0.017  ev +0.98  adv_std 0.208  tR +0.37  ent[s/d/p/e] 1.45/2.77/1.68/0.47  emits 1.33  spf 28.2  z0 0.03  garr 57.1  tG 664  e2 0.21  nF 18.9  pS 0.39  ptS 0.38  fLog 0.40  pdΔ -0.1085  pkR 5.58  clip 0.31  kl +0.016
upd   74  steps 2457600  sps 4508  opp frzn  loss -0.024  pg -0.0136  v 0.017  ev +0.98  adv_std 0.205  tR +0.42  ent[s/d/p/e] 1.37/2.77/1.70/0.49  emits 1.36  spf 26.4  z0 0.03  garr 53.2  tG 597  e2 0.22  nF 20.6  pS 0.35  ptS 0.35  fLog 0.38  pdΔ -0.1480  pkR 7.80  clip 0.31  kl +0.017
upd   75  steps 2490368  sps 4519  opp rand  loss -0.024  pg -0.0139  v 0.018  ev +0.98  adv_std 0.212  tR +0.40  ent[s/d/p/e] 1.47/2.77/1.71/0.49  emits 1.36  spf 31.2  z0 0.02  garr 56.1  tG 669  e2 0.22  nF 19.8  pS 0.40  ptS 0.39  fLog 0.40  pdΔ -0.1024  pkR 6.73  clip 0.31  kl +0.016
upd   76  steps 2523136  sps 4530  opp rand  loss -0.026  pg -0.0151  v 0.018  ev +0.98  adv_std 0.213  tR +0.57  ent[s/d/p/e] 1.51/2.77/1.73/0.51  emits 1.44  spf 28.5  z0 0.02  garr 48.7  tG 599  e2 0.24  nF 20.6  pS 0.39  ptS 0.39  fLog 0.40  pdΔ -0.1063  pkR 7.60  clip 0.32  kl +0.019
upd   77  steps 2555904  sps 4540  opp rand  loss -0.025  pg -0.0145  v 0.016  ev +0.98  adv_std 0.208  tR +0.67  ent[s/d/p/e] 1.54/2.76/1.73/0.50  emits 1.39  spf 30.5  z0 0.03  garr 53.8  tG 662  e2 0.22  nF 19.8  pS 0.41  ptS 0.40  fLog 0.41  pdΔ -0.0900  pkR 5.92  clip 0.32  kl +0.018
upd   78  steps 2588672  sps 4547  opp frzn  loss -0.025  pg -0.0147  v 0.018  ev +0.98  adv_std 0.216  tR +0.60  ent[s/d/p/e] 1.43/2.77/1.71/0.50  emits 1.40  spf 28.0  z0 0.02  garr 52.7  tG 607  e2 0.23  nF 19.2  pS 0.37  ptS 0.36  fLog 0.39  pdΔ -0.1296  pkR 6.95  clip 0.31  kl +0.017
upd   79  steps 2621440  sps 4554  opp frzn  loss -0.024  pg -0.0144  v 0.018  ev +0.98  adv_std 0.208  tR +0.32  ent[s/d/p/e] 1.46/2.75/1.69/0.46  emits 1.31  spf 29.5  z0 0.03  garr 58.0  tG 619  e2 0.19  nF 18.4  pS 0.37  ptS 0.36  fLog 0.40  pdΔ -0.1348  pkR 6.78  clip 0.32  kl +0.018
upd   80  steps 2654208  sps 4563  opp rand  loss -0.024  pg -0.0135  v 0.017  ev +0.98  adv_std 0.207  tR +0.32  ent[s/d/p/e] 1.48/2.75/1.73/0.51  emits 1.43  spf 29.5  z0 0.02  garr 50.9  tG 596  e2 0.24  nF 20.0  pS 0.38  ptS 0.37  fLog 0.40  pdΔ -0.1247  pkR 7.31  clip 0.32  kl +0.017
upd   81  steps 2686976  sps 4573  opp rand  loss -0.025  pg -0.0143  v 0.016  ev +0.98  adv_std 0.200  tR +0.54  ent[s/d/p/e] 1.45/2.76/1.75/0.52  emits 1.47  spf 28.2  z0 0.01  garr 53.2  tG 602  e2 0.25  nF 20.7  pS 0.37  ptS 0.36  fLog 0.39  pdΔ -0.1289  pkR 6.58  clip 0.32  kl +0.017
upd   82  steps 2719744  sps 4582  opp rand  loss -0.025  pg -0.0154  v 0.019  ev +0.98  adv_std 0.222  tR +0.58  ent[s/d/p/e] 1.42/2.75/1.75/0.51  emits 1.45  spf 26.2  z0 0.02  garr 49.5  tG 534  e2 0.25  nF 20.0  pS 0.37  ptS 0.35  fLog 0.39  pdΔ -0.1321  pkR 6.42  clip 0.33  kl +0.019
upd   83  steps 2752512  sps 4589  opp frzn  loss -0.025  pg -0.0149  v 0.018  ev +0.98  adv_std 0.220  tR +0.38  ent[s/d/p/e] 1.50/2.73/1.71/0.50  emits 1.41  spf 33.0  z0 0.03  garr 58.5  tG 699  e2 0.24  nF 19.6  pS 0.40  ptS 0.39  fLog 0.41  pdΔ -0.1025  pkR 7.93  clip 0.33  kl +0.019
upd   84  steps 2785280  sps 4598  opp rand  loss -0.025  pg -0.0145  v 0.019  ev +0.98  adv_std 0.218  tR +0.49  ent[s/d/p/e] 1.50/2.73/1.72/0.49  emits 1.43  spf 28.2  z0 0.02  garr 53.2  tG 584  e2 0.23  nF 19.9  pS 0.38  ptS 0.37  fLog 0.40  pdΔ -0.1220  pkR 6.56  clip 0.33  kl +0.017
upd   85  steps 2818048  sps 4603  opp frzn  loss -0.024  pg -0.0133  v 0.016  ev +0.98  adv_std 0.205  tR +0.47  ent[s/d/p/e] 1.48/2.74/1.72/0.49  emits 1.43  spf 29.8  z0 0.02  garr 54.9  tG 621  e2 0.23  nF 19.6  pS 0.38  ptS 0.37  fLog 0.40  pdΔ -0.1176  pkR 5.95  clip 0.32  kl +0.017
upd   86  steps 2850816  sps 4609  opp frzn  loss -0.023  pg -0.0131  v 0.018  ev +0.98  adv_std 0.213  tR +0.35  ent[s/d/p/e] 1.35/2.72/1.69/0.47  emits 1.34  spf 26.8  z0 0.02  garr 53.7  tG 559  e2 0.20  nF 18.8  pS 0.34  ptS 0.33  fLog 0.38  pdΔ -0.1597  pkR 6.74  clip 0.32  kl +0.018
upd   87  steps 2883584  sps 4618  opp rand  loss -0.026  pg -0.0156  v 0.018  ev +0.98  adv_std 0.215  tR +0.38  ent[s/d/p/e] 1.46/2.72/1.70/0.48  emits 1.37  spf 30.2  z0 0.02  garr 56.2  tG 649  e2 0.21  nF 18.5  pS 0.39  ptS 0.38  fLog 0.40  pdΔ -0.1091  pkR 5.81  clip 0.33  kl +0.017
upd   88  steps 2916352  sps 4626  opp rand  loss -0.026  pg -0.0158  v 0.020  ev +0.98  adv_std 0.230  tR +0.71  ent[s/d/p/e] 1.57/2.71/1.71/0.47  emits 1.40  spf 32.5  z0 0.01  garr 60.0  tG 706  e2 0.21  nF 18.4  pS 0.42  ptS 0.40  fLog 0.43  pdΔ -0.0810  pkR 6.35  clip 0.34  kl +0.018
upd   89  steps 2949120  sps 4632  opp frzn  loss -0.025  pg -0.0147  v 0.018  ev +0.98  adv_std 0.218  tR +0.60  ent[s/d/p/e] 1.52/2.73/1.66/0.45  emits 1.37  spf 35.9  z0 0.01  garr 69.1  tG 792  e2 0.20  nF 17.7  pS 0.41  ptS 0.40  fLog 0.43  pdΔ -0.0904  pkR 5.78  clip 0.32  kl +0.015
upd   90  steps 2981888  sps 4640  opp rand  loss -0.026  pg -0.0155  v 0.018  ev +0.98  adv_std 0.211  tR +0.54  ent[s/d/p/e] 1.51/2.72/1.68/0.47  emits 1.38  spf 30.2  z0 0.02  garr 58.3  tG 620  e2 0.21  nF 18.8  pS 0.39  ptS 0.37  fLog 0.41  pdΔ -0.1140  pkR 7.22  clip 0.33  kl +0.018
upd   91  steps 3014656  sps 4645  opp frzn  loss -0.025  pg -0.0143  v 0.016  ev +0.98  adv_std 0.205  tR +0.56  ent[s/d/p/e] 1.50/2.72/1.69/0.48  emits 1.44  spf 30.0  z0 0.02  garr 55.9  tG 643  e2 0.23  nF 20.5  pS 0.40  ptS 0.38  fLog 0.40  pdΔ -0.1022  pkR 6.09  clip 0.33  kl +0.018
upd   92  steps 3047424  sps 4653  opp rand  loss -0.025  pg -0.0150  v 0.018  ev +0.98  adv_std 0.216  tR +0.50  ent[s/d/p/e] 1.48/2.70/1.72/0.48  emits 1.42  spf 28.5  z0 0.02  garr 51.6  tG 575  e2 0.22  nF 21.5  pS 0.38  ptS 0.36  fLog 0.39  pdΔ -0.1247  pkR 6.50  clip 0.34  kl +0.020
upd   93  steps 3080192  sps 4658  opp frzn  loss -0.025  pg -0.0151  v 0.017  ev +0.98  adv_std 0.206  tR +0.58  ent[s/d/p/e] 1.55/2.69/1.67/0.46  emits 1.36  spf 32.3  z0 0.01  garr 61.3  tG 688  e2 0.19  nF 19.2  pS 0.40  ptS 0.39  fLog 0.42  pdΔ -0.0953  pkR 6.31  clip 0.33  kl +0.018
upd   94  steps 3112960  sps 4665  opp rand  loss -0.024  pg -0.0132  v 0.016  ev +0.98  adv_std 0.201  tR +0.68  ent[s/d/p/e] 1.62/2.69/1.66/0.48  emits 1.46  spf 32.8  z0 0.01  garr 62.5  tG 701  e2 0.22  nF 18.4  pS 0.42  ptS 0.41  fLog 0.44  pdΔ -0.0761  pkR 5.29  clip 0.34  kl +0.018
upd   95  steps 3145728  sps 4673  opp rand  loss -0.026  pg -0.0153  v 0.018  ev +0.98  adv_std 0.214  tR +0.73  ent[s/d/p/e] 1.56/2.69/1.68/0.48  emits 1.43  spf 34.0  z0 0.02  garr 61.1  tG 690  e2 0.22  nF 18.8  pS 0.41  ptS 0.40  fLog 0.43  pdΔ -0.0888  pkR 6.70  clip 0.34  kl +0.020
upd   96  steps 3178496  sps 4677  opp frzn  loss -0.025  pg -0.0149  v 0.015  ev +0.98  adv_std 0.201  tR +0.51  ent[s/d/p/e] 1.51/2.68/1.67/0.47  emits 1.41  spf 31.5  z0 0.03  garr 57.9  tG 640  e2 0.22  nF 19.0  pS 0.39  ptS 0.38  fLog 0.42  pdΔ -0.1104  pkR 5.13  clip 0.33  kl +0.017
upd   97  steps 3211264  sps 4682  opp frzn  loss -0.023  pg -0.0131  v 0.018  ev +0.98  adv_std 0.215  tR +0.55  ent[s/d/p/e] 1.58/2.66/1.66/0.47  emits 1.43  spf 33.8  z0 0.02  garr 61.7  tG 710  e2 0.22  nF 18.1  pS 0.42  ptS 0.40  fLog 0.44  pdΔ -0.0848  pkR 5.37  clip 0.34  kl +0.019
upd   98  steps 3244032  sps 4689  opp rand  loss -0.025  pg -0.0147  v 0.019  ev +0.98  adv_std 0.223  tR +0.81  ent[s/d/p/e] 1.55/2.68/1.67/0.47  emits 1.46  spf 34.8  z0 0.01  garr 60.6  tG 693  e2 0.22  nF 19.1  pS 0.40  ptS 0.39  fLog 0.43  pdΔ -0.1039  pkR 6.38  clip 0.35  kl +0.019
upd   99  steps 3276800  sps 4696  opp rand  loss -0.025  pg -0.0149  v 0.017  ev +0.98  adv_std 0.216  tR +0.66  ent[s/d/p/e] 1.54/2.68/1.66/0.50  emits 1.48  spf 34.6  z0 0.02  garr 58.5  tG 702  e2 0.24  nF 19.0  pS 0.41  ptS 0.40  fLog 0.43  pdΔ -0.0908  pkR 5.97  clip 0.33  kl +0.018 WRr 0.88 WRf 0.88
upd  100  steps 3309568  sps 4595  opp frzn  loss -0.024  pg -0.0148  v 0.020  ev +0.98  adv_std 0.230  tR +0.62  ent[s/d/p/e] 1.38/2.68/1.67/0.49  emits 1.47  spf 28.8  z0 0.02  garr 54.3  tG 585  e2 0.24  nF 20.4  pS 0.35  ptS 0.34  fLog 0.39  pdΔ -0.1493  pkR 8.39  clip 0.35  kl +0.023
upd  101  steps 3342336  sps 4603  opp rand  loss -0.024  pg -0.0143  v 0.017  ev +0.99  adv_std 0.211  tR +0.28  ent[s/d/p/e] 1.45/2.65/1.64/0.48  emits 1.43  spf 31.7  z0 0.03  garr 58.7  tG 639  e2 0.23  nF 19.2  pS 0.37  ptS 0.36  fLog 0.41  pdΔ -0.1302  pkR 5.58  clip 0.33  kl +0.018
upd  102  steps 3375104  sps 4608  opp frzn  loss -0.024  pg -0.0146  v 0.017  ev +0.98  adv_std 0.214  tR +0.42  ent[s/d/p/e] 1.33/2.65/1.66/0.47  emits 1.45  spf 27.2  z0 0.02  garr 53.7  tG 570  e2 0.24  nF 19.4  pS 0.34  ptS 0.33  fLog 0.38  pdΔ -0.1630  pkR 7.53  clip 0.35  kl +0.019
upd  103  steps 3407872  sps 4613  opp frzn  loss -0.025  pg -0.0158  v 0.019  ev +0.98  adv_std 0.220  tR +0.39  ent[s/d/p/e] 1.44/2.64/1.63/0.47  emits 1.38  spf 28.7  z0 0.03  garr 59.4  tG 611  e2 0.21  nF 17.8  pS 0.36  ptS 0.35  fLog 0.41  pdΔ -0.1394  pkR 7.38  clip 0.34  kl +0.019
upd  104  steps 3440640  sps 4617  opp frzn  loss -0.025  pg -0.0157  v 0.019  ev +0.98  adv_std 0.221  tR +0.41  ent[s/d/p/e] 1.48/2.63/1.65/0.47  emits 1.41  spf 31.8  z0 0.03  garr 59.7  tG 641  e2 0.22  nF 18.2  pS 0.38  ptS 0.37  fLog 0.42  pdΔ -0.1214  pkR 6.89  clip 0.34  kl +0.020
upd  105  steps 3473408  sps 4622  opp frzn  loss -0.024  pg -0.0138  v 0.018  ev +0.98  adv_std 0.218  tR +0.36  ent[s/d/p/e] 1.51/2.62/1.64/0.47  emits 1.44  spf 30.9  z0 0.02  garr 59.7  tG 637  e2 0.22  nF 18.8  pS 0.39  ptS 0.38  fLog 0.42  pdΔ -0.1093  pkR 5.41  clip 0.34  kl +0.021
upd  106  steps 3506176  sps 4629  opp rand  loss -0.024  pg -0.0150  v 0.022  ev +0.98  adv_std 0.235  tR +0.64  ent[s/d/p/e] 1.57/2.61/1.66/0.50  emits 1.53  spf 34.7  z0 0.01  garr 65.5  tG 759  e2 0.25  nF 19.0  pS 0.43  ptS 0.42  fLog 0.44  pdΔ -0.0695  pkR 6.13  clip 0.35  kl +0.019
upd  107  steps 3538944  sps 4636  opp rand  loss -0.021  pg -0.0117  v 0.021  ev +0.98  adv_std 0.233  tR +0.75  ent[s/d/p/e] 1.58/2.64/1.68/0.51  emits 1.61  spf 34.5  z0 0.01  garr 62.7  tG 762  e2 0.28  nF 20.5  pS 0.43  ptS 0.42  fLog 0.43  pdΔ -0.0725  pkR 5.31  clip 0.35  kl +0.019
upd  108  steps 3571712  sps 4640  opp frzn  loss -0.021  pg -0.0122  v 0.021  ev +0.98  adv_std 0.233  tR +0.46  ent[s/d/p/e] 1.43/2.62/1.66/0.48  emits 1.50  spf 32.5  z0 0.02  garr 61.0  tG 677  e2 0.24  nF 19.4  pS 0.37  ptS 0.36  fLog 0.41  pdΔ -0.1264  pkR 10.61  clip 0.34  kl +0.020
upd  109  steps 3604480  sps 4646  opp rand  loss -0.024  pg -0.0143  v 0.021  ev +0.98  adv_std 0.229  tR +0.56  ent[s/d/p/e] 1.55/2.61/1.63/0.49  emits 1.51  spf 32.7  z0 0.00  garr 62.9  tG 712  e2 0.24  nF 19.4  pS 0.42  ptS 0.40  fLog 0.43  pdΔ -0.0849  pkR 6.41  clip 0.35  kl +0.020
upd  110  steps 3637248  sps 4651  opp frzn  loss -0.025  pg -0.0152  v 0.017  ev +0.98  adv_std 0.209  tR +0.65  ent[s/d/p/e] 1.47/2.63/1.64/0.49  emits 1.51  spf 29.7  z0 0.02  garr 56.8  tG 649  e2 0.25  nF 20.7  pS 0.39  ptS 0.38  fLog 0.41  pdΔ -0.1125  pkR 7.66  clip 0.35  kl +0.020
upd  111  steps 3670016  sps 4657  opp rand  loss -0.024  pg -0.0138  v 0.019  ev +0.98  adv_std 0.221  tR +0.60  ent[s/d/p/e] 1.53/2.61/1.65/0.49  emits 1.49  spf 29.6  z0 0.02  garr 56.2  tG 630  e2 0.24  nF 21.2  pS 0.39  ptS 0.38  fLog 0.41  pdΔ -0.1128  pkR 5.92  clip 0.34  kl +0.021
upd  112  steps 3702784  sps 4664  opp rand  loss -0.023  pg -0.0138  v 0.022  ev +0.98  adv_std 0.236  tR +0.62  ent[s/d/p/e] 1.57/2.62/1.66/0.51  emits 1.59  spf 31.5  z0 0.01  garr 59.5  tG 703  e2 0.27  nF 20.2  pS 0.42  ptS 0.41  fLog 0.43  pdΔ -0.0804  pkR 6.48  clip 0.35  kl +0.022
upd  113  steps 3735552  sps 4670  opp rand  loss -0.022  pg -0.0127  v 0.020  ev +0.98  adv_std 0.231  tR +0.79  ent[s/d/p/e] 1.55/2.62/1.68/0.49  emits 1.60  spf 31.9  z0 0.01  garr 58.6  tG 677  e2 0.26  nF 20.3  pS 0.41  ptS 0.40  fLog 0.43  pdΔ -0.0895  pkR 5.22  clip 0.36  kl +0.022
upd  114  steps 3768320  sps 4676  opp rand  loss -0.023  pg -0.0132  v 0.021  ev +0.98  adv_std 0.231  tR +0.76  ent[s/d/p/e] 1.61/2.62/1.69/0.50  emits 1.61  spf 31.5  z0 0.00  garr 56.2  tG 659  e2 0.25  nF 20.2  pS 0.41  ptS 0.40  fLog 0.42  pdΔ -0.0914  pkR 6.36  clip 0.35  kl +0.022
upd  115  steps 3801088  sps 4682  opp rand  loss -0.024  pg -0.0137  v 0.021  ev +0.98  adv_std 0.226  tR +0.78  ent[s/d/p/e] 1.67/2.62/1.69/0.51  emits 1.69  spf 31.1  z0 0.01  garr 56.3  tG 681  e2 0.28  nF 21.6  pS 0.44  ptS 0.42  fLog 0.43  pdΔ -0.0636  pkR 8.17  clip 0.35  kl +0.021
upd  116  steps 3833856  sps 4688  opp rand  loss -0.021  pg -0.0116  v 0.021  ev +0.98  adv_std 0.230  tR +0.90  ent[s/d/p/e] 1.53/2.62/1.71/0.50  emits 1.66  spf 29.4  z0 0.00  garr 55.1  tG 646  e2 0.28  nF 22.9  pS 0.40  ptS 0.39  fLog 0.41  pdΔ -0.0998  pkR 6.95  clip 0.35  kl +0.024
upd  117  steps 3866624  sps 4694  opp rand  loss -0.025  pg -0.0156  v 0.021  ev +0.98  adv_std 0.229  tR +0.76  ent[s/d/p/e] 1.62/2.63/1.66/0.50  emits 1.64  spf 28.9  z0 0.02  garr 56.6  tG 646  e2 0.28  nF 21.2  pS 0.41  ptS 0.41  fLog 0.42  pdΔ -0.0871  pkR 6.03  clip 0.35  kl +0.020
upd  118  steps 3899392  sps 4700  opp rand  loss -0.025  pg -0.0149  v 0.021  ev +0.98  adv_std 0.231  tR +0.58  ent[s/d/p/e] 1.66/2.60/1.65/0.50  emits 1.62  spf 31.7  z0 0.01  garr 61.7  tG 702  e2 0.26  nF 20.8  pS 0.43  ptS 0.42  fLog 0.44  pdΔ -0.0704  pkR 6.22  clip 0.36  kl +0.024
upd  119  steps 3932160  sps 4704  opp frzn  loss -0.025  pg -0.0149  v 0.021  ev +0.98  adv_std 0.237  tR +0.55  ent[s/d/p/e] 1.59/2.60/1.64/0.50  emits 1.57  spf 33.1  z0 0.02  garr 64.0  tG 704  e2 0.25  nF 19.8  pS 0.40  ptS 0.39  fLog 0.44  pdΔ -0.0967  pkR 6.86  clip 0.36  kl +0.024
upd  120  steps 3964928  sps 4707  opp frzn  loss -0.024  pg -0.0144  v 0.021  ev +0.98  adv_std 0.233  tR +0.46  ent[s/d/p/e] 1.60/2.58/1.61/0.48  emits 1.51  spf 33.3  z0 0.02  garr 66.8  tG 728  e2 0.23  nF 19.3  pS 0.40  ptS 0.40  fLog 0.44  pdΔ -0.0981  pkR 7.44  clip 0.35  kl +0.019
upd  121  steps 3997696  sps 4713  opp rand  loss -0.022  pg -0.0129  v 0.022  ev +0.98  adv_std 0.235  tR +0.57  ent[s/d/p/e] 1.55/2.58/1.68/0.50  emits 1.61  spf 30.2  z0 0.02  garr 55.3  tG 632  e2 0.26  nF 21.5  pS 0.40  ptS 0.39  fLog 0.42  pdΔ -0.1023  pkR 7.47  clip 0.36  kl +0.022
upd  122  steps 4030464  sps 4718  opp rand  loss -0.023  pg -0.0135  v 0.022  ev +0.98  adv_std 0.238  tR +0.75  ent[s/d/p/e] 1.63/2.57/1.68/0.50  emits 1.63  spf 32.1  z0 0.01  garr 59.0  tG 685  e2 0.27  nF 20.9  pS 0.43  ptS 0.41  fLog 0.44  pdΔ -0.0741  pkR 5.81  clip 0.35  kl +0.021
upd  123  steps 4063232  sps 4724  opp rand  loss -0.023  pg -0.0136  v 0.026  ev +0.98  adv_std 0.258  tR +0.82  ent[s/d/p/e] 1.71/2.55/1.66/0.50  emits 1.62  spf 37.3  z0 0.01  garr 67.8  tG 812  e2 0.27  nF 19.9  pS 0.46  ptS 0.44  fLog 0.46  pdΔ -0.0442  pkR 5.85  clip 0.36  kl +0.022
upd  124  steps 4096000  sps 4729  opp rand  loss -0.023  pg -0.0138  v 0.023  ev +0.98  adv_std 0.235  tR +0.84  ent[s/d/p/e] 1.65/2.59/1.67/0.52  emits 1.70  spf 34.9  z0 0.01  garr 64.8  tG 827  e2 0.30  nF 21.5  pS 0.46  ptS 0.44  fLog 0.44  pdΔ -0.0418  pkR 6.04  clip 0.36  kl +0.022
upd  125  steps 4128768  sps 4732  opp frzn  loss -0.022  pg -0.0125  v 0.022  ev +0.98  adv_std 0.238  tR +0.73  ent[s/d/p/e] 1.57/2.57/1.64/0.50  emits 1.66  spf 32.6  z0 0.01  garr 62.8  tG 742  e2 0.28  nF 21.4  pS 0.42  ptS 0.40  fLog 0.43  pdΔ -0.0850  pkR 5.29  clip 0.37  kl +0.023
upd  126  steps 4161536  sps 4738  opp rand  loss -0.021  pg -0.0128  v 0.028  ev +0.98  adv_std 0.264  tR +0.78  ent[s/d/p/e] 1.55/2.55/1.64/0.52  emits 1.67  spf 35.2  z0 0.01  garr 64.5  tG 771  e2 0.29  nF 20.6  pS 0.41  ptS 0.40  fLog 0.43  pdΔ -0.0911  pkR 6.94  clip 0.36  kl +0.022
upd  127  steps 4194304  sps 4741  opp frzn  loss -0.023  pg -0.0138  v 0.021  ev +0.98  adv_std 0.234  tR +0.62  ent[s/d/p/e] 1.53/2.55/1.60/0.50  emits 1.56  spf 30.9  z0 0.01  garr 63.3  tG 685  e2 0.26  nF 20.1  pS 0.39  ptS 0.38  fLog 0.42  pdΔ -0.1113  pkR 5.89  clip 0.37  kl +0.024
upd  128  steps 4227072  sps 4744  opp frzn  loss -0.023  pg -0.0138  v 0.021  ev +0.98  adv_std 0.232  tR +0.27  ent[s/d/p/e] 1.45/2.54/1.57/0.49  emits 1.49  spf 29.5  z0 0.03  garr 65.1  tG 664  e2 0.24  nF 19.1  pS 0.36  ptS 0.35  fLog 0.41  pdΔ -0.1381  pkR 7.65  clip 0.36  kl +0.023
upd  129  steps 4259840  sps 4749  opp rand  loss -0.024  pg -0.0151  v 0.023  ev +0.98  adv_std 0.237  tR +0.51  ent[s/d/p/e] 1.61/2.51/1.60/0.51  emits 1.54  spf 34.9  z0 0.02  garr 69.7  tG 789  e2 0.26  nF 19.7  pS 0.42  ptS 0.41  fLog 0.45  pdΔ -0.0784  pkR 5.88  clip 0.35  kl +0.021
upd  130  steps 4292608  sps 4752  opp frzn  loss -0.020  pg -0.0110  v 0.026  ev +0.98  adv_std 0.258  tR +0.64  ent[s/d/p/e] 1.63/2.51/1.63/0.51  emits 1.67  spf 38.2  z0 0.02  garr 68.1  tG 859  e2 0.28  nF 20.4  pS 0.43  ptS 0.42  fLog 0.45  pdΔ -0.0671  pkR 6.50  clip 0.36  kl +0.025
upd  131  steps 4325376  sps 4754  opp frzn  loss -0.023  pg -0.0143  v 0.025  ev +0.98  adv_std 0.249  tR +0.51  ent[s/d/p/e] 1.50/2.53/1.58/0.48  emits 1.52  spf 31.5  z0 0.02  garr 64.2  tG 670  e2 0.24  nF 20.6  pS 0.37  ptS 0.36  fLog 0.42  pdΔ -0.1347  pkR 7.54  clip 0.35  kl +0.021
upd  132  steps 4358144  sps 4757  opp frzn  loss -0.023  pg -0.0150  v 0.021  ev +0.98  adv_std 0.233  tR +0.01  ent[s/d/p/e] 1.34/2.54/1.55/0.49  emits 1.42  spf 24.8  z0 0.04  garr 58.3  tG 558  e2 0.23  nF 20.0  pS 0.33  ptS 0.32  fLog 0.38  pdΔ -0.1726  pkR 8.65  clip 0.36  kl +0.024
upd  133  steps 4390912  sps 4760  opp frzn  loss -0.021  pg -0.0132  v 0.024  ev +0.98  adv_std 0.247  tR +0.02  ent[s/d/p/e] 1.39/2.51/1.58/0.49  emits 1.47  spf 27.0  z0 0.03  garr 58.7  tG 593  e2 0.24  nF 20.2  pS 0.33  ptS 0.33  fLog 0.39  pdΔ -0.1651  pkR 6.23  clip 0.36  kl +0.023
upd  134  steps 4423680  sps 4765  opp rand  loss -0.022  pg -0.0133  v 0.027  ev +0.98  adv_std 0.261  tR +0.56  ent[s/d/p/e] 1.61/2.48/1.60/0.51  emits 1.60  spf 35.7  z0 0.01  garr 66.7  tG 789  e2 0.27  nF 20.5  pS 0.42  ptS 0.41  fLog 0.45  pdΔ -0.0817  pkR 6.82  clip 0.36  kl +0.024
upd  135  steps 4456448  sps 4770  opp rand  loss -0.023  pg -0.0134  v 0.022  ev +0.99  adv_std 0.240  tR +0.74  ent[s/d/p/e] 1.56/2.49/1.63/0.52  emits 1.59  spf 34.7  z0 0.01  garr 62.7  tG 756  e2 0.27  nF 21.3  pS 0.42  ptS 0.40  fLog 0.43  pdΔ -0.0841  pkR 7.75  clip 0.37  kl +0.025
upd  136  steps 4489216  sps 4772  opp frzn  loss -0.021  pg -0.0125  v 0.025  ev +0.98  adv_std 0.256  tR +0.49  ent[s/d/p/e] 1.61/2.52/1.60/0.51  emits 1.61  spf 34.4  z0 0.02  garr 68.4  tG 793  e2 0.26  nF 19.4  pS 0.41  ptS 0.40  fLog 0.44  pdΔ -0.0886  pkR 6.94  clip 0.36  kl +0.023
upd  137  steps 4521984  sps 4777  opp rand  loss -0.020  pg -0.0117  v 0.026  ev +0.98  adv_std 0.253  tR +0.49  ent[s/d/p/e] 1.56/2.49/1.57/0.51  emits 1.60  spf 35.1  z0 0.01  garr 72.4  tG 790  e2 0.26  nF 19.2  pS 0.40  ptS 0.39  fLog 0.44  pdΔ -0.0982  pkR 6.98  clip 0.37  kl +0.025
upd  138  steps 4554752  sps 4781  opp rand  loss -0.020  pg -0.0122  v 0.029  ev +0.98  adv_std 0.271  tR +0.72  ent[s/d/p/e] 1.66/2.48/1.63/0.52  emits 1.70  spf 35.6  z0 0.01  garr 67.1  tG 816  e2 0.28  nF 20.6  pS 0.44  ptS 0.43  fLog 0.45  pdΔ -0.0584  pkR 9.02  clip 0.37  kl +0.024
upd  139  steps 4587520  sps 4784  opp frzn  loss -0.022  pg -0.0133  v 0.025  ev +0.98  adv_std 0.251  tR +0.76  ent[s/d/p/e] 1.67/2.50/1.61/0.51  emits 1.71  spf 34.8  z0 0.01  garr 68.1  tG 841  e2 0.29  nF 21.9  pS 0.45  ptS 0.44  fLog 0.45  pdΔ -0.0511  pkR 6.39  clip 0.37  kl +0.024
upd  140  steps 4620288  sps 4786  opp frzn  loss -0.020  pg -0.0113  v 0.025  ev +0.98  adv_std 0.255  tR +0.65  ent[s/d/p/e] 1.53/2.49/1.62/0.49  emits 1.60  spf 31.1  z0 0.01  garr 61.6  tG 676  e2 0.25  nF 20.8  pS 0.37  ptS 0.37  fLog 0.42  pdΔ -0.1267  pkR 7.71  clip 0.36  kl +0.023
upd  141  steps 4653056  sps 4791  opp rand  loss -0.022  pg -0.0132  v 0.025  ev +0.98  adv_std 0.251  tR +0.57  ent[s/d/p/e] 1.65/2.45/1.58/0.52  emits 1.67  spf 35.8  z0 0.00  garr 73.3  tG 832  e2 0.27  nF 19.8  pS 0.43  ptS 0.41  fLog 0.46  pdΔ -0.0731  pkR 6.30  clip 0.38  kl +0.024
upd  142  steps 4685824  sps 4795  opp rand  loss -0.021  pg -0.0123  v 0.027  ev +0.98  adv_std 0.259  tR +0.84  ent[s/d/p/e] 1.65/2.47/1.62/0.51  emits 1.72  spf 35.7  z0 0.00  garr 70.9  tG 830  e2 0.28  nF 20.9  pS 0.43  ptS 0.41  fLog 0.45  pdΔ -0.0679  pkR 6.25  clip 0.37  kl +0.023
upd  143  steps 4718592  sps 4798  opp frzn  loss -0.022  pg -0.0134  v 0.023  ev +0.99  adv_std 0.248  tR +0.70  ent[s/d/p/e] 1.61/2.50/1.58/0.52  emits 1.73  spf 32.4  z0 0.01  garr 71.5  tG 847  e2 0.30  nF 21.6  pS 0.44  ptS 0.42  fLog 0.43  pdΔ -0.0648  pkR 5.45  clip 0.37  kl +0.025
upd  144  steps 4751360  sps 4800  opp frzn  loss -0.021  pg -0.0126  v 0.023  ev +0.99  adv_std 0.247  tR +0.41  ent[s/d/p/e] 1.47/2.47/1.57/0.49  emits 1.59  spf 30.9  z0 0.02  garr 68.4  tG 760  e2 0.26  nF 21.2  pS 0.38  ptS 0.37  fLog 0.41  pdΔ -0.1197  pkR 6.53  clip 0.37  kl +0.027
upd  145  steps 4784128  sps 4802  opp frzn  loss -0.020  pg -0.0122  v 0.026  ev +0.99  adv_std 0.253  tR +0.64  ent[s/d/p/e] 1.56/2.49/1.57/0.51  emits 1.70  spf 32.0  z0 0.01  garr 68.2  tG 817  e2 0.29  nF 22.4  pS 0.40  ptS 0.40  fLog 0.42  pdΔ -0.0959  pkR 7.16  clip 0.37  kl +0.028
upd  146  steps 4816896  sps 4804  opp frzn  loss -0.021  pg -0.0125  v 0.024  ev +0.99  adv_std 0.246  tR +0.59  ent[s/d/p/e] 1.51/2.43/1.56/0.49  emits 1.54  spf 32.5  z0 0.01  garr 72.3  tG 781  e2 0.24  nF 21.6  pS 0.39  ptS 0.38  fLog 0.42  pdΔ -0.1141  pkR 5.97  clip 0.37  kl +0.024
upd  147  steps 4849664  sps 4809  opp rand  loss -0.020  pg -0.0123  v 0.029  ev +0.99  adv_std 0.271  tR +0.66  ent[s/d/p/e] 1.66/2.45/1.56/0.52  emits 1.69  spf 36.9  z0 0.01  garr 77.0  tG 947  e2 0.28  nF 20.3  pS 0.44  ptS 0.43  fLog 0.45  pdΔ -0.0559  pkR 7.43  clip 0.37  kl +0.025
upd  148  steps 4882432  sps 4813  opp rand  loss -0.019  pg -0.0111  v 0.030  ev +0.98  adv_std 0.279  tR +0.69  ent[s/d/p/e] 1.58/2.43/1.59/0.51  emits 1.73  spf 35.1  z0 0.01  garr 72.6  tG 869  e2 0.29  nF 21.0  pS 0.43  ptS 0.41  fLog 0.44  pdΔ -0.0745  pkR 6.07  clip 0.39  kl +0.029
upd  149  steps 4915200  sps 4815  opp frzn  loss -0.021  pg -0.0130  v 0.029  ev +0.98  adv_std 0.272  tR +0.68  ent[s/d/p/e] 1.60/2.46/1.55/0.52  emits 1.73  spf 31.0  z0 0.01  garr 68.5  tG 756  e2 0.29  nF 20.8  pS 0.40  ptS 0.39  fLog 0.43  pdΔ -0.0961  pkR 6.78  clip 0.39  kl +0.026 WRr 0.91 WRf 0.84
upd  150  steps 4947968  sps 4747  opp rand  loss -0.021  pg -0.0132  v 0.027  ev +0.98  adv_std 0.261  tR +0.43  ent[s/d/p/e] 1.58/2.45/1.56/0.52  emits 1.68  spf 31.3  z0 0.02  garr 64.9  tG 727  e2 0.28  nF 21.3  pS 0.39  ptS 0.38  fLog 0.43  pdΔ -0.1052  pkR 5.83  clip 0.38  kl +0.026
upd  151  steps 4980736  sps 4750  opp frzn  loss -0.023  pg -0.0146  v 0.026  ev +0.98  adv_std 0.255  tR +0.62  ent[s/d/p/e] 1.61/2.44/1.53/0.50  emits 1.65  spf 33.8  z0 0.01  garr 75.1  tG 798  e2 0.26  nF 21.0  pS 0.40  ptS 0.39  fLog 0.44  pdΔ -0.1037  pkR 6.80  clip 0.38  kl +0.024
upd  152  steps 5013504  sps 4754  opp rand  loss -0.020  pg -0.0129  v 0.030  ev +0.98  adv_std 0.272  tR +0.59  ent[s/d/p/e] 1.64/2.40/1.55/0.52  emits 1.66  spf 34.2  z0 0.01  garr 73.4  tG 811  e2 0.27  nF 21.5  pS 0.42  ptS 0.40  fLog 0.45  pdΔ -0.0794  pkR 5.57  clip 0.38  kl +0.026
upd  153  steps 5046272  sps 4758  opp rand  loss -0.021  pg -0.0129  v 0.030  ev +0.98  adv_std 0.274  tR +0.72  ent[s/d/p/e] 1.72/2.44/1.60/0.53  emits 1.84  spf 35.1  z0 0.01  garr 72.7  tG 905  e2 0.31  nF 23.2  pS 0.46  ptS 0.45  fLog 0.46  pdΔ -0.0373  pkR 5.34  clip 0.37  kl +0.025
upd  154  steps 5079040  sps 4762  opp rand  loss -0.019  pg -0.0118  v 0.029  ev +0.99  adv_std 0.270  tR +0.77  ent[s/d/p/e] 1.59/2.44/1.58/0.53  emits 1.82  spf 34.3  z0 0.02  garr 71.7  tG 852  e2 0.32  nF 22.3  pS 0.42  ptS 0.41  fLog 0.44  pdΔ -0.0819  pkR 6.72  clip 0.39  kl +0.028
upd  155  steps 5111808  sps 4767  opp rand  loss -0.016  pg -0.0098  v 0.036  ev +0.98  adv_std 0.296  tR +0.67  ent[s/d/p/e] 1.60/2.42/1.58/0.51  emits 1.80  spf 38.1  z0 0.01  garr 75.8  tG 891  e2 0.30  nF 21.4  pS 0.43  ptS 0.42  fLog 0.46  pdΔ -0.0668  pkR 7.81  clip 0.39  kl +0.028
upd  156  steps 5144576  sps 4769  opp frzn  loss -0.020  pg -0.0125  v 0.029  ev +0.98  adv_std 0.273  tR +0.75  ent[s/d/p/e] 1.70/2.42/1.55/0.52  emits 1.77  spf 36.6  z0 0.01  garr 79.7  tG 942  e2 0.30  nF 22.0  pS 0.45  ptS 0.43  fLog 0.46  pdΔ -0.0549  pkR 5.89  clip 0.37  kl +0.023
upd  157  steps 5177344  sps 4773  opp rand  loss -0.022  pg -0.0144  v 0.031  ev +0.98  adv_std 0.276  tR +0.61  ent[s/d/p/e] 1.60/2.40/1.55/0.52  emits 1.78  spf 34.3  z0 0.01  garr 75.1  tG 847  e2 0.30  nF 20.7  pS 0.43  ptS 0.41  fLog 0.45  pdΔ -0.0742  pkR 6.60  clip 0.39  kl +0.026
upd  158  steps 5210112  sps 4777  opp rand  loss -0.018  pg -0.0107  v 0.033  ev +0.98  adv_std 0.289  tR +0.77  ent[s/d/p/e] 1.60/2.43/1.58/0.52  emits 1.92  spf 34.7  z0 0.01  garr 72.9  tG 875  e2 0.33  nF 22.0  pS 0.44  ptS 0.42  fLog 0.45  pdΔ -0.0639  pkR 5.70  clip 0.40  kl +0.031
upd  159  steps 5242880  sps 4779  opp frzn  loss -0.018  pg -0.0113  v 0.031  ev +0.98  adv_std 0.283  tR +0.54  ent[s/d/p/e] 1.58/2.46/1.54/0.52  emits 1.80  spf 30.5  z0 0.02  garr 69.8  tG 765  e2 0.30  nF 21.7  pS 0.40  ptS 0.39  fLog 0.43  pdΔ -0.1029  pkR 5.73  clip 0.38  kl +0.027
upd  160  steps 5275648  sps 4781  opp frzn  loss -0.017  pg -0.0105  v 0.031  ev +0.98  adv_std 0.281  tR +0.35  ent[s/d/p/e] 1.52/2.43/1.49/0.52  emits 1.68  spf 27.9  z0 0.02  garr 74.4  tG 711  e2 0.28  nF 21.0  pS 0.37  ptS 0.36  fLog 0.42  pdΔ -0.1319  pkR 5.36  clip 0.39  kl +0.030
upd  161  steps 5308416  sps 4784  opp frzn  loss -0.021  pg -0.0133  v 0.028  ev +0.98  adv_std 0.265  tR +0.41  ent[s/d/p/e] 1.55/2.40/1.48/0.51  emits 1.56  spf 31.9  z0 0.02  garr 79.3  tG 772  e2 0.24  nF 19.3  pS 0.38  ptS 0.37  fLog 0.44  pdΔ -0.1190  pkR 6.33  clip 0.37  kl +0.024
upd  162  steps 5341184  sps 4786  opp frzn  loss -0.020  pg -0.0124  v 0.030  ev +0.98  adv_std 0.275  tR +0.61  ent[s/d/p/e] 1.69/2.41/1.51/0.51  emits 1.72  spf 34.9  z0 0.01  garr 80.1  tG 880  e2 0.28  nF 19.8  pS 0.43  ptS 0.42  fLog 0.47  pdΔ -0.0694  pkR 5.10  clip 0.38  kl +0.024
upd  163  steps 5373952  sps 4790  opp rand  loss -0.020  pg -0.0127  v 0.032  ev +0.98  adv_std 0.284  tR +0.69  ent[s/d/p/e] 1.63/2.45/1.53/0.52  emits 1.95  spf 34.1  z0 0.01  garr 79.5  tG 895  e2 0.33  nF 21.1  pS 0.43  ptS 0.42  fLog 0.45  pdΔ -0.0673  pkR 6.71  clip 0.38  kl +0.027
upd  164  steps 5406720  sps 4793  opp rand  loss -0.020  pg -0.0123  v 0.030  ev +0.99  adv_std 0.276  tR +0.69  ent[s/d/p/e] 1.59/2.43/1.55/0.51  emits 1.86  spf 34.6  z0 0.02  garr 78.4  tG 884  e2 0.32  nF 21.1  pS 0.43  ptS 0.41  fLog 0.45  pdΔ -0.0743  pkR 5.26  clip 0.40  kl +0.029
upd  165  steps 5439488  sps 4797  opp rand  loss -0.019  pg -0.0118  v 0.033  ev +0.98  adv_std 0.283  tR +0.85  ent[s/d/p/e] 1.61/2.45/1.57/0.51  emits 1.90  spf 33.9  z0 0.01  garr 73.8  tG 864  e2 0.32  nF 22.7  pS 0.42  ptS 0.41  fLog 0.44  pdΔ -0.0813  pkR 6.13  clip 0.38  kl +0.029
upd  166  steps 5472256  sps 4799  opp frzn  loss -0.018  pg -0.0108  v 0.033  ev +0.98  adv_std 0.287  tR +0.74  ent[s/d/p/e] 1.63/2.41/1.51/0.51  emits 1.84  spf 32.2  z0 0.01  garr 76.8  tG 851  e2 0.30  nF 22.8  pS 0.41  ptS 0.40  fLog 0.44  pdΔ -0.0852  pkR 7.99  clip 0.41  kl +0.034
upd  167  steps 5505024  sps 4801  opp frzn  loss -0.020  pg -0.0130  v 0.032  ev +0.98  adv_std 0.282  tR +0.63  ent[s/d/p/e] 1.58/2.41/1.50/0.50  emits 1.78  spf 32.2  z0 0.01  garr 79.4  tG 864  e2 0.29  nF 22.1  pS 0.41  ptS 0.40  fLog 0.43  pdΔ -0.0867  pkR 9.64  clip 0.38  kl +0.027
upd  168  steps 5537792  sps 4805  opp rand  loss -0.017  pg -0.0101  v 0.032  ev +0.98  adv_std 0.286  tR +0.73  ent[s/d/p/e] 1.70/2.46/1.54/0.51  emits 2.03  spf 33.0  z0 0.00  garr 72.7  tG 888  e2 0.34  nF 23.2  pS 0.44  ptS 0.43  fLog 0.44  pdΔ -0.0577  pkR 6.58  clip 0.38  kl +0.028
upd  169  steps 5570560  sps 4807  opp frzn  loss -0.020  pg -0.0122  v 0.029  ev +0.99  adv_std 0.269  tR +0.68  ent[s/d/p/e] 1.62/2.42/1.53/0.50  emits 1.87  spf 30.5  z0 0.01  garr 72.3  tG 797  e2 0.30  nF 23.5  pS 0.41  ptS 0.41  fLog 0.43  pdΔ -0.0885  pkR 6.74  clip 0.39  kl +0.028
upd  170  steps 5603328  sps 4809  opp frzn  loss -0.017  pg -0.0102  v 0.033  ev +0.98  adv_std 0.291  tR +0.47  ent[s/d/p/e] 1.57/2.46/1.49/0.50  emits 1.85  spf 27.0  z0 0.01  garr 69.9  tG 701  e2 0.30  nF 23.3  pS 0.37  ptS 0.36  fLog 0.41  pdΔ -0.1318  pkR 5.90  clip 0.38  kl +0.029
upd  171  steps 5636096  sps 4811  opp frzn  loss -0.019  pg -0.0107  v 0.027  ev +0.99  adv_std 0.262  tR +0.47  ent[s/d/p/e] 1.60/2.46/1.49/0.51  emits 1.88  spf 27.1  z0 0.01  garr 67.9  tG 731  e2 0.31  nF 24.4  pS 0.39  ptS 0.39  fLog 0.41  pdΔ -0.1064  pkR 5.22  clip 0.38  kl +0.030
upd  172  steps 5668864  sps 4812  opp frzn  loss -0.018  pg -0.0111  v 0.031  ev +0.98  adv_std 0.285  tR +0.52  ent[s/d/p/e] 1.51/2.45/1.52/0.50  emits 1.91  spf 26.8  z0 0.02  garr 64.7  tG 673  e2 0.31  nF 24.7  pS 0.36  ptS 0.35  fLog 0.40  pdΔ -0.1424  pkR 6.67  clip 0.39  kl +0.028
upd  173  steps 5701632  sps 4814  opp frzn  loss -0.020  pg -0.0126  v 0.029  ev +0.99  adv_std 0.270  tR +0.40  ent[s/d/p/e] 1.60/2.41/1.46/0.51  emits 1.82  spf 30.4  z0 0.02  garr 73.8  tG 777  e2 0.30  nF 22.7  pS 0.39  ptS 0.37  fLog 0.43  pdΔ -0.1139  pkR 5.62  clip 0.37  kl +0.026
upd  174  steps 5734400  sps 4818  opp rand  loss -0.016  pg -0.0094  v 0.035  ev +0.98  adv_std 0.298  tR +0.74  ent[s/d/p/e] 1.59/2.42/1.54/0.50  emits 2.04  spf 27.6  z0 0.01  garr 65.6  tG 725  e2 0.33  nF 26.1  pS 0.40  ptS 0.39  fLog 0.41  pdΔ -0.1029  pkR 6.48  clip 0.39  kl +0.032
upd  175  steps 5767168  sps 4820  opp frzn  loss -0.014  pg -0.0087  v 0.037  ev +0.98  adv_std 0.308  tR +0.66  ent[s/d/p/e] 1.60/2.41/1.49/0.52  emits 2.04  spf 30.4  z0 0.01  garr 72.0  tG 778  e2 0.34  nF 24.8  pS 0.39  ptS 0.39  fLog 0.42  pdΔ -0.1053  pkR 7.42  clip 0.39  kl +0.031
upd  176  steps 5799936  sps 4821  opp frzn  loss -0.011  pg -0.0058  v 0.039  ev +0.98  adv_std 0.313  tR +0.33  ent[s/d/p/e] 1.48/2.41/1.44/0.49  emits 1.85  spf 28.3  z0 0.02  garr 76.6  tG 700  e2 0.29  nF 23.7  pS 0.35  ptS 0.34  fLog 0.41  pdΔ -0.1512  pkR 9.05  clip 0.40  kl +0.041
upd  177  steps 5832704  sps 4823  opp frzn  loss -0.012  pg -0.0062  v 0.033  ev +0.98  adv_std 0.290  tR +0.48  ent[s/d/p/e] 1.50/2.40/1.45/0.50  emits 1.97  spf 28.9  z0 0.02  garr 76.8  tG 777  e2 0.32  nF 24.2  pS 0.37  ptS 0.36  fLog 0.41  pdΔ -0.1304  pkR 6.48  clip 0.40  kl +0.039
upd  178  steps 5865472  sps 4825  opp frzn  loss -0.012  pg -0.0067  v 0.037  ev +0.98  adv_std 0.309  tR +0.53  ent[s/d/p/e] 1.44/2.38/1.50/0.51  emits 1.87  spf 28.2  z0 0.02  garr 66.8  tG 699  e2 0.31  nF 23.4  pS 0.35  ptS 0.35  fLog 0.40  pdΔ -0.1483  pkR 7.14  clip 0.40  kl +0.034
upd  179  steps 5898240  sps 4828  opp rand  loss -0.012  pg -0.0071  v 0.039  ev +0.98  adv_std 0.314  tR +0.64  ent[s/d/p/e] 1.54/2.37/1.51/0.51  emits 2.13  spf 28.7  z0 0.01  garr 69.5  tG 747  e2 0.35  nF 26.4  pS 0.39  ptS 0.38  fLog 0.41  pdΔ -0.1068  pkR 5.41  clip 0.40  kl +0.036
upd  180  steps 5931008  sps 4830  opp frzn  loss -0.017  pg -0.0109  v 0.035  ev +0.98  adv_std 0.299  tR +0.59  ent[s/d/p/e] 1.53/2.37/1.46/0.50  emits 2.03  spf 29.2  z0 0.02  garr 75.3  tG 762  e2 0.34  nF 24.4  pS 0.38  ptS 0.37  fLog 0.41  pdΔ -0.1207  pkR 5.54  clip 0.39  kl +0.034
upd  181  steps 5963776  sps 4832  opp frzn  loss -0.012  pg -0.0063  v 0.037  ev +0.98  adv_std 0.305  tR +0.36  ent[s/d/p/e] 1.49/2.39/1.42/0.50  emits 1.95  spf 27.5  z0 0.02  garr 78.9  tG 726  e2 0.32  nF 23.5  pS 0.36  ptS 0.35  fLog 0.41  pdΔ -0.1370  pkR 7.56  clip 0.39  kl +0.033
upd  182  steps 5996544  sps 4835  opp rand  loss -0.016  pg -0.0110  v 0.040  ev +0.98  adv_std 0.317  tR +0.44  ent[s/d/p/e] 1.50/2.36/1.45/0.51  emits 1.94  spf 29.1  z0 0.02  garr 73.1  tG 746  e2 0.33  nF 23.4  pS 0.38  ptS 0.36  fLog 0.42  pdΔ -0.1231  pkR 8.63  clip 0.39  kl +0.030
upd  183  steps 6029312  sps 4836  opp frzn  loss -0.018  pg -0.0114  v 0.034  ev +0.98  adv_std 0.291  tR +0.60  ent[s/d/p/e] 1.54/2.34/1.43/0.52  emits 1.87  spf 34.7  z0 0.01  garr 86.6  tG 897  e2 0.33  nF 20.9  pS 0.40  ptS 0.39  fLog 0.44  pdΔ -0.1031  pkR 6.10  clip 0.38  kl +0.029
upd  184  steps 6062080  sps 4838  opp frzn  loss -0.006  pg -0.0018  v 0.042  ev +0.98  adv_std 0.321  tR +0.52  ent[s/d/p/e] 1.52/2.36/1.45/0.49  emits 2.08  spf 30.9  z0 0.02  garr 82.3  tG 869  e2 0.35  nF 23.5  pS 0.39  ptS 0.38  fLog 0.42  pdΔ -0.1097  pkR 5.97  clip 0.43  kl +0.044
upd  185  steps 6094848  sps 4841  opp rand  loss -0.011  pg -0.0071  v 0.047  ev +0.98  adv_std 0.340  tR +0.71  ent[s/d/p/e] 1.58/2.33/1.51/0.48  emits 2.27  spf 33.1  z0 0.01  garr 80.5  tG 941  e2 0.37  nF 26.5  pS 0.43  ptS 0.41  fLog 0.43  pdΔ -0.0734  pkR 8.89  clip 0.40  kl +0.035
upd  186  steps 6127616  sps 4844  opp rand  loss -0.015  pg -0.0093  v 0.039  ev +0.99  adv_std 0.312  tR +0.64  ent[s/d/p/e] 1.59/2.35/1.51/0.49  emits 2.16  spf 32.6  z0 0.02  garr 76.2  tG 883  e2 0.36  nF 25.7  pS 0.41  ptS 0.40  fLog 0.42  pdΔ -0.0920  pkR 5.82  clip 0.39  kl +0.034
upd  187  steps 6160384  sps 4846  opp frzn  loss -0.018  pg -0.0114  v 0.033  ev +0.99  adv_std 0.284  tR +0.50  ent[s/d/p/e] 1.52/2.34/1.45/0.52  emits 1.92  spf 33.9  z0 0.03  garr 78.2  tG 857  e2 0.32  nF 23.5  pS 0.39  ptS 0.38  fLog 0.42  pdΔ -0.1147  pkR 6.05  clip 0.37  kl +0.027
upd  188  steps 6193152  sps 4848  opp frzn  loss -0.009  pg -0.0058  v 0.046  ev +0.98  adv_std 0.338  tR +0.47  ent[s/d/p/e] 1.39/2.38/1.44/0.47  emits 2.08  spf 27.9  z0 0.02  garr 79.4  tG 810  e2 0.34  nF 24.7  pS 0.35  ptS 0.34  fLog 0.39  pdΔ -0.1481  pkR 7.31  clip 0.41  kl +0.040
upd  189  steps 6225920  sps 4851  opp rand  loss -0.007  pg -0.0030  v 0.043  ev +0.98  adv_std 0.329  tR +0.39  ent[s/d/p/e] 1.47/2.39/1.46/0.44  emits 2.26  spf 24.8  z0 0.01  garr 76.5  tG 774  e2 0.35  nF 26.2  pS 0.38  ptS 0.36  fLog 0.38  pdΔ -0.1241  pkR 6.45  clip 0.43  kl +0.065
upd  190  steps 6258688  sps 4854  opp rand  loss -0.010  pg -0.0065  v 0.046  ev +0.98  adv_std 0.339  tR +0.69  ent[s/d/p/e] 1.52/2.40/1.52/0.44  emits 2.37  spf 27.6  z0 0.02  garr 73.1  tG 820  e2 0.36  nF 27.2  pS 0.39  ptS 0.38  fLog 0.39  pdΔ -0.1116  pkR 8.98  clip 0.40  kl +0.039
upd  191  steps 6291456  sps 4857  opp rand  loss -0.013  pg -0.0099  v 0.049  ev +0.98  adv_std 0.346  tR +0.71  ent[s/d/p/e] 1.52/2.40/1.51/0.46  emits 2.34  spf 29.9  z0 0.02  garr 77.2  tG 893  e2 0.38  nF 26.4  pS 0.41  ptS 0.40  fLog 0.41  pdΔ -0.0853  pkR 6.03  clip 0.40  kl +0.037
upd  192  steps 6324224  sps 4860  opp rand  loss -0.012  pg -0.0069  v 0.039  ev +0.99  adv_std 0.309  tR +0.58  ent[s/d/p/e] 1.38/2.43/1.50/0.44  emits 2.30  spf 24.9  z0 0.02  garr 71.5  tG 746  e2 0.34  nF 27.4  pS 0.36  ptS 0.35  fLog 0.37  pdΔ -0.1356  pkR 9.63  clip 0.40  kl +0.041
upd  193  steps 6356992  sps 4863  opp rand  loss -0.016  pg -0.0104  v 0.036  ev +0.98  adv_std 0.302  tR +0.60  ent[s/d/p/e] 1.55/2.35/1.47/0.49  emits 2.12  spf 29.6  z0 0.01  garr 77.2  tG 869  e2 0.35  nF 25.4  pS 0.40  ptS 0.39  fLog 0.41  pdΔ -0.0976  pkR 8.57  clip 0.39  kl +0.031
upd  194  steps 6389760  sps 4864  opp frzn  loss -0.010  pg -0.0074  v 0.048  ev +0.98  adv_std 0.343  tR +0.70  ent[s/d/p/e] 1.46/2.35/1.48/0.46  emits 2.26  spf 30.5  z0 0.01  garr 81.3  tG 878  e2 0.36  nF 27.4  pS 0.38  ptS 0.38  fLog 0.40  pdΔ -0.1151  pkR 7.23  clip 0.42  kl +0.041
upd  195  steps 6422528  sps 4867  opp rand  loss -0.013  pg -0.0087  v 0.044  ev +0.98  adv_std 0.328  tR +0.47  ent[s/d/p/e] 1.54/2.30/1.47/0.50  emits 2.17  spf 35.1  z0 0.02  garr 86.6  tG 965  e2 0.36  nF 25.9  pS 0.42  ptS 0.40  fLog 0.43  pdΔ -0.0844  pkR 7.18  clip 0.39  kl +0.029
upd  196  steps 6455296  sps 4870  opp rand  loss -0.010  pg -0.0068  v 0.048  ev +0.98  adv_std 0.341  tR +0.75  ent[s/d/p/e] 1.52/2.31/1.49/0.50  emits 2.27  spf 35.2  z0 0.01  garr 87.6  tG 992  e2 0.38  nF 25.9  pS 0.42  ptS 0.40  fLog 0.43  pdΔ -0.0818  pkR 6.34  clip 0.40  kl +0.032
upd  197  steps 6488064  sps 4873  opp rand  loss -0.010  pg -0.0068  v 0.048  ev +0.98  adv_std 0.341  tR +0.75  ent[s/d/p/e] 1.60/2.34/1.48/0.50  emits 2.32  spf 31.4  z0 0.01  garr 79.0  tG 878  e2 0.39  nF 27.0  pS 0.42  ptS 0.41  fLog 0.43  pdΔ -0.0826  pkR 7.67  clip 0.40  kl +0.034
upd  198  steps 6520832  sps 4876  opp rand  loss -0.011  pg -0.0087  v 0.052  ev +0.98  adv_std 0.356  tR +0.82  ent[s/d/p/e] 1.55/2.36/1.51/0.49  emits 2.49  spf 27.3  z0 0.00  garr 70.0  tG 820  e2 0.42  nF 29.4  pS 0.42  ptS 0.41  fLog 0.40  pdΔ -0.0821  pkR 5.93  clip 0.41  kl +0.034
upd  199  steps 6553600  sps 4877  opp frzn  loss -0.008  pg -0.0057  v 0.053  ev +0.98  adv_std 0.363  tR +0.53  ent[s/d/p/e] 1.43/2.37/1.52/0.48  emits 2.36  spf 28.4  z0 0.02  garr 75.0  tG 808  e2 0.40  nF 27.2  pS 0.38  ptS 0.37  fLog 0.39  pdΔ -0.1209  pkR 8.26  clip 0.41  kl +0.037 WRr 0.91 WRf 0.94
upd  200  steps 6586368  sps 4822  opp rand  loss -0.011  pg -0.0075  v 0.044  ev +0.99  adv_std 0.327  tR +0.50  ent[s/d/p/e] 1.46/2.32/1.49/0.48  emits 2.23  spf 30.9  z0 0.02  garr 75.8  tG 852  e2 0.36  nF 24.7  pS 0.39  ptS 0.38  fLog 0.41  pdΔ -0.1137  pkR 8.46  clip 0.39  kl +0.037
upd  201  steps 6619136  sps 4824  opp frzn  loss -0.003  pg -0.0011  v 0.053  ev +0.98  adv_std 0.362  tR +0.40  ent[s/d/p/e] 1.45/2.36/1.50/0.46  emits 2.37  spf 30.8  z0 0.02  garr 78.7  tG 876  e2 0.37  nF 26.4  pS 0.38  ptS 0.37  fLog 0.40  pdΔ -0.1243  pkR 8.67  clip 0.42  kl +0.047
upd  202  steps 6651904  sps 4826  opp frzn  loss +0.001  pg +0.0014  v 0.057  ev +0.98  adv_std 0.371  tR +0.31  ent[s/d/p/e] 1.35/2.41/1.49/0.43  emits 2.61  spf 25.2  z0 0.03  garr 84.4  tG 820  e2 0.41  nF 29.6  pS 0.35  ptS 0.34  fLog 0.37  pdΔ -0.1504  pkR 6.58  clip 0.43  kl +0.056
upd  203  steps 6684672  sps 4828  opp rand  loss -0.004  pg -0.0028  v 0.057  ev +0.98  adv_std 0.373  tR +0.35  ent[s/d/p/e] 1.34/2.40/1.53/0.43  emits 2.47  spf 23.3  z0 0.02  garr 67.7  tG 695  e2 0.39  nF 30.9  pS 0.34  ptS 0.33  fLog 0.36  pdΔ -0.1626  pkR 8.27  clip 0.41  kl +0.045
upd  204  steps 6717440  sps 4830  opp frzn  loss +0.012  pg +0.0104  v 0.071  ev +0.98  adv_std 0.404  tR +0.33  ent[s/d/p/e] 1.43/2.36/1.51/0.42  emits 2.52  spf 28.1  z0 0.03  garr 81.8  tG 864  e2 0.38  nF 29.2  pS 0.38  ptS 0.36  fLog 0.38  pdΔ -0.1224  pkR 7.76  clip 0.45  kl +0.083
upd  205  steps 6750208  sps 4833  opp rand  loss -0.003  pg -0.0037  v 0.064  ev +0.98  adv_std 0.394  tR +0.47  ent[s/d/p/e] 1.42/2.37/1.52/0.42  emits 2.67  spf 28.4  z0 0.03  garr 76.7  tG 864  e2 0.41  nF 30.5  pS 0.38  ptS 0.37  fLog 0.38  pdΔ -0.1210  pkR 8.19  clip 0.43  kl +0.048
upd  206  steps 6782976  sps 4836  opp rand  loss -0.010  pg -0.0077  v 0.053  ev +0.98  adv_std 0.361  tR +0.49  ent[s/d/p/e] 1.48/2.31/1.49/0.45  emits 2.40  spf 33.8  z0 0.02  garr 82.6  tG 937  e2 0.38  nF 26.3  pS 0.40  ptS 0.38  fLog 0.41  pdΔ -0.1009  pkR 8.39  clip 0.40  kl +0.038
upd  207  steps 6815744  sps 4839  opp rand  loss -0.006  pg -0.0055  v 0.062  ev +0.98  adv_std 0.389  tR +0.73  ent[s/d/p/e] 1.48/2.32/1.51/0.44  emits 2.52  spf 30.4  z0 0.01  garr 78.8  tG 912  e2 0.38  nF 27.5  pS 0.41  ptS 0.39  fLog 0.40  pdΔ -0.0931  pkR 10.22  clip 0.40  kl +0.049
upd  208  steps 6848512  sps 4841  opp rand  loss -0.008  pg -0.0072  v 0.059  ev +0.98  adv_std 0.377  tR +0.70  ent[s/d/p/e] 1.59/2.31/1.47/0.44  emits 2.48  spf 31.4  z0 0.01  garr 77.6  tG 842  e2 0.37  nF 28.1  pS 0.40  ptS 0.39  fLog 0.42  pdΔ -0.0994  pkR 7.59  clip 0.39  kl +0.036
upd  209  steps 6881280  sps 4843  opp frzn  loss -0.006  pg -0.0054  v 0.058  ev +0.98  adv_std 0.379  tR +0.58  ent[s/d/p/e] 1.45/2.27/1.48/0.45  emits 2.31  spf 32.7  z0 0.01  garr 82.0  tG 915  e2 0.36  nF 25.5  pS 0.39  ptS 0.38  fLog 0.41  pdΔ -0.1083  pkR 8.84  clip 0.40  kl +0.040
upd  210  steps 6914048  sps 4844  opp frzn  loss +0.002  pg +0.0011  v 0.069  ev +0.98  adv_std 0.402  tR +0.40  ent[s/d/p/e] 1.50/2.32/1.50/0.41  emits 2.67  spf 29.6  z0 0.02  garr 82.7  tG 896  e2 0.39  nF 28.4  pS 0.37  ptS 0.37  fLog 0.39  pdΔ -0.1260  pkR 6.81  clip 0.43  kl +0.059
upd  211  steps 6946816  sps 4847  opp rand  loss -0.005  pg -0.0052  v 0.063  ev +0.98  adv_std 0.387  tR +0.45  ent[s/d/p/e] 1.48/2.28/1.48/0.41  emits 2.52  spf 31.2  z0 0.02  garr 80.5  tG 878  e2 0.36  nF 27.2  pS 0.39  ptS 0.37  fLog 0.40  pdΔ -0.1126  pkR 11.32  clip 0.40  kl +0.042
upd  212  steps 6979584  sps 4850  opp rand  loss -0.001  pg -0.0019  v 0.070  ev +0.98  adv_std 0.410  tR +0.61  ent[s/d/p/e] 1.52/2.28/1.51/0.41  emits 2.68  spf 31.5  z0 0.02  garr 83.4  tG 983  e2 0.39  nF 27.1  pS 0.43  ptS 0.41  fLog 0.41  pdΔ -0.0723  pkR 6.25  clip 0.40  kl +0.040
upd  213  steps 7012352  sps 4853  opp rand  loss -0.003  pg -0.0041  v 0.070  ev +0.98  adv_std 0.406  tR +0.78  ent[s/d/p/e] 1.63/2.28/1.47/0.41  emits 2.73  spf 39.6  z0 0.01  garr 96.1  tG 1150  e2 0.39  nF 27.5  pS 0.44  ptS 0.42  fLog 0.44  pdΔ -0.0560  pkR 7.41  clip 0.41  kl +0.043
upd  214  steps 7045120  sps 4854  opp frzn  loss +0.005  pg +0.0012  v 0.078  ev +0.98  adv_std 0.433  tR +0.47  ent[s/d/p/e] 1.46/2.28/1.49/0.39  emits 2.85  spf 33.2  z0 0.03  garr 91.3  tG 1013  e2 0.42  nF 28.9  pS 0.40  ptS 0.39  fLog 0.40  pdΔ -0.1025  pkR 9.05  clip 0.43  kl +0.053
upd  215  steps 7077888  sps 4855  opp frzn  loss +0.017  pg +0.0112  v 0.093  ev +0.98  adv_std 0.463  tR +0.25  ent[s/d/p/e] 1.50/2.36/1.49/0.36  emits 3.05  spf 26.9  z0 0.03  garr 86.7  tG 872  e2 0.42  nF 31.4  pS 0.37  ptS 0.37  fLog 0.38  pdΔ -0.1310  pkR 5.49  clip 0.45  kl +0.072
upd  216  steps 7110656  sps 4858  opp rand  loss -0.002  pg -0.0036  v 0.071  ev +0.98  adv_std 0.407  tR +0.43  ent[s/d/p/e] 1.48/2.32/1.48/0.39  emits 2.73  spf 29.0  z0 0.02  garr 84.2  tG 889  e2 0.39  nF 30.0  pS 0.37  ptS 0.37  fLog 0.38  pdΔ -0.1263  pkR 7.49  clip 0.41  kl +0.039
upd  217  steps 7143424  sps 4859  opp frzn  loss -0.002  pg -0.0045  v 0.075  ev +0.98  adv_std 0.422  tR +0.54  ent[s/d/p/e] 1.59/2.31/1.47/0.39  emits 2.77  spf 29.4  z0 0.02  garr 80.4  tG 956  e2 0.39  nF 28.7  pS 0.41  ptS 0.41  fLog 0.40  pdΔ -0.0906  pkR 8.26  clip 0.41  kl +0.045
upd  218  steps 7176192  sps 4862  opp rand  loss +0.002  pg +0.0001  v 0.074  ev +0.98  adv_std 0.423  tR +0.54  ent[s/d/p/e] 1.56/2.34/1.51/0.35  emits 3.03  spf 24.0  z0 0.01  garr 77.9  tG 855  e2 0.39  nF 31.8  pS 0.40  ptS 0.39  fLog 0.37  pdΔ -0.0983  pkR 6.44  clip 0.43  kl +0.057
upd  219  steps 7208960  sps 4864  opp rand  loss -0.004  pg -0.0050  v 0.069  ev +0.98  adv_std 0.406  tR +0.60  ent[s/d/p/e] 1.56/2.30/1.49/0.41  emits 2.67  spf 32.9  z0 0.02  garr 85.4  tG 1021  e2 0.39  nF 29.4  pS 0.43  ptS 0.41  fLog 0.41  pdΔ -0.0747  pkR 8.36  clip 0.41  kl +0.037
upd  220  steps 7241728  sps 4867  opp rand  loss -0.009  pg -0.0094  v 0.062  ev +0.98  adv_std 0.385  tR +0.68  ent[s/d/p/e] 1.46/2.22/1.49/0.43  emits 2.28  spf 35.7  z0 0.02  garr 89.2  tG 1016  e2 0.34  nF 24.0  pS 0.41  ptS 0.39  fLog 0.42  pdΔ -0.0935  pkR 7.58  clip 0.39  kl +0.035
upd  221  steps 7274496  sps 4868  opp frzn  loss +0.003  pg -0.0001  v 0.081  ev +0.98  adv_std 0.439  tR +0.60  ent[s/d/p/e] 1.56/2.27/1.46/0.41  emits 2.82  spf 38.3  z0 0.01  garr 104.5  tG 1217  e2 0.41  nF 27.2  pS 0.44  ptS 0.42  fLog 0.43  pdΔ -0.0620  pkR 6.64  clip 0.42  kl +0.049
upd  222  steps 7307264  sps 4871  opp rand  loss -0.002  pg -0.0057  v 0.080  ev +0.98  adv_std 0.434  tR +0.65  ent[s/d/p/e] 1.52/2.34/1.50/0.36  emits 2.99  spf 26.5  z0 0.01  garr 81.9  tG 873  e2 0.40  nF 32.0  pS 0.39  ptS 0.38  fLog 0.38  pdΔ -0.1101  pkR 6.60  clip 0.41  kl +0.040
upd  223  steps 7340032  sps 4872  opp frzn  loss +0.003  pg -0.0008  v 0.080  ev +0.98  adv_std 0.435  tR +0.37  ent[s/d/p/e] 1.53/2.29/1.46/0.41  emits 2.71  spf 30.5  z0 0.02  garr 87.9  tG 959  e2 0.38  nF 28.9  pS 0.40  ptS 0.39  fLog 0.41  pdΔ -0.1004  pkR 6.62  clip 0.41  kl +0.050
upd  224  steps 7372800  sps 4875  opp rand  loss +0.003  pg -0.0023  v 0.087  ev +0.98  adv_std 0.450  tR +0.51  ent[s/d/p/e] 1.59/2.29/1.47/0.37  emits 3.01  spf 33.5  z0 0.01  garr 99.7  tG 1085  e2 0.40  nF 28.9  pS 0.42  ptS 0.41  fLog 0.42  pdΔ -0.0779  pkR 7.06  clip 0.41  kl +0.043
upd  225  steps 7405568  sps 4877  opp rand  loss +0.003  pg -0.0046  v 0.102  ev +0.98  adv_std 0.488  tR +0.62  ent[s/d/p/e] 1.58/2.25/1.47/0.38  emits 2.95  spf 36.7  z0 0.01  garr 96.7  tG 1129  e2 0.40  nF 29.1  pS 0.43  ptS 0.41  fLog 0.42  pdΔ -0.0740  pkR 6.54  clip 0.40  kl +0.038
upd  226  steps 7438336  sps 4880  opp rand  loss +0.000  pg -0.0040  v 0.084  ev +0.98  adv_std 0.444  tR +0.66  ent[s/d/p/e] 1.53/2.18/1.46/0.41  emits 2.70  spf 43.6  z0 0.01  garr 107.2  tG 1261  e2 0.39  nF 27.6  pS 0.43  ptS 0.41  fLog 0.44  pdΔ -0.0703  pkR 7.57  clip 0.40  kl +0.038
upd  227  steps 7471104  sps 4881  opp frzn  loss +0.002  pg -0.0030  v 0.086  ev +0.98  adv_std 0.446  tR +0.62  ent[s/d/p/e] 1.47/2.20/1.43/0.41  emits 2.61  spf 37.2  z0 0.02  garr 94.4  tG 1039  e2 0.38  nF 27.8  pS 0.39  ptS 0.38  fLog 0.42  pdΔ -0.1077  pkR 7.72  clip 0.41  kl +0.037
upd  228  steps 7503872  sps 4882  opp frzn  loss +0.004  pg -0.0026  v 0.093  ev +0.98  adv_std 0.459  tR +0.25  ent[s/d/p/e] 1.48/2.26/1.46/0.38  emits 2.79  spf 29.0  z0 0.03  garr 90.4  tG 908  e2 0.40  nF 29.4  pS 0.37  ptS 0.37  fLog 0.39  pdΔ -0.1256  pkR 6.87  clip 0.41  kl +0.040
upd  229  steps 7536640  sps 4884  opp rand  loss +0.001  pg -0.0038  v 0.087  ev +0.98  adv_std 0.452  tR +0.56  ent[s/d/p/e] 1.52/2.26/1.45/0.40  emits 2.80  spf 30.8  z0 0.02  garr 88.9  tG 943  e2 0.40  nF 30.7  pS 0.39  ptS 0.38  fLog 0.40  pdΔ -0.1077  pkR 8.27  clip 0.41  kl +0.039
upd  230  steps 7569408  sps 4885  opp frzn  loss +0.000  pg -0.0026  v 0.075  ev +0.98  adv_std 0.423  tR +0.42  ent[s/d/p/e] 1.56/2.24/1.43/0.38  emits 2.76  spf 36.3  z0 0.02  garr 104.3  tG 1053  e2 0.38  nF 28.1  pS 0.38  ptS 0.37  fLog 0.41  pdΔ -0.1218  pkR 9.56  clip 0.41  kl +0.043
upd  231  steps 7602176  sps 4888  opp rand  loss -0.001  pg -0.0048  v 0.079  ev +0.98  adv_std 0.434  tR +0.40  ent[s/d/p/e] 1.50/2.31/1.46/0.36  emits 3.09  spf 30.2  z0 0.02  garr 82.5  tG 909  e2 0.41  nF 32.6  pS 0.37  ptS 0.37  fLog 0.38  pdΔ -0.1267  pkR 10.61  clip 0.41  kl +0.042