[reward] kaggle-aligned: terminal +1 win/+1 tie>0/-1 loss/-1 double-wipeout; is_terminal at step >= episode_steps-2; SHAPING_SCALE=0.0; v1: KEEP_HOME=0.0 FLEET_SIZE=0.0/norm20.0; v2 (expert-replay calibrated): PROD_SHARE=0.0 PLANET_SHARE=0.005 FLEET_LOG=0.0/ref500.0/floor0.3; v3 (top10-2630ep calibrated): PROD_SHARE_DELTA=1.0 EMIT_LOG=0.0 EMIT_GATED=0.0 RELEASE=0.05/K20.0 CAPTURE=0.02; episode_steps=500 (kaggle=500, mismatch=False)
upd    0  steps   32768  sps 657  opp rand  loss -0.012  pg -0.0026  v 0.012  ev +0.59  adv_std 0.155  tR -0.04  ent[s/d/p/e] 1.22/1.90/0.63/0.59  emits 1.42  spf 16.4  z0 0.03  garr 17.8  tG 143  e2 0.27  nF 22.8  pS 0.22  ptS 0.21  fLog 0.36  pdΔ -0.2785  pkR 13.03  clip 0.03  kl +0.002
upd    1  steps   65536  sps 1195  opp rand  loss -0.012  pg -0.0026  v 0.014  ev +0.68  adv_std 0.192  tR -0.50  ent[s/d/p/e] 1.39/1.94/0.61/0.59  emits 1.42  spf 19.8  z0 0.06  garr 21.3  tG 208  e2 0.27  nF 24.2  pS 0.25  ptS 0.25  fLog 0.37  pdΔ -0.2528  pkR 13.91  clip 0.04  kl +0.002
upd    2  steps   98304  sps 1644  opp rand  loss -0.014  pg -0.0035  v 0.007  ev +0.76  adv_std 0.136  tR -0.60  ent[s/d/p/e] 1.27/1.87/0.62/0.58  emits 1.37  spf 16.2  z0 0.04  garr 17.9  tG 145  e2 0.25  nF 24.2  pS 0.23  ptS 0.22  fLog 0.35  pdΔ -0.2723  pkR 13.49  clip 0.05  kl +0.003
upd    3  steps  131072  sps 2024  opp rand  loss -0.012  pg -0.0026  v 0.011  ev +0.80  adv_std 0.173  tR -0.46  ent[s/d/p/e] 1.36/1.96/0.61/0.59  emits 1.35  spf 19.2  z0 0.06  garr 22.5  tG 216  e2 0.25  nF 23.6  pS 0.25  ptS 0.25  fLog 0.36  pdΔ -0.2518  pkR 15.51  clip 0.05  kl +0.003
upd    4  steps  163840  sps 2349  opp rand  loss -0.014  pg -0.0030  v 0.008  ev +0.86  adv_std 0.149  tR -0.21  ent[s/d/p/e] 1.42/1.94/0.68/0.57  emits 1.34  spf 20.4  z0 0.04  garr 24.9  tG 226  e2 0.25  nF 22.8  pS 0.27  ptS 0.27  fLog 0.38  pdΔ -0.2256  pkR 10.75  clip 0.07  kl +0.004
upd    5  steps  196608  sps 2632  opp rand  loss -0.014  pg -0.0032  v 0.010  ev +0.89  adv_std 0.159  tR -0.30  ent[s/d/p/e] 1.40/1.95/0.65/0.56  emits 1.33  spf 20.4  z0 0.03  garr 25.8  tG 247  e2 0.24  nF 21.0  pS 0.27  ptS 0.27  fLog 0.38  pdΔ -0.2268  pkR 11.97  clip 0.08  kl +0.005
upd    6  steps  229376  sps 2879  opp rand  loss -0.014  pg -0.0030  v 0.008  ev +0.92  adv_std 0.141  tR -0.27  ent[s/d/p/e] 1.42/1.92/0.66/0.55  emits 1.31  spf 20.3  z0 0.03  garr 26.0  tG 238  e2 0.23  nF 21.9  pS 0.27  ptS 0.27  fLog 0.38  pdΔ -0.2272  pkR 11.41  clip 0.09  kl +0.005
upd    7  steps  262144  sps 3097  opp rand  loss -0.013  pg -0.0025  v 0.008  ev +0.93  adv_std 0.142  tR -0.43  ent[s/d/p/e] 1.34/1.96/0.63/0.52  emits 1.23  spf 20.7  z0 0.04  garr 26.7  tG 257  e2 0.19  nF 21.4  pS 0.26  ptS 0.26  fLog 0.37  pdΔ -0.2375  pkR 15.88  clip 0.08  kl +0.004
upd    8  steps  294912  sps 3291  opp rand  loss -0.013  pg -0.0025  v 0.009  ev +0.95  adv_std 0.141  tR -0.21  ent[s/d/p/e] 1.46/1.98/0.66/0.52  emits 1.25  spf 24.2  z0 0.03  garr 32.9  tG 336  e2 0.20  nF 20.0  pS 0.30  ptS 0.29  fLog 0.39  pdΔ -0.2030  pkR 12.04  clip 0.09  kl +0.005
upd    9  steps  327680  sps 3464  opp rand  loss -0.013  pg -0.0023  v 0.009  ev +0.95  adv_std 0.141  tR -0.30  ent[s/d/p/e] 1.35/1.98/0.64/0.52  emits 1.22  spf 24.3  z0 0.03  garr 32.4  tG 328  e2 0.18  nF 20.5  pS 0.27  ptS 0.26  fLog 0.38  pdΔ -0.2327  pkR 14.68  clip 0.09  kl +0.005
upd   10  steps  360448  sps 3620  opp rand  loss -0.014  pg -0.0034  v 0.010  ev +0.95  adv_std 0.148  tR -0.24  ent[s/d/p/e] 1.44/1.98/0.67/0.50  emits 1.21  spf 24.3  z0 0.04  garr 32.1  tG 312  e2 0.18  nF 19.8  pS 0.29  ptS 0.28  fLog 0.39  pdΔ -0.2145  pkR 14.21  clip 0.11  kl +0.005
upd   11  steps  393216  sps 3761  opp rand  loss -0.014  pg -0.0038  v 0.009  ev +0.95  adv_std 0.143  tR -0.29  ent[s/d/p/e] 1.36/2.00/0.65/0.49  emits 1.18  spf 24.3  z0 0.04  garr 31.9  tG 309  e2 0.16  nF 19.5  pS 0.28  ptS 0.27  fLog 0.38  pdΔ -0.2241  pkR 15.50  clip 0.11  kl +0.005
upd   12  steps  425984  sps 3890  opp rand  loss -0.014  pg -0.0034  v 0.010  ev +0.96  adv_std 0.148  tR -0.21  ent[s/d/p/e] 1.46/2.07/0.68/0.46  emits 1.16  spf 27.6  z0 0.04  garr 37.3  tG 382  e2 0.15  nF 19.3  pS 0.31  ptS 0.30  fLog 0.40  pdΔ -0.1917  pkR 15.82  clip 0.11  kl +0.004
upd   13  steps  458752  sps 4007  opp rand  loss -0.014  pg -0.0030  v 0.010  ev +0.96  adv_std 0.146  tR -0.17  ent[s/d/p/e] 1.48/2.10/0.66/0.46  emits 1.15  spf 28.2  z0 0.03  garr 36.2  tG 369  e2 0.15  nF 19.3  pS 0.31  ptS 0.30  fLog 0.40  pdΔ -0.1942  pkR 10.39  clip 0.11  kl +0.005
upd   14  steps  491520  sps 4115  opp rand  loss -0.015  pg -0.0043  v 0.010  ev +0.96  adv_std 0.144  tR -0.06  ent[s/d/p/e] 1.50/2.06/0.67/0.42  emits 1.13  spf 28.0  z0 0.03  garr 37.7  tG 395  e2 0.13  nF 19.2  pS 0.32  ptS 0.31  fLog 0.40  pdΔ -0.1836  pkR 11.01  clip 0.13  kl +0.006
upd   15  steps  524288  sps 4213  opp rand  loss -0.015  pg -0.0042  v 0.010  ev +0.96  adv_std 0.149  tR -0.18  ent[s/d/p/e] 1.51/2.09/0.66/0.39  emits 1.10  spf 29.5  z0 0.03  garr 38.6  tG 418  e2 0.11  nF 18.3  pS 0.33  ptS 0.32  fLog 0.41  pdΔ -0.1742  pkR 10.81  clip 0.13  kl +0.006
upd   16  steps  557056  sps 4305  opp rand  loss -0.015  pg -0.0048  v 0.010  ev +0.96  adv_std 0.153  tR +0.19  ent[s/d/p/e] 1.47/2.11/0.66/0.42  emits 1.12  spf 29.4  z0 0.03  garr 38.0  tG 397  e2 0.12  nF 17.3  pS 0.32  ptS 0.31  fLog 0.40  pdΔ -0.1810  pkR 9.37  clip 0.13  kl +0.005
upd   17  steps  589824  sps 4389  opp rand  loss -0.017  pg -0.0061  v 0.010  ev +0.96  adv_std 0.154  tR -0.13  ent[s/d/p/e] 1.48/2.09/0.67/0.41  emits 1.11  spf 27.5  z0 0.04  garr 34.6  tG 358  e2 0.12  nF 17.1  pS 0.31  ptS 0.30  fLog 0.40  pdΔ -0.1889  pkR 9.35  clip 0.14  kl +0.006
upd   18  steps  622592  sps 4468  opp rand  loss -0.018  pg -0.0064  v 0.011  ev +0.97  adv_std 0.154  tR +0.12  ent[s/d/p/e] 1.63/2.13/0.70/0.37  emits 1.10  spf 34.2  z0 0.02  garr 44.4  tG 488  e2 0.11  nF 16.1  pS 0.36  ptS 0.35  fLog 0.44  pdΔ -0.1354  pkR 10.01  clip 0.14  kl +0.006
upd   19  steps  655360  sps 4541  opp rand  loss -0.018  pg -0.0067  v 0.011  ev +0.97  adv_std 0.162  tR +0.10  ent[s/d/p/e] 1.55/2.14/0.69/0.36  emits 1.10  spf 34.3  z0 0.02  garr 43.6  tG 484  e2 0.10  nF 16.5  pS 0.35  ptS 0.34  fLog 0.43  pdΔ -0.1497  pkR 7.65  clip 0.16  kl +0.007
upd   20  steps  688128  sps 4609  opp rand  loss -0.018  pg -0.0072  v 0.010  ev +0.97  adv_std 0.151  tR +0.11  ent[s/d/p/e] 1.53/2.18/0.67/0.34  emits 1.08  spf 34.1  z0 0.03  garr 42.1  tG 478  e2 0.09  nF 17.2  pS 0.35  ptS 0.34  fLog 0.42  pdΔ -0.1494  pkR 7.48  clip 0.15  kl +0.006
upd   21  steps  720896  sps 4673  opp rand  loss -0.018  pg -0.0074  v 0.011  ev +0.96  adv_std 0.161  tR +0.08  ent[s/d/p/e] 1.51/2.15/0.69/0.34  emits 1.08  spf 32.5  z0 0.03  garr 39.6  tG 415  e2 0.09  nF 17.1  pS 0.33  ptS 0.32  fLog 0.42  pdΔ -0.1686  pkR 10.68  clip 0.16  kl +0.006
upd   22  steps  753664  sps 4732  opp rand  loss -0.018  pg -0.0075  v 0.011  ev +0.97  adv_std 0.164  tR +0.23  ent[s/d/p/e] 1.47/2.16/0.68/0.34  emits 1.09  spf 34.5  z0 0.02  garr 41.1  tG 450  e2 0.09  nF 17.4  pS 0.34  ptS 0.33  fLog 0.42  pdΔ -0.1608  pkR 9.01  clip 0.17  kl +0.007
upd   23  steps  786432  sps 4789  opp rand  loss -0.020  pg -0.0085  v 0.011  ev +0.97  adv_std 0.159  tR +0.21  ent[s/d/p/e] 1.62/2.18/0.74/0.33  emits 1.09  spf 36.2  z0 0.02  garr 44.0  tG 483  e2 0.09  nF 16.1  pS 0.38  ptS 0.36  fLog 0.44  pdΔ -0.1237  pkR 8.87  clip 0.17  kl +0.008
upd   24  steps  819200  sps 4841  opp rand  loss -0.019  pg -0.0082  v 0.011  ev +0.97  adv_std 0.158  tR +0.22  ent[s/d/p/e] 1.56/2.18/0.69/0.33  emits 1.08  spf 36.8  z0 0.02  garr 44.1  tG 522  e2 0.09  nF 16.5  pS 0.37  ptS 0.36  fLog 0.44  pdΔ -0.1280  pkR 9.91  clip 0.17  kl +0.008
upd   25  steps  851968  sps 4891  opp rand  loss -0.020  pg -0.0097  v 0.010  ev +0.97  adv_std 0.158  tR +0.15  ent[s/d/p/e] 1.43/2.03/0.68/0.30  emits 1.06  spf 31.3  z0 0.03  garr 38.1  tG 403  e2 0.08  nF 18.3  pS 0.32  ptS 0.31  fLog 0.41  pdΔ -0.1840  pkR 10.80  clip 0.17  kl +0.007
upd   26  steps  884736  sps 4938  opp rand  loss -0.021  pg -0.0099  v 0.010  ev +0.98  adv_std 0.154  tR +0.07  ent[s/d/p/e] 1.44/2.09/0.70/0.31  emits 1.07  spf 32.0  z0 0.03  garr 39.3  tG 444  e2 0.08  nF 17.8  pS 0.33  ptS 0.32  fLog 0.41  pdΔ -0.1652  pkR 9.83  clip 0.19  kl +0.008
upd   27  steps  917504  sps 4983  opp rand  loss -0.021  pg -0.0102  v 0.011  ev +0.97  adv_std 0.164  tR +0.13  ent[s/d/p/e] 1.59/2.12/0.74/0.31  emits 1.08  spf 37.7  z0 0.02  garr 46.8  tG 518  e2 0.08  nF 16.1  pS 0.37  ptS 0.35  fLog 0.44  pdΔ -0.1340  pkR 11.55  clip 0.19  kl +0.009
upd   28  steps  950272  sps 5025  opp rand  loss -0.022  pg -0.0111  v 0.012  ev +0.97  adv_std 0.176  tR +0.33  ent[s/d/p/e] 1.58/2.16/0.72/0.31  emits 1.08  spf 41.3  z0 0.02  garr 48.6  tG 582  e2 0.08  nF 16.5  pS 0.39  ptS 0.37  fLog 0.45  pdΔ -0.1145  pkR 7.97  clip 0.19  kl +0.008