[reward] kaggle-aligned: terminal +1 win/+1 tie>0/-1 loss/-1 double-wipeout; is_terminal at step >= episode_steps-2; SHAPING_SCALE=0.0; v1: KEEP_HOME=0.0 FLEET_SIZE=0.0/norm20.0; v2 (expert-replay calibrated): PROD_SHARE=0.0 PLANET_SHARE=0.005 FLEET_LOG=0.0/ref500.0/floor0.3; v3 (top10-2630ep calibrated): PROD_SHARE_DELTA=1.0 EMIT_LOG=0.0 EMIT_GATED=0.0 RELEASE=0.05/K20.0 CAPTURE=0.02; episode_steps=500 (kaggle=500, mismatch=False)
[resume] loaded params from ckpt_multi_action_v11_f29/ckpt_000599.pkl (step=599)
upd    0  steps   32768  sps 671  opp rand  loss +0.135  pg -0.0083  v 0.746  ev +0.98  adv_std 1.248  tR +0.47  ent[s/d/p/e] 0.60/0.47/0.40/0.22  emits 2.92  spf 240.2  z0 0.01  garr 131.8  tG 821  e2 0.52  nF 11.3  pS 0.26  ptS 0.25  fLog 0.74  pdΔ -0.2368  pkR 7.86  clip 0.04  kl +0.002
upd    1  steps   65536  sps 1219  opp rand  loss +0.056  pg -0.0141  v 0.383  ev +0.99  adv_std 0.909  tR +0.56  ent[s/d/p/e] 0.84/0.38/0.47/0.13  emits 4.77  spf 495.5  z0 0.00  garr 327.5  tG 2539  e2 0.78  nF 8.8  pS 0.38  ptS 0.36  fLog 0.87  pdΔ -0.1249  pkR 5.81  clip 0.12  kl +0.007
upd    2  steps   98304  sps 1673  opp rand  loss +0.117  pg -0.0160  v 0.699  ev +0.98  adv_std 1.223  tR +0.67  ent[s/d/p/e] 0.63/0.41/0.46/0.21  emits 3.38  spf 275.5  z0 0.01  garr 159.3  tG 1035  e2 0.61  nF 10.9  pS 0.28  ptS 0.26  fLog 0.78  pdΔ -0.2185  pkR 8.17  clip 0.20  kl +0.011
upd    3  steps  131072  sps 2057  opp rand  loss +0.075  pg -0.0149  v 0.481  ev +0.99  adv_std 1.020  tR +0.49  ent[s/d/p/e] 0.79/0.37/0.48/0.14  emits 4.69  spf 457.5  z0 0.00  garr 311.0  tG 2323  e2 0.78  nF 8.6  pS 0.35  ptS 0.33  fLog 0.86  pdΔ -0.1493  pkR 7.88  clip 0.25  kl +0.018
upd    4  steps  163840  sps 2385  opp rand  loss +0.089  pg -0.0161  v 0.558  ev +0.99  adv_std 1.099  tR +0.58  ent[s/d/p/e] 0.67/0.42/0.45/0.19  emits 3.73  spf 318.1  z0 0.01  garr 186.7  tG 1301  e2 0.65  nF 12.6  pS 0.30  ptS 0.28  fLog 0.79  pdΔ -0.2027  pkR 10.52  clip 0.29  kl +0.023
upd    5  steps  196608  sps 2669  opp rand  loss +0.060  pg -0.0145  v 0.408  ev +0.99  adv_std 0.942  tR +0.44  ent[s/d/p/e] 0.79/0.37/0.49/0.13  emits 4.49  spf 420.2  z0 0.00  garr 277.1  tG 1994  e2 0.71  nF 9.7  pS 0.32  ptS 0.30  fLog 0.85  pdΔ -0.1776  pkR 6.03  clip 0.29  kl +0.022
upd    6  steps  229376  sps 2917  opp rand  loss +0.081  pg -0.0162  v 0.517  ev +0.99  adv_std 1.058  tR +0.53  ent[s/d/p/e] 0.75/0.41/0.44/0.17  emits 3.92  spf 396.9  z0 0.01  garr 226.5  tG 1687  e2 0.65  nF 11.4  pS 0.32  ptS 0.30  fLog 0.82  pdΔ -0.1823  pkR 6.99  clip 0.29  kl +0.023
upd    7  steps  262144  sps 3135  opp rand  loss +0.067  pg -0.0149  v 0.445  ev +0.99  adv_std 0.979  tR +0.50  ent[s/d/p/e] 0.81/0.40/0.48/0.14  emits 4.16  spf 456.9  z0 0.01  garr 264.7  tG 2041  e2 0.66  nF 10.1  pS 0.33  ptS 0.30  fLog 0.84  pdΔ -0.1747  pkR 7.55  clip 0.28  kl +0.025
upd    8  steps  294912  sps 3329  opp rand  loss +0.092  pg -0.0163  v 0.572  ev +0.99  adv_std 1.115  tR +0.18  ent[s/d/p/e] 0.68/0.40/0.44/0.19  emits 3.92  spf 354.4  z0 0.01  garr 216.8  tG 1528  e2 0.69  nF 10.3  pS 0.33  ptS 0.31  fLog 0.82  pdΔ -0.1716  pkR 10.02  clip 0.30  kl +0.026
upd    9  steps  327680  sps 3502  opp rand  loss +0.087  pg -0.0147  v 0.543  ev +0.99  adv_std 1.077  tR +0.65  ent[s/d/p/e] 0.79/0.40/0.47/0.14  emits 4.42  spf 446.8  z0 0.00  garr 279.4  tG 2115  e2 0.71  nF 10.3  pS 0.34  ptS 0.32  fLog 0.84  pdΔ -0.1565  pkR 6.97  clip 0.29  kl +0.021
upd   10  steps  360448  sps 3658  opp rand  loss +0.104  pg -0.0145  v 0.626  ev +0.99  adv_std 1.159  tR +0.64  ent[s/d/p/e] 0.79/0.41/0.49/0.16  emits 4.13  spf 390.7  z0 0.00  garr 243.6  tG 1788  e2 0.71  nF 10.3  pS 0.35  ptS 0.32  fLog 0.83  pdΔ -0.1500  pkR 7.72  clip 0.30  kl +0.029
upd   11  steps  393216  sps 3798  opp rand  loss +0.076  pg -0.0147  v 0.490  ev +0.99  adv_std 1.024  tR +0.52  ent[s/d/p/e] 0.80/0.39/0.48/0.12  emits 4.50  spf 469.7  z0 0.00  garr 295.3  tG 2236  e2 0.72  nF 8.9  pS 0.34  ptS 0.31  fLog 0.85  pdΔ -0.1616  pkR 6.37  clip 0.30  kl +0.023
upd   12  steps  425984  sps 3926  opp rand  loss +0.112  pg -0.0144  v 0.664  ev +0.99  adv_std 1.185  tR +0.45  ent[s/d/p/e] 0.74/0.38/0.47/0.15  emits 4.04  spf 407.6  z0 0.01  garr 258.9  tG 1804  e2 0.68  nF 9.4  pS 0.32  ptS 0.31  fLog 0.83  pdΔ -0.1754  pkR 9.58  clip 0.30  kl +0.023
upd   13  steps  458752  sps 4043  opp rand  loss +0.070  pg -0.0155  v 0.464  ev +0.99  adv_std 0.999  tR +0.58  ent[s/d/p/e] 0.79/0.40/0.48/0.15  emits 4.29  spf 437.4  z0 0.01  garr 261.3  tG 2067  e2 0.70  nF 10.4  pS 0.35  ptS 0.33  fLog 0.84  pdΔ -0.1548  pkR 7.20  clip 0.31  kl +0.026
upd   14  steps  491520  sps 4149  opp rand  loss +0.089  pg -0.0145  v 0.550  ev +0.99  adv_std 1.089  tR +0.58  ent[s/d/p/e] 0.75/0.38/0.46/0.15  emits 4.01  spf 436.6  z0 0.01  garr 254.0  tG 1937  e2 0.65  nF 11.1  pS 0.32  ptS 0.30  fLog 0.83  pdΔ -0.1832  pkR 8.60  clip 0.29  kl +0.023
upd   15  steps  524288  sps 4248  opp rand  loss +0.087  pg -0.0154  v 0.547  ev +0.99  adv_std 1.086  tR +0.49  ent[s/d/p/e] 0.78/0.37/0.48/0.15  emits 4.26  spf 468.3  z0 0.01  garr 279.3  tG 2217  e2 0.69  nF 10.4  pS 0.34  ptS 0.32  fLog 0.85  pdΔ -0.1591  pkR 7.75  clip 0.29  kl +0.023
upd   16  steps  557056  sps 4338  opp rand  loss +0.073  pg -0.0143  v 0.470  ev +0.99  adv_std 1.009  tR +0.52  ent[s/d/p/e] 0.70/0.40/0.47/0.17  emits 4.03  spf 381.1  z0 0.01  garr 233.1  tG 1652  e2 0.67  nF 10.2  pS 0.32  ptS 0.30  fLog 0.82  pdΔ -0.1831  pkR 10.06  clip 0.30  kl +0.023
upd   17  steps  589824  sps 4422  opp rand  loss +0.052  pg -0.0180  v 0.383  ev +0.99  adv_std 0.920  tR +0.48  ent[s/d/p/e] 0.75/0.38/0.48/0.14  emits 4.38  spf 406.4  z0 0.00  garr 269.8  tG 1905  e2 0.73  nF 9.9  pS 0.32  ptS 0.30  fLog 0.84  pdΔ -0.1793  pkR 6.41  clip 0.31  kl +0.024
upd   18  steps  622592  sps 4500  opp rand  loss +0.061  pg -0.0151  v 0.414  ev +0.99  adv_std 0.953  tR +0.51  ent[s/d/p/e] 0.79/0.38/0.46/0.13  emits 4.20  spf 421.7  z0 0.01  garr 251.3  tG 1930  e2 0.68  nF 11.0  pS 0.33  ptS 0.31  fLog 0.84  pdΔ -0.1705  pkR 7.75  clip 0.30  kl +0.025
upd   19  steps  655360  sps 4572  opp rand  loss +0.059  pg -0.0158  v 0.407  ev +0.99  adv_std 0.941  tR +0.61  ent[s/d/p/e] 0.81/0.40/0.43/0.12  emits 4.07  spf 463.5  z0 0.01  garr 276.2  tG 2068  e2 0.66  nF 11.3  pS 0.31  ptS 0.30  fLog 0.84  pdΔ -0.1881  pkR 7.21  clip 0.28  kl +0.025
upd   20  steps  688128  sps 4639  opp rand  loss +0.067  pg -0.0150  v 0.445  ev +0.99  adv_std 0.978  tR +0.22  ent[s/d/p/e] 0.75/0.41/0.46/0.15  emits 4.05  spf 392.4  z0 0.01  garr 241.2  tG 1753  e2 0.66  nF 10.5  pS 0.31  ptS 0.29  fLog 0.82  pdΔ -0.1922  pkR 9.94  clip 0.29  kl +0.022
upd   21  steps  720896  sps 4702  opp rand  loss +0.074  pg -0.0152  v 0.481  ev +0.99  adv_std 1.021  tR +0.64  ent[s/d/p/e] 0.80/0.41/0.49/0.13  emits 4.57  spf 420.5  z0 0.01  garr 272.3  tG 2047  e2 0.71  nF 9.2  pS 0.33  ptS 0.32  fLog 0.85  pdΔ -0.1675  pkR 7.73  clip 0.31  kl +0.025
upd   22  steps  753664  sps 4761  opp rand  loss +0.090  pg -0.0168  v 0.568  ev +0.99  adv_std 1.107  tR +0.64  ent[s/d/p/e] 0.81/0.42/0.49/0.17  emits 3.95  spf 410.2  z0 0.00  garr 232.0  tG 1836  e2 0.64  nF 10.8  pS 0.34  ptS 0.32  fLog 0.83  pdΔ -0.1573  pkR 8.18  clip 0.31  kl +0.026
upd   23  steps  786432  sps 4817  opp rand  loss +0.080  pg -0.0151  v 0.511  ev +0.99  adv_std 1.046  tR +0.41  ent[s/d/p/e] 0.83/0.39/0.50/0.15  emits 4.26  spf 429.9  z0 0.01  garr 250.6  tG 2014  e2 0.69  nF 10.4  pS 0.36  ptS 0.34  fLog 0.83  pdΔ -0.1382  pkR 7.67  clip 0.30  kl +0.025
upd   24  steps  819200  sps 4869  opp rand  loss +0.081  pg -0.0154  v 0.516  ev +0.99  adv_std 1.061  tR +0.52  ent[s/d/p/e] 0.75/0.36/0.44/0.15  emits 4.23  spf 410.2  z0 0.01  garr 259.8  tG 1869  e2 0.71  nF 9.3  pS 0.32  ptS 0.31  fLog 0.84  pdΔ -0.1776  pkR 7.52  clip 0.30  kl +0.024
upd   25  steps  851968  sps 4918  opp rand  loss +0.078  pg -0.0144  v 0.497  ev +0.99  adv_std 1.037  tR +0.62  ent[s/d/p/e] 0.84/0.35/0.45/0.13  emits 4.79  spf 476.8  z0 0.00  garr 304.5  tG 2519  e2 0.75  nF 9.0  pS 0.36  ptS 0.34  fLog 0.86  pdΔ -0.1359  pkR 7.31  clip 0.28  kl +0.022
upd   26  steps  884736  sps 4965  opp rand  loss +0.084  pg -0.0160  v 0.536  ev +0.99  adv_std 1.081  tR +0.79  ent[s/d/p/e] 0.79/0.38/0.48/0.16  emits 4.34  spf 413.5  z0 0.00  garr 255.7  tG 2003  e2 0.72  nF 10.0  pS 0.35  ptS 0.33  fLog 0.84  pdΔ -0.1506  pkR 7.55  clip 0.31  kl +0.026
upd   27  steps  917504  sps 5009  opp rand  loss +0.085  pg -0.0158  v 0.538  ev +0.99  adv_std 1.075  tR +0.73  ent[s/d/p/e] 0.83/0.40/0.48/0.14  emits 4.39  spf 451.1  z0 0.01  garr 276.3  tG 2207  e2 0.71  nF 11.0  pS 0.35  ptS 0.33  fLog 0.84  pdΔ -0.1496  pkR 7.08  clip 0.30  kl +0.023
upd   28  steps  950272  sps 5050  opp rand  loss +0.091  pg -0.0144  v 0.561  ev +0.99  adv_std 1.103  tR +0.67  ent[s/d/p/e] 0.81/0.42/0.48/0.16  emits 3.98  spf 398.9  z0 0.01  garr 237.1  tG 1801  e2 0.66  nF 11.6  pS 0.34  ptS 0.32  fLog 0.82  pdΔ -0.1600  pkR 8.88  clip 0.31  kl +0.028
upd   29  steps  983040  sps 5090  opp rand  loss +0.089  pg -0.0152  v 0.560  ev +0.99  adv_std 1.099  tR +0.57  ent[s/d/p/e] 0.85/0.37/0.51/0.14  emits 4.62  spf 458.0  z0 0.00  garr 282.1  tG 2392  e2 0.73  nF 10.5  pS 0.38  ptS 0.35  fLog 0.85  pdΔ -0.1188  pkR 7.52  clip 0.30  kl +0.023
upd   30  steps 1015808  sps 5127  opp rand  loss +0.079  pg -0.0148  v 0.504  ev +0.99  adv_std 1.047  tR +0.79  ent[s/d/p/e] 0.79/0.37/0.46/0.15  emits 4.43  spf 414.0  z0 0.00  garr 259.8  tG 2033  e2 0.73  nF 9.6  pS 0.36  ptS 0.34  fLog 0.84  pdΔ -0.1430  pkR 9.44  clip 0.31  kl +0.026
upd   31  steps 1048576  sps 5163  opp rand  loss +0.068  pg -0.0141  v 0.446  ev +0.99  adv_std 0.981  tR +0.71  ent[s/d/p/e] 0.80/0.39/0.46/0.13  emits 4.36  spf 444.2  z0 0.00  garr 274.0  tG 2115  e2 0.71  nF 10.1  pS 0.33  ptS 0.32  fLog 0.84  pdΔ -0.1709  pkR 9.82  clip 0.29  kl +0.023
upd   32  steps 1081344  sps 5197  opp rand  loss +0.091  pg -0.0137  v 0.556  ev +0.99  adv_std 1.098  tR +0.57  ent[s/d/p/e] 0.78/0.39/0.48/0.15  emits 4.19  spf 382.7  z0 0.01  garr 246.0  tG 1781  e2 0.71  nF 10.1  pS 0.34  ptS 0.31  fLog 0.83  pdΔ -0.1644  pkR 9.31  clip 0.30  kl +0.024
upd   33  steps 1114112  sps 5229  opp rand  loss +0.072  pg -0.0156  v 0.472  ev +0.99  adv_std 1.005  tR +0.62  ent[s/d/p/e] 0.82/0.37/0.52/0.15  emits 4.44  spf 404.8  z0 0.00  garr 256.7  tG 2019  e2 0.71  nF 9.8  pS 0.36  ptS 0.34  fLog 0.84  pdΔ -0.1371  pkR 8.00  clip 0.29  kl +0.021
upd   34  steps 1146880  sps 5260  opp rand  loss +0.065  pg -0.0151  v 0.437  ev +0.99  adv_std 0.979  tR +0.67  ent[s/d/p/e] 0.88/0.38/0.50/0.13  emits 4.61  spf 463.4  z0 0.01  garr 288.0  tG 2436  e2 0.70  nF 10.7  pS 0.36  ptS 0.34  fLog 0.85  pdΔ -0.1353  pkR 7.92  clip 0.31  kl +0.026
upd   35  steps 1179648  sps 5290  opp rand  loss +0.077  pg -0.0160  v 0.502  ev +0.99  adv_std 1.049  tR +0.65  ent[s/d/p/e] 0.84/0.41/0.50/0.14  emits 4.21  spf 428.3  z0 0.00  garr 251.6  tG 2077  e2 0.66  nF 10.4  pS 0.36  ptS 0.34  fLog 0.84  pdΔ -0.1420  pkR 7.03  clip 0.30  kl +0.025
upd   36  steps 1212416  sps 5318  opp rand  loss +0.075  pg -0.0153  v 0.485  ev +0.99  adv_std 1.028  tR +0.55  ent[s/d/p/e] 0.79/0.39/0.49/0.15  emits 4.36  spf 418.9  z0 0.01  garr 259.0  tG 2031  e2 0.71  nF 9.3  pS 0.35  ptS 0.33  fLog 0.84  pdΔ -0.1522  pkR 8.10  clip 0.32  kl +0.027
upd   37  steps 1245184  sps 5345  opp rand  loss +0.058  pg -0.0159  v 0.405  ev +0.99  adv_std 0.943  tR +0.58  ent[s/d/p/e] 0.78/0.38/0.46/0.12  emits 4.12  spf 418.1  z0 0.01  garr 264.3  tG 1921  e2 0.66  nF 9.9  pS 0.31  ptS 0.29  fLog 0.84  pdΔ -0.1945  pkR 7.49  clip 0.29  kl +0.021
upd   38  steps 1277952  sps 5371  opp rand  loss +0.070  pg -0.0153  v 0.459  ev +0.99  adv_std 0.997  tR +0.51  ent[s/d/p/e] 0.75/0.37/0.46/0.14  emits 3.97  spf 407.2  z0 0.01  garr 254.8  tG 1788  e2 0.66  nF 9.7  pS 0.31  ptS 0.29  fLog 0.84  pdΔ -0.1939  pkR 7.32  clip 0.27  kl +0.018
upd   39  steps 1310720  sps 5396  opp rand  loss +0.078  pg -0.0137  v 0.493  ev +0.99  adv_std 1.034  tR +0.49  ent[s/d/p/e] 0.75/0.39/0.46/0.15  emits 3.74  spf 407.1  z0 0.01  garr 228.4  tG 1684  e2 0.61  nF 11.4  pS 0.30  ptS 0.28  fLog 0.82  pdΔ -0.2010  pkR 9.31  clip 0.29  kl +0.024
upd   40  steps 1343488  sps 5419  opp rand  loss +0.056  pg -0.0153  v 0.389  ev +0.99  adv_std 0.924  tR +0.45  ent[s/d/p/e] 0.74/0.39/0.45/0.16  emits 3.72  spf 377.2  z0 0.01  garr 212.9  tG 1581  e2 0.62  nF 11.6  pS 0.30  ptS 0.29  fLog 0.81  pdΔ -0.1981  pkR 8.62  clip 0.29  kl +0.023
upd   41  steps 1376256  sps 5442  opp rand  loss +0.060  pg -0.0162  v 0.417  ev +0.99  adv_std 0.958  tR +0.51  ent[s/d/p/e] 0.78/0.40/0.49/0.16  emits 3.83  spf 382.2  z0 0.01  garr 214.5  tG 1654  e2 0.64  nF 10.1  pS 0.31  ptS 0.30  fLog 0.82  pdΔ -0.1912  pkR 8.64  clip 0.30  kl +0.025
upd   42  steps 1409024  sps 5464  opp rand  loss +0.081  pg -0.0161  v 0.523  ev +0.99  adv_std 1.058  tR +0.50  ent[s/d/p/e] 0.82/0.38/0.52/0.13  emits 4.58  spf 408.7  z0 0.01  garr 265.1  tG 2137  e2 0.73  nF 8.2  pS 0.34  ptS 0.33  fLog 0.85  pdΔ -0.1562  pkR 7.22  clip 0.30  kl +0.021
upd   43  steps 1441792  sps 5485  opp rand  loss +0.062  pg -0.0152  v 0.421  ev +0.99  adv_std 0.952  tR +0.60  ent[s/d/p/e] 0.85/0.38/0.50/0.12  emits 4.68  spf 440.9  z0 0.01  garr 290.4  tG 2321  e2 0.72  nF 9.5  pS 0.35  ptS 0.34  fLog 0.86  pdΔ -0.1479  pkR 7.50  clip 0.31  kl +0.024
upd   44  steps 1474560  sps 5506  opp rand  loss +0.071  pg -0.0155  v 0.469  ev +0.99  adv_std 1.010  tR +0.44  ent[s/d/p/e] 0.82/0.40/0.49/0.14  emits 4.28  spf 416.1  z0 0.01  garr 271.9  tG 2017  e2 0.69  nF 10.6  pS 0.32  ptS 0.31  fLog 0.84  pdΔ -0.1786  pkR 8.91  clip 0.31  kl +0.027
upd   45  steps 1507328  sps 5525  opp rand  loss +0.088  pg -0.0140  v 0.547  ev +0.99  adv_std 1.085  tR +0.58  ent[s/d/p/e] 0.76/0.38/0.49/0.16  emits 4.01  spf 396.7  z0 0.00  garr 238.2  tG 1800  e2 0.68  nF 9.5  pS 0.32  ptS 0.30  fLog 0.83  pdΔ -0.1819  pkR 11.58  clip 0.31  kl +0.026
upd   46  steps 1540096  sps 5544  opp rand  loss +0.074  pg -0.0146  v 0.475  ev +0.99  adv_std 1.014  tR +0.38  ent[s/d/p/e] 0.73/0.38/0.47/0.17  emits 4.10  spf 399.9  z0 0.01  garr 253.5  tG 1798  e2 0.72  nF 9.0  pS 0.32  ptS 0.31  fLog 0.84  pdΔ -0.1780  pkR 7.40  clip 0.30  kl +0.024
upd   47  steps 1572864  sps 5563  opp rand  loss +0.072  pg -0.0144  v 0.470  ev +0.99  adv_std 1.010  tR +0.17  ent[s/d/p/e] 0.79/0.38/0.51/0.14  emits 4.31  spf 398.0  z0 0.00  garr 262.1  tG 1919  e2 0.70  nF 9.6  pS 0.32  ptS 0.31  fLog 0.84  pdΔ -0.1754  pkR 7.78  clip 0.32  kl +0.028
upd   48  steps 1605632  sps 5580  opp rand  loss +0.074  pg -0.0147  v 0.478  ev +0.99  adv_std 1.020  tR +0.69  ent[s/d/p/e] 0.84/0.38/0.49/0.12  emits 4.57  spf 442.2  z0 0.01  garr 290.5  tG 2306  e2 0.69  nF 9.8  pS 0.36  ptS 0.33  fLog 0.85  pdΔ -0.1378  pkR 6.28  clip 0.33  kl +0.026
upd   49  steps 1638400  sps 5597  opp rand  loss +0.082  pg -0.0151  v 0.522  ev +0.99  adv_std 1.065  tR +0.66  ent[s/d/p/e] 0.78/0.40/0.48/0.13  emits 4.48  spf 428.9  z0 0.01  garr 282.3  tG 2123  e2 0.71  nF 9.6  pS 0.34  ptS 0.32  fLog 0.84  pdΔ -0.1564  pkR 7.04  clip 0.31  kl +0.025 WRr 0.94 WRf 0.91
upd   50  steps 1671168  sps 5239  opp rand  loss +0.074  pg -0.0168  v 0.488  ev +0.99  adv_std 1.033  tR +0.75  ent[s/d/p/e] 0.81/0.41/0.48/0.13  emits 4.55  spf 433.2  z0 0.00  garr 290.1  tG 2209  e2 0.72  nF 10.6  pS 0.34  ptS 0.32  fLog 0.84  pdΔ -0.1551  pkR 7.79  clip 0.31  kl +0.025
upd   51  steps 1703936  sps 5260  opp rand  loss +0.077  pg -0.0146  v 0.492  ev +0.99  adv_std 1.035  tR +0.62  ent[s/d/p/e] 0.81/0.42/0.49/0.15  emits 4.14  spf 406.4  z0 0.01  garr 265.2  tG 1945  e2 0.68  nF 11.1  pS 0.33  ptS 0.31  fLog 0.83  pdΔ -0.1680  pkR 9.67  clip 0.32  kl +0.028
upd   52  steps 1736704  sps 5097  opp frzn  loss +0.077  pg -0.0144  v 0.492  ev +0.99  adv_std 1.034  tR +0.32  ent[s/d/p/e] 0.86/0.40/0.52/0.16  emits 4.16  spf 451.8  z0 0.00  garr 283.9  tG 2197  e2 0.70  nF 10.3  pS 0.35  ptS 0.33  fLog 0.85  pdΔ -0.1535  pkR 8.87  clip 0.31  kl +0.027
upd   53  steps 1769472  sps 5118  opp rand  loss +0.096  pg -0.0158  v 0.593  ev +0.99  adv_std 1.133  tR +0.55  ent[s/d/p/e] 0.79/0.38/0.49/0.15  emits 4.25  spf 393.2  z0 0.00  garr 236.1  tG 1883  e2 0.69  nF 10.3  pS 0.34  ptS 0.32  fLog 0.83  pdΔ -0.1649  pkR 8.38  clip 0.32  kl +0.027
upd   54  steps 1802240  sps 5139  opp rand  loss +0.077  pg -0.0147  v 0.491  ev +0.99  adv_std 1.034  tR +0.46  ent[s/d/p/e] 0.81/0.37/0.49/0.14  emits 4.32  spf 414.7  z0 0.01  garr 260.6  tG 2060  e2 0.70  nF 9.1  pS 0.34  ptS 0.32  fLog 0.84  pdΔ -0.1621  pkR 9.13  clip 0.33  kl +0.028
upd   55  steps 1835008  sps 5159  opp rand  loss +0.072  pg -0.0146  v 0.464  ev +0.99  adv_std 1.000  tR +0.46  ent[s/d/p/e] 0.82/0.36/0.46/0.12  emits 4.65  spf 433.1  z0 0.01  garr 290.0  tG 2315  e2 0.74  nF 9.2  pS 0.36  ptS 0.33  fLog 0.85  pdΔ -0.1411  pkR 9.86  clip 0.31  kl +0.023
upd   56  steps 1867776  sps 5174  opp frzn  loss +0.068  pg -0.0163  v 0.455  ev +0.99  adv_std 0.994  tR +0.39  ent[s/d/p/e] 0.86/0.37/0.49/0.13  emits 4.53  spf 472.2  z0 0.00  garr 307.3  tG 2426  e2 0.71  nF 9.5  pS 0.36  ptS 0.33  fLog 0.86  pdΔ -0.1430  pkR 6.83  clip 0.31  kl +0.024
upd   57  steps 1900544  sps 5189  opp frzn  loss +0.066  pg -0.0152  v 0.445  ev +0.99  adv_std 0.987  tR +0.50  ent[s/d/p/e] 0.84/0.38/0.51/0.15  emits 4.26  spf 443.4  z0 0.00  garr 276.8  tG 2130  e2 0.68  nF 10.0  pS 0.34  ptS 0.33  fLog 0.84  pdΔ -0.1560  pkR 6.66  clip 0.32  kl +0.028
upd   58  steps 1933312  sps 5204  opp frzn  loss +0.061  pg -0.0167  v 0.426  ev +0.99  adv_std 0.965  tR +0.34  ent[s/d/p/e] 0.79/0.39/0.51/0.16  emits 4.06  spf 453.5  z0 0.00  garr 288.4  tG 2028  e2 0.69  nF 10.2  pS 0.32  ptS 0.30  fLog 0.84  pdΔ -0.1816  pkR 7.55  clip 0.30  kl +0.026
upd   59  steps 1966080  sps 5222  opp rand  loss +0.085  pg -0.0137  v 0.527  ev +0.99  adv_std 1.070  tR +0.55  ent[s/d/p/e] 0.78/0.41/0.48/0.15  emits 4.14  spf 401.6  z0 0.01  garr 256.0  tG 1838  e2 0.67  nF 11.2  pS 0.34  ptS 0.31  fLog 0.83  pdΔ -0.1634  pkR 7.02  clip 0.32  kl +0.030
upd   60  steps 1998848  sps 5240  opp rand  loss +0.085  pg -0.0139  v 0.527  ev +0.99  adv_std 1.069  tR +0.47  ent[s/d/p/e] 0.80/0.37/0.50/0.15  emits 4.27  spf 421.9  z0 0.01  garr 250.5  tG 2060  e2 0.70  nF 10.4  pS 0.37  ptS 0.35  fLog 0.84  pdΔ -0.1333  pkR 7.70  clip 0.31  kl +0.026
upd   61  steps 2031616  sps 5253  opp frzn  loss +0.068  pg -0.0153  v 0.450  ev +0.99  adv_std 0.994  tR +0.48  ent[s/d/p/e] 0.84/0.34/0.49/0.14  emits 4.50  spf 474.0  z0 0.00  garr 312.0  tG 2403  e2 0.73  nF 9.4  pS 0.36  ptS 0.34  fLog 0.86  pdΔ -0.1424  pkR 6.68  clip 0.32  kl +0.027
upd   62  steps 2064384  sps 5270  opp rand  loss +0.086  pg -0.0143  v 0.537  ev +0.99  adv_std 1.075  tR +0.61  ent[s/d/p/e] 0.83/0.39/0.50/0.13  emits 4.64  spf 461.0  z0 0.00  garr 308.2  tG 2358  e2 0.73  nF 11.3  pS 0.35  ptS 0.33  fLog 0.84  pdΔ -0.1493  pkR 6.08  clip 0.32  kl +0.025
upd   63  steps 2097152  sps 5286  opp rand  loss +0.070  pg -0.0147  v 0.457  ev +0.99  adv_std 1.000  tR +0.58  ent[s/d/p/e] 0.79/0.44/0.46/0.13  emits 4.12  spf 432.3  z0 0.01  garr 257.5  tG 1982  e2 0.64  nF 13.5  pS 0.32  ptS 0.31  fLog 0.83  pdΔ -0.1777  pkR 9.06  clip 0.31  kl +0.026
upd   64  steps 2129920  sps 5302  opp rand  loss +0.082  pg -0.0137  v 0.514  ev +0.99  adv_std 1.055  tR +0.55  ent[s/d/p/e] 0.79/0.42/0.47/0.15  emits 4.05  spf 451.6  z0 0.01  garr 253.4  tG 2066  e2 0.66  nF 12.5  pS 0.33  ptS 0.31  fLog 0.83  pdΔ -0.1734  pkR 8.25  clip 0.30  kl +0.024
upd   65  steps 2162688  sps 5314  opp frzn  loss +0.073  pg -0.0153  v 0.476  ev +0.99  adv_std 1.019  tR +0.36  ent[s/d/p/e] 0.75/0.37/0.47/0.17  emits 4.04  spf 425.1  z0 0.00  garr 249.2  tG 1892  e2 0.70  nF 9.7  pS 0.32  ptS 0.31  fLog 0.84  pdΔ -0.1798  pkR 9.69  clip 0.31  kl +0.026
upd   66  steps 2195456  sps 5326  opp frzn  loss +0.052  pg -0.0169  v 0.379  ev +0.99  adv_std 0.909  tR +0.29  ent[s/d/p/e] 0.78/0.39/0.50/0.14  emits 4.32  spf 479.4  z0 0.00  garr 308.7  tG 2192  e2 0.71  nF 9.9  pS 0.32  ptS 0.30  fLog 0.85  pdΔ -0.1789  pkR 7.49  clip 0.29  kl +0.022
upd   67  steps 2228224  sps 5337  opp frzn  loss +0.068  pg -0.0168  v 0.462  ev +0.99  adv_std 1.008  tR +0.45  ent[s/d/p/e] 0.77/0.38/0.50/0.16  emits 4.22  spf 456.6  z0 0.00  garr 305.7  tG 2078  e2 0.72  nF 9.0  pS 0.33  ptS 0.30  fLog 0.85  pdΔ -0.1731  pkR 8.43  clip 0.31  kl +0.023
upd   68  steps 2260992  sps 5348  opp frzn  loss +0.075  pg -0.0143  v 0.480  ev +0.99  adv_std 1.021  tR +0.34  ent[s/d/p/e] 0.80/0.39/0.50/0.15  emits 4.48  spf 497.3  z0 0.00  garr 331.5  tG 2366  e2 0.74  nF 9.7  pS 0.35  ptS 0.33  fLog 0.86  pdΔ -0.1514  pkR 6.14  clip 0.32  kl +0.028
upd   69  steps 2293760  sps 5362  opp rand  loss +0.084  pg -0.0164  v 0.536  ev +0.99  adv_std 1.078  tR +0.64  ent[s/d/p/e] 0.76/0.42/0.47/0.15  emits 4.13  spf 428.8  z0 0.00  garr 255.3  tG 1929  e2 0.67  nF 11.5  pS 0.35  ptS 0.33  fLog 0.83  pdΔ -0.1513  pkR 6.66  clip 0.31  kl +0.026
upd   70  steps 2326528  sps 5372  opp frzn  loss +0.094  pg -0.0136  v 0.572  ev +0.99  adv_std 1.105  tR +0.58  ent[s/d/p/e] 0.84/0.41/0.49/0.15  emits 4.14  spf 453.2  z0 0.00  garr 268.5  tG 2082  e2 0.68  nF 10.7  pS 0.35  ptS 0.33  fLog 0.84  pdΔ -0.1486  pkR 6.96  clip 0.31  kl +0.024
upd   71  steps 2359296  sps 5386  opp rand  loss +0.070  pg -0.0146  v 0.457  ev +0.99  adv_std 0.997  tR +0.40  ent[s/d/p/e] 0.77/0.41/0.48/0.14  emits 4.18  spf 412.4  z0 0.01  garr 254.4  tG 1891  e2 0.66  nF 11.3  pS 0.33  ptS 0.31  fLog 0.83  pdΔ -0.1733  pkR 6.65  clip 0.31  kl +0.025
upd   72  steps 2392064  sps 5396  opp frzn  loss +0.053  pg -0.0148  v 0.376  ev +0.99  adv_std 0.912  tR +0.36  ent[s/d/p/e] 0.78/0.37/0.49/0.15  emits 3.92  spf 468.1  z0 0.01  garr 271.3  tG 2055  e2 0.65  nF 10.6  pS 0.32  ptS 0.31  fLog 0.84  pdΔ -0.1783  pkR 8.36  clip 0.30  kl +0.022
upd   73  steps 2424832  sps 5406  opp frzn  loss +0.062  pg -0.0172  v 0.432  ev +0.99  adv_std 0.969  tR +0.32  ent[s/d/p/e] 0.77/0.37/0.50/0.18  emits 4.15  spf 455.7  z0 0.00  garr 290.3  tG 2089  e2 0.73  nF 8.8  pS 0.34  ptS 0.32  fLog 0.85  pdΔ -0.1608  pkR 8.48  clip 0.32  kl +0.026
upd   74  steps 2457600  sps 5418  opp rand  loss +0.084  pg -0.0136  v 0.521  ev +0.99  adv_std 1.067  tR +0.71  ent[s/d/p/e] 0.76/0.39/0.48/0.15  emits 4.39  spf 445.2  z0 0.00  garr 282.3  tG 2109  e2 0.73  nF 10.2  pS 0.34  ptS 0.32  fLog 0.85  pdΔ -0.1595  pkR 7.10  clip 0.33  kl +0.030
upd   75  steps 2490368  sps 5431  opp rand  loss +0.068  pg -0.0131  v 0.440  ev +0.99  adv_std 0.981  tR +0.41  ent[s/d/p/e] 0.80/0.36/0.45/0.12  emits 4.61  spf 494.9  z0 0.01  garr 315.3  tG 2502  e2 0.73  nF 9.8  pS 0.35  ptS 0.33  fLog 0.86  pdΔ -0.1495  pkR 6.64  clip 0.31  kl +0.023
upd   76  steps 2523136  sps 5440  opp frzn  loss +0.050  pg -0.0165  v 0.368  ev +0.99  adv_std 0.902  tR +0.58  ent[s/d/p/e] 0.83/0.39/0.48/0.14  emits 4.42  spf 513.4  z0 0.00  garr 305.0  tG 2482  e2 0.70  nF 10.2  pS 0.36  ptS 0.34  fLog 0.86  pdΔ -0.1440  pkR 7.20  clip 0.31  kl +0.024
upd   77  steps 2555904  sps 5452  opp rand  loss +0.078  pg -0.0166  v 0.507  ev +0.99  adv_std 1.051  tR +0.60  ent[s/d/p/e] 0.76/0.43/0.46/0.15  emits 4.09  spf 428.3  z0 0.01  garr 256.6  tG 1913  e2 0.68  nF 11.8  pS 0.33  ptS 0.32  fLog 0.83  pdΔ -0.1657  pkR 8.98  clip 0.30  kl +0.027
upd   78  steps 2588672  sps 5464  opp rand  loss +0.067  pg -0.0136  v 0.434  ev +0.99  adv_std 0.979  tR +0.52  ent[s/d/p/e] 0.73/0.42/0.43/0.15  emits 4.12  spf 433.8  z0 0.01  garr 261.0  tG 1912  e2 0.69  nF 11.3  pS 0.32  ptS 0.30  fLog 0.83  pdΔ -0.1778  pkR 8.01  clip 0.31  kl +0.025
upd   79  steps 2621440  sps 5476  opp rand  loss +0.069  pg -0.0143  v 0.449  ev +0.99  adv_std 0.997  tR +0.72  ent[s/d/p/e] 0.75/0.41/0.45/0.13  emits 4.30  spf 455.3  z0 0.01  garr 287.4  tG 2080  e2 0.68  nF 10.8  pS 0.33  ptS 0.31  fLog 0.84  pdΔ -0.1654  pkR 7.62  clip 0.31  kl +0.024
upd   80  steps 2654208  sps 5487  opp rand  loss +0.082  pg -0.0165  v 0.528  ev +0.99  adv_std 1.074  tR +0.56  ent[s/d/p/e] 0.78/0.44/0.49/0.16  emits 4.02  spf 419.4  z0 0.01  garr 248.8  tG 1866  e2 0.65  nF 12.9  pS 0.33  ptS 0.32  fLog 0.82  pdΔ -0.1651  pkR 7.30  clip 0.31  kl +0.028
upd   81  steps 2686976  sps 5495  opp frzn  loss +0.064  pg -0.0155  v 0.433  ev +0.99  adv_std 0.975  tR +0.58  ent[s/d/p/e] 0.81/0.40/0.47/0.16  emits 3.97  spf 454.3  z0 0.01  garr 275.2  tG 2013  e2 0.70  nF 10.3  pS 0.33  ptS 0.32  fLog 0.84  pdΔ -0.1673  pkR 7.04  clip 0.28  kl +0.021
upd   82  steps 2719744  sps 5506  opp rand  loss +0.081  pg -0.0146  v 0.513  ev +0.99  adv_std 1.053  tR +0.65  ent[s/d/p/e] 0.75/0.39/0.47/0.14  emits 4.31  spf 435.0  z0 0.00  garr 287.3  tG 2025  e2 0.72  nF 9.7  pS 0.33  ptS 0.32  fLog 0.84  pdΔ -0.1673  pkR 7.52  clip 0.28  kl +0.022
upd   83  steps 2752512  sps 5513  opp frzn  loss +0.052  pg -0.0162  v 0.373  ev +0.99  adv_std 0.908  tR +0.55  ent[s/d/p/e] 0.79/0.37/0.47/0.13  emits 4.08  spf 475.2  z0 0.00  garr 289.7  tG 2132  e2 0.68  nF 9.1  pS 0.31  ptS 0.30  fLog 0.85  pdΔ -0.1893  pkR 6.81  clip 0.30  kl +0.024
upd   84  steps 2785280  sps 5524  opp rand  loss +0.067  pg -0.0161  v 0.444  ev +0.99  adv_std 0.991  tR +0.69  ent[s/d/p/e] 0.71/0.40/0.42/0.16  emits 4.06  spf 436.4  z0 0.00  garr 281.1  tG 1941  e2 0.70  nF 10.7  pS 0.32  ptS 0.31  fLog 0.83  pdΔ -0.1809  pkR 7.69  clip 0.30  kl +0.024
upd   85  steps 2818048  sps 5534  opp rand  loss +0.088  pg -0.0134  v 0.536  ev +0.99  adv_std 1.076  tR +0.62  ent[s/d/p/e] 0.70/0.38/0.43/0.14  emits 4.05  spf 419.8  z0 0.00  garr 246.5  tG 1805  e2 0.66  nF 11.3  pS 0.30  ptS 0.29  fLog 0.83  pdΔ -0.1954  pkR 8.87  clip 0.32  kl +0.030
upd   86  steps 2850816  sps 5544  opp rand  loss +0.077  pg -0.0136  v 0.486  ev +0.99  adv_std 1.027  tR +0.58  ent[s/d/p/e] 0.79/0.45/0.46/0.14  emits 4.33  spf 438.9  z0 0.00  garr 271.5  tG 2074  e2 0.72  nF 12.4  pS 0.34  ptS 0.33  fLog 0.83  pdΔ -0.1610  pkR 6.51  clip 0.32  kl +0.029
upd   87  steps 2883584  sps 5554  opp rand  loss +0.073  pg -0.0165  v 0.479  ev +0.99  adv_std 1.019  tR +0.55  ent[s/d/p/e] 0.74/0.40/0.47/0.15  emits 4.09  spf 424.1  z0 0.01  garr 257.8  tG 1891  e2 0.67  nF 11.4  pS 0.33  ptS 0.32  fLog 0.83  pdΔ -0.1715  pkR 8.46  clip 0.29  kl +0.021
upd   88  steps 2916352  sps 5564  opp rand  loss +0.067  pg -0.0159  v 0.447  ev +0.99  adv_std 0.984  tR +0.67  ent[s/d/p/e] 0.77/0.37/0.45/0.12  emits 4.61  spf 459.3  z0 0.00  garr 294.2  tG 2263  e2 0.73  nF 10.7  pS 0.35  ptS 0.34  fLog 0.85  pdΔ -0.1508  pkR 6.62  clip 0.28  kl +0.020
upd   89  steps 2949120  sps 5570  opp frzn  loss +0.060  pg -0.0139  v 0.401  ev +0.99  adv_std 0.929  tR +0.43  ent[s/d/p/e] 0.75/0.37/0.45/0.15  emits 3.89  spf 474.2  z0 0.01  garr 269.6  tG 2000  e2 0.66  nF 10.3  pS 0.31  ptS 0.30  fLog 0.84  pdΔ -0.1871  pkR 9.35  clip 0.28  kl +0.023
upd   90  steps 2981888  sps 5577  opp frzn  loss +0.051  pg -0.0144  v 0.361  ev +0.99  adv_std 0.878  tR +0.29  ent[s/d/p/e] 0.77/0.43/0.47/0.17  emits 3.70  spf 443.4  z0 0.00  garr 271.3  tG 1819  e2 0.67  nF 11.3  pS 0.31  ptS 0.30  fLog 0.82  pdΔ -0.1873  pkR 8.55  clip 0.29  kl +0.026
upd   91  steps 3014656  sps 5586  opp rand  loss +0.088  pg -0.0149  v 0.546  ev +0.99  adv_std 1.088  tR +0.54  ent[s/d/p/e] 0.71/0.44/0.49/0.16  emits 3.97  spf 381.7  z0 0.00  garr 240.3  tG 1641  e2 0.69  nF 10.9  pS 0.31  ptS 0.30  fLog 0.81  pdΔ -0.1870  pkR 8.40  clip 0.31  kl +0.027
upd   92  steps 3047424  sps 5595  opp rand  loss +0.081  pg -0.0136  v 0.505  ev +0.99  adv_std 1.043  tR +0.36  ent[s/d/p/e] 0.76/0.40/0.48/0.13  emits 4.29  spf 446.2  z0 0.01  garr 286.1  tG 2111  e2 0.71  nF 10.9  pS 0.33  ptS 0.31  fLog 0.84  pdΔ -0.1677  pkR 7.21  clip 0.30  kl +0.023
upd   93  steps 3080192  sps 5601  opp frzn  loss +0.048  pg -0.0153  v 0.349  ev +0.99  adv_std 0.880  tR +0.51  ent[s/d/p/e] 0.74/0.41/0.44/0.15  emits 3.87  spf 450.3  z0 0.01  garr 291.7  tG 1940  e2 0.65  nF 11.4  pS 0.31  ptS 0.29  fLog 0.83  pdΔ -0.1919  pkR 9.30  clip 0.29  kl +0.024
upd   94  steps 3112960  sps 5610  opp rand  loss +0.074  pg -0.0140  v 0.472  ev +0.99  adv_std 1.007  tR +0.62  ent[s/d/p/e] 0.74/0.42/0.45/0.14  emits 4.06  spf 441.5  z0 0.01  garr 272.4  tG 1929  e2 0.66  nF 11.3  pS 0.33  ptS 0.31  fLog 0.83  pdΔ -0.1721  pkR 7.80  clip 0.30  kl +0.026
upd   95  steps 3145728  sps 5615  opp frzn  loss +0.065  pg -0.0152  v 0.435  ev +0.99  adv_std 0.972  tR +0.33  ent[s/d/p/e] 0.74/0.37/0.45/0.16  emits 4.20  spf 433.4  z0 0.00  garr 284.9  tG 1991  e2 0.73  nF 10.2  pS 0.34  ptS 0.32  fLog 0.85  pdΔ -0.1626  pkR 7.30  clip 0.29  kl +0.021
upd   96  steps 3178496  sps 5624  opp rand  loss +0.057  pg -0.0158  v 0.398  ev +0.99  adv_std 0.933  tR +0.63  ent[s/d/p/e] 0.80/0.38/0.46/0.12  emits 4.50  spf 483.2  z0 0.01  garr 309.2  tG 2413  e2 0.72  nF 10.3  pS 0.35  ptS 0.33  fLog 0.85  pdΔ -0.1538  pkR 7.01  clip 0.30  kl +0.023
upd   97  steps 3211264  sps 5632  opp rand  loss +0.086  pg -0.0128  v 0.527  ev +0.99  adv_std 1.068  tR +0.48  ent[s/d/p/e] 0.76/0.37/0.43/0.13  emits 4.14  spf 455.1  z0 0.01  garr 290.3  tG 2176  e2 0.70  nF 9.8  pS 0.32  ptS 0.30  fLog 0.85  pdΔ -0.1758  pkR 8.92  clip 0.30  kl +0.026
upd   98  steps 3244032  sps 5641  opp rand  loss +0.075  pg -0.0120  v 0.468  ev +0.99  adv_std 1.012  tR +0.61  ent[s/d/p/e] 0.80/0.47/0.44/0.13  emits 4.18  spf 458.1  z0 0.01  garr 296.9  tG 2140  e2 0.69  nF 12.5  pS 0.33  ptS 0.31  fLog 0.82  pdΔ -0.1712  pkR 8.11  clip 0.31  kl +0.031
upd   99  steps 3276800  sps 5649  opp rand  loss +0.068  pg -0.0142  v 0.444  ev +0.99  adv_std 0.989  tR +0.50  ent[s/d/p/e] 0.74/0.45/0.45/0.13  emits 4.27  spf 408.1  z0 0.01  garr 278.9  tG 1914  e2 0.70  nF 12.1  pS 0.34  ptS 0.31  fLog 0.82  pdΔ -0.1637  pkR 9.27  clip 0.31  kl +0.028 WRr 0.88 WRf 0.84
[ckpt] saved ./ckpt_multi_action_v11_f30/ckpt_000099.pkl
upd  100  steps 3309568  sps 5532  opp frzn  loss +0.066  pg -0.0142  v 0.434  ev +0.99  adv_std 0.971  tR +0.26  ent[s/d/p/e] 0.80/0.41/0.46/0.13  emits 4.16  spf 502.4  z0 0.00  garr 323.3  tG 2333  e2 0.69  nF 11.4  pS 0.33  ptS 0.31  fLog 0.85  pdΔ -0.1685  pkR 7.45  clip 0.28  kl +0.023
upd  101  steps 3342336  sps 5541  opp rand  loss +0.094  pg -0.0146  v 0.574  ev +0.99  adv_std 1.116  tR +0.64  ent[s/d/p/e] 0.74/0.52/0.45/0.15  emits 3.88  spf 385.4  z0 0.00  garr 240.6  tG 1652  e2 0.64  nF 15.3  pS 0.32  ptS 0.30  fLog 0.79  pdΔ -0.1830  pkR 7.83  clip 0.30  kl +0.028
upd  102  steps 3375104  sps 5550  opp rand  loss +0.062  pg -0.0151  v 0.420  ev +0.99  adv_std 0.959  tR +0.42  ent[s/d/p/e] 0.75/0.45/0.45/0.13  emits 4.01  spf 415.7  z0 0.01  garr 259.4  tG 1828  e2 0.66  nF 12.3  pS 0.32  ptS 0.29  fLog 0.82  pdΔ -0.1844  pkR 8.07  clip 0.30  kl +0.026
upd  103  steps 3407872  sps 5558  opp rand  loss +0.075  pg -0.0144  v 0.480  ev +0.99  adv_std 1.027  tR +0.39  ent[s/d/p/e] 0.74/0.40/0.41/0.13  emits 4.11  spf 425.1  z0 0.01  garr 253.9  tG 1926  e2 0.66  nF 11.5  pS 0.32  ptS 0.30  fLog 0.83  pdΔ -0.1842  pkR 8.17  clip 0.30  kl +0.026
upd  104  steps 3440640  sps 5563  opp frzn  loss +0.063  pg -0.0137  v 0.417  ev +0.99  adv_std 0.951  tR +0.21  ent[s/d/p/e] 0.79/0.36/0.44/0.12  emits 4.02  spf 482.9  z0 0.00  garr 302.0  tG 2146  e2 0.66  nF 9.9  pS 0.30  ptS 0.29  fLog 0.84  pdΔ -0.2009  pkR 6.77  clip 0.29  kl +0.024
upd  105  steps 3473408  sps 5572  opp rand  loss +0.103  pg -0.0140  v 0.617  ev +0.99  adv_std 1.152  tR +0.58  ent[s/d/p/e] 0.72/0.41/0.45/0.15  emits 3.83  spf 417.4  z0 0.00  garr 249.8  tG 1787  e2 0.64  nF 12.6  pS 0.31  ptS 0.29  fLog 0.82  pdΔ -0.1924  pkR 7.35  clip 0.29  kl +0.025
upd  106  steps 3506176  sps 5577  opp frzn  loss +0.067  pg -0.0161  v 0.448  ev +0.99  adv_std 0.989  tR +0.22  ent[s/d/p/e] 0.77/0.36/0.44/0.15  emits 4.11  spf 454.5  z0 0.00  garr 291.4  tG 2048  e2 0.69  nF 11.5  pS 0.32  ptS 0.31  fLog 0.84  pdΔ -0.1784  pkR 7.00  clip 0.29  kl +0.025
upd  107  steps 3538944  sps 5585  opp rand  loss +0.086  pg -0.0147  v 0.536  ev +0.99  adv_std 1.081  tR +0.53  ent[s/d/p/e] 0.73/0.40/0.41/0.14  emits 4.15  spf 415.3  z0 0.01  garr 260.6  tG 1864  e2 0.67  nF 11.3  pS 0.32  ptS 0.31  fLog 0.83  pdΔ -0.1793  pkR 7.37  clip 0.31  kl +0.029
upd  108  steps 3571712  sps 5593  opp rand  loss +0.088  pg -0.0131  v 0.537  ev +0.99  adv_std 1.076  tR +0.46  ent[s/d/p/e] 0.74/0.40/0.45/0.13  emits 4.26  spf 432.0  z0 0.01  garr 282.5  tG 1999  e2 0.69  nF 10.9  pS 0.31  ptS 0.30  fLog 0.84  pdΔ -0.1855  pkR 7.43  clip 0.29  kl +0.024
upd  109  steps 3604480  sps 5600  opp rand  loss +0.097  pg -0.0138  v 0.588  ev +0.99  adv_std 1.127  tR +0.39  ent[s/d/p/e] 0.73/0.40/0.44/0.15  emits 4.08  spf 405.5  z0 0.01  garr 265.0  tG 1842  e2 0.68  nF 10.7  pS 0.32  ptS 0.30  fLog 0.83  pdΔ -0.1769  pkR 6.92  clip 0.30  kl +0.024
upd  110  steps 3637248  sps 5608  opp rand  loss +0.075  pg -0.0132  v 0.472  ev +0.99  adv_std 1.011  tR +0.75  ent[s/d/p/e] 0.80/0.37/0.45/0.12  emits 4.52  spf 464.5  z0 0.00  garr 313.6  tG 2320  e2 0.73  nF 10.7  pS 0.36  ptS 0.33  fLog 0.85  pdΔ -0.1444  pkR 6.13  clip 0.30  kl +0.026
upd  111  steps 3670016  sps 5615  opp rand  loss +0.081  pg -0.0130  v 0.500  ev +0.99  adv_std 1.042  tR +0.49  ent[s/d/p/e] 0.75/0.42/0.44/0.13  emits 4.16  spf 419.6  z0 0.01  garr 270.4  tG 1946  e2 0.69  nF 11.2  pS 0.32  ptS 0.30  fLog 0.83  pdΔ -0.1817  pkR 7.16  clip 0.31  kl +0.028
upd  112  steps 3702784  sps 5620  opp frzn  loss +0.075  pg -0.0136  v 0.477  ev +0.99  adv_std 1.021  tR +0.29  ent[s/d/p/e] 0.82/0.38/0.45/0.13  emits 4.17  spf 479.4  z0 0.01  garr 309.5  tG 2251  e2 0.68  nF 10.7  pS 0.34  ptS 0.31  fLog 0.85  pdΔ -0.1642  pkR 7.12  clip 0.29  kl +0.026
upd  113  steps 3735552  sps 5627  opp rand  loss +0.063  pg -0.0151  v 0.422  ev +0.99  adv_std 0.959  tR +0.41  ent[s/d/p/e] 0.75/0.41/0.44/0.13  emits 4.26  spf 424.4  z0 0.01  garr 278.5  tG 2020  e2 0.70  nF 10.4  pS 0.31  ptS 0.29  fLog 0.83  pdΔ -0.1886  pkR 7.74  clip 0.30  kl +0.024
upd  114  steps 3768320  sps 5634  opp rand  loss +0.064  pg -0.0136  v 0.422  ev +0.99  adv_std 0.956  tR +0.37  ent[s/d/p/e] 0.78/0.35/0.44/0.10  emits 4.48  spf 485.2  z0 0.01  garr 330.3  tG 2411  e2 0.73  nF 8.2  pS 0.32  ptS 0.30  fLog 0.86  pdΔ -0.1790  pkR 6.26  clip 0.28  kl +0.021
upd  115  steps 3801088  sps 5639  opp frzn  loss +0.086  pg -0.0131  v 0.526  ev +0.99  adv_std 1.066  tR +0.45  ent[s/d/p/e] 0.76/0.36/0.43/0.14  emits 4.08  spf 428.8  z0 0.00  garr 288.0  tG 1956  e2 0.71  nF 9.6  pS 0.31  ptS 0.29  fLog 0.84  pdΔ -0.1935  pkR 7.01  clip 0.29  kl +0.027
upd  116  steps 3833856  sps 5643  opp frzn  loss +0.080  pg -0.0171  v 0.518  ev +0.99  adv_std 1.058  tR +0.14  ent[s/d/p/e] 0.79/0.38/0.46/0.15  emits 4.28  spf 475.3  z0 0.00  garr 339.6  tG 2221  e2 0.73  nF 10.5  pS 0.33  ptS 0.32  fLog 0.85  pdΔ -0.1699  pkR 7.18  clip 0.29  kl +0.023
upd  117  steps 3866624  sps 5647  opp frzn  loss +0.086  pg -0.0160  v 0.544  ev +0.99  adv_std 1.087  tR +0.16  ent[s/d/p/e] 0.78/0.41/0.45/0.15  emits 3.92  spf 413.5  z0 0.00  garr 266.9  tG 1833  e2 0.67  nF 11.7  pS 0.31  ptS 0.30  fLog 0.83  pdΔ -0.1876  pkR 6.46  clip 0.30  kl +0.027
upd  118  steps 3899392  sps 5652  opp frzn  loss +0.081  pg -0.0139  v 0.509  ev +0.99  adv_std 1.049  tR +0.25  ent[s/d/p/e] 0.82/0.39/0.48/0.16  emits 4.10  spf 438.6  z0 0.00  garr 288.8  tG 2070  e2 0.71  nF 9.8  pS 0.33  ptS 0.32  fLog 0.84  pdΔ -0.1682  pkR 6.88  clip 0.32  kl +0.031
upd  119  steps 3932160  sps 5658  opp rand  loss +0.081  pg -0.0144  v 0.510  ev +0.99  adv_std 1.051  tR +0.56  ent[s/d/p/e] 0.73/0.41/0.45/0.14  emits 4.04  spf 402.3  z0 0.01  garr 258.0  tG 1849  e2 0.68  nF 10.6  pS 0.31  ptS 0.29  fLog 0.83  pdΔ -0.1875  pkR 7.23  clip 0.30  kl +0.024
upd  120  steps 3964928  sps 5665  opp rand  loss +0.065  pg -0.0163  v 0.440  ev +0.99  adv_std 0.976  tR +0.61  ent[s/d/p/e] 0.77/0.39/0.43/0.12  emits 4.33  spf 443.4  z0 0.00  garr 292.2  tG 2180  e2 0.69  nF 10.5  pS 0.32  ptS 0.30  fLog 0.84  pdΔ -0.1799  pkR 8.39  clip 0.29  kl +0.022
upd  121  steps 3997696  sps 5669  opp frzn  loss +0.064  pg -0.0164  v 0.437  ev +0.99  adv_std 0.975  tR +0.35  ent[s/d/p/e] 0.79/0.40/0.45/0.14  emits 4.18  spf 412.1  z0 0.00  garr 268.2  tG 1970  e2 0.68  nF 9.8  pS 0.31  ptS 0.29  fLog 0.84  pdΔ -0.1918  pkR 8.36  clip 0.28  kl +0.021
upd  122  steps 4030464  sps 5675  opp rand  loss +0.080  pg -0.0142  v 0.505  ev +0.99  adv_std 1.045  tR +0.49  ent[s/d/p/e] 0.81/0.40/0.48/0.12  emits 4.37  spf 454.7  z0 0.00  garr 290.4  tG 2236  e2 0.69  nF 10.8  pS 0.33  ptS 0.31  fLog 0.84  pdΔ -0.1713  pkR 6.22  clip 0.29  kl +0.023
upd  123  steps 4063232  sps 5682  opp rand  loss +0.076  pg -0.0153  v 0.488  ev +0.99  adv_std 1.029  tR +0.59  ent[s/d/p/e] 0.76/0.38/0.45/0.12  emits 4.30  spf 407.4  z0 0.01  garr 261.7  tG 1998  e2 0.69  nF 10.3  pS 0.33  ptS 0.31  fLog 0.84  pdΔ -0.1658  pkR 9.30  clip 0.31  kl +0.024
upd  124  steps 4096000  sps 5688  opp rand  loss +0.087  pg -0.0156  v 0.547  ev +0.99  adv_std 1.083  tR +0.62  ent[s/d/p/e] 0.80/0.38/0.45/0.13  emits 4.26  spf 441.0  z0 0.00  garr 281.6  tG 2162  e2 0.67  nF 10.6  pS 0.34  ptS 0.32  fLog 0.84  pdΔ -0.1614  pkR 7.42  clip 0.29  kl +0.023
upd  125  steps 4128768  sps 5694  opp rand  loss +0.090  pg -0.0146  v 0.553  ev +0.99  adv_std 1.092  tR +0.52  ent[s/d/p/e] 0.74/0.38/0.42/0.14  emits 4.23  spf 390.1  z0 0.01  garr 265.4  tG 1889  e2 0.72  nF 9.9  pS 0.33  ptS 0.31  fLog 0.83  pdΔ -0.1666  pkR 7.75  clip 0.30  kl +0.024
upd  126  steps 4161536  sps 5700  opp rand  loss +0.066  pg -0.0140  v 0.429  ev +0.99  adv_std 0.965  tR +0.56  ent[s/d/p/e] 0.75/0.39/0.42/0.12  emits 4.23  spf 444.6  z0 0.00  garr 304.8  tG 2135  e2 0.68  nF 11.0  pS 0.32  ptS 0.29  fLog 0.84  pdΔ -0.1844  pkR 8.80  clip 0.32  kl +0.029
upd  127  steps 4194304  sps 5706  opp rand  loss +0.090  pg -0.0153  v 0.558  ev +0.99  adv_std 1.097  tR +0.52  ent[s/d/p/e] 0.71/0.36/0.43/0.15  emits 4.20  spf 416.4  z0 0.00  garr 252.9  tG 1962  e2 0.69  nF 10.4  pS 0.34  ptS 0.32  fLog 0.84  pdΔ -0.1631  pkR 6.93  clip 0.30  kl +0.025