[quick_replay] ckpt=ckpt_multi_action_v25_extend/ckpt_004399.pkl  template=submission_rl_v21.py  out=submission_rl_v25_u4399_h2h20.py  json=logs/replay_analyze/v25_u4399_h2h20_vs_v20.json
[quick_replay] export flags: --allow-hold 1 --force-emit-worth-it 0 --min-pct-bin 0 --emit-hard-stop 0 --flip-hard-mask 0 --emit-hard-stop-min-step 0
[export] loaded 112 param tensors; total floats = 4,249,749
[export] arch: planet=63 global=427 K=8 d_model=256
[export] WARNING: skipping parity test
[export] raw weights ~16600.6KB, compressed+base64 ~20503.7KB
[export] wrote submission_rl_v25_u4399_h2h20.py
[export] importing and smoke-testing agent()...
[export] smoke forward: 1 launch(es) src=[0] dst=[2] pct=[4]
[export] smoke agent() moves: [[0, 1.5707963267948966, 30]]
[kaggle_environments.envs.open_spiel_env.open_spiel_env] INFO: Successfully loaded OpenSpiel environments: 23.
[kaggle_environments.envs.open_spiel_env.open_spiel_env] INFO:    open_spiel_amazons
[kaggle_environments.envs.open_spiel_env.open_spiel_env] INFO:    open_spiel_backgammon
[kaggle_environments.envs.open_spiel_env.open_spiel_env] INFO:    open_spiel_checkers
[kaggle_environments.envs.open_spiel_env.open_spiel_env] INFO:    open_spiel_chess
[kaggle_environments.envs.open_spiel_env.open_spiel_env] INFO:    open_spiel_clobber
[kaggle_environments.envs.open_spiel_env.open_spiel_env] INFO:    open_spiel_coin_game
[kaggle_environments.envs.open_spiel_env.open_spiel_env] INFO:    open_spiel_connect_four
[kaggle_environments.envs.open_spiel_env.open_spiel_env] INFO:    open_spiel_dark_hex
[kaggle_environments.envs.open_spiel_env.open_spiel_env] INFO:    open_spiel_gin_rummy
[kaggle_environments.envs.open_spiel_env.open_spiel_env] INFO:    open_spiel_go
[kaggle_environments.envs.open_spiel_env.open_spiel_env] INFO:    open_spiel_goofspiel
[kaggle_environments.envs.open_spiel_env.open_spiel_env] INFO:    open_spiel_hearts
[kaggle_environments.envs.open_spiel_env.open_spiel_env] INFO:    open_spiel_hex
[kaggle_environments.envs.open_spiel_env.open_spiel_env] INFO:    open_spiel_lines_of_action
[kaggle_environments.envs.open_spiel_env.open_spiel_env] INFO:    open_spiel_matching_pennies_3p
[kaggle_environments.envs.open_spiel_env.open_spiel_env] INFO:    open_spiel_oshi_zumo
[kaggle_environments.envs.open_spiel_env.open_spiel_env] INFO:    open_spiel_othello
[kaggle_environments.envs.open_spiel_env.open_spiel_env] INFO:    open_spiel_repeated_game
[kaggle_environments.envs.open_spiel_env.open_spiel_env] INFO:    open_spiel_tic_tac_toe
[kaggle_environments.envs.open_spiel_env.open_spiel_env] INFO:    open_spiel_y
[kaggle_environments.envs.open_spiel_env.open_spiel_env] INFO:    open_spiel_universal_poker
[kaggle_environments.envs.open_spiel_env.open_spiel_env] INFO:    open_spiel_repeated_poker
[kaggle_environments.envs.open_spiel_env.open_spiel_env] INFO:    open_spiel_python_repeated_pokerkit
[kaggle_environments.envs.open_spiel_env.open_spiel_env] INFO: OpenSpiel games skipped: 1.
[kaggle_environments.envs.open_spiel_env.open_spiel_env] INFO:    snake
agent A (player 0): submission_rl_v25_u4399_h2h20.py
agent B (player 1): submission_v20_0513.py
running 20 games, seed_base=0...

  [game 1/20] seed=0 steps=163 p0_outcome=loss elapsed=50.3s
  [game 2/20] seed=1 steps=140 p0_outcome=loss elapsed=22.9s
  [game 3/20] seed=2 steps=142 p0_outcome=loss elapsed=26.5s
  [game 4/20] seed=3 steps=321 p0_outcome=loss elapsed=55.0s
  [game 5/20] seed=4 steps=134 p0_outcome=loss elapsed=18.9s
  [game 6/20] seed=5 steps=156 p0_outcome=loss elapsed=58.5s
  [game 7/20] seed=6 steps=104 p0_outcome=loss elapsed=13.6s
  [game 8/20] seed=7 steps=105 p0_outcome=loss elapsed=20.3s
  [game 9/20] seed=8 steps=142 p0_outcome=loss elapsed=30.2s
  [game 10/20] seed=9 steps=146 p0_outcome=loss elapsed=26.1s
  [game 11/20] seed=10 steps=100 p0_outcome=loss elapsed=15.5s
  [game 12/20] seed=11 steps=198 p0_outcome=loss elapsed=76.7s
  [game 13/20] seed=12 steps=103 p0_outcome=loss elapsed=14.1s
  [game 14/20] seed=13 steps=156 p0_outcome=loss elapsed=39.9s
  [game 15/20] seed=14 steps=109 p0_outcome=loss elapsed=14.0s
  [game 16/20] seed=15 steps=115 p0_outcome=loss elapsed=13.1s
  [game 17/20] seed=16 steps=75 p0_outcome=loss elapsed=10.0s
  [game 18/20] seed=17 steps=139 p0_outcome=loss elapsed=30.5s
  [game 19/20] seed=18 steps=101 p0_outcome=loss elapsed=17.0s
  [game 20/20] seed=19 steps=96 p0_outcome=loss elapsed=16.3s

################ WINDOW = first_80turns ################
=== A = submission_rl_v25_u4399_h2h20.py (player 0) (20 games, 2745 turns) ===
  outcome              W/L/D = 0/20/0
  mean_emits_per_turn  = 0.34
  zero_emit_rate       = 46.48%
  mean_ships_per_fleet = 20.87
  mean_garrison_my     = 62.87
  p95_garrison_my      = 201
  fleets_launched      = 1647
  fleet_flip_rate      = 13.96%   (fleets whose arrival flipped a planet)
  fleet_nonflip_rate   = 86.04%   (crude proxy; see source for caveat)
  captures             = 230
  pct_bin_distribution (bin@val: pct):
      bin0 @ 0.10: 0.2%
      bin1 @ 0.20: 1.5%
      bin2 @ 0.30: 3.3%
      bin3 @ 0.40: 6.7%
      bin4 @ 0.55: 5.5%
      bin5 @ 0.70: 5.6%
      bin6 @ 0.85: 2.7%
      bin7 @ 1.00: 74.5%
  emit_count_distribution (n_emits per turn: pct):
      0: 80.0%
      1: 7.0%
      2: 11.9%
      3: 0.8%
      4: 0.2%
      5: 0.1%
      6: 0.0%
      7: 0.0%
      8: 0.0%

=== B = submission_v20_0513.py (player 1) (20 games, 2745 turns) ===
  outcome              W/L/D = 20/0/0
  mean_emits_per_turn  = 0.98
  zero_emit_rate       = 32.31%
  mean_ships_per_fleet = 16.98
  mean_garrison_my     = 167.02
  p95_garrison_my      = 586
  fleets_launched      = 4217
  fleet_flip_rate      = 12.62%   (fleets whose arrival flipped a planet)
  fleet_nonflip_rate   = 79.72%   (crude proxy; see source for caveat)
  captures             = 532
  pct_bin_distribution (bin@val: pct):
      bin0 @ 0.10: 1.6%
      bin1 @ 0.20: 3.1%
      bin2 @ 0.30: 6.4%
      bin3 @ 0.40: 11.7%
      bin4 @ 0.55: 12.1%
      bin5 @ 0.70: 19.1%
      bin6 @ 0.85: 10.1%
      bin7 @ 1.00: 36.0%
  emit_count_distribution (n_emits per turn: pct):
      0: 55.6%
      1: 21.7%
      2: 10.5%
      3: 5.3%
      4: 2.5%
      5: 2.1%
      6: 0.7%
      7: 0.3%
      8: 1.3%


################ WINDOW = full_game ################
=== A = submission_rl_v25_u4399_h2h20.py (player 0) (20 games, 2745 turns) ===
  outcome              W/L/D = 0/20/0
  mean_emits_per_turn  = 0.60
  zero_emit_rate       = 73.59%
  mean_ships_per_fleet = 22.91
  mean_garrison_my     = 112.06
  p95_garrison_my      = 478
  fleets_launched      = 1647
  fleet_flip_rate      = 13.96%   (fleets whose arrival flipped a planet)
  fleet_nonflip_rate   = 86.04%   (crude proxy; see source for caveat)
  captures             = 230
  pct_bin_distribution (bin@val: pct):
      bin0 @ 0.10: 4.7%
      bin1 @ 0.20: 7.5%
      bin2 @ 0.30: 5.3%
      bin3 @ 0.40: 6.3%
      bin4 @ 0.55: 5.6%
      bin5 @ 0.70: 4.4%
      bin6 @ 0.85: 3.7%
      bin7 @ 1.00: 62.5%
  emit_count_distribution (n_emits per turn: pct):
      0: 73.6%
      1: 4.8%
      2: 16.4%
      3: 2.3%
      4: 1.1%
      5: 0.7%
      6: 0.5%
      7: 0.3%
      8: 0.3%

=== B = submission_v20_0513.py (player 1) (20 games, 2745 turns) ===
  outcome              W/L/D = 20/0/0
  mean_emits_per_turn  = 1.54
  zero_emit_rate       = 47.40%
  mean_ships_per_fleet = 18.99
  mean_garrison_my     = 535.11
  p95_garrison_my      = 1855
  fleets_launched      = 4217
  fleet_flip_rate      = 12.62%   (fleets whose arrival flipped a planet)
  fleet_nonflip_rate   = 79.72%   (crude proxy; see source for caveat)
  captures             = 532
  pct_bin_distribution (bin@val: pct):
      bin0 @ 0.10: 3.1%
      bin1 @ 0.20: 5.9%
      bin2 @ 0.30: 9.2%
      bin3 @ 0.40: 15.6%
      bin4 @ 0.55: 16.7%
      bin5 @ 0.70: 13.0%
      bin6 @ 0.85: 8.1%
      bin7 @ 1.00: 28.3%
  emit_count_distribution (n_emits per turn: pct):
      0: 47.4%
      1: 18.9%
      2: 11.9%
      3: 8.0%
      4: 4.2%
      5: 3.5%
      6: 1.8%
      7: 1.1%
      8: 3.3%

[saved] logs/replay_analyze/v25_u4399_h2h20_vs_v20.json

================================================================
tag=v25_u4399_h2h20  bin0=0.2%  spf=20.87  garr=62.87  flip=13.96%  z0=46.5%  e8=0.0%  e2+=13.0%  WLD=0/20/0

Day5 first-80 gate (Top10 calibrated):
  spf  > 10    actual 20.87    OK
  garr > 60    actual 62.87   OK
  flip > 6%    actual 13.96%  OK
  e2+  > 5%    actual 13.0% OK

f31/f32 gate (aggregate first-80):
  bin0 < 15%     actual 0.2%   OK
  e8   < 5%      actual 0.0%    OK
  z0   > 8%      actual 46.5%    OK  (f32 target)
  z0   > 10%     actual 46.5%    OK  (f31 target)

f31 anti-spam metrics (player_0, first 80 / all launches):
  min_game_spf       = 14.56   (gate > 5)
  one_ship_rate      = 0.0%  (gate < 50%)
  home_le1_emit_rate = 2.5%  (lower is better)
================================================================
